{
  "Entries": [
    {
      "RequestUri": "/subscriptions/f34b22a3-2202-4fb1-b040-1332bd928c84/resourceGroups/flowrg/providers/Microsoft.Logic/integrationAccounts/PS-Tests-Sessions/sessions/PS-X12-Agreement-Icn?api-version=2018-07-01-preview",
      "EncodedRequestUri": "L3N1YnNjcmlwdGlvbnMvZjM0YjIyYTMtMjIwMi00ZmIxLWIwNDAtMTMzMmJkOTI4Yzg0L3Jlc291cmNlR3JvdXBzL2Zsb3dyZy9wcm92aWRlcnMvTWljcm9zb2Z0LkxvZ2ljL2ludGVncmF0aW9uQWNjb3VudHMvUFMtVGVzdHMtU2Vzc2lvbnMvc2Vzc2lvbnMvUFMtWDEyLUFncmVlbWVudC1JY24/YXBpLXZlcnNpb249MjAxOC0wNy0wMS1wcmV2aWV3",
      "RequestMethod": "GET",
      "RequestBody": "",
      "RequestHeaders": {
        "x-ms-client-request-id": [
          "88d757f7-227d-482f-b04b-af4c2dbed87e"
        ],
        "Accept-Language": [
          "en-US"
        ],
        "User-Agent": [
          "FxVersion/4.6.27207.03",
          "OSName/Windows",
          "OSVersion/Microsoft.Windows.10.0.17763.",
          "Microsoft.Azure.Management.Logic.LogicManagementClient/4.0.0.0"
        ]
      },
      "ResponseHeaders": {
        "Cache-Control": [
          "no-cache"
        ],
        "Pragma": [
          "no-cache"
        ],
        "ETag": [
          "\"08586526415951678352\""
        ],
        "Vary": [
          "Accept-Encoding"
        ],
        "x-ms-request-id": [
          "westus:e4896257-f70b-4167-8629-cfd0045094ca"
        ],
        "Strict-Transport-Security": [
          "max-age=31536000; includeSubDomains"
        ],
        "x-ms-ratelimit-remaining-subscription-reads": [
          "11999"
        ],
        "x-ms-correlation-request-id": [
          "9a0e0cb6-d967-4182-95a8-207cb8b2eef1"
        ],
        "x-ms-routing-request-id": [
          "WESTUS2:20190131T213125Z:9a0e0cb6-d967-4182-95a8-207cb8b2eef1"
        ],
        "X-Content-Type-Options": [
          "nosniff"
        ],
        "Date": [
          "Thu, 31 Jan 2019 21:31:24 GMT"
        ],
        "Content-Length": [
          "507"
        ],
        "Content-Type": [
          "application/json; charset=utf-8"
        ],
        "Expires": [
          "-1"
        ]
      },
      "ResponseBody": "{\r\n  \"properties\": {\r\n    \"createdTime\": \"2018-12-13T22:52:16.0057007Z\",\r\n    \"changedTime\": \"2019-01-31T20:08:10.3127474Z\",\r\n    \"content\": {\r\n      \"ControlNumber\": \"1234\",\r\n      \"ControlNumberChangedTime\": \"2019-01-31T20:08:10.270807Z\",\r\n      \"MessageType\": 0\r\n    }\r\n  },\r\n  \"id\": \"/subscriptions/f34b22a3-2202-4fb1-b040-1332bd928c84/resourceGroups/flowrg/providers/Microsoft.Logic/integrationAccounts/PS-Tests-Sessions/sessions/PS-X12-Agreement-Icn\",\r\n  \"name\": \"PS-X12-Agreement-Icn\",\r\n  \"type\": \"Microsoft.Logic/integrationAccounts/sessions\",\r\n  \"etag\": \"\\\"08586526415951678352\\\"\"\r\n}",
      "StatusCode": 200
    },
    {
      "RequestUri": "/subscriptions/f34b22a3-2202-4fb1-b040-1332bd928c84/resourceGroups/flowrg/providers/Microsoft.Logic/integrationAccounts/PS-Tests-Sessions/sessions/PS-X12-Agreement-Icn?api-version=2018-07-01-preview",
      "EncodedRequestUri": "L3N1YnNjcmlwdGlvbnMvZjM0YjIyYTMtMjIwMi00ZmIxLWIwNDAtMTMzMmJkOTI4Yzg0L3Jlc291cmNlR3JvdXBzL2Zsb3dyZy9wcm92aWRlcnMvTWljcm9zb2Z0LkxvZ2ljL2ludGVncmF0aW9uQWNjb3VudHMvUFMtVGVzdHMtU2Vzc2lvbnMvc2Vzc2lvbnMvUFMtWDEyLUFncmVlbWVudC1JY24/YXBpLXZlcnNpb249MjAxOC0wNy0wMS1wcmV2aWV3",
      "RequestMethod": "GET",
      "RequestBody": "",
      "RequestHeaders": {
        "x-ms-client-request-id": [
          "633d4a04-15e7-4e17-bc90-4084bf9ef9b0"
        ],
        "Accept-Language": [
          "en-US"
        ],
        "User-Agent": [
          "FxVersion/4.6.27207.03",
          "OSName/Windows",
          "OSVersion/Microsoft.Windows.10.0.17763.",
          "Microsoft.Azure.Management.Logic.LogicManagementClient/4.0.0.0"
        ]
      },
      "ResponseHeaders": {
        "Cache-Control": [
          "no-cache"
        ],
        "Pragma": [
          "no-cache"
        ],
        "ETag": [
          "\"08586526415951678352\""
        ],
        "Vary": [
          "Accept-Encoding"
        ],
        "x-ms-request-id": [
          "westus:c7f622b3-e946-464e-b3a8-327d5cb957e3"
        ],
        "Strict-Transport-Security": [
          "max-age=31536000; includeSubDomains"
        ],
        "x-ms-ratelimit-remaining-subscription-reads": [
          "11998"
        ],
        "x-ms-correlation-request-id": [
          "e03e0d9b-c669-4a07-bfa2-b344de1f06ae"
        ],
        "x-ms-routing-request-id": [
          "WESTUS2:20190131T213125Z:e03e0d9b-c669-4a07-bfa2-b344de1f06ae"
        ],
        "X-Content-Type-Options": [
          "nosniff"
        ],
        "Date": [
          "Thu, 31 Jan 2019 21:31:24 GMT"
        ],
        "Content-Length": [
          "507"
        ],
        "Content-Type": [
          "application/json; charset=utf-8"
        ],
        "Expires": [
          "-1"
        ]
      },
      "ResponseBody": "{\r\n  \"properties\": {\r\n    \"createdTime\": \"2018-12-13T22:52:16.0057007Z\",\r\n    \"changedTime\": \"2019-01-31T20:08:10.3127474Z\",\r\n    \"content\": {\r\n      \"ControlNumber\": \"1234\",\r\n      \"ControlNumberChangedTime\": \"2019-01-31T20:08:10.270807Z\",\r\n      \"MessageType\": 0\r\n    }\r\n  },\r\n  \"id\": \"/subscriptions/f34b22a3-2202-4fb1-b040-1332bd928c84/resourceGroups/flowrg/providers/Microsoft.Logic/integrationAccounts/PS-Tests-Sessions/sessions/PS-X12-Agreement-Icn\",\r\n  \"name\": \"PS-X12-Agreement-Icn\",\r\n  \"type\": \"Microsoft.Logic/integrationAccounts/sessions\",\r\n  \"etag\": \"\\\"08586526415951678352\\\"\"\r\n}",
      "StatusCode": 200
    },
    {
      "RequestUri": "/subscriptions/f34b22a3-2202-4fb1-b040-1332bd928c84/resourceGroups/flowrg/providers/Microsoft.Logic/integrationAccounts/PS-Tests-Sessions/sessions/PS-Edifact-Agreement-Icn?api-version=2018-07-01-preview",
      "EncodedRequestUri": "L3N1YnNjcmlwdGlvbnMvZjM0YjIyYTMtMjIwMi00ZmIxLWIwNDAtMTMzMmJkOTI4Yzg0L3Jlc291cmNlR3JvdXBzL2Zsb3dyZy9wcm92aWRlcnMvTWljcm9zb2Z0LkxvZ2ljL2ludGVncmF0aW9uQWNjb3VudHMvUFMtVGVzdHMtU2Vzc2lvbnMvc2Vzc2lvbnMvUFMtRWRpZmFjdC1BZ3JlZW1lbnQtSWNuP2FwaS12ZXJzaW9uPTIwMTgtMDctMDEtcHJldmlldw==",
      "RequestMethod": "GET",
      "RequestBody": "",
      "RequestHeaders": {
        "x-ms-client-request-id": [
          "a655206d-589a-458a-b17f-621c5d7399e5"
        ],
        "Accept-Language": [
          "en-US"
        ],
        "User-Agent": [
          "FxVersion/4.6.27207.03",
          "OSName/Windows",
          "OSVersion/Microsoft.Windows.10.0.17763.",
          "Microsoft.Azure.Management.Logic.LogicManagementClient/4.0.0.0"
        ]
      },
      "ResponseHeaders": {
        "Cache-Control": [
          "no-cache"
        ],
        "Pragma": [
          "no-cache"
        ],
        "ETag": [
          "\"08586568653098330756\""
        ],
        "Vary": [
          "Accept-Encoding"
        ],
        "x-ms-request-id": [
          "westus:37352738-6f2c-4fde-a5ef-434bcba8496a"
        ],
        "Strict-Transport-Security": [
          "max-age=31536000; includeSubDomains"
        ],
        "x-ms-ratelimit-remaining-subscription-reads": [
          "11997"
        ],
        "x-ms-correlation-request-id": [
          "0ae7d31a-c056-4b9a-9a1f-776d3b1c3d83"
        ],
        "x-ms-routing-request-id": [
          "WESTUS2:20190131T213125Z:0ae7d31a-c056-4b9a-9a1f-776d3b1c3d83"
        ],
        "X-Content-Type-Options": [
          "nosniff"
        ],
        "Date": [
          "Thu, 31 Jan 2019 21:31:24 GMT"
        ],
        "Content-Length": [
          "563"
        ],
        "Content-Type": [
          "application/json; charset=utf-8"
        ],
        "Expires": [
          "-1"
        ]
      },
      "ResponseBody": "{\r\n  \"properties\": {\r\n    \"createdTime\": \"2018-12-13T22:52:55.6444981Z\",\r\n    \"changedTime\": \"2018-12-13T22:52:55.6446152Z\",\r\n    \"content\": {\r\n      \"controlNumber\": \"1234\",\r\n      \"controlNumberChangedTime\": \"2017-02-21T22:30:11.9923759Z\",\r\n      \"DecodeReceivedMessageFailure\": \"false\",\r\n      \"MessageType\": \"Edifact\"\r\n    }\r\n  },\r\n  \"id\": \"/subscriptions/f34b22a3-2202-4fb1-b040-1332bd928c84/resourceGroups/flowrg/providers/Microsoft.Logic/integrationAccounts/PS-Tests-Sessions/sessions/PS-Edifact-Agreement-Icn\",\r\n  \"name\": \"PS-Edifact-Agreement-Icn\",\r\n  \"type\": \"Microsoft.Logic/integrationAccounts/sessions\",\r\n  \"etag\": \"\\\"08586568653098330756\\\"\"\r\n}",
      "StatusCode": 200
    }
  ],
  "Names": {},
  "Variables": {
    "SubscriptionId": "f34b22a3-2202-4fb1-b040-1332bd928c84"
  }
}