{
  "Entries": [
    {
      "RequestUri": "/tenants?api-version=2014-04-01-preview",
      "EncodedRequestUri": "L3RlbmFudHM/YXBpLXZlcnNpb249MjAxNC0wNC0wMS1wcmV2aWV3",
      "RequestMethod": "GET",
      "RequestBody": "",
      "RequestHeaders": {
        "User-Agent": [
          "Microsoft.Azure.Subscriptions.SubscriptionClient/2.0.0.0"
        ]
      },
      "ResponseBody": "{\r\n  \"value\": [\r\n    {\r\n      \"id\": \"/tenants/1273adef-00a3-4086-a51a-dbcce1857d36\",\r\n      \"tenantId\": \"1273adef-00a3-4086-a51a-dbcce1857d36\"\r\n    },\r\n    {\r\n      \"id\": \"/tenants/68e5ab4d-92cf-4ef3-a201-e5a623efa465\",\r\n      \"tenantId\": \"68e5ab4d-92cf-4ef3-a201-e5a623efa465\"\r\n    }\r\n  ]\r\n}",
      "ResponseHeaders": {
        "Content-Length": [
          "221"
        ],
        "Content-Type": [
          "application/json; charset=utf-8"
        ],
        "Expires": [
          "-1"
        ],
        "Pragma": [
          "no-cache"
        ],
        "x-ms-ratelimit-remaining-tenant-reads": [
          "14992"
        ],
        "x-ms-request-id": [
          "49679c18-38d8-4b3c-b263-a8e5903a6682"
        ],
        "x-ms-correlation-request-id": [
          "49679c18-38d8-4b3c-b263-a8e5903a6682"
        ],
        "x-ms-routing-request-id": [
          "WESTUS:20151202T024803Z:49679c18-38d8-4b3c-b263-a8e5903a6682"
        ],
        "Strict-Transport-Security": [
          "max-age=31536000; includeSubDomains"
        ],
        "Cache-Control": [
          "no-cache"
        ],
        "Date": [
          "Wed, 02 Dec 2015 02:48:03 GMT"
        ]
      },
      "StatusCode": 200
    },
    {
      "RequestUri": "/subscriptions?api-version=2014-04-01-preview",
      "EncodedRequestUri": "L3N1YnNjcmlwdGlvbnM/YXBpLXZlcnNpb249MjAxNC0wNC0wMS1wcmV2aWV3",
      "RequestMethod": "GET",
      "RequestBody": "",
      "RequestHeaders": {
        "User-Agent": [
          "Microsoft.Azure.Subscriptions.SubscriptionClient/2.0.0.0"
        ]
      },
      "ResponseBody": "{\r\n  \"value\": [\r\n    {\r\n      \"id\": \"/subscriptions/4004a9fd-d58e-48dc-aeb2-4a4aec58606f\",\r\n      \"subscriptionId\": \"4004a9fd-d58e-48dc-aeb2-4a4aec58606f\",\r\n      \"displayName\": \"AAD_POLICY_ADMINISTRATION_SERVICE_TEST_CLI\",\r\n      \"state\": \"Enabled\",\r\n      \"subscriptionPolicies\": {\r\n        \"locationPlacementId\": \"Internal_2014-09-01\",\r\n        \"quotaId\": \"Internal_2014-09-01\"\r\n      }\r\n    }\r\n  ]\r\n}",
      "ResponseHeaders": {
        "Content-Length": [
          "306"
        ],
        "Content-Type": [
          "application/json; charset=utf-8"
        ],
        "Expires": [
          "-1"
        ],
        "Pragma": [
          "no-cache"
        ],
        "x-ms-ratelimit-remaining-tenant-reads": [
          "14991"
        ],
        "x-ms-request-id": [
          "ae16bebc-2a55-4a0a-980b-129667430dcc"
        ],
        "x-ms-correlation-request-id": [
          "ae16bebc-2a55-4a0a-980b-129667430dcc"
        ],
        "x-ms-routing-request-id": [
          "WESTUS:20151202T024803Z:ae16bebc-2a55-4a0a-980b-129667430dcc"
        ],
        "Strict-Transport-Security": [
          "max-age=31536000; includeSubDomains"
        ],
        "Cache-Control": [
          "no-cache"
        ],
        "Date": [
          "Wed, 02 Dec 2015 02:48:03 GMT"
        ]
      },
      "StatusCode": 200
    },
    {
      "RequestUri": "/subscriptions?api-version=2014-04-01-preview",
      "EncodedRequestUri": "L3N1YnNjcmlwdGlvbnM/YXBpLXZlcnNpb249MjAxNC0wNC0wMS1wcmV2aWV3",
      "RequestMethod": "GET",
      "RequestBody": "",
      "RequestHeaders": {
        "User-Agent": [
          "Microsoft.Azure.Subscriptions.SubscriptionClient/2.0.0.0"
        ]
      },
      "ResponseBody": "{\r\n  \"value\": [\r\n    {\r\n      \"id\": \"/subscriptions/4004a9fd-d58e-48dc-aeb2-4a4aec58606f\",\r\n      \"subscriptionId\": \"4004a9fd-d58e-48dc-aeb2-4a4aec58606f\",\r\n      \"displayName\": \"AAD_POLICY_ADMINISTRATION_SERVICE_TEST_CLI\",\r\n      \"state\": \"Enabled\",\r\n      \"subscriptionPolicies\": {\r\n        \"locationPlacementId\": \"Internal_2014-09-01\",\r\n        \"quotaId\": \"Internal_2014-09-01\"\r\n      }\r\n    }\r\n  ]\r\n}",
      "ResponseHeaders": {
        "Content-Length": [
          "306"
        ],
        "Content-Type": [
          "application/json; charset=utf-8"
        ],
        "Expires": [
          "-1"
        ],
        "Pragma": [
          "no-cache"
        ],
        "x-ms-ratelimit-remaining-tenant-reads": [
          "14990"
        ],
        "x-ms-request-id": [
          "003d4fdf-376a-44b0-8109-0226ddfd6ff3"
        ],
        "x-ms-correlation-request-id": [
          "003d4fdf-376a-44b0-8109-0226ddfd6ff3"
        ],
        "x-ms-routing-request-id": [
          "WESTUS:20151202T024803Z:003d4fdf-376a-44b0-8109-0226ddfd6ff3"
        ],
        "Strict-Transport-Security": [
          "max-age=31536000; includeSubDomains"
        ],
        "Cache-Control": [
          "no-cache"
        ],
        "Date": [
          "Wed, 02 Dec 2015 02:48:03 GMT"
        ]
      },
      "StatusCode": 200
    },
    {
      "RequestUri": "/1273adef-00a3-4086-a51a-dbcce1857d36/users/aaaaaaaa-aaaa-aaaa-aaaa-aaaaaaaaaaaa?api-version=1.42-previewInternal",
      "EncodedRequestUri": "LzEyNzNhZGVmLTAwYTMtNDA4Ni1hNTFhLWRiY2NlMTg1N2QzNi91c2Vycy9hYWFhYWFhYS1hYWFhLWFhYWEtYWFhYS1hYWFhYWFhYWFhYWE/YXBpLXZlcnNpb249MS40Mi1wcmV2aWV3SW50ZXJuYWw=",
      "RequestMethod": "GET",
      "RequestBody": "",
      "RequestHeaders": {
        "User-Agent": [
          "Microsoft.Azure.Graph.RBAC.GraphRbacManagementClient/1.0.0.0"
        ]
      },
      "ResponseBody": "{\r\n  \"odata.error\": {\r\n    \"code\": \"Request_ResourceNotFound\",\r\n    \"message\": {\r\n      \"lang\": \"en\",\r\n      \"value\": \"Resource 'aaaaaaaa-aaaa-aaaa-aaaa-aaaaaaaaaaaa' does not exist or one of its queried reference-property objects are not present.\"\r\n    }\r\n  }\r\n}",
      "ResponseHeaders": {
        "Content-Length": [
          "214"
        ],
        "Content-Type": [
          "application/json; odata=minimalmetadata; charset=utf-8"
        ],
        "ocp-aad-diagnostics-server-name": [
          "iuPmgCujsBOHP5ZHyhzOWZQ0FRP7jUfzbegvNsa5PFc="
        ],
        "request-id": [
          "21d3512b-81f8-4336-84c8-16e8416b8dbe"
        ],
        "client-request-id": [
          "cbe995f9-3729-4d0b-abb8-068166378572"
        ],
        "x-ms-dirapi-data-contract-version": [
          "1.42-previewInternal"
        ],
        "x-ms-gateway-rewrite": [
          "false"
        ],
        "ocp-aad-session-key": [
          "Wdm5Je55C1B9mMclMK3VaIoGZoqviyPK581LCxKtHRAQDMTcfCEvzhpR6CDxCeBQoCmuFjuirOcMDkEb8pLRNGmu3hTv7GS6NOQhHGvj9cQaW1ltM6XTvl-bh06PBG_t.p_gF8V6cR1QYmD9xmltbsFNfQVFxkkr2KhKDYG0LOY8"
        ],
        "Strict-Transport-Security": [
          "max-age=31536000; includeSubDomains"
        ],
        "Access-Control-Allow-Origin": [
          "*"
        ],
        "Duration": [
          "920105"
        ],
        "Cache-Control": [
          "private"
        ],
        "Server": [
          "Microsoft-IIS/8.5"
        ],
        "X-AspNet-Version": [
          "4.0.30319"
        ],
        "X-Powered-By": [
          "ASP.NET",
          "ASP.NET"
        ],
        "Date": [
          "Wed, 02 Dec 2015 02:48:03 GMT"
        ]
      },
      "StatusCode": 404
    },
    {
      "RequestUri": "/1273adef-00a3-4086-a51a-dbcce1857d36/servicePrincipals/aaaaaaaa-aaaa-aaaa-aaaa-aaaaaaaaaaaa?api-version=1.42-previewInternal",
      "EncodedRequestUri": "LzEyNzNhZGVmLTAwYTMtNDA4Ni1hNTFhLWRiY2NlMTg1N2QzNi9zZXJ2aWNlUHJpbmNpcGFscy9hYWFhYWFhYS1hYWFhLWFhYWEtYWFhYS1hYWFhYWFhYWFhYWE/YXBpLXZlcnNpb249MS40Mi1wcmV2aWV3SW50ZXJuYWw=",
      "RequestMethod": "GET",
      "RequestBody": "",
      "RequestHeaders": {
        "User-Agent": [
          "Microsoft.Azure.Graph.RBAC.GraphRbacManagementClient/1.0.0.0"
        ]
      },
      "ResponseBody": "{\r\n  \"odata.error\": {\r\n    \"code\": \"Request_ResourceNotFound\",\r\n    \"message\": {\r\n      \"lang\": \"en\",\r\n      \"value\": \"Resource 'aaaaaaaa-aaaa-aaaa-aaaa-aaaaaaaaaaaa' does not exist or one of its queried reference-property objects are not present.\"\r\n    }\r\n  }\r\n}",
      "ResponseHeaders": {
        "Content-Length": [
          "214"
        ],
        "Content-Type": [
          "application/json; odata=minimalmetadata; charset=utf-8"
        ],
        "ocp-aad-diagnostics-server-name": [
          "jyobu/yER2daUFpJq2oLdeE79e2GnwqPEUOxSEatNo0="
        ],
        "request-id": [
          "b5160bcf-bded-47c9-b23d-d18e0497aa9a"
        ],
        "client-request-id": [
          "35e4fccd-db82-441a-9779-c128e3920832"
        ],
        "x-ms-dirapi-data-contract-version": [
          "1.42-previewInternal"
        ],
        "x-ms-gateway-rewrite": [
          "false"
        ],
        "ocp-aad-session-key": [
          "1bz-QPckgvJYPJcm65LyVbuv8QkLiXOzRTYFdgZKMCY64HiDz0HPoT6toKOBuEIx4PU84ct-ZQ0rqxBQdheAkExDAkpxMF7zH14z2eunPpUncYBlUs_AuAwmDGxHTyi8.t8LyXWXw4uSSw6iAXfU-_zANutmyy4B-ax_IktuOnds"
        ],
        "Strict-Transport-Security": [
          "max-age=31536000; includeSubDomains"
        ],
        "Access-Control-Allow-Origin": [
          "*"
        ],
        "Duration": [
          "914601"
        ],
        "Cache-Control": [
          "private"
        ],
        "Server": [
          "Microsoft-IIS/8.5"
        ],
        "X-AspNet-Version": [
          "4.0.30319"
        ],
        "X-Powered-By": [
          "ASP.NET",
          "ASP.NET"
        ],
        "Date": [
          "Wed, 02 Dec 2015 02:48:03 GMT"
        ]
      },
      "StatusCode": 404
    },
    {
      "RequestUri": "/1273adef-00a3-4086-a51a-dbcce1857d36/groups/aaaaaaaa-aaaa-aaaa-aaaa-aaaaaaaaaaaa?api-version=1.42-previewInternal",
      "EncodedRequestUri": "LzEyNzNhZGVmLTAwYTMtNDA4Ni1hNTFhLWRiY2NlMTg1N2QzNi9ncm91cHMvYWFhYWFhYWEtYWFhYS1hYWFhLWFhYWEtYWFhYWFhYWFhYWFhP2FwaS12ZXJzaW9uPTEuNDItcHJldmlld0ludGVybmFs",
      "RequestMethod": "GET",
      "RequestBody": "",
      "RequestHeaders": {
        "User-Agent": [
          "Microsoft.Azure.Graph.RBAC.GraphRbacManagementClient/1.0.0.0"
        ]
      },
      "ResponseBody": "{\r\n  \"odata.error\": {\r\n    \"code\": \"Request_ResourceNotFound\",\r\n    \"message\": {\r\n      \"lang\": \"en\",\r\n      \"value\": \"Resource 'aaaaaaaa-aaaa-aaaa-aaaa-aaaaaaaaaaaa' does not exist or one of its queried reference-property objects are not present.\"\r\n    }\r\n  }\r\n}",
      "ResponseHeaders": {
        "Content-Length": [
          "214"
        ],
        "Content-Type": [
          "application/json; odata=minimalmetadata; charset=utf-8"
        ],
        "ocp-aad-diagnostics-server-name": [
          "iuPmgCujsBOHP5ZHyhzOWZQ0FRP7jUfzbegvNsa5PFc="
        ],
        "request-id": [
          "2795256c-6866-4e6e-8dd9-8691667e905e"
        ],
        "client-request-id": [
          "eceac867-ea33-499c-b739-40cdd460f358"
        ],
        "x-ms-dirapi-data-contract-version": [
          "1.42-previewInternal"
        ],
        "x-ms-gateway-rewrite": [
          "false"
        ],
        "ocp-aad-session-key": [
          "T3FOPwwM7twS-XGjXQYCTcyTyctFdtXyPXkIYFE7VmCsYUIkjhi9zchWcBg4XsTdVaBPAy5YCUHhTKVmERdRzb95FCAaef9oReABMSIkPHW0IB8WHEUwVfPrkh9Jfm-J.uwmExomMRP-cTMFQgXdLGEllWvrx24fUytkxiIgJ7Fs"
        ],
        "Strict-Transport-Security": [
          "max-age=31536000; includeSubDomains"
        ],
        "Access-Control-Allow-Origin": [
          "*"
        ],
        "Duration": [
          "886846"
        ],
        "Cache-Control": [
          "private"
        ],
        "Server": [
          "Microsoft-IIS/8.5"
        ],
        "X-AspNet-Version": [
          "4.0.30319"
        ],
        "X-Powered-By": [
          "ASP.NET",
          "ASP.NET"
        ],
        "Date": [
          "Wed, 02 Dec 2015 02:48:03 GMT"
        ]
      },
      "StatusCode": 404
    },
    {
      "RequestUri": "/1273adef-00a3-4086-a51a-dbcce1857d36/users?$filter=signInName%20eq%20'nonexistent%40provider.com'&api-version=1.42-previewInternal",
      "EncodedRequestUri": "LzEyNzNhZGVmLTAwYTMtNDA4Ni1hNTFhLWRiY2NlMTg1N2QzNi91c2Vycz8kZmlsdGVyPXNpZ25Jbk5hbWUlMjBlcSUyMCdub25leGlzdGVudCU0MHByb3ZpZGVyLmNvbScmYXBpLXZlcnNpb249MS40Mi1wcmV2aWV3SW50ZXJuYWw=",
      "RequestMethod": "GET",
      "RequestBody": "",
      "RequestHeaders": {
        "User-Agent": [
          "Microsoft.Azure.Graph.RBAC.GraphRbacManagementClient/1.0.0.0"
        ]
      },
      "ResponseBody": "{\r\n  \"odata.metadata\": \"https://graph.windows.net/1273adef-00a3-4086-a51a-dbcce1857d36/$metadata#directoryObjects/Microsoft.WindowsAzure.ActiveDirectory.User\",\r\n  \"value\": []\r\n}",
      "ResponseHeaders": {
        "Content-Length": [
          "165"
        ],
        "Content-Type": [
          "application/json; odata=minimalmetadata; streaming=true; charset=utf-8"
        ],
        "Expires": [
          "-1"
        ],
        "Pragma": [
          "no-cache"
        ],
        "ocp-aad-diagnostics-server-name": [
          "iuPmgCujsBOHP5ZHyhzOWZQ0FRP7jUfzbegvNsa5PFc="
        ],
        "request-id": [
          "7dfcb384-6d89-4099-848e-aacddfd105ea"
        ],
        "client-request-id": [
          "ab097689-6735-46eb-b147-8634d4ef7d84"
        ],
        "x-ms-dirapi-data-contract-version": [
          "1.42-previewInternal"
        ],
        "x-ms-gateway-rewrite": [
          "false"
        ],
        "ocp-aad-session-key": [
          "w2Atch15ioksNg30s0i8h8BaQVSrxSdY8oYpDbBqycT3E3zzeP7xjgku6bD8c-GKqR8kGp9pslCD8msoisbEtn5OeyVEIvFTmdZtq3u03McRQCbCVllOMZN1YyzQCxs8.5MPXvHaINrUdl6PaDY0j9v0LXXmrWoIwdyFP6QWkaHA"
        ],
        "X-Content-Type-Options": [
          "nosniff"
        ],
        "DataServiceVersion": [
          "3.0;"
        ],
        "Strict-Transport-Security": [
          "max-age=31536000; includeSubDomains"
        ],
        "Access-Control-Allow-Origin": [
          "*"
        ],
        "Duration": [
          "864099"
        ],
        "Cache-Control": [
          "no-cache"
        ],
        "Server": [
          "Microsoft-IIS/8.5"
        ],
        "X-AspNet-Version": [
          "4.0.30319"
        ],
        "X-Powered-By": [
          "ASP.NET",
          "ASP.NET"
        ],
        "Date": [
          "Wed, 02 Dec 2015 02:48:03 GMT"
        ]
      },
      "StatusCode": 200
    },
    {
      "RequestUri": "/1273adef-00a3-4086-a51a-dbcce1857d36/servicePrincipals?$filter=servicePrincipalNames/any(c:c%20eq%20'bbbbbbbb-bbbb-bbbb-bbbb-bbbbbbbbbbbb')&api-version=1.42-previewInternal",
      "EncodedRequestUri": "LzEyNzNhZGVmLTAwYTMtNDA4Ni1hNTFhLWRiY2NlMTg1N2QzNi9zZXJ2aWNlUHJpbmNpcGFscz8kZmlsdGVyPXNlcnZpY2VQcmluY2lwYWxOYW1lcy9hbnkoYzpjJTIwZXElMjAnYmJiYmJiYmItYmJiYi1iYmJiLWJiYmItYmJiYmJiYmJiYmJiJykmYXBpLXZlcnNpb249MS40Mi1wcmV2aWV3SW50ZXJuYWw=",
      "RequestMethod": "GET",
      "RequestBody": "",
      "RequestHeaders": {
        "User-Agent": [
          "Microsoft.Azure.Graph.RBAC.GraphRbacManagementClient/1.0.0.0"
        ]
      },
      "ResponseBody": "{\r\n  \"odata.metadata\": \"https://graph.windows.net/1273adef-00a3-4086-a51a-dbcce1857d36/$metadata#directoryObjects/Microsoft.WindowsAzure.ActiveDirectory.ServicePrincipal\",\r\n  \"value\": []\r\n}",
      "ResponseHeaders": {
        "Content-Length": [
          "177"
        ],
        "Content-Type": [
          "application/json; odata=minimalmetadata; streaming=true; charset=utf-8"
        ],
        "Expires": [
          "-1"
        ],
        "Pragma": [
          "no-cache"
        ],
        "ocp-aad-diagnostics-server-name": [
          "jyobu/yER2daUFpJq2oLdeE79e2GnwqPEUOxSEatNo0="
        ],
        "request-id": [
          "4203a304-fac1-45a7-8e41-9781281a651b"
        ],
        "client-request-id": [
          "24d1ce8b-b74e-4637-887c-bcd7f0dbae64"
        ],
        "x-ms-dirapi-data-contract-version": [
          "1.42-previewInternal"
        ],
        "x-ms-gateway-rewrite": [
          "false"
        ],
        "ocp-aad-session-key": [
          "f_o0AAx3oYfjaULo0-oXRnTnz1ok_bgT_-yXBEaJFVhmiXxz9bASRdvn-tRNiMC_kq_1hgELSM9A_W9hPajB4EvWCkU-ng126JVUdDiiIyK7b-4WCLbD7w5L9Tz4MlOL.2L4Fd8DaOgV_iQPnrG4uHNGzWFxDhXEJAtJ-q1B3Muo"
        ],
        "X-Content-Type-Options": [
          "nosniff"
        ],
        "DataServiceVersion": [
          "3.0;"
        ],
        "Strict-Transport-Security": [
          "max-age=31536000; includeSubDomains"
        ],
        "Access-Control-Allow-Origin": [
          "*"
        ],
        "Duration": [
          "783659"
        ],
        "Cache-Control": [
          "no-cache"
        ],
        "Server": [
          "Microsoft-IIS/8.5"
        ],
        "X-AspNet-Version": [
          "4.0.30319"
        ],
        "X-Powered-By": [
          "ASP.NET",
          "ASP.NET"
        ],
        "Date": [
          "Wed, 02 Dec 2015 02:48:04 GMT"
        ]
      },
      "StatusCode": 200
    },
    {
      "RequestUri": "//subscriptions/4004a9fd-d58e-48dc-aeb2-4a4aec58606f/providers/nonexistent/providers/Microsoft.Authorization/roleAssignments?$filter=atScope()&api-version=2015-07-01",
      "EncodedRequestUri": "Ly9zdWJzY3JpcHRpb25zLzQwMDRhOWZkLWQ1OGUtNDhkYy1hZWIyLTRhNGFlYzU4NjA2Zi9wcm92aWRlcnMvbm9uZXhpc3RlbnQvcHJvdmlkZXJzL01pY3Jvc29mdC5BdXRob3JpemF0aW9uL3JvbGVBc3NpZ25tZW50cz8kZmlsdGVyPWF0U2NvcGUoKSZhcGktdmVyc2lvbj0yMDE1LTA3LTAx",
      "RequestMethod": "GET",
      "RequestBody": "",
      "RequestHeaders": {
        "User-Agent": [
          "Microsoft.Azure.Management.Authorization.AuthorizationManagementClient/2.0.0.0"
        ]
      },
      "ResponseBody": "{\r\n  \"error\": {\r\n    \"code\": \"InvalidResourceNamespace\",\r\n    \"message\": \"The resource namespace 'nonexistent' is invalid.\"\r\n  }\r\n}",
      "ResponseHeaders": {
        "Content-Length": [
          "106"
        ],
        "Content-Type": [
          "application/json; charset=utf-8"
        ],
        "Expires": [
          "-1"
        ],
        "Pragma": [
          "no-cache"
        ],
        "x-ms-failure-cause": [
          "gateway"
        ],
        "x-ms-request-id": [
          "3a805bb3-fb7a-4ec5-9f80-476a4330da1d"
        ],
        "x-ms-correlation-request-id": [
          "3a805bb3-fb7a-4ec5-9f80-476a4330da1d"
        ],
        "x-ms-routing-request-id": [
          "WESTUS:20151202T024804Z:3a805bb3-fb7a-4ec5-9f80-476a4330da1d"
        ],
        "Strict-Transport-Security": [
          "max-age=31536000; includeSubDomains"
        ],
        "Cache-Control": [
          "no-cache"
        ],
        "Date": [
          "Wed, 02 Dec 2015 02:48:03 GMT"
        ]
      },
      "StatusCode": 404
    }
  ],
  "Names": {},
  "Variables": {
    "SubscriptionId": "4004a9fd-d58e-48dc-aeb2-4a4aec58606f",
    "TenantId": "1273adef-00a3-4086-a51a-dbcce1857d36",
    "Domain": "rbacCliTest.onmicrosoft.com"
  }
}