{
  "Entries": [
    {
      "RequestUri": "/subscriptions/6368ed38-3570-481f-b4fa-1d0a6e8d3f3b/resources?$filter=resourceType%20eq%20'Microsoft.Batch%2FbatchAccounts'&api-version=2014-04-01-preview",
      "EncodedRequestUri": "L3N1YnNjcmlwdGlvbnMvNjM2OGVkMzgtMzU3MC00ODFmLWI0ZmEtMWQwYTZlOGQzZjNiL3Jlc291cmNlcz8kZmlsdGVyPXJlc291cmNlVHlwZSUyMGVxJTIwJ01pY3Jvc29mdC5CYXRjaCUyRmJhdGNoQWNjb3VudHMnJmFwaS12ZXJzaW9uPTIwMTQtMDQtMDEtcHJldmlldw==",
      "RequestMethod": "GET",
      "RequestBody": "",
      "RequestHeaders": {
        "User-Agent": [
          "Microsoft.Azure.Management.Resources.ResourceManagementClient/2.0.0.0"
        ]
      },
      "ResponseBody": "{\r\n  \"value\": [\r\n    {\r\n      \"id\": \"/subscriptions/6368ed38-3570-481f-b4fa-1d0a6e8d3f3b/resourceGroups/default-azurebatch-eastus/providers/Microsoft.Batch/batchAccounts/pstests\",\r\n      \"name\": \"pstests\",\r\n      \"type\": \"Microsoft.Batch/batchAccounts\",\r\n      \"location\": \"eastus\"\r\n    }\r\n  ]\r\n}",
      "ResponseHeaders": {
        "Content-Length": [
          "237"
        ],
        "Content-Type": [
          "application/json; charset=utf-8"
        ],
        "Expires": [
          "-1"
        ],
        "Pragma": [
          "no-cache"
        ],
        "x-ms-ratelimit-remaining-subscription-reads": [
          "14932"
        ],
        "x-ms-request-id": [
          "ad2d38ee-27af-49b6-a6a6-c2d86bf3986f"
        ],
        "x-ms-correlation-request-id": [
          "ad2d38ee-27af-49b6-a6a6-c2d86bf3986f"
        ],
        "x-ms-routing-request-id": [
          "WESTUS:20150709T192144Z:ad2d38ee-27af-49b6-a6a6-c2d86bf3986f"
        ],
        "Strict-Transport-Security": [
          "max-age=31536000; includeSubDomains"
        ],
        "Cache-Control": [
          "no-cache"
        ],
        "Date": [
          "Thu, 09 Jul 2015 19:21:44 GMT"
        ]
      },
      "StatusCode": 200
    },
    {
      "RequestUri": "/subscriptions/6368ed38-3570-481f-b4fa-1d0a6e8d3f3b/resources?$filter=resourceType%20eq%20'Microsoft.Batch%2FbatchAccounts'&api-version=2014-04-01-preview",
      "EncodedRequestUri": "L3N1YnNjcmlwdGlvbnMvNjM2OGVkMzgtMzU3MC00ODFmLWI0ZmEtMWQwYTZlOGQzZjNiL3Jlc291cmNlcz8kZmlsdGVyPXJlc291cmNlVHlwZSUyMGVxJTIwJ01pY3Jvc29mdC5CYXRjaCUyRmJhdGNoQWNjb3VudHMnJmFwaS12ZXJzaW9uPTIwMTQtMDQtMDEtcHJldmlldw==",
      "RequestMethod": "GET",
      "RequestBody": "",
      "RequestHeaders": {
        "User-Agent": [
          "Microsoft.Azure.Management.Resources.ResourceManagementClient/2.0.0.0"
        ]
      },
      "ResponseBody": "{\r\n  \"value\": [\r\n    {\r\n      \"id\": \"/subscriptions/6368ed38-3570-481f-b4fa-1d0a6e8d3f3b/resourceGroups/default-azurebatch-eastus/providers/Microsoft.Batch/batchAccounts/pstests\",\r\n      \"name\": \"pstests\",\r\n      \"type\": \"Microsoft.Batch/batchAccounts\",\r\n      \"location\": \"eastus\"\r\n    }\r\n  ]\r\n}",
      "ResponseHeaders": {
        "Content-Length": [
          "237"
        ],
        "Content-Type": [
          "application/json; charset=utf-8"
        ],
        "Expires": [
          "-1"
        ],
        "Pragma": [
          "no-cache"
        ],
        "x-ms-ratelimit-remaining-subscription-reads": [
          "14931"
        ],
        "x-ms-request-id": [
          "26a3cf5c-7164-4bb6-a0ec-f3608ce7c5a4"
        ],
        "x-ms-correlation-request-id": [
          "26a3cf5c-7164-4bb6-a0ec-f3608ce7c5a4"
        ],
        "x-ms-routing-request-id": [
          "WESTUS:20150709T192146Z:26a3cf5c-7164-4bb6-a0ec-f3608ce7c5a4"
        ],
        "Strict-Transport-Security": [
          "max-age=31536000; includeSubDomains"
        ],
        "Cache-Control": [
          "no-cache"
        ],
        "Date": [
          "Thu, 09 Jul 2015 19:21:46 GMT"
        ]
      },
      "StatusCode": 200
    },
    {
      "RequestUri": "/subscriptions/6368ed38-3570-481f-b4fa-1d0a6e8d3f3b/resourceGroups/default-azurebatch-eastus/providers/Microsoft.Batch/batchAccounts/pstests?api-version=2015-07-01",
      "EncodedRequestUri": "L3N1YnNjcmlwdGlvbnMvNjM2OGVkMzgtMzU3MC00ODFmLWI0ZmEtMWQwYTZlOGQzZjNiL3Jlc291cmNlR3JvdXBzL2RlZmF1bHQtYXp1cmViYXRjaC1lYXN0dXMvcHJvdmlkZXJzL01pY3Jvc29mdC5CYXRjaC9iYXRjaEFjY291bnRzL3BzdGVzdHM/YXBpLXZlcnNpb249MjAxNS0wNy0wMQ==",
      "RequestMethod": "GET",
      "RequestBody": "",
      "RequestHeaders": {
        "x-ms-version": [
          "2015-07-01"
        ],
        "User-Agent": [
          "Microsoft.Azure.Management.Batch.BatchManagementClient/1.0.0.0"
        ]
      },
      "ResponseBody": "{\r\n  \"name\": \"pstests\",\r\n  \"location\": \"eastus\",\r\n  \"properties\": {\r\n    \"accountEndpoint\": \"pstests.batch.core.windows.net\",\r\n    \"provisioningState\": \"Succeeded\"\r\n  },\r\n  \"id\": \"/subscriptions/6368ed38-3570-481f-b4fa-1d0a6e8d3f3b/resourceGroups/default-azurebatch-eastus/providers/Microsoft.Batch/batchAccounts/pstests\",\r\n  \"type\": \"Microsoft.Batch/batchAccounts\"\r\n}",
      "ResponseHeaders": {
        "Content-Length": [
          "323"
        ],
        "Content-Type": [
          "application/json; charset=utf-8"
        ],
        "Expires": [
          "-1"
        ],
        "Last-Modified": [
          "Thu, 09 Jul 2015 19:21:45 GMT"
        ],
        "Pragma": [
          "no-cache"
        ],
        "request-id": [
          "ce3458f9-c3b5-4efc-a718-e8cf00128d00"
        ],
        "Strict-Transport-Security": [
          "max-age=31536000; includeSubDomains"
        ],
        "x-ms-ratelimit-remaining-subscription-reads": [
          "14935"
        ],
        "x-ms-request-id": [
          "9757d2fc-f063-4d57-9ae9-4423bf6880b0"
        ],
        "x-ms-correlation-request-id": [
          "9757d2fc-f063-4d57-9ae9-4423bf6880b0"
        ],
        "x-ms-routing-request-id": [
          "WESTUS:20150709T192145Z:9757d2fc-f063-4d57-9ae9-4423bf6880b0"
        ],
        "Cache-Control": [
          "no-cache"
        ],
        "Date": [
          "Thu, 09 Jul 2015 19:21:45 GMT"
        ],
        "ETag": [
          "0x8D28893A122A157"
        ],
        "Server": [
          "Microsoft-HTTPAPI/2.0"
        ]
      },
      "StatusCode": 200
    },
    {
      "RequestUri": "/subscriptions/6368ed38-3570-481f-b4fa-1d0a6e8d3f3b/resourceGroups/default-azurebatch-eastus/providers/Microsoft.Batch/batchAccounts/pstests?api-version=2015-07-01",
      "EncodedRequestUri": "L3N1YnNjcmlwdGlvbnMvNjM2OGVkMzgtMzU3MC00ODFmLWI0ZmEtMWQwYTZlOGQzZjNiL3Jlc291cmNlR3JvdXBzL2RlZmF1bHQtYXp1cmViYXRjaC1lYXN0dXMvcHJvdmlkZXJzL01pY3Jvc29mdC5CYXRjaC9iYXRjaEFjY291bnRzL3BzdGVzdHM/YXBpLXZlcnNpb249MjAxNS0wNy0wMQ==",
      "RequestMethod": "GET",
      "RequestBody": "",
      "RequestHeaders": {
        "x-ms-version": [
          "2015-07-01"
        ],
        "User-Agent": [
          "Microsoft.Azure.Management.Batch.BatchManagementClient/1.0.0.0"
        ]
      },
      "ResponseBody": "{\r\n  \"name\": \"pstests\",\r\n  \"location\": \"eastus\",\r\n  \"properties\": {\r\n    \"accountEndpoint\": \"pstests.batch.core.windows.net\",\r\n    \"provisioningState\": \"Succeeded\"\r\n  },\r\n  \"id\": \"/subscriptions/6368ed38-3570-481f-b4fa-1d0a6e8d3f3b/resourceGroups/default-azurebatch-eastus/providers/Microsoft.Batch/batchAccounts/pstests\",\r\n  \"type\": \"Microsoft.Batch/batchAccounts\"\r\n}",
      "ResponseHeaders": {
        "Content-Length": [
          "323"
        ],
        "Content-Type": [
          "application/json; charset=utf-8"
        ],
        "Expires": [
          "-1"
        ],
        "Last-Modified": [
          "Thu, 09 Jul 2015 19:21:46 GMT"
        ],
        "Pragma": [
          "no-cache"
        ],
        "request-id": [
          "c2c2fba8-f3c7-4b0d-b83c-772d03d624ba"
        ],
        "Strict-Transport-Security": [
          "max-age=31536000; includeSubDomains"
        ],
        "x-ms-ratelimit-remaining-subscription-reads": [
          "14934"
        ],
        "x-ms-request-id": [
          "976094c4-8515-4173-ab05-2a39763c160e"
        ],
        "x-ms-correlation-request-id": [
          "976094c4-8515-4173-ab05-2a39763c160e"
        ],
        "x-ms-routing-request-id": [
          "WESTUS:20150709T192146Z:976094c4-8515-4173-ab05-2a39763c160e"
        ],
        "Cache-Control": [
          "no-cache"
        ],
        "Date": [
          "Thu, 09 Jul 2015 19:21:46 GMT"
        ],
        "ETag": [
          "0x8D28893A1C6EF56"
        ],
        "Server": [
          "Microsoft-HTTPAPI/2.0"
        ]
      },
      "StatusCode": 200
    },
    {
      "RequestUri": "/subscriptions/6368ed38-3570-481f-b4fa-1d0a6e8d3f3b/resourceGroups/default-azurebatch-eastus/providers/Microsoft.Batch/batchAccounts/pstests/listKeys?api-version=2015-07-01",
      "EncodedRequestUri": "L3N1YnNjcmlwdGlvbnMvNjM2OGVkMzgtMzU3MC00ODFmLWI0ZmEtMWQwYTZlOGQzZjNiL3Jlc291cmNlR3JvdXBzL2RlZmF1bHQtYXp1cmViYXRjaC1lYXN0dXMvcHJvdmlkZXJzL01pY3Jvc29mdC5CYXRjaC9iYXRjaEFjY291bnRzL3BzdGVzdHMvbGlzdEtleXM/YXBpLXZlcnNpb249MjAxNS0wNy0wMQ==",
      "RequestMethod": "POST",
      "RequestBody": "",
      "RequestHeaders": {
        "x-ms-version": [
          "2015-07-01"
        ],
        "User-Agent": [
          "Microsoft.Azure.Management.Batch.BatchManagementClient/1.0.0.0"
        ]
      },
      "ResponseBody": "{\r\n  \"accountName\": \"pstests\",\r\n  \"primary\": \"LvTRVrhrb0mV/DvM55d7NT36RpCLXka/hrZSZQnNKlfV8nxzU0ChDAxrILper4n3AndEtMgyxW404JKkGodXFA==\",\r\n  \"secondary\": \"Lc37R3wawurI2u8oLu6pblhfYBW7S6770vbeqnUQJX87kT7R5hEFq2IlEfowvQ+rO3K0frlfFNlyiL/rkaYnFw==\"\r\n}",
      "ResponseHeaders": {
        "Content-Length": [
          "229"
        ],
        "Content-Type": [
          "application/json; charset=utf-8"
        ],
        "Expires": [
          "-1"
        ],
        "Pragma": [
          "no-cache"
        ],
        "request-id": [
          "f9830db4-de43-475f-a89b-990decb7258f"
        ],
        "Strict-Transport-Security": [
          "max-age=31536000; includeSubDomains"
        ],
        "x-ms-ratelimit-remaining-subscription-writes": [
          "1165"
        ],
        "x-ms-request-id": [
          "59a9eb8c-ea15-4dc2-9807-022ee1888b57"
        ],
        "x-ms-correlation-request-id": [
          "59a9eb8c-ea15-4dc2-9807-022ee1888b57"
        ],
        "x-ms-routing-request-id": [
          "WESTUS:20150709T192146Z:59a9eb8c-ea15-4dc2-9807-022ee1888b57"
        ],
        "Cache-Control": [
          "no-cache"
        ],
        "Date": [
          "Thu, 09 Jul 2015 19:21:45 GMT"
        ],
        "Server": [
          "Microsoft-HTTPAPI/2.0"
        ]
      },
      "StatusCode": 200
    },
    {
      "RequestUri": "/subscriptions/6368ed38-3570-481f-b4fa-1d0a6e8d3f3b/resourceGroups/default-azurebatch-eastus/providers/Microsoft.Batch/batchAccounts/pstests/listKeys?api-version=2015-07-01",
      "EncodedRequestUri": "L3N1YnNjcmlwdGlvbnMvNjM2OGVkMzgtMzU3MC00ODFmLWI0ZmEtMWQwYTZlOGQzZjNiL3Jlc291cmNlR3JvdXBzL2RlZmF1bHQtYXp1cmViYXRjaC1lYXN0dXMvcHJvdmlkZXJzL01pY3Jvc29mdC5CYXRjaC9iYXRjaEFjY291bnRzL3BzdGVzdHMvbGlzdEtleXM/YXBpLXZlcnNpb249MjAxNS0wNy0wMQ==",
      "RequestMethod": "POST",
      "RequestBody": "",
      "RequestHeaders": {
        "x-ms-version": [
          "2015-07-01"
        ],
        "User-Agent": [
          "Microsoft.Azure.Management.Batch.BatchManagementClient/1.0.0.0"
        ]
      },
      "ResponseBody": "{\r\n  \"accountName\": \"pstests\",\r\n  \"primary\": \"LvTRVrhrb0mV/DvM55d7NT36RpCLXka/hrZSZQnNKlfV8nxzU0ChDAxrILper4n3AndEtMgyxW404JKkGodXFA==\",\r\n  \"secondary\": \"Lc37R3wawurI2u8oLu6pblhfYBW7S6770vbeqnUQJX87kT7R5hEFq2IlEfowvQ+rO3K0frlfFNlyiL/rkaYnFw==\"\r\n}",
      "ResponseHeaders": {
        "Content-Length": [
          "229"
        ],
        "Content-Type": [
          "application/json; charset=utf-8"
        ],
        "Expires": [
          "-1"
        ],
        "Pragma": [
          "no-cache"
        ],
        "request-id": [
          "2ab05e4d-3cd1-410e-9b1b-7382ea36057b"
        ],
        "Strict-Transport-Security": [
          "max-age=31536000; includeSubDomains"
        ],
        "x-ms-ratelimit-remaining-subscription-writes": [
          "1164"
        ],
        "x-ms-request-id": [
          "b8249d27-5e46-426f-ac6b-d399f6266c16"
        ],
        "x-ms-correlation-request-id": [
          "b8249d27-5e46-426f-ac6b-d399f6266c16"
        ],
        "x-ms-routing-request-id": [
          "WESTUS:20150709T192147Z:b8249d27-5e46-426f-ac6b-d399f6266c16"
        ],
        "Cache-Control": [
          "no-cache"
        ],
        "Date": [
          "Thu, 09 Jul 2015 19:21:47 GMT"
        ],
        "Server": [
          "Microsoft-HTTPAPI/2.0"
        ]
      },
      "StatusCode": 200
    },
    {
      "RequestUri": "/workitems?api-version=2014-10-01.1.0",
      "EncodedRequestUri": "L3dvcmtpdGVtcz9hcGktdmVyc2lvbj0yMDE0LTEwLTAxLjEuMA==",
      "RequestMethod": "POST",
      "RequestBody": "{\r\n  \"odata.metadata\": \"https://batch.core.windows.net/$metadata#workitems/@Element\",\r\n  \"name\": \"testWorkItem\",\r\n  \"jobExecutionEnvironment\": {\r\n    \"poolName\": \"testPool\"\r\n  }\r\n}",
      "RequestHeaders": {
        "Content-Type": [
          "application/json;odata=minimalmetadata"
        ],
        "Content-Length": [
          "168"
        ],
        "User-Agent": [
          "WA-Batch/1.0"
        ],
        "client-request-id": [
          "6b6a5cd8-c986-427c-9502-245d8057b5c5"
        ],
        "return-client-request-id": [
          "False"
        ],
        "ocp-date": [
          "Thu, 09 Jul 2015 19:21:46 GMT"
        ]
      },
      "ResponseBody": "",
      "ResponseHeaders": {
        "Last-Modified": [
          "Thu, 09 Jul 2015 19:21:46 GMT"
        ],
        "Transfer-Encoding": [
          "chunked"
        ],
        "request-id": [
          "fe46b6e2-fe16-4c67-bae2-3cecc87a4c9d"
        ],
        "Strict-Transport-Security": [
          "max-age=31536000; includeSubDomains"
        ],
        "DataServiceVersion": [
          "3.0"
        ],
        "DataServiceId": [
          "https://pstests.batch.core.windows.net/workitems/testWorkItem"
        ],
        "Date": [
          "Thu, 09 Jul 2015 19:21:45 GMT"
        ],
        "ETag": [
          "0x8D28893A1CA0CF7"
        ],
        "Location": [
          "https://pstests.batch.core.windows.net/workitems/testWorkItem"
        ],
        "Server": [
          "Microsoft-HTTPAPI/2.0"
        ]
      },
      "StatusCode": 201
    },
    {
      "RequestUri": "/workitems?api-version=2014-10-01.1.0",
      "EncodedRequestUri": "L3dvcmtpdGVtcz9hcGktdmVyc2lvbj0yMDE0LTEwLTAxLjEuMA==",
      "RequestMethod": "GET",
      "RequestBody": "",
      "RequestHeaders": {
        "User-Agent": [
          "WA-Batch/1.0"
        ],
        "client-request-id": [
          "b72982b1-e33b-404f-af0a-7277f9eea080"
        ],
        "return-client-request-id": [
          "False"
        ],
        "ocp-date": [
          "Thu, 09 Jul 2015 19:21:47 GMT"
        ]
      },
      "ResponseBody": "{\r\n  \"odata.metadata\": \"https://pstests.batch.core.windows.net/$metadata#workitems\",\r\n  \"value\": [\r\n    {\r\n      \"name\": \"testWorkItem\",\r\n      \"url\": \"https://pstests.batch.core.windows.net/workitems/testWorkItem\",\r\n      \"eTag\": \"0x8D28893A1CA0CF7\",\r\n      \"lastModified\": \"2015-07-09T19:21:46.8604663Z\",\r\n      \"creationTime\": \"2015-07-09T19:21:46.8604663Z\",\r\n      \"state\": \"active\",\r\n      \"stateTransitionTime\": \"2015-07-09T19:21:46.8604663Z\",\r\n      \"jobExecutionEnvironment\": {\r\n        \"poolName\": \"testPool\"\r\n      },\r\n      \"executionInfo\": {\r\n        \"recentJob\": {\r\n          \"url\": \"https://pstests.batch.core.windows.net/workitems/testWorkItem/jobs/job-0000000001\",\r\n          \"name\": \"job-0000000001\"\r\n        }\r\n      }\r\n    }\r\n  ]\r\n}",
      "ResponseHeaders": {
        "Content-Type": [
          "application/json; odata=minimalmetadata"
        ],
        "Transfer-Encoding": [
          "chunked"
        ],
        "request-id": [
          "aa1ec397-eb26-4d79-bd69-05f8fa99256f"
        ],
        "Strict-Transport-Security": [
          "max-age=31536000; includeSubDomains"
        ],
        "DataServiceVersion": [
          "3.0"
        ],
        "Date": [
          "Thu, 09 Jul 2015 19:21:47 GMT"
        ],
        "Server": [
          "Microsoft-HTTPAPI/2.0"
        ]
      },
      "StatusCode": 200
    },
    {
      "RequestUri": "/workitems?api-version=2014-10-01.1.0",
      "EncodedRequestUri": "L3dvcmtpdGVtcz9hcGktdmVyc2lvbj0yMDE0LTEwLTAxLjEuMA==",
      "RequestMethod": "GET",
      "RequestBody": "",
      "RequestHeaders": {
        "User-Agent": [
          "WA-Batch/1.0"
        ],
        "client-request-id": [
          "29f48353-e048-4e8a-aa78-706a950a6ab2"
        ],
        "return-client-request-id": [
          "False"
        ],
        "ocp-date": [
          "Thu, 09 Jul 2015 19:21:48 GMT"
        ]
      },
      "ResponseBody": "{\r\n  \"odata.metadata\": \"https://pstests.batch.core.windows.net/$metadata#workitems\",\r\n  \"value\": [\r\n    {\r\n      \"name\": \"testWorkItem\",\r\n      \"url\": \"https://pstests.batch.core.windows.net/workitems/testWorkItem\",\r\n      \"eTag\": \"0x8D28893A1CA0CF7\",\r\n      \"lastModified\": \"2015-07-09T19:21:46.8604663Z\",\r\n      \"creationTime\": \"2015-07-09T19:21:46.8604663Z\",\r\n      \"state\": \"deleting\",\r\n      \"stateTransitionTime\": \"2015-07-09T19:21:48.7260097Z\",\r\n      \"previousState\": \"active\",\r\n      \"previousStateTransitionTime\": \"2015-07-09T19:21:46.8604663Z\",\r\n      \"jobExecutionEnvironment\": {\r\n        \"poolName\": \"testPool\"\r\n      },\r\n      \"executionInfo\": {\r\n        \"recentJob\": {\r\n          \"url\": \"https://pstests.batch.core.windows.net/workitems/testWorkItem/jobs/job-0000000001\",\r\n          \"name\": \"job-0000000001\"\r\n        }\r\n      }\r\n    }\r\n  ]\r\n}",
      "ResponseHeaders": {
        "Content-Type": [
          "application/json; odata=minimalmetadata"
        ],
        "Transfer-Encoding": [
          "chunked"
        ],
        "request-id": [
          "4ba6ee85-c674-4fb8-bb53-180cc9efa44d"
        ],
        "Strict-Transport-Security": [
          "max-age=31536000; includeSubDomains"
        ],
        "DataServiceVersion": [
          "3.0"
        ],
        "Date": [
          "Thu, 09 Jul 2015 19:21:48 GMT"
        ],
        "Server": [
          "Microsoft-HTTPAPI/2.0"
        ]
      },
      "StatusCode": 200
    },
    {
      "RequestUri": "/workitems/testWorkItem?api-version=2014-10-01.1.0",
      "EncodedRequestUri": "L3dvcmtpdGVtcy90ZXN0V29ya0l0ZW0/YXBpLXZlcnNpb249MjAxNC0xMC0wMS4xLjA=",
      "RequestMethod": "DELETE",
      "RequestBody": "",
      "RequestHeaders": {
        "User-Agent": [
          "WA-Batch/1.0"
        ],
        "client-request-id": [
          "366e78c0-2640-448d-9a8f-7a7c2e619898"
        ],
        "return-client-request-id": [
          "False"
        ],
        "ocp-date": [
          "Thu, 09 Jul 2015 19:21:48 GMT"
        ]
      },
      "ResponseBody": "",
      "ResponseHeaders": {
        "Transfer-Encoding": [
          "chunked"
        ],
        "request-id": [
          "50bbb297-3a32-4e54-a73e-43dadb402d51"
        ],
        "Strict-Transport-Security": [
          "max-age=31536000; includeSubDomains"
        ],
        "DataServiceVersion": [
          "3.0"
        ],
        "Date": [
          "Thu, 09 Jul 2015 19:21:47 GMT"
        ],
        "Server": [
          "Microsoft-HTTPAPI/2.0"
        ]
      },
      "StatusCode": 202
    }
  ],
  "Names": {},
  "Variables": {
    "SubscriptionId": "6368ed38-3570-481f-b4fa-1d0a6e8d3f3b"
  }
}