{
  "Entries": [
    {
      "RequestUri": "/subscriptions/12053b8f-cab5-4f5c-9c1a-870580142abd/resourceGroups/CosmosDBResourceGroup27/providers/Microsoft.DocumentDB/databaseAccounts/dbaccount27?api-version=2019-08-01",
      "EncodedRequestUri": "L3N1YnNjcmlwdGlvbnMvMTIwNTNiOGYtY2FiNS00ZjVjLTljMWEtODcwNTgwMTQyYWJkL3Jlc291cmNlR3JvdXBzL0Nvc21vc0RCUmVzb3VyY2VHcm91cDI3L3Byb3ZpZGVycy9NaWNyb3NvZnQuRG9jdW1lbnREQi9kYXRhYmFzZUFjY291bnRzL2RiYWNjb3VudDI3P2FwaS12ZXJzaW9uPTIwMTktMDgtMDE=",
      "RequestMethod": "GET",
      "RequestBody": "",
      "RequestHeaders": {
        "x-ms-client-request-id": [
          "2150054a-f3a5-4aa0-8cfe-d160ad4a467e"
        ],
        "Accept-Language": [
          "en-US"
        ],
        "User-Agent": [
          "FxVersion/4.6.27817.03",
          "OSName/Windows",
          "OSVersion/Microsoft.Windows.10.0.18363.",
          "Microsoft.Azure.Management.CosmosDB.CosmosDBManagementClient/1.0.0.0"
        ]
      },
      "ResponseHeaders": {
        "Cache-Control": [
          "no-store, no-cache"
        ],
        "Pragma": [
          "no-cache"
        ],
        "Strict-Transport-Security": [
          "max-age=31536000; includeSubDomains"
        ],
        "x-ms-gatewayversion": [
          "version=2.7.0"
        ],
        "Server": [
          "Microsoft-HTTPAPI/2.0"
        ],
        "x-ms-ratelimit-remaining-subscription-reads": [
          "11999"
        ],
        "x-ms-request-id": [
          "65b204dc-934d-48c6-8f9a-9f54fe3c0021"
        ],
        "x-ms-correlation-request-id": [
          "65b204dc-934d-48c6-8f9a-9f54fe3c0021"
        ],
        "x-ms-routing-request-id": [
          "WESTUS:20191231T221215Z:65b204dc-934d-48c6-8f9a-9f54fe3c0021"
        ],
        "X-Content-Type-Options": [
          "nosniff"
        ],
        "Date": [
          "Tue, 31 Dec 2019 22:12:15 GMT"
        ],
        "Content-Length": [
          "1722"
        ],
        "Content-Type": [
          "application/json"
        ],
        "Content-Location": [
          "https://management.documents.azure.com:450/subscriptions/12053b8f-cab5-4f5c-9c1a-870580142abd/resourceGroups/CosmosDBResourceGroup27/providers/Microsoft.DocumentDB/databaseAccounts/dbaccount27?api-version=2019-08-01"
        ]
      },
      "ResponseBody": "{\r\n  \"id\": \"/subscriptions/12053b8f-cab5-4f5c-9c1a-870580142abd/resourceGroups/CosmosDBResourceGroup27/providers/Microsoft.DocumentDB/databaseAccounts/dbaccount27\",\r\n  \"name\": \"dbaccount27\",\r\n  \"location\": \"West US\",\r\n  \"type\": \"Microsoft.DocumentDB/databaseAccounts\",\r\n  \"kind\": \"GlobalDocumentDB\",\r\n  \"tags\": {\r\n    \"name\": \"test\",\r\n    \"Shape\": \"Square\",\r\n    \"Color\": \"Blue\"\r\n  },\r\n  \"properties\": {\r\n    \"provisioningState\": \"Succeeded\",\r\n    \"documentEndpoint\": \"https://dbaccount27.documents.azure.com:443/\",\r\n    \"ipRangeFilter\": \"192.168.0.1\",\r\n    \"enableAutomaticFailover\": true,\r\n    \"enableMultipleWriteLocations\": false,\r\n    \"enablePartitionKeyMonitor\": false,\r\n    \"isVirtualNetworkFilterEnabled\": true,\r\n    \"virtualNetworkRules\": [],\r\n    \"EnabledApiTypes\": \"Sql\",\r\n    \"disableKeyBasedMetadataWriteAccess\": false,\r\n    \"databaseAccountOfferType\": \"Standard\",\r\n    \"enableCassandraConnector\": false,\r\n    \"connectorOffer\": \"\",\r\n    \"consistencyPolicy\": {\r\n      \"defaultConsistencyLevel\": \"BoundedStaleness\",\r\n      \"maxIntervalInSeconds\": 10,\r\n      \"maxStalenessPrefix\": 20\r\n    },\r\n    \"configurationOverrides\": {},\r\n    \"writeLocations\": [\r\n      {\r\n        \"id\": \"dbaccount27-westus\",\r\n        \"locationName\": \"West US\",\r\n        \"documentEndpoint\": \"https://dbaccount27-westus.documents.azure.com:443/\",\r\n        \"provisioningState\": \"Succeeded\",\r\n        \"failoverPriority\": 0,\r\n        \"isZoneRedundant\": false\r\n      }\r\n    ],\r\n    \"readLocations\": [\r\n      {\r\n        \"id\": \"dbaccount27-westus\",\r\n        \"locationName\": \"West US\",\r\n        \"documentEndpoint\": \"https://dbaccount27-westus.documents.azure.com:443/\",\r\n        \"provisioningState\": \"Succeeded\",\r\n        \"failoverPriority\": 0,\r\n        \"isZoneRedundant\": false\r\n      }\r\n    ],\r\n    \"locations\": [\r\n      {\r\n        \"id\": \"dbaccount27-westus\",\r\n        \"locationName\": \"West US\",\r\n        \"documentEndpoint\": \"https://dbaccount27-westus.documents.azure.com:443/\",\r\n        \"provisioningState\": \"Succeeded\",\r\n        \"failoverPriority\": 0,\r\n        \"isZoneRedundant\": false\r\n      }\r\n    ],\r\n    \"failoverPolicies\": [\r\n      {\r\n        \"id\": \"dbaccount27-westus\",\r\n        \"locationName\": \"West US\",\r\n        \"failoverPriority\": 0\r\n      }\r\n    ],\r\n    \"cors\": [],\r\n    \"capabilities\": []\r\n  }\r\n}",
      "StatusCode": 200
    },
    {
      "RequestUri": "/subscriptions/12053b8f-cab5-4f5c-9c1a-870580142abd/resourceGroups/CosmosDBResourceGroup27/providers/Microsoft.DocumentDB/databaseAccounts/dbaccount27?api-version=2019-08-01",
      "EncodedRequestUri": "L3N1YnNjcmlwdGlvbnMvMTIwNTNiOGYtY2FiNS00ZjVjLTljMWEtODcwNTgwMTQyYWJkL3Jlc291cmNlR3JvdXBzL0Nvc21vc0RCUmVzb3VyY2VHcm91cDI3L3Byb3ZpZGVycy9NaWNyb3NvZnQuRG9jdW1lbnREQi9kYXRhYmFzZUFjY291bnRzL2RiYWNjb3VudDI3P2FwaS12ZXJzaW9uPTIwMTktMDgtMDE=",
      "RequestMethod": "GET",
      "RequestBody": "",
      "RequestHeaders": {
        "x-ms-client-request-id": [
          "94965ddc-6bcb-400b-9f9a-7d3395574d59"
        ],
        "Accept-Language": [
          "en-US"
        ],
        "User-Agent": [
          "FxVersion/4.6.27817.03",
          "OSName/Windows",
          "OSVersion/Microsoft.Windows.10.0.18363.",
          "Microsoft.Azure.Management.CosmosDB.CosmosDBManagementClient/1.0.0.0"
        ]
      },
      "ResponseHeaders": {
        "Cache-Control": [
          "no-store, no-cache"
        ],
        "Pragma": [
          "no-cache"
        ],
        "Strict-Transport-Security": [
          "max-age=31536000; includeSubDomains"
        ],
        "x-ms-gatewayversion": [
          "version=2.7.0"
        ],
        "Server": [
          "Microsoft-HTTPAPI/2.0"
        ],
        "x-ms-ratelimit-remaining-subscription-reads": [
          "11998"
        ],
        "x-ms-request-id": [
          "b0630c47-9398-4b70-a4e3-1a0d81f2d007"
        ],
        "x-ms-correlation-request-id": [
          "b0630c47-9398-4b70-a4e3-1a0d81f2d007"
        ],
        "x-ms-routing-request-id": [
          "WESTUS:20191231T221216Z:b0630c47-9398-4b70-a4e3-1a0d81f2d007"
        ],
        "X-Content-Type-Options": [
          "nosniff"
        ],
        "Date": [
          "Tue, 31 Dec 2019 22:12:15 GMT"
        ],
        "Content-Length": [
          "1722"
        ],
        "Content-Type": [
          "application/json"
        ],
        "Content-Location": [
          "https://management.documents.azure.com:450/subscriptions/12053b8f-cab5-4f5c-9c1a-870580142abd/resourceGroups/CosmosDBResourceGroup27/providers/Microsoft.DocumentDB/databaseAccounts/dbaccount27?api-version=2019-08-01"
        ]
      },
      "ResponseBody": "{\r\n  \"id\": \"/subscriptions/12053b8f-cab5-4f5c-9c1a-870580142abd/resourceGroups/CosmosDBResourceGroup27/providers/Microsoft.DocumentDB/databaseAccounts/dbaccount27\",\r\n  \"name\": \"dbaccount27\",\r\n  \"location\": \"West US\",\r\n  \"type\": \"Microsoft.DocumentDB/databaseAccounts\",\r\n  \"kind\": \"GlobalDocumentDB\",\r\n  \"tags\": {\r\n    \"name\": \"test\",\r\n    \"Shape\": \"Square\",\r\n    \"Color\": \"Blue\"\r\n  },\r\n  \"properties\": {\r\n    \"provisioningState\": \"Succeeded\",\r\n    \"documentEndpoint\": \"https://dbaccount27.documents.azure.com:443/\",\r\n    \"ipRangeFilter\": \"192.168.0.1\",\r\n    \"enableAutomaticFailover\": true,\r\n    \"enableMultipleWriteLocations\": false,\r\n    \"enablePartitionKeyMonitor\": false,\r\n    \"isVirtualNetworkFilterEnabled\": true,\r\n    \"virtualNetworkRules\": [],\r\n    \"EnabledApiTypes\": \"Sql\",\r\n    \"disableKeyBasedMetadataWriteAccess\": false,\r\n    \"databaseAccountOfferType\": \"Standard\",\r\n    \"enableCassandraConnector\": false,\r\n    \"connectorOffer\": \"\",\r\n    \"consistencyPolicy\": {\r\n      \"defaultConsistencyLevel\": \"BoundedStaleness\",\r\n      \"maxIntervalInSeconds\": 10,\r\n      \"maxStalenessPrefix\": 20\r\n    },\r\n    \"configurationOverrides\": {},\r\n    \"writeLocations\": [\r\n      {\r\n        \"id\": \"dbaccount27-westus\",\r\n        \"locationName\": \"West US\",\r\n        \"documentEndpoint\": \"https://dbaccount27-westus.documents.azure.com:443/\",\r\n        \"provisioningState\": \"Succeeded\",\r\n        \"failoverPriority\": 0,\r\n        \"isZoneRedundant\": false\r\n      }\r\n    ],\r\n    \"readLocations\": [\r\n      {\r\n        \"id\": \"dbaccount27-westus\",\r\n        \"locationName\": \"West US\",\r\n        \"documentEndpoint\": \"https://dbaccount27-westus.documents.azure.com:443/\",\r\n        \"provisioningState\": \"Succeeded\",\r\n        \"failoverPriority\": 0,\r\n        \"isZoneRedundant\": false\r\n      }\r\n    ],\r\n    \"locations\": [\r\n      {\r\n        \"id\": \"dbaccount27-westus\",\r\n        \"locationName\": \"West US\",\r\n        \"documentEndpoint\": \"https://dbaccount27-westus.documents.azure.com:443/\",\r\n        \"provisioningState\": \"Succeeded\",\r\n        \"failoverPriority\": 0,\r\n        \"isZoneRedundant\": false\r\n      }\r\n    ],\r\n    \"failoverPolicies\": [\r\n      {\r\n        \"id\": \"dbaccount27-westus\",\r\n        \"locationName\": \"West US\",\r\n        \"failoverPriority\": 0\r\n      }\r\n    ],\r\n    \"cors\": [],\r\n    \"capabilities\": []\r\n  }\r\n}",
      "StatusCode": 200
    },
    {
      "RequestUri": "/subscriptions/12053b8f-cab5-4f5c-9c1a-870580142abd/resourceGroups/CosmosDBResourceGroup27/providers/Microsoft.DocumentDB/databaseAccounts/dbaccount27?api-version=2019-08-01",
      "EncodedRequestUri": "L3N1YnNjcmlwdGlvbnMvMTIwNTNiOGYtY2FiNS00ZjVjLTljMWEtODcwNTgwMTQyYWJkL3Jlc291cmNlR3JvdXBzL0Nvc21vc0RCUmVzb3VyY2VHcm91cDI3L3Byb3ZpZGVycy9NaWNyb3NvZnQuRG9jdW1lbnREQi9kYXRhYmFzZUFjY291bnRzL2RiYWNjb3VudDI3P2FwaS12ZXJzaW9uPTIwMTktMDgtMDE=",
      "RequestMethod": "GET",
      "RequestBody": "",
      "RequestHeaders": {
        "User-Agent": [
          "FxVersion/4.6.27817.03",
          "OSName/Windows",
          "OSVersion/Microsoft.Windows.10.0.18363.",
          "Microsoft.Azure.Management.CosmosDB.CosmosDBManagementClient/1.0.0.0"
        ]
      },
      "ResponseHeaders": {
        "Cache-Control": [
          "no-store, no-cache"
        ],
        "Pragma": [
          "no-cache"
        ],
        "Strict-Transport-Security": [
          "max-age=31536000; includeSubDomains"
        ],
        "x-ms-gatewayversion": [
          "version=2.7.0"
        ],
        "Server": [
          "Microsoft-HTTPAPI/2.0"
        ],
        "x-ms-ratelimit-remaining-subscription-reads": [
          "11994"
        ],
        "x-ms-request-id": [
          "ac9b230a-d24c-4f0f-a8d5-3e42ba8013d9"
        ],
        "x-ms-correlation-request-id": [
          "ac9b230a-d24c-4f0f-a8d5-3e42ba8013d9"
        ],
        "x-ms-routing-request-id": [
          "WESTUS:20191231T221350Z:ac9b230a-d24c-4f0f-a8d5-3e42ba8013d9"
        ],
        "X-Content-Type-Options": [
          "nosniff"
        ],
        "Date": [
          "Tue, 31 Dec 2019 22:13:49 GMT"
        ],
        "Content-Length": [
          "1722"
        ],
        "Content-Type": [
          "application/json"
        ],
        "Content-Location": [
          "https://management.documents.azure.com:450/subscriptions/12053b8f-cab5-4f5c-9c1a-870580142abd/resourceGroups/CosmosDBResourceGroup27/providers/Microsoft.DocumentDB/databaseAccounts/dbaccount27?api-version=2019-08-01"
        ]
      },
      "ResponseBody": "{\r\n  \"id\": \"/subscriptions/12053b8f-cab5-4f5c-9c1a-870580142abd/resourceGroups/CosmosDBResourceGroup27/providers/Microsoft.DocumentDB/databaseAccounts/dbaccount27\",\r\n  \"name\": \"dbaccount27\",\r\n  \"location\": \"West US\",\r\n  \"type\": \"Microsoft.DocumentDB/databaseAccounts\",\r\n  \"kind\": \"GlobalDocumentDB\",\r\n  \"tags\": {\r\n    \"Color\": \"Blue\",\r\n    \"name\": \"test\",\r\n    \"Shape\": \"Square\"\r\n  },\r\n  \"properties\": {\r\n    \"provisioningState\": \"Succeeded\",\r\n    \"documentEndpoint\": \"https://dbaccount27.documents.azure.com:443/\",\r\n    \"ipRangeFilter\": \"192.168.0.1\",\r\n    \"enableAutomaticFailover\": true,\r\n    \"enableMultipleWriteLocations\": false,\r\n    \"enablePartitionKeyMonitor\": false,\r\n    \"isVirtualNetworkFilterEnabled\": true,\r\n    \"virtualNetworkRules\": [],\r\n    \"EnabledApiTypes\": \"Sql\",\r\n    \"disableKeyBasedMetadataWriteAccess\": false,\r\n    \"databaseAccountOfferType\": \"Standard\",\r\n    \"enableCassandraConnector\": false,\r\n    \"connectorOffer\": \"\",\r\n    \"consistencyPolicy\": {\r\n      \"defaultConsistencyLevel\": \"BoundedStaleness\",\r\n      \"maxIntervalInSeconds\": 10,\r\n      \"maxStalenessPrefix\": 20\r\n    },\r\n    \"configurationOverrides\": {},\r\n    \"writeLocations\": [\r\n      {\r\n        \"id\": \"dbaccount27-westus\",\r\n        \"locationName\": \"West US\",\r\n        \"documentEndpoint\": \"https://dbaccount27-westus.documents.azure.com:443/\",\r\n        \"provisioningState\": \"Succeeded\",\r\n        \"failoverPriority\": 0,\r\n        \"isZoneRedundant\": false\r\n      }\r\n    ],\r\n    \"readLocations\": [\r\n      {\r\n        \"id\": \"dbaccount27-westus\",\r\n        \"locationName\": \"West US\",\r\n        \"documentEndpoint\": \"https://dbaccount27-westus.documents.azure.com:443/\",\r\n        \"provisioningState\": \"Succeeded\",\r\n        \"failoverPriority\": 0,\r\n        \"isZoneRedundant\": false\r\n      }\r\n    ],\r\n    \"locations\": [\r\n      {\r\n        \"id\": \"dbaccount27-westus\",\r\n        \"locationName\": \"West US\",\r\n        \"documentEndpoint\": \"https://dbaccount27-westus.documents.azure.com:443/\",\r\n        \"provisioningState\": \"Succeeded\",\r\n        \"failoverPriority\": 0,\r\n        \"isZoneRedundant\": false\r\n      }\r\n    ],\r\n    \"failoverPolicies\": [\r\n      {\r\n        \"id\": \"dbaccount27-westus\",\r\n        \"locationName\": \"West US\",\r\n        \"failoverPriority\": 0\r\n      }\r\n    ],\r\n    \"cors\": [],\r\n    \"capabilities\": []\r\n  }\r\n}",
      "StatusCode": 200
    },
    {
      "RequestUri": "/subscriptions/12053b8f-cab5-4f5c-9c1a-870580142abd/resourceGroups/CosmosDBResourceGroup27/providers/Microsoft.DocumentDB/databaseAccounts/dbaccount27?api-version=2019-08-01",
      "EncodedRequestUri": "L3N1YnNjcmlwdGlvbnMvMTIwNTNiOGYtY2FiNS00ZjVjLTljMWEtODcwNTgwMTQyYWJkL3Jlc291cmNlR3JvdXBzL0Nvc21vc0RCUmVzb3VyY2VHcm91cDI3L3Byb3ZpZGVycy9NaWNyb3NvZnQuRG9jdW1lbnREQi9kYXRhYmFzZUFjY291bnRzL2RiYWNjb3VudDI3P2FwaS12ZXJzaW9uPTIwMTktMDgtMDE=",
      "RequestMethod": "GET",
      "RequestBody": "",
      "RequestHeaders": {
        "x-ms-client-request-id": [
          "6d9093f4-3b29-4d36-972b-72ee2dcbdfcd"
        ],
        "Accept-Language": [
          "en-US"
        ],
        "User-Agent": [
          "FxVersion/4.6.27817.03",
          "OSName/Windows",
          "OSVersion/Microsoft.Windows.10.0.18363.",
          "Microsoft.Azure.Management.CosmosDB.CosmosDBManagementClient/1.0.0.0"
        ]
      },
      "ResponseHeaders": {
        "Cache-Control": [
          "no-store, no-cache"
        ],
        "Pragma": [
          "no-cache"
        ],
        "Strict-Transport-Security": [
          "max-age=31536000; includeSubDomains"
        ],
        "x-ms-gatewayversion": [
          "version=2.7.0"
        ],
        "Server": [
          "Microsoft-HTTPAPI/2.0"
        ],
        "x-ms-ratelimit-remaining-subscription-reads": [
          "11993"
        ],
        "x-ms-request-id": [
          "4aef3bc7-03eb-4d09-b3c3-6b5f0fb15bdf"
        ],
        "x-ms-correlation-request-id": [
          "4aef3bc7-03eb-4d09-b3c3-6b5f0fb15bdf"
        ],
        "x-ms-routing-request-id": [
          "WESTUS:20191231T221350Z:4aef3bc7-03eb-4d09-b3c3-6b5f0fb15bdf"
        ],
        "X-Content-Type-Options": [
          "nosniff"
        ],
        "Date": [
          "Tue, 31 Dec 2019 22:13:49 GMT"
        ],
        "Content-Length": [
          "1722"
        ],
        "Content-Type": [
          "application/json"
        ],
        "Content-Location": [
          "https://management.documents.azure.com:450/subscriptions/12053b8f-cab5-4f5c-9c1a-870580142abd/resourceGroups/CosmosDBResourceGroup27/providers/Microsoft.DocumentDB/databaseAccounts/dbaccount27?api-version=2019-08-01"
        ]
      },
      "ResponseBody": "{\r\n  \"id\": \"/subscriptions/12053b8f-cab5-4f5c-9c1a-870580142abd/resourceGroups/CosmosDBResourceGroup27/providers/Microsoft.DocumentDB/databaseAccounts/dbaccount27\",\r\n  \"name\": \"dbaccount27\",\r\n  \"location\": \"West US\",\r\n  \"type\": \"Microsoft.DocumentDB/databaseAccounts\",\r\n  \"kind\": \"GlobalDocumentDB\",\r\n  \"tags\": {\r\n    \"Color\": \"Blue\",\r\n    \"name\": \"test\",\r\n    \"Shape\": \"Square\"\r\n  },\r\n  \"properties\": {\r\n    \"provisioningState\": \"Succeeded\",\r\n    \"documentEndpoint\": \"https://dbaccount27.documents.azure.com:443/\",\r\n    \"ipRangeFilter\": \"192.168.0.1\",\r\n    \"enableAutomaticFailover\": true,\r\n    \"enableMultipleWriteLocations\": false,\r\n    \"enablePartitionKeyMonitor\": false,\r\n    \"isVirtualNetworkFilterEnabled\": true,\r\n    \"virtualNetworkRules\": [],\r\n    \"EnabledApiTypes\": \"Sql\",\r\n    \"disableKeyBasedMetadataWriteAccess\": false,\r\n    \"databaseAccountOfferType\": \"Standard\",\r\n    \"enableCassandraConnector\": false,\r\n    \"connectorOffer\": \"\",\r\n    \"consistencyPolicy\": {\r\n      \"defaultConsistencyLevel\": \"BoundedStaleness\",\r\n      \"maxIntervalInSeconds\": 10,\r\n      \"maxStalenessPrefix\": 20\r\n    },\r\n    \"configurationOverrides\": {},\r\n    \"writeLocations\": [\r\n      {\r\n        \"id\": \"dbaccount27-westus\",\r\n        \"locationName\": \"West US\",\r\n        \"documentEndpoint\": \"https://dbaccount27-westus.documents.azure.com:443/\",\r\n        \"provisioningState\": \"Succeeded\",\r\n        \"failoverPriority\": 0,\r\n        \"isZoneRedundant\": false\r\n      }\r\n    ],\r\n    \"readLocations\": [\r\n      {\r\n        \"id\": \"dbaccount27-westus\",\r\n        \"locationName\": \"West US\",\r\n        \"documentEndpoint\": \"https://dbaccount27-westus.documents.azure.com:443/\",\r\n        \"provisioningState\": \"Succeeded\",\r\n        \"failoverPriority\": 0,\r\n        \"isZoneRedundant\": false\r\n      }\r\n    ],\r\n    \"locations\": [\r\n      {\r\n        \"id\": \"dbaccount27-westus\",\r\n        \"locationName\": \"West US\",\r\n        \"documentEndpoint\": \"https://dbaccount27-westus.documents.azure.com:443/\",\r\n        \"provisioningState\": \"Succeeded\",\r\n        \"failoverPriority\": 0,\r\n        \"isZoneRedundant\": false\r\n      }\r\n    ],\r\n    \"failoverPolicies\": [\r\n      {\r\n        \"id\": \"dbaccount27-westus\",\r\n        \"locationName\": \"West US\",\r\n        \"failoverPriority\": 0\r\n      }\r\n    ],\r\n    \"cors\": [],\r\n    \"capabilities\": []\r\n  }\r\n}",
      "StatusCode": 200
    },
    {
      "RequestUri": "/subscriptions/12053b8f-cab5-4f5c-9c1a-870580142abd/resourceGroups/CosmosDBResourceGroup27/providers/Microsoft.DocumentDB/databaseAccounts/dbaccount27?api-version=2019-08-01",
      "EncodedRequestUri": "L3N1YnNjcmlwdGlvbnMvMTIwNTNiOGYtY2FiNS00ZjVjLTljMWEtODcwNTgwMTQyYWJkL3Jlc291cmNlR3JvdXBzL0Nvc21vc0RCUmVzb3VyY2VHcm91cDI3L3Byb3ZpZGVycy9NaWNyb3NvZnQuRG9jdW1lbnREQi9kYXRhYmFzZUFjY291bnRzL2RiYWNjb3VudDI3P2FwaS12ZXJzaW9uPTIwMTktMDgtMDE=",
      "RequestMethod": "PATCH",
      "RequestBody": "{\r\n  \"tags\": {\r\n    \"Color\": \"Blue\",\r\n    \"name\": \"test\",\r\n    \"Shape\": \"Square\"\r\n  },\r\n  \"location\": \"West US\",\r\n  \"properties\": {\r\n    \"consistencyPolicy\": {\r\n      \"defaultConsistencyLevel\": \"BoundedStaleness\",\r\n      \"maxStalenessPrefix\": 20,\r\n      \"maxIntervalInSeconds\": 10\r\n    },\r\n    \"locations\": [\r\n      {\r\n        \"locationName\": \"West US\",\r\n        \"provisioningState\": \"Succeeded\",\r\n        \"failoverPriority\": 0,\r\n        \"isZoneRedundant\": false\r\n      }\r\n    ],\r\n    \"ipRangeFilter\": \"192.168.0.1\",\r\n    \"isVirtualNetworkFilterEnabled\": true,\r\n    \"enableAutomaticFailover\": true,\r\n    \"enableMultipleWriteLocations\": false\r\n  }\r\n}",
      "RequestHeaders": {
        "x-ms-client-request-id": [
          "d0d64922-9ce9-4b7f-8a04-83ad68fe10d4"
        ],
        "Accept-Language": [
          "en-US"
        ],
        "User-Agent": [
          "FxVersion/4.6.27817.03",
          "OSName/Windows",
          "OSVersion/Microsoft.Windows.10.0.18363.",
          "Microsoft.Azure.Management.CosmosDB.CosmosDBManagementClient/1.0.0.0"
        ],
        "Content-Type": [
          "application/json; charset=utf-8"
        ],
        "Content-Length": [
          "649"
        ]
      },
      "ResponseHeaders": {
        "Cache-Control": [
          "no-store, no-cache"
        ],
        "Pragma": [
          "no-cache"
        ],
        "Location": [
          "https://management.azure.com/subscriptions/12053b8f-cab5-4f5c-9c1a-870580142abd/resourceGroups/CosmosDBResourceGroup27/providers/Microsoft.DocumentDB/databaseAccounts/dbaccount27/operationResults/1a98bc82-617b-471f-a5f1-3848fadc3031?api-version=2019-08-01"
        ],
        "x-ms-request-id": [
          "1a98bc82-617b-471f-a5f1-3848fadc3031"
        ],
        "Azure-AsyncOperation": [
          "https://management.azure.com/subscriptions/12053b8f-cab5-4f5c-9c1a-870580142abd/providers/Microsoft.DocumentDB/locations/westus/operationsStatus/1a98bc82-617b-471f-a5f1-3848fadc3031?api-version=2019-08-01"
        ],
        "Strict-Transport-Security": [
          "max-age=31536000; includeSubDomains"
        ],
        "x-ms-gatewayversion": [
          "version=2.7.0"
        ],
        "Server": [
          "Microsoft-HTTPAPI/2.0"
        ],
        "x-ms-ratelimit-remaining-subscription-writes": [
          "1199"
        ],
        "x-ms-correlation-request-id": [
          "6d6e652d-fe64-4497-92f7-32c9b23f4bef"
        ],
        "x-ms-routing-request-id": [
          "WESTUS:20191231T221219Z:6d6e652d-fe64-4497-92f7-32c9b23f4bef"
        ],
        "X-Content-Type-Options": [
          "nosniff"
        ],
        "Date": [
          "Tue, 31 Dec 2019 22:12:18 GMT"
        ],
        "Content-Length": [
          "1718"
        ],
        "Content-Type": [
          "application/json"
        ],
        "Content-Location": [
          "https://management.documents.azure.com:450/subscriptions/12053b8f-cab5-4f5c-9c1a-870580142abd/resourceGroups/CosmosDBResourceGroup27/providers/Microsoft.DocumentDB/databaseAccounts/dbaccount27?api-version=2019-08-01"
        ]
      },
      "ResponseBody": "{\r\n  \"id\": \"/subscriptions/12053b8f-cab5-4f5c-9c1a-870580142abd/resourceGroups/CosmosDBResourceGroup27/providers/Microsoft.DocumentDB/databaseAccounts/dbaccount27\",\r\n  \"name\": \"dbaccount27\",\r\n  \"location\": \"West US\",\r\n  \"type\": \"Microsoft.DocumentDB/databaseAccounts\",\r\n  \"kind\": \"GlobalDocumentDB\",\r\n  \"tags\": {\r\n    \"name\": \"test\",\r\n    \"Shape\": \"Square\",\r\n    \"Color\": \"Blue\"\r\n  },\r\n  \"properties\": {\r\n    \"provisioningState\": \"Updating\",\r\n    \"documentEndpoint\": \"https://dbaccount27.documents.azure.com:443/\",\r\n    \"ipRangeFilter\": \"192.168.0.1\",\r\n    \"enableAutomaticFailover\": true,\r\n    \"enableMultipleWriteLocations\": false,\r\n    \"enablePartitionKeyMonitor\": false,\r\n    \"isVirtualNetworkFilterEnabled\": true,\r\n    \"virtualNetworkRules\": [],\r\n    \"EnabledApiTypes\": \"Sql\",\r\n    \"disableKeyBasedMetadataWriteAccess\": false,\r\n    \"databaseAccountOfferType\": \"Standard\",\r\n    \"enableCassandraConnector\": false,\r\n    \"connectorOffer\": \"\",\r\n    \"consistencyPolicy\": {\r\n      \"defaultConsistencyLevel\": \"BoundedStaleness\",\r\n      \"maxIntervalInSeconds\": 10,\r\n      \"maxStalenessPrefix\": 20\r\n    },\r\n    \"configurationOverrides\": {},\r\n    \"writeLocations\": [\r\n      {\r\n        \"id\": \"dbaccount27-westus\",\r\n        \"locationName\": \"West US\",\r\n        \"documentEndpoint\": \"https://dbaccount27-westus.documents.azure.com:443/\",\r\n        \"provisioningState\": \"Updating\",\r\n        \"failoverPriority\": 0,\r\n        \"isZoneRedundant\": false\r\n      }\r\n    ],\r\n    \"readLocations\": [\r\n      {\r\n        \"id\": \"dbaccount27-westus\",\r\n        \"locationName\": \"West US\",\r\n        \"documentEndpoint\": \"https://dbaccount27-westus.documents.azure.com:443/\",\r\n        \"provisioningState\": \"Updating\",\r\n        \"failoverPriority\": 0,\r\n        \"isZoneRedundant\": false\r\n      }\r\n    ],\r\n    \"locations\": [\r\n      {\r\n        \"id\": \"dbaccount27-westus\",\r\n        \"locationName\": \"West US\",\r\n        \"documentEndpoint\": \"https://dbaccount27-westus.documents.azure.com:443/\",\r\n        \"provisioningState\": \"Updating\",\r\n        \"failoverPriority\": 0,\r\n        \"isZoneRedundant\": false\r\n      }\r\n    ],\r\n    \"failoverPolicies\": [\r\n      {\r\n        \"id\": \"dbaccount27-westus\",\r\n        \"locationName\": \"West US\",\r\n        \"failoverPriority\": 0\r\n      }\r\n    ],\r\n    \"cors\": [],\r\n    \"capabilities\": []\r\n  }\r\n}",
      "StatusCode": 200
    },
    {
      "RequestUri": "/subscriptions/12053b8f-cab5-4f5c-9c1a-870580142abd/providers/Microsoft.DocumentDB/locations/westus/operationsStatus/1a98bc82-617b-471f-a5f1-3848fadc3031?api-version=2019-08-01",
      "EncodedRequestUri": "L3N1YnNjcmlwdGlvbnMvMTIwNTNiOGYtY2FiNS00ZjVjLTljMWEtODcwNTgwMTQyYWJkL3Byb3ZpZGVycy9NaWNyb3NvZnQuRG9jdW1lbnREQi9sb2NhdGlvbnMvd2VzdHVzL29wZXJhdGlvbnNTdGF0dXMvMWE5OGJjODItNjE3Yi00NzFmLWE1ZjEtMzg0OGZhZGMzMDMxP2FwaS12ZXJzaW9uPTIwMTktMDgtMDE=",
      "RequestMethod": "GET",
      "RequestBody": "",
      "RequestHeaders": {
        "User-Agent": [
          "FxVersion/4.6.27817.03",
          "OSName/Windows",
          "OSVersion/Microsoft.Windows.10.0.18363.",
          "Microsoft.Azure.Management.CosmosDB.CosmosDBManagementClient/1.0.0.0"
        ]
      },
      "ResponseHeaders": {
        "Cache-Control": [
          "no-store, no-cache"
        ],
        "Pragma": [
          "no-cache"
        ],
        "Strict-Transport-Security": [
          "max-age=31536000; includeSubDomains"
        ],
        "x-ms-gatewayversion": [
          "version=2.7.0"
        ],
        "Server": [
          "Microsoft-HTTPAPI/2.0"
        ],
        "x-ms-ratelimit-remaining-subscription-reads": [
          "11997"
        ],
        "x-ms-request-id": [
          "8d1101ae-f271-433b-beb1-580bb4de0f55"
        ],
        "x-ms-correlation-request-id": [
          "8d1101ae-f271-433b-beb1-580bb4de0f55"
        ],
        "x-ms-routing-request-id": [
          "WESTUS:20191231T221249Z:8d1101ae-f271-433b-beb1-580bb4de0f55"
        ],
        "X-Content-Type-Options": [
          "nosniff"
        ],
        "Date": [
          "Tue, 31 Dec 2019 22:12:49 GMT"
        ],
        "Content-Length": [
          "32"
        ],
        "Content-Type": [
          "application/json"
        ],
        "Content-Location": [
          "https://management.documents.azure.com:450/subscriptions/12053b8f-cab5-4f5c-9c1a-870580142abd/providers/Microsoft.DocumentDB/locations/westus/operationsStatus/1a98bc82-617b-471f-a5f1-3848fadc3031?api-version=2019-08-01"
        ]
      },
      "ResponseBody": "{\r\n  \"status\": \"Dequeued\",\r\n  \"error\": {}\r\n}",
      "StatusCode": 200
    },
    {
      "RequestUri": "/subscriptions/12053b8f-cab5-4f5c-9c1a-870580142abd/providers/Microsoft.DocumentDB/locations/westus/operationsStatus/1a98bc82-617b-471f-a5f1-3848fadc3031?api-version=2019-08-01",
      "EncodedRequestUri": "L3N1YnNjcmlwdGlvbnMvMTIwNTNiOGYtY2FiNS00ZjVjLTljMWEtODcwNTgwMTQyYWJkL3Byb3ZpZGVycy9NaWNyb3NvZnQuRG9jdW1lbnREQi9sb2NhdGlvbnMvd2VzdHVzL29wZXJhdGlvbnNTdGF0dXMvMWE5OGJjODItNjE3Yi00NzFmLWE1ZjEtMzg0OGZhZGMzMDMxP2FwaS12ZXJzaW9uPTIwMTktMDgtMDE=",
      "RequestMethod": "GET",
      "RequestBody": "",
      "RequestHeaders": {
        "User-Agent": [
          "FxVersion/4.6.27817.03",
          "OSName/Windows",
          "OSVersion/Microsoft.Windows.10.0.18363.",
          "Microsoft.Azure.Management.CosmosDB.CosmosDBManagementClient/1.0.0.0"
        ]
      },
      "ResponseHeaders": {
        "Cache-Control": [
          "no-store, no-cache"
        ],
        "Pragma": [
          "no-cache"
        ],
        "Strict-Transport-Security": [
          "max-age=31536000; includeSubDomains"
        ],
        "x-ms-gatewayversion": [
          "version=2.7.0"
        ],
        "Server": [
          "Microsoft-HTTPAPI/2.0"
        ],
        "x-ms-ratelimit-remaining-subscription-reads": [
          "11996"
        ],
        "x-ms-request-id": [
          "8891e08b-3832-4149-a5d8-5b674d1b1245"
        ],
        "x-ms-correlation-request-id": [
          "8891e08b-3832-4149-a5d8-5b674d1b1245"
        ],
        "x-ms-routing-request-id": [
          "WESTUS:20191231T221320Z:8891e08b-3832-4149-a5d8-5b674d1b1245"
        ],
        "X-Content-Type-Options": [
          "nosniff"
        ],
        "Date": [
          "Tue, 31 Dec 2019 22:13:19 GMT"
        ],
        "Content-Length": [
          "32"
        ],
        "Content-Type": [
          "application/json"
        ],
        "Content-Location": [
          "https://management.documents.azure.com:450/subscriptions/12053b8f-cab5-4f5c-9c1a-870580142abd/providers/Microsoft.DocumentDB/locations/westus/operationsStatus/1a98bc82-617b-471f-a5f1-3848fadc3031?api-version=2019-08-01"
        ]
      },
      "ResponseBody": "{\r\n  \"status\": \"Dequeued\",\r\n  \"error\": {}\r\n}",
      "StatusCode": 200
    },
    {
      "RequestUri": "/subscriptions/12053b8f-cab5-4f5c-9c1a-870580142abd/providers/Microsoft.DocumentDB/locations/westus/operationsStatus/1a98bc82-617b-471f-a5f1-3848fadc3031?api-version=2019-08-01",
      "EncodedRequestUri": "L3N1YnNjcmlwdGlvbnMvMTIwNTNiOGYtY2FiNS00ZjVjLTljMWEtODcwNTgwMTQyYWJkL3Byb3ZpZGVycy9NaWNyb3NvZnQuRG9jdW1lbnREQi9sb2NhdGlvbnMvd2VzdHVzL29wZXJhdGlvbnNTdGF0dXMvMWE5OGJjODItNjE3Yi00NzFmLWE1ZjEtMzg0OGZhZGMzMDMxP2FwaS12ZXJzaW9uPTIwMTktMDgtMDE=",
      "RequestMethod": "GET",
      "RequestBody": "",
      "RequestHeaders": {
        "User-Agent": [
          "FxVersion/4.6.27817.03",
          "OSName/Windows",
          "OSVersion/Microsoft.Windows.10.0.18363.",
          "Microsoft.Azure.Management.CosmosDB.CosmosDBManagementClient/1.0.0.0"
        ]
      },
      "ResponseHeaders": {
        "Cache-Control": [
          "no-store, no-cache"
        ],
        "Pragma": [
          "no-cache"
        ],
        "Strict-Transport-Security": [
          "max-age=31536000; includeSubDomains"
        ],
        "x-ms-gatewayversion": [
          "version=2.7.0"
        ],
        "Server": [
          "Microsoft-HTTPAPI/2.0"
        ],
        "x-ms-ratelimit-remaining-subscription-reads": [
          "11995"
        ],
        "x-ms-request-id": [
          "1f254635-7efb-4d36-b1d0-f4453a7a6038"
        ],
        "x-ms-correlation-request-id": [
          "1f254635-7efb-4d36-b1d0-f4453a7a6038"
        ],
        "x-ms-routing-request-id": [
          "WESTUS:20191231T221350Z:1f254635-7efb-4d36-b1d0-f4453a7a6038"
        ],
        "X-Content-Type-Options": [
          "nosniff"
        ],
        "Date": [
          "Tue, 31 Dec 2019 22:13:49 GMT"
        ],
        "Content-Length": [
          "33"
        ],
        "Content-Type": [
          "application/json"
        ],
        "Content-Location": [
          "https://management.documents.azure.com:450/subscriptions/12053b8f-cab5-4f5c-9c1a-870580142abd/providers/Microsoft.DocumentDB/locations/westus/operationsStatus/1a98bc82-617b-471f-a5f1-3848fadc3031?api-version=2019-08-01"
        ]
      },
      "ResponseBody": "{\r\n  \"status\": \"Succeeded\",\r\n  \"error\": {}\r\n}",
      "StatusCode": 200
    },
    {
      "RequestUri": "/subscriptions/12053b8f-cab5-4f5c-9c1a-870580142abd/resourceGroups/CosmosDBResourceGroup27/providers/Microsoft.DocumentDB/databaseAccounts/dbaccount27/listKeys?api-version=2019-08-01",
      "EncodedRequestUri": "L3N1YnNjcmlwdGlvbnMvMTIwNTNiOGYtY2FiNS00ZjVjLTljMWEtODcwNTgwMTQyYWJkL3Jlc291cmNlR3JvdXBzL0Nvc21vc0RCUmVzb3VyY2VHcm91cDI3L3Byb3ZpZGVycy9NaWNyb3NvZnQuRG9jdW1lbnREQi9kYXRhYmFzZUFjY291bnRzL2RiYWNjb3VudDI3L2xpc3RLZXlzP2FwaS12ZXJzaW9uPTIwMTktMDgtMDE=",
      "RequestMethod": "POST",
      "RequestBody": "",
      "RequestHeaders": {
        "x-ms-client-request-id": [
          "5505c688-82c9-4a1b-8169-550787af44e4"
        ],
        "Accept-Language": [
          "en-US"
        ],
        "User-Agent": [
          "FxVersion/4.6.27817.03",
          "OSName/Windows",
          "OSVersion/Microsoft.Windows.10.0.18363.",
          "Microsoft.Azure.Management.CosmosDB.CosmosDBManagementClient/1.0.0.0"
        ]
      },
      "ResponseHeaders": {
        "Cache-Control": [
          "no-store, no-cache"
        ],
        "Pragma": [
          "no-cache"
        ],
        "Strict-Transport-Security": [
          "max-age=31536000; includeSubDomains"
        ],
        "x-ms-gatewayversion": [
          "version=2.7.0"
        ],
        "Server": [
          "Microsoft-HTTPAPI/2.0"
        ],
        "x-ms-ratelimit-remaining-subscription-writes": [
          "1199"
        ],
        "x-ms-request-id": [
          "e7b8a634-5beb-47f3-adbf-1ef2d71bf2ba"
        ],
        "x-ms-correlation-request-id": [
          "e7b8a634-5beb-47f3-adbf-1ef2d71bf2ba"
        ],
        "x-ms-routing-request-id": [
          "WESTUS:20191231T221351Z:e7b8a634-5beb-47f3-adbf-1ef2d71bf2ba"
        ],
        "X-Content-Type-Options": [
          "nosniff"
        ],
        "Date": [
          "Tue, 31 Dec 2019 22:13:50 GMT"
        ],
        "Content-Length": [
          "461"
        ],
        "Content-Type": [
          "application/json"
        ]
      },
      "ResponseBody": "{\r\n  \"primaryMasterKey\": \"suRYUCl1H3V8053LjfZzsK8Un3guRgnKKLo3BrqfGhoXJAb1ByUzMx7geJqj1kob1uuA3nzdQsWxO1yHdNS0Eg==\",\r\n  \"secondaryMasterKey\": \"9hfjLIChT0sYIkkO4wNIPb6S68E0wIGmuVXfUkXVJsVwa8lyCPi8K30GXRHFhOPHay6FLQGnVPxkwecs87n9fA==\",\r\n  \"primaryReadonlyMasterKey\": \"Fu2YFzpAeFHdIKprKSV03V5qxZD2LDMdjjDWkSdb4nhZZBxsg8VZ1KdNt2IPvMSJOETnsL1xAT6yWsjt0BtOMQ==\",\r\n  \"secondaryReadonlyMasterKey\": \"OZgnLRGQqzNXQ8rFd9uf5suAD1bVPfuLIP8JHDxaBVzcTumPyeX53WNWaxNIfD1mi4uvfPmbwtEGkvZw49l5NA==\"\r\n}",
      "StatusCode": 200
    },
    {
      "RequestUri": "/subscriptions/12053b8f-cab5-4f5c-9c1a-870580142abd/resourceGroups/CosmosDBResourceGroup27/providers/Microsoft.DocumentDB/databaseAccounts/dbaccount27/listConnectionStrings?api-version=2019-08-01",
      "EncodedRequestUri": "L3N1YnNjcmlwdGlvbnMvMTIwNTNiOGYtY2FiNS00ZjVjLTljMWEtODcwNTgwMTQyYWJkL3Jlc291cmNlR3JvdXBzL0Nvc21vc0RCUmVzb3VyY2VHcm91cDI3L3Byb3ZpZGVycy9NaWNyb3NvZnQuRG9jdW1lbnREQi9kYXRhYmFzZUFjY291bnRzL2RiYWNjb3VudDI3L2xpc3RDb25uZWN0aW9uU3RyaW5ncz9hcGktdmVyc2lvbj0yMDE5LTA4LTAx",
      "RequestMethod": "POST",
      "RequestBody": "",
      "RequestHeaders": {
        "x-ms-client-request-id": [
          "fe8d83e2-e4b4-42c5-8191-066ca14af719"
        ],
        "Accept-Language": [
          "en-US"
        ],
        "User-Agent": [
          "FxVersion/4.6.27817.03",
          "OSName/Windows",
          "OSVersion/Microsoft.Windows.10.0.18363.",
          "Microsoft.Azure.Management.CosmosDB.CosmosDBManagementClient/1.0.0.0"
        ]
      },
      "ResponseHeaders": {
        "Cache-Control": [
          "no-store, no-cache"
        ],
        "Pragma": [
          "no-cache"
        ],
        "Strict-Transport-Security": [
          "max-age=31536000; includeSubDomains"
        ],
        "x-ms-gatewayversion": [
          "version=2.7.0"
        ],
        "Server": [
          "Microsoft-HTTPAPI/2.0"
        ],
        "x-ms-ratelimit-remaining-subscription-writes": [
          "1198"
        ],
        "x-ms-request-id": [
          "e380f509-361e-41ab-bb8b-3aee75bc56ce"
        ],
        "x-ms-correlation-request-id": [
          "e380f509-361e-41ab-bb8b-3aee75bc56ce"
        ],
        "x-ms-routing-request-id": [
          "WESTUS:20191231T221351Z:e380f509-361e-41ab-bb8b-3aee75bc56ce"
        ],
        "X-Content-Type-Options": [
          "nosniff"
        ],
        "Date": [
          "Tue, 31 Dec 2019 22:13:50 GMT"
        ],
        "Content-Length": [
          "971"
        ],
        "Content-Type": [
          "application/json"
        ]
      },
      "ResponseBody": "{\r\n  \"connectionStrings\": [\r\n    {\r\n      \"connectionString\": \"AccountEndpoint=https://dbaccount27.documents.azure.com:443/;AccountKey=suRYUCl1H3V8053LjfZzsK8Un3guRgnKKLo3BrqfGhoXJAb1ByUzMx7geJqj1kob1uuA3nzdQsWxO1yHdNS0Eg==;\",\r\n      \"description\": \"Primary SQL Connection String\"\r\n    },\r\n    {\r\n      \"connectionString\": \"AccountEndpoint=https://dbaccount27.documents.azure.com:443/;AccountKey=9hfjLIChT0sYIkkO4wNIPb6S68E0wIGmuVXfUkXVJsVwa8lyCPi8K30GXRHFhOPHay6FLQGnVPxkwecs87n9fA==;\",\r\n      \"description\": \"Secondary SQL Connection String\"\r\n    },\r\n    {\r\n      \"connectionString\": \"AccountEndpoint=https://dbaccount27.documents.azure.com:443/;AccountKey=Fu2YFzpAeFHdIKprKSV03V5qxZD2LDMdjjDWkSdb4nhZZBxsg8VZ1KdNt2IPvMSJOETnsL1xAT6yWsjt0BtOMQ==;\",\r\n      \"description\": \"Primary Read-Only SQL Connection String\"\r\n    },\r\n    {\r\n      \"connectionString\": \"AccountEndpoint=https://dbaccount27.documents.azure.com:443/;AccountKey=OZgnLRGQqzNXQ8rFd9uf5suAD1bVPfuLIP8JHDxaBVzcTumPyeX53WNWaxNIfD1mi4uvfPmbwtEGkvZw49l5NA==;\",\r\n      \"description\": \"Secondary Read-Only SQL Connection String\"\r\n    }\r\n  ]\r\n}",
      "StatusCode": 200
    },
    {
      "RequestUri": "/subscriptions/12053b8f-cab5-4f5c-9c1a-870580142abd/resourceGroups/CosmosDBResourceGroup27/providers/Microsoft.DocumentDB/databaseAccounts/dbaccount27/readonlykeys?api-version=2019-08-01",
      "EncodedRequestUri": "L3N1YnNjcmlwdGlvbnMvMTIwNTNiOGYtY2FiNS00ZjVjLTljMWEtODcwNTgwMTQyYWJkL3Jlc291cmNlR3JvdXBzL0Nvc21vc0RCUmVzb3VyY2VHcm91cDI3L3Byb3ZpZGVycy9NaWNyb3NvZnQuRG9jdW1lbnREQi9kYXRhYmFzZUFjY291bnRzL2RiYWNjb3VudDI3L3JlYWRvbmx5a2V5cz9hcGktdmVyc2lvbj0yMDE5LTA4LTAx",
      "RequestMethod": "POST",
      "RequestBody": "",
      "RequestHeaders": {
        "x-ms-client-request-id": [
          "6fbe0d23-ebc2-440a-ad1e-6447270e2fba"
        ],
        "Accept-Language": [
          "en-US"
        ],
        "User-Agent": [
          "FxVersion/4.6.27817.03",
          "OSName/Windows",
          "OSVersion/Microsoft.Windows.10.0.18363.",
          "Microsoft.Azure.Management.CosmosDB.CosmosDBManagementClient/1.0.0.0"
        ]
      },
      "ResponseHeaders": {
        "Cache-Control": [
          "no-store, no-cache"
        ],
        "Pragma": [
          "no-cache"
        ],
        "Strict-Transport-Security": [
          "max-age=31536000; includeSubDomains"
        ],
        "x-ms-gatewayversion": [
          "version=2.7.0"
        ],
        "Server": [
          "Microsoft-HTTPAPI/2.0"
        ],
        "x-ms-ratelimit-remaining-subscription-writes": [
          "1197"
        ],
        "x-ms-request-id": [
          "375e0f54-f82d-4513-81ef-4952af24b0de"
        ],
        "x-ms-correlation-request-id": [
          "375e0f54-f82d-4513-81ef-4952af24b0de"
        ],
        "x-ms-routing-request-id": [
          "WESTUS:20191231T221351Z:375e0f54-f82d-4513-81ef-4952af24b0de"
        ],
        "X-Content-Type-Options": [
          "nosniff"
        ],
        "Date": [
          "Tue, 31 Dec 2019 22:13:51 GMT"
        ],
        "Content-Length": [
          "239"
        ],
        "Content-Type": [
          "application/json"
        ]
      },
      "ResponseBody": "{\r\n  \"primaryReadonlyMasterKey\": \"Fu2YFzpAeFHdIKprKSV03V5qxZD2LDMdjjDWkSdb4nhZZBxsg8VZ1KdNt2IPvMSJOETnsL1xAT6yWsjt0BtOMQ==\",\r\n  \"secondaryReadonlyMasterKey\": \"OZgnLRGQqzNXQ8rFd9uf5suAD1bVPfuLIP8JHDxaBVzcTumPyeX53WNWaxNIfD1mi4uvfPmbwtEGkvZw49l5NA==\"\r\n}",
      "StatusCode": 200
    },
    {
      "RequestUri": "/subscriptions/12053b8f-cab5-4f5c-9c1a-870580142abd/resourceGroups/CosmosDBResourceGroup27/providers/Microsoft.DocumentDB/databaseAccounts/dbaccount27/regenerateKey?api-version=2019-08-01",
      "EncodedRequestUri": "L3N1YnNjcmlwdGlvbnMvMTIwNTNiOGYtY2FiNS00ZjVjLTljMWEtODcwNTgwMTQyYWJkL3Jlc291cmNlR3JvdXBzL0Nvc21vc0RCUmVzb3VyY2VHcm91cDI3L3Byb3ZpZGVycy9NaWNyb3NvZnQuRG9jdW1lbnREQi9kYXRhYmFzZUFjY291bnRzL2RiYWNjb3VudDI3L3JlZ2VuZXJhdGVLZXk/YXBpLXZlcnNpb249MjAxOS0wOC0wMQ==",
      "RequestMethod": "POST",
      "RequestBody": "{\r\n  \"keyKind\": \"primary\"\r\n}",
      "RequestHeaders": {
        "x-ms-client-request-id": [
          "bb59343b-3ea7-42ee-8012-319601f77afc"
        ],
        "Accept-Language": [
          "en-US"
        ],
        "User-Agent": [
          "FxVersion/4.6.27817.03",
          "OSName/Windows",
          "OSVersion/Microsoft.Windows.10.0.18363.",
          "Microsoft.Azure.Management.CosmosDB.CosmosDBManagementClient/1.0.0.0"
        ],
        "Content-Type": [
          "application/json; charset=utf-8"
        ],
        "Content-Length": [
          "28"
        ]
      },
      "ResponseHeaders": {
        "Cache-Control": [
          "no-store, no-cache"
        ],
        "Pragma": [
          "no-cache"
        ],
        "Location": [
          "https://management.azure.com/subscriptions/12053b8f-cab5-4f5c-9c1a-870580142abd/resourceGroups/CosmosDBResourceGroup27/providers/Microsoft.DocumentDB/databaseAccounts/dbaccount27/regenerateKey/operationResults/22fd9a6c-fff6-4dfc-9b6d-686e6c56457c?api-version=2019-08-01"
        ],
        "Azure-AsyncOperation": [
          "https://management.azure.com/subscriptions/12053b8f-cab5-4f5c-9c1a-870580142abd/providers/Microsoft.DocumentDB/locations/westus/operationsStatus/22fd9a6c-fff6-4dfc-9b6d-686e6c56457c?api-version=2019-08-01"
        ],
        "x-ms-request-id": [
          "22fd9a6c-fff6-4dfc-9b6d-686e6c56457c"
        ],
        "Strict-Transport-Security": [
          "max-age=31536000; includeSubDomains"
        ],
        "x-ms-gatewayversion": [
          "version=2.7.0"
        ],
        "Server": [
          "Microsoft-HTTPAPI/2.0"
        ],
        "x-ms-ratelimit-remaining-subscription-writes": [
          "1196"
        ],
        "x-ms-correlation-request-id": [
          "8d8641cf-5b03-421e-b5d9-0492f8e26f76"
        ],
        "x-ms-routing-request-id": [
          "WESTUS:20191231T221352Z:8d8641cf-5b03-421e-b5d9-0492f8e26f76"
        ],
        "X-Content-Type-Options": [
          "nosniff"
        ],
        "Date": [
          "Tue, 31 Dec 2019 22:13:52 GMT"
        ],
        "Content-Length": [
          "32"
        ],
        "Content-Type": [
          "application/json"
        ]
      },
      "ResponseBody": "{\r\n  \"status\": \"Enqueued\",\r\n  \"error\": {}\r\n}",
      "StatusCode": 202
    },
    {
      "RequestUri": "/subscriptions/12053b8f-cab5-4f5c-9c1a-870580142abd/providers/Microsoft.DocumentDB/locations/westus/operationsStatus/22fd9a6c-fff6-4dfc-9b6d-686e6c56457c?api-version=2019-08-01",
      "EncodedRequestUri": "L3N1YnNjcmlwdGlvbnMvMTIwNTNiOGYtY2FiNS00ZjVjLTljMWEtODcwNTgwMTQyYWJkL3Byb3ZpZGVycy9NaWNyb3NvZnQuRG9jdW1lbnREQi9sb2NhdGlvbnMvd2VzdHVzL29wZXJhdGlvbnNTdGF0dXMvMjJmZDlhNmMtZmZmNi00ZGZjLTliNmQtNjg2ZTZjNTY0NTdjP2FwaS12ZXJzaW9uPTIwMTktMDgtMDE=",
      "RequestMethod": "GET",
      "RequestBody": "",
      "RequestHeaders": {
        "User-Agent": [
          "FxVersion/4.6.27817.03",
          "OSName/Windows",
          "OSVersion/Microsoft.Windows.10.0.18363.",
          "Microsoft.Azure.Management.CosmosDB.CosmosDBManagementClient/1.0.0.0"
        ]
      },
      "ResponseHeaders": {
        "Cache-Control": [
          "no-store, no-cache"
        ],
        "Pragma": [
          "no-cache"
        ],
        "Strict-Transport-Security": [
          "max-age=31536000; includeSubDomains"
        ],
        "x-ms-gatewayversion": [
          "version=2.7.0"
        ],
        "Server": [
          "Microsoft-HTTPAPI/2.0"
        ],
        "x-ms-ratelimit-remaining-subscription-reads": [
          "11992"
        ],
        "x-ms-request-id": [
          "71d6285b-a24f-4804-ad16-af17dc333723"
        ],
        "x-ms-correlation-request-id": [
          "71d6285b-a24f-4804-ad16-af17dc333723"
        ],
        "x-ms-routing-request-id": [
          "WESTUS:20191231T221423Z:71d6285b-a24f-4804-ad16-af17dc333723"
        ],
        "X-Content-Type-Options": [
          "nosniff"
        ],
        "Date": [
          "Tue, 31 Dec 2019 22:14:23 GMT"
        ],
        "Content-Length": [
          "32"
        ],
        "Content-Type": [
          "application/json"
        ],
        "Content-Location": [
          "https://management.documents.azure.com:450/subscriptions/12053b8f-cab5-4f5c-9c1a-870580142abd/providers/Microsoft.DocumentDB/locations/westus/operationsStatus/22fd9a6c-fff6-4dfc-9b6d-686e6c56457c?api-version=2019-08-01"
        ]
      },
      "ResponseBody": "{\r\n  \"status\": \"Dequeued\",\r\n  \"error\": {}\r\n}",
      "StatusCode": 200
    },
    {
      "RequestUri": "/subscriptions/12053b8f-cab5-4f5c-9c1a-870580142abd/providers/Microsoft.DocumentDB/locations/westus/operationsStatus/22fd9a6c-fff6-4dfc-9b6d-686e6c56457c?api-version=2019-08-01",
      "EncodedRequestUri": "L3N1YnNjcmlwdGlvbnMvMTIwNTNiOGYtY2FiNS00ZjVjLTljMWEtODcwNTgwMTQyYWJkL3Byb3ZpZGVycy9NaWNyb3NvZnQuRG9jdW1lbnREQi9sb2NhdGlvbnMvd2VzdHVzL29wZXJhdGlvbnNTdGF0dXMvMjJmZDlhNmMtZmZmNi00ZGZjLTliNmQtNjg2ZTZjNTY0NTdjP2FwaS12ZXJzaW9uPTIwMTktMDgtMDE=",
      "RequestMethod": "GET",
      "RequestBody": "",
      "RequestHeaders": {
        "User-Agent": [
          "FxVersion/4.6.27817.03",
          "OSName/Windows",
          "OSVersion/Microsoft.Windows.10.0.18363.",
          "Microsoft.Azure.Management.CosmosDB.CosmosDBManagementClient/1.0.0.0"
        ]
      },
      "ResponseHeaders": {
        "Cache-Control": [
          "no-store, no-cache"
        ],
        "Pragma": [
          "no-cache"
        ],
        "Strict-Transport-Security": [
          "max-age=31536000; includeSubDomains"
        ],
        "x-ms-gatewayversion": [
          "version=2.7.0"
        ],
        "Server": [
          "Microsoft-HTTPAPI/2.0"
        ],
        "x-ms-ratelimit-remaining-subscription-reads": [
          "11991"
        ],
        "x-ms-request-id": [
          "b87ddd56-39e9-4bcd-8e81-6b657de84c1c"
        ],
        "x-ms-correlation-request-id": [
          "b87ddd56-39e9-4bcd-8e81-6b657de84c1c"
        ],
        "x-ms-routing-request-id": [
          "WESTUS:20191231T221453Z:b87ddd56-39e9-4bcd-8e81-6b657de84c1c"
        ],
        "X-Content-Type-Options": [
          "nosniff"
        ],
        "Date": [
          "Tue, 31 Dec 2019 22:14:52 GMT"
        ],
        "Content-Length": [
          "32"
        ],
        "Content-Type": [
          "application/json"
        ],
        "Content-Location": [
          "https://management.documents.azure.com:450/subscriptions/12053b8f-cab5-4f5c-9c1a-870580142abd/providers/Microsoft.DocumentDB/locations/westus/operationsStatus/22fd9a6c-fff6-4dfc-9b6d-686e6c56457c?api-version=2019-08-01"
        ]
      },
      "ResponseBody": "{\r\n  \"status\": \"Dequeued\",\r\n  \"error\": {}\r\n}",
      "StatusCode": 200
    },
    {
      "RequestUri": "/subscriptions/12053b8f-cab5-4f5c-9c1a-870580142abd/providers/Microsoft.DocumentDB/locations/westus/operationsStatus/22fd9a6c-fff6-4dfc-9b6d-686e6c56457c?api-version=2019-08-01",
      "EncodedRequestUri": "L3N1YnNjcmlwdGlvbnMvMTIwNTNiOGYtY2FiNS00ZjVjLTljMWEtODcwNTgwMTQyYWJkL3Byb3ZpZGVycy9NaWNyb3NvZnQuRG9jdW1lbnREQi9sb2NhdGlvbnMvd2VzdHVzL29wZXJhdGlvbnNTdGF0dXMvMjJmZDlhNmMtZmZmNi00ZGZjLTliNmQtNjg2ZTZjNTY0NTdjP2FwaS12ZXJzaW9uPTIwMTktMDgtMDE=",
      "RequestMethod": "GET",
      "RequestBody": "",
      "RequestHeaders": {
        "User-Agent": [
          "FxVersion/4.6.27817.03",
          "OSName/Windows",
          "OSVersion/Microsoft.Windows.10.0.18363.",
          "Microsoft.Azure.Management.CosmosDB.CosmosDBManagementClient/1.0.0.0"
        ]
      },
      "ResponseHeaders": {
        "Cache-Control": [
          "no-store, no-cache"
        ],
        "Pragma": [
          "no-cache"
        ],
        "Strict-Transport-Security": [
          "max-age=31536000; includeSubDomains"
        ],
        "x-ms-gatewayversion": [
          "version=2.7.0"
        ],
        "Server": [
          "Microsoft-HTTPAPI/2.0"
        ],
        "x-ms-ratelimit-remaining-subscription-reads": [
          "11990"
        ],
        "x-ms-request-id": [
          "0f82dd64-d5b5-43fd-b811-1b2ce29ef1c6"
        ],
        "x-ms-correlation-request-id": [
          "0f82dd64-d5b5-43fd-b811-1b2ce29ef1c6"
        ],
        "x-ms-routing-request-id": [
          "WESTUS:20191231T221523Z:0f82dd64-d5b5-43fd-b811-1b2ce29ef1c6"
        ],
        "X-Content-Type-Options": [
          "nosniff"
        ],
        "Date": [
          "Tue, 31 Dec 2019 22:15:22 GMT"
        ],
        "Content-Length": [
          "33"
        ],
        "Content-Type": [
          "application/json"
        ],
        "Content-Location": [
          "https://management.documents.azure.com:450/subscriptions/12053b8f-cab5-4f5c-9c1a-870580142abd/providers/Microsoft.DocumentDB/locations/westus/operationsStatus/22fd9a6c-fff6-4dfc-9b6d-686e6c56457c?api-version=2019-08-01"
        ]
      },
      "ResponseBody": "{\r\n  \"status\": \"Succeeded\",\r\n  \"error\": {}\r\n}",
      "StatusCode": 200
    },
    {
      "RequestUri": "/subscriptions/12053b8f-cab5-4f5c-9c1a-870580142abd/resourceGroups/CosmosDBResourceGroup27/providers/Microsoft.DocumentDB/databaseAccounts/dbaccount27/regenerateKey/operationResults/22fd9a6c-fff6-4dfc-9b6d-686e6c56457c?api-version=2019-08-01",
      "EncodedRequestUri": "L3N1YnNjcmlwdGlvbnMvMTIwNTNiOGYtY2FiNS00ZjVjLTljMWEtODcwNTgwMTQyYWJkL3Jlc291cmNlR3JvdXBzL0Nvc21vc0RCUmVzb3VyY2VHcm91cDI3L3Byb3ZpZGVycy9NaWNyb3NvZnQuRG9jdW1lbnREQi9kYXRhYmFzZUFjY291bnRzL2RiYWNjb3VudDI3L3JlZ2VuZXJhdGVLZXkvb3BlcmF0aW9uUmVzdWx0cy8yMmZkOWE2Yy1mZmY2LTRkZmMtOWI2ZC02ODZlNmM1NjQ1N2M/YXBpLXZlcnNpb249MjAxOS0wOC0wMQ==",
      "RequestMethod": "GET",
      "RequestBody": "",
      "RequestHeaders": {
        "User-Agent": [
          "FxVersion/4.6.27817.03",
          "OSName/Windows",
          "OSVersion/Microsoft.Windows.10.0.18363.",
          "Microsoft.Azure.Management.CosmosDB.CosmosDBManagementClient/1.0.0.0"
        ]
      },
      "ResponseHeaders": {
        "Cache-Control": [
          "no-store, no-cache"
        ],
        "Pragma": [
          "no-cache"
        ],
        "Strict-Transport-Security": [
          "max-age=31536000; includeSubDomains"
        ],
        "x-ms-gatewayversion": [
          "version=2.7.0"
        ],
        "Server": [
          "Microsoft-HTTPAPI/2.0"
        ],
        "x-ms-ratelimit-remaining-subscription-reads": [
          "11989"
        ],
        "x-ms-request-id": [
          "721b84fc-d613-4145-84fc-5c2ec399a7c8"
        ],
        "x-ms-correlation-request-id": [
          "721b84fc-d613-4145-84fc-5c2ec399a7c8"
        ],
        "x-ms-routing-request-id": [
          "WESTUS:20191231T221524Z:721b84fc-d613-4145-84fc-5c2ec399a7c8"
        ],
        "X-Content-Type-Options": [
          "nosniff"
        ],
        "Date": [
          "Tue, 31 Dec 2019 22:15:24 GMT"
        ],
        "Content-Length": [
          "461"
        ],
        "Content-Type": [
          "application/json"
        ],
        "Content-Location": [
          "https://management.documents.azure.com:450/subscriptions/12053b8f-cab5-4f5c-9c1a-870580142abd/resourceGroups/CosmosDBResourceGroup27/providers/Microsoft.DocumentDB/databaseAccounts/dbaccount27/regenerateKey/operationResults/22fd9a6c-fff6-4dfc-9b6d-686e6c56457c?api-version=2019-08-01"
        ]
      },
      "ResponseBody": "{\r\n  \"primaryMasterKey\": \"H0sL3ZKkNyWMxenHDNxk3XARTBbEXe5rPVrB3JRQ5rZ1yFRtL3nuaNhNafTbeplYISAVRYoGCf0xRr3R1tBDVQ==\",\r\n  \"secondaryMasterKey\": \"9hfjLIChT0sYIkkO4wNIPb6S68E0wIGmuVXfUkXVJsVwa8lyCPi8K30GXRHFhOPHay6FLQGnVPxkwecs87n9fA==\",\r\n  \"primaryReadonlyMasterKey\": \"Fu2YFzpAeFHdIKprKSV03V5qxZD2LDMdjjDWkSdb4nhZZBxsg8VZ1KdNt2IPvMSJOETnsL1xAT6yWsjt0BtOMQ==\",\r\n  \"secondaryReadonlyMasterKey\": \"OZgnLRGQqzNXQ8rFd9uf5suAD1bVPfuLIP8JHDxaBVzcTumPyeX53WNWaxNIfD1mi4uvfPmbwtEGkvZw49l5NA==\"\r\n}",
      "StatusCode": 200
    },
    {
      "RequestUri": "/subscriptions/12053b8f-cab5-4f5c-9c1a-870580142abd/resourceGroups/CosmosDBResourceGroup27/providers/Microsoft.DocumentDB/databaseAccounts/dbaccount27?api-version=2019-08-01",
      "EncodedRequestUri": "L3N1YnNjcmlwdGlvbnMvMTIwNTNiOGYtY2FiNS00ZjVjLTljMWEtODcwNTgwMTQyYWJkL3Jlc291cmNlR3JvdXBzL0Nvc21vc0RCUmVzb3VyY2VHcm91cDI3L3Byb3ZpZGVycy9NaWNyb3NvZnQuRG9jdW1lbnREQi9kYXRhYmFzZUFjY291bnRzL2RiYWNjb3VudDI3P2FwaS12ZXJzaW9uPTIwMTktMDgtMDE=",
      "RequestMethod": "DELETE",
      "RequestBody": "",
      "RequestHeaders": {
        "x-ms-client-request-id": [
          "3c6e108f-3ca1-4735-8866-122516ac539c"
        ],
        "Accept-Language": [
          "en-US"
        ],
        "User-Agent": [
          "FxVersion/4.6.27817.03",
          "OSName/Windows",
          "OSVersion/Microsoft.Windows.10.0.18363.",
          "Microsoft.Azure.Management.CosmosDB.CosmosDBManagementClient/1.0.0.0"
        ]
      },
      "ResponseHeaders": {
        "Cache-Control": [
          "no-store, no-cache"
        ],
        "Pragma": [
          "no-cache"
        ],
        "Location": [
          "https://management.azure.com/subscriptions/12053b8f-cab5-4f5c-9c1a-870580142abd/providers/Microsoft.DocumentDB/operationResults/491edc77-20c9-4997-bf98-e281228cd907?api-version=2019-08-01"
        ],
        "Azure-AsyncOperation": [
          "https://management.azure.com/subscriptions/12053b8f-cab5-4f5c-9c1a-870580142abd/providers/Microsoft.DocumentDB/locations/westus/operationsStatus/491edc77-20c9-4997-bf98-e281228cd907?api-version=2019-08-01"
        ],
        "x-ms-request-id": [
          "491edc77-20c9-4997-bf98-e281228cd907"
        ],
        "Strict-Transport-Security": [
          "max-age=31536000; includeSubDomains"
        ],
        "x-ms-gatewayversion": [
          "version=2.7.0"
        ],
        "Server": [
          "Microsoft-HTTPAPI/2.0"
        ],
        "x-ms-ratelimit-remaining-subscription-deletes": [
          "14999"
        ],
        "x-ms-correlation-request-id": [
          "39283ceb-9856-41db-bce8-8beed2f57eb3"
        ],
        "x-ms-routing-request-id": [
          "WESTUS:20191231T221527Z:39283ceb-9856-41db-bce8-8beed2f57eb3"
        ],
        "X-Content-Type-Options": [
          "nosniff"
        ],
        "Date": [
          "Tue, 31 Dec 2019 22:15:27 GMT"
        ],
        "Content-Length": [
          "32"
        ],
        "Content-Type": [
          "application/json"
        ],
        "Content-Location": [
          "https://management.documents.azure.com:450/subscriptions/12053b8f-cab5-4f5c-9c1a-870580142abd/resourceGroups/CosmosDBResourceGroup27/providers/Microsoft.DocumentDB/databaseAccounts/dbaccount27?api-version=2019-08-01"
        ]
      },
      "ResponseBody": "{\r\n  \"status\": \"Enqueued\",\r\n  \"error\": {}\r\n}",
      "StatusCode": 202
    },
    {
      "RequestUri": "/subscriptions/12053b8f-cab5-4f5c-9c1a-870580142abd/providers/Microsoft.DocumentDB/locations/westus/operationsStatus/491edc77-20c9-4997-bf98-e281228cd907?api-version=2019-08-01",
      "EncodedRequestUri": "L3N1YnNjcmlwdGlvbnMvMTIwNTNiOGYtY2FiNS00ZjVjLTljMWEtODcwNTgwMTQyYWJkL3Byb3ZpZGVycy9NaWNyb3NvZnQuRG9jdW1lbnREQi9sb2NhdGlvbnMvd2VzdHVzL29wZXJhdGlvbnNTdGF0dXMvNDkxZWRjNzctMjBjOS00OTk3LWJmOTgtZTI4MTIyOGNkOTA3P2FwaS12ZXJzaW9uPTIwMTktMDgtMDE=",
      "RequestMethod": "GET",
      "RequestBody": "",
      "RequestHeaders": {
        "User-Agent": [
          "FxVersion/4.6.27817.03",
          "OSName/Windows",
          "OSVersion/Microsoft.Windows.10.0.18363.",
          "Microsoft.Azure.Management.CosmosDB.CosmosDBManagementClient/1.0.0.0"
        ]
      },
      "ResponseHeaders": {
        "Cache-Control": [
          "no-store, no-cache"
        ],
        "Pragma": [
          "no-cache"
        ],
        "Strict-Transport-Security": [
          "max-age=31536000; includeSubDomains"
        ],
        "x-ms-gatewayversion": [
          "version=2.7.0"
        ],
        "Server": [
          "Microsoft-HTTPAPI/2.0"
        ],
        "x-ms-ratelimit-remaining-subscription-reads": [
          "11988"
        ],
        "x-ms-request-id": [
          "29fbba8b-1d1f-4de6-8ac5-3b3940e6d253"
        ],
        "x-ms-correlation-request-id": [
          "29fbba8b-1d1f-4de6-8ac5-3b3940e6d253"
        ],
        "x-ms-routing-request-id": [
          "WESTUS:20191231T221557Z:29fbba8b-1d1f-4de6-8ac5-3b3940e6d253"
        ],
        "X-Content-Type-Options": [
          "nosniff"
        ],
        "Date": [
          "Tue, 31 Dec 2019 22:15:57 GMT"
        ],
        "Content-Length": [
          "32"
        ],
        "Content-Type": [
          "application/json"
        ],
        "Content-Location": [
          "https://management.documents.azure.com:450/subscriptions/12053b8f-cab5-4f5c-9c1a-870580142abd/providers/Microsoft.DocumentDB/locations/westus/operationsStatus/491edc77-20c9-4997-bf98-e281228cd907?api-version=2019-08-01"
        ]
      },
      "ResponseBody": "{\r\n  \"status\": \"Dequeued\",\r\n  \"error\": {}\r\n}",
      "StatusCode": 200
    },
    {
      "RequestUri": "/subscriptions/12053b8f-cab5-4f5c-9c1a-870580142abd/providers/Microsoft.DocumentDB/locations/westus/operationsStatus/491edc77-20c9-4997-bf98-e281228cd907?api-version=2019-08-01",
      "EncodedRequestUri": "L3N1YnNjcmlwdGlvbnMvMTIwNTNiOGYtY2FiNS00ZjVjLTljMWEtODcwNTgwMTQyYWJkL3Byb3ZpZGVycy9NaWNyb3NvZnQuRG9jdW1lbnREQi9sb2NhdGlvbnMvd2VzdHVzL29wZXJhdGlvbnNTdGF0dXMvNDkxZWRjNzctMjBjOS00OTk3LWJmOTgtZTI4MTIyOGNkOTA3P2FwaS12ZXJzaW9uPTIwMTktMDgtMDE=",
      "RequestMethod": "GET",
      "RequestBody": "",
      "RequestHeaders": {
        "User-Agent": [
          "FxVersion/4.6.27817.03",
          "OSName/Windows",
          "OSVersion/Microsoft.Windows.10.0.18363.",
          "Microsoft.Azure.Management.CosmosDB.CosmosDBManagementClient/1.0.0.0"
        ]
      },
      "ResponseHeaders": {
        "Cache-Control": [
          "no-store, no-cache"
        ],
        "Pragma": [
          "no-cache"
        ],
        "Strict-Transport-Security": [
          "max-age=31536000; includeSubDomains"
        ],
        "x-ms-gatewayversion": [
          "version=2.7.0"
        ],
        "Server": [
          "Microsoft-HTTPAPI/2.0"
        ],
        "x-ms-ratelimit-remaining-subscription-reads": [
          "11987"
        ],
        "x-ms-request-id": [
          "d26ac849-d478-45af-a47c-e53a6202e8a6"
        ],
        "x-ms-correlation-request-id": [
          "d26ac849-d478-45af-a47c-e53a6202e8a6"
        ],
        "x-ms-routing-request-id": [
          "WESTUS:20191231T221628Z:d26ac849-d478-45af-a47c-e53a6202e8a6"
        ],
        "X-Content-Type-Options": [
          "nosniff"
        ],
        "Date": [
          "Tue, 31 Dec 2019 22:16:27 GMT"
        ],
        "Content-Length": [
          "32"
        ],
        "Content-Type": [
          "application/json"
        ],
        "Content-Location": [
          "https://management.documents.azure.com:450/subscriptions/12053b8f-cab5-4f5c-9c1a-870580142abd/providers/Microsoft.DocumentDB/locations/westus/operationsStatus/491edc77-20c9-4997-bf98-e281228cd907?api-version=2019-08-01"
        ]
      },
      "ResponseBody": "{\r\n  \"status\": \"Dequeued\",\r\n  \"error\": {}\r\n}",
      "StatusCode": 200
    },
    {
      "RequestUri": "/subscriptions/12053b8f-cab5-4f5c-9c1a-870580142abd/providers/Microsoft.DocumentDB/locations/westus/operationsStatus/491edc77-20c9-4997-bf98-e281228cd907?api-version=2019-08-01",
      "EncodedRequestUri": "L3N1YnNjcmlwdGlvbnMvMTIwNTNiOGYtY2FiNS00ZjVjLTljMWEtODcwNTgwMTQyYWJkL3Byb3ZpZGVycy9NaWNyb3NvZnQuRG9jdW1lbnREQi9sb2NhdGlvbnMvd2VzdHVzL29wZXJhdGlvbnNTdGF0dXMvNDkxZWRjNzctMjBjOS00OTk3LWJmOTgtZTI4MTIyOGNkOTA3P2FwaS12ZXJzaW9uPTIwMTktMDgtMDE=",
      "RequestMethod": "GET",
      "RequestBody": "",
      "RequestHeaders": {
        "User-Agent": [
          "FxVersion/4.6.27817.03",
          "OSName/Windows",
          "OSVersion/Microsoft.Windows.10.0.18363.",
          "Microsoft.Azure.Management.CosmosDB.CosmosDBManagementClient/1.0.0.0"
        ]
      },
      "ResponseHeaders": {
        "Cache-Control": [
          "no-store, no-cache"
        ],
        "Pragma": [
          "no-cache"
        ],
        "Strict-Transport-Security": [
          "max-age=31536000; includeSubDomains"
        ],
        "x-ms-gatewayversion": [
          "version=2.7.0"
        ],
        "Server": [
          "Microsoft-HTTPAPI/2.0"
        ],
        "x-ms-ratelimit-remaining-subscription-reads": [
          "11986"
        ],
        "x-ms-request-id": [
          "15a6f8c2-2734-47ff-86e6-20aa887ec8d5"
        ],
        "x-ms-correlation-request-id": [
          "15a6f8c2-2734-47ff-86e6-20aa887ec8d5"
        ],
        "x-ms-routing-request-id": [
          "WESTUS:20191231T221658Z:15a6f8c2-2734-47ff-86e6-20aa887ec8d5"
        ],
        "X-Content-Type-Options": [
          "nosniff"
        ],
        "Date": [
          "Tue, 31 Dec 2019 22:16:57 GMT"
        ],
        "Content-Length": [
          "32"
        ],
        "Content-Type": [
          "application/json"
        ],
        "Content-Location": [
          "https://management.documents.azure.com:450/subscriptions/12053b8f-cab5-4f5c-9c1a-870580142abd/providers/Microsoft.DocumentDB/locations/westus/operationsStatus/491edc77-20c9-4997-bf98-e281228cd907?api-version=2019-08-01"
        ]
      },
      "ResponseBody": "{\r\n  \"status\": \"Dequeued\",\r\n  \"error\": {}\r\n}",
      "StatusCode": 200
    },
    {
      "RequestUri": "/subscriptions/12053b8f-cab5-4f5c-9c1a-870580142abd/providers/Microsoft.DocumentDB/locations/westus/operationsStatus/491edc77-20c9-4997-bf98-e281228cd907?api-version=2019-08-01",
      "EncodedRequestUri": "L3N1YnNjcmlwdGlvbnMvMTIwNTNiOGYtY2FiNS00ZjVjLTljMWEtODcwNTgwMTQyYWJkL3Byb3ZpZGVycy9NaWNyb3NvZnQuRG9jdW1lbnREQi9sb2NhdGlvbnMvd2VzdHVzL29wZXJhdGlvbnNTdGF0dXMvNDkxZWRjNzctMjBjOS00OTk3LWJmOTgtZTI4MTIyOGNkOTA3P2FwaS12ZXJzaW9uPTIwMTktMDgtMDE=",
      "RequestMethod": "GET",
      "RequestBody": "",
      "RequestHeaders": {
        "User-Agent": [
          "FxVersion/4.6.27817.03",
          "OSName/Windows",
          "OSVersion/Microsoft.Windows.10.0.18363.",
          "Microsoft.Azure.Management.CosmosDB.CosmosDBManagementClient/1.0.0.0"
        ]
      },
      "ResponseHeaders": {
        "Cache-Control": [
          "no-store, no-cache"
        ],
        "Pragma": [
          "no-cache"
        ],
        "Strict-Transport-Security": [
          "max-age=31536000; includeSubDomains"
        ],
        "x-ms-gatewayversion": [
          "version=2.7.0"
        ],
        "Server": [
          "Microsoft-HTTPAPI/2.0"
        ],
        "x-ms-ratelimit-remaining-subscription-reads": [
          "11985"
        ],
        "x-ms-request-id": [
          "c4d64ca3-7419-4860-b7ae-c5c5921ba11b"
        ],
        "x-ms-correlation-request-id": [
          "c4d64ca3-7419-4860-b7ae-c5c5921ba11b"
        ],
        "x-ms-routing-request-id": [
          "WESTUS:20191231T221728Z:c4d64ca3-7419-4860-b7ae-c5c5921ba11b"
        ],
        "X-Content-Type-Options": [
          "nosniff"
        ],
        "Date": [
          "Tue, 31 Dec 2019 22:17:27 GMT"
        ],
        "Content-Length": [
          "32"
        ],
        "Content-Type": [
          "application/json"
        ],
        "Content-Location": [
          "https://management.documents.azure.com:450/subscriptions/12053b8f-cab5-4f5c-9c1a-870580142abd/providers/Microsoft.DocumentDB/locations/westus/operationsStatus/491edc77-20c9-4997-bf98-e281228cd907?api-version=2019-08-01"
        ]
      },
      "ResponseBody": "{\r\n  \"status\": \"Dequeued\",\r\n  \"error\": {}\r\n}",
      "StatusCode": 200
    },
    {
      "RequestUri": "/subscriptions/12053b8f-cab5-4f5c-9c1a-870580142abd/providers/Microsoft.DocumentDB/locations/westus/operationsStatus/491edc77-20c9-4997-bf98-e281228cd907?api-version=2019-08-01",
      "EncodedRequestUri": "L3N1YnNjcmlwdGlvbnMvMTIwNTNiOGYtY2FiNS00ZjVjLTljMWEtODcwNTgwMTQyYWJkL3Byb3ZpZGVycy9NaWNyb3NvZnQuRG9jdW1lbnREQi9sb2NhdGlvbnMvd2VzdHVzL29wZXJhdGlvbnNTdGF0dXMvNDkxZWRjNzctMjBjOS00OTk3LWJmOTgtZTI4MTIyOGNkOTA3P2FwaS12ZXJzaW9uPTIwMTktMDgtMDE=",
      "RequestMethod": "GET",
      "RequestBody": "",
      "RequestHeaders": {
        "User-Agent": [
          "FxVersion/4.6.27817.03",
          "OSName/Windows",
          "OSVersion/Microsoft.Windows.10.0.18363.",
          "Microsoft.Azure.Management.CosmosDB.CosmosDBManagementClient/1.0.0.0"
        ]
      },
      "ResponseHeaders": {
        "Cache-Control": [
          "no-store, no-cache"
        ],
        "Pragma": [
          "no-cache"
        ],
        "Strict-Transport-Security": [
          "max-age=31536000; includeSubDomains"
        ],
        "x-ms-gatewayversion": [
          "version=2.7.0"
        ],
        "Server": [
          "Microsoft-HTTPAPI/2.0"
        ],
        "x-ms-ratelimit-remaining-subscription-reads": [
          "11984"
        ],
        "x-ms-request-id": [
          "d8771e95-5984-41ff-9b3a-6d41f7e126d9"
        ],
        "x-ms-correlation-request-id": [
          "d8771e95-5984-41ff-9b3a-6d41f7e126d9"
        ],
        "x-ms-routing-request-id": [
          "WESTUS:20191231T221759Z:d8771e95-5984-41ff-9b3a-6d41f7e126d9"
        ],
        "X-Content-Type-Options": [
          "nosniff"
        ],
        "Date": [
          "Tue, 31 Dec 2019 22:17:58 GMT"
        ],
        "Content-Length": [
          "32"
        ],
        "Content-Type": [
          "application/json"
        ],
        "Content-Location": [
          "https://management.documents.azure.com:450/subscriptions/12053b8f-cab5-4f5c-9c1a-870580142abd/providers/Microsoft.DocumentDB/locations/westus/operationsStatus/491edc77-20c9-4997-bf98-e281228cd907?api-version=2019-08-01"
        ]
      },
      "ResponseBody": "{\r\n  \"status\": \"Dequeued\",\r\n  \"error\": {}\r\n}",
      "StatusCode": 200
    },
    {
      "RequestUri": "/subscriptions/12053b8f-cab5-4f5c-9c1a-870580142abd/providers/Microsoft.DocumentDB/locations/westus/operationsStatus/491edc77-20c9-4997-bf98-e281228cd907?api-version=2019-08-01",
      "EncodedRequestUri": "L3N1YnNjcmlwdGlvbnMvMTIwNTNiOGYtY2FiNS00ZjVjLTljMWEtODcwNTgwMTQyYWJkL3Byb3ZpZGVycy9NaWNyb3NvZnQuRG9jdW1lbnREQi9sb2NhdGlvbnMvd2VzdHVzL29wZXJhdGlvbnNTdGF0dXMvNDkxZWRjNzctMjBjOS00OTk3LWJmOTgtZTI4MTIyOGNkOTA3P2FwaS12ZXJzaW9uPTIwMTktMDgtMDE=",
      "RequestMethod": "GET",
      "RequestBody": "",
      "RequestHeaders": {
        "User-Agent": [
          "FxVersion/4.6.27817.03",
          "OSName/Windows",
          "OSVersion/Microsoft.Windows.10.0.18363.",
          "Microsoft.Azure.Management.CosmosDB.CosmosDBManagementClient/1.0.0.0"
        ]
      },
      "ResponseHeaders": {
        "Cache-Control": [
          "no-store, no-cache"
        ],
        "Pragma": [
          "no-cache"
        ],
        "Strict-Transport-Security": [
          "max-age=31536000; includeSubDomains"
        ],
        "x-ms-gatewayversion": [
          "version=2.7.0"
        ],
        "Server": [
          "Microsoft-HTTPAPI/2.0"
        ],
        "x-ms-ratelimit-remaining-subscription-reads": [
          "11983"
        ],
        "x-ms-request-id": [
          "34fa017a-6ac1-4072-9fda-091d5428856d"
        ],
        "x-ms-correlation-request-id": [
          "34fa017a-6ac1-4072-9fda-091d5428856d"
        ],
        "x-ms-routing-request-id": [
          "WESTUS:20191231T221829Z:34fa017a-6ac1-4072-9fda-091d5428856d"
        ],
        "X-Content-Type-Options": [
          "nosniff"
        ],
        "Date": [
          "Tue, 31 Dec 2019 22:18:28 GMT"
        ],
        "Content-Length": [
          "32"
        ],
        "Content-Type": [
          "application/json"
        ],
        "Content-Location": [
          "https://management.documents.azure.com:450/subscriptions/12053b8f-cab5-4f5c-9c1a-870580142abd/providers/Microsoft.DocumentDB/locations/westus/operationsStatus/491edc77-20c9-4997-bf98-e281228cd907?api-version=2019-08-01"
        ]
      },
      "ResponseBody": "{\r\n  \"status\": \"Dequeued\",\r\n  \"error\": {}\r\n}",
      "StatusCode": 200
    },
    {
      "RequestUri": "/subscriptions/12053b8f-cab5-4f5c-9c1a-870580142abd/providers/Microsoft.DocumentDB/locations/westus/operationsStatus/491edc77-20c9-4997-bf98-e281228cd907?api-version=2019-08-01",
      "EncodedRequestUri": "L3N1YnNjcmlwdGlvbnMvMTIwNTNiOGYtY2FiNS00ZjVjLTljMWEtODcwNTgwMTQyYWJkL3Byb3ZpZGVycy9NaWNyb3NvZnQuRG9jdW1lbnREQi9sb2NhdGlvbnMvd2VzdHVzL29wZXJhdGlvbnNTdGF0dXMvNDkxZWRjNzctMjBjOS00OTk3LWJmOTgtZTI4MTIyOGNkOTA3P2FwaS12ZXJzaW9uPTIwMTktMDgtMDE=",
      "RequestMethod": "GET",
      "RequestBody": "",
      "RequestHeaders": {
        "User-Agent": [
          "FxVersion/4.6.27817.03",
          "OSName/Windows",
          "OSVersion/Microsoft.Windows.10.0.18363.",
          "Microsoft.Azure.Management.CosmosDB.CosmosDBManagementClient/1.0.0.0"
        ]
      },
      "ResponseHeaders": {
        "Cache-Control": [
          "no-store, no-cache"
        ],
        "Pragma": [
          "no-cache"
        ],
        "Strict-Transport-Security": [
          "max-age=31536000; includeSubDomains"
        ],
        "x-ms-gatewayversion": [
          "version=2.7.0"
        ],
        "Server": [
          "Microsoft-HTTPAPI/2.0"
        ],
        "x-ms-ratelimit-remaining-subscription-reads": [
          "11982"
        ],
        "x-ms-request-id": [
          "196ad15c-1942-412b-89dc-9e6025bbbfc4"
        ],
        "x-ms-correlation-request-id": [
          "196ad15c-1942-412b-89dc-9e6025bbbfc4"
        ],
        "x-ms-routing-request-id": [
          "WESTUS:20191231T221859Z:196ad15c-1942-412b-89dc-9e6025bbbfc4"
        ],
        "X-Content-Type-Options": [
          "nosniff"
        ],
        "Date": [
          "Tue, 31 Dec 2019 22:18:59 GMT"
        ],
        "Content-Length": [
          "32"
        ],
        "Content-Type": [
          "application/json"
        ],
        "Content-Location": [
          "https://management.documents.azure.com:450/subscriptions/12053b8f-cab5-4f5c-9c1a-870580142abd/providers/Microsoft.DocumentDB/locations/westus/operationsStatus/491edc77-20c9-4997-bf98-e281228cd907?api-version=2019-08-01"
        ]
      },
      "ResponseBody": "{\r\n  \"status\": \"Dequeued\",\r\n  \"error\": {}\r\n}",
      "StatusCode": 200
    },
    {
      "RequestUri": "/subscriptions/12053b8f-cab5-4f5c-9c1a-870580142abd/providers/Microsoft.DocumentDB/locations/westus/operationsStatus/491edc77-20c9-4997-bf98-e281228cd907?api-version=2019-08-01",
      "EncodedRequestUri": "L3N1YnNjcmlwdGlvbnMvMTIwNTNiOGYtY2FiNS00ZjVjLTljMWEtODcwNTgwMTQyYWJkL3Byb3ZpZGVycy9NaWNyb3NvZnQuRG9jdW1lbnREQi9sb2NhdGlvbnMvd2VzdHVzL29wZXJhdGlvbnNTdGF0dXMvNDkxZWRjNzctMjBjOS00OTk3LWJmOTgtZTI4MTIyOGNkOTA3P2FwaS12ZXJzaW9uPTIwMTktMDgtMDE=",
      "RequestMethod": "GET",
      "RequestBody": "",
      "RequestHeaders": {
        "User-Agent": [
          "FxVersion/4.6.27817.03",
          "OSName/Windows",
          "OSVersion/Microsoft.Windows.10.0.18363.",
          "Microsoft.Azure.Management.CosmosDB.CosmosDBManagementClient/1.0.0.0"
        ]
      },
      "ResponseHeaders": {
        "Cache-Control": [
          "no-store, no-cache"
        ],
        "Pragma": [
          "no-cache"
        ],
        "Strict-Transport-Security": [
          "max-age=31536000; includeSubDomains"
        ],
        "x-ms-gatewayversion": [
          "version=2.7.0"
        ],
        "Server": [
          "Microsoft-HTTPAPI/2.0"
        ],
        "x-ms-ratelimit-remaining-subscription-reads": [
          "11981"
        ],
        "x-ms-request-id": [
          "eaf54160-a98d-45cb-9f52-8542ca254ea8"
        ],
        "x-ms-correlation-request-id": [
          "eaf54160-a98d-45cb-9f52-8542ca254ea8"
        ],
        "x-ms-routing-request-id": [
          "WESTUS:20191231T221930Z:eaf54160-a98d-45cb-9f52-8542ca254ea8"
        ],
        "X-Content-Type-Options": [
          "nosniff"
        ],
        "Date": [
          "Tue, 31 Dec 2019 22:19:30 GMT"
        ],
        "Content-Length": [
          "32"
        ],
        "Content-Type": [
          "application/json"
        ],
        "Content-Location": [
          "https://management.documents.azure.com:450/subscriptions/12053b8f-cab5-4f5c-9c1a-870580142abd/providers/Microsoft.DocumentDB/locations/westus/operationsStatus/491edc77-20c9-4997-bf98-e281228cd907?api-version=2019-08-01"
        ]
      },
      "ResponseBody": "{\r\n  \"status\": \"Dequeued\",\r\n  \"error\": {}\r\n}",
      "StatusCode": 200
    },
    {
      "RequestUri": "/subscriptions/12053b8f-cab5-4f5c-9c1a-870580142abd/providers/Microsoft.DocumentDB/locations/westus/operationsStatus/491edc77-20c9-4997-bf98-e281228cd907?api-version=2019-08-01",
      "EncodedRequestUri": "L3N1YnNjcmlwdGlvbnMvMTIwNTNiOGYtY2FiNS00ZjVjLTljMWEtODcwNTgwMTQyYWJkL3Byb3ZpZGVycy9NaWNyb3NvZnQuRG9jdW1lbnREQi9sb2NhdGlvbnMvd2VzdHVzL29wZXJhdGlvbnNTdGF0dXMvNDkxZWRjNzctMjBjOS00OTk3LWJmOTgtZTI4MTIyOGNkOTA3P2FwaS12ZXJzaW9uPTIwMTktMDgtMDE=",
      "RequestMethod": "GET",
      "RequestBody": "",
      "RequestHeaders": {
        "User-Agent": [
          "FxVersion/4.6.27817.03",
          "OSName/Windows",
          "OSVersion/Microsoft.Windows.10.0.18363.",
          "Microsoft.Azure.Management.CosmosDB.CosmosDBManagementClient/1.0.0.0"
        ]
      },
      "ResponseHeaders": {
        "Cache-Control": [
          "no-store, no-cache"
        ],
        "Pragma": [
          "no-cache"
        ],
        "Strict-Transport-Security": [
          "max-age=31536000; includeSubDomains"
        ],
        "x-ms-gatewayversion": [
          "version=2.7.0"
        ],
        "Server": [
          "Microsoft-HTTPAPI/2.0"
        ],
        "x-ms-ratelimit-remaining-subscription-reads": [
          "11980"
        ],
        "x-ms-request-id": [
          "3cfb3017-133e-4196-bcd2-395bf0b1c737"
        ],
        "x-ms-correlation-request-id": [
          "3cfb3017-133e-4196-bcd2-395bf0b1c737"
        ],
        "x-ms-routing-request-id": [
          "WESTUS:20191231T222000Z:3cfb3017-133e-4196-bcd2-395bf0b1c737"
        ],
        "X-Content-Type-Options": [
          "nosniff"
        ],
        "Date": [
          "Tue, 31 Dec 2019 22:19:59 GMT"
        ],
        "Content-Length": [
          "32"
        ],
        "Content-Type": [
          "application/json"
        ],
        "Content-Location": [
          "https://management.documents.azure.com:450/subscriptions/12053b8f-cab5-4f5c-9c1a-870580142abd/providers/Microsoft.DocumentDB/locations/westus/operationsStatus/491edc77-20c9-4997-bf98-e281228cd907?api-version=2019-08-01"
        ]
      },
      "ResponseBody": "{\r\n  \"status\": \"Dequeued\",\r\n  \"error\": {}\r\n}",
      "StatusCode": 200
    },
    {
      "RequestUri": "/subscriptions/12053b8f-cab5-4f5c-9c1a-870580142abd/providers/Microsoft.DocumentDB/locations/westus/operationsStatus/491edc77-20c9-4997-bf98-e281228cd907?api-version=2019-08-01",
      "EncodedRequestUri": "L3N1YnNjcmlwdGlvbnMvMTIwNTNiOGYtY2FiNS00ZjVjLTljMWEtODcwNTgwMTQyYWJkL3Byb3ZpZGVycy9NaWNyb3NvZnQuRG9jdW1lbnREQi9sb2NhdGlvbnMvd2VzdHVzL29wZXJhdGlvbnNTdGF0dXMvNDkxZWRjNzctMjBjOS00OTk3LWJmOTgtZTI4MTIyOGNkOTA3P2FwaS12ZXJzaW9uPTIwMTktMDgtMDE=",
      "RequestMethod": "GET",
      "RequestBody": "",
      "RequestHeaders": {
        "User-Agent": [
          "FxVersion/4.6.27817.03",
          "OSName/Windows",
          "OSVersion/Microsoft.Windows.10.0.18363.",
          "Microsoft.Azure.Management.CosmosDB.CosmosDBManagementClient/1.0.0.0"
        ]
      },
      "ResponseHeaders": {
        "Cache-Control": [
          "no-store, no-cache"
        ],
        "Pragma": [
          "no-cache"
        ],
        "Strict-Transport-Security": [
          "max-age=31536000; includeSubDomains"
        ],
        "x-ms-gatewayversion": [
          "version=2.7.0"
        ],
        "Server": [
          "Microsoft-HTTPAPI/2.0"
        ],
        "x-ms-ratelimit-remaining-subscription-reads": [
          "11979"
        ],
        "x-ms-request-id": [
          "96a0c818-a1df-4cfa-93a3-a03eccba1dda"
        ],
        "x-ms-correlation-request-id": [
          "96a0c818-a1df-4cfa-93a3-a03eccba1dda"
        ],
        "x-ms-routing-request-id": [
          "WESTUS:20191231T222031Z:96a0c818-a1df-4cfa-93a3-a03eccba1dda"
        ],
        "X-Content-Type-Options": [
          "nosniff"
        ],
        "Date": [
          "Tue, 31 Dec 2019 22:20:30 GMT"
        ],
        "Content-Length": [
          "32"
        ],
        "Content-Type": [
          "application/json"
        ],
        "Content-Location": [
          "https://management.documents.azure.com:450/subscriptions/12053b8f-cab5-4f5c-9c1a-870580142abd/providers/Microsoft.DocumentDB/locations/westus/operationsStatus/491edc77-20c9-4997-bf98-e281228cd907?api-version=2019-08-01"
        ]
      },
      "ResponseBody": "{\r\n  \"status\": \"Dequeued\",\r\n  \"error\": {}\r\n}",
      "StatusCode": 200
    },
    {
      "RequestUri": "/subscriptions/12053b8f-cab5-4f5c-9c1a-870580142abd/providers/Microsoft.DocumentDB/locations/westus/operationsStatus/491edc77-20c9-4997-bf98-e281228cd907?api-version=2019-08-01",
      "EncodedRequestUri": "L3N1YnNjcmlwdGlvbnMvMTIwNTNiOGYtY2FiNS00ZjVjLTljMWEtODcwNTgwMTQyYWJkL3Byb3ZpZGVycy9NaWNyb3NvZnQuRG9jdW1lbnREQi9sb2NhdGlvbnMvd2VzdHVzL29wZXJhdGlvbnNTdGF0dXMvNDkxZWRjNzctMjBjOS00OTk3LWJmOTgtZTI4MTIyOGNkOTA3P2FwaS12ZXJzaW9uPTIwMTktMDgtMDE=",
      "RequestMethod": "GET",
      "RequestBody": "",
      "RequestHeaders": {
        "User-Agent": [
          "FxVersion/4.6.27817.03",
          "OSName/Windows",
          "OSVersion/Microsoft.Windows.10.0.18363.",
          "Microsoft.Azure.Management.CosmosDB.CosmosDBManagementClient/1.0.0.0"
        ]
      },
      "ResponseHeaders": {
        "Cache-Control": [
          "no-store, no-cache"
        ],
        "Pragma": [
          "no-cache"
        ],
        "Strict-Transport-Security": [
          "max-age=31536000; includeSubDomains"
        ],
        "x-ms-gatewayversion": [
          "version=2.7.0"
        ],
        "Server": [
          "Microsoft-HTTPAPI/2.0"
        ],
        "x-ms-ratelimit-remaining-subscription-reads": [
          "11978"
        ],
        "x-ms-request-id": [
          "4dc217b6-4919-4054-ad19-7fd8d4d2cf73"
        ],
        "x-ms-correlation-request-id": [
          "4dc217b6-4919-4054-ad19-7fd8d4d2cf73"
        ],
        "x-ms-routing-request-id": [
          "WESTUS:20191231T222101Z:4dc217b6-4919-4054-ad19-7fd8d4d2cf73"
        ],
        "X-Content-Type-Options": [
          "nosniff"
        ],
        "Date": [
          "Tue, 31 Dec 2019 22:21:01 GMT"
        ],
        "Content-Length": [
          "32"
        ],
        "Content-Type": [
          "application/json"
        ],
        "Content-Location": [
          "https://management.documents.azure.com:450/subscriptions/12053b8f-cab5-4f5c-9c1a-870580142abd/providers/Microsoft.DocumentDB/locations/westus/operationsStatus/491edc77-20c9-4997-bf98-e281228cd907?api-version=2019-08-01"
        ]
      },
      "ResponseBody": "{\r\n  \"status\": \"Dequeued\",\r\n  \"error\": {}\r\n}",
      "StatusCode": 200
    },
    {
      "RequestUri": "/subscriptions/12053b8f-cab5-4f5c-9c1a-870580142abd/providers/Microsoft.DocumentDB/locations/westus/operationsStatus/491edc77-20c9-4997-bf98-e281228cd907?api-version=2019-08-01",
      "EncodedRequestUri": "L3N1YnNjcmlwdGlvbnMvMTIwNTNiOGYtY2FiNS00ZjVjLTljMWEtODcwNTgwMTQyYWJkL3Byb3ZpZGVycy9NaWNyb3NvZnQuRG9jdW1lbnREQi9sb2NhdGlvbnMvd2VzdHVzL29wZXJhdGlvbnNTdGF0dXMvNDkxZWRjNzctMjBjOS00OTk3LWJmOTgtZTI4MTIyOGNkOTA3P2FwaS12ZXJzaW9uPTIwMTktMDgtMDE=",
      "RequestMethod": "GET",
      "RequestBody": "",
      "RequestHeaders": {
        "User-Agent": [
          "FxVersion/4.6.27817.03",
          "OSName/Windows",
          "OSVersion/Microsoft.Windows.10.0.18363.",
          "Microsoft.Azure.Management.CosmosDB.CosmosDBManagementClient/1.0.0.0"
        ]
      },
      "ResponseHeaders": {
        "Cache-Control": [
          "no-store, no-cache"
        ],
        "Pragma": [
          "no-cache"
        ],
        "Strict-Transport-Security": [
          "max-age=31536000; includeSubDomains"
        ],
        "x-ms-gatewayversion": [
          "version=2.7.0"
        ],
        "Server": [
          "Microsoft-HTTPAPI/2.0"
        ],
        "x-ms-ratelimit-remaining-subscription-reads": [
          "11977"
        ],
        "x-ms-request-id": [
          "58c5fb24-04c0-47c8-922d-57e70dc2a469"
        ],
        "x-ms-correlation-request-id": [
          "58c5fb24-04c0-47c8-922d-57e70dc2a469"
        ],
        "x-ms-routing-request-id": [
          "WESTUS:20191231T222131Z:58c5fb24-04c0-47c8-922d-57e70dc2a469"
        ],
        "X-Content-Type-Options": [
          "nosniff"
        ],
        "Date": [
          "Tue, 31 Dec 2019 22:21:30 GMT"
        ],
        "Content-Length": [
          "32"
        ],
        "Content-Type": [
          "application/json"
        ],
        "Content-Location": [
          "https://management.documents.azure.com:450/subscriptions/12053b8f-cab5-4f5c-9c1a-870580142abd/providers/Microsoft.DocumentDB/locations/westus/operationsStatus/491edc77-20c9-4997-bf98-e281228cd907?api-version=2019-08-01"
        ]
      },
      "ResponseBody": "{\r\n  \"status\": \"Dequeued\",\r\n  \"error\": {}\r\n}",
      "StatusCode": 200
    },
    {
      "RequestUri": "/subscriptions/12053b8f-cab5-4f5c-9c1a-870580142abd/providers/Microsoft.DocumentDB/locations/westus/operationsStatus/491edc77-20c9-4997-bf98-e281228cd907?api-version=2019-08-01",
      "EncodedRequestUri": "L3N1YnNjcmlwdGlvbnMvMTIwNTNiOGYtY2FiNS00ZjVjLTljMWEtODcwNTgwMTQyYWJkL3Byb3ZpZGVycy9NaWNyb3NvZnQuRG9jdW1lbnREQi9sb2NhdGlvbnMvd2VzdHVzL29wZXJhdGlvbnNTdGF0dXMvNDkxZWRjNzctMjBjOS00OTk3LWJmOTgtZTI4MTIyOGNkOTA3P2FwaS12ZXJzaW9uPTIwMTktMDgtMDE=",
      "RequestMethod": "GET",
      "RequestBody": "",
      "RequestHeaders": {
        "User-Agent": [
          "FxVersion/4.6.27817.03",
          "OSName/Windows",
          "OSVersion/Microsoft.Windows.10.0.18363.",
          "Microsoft.Azure.Management.CosmosDB.CosmosDBManagementClient/1.0.0.0"
        ]
      },
      "ResponseHeaders": {
        "Cache-Control": [
          "no-store, no-cache"
        ],
        "Pragma": [
          "no-cache"
        ],
        "Strict-Transport-Security": [
          "max-age=31536000; includeSubDomains"
        ],
        "x-ms-gatewayversion": [
          "version=2.7.0"
        ],
        "Server": [
          "Microsoft-HTTPAPI/2.0"
        ],
        "x-ms-ratelimit-remaining-subscription-reads": [
          "11976"
        ],
        "x-ms-request-id": [
          "90acb252-990e-42a7-bf07-b2fd3806269b"
        ],
        "x-ms-correlation-request-id": [
          "90acb252-990e-42a7-bf07-b2fd3806269b"
        ],
        "x-ms-routing-request-id": [
          "WESTUS:20191231T222202Z:90acb252-990e-42a7-bf07-b2fd3806269b"
        ],
        "X-Content-Type-Options": [
          "nosniff"
        ],
        "Date": [
          "Tue, 31 Dec 2019 22:22:01 GMT"
        ],
        "Content-Length": [
          "33"
        ],
        "Content-Type": [
          "application/json"
        ],
        "Content-Location": [
          "https://management.documents.azure.com:450/subscriptions/12053b8f-cab5-4f5c-9c1a-870580142abd/providers/Microsoft.DocumentDB/locations/westus/operationsStatus/491edc77-20c9-4997-bf98-e281228cd907?api-version=2019-08-01"
        ]
      },
      "ResponseBody": "{\r\n  \"status\": \"Succeeded\",\r\n  \"error\": {}\r\n}",
      "StatusCode": 200
    },
    {
      "RequestUri": "/subscriptions/12053b8f-cab5-4f5c-9c1a-870580142abd/providers/Microsoft.DocumentDB/operationResults/491edc77-20c9-4997-bf98-e281228cd907?api-version=2019-08-01",
      "EncodedRequestUri": "L3N1YnNjcmlwdGlvbnMvMTIwNTNiOGYtY2FiNS00ZjVjLTljMWEtODcwNTgwMTQyYWJkL3Byb3ZpZGVycy9NaWNyb3NvZnQuRG9jdW1lbnREQi9vcGVyYXRpb25SZXN1bHRzLzQ5MWVkYzc3LTIwYzktNDk5Ny1iZjk4LWUyODEyMjhjZDkwNz9hcGktdmVyc2lvbj0yMDE5LTA4LTAx",
      "RequestMethod": "GET",
      "RequestBody": "",
      "RequestHeaders": {
        "User-Agent": [
          "FxVersion/4.6.27817.03",
          "OSName/Windows",
          "OSVersion/Microsoft.Windows.10.0.18363.",
          "Microsoft.Azure.Management.CosmosDB.CosmosDBManagementClient/1.0.0.0"
        ]
      },
      "ResponseHeaders": {
        "Cache-Control": [
          "no-store, no-cache"
        ],
        "Pragma": [
          "no-cache"
        ],
        "Strict-Transport-Security": [
          "max-age=31536000; includeSubDomains"
        ],
        "x-ms-activity-id": [
          "6024a90a-f139-4039-83e6-c25f7ced465a"
        ],
        "Server": [
          "Microsoft-HTTPAPI/2.0"
        ],
        "x-ms-ratelimit-remaining-subscription-reads": [
          "11975"
        ],
        "x-ms-request-id": [
          "08075af3-30d7-4056-b7a7-c079e2325428"
        ],
        "x-ms-correlation-request-id": [
          "08075af3-30d7-4056-b7a7-c079e2325428"
        ],
        "x-ms-routing-request-id": [
          "WESTUS:20191231T222202Z:08075af3-30d7-4056-b7a7-c079e2325428"
        ],
        "X-Content-Type-Options": [
          "nosniff"
        ],
        "Date": [
          "Tue, 31 Dec 2019 22:22:01 GMT"
        ],
        "Content-Length": [
          "0"
        ]
      },
      "ResponseBody": "",
      "StatusCode": 200
    }
  ],
  "Names": {},
  "Variables": {
    "SubscriptionId": "12053b8f-cab5-4f5c-9c1a-870580142abd"
  }
}