{
  "Entries": [
    {
      "RequestUri": "/subscriptions/111c36dc-4047-4c69-acd5-301072ff1fc2/resourcegroups/RGName-onesdk3192?api-version=2014-04-01-preview",
      "EncodedRequestUri": "L3N1YnNjcmlwdGlvbnMvMTExYzM2ZGMtNDA0Ny00YzY5LWFjZDUtMzAxMDcyZmYxZmMyL3Jlc291cmNlZ3JvdXBzL1JHTmFtZS1vbmVzZGszMTkyP2FwaS12ZXJzaW9uPTIwMTQtMDQtMDEtcHJldmlldw==",
      "RequestMethod": "HEAD",
      "RequestBody": "",
      "RequestHeaders": {
        "User-Agent": [
          "Microsoft.Azure.Management.Resources.ResourceManagementClient/2.0.0.0"
        ]
      },
      "ResponseBody": "",
      "ResponseHeaders": {
        "Content-Length": [
          "109"
        ],
        "Content-Type": [
          "application/json; charset=utf-8"
        ],
        "Expires": [
          "-1"
        ],
        "Pragma": [
          "no-cache"
        ],
        "x-ms-failure-cause": [
          "gateway"
        ],
        "x-ms-ratelimit-remaining-subscription-reads": [
          "14989"
        ],
        "x-ms-request-id": [
          "bc05246f-b37b-4689-9007-91d4aee763e5"
        ],
        "x-ms-correlation-request-id": [
          "bc05246f-b37b-4689-9007-91d4aee763e5"
        ],
        "x-ms-routing-request-id": [
          "WESTUS:20151013T223342Z:bc05246f-b37b-4689-9007-91d4aee763e5"
        ],
        "Strict-Transport-Security": [
          "max-age=31536000; includeSubDomains"
        ],
        "Cache-Control": [
          "no-cache"
        ],
        "Date": [
          "Tue, 13 Oct 2015 22:33:42 GMT"
        ]
      },
      "StatusCode": 404
    },
    {
      "RequestUri": "/subscriptions/111c36dc-4047-4c69-acd5-301072ff1fc2/resourcegroups/RGName-onesdk3192?api-version=2014-04-01-preview",
      "EncodedRequestUri": "L3N1YnNjcmlwdGlvbnMvMTExYzM2ZGMtNDA0Ny00YzY5LWFjZDUtMzAxMDcyZmYxZmMyL3Jlc291cmNlZ3JvdXBzL1JHTmFtZS1vbmVzZGszMTkyP2FwaS12ZXJzaW9uPTIwMTQtMDQtMDEtcHJldmlldw==",
      "RequestMethod": "HEAD",
      "RequestBody": "",
      "RequestHeaders": {
        "User-Agent": [
          "Microsoft.Azure.Management.Resources.ResourceManagementClient/2.0.0.0"
        ]
      },
      "ResponseBody": "",
      "ResponseHeaders": {
        "Content-Length": [
          "0"
        ],
        "Expires": [
          "-1"
        ],
        "Pragma": [
          "no-cache"
        ],
        "x-ms-ratelimit-remaining-subscription-reads": [
          "14978"
        ],
        "x-ms-request-id": [
          "29f07520-325a-44a5-99c4-849a0917031c"
        ],
        "x-ms-correlation-request-id": [
          "29f07520-325a-44a5-99c4-849a0917031c"
        ],
        "x-ms-routing-request-id": [
          "WESTUS:20151013T223638Z:29f07520-325a-44a5-99c4-849a0917031c"
        ],
        "Strict-Transport-Security": [
          "max-age=31536000; includeSubDomains"
        ],
        "Cache-Control": [
          "no-cache"
        ],
        "Date": [
          "Tue, 13 Oct 2015 22:36:37 GMT"
        ]
      },
      "StatusCode": 204
    },
    {
      "RequestUri": "/subscriptions/111c36dc-4047-4c69-acd5-301072ff1fc2/resourcegroups/RGName-onesdk3192?api-version=2014-04-01-preview",
      "EncodedRequestUri": "L3N1YnNjcmlwdGlvbnMvMTExYzM2ZGMtNDA0Ny00YzY5LWFjZDUtMzAxMDcyZmYxZmMyL3Jlc291cmNlZ3JvdXBzL1JHTmFtZS1vbmVzZGszMTkyP2FwaS12ZXJzaW9uPTIwMTQtMDQtMDEtcHJldmlldw==",
      "RequestMethod": "PUT",
      "RequestBody": "{\r\n  \"location\": \"South Central US\"\r\n}",
      "RequestHeaders": {
        "Content-Type": [
          "application/json; charset=utf-8"
        ],
        "Content-Length": [
          "38"
        ],
        "User-Agent": [
          "Microsoft.Azure.Management.Resources.ResourceManagementClient/2.0.0.0"
        ]
      },
      "ResponseBody": "{\r\n  \"id\": \"/subscriptions/111c36dc-4047-4c69-acd5-301072ff1fc2/resourceGroups/RGName-onesdk3192\",\r\n  \"name\": \"RGName-onesdk3192\",\r\n  \"location\": \"southcentralus\",\r\n  \"properties\": {\r\n    \"provisioningState\": \"Succeeded\"\r\n  }\r\n}",
      "ResponseHeaders": {
        "Content-Length": [
          "195"
        ],
        "Content-Type": [
          "application/json; charset=utf-8"
        ],
        "Expires": [
          "-1"
        ],
        "Pragma": [
          "no-cache"
        ],
        "x-ms-ratelimit-remaining-subscription-writes": [
          "1199"
        ],
        "x-ms-request-id": [
          "88aa5d89-7b5c-451e-aa34-ac8181547dac"
        ],
        "x-ms-correlation-request-id": [
          "88aa5d89-7b5c-451e-aa34-ac8181547dac"
        ],
        "x-ms-routing-request-id": [
          "WESTUS:20151013T223343Z:88aa5d89-7b5c-451e-aa34-ac8181547dac"
        ],
        "Strict-Transport-Security": [
          "max-age=31536000; includeSubDomains"
        ],
        "Cache-Control": [
          "no-cache"
        ],
        "Date": [
          "Tue, 13 Oct 2015 22:33:42 GMT"
        ]
      },
      "StatusCode": 201
    },
    {
      "RequestUri": "/subscriptions/111c36dc-4047-4c69-acd5-301072ff1fc2/resourceGroups/RGName-onesdk3192/resources?api-version=2014-04-01-preview",
      "EncodedRequestUri": "L3N1YnNjcmlwdGlvbnMvMTExYzM2ZGMtNDA0Ny00YzY5LWFjZDUtMzAxMDcyZmYxZmMyL3Jlc291cmNlR3JvdXBzL1JHTmFtZS1vbmVzZGszMTkyL3Jlc291cmNlcz9hcGktdmVyc2lvbj0yMDE0LTA0LTAxLXByZXZpZXc=",
      "RequestMethod": "GET",
      "RequestBody": "",
      "RequestHeaders": {
        "User-Agent": [
          "Microsoft.Azure.Management.Resources.ResourceManagementClient/2.0.0.0"
        ]
      },
      "ResponseBody": "{\r\n  \"value\": []\r\n}",
      "ResponseHeaders": {
        "Content-Length": [
          "12"
        ],
        "Content-Type": [
          "application/json; charset=utf-8"
        ],
        "Expires": [
          "-1"
        ],
        "Pragma": [
          "no-cache"
        ],
        "x-ms-ratelimit-remaining-subscription-reads": [
          "14988"
        ],
        "x-ms-request-id": [
          "945a3ece-2b95-4bcb-897e-fa0a0d06ed0b"
        ],
        "x-ms-correlation-request-id": [
          "945a3ece-2b95-4bcb-897e-fa0a0d06ed0b"
        ],
        "x-ms-routing-request-id": [
          "WESTUS:20151013T223343Z:945a3ece-2b95-4bcb-897e-fa0a0d06ed0b"
        ],
        "Strict-Transport-Security": [
          "max-age=31536000; includeSubDomains"
        ],
        "Cache-Control": [
          "no-cache"
        ],
        "Date": [
          "Tue, 13 Oct 2015 22:33:42 GMT"
        ]
      },
      "StatusCode": 200
    },
    {
      "RequestUri": "/subscriptions/111c36dc-4047-4c69-acd5-301072ff1fc2/resourcegroups/RGName-onesdk3192/providers/Microsoft.Authorization/permissions?api-version=2015-07-01",
      "EncodedRequestUri": "L3N1YnNjcmlwdGlvbnMvMTExYzM2ZGMtNDA0Ny00YzY5LWFjZDUtMzAxMDcyZmYxZmMyL3Jlc291cmNlZ3JvdXBzL1JHTmFtZS1vbmVzZGszMTkyL3Byb3ZpZGVycy9NaWNyb3NvZnQuQXV0aG9yaXphdGlvbi9wZXJtaXNzaW9ucz9hcGktdmVyc2lvbj0yMDE1LTA3LTAx",
      "RequestMethod": "GET",
      "RequestBody": "",
      "RequestHeaders": {
        "User-Agent": [
          "Microsoft.Azure.Management.Authorization.AuthorizationManagementClient/1.0.0.0"
        ]
      },
      "ResponseBody": "{\r\n  \"value\": [\r\n    {\r\n      \"actions\": [\r\n        \"*\"\r\n      ],\r\n      \"notActions\": []\r\n    }\r\n  ],\r\n  \"nextLink\": null\r\n}",
      "ResponseHeaders": {
        "Content-Length": [
          "61"
        ],
        "Content-Type": [
          "application/json; charset=utf-8"
        ],
        "Expires": [
          "-1"
        ],
        "Pragma": [
          "no-cache"
        ],
        "x-ms-request-id": [
          "edf932cd-dc9d-44b9-b7cb-7c9d2745c332"
        ],
        "x-ms-gateway-service-instanceid": [
          "PASFE_IN_0"
        ],
        "X-Content-Type-Options": [
          "nosniff"
        ],
        "Strict-Transport-Security": [
          "max-age=31536000; includeSubDomains"
        ],
        "x-ms-ratelimit-remaining-subscription-reads": [
          "14981"
        ],
        "x-ms-correlation-request-id": [
          "fd59149a-93b1-476a-bf40-5239aa2ab0b0"
        ],
        "x-ms-routing-request-id": [
          "WESTUS:20151013T223343Z:fd59149a-93b1-476a-bf40-5239aa2ab0b0"
        ],
        "Cache-Control": [
          "no-cache"
        ],
        "Date": [
          "Tue, 13 Oct 2015 22:33:42 GMT"
        ],
        "Set-Cookie": [
          "x-ms-gateway-slice=productionb; path=/"
        ],
        "Server": [
          "Microsoft-IIS/8.5"
        ],
        "X-Powered-By": [
          "ASP.NET"
        ]
      },
      "StatusCode": 200
    },
    {
      "RequestUri": "/subscriptions/111c36dc-4047-4c69-acd5-301072ff1fc2/resourceGroups/RGName-onesdk3192/providers/Microsoft.NotificationHubs/namespaces/Namespace-onesdk2121?api-version=2014-09-01",
      "EncodedRequestUri": "L3N1YnNjcmlwdGlvbnMvMTExYzM2ZGMtNDA0Ny00YzY5LWFjZDUtMzAxMDcyZmYxZmMyL3Jlc291cmNlR3JvdXBzL1JHTmFtZS1vbmVzZGszMTkyL3Byb3ZpZGVycy9NaWNyb3NvZnQuTm90aWZpY2F0aW9uSHVicy9uYW1lc3BhY2VzL05hbWVzcGFjZS1vbmVzZGsyMTIxP2FwaS12ZXJzaW9uPTIwMTQtMDktMDE=",
      "RequestMethod": "PUT",
      "RequestBody": "{\r\n  \"location\": \"South Central US\",\r\n  \"properties\": {\r\n    \"createdAt\": \"0001-01-01T00:00:00\",\r\n    \"enabled\": false,\r\n    \"critical\": false,\r\n    \"namespaceType\": \"NotificationHub\"\r\n  }\r\n}",
      "RequestHeaders": {
        "Content-Type": [
          "application/json"
        ],
        "Content-Length": [
          "191"
        ],
        "User-Agent": [
          "Microsoft.Azure.Management.NotificationHubs.NotificationHubsManagementClient/0.9.0.0"
        ]
      },
      "ResponseBody": "{\r\n  \"id\": null,\r\n  \"name\": null,\r\n  \"type\": null,\r\n  \"location\": \"South Central US\",\r\n  \"tags\": null,\r\n  \"properties\": {\r\n    \"provisioningState\": \"Activating\",\r\n    \"name\": \"Namespace-onesdk2121\",\r\n    \"region\": \"South Central US\",\r\n    \"enabled\": false,\r\n    \"critical\": false,\r\n    \"namespaceType\": \"NotificationHub\"\r\n  }\r\n}",
      "ResponseHeaders": {
        "Content-Length": [
          "250"
        ],
        "Content-Type": [
          "application/json; charset=utf-8"
        ],
        "Expires": [
          "-1"
        ],
        "Pragma": [
          "no-cache"
        ],
        "x-ms-request-id": [
          "57dffa18-bcba-473d-a34d-7e941ddd322b_M0_M0"
        ],
        "Server-SB": [
          "Service-Bus-Resource-Provider/SN1"
        ],
        "Cache-Control": [
          "no-cache"
        ],
        "Server": [
          "Service-Bus-Resource-Provider/SN1",
          "Microsoft-HTTPAPI/2.0"
        ],
        "x-ms-ratelimit-remaining-subscription-writes": [
          "1199"
        ],
        "x-ms-correlation-request-id": [
          "41e724d9-371f-4c8b-8391-1821d1c252c9"
        ],
        "x-ms-routing-request-id": [
          "WESTUS:20151013T223345Z:41e724d9-371f-4c8b-8391-1821d1c252c9"
        ],
        "Strict-Transport-Security": [
          "max-age=31536000; includeSubDomains"
        ],
        "Date": [
          "Tue, 13 Oct 2015 22:33:44 GMT"
        ]
      },
      "StatusCode": 200
    },
    {
      "RequestUri": "/subscriptions/111c36dc-4047-4c69-acd5-301072ff1fc2/resourceGroups/RGName-onesdk3192/providers/Microsoft.NotificationHubs/namespaces/Namespace-onesdk2121?api-version=2014-09-01",
      "EncodedRequestUri": "L3N1YnNjcmlwdGlvbnMvMTExYzM2ZGMtNDA0Ny00YzY5LWFjZDUtMzAxMDcyZmYxZmMyL3Jlc291cmNlR3JvdXBzL1JHTmFtZS1vbmVzZGszMTkyL3Byb3ZpZGVycy9NaWNyb3NvZnQuTm90aWZpY2F0aW9uSHVicy9uYW1lc3BhY2VzL05hbWVzcGFjZS1vbmVzZGsyMTIxP2FwaS12ZXJzaW9uPTIwMTQtMDktMDE=",
      "RequestMethod": "GET",
      "RequestBody": "",
      "RequestHeaders": {
        "User-Agent": [
          "Microsoft.Azure.Management.NotificationHubs.NotificationHubsManagementClient/0.9.0.0"
        ]
      },
      "ResponseBody": "{\r\n  \"id\": \"/subscriptions/111c36dc-4047-4c69-acd5-301072ff1fc2/resourceGroups/RGName-onesdk3192/providers/Microsoft.NotificationHubs/namespaces/Namespace-onesdk2121\",\r\n  \"name\": \"Namespace-onesdk2121\",\r\n  \"type\": \"Microsoft.NotificationHubs/namespaces\",\r\n  \"location\": \"South Central US\",\r\n  \"tags\": null,\r\n  \"properties\": {\r\n    \"provisioningState\": \"Succeeded\",\r\n    \"status\": \"Active\",\r\n    \"createdAt\": \"2015-10-13T22:33:45.123Z\",\r\n    \"serviceBusEndpoint\": \"https://Namespace-onesdk2121.servicebus.windows.net:443/\",\r\n    \"enabled\": true,\r\n    \"critical\": false,\r\n    \"updatedAt\": \"2015-10-13T22:33:47.98Z\",\r\n    \"namespaceType\": \"NotificationHub\",\r\n    \"messagingSku\": 1\r\n  }\r\n}",
      "ResponseHeaders": {
        "Content-Length": [
          "586"
        ],
        "Content-Type": [
          "application/json; charset=utf-8"
        ],
        "Expires": [
          "-1"
        ],
        "Pragma": [
          "no-cache"
        ],
        "x-ms-request-id": [
          "9ca22141-634a-4c19-a465-0df667f1d121_M0_M0"
        ],
        "Server-SB": [
          "Service-Bus-Resource-Provider/SN1"
        ],
        "Cache-Control": [
          "no-cache"
        ],
        "Server": [
          "Service-Bus-Resource-Provider/SN1",
          "Microsoft-HTTPAPI/2.0"
        ],
        "x-ms-ratelimit-remaining-subscription-reads": [
          "14971"
        ],
        "x-ms-correlation-request-id": [
          "805b21b2-c341-4955-91f5-e2cf6dca8d1d"
        ],
        "x-ms-routing-request-id": [
          "WESTUS:20151013T223400Z:805b21b2-c341-4955-91f5-e2cf6dca8d1d"
        ],
        "Strict-Transport-Security": [
          "max-age=31536000; includeSubDomains"
        ],
        "Date": [
          "Tue, 13 Oct 2015 22:34:00 GMT"
        ]
      },
      "StatusCode": 200
    },
    {
      "RequestUri": "/subscriptions/111c36dc-4047-4c69-acd5-301072ff1fc2/resourcegroups/RGName-onesdk4148?api-version=2014-04-01-preview",
      "EncodedRequestUri": "L3N1YnNjcmlwdGlvbnMvMTExYzM2ZGMtNDA0Ny00YzY5LWFjZDUtMzAxMDcyZmYxZmMyL3Jlc291cmNlZ3JvdXBzL1JHTmFtZS1vbmVzZGs0MTQ4P2FwaS12ZXJzaW9uPTIwMTQtMDQtMDEtcHJldmlldw==",
      "RequestMethod": "HEAD",
      "RequestBody": "",
      "RequestHeaders": {
        "User-Agent": [
          "Microsoft.Azure.Management.Resources.ResourceManagementClient/2.0.0.0"
        ]
      },
      "ResponseBody": "",
      "ResponseHeaders": {
        "Content-Length": [
          "109"
        ],
        "Content-Type": [
          "application/json; charset=utf-8"
        ],
        "Expires": [
          "-1"
        ],
        "Pragma": [
          "no-cache"
        ],
        "x-ms-failure-cause": [
          "gateway"
        ],
        "x-ms-ratelimit-remaining-subscription-reads": [
          "14987"
        ],
        "x-ms-request-id": [
          "f9edb96e-a48f-4594-8e06-8d6a57874876"
        ],
        "x-ms-correlation-request-id": [
          "f9edb96e-a48f-4594-8e06-8d6a57874876"
        ],
        "x-ms-routing-request-id": [
          "WESTUS:20151013T223400Z:f9edb96e-a48f-4594-8e06-8d6a57874876"
        ],
        "Strict-Transport-Security": [
          "max-age=31536000; includeSubDomains"
        ],
        "Cache-Control": [
          "no-cache"
        ],
        "Date": [
          "Tue, 13 Oct 2015 22:34:00 GMT"
        ]
      },
      "StatusCode": 404
    },
    {
      "RequestUri": "/subscriptions/111c36dc-4047-4c69-acd5-301072ff1fc2/resourcegroups/RGName-onesdk4148?api-version=2014-04-01-preview",
      "EncodedRequestUri": "L3N1YnNjcmlwdGlvbnMvMTExYzM2ZGMtNDA0Ny00YzY5LWFjZDUtMzAxMDcyZmYxZmMyL3Jlc291cmNlZ3JvdXBzL1JHTmFtZS1vbmVzZGs0MTQ4P2FwaS12ZXJzaW9uPTIwMTQtMDQtMDEtcHJldmlldw==",
      "RequestMethod": "HEAD",
      "RequestBody": "",
      "RequestHeaders": {
        "User-Agent": [
          "Microsoft.Azure.Management.Resources.ResourceManagementClient/2.0.0.0"
        ]
      },
      "ResponseBody": "",
      "ResponseHeaders": {
        "Content-Length": [
          "0"
        ],
        "Expires": [
          "-1"
        ],
        "Pragma": [
          "no-cache"
        ],
        "x-ms-ratelimit-remaining-subscription-reads": [
          "14974"
        ],
        "x-ms-request-id": [
          "d3ab238c-903c-4ad5-97c0-9e1b1f110c9f"
        ],
        "x-ms-correlation-request-id": [
          "d3ab238c-903c-4ad5-97c0-9e1b1f110c9f"
        ],
        "x-ms-routing-request-id": [
          "WESTUS:20151013T223709Z:d3ab238c-903c-4ad5-97c0-9e1b1f110c9f"
        ],
        "Strict-Transport-Security": [
          "max-age=31536000; includeSubDomains"
        ],
        "Cache-Control": [
          "no-cache"
        ],
        "Date": [
          "Tue, 13 Oct 2015 22:37:09 GMT"
        ]
      },
      "StatusCode": 204
    },
    {
      "RequestUri": "/subscriptions/111c36dc-4047-4c69-acd5-301072ff1fc2/resourcegroups/RGName-onesdk4148?api-version=2014-04-01-preview",
      "EncodedRequestUri": "L3N1YnNjcmlwdGlvbnMvMTExYzM2ZGMtNDA0Ny00YzY5LWFjZDUtMzAxMDcyZmYxZmMyL3Jlc291cmNlZ3JvdXBzL1JHTmFtZS1vbmVzZGs0MTQ4P2FwaS12ZXJzaW9uPTIwMTQtMDQtMDEtcHJldmlldw==",
      "RequestMethod": "PUT",
      "RequestBody": "{\r\n  \"location\": \"South Central US\"\r\n}",
      "RequestHeaders": {
        "Content-Type": [
          "application/json; charset=utf-8"
        ],
        "Content-Length": [
          "38"
        ],
        "User-Agent": [
          "Microsoft.Azure.Management.Resources.ResourceManagementClient/2.0.0.0"
        ]
      },
      "ResponseBody": "{\r\n  \"id\": \"/subscriptions/111c36dc-4047-4c69-acd5-301072ff1fc2/resourceGroups/RGName-onesdk4148\",\r\n  \"name\": \"RGName-onesdk4148\",\r\n  \"location\": \"southcentralus\",\r\n  \"properties\": {\r\n    \"provisioningState\": \"Succeeded\"\r\n  }\r\n}",
      "ResponseHeaders": {
        "Content-Length": [
          "195"
        ],
        "Content-Type": [
          "application/json; charset=utf-8"
        ],
        "Expires": [
          "-1"
        ],
        "Pragma": [
          "no-cache"
        ],
        "x-ms-ratelimit-remaining-subscription-writes": [
          "1198"
        ],
        "x-ms-request-id": [
          "50cf7cb1-f28d-4563-ac33-e2249b927067"
        ],
        "x-ms-correlation-request-id": [
          "50cf7cb1-f28d-4563-ac33-e2249b927067"
        ],
        "x-ms-routing-request-id": [
          "WESTUS:20151013T223401Z:50cf7cb1-f28d-4563-ac33-e2249b927067"
        ],
        "Strict-Transport-Security": [
          "max-age=31536000; includeSubDomains"
        ],
        "Cache-Control": [
          "no-cache"
        ],
        "Date": [
          "Tue, 13 Oct 2015 22:34:01 GMT"
        ]
      },
      "StatusCode": 201
    },
    {
      "RequestUri": "/subscriptions/111c36dc-4047-4c69-acd5-301072ff1fc2/resourceGroups/RGName-onesdk4148/resources?api-version=2014-04-01-preview",
      "EncodedRequestUri": "L3N1YnNjcmlwdGlvbnMvMTExYzM2ZGMtNDA0Ny00YzY5LWFjZDUtMzAxMDcyZmYxZmMyL3Jlc291cmNlR3JvdXBzL1JHTmFtZS1vbmVzZGs0MTQ4L3Jlc291cmNlcz9hcGktdmVyc2lvbj0yMDE0LTA0LTAxLXByZXZpZXc=",
      "RequestMethod": "GET",
      "RequestBody": "",
      "RequestHeaders": {
        "User-Agent": [
          "Microsoft.Azure.Management.Resources.ResourceManagementClient/2.0.0.0"
        ]
      },
      "ResponseBody": "{\r\n  \"value\": []\r\n}",
      "ResponseHeaders": {
        "Content-Length": [
          "12"
        ],
        "Content-Type": [
          "application/json; charset=utf-8"
        ],
        "Expires": [
          "-1"
        ],
        "Pragma": [
          "no-cache"
        ],
        "x-ms-ratelimit-remaining-subscription-reads": [
          "14986"
        ],
        "x-ms-request-id": [
          "5e463f16-1ad3-4f55-9cbc-e4bab09f0309"
        ],
        "x-ms-correlation-request-id": [
          "5e463f16-1ad3-4f55-9cbc-e4bab09f0309"
        ],
        "x-ms-routing-request-id": [
          "WESTUS:20151013T223401Z:5e463f16-1ad3-4f55-9cbc-e4bab09f0309"
        ],
        "Strict-Transport-Security": [
          "max-age=31536000; includeSubDomains"
        ],
        "Cache-Control": [
          "no-cache"
        ],
        "Date": [
          "Tue, 13 Oct 2015 22:34:01 GMT"
        ]
      },
      "StatusCode": 200
    },
    {
      "RequestUri": "/subscriptions/111c36dc-4047-4c69-acd5-301072ff1fc2/resourcegroups/RGName-onesdk4148/providers/Microsoft.Authorization/permissions?api-version=2015-07-01",
      "EncodedRequestUri": "L3N1YnNjcmlwdGlvbnMvMTExYzM2ZGMtNDA0Ny00YzY5LWFjZDUtMzAxMDcyZmYxZmMyL3Jlc291cmNlZ3JvdXBzL1JHTmFtZS1vbmVzZGs0MTQ4L3Byb3ZpZGVycy9NaWNyb3NvZnQuQXV0aG9yaXphdGlvbi9wZXJtaXNzaW9ucz9hcGktdmVyc2lvbj0yMDE1LTA3LTAx",
      "RequestMethod": "GET",
      "RequestBody": "",
      "RequestHeaders": {
        "User-Agent": [
          "Microsoft.Azure.Management.Authorization.AuthorizationManagementClient/1.0.0.0"
        ]
      },
      "ResponseBody": "{\r\n  \"value\": [\r\n    {\r\n      \"actions\": [\r\n        \"*\"\r\n      ],\r\n      \"notActions\": []\r\n    }\r\n  ],\r\n  \"nextLink\": null\r\n}",
      "ResponseHeaders": {
        "Content-Length": [
          "61"
        ],
        "Content-Type": [
          "application/json; charset=utf-8"
        ],
        "Expires": [
          "-1"
        ],
        "Pragma": [
          "no-cache"
        ],
        "x-ms-request-id": [
          "d3fd8355-255f-48bb-81cd-c520d31f5b76"
        ],
        "x-ms-gateway-service-instanceid": [
          "PASFE_IN_1"
        ],
        "X-Content-Type-Options": [
          "nosniff"
        ],
        "Strict-Transport-Security": [
          "max-age=31536000; includeSubDomains"
        ],
        "x-ms-ratelimit-remaining-subscription-reads": [
          "14980"
        ],
        "x-ms-correlation-request-id": [
          "420af372-032a-4719-a893-5d6d92a5a337"
        ],
        "x-ms-routing-request-id": [
          "WESTUS:20151013T223401Z:420af372-032a-4719-a893-5d6d92a5a337"
        ],
        "Cache-Control": [
          "no-cache"
        ],
        "Date": [
          "Tue, 13 Oct 2015 22:34:01 GMT"
        ],
        "Set-Cookie": [
          "x-ms-gateway-slice=productionb; path=/"
        ],
        "Server": [
          "Microsoft-IIS/8.5"
        ],
        "X-Powered-By": [
          "ASP.NET"
        ]
      },
      "StatusCode": 200
    },
    {
      "RequestUri": "/subscriptions/111c36dc-4047-4c69-acd5-301072ff1fc2/resourceGroups/RGName-onesdk4148/providers/Microsoft.NotificationHubs/namespaces/Namespace-onesdk4359?api-version=2014-09-01",
      "EncodedRequestUri": "L3N1YnNjcmlwdGlvbnMvMTExYzM2ZGMtNDA0Ny00YzY5LWFjZDUtMzAxMDcyZmYxZmMyL3Jlc291cmNlR3JvdXBzL1JHTmFtZS1vbmVzZGs0MTQ4L3Byb3ZpZGVycy9NaWNyb3NvZnQuTm90aWZpY2F0aW9uSHVicy9uYW1lc3BhY2VzL05hbWVzcGFjZS1vbmVzZGs0MzU5P2FwaS12ZXJzaW9uPTIwMTQtMDktMDE=",
      "RequestMethod": "PUT",
      "RequestBody": "{\r\n  \"location\": \"South Central US\",\r\n  \"properties\": {\r\n    \"createdAt\": \"0001-01-01T00:00:00\",\r\n    \"enabled\": false,\r\n    \"critical\": false,\r\n    \"namespaceType\": \"NotificationHub\"\r\n  }\r\n}",
      "RequestHeaders": {
        "Content-Type": [
          "application/json"
        ],
        "Content-Length": [
          "191"
        ],
        "User-Agent": [
          "Microsoft.Azure.Management.NotificationHubs.NotificationHubsManagementClient/0.9.0.0"
        ]
      },
      "ResponseBody": "{\r\n  \"id\": null,\r\n  \"name\": null,\r\n  \"type\": null,\r\n  \"location\": \"South Central US\",\r\n  \"tags\": null,\r\n  \"properties\": {\r\n    \"provisioningState\": \"Activating\",\r\n    \"name\": \"Namespace-onesdk4359\",\r\n    \"region\": \"South Central US\",\r\n    \"enabled\": false,\r\n    \"critical\": false,\r\n    \"namespaceType\": \"NotificationHub\"\r\n  }\r\n}",
      "ResponseHeaders": {
        "Content-Length": [
          "250"
        ],
        "Content-Type": [
          "application/json; charset=utf-8"
        ],
        "Expires": [
          "-1"
        ],
        "Pragma": [
          "no-cache"
        ],
        "x-ms-request-id": [
          "3b163ba8-52c6-4cc2-842c-dc179c655bf5_M0_M0"
        ],
        "Server-SB": [
          "Service-Bus-Resource-Provider/SN1"
        ],
        "Cache-Control": [
          "no-cache"
        ],
        "Server": [
          "Service-Bus-Resource-Provider/SN1",
          "Microsoft-HTTPAPI/2.0"
        ],
        "x-ms-ratelimit-remaining-subscription-writes": [
          "1198"
        ],
        "x-ms-correlation-request-id": [
          "514f076c-4976-4b42-a12c-51ab762ae23e"
        ],
        "x-ms-routing-request-id": [
          "WESTUS:20151013T223402Z:514f076c-4976-4b42-a12c-51ab762ae23e"
        ],
        "Strict-Transport-Security": [
          "max-age=31536000; includeSubDomains"
        ],
        "Date": [
          "Tue, 13 Oct 2015 22:34:01 GMT"
        ]
      },
      "StatusCode": 200
    },
    {
      "RequestUri": "/subscriptions/111c36dc-4047-4c69-acd5-301072ff1fc2/resourceGroups/RGName-onesdk4148/providers/Microsoft.NotificationHubs/namespaces/Namespace-onesdk4359?api-version=2014-09-01",
      "EncodedRequestUri": "L3N1YnNjcmlwdGlvbnMvMTExYzM2ZGMtNDA0Ny00YzY5LWFjZDUtMzAxMDcyZmYxZmMyL3Jlc291cmNlR3JvdXBzL1JHTmFtZS1vbmVzZGs0MTQ4L3Byb3ZpZGVycy9NaWNyb3NvZnQuTm90aWZpY2F0aW9uSHVicy9uYW1lc3BhY2VzL05hbWVzcGFjZS1vbmVzZGs0MzU5P2FwaS12ZXJzaW9uPTIwMTQtMDktMDE=",
      "RequestMethod": "PUT",
      "RequestBody": "{\r\n  \"location\": \"South Central US\",\r\n  \"tags\": {\r\n    \"tag2\": \"value2\",\r\n    \"tag1\": \"value1\"\r\n  },\r\n  \"properties\": {\r\n    \"status\": \"Active\",\r\n    \"createdAt\": \"0001-01-01T00:00:00\",\r\n    \"enabled\": true,\r\n    \"critical\": false,\r\n    \"namespaceType\": \"NotificationHub\"\r\n  }\r\n}",
      "RequestHeaders": {
        "Content-Type": [
          "application/json"
        ],
        "Content-Length": [
          "279"
        ],
        "User-Agent": [
          "Microsoft.Azure.Management.NotificationHubs.NotificationHubsManagementClient/0.9.0.0"
        ]
      },
      "ResponseBody": "{\r\n  \"id\": null,\r\n  \"name\": null,\r\n  \"type\": null,\r\n  \"location\": \"South Central US\",\r\n  \"tags\": {\r\n    \"tag2\": \"value2\",\r\n    \"tag1\": \"value1\"\r\n  },\r\n  \"properties\": {\r\n    \"provisioningState\": \"Active\",\r\n    \"name\": \"Namespace-onesdk4359\",\r\n    \"region\": \"South Central US\",\r\n    \"status\": \"Active\",\r\n    \"enabled\": true,\r\n    \"critical\": false,\r\n    \"namespaceType\": \"NotificationHub\"\r\n  }\r\n}",
      "ResponseHeaders": {
        "Content-Length": [
          "292"
        ],
        "Content-Type": [
          "application/json; charset=utf-8"
        ],
        "Expires": [
          "-1"
        ],
        "Pragma": [
          "no-cache"
        ],
        "x-ms-request-id": [
          "c7de0003-10f5-45d6-aedc-d773c8afdb5b_M0_M0"
        ],
        "Server-SB": [
          "Service-Bus-Resource-Provider/SN1"
        ],
        "Cache-Control": [
          "no-cache"
        ],
        "Server": [
          "Service-Bus-Resource-Provider/SN1",
          "Microsoft-HTTPAPI/2.0"
        ],
        "x-ms-ratelimit-remaining-subscription-writes": [
          "1197"
        ],
        "x-ms-correlation-request-id": [
          "c4a2e557-b1e3-4032-a902-240bcf7cde98"
        ],
        "x-ms-routing-request-id": [
          "WESTUS:20151013T223420Z:c4a2e557-b1e3-4032-a902-240bcf7cde98"
        ],
        "Strict-Transport-Security": [
          "max-age=31536000; includeSubDomains"
        ],
        "Date": [
          "Tue, 13 Oct 2015 22:34:20 GMT"
        ]
      },
      "StatusCode": 200
    },
    {
      "RequestUri": "/subscriptions/111c36dc-4047-4c69-acd5-301072ff1fc2/resourceGroups/RGName-onesdk4148/providers/Microsoft.NotificationHubs/namespaces?api-version=2014-09-01",
      "EncodedRequestUri": "L3N1YnNjcmlwdGlvbnMvMTExYzM2ZGMtNDA0Ny00YzY5LWFjZDUtMzAxMDcyZmYxZmMyL3Jlc291cmNlR3JvdXBzL1JHTmFtZS1vbmVzZGs0MTQ4L3Byb3ZpZGVycy9NaWNyb3NvZnQuTm90aWZpY2F0aW9uSHVicy9uYW1lc3BhY2VzP2FwaS12ZXJzaW9uPTIwMTQtMDktMDE=",
      "RequestMethod": "GET",
      "RequestBody": "",
      "RequestHeaders": {
        "User-Agent": [
          "Microsoft.Azure.Management.NotificationHubs.NotificationHubsManagementClient/0.9.0.0"
        ]
      },
      "ResponseBody": "{\r\n  \"value\": [\r\n    {\r\n      \"id\": \"/subscriptions/111c36dc-4047-4c69-acd5-301072ff1fc2/resourceGroups/RGName-onesdk4148/providers/Microsoft.NotificationHubs/namespaces/Namespace-onesdk4359\",\r\n      \"name\": \"Namespace-onesdk4359\",\r\n      \"type\": \"Microsoft.NotificationHubs/namespaces\",\r\n      \"location\": \"South Central US\",\r\n      \"tags\": null,\r\n      \"properties\": {\r\n        \"provisioningState\": \"Succeeded\",\r\n        \"status\": \"Active\",\r\n        \"createdAt\": \"2015-10-13T22:34:01.92Z\",\r\n        \"serviceBusEndpoint\": \"https://Namespace-onesdk4359.servicebus.windows.net:443/\",\r\n        \"enabled\": true,\r\n        \"critical\": false,\r\n        \"updatedAt\": \"2015-10-13T22:34:04.147Z\",\r\n        \"namespaceType\": \"NotificationHub\",\r\n        \"messagingSku\": 1\r\n      }\r\n    }\r\n  ],\r\n  \"nextLink\": null\r\n}",
      "ResponseHeaders": {
        "Content-Length": [
          "614"
        ],
        "Content-Type": [
          "application/json; charset=utf-8"
        ],
        "Expires": [
          "-1"
        ],
        "Pragma": [
          "no-cache"
        ],
        "x-ms-request-id": [
          "eca6be39-58de-45db-908f-65558ad68b03_M2_M2"
        ],
        "Server-SB": [
          "Service-Bus-Resource-Provider/SN1"
        ],
        "Cache-Control": [
          "no-cache"
        ],
        "Server": [
          "Service-Bus-Resource-Provider/SN1",
          "Microsoft-HTTPAPI/2.0"
        ],
        "x-ms-ratelimit-remaining-subscription-reads": [
          "14970"
        ],
        "x-ms-correlation-request-id": [
          "15877db7-e155-4efb-9ab2-3fa27f3635d4"
        ],
        "x-ms-routing-request-id": [
          "WESTUS:20151013T223419Z:15877db7-e155-4efb-9ab2-3fa27f3635d4"
        ],
        "Strict-Transport-Security": [
          "max-age=31536000; includeSubDomains"
        ],
        "Date": [
          "Tue, 13 Oct 2015 22:34:19 GMT"
        ]
      },
      "StatusCode": 200
    },
    {
      "RequestUri": "/subscriptions/111c36dc-4047-4c69-acd5-301072ff1fc2/providers/Microsoft.NotificationHubs/namespaces?api-version=2014-09-01",
      "EncodedRequestUri": "L3N1YnNjcmlwdGlvbnMvMTExYzM2ZGMtNDA0Ny00YzY5LWFjZDUtMzAxMDcyZmYxZmMyL3Byb3ZpZGVycy9NaWNyb3NvZnQuTm90aWZpY2F0aW9uSHVicy9uYW1lc3BhY2VzP2FwaS12ZXJzaW9uPTIwMTQtMDktMDE=",
      "RequestMethod": "GET",
      "RequestBody": "",
      "RequestHeaders": {
        "User-Agent": [
          "Microsoft.Azure.Management.NotificationHubs.NotificationHubsManagementClient/0.9.0.0"
        ]
      },
      "ResponseBody": "{\r\n  \"value\": [\r\n    {\r\n      \"id\": \"subscriptions/111c36dc-4047-4c69-acd5-301072ff1fc2/resourceGroups/NotificationHub-RG5492/providers/Microsoft.NotificationHubs/namespaces/HydraNH-Namespace1927\",\r\n      \"name\": \"HydraNH-Namespace1927\",\r\n      \"type\": \"Microsoft.NotificationHubs/namespaces\",\r\n      \"location\": \"South Central US\",\r\n      \"tags\": {\r\n        \"tag1\": \"value1\",\r\n        \"tag2\": \"value2\",\r\n        \"tag3\": \"value3\",\r\n        \"tag4\": \"value4\"\r\n      },\r\n      \"properties\": {\r\n        \"provisioningState\": \"Succeeded\",\r\n        \"status\": \"Active\",\r\n        \"createdAt\": \"2015-08-07T23:04:54.09Z\",\r\n        \"serviceBusEndpoint\": \"https://HydraNH-Namespace1927.servicebus.windows.net:443/\",\r\n        \"enabled\": true,\r\n        \"critical\": true,\r\n        \"updatedAt\": \"2015-08-07T23:05:08.22Z\",\r\n        \"namespaceType\": \"NotificationHub\",\r\n        \"messagingSku\": 1\r\n      }\r\n    },\r\n    {\r\n      \"id\": \"subscriptions/111c36dc-4047-4c69-acd5-301072ff1fc2/resourceGroups/NotificationHub-RG7797/providers/Microsoft.NotificationHubs/namespaces/HydraNH-Namespace1339\",\r\n      \"name\": \"HydraNH-Namespace1339\",\r\n      \"type\": \"Microsoft.NotificationHubs/namespaces\",\r\n      \"location\": \"South Central US\",\r\n      \"tags\": {\r\n        \"tag1\": \"value1\",\r\n        \"tag2\": \"value2\",\r\n        \"tag3\": \"value3\",\r\n        \"tag4\": \"value4\"\r\n      },\r\n      \"properties\": {\r\n        \"provisioningState\": \"Succeeded\",\r\n        \"status\": \"Active\",\r\n        \"createdAt\": \"2015-08-10T23:29:57.37Z\",\r\n        \"serviceBusEndpoint\": \"https://HydraNH-Namespace1339.servicebus.windows.net:443/\",\r\n        \"enabled\": true,\r\n        \"critical\": true,\r\n        \"updatedAt\": \"2015-08-10T23:30:09.187Z\",\r\n        \"namespaceType\": \"NotificationHub\",\r\n        \"messagingSku\": 1\r\n      }\r\n    },\r\n    {\r\n      \"id\": \"subscriptions/111c36dc-4047-4c69-acd5-301072ff1fc2/resourceGroups/NotificationHub-RG6304/providers/Microsoft.NotificationHubs/namespaces/HydraNH-Namespace2465\",\r\n      \"name\": \"HydraNH-Namespace2465\",\r\n      \"type\": \"Microsoft.NotificationHubs/namespaces\",\r\n      \"location\": \"South Central US\",\r\n      \"tags\": {\r\n        \"tag1\": \"value1\",\r\n        \"tag2\": \"value2\",\r\n        \"tag3\": \"value3\",\r\n        \"tag4\": \"value4\"\r\n      },\r\n      \"properties\": {\r\n        \"provisioningState\": \"Succeeded\",\r\n        \"status\": \"Active\",\r\n        \"createdAt\": \"2015-08-07T23:02:54.267Z\",\r\n        \"serviceBusEndpoint\": \"https://HydraNH-Namespace2465.servicebus.windows.net:443/\",\r\n        \"enabled\": true,\r\n        \"critical\": true,\r\n        \"updatedAt\": \"2015-08-07T23:03:06.707Z\",\r\n        \"namespaceType\": \"NotificationHub\",\r\n        \"messagingSku\": 1\r\n      }\r\n    },\r\n    {\r\n      \"id\": \"subscriptions/111c36dc-4047-4c69-acd5-301072ff1fc2/resourceGroups/Default-NotificationHubs-WestUS/providers/Microsoft.NotificationHubs/namespaces/TestNHWestUS\",\r\n      \"name\": \"TestNHWestUS\",\r\n      \"type\": \"Microsoft.NotificationHubs/namespaces\",\r\n      \"location\": \"West US\",\r\n      \"tags\": null,\r\n      \"properties\": {\r\n        \"provisioningState\": \"Succeeded\",\r\n        \"status\": \"Active\",\r\n        \"createdAt\": \"2015-10-12T19:28:37.073Z\",\r\n        \"serviceBusEndpoint\": \"https://TestNHWestUS.servicebus.windows.net:443/\",\r\n        \"enabled\": true,\r\n        \"critical\": false,\r\n        \"updatedAt\": \"2015-10-12T19:28:40.393Z\",\r\n        \"eventHubEnabled\": true,\r\n        \"namespaceType\": \"NotificationHub\",\r\n        \"messagingSku\": 1\r\n      }\r\n    },\r\n    {\r\n      \"id\": \"subscriptions/111c36dc-4047-4c69-acd5-301072ff1fc2/resourceGroups/NotificationHub-RG9292/providers/Microsoft.NotificationHubs/namespaces/HydraNH-Namespace6246\",\r\n      \"name\": \"HydraNH-Namespace6246\",\r\n      \"type\": \"Microsoft.NotificationHubs/namespaces\",\r\n      \"location\": \"South Central US\",\r\n      \"tags\": {\r\n        \"tag1\": \"value1\",\r\n        \"tag2\": \"value2\",\r\n        \"tag3\": \"value3\",\r\n        \"tag4\": \"value4\"\r\n      },\r\n      \"properties\": {\r\n        \"provisioningState\": \"Succeeded\",\r\n        \"status\": \"Active\",\r\n        \"createdAt\": \"2015-08-11T17:14:09.5Z\",\r\n        \"serviceBusEndpoint\": \"https://HydraNH-Namespace6246.servicebus.windows.net:443/\",\r\n        \"enabled\": true,\r\n        \"critical\": true,\r\n        \"updatedAt\": \"2015-08-11T17:14:15.61Z\",\r\n        \"namespaceType\": \"NotificationHub\",\r\n        \"messagingSku\": 1\r\n      }\r\n    },\r\n    {\r\n      \"id\": \"subscriptions/111c36dc-4047-4c69-acd5-301072ff1fc2/resourceGroups/NotificationHub-RG9144/providers/Microsoft.NotificationHubs/namespaces/HydraNH-Namespace2745\",\r\n      \"name\": \"HydraNH-Namespace2745\",\r\n      \"type\": \"Microsoft.NotificationHubs/namespaces\",\r\n      \"location\": \"South Central US\",\r\n      \"tags\": {\r\n        \"tag1\": \"value1\",\r\n        \"tag2\": \"value2\",\r\n        \"tag3\": \"value3\",\r\n        \"tag4\": \"value4\"\r\n      },\r\n      \"properties\": {\r\n        \"provisioningState\": \"Succeeded\",\r\n        \"status\": \"Active\",\r\n        \"createdAt\": \"2015-08-07T22:20:20.967Z\",\r\n        \"serviceBusEndpoint\": \"https://HydraNH-Namespace2745.servicebus.windows.net:443/\",\r\n        \"enabled\": true,\r\n        \"critical\": true,\r\n        \"updatedAt\": \"2015-08-07T22:20:36.853Z\",\r\n        \"namespaceType\": \"NotificationHub\",\r\n        \"messagingSku\": 1\r\n      }\r\n    },\r\n    {\r\n      \"id\": \"subscriptions/111c36dc-4047-4c69-acd5-301072ff1fc2/resourceGroups/RGName-onesdk3192/providers/Microsoft.NotificationHubs/namespaces/Namespace-onesdk2121\",\r\n      \"name\": \"Namespace-onesdk2121\",\r\n      \"type\": \"Microsoft.NotificationHubs/namespaces\",\r\n      \"location\": \"South Central US\",\r\n      \"tags\": null,\r\n      \"properties\": {\r\n        \"provisioningState\": \"Succeeded\",\r\n        \"status\": \"Active\",\r\n        \"createdAt\": \"2015-10-13T22:33:45.123Z\",\r\n        \"serviceBusEndpoint\": \"https://Namespace-onesdk2121.servicebus.windows.net:443/\",\r\n        \"enabled\": true,\r\n        \"critical\": false,\r\n        \"updatedAt\": \"2015-10-13T22:33:47.98Z\",\r\n        \"namespaceType\": \"NotificationHub\",\r\n        \"messagingSku\": 1\r\n      }\r\n    },\r\n    {\r\n      \"id\": \"subscriptions/111c36dc-4047-4c69-acd5-301072ff1fc2/resourceGroups/NotificationHub-RG502/providers/Microsoft.NotificationHubs/namespaces/HydraNH-Namespace89\",\r\n      \"name\": \"HydraNH-Namespace89\",\r\n      \"type\": \"Microsoft.NotificationHubs/namespaces\",\r\n      \"location\": \"South Central US\",\r\n      \"tags\": {\r\n        \"tag1\": \"value1\",\r\n        \"tag2\": \"value2\",\r\n        \"tag3\": \"value3\",\r\n        \"tag4\": \"value4\"\r\n      },\r\n      \"properties\": {\r\n        \"provisioningState\": \"Succeeded\",\r\n        \"status\": \"Active\",\r\n        \"createdAt\": \"2015-08-12T07:21:53.73Z\",\r\n        \"serviceBusEndpoint\": \"https://HydraNH-Namespace89.servicebus.windows.net:443/\",\r\n        \"enabled\": true,\r\n        \"critical\": true,\r\n        \"updatedAt\": \"2015-08-12T07:21:59.83Z\",\r\n        \"namespaceType\": \"NotificationHub\",\r\n        \"messagingSku\": 1\r\n      }\r\n    },\r\n    {\r\n      \"id\": \"subscriptions/111c36dc-4047-4c69-acd5-301072ff1fc2/resourceGroups/NotificationHub-RG2740/providers/Microsoft.NotificationHubs/namespaces/HydraNH-Namespace3915\",\r\n      \"name\": \"HydraNH-Namespace3915\",\r\n      \"type\": \"Microsoft.NotificationHubs/namespaces\",\r\n      \"location\": \"South Central US\",\r\n      \"tags\": {\r\n        \"tag1\": \"value1\",\r\n        \"tag2\": \"value2\",\r\n        \"tag3\": \"value3\",\r\n        \"tag4\": \"value4\"\r\n      },\r\n      \"properties\": {\r\n        \"provisioningState\": \"Succeeded\",\r\n        \"status\": \"Active\",\r\n        \"createdAt\": \"2015-08-07T22:25:13.627Z\",\r\n        \"serviceBusEndpoint\": \"https://HydraNH-Namespace3915.servicebus.windows.net:443/\",\r\n        \"enabled\": true,\r\n        \"critical\": true,\r\n        \"updatedAt\": \"2015-08-07T22:25:32.213Z\",\r\n        \"namespaceType\": \"NotificationHub\",\r\n        \"messagingSku\": 1\r\n      }\r\n    },\r\n    {\r\n      \"id\": \"subscriptions/111c36dc-4047-4c69-acd5-301072ff1fc2/resourceGroups/RGName-onesdk2096/providers/Microsoft.NotificationHubs/namespaces/Namespace-onesdk6126\",\r\n      \"name\": \"Namespace-onesdk6126\",\r\n      \"type\": \"Microsoft.NotificationHubs/namespaces\",\r\n      \"location\": \"South Central US\",\r\n      \"tags\": null,\r\n      \"properties\": {\r\n        \"provisioningState\": \"Succeeded\",\r\n        \"status\": \"Active\",\r\n        \"createdAt\": \"2015-10-09T23:44:30.683Z\",\r\n        \"serviceBusEndpoint\": \"https://Namespace-onesdk6126.servicebus.windows.net:443/\",\r\n        \"enabled\": true,\r\n        \"critical\": false,\r\n        \"updatedAt\": \"2015-10-09T23:44:36.167Z\",\r\n        \"namespaceType\": \"NotificationHub\",\r\n        \"messagingSku\": 1\r\n      }\r\n    },\r\n    {\r\n      \"id\": \"subscriptions/111c36dc-4047-4c69-acd5-301072ff1fc2/resourceGroups//providers/Microsoft.NotificationHubs/namespaces/CSM-SBTestInfra\",\r\n      \"name\": \"CSM-SBTestInfra\",\r\n      \"type\": \"Microsoft.NotificationHubs/namespaces\",\r\n      \"location\": \"South Central US\",\r\n      \"tags\": null,\r\n      \"properties\": {\r\n        \"provisioningState\": \"Succeeded\",\r\n        \"status\": \"Active\",\r\n        \"createdAt\": \"2014-05-12T18:04:56.787Z\",\r\n        \"serviceBusEndpoint\": \"https://CSM-SBTestInfra.servicebus.windows.net:443/\",\r\n        \"enabled\": true,\r\n        \"critical\": false,\r\n        \"updatedAt\": \"2014-05-12T18:23:13.52Z\",\r\n        \"createACSNamespace\": true,\r\n        \"namespaceType\": \"Messaging\",\r\n        \"messagingSku\": 2\r\n      }\r\n    },\r\n    {\r\n      \"id\": \"subscriptions/111c36dc-4047-4c69-acd5-301072ff1fc2/resourceGroups/NotificationHub-RG2239/providers/Microsoft.NotificationHubs/namespaces/HydraNH-Namespace8768\",\r\n      \"name\": \"HydraNH-Namespace8768\",\r\n      \"type\": \"Microsoft.NotificationHubs/namespaces\",\r\n      \"location\": \"South Central US\",\r\n      \"tags\": null,\r\n      \"properties\": {\r\n        \"provisioningState\": \"Succeeded\",\r\n        \"status\": \"Active\",\r\n        \"createdAt\": \"2015-08-09T00:48:57.073Z\",\r\n        \"serviceBusEndpoint\": \"https://HydraNH-Namespace8768.servicebus.windows.net:443/\",\r\n        \"enabled\": true,\r\n        \"critical\": false,\r\n        \"updatedAt\": \"2015-08-09T00:48:59.56Z\",\r\n        \"namespaceType\": \"NotificationHub\",\r\n        \"messagingSku\": 1\r\n      }\r\n    },\r\n    {\r\n      \"id\": \"subscriptions/111c36dc-4047-4c69-acd5-301072ff1fc2/resourceGroups/NotificationHub-RG3800/providers/Microsoft.NotificationHubs/namespaces/HydraNH-Namespace2562\",\r\n      \"name\": \"HydraNH-Namespace2562\",\r\n      \"type\": \"Microsoft.NotificationHubs/namespaces\",\r\n      \"location\": \"South Central US\",\r\n      \"tags\": null,\r\n      \"properties\": {\r\n        \"provisioningState\": \"Succeeded\",\r\n        \"status\": \"Active\",\r\n        \"createdAt\": \"2015-08-07T21:26:47.64Z\",\r\n        \"serviceBusEndpoint\": \"https://HydraNH-Namespace2562.servicebus.windows.net:443/\",\r\n        \"enabled\": true,\r\n        \"critical\": false,\r\n        \"updatedAt\": \"2015-08-07T21:26:50.423Z\",\r\n        \"namespaceType\": \"NotificationHub\",\r\n        \"messagingSku\": 1\r\n      }\r\n    },\r\n    {\r\n      \"id\": \"subscriptions/111c36dc-4047-4c69-acd5-301072ff1fc2/resourceGroups/NotificationHub-RG7053/providers/Microsoft.NotificationHubs/namespaces/HydraNH-Namespace7393\",\r\n      \"name\": \"HydraNH-Namespace7393\",\r\n      \"type\": \"Microsoft.NotificationHubs/namespaces\",\r\n      \"location\": \"South Central US\",\r\n      \"tags\": {\r\n        \"tag1\": \"value1\",\r\n        \"tag2\": \"value2\",\r\n        \"tag3\": \"value3\",\r\n        \"tag4\": \"value4\"\r\n      },\r\n      \"properties\": {\r\n        \"provisioningState\": \"Succeeded\",\r\n        \"status\": \"Active\",\r\n        \"createdAt\": \"2015-08-07T23:01:16.977Z\",\r\n        \"serviceBusEndpoint\": \"https://HydraNH-Namespace7393.servicebus.windows.net:443/\",\r\n        \"enabled\": true,\r\n        \"critical\": true,\r\n        \"updatedAt\": \"2015-08-07T23:01:29.83Z\",\r\n        \"namespaceType\": \"NotificationHub\",\r\n        \"messagingSku\": 1\r\n      }\r\n    },\r\n    {\r\n      \"id\": \"subscriptions/111c36dc-4047-4c69-acd5-301072ff1fc2/resourceGroups/NotificationHub-RG3605/providers/Microsoft.NotificationHubs/namespaces/HydraNH-Namespace2992\",\r\n      \"name\": \"HydraNH-Namespace2992\",\r\n      \"type\": \"Microsoft.NotificationHubs/namespaces\",\r\n      \"location\": \"South Central US\",\r\n      \"tags\": {\r\n        \"tag1\": \"value1\",\r\n        \"tag2\": \"value2\",\r\n        \"tag3\": \"value3\",\r\n        \"tag4\": \"value4\"\r\n      },\r\n      \"properties\": {\r\n        \"provisioningState\": \"Succeeded\",\r\n        \"status\": \"Active\",\r\n        \"createdAt\": \"2015-08-07T22:55:53.537Z\",\r\n        \"serviceBusEndpoint\": \"https://HydraNH-Namespace2992.servicebus.windows.net:443/\",\r\n        \"enabled\": true,\r\n        \"critical\": true,\r\n        \"updatedAt\": \"2015-08-07T22:56:06.76Z\",\r\n        \"namespaceType\": \"NotificationHub\",\r\n        \"messagingSku\": 1\r\n      }\r\n    },\r\n    {\r\n      \"id\": \"subscriptions/111c36dc-4047-4c69-acd5-301072ff1fc2/resourceGroups/NotificationHub-RG3366/providers/Microsoft.NotificationHubs/namespaces/HydraNH-Namespace2320\",\r\n      \"name\": \"HydraNH-Namespace2320\",\r\n      \"type\": \"Microsoft.NotificationHubs/namespaces\",\r\n      \"location\": \"South Central US\",\r\n      \"tags\": null,\r\n      \"properties\": {\r\n        \"provisioningState\": \"Succeeded\",\r\n        \"status\": \"Active\",\r\n        \"createdAt\": \"2015-08-07T21:10:33.943Z\",\r\n        \"serviceBusEndpoint\": \"https://HydraNH-Namespace2320.servicebus.windows.net:443/\",\r\n        \"enabled\": true,\r\n        \"critical\": false,\r\n        \"updatedAt\": \"2015-08-07T21:10:37.233Z\",\r\n        \"namespaceType\": \"NotificationHub\",\r\n        \"messagingSku\": 1\r\n      }\r\n    },\r\n    {\r\n      \"id\": \"subscriptions/111c36dc-4047-4c69-acd5-301072ff1fc2/resourceGroups/TestRG-123/providers/Microsoft.NotificationHubs/namespaces/NS-11fd83cf-97a2-4ab6-8a13-c7ba10255e63\",\r\n      \"name\": \"NS-11fd83cf-97a2-4ab6-8a13-c7ba10255e63\",\r\n      \"type\": \"Microsoft.NotificationHubs/namespaces\",\r\n      \"location\": \"East US\",\r\n      \"tags\": {\r\n        \"test\": \"namespace\"\r\n      },\r\n      \"properties\": {\r\n        \"provisioningState\": \"Succeeded\",\r\n        \"status\": \"Active\",\r\n        \"createdAt\": \"2015-03-12T23:08:14.88Z\",\r\n        \"serviceBusEndpoint\": \"https://NS-11fd83cf-97a2-4ab6-8a13-c7ba10255e63.servicebus.windows.net:443/\",\r\n        \"enabled\": true,\r\n        \"critical\": false,\r\n        \"updatedAt\": \"2015-03-12T23:08:17.447Z\",\r\n        \"namespaceType\": \"NotificationHub\",\r\n        \"messagingSku\": 1\r\n      }\r\n    },\r\n    {\r\n      \"id\": \"subscriptions/111c36dc-4047-4c69-acd5-301072ff1fc2/resourceGroups/NotificationHub-RG9939/providers/Microsoft.NotificationHubs/namespaces/HydraNH-Namespace4260\",\r\n      \"name\": \"HydraNH-Namespace4260\",\r\n      \"type\": \"Microsoft.NotificationHubs/namespaces\",\r\n      \"location\": \"South Central US\",\r\n      \"tags\": {\r\n        \"tag1\": \"value1\",\r\n        \"tag2\": \"value2\",\r\n        \"tag3\": \"value3\",\r\n        \"tag4\": \"value4\"\r\n      },\r\n      \"properties\": {\r\n        \"provisioningState\": \"Succeeded\",\r\n        \"status\": \"Active\",\r\n        \"createdAt\": \"2015-08-07T21:54:47.87Z\",\r\n        \"serviceBusEndpoint\": \"https://HydraNH-Namespace4260.servicebus.windows.net:443/\",\r\n        \"enabled\": true,\r\n        \"critical\": true,\r\n        \"updatedAt\": \"2015-08-07T21:55:03.113Z\",\r\n        \"namespaceType\": \"NotificationHub\",\r\n        \"messagingSku\": 1\r\n      }\r\n    },\r\n    {\r\n      \"id\": \"subscriptions/111c36dc-4047-4c69-acd5-301072ff1fc2/resourceGroups/NotificationHub-RG1292/providers/Microsoft.NotificationHubs/namespaces/HydraNH-Namespace4418\",\r\n      \"name\": \"HydraNH-Namespace4418\",\r\n      \"type\": \"Microsoft.NotificationHubs/namespaces\",\r\n      \"location\": \"South Central US\",\r\n      \"tags\": {\r\n        \"tag1\": \"value1\",\r\n        \"tag2\": \"value2\",\r\n        \"tag3\": \"value3\",\r\n        \"tag4\": \"value4\"\r\n      },\r\n      \"properties\": {\r\n        \"provisioningState\": \"Succeeded\",\r\n        \"status\": \"Active\",\r\n        \"createdAt\": \"2015-08-10T22:46:16.21Z\",\r\n        \"serviceBusEndpoint\": \"https://HydraNH-Namespace4418.servicebus.windows.net:443/\",\r\n        \"enabled\": true,\r\n        \"critical\": true,\r\n        \"updatedAt\": \"2015-08-10T22:46:31.107Z\",\r\n        \"namespaceType\": \"NotificationHub\",\r\n        \"messagingSku\": 1\r\n      }\r\n    },\r\n    {\r\n      \"id\": \"subscriptions/111c36dc-4047-4c69-acd5-301072ff1fc2/resourceGroups/NotificationHub-RG5332/providers/Microsoft.NotificationHubs/namespaces/HydraNH-Namespace5042\",\r\n      \"name\": \"HydraNH-Namespace5042\",\r\n      \"type\": \"Microsoft.NotificationHubs/namespaces\",\r\n      \"location\": \"South Central US\",\r\n      \"tags\": {\r\n        \"tag1\": \"value1\",\r\n        \"tag2\": \"value2\",\r\n        \"tag3\": \"value3\",\r\n        \"tag4\": \"value4\"\r\n      },\r\n      \"properties\": {\r\n        \"provisioningState\": \"Succeeded\",\r\n        \"status\": \"Active\",\r\n        \"createdAt\": \"2015-08-11T23:39:09.16Z\",\r\n        \"serviceBusEndpoint\": \"https://HydraNH-Namespace5042.servicebus.windows.net:443/\",\r\n        \"enabled\": true,\r\n        \"critical\": true,\r\n        \"updatedAt\": \"2015-08-11T23:39:15.593Z\",\r\n        \"namespaceType\": \"NotificationHub\",\r\n        \"messagingSku\": 1\r\n      }\r\n    },\r\n    {\r\n      \"id\": \"subscriptions/111c36dc-4047-4c69-acd5-301072ff1fc2/resourceGroups/NotificationHub-RG1024/providers/Microsoft.NotificationHubs/namespaces/HydraNH-Namespace1652\",\r\n      \"name\": \"HydraNH-Namespace1652\",\r\n      \"type\": \"Microsoft.NotificationHubs/namespaces\",\r\n      \"location\": \"South Central US\",\r\n      \"tags\": {\r\n        \"tag1\": \"value1\",\r\n        \"tag2\": \"value2\",\r\n        \"tag3\": \"value3\",\r\n        \"tag4\": \"value4\"\r\n      },\r\n      \"properties\": {\r\n        \"provisioningState\": \"Succeeded\",\r\n        \"status\": \"Active\",\r\n        \"createdAt\": \"2015-08-07T22:06:45.87Z\",\r\n        \"serviceBusEndpoint\": \"https://HydraNH-Namespace1652.servicebus.windows.net:443/\",\r\n        \"enabled\": true,\r\n        \"critical\": true,\r\n        \"updatedAt\": \"2015-08-07T22:07:03.36Z\",\r\n        \"namespaceType\": \"NotificationHub\",\r\n        \"messagingSku\": 1\r\n      }\r\n    },\r\n    {\r\n      \"id\": \"subscriptions/111c36dc-4047-4c69-acd5-301072ff1fc2/resourceGroups/NotificationHub-RG9698/providers/Microsoft.NotificationHubs/namespaces/HydraNH-Namespace7349\",\r\n      \"name\": \"HydraNH-Namespace7349\",\r\n      \"type\": \"Microsoft.NotificationHubs/namespaces\",\r\n      \"location\": \"South Central US\",\r\n      \"tags\": {\r\n        \"tag1\": \"value1\",\r\n        \"tag2\": \"value2\",\r\n        \"tag3\": \"value3\",\r\n        \"tag4\": \"value4\"\r\n      },\r\n      \"properties\": {\r\n        \"provisioningState\": \"Succeeded\",\r\n        \"status\": \"Active\",\r\n        \"createdAt\": \"2015-08-07T21:55:45.867Z\",\r\n        \"serviceBusEndpoint\": \"https://HydraNH-Namespace7349.servicebus.windows.net:443/\",\r\n        \"enabled\": true,\r\n        \"critical\": true,\r\n        \"updatedAt\": \"2015-08-07T21:55:56.81Z\",\r\n        \"namespaceType\": \"NotificationHub\",\r\n        \"messagingSku\": 1\r\n      }\r\n    },\r\n    {\r\n      \"id\": \"subscriptions/111c36dc-4047-4c69-acd5-301072ff1fc2/resourceGroups/NotificationHub-RG3856/providers/Microsoft.NotificationHubs/namespaces/HydraNH-Namespace7885\",\r\n      \"name\": \"HydraNH-Namespace7885\",\r\n      \"type\": \"Microsoft.NotificationHubs/namespaces\",\r\n      \"location\": \"South Central US\",\r\n      \"tags\": {\r\n        \"tag1\": \"value1\",\r\n        \"tag2\": \"value2\",\r\n        \"tag3\": \"value3\",\r\n        \"tag4\": \"value4\"\r\n      },\r\n      \"properties\": {\r\n        \"provisioningState\": \"Succeeded\",\r\n        \"status\": \"Active\",\r\n        \"createdAt\": \"2015-08-07T22:57:15.08Z\",\r\n        \"serviceBusEndpoint\": \"https://HydraNH-Namespace7885.servicebus.windows.net:443/\",\r\n        \"enabled\": true,\r\n        \"critical\": true,\r\n        \"updatedAt\": \"2015-08-07T22:57:28.83Z\",\r\n        \"namespaceType\": \"NotificationHub\",\r\n        \"messagingSku\": 1\r\n      }\r\n    },\r\n    {\r\n      \"id\": \"subscriptions/111c36dc-4047-4c69-acd5-301072ff1fc2/resourceGroups/NotificationHub-RG3689/providers/Microsoft.NotificationHubs/namespaces/HydraNH-Namespace9627\",\r\n      \"name\": \"HydraNH-Namespace9627\",\r\n      \"type\": \"Microsoft.NotificationHubs/namespaces\",\r\n      \"location\": \"South Central US\",\r\n      \"tags\": null,\r\n      \"properties\": {\r\n        \"provisioningState\": \"Succeeded\",\r\n        \"status\": \"Active\",\r\n        \"createdAt\": \"2015-08-08T00:19:22.523Z\",\r\n        \"serviceBusEndpoint\": \"https://HydraNH-Namespace9627.servicebus.windows.net:443/\",\r\n        \"enabled\": true,\r\n        \"critical\": false,\r\n        \"updatedAt\": \"2015-08-08T00:19:25.073Z\",\r\n        \"namespaceType\": \"NotificationHub\",\r\n        \"messagingSku\": 1\r\n      }\r\n    },\r\n    {\r\n      \"id\": \"subscriptions/111c36dc-4047-4c69-acd5-301072ff1fc2/resourceGroups/NotificationHub-RG2402/providers/Microsoft.NotificationHubs/namespaces/HydraNH-Namespace1535\",\r\n      \"name\": \"HydraNH-Namespace1535\",\r\n      \"type\": \"Microsoft.NotificationHubs/namespaces\",\r\n      \"location\": \"South Central US\",\r\n      \"tags\": {\r\n        \"tag1\": \"value1\",\r\n        \"tag2\": \"value2\",\r\n        \"tag3\": \"value3\",\r\n        \"tag4\": \"value4\"\r\n      },\r\n      \"properties\": {\r\n        \"provisioningState\": \"Succeeded\",\r\n        \"status\": \"Active\",\r\n        \"createdAt\": \"2015-08-09T00:11:59.727Z\",\r\n        \"serviceBusEndpoint\": \"https://HydraNH-Namespace1535.servicebus.windows.net:443/\",\r\n        \"enabled\": true,\r\n        \"critical\": true,\r\n        \"updatedAt\": \"2015-08-09T00:12:13.233Z\",\r\n        \"namespaceType\": \"NotificationHub\",\r\n        \"messagingSku\": 1\r\n      }\r\n    },\r\n    {\r\n      \"id\": \"subscriptions/111c36dc-4047-4c69-acd5-301072ff1fc2/resourceGroups/NotificationHub-RG8221/providers/Microsoft.NotificationHubs/namespaces/HydraNH-Namespace6431\",\r\n      \"name\": \"HydraNH-Namespace6431\",\r\n      \"type\": \"Microsoft.NotificationHubs/namespaces\",\r\n      \"location\": \"South Central US\",\r\n      \"tags\": null,\r\n      \"properties\": {\r\n        \"provisioningState\": \"Succeeded\",\r\n        \"status\": \"Active\",\r\n        \"createdAt\": \"2015-08-11T23:07:23.813Z\",\r\n        \"serviceBusEndpoint\": \"https://HydraNH-Namespace6431.servicebus.windows.net:443/\",\r\n        \"enabled\": true,\r\n        \"critical\": false,\r\n        \"updatedAt\": \"2015-08-11T23:07:26.96Z\",\r\n        \"namespaceType\": \"NotificationHub\",\r\n        \"messagingSku\": 1\r\n      }\r\n    },\r\n    {\r\n      \"id\": \"subscriptions/111c36dc-4047-4c69-acd5-301072ff1fc2/resourceGroups/NotificationHub-RG8335/providers/Microsoft.NotificationHubs/namespaces/HydraNH-Namespace251\",\r\n      \"name\": \"HydraNH-Namespace251\",\r\n      \"type\": \"Microsoft.NotificationHubs/namespaces\",\r\n      \"location\": \"South Central US\",\r\n      \"tags\": {\r\n        \"tag1\": \"value1\",\r\n        \"tag2\": \"value2\",\r\n        \"tag3\": \"value3\",\r\n        \"tag4\": \"value4\"\r\n      },\r\n      \"properties\": {\r\n        \"provisioningState\": \"Succeeded\",\r\n        \"status\": \"Active\",\r\n        \"createdAt\": \"2015-08-07T22:33:01.393Z\",\r\n        \"serviceBusEndpoint\": \"https://HydraNH-Namespace251.servicebus.windows.net:443/\",\r\n        \"enabled\": true,\r\n        \"critical\": true,\r\n        \"updatedAt\": \"2015-08-07T22:33:13.69Z\",\r\n        \"namespaceType\": \"NotificationHub\",\r\n        \"messagingSku\": 1\r\n      }\r\n    },\r\n    {\r\n      \"id\": \"subscriptions/111c36dc-4047-4c69-acd5-301072ff1fc2/resourceGroups/NotificationHub-RG3062/providers/Microsoft.NotificationHubs/namespaces/HydraNH-Namespace2376\",\r\n      \"name\": \"HydraNH-Namespace2376\",\r\n      \"type\": \"Microsoft.NotificationHubs/namespaces\",\r\n      \"location\": \"South Central US\",\r\n      \"tags\": null,\r\n      \"properties\": {\r\n        \"provisioningState\": \"Succeeded\",\r\n        \"status\": \"Active\",\r\n        \"createdAt\": \"2015-08-08T00:36:32.113Z\",\r\n        \"serviceBusEndpoint\": \"https://HydraNH-Namespace2376.servicebus.windows.net:443/\",\r\n        \"enabled\": true,\r\n        \"critical\": false,\r\n        \"updatedAt\": \"2015-08-08T00:36:34.547Z\",\r\n        \"namespaceType\": \"NotificationHub\",\r\n        \"messagingSku\": 1\r\n      }\r\n    },\r\n    {\r\n      \"id\": \"subscriptions/111c36dc-4047-4c69-acd5-301072ff1fc2/resourceGroups/111c36dc-4047-4c69-acd5-301072ff1fc2/providers/Microsoft.NotificationHubs/namespaces/HydraNH-Namespace7143\",\r\n      \"name\": \"HydraNH-Namespace7143\",\r\n      \"type\": \"Microsoft.NotificationHubs/namespaces\",\r\n      \"location\": \"South Central US\",\r\n      \"tags\": null,\r\n      \"properties\": {\r\n        \"provisioningState\": \"Succeeded\",\r\n        \"status\": \"Active\",\r\n        \"createdAt\": \"2015-08-07T23:55:03.03Z\",\r\n        \"serviceBusEndpoint\": \"https://HydraNH-Namespace7143.servicebus.windows.net:443/\",\r\n        \"enabled\": true,\r\n        \"critical\": false,\r\n        \"updatedAt\": \"2015-09-03T22:09:32.387Z\",\r\n        \"namespaceType\": \"NotificationHub\",\r\n        \"messagingSku\": 1\r\n      }\r\n    },\r\n    {\r\n      \"id\": \"subscriptions/111c36dc-4047-4c69-acd5-301072ff1fc2/resourceGroups/Default-NotificationHubs-CentralUS/providers/Microsoft.NotificationHubs/namespaces/loctestns0004\",\r\n      \"name\": \"loctestns0004\",\r\n      \"type\": \"Microsoft.NotificationHubs/namespaces\",\r\n      \"location\": \"Central US\",\r\n      \"tags\": null,\r\n      \"properties\": {\r\n        \"provisioningState\": \"Succeeded\",\r\n        \"status\": \"Active\",\r\n        \"createdAt\": \"2014-10-21T18:30:52.017Z\",\r\n        \"serviceBusEndpoint\": \"https://loctestns0004.servicebus.windows.net:443/\",\r\n        \"enabled\": true,\r\n        \"critical\": false,\r\n        \"updatedAt\": \"2014-10-21T18:30:54.913Z\",\r\n        \"eventHubEnabled\": true,\r\n        \"namespaceType\": \"NotificationHub\",\r\n        \"messagingSku\": 1\r\n      }\r\n    },\r\n    {\r\n      \"id\": \"subscriptions/111c36dc-4047-4c69-acd5-301072ff1fc2/resourceGroups/NotificationHub-RG6401/providers/Microsoft.NotificationHubs/namespaces/HydraNH-Namespace226\",\r\n      \"name\": \"HydraNH-Namespace226\",\r\n      \"type\": \"Microsoft.NotificationHubs/namespaces\",\r\n      \"location\": \"South Central US\",\r\n      \"tags\": {\r\n        \"tag1\": \"value1\",\r\n        \"tag2\": \"value2\",\r\n        \"tag3\": \"value3\",\r\n        \"tag4\": \"value4\"\r\n      },\r\n      \"properties\": {\r\n        \"provisioningState\": \"Succeeded\",\r\n        \"status\": \"Active\",\r\n        \"createdAt\": \"2015-08-11T21:01:54.48Z\",\r\n        \"serviceBusEndpoint\": \"https://HydraNH-Namespace226.servicebus.windows.net:443/\",\r\n        \"enabled\": true,\r\n        \"critical\": true,\r\n        \"updatedAt\": \"2015-08-11T21:02:00.863Z\",\r\n        \"namespaceType\": \"NotificationHub\",\r\n        \"messagingSku\": 1\r\n      }\r\n    },\r\n    {\r\n      \"id\": \"subscriptions/111c36dc-4047-4c69-acd5-301072ff1fc2/resourceGroups/NotificationHub-RG7444/providers/Microsoft.NotificationHubs/namespaces/HydraNH-Namespace9101\",\r\n      \"name\": \"HydraNH-Namespace9101\",\r\n      \"type\": \"Microsoft.NotificationHubs/namespaces\",\r\n      \"location\": \"South Central US\",\r\n      \"tags\": null,\r\n      \"properties\": {\r\n        \"provisioningState\": \"Succeeded\",\r\n        \"status\": \"Active\",\r\n        \"createdAt\": \"2015-08-10T21:39:03.35Z\",\r\n        \"serviceBusEndpoint\": \"https://HydraNH-Namespace9101.servicebus.windows.net:443/\",\r\n        \"enabled\": true,\r\n        \"critical\": false,\r\n        \"updatedAt\": \"2015-08-10T21:39:05.49Z\",\r\n        \"namespaceType\": \"NotificationHub\",\r\n        \"messagingSku\": 1\r\n      }\r\n    },\r\n    {\r\n      \"id\": \"subscriptions/111c36dc-4047-4c69-acd5-301072ff1fc2/resourceGroups/NotificationHub-RG5915/providers/Microsoft.NotificationHubs/namespaces/HydraNH-Namespace7983\",\r\n      \"name\": \"HydraNH-Namespace7983\",\r\n      \"type\": \"Microsoft.NotificationHubs/namespaces\",\r\n      \"location\": \"South Central US\",\r\n      \"tags\": null,\r\n      \"properties\": {\r\n        \"provisioningState\": \"Succeeded\",\r\n        \"status\": \"Active\",\r\n        \"createdAt\": \"2015-08-08T23:26:27.06Z\",\r\n        \"serviceBusEndpoint\": \"https://HydraNH-Namespace7983.servicebus.windows.net:443/\",\r\n        \"enabled\": true,\r\n        \"critical\": false,\r\n        \"updatedAt\": \"2015-08-08T23:26:29.313Z\",\r\n        \"namespaceType\": \"NotificationHub\",\r\n        \"messagingSku\": 1\r\n      }\r\n    },\r\n    {\r\n      \"id\": \"subscriptions/111c36dc-4047-4c69-acd5-301072ff1fc2/resourceGroups/NotificationHub-RG4393/providers/Microsoft.NotificationHubs/namespaces/HydraNH-Namespace8154\",\r\n      \"name\": \"HydraNH-Namespace8154\",\r\n      \"type\": \"Microsoft.NotificationHubs/namespaces\",\r\n      \"location\": \"South Central US\",\r\n      \"tags\": null,\r\n      \"properties\": {\r\n        \"provisioningState\": \"Succeeded\",\r\n        \"status\": \"Active\",\r\n        \"createdAt\": \"2015-08-07T21:17:04.05Z\",\r\n        \"serviceBusEndpoint\": \"https://HydraNH-Namespace8154.servicebus.windows.net:443/\",\r\n        \"enabled\": true,\r\n        \"critical\": false,\r\n        \"updatedAt\": \"2015-08-07T21:17:05.917Z\",\r\n        \"namespaceType\": \"NotificationHub\",\r\n        \"messagingSku\": 1\r\n      }\r\n    },\r\n    {\r\n      \"id\": \"subscriptions/111c36dc-4047-4c69-acd5-301072ff1fc2/resourceGroups/NotificationHub-RG2082/providers/Microsoft.NotificationHubs/namespaces/HydraNH-Namespace8262\",\r\n      \"name\": \"HydraNH-Namespace8262\",\r\n      \"type\": \"Microsoft.NotificationHubs/namespaces\",\r\n      \"location\": \"South Central US\",\r\n      \"tags\": {\r\n        \"tag1\": \"value1\",\r\n        \"tag2\": \"value2\",\r\n        \"tag3\": \"value3\",\r\n        \"tag4\": \"value4\"\r\n      },\r\n      \"properties\": {\r\n        \"provisioningState\": \"Succeeded\",\r\n        \"status\": \"Active\",\r\n        \"createdAt\": \"2015-08-12T03:41:20.96Z\",\r\n        \"serviceBusEndpoint\": \"https://HydraNH-Namespace8262.servicebus.windows.net:443/\",\r\n        \"enabled\": true,\r\n        \"critical\": true,\r\n        \"updatedAt\": \"2015-08-12T03:41:27.067Z\",\r\n        \"namespaceType\": \"NotificationHub\",\r\n        \"messagingSku\": 1\r\n      }\r\n    },\r\n    {\r\n      \"id\": \"subscriptions/111c36dc-4047-4c69-acd5-301072ff1fc2/resourceGroups/NotificationHub-RG500/providers/Microsoft.NotificationHubs/namespaces/HydraNH-Namespace5264\",\r\n      \"name\": \"HydraNH-Namespace5264\",\r\n      \"type\": \"Microsoft.NotificationHubs/namespaces\",\r\n      \"location\": \"South Central US\",\r\n      \"tags\": {\r\n        \"tag1\": \"value1\",\r\n        \"tag2\": \"value2\",\r\n        \"tag3\": \"value3\",\r\n        \"tag4\": \"value4\"\r\n      },\r\n      \"properties\": {\r\n        \"provisioningState\": \"Succeeded\",\r\n        \"status\": \"Active\",\r\n        \"createdAt\": \"2015-08-08T22:27:48.503Z\",\r\n        \"serviceBusEndpoint\": \"https://HydraNH-Namespace5264.servicebus.windows.net:443/\",\r\n        \"enabled\": true,\r\n        \"critical\": true,\r\n        \"updatedAt\": \"2015-08-08T22:28:01.393Z\",\r\n        \"namespaceType\": \"NotificationHub\",\r\n        \"messagingSku\": 1\r\n      }\r\n    },\r\n    {\r\n      \"id\": \"subscriptions/111c36dc-4047-4c69-acd5-301072ff1fc2/resourceGroups/NotificationHub-RG1763/providers/Microsoft.NotificationHubs/namespaces/HydraNH-Namespace5892\",\r\n      \"name\": \"HydraNH-Namespace5892\",\r\n      \"type\": \"Microsoft.NotificationHubs/namespaces\",\r\n      \"location\": \"South Central US\",\r\n      \"tags\": {\r\n        \"tag1\": \"value1\",\r\n        \"tag2\": \"value2\",\r\n        \"tag3\": \"value3\",\r\n        \"tag4\": \"value4\"\r\n      },\r\n      \"properties\": {\r\n        \"provisioningState\": \"Succeeded\",\r\n        \"status\": \"Active\",\r\n        \"createdAt\": \"2015-08-11T19:20:44.62Z\",\r\n        \"serviceBusEndpoint\": \"https://HydraNH-Namespace5892.servicebus.windows.net:443/\",\r\n        \"enabled\": true,\r\n        \"critical\": true,\r\n        \"updatedAt\": \"2015-08-11T19:20:51.1Z\",\r\n        \"namespaceType\": \"NotificationHub\",\r\n        \"messagingSku\": 1\r\n      }\r\n    },\r\n    {\r\n      \"id\": \"subscriptions/111c36dc-4047-4c69-acd5-301072ff1fc2/resourceGroups/Default-NotificationHubs-NorthCentralUS/providers/Microsoft.NotificationHubs/namespaces/TestNorthCentral\",\r\n      \"name\": \"TestNorthCentral\",\r\n      \"type\": \"Microsoft.NotificationHubs/namespaces\",\r\n      \"location\": \"North Central US\",\r\n      \"tags\": null,\r\n      \"properties\": {\r\n        \"provisioningState\": \"Succeeded\",\r\n        \"status\": \"Active\",\r\n        \"createdAt\": \"2015-10-12T19:28:03.69Z\",\r\n        \"serviceBusEndpoint\": \"https://TestNorthCentral.servicebus.windows.net:443/\",\r\n        \"enabled\": true,\r\n        \"critical\": false,\r\n        \"updatedAt\": \"2015-10-12T19:28:13.737Z\",\r\n        \"eventHubEnabled\": true,\r\n        \"namespaceType\": \"NotificationHub\",\r\n        \"messagingSku\": 1\r\n      }\r\n    },\r\n    {\r\n      \"id\": \"subscriptions/111c36dc-4047-4c69-acd5-301072ff1fc2/resourceGroups/NotificationHub-RG3499/providers/Microsoft.NotificationHubs/namespaces/HydraNH-Namespace2455\",\r\n      \"name\": \"HydraNH-Namespace2455\",\r\n      \"type\": \"Microsoft.NotificationHubs/namespaces\",\r\n      \"location\": \"South Central US\",\r\n      \"tags\": null,\r\n      \"properties\": {\r\n        \"provisioningState\": \"Succeeded\",\r\n        \"status\": \"Active\",\r\n        \"createdAt\": \"2015-08-08T00:14:49.95Z\",\r\n        \"serviceBusEndpoint\": \"https://HydraNH-Namespace2455.servicebus.windows.net:443/\",\r\n        \"enabled\": true,\r\n        \"critical\": false,\r\n        \"updatedAt\": \"2015-08-08T00:14:52.423Z\",\r\n        \"namespaceType\": \"NotificationHub\",\r\n        \"messagingSku\": 1\r\n      }\r\n    },\r\n    {\r\n      \"id\": \"subscriptions/111c36dc-4047-4c69-acd5-301072ff1fc2/resourceGroups//providers/Microsoft.NotificationHubs/namespaces/prod-6-2-bl2-SBAC2-1\",\r\n      \"name\": \"prod-6-2-bl2-SBAC2-1\",\r\n      \"type\": \"Microsoft.NotificationHubs/namespaces\",\r\n      \"location\": \"East US\",\r\n      \"tags\": null,\r\n      \"properties\": {\r\n        \"provisioningState\": \"Succeeded\",\r\n        \"status\": \"Active\",\r\n        \"createdAt\": \"2012-06-03T02:47:54.277Z\",\r\n        \"serviceBusEndpoint\": \"https://prod-6-2-bl2-SBAC2-1.servicebus.windows.net:443/\",\r\n        \"enabled\": true,\r\n        \"critical\": false,\r\n        \"updatedAt\": \"2012-06-03T02:58:56.033Z\",\r\n        \"createACSNamespace\": true,\r\n        \"namespaceType\": \"Messaging\",\r\n        \"messagingSku\": 2\r\n      }\r\n    },\r\n    {\r\n      \"id\": \"subscriptions/111c36dc-4047-4c69-acd5-301072ff1fc2/resourceGroups/NotificationHub-RG1341/providers/Microsoft.NotificationHubs/namespaces/HydraNH-Namespace5206\",\r\n      \"name\": \"HydraNH-Namespace5206\",\r\n      \"type\": \"Microsoft.NotificationHubs/namespaces\",\r\n      \"location\": \"South Central US\",\r\n      \"tags\": {\r\n        \"tag1\": \"value1\",\r\n        \"tag2\": \"value2\",\r\n        \"tag3\": \"value3\",\r\n        \"tag4\": \"value4\"\r\n      },\r\n      \"properties\": {\r\n        \"provisioningState\": \"Succeeded\",\r\n        \"status\": \"Active\",\r\n        \"createdAt\": \"2015-08-07T22:04:15.74Z\",\r\n        \"serviceBusEndpoint\": \"https://HydraNH-Namespace5206.servicebus.windows.net:443/\",\r\n        \"enabled\": true,\r\n        \"critical\": true,\r\n        \"updatedAt\": \"2015-08-07T22:04:28.87Z\",\r\n        \"namespaceType\": \"NotificationHub\",\r\n        \"messagingSku\": 1\r\n      }\r\n    },\r\n    {\r\n      \"id\": \"subscriptions/111c36dc-4047-4c69-acd5-301072ff1fc2/resourceGroups/NotificationHub-RG5215/providers/Microsoft.NotificationHubs/namespaces/HydraNH-Namespace3270\",\r\n      \"name\": \"HydraNH-Namespace3270\",\r\n      \"type\": \"Microsoft.NotificationHubs/namespaces\",\r\n      \"location\": \"South Central US\",\r\n      \"tags\": null,\r\n      \"properties\": {\r\n        \"provisioningState\": \"Succeeded\",\r\n        \"status\": \"Active\",\r\n        \"createdAt\": \"2015-08-07T18:35:46.607Z\",\r\n        \"serviceBusEndpoint\": \"https://HydraNH-Namespace3270.servicebus.windows.net:443/\",\r\n        \"enabled\": true,\r\n        \"critical\": false,\r\n        \"updatedAt\": \"2015-08-07T18:35:50.3Z\",\r\n        \"namespaceType\": \"NotificationHub\",\r\n        \"messagingSku\": 1\r\n      }\r\n    },\r\n    {\r\n      \"id\": \"subscriptions/111c36dc-4047-4c69-acd5-301072ff1fc2/resourceGroups/NotificationHub-RG6885/providers/Microsoft.NotificationHubs/namespaces/HydraNH-Namespace1729\",\r\n      \"name\": \"HydraNH-Namespace1729\",\r\n      \"type\": \"Microsoft.NotificationHubs/namespaces\",\r\n      \"location\": \"South Central US\",\r\n      \"tags\": {\r\n        \"tag1\": \"value1\",\r\n        \"tag2\": \"value2\",\r\n        \"tag3\": \"value3\",\r\n        \"tag4\": \"value4\"\r\n      },\r\n      \"properties\": {\r\n        \"provisioningState\": \"Succeeded\",\r\n        \"status\": \"Active\",\r\n        \"createdAt\": \"2015-08-07T22:46:43.05Z\",\r\n        \"serviceBusEndpoint\": \"https://HydraNH-Namespace1729.servicebus.windows.net:443/\",\r\n        \"enabled\": true,\r\n        \"critical\": true,\r\n        \"updatedAt\": \"2015-08-07T22:46:56.523Z\",\r\n        \"namespaceType\": \"NotificationHub\",\r\n        \"messagingSku\": 1\r\n      }\r\n    },\r\n    {\r\n      \"id\": \"subscriptions/111c36dc-4047-4c69-acd5-301072ff1fc2/resourceGroups/NotificationHub-RG3777/providers/Microsoft.NotificationHubs/namespaces/HydraNH-Namespace8871\",\r\n      \"name\": \"HydraNH-Namespace8871\",\r\n      \"type\": \"Microsoft.NotificationHubs/namespaces\",\r\n      \"location\": \"South Central US\",\r\n      \"tags\": {\r\n        \"tag1\": \"value1\",\r\n        \"tag2\": \"value2\",\r\n        \"tag3\": \"value3\",\r\n        \"tag4\": \"value4\"\r\n      },\r\n      \"properties\": {\r\n        \"provisioningState\": \"Succeeded\",\r\n        \"status\": \"Active\",\r\n        \"createdAt\": \"2015-08-07T21:57:04.503Z\",\r\n        \"serviceBusEndpoint\": \"https://HydraNH-Namespace8871.servicebus.windows.net:443/\",\r\n        \"enabled\": true,\r\n        \"critical\": true,\r\n        \"updatedAt\": \"2015-08-07T21:57:20.38Z\",\r\n        \"namespaceType\": \"NotificationHub\",\r\n        \"messagingSku\": 1\r\n      }\r\n    },\r\n    {\r\n      \"id\": \"subscriptions/111c36dc-4047-4c69-acd5-301072ff1fc2/resourceGroups/NotificationHub-RG6515/providers/Microsoft.NotificationHubs/namespaces/HydraNH-Namespace4809\",\r\n      \"name\": \"HydraNH-Namespace4809\",\r\n      \"type\": \"Microsoft.NotificationHubs/namespaces\",\r\n      \"location\": \"South Central US\",\r\n      \"tags\": null,\r\n      \"properties\": {\r\n        \"provisioningState\": \"Succeeded\",\r\n        \"status\": \"Active\",\r\n        \"createdAt\": \"2015-08-07T23:42:49Z\",\r\n        \"serviceBusEndpoint\": \"https://HydraNH-Namespace4809.servicebus.windows.net:443/\",\r\n        \"enabled\": true,\r\n        \"critical\": false,\r\n        \"updatedAt\": \"2015-08-07T23:42:52.887Z\",\r\n        \"namespaceType\": \"NotificationHub\",\r\n        \"messagingSku\": 1\r\n      }\r\n    },\r\n    {\r\n      \"id\": \"subscriptions/111c36dc-4047-4c69-acd5-301072ff1fc2/resourceGroups/NotificationHub-RG1571/providers/Microsoft.NotificationHubs/namespaces/HydraNH-Namespace687\",\r\n      \"name\": \"HydraNH-Namespace687\",\r\n      \"type\": \"Microsoft.NotificationHubs/namespaces\",\r\n      \"location\": \"South Central US\",\r\n      \"tags\": null,\r\n      \"properties\": {\r\n        \"provisioningState\": \"Succeeded\",\r\n        \"status\": \"Active\",\r\n        \"createdAt\": \"2015-08-10T19:30:03.337Z\",\r\n        \"serviceBusEndpoint\": \"https://HydraNH-Namespace687.servicebus.windows.net:443/\",\r\n        \"enabled\": true,\r\n        \"critical\": false,\r\n        \"updatedAt\": \"2015-08-10T19:30:04.823Z\",\r\n        \"namespaceType\": \"NotificationHub\",\r\n        \"messagingSku\": 1\r\n      }\r\n    },\r\n    {\r\n      \"id\": \"subscriptions/111c36dc-4047-4c69-acd5-301072ff1fc2/resourceGroups/NotificationHub-RG3653/providers/Microsoft.NotificationHubs/namespaces/HydraNH-Namespace4516\",\r\n      \"name\": \"HydraNH-Namespace4516\",\r\n      \"type\": \"Microsoft.NotificationHubs/namespaces\",\r\n      \"location\": \"South Central US\",\r\n      \"tags\": null,\r\n      \"properties\": {\r\n        \"provisioningState\": \"Succeeded\",\r\n        \"status\": \"Active\",\r\n        \"createdAt\": \"2015-08-08T00:05:03.22Z\",\r\n        \"serviceBusEndpoint\": \"https://HydraNH-Namespace4516.servicebus.windows.net:443/\",\r\n        \"enabled\": true,\r\n        \"critical\": false,\r\n        \"updatedAt\": \"2015-08-08T00:05:04.53Z\",\r\n        \"namespaceType\": \"NotificationHub\",\r\n        \"messagingSku\": 1\r\n      }\r\n    },\r\n    {\r\n      \"id\": \"subscriptions/111c36dc-4047-4c69-acd5-301072ff1fc2/resourceGroups/NotificationHub-RG7806/providers/Microsoft.NotificationHubs/namespaces/HydraNH-Namespace265\",\r\n      \"name\": \"HydraNH-Namespace265\",\r\n      \"type\": \"Microsoft.NotificationHubs/namespaces\",\r\n      \"location\": \"South Central US\",\r\n      \"tags\": null,\r\n      \"properties\": {\r\n        \"provisioningState\": \"Succeeded\",\r\n        \"status\": \"Active\",\r\n        \"createdAt\": \"2015-08-11T16:59:55.577Z\",\r\n        \"serviceBusEndpoint\": \"https://HydraNH-Namespace265.servicebus.windows.net:443/\",\r\n        \"enabled\": true,\r\n        \"critical\": false,\r\n        \"updatedAt\": \"2015-08-11T16:59:58.427Z\",\r\n        \"namespaceType\": \"NotificationHub\",\r\n        \"messagingSku\": 1\r\n      }\r\n    },\r\n    {\r\n      \"id\": \"subscriptions/111c36dc-4047-4c69-acd5-301072ff1fc2/resourceGroups/NotificationHub-RG4301/providers/Microsoft.NotificationHubs/namespaces/HydraNH-Namespace5019\",\r\n      \"name\": \"HydraNH-Namespace5019\",\r\n      \"type\": \"Microsoft.NotificationHubs/namespaces\",\r\n      \"location\": \"South Central US\",\r\n      \"tags\": {\r\n        \"tag1\": \"value1\",\r\n        \"tag2\": \"value2\",\r\n        \"tag3\": \"value3\",\r\n        \"tag4\": \"value4\"\r\n      },\r\n      \"properties\": {\r\n        \"provisioningState\": \"Succeeded\",\r\n        \"status\": \"Active\",\r\n        \"createdAt\": \"2015-08-08T01:32:58.133Z\",\r\n        \"serviceBusEndpoint\": \"https://HydraNH-Namespace5019.servicebus.windows.net:443/\",\r\n        \"enabled\": true,\r\n        \"critical\": true,\r\n        \"updatedAt\": \"2015-08-08T01:33:10.617Z\",\r\n        \"namespaceType\": \"NotificationHub\",\r\n        \"messagingSku\": 1\r\n      }\r\n    },\r\n    {\r\n      \"id\": \"subscriptions/111c36dc-4047-4c69-acd5-301072ff1fc2/resourceGroups/NotificationHub-RG2780/providers/Microsoft.NotificationHubs/namespaces/HydraNH-Namespace6970\",\r\n      \"name\": \"HydraNH-Namespace6970\",\r\n      \"type\": \"Microsoft.NotificationHubs/namespaces\",\r\n      \"location\": \"South Central US\",\r\n      \"tags\": {\r\n        \"tag1\": \"value1\",\r\n        \"tag2\": \"value2\",\r\n        \"tag3\": \"value3\",\r\n        \"tag4\": \"value4\"\r\n      },\r\n      \"properties\": {\r\n        \"provisioningState\": \"Succeeded\",\r\n        \"status\": \"Active\",\r\n        \"createdAt\": \"2015-08-07T22:18:08.26Z\",\r\n        \"serviceBusEndpoint\": \"https://HydraNH-Namespace6970.servicebus.windows.net:443/\",\r\n        \"enabled\": true,\r\n        \"critical\": true,\r\n        \"updatedAt\": \"2015-08-07T22:18:23.5Z\",\r\n        \"namespaceType\": \"NotificationHub\",\r\n        \"messagingSku\": 1\r\n      }\r\n    },\r\n    {\r\n      \"id\": \"subscriptions/111c36dc-4047-4c69-acd5-301072ff1fc2/resourceGroups/NotificationHub-RG5307/providers/Microsoft.NotificationHubs/namespaces/HydraNH-Namespace5016\",\r\n      \"name\": \"HydraNH-Namespace5016\",\r\n      \"type\": \"Microsoft.NotificationHubs/namespaces\",\r\n      \"location\": \"South Central US\",\r\n      \"tags\": {\r\n        \"tag1\": \"value1\",\r\n        \"tag2\": \"value2\",\r\n        \"tag3\": \"value3\",\r\n        \"tag4\": \"value4\"\r\n      },\r\n      \"properties\": {\r\n        \"provisioningState\": \"Succeeded\",\r\n        \"status\": \"Active\",\r\n        \"createdAt\": \"2015-08-10T23:22:02.64Z\",\r\n        \"serviceBusEndpoint\": \"https://HydraNH-Namespace5016.servicebus.windows.net:443/\",\r\n        \"enabled\": true,\r\n        \"critical\": true,\r\n        \"updatedAt\": \"2015-08-10T23:22:27.597Z\",\r\n        \"namespaceType\": \"NotificationHub\",\r\n        \"messagingSku\": 1\r\n      }\r\n    },\r\n    {\r\n      \"id\": \"subscriptions/111c36dc-4047-4c69-acd5-301072ff1fc2/resourceGroups/NotificationHub-RG2329/providers/Microsoft.NotificationHubs/namespaces/HydraNH-Namespace1169\",\r\n      \"name\": \"HydraNH-Namespace1169\",\r\n      \"type\": \"Microsoft.NotificationHubs/namespaces\",\r\n      \"location\": \"South Central US\",\r\n      \"tags\": {\r\n        \"tag1\": \"value1\",\r\n        \"tag2\": \"value2\",\r\n        \"tag3\": \"value3\",\r\n        \"tag4\": \"value4\"\r\n      },\r\n      \"properties\": {\r\n        \"provisioningState\": \"Succeeded\",\r\n        \"status\": \"Active\",\r\n        \"createdAt\": \"2015-08-12T07:39:41.147Z\",\r\n        \"serviceBusEndpoint\": \"https://HydraNH-Namespace1169.servicebus.windows.net:443/\",\r\n        \"enabled\": true,\r\n        \"critical\": true,\r\n        \"updatedAt\": \"2015-08-12T07:39:52.433Z\",\r\n        \"namespaceType\": \"NotificationHub\",\r\n        \"messagingSku\": 1\r\n      }\r\n    },\r\n    {\r\n      \"id\": \"subscriptions/111c36dc-4047-4c69-acd5-301072ff1fc2/resourceGroups/NotificationHub-RG8946/providers/Microsoft.NotificationHubs/namespaces/HydraNH-Namespace921\",\r\n      \"name\": \"HydraNH-Namespace921\",\r\n      \"type\": \"Microsoft.NotificationHubs/namespaces\",\r\n      \"location\": \"South Central US\",\r\n      \"tags\": null,\r\n      \"properties\": {\r\n        \"provisioningState\": \"Succeeded\",\r\n        \"status\": \"Active\",\r\n        \"createdAt\": \"2015-08-10T19:19:00.23Z\",\r\n        \"serviceBusEndpoint\": \"https://HydraNH-Namespace921.servicebus.windows.net:443/\",\r\n        \"enabled\": true,\r\n        \"critical\": false,\r\n        \"updatedAt\": \"2015-08-10T19:19:04.583Z\",\r\n        \"namespaceType\": \"NotificationHub\",\r\n        \"messagingSku\": 1\r\n      }\r\n    },\r\n    {\r\n      \"id\": \"subscriptions/111c36dc-4047-4c69-acd5-301072ff1fc2/resourceGroups/NotificationHub-RG6513/providers/Microsoft.NotificationHubs/namespaces/HydraNH-Namespace2610\",\r\n      \"name\": \"HydraNH-Namespace2610\",\r\n      \"type\": \"Microsoft.NotificationHubs/namespaces\",\r\n      \"location\": \"South Central US\",\r\n      \"tags\": {\r\n        \"tag1\": \"value1\",\r\n        \"tag2\": \"value2\",\r\n        \"tag3\": \"value3\",\r\n        \"tag4\": \"value4\"\r\n      },\r\n      \"properties\": {\r\n        \"provisioningState\": \"Succeeded\",\r\n        \"status\": \"Active\",\r\n        \"createdAt\": \"2015-08-07T22:51:43.667Z\",\r\n        \"serviceBusEndpoint\": \"https://HydraNH-Namespace2610.servicebus.windows.net:443/\",\r\n        \"enabled\": true,\r\n        \"critical\": true,\r\n        \"updatedAt\": \"2015-08-07T22:51:56.793Z\",\r\n        \"namespaceType\": \"NotificationHub\",\r\n        \"messagingSku\": 1\r\n      }\r\n    },\r\n    {\r\n      \"id\": \"subscriptions/111c36dc-4047-4c69-acd5-301072ff1fc2/resourceGroups/RGName-onesdk4148/providers/Microsoft.NotificationHubs/namespaces/Namespace-onesdk4359\",\r\n      \"name\": \"Namespace-onesdk4359\",\r\n      \"type\": \"Microsoft.NotificationHubs/namespaces\",\r\n      \"location\": \"South Central US\",\r\n      \"tags\": null,\r\n      \"properties\": {\r\n        \"provisioningState\": \"Succeeded\",\r\n        \"status\": \"Active\",\r\n        \"createdAt\": \"2015-10-13T22:34:01.92Z\",\r\n        \"serviceBusEndpoint\": \"https://Namespace-onesdk4359.servicebus.windows.net:443/\",\r\n        \"enabled\": true,\r\n        \"critical\": false,\r\n        \"updatedAt\": \"2015-10-13T22:34:04.147Z\",\r\n        \"namespaceType\": \"NotificationHub\",\r\n        \"messagingSku\": 1\r\n      }\r\n    },\r\n    {\r\n      \"id\": \"subscriptions/111c36dc-4047-4c69-acd5-301072ff1fc2/resourceGroups/RGName-onesdk9142/providers/Microsoft.NotificationHubs/namespaces/Namespace-onesdk7590\",\r\n      \"name\": \"Namespace-onesdk7590\",\r\n      \"type\": \"Microsoft.NotificationHubs/namespaces\",\r\n      \"location\": \"South Central US\",\r\n      \"tags\": null,\r\n      \"properties\": {\r\n        \"provisioningState\": \"Succeeded\",\r\n        \"status\": \"Active\",\r\n        \"createdAt\": \"2015-10-09T23:34:36.313Z\",\r\n        \"serviceBusEndpoint\": \"https://Namespace-onesdk7590.servicebus.windows.net:443/\",\r\n        \"enabled\": true,\r\n        \"critical\": false,\r\n        \"updatedAt\": \"2015-10-09T23:34:39.44Z\",\r\n        \"namespaceType\": \"NotificationHub\",\r\n        \"messagingSku\": 1\r\n      }\r\n    },\r\n    {\r\n      \"id\": \"subscriptions/111c36dc-4047-4c69-acd5-301072ff1fc2/resourceGroups/NotificationHub-RG8399/providers/Microsoft.NotificationHubs/namespaces/HydraNH-Namespace3669\",\r\n      \"name\": \"HydraNH-Namespace3669\",\r\n      \"type\": \"Microsoft.NotificationHubs/namespaces\",\r\n      \"location\": \"South Central US\",\r\n      \"tags\": null,\r\n      \"properties\": {\r\n        \"provisioningState\": \"Succeeded\",\r\n        \"status\": \"Active\",\r\n        \"createdAt\": \"2015-08-07T18:45:14.04Z\",\r\n        \"serviceBusEndpoint\": \"https://HydraNH-Namespace3669.servicebus.windows.net:443/\",\r\n        \"enabled\": true,\r\n        \"critical\": false,\r\n        \"updatedAt\": \"2015-08-07T18:45:15.507Z\",\r\n        \"namespaceType\": \"NotificationHub\",\r\n        \"messagingSku\": 1\r\n      }\r\n    },\r\n    {\r\n      \"id\": \"subscriptions/111c36dc-4047-4c69-acd5-301072ff1fc2/resourceGroups/NotificationHub-RG6550/providers/Microsoft.NotificationHubs/namespaces/HydraNH-Namespace7711\",\r\n      \"name\": \"HydraNH-Namespace7711\",\r\n      \"type\": \"Microsoft.NotificationHubs/namespaces\",\r\n      \"location\": \"South Central US\",\r\n      \"tags\": {\r\n        \"tag1\": \"value1\",\r\n        \"tag2\": \"value2\",\r\n        \"tag3\": \"value3\",\r\n        \"tag4\": \"value4\"\r\n      },\r\n      \"properties\": {\r\n        \"provisioningState\": \"Succeeded\",\r\n        \"status\": \"Active\",\r\n        \"createdAt\": \"2015-08-12T03:51:40.333Z\",\r\n        \"serviceBusEndpoint\": \"https://HydraNH-Namespace7711.servicebus.windows.net:443/\",\r\n        \"enabled\": true,\r\n        \"critical\": true,\r\n        \"updatedAt\": \"2015-08-12T03:51:46.557Z\",\r\n        \"namespaceType\": \"NotificationHub\",\r\n        \"messagingSku\": 1\r\n      }\r\n    },\r\n    {\r\n      \"id\": \"subscriptions/111c36dc-4047-4c69-acd5-301072ff1fc2/resourceGroups/NotificationHub-RG7453/providers/Microsoft.NotificationHubs/namespaces/HydraNH-Namespace6913\",\r\n      \"name\": \"HydraNH-Namespace6913\",\r\n      \"type\": \"Microsoft.NotificationHubs/namespaces\",\r\n      \"location\": \"South Central US\",\r\n      \"tags\": {\r\n        \"tag1\": \"value1\",\r\n        \"tag2\": \"value2\",\r\n        \"tag3\": \"value3\",\r\n        \"tag4\": \"value4\"\r\n      },\r\n      \"properties\": {\r\n        \"provisioningState\": \"Succeeded\",\r\n        \"status\": \"Active\",\r\n        \"createdAt\": \"2015-08-11T20:54:40.73Z\",\r\n        \"serviceBusEndpoint\": \"https://HydraNH-Namespace6913.servicebus.windows.net:443/\",\r\n        \"enabled\": true,\r\n        \"critical\": true,\r\n        \"updatedAt\": \"2015-08-11T20:54:48.26Z\",\r\n        \"namespaceType\": \"NotificationHub\",\r\n        \"messagingSku\": 1\r\n      }\r\n    },\r\n    {\r\n      \"id\": \"subscriptions/111c36dc-4047-4c69-acd5-301072ff1fc2/resourceGroups/NotificationHub-RG2906/providers/Microsoft.NotificationHubs/namespaces/HydraNH-Namespace7137\",\r\n      \"name\": \"HydraNH-Namespace7137\",\r\n      \"type\": \"Microsoft.NotificationHubs/namespaces\",\r\n      \"location\": \"South Central US\",\r\n      \"tags\": {\r\n        \"tag1\": \"value1\",\r\n        \"tag2\": \"value2\",\r\n        \"tag3\": \"value3\",\r\n        \"tag4\": \"value4\"\r\n      },\r\n      \"properties\": {\r\n        \"provisioningState\": \"Succeeded\",\r\n        \"status\": \"Active\",\r\n        \"createdAt\": \"2015-08-11T17:42:44.45Z\",\r\n        \"serviceBusEndpoint\": \"https://HydraNH-Namespace7137.servicebus.windows.net:443/\",\r\n        \"enabled\": true,\r\n        \"critical\": true,\r\n        \"updatedAt\": \"2015-08-11T17:42:54.713Z\",\r\n        \"namespaceType\": \"NotificationHub\",\r\n        \"messagingSku\": 1\r\n      }\r\n    },\r\n    {\r\n      \"id\": \"subscriptions/111c36dc-4047-4c69-acd5-301072ff1fc2/resourceGroups/111c36dc-4047-4c69-acd5-301072ff1fc2/providers/Microsoft.NotificationHubs/namespaces/HydraNH-Namespace2892\",\r\n      \"name\": \"HydraNH-Namespace2892\",\r\n      \"type\": \"Microsoft.NotificationHubs/namespaces\",\r\n      \"location\": \"South Central US\",\r\n      \"tags\": null,\r\n      \"properties\": {\r\n        \"provisioningState\": \"Succeeded\",\r\n        \"status\": \"Active\",\r\n        \"createdAt\": \"2015-08-07T23:46:48.993Z\",\r\n        \"serviceBusEndpoint\": \"https://HydraNH-Namespace2892.servicebus.windows.net:443/\",\r\n        \"enabled\": true,\r\n        \"critical\": false,\r\n        \"updatedAt\": \"2015-09-03T22:12:01.833Z\",\r\n        \"namespaceType\": \"NotificationHub\",\r\n        \"messagingSku\": 1\r\n      }\r\n    },\r\n    {\r\n      \"id\": \"subscriptions/111c36dc-4047-4c69-acd5-301072ff1fc2/resourceGroups/NotificationHub-RG3832/providers/Microsoft.NotificationHubs/namespaces/HydraNH-Namespace3788\",\r\n      \"name\": \"HydraNH-Namespace3788\",\r\n      \"type\": \"Microsoft.NotificationHubs/namespaces\",\r\n      \"location\": \"South Central US\",\r\n      \"tags\": null,\r\n      \"properties\": {\r\n        \"provisioningState\": \"Succeeded\",\r\n        \"status\": \"Active\",\r\n        \"createdAt\": \"2015-08-07T23:23:39.56Z\",\r\n        \"serviceBusEndpoint\": \"https://HydraNH-Namespace3788.servicebus.windows.net:443/\",\r\n        \"enabled\": true,\r\n        \"critical\": false,\r\n        \"updatedAt\": \"2015-08-07T23:23:41.643Z\",\r\n        \"namespaceType\": \"NotificationHub\",\r\n        \"messagingSku\": 1\r\n      }\r\n    }\r\n  ],\r\n  \"nextLink\": null\r\n}",
      "ResponseHeaders": {
        "Content-Length": [
          "38790"
        ],
        "Content-Type": [
          "application/json; charset=utf-8"
        ],
        "Expires": [
          "-1"
        ],
        "Pragma": [
          "no-cache"
        ],
        "x-ms-request-id": [
          "4d288871-9e75-47de-918f-2e9bd0a2ae7b_M2_M2"
        ],
        "Server-SB": [
          "Service-Bus-Resource-Provider/SN1"
        ],
        "Cache-Control": [
          "no-cache"
        ],
        "Server": [
          "Service-Bus-Resource-Provider/SN1",
          "Microsoft-HTTPAPI/2.0"
        ],
        "x-ms-ratelimit-remaining-subscription-reads": [
          "14969"
        ],
        "x-ms-correlation-request-id": [
          "c40614f9-96df-446a-90fa-3ddcd4d0eb41"
        ],
        "x-ms-routing-request-id": [
          "WESTUS:20151013T223419Z:c40614f9-96df-446a-90fa-3ddcd4d0eb41"
        ],
        "Strict-Transport-Security": [
          "max-age=31536000; includeSubDomains"
        ],
        "Date": [
          "Tue, 13 Oct 2015 22:34:19 GMT"
        ]
      },
      "StatusCode": 200
    },
    {
      "RequestUri": "/subscriptions/111c36dc-4047-4c69-acd5-301072ff1fc2/resourceGroups/RGName-onesdk4148/providers/Microsoft.NotificationHubs/namespaces/Namespace-onesdk4359?api-version=2014-09-01",
      "EncodedRequestUri": "L3N1YnNjcmlwdGlvbnMvMTExYzM2ZGMtNDA0Ny00YzY5LWFjZDUtMzAxMDcyZmYxZmMyL3Jlc291cmNlR3JvdXBzL1JHTmFtZS1vbmVzZGs0MTQ4L3Byb3ZpZGVycy9NaWNyb3NvZnQuTm90aWZpY2F0aW9uSHVicy9uYW1lc3BhY2VzL05hbWVzcGFjZS1vbmVzZGs0MzU5P2FwaS12ZXJzaW9uPTIwMTQtMDktMDE=",
      "RequestMethod": "GET",
      "RequestBody": "",
      "RequestHeaders": {
        "User-Agent": [
          "Microsoft.Azure.Management.NotificationHubs.NotificationHubsManagementClient/0.9.0.0"
        ]
      },
      "ResponseBody": "{\r\n  \"id\": \"/subscriptions/111c36dc-4047-4c69-acd5-301072ff1fc2/resourceGroups/RGName-onesdk4148/providers/Microsoft.NotificationHubs/namespaces/Namespace-onesdk4359\",\r\n  \"name\": \"Namespace-onesdk4359\",\r\n  \"type\": \"Microsoft.NotificationHubs/namespaces\",\r\n  \"location\": \"South Central US\",\r\n  \"tags\": {\r\n    \"tag2\": \"value2\",\r\n    \"tag1\": \"value1\"\r\n  },\r\n  \"properties\": {\r\n    \"provisioningState\": \"Succeeded\",\r\n    \"status\": \"Active\",\r\n    \"createdAt\": \"2015-10-13T22:34:01.92Z\",\r\n    \"serviceBusEndpoint\": \"https://Namespace-onesdk4359.servicebus.windows.net:443/\",\r\n    \"enabled\": true,\r\n    \"critical\": false,\r\n    \"updatedAt\": \"2015-10-13T22:34:20.027Z\",\r\n    \"namespaceType\": \"NotificationHub\",\r\n    \"messagingSku\": 1\r\n  }\r\n}",
      "ResponseHeaders": {
        "Content-Length": [
          "615"
        ],
        "Content-Type": [
          "application/json; charset=utf-8"
        ],
        "Expires": [
          "-1"
        ],
        "Pragma": [
          "no-cache"
        ],
        "x-ms-request-id": [
          "d31dfff1-25e9-459f-baa2-9fc0b3e4bfc6_M0_M0"
        ],
        "Server-SB": [
          "Service-Bus-Resource-Provider/SN1"
        ],
        "Cache-Control": [
          "no-cache"
        ],
        "Server": [
          "Service-Bus-Resource-Provider/SN1",
          "Microsoft-HTTPAPI/2.0"
        ],
        "x-ms-ratelimit-remaining-subscription-reads": [
          "14968"
        ],
        "x-ms-correlation-request-id": [
          "ed099ab9-5698-487f-b3cc-cacf91d22e81"
        ],
        "x-ms-routing-request-id": [
          "WESTUS:20151013T223435Z:ed099ab9-5698-487f-b3cc-cacf91d22e81"
        ],
        "Strict-Transport-Security": [
          "max-age=31536000; includeSubDomains"
        ],
        "Date": [
          "Tue, 13 Oct 2015 22:34:35 GMT"
        ]
      },
      "StatusCode": 200
    },
    {
      "RequestUri": "/subscriptions/111c36dc-4047-4c69-acd5-301072ff1fc2/resourceGroups/RGName-onesdk4148/providers/Microsoft.NotificationHubs/namespaces/Namespace-onesdk4359?api-version=2014-09-01",
      "EncodedRequestUri": "L3N1YnNjcmlwdGlvbnMvMTExYzM2ZGMtNDA0Ny00YzY5LWFjZDUtMzAxMDcyZmYxZmMyL3Jlc291cmNlR3JvdXBzL1JHTmFtZS1vbmVzZGs0MTQ4L3Byb3ZpZGVycy9NaWNyb3NvZnQuTm90aWZpY2F0aW9uSHVicy9uYW1lc3BhY2VzL05hbWVzcGFjZS1vbmVzZGs0MzU5P2FwaS12ZXJzaW9uPTIwMTQtMDktMDE=",
      "RequestMethod": "DELETE",
      "RequestBody": "",
      "RequestHeaders": {
        "User-Agent": [
          "Microsoft.Azure.Management.NotificationHubs.NotificationHubsManagementClient/0.9.0.0"
        ]
      },
      "ResponseBody": "",
      "ResponseHeaders": {
        "Content-Length": [
          "0"
        ],
        "Expires": [
          "-1"
        ],
        "Pragma": [
          "no-cache"
        ],
        "x-ms-request-id": [
          "5f5d361a-ef7b-49cb-8bf4-81f2be1a2513_M0_M0"
        ],
        "Server-SB": [
          "Service-Bus-Resource-Provider/SN1"
        ],
        "Cache-Control": [
          "no-cache"
        ],
        "Location": [
          "https://management.azure.com/subscriptions/111c36dc-4047-4c69-acd5-301072ff1fc2/resourceGroups/RGName-onesdk4148/providers/Microsoft.NotificationHubs/namespaces/Namespace-onesdk4359/operationresults/Namespace-onesdk4359?api-version=2014-09-01"
        ],
        "Server": [
          "Service-Bus-Resource-Provider/SN1",
          "Microsoft-HTTPAPI/2.0"
        ],
        "x-ms-ratelimit-remaining-subscription-writes": [
          "1196"
        ],
        "x-ms-correlation-request-id": [
          "89da6a7c-98bb-4f60-8f73-5830afd40609"
        ],
        "x-ms-routing-request-id": [
          "WESTUS:20151013T223436Z:89da6a7c-98bb-4f60-8f73-5830afd40609"
        ],
        "Strict-Transport-Security": [
          "max-age=31536000; includeSubDomains"
        ],
        "Date": [
          "Tue, 13 Oct 2015 22:34:35 GMT"
        ]
      },
      "StatusCode": 202
    },
    {
      "RequestUri": "/subscriptions/111c36dc-4047-4c69-acd5-301072ff1fc2/resourceGroups/RGName-onesdk4148/providers/Microsoft.NotificationHubs/namespaces/Namespace-onesdk4359/operationresults/Namespace-onesdk4359?api-version=2014-09-01",
      "EncodedRequestUri": "L3N1YnNjcmlwdGlvbnMvMTExYzM2ZGMtNDA0Ny00YzY5LWFjZDUtMzAxMDcyZmYxZmMyL3Jlc291cmNlR3JvdXBzL1JHTmFtZS1vbmVzZGs0MTQ4L3Byb3ZpZGVycy9NaWNyb3NvZnQuTm90aWZpY2F0aW9uSHVicy9uYW1lc3BhY2VzL05hbWVzcGFjZS1vbmVzZGs0MzU5L29wZXJhdGlvbnJlc3VsdHMvTmFtZXNwYWNlLW9uZXNkazQzNTk/YXBpLXZlcnNpb249MjAxNC0wOS0wMQ==",
      "RequestMethod": "GET",
      "RequestBody": "",
      "RequestHeaders": {
        "x-ms-version": [
          "2014-09-01"
        ],
        "User-Agent": [
          "Microsoft.Azure.Management.NotificationHubs.NotificationHubsManagementClient/0.9.0.0"
        ]
      },
      "ResponseBody": "",
      "ResponseHeaders": {
        "Content-Length": [
          "0"
        ],
        "Expires": [
          "-1"
        ],
        "Pragma": [
          "no-cache"
        ],
        "x-ms-request-id": [
          "0dc6b4b1-7efc-427a-b788-a5f783811379_M0_M0"
        ],
        "Server-SB": [
          "Service-Bus-Resource-Provider/SN1"
        ],
        "Cache-Control": [
          "no-cache"
        ],
        "Location": [
          "https://management.azure.com/subscriptions/111c36dc-4047-4c69-acd5-301072ff1fc2/resourceGroups/RGName-onesdk4148/providers/Microsoft.NotificationHubs/namespaces/Namespace-onesdk4359/operationresults/Namespace-onesdk4359?api-version=2014-09-01"
        ],
        "Server": [
          "Service-Bus-Resource-Provider/SN1",
          "Microsoft-HTTPAPI/2.0"
        ],
        "x-ms-ratelimit-remaining-subscription-reads": [
          "14967"
        ],
        "x-ms-correlation-request-id": [
          "26922d8b-3f5e-4c6a-9e81-af56cce0f842"
        ],
        "x-ms-routing-request-id": [
          "WESTUS:20151013T223436Z:26922d8b-3f5e-4c6a-9e81-af56cce0f842"
        ],
        "Strict-Transport-Security": [
          "max-age=31536000; includeSubDomains"
        ],
        "Date": [
          "Tue, 13 Oct 2015 22:34:35 GMT"
        ]
      },
      "StatusCode": 202
    },
    {
      "RequestUri": "/subscriptions/111c36dc-4047-4c69-acd5-301072ff1fc2/resourceGroups/RGName-onesdk4148/providers/Microsoft.NotificationHubs/namespaces/Namespace-onesdk4359/operationresults/Namespace-onesdk4359?api-version=2014-09-01",
      "EncodedRequestUri": "L3N1YnNjcmlwdGlvbnMvMTExYzM2ZGMtNDA0Ny00YzY5LWFjZDUtMzAxMDcyZmYxZmMyL3Jlc291cmNlR3JvdXBzL1JHTmFtZS1vbmVzZGs0MTQ4L3Byb3ZpZGVycy9NaWNyb3NvZnQuTm90aWZpY2F0aW9uSHVicy9uYW1lc3BhY2VzL05hbWVzcGFjZS1vbmVzZGs0MzU5L29wZXJhdGlvbnJlc3VsdHMvTmFtZXNwYWNlLW9uZXNkazQzNTk/YXBpLXZlcnNpb249MjAxNC0wOS0wMQ==",
      "RequestMethod": "GET",
      "RequestBody": "",
      "RequestHeaders": {
        "x-ms-version": [
          "2014-09-01"
        ],
        "User-Agent": [
          "Microsoft.Azure.Management.NotificationHubs.NotificationHubsManagementClient/0.9.0.0"
        ]
      },
      "ResponseBody": "{\r\n  \"error\": {\r\n    \"code\": \"ResourceNotFound\",\r\n    \"message\": \"The Resource 'Microsoft.NotificationHubs/namespaces/Namespace-onesdk4359' under resource group 'RGName-onesdk4148' was not found.\"\r\n  }\r\n}",
      "ResponseHeaders": {
        "Content-Length": [
          "179"
        ],
        "Content-Type": [
          "application/json; charset=utf-8"
        ],
        "Expires": [
          "-1"
        ],
        "Pragma": [
          "no-cache"
        ],
        "x-ms-failure-cause": [
          "gateway"
        ],
        "x-ms-request-id": [
          "bc5fedb8-d9ce-470f-8873-c2af44e77677"
        ],
        "x-ms-correlation-request-id": [
          "bc5fedb8-d9ce-470f-8873-c2af44e77677"
        ],
        "x-ms-routing-request-id": [
          "WESTUS:20151013T223536Z:bc5fedb8-d9ce-470f-8873-c2af44e77677"
        ],
        "Strict-Transport-Security": [
          "max-age=31536000; includeSubDomains"
        ],
        "Cache-Control": [
          "no-cache"
        ],
        "Date": [
          "Tue, 13 Oct 2015 22:35:36 GMT"
        ]
      },
      "StatusCode": 404
    },
    {
      "RequestUri": "/subscriptions/111c36dc-4047-4c69-acd5-301072ff1fc2/resourceGroups/RGName-onesdk3192/providers/Microsoft.NotificationHubs/namespaces/Namespace-onesdk2121?api-version=2014-09-01",
      "EncodedRequestUri": "L3N1YnNjcmlwdGlvbnMvMTExYzM2ZGMtNDA0Ny00YzY5LWFjZDUtMzAxMDcyZmYxZmMyL3Jlc291cmNlR3JvdXBzL1JHTmFtZS1vbmVzZGszMTkyL3Byb3ZpZGVycy9NaWNyb3NvZnQuTm90aWZpY2F0aW9uSHVicy9uYW1lc3BhY2VzL05hbWVzcGFjZS1vbmVzZGsyMTIxP2FwaS12ZXJzaW9uPTIwMTQtMDktMDE=",
      "RequestMethod": "DELETE",
      "RequestBody": "",
      "RequestHeaders": {
        "User-Agent": [
          "Microsoft.Azure.Management.NotificationHubs.NotificationHubsManagementClient/0.9.0.0"
        ]
      },
      "ResponseBody": "",
      "ResponseHeaders": {
        "Content-Length": [
          "0"
        ],
        "Expires": [
          "-1"
        ],
        "Pragma": [
          "no-cache"
        ],
        "x-ms-request-id": [
          "1b0b0552-9a8e-48d2-9e07-245e8f83c7af_M3_M3"
        ],
        "Server-SB": [
          "Service-Bus-Resource-Provider/SN1"
        ],
        "Cache-Control": [
          "no-cache"
        ],
        "Location": [
          "https://management.azure.com/subscriptions/111c36dc-4047-4c69-acd5-301072ff1fc2/resourceGroups/RGName-onesdk3192/providers/Microsoft.NotificationHubs/namespaces/Namespace-onesdk2121/operationresults/Namespace-onesdk2121?api-version=2014-09-01"
        ],
        "Server": [
          "Service-Bus-Resource-Provider/SN1",
          "Microsoft-HTTPAPI/2.0"
        ],
        "x-ms-ratelimit-remaining-subscription-writes": [
          "1195"
        ],
        "x-ms-correlation-request-id": [
          "f683b445-e130-4ecd-8795-0323fc7587e6"
        ],
        "x-ms-routing-request-id": [
          "WESTUS:20151013T223537Z:f683b445-e130-4ecd-8795-0323fc7587e6"
        ],
        "Strict-Transport-Security": [
          "max-age=31536000; includeSubDomains"
        ],
        "Date": [
          "Tue, 13 Oct 2015 22:35:36 GMT"
        ]
      },
      "StatusCode": 202
    },
    {
      "RequestUri": "/subscriptions/111c36dc-4047-4c69-acd5-301072ff1fc2/resourceGroups/RGName-onesdk3192/providers/Microsoft.NotificationHubs/namespaces/Namespace-onesdk2121/operationresults/Namespace-onesdk2121?api-version=2014-09-01",
      "EncodedRequestUri": "L3N1YnNjcmlwdGlvbnMvMTExYzM2ZGMtNDA0Ny00YzY5LWFjZDUtMzAxMDcyZmYxZmMyL3Jlc291cmNlR3JvdXBzL1JHTmFtZS1vbmVzZGszMTkyL3Byb3ZpZGVycy9NaWNyb3NvZnQuTm90aWZpY2F0aW9uSHVicy9uYW1lc3BhY2VzL05hbWVzcGFjZS1vbmVzZGsyMTIxL29wZXJhdGlvbnJlc3VsdHMvTmFtZXNwYWNlLW9uZXNkazIxMjE/YXBpLXZlcnNpb249MjAxNC0wOS0wMQ==",
      "RequestMethod": "GET",
      "RequestBody": "",
      "RequestHeaders": {
        "x-ms-version": [
          "2014-09-01"
        ],
        "User-Agent": [
          "Microsoft.Azure.Management.NotificationHubs.NotificationHubsManagementClient/0.9.0.0"
        ]
      },
      "ResponseBody": "",
      "ResponseHeaders": {
        "Content-Length": [
          "0"
        ],
        "Expires": [
          "-1"
        ],
        "Pragma": [
          "no-cache"
        ],
        "x-ms-request-id": [
          "bac82cf9-8f62-4406-84bb-b5db633b2e17_M3_M3"
        ],
        "Server-SB": [
          "Service-Bus-Resource-Provider/SN1"
        ],
        "Cache-Control": [
          "no-cache"
        ],
        "Location": [
          "https://management.azure.com/subscriptions/111c36dc-4047-4c69-acd5-301072ff1fc2/resourceGroups/RGName-onesdk3192/providers/Microsoft.NotificationHubs/namespaces/Namespace-onesdk2121/operationresults/Namespace-onesdk2121?api-version=2014-09-01"
        ],
        "Server": [
          "Service-Bus-Resource-Provider/SN1",
          "Microsoft-HTTPAPI/2.0"
        ],
        "x-ms-ratelimit-remaining-subscription-reads": [
          "14965"
        ],
        "x-ms-correlation-request-id": [
          "eaf1b897-c311-4fc1-a5bb-bbb694417cc9"
        ],
        "x-ms-routing-request-id": [
          "WESTUS:20151013T223537Z:eaf1b897-c311-4fc1-a5bb-bbb694417cc9"
        ],
        "Strict-Transport-Security": [
          "max-age=31536000; includeSubDomains"
        ],
        "Date": [
          "Tue, 13 Oct 2015 22:35:36 GMT"
        ]
      },
      "StatusCode": 202
    },
    {
      "RequestUri": "/subscriptions/111c36dc-4047-4c69-acd5-301072ff1fc2/resourceGroups/RGName-onesdk3192/providers/Microsoft.NotificationHubs/namespaces/Namespace-onesdk2121/operationresults/Namespace-onesdk2121?api-version=2014-09-01",
      "EncodedRequestUri": "L3N1YnNjcmlwdGlvbnMvMTExYzM2ZGMtNDA0Ny00YzY5LWFjZDUtMzAxMDcyZmYxZmMyL3Jlc291cmNlR3JvdXBzL1JHTmFtZS1vbmVzZGszMTkyL3Byb3ZpZGVycy9NaWNyb3NvZnQuTm90aWZpY2F0aW9uSHVicy9uYW1lc3BhY2VzL05hbWVzcGFjZS1vbmVzZGsyMTIxL29wZXJhdGlvbnJlc3VsdHMvTmFtZXNwYWNlLW9uZXNkazIxMjE/YXBpLXZlcnNpb249MjAxNC0wOS0wMQ==",
      "RequestMethod": "GET",
      "RequestBody": "",
      "RequestHeaders": {
        "x-ms-version": [
          "2014-09-01"
        ],
        "User-Agent": [
          "Microsoft.Azure.Management.NotificationHubs.NotificationHubsManagementClient/0.9.0.0"
        ]
      },
      "ResponseBody": "{\r\n  \"error\": {\r\n    \"code\": \"ResourceNotFound\",\r\n    \"message\": \"The Resource 'Microsoft.NotificationHubs/namespaces/Namespace-onesdk2121' under resource group 'RGName-onesdk3192' was not found.\"\r\n  }\r\n}",
      "ResponseHeaders": {
        "Content-Length": [
          "179"
        ],
        "Content-Type": [
          "application/json; charset=utf-8"
        ],
        "Expires": [
          "-1"
        ],
        "Pragma": [
          "no-cache"
        ],
        "x-ms-failure-cause": [
          "gateway"
        ],
        "x-ms-request-id": [
          "7b979308-882c-48e2-979e-63c71b4f36a0"
        ],
        "x-ms-correlation-request-id": [
          "7b979308-882c-48e2-979e-63c71b4f36a0"
        ],
        "x-ms-routing-request-id": [
          "WESTUS:20151013T223637Z:7b979308-882c-48e2-979e-63c71b4f36a0"
        ],
        "Strict-Transport-Security": [
          "max-age=31536000; includeSubDomains"
        ],
        "Cache-Control": [
          "no-cache"
        ],
        "Date": [
          "Tue, 13 Oct 2015 22:36:37 GMT"
        ]
      },
      "StatusCode": 404
    },
    {
      "RequestUri": "/subscriptions/111c36dc-4047-4c69-acd5-301072ff1fc2/resourcegroups/RGName-onesdk3192?api-version=2014-04-01-preview",
      "EncodedRequestUri": "L3N1YnNjcmlwdGlvbnMvMTExYzM2ZGMtNDA0Ny00YzY5LWFjZDUtMzAxMDcyZmYxZmMyL3Jlc291cmNlZ3JvdXBzL1JHTmFtZS1vbmVzZGszMTkyP2FwaS12ZXJzaW9uPTIwMTQtMDQtMDEtcHJldmlldw==",
      "RequestMethod": "DELETE",
      "RequestBody": "",
      "RequestHeaders": {
        "User-Agent": [
          "Microsoft.Azure.Management.Resources.ResourceManagementClient/2.0.0.0"
        ]
      },
      "ResponseBody": "",
      "ResponseHeaders": {
        "Content-Length": [
          "0"
        ],
        "Expires": [
          "-1"
        ],
        "Pragma": [
          "no-cache"
        ],
        "Retry-After": [
          "15"
        ],
        "x-ms-ratelimit-remaining-subscription-writes": [
          "1198"
        ],
        "x-ms-request-id": [
          "b8a252ad-8af9-4d44-9c2d-f96b8871e688"
        ],
        "x-ms-correlation-request-id": [
          "b8a252ad-8af9-4d44-9c2d-f96b8871e688"
        ],
        "x-ms-routing-request-id": [
          "WESTUS:20151013T223639Z:b8a252ad-8af9-4d44-9c2d-f96b8871e688"
        ],
        "Strict-Transport-Security": [
          "max-age=31536000; includeSubDomains"
        ],
        "Cache-Control": [
          "no-cache"
        ],
        "Date": [
          "Tue, 13 Oct 2015 22:36:38 GMT"
        ],
        "Location": [
          "https://management.azure.com/subscriptions/111c36dc-4047-4c69-acd5-301072ff1fc2/operationresults/eyJqb2JJZCI6IlJFU09VUkNFR1JPVVBERUxFVElPTkpPQi1SR05BTUU6MkRPTkVTREszMTkyLVNPVVRIQ0VOVFJBTFVTIiwiam9iTG9jYXRpb24iOiJzb3V0aGNlbnRyYWx1cyJ9?api-version=2014-04-01-preview"
        ]
      },
      "StatusCode": 202
    },
    {
      "RequestUri": "/subscriptions/111c36dc-4047-4c69-acd5-301072ff1fc2/operationresults/eyJqb2JJZCI6IlJFU09VUkNFR1JPVVBERUxFVElPTkpPQi1SR05BTUU6MkRPTkVTREszMTkyLVNPVVRIQ0VOVFJBTFVTIiwiam9iTG9jYXRpb24iOiJzb3V0aGNlbnRyYWx1cyJ9?api-version=2014-04-01-preview",
      "EncodedRequestUri": "L3N1YnNjcmlwdGlvbnMvMTExYzM2ZGMtNDA0Ny00YzY5LWFjZDUtMzAxMDcyZmYxZmMyL29wZXJhdGlvbnJlc3VsdHMvZXlKcWIySkpaQ0k2SWxKRlUwOVZVa05GUjFKUFZWQkVSVXhGVkVsUFRrcFBRaTFTUjA1QlRVVTZNa1JQVGtWVFJFc3pNVGt5TFZOUFZWUklRMFZPVkZKQlRGVlRJaXdpYW05aVRHOWpZWFJwYjI0aU9pSnpiM1YwYUdObGJuUnlZV3gxY3lKOT9hcGktdmVyc2lvbj0yMDE0LTA0LTAxLXByZXZpZXc=",
      "RequestMethod": "GET",
      "RequestBody": "",
      "RequestHeaders": {
        "x-ms-version": [
          "2014-04-01-preview"
        ],
        "User-Agent": [
          "Microsoft.Azure.Management.Resources.ResourceManagementClient/2.0.0.0"
        ]
      },
      "ResponseBody": "",
      "ResponseHeaders": {
        "Content-Length": [
          "0"
        ],
        "Expires": [
          "-1"
        ],
        "Pragma": [
          "no-cache"
        ],
        "Retry-After": [
          "15"
        ],
        "x-ms-ratelimit-remaining-subscription-reads": [
          "14977"
        ],
        "x-ms-request-id": [
          "63b776ba-70a6-4ba2-b924-a5a0658ac20d"
        ],
        "x-ms-correlation-request-id": [
          "63b776ba-70a6-4ba2-b924-a5a0658ac20d"
        ],
        "x-ms-routing-request-id": [
          "WESTUS:20151013T223639Z:63b776ba-70a6-4ba2-b924-a5a0658ac20d"
        ],
        "Strict-Transport-Security": [
          "max-age=31536000; includeSubDomains"
        ],
        "Cache-Control": [
          "no-cache"
        ],
        "Date": [
          "Tue, 13 Oct 2015 22:36:38 GMT"
        ],
        "Location": [
          "https://management.azure.com/subscriptions/111c36dc-4047-4c69-acd5-301072ff1fc2/operationresults/eyJqb2JJZCI6IlJFU09VUkNFR1JPVVBERUxFVElPTkpPQi1SR05BTUU6MkRPTkVTREszMTkyLVNPVVRIQ0VOVFJBTFVTIiwiam9iTG9jYXRpb24iOiJzb3V0aGNlbnRyYWx1cyJ9?api-version=2014-04-01-preview"
        ]
      },
      "StatusCode": 202
    },
    {
      "RequestUri": "/subscriptions/111c36dc-4047-4c69-acd5-301072ff1fc2/operationresults/eyJqb2JJZCI6IlJFU09VUkNFR1JPVVBERUxFVElPTkpPQi1SR05BTUU6MkRPTkVTREszMTkyLVNPVVRIQ0VOVFJBTFVTIiwiam9iTG9jYXRpb24iOiJzb3V0aGNlbnRyYWx1cyJ9?api-version=2014-04-01-preview",
      "EncodedRequestUri": "L3N1YnNjcmlwdGlvbnMvMTExYzM2ZGMtNDA0Ny00YzY5LWFjZDUtMzAxMDcyZmYxZmMyL29wZXJhdGlvbnJlc3VsdHMvZXlKcWIySkpaQ0k2SWxKRlUwOVZVa05GUjFKUFZWQkVSVXhGVkVsUFRrcFBRaTFTUjA1QlRVVTZNa1JQVGtWVFJFc3pNVGt5TFZOUFZWUklRMFZPVkZKQlRGVlRJaXdpYW05aVRHOWpZWFJwYjI0aU9pSnpiM1YwYUdObGJuUnlZV3gxY3lKOT9hcGktdmVyc2lvbj0yMDE0LTA0LTAxLXByZXZpZXc=",
      "RequestMethod": "GET",
      "RequestBody": "",
      "RequestHeaders": {
        "x-ms-version": [
          "2014-04-01-preview"
        ],
        "User-Agent": [
          "Microsoft.Azure.Management.Resources.ResourceManagementClient/2.0.0.0"
        ]
      },
      "ResponseBody": "",
      "ResponseHeaders": {
        "Content-Length": [
          "0"
        ],
        "Expires": [
          "-1"
        ],
        "Pragma": [
          "no-cache"
        ],
        "Retry-After": [
          "15"
        ],
        "x-ms-ratelimit-remaining-subscription-reads": [
          "14976"
        ],
        "x-ms-request-id": [
          "5b25bd07-7587-4986-b318-2c811f4530cf"
        ],
        "x-ms-correlation-request-id": [
          "5b25bd07-7587-4986-b318-2c811f4530cf"
        ],
        "x-ms-routing-request-id": [
          "WESTUS:20151013T223654Z:5b25bd07-7587-4986-b318-2c811f4530cf"
        ],
        "Strict-Transport-Security": [
          "max-age=31536000; includeSubDomains"
        ],
        "Cache-Control": [
          "no-cache"
        ],
        "Date": [
          "Tue, 13 Oct 2015 22:36:54 GMT"
        ],
        "Location": [
          "https://management.azure.com/subscriptions/111c36dc-4047-4c69-acd5-301072ff1fc2/operationresults/eyJqb2JJZCI6IlJFU09VUkNFR1JPVVBERUxFVElPTkpPQi1SR05BTUU6MkRPTkVTREszMTkyLVNPVVRIQ0VOVFJBTFVTIiwiam9iTG9jYXRpb24iOiJzb3V0aGNlbnRyYWx1cyJ9?api-version=2014-04-01-preview"
        ]
      },
      "StatusCode": 202
    },
    {
      "RequestUri": "/subscriptions/111c36dc-4047-4c69-acd5-301072ff1fc2/operationresults/eyJqb2JJZCI6IlJFU09VUkNFR1JPVVBERUxFVElPTkpPQi1SR05BTUU6MkRPTkVTREszMTkyLVNPVVRIQ0VOVFJBTFVTIiwiam9iTG9jYXRpb24iOiJzb3V0aGNlbnRyYWx1cyJ9?api-version=2014-04-01-preview",
      "EncodedRequestUri": "L3N1YnNjcmlwdGlvbnMvMTExYzM2ZGMtNDA0Ny00YzY5LWFjZDUtMzAxMDcyZmYxZmMyL29wZXJhdGlvbnJlc3VsdHMvZXlKcWIySkpaQ0k2SWxKRlUwOVZVa05GUjFKUFZWQkVSVXhGVkVsUFRrcFBRaTFTUjA1QlRVVTZNa1JQVGtWVFJFc3pNVGt5TFZOUFZWUklRMFZPVkZKQlRGVlRJaXdpYW05aVRHOWpZWFJwYjI0aU9pSnpiM1YwYUdObGJuUnlZV3gxY3lKOT9hcGktdmVyc2lvbj0yMDE0LTA0LTAxLXByZXZpZXc=",
      "RequestMethod": "GET",
      "RequestBody": "",
      "RequestHeaders": {
        "x-ms-version": [
          "2014-04-01-preview"
        ],
        "User-Agent": [
          "Microsoft.Azure.Management.Resources.ResourceManagementClient/2.0.0.0"
        ]
      },
      "ResponseBody": "",
      "ResponseHeaders": {
        "Content-Length": [
          "0"
        ],
        "Expires": [
          "-1"
        ],
        "Pragma": [
          "no-cache"
        ],
        "x-ms-ratelimit-remaining-subscription-reads": [
          "14975"
        ],
        "x-ms-request-id": [
          "02e3952d-52c1-4ae4-86e4-b398624612ee"
        ],
        "x-ms-correlation-request-id": [
          "02e3952d-52c1-4ae4-86e4-b398624612ee"
        ],
        "x-ms-routing-request-id": [
          "WESTUS:20151013T223709Z:02e3952d-52c1-4ae4-86e4-b398624612ee"
        ],
        "Strict-Transport-Security": [
          "max-age=31536000; includeSubDomains"
        ],
        "Cache-Control": [
          "no-cache"
        ],
        "Date": [
          "Tue, 13 Oct 2015 22:37:09 GMT"
        ]
      },
      "StatusCode": 200
    },
    {
      "RequestUri": "/subscriptions/111c36dc-4047-4c69-acd5-301072ff1fc2/resourcegroups/RGName-onesdk4148?api-version=2014-04-01-preview",
      "EncodedRequestUri": "L3N1YnNjcmlwdGlvbnMvMTExYzM2ZGMtNDA0Ny00YzY5LWFjZDUtMzAxMDcyZmYxZmMyL3Jlc291cmNlZ3JvdXBzL1JHTmFtZS1vbmVzZGs0MTQ4P2FwaS12ZXJzaW9uPTIwMTQtMDQtMDEtcHJldmlldw==",
      "RequestMethod": "DELETE",
      "RequestBody": "",
      "RequestHeaders": {
        "User-Agent": [
          "Microsoft.Azure.Management.Resources.ResourceManagementClient/2.0.0.0"
        ]
      },
      "ResponseBody": "",
      "ResponseHeaders": {
        "Content-Length": [
          "0"
        ],
        "Expires": [
          "-1"
        ],
        "Pragma": [
          "no-cache"
        ],
        "Retry-After": [
          "15"
        ],
        "x-ms-ratelimit-remaining-subscription-writes": [
          "1197"
        ],
        "x-ms-request-id": [
          "e4b5592a-f1dd-45aa-9d54-4789b1976aeb"
        ],
        "x-ms-correlation-request-id": [
          "e4b5592a-f1dd-45aa-9d54-4789b1976aeb"
        ],
        "x-ms-routing-request-id": [
          "WESTUS:20151013T223710Z:e4b5592a-f1dd-45aa-9d54-4789b1976aeb"
        ],
        "Strict-Transport-Security": [
          "max-age=31536000; includeSubDomains"
        ],
        "Cache-Control": [
          "no-cache"
        ],
        "Date": [
          "Tue, 13 Oct 2015 22:37:10 GMT"
        ],
        "Location": [
          "https://management.azure.com/subscriptions/111c36dc-4047-4c69-acd5-301072ff1fc2/operationresults/eyJqb2JJZCI6IlJFU09VUkNFR1JPVVBERUxFVElPTkpPQi1SR05BTUU6MkRPTkVTREs0MTQ4LVNPVVRIQ0VOVFJBTFVTIiwiam9iTG9jYXRpb24iOiJzb3V0aGNlbnRyYWx1cyJ9?api-version=2014-04-01-preview"
        ]
      },
      "StatusCode": 202
    },
    {
      "RequestUri": "/subscriptions/111c36dc-4047-4c69-acd5-301072ff1fc2/operationresults/eyJqb2JJZCI6IlJFU09VUkNFR1JPVVBERUxFVElPTkpPQi1SR05BTUU6MkRPTkVTREs0MTQ4LVNPVVRIQ0VOVFJBTFVTIiwiam9iTG9jYXRpb24iOiJzb3V0aGNlbnRyYWx1cyJ9?api-version=2014-04-01-preview",
      "EncodedRequestUri": "L3N1YnNjcmlwdGlvbnMvMTExYzM2ZGMtNDA0Ny00YzY5LWFjZDUtMzAxMDcyZmYxZmMyL29wZXJhdGlvbnJlc3VsdHMvZXlKcWIySkpaQ0k2SWxKRlUwOVZVa05GUjFKUFZWQkVSVXhGVkVsUFRrcFBRaTFTUjA1QlRVVTZNa1JQVGtWVFJFczBNVFE0TFZOUFZWUklRMFZPVkZKQlRGVlRJaXdpYW05aVRHOWpZWFJwYjI0aU9pSnpiM1YwYUdObGJuUnlZV3gxY3lKOT9hcGktdmVyc2lvbj0yMDE0LTA0LTAxLXByZXZpZXc=",
      "RequestMethod": "GET",
      "RequestBody": "",
      "RequestHeaders": {
        "x-ms-version": [
          "2014-04-01-preview"
        ],
        "User-Agent": [
          "Microsoft.Azure.Management.Resources.ResourceManagementClient/2.0.0.0"
        ]
      },
      "ResponseBody": "",
      "ResponseHeaders": {
        "Content-Length": [
          "0"
        ],
        "Expires": [
          "-1"
        ],
        "Pragma": [
          "no-cache"
        ],
        "Retry-After": [
          "15"
        ],
        "x-ms-ratelimit-remaining-subscription-reads": [
          "14973"
        ],
        "x-ms-request-id": [
          "380f28f3-cacf-4b79-82c4-0fe61216c16a"
        ],
        "x-ms-correlation-request-id": [
          "380f28f3-cacf-4b79-82c4-0fe61216c16a"
        ],
        "x-ms-routing-request-id": [
          "WESTUS:20151013T223710Z:380f28f3-cacf-4b79-82c4-0fe61216c16a"
        ],
        "Strict-Transport-Security": [
          "max-age=31536000; includeSubDomains"
        ],
        "Cache-Control": [
          "no-cache"
        ],
        "Date": [
          "Tue, 13 Oct 2015 22:37:10 GMT"
        ],
        "Location": [
          "https://management.azure.com/subscriptions/111c36dc-4047-4c69-acd5-301072ff1fc2/operationresults/eyJqb2JJZCI6IlJFU09VUkNFR1JPVVBERUxFVElPTkpPQi1SR05BTUU6MkRPTkVTREs0MTQ4LVNPVVRIQ0VOVFJBTFVTIiwiam9iTG9jYXRpb24iOiJzb3V0aGNlbnRyYWx1cyJ9?api-version=2014-04-01-preview"
        ]
      },
      "StatusCode": 202
    },
    {
      "RequestUri": "/subscriptions/111c36dc-4047-4c69-acd5-301072ff1fc2/operationresults/eyJqb2JJZCI6IlJFU09VUkNFR1JPVVBERUxFVElPTkpPQi1SR05BTUU6MkRPTkVTREs0MTQ4LVNPVVRIQ0VOVFJBTFVTIiwiam9iTG9jYXRpb24iOiJzb3V0aGNlbnRyYWx1cyJ9?api-version=2014-04-01-preview",
      "EncodedRequestUri": "L3N1YnNjcmlwdGlvbnMvMTExYzM2ZGMtNDA0Ny00YzY5LWFjZDUtMzAxMDcyZmYxZmMyL29wZXJhdGlvbnJlc3VsdHMvZXlKcWIySkpaQ0k2SWxKRlUwOVZVa05GUjFKUFZWQkVSVXhGVkVsUFRrcFBRaTFTUjA1QlRVVTZNa1JQVGtWVFJFczBNVFE0TFZOUFZWUklRMFZPVkZKQlRGVlRJaXdpYW05aVRHOWpZWFJwYjI0aU9pSnpiM1YwYUdObGJuUnlZV3gxY3lKOT9hcGktdmVyc2lvbj0yMDE0LTA0LTAxLXByZXZpZXc=",
      "RequestMethod": "GET",
      "RequestBody": "",
      "RequestHeaders": {
        "x-ms-version": [
          "2014-04-01-preview"
        ],
        "User-Agent": [
          "Microsoft.Azure.Management.Resources.ResourceManagementClient/2.0.0.0"
        ]
      },
      "ResponseBody": "",
      "ResponseHeaders": {
        "Content-Length": [
          "0"
        ],
        "Expires": [
          "-1"
        ],
        "Pragma": [
          "no-cache"
        ],
        "Retry-After": [
          "15"
        ],
        "x-ms-ratelimit-remaining-subscription-reads": [
          "14972"
        ],
        "x-ms-request-id": [
          "b3bb2848-f1e3-45c0-8c1f-b347409828db"
        ],
        "x-ms-correlation-request-id": [
          "b3bb2848-f1e3-45c0-8c1f-b347409828db"
        ],
        "x-ms-routing-request-id": [
          "WESTUS:20151013T223725Z:b3bb2848-f1e3-45c0-8c1f-b347409828db"
        ],
        "Strict-Transport-Security": [
          "max-age=31536000; includeSubDomains"
        ],
        "Cache-Control": [
          "no-cache"
        ],
        "Date": [
          "Tue, 13 Oct 2015 22:37:25 GMT"
        ],
        "Location": [
          "https://management.azure.com/subscriptions/111c36dc-4047-4c69-acd5-301072ff1fc2/operationresults/eyJqb2JJZCI6IlJFU09VUkNFR1JPVVBERUxFVElPTkpPQi1SR05BTUU6MkRPTkVTREs0MTQ4LVNPVVRIQ0VOVFJBTFVTIiwiam9iTG9jYXRpb24iOiJzb3V0aGNlbnRyYWx1cyJ9?api-version=2014-04-01-preview"
        ]
      },
      "StatusCode": 202
    },
    {
      "RequestUri": "/subscriptions/111c36dc-4047-4c69-acd5-301072ff1fc2/operationresults/eyJqb2JJZCI6IlJFU09VUkNFR1JPVVBERUxFVElPTkpPQi1SR05BTUU6MkRPTkVTREs0MTQ4LVNPVVRIQ0VOVFJBTFVTIiwiam9iTG9jYXRpb24iOiJzb3V0aGNlbnRyYWx1cyJ9?api-version=2014-04-01-preview",
      "EncodedRequestUri": "L3N1YnNjcmlwdGlvbnMvMTExYzM2ZGMtNDA0Ny00YzY5LWFjZDUtMzAxMDcyZmYxZmMyL29wZXJhdGlvbnJlc3VsdHMvZXlKcWIySkpaQ0k2SWxKRlUwOVZVa05GUjFKUFZWQkVSVXhGVkVsUFRrcFBRaTFTUjA1QlRVVTZNa1JQVGtWVFJFczBNVFE0TFZOUFZWUklRMFZPVkZKQlRGVlRJaXdpYW05aVRHOWpZWFJwYjI0aU9pSnpiM1YwYUdObGJuUnlZV3gxY3lKOT9hcGktdmVyc2lvbj0yMDE0LTA0LTAxLXByZXZpZXc=",
      "RequestMethod": "GET",
      "RequestBody": "",
      "RequestHeaders": {
        "x-ms-version": [
          "2014-04-01-preview"
        ],
        "User-Agent": [
          "Microsoft.Azure.Management.Resources.ResourceManagementClient/2.0.0.0"
        ]
      },
      "ResponseBody": "",
      "ResponseHeaders": {
        "Content-Length": [
          "0"
        ],
        "Expires": [
          "-1"
        ],
        "Pragma": [
          "no-cache"
        ],
        "Retry-After": [
          "15"
        ],
        "x-ms-ratelimit-remaining-subscription-reads": [
          "14971"
        ],
        "x-ms-request-id": [
          "1b1d2c15-999f-4dd1-891a-ab832c04c81a"
        ],
        "x-ms-correlation-request-id": [
          "1b1d2c15-999f-4dd1-891a-ab832c04c81a"
        ],
        "x-ms-routing-request-id": [
          "WESTUS:20151013T223740Z:1b1d2c15-999f-4dd1-891a-ab832c04c81a"
        ],
        "Strict-Transport-Security": [
          "max-age=31536000; includeSubDomains"
        ],
        "Cache-Control": [
          "no-cache"
        ],
        "Date": [
          "Tue, 13 Oct 2015 22:37:39 GMT"
        ],
        "Location": [
          "https://management.azure.com/subscriptions/111c36dc-4047-4c69-acd5-301072ff1fc2/operationresults/eyJqb2JJZCI6IlJFU09VUkNFR1JPVVBERUxFVElPTkpPQi1SR05BTUU6MkRPTkVTREs0MTQ4LVNPVVRIQ0VOVFJBTFVTIiwiam9iTG9jYXRpb24iOiJzb3V0aGNlbnRyYWx1cyJ9?api-version=2014-04-01-preview"
        ]
      },
      "StatusCode": 202
    },
    {
      "RequestUri": "/subscriptions/111c36dc-4047-4c69-acd5-301072ff1fc2/operationresults/eyJqb2JJZCI6IlJFU09VUkNFR1JPVVBERUxFVElPTkpPQi1SR05BTUU6MkRPTkVTREs0MTQ4LVNPVVRIQ0VOVFJBTFVTIiwiam9iTG9jYXRpb24iOiJzb3V0aGNlbnRyYWx1cyJ9?api-version=2014-04-01-preview",
      "EncodedRequestUri": "L3N1YnNjcmlwdGlvbnMvMTExYzM2ZGMtNDA0Ny00YzY5LWFjZDUtMzAxMDcyZmYxZmMyL29wZXJhdGlvbnJlc3VsdHMvZXlKcWIySkpaQ0k2SWxKRlUwOVZVa05GUjFKUFZWQkVSVXhGVkVsUFRrcFBRaTFTUjA1QlRVVTZNa1JQVGtWVFJFczBNVFE0TFZOUFZWUklRMFZPVkZKQlRGVlRJaXdpYW05aVRHOWpZWFJwYjI0aU9pSnpiM1YwYUdObGJuUnlZV3gxY3lKOT9hcGktdmVyc2lvbj0yMDE0LTA0LTAxLXByZXZpZXc=",
      "RequestMethod": "GET",
      "RequestBody": "",
      "RequestHeaders": {
        "x-ms-version": [
          "2014-04-01-preview"
        ],
        "User-Agent": [
          "Microsoft.Azure.Management.Resources.ResourceManagementClient/2.0.0.0"
        ]
      },
      "ResponseBody": "",
      "ResponseHeaders": {
        "Content-Length": [
          "0"
        ],
        "Expires": [
          "-1"
        ],
        "Pragma": [
          "no-cache"
        ],
        "x-ms-ratelimit-remaining-subscription-reads": [
          "14970"
        ],
        "x-ms-request-id": [
          "50b687d8-b613-4e90-a0a4-a153bb59d085"
        ],
        "x-ms-correlation-request-id": [
          "50b687d8-b613-4e90-a0a4-a153bb59d085"
        ],
        "x-ms-routing-request-id": [
          "WESTUS:20151013T223755Z:50b687d8-b613-4e90-a0a4-a153bb59d085"
        ],
        "Strict-Transport-Security": [
          "max-age=31536000; includeSubDomains"
        ],
        "Cache-Control": [
          "no-cache"
        ],
        "Date": [
          "Tue, 13 Oct 2015 22:37:55 GMT"
        ]
      },
      "StatusCode": 200
    }
  ],
  "Names": {
    "Test-CRUDNamespace": [
      "onesdk3192",
      "onesdk2121",
      "onesdk4148",
      "onesdk4359"
    ]
  },
  "Variables": {
    "SubscriptionId": "111c36dc-4047-4c69-acd5-301072ff1fc2"
  }
}