{
  "Entries": [
    {
      "RequestUri": "/subscriptions/4431ebb2-5a07-4d85-85cf-7af34ae85ff5/resourcegroups/onesdk2843?api-version=2014-04-01-preview",
      "EncodedRequestUri": "L3N1YnNjcmlwdGlvbnMvNDQzMWViYjItNWEwNy00ZDg1LTg1Y2YtN2FmMzRhZTg1ZmY1L3Jlc291cmNlZ3JvdXBzL29uZXNkazI4NDM/YXBpLXZlcnNpb249MjAxNC0wNC0wMS1wcmV2aWV3",
      "RequestMethod": "HEAD",
      "RequestBody": "",
      "RequestHeaders": {
        "User-Agent": [
          "Microsoft.Azure.Management.Resources.ResourceManagementClient/2.0.0.0"
        ]
      },
      "ResponseBody": "",
      "ResponseHeaders": {
        "Content-Length": [
          "102"
        ],
        "Content-Type": [
          "application/json; charset=utf-8"
        ],
        "Expires": [
          "-1"
        ],
        "Pragma": [
          "no-cache"
        ],
        "x-ms-failure-cause": [
          "gateway"
        ],
        "x-ms-ratelimit-remaining-subscription-reads": [
          "14972"
        ],
        "x-ms-request-id": [
          "2c1b6248-87bc-48f6-8509-b1be22755bb3"
        ],
        "x-ms-correlation-request-id": [
          "2c1b6248-87bc-48f6-8509-b1be22755bb3"
        ],
        "x-ms-routing-request-id": [
          "CENTRALUS:20150710T223852Z:2c1b6248-87bc-48f6-8509-b1be22755bb3"
        ],
        "Strict-Transport-Security": [
          "max-age=31536000; includeSubDomains"
        ],
        "Cache-Control": [
          "no-cache"
        ],
        "Date": [
          "Fri, 10 Jul 2015 22:38:52 GMT"
        ]
      },
      "StatusCode": 404
    },
    {
      "RequestUri": "/subscriptions/4431ebb2-5a07-4d85-85cf-7af34ae85ff5/resourcegroups/onesdk2843?api-version=2014-04-01-preview",
      "EncodedRequestUri": "L3N1YnNjcmlwdGlvbnMvNDQzMWViYjItNWEwNy00ZDg1LTg1Y2YtN2FmMzRhZTg1ZmY1L3Jlc291cmNlZ3JvdXBzL29uZXNkazI4NDM/YXBpLXZlcnNpb249MjAxNC0wNC0wMS1wcmV2aWV3",
      "RequestMethod": "PUT",
      "RequestBody": "{\r\n  \"location\": \"Brazil South\"\r\n}",
      "RequestHeaders": {
        "Content-Type": [
          "application/json; charset=utf-8"
        ],
        "Content-Length": [
          "34"
        ],
        "User-Agent": [
          "Microsoft.Azure.Management.Resources.ResourceManagementClient/2.0.0.0"
        ]
      },
      "ResponseBody": "{\r\n  \"id\": \"/subscriptions/4431ebb2-5a07-4d85-85cf-7af34ae85ff5/resourceGroups/onesdk2843\",\r\n  \"name\": \"onesdk2843\",\r\n  \"location\": \"brazilsouth\",\r\n  \"properties\": {\r\n    \"provisioningState\": \"Succeeded\"\r\n  }\r\n}",
      "ResponseHeaders": {
        "Content-Length": [
          "178"
        ],
        "Content-Type": [
          "application/json; charset=utf-8"
        ],
        "Expires": [
          "-1"
        ],
        "Pragma": [
          "no-cache"
        ],
        "x-ms-ratelimit-remaining-subscription-writes": [
          "1190"
        ],
        "x-ms-request-id": [
          "f05f825f-7a5e-42c1-b297-dd2e9fbed31e"
        ],
        "x-ms-correlation-request-id": [
          "f05f825f-7a5e-42c1-b297-dd2e9fbed31e"
        ],
        "x-ms-routing-request-id": [
          "CENTRALUS:20150710T223852Z:f05f825f-7a5e-42c1-b297-dd2e9fbed31e"
        ],
        "Strict-Transport-Security": [
          "max-age=31536000; includeSubDomains"
        ],
        "Cache-Control": [
          "no-cache"
        ],
        "Date": [
          "Fri, 10 Jul 2015 22:38:52 GMT"
        ]
      },
      "StatusCode": 201
    },
    {
      "RequestUri": "/subscriptions/4431ebb2-5a07-4d85-85cf-7af34ae85ff5/resourceGroups/onesdk2843/resources?api-version=2014-04-01-preview",
      "EncodedRequestUri": "L3N1YnNjcmlwdGlvbnMvNDQzMWViYjItNWEwNy00ZDg1LTg1Y2YtN2FmMzRhZTg1ZmY1L3Jlc291cmNlR3JvdXBzL29uZXNkazI4NDMvcmVzb3VyY2VzP2FwaS12ZXJzaW9uPTIwMTQtMDQtMDEtcHJldmlldw==",
      "RequestMethod": "GET",
      "RequestBody": "",
      "RequestHeaders": {
        "User-Agent": [
          "Microsoft.Azure.Management.Resources.ResourceManagementClient/2.0.0.0"
        ]
      },
      "ResponseBody": "{\r\n  \"value\": []\r\n}",
      "ResponseHeaders": {
        "Content-Length": [
          "12"
        ],
        "Content-Type": [
          "application/json; charset=utf-8"
        ],
        "Expires": [
          "-1"
        ],
        "Pragma": [
          "no-cache"
        ],
        "x-ms-ratelimit-remaining-subscription-reads": [
          "14971"
        ],
        "x-ms-request-id": [
          "6d997eff-1fc8-4c60-96fd-5cd3712fbb80"
        ],
        "x-ms-correlation-request-id": [
          "6d997eff-1fc8-4c60-96fd-5cd3712fbb80"
        ],
        "x-ms-routing-request-id": [
          "CENTRALUS:20150710T223853Z:6d997eff-1fc8-4c60-96fd-5cd3712fbb80"
        ],
        "Strict-Transport-Security": [
          "max-age=31536000; includeSubDomains"
        ],
        "Cache-Control": [
          "no-cache"
        ],
        "Date": [
          "Fri, 10 Jul 2015 22:38:52 GMT"
        ]
      },
      "StatusCode": 200
    },
    {
      "RequestUri": "/subscriptions/4431ebb2-5a07-4d85-85cf-7af34ae85ff5/resourcegroups/onesdk2843/providers/Microsoft.Authorization/permissions?api-version=2014-07-01-preview",
      "EncodedRequestUri": "L3N1YnNjcmlwdGlvbnMvNDQzMWViYjItNWEwNy00ZDg1LTg1Y2YtN2FmMzRhZTg1ZmY1L3Jlc291cmNlZ3JvdXBzL29uZXNkazI4NDMvcHJvdmlkZXJzL01pY3Jvc29mdC5BdXRob3JpemF0aW9uL3Blcm1pc3Npb25zP2FwaS12ZXJzaW9uPTIwMTQtMDctMDEtcHJldmlldw==",
      "RequestMethod": "GET",
      "RequestBody": "",
      "RequestHeaders": {
        "User-Agent": [
          "Microsoft.Azure.Management.Authorization.AuthorizationManagementClient/0.9.0.0"
        ]
      },
      "ResponseBody": "{\r\n  \"value\": [\r\n    {\r\n      \"actions\": [\r\n        \"*\"\r\n      ],\r\n      \"notActions\": []\r\n    }\r\n  ]\r\n}",
      "ResponseHeaders": {
        "Content-Length": [
          "45"
        ],
        "Content-Type": [
          "application/json; charset=utf-8"
        ],
        "Expires": [
          "-1"
        ],
        "Pragma": [
          "no-cache"
        ],
        "Vary": [
          "Accept-Encoding"
        ],
        "x-ms-request-id": [
          "centralus:22d67406-cfb1-451e-8cda-14dc3b5b2912"
        ],
        "x-ms-ratelimit-remaining-subscription-reads": [
          "14957"
        ],
        "x-ms-correlation-request-id": [
          "c359163d-03cf-400c-a9bb-fbfc84be3ea8"
        ],
        "x-ms-routing-request-id": [
          "CENTRALUS:20150710T223853Z:c359163d-03cf-400c-a9bb-fbfc84be3ea8"
        ],
        "Strict-Transport-Security": [
          "max-age=31536000; includeSubDomains"
        ],
        "Cache-Control": [
          "no-cache"
        ],
        "Date": [
          "Fri, 10 Jul 2015 22:38:52 GMT"
        ]
      },
      "StatusCode": 200
    }
  ],
  "Names": {
    "Test-GetNonExistingDataFactory": [
      "onesdk8525",
      "onesdk2843"
    ]
  },
  "Variables": {
    "SubscriptionId": "4431ebb2-5a07-4d85-85cf-7af34ae85ff5"
  }
}