{
  "Entries": [
    {
      "RequestUri": "/subscriptions/ee5ea899-0791-418f-9270-77cd8273794b/resourcegroups/ps3518?api-version=2016-09-01",
      "EncodedRequestUri": "L3N1YnNjcmlwdGlvbnMvZWU1ZWE4OTktMDc5MS00MThmLTkyNzAtNzdjZDgyNzM3OTRiL3Jlc291cmNlZ3JvdXBzL3BzMzUxOD9hcGktdmVyc2lvbj0yMDE2LTA5LTAx",
      "RequestMethod": "PUT",
      "RequestBody": "{\r\n  \"location\": \"westcentralus\"\r\n}",
      "RequestHeaders": {
        "x-ms-client-request-id": [
          "c1922a6b-7e7f-45f5-912f-23f0176f720a"
        ],
        "accept-language": [
          "en-US"
        ],
        "User-Agent": [
          "FxVersion/4.7.3163.0",
          "OSName/WindowsServer2012R2Datacenter",
          "OSVersion/6.3.9600",
          "Microsoft.Azure.Management.Internal.Resources.ResourceManagementClient/4.1.0"
        ],
        "Content-Type": [
          "application/json; charset=utf-8"
        ],
        "Content-Length": [
          "35"
        ]
      },
      "ResponseHeaders": {
        "Pragma": [
          "no-cache"
        ],
        "x-ms-ratelimit-remaining-subscription-writes": [
          "1199"
        ],
        "x-ms-request-id": [
          "71a77a95-46f9-4e50-8b5f-1417ec75c3ac"
        ],
        "x-ms-correlation-request-id": [
          "71a77a95-46f9-4e50-8b5f-1417ec75c3ac"
        ],
        "x-ms-routing-request-id": [
          "UKSOUTH2:20181031T124443Z:71a77a95-46f9-4e50-8b5f-1417ec75c3ac"
        ],
        "Strict-Transport-Security": [
          "max-age=31536000; includeSubDomains"
        ],
        "X-Content-Type-Options": [
          "nosniff"
        ],
        "Cache-Control": [
          "no-cache"
        ],
        "Date": [
          "Wed, 31 Oct 2018 12:44:42 GMT"
        ],
        "Content-Length": [
          "172"
        ],
        "Content-Type": [
          "application/json; charset=utf-8"
        ],
        "Expires": [
          "-1"
        ]
      },
      "ResponseBody": "{\r\n  \"id\": \"/subscriptions/ee5ea899-0791-418f-9270-77cd8273794b/resourceGroups/ps3518\",\r\n  \"name\": \"ps3518\",\r\n  \"location\": \"westcentralus\",\r\n  \"properties\": {\r\n    \"provisioningState\": \"Succeeded\"\r\n  }\r\n}",
      "StatusCode": 201
    },
    {
      "RequestUri": "/subscriptions/ee5ea899-0791-418f-9270-77cd8273794b/resourceGroups/ps3518/providers/Microsoft.Sql/managedInstances/ps2855?api-version=2015-05-01-preview",
      "EncodedRequestUri": "L3N1YnNjcmlwdGlvbnMvZWU1ZWE4OTktMDc5MS00MThmLTkyNzAtNzdjZDgyNzM3OTRiL3Jlc291cmNlR3JvdXBzL3BzMzUxOC9wcm92aWRlcnMvTWljcm9zb2Z0LlNxbC9tYW5hZ2VkSW5zdGFuY2VzL3BzMjg1NT9hcGktdmVyc2lvbj0yMDE1LTA1LTAxLXByZXZpZXc=",
      "RequestMethod": "GET",
      "RequestBody": "",
      "RequestHeaders": {
        "x-ms-client-request-id": [
          "e335546a-d224-436d-a53c-0d41b5434356"
        ],
        "accept-language": [
          "en-US"
        ],
        "User-Agent": [
          "FxVersion/4.7.3163.0",
          "OSName/WindowsServer2012R2Datacenter",
          "OSVersion/6.3.9600",
          "Microsoft.Azure.Management.Sql.SqlManagementClient/1.18.0.0"
        ]
      },
      "ResponseHeaders": {
        "Pragma": [
          "no-cache"
        ],
        "x-ms-failure-cause": [
          "gateway"
        ],
        "x-ms-request-id": [
          "85f5bd3a-5772-4098-b646-a03d0404c2a7"
        ],
        "x-ms-correlation-request-id": [
          "85f5bd3a-5772-4098-b646-a03d0404c2a7"
        ],
        "x-ms-routing-request-id": [
          "UKSOUTH2:20181031T124443Z:85f5bd3a-5772-4098-b646-a03d0404c2a7"
        ],
        "Strict-Transport-Security": [
          "max-age=31536000; includeSubDomains"
        ],
        "X-Content-Type-Options": [
          "nosniff"
        ],
        "Cache-Control": [
          "no-cache"
        ],
        "Date": [
          "Wed, 31 Oct 2018 12:44:42 GMT"
        ],
        "Content-Length": [
          "147"
        ],
        "Content-Type": [
          "application/json; charset=utf-8"
        ],
        "Expires": [
          "-1"
        ]
      },
      "ResponseBody": "{\r\n  \"error\": {\r\n    \"code\": \"ResourceNotFound\",\r\n    \"message\": \"The Resource 'Microsoft.Sql/managedInstances/ps2855' under resource group 'ps3518' was not found.\"\r\n  }\r\n}",
      "StatusCode": 404
    },
    {
      "RequestUri": "/subscriptions/ee5ea899-0791-418f-9270-77cd8273794b/resourceGroups/ps3518/providers/Microsoft.Sql/managedInstances/ps2855?api-version=2015-05-01-preview",
      "EncodedRequestUri": "L3N1YnNjcmlwdGlvbnMvZWU1ZWE4OTktMDc5MS00MThmLTkyNzAtNzdjZDgyNzM3OTRiL3Jlc291cmNlR3JvdXBzL3BzMzUxOC9wcm92aWRlcnMvTWljcm9zb2Z0LlNxbC9tYW5hZ2VkSW5zdGFuY2VzL3BzMjg1NT9hcGktdmVyc2lvbj0yMDE1LTA1LTAxLXByZXZpZXc=",
      "RequestMethod": "GET",
      "RequestBody": "",
      "RequestHeaders": {
        "User-Agent": [
          "FxVersion/4.7.3163.0",
          "OSName/WindowsServer2012R2Datacenter",
          "OSVersion/6.3.9600",
          "Microsoft.Azure.Management.Sql.SqlManagementClient/1.18.0.0"
        ]
      },
      "ResponseHeaders": {
        "Pragma": [
          "no-cache"
        ],
        "x-ms-request-id": [
          "55928990-bb3b-4735-8dcd-7a78f0a25733"
        ],
        "x-ms-ratelimit-remaining-subscription-reads": [
          "11962"
        ],
        "x-ms-correlation-request-id": [
          "79d194b0-8505-445c-a1f9-8a415b11429a"
        ],
        "x-ms-routing-request-id": [
          "UKSOUTH2:20181031T124646Z:79d194b0-8505-445c-a1f9-8a415b11429a"
        ],
        "Strict-Transport-Security": [
          "max-age=31536000; includeSubDomains"
        ],
        "X-Content-Type-Options": [
          "nosniff"
        ],
        "Cache-Control": [
          "no-cache"
        ],
        "Date": [
          "Wed, 31 Oct 2018 12:46:46 GMT"
        ],
        "Server": [
          "Microsoft-HTTPAPI/2.0"
        ],
        "Content-Length": [
          "691"
        ],
        "Content-Type": [
          "application/json; charset=utf-8"
        ],
        "Expires": [
          "-1"
        ]
      },
      "ResponseBody": "{\r\n  \"sku\": {\r\n    \"name\": \"GP_Gen4\",\r\n    \"tier\": \"GeneralPurpose\",\r\n    \"family\": \"Gen4\",\r\n    \"capacity\": 16\r\n  },\r\n  \"properties\": {\r\n    \"fullyQualifiedDomainName\": \"ps2855.wcus1620a4a77b113.database.windows.net\",\r\n    \"administratorLogin\": \"testusername\",\r\n    \"subnetId\": \"/subscriptions/ee5ea899-0791-418f-9270-77cd8273794b/resourceGroups/cl_one/providers/Microsoft.Network/virtualNetworks/cl_initial/subnets/CooL\",\r\n    \"state\": \"Ready\",\r\n    \"licenseType\": \"BasePrice\",\r\n    \"vCores\": 16,\r\n    \"storageSizeInGB\": 32,\r\n    \"collation\": \"SQL_Latin1_General_CP1_CI_AS\"\r\n  },\r\n  \"location\": \"westcentralus\",\r\n  \"id\": \"/subscriptions/ee5ea899-0791-418f-9270-77cd8273794b/resourceGroups/ps3518/providers/Microsoft.Sql/managedInstances/ps2855\",\r\n  \"name\": \"ps2855\",\r\n  \"type\": \"Microsoft.Sql/managedInstances\"\r\n}",
      "StatusCode": 200
    },
    {
      "RequestUri": "/subscriptions/ee5ea899-0791-418f-9270-77cd8273794b/resourceGroups/ps3518/providers/Microsoft.Sql/managedInstances/ps2855?api-version=2015-05-01-preview",
      "EncodedRequestUri": "L3N1YnNjcmlwdGlvbnMvZWU1ZWE4OTktMDc5MS00MThmLTkyNzAtNzdjZDgyNzM3OTRiL3Jlc291cmNlR3JvdXBzL3BzMzUxOC9wcm92aWRlcnMvTWljcm9zb2Z0LlNxbC9tYW5hZ2VkSW5zdGFuY2VzL3BzMjg1NT9hcGktdmVyc2lvbj0yMDE1LTA1LTAxLXByZXZpZXc=",
      "RequestMethod": "GET",
      "RequestBody": "",
      "RequestHeaders": {
        "x-ms-client-request-id": [
          "f25787df-6280-4c01-9a3b-2d6264ac9a44"
        ],
        "accept-language": [
          "en-US"
        ],
        "User-Agent": [
          "FxVersion/4.7.3163.0",
          "OSName/WindowsServer2012R2Datacenter",
          "OSVersion/6.3.9600",
          "Microsoft.Azure.Management.Sql.SqlManagementClient/1.18.0.0"
        ]
      },
      "ResponseHeaders": {
        "Pragma": [
          "no-cache"
        ],
        "x-ms-request-id": [
          "cfc2aaa2-db4b-4ddb-98f1-72065a8d6b4f"
        ],
        "x-ms-ratelimit-remaining-subscription-reads": [
          "11961"
        ],
        "x-ms-correlation-request-id": [
          "a497080a-e077-47aa-88dd-ced1f55f2b3f"
        ],
        "x-ms-routing-request-id": [
          "UKSOUTH2:20181031T124646Z:a497080a-e077-47aa-88dd-ced1f55f2b3f"
        ],
        "Strict-Transport-Security": [
          "max-age=31536000; includeSubDomains"
        ],
        "X-Content-Type-Options": [
          "nosniff"
        ],
        "Cache-Control": [
          "no-cache"
        ],
        "Date": [
          "Wed, 31 Oct 2018 12:46:46 GMT"
        ],
        "Server": [
          "Microsoft-HTTPAPI/2.0"
        ],
        "Content-Length": [
          "691"
        ],
        "Content-Type": [
          "application/json; charset=utf-8"
        ],
        "Expires": [
          "-1"
        ]
      },
      "ResponseBody": "{\r\n  \"sku\": {\r\n    \"name\": \"GP_Gen4\",\r\n    \"tier\": \"GeneralPurpose\",\r\n    \"family\": \"Gen4\",\r\n    \"capacity\": 16\r\n  },\r\n  \"properties\": {\r\n    \"fullyQualifiedDomainName\": \"ps2855.wcus1620a4a77b113.database.windows.net\",\r\n    \"administratorLogin\": \"testusername\",\r\n    \"subnetId\": \"/subscriptions/ee5ea899-0791-418f-9270-77cd8273794b/resourceGroups/cl_one/providers/Microsoft.Network/virtualNetworks/cl_initial/subnets/CooL\",\r\n    \"state\": \"Ready\",\r\n    \"licenseType\": \"BasePrice\",\r\n    \"vCores\": 16,\r\n    \"storageSizeInGB\": 32,\r\n    \"collation\": \"SQL_Latin1_General_CP1_CI_AS\"\r\n  },\r\n  \"location\": \"westcentralus\",\r\n  \"id\": \"/subscriptions/ee5ea899-0791-418f-9270-77cd8273794b/resourceGroups/ps3518/providers/Microsoft.Sql/managedInstances/ps2855\",\r\n  \"name\": \"ps2855\",\r\n  \"type\": \"Microsoft.Sql/managedInstances\"\r\n}",
      "StatusCode": 200
    },
    {
      "RequestUri": "/subscriptions/ee5ea899-0791-418f-9270-77cd8273794b/resourceGroups/ps3518/providers/Microsoft.Sql/managedInstances/ps2855?api-version=2015-05-01-preview",
      "EncodedRequestUri": "L3N1YnNjcmlwdGlvbnMvZWU1ZWE4OTktMDc5MS00MThmLTkyNzAtNzdjZDgyNzM3OTRiL3Jlc291cmNlR3JvdXBzL3BzMzUxOC9wcm92aWRlcnMvTWljcm9zb2Z0LlNxbC9tYW5hZ2VkSW5zdGFuY2VzL3BzMjg1NT9hcGktdmVyc2lvbj0yMDE1LTA1LTAxLXByZXZpZXc=",
      "RequestMethod": "GET",
      "RequestBody": "",
      "RequestHeaders": {
        "x-ms-client-request-id": [
          "cc629b9b-fca4-46ec-92ee-ddb3c5208f58"
        ],
        "accept-language": [
          "en-US"
        ],
        "User-Agent": [
          "FxVersion/4.7.3163.0",
          "OSName/WindowsServer2012R2Datacenter",
          "OSVersion/6.3.9600",
          "Microsoft.Azure.Management.Sql.SqlManagementClient/1.18.0.0"
        ]
      },
      "ResponseHeaders": {
        "Pragma": [
          "no-cache"
        ],
        "x-ms-request-id": [
          "d3fe9a64-3e18-4b94-81f4-7b9ab580edff"
        ],
        "x-ms-ratelimit-remaining-subscription-reads": [
          "11960"
        ],
        "x-ms-correlation-request-id": [
          "32ec173c-b9c7-4de4-b110-4775044d7a19"
        ],
        "x-ms-routing-request-id": [
          "UKSOUTH2:20181031T124647Z:32ec173c-b9c7-4de4-b110-4775044d7a19"
        ],
        "Strict-Transport-Security": [
          "max-age=31536000; includeSubDomains"
        ],
        "X-Content-Type-Options": [
          "nosniff"
        ],
        "Cache-Control": [
          "no-cache"
        ],
        "Date": [
          "Wed, 31 Oct 2018 12:46:46 GMT"
        ],
        "Server": [
          "Microsoft-HTTPAPI/2.0"
        ],
        "Content-Length": [
          "691"
        ],
        "Content-Type": [
          "application/json; charset=utf-8"
        ],
        "Expires": [
          "-1"
        ]
      },
      "ResponseBody": "{\r\n  \"sku\": {\r\n    \"name\": \"GP_Gen4\",\r\n    \"tier\": \"GeneralPurpose\",\r\n    \"family\": \"Gen4\",\r\n    \"capacity\": 16\r\n  },\r\n  \"properties\": {\r\n    \"fullyQualifiedDomainName\": \"ps2855.wcus1620a4a77b113.database.windows.net\",\r\n    \"administratorLogin\": \"testusername\",\r\n    \"subnetId\": \"/subscriptions/ee5ea899-0791-418f-9270-77cd8273794b/resourceGroups/cl_one/providers/Microsoft.Network/virtualNetworks/cl_initial/subnets/CooL\",\r\n    \"state\": \"Ready\",\r\n    \"licenseType\": \"BasePrice\",\r\n    \"vCores\": 16,\r\n    \"storageSizeInGB\": 32,\r\n    \"collation\": \"SQL_Latin1_General_CP1_CI_AS\"\r\n  },\r\n  \"location\": \"westcentralus\",\r\n  \"id\": \"/subscriptions/ee5ea899-0791-418f-9270-77cd8273794b/resourceGroups/ps3518/providers/Microsoft.Sql/managedInstances/ps2855\",\r\n  \"name\": \"ps2855\",\r\n  \"type\": \"Microsoft.Sql/managedInstances\"\r\n}",
      "StatusCode": 200
    },
    {
      "RequestUri": "/subscriptions/ee5ea899-0791-418f-9270-77cd8273794b/resourceGroups/ps3518/providers/Microsoft.Sql/managedInstances/ps2855?api-version=2015-05-01-preview",
      "EncodedRequestUri": "L3N1YnNjcmlwdGlvbnMvZWU1ZWE4OTktMDc5MS00MThmLTkyNzAtNzdjZDgyNzM3OTRiL3Jlc291cmNlR3JvdXBzL3BzMzUxOC9wcm92aWRlcnMvTWljcm9zb2Z0LlNxbC9tYW5hZ2VkSW5zdGFuY2VzL3BzMjg1NT9hcGktdmVyc2lvbj0yMDE1LTA1LTAxLXByZXZpZXc=",
      "RequestMethod": "GET",
      "RequestBody": "",
      "RequestHeaders": {
        "User-Agent": [
          "FxVersion/4.7.3163.0",
          "OSName/WindowsServer2012R2Datacenter",
          "OSVersion/6.3.9600",
          "Microsoft.Azure.Management.Sql.SqlManagementClient/1.18.0.0"
        ]
      },
      "ResponseHeaders": {
        "Pragma": [
          "no-cache"
        ],
        "x-ms-request-id": [
          "fcf62edc-3171-4e3c-8135-5d1747f9a6b2"
        ],
        "x-ms-ratelimit-remaining-subscription-reads": [
          "11956"
        ],
        "x-ms-correlation-request-id": [
          "4b4d7d62-147b-4808-b79d-4fd076dcb5d4"
        ],
        "x-ms-routing-request-id": [
          "UKSOUTH2:20181031T125955Z:4b4d7d62-147b-4808-b79d-4fd076dcb5d4"
        ],
        "Strict-Transport-Security": [
          "max-age=31536000; includeSubDomains"
        ],
        "X-Content-Type-Options": [
          "nosniff"
        ],
        "Cache-Control": [
          "no-cache"
        ],
        "Date": [
          "Wed, 31 Oct 2018 12:59:55 GMT"
        ],
        "Server": [
          "Microsoft-HTTPAPI/2.0"
        ],
        "Content-Length": [
          "689"
        ],
        "Content-Type": [
          "application/json; charset=utf-8"
        ],
        "Expires": [
          "-1"
        ]
      },
      "ResponseBody": "{\r\n  \"sku\": {\r\n    \"name\": \"GP_Gen4\",\r\n    \"tier\": \"GeneralPurpose\",\r\n    \"family\": \"Gen4\",\r\n    \"capacity\": 8\r\n  },\r\n  \"properties\": {\r\n    \"fullyQualifiedDomainName\": \"ps2855.wcus1620a4a77b113.database.windows.net\",\r\n    \"administratorLogin\": \"testusername\",\r\n    \"subnetId\": \"/subscriptions/ee5ea899-0791-418f-9270-77cd8273794b/resourceGroups/cl_one/providers/Microsoft.Network/virtualNetworks/cl_initial/subnets/CooL\",\r\n    \"state\": \"Ready\",\r\n    \"licenseType\": \"BasePrice\",\r\n    \"vCores\": 8,\r\n    \"storageSizeInGB\": 64,\r\n    \"collation\": \"SQL_Latin1_General_CP1_CI_AS\"\r\n  },\r\n  \"location\": \"westcentralus\",\r\n  \"id\": \"/subscriptions/ee5ea899-0791-418f-9270-77cd8273794b/resourceGroups/ps3518/providers/Microsoft.Sql/managedInstances/ps2855\",\r\n  \"name\": \"ps2855\",\r\n  \"type\": \"Microsoft.Sql/managedInstances\"\r\n}",
      "StatusCode": 200
    },
    {
      "RequestUri": "/subscriptions/ee5ea899-0791-418f-9270-77cd8273794b/resourceGroups/ps3518/providers/Microsoft.Sql/managedInstances/ps2855?api-version=2015-05-01-preview",
      "EncodedRequestUri": "L3N1YnNjcmlwdGlvbnMvZWU1ZWE4OTktMDc5MS00MThmLTkyNzAtNzdjZDgyNzM3OTRiL3Jlc291cmNlR3JvdXBzL3BzMzUxOC9wcm92aWRlcnMvTWljcm9zb2Z0LlNxbC9tYW5hZ2VkSW5zdGFuY2VzL3BzMjg1NT9hcGktdmVyc2lvbj0yMDE1LTA1LTAxLXByZXZpZXc=",
      "RequestMethod": "GET",
      "RequestBody": "",
      "RequestHeaders": {
        "x-ms-client-request-id": [
          "1d4c490c-f250-4a5f-b3a4-fcdc4f3cfb86"
        ],
        "accept-language": [
          "en-US"
        ],
        "User-Agent": [
          "FxVersion/4.7.3163.0",
          "OSName/WindowsServer2012R2Datacenter",
          "OSVersion/6.3.9600",
          "Microsoft.Azure.Management.Sql.SqlManagementClient/1.18.0.0"
        ]
      },
      "ResponseHeaders": {
        "Pragma": [
          "no-cache"
        ],
        "x-ms-request-id": [
          "b85d9e14-5248-4cd2-bb5d-d1c90eda7c15"
        ],
        "x-ms-ratelimit-remaining-subscription-reads": [
          "11955"
        ],
        "x-ms-correlation-request-id": [
          "7bac7a01-4dd7-48bb-aed3-40482e325123"
        ],
        "x-ms-routing-request-id": [
          "UKSOUTH2:20181031T125956Z:7bac7a01-4dd7-48bb-aed3-40482e325123"
        ],
        "Strict-Transport-Security": [
          "max-age=31536000; includeSubDomains"
        ],
        "X-Content-Type-Options": [
          "nosniff"
        ],
        "Cache-Control": [
          "no-cache"
        ],
        "Date": [
          "Wed, 31 Oct 2018 12:59:55 GMT"
        ],
        "Server": [
          "Microsoft-HTTPAPI/2.0"
        ],
        "Content-Length": [
          "689"
        ],
        "Content-Type": [
          "application/json; charset=utf-8"
        ],
        "Expires": [
          "-1"
        ]
      },
      "ResponseBody": "{\r\n  \"sku\": {\r\n    \"name\": \"GP_Gen4\",\r\n    \"tier\": \"GeneralPurpose\",\r\n    \"family\": \"Gen4\",\r\n    \"capacity\": 8\r\n  },\r\n  \"properties\": {\r\n    \"fullyQualifiedDomainName\": \"ps2855.wcus1620a4a77b113.database.windows.net\",\r\n    \"administratorLogin\": \"testusername\",\r\n    \"subnetId\": \"/subscriptions/ee5ea899-0791-418f-9270-77cd8273794b/resourceGroups/cl_one/providers/Microsoft.Network/virtualNetworks/cl_initial/subnets/CooL\",\r\n    \"state\": \"Ready\",\r\n    \"licenseType\": \"BasePrice\",\r\n    \"vCores\": 8,\r\n    \"storageSizeInGB\": 64,\r\n    \"collation\": \"SQL_Latin1_General_CP1_CI_AS\"\r\n  },\r\n  \"location\": \"westcentralus\",\r\n  \"id\": \"/subscriptions/ee5ea899-0791-418f-9270-77cd8273794b/resourceGroups/ps3518/providers/Microsoft.Sql/managedInstances/ps2855\",\r\n  \"name\": \"ps2855\",\r\n  \"type\": \"Microsoft.Sql/managedInstances\"\r\n}",
      "StatusCode": 200
    },
    {
      "RequestUri": "/subscriptions/ee5ea899-0791-418f-9270-77cd8273794b/resourceGroups/ps3518/providers/Microsoft.Sql/managedInstances/ps2855?api-version=2015-05-01-preview",
      "EncodedRequestUri": "L3N1YnNjcmlwdGlvbnMvZWU1ZWE4OTktMDc5MS00MThmLTkyNzAtNzdjZDgyNzM3OTRiL3Jlc291cmNlR3JvdXBzL3BzMzUxOC9wcm92aWRlcnMvTWljcm9zb2Z0LlNxbC9tYW5hZ2VkSW5zdGFuY2VzL3BzMjg1NT9hcGktdmVyc2lvbj0yMDE1LTA1LTAxLXByZXZpZXc=",
      "RequestMethod": "GET",
      "RequestBody": "",
      "RequestHeaders": {
        "x-ms-client-request-id": [
          "aa9d1f40-efd7-4dab-ad6e-2643f622ca6f"
        ],
        "accept-language": [
          "en-US"
        ],
        "User-Agent": [
          "FxVersion/4.7.3163.0",
          "OSName/WindowsServer2012R2Datacenter",
          "OSVersion/6.3.9600",
          "Microsoft.Azure.Management.Sql.SqlManagementClient/1.18.0.0"
        ]
      },
      "ResponseHeaders": {
        "Pragma": [
          "no-cache"
        ],
        "x-ms-request-id": [
          "3df1a150-c2f6-46e3-ab65-03e811546ee5"
        ],
        "x-ms-ratelimit-remaining-subscription-reads": [
          "11954"
        ],
        "x-ms-correlation-request-id": [
          "efd95fb7-aa29-43cd-889e-7b2ac3e749f3"
        ],
        "x-ms-routing-request-id": [
          "UKSOUTH2:20181031T125956Z:efd95fb7-aa29-43cd-889e-7b2ac3e749f3"
        ],
        "Strict-Transport-Security": [
          "max-age=31536000; includeSubDomains"
        ],
        "X-Content-Type-Options": [
          "nosniff"
        ],
        "Cache-Control": [
          "no-cache"
        ],
        "Date": [
          "Wed, 31 Oct 2018 12:59:55 GMT"
        ],
        "Server": [
          "Microsoft-HTTPAPI/2.0"
        ],
        "Content-Length": [
          "689"
        ],
        "Content-Type": [
          "application/json; charset=utf-8"
        ],
        "Expires": [
          "-1"
        ]
      },
      "ResponseBody": "{\r\n  \"sku\": {\r\n    \"name\": \"GP_Gen4\",\r\n    \"tier\": \"GeneralPurpose\",\r\n    \"family\": \"Gen4\",\r\n    \"capacity\": 8\r\n  },\r\n  \"properties\": {\r\n    \"fullyQualifiedDomainName\": \"ps2855.wcus1620a4a77b113.database.windows.net\",\r\n    \"administratorLogin\": \"testusername\",\r\n    \"subnetId\": \"/subscriptions/ee5ea899-0791-418f-9270-77cd8273794b/resourceGroups/cl_one/providers/Microsoft.Network/virtualNetworks/cl_initial/subnets/CooL\",\r\n    \"state\": \"Ready\",\r\n    \"licenseType\": \"BasePrice\",\r\n    \"vCores\": 8,\r\n    \"storageSizeInGB\": 64,\r\n    \"collation\": \"SQL_Latin1_General_CP1_CI_AS\"\r\n  },\r\n  \"location\": \"westcentralus\",\r\n  \"id\": \"/subscriptions/ee5ea899-0791-418f-9270-77cd8273794b/resourceGroups/ps3518/providers/Microsoft.Sql/managedInstances/ps2855\",\r\n  \"name\": \"ps2855\",\r\n  \"type\": \"Microsoft.Sql/managedInstances\"\r\n}",
      "StatusCode": 200
    },
    {
      "RequestUri": "/subscriptions/ee5ea899-0791-418f-9270-77cd8273794b/resourceGroups/ps3518/providers/Microsoft.Sql/managedInstances/ps2855?api-version=2015-05-01-preview",
      "EncodedRequestUri": "L3N1YnNjcmlwdGlvbnMvZWU1ZWE4OTktMDc5MS00MThmLTkyNzAtNzdjZDgyNzM3OTRiL3Jlc291cmNlR3JvdXBzL3BzMzUxOC9wcm92aWRlcnMvTWljcm9zb2Z0LlNxbC9tYW5hZ2VkSW5zdGFuY2VzL3BzMjg1NT9hcGktdmVyc2lvbj0yMDE1LTA1LTAxLXByZXZpZXc=",
      "RequestMethod": "GET",
      "RequestBody": "",
      "RequestHeaders": {
        "User-Agent": [
          "FxVersion/4.7.3163.0",
          "OSName/WindowsServer2012R2Datacenter",
          "OSVersion/6.3.9600",
          "Microsoft.Azure.Management.Sql.SqlManagementClient/1.18.0.0"
        ]
      },
      "ResponseHeaders": {
        "Pragma": [
          "no-cache"
        ],
        "x-ms-request-id": [
          "03f42ee4-a28d-4bac-8e1a-09efcf202592"
        ],
        "x-ms-ratelimit-remaining-subscription-reads": [
          "11955"
        ],
        "x-ms-correlation-request-id": [
          "0ee72fb7-5242-4405-b907-c6d1c2cf5ee5"
        ],
        "x-ms-routing-request-id": [
          "UKSOUTH2:20181031T130258Z:0ee72fb7-5242-4405-b907-c6d1c2cf5ee5"
        ],
        "Strict-Transport-Security": [
          "max-age=31536000; includeSubDomains"
        ],
        "X-Content-Type-Options": [
          "nosniff"
        ],
        "Cache-Control": [
          "no-cache"
        ],
        "Date": [
          "Wed, 31 Oct 2018 13:02:58 GMT"
        ],
        "Server": [
          "Microsoft-HTTPAPI/2.0"
        ],
        "Content-Length": [
          "697"
        ],
        "Content-Type": [
          "application/json; charset=utf-8"
        ],
        "Expires": [
          "-1"
        ]
      },
      "ResponseBody": "{\r\n  \"sku\": {\r\n    \"name\": \"GP_Gen4\",\r\n    \"tier\": \"GeneralPurpose\",\r\n    \"family\": \"Gen4\",\r\n    \"capacity\": 16\r\n  },\r\n  \"properties\": {\r\n    \"fullyQualifiedDomainName\": \"ps2855.wcus1620a4a77b113.database.windows.net\",\r\n    \"administratorLogin\": \"testusername\",\r\n    \"subnetId\": \"/subscriptions/ee5ea899-0791-418f-9270-77cd8273794b/resourceGroups/cl_one/providers/Microsoft.Network/virtualNetworks/cl_initial/subnets/CooL\",\r\n    \"state\": \"Ready\",\r\n    \"licenseType\": \"LicenseIncluded\",\r\n    \"vCores\": 16,\r\n    \"storageSizeInGB\": 96,\r\n    \"collation\": \"SQL_Latin1_General_CP1_CI_AS\"\r\n  },\r\n  \"location\": \"westcentralus\",\r\n  \"id\": \"/subscriptions/ee5ea899-0791-418f-9270-77cd8273794b/resourceGroups/ps3518/providers/Microsoft.Sql/managedInstances/ps2855\",\r\n  \"name\": \"ps2855\",\r\n  \"type\": \"Microsoft.Sql/managedInstances\"\r\n}",
      "StatusCode": 200
    },
    {
      "RequestUri": "/subscriptions/ee5ea899-0791-418f-9270-77cd8273794b/resourceGroups/ps3518/providers/Microsoft.Sql/managedInstances/ps2855?api-version=2015-05-01-preview",
      "EncodedRequestUri": "L3N1YnNjcmlwdGlvbnMvZWU1ZWE4OTktMDc5MS00MThmLTkyNzAtNzdjZDgyNzM3OTRiL3Jlc291cmNlR3JvdXBzL3BzMzUxOC9wcm92aWRlcnMvTWljcm9zb2Z0LlNxbC9tYW5hZ2VkSW5zdGFuY2VzL3BzMjg1NT9hcGktdmVyc2lvbj0yMDE1LTA1LTAxLXByZXZpZXc=",
      "RequestMethod": "GET",
      "RequestBody": "",
      "RequestHeaders": {
        "x-ms-client-request-id": [
          "4c19f6d1-1157-48d6-912b-b2c52eddf7bb"
        ],
        "accept-language": [
          "en-US"
        ],
        "User-Agent": [
          "FxVersion/4.7.3163.0",
          "OSName/WindowsServer2012R2Datacenter",
          "OSVersion/6.3.9600",
          "Microsoft.Azure.Management.Sql.SqlManagementClient/1.18.0.0"
        ]
      },
      "ResponseHeaders": {
        "Pragma": [
          "no-cache"
        ],
        "x-ms-request-id": [
          "64acef76-36f0-4ef5-bff6-6f6fde1c3398"
        ],
        "x-ms-ratelimit-remaining-subscription-reads": [
          "11954"
        ],
        "x-ms-correlation-request-id": [
          "399b9a85-9f86-49ee-9f66-1052f6f2f36d"
        ],
        "x-ms-routing-request-id": [
          "UKSOUTH2:20181031T130258Z:399b9a85-9f86-49ee-9f66-1052f6f2f36d"
        ],
        "Strict-Transport-Security": [
          "max-age=31536000; includeSubDomains"
        ],
        "X-Content-Type-Options": [
          "nosniff"
        ],
        "Cache-Control": [
          "no-cache"
        ],
        "Date": [
          "Wed, 31 Oct 2018 13:02:58 GMT"
        ],
        "Server": [
          "Microsoft-HTTPAPI/2.0"
        ],
        "Content-Length": [
          "697"
        ],
        "Content-Type": [
          "application/json; charset=utf-8"
        ],
        "Expires": [
          "-1"
        ]
      },
      "ResponseBody": "{\r\n  \"sku\": {\r\n    \"name\": \"GP_Gen4\",\r\n    \"tier\": \"GeneralPurpose\",\r\n    \"family\": \"Gen4\",\r\n    \"capacity\": 16\r\n  },\r\n  \"properties\": {\r\n    \"fullyQualifiedDomainName\": \"ps2855.wcus1620a4a77b113.database.windows.net\",\r\n    \"administratorLogin\": \"testusername\",\r\n    \"subnetId\": \"/subscriptions/ee5ea899-0791-418f-9270-77cd8273794b/resourceGroups/cl_one/providers/Microsoft.Network/virtualNetworks/cl_initial/subnets/CooL\",\r\n    \"state\": \"Ready\",\r\n    \"licenseType\": \"LicenseIncluded\",\r\n    \"vCores\": 16,\r\n    \"storageSizeInGB\": 96,\r\n    \"collation\": \"SQL_Latin1_General_CP1_CI_AS\"\r\n  },\r\n  \"location\": \"westcentralus\",\r\n  \"id\": \"/subscriptions/ee5ea899-0791-418f-9270-77cd8273794b/resourceGroups/ps3518/providers/Microsoft.Sql/managedInstances/ps2855\",\r\n  \"name\": \"ps2855\",\r\n  \"type\": \"Microsoft.Sql/managedInstances\"\r\n}",
      "StatusCode": 200
    },
    {
      "RequestUri": "/subscriptions/ee5ea899-0791-418f-9270-77cd8273794b/resourceGroups/ps3518/providers/Microsoft.Sql/managedInstances/ps2855?api-version=2015-05-01-preview",
      "EncodedRequestUri": "L3N1YnNjcmlwdGlvbnMvZWU1ZWE4OTktMDc5MS00MThmLTkyNzAtNzdjZDgyNzM3OTRiL3Jlc291cmNlR3JvdXBzL3BzMzUxOC9wcm92aWRlcnMvTWljcm9zb2Z0LlNxbC9tYW5hZ2VkSW5zdGFuY2VzL3BzMjg1NT9hcGktdmVyc2lvbj0yMDE1LTA1LTAxLXByZXZpZXc=",
      "RequestMethod": "GET",
      "RequestBody": "",
      "RequestHeaders": {
        "x-ms-client-request-id": [
          "e20813a1-4d60-468c-96dd-6e70b3e78137"
        ],
        "accept-language": [
          "en-US"
        ],
        "User-Agent": [
          "FxVersion/4.7.3163.0",
          "OSName/WindowsServer2012R2Datacenter",
          "OSVersion/6.3.9600",
          "Microsoft.Azure.Management.Sql.SqlManagementClient/1.18.0.0"
        ]
      },
      "ResponseHeaders": {
        "Pragma": [
          "no-cache"
        ],
        "x-ms-request-id": [
          "8e9ca2a6-47dd-4dcf-9013-43f88d3cdf56"
        ],
        "x-ms-ratelimit-remaining-subscription-reads": [
          "11953"
        ],
        "x-ms-correlation-request-id": [
          "fd259867-6720-428b-8892-5d86078b4f3a"
        ],
        "x-ms-routing-request-id": [
          "UKSOUTH2:20181031T130258Z:fd259867-6720-428b-8892-5d86078b4f3a"
        ],
        "Strict-Transport-Security": [
          "max-age=31536000; includeSubDomains"
        ],
        "X-Content-Type-Options": [
          "nosniff"
        ],
        "Cache-Control": [
          "no-cache"
        ],
        "Date": [
          "Wed, 31 Oct 2018 13:02:58 GMT"
        ],
        "Server": [
          "Microsoft-HTTPAPI/2.0"
        ],
        "Content-Length": [
          "697"
        ],
        "Content-Type": [
          "application/json; charset=utf-8"
        ],
        "Expires": [
          "-1"
        ]
      },
      "ResponseBody": "{\r\n  \"sku\": {\r\n    \"name\": \"GP_Gen4\",\r\n    \"tier\": \"GeneralPurpose\",\r\n    \"family\": \"Gen4\",\r\n    \"capacity\": 16\r\n  },\r\n  \"properties\": {\r\n    \"fullyQualifiedDomainName\": \"ps2855.wcus1620a4a77b113.database.windows.net\",\r\n    \"administratorLogin\": \"testusername\",\r\n    \"subnetId\": \"/subscriptions/ee5ea899-0791-418f-9270-77cd8273794b/resourceGroups/cl_one/providers/Microsoft.Network/virtualNetworks/cl_initial/subnets/CooL\",\r\n    \"state\": \"Ready\",\r\n    \"licenseType\": \"LicenseIncluded\",\r\n    \"vCores\": 16,\r\n    \"storageSizeInGB\": 96,\r\n    \"collation\": \"SQL_Latin1_General_CP1_CI_AS\"\r\n  },\r\n  \"location\": \"westcentralus\",\r\n  \"id\": \"/subscriptions/ee5ea899-0791-418f-9270-77cd8273794b/resourceGroups/ps3518/providers/Microsoft.Sql/managedInstances/ps2855\",\r\n  \"name\": \"ps2855\",\r\n  \"type\": \"Microsoft.Sql/managedInstances\"\r\n}",
      "StatusCode": 200
    },
    {
      "RequestUri": "/subscriptions/ee5ea899-0791-418f-9270-77cd8273794b/resourceGroups/ps3518/providers/Microsoft.Sql/managedInstances/ps2855?api-version=2015-05-01-preview",
      "EncodedRequestUri": "L3N1YnNjcmlwdGlvbnMvZWU1ZWE4OTktMDc5MS00MThmLTkyNzAtNzdjZDgyNzM3OTRiL3Jlc291cmNlR3JvdXBzL3BzMzUxOC9wcm92aWRlcnMvTWljcm9zb2Z0LlNxbC9tYW5hZ2VkSW5zdGFuY2VzL3BzMjg1NT9hcGktdmVyc2lvbj0yMDE1LTA1LTAxLXByZXZpZXc=",
      "RequestMethod": "GET",
      "RequestBody": "",
      "RequestHeaders": {
        "User-Agent": [
          "FxVersion/4.7.3163.0",
          "OSName/WindowsServer2012R2Datacenter",
          "OSVersion/6.3.9600",
          "Microsoft.Azure.Management.Sql.SqlManagementClient/1.18.0.0"
        ]
      },
      "ResponseHeaders": {
        "Pragma": [
          "no-cache"
        ],
        "x-ms-request-id": [
          "5d592730-49c2-4bd4-b28a-7ffa42106237"
        ],
        "x-ms-ratelimit-remaining-subscription-reads": [
          "11954"
        ],
        "x-ms-correlation-request-id": [
          "5e1bbd1d-ff6b-43d3-8afe-aa927d4e3437"
        ],
        "x-ms-routing-request-id": [
          "UKSOUTH2:20181031T130601Z:5e1bbd1d-ff6b-43d3-8afe-aa927d4e3437"
        ],
        "Strict-Transport-Security": [
          "max-age=31536000; includeSubDomains"
        ],
        "X-Content-Type-Options": [
          "nosniff"
        ],
        "Cache-Control": [
          "no-cache"
        ],
        "Date": [
          "Wed, 31 Oct 2018 13:06:00 GMT"
        ],
        "Server": [
          "Microsoft-HTTPAPI/2.0"
        ],
        "Content-Length": [
          "689"
        ],
        "Content-Type": [
          "application/json; charset=utf-8"
        ],
        "Expires": [
          "-1"
        ]
      },
      "ResponseBody": "{\r\n  \"sku\": {\r\n    \"name\": \"GP_Gen4\",\r\n    \"tier\": \"GeneralPurpose\",\r\n    \"family\": \"Gen4\",\r\n    \"capacity\": 8\r\n  },\r\n  \"properties\": {\r\n    \"fullyQualifiedDomainName\": \"ps2855.wcus1620a4a77b113.database.windows.net\",\r\n    \"administratorLogin\": \"testusername\",\r\n    \"subnetId\": \"/subscriptions/ee5ea899-0791-418f-9270-77cd8273794b/resourceGroups/cl_one/providers/Microsoft.Network/virtualNetworks/cl_initial/subnets/CooL\",\r\n    \"state\": \"Ready\",\r\n    \"licenseType\": \"BasePrice\",\r\n    \"vCores\": 8,\r\n    \"storageSizeInGB\": 64,\r\n    \"collation\": \"SQL_Latin1_General_CP1_CI_AS\"\r\n  },\r\n  \"location\": \"westcentralus\",\r\n  \"id\": \"/subscriptions/ee5ea899-0791-418f-9270-77cd8273794b/resourceGroups/ps3518/providers/Microsoft.Sql/managedInstances/ps2855\",\r\n  \"name\": \"ps2855\",\r\n  \"type\": \"Microsoft.Sql/managedInstances\"\r\n}",
      "StatusCode": 200
    },
    {
      "RequestUri": "/subscriptions/ee5ea899-0791-418f-9270-77cd8273794b/resourceGroups/ps3518/providers/Microsoft.Sql/managedInstances/ps2855?api-version=2015-05-01-preview",
      "EncodedRequestUri": "L3N1YnNjcmlwdGlvbnMvZWU1ZWE4OTktMDc5MS00MThmLTkyNzAtNzdjZDgyNzM3OTRiL3Jlc291cmNlR3JvdXBzL3BzMzUxOC9wcm92aWRlcnMvTWljcm9zb2Z0LlNxbC9tYW5hZ2VkSW5zdGFuY2VzL3BzMjg1NT9hcGktdmVyc2lvbj0yMDE1LTA1LTAxLXByZXZpZXc=",
      "RequestMethod": "GET",
      "RequestBody": "",
      "RequestHeaders": {
        "x-ms-client-request-id": [
          "a7bb70c4-e777-435f-b06b-11282bcda3f0"
        ],
        "accept-language": [
          "en-US"
        ],
        "User-Agent": [
          "FxVersion/4.7.3163.0",
          "OSName/WindowsServer2012R2Datacenter",
          "OSVersion/6.3.9600",
          "Microsoft.Azure.Management.Sql.SqlManagementClient/1.18.0.0"
        ]
      },
      "ResponseHeaders": {
        "Pragma": [
          "no-cache"
        ],
        "x-ms-request-id": [
          "fae98336-e389-4675-bae9-1069bf0f2061"
        ],
        "x-ms-ratelimit-remaining-subscription-reads": [
          "11953"
        ],
        "x-ms-correlation-request-id": [
          "c3bdf538-0dc8-462d-9b43-7f0e1522e3a3"
        ],
        "x-ms-routing-request-id": [
          "UKSOUTH2:20181031T130601Z:c3bdf538-0dc8-462d-9b43-7f0e1522e3a3"
        ],
        "Strict-Transport-Security": [
          "max-age=31536000; includeSubDomains"
        ],
        "X-Content-Type-Options": [
          "nosniff"
        ],
        "Cache-Control": [
          "no-cache"
        ],
        "Date": [
          "Wed, 31 Oct 2018 13:06:00 GMT"
        ],
        "Server": [
          "Microsoft-HTTPAPI/2.0"
        ],
        "Content-Length": [
          "689"
        ],
        "Content-Type": [
          "application/json; charset=utf-8"
        ],
        "Expires": [
          "-1"
        ]
      },
      "ResponseBody": "{\r\n  \"sku\": {\r\n    \"name\": \"GP_Gen4\",\r\n    \"tier\": \"GeneralPurpose\",\r\n    \"family\": \"Gen4\",\r\n    \"capacity\": 8\r\n  },\r\n  \"properties\": {\r\n    \"fullyQualifiedDomainName\": \"ps2855.wcus1620a4a77b113.database.windows.net\",\r\n    \"administratorLogin\": \"testusername\",\r\n    \"subnetId\": \"/subscriptions/ee5ea899-0791-418f-9270-77cd8273794b/resourceGroups/cl_one/providers/Microsoft.Network/virtualNetworks/cl_initial/subnets/CooL\",\r\n    \"state\": \"Ready\",\r\n    \"licenseType\": \"BasePrice\",\r\n    \"vCores\": 8,\r\n    \"storageSizeInGB\": 64,\r\n    \"collation\": \"SQL_Latin1_General_CP1_CI_AS\"\r\n  },\r\n  \"location\": \"westcentralus\",\r\n  \"id\": \"/subscriptions/ee5ea899-0791-418f-9270-77cd8273794b/resourceGroups/ps3518/providers/Microsoft.Sql/managedInstances/ps2855\",\r\n  \"name\": \"ps2855\",\r\n  \"type\": \"Microsoft.Sql/managedInstances\"\r\n}",
      "StatusCode": 200
    },
    {
      "RequestUri": "/subscriptions/ee5ea899-0791-418f-9270-77cd8273794b/resourceGroups/ps3518/providers/Microsoft.Sql/managedInstances/ps2855?api-version=2015-05-01-preview",
      "EncodedRequestUri": "L3N1YnNjcmlwdGlvbnMvZWU1ZWE4OTktMDc5MS00MThmLTkyNzAtNzdjZDgyNzM3OTRiL3Jlc291cmNlR3JvdXBzL3BzMzUxOC9wcm92aWRlcnMvTWljcm9zb2Z0LlNxbC9tYW5hZ2VkSW5zdGFuY2VzL3BzMjg1NT9hcGktdmVyc2lvbj0yMDE1LTA1LTAxLXByZXZpZXc=",
      "RequestMethod": "GET",
      "RequestBody": "",
      "RequestHeaders": {
        "x-ms-client-request-id": [
          "c3b1a98c-d429-43d5-8d95-fee007c71c12"
        ],
        "accept-language": [
          "en-US"
        ],
        "User-Agent": [
          "FxVersion/4.7.3163.0",
          "OSName/WindowsServer2012R2Datacenter",
          "OSVersion/6.3.9600",
          "Microsoft.Azure.Management.Sql.SqlManagementClient/1.18.0.0"
        ]
      },
      "ResponseHeaders": {
        "Pragma": [
          "no-cache"
        ],
        "x-ms-request-id": [
          "87d5abdb-53b4-49e2-8256-f64e4ffb927e"
        ],
        "x-ms-ratelimit-remaining-subscription-reads": [
          "11952"
        ],
        "x-ms-correlation-request-id": [
          "536209a6-3f00-4ed6-bdc3-786a4543ce08"
        ],
        "x-ms-routing-request-id": [
          "UKSOUTH2:20181031T130601Z:536209a6-3f00-4ed6-bdc3-786a4543ce08"
        ],
        "Strict-Transport-Security": [
          "max-age=31536000; includeSubDomains"
        ],
        "X-Content-Type-Options": [
          "nosniff"
        ],
        "Cache-Control": [
          "no-cache"
        ],
        "Date": [
          "Wed, 31 Oct 2018 13:06:00 GMT"
        ],
        "Server": [
          "Microsoft-HTTPAPI/2.0"
        ],
        "Content-Length": [
          "689"
        ],
        "Content-Type": [
          "application/json; charset=utf-8"
        ],
        "Expires": [
          "-1"
        ]
      },
      "ResponseBody": "{\r\n  \"sku\": {\r\n    \"name\": \"GP_Gen4\",\r\n    \"tier\": \"GeneralPurpose\",\r\n    \"family\": \"Gen4\",\r\n    \"capacity\": 8\r\n  },\r\n  \"properties\": {\r\n    \"fullyQualifiedDomainName\": \"ps2855.wcus1620a4a77b113.database.windows.net\",\r\n    \"administratorLogin\": \"testusername\",\r\n    \"subnetId\": \"/subscriptions/ee5ea899-0791-418f-9270-77cd8273794b/resourceGroups/cl_one/providers/Microsoft.Network/virtualNetworks/cl_initial/subnets/CooL\",\r\n    \"state\": \"Ready\",\r\n    \"licenseType\": \"BasePrice\",\r\n    \"vCores\": 8,\r\n    \"storageSizeInGB\": 64,\r\n    \"collation\": \"SQL_Latin1_General_CP1_CI_AS\"\r\n  },\r\n  \"location\": \"westcentralus\",\r\n  \"id\": \"/subscriptions/ee5ea899-0791-418f-9270-77cd8273794b/resourceGroups/ps3518/providers/Microsoft.Sql/managedInstances/ps2855\",\r\n  \"name\": \"ps2855\",\r\n  \"type\": \"Microsoft.Sql/managedInstances\"\r\n}",
      "StatusCode": 200
    },
    {
      "RequestUri": "/subscriptions/ee5ea899-0791-418f-9270-77cd8273794b/resourceGroups/ps3518/providers/Microsoft.Sql/managedInstances/ps2855?api-version=2015-05-01-preview",
      "EncodedRequestUri": "L3N1YnNjcmlwdGlvbnMvZWU1ZWE4OTktMDc5MS00MThmLTkyNzAtNzdjZDgyNzM3OTRiL3Jlc291cmNlR3JvdXBzL3BzMzUxOC9wcm92aWRlcnMvTWljcm9zb2Z0LlNxbC9tYW5hZ2VkSW5zdGFuY2VzL3BzMjg1NT9hcGktdmVyc2lvbj0yMDE1LTA1LTAxLXByZXZpZXc=",
      "RequestMethod": "GET",
      "RequestBody": "",
      "RequestHeaders": {
        "User-Agent": [
          "FxVersion/4.7.3163.0",
          "OSName/WindowsServer2012R2Datacenter",
          "OSVersion/6.3.9600",
          "Microsoft.Azure.Management.Sql.SqlManagementClient/1.18.0.0"
        ]
      },
      "ResponseHeaders": {
        "Pragma": [
          "no-cache"
        ],
        "x-ms-request-id": [
          "7204c448-decc-4cda-8660-ef36a55b7eac"
        ],
        "x-ms-ratelimit-remaining-subscription-reads": [
          "11948"
        ],
        "x-ms-correlation-request-id": [
          "862cbcfa-c7ec-43c2-a16a-372feff008ac"
        ],
        "x-ms-routing-request-id": [
          "UKSOUTH2:20181031T130904Z:862cbcfa-c7ec-43c2-a16a-372feff008ac"
        ],
        "Strict-Transport-Security": [
          "max-age=31536000; includeSubDomains"
        ],
        "X-Content-Type-Options": [
          "nosniff"
        ],
        "Cache-Control": [
          "no-cache"
        ],
        "Date": [
          "Wed, 31 Oct 2018 13:09:03 GMT"
        ],
        "Server": [
          "Microsoft-HTTPAPI/2.0"
        ],
        "Content-Length": [
          "691"
        ],
        "Content-Type": [
          "application/json; charset=utf-8"
        ],
        "Expires": [
          "-1"
        ]
      },
      "ResponseBody": "{\r\n  \"sku\": {\r\n    \"name\": \"GP_Gen4\",\r\n    \"tier\": \"GeneralPurpose\",\r\n    \"family\": \"Gen4\",\r\n    \"capacity\": 16\r\n  },\r\n  \"properties\": {\r\n    \"fullyQualifiedDomainName\": \"ps2855.wcus1620a4a77b113.database.windows.net\",\r\n    \"administratorLogin\": \"testusername\",\r\n    \"subnetId\": \"/subscriptions/ee5ea899-0791-418f-9270-77cd8273794b/resourceGroups/cl_one/providers/Microsoft.Network/virtualNetworks/cl_initial/subnets/CooL\",\r\n    \"state\": \"Ready\",\r\n    \"licenseType\": \"BasePrice\",\r\n    \"vCores\": 16,\r\n    \"storageSizeInGB\": 32,\r\n    \"collation\": \"SQL_Latin1_General_CP1_CI_AS\"\r\n  },\r\n  \"location\": \"westcentralus\",\r\n  \"id\": \"/subscriptions/ee5ea899-0791-418f-9270-77cd8273794b/resourceGroups/ps3518/providers/Microsoft.Sql/managedInstances/ps2855\",\r\n  \"name\": \"ps2855\",\r\n  \"type\": \"Microsoft.Sql/managedInstances\"\r\n}",
      "StatusCode": 200
    },
    {
      "RequestUri": "/subscriptions/ee5ea899-0791-418f-9270-77cd8273794b/resourceGroups/ps3518/providers/Microsoft.Sql/managedInstances/ps2855?api-version=2015-05-01-preview",
      "EncodedRequestUri": "L3N1YnNjcmlwdGlvbnMvZWU1ZWE4OTktMDc5MS00MThmLTkyNzAtNzdjZDgyNzM3OTRiL3Jlc291cmNlR3JvdXBzL3BzMzUxOC9wcm92aWRlcnMvTWljcm9zb2Z0LlNxbC9tYW5hZ2VkSW5zdGFuY2VzL3BzMjg1NT9hcGktdmVyc2lvbj0yMDE1LTA1LTAxLXByZXZpZXc=",
      "RequestMethod": "PUT",
      "RequestBody": "{\r\n  \"sku\": {\r\n    \"name\": \"GP_Gen4\"\r\n  },\r\n  \"properties\": {\r\n    \"administratorLogin\": \"testusername\",\r\n    \"administratorLoginPassword\": \"t357ingP@s5w0rd!\",\r\n    \"subnetId\": \"/subscriptions/ee5ea899-0791-418f-9270-77cd8273794b/resourceGroups/cl_one/providers/Microsoft.Network/virtualNetworks/cl_initial/subnets/CooL\",\r\n    \"licenseType\": \"BasePrice\",\r\n    \"vCores\": 16,\r\n    \"storageSizeInGB\": 32\r\n  },\r\n  \"location\": \"westcentralus\"\r\n}",
      "RequestHeaders": {
        "x-ms-client-request-id": [
          "abbece00-7959-492d-9055-7b2e2664afe5"
        ],
        "accept-language": [
          "en-US"
        ],
        "User-Agent": [
          "FxVersion/4.7.3163.0",
          "OSName/WindowsServer2012R2Datacenter",
          "OSVersion/6.3.9600",
          "Microsoft.Azure.Management.Sql.SqlManagementClient/1.18.0.0"
        ],
        "Content-Type": [
          "application/json; charset=utf-8"
        ],
        "Content-Length": [
          "440"
        ]
      },
      "ResponseHeaders": {
        "Pragma": [
          "no-cache"
        ],
        "Retry-After": [
          "60"
        ],
        "Azure-AsyncOperation": [
          "https://management.azure.com/subscriptions/ee5ea899-0791-418f-9270-77cd8273794b/resourceGroups/ps3518/providers/Microsoft.Sql/locations/westcentralus/managedInstanceAzureAsyncOperation/25c1c3e1-6261-4284-ba06-70e0001a4f89?api-version=2015-05-01-preview"
        ],
        "x-ms-request-id": [
          "25c1c3e1-6261-4284-ba06-70e0001a4f89"
        ],
        "x-ms-ratelimit-remaining-subscription-writes": [
          "1198"
        ],
        "x-ms-correlation-request-id": [
          "713325b3-0991-49df-8ad7-b9420bd7ea39"
        ],
        "x-ms-routing-request-id": [
          "UKSOUTH2:20181031T124445Z:713325b3-0991-49df-8ad7-b9420bd7ea39"
        ],
        "Strict-Transport-Security": [
          "max-age=31536000; includeSubDomains"
        ],
        "X-Content-Type-Options": [
          "nosniff"
        ],
        "Cache-Control": [
          "no-cache"
        ],
        "Date": [
          "Wed, 31 Oct 2018 12:44:44 GMT"
        ],
        "Location": [
          "https://management.azure.com/subscriptions/ee5ea899-0791-418f-9270-77cd8273794b/resourceGroups/ps3518/providers/Microsoft.Sql/locations/westcentralus/managedInstanceOperationResults/25c1c3e1-6261-4284-ba06-70e0001a4f89?api-version=2015-05-01-preview"
        ],
        "Server": [
          "Microsoft-HTTPAPI/2.0"
        ],
        "Content-Length": [
          "73"
        ],
        "Content-Type": [
          "application/json; charset=utf-8"
        ],
        "Expires": [
          "-1"
        ]
      },
      "ResponseBody": "{\r\n  \"operation\": \"UpsertManagedServer\",\r\n  \"startTime\": \"2018-10-31T12:44:45.25Z\"\r\n}",
      "StatusCode": 202
    },
    {
      "RequestUri": "/subscriptions/ee5ea899-0791-418f-9270-77cd8273794b/resourceGroups/ps3518/providers/Microsoft.Sql/locations/westcentralus/managedInstanceAzureAsyncOperation/25c1c3e1-6261-4284-ba06-70e0001a4f89?api-version=2015-05-01-preview",
      "EncodedRequestUri": "L3N1YnNjcmlwdGlvbnMvZWU1ZWE4OTktMDc5MS00MThmLTkyNzAtNzdjZDgyNzM3OTRiL3Jlc291cmNlR3JvdXBzL3BzMzUxOC9wcm92aWRlcnMvTWljcm9zb2Z0LlNxbC9sb2NhdGlvbnMvd2VzdGNlbnRyYWx1cy9tYW5hZ2VkSW5zdGFuY2VBenVyZUFzeW5jT3BlcmF0aW9uLzI1YzFjM2UxLTYyNjEtNDI4NC1iYTA2LTcwZTAwMDFhNGY4OT9hcGktdmVyc2lvbj0yMDE1LTA1LTAxLXByZXZpZXc=",
      "RequestMethod": "GET",
      "RequestBody": "",
      "RequestHeaders": {
        "User-Agent": [
          "FxVersion/4.7.3163.0",
          "OSName/WindowsServer2012R2Datacenter",
          "OSVersion/6.3.9600",
          "Microsoft.Azure.Management.Sql.SqlManagementClient/1.18.0.0"
        ]
      },
      "ResponseHeaders": {
        "Pragma": [
          "no-cache"
        ],
        "Retry-After": [
          "60"
        ],
        "x-ms-request-id": [
          "ffc3a18e-7b5d-42d4-a1c5-23aee51c6562"
        ],
        "x-ms-ratelimit-remaining-subscription-reads": [
          "11964"
        ],
        "x-ms-correlation-request-id": [
          "00098ed5-97df-4d2e-99f2-a1ecd5675e5c"
        ],
        "x-ms-routing-request-id": [
          "UKSOUTH2:20181031T124545Z:00098ed5-97df-4d2e-99f2-a1ecd5675e5c"
        ],
        "Strict-Transport-Security": [
          "max-age=31536000; includeSubDomains"
        ],
        "X-Content-Type-Options": [
          "nosniff"
        ],
        "Cache-Control": [
          "no-cache"
        ],
        "Date": [
          "Wed, 31 Oct 2018 12:45:45 GMT"
        ],
        "Server": [
          "Microsoft-HTTPAPI/2.0"
        ],
        "Content-Length": [
          "107"
        ],
        "Content-Type": [
          "application/json; charset=utf-8"
        ],
        "Expires": [
          "-1"
        ]
      },
      "ResponseBody": "{\r\n  \"name\": \"25c1c3e1-6261-4284-ba06-70e0001a4f89\",\r\n  \"status\": \"InProgress\",\r\n  \"startTime\": \"2018-10-31T12:44:45.25Z\"\r\n}",
      "StatusCode": 200
    },
    {
      "RequestUri": "/subscriptions/ee5ea899-0791-418f-9270-77cd8273794b/resourceGroups/ps3518/providers/Microsoft.Sql/locations/westcentralus/managedInstanceAzureAsyncOperation/25c1c3e1-6261-4284-ba06-70e0001a4f89?api-version=2015-05-01-preview",
      "EncodedRequestUri": "L3N1YnNjcmlwdGlvbnMvZWU1ZWE4OTktMDc5MS00MThmLTkyNzAtNzdjZDgyNzM3OTRiL3Jlc291cmNlR3JvdXBzL3BzMzUxOC9wcm92aWRlcnMvTWljcm9zb2Z0LlNxbC9sb2NhdGlvbnMvd2VzdGNlbnRyYWx1cy9tYW5hZ2VkSW5zdGFuY2VBenVyZUFzeW5jT3BlcmF0aW9uLzI1YzFjM2UxLTYyNjEtNDI4NC1iYTA2LTcwZTAwMDFhNGY4OT9hcGktdmVyc2lvbj0yMDE1LTA1LTAxLXByZXZpZXc=",
      "RequestMethod": "GET",
      "RequestBody": "",
      "RequestHeaders": {
        "User-Agent": [
          "FxVersion/4.7.3163.0",
          "OSName/WindowsServer2012R2Datacenter",
          "OSVersion/6.3.9600",
          "Microsoft.Azure.Management.Sql.SqlManagementClient/1.18.0.0"
        ]
      },
      "ResponseHeaders": {
        "Pragma": [
          "no-cache"
        ],
        "Retry-After": [
          "60"
        ],
        "x-ms-request-id": [
          "0ced02a2-eadf-47d9-afea-6a95a4b66e7a"
        ],
        "x-ms-ratelimit-remaining-subscription-reads": [
          "11963"
        ],
        "x-ms-correlation-request-id": [
          "ac490728-4394-4f1f-b2df-a5b5421d1062"
        ],
        "x-ms-routing-request-id": [
          "UKSOUTH2:20181031T124646Z:ac490728-4394-4f1f-b2df-a5b5421d1062"
        ],
        "Strict-Transport-Security": [
          "max-age=31536000; includeSubDomains"
        ],
        "X-Content-Type-Options": [
          "nosniff"
        ],
        "Cache-Control": [
          "no-cache"
        ],
        "Date": [
          "Wed, 31 Oct 2018 12:46:46 GMT"
        ],
        "Server": [
          "Microsoft-HTTPAPI/2.0"
        ],
        "Content-Length": [
          "106"
        ],
        "Content-Type": [
          "application/json; charset=utf-8"
        ],
        "Expires": [
          "-1"
        ]
      },
      "ResponseBody": "{\r\n  \"name\": \"25c1c3e1-6261-4284-ba06-70e0001a4f89\",\r\n  \"status\": \"Succeeded\",\r\n  \"startTime\": \"2018-10-31T12:44:45.25Z\"\r\n}",
      "StatusCode": 200
    },
    {
      "RequestUri": "/subscriptions/ee5ea899-0791-418f-9270-77cd8273794b/resourceGroups/ps3518/providers/Microsoft.Sql/managedInstances/ps2855?api-version=2015-05-01-preview",
      "EncodedRequestUri": "L3N1YnNjcmlwdGlvbnMvZWU1ZWE4OTktMDc5MS00MThmLTkyNzAtNzdjZDgyNzM3OTRiL3Jlc291cmNlR3JvdXBzL3BzMzUxOC9wcm92aWRlcnMvTWljcm9zb2Z0LlNxbC9tYW5hZ2VkSW5zdGFuY2VzL3BzMjg1NT9hcGktdmVyc2lvbj0yMDE1LTA1LTAxLXByZXZpZXc=",
      "RequestMethod": "PATCH",
      "RequestBody": "{\r\n  \"properties\": {\r\n    \"administratorLoginPassword\": \"t357ingP@s5w0rd!\",\r\n    \"licenseType\": \"BasePrice\",\r\n    \"vCores\": 8,\r\n    \"storageSizeInGB\": 64\r\n  }\r\n}",
      "RequestHeaders": {
        "x-ms-client-request-id": [
          "15b99e45-4b48-42bf-9318-d81eb9e202c9"
        ],
        "accept-language": [
          "en-US"
        ],
        "User-Agent": [
          "FxVersion/4.7.3163.0",
          "OSName/WindowsServer2012R2Datacenter",
          "OSVersion/6.3.9600",
          "Microsoft.Azure.Management.Sql.SqlManagementClient/1.18.0.0"
        ],
        "Content-Type": [
          "application/json; charset=utf-8"
        ],
        "Content-Length": [
          "161"
        ]
      },
      "ResponseHeaders": {
        "Pragma": [
          "no-cache"
        ],
        "Retry-After": [
          "60"
        ],
        "Azure-AsyncOperation": [
          "https://management.azure.com/subscriptions/ee5ea899-0791-418f-9270-77cd8273794b/resourceGroups/ps3518/providers/Microsoft.Sql/locations/westcentralus/managedInstanceAzureAsyncOperation/07d637e9-0567-40ca-a4aa-192bc1fb1ed2?api-version=2015-05-01-preview"
        ],
        "x-ms-request-id": [
          "07d637e9-0567-40ca-a4aa-192bc1fb1ed2"
        ],
        "x-ms-ratelimit-remaining-subscription-writes": [
          "1197"
        ],
        "x-ms-correlation-request-id": [
          "e1b009d0-109a-4fe5-ba02-8dab64a65a4c"
        ],
        "x-ms-routing-request-id": [
          "UKSOUTH2:20181031T124647Z:e1b009d0-109a-4fe5-ba02-8dab64a65a4c"
        ],
        "Strict-Transport-Security": [
          "max-age=31536000; includeSubDomains"
        ],
        "X-Content-Type-Options": [
          "nosniff"
        ],
        "Cache-Control": [
          "no-cache"
        ],
        "Date": [
          "Wed, 31 Oct 2018 12:46:47 GMT"
        ],
        "Location": [
          "https://management.azure.com/subscriptions/ee5ea899-0791-418f-9270-77cd8273794b/resourceGroups/ps3518/providers/Microsoft.Sql/locations/westcentralus/managedInstanceOperationResults/07d637e9-0567-40ca-a4aa-192bc1fb1ed2?api-version=2015-05-01-preview"
        ],
        "Server": [
          "Microsoft-HTTPAPI/2.0"
        ],
        "Content-Length": [
          "74"
        ],
        "Content-Type": [
          "application/json; charset=utf-8"
        ],
        "Expires": [
          "-1"
        ]
      },
      "ResponseBody": "{\r\n  \"operation\": \"UpsertManagedServer\",\r\n  \"startTime\": \"2018-10-31T12:46:47.513Z\"\r\n}",
      "StatusCode": 202
    },
    {
      "RequestUri": "/subscriptions/ee5ea899-0791-418f-9270-77cd8273794b/resourceGroups/ps3518/providers/Microsoft.Sql/managedInstances/ps2855?api-version=2015-05-01-preview",
      "EncodedRequestUri": "L3N1YnNjcmlwdGlvbnMvZWU1ZWE4OTktMDc5MS00MThmLTkyNzAtNzdjZDgyNzM3OTRiL3Jlc291cmNlR3JvdXBzL3BzMzUxOC9wcm92aWRlcnMvTWljcm9zb2Z0LlNxbC9tYW5hZ2VkSW5zdGFuY2VzL3BzMjg1NT9hcGktdmVyc2lvbj0yMDE1LTA1LTAxLXByZXZpZXc=",
      "RequestMethod": "PATCH",
      "RequestBody": "{\r\n  \"properties\": {\r\n    \"administratorLoginPassword\": \"t357ingP@s5w0rd!\",\r\n    \"licenseType\": \"LicenseIncluded\",\r\n    \"vCores\": 16,\r\n    \"storageSizeInGB\": 96\r\n  }\r\n}",
      "RequestHeaders": {
        "x-ms-client-request-id": [
          "a26e289c-3725-489f-8491-6033a5593b7c"
        ],
        "accept-language": [
          "en-US"
        ],
        "User-Agent": [
          "FxVersion/4.7.3163.0",
          "OSName/WindowsServer2012R2Datacenter",
          "OSVersion/6.3.9600",
          "Microsoft.Azure.Management.Sql.SqlManagementClient/1.18.0.0"
        ],
        "Content-Type": [
          "application/json; charset=utf-8"
        ],
        "Content-Length": [
          "168"
        ]
      },
      "ResponseHeaders": {
        "Pragma": [
          "no-cache"
        ],
        "Retry-After": [
          "60"
        ],
        "Azure-AsyncOperation": [
          "https://management.azure.com/subscriptions/ee5ea899-0791-418f-9270-77cd8273794b/resourceGroups/ps3518/providers/Microsoft.Sql/locations/westcentralus/managedInstanceAzureAsyncOperation/d0bbd265-bf2c-45ae-b342-537287319fcd?api-version=2015-05-01-preview"
        ],
        "x-ms-request-id": [
          "d0bbd265-bf2c-45ae-b342-537287319fcd"
        ],
        "x-ms-ratelimit-remaining-subscription-writes": [
          "1196"
        ],
        "x-ms-correlation-request-id": [
          "658f153f-eefc-457c-8526-9cf3ea334fc4"
        ],
        "x-ms-routing-request-id": [
          "UKSOUTH2:20181031T125956Z:658f153f-eefc-457c-8526-9cf3ea334fc4"
        ],
        "Strict-Transport-Security": [
          "max-age=31536000; includeSubDomains"
        ],
        "X-Content-Type-Options": [
          "nosniff"
        ],
        "Cache-Control": [
          "no-cache"
        ],
        "Date": [
          "Wed, 31 Oct 2018 12:59:56 GMT"
        ],
        "Location": [
          "https://management.azure.com/subscriptions/ee5ea899-0791-418f-9270-77cd8273794b/resourceGroups/ps3518/providers/Microsoft.Sql/locations/westcentralus/managedInstanceOperationResults/d0bbd265-bf2c-45ae-b342-537287319fcd?api-version=2015-05-01-preview"
        ],
        "Server": [
          "Microsoft-HTTPAPI/2.0"
        ],
        "Content-Length": [
          "74"
        ],
        "Content-Type": [
          "application/json; charset=utf-8"
        ],
        "Expires": [
          "-1"
        ]
      },
      "ResponseBody": "{\r\n  \"operation\": \"UpsertManagedServer\",\r\n  \"startTime\": \"2018-10-31T12:59:56.587Z\"\r\n}",
      "StatusCode": 202
    },
    {
      "RequestUri": "/subscriptions/ee5ea899-0791-418f-9270-77cd8273794b/resourceGroups/ps3518/providers/Microsoft.Sql/managedInstances/ps2855?api-version=2015-05-01-preview",
      "EncodedRequestUri": "L3N1YnNjcmlwdGlvbnMvZWU1ZWE4OTktMDc5MS00MThmLTkyNzAtNzdjZDgyNzM3OTRiL3Jlc291cmNlR3JvdXBzL3BzMzUxOC9wcm92aWRlcnMvTWljcm9zb2Z0LlNxbC9tYW5hZ2VkSW5zdGFuY2VzL3BzMjg1NT9hcGktdmVyc2lvbj0yMDE1LTA1LTAxLXByZXZpZXc=",
      "RequestMethod": "PATCH",
      "RequestBody": "{\r\n  \"properties\": {\r\n    \"administratorLoginPassword\": \"t357ingP@s5w0rd!\",\r\n    \"licenseType\": \"BasePrice\",\r\n    \"vCores\": 8,\r\n    \"storageSizeInGB\": 64\r\n  }\r\n}",
      "RequestHeaders": {
        "x-ms-client-request-id": [
          "abbccf0a-5708-4bd7-8e83-53c5cbf7ffe3"
        ],
        "accept-language": [
          "en-US"
        ],
        "User-Agent": [
          "FxVersion/4.7.3163.0",
          "OSName/WindowsServer2012R2Datacenter",
          "OSVersion/6.3.9600",
          "Microsoft.Azure.Management.Sql.SqlManagementClient/1.18.0.0"
        ],
        "Content-Type": [
          "application/json; charset=utf-8"
        ],
        "Content-Length": [
          "161"
        ]
      },
      "ResponseHeaders": {
        "Pragma": [
          "no-cache"
        ],
        "Retry-After": [
          "60"
        ],
        "Azure-AsyncOperation": [
          "https://management.azure.com/subscriptions/ee5ea899-0791-418f-9270-77cd8273794b/resourceGroups/ps3518/providers/Microsoft.Sql/locations/westcentralus/managedInstanceAzureAsyncOperation/37230d34-ba1b-49ad-bcec-b9ab8a9067aa?api-version=2015-05-01-preview"
        ],
        "x-ms-request-id": [
          "37230d34-ba1b-49ad-bcec-b9ab8a9067aa"
        ],
        "x-ms-ratelimit-remaining-subscription-writes": [
          "1195"
        ],
        "x-ms-correlation-request-id": [
          "574c5d52-b793-4900-82ce-9963372e10de"
        ],
        "x-ms-routing-request-id": [
          "UKSOUTH2:20181031T130259Z:574c5d52-b793-4900-82ce-9963372e10de"
        ],
        "Strict-Transport-Security": [
          "max-age=31536000; includeSubDomains"
        ],
        "X-Content-Type-Options": [
          "nosniff"
        ],
        "Cache-Control": [
          "no-cache"
        ],
        "Date": [
          "Wed, 31 Oct 2018 13:02:59 GMT"
        ],
        "Location": [
          "https://management.azure.com/subscriptions/ee5ea899-0791-418f-9270-77cd8273794b/resourceGroups/ps3518/providers/Microsoft.Sql/locations/westcentralus/managedInstanceOperationResults/37230d34-ba1b-49ad-bcec-b9ab8a9067aa?api-version=2015-05-01-preview"
        ],
        "Server": [
          "Microsoft-HTTPAPI/2.0"
        ],
        "Content-Length": [
          "74"
        ],
        "Content-Type": [
          "application/json; charset=utf-8"
        ],
        "Expires": [
          "-1"
        ]
      },
      "ResponseBody": "{\r\n  \"operation\": \"UpsertManagedServer\",\r\n  \"startTime\": \"2018-10-31T13:02:59.373Z\"\r\n}",
      "StatusCode": 202
    },
    {
      "RequestUri": "/subscriptions/ee5ea899-0791-418f-9270-77cd8273794b/resourceGroups/ps3518/providers/Microsoft.Sql/managedInstances/ps2855?api-version=2015-05-01-preview",
      "EncodedRequestUri": "L3N1YnNjcmlwdGlvbnMvZWU1ZWE4OTktMDc5MS00MThmLTkyNzAtNzdjZDgyNzM3OTRiL3Jlc291cmNlR3JvdXBzL3BzMzUxOC9wcm92aWRlcnMvTWljcm9zb2Z0LlNxbC9tYW5hZ2VkSW5zdGFuY2VzL3BzMjg1NT9hcGktdmVyc2lvbj0yMDE1LTA1LTAxLXByZXZpZXc=",
      "RequestMethod": "PATCH",
      "RequestBody": "{\r\n  \"properties\": {\r\n    \"administratorLoginPassword\": \"t357ingP@s5w0rd!\",\r\n    \"licenseType\": \"BasePrice\",\r\n    \"vCores\": 16,\r\n    \"storageSizeInGB\": 32\r\n  }\r\n}",
      "RequestHeaders": {
        "x-ms-client-request-id": [
          "d0058a79-74d0-406c-8609-d1146c38413f"
        ],
        "accept-language": [
          "en-US"
        ],
        "User-Agent": [
          "FxVersion/4.7.3163.0",
          "OSName/WindowsServer2012R2Datacenter",
          "OSVersion/6.3.9600",
          "Microsoft.Azure.Management.Sql.SqlManagementClient/1.18.0.0"
        ],
        "Content-Type": [
          "application/json; charset=utf-8"
        ],
        "Content-Length": [
          "162"
        ]
      },
      "ResponseHeaders": {
        "Pragma": [
          "no-cache"
        ],
        "Retry-After": [
          "60"
        ],
        "Azure-AsyncOperation": [
          "https://management.azure.com/subscriptions/ee5ea899-0791-418f-9270-77cd8273794b/resourceGroups/ps3518/providers/Microsoft.Sql/locations/westcentralus/managedInstanceAzureAsyncOperation/edd7b0a2-ce03-4bd6-9b5e-da270b145e6c?api-version=2015-05-01-preview"
        ],
        "x-ms-request-id": [
          "edd7b0a2-ce03-4bd6-9b5e-da270b145e6c"
        ],
        "x-ms-ratelimit-remaining-subscription-writes": [
          "1194"
        ],
        "x-ms-correlation-request-id": [
          "f934eb60-aa03-495e-a757-8f98ec0114b4"
        ],
        "x-ms-routing-request-id": [
          "UKSOUTH2:20181031T130602Z:f934eb60-aa03-495e-a757-8f98ec0114b4"
        ],
        "Strict-Transport-Security": [
          "max-age=31536000; includeSubDomains"
        ],
        "X-Content-Type-Options": [
          "nosniff"
        ],
        "Cache-Control": [
          "no-cache"
        ],
        "Date": [
          "Wed, 31 Oct 2018 13:06:01 GMT"
        ],
        "Location": [
          "https://management.azure.com/subscriptions/ee5ea899-0791-418f-9270-77cd8273794b/resourceGroups/ps3518/providers/Microsoft.Sql/locations/westcentralus/managedInstanceOperationResults/edd7b0a2-ce03-4bd6-9b5e-da270b145e6c?api-version=2015-05-01-preview"
        ],
        "Server": [
          "Microsoft-HTTPAPI/2.0"
        ],
        "Content-Length": [
          "73"
        ],
        "Content-Type": [
          "application/json; charset=utf-8"
        ],
        "Expires": [
          "-1"
        ]
      },
      "ResponseBody": "{\r\n  \"operation\": \"UpsertManagedServer\",\r\n  \"startTime\": \"2018-10-31T13:06:02.28Z\"\r\n}",
      "StatusCode": 202
    },
    {
      "RequestUri": "/subscriptions/ee5ea899-0791-418f-9270-77cd8273794b/resourceGroups/ps3518/providers/Microsoft.Sql/locations/westcentralus/managedInstanceAzureAsyncOperation/07d637e9-0567-40ca-a4aa-192bc1fb1ed2?api-version=2015-05-01-preview",
      "EncodedRequestUri": "L3N1YnNjcmlwdGlvbnMvZWU1ZWE4OTktMDc5MS00MThmLTkyNzAtNzdjZDgyNzM3OTRiL3Jlc291cmNlR3JvdXBzL3BzMzUxOC9wcm92aWRlcnMvTWljcm9zb2Z0LlNxbC9sb2NhdGlvbnMvd2VzdGNlbnRyYWx1cy9tYW5hZ2VkSW5zdGFuY2VBenVyZUFzeW5jT3BlcmF0aW9uLzA3ZDYzN2U5LTA1NjctNDBjYS1hNGFhLTE5MmJjMWZiMWVkMj9hcGktdmVyc2lvbj0yMDE1LTA1LTAxLXByZXZpZXc=",
      "RequestMethod": "GET",
      "RequestBody": "",
      "RequestHeaders": {
        "User-Agent": [
          "FxVersion/4.7.3163.0",
          "OSName/WindowsServer2012R2Datacenter",
          "OSVersion/6.3.9600",
          "Microsoft.Azure.Management.Sql.SqlManagementClient/1.18.0.0"
        ]
      },
      "ResponseHeaders": {
        "Pragma": [
          "no-cache"
        ],
        "Retry-After": [
          "60"
        ],
        "x-ms-request-id": [
          "fd3121cf-4f66-4aa2-81db-49ebb6cd4126"
        ],
        "x-ms-ratelimit-remaining-subscription-reads": [
          "11959"
        ],
        "x-ms-correlation-request-id": [
          "e96284ab-28b1-4002-b9cc-bb3360f5b71a"
        ],
        "x-ms-routing-request-id": [
          "UKSOUTH2:20181031T124748Z:e96284ab-28b1-4002-b9cc-bb3360f5b71a"
        ],
        "Strict-Transport-Security": [
          "max-age=31536000; includeSubDomains"
        ],
        "X-Content-Type-Options": [
          "nosniff"
        ],
        "Cache-Control": [
          "no-cache"
        ],
        "Date": [
          "Wed, 31 Oct 2018 12:47:47 GMT"
        ],
        "Server": [
          "Microsoft-HTTPAPI/2.0"
        ],
        "Content-Length": [
          "108"
        ],
        "Content-Type": [
          "application/json; charset=utf-8"
        ],
        "Expires": [
          "-1"
        ]
      },
      "ResponseBody": "{\r\n  \"name\": \"07d637e9-0567-40ca-a4aa-192bc1fb1ed2\",\r\n  \"status\": \"InProgress\",\r\n  \"startTime\": \"2018-10-31T12:46:47.513Z\"\r\n}",
      "StatusCode": 200
    },
    {
      "RequestUri": "/subscriptions/ee5ea899-0791-418f-9270-77cd8273794b/resourceGroups/ps3518/providers/Microsoft.Sql/locations/westcentralus/managedInstanceAzureAsyncOperation/07d637e9-0567-40ca-a4aa-192bc1fb1ed2?api-version=2015-05-01-preview",
      "EncodedRequestUri": "L3N1YnNjcmlwdGlvbnMvZWU1ZWE4OTktMDc5MS00MThmLTkyNzAtNzdjZDgyNzM3OTRiL3Jlc291cmNlR3JvdXBzL3BzMzUxOC9wcm92aWRlcnMvTWljcm9zb2Z0LlNxbC9sb2NhdGlvbnMvd2VzdGNlbnRyYWx1cy9tYW5hZ2VkSW5zdGFuY2VBenVyZUFzeW5jT3BlcmF0aW9uLzA3ZDYzN2U5LTA1NjctNDBjYS1hNGFhLTE5MmJjMWZiMWVkMj9hcGktdmVyc2lvbj0yMDE1LTA1LTAxLXByZXZpZXc=",
      "RequestMethod": "GET",
      "RequestBody": "",
      "RequestHeaders": {
        "User-Agent": [
          "FxVersion/4.7.3163.0",
          "OSName/WindowsServer2012R2Datacenter",
          "OSVersion/6.3.9600",
          "Microsoft.Azure.Management.Sql.SqlManagementClient/1.18.0.0"
        ]
      },
      "ResponseHeaders": {
        "Pragma": [
          "no-cache"
        ],
        "Retry-After": [
          "60"
        ],
        "x-ms-request-id": [
          "1942adc6-445a-49bd-a797-2b9f72fc01ad"
        ],
        "x-ms-ratelimit-remaining-subscription-reads": [
          "11958"
        ],
        "x-ms-correlation-request-id": [
          "85cf92a0-1bb7-4104-9f34-3c164e29bff3"
        ],
        "x-ms-routing-request-id": [
          "UKSOUTH2:20181031T124848Z:85cf92a0-1bb7-4104-9f34-3c164e29bff3"
        ],
        "Strict-Transport-Security": [
          "max-age=31536000; includeSubDomains"
        ],
        "X-Content-Type-Options": [
          "nosniff"
        ],
        "Cache-Control": [
          "no-cache"
        ],
        "Date": [
          "Wed, 31 Oct 2018 12:48:48 GMT"
        ],
        "Server": [
          "Microsoft-HTTPAPI/2.0"
        ],
        "Content-Length": [
          "108"
        ],
        "Content-Type": [
          "application/json; charset=utf-8"
        ],
        "Expires": [
          "-1"
        ]
      },
      "ResponseBody": "{\r\n  \"name\": \"07d637e9-0567-40ca-a4aa-192bc1fb1ed2\",\r\n  \"status\": \"InProgress\",\r\n  \"startTime\": \"2018-10-31T12:46:47.513Z\"\r\n}",
      "StatusCode": 200
    },
    {
      "RequestUri": "/subscriptions/ee5ea899-0791-418f-9270-77cd8273794b/resourceGroups/ps3518/providers/Microsoft.Sql/locations/westcentralus/managedInstanceAzureAsyncOperation/07d637e9-0567-40ca-a4aa-192bc1fb1ed2?api-version=2015-05-01-preview",
      "EncodedRequestUri": "L3N1YnNjcmlwdGlvbnMvZWU1ZWE4OTktMDc5MS00MThmLTkyNzAtNzdjZDgyNzM3OTRiL3Jlc291cmNlR3JvdXBzL3BzMzUxOC9wcm92aWRlcnMvTWljcm9zb2Z0LlNxbC9sb2NhdGlvbnMvd2VzdGNlbnRyYWx1cy9tYW5hZ2VkSW5zdGFuY2VBenVyZUFzeW5jT3BlcmF0aW9uLzA3ZDYzN2U5LTA1NjctNDBjYS1hNGFhLTE5MmJjMWZiMWVkMj9hcGktdmVyc2lvbj0yMDE1LTA1LTAxLXByZXZpZXc=",
      "RequestMethod": "GET",
      "RequestBody": "",
      "RequestHeaders": {
        "User-Agent": [
          "FxVersion/4.7.3163.0",
          "OSName/WindowsServer2012R2Datacenter",
          "OSVersion/6.3.9600",
          "Microsoft.Azure.Management.Sql.SqlManagementClient/1.18.0.0"
        ]
      },
      "ResponseHeaders": {
        "Pragma": [
          "no-cache"
        ],
        "Retry-After": [
          "60"
        ],
        "x-ms-request-id": [
          "2f82b84c-eca2-4946-89d5-d0d9e2067d85"
        ],
        "x-ms-ratelimit-remaining-subscription-reads": [
          "11957"
        ],
        "x-ms-correlation-request-id": [
          "39c6c2a9-3cf0-4955-aa91-bb375c740015"
        ],
        "x-ms-routing-request-id": [
          "UKSOUTH2:20181031T124949Z:39c6c2a9-3cf0-4955-aa91-bb375c740015"
        ],
        "Strict-Transport-Security": [
          "max-age=31536000; includeSubDomains"
        ],
        "X-Content-Type-Options": [
          "nosniff"
        ],
        "Cache-Control": [
          "no-cache"
        ],
        "Date": [
          "Wed, 31 Oct 2018 12:49:49 GMT"
        ],
        "Server": [
          "Microsoft-HTTPAPI/2.0"
        ],
        "Content-Length": [
          "108"
        ],
        "Content-Type": [
          "application/json; charset=utf-8"
        ],
        "Expires": [
          "-1"
        ]
      },
      "ResponseBody": "{\r\n  \"name\": \"07d637e9-0567-40ca-a4aa-192bc1fb1ed2\",\r\n  \"status\": \"InProgress\",\r\n  \"startTime\": \"2018-10-31T12:46:47.513Z\"\r\n}",
      "StatusCode": 200
    },
    {
      "RequestUri": "/subscriptions/ee5ea899-0791-418f-9270-77cd8273794b/resourceGroups/ps3518/providers/Microsoft.Sql/locations/westcentralus/managedInstanceAzureAsyncOperation/07d637e9-0567-40ca-a4aa-192bc1fb1ed2?api-version=2015-05-01-preview",
      "EncodedRequestUri": "L3N1YnNjcmlwdGlvbnMvZWU1ZWE4OTktMDc5MS00MThmLTkyNzAtNzdjZDgyNzM3OTRiL3Jlc291cmNlR3JvdXBzL3BzMzUxOC9wcm92aWRlcnMvTWljcm9zb2Z0LlNxbC9sb2NhdGlvbnMvd2VzdGNlbnRyYWx1cy9tYW5hZ2VkSW5zdGFuY2VBenVyZUFzeW5jT3BlcmF0aW9uLzA3ZDYzN2U5LTA1NjctNDBjYS1hNGFhLTE5MmJjMWZiMWVkMj9hcGktdmVyc2lvbj0yMDE1LTA1LTAxLXByZXZpZXc=",
      "RequestMethod": "GET",
      "RequestBody": "",
      "RequestHeaders": {
        "User-Agent": [
          "FxVersion/4.7.3163.0",
          "OSName/WindowsServer2012R2Datacenter",
          "OSVersion/6.3.9600",
          "Microsoft.Azure.Management.Sql.SqlManagementClient/1.18.0.0"
        ]
      },
      "ResponseHeaders": {
        "Pragma": [
          "no-cache"
        ],
        "Retry-After": [
          "60"
        ],
        "x-ms-request-id": [
          "78487755-ff10-47e2-b55f-7758bc159b33"
        ],
        "x-ms-ratelimit-remaining-subscription-reads": [
          "11961"
        ],
        "x-ms-correlation-request-id": [
          "d9dcf9f0-5eea-4f60-a872-12436346ab99"
        ],
        "x-ms-routing-request-id": [
          "UKSOUTH2:20181031T125050Z:d9dcf9f0-5eea-4f60-a872-12436346ab99"
        ],
        "Strict-Transport-Security": [
          "max-age=31536000; includeSubDomains"
        ],
        "X-Content-Type-Options": [
          "nosniff"
        ],
        "Cache-Control": [
          "no-cache"
        ],
        "Date": [
          "Wed, 31 Oct 2018 12:50:49 GMT"
        ],
        "Server": [
          "Microsoft-HTTPAPI/2.0"
        ],
        "Content-Length": [
          "108"
        ],
        "Content-Type": [
          "application/json; charset=utf-8"
        ],
        "Expires": [
          "-1"
        ]
      },
      "ResponseBody": "{\r\n  \"name\": \"07d637e9-0567-40ca-a4aa-192bc1fb1ed2\",\r\n  \"status\": \"InProgress\",\r\n  \"startTime\": \"2018-10-31T12:46:47.513Z\"\r\n}",
      "StatusCode": 200
    },
    {
      "RequestUri": "/subscriptions/ee5ea899-0791-418f-9270-77cd8273794b/resourceGroups/ps3518/providers/Microsoft.Sql/locations/westcentralus/managedInstanceAzureAsyncOperation/07d637e9-0567-40ca-a4aa-192bc1fb1ed2?api-version=2015-05-01-preview",
      "EncodedRequestUri": "L3N1YnNjcmlwdGlvbnMvZWU1ZWE4OTktMDc5MS00MThmLTkyNzAtNzdjZDgyNzM3OTRiL3Jlc291cmNlR3JvdXBzL3BzMzUxOC9wcm92aWRlcnMvTWljcm9zb2Z0LlNxbC9sb2NhdGlvbnMvd2VzdGNlbnRyYWx1cy9tYW5hZ2VkSW5zdGFuY2VBenVyZUFzeW5jT3BlcmF0aW9uLzA3ZDYzN2U5LTA1NjctNDBjYS1hNGFhLTE5MmJjMWZiMWVkMj9hcGktdmVyc2lvbj0yMDE1LTA1LTAxLXByZXZpZXc=",
      "RequestMethod": "GET",
      "RequestBody": "",
      "RequestHeaders": {
        "User-Agent": [
          "FxVersion/4.7.3163.0",
          "OSName/WindowsServer2012R2Datacenter",
          "OSVersion/6.3.9600",
          "Microsoft.Azure.Management.Sql.SqlManagementClient/1.18.0.0"
        ]
      },
      "ResponseHeaders": {
        "Pragma": [
          "no-cache"
        ],
        "Retry-After": [
          "60"
        ],
        "x-ms-request-id": [
          "04cbcac9-26e7-43d6-b49b-1532f2ade221"
        ],
        "x-ms-ratelimit-remaining-subscription-reads": [
          "11960"
        ],
        "x-ms-correlation-request-id": [
          "18cd293e-0438-46eb-8650-1df61baa6086"
        ],
        "x-ms-routing-request-id": [
          "UKSOUTH2:20181031T125150Z:18cd293e-0438-46eb-8650-1df61baa6086"
        ],
        "Strict-Transport-Security": [
          "max-age=31536000; includeSubDomains"
        ],
        "X-Content-Type-Options": [
          "nosniff"
        ],
        "Cache-Control": [
          "no-cache"
        ],
        "Date": [
          "Wed, 31 Oct 2018 12:51:49 GMT"
        ],
        "Server": [
          "Microsoft-HTTPAPI/2.0"
        ],
        "Content-Length": [
          "108"
        ],
        "Content-Type": [
          "application/json; charset=utf-8"
        ],
        "Expires": [
          "-1"
        ]
      },
      "ResponseBody": "{\r\n  \"name\": \"07d637e9-0567-40ca-a4aa-192bc1fb1ed2\",\r\n  \"status\": \"InProgress\",\r\n  \"startTime\": \"2018-10-31T12:46:47.513Z\"\r\n}",
      "StatusCode": 200
    },
    {
      "RequestUri": "/subscriptions/ee5ea899-0791-418f-9270-77cd8273794b/resourceGroups/ps3518/providers/Microsoft.Sql/locations/westcentralus/managedInstanceAzureAsyncOperation/07d637e9-0567-40ca-a4aa-192bc1fb1ed2?api-version=2015-05-01-preview",
      "EncodedRequestUri": "L3N1YnNjcmlwdGlvbnMvZWU1ZWE4OTktMDc5MS00MThmLTkyNzAtNzdjZDgyNzM3OTRiL3Jlc291cmNlR3JvdXBzL3BzMzUxOC9wcm92aWRlcnMvTWljcm9zb2Z0LlNxbC9sb2NhdGlvbnMvd2VzdGNlbnRyYWx1cy9tYW5hZ2VkSW5zdGFuY2VBenVyZUFzeW5jT3BlcmF0aW9uLzA3ZDYzN2U5LTA1NjctNDBjYS1hNGFhLTE5MmJjMWZiMWVkMj9hcGktdmVyc2lvbj0yMDE1LTA1LTAxLXByZXZpZXc=",
      "RequestMethod": "GET",
      "RequestBody": "",
      "RequestHeaders": {
        "User-Agent": [
          "FxVersion/4.7.3163.0",
          "OSName/WindowsServer2012R2Datacenter",
          "OSVersion/6.3.9600",
          "Microsoft.Azure.Management.Sql.SqlManagementClient/1.18.0.0"
        ]
      },
      "ResponseHeaders": {
        "Pragma": [
          "no-cache"
        ],
        "Retry-After": [
          "60"
        ],
        "x-ms-request-id": [
          "93df14b7-d99b-4921-9f32-56195350e09d"
        ],
        "x-ms-ratelimit-remaining-subscription-reads": [
          "11959"
        ],
        "x-ms-correlation-request-id": [
          "0339e7ce-1f16-4262-be31-5d037ed9f3f6"
        ],
        "x-ms-routing-request-id": [
          "UKSOUTH2:20181031T125251Z:0339e7ce-1f16-4262-be31-5d037ed9f3f6"
        ],
        "Strict-Transport-Security": [
          "max-age=31536000; includeSubDomains"
        ],
        "X-Content-Type-Options": [
          "nosniff"
        ],
        "Cache-Control": [
          "no-cache"
        ],
        "Date": [
          "Wed, 31 Oct 2018 12:52:50 GMT"
        ],
        "Server": [
          "Microsoft-HTTPAPI/2.0"
        ],
        "Content-Length": [
          "108"
        ],
        "Content-Type": [
          "application/json; charset=utf-8"
        ],
        "Expires": [
          "-1"
        ]
      },
      "ResponseBody": "{\r\n  \"name\": \"07d637e9-0567-40ca-a4aa-192bc1fb1ed2\",\r\n  \"status\": \"InProgress\",\r\n  \"startTime\": \"2018-10-31T12:46:47.513Z\"\r\n}",
      "StatusCode": 200
    },
    {
      "RequestUri": "/subscriptions/ee5ea899-0791-418f-9270-77cd8273794b/resourceGroups/ps3518/providers/Microsoft.Sql/locations/westcentralus/managedInstanceAzureAsyncOperation/07d637e9-0567-40ca-a4aa-192bc1fb1ed2?api-version=2015-05-01-preview",
      "EncodedRequestUri": "L3N1YnNjcmlwdGlvbnMvZWU1ZWE4OTktMDc5MS00MThmLTkyNzAtNzdjZDgyNzM3OTRiL3Jlc291cmNlR3JvdXBzL3BzMzUxOC9wcm92aWRlcnMvTWljcm9zb2Z0LlNxbC9sb2NhdGlvbnMvd2VzdGNlbnRyYWx1cy9tYW5hZ2VkSW5zdGFuY2VBenVyZUFzeW5jT3BlcmF0aW9uLzA3ZDYzN2U5LTA1NjctNDBjYS1hNGFhLTE5MmJjMWZiMWVkMj9hcGktdmVyc2lvbj0yMDE1LTA1LTAxLXByZXZpZXc=",
      "RequestMethod": "GET",
      "RequestBody": "",
      "RequestHeaders": {
        "User-Agent": [
          "FxVersion/4.7.3163.0",
          "OSName/WindowsServer2012R2Datacenter",
          "OSVersion/6.3.9600",
          "Microsoft.Azure.Management.Sql.SqlManagementClient/1.18.0.0"
        ]
      },
      "ResponseHeaders": {
        "Pragma": [
          "no-cache"
        ],
        "Retry-After": [
          "60"
        ],
        "x-ms-request-id": [
          "fe9d64fb-8de0-4c88-a4e2-892df8739761"
        ],
        "x-ms-ratelimit-remaining-subscription-reads": [
          "11958"
        ],
        "x-ms-correlation-request-id": [
          "f7621294-cfda-4b71-8376-ef158c635b07"
        ],
        "x-ms-routing-request-id": [
          "UKSOUTH2:20181031T125351Z:f7621294-cfda-4b71-8376-ef158c635b07"
        ],
        "Strict-Transport-Security": [
          "max-age=31536000; includeSubDomains"
        ],
        "X-Content-Type-Options": [
          "nosniff"
        ],
        "Cache-Control": [
          "no-cache"
        ],
        "Date": [
          "Wed, 31 Oct 2018 12:53:51 GMT"
        ],
        "Server": [
          "Microsoft-HTTPAPI/2.0"
        ],
        "Content-Length": [
          "108"
        ],
        "Content-Type": [
          "application/json; charset=utf-8"
        ],
        "Expires": [
          "-1"
        ]
      },
      "ResponseBody": "{\r\n  \"name\": \"07d637e9-0567-40ca-a4aa-192bc1fb1ed2\",\r\n  \"status\": \"InProgress\",\r\n  \"startTime\": \"2018-10-31T12:46:47.513Z\"\r\n}",
      "StatusCode": 200
    },
    {
      "RequestUri": "/subscriptions/ee5ea899-0791-418f-9270-77cd8273794b/resourceGroups/ps3518/providers/Microsoft.Sql/locations/westcentralus/managedInstanceAzureAsyncOperation/07d637e9-0567-40ca-a4aa-192bc1fb1ed2?api-version=2015-05-01-preview",
      "EncodedRequestUri": "L3N1YnNjcmlwdGlvbnMvZWU1ZWE4OTktMDc5MS00MThmLTkyNzAtNzdjZDgyNzM3OTRiL3Jlc291cmNlR3JvdXBzL3BzMzUxOC9wcm92aWRlcnMvTWljcm9zb2Z0LlNxbC9sb2NhdGlvbnMvd2VzdGNlbnRyYWx1cy9tYW5hZ2VkSW5zdGFuY2VBenVyZUFzeW5jT3BlcmF0aW9uLzA3ZDYzN2U5LTA1NjctNDBjYS1hNGFhLTE5MmJjMWZiMWVkMj9hcGktdmVyc2lvbj0yMDE1LTA1LTAxLXByZXZpZXc=",
      "RequestMethod": "GET",
      "RequestBody": "",
      "RequestHeaders": {
        "User-Agent": [
          "FxVersion/4.7.3163.0",
          "OSName/WindowsServer2012R2Datacenter",
          "OSVersion/6.3.9600",
          "Microsoft.Azure.Management.Sql.SqlManagementClient/1.18.0.0"
        ]
      },
      "ResponseHeaders": {
        "Pragma": [
          "no-cache"
        ],
        "Retry-After": [
          "60"
        ],
        "x-ms-request-id": [
          "21e11581-5244-4702-b333-c68f897f64ca"
        ],
        "x-ms-ratelimit-remaining-subscription-reads": [
          "11957"
        ],
        "x-ms-correlation-request-id": [
          "c25d87da-d694-4e71-bcaf-5789fbd16873"
        ],
        "x-ms-routing-request-id": [
          "UKSOUTH2:20181031T125452Z:c25d87da-d694-4e71-bcaf-5789fbd16873"
        ],
        "Strict-Transport-Security": [
          "max-age=31536000; includeSubDomains"
        ],
        "X-Content-Type-Options": [
          "nosniff"
        ],
        "Cache-Control": [
          "no-cache"
        ],
        "Date": [
          "Wed, 31 Oct 2018 12:54:52 GMT"
        ],
        "Server": [
          "Microsoft-HTTPAPI/2.0"
        ],
        "Content-Length": [
          "108"
        ],
        "Content-Type": [
          "application/json; charset=utf-8"
        ],
        "Expires": [
          "-1"
        ]
      },
      "ResponseBody": "{\r\n  \"name\": \"07d637e9-0567-40ca-a4aa-192bc1fb1ed2\",\r\n  \"status\": \"InProgress\",\r\n  \"startTime\": \"2018-10-31T12:46:47.513Z\"\r\n}",
      "StatusCode": 200
    },
    {
      "RequestUri": "/subscriptions/ee5ea899-0791-418f-9270-77cd8273794b/resourceGroups/ps3518/providers/Microsoft.Sql/locations/westcentralus/managedInstanceAzureAsyncOperation/07d637e9-0567-40ca-a4aa-192bc1fb1ed2?api-version=2015-05-01-preview",
      "EncodedRequestUri": "L3N1YnNjcmlwdGlvbnMvZWU1ZWE4OTktMDc5MS00MThmLTkyNzAtNzdjZDgyNzM3OTRiL3Jlc291cmNlR3JvdXBzL3BzMzUxOC9wcm92aWRlcnMvTWljcm9zb2Z0LlNxbC9sb2NhdGlvbnMvd2VzdGNlbnRyYWx1cy9tYW5hZ2VkSW5zdGFuY2VBenVyZUFzeW5jT3BlcmF0aW9uLzA3ZDYzN2U5LTA1NjctNDBjYS1hNGFhLTE5MmJjMWZiMWVkMj9hcGktdmVyc2lvbj0yMDE1LTA1LTAxLXByZXZpZXc=",
      "RequestMethod": "GET",
      "RequestBody": "",
      "RequestHeaders": {
        "User-Agent": [
          "FxVersion/4.7.3163.0",
          "OSName/WindowsServer2012R2Datacenter",
          "OSVersion/6.3.9600",
          "Microsoft.Azure.Management.Sql.SqlManagementClient/1.18.0.0"
        ]
      },
      "ResponseHeaders": {
        "Pragma": [
          "no-cache"
        ],
        "Retry-After": [
          "60"
        ],
        "x-ms-request-id": [
          "ce9fcab5-52c5-4696-a899-fa968061c008"
        ],
        "x-ms-ratelimit-remaining-subscription-reads": [
          "11961"
        ],
        "x-ms-correlation-request-id": [
          "bae69c71-4e0c-4dc1-a4ac-d3519c374584"
        ],
        "x-ms-routing-request-id": [
          "UKSOUTH2:20181031T125553Z:bae69c71-4e0c-4dc1-a4ac-d3519c374584"
        ],
        "Strict-Transport-Security": [
          "max-age=31536000; includeSubDomains"
        ],
        "X-Content-Type-Options": [
          "nosniff"
        ],
        "Cache-Control": [
          "no-cache"
        ],
        "Date": [
          "Wed, 31 Oct 2018 12:55:52 GMT"
        ],
        "Server": [
          "Microsoft-HTTPAPI/2.0"
        ],
        "Content-Length": [
          "108"
        ],
        "Content-Type": [
          "application/json; charset=utf-8"
        ],
        "Expires": [
          "-1"
        ]
      },
      "ResponseBody": "{\r\n  \"name\": \"07d637e9-0567-40ca-a4aa-192bc1fb1ed2\",\r\n  \"status\": \"InProgress\",\r\n  \"startTime\": \"2018-10-31T12:46:47.513Z\"\r\n}",
      "StatusCode": 200
    },
    {
      "RequestUri": "/subscriptions/ee5ea899-0791-418f-9270-77cd8273794b/resourceGroups/ps3518/providers/Microsoft.Sql/locations/westcentralus/managedInstanceAzureAsyncOperation/07d637e9-0567-40ca-a4aa-192bc1fb1ed2?api-version=2015-05-01-preview",
      "EncodedRequestUri": "L3N1YnNjcmlwdGlvbnMvZWU1ZWE4OTktMDc5MS00MThmLTkyNzAtNzdjZDgyNzM3OTRiL3Jlc291cmNlR3JvdXBzL3BzMzUxOC9wcm92aWRlcnMvTWljcm9zb2Z0LlNxbC9sb2NhdGlvbnMvd2VzdGNlbnRyYWx1cy9tYW5hZ2VkSW5zdGFuY2VBenVyZUFzeW5jT3BlcmF0aW9uLzA3ZDYzN2U5LTA1NjctNDBjYS1hNGFhLTE5MmJjMWZiMWVkMj9hcGktdmVyc2lvbj0yMDE1LTA1LTAxLXByZXZpZXc=",
      "RequestMethod": "GET",
      "RequestBody": "",
      "RequestHeaders": {
        "User-Agent": [
          "FxVersion/4.7.3163.0",
          "OSName/WindowsServer2012R2Datacenter",
          "OSVersion/6.3.9600",
          "Microsoft.Azure.Management.Sql.SqlManagementClient/1.18.0.0"
        ]
      },
      "ResponseHeaders": {
        "Pragma": [
          "no-cache"
        ],
        "Retry-After": [
          "60"
        ],
        "x-ms-request-id": [
          "3d433832-6206-4f89-9b5e-0f05f333df07"
        ],
        "x-ms-ratelimit-remaining-subscription-reads": [
          "11960"
        ],
        "x-ms-correlation-request-id": [
          "8af7b125-253b-4654-98a0-aef3b798e80a"
        ],
        "x-ms-routing-request-id": [
          "UKSOUTH2:20181031T125653Z:8af7b125-253b-4654-98a0-aef3b798e80a"
        ],
        "Strict-Transport-Security": [
          "max-age=31536000; includeSubDomains"
        ],
        "X-Content-Type-Options": [
          "nosniff"
        ],
        "Cache-Control": [
          "no-cache"
        ],
        "Date": [
          "Wed, 31 Oct 2018 12:56:52 GMT"
        ],
        "Server": [
          "Microsoft-HTTPAPI/2.0"
        ],
        "Content-Length": [
          "108"
        ],
        "Content-Type": [
          "application/json; charset=utf-8"
        ],
        "Expires": [
          "-1"
        ]
      },
      "ResponseBody": "{\r\n  \"name\": \"07d637e9-0567-40ca-a4aa-192bc1fb1ed2\",\r\n  \"status\": \"InProgress\",\r\n  \"startTime\": \"2018-10-31T12:46:47.513Z\"\r\n}",
      "StatusCode": 200
    },
    {
      "RequestUri": "/subscriptions/ee5ea899-0791-418f-9270-77cd8273794b/resourceGroups/ps3518/providers/Microsoft.Sql/locations/westcentralus/managedInstanceAzureAsyncOperation/07d637e9-0567-40ca-a4aa-192bc1fb1ed2?api-version=2015-05-01-preview",
      "EncodedRequestUri": "L3N1YnNjcmlwdGlvbnMvZWU1ZWE4OTktMDc5MS00MThmLTkyNzAtNzdjZDgyNzM3OTRiL3Jlc291cmNlR3JvdXBzL3BzMzUxOC9wcm92aWRlcnMvTWljcm9zb2Z0LlNxbC9sb2NhdGlvbnMvd2VzdGNlbnRyYWx1cy9tYW5hZ2VkSW5zdGFuY2VBenVyZUFzeW5jT3BlcmF0aW9uLzA3ZDYzN2U5LTA1NjctNDBjYS1hNGFhLTE5MmJjMWZiMWVkMj9hcGktdmVyc2lvbj0yMDE1LTA1LTAxLXByZXZpZXc=",
      "RequestMethod": "GET",
      "RequestBody": "",
      "RequestHeaders": {
        "User-Agent": [
          "FxVersion/4.7.3163.0",
          "OSName/WindowsServer2012R2Datacenter",
          "OSVersion/6.3.9600",
          "Microsoft.Azure.Management.Sql.SqlManagementClient/1.18.0.0"
        ]
      },
      "ResponseHeaders": {
        "Pragma": [
          "no-cache"
        ],
        "Retry-After": [
          "60"
        ],
        "x-ms-request-id": [
          "3e457b0b-a59c-4962-85cf-87c71b7b5ddd"
        ],
        "x-ms-ratelimit-remaining-subscription-reads": [
          "11959"
        ],
        "x-ms-correlation-request-id": [
          "38ba25f1-9063-43ae-a2d0-c194aeeffcc4"
        ],
        "x-ms-routing-request-id": [
          "UKSOUTH2:20181031T125754Z:38ba25f1-9063-43ae-a2d0-c194aeeffcc4"
        ],
        "Strict-Transport-Security": [
          "max-age=31536000; includeSubDomains"
        ],
        "X-Content-Type-Options": [
          "nosniff"
        ],
        "Cache-Control": [
          "no-cache"
        ],
        "Date": [
          "Wed, 31 Oct 2018 12:57:53 GMT"
        ],
        "Server": [
          "Microsoft-HTTPAPI/2.0"
        ],
        "Content-Length": [
          "108"
        ],
        "Content-Type": [
          "application/json; charset=utf-8"
        ],
        "Expires": [
          "-1"
        ]
      },
      "ResponseBody": "{\r\n  \"name\": \"07d637e9-0567-40ca-a4aa-192bc1fb1ed2\",\r\n  \"status\": \"InProgress\",\r\n  \"startTime\": \"2018-10-31T12:46:47.513Z\"\r\n}",
      "StatusCode": 200
    },
    {
      "RequestUri": "/subscriptions/ee5ea899-0791-418f-9270-77cd8273794b/resourceGroups/ps3518/providers/Microsoft.Sql/locations/westcentralus/managedInstanceAzureAsyncOperation/07d637e9-0567-40ca-a4aa-192bc1fb1ed2?api-version=2015-05-01-preview",
      "EncodedRequestUri": "L3N1YnNjcmlwdGlvbnMvZWU1ZWE4OTktMDc5MS00MThmLTkyNzAtNzdjZDgyNzM3OTRiL3Jlc291cmNlR3JvdXBzL3BzMzUxOC9wcm92aWRlcnMvTWljcm9zb2Z0LlNxbC9sb2NhdGlvbnMvd2VzdGNlbnRyYWx1cy9tYW5hZ2VkSW5zdGFuY2VBenVyZUFzeW5jT3BlcmF0aW9uLzA3ZDYzN2U5LTA1NjctNDBjYS1hNGFhLTE5MmJjMWZiMWVkMj9hcGktdmVyc2lvbj0yMDE1LTA1LTAxLXByZXZpZXc=",
      "RequestMethod": "GET",
      "RequestBody": "",
      "RequestHeaders": {
        "User-Agent": [
          "FxVersion/4.7.3163.0",
          "OSName/WindowsServer2012R2Datacenter",
          "OSVersion/6.3.9600",
          "Microsoft.Azure.Management.Sql.SqlManagementClient/1.18.0.0"
        ]
      },
      "ResponseHeaders": {
        "Pragma": [
          "no-cache"
        ],
        "Retry-After": [
          "60"
        ],
        "x-ms-request-id": [
          "f58e88f9-018b-4ce5-be33-1bfb54094862"
        ],
        "x-ms-ratelimit-remaining-subscription-reads": [
          "11958"
        ],
        "x-ms-correlation-request-id": [
          "06c05541-6e9c-46b2-9e23-d8163f80381c"
        ],
        "x-ms-routing-request-id": [
          "UKSOUTH2:20181031T125854Z:06c05541-6e9c-46b2-9e23-d8163f80381c"
        ],
        "Strict-Transport-Security": [
          "max-age=31536000; includeSubDomains"
        ],
        "X-Content-Type-Options": [
          "nosniff"
        ],
        "Cache-Control": [
          "no-cache"
        ],
        "Date": [
          "Wed, 31 Oct 2018 12:58:54 GMT"
        ],
        "Server": [
          "Microsoft-HTTPAPI/2.0"
        ],
        "Content-Length": [
          "108"
        ],
        "Content-Type": [
          "application/json; charset=utf-8"
        ],
        "Expires": [
          "-1"
        ]
      },
      "ResponseBody": "{\r\n  \"name\": \"07d637e9-0567-40ca-a4aa-192bc1fb1ed2\",\r\n  \"status\": \"InProgress\",\r\n  \"startTime\": \"2018-10-31T12:46:47.513Z\"\r\n}",
      "StatusCode": 200
    },
    {
      "RequestUri": "/subscriptions/ee5ea899-0791-418f-9270-77cd8273794b/resourceGroups/ps3518/providers/Microsoft.Sql/locations/westcentralus/managedInstanceAzureAsyncOperation/07d637e9-0567-40ca-a4aa-192bc1fb1ed2?api-version=2015-05-01-preview",
      "EncodedRequestUri": "L3N1YnNjcmlwdGlvbnMvZWU1ZWE4OTktMDc5MS00MThmLTkyNzAtNzdjZDgyNzM3OTRiL3Jlc291cmNlR3JvdXBzL3BzMzUxOC9wcm92aWRlcnMvTWljcm9zb2Z0LlNxbC9sb2NhdGlvbnMvd2VzdGNlbnRyYWx1cy9tYW5hZ2VkSW5zdGFuY2VBenVyZUFzeW5jT3BlcmF0aW9uLzA3ZDYzN2U5LTA1NjctNDBjYS1hNGFhLTE5MmJjMWZiMWVkMj9hcGktdmVyc2lvbj0yMDE1LTA1LTAxLXByZXZpZXc=",
      "RequestMethod": "GET",
      "RequestBody": "",
      "RequestHeaders": {
        "User-Agent": [
          "FxVersion/4.7.3163.0",
          "OSName/WindowsServer2012R2Datacenter",
          "OSVersion/6.3.9600",
          "Microsoft.Azure.Management.Sql.SqlManagementClient/1.18.0.0"
        ]
      },
      "ResponseHeaders": {
        "Pragma": [
          "no-cache"
        ],
        "Retry-After": [
          "60"
        ],
        "x-ms-request-id": [
          "2dc63cc0-0b1b-42da-9008-ac9aa3e0a57b"
        ],
        "x-ms-ratelimit-remaining-subscription-reads": [
          "11957"
        ],
        "x-ms-correlation-request-id": [
          "0b7b7011-dffe-4db4-a6cb-83f5d6c76154"
        ],
        "x-ms-routing-request-id": [
          "UKSOUTH2:20181031T125955Z:0b7b7011-dffe-4db4-a6cb-83f5d6c76154"
        ],
        "Strict-Transport-Security": [
          "max-age=31536000; includeSubDomains"
        ],
        "X-Content-Type-Options": [
          "nosniff"
        ],
        "Cache-Control": [
          "no-cache"
        ],
        "Date": [
          "Wed, 31 Oct 2018 12:59:55 GMT"
        ],
        "Server": [
          "Microsoft-HTTPAPI/2.0"
        ],
        "Content-Length": [
          "107"
        ],
        "Content-Type": [
          "application/json; charset=utf-8"
        ],
        "Expires": [
          "-1"
        ]
      },
      "ResponseBody": "{\r\n  \"name\": \"07d637e9-0567-40ca-a4aa-192bc1fb1ed2\",\r\n  \"status\": \"Succeeded\",\r\n  \"startTime\": \"2018-10-31T12:46:47.513Z\"\r\n}",
      "StatusCode": 200
    },
    {
      "RequestUri": "/subscriptions/ee5ea899-0791-418f-9270-77cd8273794b/resourceGroups/ps3518/providers/Microsoft.Sql/locations/westcentralus/managedInstanceAzureAsyncOperation/d0bbd265-bf2c-45ae-b342-537287319fcd?api-version=2015-05-01-preview",
      "EncodedRequestUri": "L3N1YnNjcmlwdGlvbnMvZWU1ZWE4OTktMDc5MS00MThmLTkyNzAtNzdjZDgyNzM3OTRiL3Jlc291cmNlR3JvdXBzL3BzMzUxOC9wcm92aWRlcnMvTWljcm9zb2Z0LlNxbC9sb2NhdGlvbnMvd2VzdGNlbnRyYWx1cy9tYW5hZ2VkSW5zdGFuY2VBenVyZUFzeW5jT3BlcmF0aW9uL2QwYmJkMjY1LWJmMmMtNDVhZS1iMzQyLTUzNzI4NzMxOWZjZD9hcGktdmVyc2lvbj0yMDE1LTA1LTAxLXByZXZpZXc=",
      "RequestMethod": "GET",
      "RequestBody": "",
      "RequestHeaders": {
        "User-Agent": [
          "FxVersion/4.7.3163.0",
          "OSName/WindowsServer2012R2Datacenter",
          "OSVersion/6.3.9600",
          "Microsoft.Azure.Management.Sql.SqlManagementClient/1.18.0.0"
        ]
      },
      "ResponseHeaders": {
        "Pragma": [
          "no-cache"
        ],
        "Retry-After": [
          "60"
        ],
        "x-ms-request-id": [
          "45396522-2dd9-47d8-9ad7-6434465bc674"
        ],
        "x-ms-ratelimit-remaining-subscription-reads": [
          "11958"
        ],
        "x-ms-correlation-request-id": [
          "f3e77e3e-b17c-4a03-8841-7e1962c8d13e"
        ],
        "x-ms-routing-request-id": [
          "UKSOUTH2:20181031T130057Z:f3e77e3e-b17c-4a03-8841-7e1962c8d13e"
        ],
        "Strict-Transport-Security": [
          "max-age=31536000; includeSubDomains"
        ],
        "X-Content-Type-Options": [
          "nosniff"
        ],
        "Cache-Control": [
          "no-cache"
        ],
        "Date": [
          "Wed, 31 Oct 2018 13:00:56 GMT"
        ],
        "Server": [
          "Microsoft-HTTPAPI/2.0"
        ],
        "Content-Length": [
          "108"
        ],
        "Content-Type": [
          "application/json; charset=utf-8"
        ],
        "Expires": [
          "-1"
        ]
      },
      "ResponseBody": "{\r\n  \"name\": \"d0bbd265-bf2c-45ae-b342-537287319fcd\",\r\n  \"status\": \"InProgress\",\r\n  \"startTime\": \"2018-10-31T12:59:56.587Z\"\r\n}",
      "StatusCode": 200
    },
    {
      "RequestUri": "/subscriptions/ee5ea899-0791-418f-9270-77cd8273794b/resourceGroups/ps3518/providers/Microsoft.Sql/locations/westcentralus/managedInstanceAzureAsyncOperation/d0bbd265-bf2c-45ae-b342-537287319fcd?api-version=2015-05-01-preview",
      "EncodedRequestUri": "L3N1YnNjcmlwdGlvbnMvZWU1ZWE4OTktMDc5MS00MThmLTkyNzAtNzdjZDgyNzM3OTRiL3Jlc291cmNlR3JvdXBzL3BzMzUxOC9wcm92aWRlcnMvTWljcm9zb2Z0LlNxbC9sb2NhdGlvbnMvd2VzdGNlbnRyYWx1cy9tYW5hZ2VkSW5zdGFuY2VBenVyZUFzeW5jT3BlcmF0aW9uL2QwYmJkMjY1LWJmMmMtNDVhZS1iMzQyLTUzNzI4NzMxOWZjZD9hcGktdmVyc2lvbj0yMDE1LTA1LTAxLXByZXZpZXc=",
      "RequestMethod": "GET",
      "RequestBody": "",
      "RequestHeaders": {
        "User-Agent": [
          "FxVersion/4.7.3163.0",
          "OSName/WindowsServer2012R2Datacenter",
          "OSVersion/6.3.9600",
          "Microsoft.Azure.Management.Sql.SqlManagementClient/1.18.0.0"
        ]
      },
      "ResponseHeaders": {
        "Pragma": [
          "no-cache"
        ],
        "Retry-After": [
          "60"
        ],
        "x-ms-request-id": [
          "981529ff-66fb-49f0-86c5-e2ab0525edf3"
        ],
        "x-ms-ratelimit-remaining-subscription-reads": [
          "11957"
        ],
        "x-ms-correlation-request-id": [
          "f286f0d6-ede3-42e8-8cb0-4e396e70fc0e"
        ],
        "x-ms-routing-request-id": [
          "UKSOUTH2:20181031T130157Z:f286f0d6-ede3-42e8-8cb0-4e396e70fc0e"
        ],
        "Strict-Transport-Security": [
          "max-age=31536000; includeSubDomains"
        ],
        "X-Content-Type-Options": [
          "nosniff"
        ],
        "Cache-Control": [
          "no-cache"
        ],
        "Date": [
          "Wed, 31 Oct 2018 13:01:57 GMT"
        ],
        "Server": [
          "Microsoft-HTTPAPI/2.0"
        ],
        "Content-Length": [
          "108"
        ],
        "Content-Type": [
          "application/json; charset=utf-8"
        ],
        "Expires": [
          "-1"
        ]
      },
      "ResponseBody": "{\r\n  \"name\": \"d0bbd265-bf2c-45ae-b342-537287319fcd\",\r\n  \"status\": \"InProgress\",\r\n  \"startTime\": \"2018-10-31T12:59:56.587Z\"\r\n}",
      "StatusCode": 200
    },
    {
      "RequestUri": "/subscriptions/ee5ea899-0791-418f-9270-77cd8273794b/resourceGroups/ps3518/providers/Microsoft.Sql/locations/westcentralus/managedInstanceAzureAsyncOperation/d0bbd265-bf2c-45ae-b342-537287319fcd?api-version=2015-05-01-preview",
      "EncodedRequestUri": "L3N1YnNjcmlwdGlvbnMvZWU1ZWE4OTktMDc5MS00MThmLTkyNzAtNzdjZDgyNzM3OTRiL3Jlc291cmNlR3JvdXBzL3BzMzUxOC9wcm92aWRlcnMvTWljcm9zb2Z0LlNxbC9sb2NhdGlvbnMvd2VzdGNlbnRyYWx1cy9tYW5hZ2VkSW5zdGFuY2VBenVyZUFzeW5jT3BlcmF0aW9uL2QwYmJkMjY1LWJmMmMtNDVhZS1iMzQyLTUzNzI4NzMxOWZjZD9hcGktdmVyc2lvbj0yMDE1LTA1LTAxLXByZXZpZXc=",
      "RequestMethod": "GET",
      "RequestBody": "",
      "RequestHeaders": {
        "User-Agent": [
          "FxVersion/4.7.3163.0",
          "OSName/WindowsServer2012R2Datacenter",
          "OSVersion/6.3.9600",
          "Microsoft.Azure.Management.Sql.SqlManagementClient/1.18.0.0"
        ]
      },
      "ResponseHeaders": {
        "Pragma": [
          "no-cache"
        ],
        "Retry-After": [
          "60"
        ],
        "x-ms-request-id": [
          "154d4870-a346-42bb-baa4-97b3db72a966"
        ],
        "x-ms-ratelimit-remaining-subscription-reads": [
          "11956"
        ],
        "x-ms-correlation-request-id": [
          "f61f7fc1-2cc7-4266-94b6-a04d19884d20"
        ],
        "x-ms-routing-request-id": [
          "UKSOUTH2:20181031T130258Z:f61f7fc1-2cc7-4266-94b6-a04d19884d20"
        ],
        "Strict-Transport-Security": [
          "max-age=31536000; includeSubDomains"
        ],
        "X-Content-Type-Options": [
          "nosniff"
        ],
        "Cache-Control": [
          "no-cache"
        ],
        "Date": [
          "Wed, 31 Oct 2018 13:02:58 GMT"
        ],
        "Server": [
          "Microsoft-HTTPAPI/2.0"
        ],
        "Content-Length": [
          "107"
        ],
        "Content-Type": [
          "application/json; charset=utf-8"
        ],
        "Expires": [
          "-1"
        ]
      },
      "ResponseBody": "{\r\n  \"name\": \"d0bbd265-bf2c-45ae-b342-537287319fcd\",\r\n  \"status\": \"Succeeded\",\r\n  \"startTime\": \"2018-10-31T12:59:56.587Z\"\r\n}",
      "StatusCode": 200
    },
    {
      "RequestUri": "/subscriptions/ee5ea899-0791-418f-9270-77cd8273794b/resourceGroups/ps3518/providers/Microsoft.Sql/locations/westcentralus/managedInstanceAzureAsyncOperation/37230d34-ba1b-49ad-bcec-b9ab8a9067aa?api-version=2015-05-01-preview",
      "EncodedRequestUri": "L3N1YnNjcmlwdGlvbnMvZWU1ZWE4OTktMDc5MS00MThmLTkyNzAtNzdjZDgyNzM3OTRiL3Jlc291cmNlR3JvdXBzL3BzMzUxOC9wcm92aWRlcnMvTWljcm9zb2Z0LlNxbC9sb2NhdGlvbnMvd2VzdGNlbnRyYWx1cy9tYW5hZ2VkSW5zdGFuY2VBenVyZUFzeW5jT3BlcmF0aW9uLzM3MjMwZDM0LWJhMWItNDlhZC1iY2VjLWI5YWI4YTkwNjdhYT9hcGktdmVyc2lvbj0yMDE1LTA1LTAxLXByZXZpZXc=",
      "RequestMethod": "GET",
      "RequestBody": "",
      "RequestHeaders": {
        "User-Agent": [
          "FxVersion/4.7.3163.0",
          "OSName/WindowsServer2012R2Datacenter",
          "OSVersion/6.3.9600",
          "Microsoft.Azure.Management.Sql.SqlManagementClient/1.18.0.0"
        ]
      },
      "ResponseHeaders": {
        "Pragma": [
          "no-cache"
        ],
        "Retry-After": [
          "60"
        ],
        "x-ms-request-id": [
          "34dbb36f-2515-4011-814e-13ea4903ecb4"
        ],
        "x-ms-ratelimit-remaining-subscription-reads": [
          "11952"
        ],
        "x-ms-correlation-request-id": [
          "a6f4c86a-6725-4ea3-8158-856565863c1e"
        ],
        "x-ms-routing-request-id": [
          "UKSOUTH2:20181031T130400Z:a6f4c86a-6725-4ea3-8158-856565863c1e"
        ],
        "Strict-Transport-Security": [
          "max-age=31536000; includeSubDomains"
        ],
        "X-Content-Type-Options": [
          "nosniff"
        ],
        "Cache-Control": [
          "no-cache"
        ],
        "Date": [
          "Wed, 31 Oct 2018 13:04:00 GMT"
        ],
        "Server": [
          "Microsoft-HTTPAPI/2.0"
        ],
        "Content-Length": [
          "108"
        ],
        "Content-Type": [
          "application/json; charset=utf-8"
        ],
        "Expires": [
          "-1"
        ]
      },
      "ResponseBody": "{\r\n  \"name\": \"37230d34-ba1b-49ad-bcec-b9ab8a9067aa\",\r\n  \"status\": \"InProgress\",\r\n  \"startTime\": \"2018-10-31T13:02:59.373Z\"\r\n}",
      "StatusCode": 200
    },
    {
      "RequestUri": "/subscriptions/ee5ea899-0791-418f-9270-77cd8273794b/resourceGroups/ps3518/providers/Microsoft.Sql/locations/westcentralus/managedInstanceAzureAsyncOperation/37230d34-ba1b-49ad-bcec-b9ab8a9067aa?api-version=2015-05-01-preview",
      "EncodedRequestUri": "L3N1YnNjcmlwdGlvbnMvZWU1ZWE4OTktMDc5MS00MThmLTkyNzAtNzdjZDgyNzM3OTRiL3Jlc291cmNlR3JvdXBzL3BzMzUxOC9wcm92aWRlcnMvTWljcm9zb2Z0LlNxbC9sb2NhdGlvbnMvd2VzdGNlbnRyYWx1cy9tYW5hZ2VkSW5zdGFuY2VBenVyZUFzeW5jT3BlcmF0aW9uLzM3MjMwZDM0LWJhMWItNDlhZC1iY2VjLWI5YWI4YTkwNjdhYT9hcGktdmVyc2lvbj0yMDE1LTA1LTAxLXByZXZpZXc=",
      "RequestMethod": "GET",
      "RequestBody": "",
      "RequestHeaders": {
        "User-Agent": [
          "FxVersion/4.7.3163.0",
          "OSName/WindowsServer2012R2Datacenter",
          "OSVersion/6.3.9600",
          "Microsoft.Azure.Management.Sql.SqlManagementClient/1.18.0.0"
        ]
      },
      "ResponseHeaders": {
        "Pragma": [
          "no-cache"
        ],
        "Retry-After": [
          "60"
        ],
        "x-ms-request-id": [
          "6a7e4422-ddab-4eed-8bb1-01cae2c35848"
        ],
        "x-ms-ratelimit-remaining-subscription-reads": [
          "11956"
        ],
        "x-ms-correlation-request-id": [
          "137964f2-dd58-40c0-a97c-ccaba71cdf5b"
        ],
        "x-ms-routing-request-id": [
          "UKSOUTH2:20181031T130500Z:137964f2-dd58-40c0-a97c-ccaba71cdf5b"
        ],
        "Strict-Transport-Security": [
          "max-age=31536000; includeSubDomains"
        ],
        "X-Content-Type-Options": [
          "nosniff"
        ],
        "Cache-Control": [
          "no-cache"
        ],
        "Date": [
          "Wed, 31 Oct 2018 13:05:00 GMT"
        ],
        "Server": [
          "Microsoft-HTTPAPI/2.0"
        ],
        "Content-Length": [
          "108"
        ],
        "Content-Type": [
          "application/json; charset=utf-8"
        ],
        "Expires": [
          "-1"
        ]
      },
      "ResponseBody": "{\r\n  \"name\": \"37230d34-ba1b-49ad-bcec-b9ab8a9067aa\",\r\n  \"status\": \"InProgress\",\r\n  \"startTime\": \"2018-10-31T13:02:59.373Z\"\r\n}",
      "StatusCode": 200
    },
    {
      "RequestUri": "/subscriptions/ee5ea899-0791-418f-9270-77cd8273794b/resourceGroups/ps3518/providers/Microsoft.Sql/locations/westcentralus/managedInstanceAzureAsyncOperation/37230d34-ba1b-49ad-bcec-b9ab8a9067aa?api-version=2015-05-01-preview",
      "EncodedRequestUri": "L3N1YnNjcmlwdGlvbnMvZWU1ZWE4OTktMDc5MS00MThmLTkyNzAtNzdjZDgyNzM3OTRiL3Jlc291cmNlR3JvdXBzL3BzMzUxOC9wcm92aWRlcnMvTWljcm9zb2Z0LlNxbC9sb2NhdGlvbnMvd2VzdGNlbnRyYWx1cy9tYW5hZ2VkSW5zdGFuY2VBenVyZUFzeW5jT3BlcmF0aW9uLzM3MjMwZDM0LWJhMWItNDlhZC1iY2VjLWI5YWI4YTkwNjdhYT9hcGktdmVyc2lvbj0yMDE1LTA1LTAxLXByZXZpZXc=",
      "RequestMethod": "GET",
      "RequestBody": "",
      "RequestHeaders": {
        "User-Agent": [
          "FxVersion/4.7.3163.0",
          "OSName/WindowsServer2012R2Datacenter",
          "OSVersion/6.3.9600",
          "Microsoft.Azure.Management.Sql.SqlManagementClient/1.18.0.0"
        ]
      },
      "ResponseHeaders": {
        "Pragma": [
          "no-cache"
        ],
        "Retry-After": [
          "60"
        ],
        "x-ms-request-id": [
          "d1a517a7-2ba7-40d3-9361-b99e368e16a2"
        ],
        "x-ms-ratelimit-remaining-subscription-reads": [
          "11955"
        ],
        "x-ms-correlation-request-id": [
          "2bad18e2-9b6c-4255-9a39-487ff7704c3e"
        ],
        "x-ms-routing-request-id": [
          "UKSOUTH2:20181031T130600Z:2bad18e2-9b6c-4255-9a39-487ff7704c3e"
        ],
        "Strict-Transport-Security": [
          "max-age=31536000; includeSubDomains"
        ],
        "X-Content-Type-Options": [
          "nosniff"
        ],
        "Cache-Control": [
          "no-cache"
        ],
        "Date": [
          "Wed, 31 Oct 2018 13:05:59 GMT"
        ],
        "Server": [
          "Microsoft-HTTPAPI/2.0"
        ],
        "Content-Length": [
          "107"
        ],
        "Content-Type": [
          "application/json; charset=utf-8"
        ],
        "Expires": [
          "-1"
        ]
      },
      "ResponseBody": "{\r\n  \"name\": \"37230d34-ba1b-49ad-bcec-b9ab8a9067aa\",\r\n  \"status\": \"Succeeded\",\r\n  \"startTime\": \"2018-10-31T13:02:59.373Z\"\r\n}",
      "StatusCode": 200
    },
    {
      "RequestUri": "/subscriptions/ee5ea899-0791-418f-9270-77cd8273794b/resourceGroups/ps3518/providers/Microsoft.Sql/locations/westcentralus/managedInstanceAzureAsyncOperation/edd7b0a2-ce03-4bd6-9b5e-da270b145e6c?api-version=2015-05-01-preview",
      "EncodedRequestUri": "L3N1YnNjcmlwdGlvbnMvZWU1ZWE4OTktMDc5MS00MThmLTkyNzAtNzdjZDgyNzM3OTRiL3Jlc291cmNlR3JvdXBzL3BzMzUxOC9wcm92aWRlcnMvTWljcm9zb2Z0LlNxbC9sb2NhdGlvbnMvd2VzdGNlbnRyYWx1cy9tYW5hZ2VkSW5zdGFuY2VBenVyZUFzeW5jT3BlcmF0aW9uL2VkZDdiMGEyLWNlMDMtNGJkNi05YjVlLWRhMjcwYjE0NWU2Yz9hcGktdmVyc2lvbj0yMDE1LTA1LTAxLXByZXZpZXc=",
      "RequestMethod": "GET",
      "RequestBody": "",
      "RequestHeaders": {
        "User-Agent": [
          "FxVersion/4.7.3163.0",
          "OSName/WindowsServer2012R2Datacenter",
          "OSVersion/6.3.9600",
          "Microsoft.Azure.Management.Sql.SqlManagementClient/1.18.0.0"
        ]
      },
      "ResponseHeaders": {
        "Pragma": [
          "no-cache"
        ],
        "Retry-After": [
          "60"
        ],
        "x-ms-request-id": [
          "3d7c5c99-f974-4384-9882-253abd412388"
        ],
        "x-ms-ratelimit-remaining-subscription-reads": [
          "11951"
        ],
        "x-ms-correlation-request-id": [
          "ba3484f9-5416-45f7-832c-7aee02d17278"
        ],
        "x-ms-routing-request-id": [
          "UKSOUTH2:20181031T130702Z:ba3484f9-5416-45f7-832c-7aee02d17278"
        ],
        "Strict-Transport-Security": [
          "max-age=31536000; includeSubDomains"
        ],
        "X-Content-Type-Options": [
          "nosniff"
        ],
        "Cache-Control": [
          "no-cache"
        ],
        "Date": [
          "Wed, 31 Oct 2018 13:07:02 GMT"
        ],
        "Server": [
          "Microsoft-HTTPAPI/2.0"
        ],
        "Content-Length": [
          "107"
        ],
        "Content-Type": [
          "application/json; charset=utf-8"
        ],
        "Expires": [
          "-1"
        ]
      },
      "ResponseBody": "{\r\n  \"name\": \"edd7b0a2-ce03-4bd6-9b5e-da270b145e6c\",\r\n  \"status\": \"InProgress\",\r\n  \"startTime\": \"2018-10-31T13:06:02.28Z\"\r\n}",
      "StatusCode": 200
    },
    {
      "RequestUri": "/subscriptions/ee5ea899-0791-418f-9270-77cd8273794b/resourceGroups/ps3518/providers/Microsoft.Sql/locations/westcentralus/managedInstanceAzureAsyncOperation/edd7b0a2-ce03-4bd6-9b5e-da270b145e6c?api-version=2015-05-01-preview",
      "EncodedRequestUri": "L3N1YnNjcmlwdGlvbnMvZWU1ZWE4OTktMDc5MS00MThmLTkyNzAtNzdjZDgyNzM3OTRiL3Jlc291cmNlR3JvdXBzL3BzMzUxOC9wcm92aWRlcnMvTWljcm9zb2Z0LlNxbC9sb2NhdGlvbnMvd2VzdGNlbnRyYWx1cy9tYW5hZ2VkSW5zdGFuY2VBenVyZUFzeW5jT3BlcmF0aW9uL2VkZDdiMGEyLWNlMDMtNGJkNi05YjVlLWRhMjcwYjE0NWU2Yz9hcGktdmVyc2lvbj0yMDE1LTA1LTAxLXByZXZpZXc=",
      "RequestMethod": "GET",
      "RequestBody": "",
      "RequestHeaders": {
        "User-Agent": [
          "FxVersion/4.7.3163.0",
          "OSName/WindowsServer2012R2Datacenter",
          "OSVersion/6.3.9600",
          "Microsoft.Azure.Management.Sql.SqlManagementClient/1.18.0.0"
        ]
      },
      "ResponseHeaders": {
        "Pragma": [
          "no-cache"
        ],
        "Retry-After": [
          "60"
        ],
        "x-ms-request-id": [
          "3a2ec287-1b25-4b50-a3f2-93fccbe2c0bc"
        ],
        "x-ms-ratelimit-remaining-subscription-reads": [
          "11950"
        ],
        "x-ms-correlation-request-id": [
          "9114469f-e0a1-4334-85d1-4724a267e1ea"
        ],
        "x-ms-routing-request-id": [
          "UKSOUTH2:20181031T130803Z:9114469f-e0a1-4334-85d1-4724a267e1ea"
        ],
        "Strict-Transport-Security": [
          "max-age=31536000; includeSubDomains"
        ],
        "X-Content-Type-Options": [
          "nosniff"
        ],
        "Cache-Control": [
          "no-cache"
        ],
        "Date": [
          "Wed, 31 Oct 2018 13:08:03 GMT"
        ],
        "Server": [
          "Microsoft-HTTPAPI/2.0"
        ],
        "Content-Length": [
          "107"
        ],
        "Content-Type": [
          "application/json; charset=utf-8"
        ],
        "Expires": [
          "-1"
        ]
      },
      "ResponseBody": "{\r\n  \"name\": \"edd7b0a2-ce03-4bd6-9b5e-da270b145e6c\",\r\n  \"status\": \"InProgress\",\r\n  \"startTime\": \"2018-10-31T13:06:02.28Z\"\r\n}",
      "StatusCode": 200
    },
    {
      "RequestUri": "/subscriptions/ee5ea899-0791-418f-9270-77cd8273794b/resourceGroups/ps3518/providers/Microsoft.Sql/locations/westcentralus/managedInstanceAzureAsyncOperation/edd7b0a2-ce03-4bd6-9b5e-da270b145e6c?api-version=2015-05-01-preview",
      "EncodedRequestUri": "L3N1YnNjcmlwdGlvbnMvZWU1ZWE4OTktMDc5MS00MThmLTkyNzAtNzdjZDgyNzM3OTRiL3Jlc291cmNlR3JvdXBzL3BzMzUxOC9wcm92aWRlcnMvTWljcm9zb2Z0LlNxbC9sb2NhdGlvbnMvd2VzdGNlbnRyYWx1cy9tYW5hZ2VkSW5zdGFuY2VBenVyZUFzeW5jT3BlcmF0aW9uL2VkZDdiMGEyLWNlMDMtNGJkNi05YjVlLWRhMjcwYjE0NWU2Yz9hcGktdmVyc2lvbj0yMDE1LTA1LTAxLXByZXZpZXc=",
      "RequestMethod": "GET",
      "RequestBody": "",
      "RequestHeaders": {
        "User-Agent": [
          "FxVersion/4.7.3163.0",
          "OSName/WindowsServer2012R2Datacenter",
          "OSVersion/6.3.9600",
          "Microsoft.Azure.Management.Sql.SqlManagementClient/1.18.0.0"
        ]
      },
      "ResponseHeaders": {
        "Pragma": [
          "no-cache"
        ],
        "Retry-After": [
          "60"
        ],
        "x-ms-request-id": [
          "18a1670b-018e-40ca-b908-4b65d1601b25"
        ],
        "x-ms-ratelimit-remaining-subscription-reads": [
          "11949"
        ],
        "x-ms-correlation-request-id": [
          "a039875c-3f5e-4c81-b4e1-17bd1a8b5ee2"
        ],
        "x-ms-routing-request-id": [
          "UKSOUTH2:20181031T130904Z:a039875c-3f5e-4c81-b4e1-17bd1a8b5ee2"
        ],
        "Strict-Transport-Security": [
          "max-age=31536000; includeSubDomains"
        ],
        "X-Content-Type-Options": [
          "nosniff"
        ],
        "Cache-Control": [
          "no-cache"
        ],
        "Date": [
          "Wed, 31 Oct 2018 13:09:03 GMT"
        ],
        "Server": [
          "Microsoft-HTTPAPI/2.0"
        ],
        "Content-Length": [
          "106"
        ],
        "Content-Type": [
          "application/json; charset=utf-8"
        ],
        "Expires": [
          "-1"
        ]
      },
      "ResponseBody": "{\r\n  \"name\": \"edd7b0a2-ce03-4bd6-9b5e-da270b145e6c\",\r\n  \"status\": \"Succeeded\",\r\n  \"startTime\": \"2018-10-31T13:06:02.28Z\"\r\n}",
      "StatusCode": 200
    },
    {
      "RequestUri": "/subscriptions/ee5ea899-0791-418f-9270-77cd8273794b/resourcegroups/ps3518?api-version=2016-09-01",
      "EncodedRequestUri": "L3N1YnNjcmlwdGlvbnMvZWU1ZWE4OTktMDc5MS00MThmLTkyNzAtNzdjZDgyNzM3OTRiL3Jlc291cmNlZ3JvdXBzL3BzMzUxOD9hcGktdmVyc2lvbj0yMDE2LTA5LTAx",
      "RequestMethod": "DELETE",
      "RequestBody": "",
      "RequestHeaders": {
        "x-ms-client-request-id": [
          "3065647b-95db-49b7-88d2-d0ad7a22b9f1"
        ],
        "accept-language": [
          "en-US"
        ],
        "User-Agent": [
          "FxVersion/4.7.3163.0",
          "OSName/WindowsServer2012R2Datacenter",
          "OSVersion/6.3.9600",
          "Microsoft.Azure.Management.Internal.Resources.ResourceManagementClient/4.1.0"
        ]
      },
      "ResponseHeaders": {
        "Pragma": [
          "no-cache"
        ],
        "Retry-After": [
          "15"
        ],
        "x-ms-ratelimit-remaining-subscription-deletes": [
          "14999"
        ],
        "x-ms-request-id": [
          "aeb9082e-6ec2-48bd-9e70-9d0349b1fa49"
        ],
        "x-ms-correlation-request-id": [
          "aeb9082e-6ec2-48bd-9e70-9d0349b1fa49"
        ],
        "x-ms-routing-request-id": [
          "UKSOUTH2:20181031T130906Z:aeb9082e-6ec2-48bd-9e70-9d0349b1fa49"
        ],
        "Strict-Transport-Security": [
          "max-age=31536000; includeSubDomains"
        ],
        "X-Content-Type-Options": [
          "nosniff"
        ],
        "Cache-Control": [
          "no-cache"
        ],
        "Date": [
          "Wed, 31 Oct 2018 13:09:06 GMT"
        ],
        "Location": [
          "https://management.azure.com/subscriptions/ee5ea899-0791-418f-9270-77cd8273794b/operationresults/eyJqb2JJZCI6IlJFU09VUkNFR1JPVVBERUxFVElPTkpPQi1QUzM1MTgtV0VTVENFTlRSQUxVUyIsImpvYkxvY2F0aW9uIjoid2VzdGNlbnRyYWx1cyJ9?api-version=2016-09-01"
        ],
        "Content-Length": [
          "0"
        ],
        "Expires": [
          "-1"
        ]
      },
      "ResponseBody": "",
      "StatusCode": 202
    },
    {
      "RequestUri": "/subscriptions/ee5ea899-0791-418f-9270-77cd8273794b/operationresults/eyJqb2JJZCI6IlJFU09VUkNFR1JPVVBERUxFVElPTkpPQi1QUzM1MTgtV0VTVENFTlRSQUxVUyIsImpvYkxvY2F0aW9uIjoid2VzdGNlbnRyYWx1cyJ9?api-version=2016-09-01",
      "EncodedRequestUri": "L3N1YnNjcmlwdGlvbnMvZWU1ZWE4OTktMDc5MS00MThmLTkyNzAtNzdjZDgyNzM3OTRiL29wZXJhdGlvbnJlc3VsdHMvZXlKcWIySkpaQ0k2SWxKRlUwOVZVa05GUjFKUFZWQkVSVXhGVkVsUFRrcFBRaTFRVXpNMU1UZ3RWMFZUVkVORlRsUlNRVXhWVXlJc0ltcHZZa3h2WTJGMGFXOXVJam9pZDJWemRHTmxiblJ5WVd4MWN5Sjk/YXBpLXZlcnNpb249MjAxNi0wOS0wMQ==",
      "RequestMethod": "GET",
      "RequestBody": "",
      "RequestHeaders": {
        "User-Agent": [
          "FxVersion/4.7.3163.0",
          "OSName/WindowsServer2012R2Datacenter",
          "OSVersion/6.3.9600",
          "Microsoft.Azure.Management.Internal.Resources.ResourceManagementClient/4.1.0"
        ]
      },
      "ResponseHeaders": {
        "Pragma": [
          "no-cache"
        ],
        "Retry-After": [
          "15"
        ],
        "x-ms-ratelimit-remaining-subscription-reads": [
          "11999"
        ],
        "x-ms-request-id": [
          "9e5e4245-6ecb-4715-a567-fc0e98a4de2b"
        ],
        "x-ms-correlation-request-id": [
          "9e5e4245-6ecb-4715-a567-fc0e98a4de2b"
        ],
        "x-ms-routing-request-id": [
          "UKSOUTH2:20181031T130922Z:9e5e4245-6ecb-4715-a567-fc0e98a4de2b"
        ],
        "Strict-Transport-Security": [
          "max-age=31536000; includeSubDomains"
        ],
        "X-Content-Type-Options": [
          "nosniff"
        ],
        "Cache-Control": [
          "no-cache"
        ],
        "Date": [
          "Wed, 31 Oct 2018 13:09:22 GMT"
        ],
        "Location": [
          "https://management.azure.com/subscriptions/ee5ea899-0791-418f-9270-77cd8273794b/operationresults/eyJqb2JJZCI6IlJFU09VUkNFR1JPVVBERUxFVElPTkpPQi1QUzM1MTgtV0VTVENFTlRSQUxVUyIsImpvYkxvY2F0aW9uIjoid2VzdGNlbnRyYWx1cyJ9?api-version=2016-09-01"
        ],
        "Content-Length": [
          "0"
        ],
        "Expires": [
          "-1"
        ]
      },
      "ResponseBody": "",
      "StatusCode": 202
    },
    {
      "RequestUri": "/subscriptions/ee5ea899-0791-418f-9270-77cd8273794b/operationresults/eyJqb2JJZCI6IlJFU09VUkNFR1JPVVBERUxFVElPTkpPQi1QUzM1MTgtV0VTVENFTlRSQUxVUyIsImpvYkxvY2F0aW9uIjoid2VzdGNlbnRyYWx1cyJ9?api-version=2016-09-01",
      "EncodedRequestUri": "L3N1YnNjcmlwdGlvbnMvZWU1ZWE4OTktMDc5MS00MThmLTkyNzAtNzdjZDgyNzM3OTRiL29wZXJhdGlvbnJlc3VsdHMvZXlKcWIySkpaQ0k2SWxKRlUwOVZVa05GUjFKUFZWQkVSVXhGVkVsUFRrcFBRaTFRVXpNMU1UZ3RWMFZUVkVORlRsUlNRVXhWVXlJc0ltcHZZa3h2WTJGMGFXOXVJam9pZDJWemRHTmxiblJ5WVd4MWN5Sjk/YXBpLXZlcnNpb249MjAxNi0wOS0wMQ==",
      "RequestMethod": "GET",
      "RequestBody": "",
      "RequestHeaders": {
        "User-Agent": [
          "FxVersion/4.7.3163.0",
          "OSName/WindowsServer2012R2Datacenter",
          "OSVersion/6.3.9600",
          "Microsoft.Azure.Management.Internal.Resources.ResourceManagementClient/4.1.0"
        ]
      },
      "ResponseHeaders": {
        "Pragma": [
          "no-cache"
        ],
        "Retry-After": [
          "15"
        ],
        "x-ms-ratelimit-remaining-subscription-reads": [
          "11998"
        ],
        "x-ms-request-id": [
          "f222bf29-c5da-442d-b3dd-20d08f7476f6"
        ],
        "x-ms-correlation-request-id": [
          "f222bf29-c5da-442d-b3dd-20d08f7476f6"
        ],
        "x-ms-routing-request-id": [
          "UKSOUTH2:20181031T130937Z:f222bf29-c5da-442d-b3dd-20d08f7476f6"
        ],
        "Strict-Transport-Security": [
          "max-age=31536000; includeSubDomains"
        ],
        "X-Content-Type-Options": [
          "nosniff"
        ],
        "Cache-Control": [
          "no-cache"
        ],
        "Date": [
          "Wed, 31 Oct 2018 13:09:36 GMT"
        ],
        "Location": [
          "https://management.azure.com/subscriptions/ee5ea899-0791-418f-9270-77cd8273794b/operationresults/eyJqb2JJZCI6IlJFU09VUkNFR1JPVVBERUxFVElPTkpPQi1QUzM1MTgtV0VTVENFTlRSQUxVUyIsImpvYkxvY2F0aW9uIjoid2VzdGNlbnRyYWx1cyJ9?api-version=2016-09-01"
        ],
        "Content-Length": [
          "0"
        ],
        "Expires": [
          "-1"
        ]
      },
      "ResponseBody": "",
      "StatusCode": 202
    },
    {
      "RequestUri": "/subscriptions/ee5ea899-0791-418f-9270-77cd8273794b/operationresults/eyJqb2JJZCI6IlJFU09VUkNFR1JPVVBERUxFVElPTkpPQi1QUzM1MTgtV0VTVENFTlRSQUxVUyIsImpvYkxvY2F0aW9uIjoid2VzdGNlbnRyYWx1cyJ9?api-version=2016-09-01",
      "EncodedRequestUri": "L3N1YnNjcmlwdGlvbnMvZWU1ZWE4OTktMDc5MS00MThmLTkyNzAtNzdjZDgyNzM3OTRiL29wZXJhdGlvbnJlc3VsdHMvZXlKcWIySkpaQ0k2SWxKRlUwOVZVa05GUjFKUFZWQkVSVXhGVkVsUFRrcFBRaTFRVXpNMU1UZ3RWMFZUVkVORlRsUlNRVXhWVXlJc0ltcHZZa3h2WTJGMGFXOXVJam9pZDJWemRHTmxiblJ5WVd4MWN5Sjk/YXBpLXZlcnNpb249MjAxNi0wOS0wMQ==",
      "RequestMethod": "GET",
      "RequestBody": "",
      "RequestHeaders": {
        "User-Agent": [
          "FxVersion/4.7.3163.0",
          "OSName/WindowsServer2012R2Datacenter",
          "OSVersion/6.3.9600",
          "Microsoft.Azure.Management.Internal.Resources.ResourceManagementClient/4.1.0"
        ]
      },
      "ResponseHeaders": {
        "Pragma": [
          "no-cache"
        ],
        "Retry-After": [
          "15"
        ],
        "x-ms-ratelimit-remaining-subscription-reads": [
          "11997"
        ],
        "x-ms-request-id": [
          "b7326399-2e74-4e93-9a46-33b4ce643830"
        ],
        "x-ms-correlation-request-id": [
          "b7326399-2e74-4e93-9a46-33b4ce643830"
        ],
        "x-ms-routing-request-id": [
          "UKSOUTH2:20181031T130952Z:b7326399-2e74-4e93-9a46-33b4ce643830"
        ],
        "Strict-Transport-Security": [
          "max-age=31536000; includeSubDomains"
        ],
        "X-Content-Type-Options": [
          "nosniff"
        ],
        "Cache-Control": [
          "no-cache"
        ],
        "Date": [
          "Wed, 31 Oct 2018 13:09:51 GMT"
        ],
        "Location": [
          "https://management.azure.com/subscriptions/ee5ea899-0791-418f-9270-77cd8273794b/operationresults/eyJqb2JJZCI6IlJFU09VUkNFR1JPVVBERUxFVElPTkpPQi1QUzM1MTgtV0VTVENFTlRSQUxVUyIsImpvYkxvY2F0aW9uIjoid2VzdGNlbnRyYWx1cyJ9?api-version=2016-09-01"
        ],
        "Content-Length": [
          "0"
        ],
        "Expires": [
          "-1"
        ]
      },
      "ResponseBody": "",
      "StatusCode": 202
    },
    {
      "RequestUri": "/subscriptions/ee5ea899-0791-418f-9270-77cd8273794b/operationresults/eyJqb2JJZCI6IlJFU09VUkNFR1JPVVBERUxFVElPTkpPQi1QUzM1MTgtV0VTVENFTlRSQUxVUyIsImpvYkxvY2F0aW9uIjoid2VzdGNlbnRyYWx1cyJ9?api-version=2016-09-01",
      "EncodedRequestUri": "L3N1YnNjcmlwdGlvbnMvZWU1ZWE4OTktMDc5MS00MThmLTkyNzAtNzdjZDgyNzM3OTRiL29wZXJhdGlvbnJlc3VsdHMvZXlKcWIySkpaQ0k2SWxKRlUwOVZVa05GUjFKUFZWQkVSVXhGVkVsUFRrcFBRaTFRVXpNMU1UZ3RWMFZUVkVORlRsUlNRVXhWVXlJc0ltcHZZa3h2WTJGMGFXOXVJam9pZDJWemRHTmxiblJ5WVd4MWN5Sjk/YXBpLXZlcnNpb249MjAxNi0wOS0wMQ==",
      "RequestMethod": "GET",
      "RequestBody": "",
      "RequestHeaders": {
        "User-Agent": [
          "FxVersion/4.7.3163.0",
          "OSName/WindowsServer2012R2Datacenter",
          "OSVersion/6.3.9600",
          "Microsoft.Azure.Management.Internal.Resources.ResourceManagementClient/4.1.0"
        ]
      },
      "ResponseHeaders": {
        "Pragma": [
          "no-cache"
        ],
        "Retry-After": [
          "15"
        ],
        "x-ms-ratelimit-remaining-subscription-reads": [
          "11996"
        ],
        "x-ms-request-id": [
          "cde54a56-8cf9-4eb1-9169-a731468c7a77"
        ],
        "x-ms-correlation-request-id": [
          "cde54a56-8cf9-4eb1-9169-a731468c7a77"
        ],
        "x-ms-routing-request-id": [
          "UKSOUTH2:20181031T131008Z:cde54a56-8cf9-4eb1-9169-a731468c7a77"
        ],
        "Strict-Transport-Security": [
          "max-age=31536000; includeSubDomains"
        ],
        "X-Content-Type-Options": [
          "nosniff"
        ],
        "Cache-Control": [
          "no-cache"
        ],
        "Date": [
          "Wed, 31 Oct 2018 13:10:07 GMT"
        ],
        "Location": [
          "https://management.azure.com/subscriptions/ee5ea899-0791-418f-9270-77cd8273794b/operationresults/eyJqb2JJZCI6IlJFU09VUkNFR1JPVVBERUxFVElPTkpPQi1QUzM1MTgtV0VTVENFTlRSQUxVUyIsImpvYkxvY2F0aW9uIjoid2VzdGNlbnRyYWx1cyJ9?api-version=2016-09-01"
        ],
        "Content-Length": [
          "0"
        ],
        "Expires": [
          "-1"
        ]
      },
      "ResponseBody": "",
      "StatusCode": 202
    },
    {
      "RequestUri": "/subscriptions/ee5ea899-0791-418f-9270-77cd8273794b/operationresults/eyJqb2JJZCI6IlJFU09VUkNFR1JPVVBERUxFVElPTkpPQi1QUzM1MTgtV0VTVENFTlRSQUxVUyIsImpvYkxvY2F0aW9uIjoid2VzdGNlbnRyYWx1cyJ9?api-version=2016-09-01",
      "EncodedRequestUri": "L3N1YnNjcmlwdGlvbnMvZWU1ZWE4OTktMDc5MS00MThmLTkyNzAtNzdjZDgyNzM3OTRiL29wZXJhdGlvbnJlc3VsdHMvZXlKcWIySkpaQ0k2SWxKRlUwOVZVa05GUjFKUFZWQkVSVXhGVkVsUFRrcFBRaTFRVXpNMU1UZ3RWMFZUVkVORlRsUlNRVXhWVXlJc0ltcHZZa3h2WTJGMGFXOXVJam9pZDJWemRHTmxiblJ5WVd4MWN5Sjk/YXBpLXZlcnNpb249MjAxNi0wOS0wMQ==",
      "RequestMethod": "GET",
      "RequestBody": "",
      "RequestHeaders": {
        "User-Agent": [
          "FxVersion/4.7.3163.0",
          "OSName/WindowsServer2012R2Datacenter",
          "OSVersion/6.3.9600",
          "Microsoft.Azure.Management.Internal.Resources.ResourceManagementClient/4.1.0"
        ]
      },
      "ResponseHeaders": {
        "Pragma": [
          "no-cache"
        ],
        "Retry-After": [
          "15"
        ],
        "x-ms-ratelimit-remaining-subscription-reads": [
          "11995"
        ],
        "x-ms-request-id": [
          "5045dbe0-6c25-4a15-8e76-7f4bf0de8752"
        ],
        "x-ms-correlation-request-id": [
          "5045dbe0-6c25-4a15-8e76-7f4bf0de8752"
        ],
        "x-ms-routing-request-id": [
          "UKSOUTH2:20181031T131023Z:5045dbe0-6c25-4a15-8e76-7f4bf0de8752"
        ],
        "Strict-Transport-Security": [
          "max-age=31536000; includeSubDomains"
        ],
        "X-Content-Type-Options": [
          "nosniff"
        ],
        "Cache-Control": [
          "no-cache"
        ],
        "Date": [
          "Wed, 31 Oct 2018 13:10:23 GMT"
        ],
        "Location": [
          "https://management.azure.com/subscriptions/ee5ea899-0791-418f-9270-77cd8273794b/operationresults/eyJqb2JJZCI6IlJFU09VUkNFR1JPVVBERUxFVElPTkpPQi1QUzM1MTgtV0VTVENFTlRSQUxVUyIsImpvYkxvY2F0aW9uIjoid2VzdGNlbnRyYWx1cyJ9?api-version=2016-09-01"
        ],
        "Content-Length": [
          "0"
        ],
        "Expires": [
          "-1"
        ]
      },
      "ResponseBody": "",
      "StatusCode": 202
    },
    {
      "RequestUri": "/subscriptions/ee5ea899-0791-418f-9270-77cd8273794b/operationresults/eyJqb2JJZCI6IlJFU09VUkNFR1JPVVBERUxFVElPTkpPQi1QUzM1MTgtV0VTVENFTlRSQUxVUyIsImpvYkxvY2F0aW9uIjoid2VzdGNlbnRyYWx1cyJ9?api-version=2016-09-01",
      "EncodedRequestUri": "L3N1YnNjcmlwdGlvbnMvZWU1ZWE4OTktMDc5MS00MThmLTkyNzAtNzdjZDgyNzM3OTRiL29wZXJhdGlvbnJlc3VsdHMvZXlKcWIySkpaQ0k2SWxKRlUwOVZVa05GUjFKUFZWQkVSVXhGVkVsUFRrcFBRaTFRVXpNMU1UZ3RWMFZUVkVORlRsUlNRVXhWVXlJc0ltcHZZa3h2WTJGMGFXOXVJam9pZDJWemRHTmxiblJ5WVd4MWN5Sjk/YXBpLXZlcnNpb249MjAxNi0wOS0wMQ==",
      "RequestMethod": "GET",
      "RequestBody": "",
      "RequestHeaders": {
        "User-Agent": [
          "FxVersion/4.7.3163.0",
          "OSName/WindowsServer2012R2Datacenter",
          "OSVersion/6.3.9600",
          "Microsoft.Azure.Management.Internal.Resources.ResourceManagementClient/4.1.0"
        ]
      },
      "ResponseHeaders": {
        "Pragma": [
          "no-cache"
        ],
        "Retry-After": [
          "15"
        ],
        "x-ms-ratelimit-remaining-subscription-reads": [
          "11994"
        ],
        "x-ms-request-id": [
          "3b5d29b6-89b0-4e78-9e22-e1fe4d68d991"
        ],
        "x-ms-correlation-request-id": [
          "3b5d29b6-89b0-4e78-9e22-e1fe4d68d991"
        ],
        "x-ms-routing-request-id": [
          "UKSOUTH2:20181031T131038Z:3b5d29b6-89b0-4e78-9e22-e1fe4d68d991"
        ],
        "Strict-Transport-Security": [
          "max-age=31536000; includeSubDomains"
        ],
        "X-Content-Type-Options": [
          "nosniff"
        ],
        "Cache-Control": [
          "no-cache"
        ],
        "Date": [
          "Wed, 31 Oct 2018 13:10:38 GMT"
        ],
        "Location": [
          "https://management.azure.com/subscriptions/ee5ea899-0791-418f-9270-77cd8273794b/operationresults/eyJqb2JJZCI6IlJFU09VUkNFR1JPVVBERUxFVElPTkpPQi1QUzM1MTgtV0VTVENFTlRSQUxVUyIsImpvYkxvY2F0aW9uIjoid2VzdGNlbnRyYWx1cyJ9?api-version=2016-09-01"
        ],
        "Content-Length": [
          "0"
        ],
        "Expires": [
          "-1"
        ]
      },
      "ResponseBody": "",
      "StatusCode": 202
    },
    {
      "RequestUri": "/subscriptions/ee5ea899-0791-418f-9270-77cd8273794b/operationresults/eyJqb2JJZCI6IlJFU09VUkNFR1JPVVBERUxFVElPTkpPQi1QUzM1MTgtV0VTVENFTlRSQUxVUyIsImpvYkxvY2F0aW9uIjoid2VzdGNlbnRyYWx1cyJ9?api-version=2016-09-01",
      "EncodedRequestUri": "L3N1YnNjcmlwdGlvbnMvZWU1ZWE4OTktMDc5MS00MThmLTkyNzAtNzdjZDgyNzM3OTRiL29wZXJhdGlvbnJlc3VsdHMvZXlKcWIySkpaQ0k2SWxKRlUwOVZVa05GUjFKUFZWQkVSVXhGVkVsUFRrcFBRaTFRVXpNMU1UZ3RWMFZUVkVORlRsUlNRVXhWVXlJc0ltcHZZa3h2WTJGMGFXOXVJam9pZDJWemRHTmxiblJ5WVd4MWN5Sjk/YXBpLXZlcnNpb249MjAxNi0wOS0wMQ==",
      "RequestMethod": "GET",
      "RequestBody": "",
      "RequestHeaders": {
        "User-Agent": [
          "FxVersion/4.7.3163.0",
          "OSName/WindowsServer2012R2Datacenter",
          "OSVersion/6.3.9600",
          "Microsoft.Azure.Management.Internal.Resources.ResourceManagementClient/4.1.0"
        ]
      },
      "ResponseHeaders": {
        "Pragma": [
          "no-cache"
        ],
        "x-ms-ratelimit-remaining-subscription-reads": [
          "11993"
        ],
        "x-ms-request-id": [
          "cd8f26ca-c919-42da-a06a-70fdadc6f646"
        ],
        "x-ms-correlation-request-id": [
          "cd8f26ca-c919-42da-a06a-70fdadc6f646"
        ],
        "x-ms-routing-request-id": [
          "UKSOUTH2:20181031T131054Z:cd8f26ca-c919-42da-a06a-70fdadc6f646"
        ],
        "Strict-Transport-Security": [
          "max-age=31536000; includeSubDomains"
        ],
        "X-Content-Type-Options": [
          "nosniff"
        ],
        "Cache-Control": [
          "no-cache"
        ],
        "Date": [
          "Wed, 31 Oct 2018 13:10:53 GMT"
        ],
        "Content-Length": [
          "0"
        ],
        "Expires": [
          "-1"
        ]
      },
      "ResponseBody": "",
      "StatusCode": 200
    },
    {
      "RequestUri": "/subscriptions/ee5ea899-0791-418f-9270-77cd8273794b/operationresults/eyJqb2JJZCI6IlJFU09VUkNFR1JPVVBERUxFVElPTkpPQi1QUzM1MTgtV0VTVENFTlRSQUxVUyIsImpvYkxvY2F0aW9uIjoid2VzdGNlbnRyYWx1cyJ9?api-version=2016-09-01",
      "EncodedRequestUri": "L3N1YnNjcmlwdGlvbnMvZWU1ZWE4OTktMDc5MS00MThmLTkyNzAtNzdjZDgyNzM3OTRiL29wZXJhdGlvbnJlc3VsdHMvZXlKcWIySkpaQ0k2SWxKRlUwOVZVa05GUjFKUFZWQkVSVXhGVkVsUFRrcFBRaTFRVXpNMU1UZ3RWMFZUVkVORlRsUlNRVXhWVXlJc0ltcHZZa3h2WTJGMGFXOXVJam9pZDJWemRHTmxiblJ5WVd4MWN5Sjk/YXBpLXZlcnNpb249MjAxNi0wOS0wMQ==",
      "RequestMethod": "GET",
      "RequestBody": "",
      "RequestHeaders": {
        "User-Agent": [
          "FxVersion/4.7.3163.0",
          "OSName/WindowsServer2012R2Datacenter",
          "OSVersion/6.3.9600",
          "Microsoft.Azure.Management.Internal.Resources.ResourceManagementClient/4.1.0"
        ]
      },
      "ResponseHeaders": {
        "Pragma": [
          "no-cache"
        ],
        "x-ms-ratelimit-remaining-subscription-reads": [
          "11992"
        ],
        "x-ms-request-id": [
          "a4138b51-573c-4db1-9655-71bf3a55e49a"
        ],
        "x-ms-correlation-request-id": [
          "a4138b51-573c-4db1-9655-71bf3a55e49a"
        ],
        "x-ms-routing-request-id": [
          "UKSOUTH2:20181031T131054Z:a4138b51-573c-4db1-9655-71bf3a55e49a"
        ],
        "Strict-Transport-Security": [
          "max-age=31536000; includeSubDomains"
        ],
        "X-Content-Type-Options": [
          "nosniff"
        ],
        "Cache-Control": [
          "no-cache"
        ],
        "Date": [
          "Wed, 31 Oct 2018 13:10:53 GMT"
        ],
        "Content-Length": [
          "0"
        ],
        "Expires": [
          "-1"
        ]
      },
      "ResponseBody": "",
      "StatusCode": 200
    }
  ],
  "Names": {
    "Test-UpdateManagedInstance": [
      "ps3518",
      "ps2855"
    ]
  },
  "Variables": {
    "SubscriptionId": "ee5ea899-0791-418f-9270-77cd8273794b"
  }
}