{
  "Entries": [
    {
      "RequestUri": "/subscriptions/55f3dcd4-cac7-43b4-990b-a139d62a1eb2/resourcegroups/RGName-ps5292?api-version=2016-02-01",
      "EncodedRequestUri": "L3N1YnNjcmlwdGlvbnMvNTVmM2RjZDQtY2FjNy00M2I0LTk5MGItYTEzOWQ2MmExZWIyL3Jlc291cmNlZ3JvdXBzL1JHTmFtZS1wczUyOTI/YXBpLXZlcnNpb249MjAxNi0wMi0wMQ==",
      "RequestMethod": "PUT",
      "RequestBody": "{\r\n  \"location\": \"westus2\"\r\n}",
      "RequestHeaders": {
        "Content-Type": [
          "application/json; charset=utf-8"
        ],
        "Content-Length": [
          "29"
        ],
        "User-Agent": [
          "Microsoft.Azure.Management.Resources.ResourceManagementClient/2.0.0.0"
        ]
      },
      "ResponseBody": "{\r\n  \"id\": \"/subscriptions/55f3dcd4-cac7-43b4-990b-a139d62a1eb2/resourceGroups/RGName-ps5292\",\r\n  \"name\": \"RGName-ps5292\",\r\n  \"location\": \"westus2\",\r\n  \"properties\": {\r\n    \"provisioningState\": \"Succeeded\"\r\n  }\r\n}",
      "ResponseHeaders": {
        "Content-Length": [
          "180"
        ],
        "Content-Type": [
          "application/json; charset=utf-8"
        ],
        "Expires": [
          "-1"
        ],
        "Pragma": [
          "no-cache"
        ],
        "x-ms-ratelimit-remaining-subscription-writes": [
          "1191"
        ],
        "x-ms-request-id": [
          "52cfca44-5cf8-4285-b868-53c0d60d8a23"
        ],
        "x-ms-correlation-request-id": [
          "52cfca44-5cf8-4285-b868-53c0d60d8a23"
        ],
        "x-ms-routing-request-id": [
          "WESTUS2:20180125T191342Z:52cfca44-5cf8-4285-b868-53c0d60d8a23"
        ],
        "Strict-Transport-Security": [
          "max-age=31536000; includeSubDomains"
        ],
        "Cache-Control": [
          "no-cache"
        ],
        "Date": [
          "Thu, 25 Jan 2018 19:13:42 GMT"
        ]
      },
      "StatusCode": 201
    },
    {
      "RequestUri": "/subscriptions/55f3dcd4-cac7-43b4-990b-a139d62a1eb2/resourceGroups/RGName-ps5292/providers/Microsoft.EventGrid/topics/PSTestTopic-ps6437?api-version=2018-01-01",
      "EncodedRequestUri": "L3N1YnNjcmlwdGlvbnMvNTVmM2RjZDQtY2FjNy00M2I0LTk5MGItYTEzOWQ2MmExZWIyL3Jlc291cmNlR3JvdXBzL1JHTmFtZS1wczUyOTIvcHJvdmlkZXJzL01pY3Jvc29mdC5FdmVudEdyaWQvdG9waWNzL1BTVGVzdFRvcGljLXBzNjQzNz9hcGktdmVyc2lvbj0yMDE4LTAxLTAx",
      "RequestMethod": "PUT",
      "RequestBody": "{\r\n  \"location\": \"westus2\"\r\n}",
      "RequestHeaders": {
        "Content-Type": [
          "application/json; charset=utf-8"
        ],
        "Content-Length": [
          "29"
        ],
        "x-ms-client-request-id": [
          "a8c40223-fe2d-4889-8677-137d0d7f5e59"
        ],
        "accept-language": [
          "en-US"
        ],
        "User-Agent": [
          "FxVersion/4.7.2600.0",
          "OSName/Windows10Enterprise",
          "OSVersion/6.3.16299",
          "Microsoft.Azure.Management.EventGrid.EventGridManagementClient/1.2.0.0"
        ]
      },
      "ResponseBody": "{\r\n  \"properties\": {\r\n    \"provisioningState\": \"Creating\",\r\n    \"endpoint\": null\r\n  },\r\n  \"location\": \"westus2\",\r\n  \"tags\": null,\r\n  \"id\": \"/subscriptions/55f3dcd4-cac7-43b4-990b-a139d62a1eb2/resourceGroups/RGName-ps5292/providers/Microsoft.EventGrid/topics/PSTestTopic-ps6437\",\r\n  \"name\": \"PSTestTopic-ps6437\",\r\n  \"type\": \"Microsoft.EventGrid/topics\"\r\n}",
      "ResponseHeaders": {
        "Content-Length": [
          "304"
        ],
        "Content-Type": [
          "application/json; charset=utf-8"
        ],
        "Expires": [
          "-1"
        ],
        "Pragma": [
          "no-cache"
        ],
        "Retry-After": [
          "10"
        ],
        "Azure-AsyncOperation": [
          "https://management.azure.com:443/subscriptions/55f3dcd4-cac7-43b4-990b-a139d62a1eb2/providers/Microsoft.EventGrid/locations/westus2/operationsStatus/C39DAE01-1447-4616-ACC0-37724D3DE3EF?api-version=2018-01-01"
        ],
        "x-ms-request-id": [
          "305aac8a-39fd-4e5e-b8c1-d1d3b5e8a488"
        ],
        "x-ms-ratelimit-remaining-subscription-writes": [
          "1198"
        ],
        "x-ms-correlation-request-id": [
          "da34f219-e581-4d13-903f-bd3883d34d93"
        ],
        "x-ms-routing-request-id": [
          "WESTUS2:20180125T191343Z:da34f219-e581-4d13-903f-bd3883d34d93"
        ],
        "Strict-Transport-Security": [
          "max-age=31536000; includeSubDomains"
        ],
        "Cache-Control": [
          "no-cache"
        ],
        "Date": [
          "Thu, 25 Jan 2018 19:13:43 GMT"
        ],
        "Server": [
          "Microsoft-HTTPAPI/2.0"
        ]
      },
      "StatusCode": 201
    },
    {
      "RequestUri": "/subscriptions/55f3dcd4-cac7-43b4-990b-a139d62a1eb2/providers/Microsoft.EventGrid/locations/westus2/operationsStatus/C39DAE01-1447-4616-ACC0-37724D3DE3EF?api-version=2018-01-01",
      "EncodedRequestUri": "L3N1YnNjcmlwdGlvbnMvNTVmM2RjZDQtY2FjNy00M2I0LTk5MGItYTEzOWQ2MmExZWIyL3Byb3ZpZGVycy9NaWNyb3NvZnQuRXZlbnRHcmlkL2xvY2F0aW9ucy93ZXN0dXMyL29wZXJhdGlvbnNTdGF0dXMvQzM5REFFMDEtMTQ0Ny00NjE2LUFDQzAtMzc3MjREM0RFM0VGP2FwaS12ZXJzaW9uPTIwMTgtMDEtMDE=",
      "RequestMethod": "GET",
      "RequestBody": "",
      "RequestHeaders": {
        "User-Agent": [
          "FxVersion/4.7.2600.0",
          "OSName/Windows10Enterprise",
          "OSVersion/6.3.16299",
          "Microsoft.Azure.Management.EventGrid.EventGridManagementClient/1.2.0.0"
        ]
      },
      "ResponseBody": "{\r\n  \"id\": \"https://management.azure.com/subscriptions/55f3dcd4-cac7-43b4-990b-a139d62a1eb2/providers/Microsoft.EventGrid/locations/westus2/operationsStatus/C39DAE01-1447-4616-ACC0-37724D3DE3EF?api-version=2018-01-01\",\r\n  \"name\": \"c39dae01-1447-4616-acc0-37724d3de3ef\",\r\n  \"status\": \"Succeeded\"\r\n}",
      "ResponseHeaders": {
        "Content-Length": [
          "280"
        ],
        "Content-Type": [
          "application/json; charset=utf-8"
        ],
        "Expires": [
          "-1"
        ],
        "Pragma": [
          "no-cache"
        ],
        "x-ms-request-id": [
          "588e3cdd-dc87-4e56-b1c8-bc66e8394509"
        ],
        "x-ms-ratelimit-remaining-subscription-reads": [
          "14953"
        ],
        "x-ms-correlation-request-id": [
          "503aaf4e-4730-49cd-ad56-5c5f3b7e0405"
        ],
        "x-ms-routing-request-id": [
          "WESTUS2:20180125T191353Z:503aaf4e-4730-49cd-ad56-5c5f3b7e0405"
        ],
        "Strict-Transport-Security": [
          "max-age=31536000; includeSubDomains"
        ],
        "Cache-Control": [
          "no-cache"
        ],
        "Date": [
          "Thu, 25 Jan 2018 19:13:52 GMT"
        ],
        "Server": [
          "Microsoft-HTTPAPI/2.0"
        ]
      },
      "StatusCode": 200
    },
    {
      "RequestUri": "/subscriptions/55f3dcd4-cac7-43b4-990b-a139d62a1eb2/resourceGroups/RGName-ps5292/providers/Microsoft.EventGrid/topics/PSTestTopic-ps6437?api-version=2018-01-01",
      "EncodedRequestUri": "L3N1YnNjcmlwdGlvbnMvNTVmM2RjZDQtY2FjNy00M2I0LTk5MGItYTEzOWQ2MmExZWIyL3Jlc291cmNlR3JvdXBzL1JHTmFtZS1wczUyOTIvcHJvdmlkZXJzL01pY3Jvc29mdC5FdmVudEdyaWQvdG9waWNzL1BTVGVzdFRvcGljLXBzNjQzNz9hcGktdmVyc2lvbj0yMDE4LTAxLTAx",
      "RequestMethod": "GET",
      "RequestBody": "",
      "RequestHeaders": {
        "User-Agent": [
          "FxVersion/4.7.2600.0",
          "OSName/Windows10Enterprise",
          "OSVersion/6.3.16299",
          "Microsoft.Azure.Management.EventGrid.EventGridManagementClient/1.2.0.0"
        ]
      },
      "ResponseBody": "{\r\n  \"properties\": {\r\n    \"provisioningState\": \"Succeeded\",\r\n    \"endpoint\": \"https://pstesttopic-ps6437.westus2-1.eventgrid.azure.net/api/events\"\r\n  },\r\n  \"location\": \"westus2\",\r\n  \"tags\": null,\r\n  \"id\": \"/subscriptions/55f3dcd4-cac7-43b4-990b-a139d62a1eb2/resourceGroups/RGName-ps5292/providers/Microsoft.EventGrid/topics/PSTestTopic-ps6437\",\r\n  \"name\": \"PSTestTopic-ps6437\",\r\n  \"type\": \"Microsoft.EventGrid/topics\"\r\n}",
      "ResponseHeaders": {
        "Content-Length": [
          "370"
        ],
        "Content-Type": [
          "application/json; charset=utf-8"
        ],
        "Expires": [
          "-1"
        ],
        "Pragma": [
          "no-cache"
        ],
        "x-ms-request-id": [
          "416df819-15fa-448e-85b1-d3bd6154198b"
        ],
        "x-ms-ratelimit-remaining-subscription-reads": [
          "14952"
        ],
        "x-ms-correlation-request-id": [
          "38344a1a-0534-4adc-8456-ddac6d96bcb0"
        ],
        "x-ms-routing-request-id": [
          "WESTUS2:20180125T191353Z:38344a1a-0534-4adc-8456-ddac6d96bcb0"
        ],
        "Strict-Transport-Security": [
          "max-age=31536000; includeSubDomains"
        ],
        "Cache-Control": [
          "no-cache"
        ],
        "Date": [
          "Thu, 25 Jan 2018 19:13:52 GMT"
        ],
        "Server": [
          "Microsoft-HTTPAPI/2.0"
        ]
      },
      "StatusCode": 200
    },
    {
      "RequestUri": "/subscriptions/55f3dcd4-cac7-43b4-990b-a139d62a1eb2/resourceGroups/RGName-ps5292/providers/Microsoft.EventGrid/topics/PSTestTopic-ps6437?api-version=2018-01-01",
      "EncodedRequestUri": "L3N1YnNjcmlwdGlvbnMvNTVmM2RjZDQtY2FjNy00M2I0LTk5MGItYTEzOWQ2MmExZWIyL3Jlc291cmNlR3JvdXBzL1JHTmFtZS1wczUyOTIvcHJvdmlkZXJzL01pY3Jvc29mdC5FdmVudEdyaWQvdG9waWNzL1BTVGVzdFRvcGljLXBzNjQzNz9hcGktdmVyc2lvbj0yMDE4LTAxLTAx",
      "RequestMethod": "GET",
      "RequestBody": "",
      "RequestHeaders": {
        "x-ms-client-request-id": [
          "a19154ef-a96b-48d2-8d2c-9992e22eed47"
        ],
        "accept-language": [
          "en-US"
        ],
        "User-Agent": [
          "FxVersion/4.7.2600.0",
          "OSName/Windows10Enterprise",
          "OSVersion/6.3.16299",
          "Microsoft.Azure.Management.EventGrid.EventGridManagementClient/1.2.0.0"
        ]
      },
      "ResponseBody": "{\r\n  \"properties\": {\r\n    \"provisioningState\": \"Succeeded\",\r\n    \"endpoint\": \"https://pstesttopic-ps6437.westus2-1.eventgrid.azure.net/api/events\"\r\n  },\r\n  \"location\": \"westus2\",\r\n  \"tags\": null,\r\n  \"id\": \"/subscriptions/55f3dcd4-cac7-43b4-990b-a139d62a1eb2/resourceGroups/RGName-ps5292/providers/Microsoft.EventGrid/topics/PSTestTopic-ps6437\",\r\n  \"name\": \"PSTestTopic-ps6437\",\r\n  \"type\": \"Microsoft.EventGrid/topics\"\r\n}",
      "ResponseHeaders": {
        "Content-Length": [
          "370"
        ],
        "Content-Type": [
          "application/json; charset=utf-8"
        ],
        "Expires": [
          "-1"
        ],
        "Pragma": [
          "no-cache"
        ],
        "x-ms-request-id": [
          "3ff88318-4db3-4318-85fb-7166d237e50b"
        ],
        "x-ms-ratelimit-remaining-subscription-reads": [
          "14951"
        ],
        "x-ms-correlation-request-id": [
          "8eff190f-3574-4269-806f-982562cb2819"
        ],
        "x-ms-routing-request-id": [
          "WESTUS2:20180125T191354Z:8eff190f-3574-4269-806f-982562cb2819"
        ],
        "Strict-Transport-Security": [
          "max-age=31536000; includeSubDomains"
        ],
        "Cache-Control": [
          "no-cache"
        ],
        "Date": [
          "Thu, 25 Jan 2018 19:13:53 GMT"
        ],
        "Server": [
          "Microsoft-HTTPAPI/2.0"
        ]
      },
      "StatusCode": 200
    },
    {
      "RequestUri": "/subscriptions/55f3dcd4-cac7-43b4-990b-a139d62a1eb2/resourceGroups/RGName-ps5292/providers/Microsoft.EventGrid/topics/PSTestTopic-ps6437/regenerateKey?api-version=2018-01-01",
      "EncodedRequestUri": "L3N1YnNjcmlwdGlvbnMvNTVmM2RjZDQtY2FjNy00M2I0LTk5MGItYTEzOWQ2MmExZWIyL3Jlc291cmNlR3JvdXBzL1JHTmFtZS1wczUyOTIvcHJvdmlkZXJzL01pY3Jvc29mdC5FdmVudEdyaWQvdG9waWNzL1BTVGVzdFRvcGljLXBzNjQzNy9yZWdlbmVyYXRlS2V5P2FwaS12ZXJzaW9uPTIwMTgtMDEtMDE=",
      "RequestMethod": "POST",
      "RequestBody": "{\r\n  \"keyName\": \"key1\"\r\n}",
      "RequestHeaders": {
        "Content-Type": [
          "application/json; charset=utf-8"
        ],
        "Content-Length": [
          "25"
        ],
        "x-ms-client-request-id": [
          "e3ccac53-2adf-49ff-ac69-2fe1ebed784c"
        ],
        "accept-language": [
          "en-US"
        ],
        "User-Agent": [
          "FxVersion/4.7.2600.0",
          "OSName/Windows10Enterprise",
          "OSVersion/6.3.16299",
          "Microsoft.Azure.Management.EventGrid.EventGridManagementClient/1.2.0.0"
        ]
      },
      "ResponseBody": "{\r\n  \"key1\": \"LvC7OrlpE0eOuDIg29n0/GJMaJ5afJKDIhXjdPj4zvo=\",\r\n  \"key2\": \"2De1zZqez9fl6XaS3KCxPPSKm7LmTX371/yf8M4zRj4=\"\r\n}",
      "ResponseHeaders": {
        "Content-Length": [
          "109"
        ],
        "Content-Type": [
          "application/json; charset=utf-8"
        ],
        "Expires": [
          "-1"
        ],
        "Pragma": [
          "no-cache"
        ],
        "x-ms-request-id": [
          "f47564a1-9a30-410b-ba54-c2b79a767bd7"
        ],
        "x-ms-ratelimit-remaining-subscription-writes": [
          "1197"
        ],
        "x-ms-correlation-request-id": [
          "5ed8e594-3281-4b02-8d59-d320e1f77769"
        ],
        "x-ms-routing-request-id": [
          "WESTUS2:20180125T191353Z:5ed8e594-3281-4b02-8d59-d320e1f77769"
        ],
        "Strict-Transport-Security": [
          "max-age=31536000; includeSubDomains"
        ],
        "Cache-Control": [
          "no-cache"
        ],
        "Date": [
          "Thu, 25 Jan 2018 19:13:53 GMT"
        ],
        "Server": [
          "Microsoft-HTTPAPI/2.0"
        ]
      },
      "StatusCode": 200
    },
    {
      "RequestUri": "/subscriptions/55f3dcd4-cac7-43b4-990b-a139d62a1eb2/resourceGroups/RGName-ps5292/providers/Microsoft.EventGrid/topics/PSTestTopic-ps6437/regenerateKey?api-version=2018-01-01",
      "EncodedRequestUri": "L3N1YnNjcmlwdGlvbnMvNTVmM2RjZDQtY2FjNy00M2I0LTk5MGItYTEzOWQ2MmExZWIyL3Jlc291cmNlR3JvdXBzL1JHTmFtZS1wczUyOTIvcHJvdmlkZXJzL01pY3Jvc29mdC5FdmVudEdyaWQvdG9waWNzL1BTVGVzdFRvcGljLXBzNjQzNy9yZWdlbmVyYXRlS2V5P2FwaS12ZXJzaW9uPTIwMTgtMDEtMDE=",
      "RequestMethod": "POST",
      "RequestBody": "{\r\n  \"keyName\": \"key2\"\r\n}",
      "RequestHeaders": {
        "Content-Type": [
          "application/json; charset=utf-8"
        ],
        "Content-Length": [
          "25"
        ],
        "x-ms-client-request-id": [
          "8ee315d0-655d-48e7-ac3e-5acad5fd5d32"
        ],
        "accept-language": [
          "en-US"
        ],
        "User-Agent": [
          "FxVersion/4.7.2600.0",
          "OSName/Windows10Enterprise",
          "OSVersion/6.3.16299",
          "Microsoft.Azure.Management.EventGrid.EventGridManagementClient/1.2.0.0"
        ]
      },
      "ResponseBody": "{\r\n  \"key1\": \"LvC7OrlpE0eOuDIg29n0/GJMaJ5afJKDIhXjdPj4zvo=\",\r\n  \"key2\": \"ojcCtRQFpaYy8TpJQuinJy0lCmy8SDi2TaEyOstzDWs=\"\r\n}",
      "ResponseHeaders": {
        "Content-Length": [
          "109"
        ],
        "Content-Type": [
          "application/json; charset=utf-8"
        ],
        "Expires": [
          "-1"
        ],
        "Pragma": [
          "no-cache"
        ],
        "x-ms-request-id": [
          "0a4fbc4e-6ba3-4be8-bc9f-75c2cb7a165e"
        ],
        "x-ms-ratelimit-remaining-subscription-writes": [
          "1196"
        ],
        "x-ms-correlation-request-id": [
          "c31ccf80-d86f-4cd6-ac86-beb6bed35854"
        ],
        "x-ms-routing-request-id": [
          "WESTUS2:20180125T191353Z:c31ccf80-d86f-4cd6-ac86-beb6bed35854"
        ],
        "Strict-Transport-Security": [
          "max-age=31536000; includeSubDomains"
        ],
        "Cache-Control": [
          "no-cache"
        ],
        "Date": [
          "Thu, 25 Jan 2018 19:13:53 GMT"
        ],
        "Server": [
          "Microsoft-HTTPAPI/2.0"
        ]
      },
      "StatusCode": 200
    },
    {
      "RequestUri": "/subscriptions/55f3dcd4-cac7-43b4-990b-a139d62a1eb2/resourceGroups/RGName-ps5292/providers/Microsoft.EventGrid/topics/PSTestTopic-ps6437/regenerateKey?api-version=2018-01-01",
      "EncodedRequestUri": "L3N1YnNjcmlwdGlvbnMvNTVmM2RjZDQtY2FjNy00M2I0LTk5MGItYTEzOWQ2MmExZWIyL3Jlc291cmNlR3JvdXBzL1JHTmFtZS1wczUyOTIvcHJvdmlkZXJzL01pY3Jvc29mdC5FdmVudEdyaWQvdG9waWNzL1BTVGVzdFRvcGljLXBzNjQzNy9yZWdlbmVyYXRlS2V5P2FwaS12ZXJzaW9uPTIwMTgtMDEtMDE=",
      "RequestMethod": "POST",
      "RequestBody": "{\r\n  \"keyName\": \"key2\"\r\n}",
      "RequestHeaders": {
        "Content-Type": [
          "application/json; charset=utf-8"
        ],
        "Content-Length": [
          "25"
        ],
        "x-ms-client-request-id": [
          "5926cb9b-626f-49cc-a679-81d501930c58"
        ],
        "accept-language": [
          "en-US"
        ],
        "User-Agent": [
          "FxVersion/4.7.2600.0",
          "OSName/Windows10Enterprise",
          "OSVersion/6.3.16299",
          "Microsoft.Azure.Management.EventGrid.EventGridManagementClient/1.2.0.0"
        ]
      },
      "ResponseBody": "{\r\n  \"key1\": \"LvC7OrlpE0eOuDIg29n0/GJMaJ5afJKDIhXjdPj4zvo=\",\r\n  \"key2\": \"tAT1nSNZCJIJiNj2O0c3YhVDG6TXjmWtmuaraQEOsY0=\"\r\n}",
      "ResponseHeaders": {
        "Content-Length": [
          "109"
        ],
        "Content-Type": [
          "application/json; charset=utf-8"
        ],
        "Expires": [
          "-1"
        ],
        "Pragma": [
          "no-cache"
        ],
        "x-ms-request-id": [
          "6de4460a-c985-4a3e-9715-a25b9b24e263"
        ],
        "x-ms-ratelimit-remaining-subscription-writes": [
          "1195"
        ],
        "x-ms-correlation-request-id": [
          "7fe67141-3282-49e7-95c6-a2a1f553ecf2"
        ],
        "x-ms-routing-request-id": [
          "WESTUS2:20180125T191354Z:7fe67141-3282-49e7-95c6-a2a1f553ecf2"
        ],
        "Strict-Transport-Security": [
          "max-age=31536000; includeSubDomains"
        ],
        "Cache-Control": [
          "no-cache"
        ],
        "Date": [
          "Thu, 25 Jan 2018 19:13:53 GMT"
        ],
        "Server": [
          "Microsoft-HTTPAPI/2.0"
        ]
      },
      "StatusCode": 200
    },
    {
      "RequestUri": "/subscriptions/55f3dcd4-cac7-43b4-990b-a139d62a1eb2/resourceGroups/RGName-ps5292/providers/Microsoft.EventGrid/topics/PSTestTopic-ps6437?api-version=2018-01-01",
      "EncodedRequestUri": "L3N1YnNjcmlwdGlvbnMvNTVmM2RjZDQtY2FjNy00M2I0LTk5MGItYTEzOWQ2MmExZWIyL3Jlc291cmNlR3JvdXBzL1JHTmFtZS1wczUyOTIvcHJvdmlkZXJzL01pY3Jvc29mdC5FdmVudEdyaWQvdG9waWNzL1BTVGVzdFRvcGljLXBzNjQzNz9hcGktdmVyc2lvbj0yMDE4LTAxLTAx",
      "RequestMethod": "DELETE",
      "RequestBody": "",
      "RequestHeaders": {
        "x-ms-client-request-id": [
          "92904467-74ed-49de-a5ee-f7da9f9c75c7"
        ],
        "accept-language": [
          "en-US"
        ],
        "User-Agent": [
          "FxVersion/4.7.2600.0",
          "OSName/Windows10Enterprise",
          "OSVersion/6.3.16299",
          "Microsoft.Azure.Management.EventGrid.EventGridManagementClient/1.2.0.0"
        ]
      },
      "ResponseBody": "",
      "ResponseHeaders": {
        "Content-Length": [
          "0"
        ],
        "Expires": [
          "-1"
        ],
        "Pragma": [
          "no-cache"
        ],
        "Retry-After": [
          "10"
        ],
        "x-ms-ratelimit-remaining-subscription-writes": [
          "1194"
        ],
        "x-ms-request-id": [
          "dc1e7538-a2d2-4138-ab13-4eaf659babb9"
        ],
        "x-ms-correlation-request-id": [
          "dc1e7538-a2d2-4138-ab13-4eaf659babb9"
        ],
        "x-ms-routing-request-id": [
          "WESTUS2:20180125T191354Z:dc1e7538-a2d2-4138-ab13-4eaf659babb9"
        ],
        "Strict-Transport-Security": [
          "max-age=31536000; includeSubDomains"
        ],
        "Cache-Control": [
          "no-cache"
        ],
        "Date": [
          "Thu, 25 Jan 2018 19:13:53 GMT"
        ],
        "Location": [
          "https://management.azure.com/subscriptions/55f3dcd4-cac7-43b4-990b-a139d62a1eb2/providers/Microsoft.EventGrid/locations/westus2/operationResults/B4CE241C-8C03-413E-8DFA-68ECE5E0DCD3?api-version=2018-01-01"
        ],
        "Server": [
          "Microsoft-HTTPAPI/2.0"
        ]
      },
      "StatusCode": 202
    },
    {
      "RequestUri": "/subscriptions/55f3dcd4-cac7-43b4-990b-a139d62a1eb2/providers/Microsoft.EventGrid/locations/westus2/operationResults/B4CE241C-8C03-413E-8DFA-68ECE5E0DCD3?api-version=2018-01-01",
      "EncodedRequestUri": "L3N1YnNjcmlwdGlvbnMvNTVmM2RjZDQtY2FjNy00M2I0LTk5MGItYTEzOWQ2MmExZWIyL3Byb3ZpZGVycy9NaWNyb3NvZnQuRXZlbnRHcmlkL2xvY2F0aW9ucy93ZXN0dXMyL29wZXJhdGlvblJlc3VsdHMvQjRDRTI0MUMtOEMwMy00MTNFLThERkEtNjhFQ0U1RTBEQ0QzP2FwaS12ZXJzaW9uPTIwMTgtMDEtMDE=",
      "RequestMethod": "GET",
      "RequestBody": "",
      "RequestHeaders": {
        "User-Agent": [
          "FxVersion/4.7.2600.0",
          "OSName/Windows10Enterprise",
          "OSVersion/6.3.16299",
          "Microsoft.Azure.Management.EventGrid.EventGridManagementClient/1.2.0.0"
        ]
      },
      "ResponseBody": "",
      "ResponseHeaders": {
        "Content-Length": [
          "0"
        ],
        "Expires": [
          "-1"
        ],
        "Pragma": [
          "no-cache"
        ],
        "x-ms-request-id": [
          "79192196-93e1-401b-adaf-da683782e09f"
        ],
        "x-ms-ratelimit-remaining-subscription-reads": [
          "14950"
        ],
        "x-ms-correlation-request-id": [
          "94e70a71-8cd3-42d7-b84d-086c03210ec2"
        ],
        "x-ms-routing-request-id": [
          "WESTUS2:20180125T191404Z:94e70a71-8cd3-42d7-b84d-086c03210ec2"
        ],
        "Strict-Transport-Security": [
          "max-age=31536000; includeSubDomains"
        ],
        "Cache-Control": [
          "no-cache"
        ],
        "Date": [
          "Thu, 25 Jan 2018 19:14:04 GMT"
        ],
        "Server": [
          "Microsoft-HTTPAPI/2.0"
        ]
      },
      "StatusCode": 200
    },
    {
      "RequestUri": "/subscriptions/55f3dcd4-cac7-43b4-990b-a139d62a1eb2/resourcegroups/RGName-ps5292?api-version=2016-02-01",
      "EncodedRequestUri": "L3N1YnNjcmlwdGlvbnMvNTVmM2RjZDQtY2FjNy00M2I0LTk5MGItYTEzOWQ2MmExZWIyL3Jlc291cmNlZ3JvdXBzL1JHTmFtZS1wczUyOTI/YXBpLXZlcnNpb249MjAxNi0wMi0wMQ==",
      "RequestMethod": "DELETE",
      "RequestBody": "",
      "RequestHeaders": {
        "User-Agent": [
          "Microsoft.Azure.Management.Resources.ResourceManagementClient/2.0.0.0"
        ]
      },
      "ResponseBody": "",
      "ResponseHeaders": {
        "Content-Length": [
          "0"
        ],
        "Expires": [
          "-1"
        ],
        "Pragma": [
          "no-cache"
        ],
        "Retry-After": [
          "15"
        ],
        "x-ms-ratelimit-remaining-subscription-writes": [
          "1190"
        ],
        "x-ms-request-id": [
          "07ecae22-8c2a-4314-9e63-ce3bd88cd1ab"
        ],
        "x-ms-correlation-request-id": [
          "07ecae22-8c2a-4314-9e63-ce3bd88cd1ab"
        ],
        "x-ms-routing-request-id": [
          "WESTUS2:20180125T191404Z:07ecae22-8c2a-4314-9e63-ce3bd88cd1ab"
        ],
        "Strict-Transport-Security": [
          "max-age=31536000; includeSubDomains"
        ],
        "Cache-Control": [
          "no-cache"
        ],
        "Date": [
          "Thu, 25 Jan 2018 19:14:03 GMT"
        ],
        "Location": [
          "https://management.azure.com/subscriptions/55f3dcd4-cac7-43b4-990b-a139d62a1eb2/operationresults/eyJqb2JJZCI6IlJFU09VUkNFR1JPVVBERUxFVElPTkpPQi1SR05BTUU6MkRQUzUyOTItV0VTVFVTMiIsImpvYkxvY2F0aW9uIjoid2VzdHVzMiJ9?api-version=2016-02-01"
        ]
      },
      "StatusCode": 202
    },
    {
      "RequestUri": "/subscriptions/55f3dcd4-cac7-43b4-990b-a139d62a1eb2/operationresults/eyJqb2JJZCI6IlJFU09VUkNFR1JPVVBERUxFVElPTkpPQi1SR05BTUU6MkRQUzUyOTItV0VTVFVTMiIsImpvYkxvY2F0aW9uIjoid2VzdHVzMiJ9?api-version=2016-02-01",
      "EncodedRequestUri": "L3N1YnNjcmlwdGlvbnMvNTVmM2RjZDQtY2FjNy00M2I0LTk5MGItYTEzOWQ2MmExZWIyL29wZXJhdGlvbnJlc3VsdHMvZXlKcWIySkpaQ0k2SWxKRlUwOVZVa05GUjFKUFZWQkVSVXhGVkVsUFRrcFBRaTFTUjA1QlRVVTZNa1JRVXpVeU9USXRWMFZUVkZWVE1pSXNJbXB2WWt4dlkyRjBhVzl1SWpvaWQyVnpkSFZ6TWlKOT9hcGktdmVyc2lvbj0yMDE2LTAyLTAx",
      "RequestMethod": "GET",
      "RequestBody": "",
      "RequestHeaders": {
        "x-ms-version": [
          "2016-02-01"
        ],
        "User-Agent": [
          "Microsoft.Azure.Management.Resources.ResourceManagementClient/2.0.0.0"
        ]
      },
      "ResponseBody": "",
      "ResponseHeaders": {
        "Content-Length": [
          "0"
        ],
        "Expires": [
          "-1"
        ],
        "Pragma": [
          "no-cache"
        ],
        "Retry-After": [
          "15"
        ],
        "x-ms-ratelimit-remaining-subscription-reads": [
          "14984"
        ],
        "x-ms-request-id": [
          "512beee7-901e-4fb7-b24d-17a6bad82894"
        ],
        "x-ms-correlation-request-id": [
          "512beee7-901e-4fb7-b24d-17a6bad82894"
        ],
        "x-ms-routing-request-id": [
          "WESTUS2:20180125T191404Z:512beee7-901e-4fb7-b24d-17a6bad82894"
        ],
        "Strict-Transport-Security": [
          "max-age=31536000; includeSubDomains"
        ],
        "Cache-Control": [
          "no-cache"
        ],
        "Date": [
          "Thu, 25 Jan 2018 19:14:04 GMT"
        ],
        "Location": [
          "https://management.azure.com/subscriptions/55f3dcd4-cac7-43b4-990b-a139d62a1eb2/operationresults/eyJqb2JJZCI6IlJFU09VUkNFR1JPVVBERUxFVElPTkpPQi1SR05BTUU6MkRQUzUyOTItV0VTVFVTMiIsImpvYkxvY2F0aW9uIjoid2VzdHVzMiJ9?api-version=2016-02-01"
        ]
      },
      "StatusCode": 202
    },
    {
      "RequestUri": "/subscriptions/55f3dcd4-cac7-43b4-990b-a139d62a1eb2/operationresults/eyJqb2JJZCI6IlJFU09VUkNFR1JPVVBERUxFVElPTkpPQi1SR05BTUU6MkRQUzUyOTItV0VTVFVTMiIsImpvYkxvY2F0aW9uIjoid2VzdHVzMiJ9?api-version=2016-02-01",
      "EncodedRequestUri": "L3N1YnNjcmlwdGlvbnMvNTVmM2RjZDQtY2FjNy00M2I0LTk5MGItYTEzOWQ2MmExZWIyL29wZXJhdGlvbnJlc3VsdHMvZXlKcWIySkpaQ0k2SWxKRlUwOVZVa05GUjFKUFZWQkVSVXhGVkVsUFRrcFBRaTFTUjA1QlRVVTZNa1JRVXpVeU9USXRWMFZUVkZWVE1pSXNJbXB2WWt4dlkyRjBhVzl1SWpvaWQyVnpkSFZ6TWlKOT9hcGktdmVyc2lvbj0yMDE2LTAyLTAx",
      "RequestMethod": "GET",
      "RequestBody": "",
      "RequestHeaders": {
        "x-ms-version": [
          "2016-02-01"
        ],
        "User-Agent": [
          "Microsoft.Azure.Management.Resources.ResourceManagementClient/2.0.0.0"
        ]
      },
      "ResponseBody": "",
      "ResponseHeaders": {
        "Content-Length": [
          "0"
        ],
        "Expires": [
          "-1"
        ],
        "Pragma": [
          "no-cache"
        ],
        "Retry-After": [
          "15"
        ],
        "x-ms-ratelimit-remaining-subscription-reads": [
          "14983"
        ],
        "x-ms-request-id": [
          "c0f41a3f-acd4-4323-b669-fc23a971618c"
        ],
        "x-ms-correlation-request-id": [
          "c0f41a3f-acd4-4323-b669-fc23a971618c"
        ],
        "x-ms-routing-request-id": [
          "WESTUS2:20180125T191419Z:c0f41a3f-acd4-4323-b669-fc23a971618c"
        ],
        "Strict-Transport-Security": [
          "max-age=31536000; includeSubDomains"
        ],
        "Cache-Control": [
          "no-cache"
        ],
        "Date": [
          "Thu, 25 Jan 2018 19:14:18 GMT"
        ],
        "Location": [
          "https://management.azure.com/subscriptions/55f3dcd4-cac7-43b4-990b-a139d62a1eb2/operationresults/eyJqb2JJZCI6IlJFU09VUkNFR1JPVVBERUxFVElPTkpPQi1SR05BTUU6MkRQUzUyOTItV0VTVFVTMiIsImpvYkxvY2F0aW9uIjoid2VzdHVzMiJ9?api-version=2016-02-01"
        ]
      },
      "StatusCode": 202
    },
    {
      "RequestUri": "/subscriptions/55f3dcd4-cac7-43b4-990b-a139d62a1eb2/operationresults/eyJqb2JJZCI6IlJFU09VUkNFR1JPVVBERUxFVElPTkpPQi1SR05BTUU6MkRQUzUyOTItV0VTVFVTMiIsImpvYkxvY2F0aW9uIjoid2VzdHVzMiJ9?api-version=2016-02-01",
      "EncodedRequestUri": "L3N1YnNjcmlwdGlvbnMvNTVmM2RjZDQtY2FjNy00M2I0LTk5MGItYTEzOWQ2MmExZWIyL29wZXJhdGlvbnJlc3VsdHMvZXlKcWIySkpaQ0k2SWxKRlUwOVZVa05GUjFKUFZWQkVSVXhGVkVsUFRrcFBRaTFTUjA1QlRVVTZNa1JRVXpVeU9USXRWMFZUVkZWVE1pSXNJbXB2WWt4dlkyRjBhVzl1SWpvaWQyVnpkSFZ6TWlKOT9hcGktdmVyc2lvbj0yMDE2LTAyLTAx",
      "RequestMethod": "GET",
      "RequestBody": "",
      "RequestHeaders": {
        "x-ms-version": [
          "2016-02-01"
        ],
        "User-Agent": [
          "Microsoft.Azure.Management.Resources.ResourceManagementClient/2.0.0.0"
        ]
      },
      "ResponseBody": "",
      "ResponseHeaders": {
        "Content-Length": [
          "0"
        ],
        "Expires": [
          "-1"
        ],
        "Pragma": [
          "no-cache"
        ],
        "x-ms-ratelimit-remaining-subscription-reads": [
          "14982"
        ],
        "x-ms-request-id": [
          "2bb55149-b067-4525-8367-90122bee4e62"
        ],
        "x-ms-correlation-request-id": [
          "2bb55149-b067-4525-8367-90122bee4e62"
        ],
        "x-ms-routing-request-id": [
          "WESTUS2:20180125T191434Z:2bb55149-b067-4525-8367-90122bee4e62"
        ],
        "Strict-Transport-Security": [
          "max-age=31536000; includeSubDomains"
        ],
        "Cache-Control": [
          "no-cache"
        ],
        "Date": [
          "Thu, 25 Jan 2018 19:14:34 GMT"
        ]
      },
      "StatusCode": 200
    }
  ],
  "Names": {
    "": [
      "ps6437",
      "ps5292"
    ]
  },
  "Variables": {
    "SubscriptionId": "55f3dcd4-cac7-43b4-990b-a139d62a1eb2"
  }
}