{
  "Entries": [
    {
      "RequestUri": "/subscriptions/55f3dcd4-cac7-43b4-990b-a139d62a1eb2/resourcegroups/RGName-ps6254?api-version=2016-09-01",
      "EncodedRequestUri": "L3N1YnNjcmlwdGlvbnMvNTVmM2RjZDQtY2FjNy00M2I0LTk5MGItYTEzOWQ2MmExZWIyL3Jlc291cmNlZ3JvdXBzL1JHTmFtZS1wczYyNTQ/YXBpLXZlcnNpb249MjAxNi0wOS0wMQ==",
      "RequestMethod": "PUT",
      "RequestBody": "{\r\n  \"location\": \"westus2\"\r\n}",
      "RequestHeaders": {
        "Content-Type": [
          "application/json; charset=utf-8"
        ],
        "Content-Length": [
          "29"
        ],
        "x-ms-client-request-id": [
          "0703b3c3-baf2-40de-963b-a99d4a5c2df0"
        ],
        "accept-language": [
          "en-US"
        ],
        "User-Agent": [
          "FxVersion/4.7.3190.0",
          "OSName/Windows10Enterprise",
          "OSVersion/6.3.17763",
          "Microsoft.Azure.Management.Internal.Resources.ResourceManagementClient/4.1.0"
        ]
      },
      "ResponseBody": "{\r\n  \"id\": \"/subscriptions/55f3dcd4-cac7-43b4-990b-a139d62a1eb2/resourceGroups/RGName-ps6254\",\r\n  \"name\": \"RGName-ps6254\",\r\n  \"location\": \"westus2\",\r\n  \"properties\": {\r\n    \"provisioningState\": \"Succeeded\"\r\n  }\r\n}",
      "ResponseHeaders": {
        "Content-Length": [
          "180"
        ],
        "Content-Type": [
          "application/json; charset=utf-8"
        ],
        "Expires": [
          "-1"
        ],
        "Pragma": [
          "no-cache"
        ],
        "x-ms-ratelimit-remaining-subscription-writes": [
          "1198"
        ],
        "x-ms-request-id": [
          "5525f980-eb5b-4cc2-b58d-5dc75f0aa919"
        ],
        "x-ms-correlation-request-id": [
          "5525f980-eb5b-4cc2-b58d-5dc75f0aa919"
        ],
        "x-ms-routing-request-id": [
          "WESTUS2:20181022T025752Z:5525f980-eb5b-4cc2-b58d-5dc75f0aa919"
        ],
        "Strict-Transport-Security": [
          "max-age=31536000; includeSubDomains"
        ],
        "X-Content-Type-Options": [
          "nosniff"
        ],
        "Cache-Control": [
          "no-cache"
        ],
        "Date": [
          "Mon, 22 Oct 2018 02:57:51 GMT"
        ]
      },
      "StatusCode": 201
    },
    {
      "RequestUri": "/subscriptions/55f3dcd4-cac7-43b4-990b-a139d62a1eb2/resourceGroups/RGName-ps6254/providers/Microsoft.EventGrid/topics/PSTestTopic-ps9552?api-version=2018-09-15-preview",
      "EncodedRequestUri": "L3N1YnNjcmlwdGlvbnMvNTVmM2RjZDQtY2FjNy00M2I0LTk5MGItYTEzOWQ2MmExZWIyL3Jlc291cmNlR3JvdXBzL1JHTmFtZS1wczYyNTQvcHJvdmlkZXJzL01pY3Jvc29mdC5FdmVudEdyaWQvdG9waWNzL1BTVGVzdFRvcGljLXBzOTU1Mj9hcGktdmVyc2lvbj0yMDE4LTA5LTE1LXByZXZpZXc=",
      "RequestMethod": "PUT",
      "RequestBody": "{\r\n  \"properties\": {\r\n    \"inputSchema\": \"EventGridSchema\"\r\n  },\r\n  \"location\": \"westus2\"\r\n}",
      "RequestHeaders": {
        "Content-Type": [
          "application/json; charset=utf-8"
        ],
        "Content-Length": [
          "92"
        ],
        "x-ms-client-request-id": [
          "f1069c5c-2273-4033-bead-b41a6f9e2308"
        ],
        "accept-language": [
          "en-US"
        ],
        "User-Agent": [
          "FxVersion/4.7.3190.0",
          "OSName/Windows10Enterprise",
          "OSVersion/6.3.17763",
          "Microsoft.Azure.Management.EventGrid.EventGridManagementClient/2.1.0.0"
        ]
      },
      "ResponseBody": "{\r\n  \"properties\": {\r\n    \"provisioningState\": \"Creating\",\r\n    \"endpoint\": null,\r\n    \"inputSchema\": \"EventGridSchema\"\r\n  },\r\n  \"location\": \"westus2\",\r\n  \"tags\": null,\r\n  \"id\": \"/subscriptions/55f3dcd4-cac7-43b4-990b-a139d62a1eb2/resourceGroups/RGName-ps6254/providers/Microsoft.EventGrid/topics/PSTestTopic-ps9552\",\r\n  \"name\": \"PSTestTopic-ps9552\",\r\n  \"type\": \"Microsoft.EventGrid/topics\"\r\n}",
      "ResponseHeaders": {
        "Content-Length": [
          "336"
        ],
        "Content-Type": [
          "application/json; charset=utf-8"
        ],
        "Expires": [
          "-1"
        ],
        "Pragma": [
          "no-cache"
        ],
        "Retry-After": [
          "10"
        ],
        "Strict-Transport-Security": [
          "max-age=31536000; includeSubDomains"
        ],
        "Azure-AsyncOperation": [
          "https://management.azure.com:443/subscriptions/55f3dcd4-cac7-43b4-990b-a139d62a1eb2/providers/Microsoft.EventGrid/locations/westus2/operationsStatus/E034821B-63A7-46FA-8A1F-99DC1AB072BA?api-version=2018-09-15-preview"
        ],
        "x-ms-request-id": [
          "a6467c5f-d022-49e6-a27c-ba11166d3b6e"
        ],
        "x-ms-ratelimit-remaining-subscription-writes": [
          "1199"
        ],
        "x-ms-correlation-request-id": [
          "656ba98d-8124-47d9-b634-0bd0ecc4d319"
        ],
        "x-ms-routing-request-id": [
          "WESTUS2:20181022T025752Z:656ba98d-8124-47d9-b634-0bd0ecc4d319"
        ],
        "X-Content-Type-Options": [
          "nosniff"
        ],
        "Cache-Control": [
          "no-cache"
        ],
        "Date": [
          "Mon, 22 Oct 2018 02:57:52 GMT"
        ],
        "Server": [
          "Microsoft-HTTPAPI/2.0"
        ]
      },
      "StatusCode": 201
    },
    {
      "RequestUri": "/subscriptions/55f3dcd4-cac7-43b4-990b-a139d62a1eb2/resourceGroups/RGName-ps6254/providers/Microsoft.EventGrid/topics/PSTestTopic-ps9552?api-version=2018-09-15-preview",
      "EncodedRequestUri": "L3N1YnNjcmlwdGlvbnMvNTVmM2RjZDQtY2FjNy00M2I0LTk5MGItYTEzOWQ2MmExZWIyL3Jlc291cmNlR3JvdXBzL1JHTmFtZS1wczYyNTQvcHJvdmlkZXJzL01pY3Jvc29mdC5FdmVudEdyaWQvdG9waWNzL1BTVGVzdFRvcGljLXBzOTU1Mj9hcGktdmVyc2lvbj0yMDE4LTA5LTE1LXByZXZpZXc=",
      "RequestMethod": "PUT",
      "RequestBody": "{\r\n  \"location\": \"westus2\",\r\n  \"tags\": {\r\n    \"test1\": \"testval1\",\r\n    \"test2\": \"testval2\"\r\n  }\r\n}",
      "RequestHeaders": {
        "Content-Type": [
          "application/json; charset=utf-8"
        ],
        "Content-Length": [
          "99"
        ],
        "x-ms-client-request-id": [
          "e9b64c83-0d07-4f97-9fd4-73bc6a67df31"
        ],
        "accept-language": [
          "en-US"
        ],
        "User-Agent": [
          "FxVersion/4.7.3190.0",
          "OSName/Windows10Enterprise",
          "OSVersion/6.3.17763",
          "Microsoft.Azure.Management.EventGrid.EventGridManagementClient/2.1.0.0"
        ]
      },
      "ResponseBody": "{\r\n  \"properties\": {\r\n    \"provisioningState\": \"Updating\",\r\n    \"endpoint\": null\r\n  },\r\n  \"location\": \"westus2\",\r\n  \"tags\": {\r\n    \"test1\": \"testval1\",\r\n    \"test2\": \"testval2\"\r\n  },\r\n  \"id\": \"/subscriptions/55f3dcd4-cac7-43b4-990b-a139d62a1eb2/resourceGroups/RGName-ps6254/providers/Microsoft.EventGrid/topics/PSTestTopic-ps9552\",\r\n  \"name\": \"PSTestTopic-ps9552\",\r\n  \"type\": \"Microsoft.EventGrid/topics\"\r\n}",
      "ResponseHeaders": {
        "Content-Length": [
          "339"
        ],
        "Content-Type": [
          "application/json; charset=utf-8"
        ],
        "Expires": [
          "-1"
        ],
        "Pragma": [
          "no-cache"
        ],
        "Retry-After": [
          "10"
        ],
        "Strict-Transport-Security": [
          "max-age=31536000; includeSubDomains"
        ],
        "Azure-AsyncOperation": [
          "https://management.azure.com:443/subscriptions/55f3dcd4-cac7-43b4-990b-a139d62a1eb2/providers/Microsoft.EventGrid/locations/westus2/operationsStatus/92C85372-7282-4862-8203-E8B08E380CCA?api-version=2018-09-15-preview"
        ],
        "x-ms-request-id": [
          "b701155e-6c68-4a14-9de3-19b0c07c67c2"
        ],
        "x-ms-ratelimit-remaining-subscription-writes": [
          "1198"
        ],
        "x-ms-correlation-request-id": [
          "c2cdac20-c7c5-49c1-9c76-77e2cd61a718"
        ],
        "x-ms-routing-request-id": [
          "WESTUS2:20181022T025803Z:c2cdac20-c7c5-49c1-9c76-77e2cd61a718"
        ],
        "X-Content-Type-Options": [
          "nosniff"
        ],
        "Cache-Control": [
          "no-cache"
        ],
        "Date": [
          "Mon, 22 Oct 2018 02:58:03 GMT"
        ],
        "Server": [
          "Microsoft-HTTPAPI/2.0"
        ]
      },
      "StatusCode": 201
    },
    {
      "RequestUri": "/subscriptions/55f3dcd4-cac7-43b4-990b-a139d62a1eb2/resourceGroups/RGName-ps6254/providers/Microsoft.EventGrid/topics/PSTestTopic-ps9552?api-version=2018-09-15-preview",
      "EncodedRequestUri": "L3N1YnNjcmlwdGlvbnMvNTVmM2RjZDQtY2FjNy00M2I0LTk5MGItYTEzOWQ2MmExZWIyL3Jlc291cmNlR3JvdXBzL1JHTmFtZS1wczYyNTQvcHJvdmlkZXJzL01pY3Jvc29mdC5FdmVudEdyaWQvdG9waWNzL1BTVGVzdFRvcGljLXBzOTU1Mj9hcGktdmVyc2lvbj0yMDE4LTA5LTE1LXByZXZpZXc=",
      "RequestMethod": "PUT",
      "RequestBody": "{\r\n  \"location\": \"westus2\",\r\n  \"tags\": {\r\n    \"test1\": \"testval1\",\r\n    \"test2\": \"testval2\"\r\n  }\r\n}",
      "RequestHeaders": {
        "Content-Type": [
          "application/json; charset=utf-8"
        ],
        "Content-Length": [
          "99"
        ],
        "x-ms-client-request-id": [
          "9375f6ae-2496-47d2-ad01-8467a8f8ba76"
        ],
        "accept-language": [
          "en-US"
        ],
        "User-Agent": [
          "FxVersion/4.7.3190.0",
          "OSName/Windows10Enterprise",
          "OSVersion/6.3.17763",
          "Microsoft.Azure.Management.EventGrid.EventGridManagementClient/2.1.0.0"
        ]
      },
      "ResponseBody": "{\r\n  \"properties\": {\r\n    \"provisioningState\": \"Updating\",\r\n    \"endpoint\": null\r\n  },\r\n  \"location\": \"westus2\",\r\n  \"tags\": {\r\n    \"test1\": \"testval1\",\r\n    \"test2\": \"testval2\"\r\n  },\r\n  \"id\": \"/subscriptions/55f3dcd4-cac7-43b4-990b-a139d62a1eb2/resourceGroups/RGName-ps6254/providers/Microsoft.EventGrid/topics/PSTestTopic-ps9552\",\r\n  \"name\": \"PSTestTopic-ps9552\",\r\n  \"type\": \"Microsoft.EventGrid/topics\"\r\n}",
      "ResponseHeaders": {
        "Content-Length": [
          "339"
        ],
        "Content-Type": [
          "application/json; charset=utf-8"
        ],
        "Expires": [
          "-1"
        ],
        "Pragma": [
          "no-cache"
        ],
        "Retry-After": [
          "10"
        ],
        "Strict-Transport-Security": [
          "max-age=31536000; includeSubDomains"
        ],
        "Azure-AsyncOperation": [
          "https://management.azure.com:443/subscriptions/55f3dcd4-cac7-43b4-990b-a139d62a1eb2/providers/Microsoft.EventGrid/locations/westus2/operationsStatus/E4CA4F08-3B77-4EAB-A746-53FCE71E7F36?api-version=2018-09-15-preview"
        ],
        "x-ms-request-id": [
          "353933d6-e11d-4fb0-a5ea-495745f70bea"
        ],
        "x-ms-ratelimit-remaining-subscription-writes": [
          "1197"
        ],
        "x-ms-correlation-request-id": [
          "4a9285ce-de81-4338-bc13-5068bccf7e86"
        ],
        "x-ms-routing-request-id": [
          "WESTUS2:20181022T025814Z:4a9285ce-de81-4338-bc13-5068bccf7e86"
        ],
        "X-Content-Type-Options": [
          "nosniff"
        ],
        "Cache-Control": [
          "no-cache"
        ],
        "Date": [
          "Mon, 22 Oct 2018 02:58:14 GMT"
        ],
        "Server": [
          "Microsoft-HTTPAPI/2.0"
        ]
      },
      "StatusCode": 201
    },
    {
      "RequestUri": "/subscriptions/55f3dcd4-cac7-43b4-990b-a139d62a1eb2/resourceGroups/RGName-ps6254/providers/Microsoft.EventGrid/topics/PSTestTopic-ps9552?api-version=2018-09-15-preview",
      "EncodedRequestUri": "L3N1YnNjcmlwdGlvbnMvNTVmM2RjZDQtY2FjNy00M2I0LTk5MGItYTEzOWQ2MmExZWIyL3Jlc291cmNlR3JvdXBzL1JHTmFtZS1wczYyNTQvcHJvdmlkZXJzL01pY3Jvc29mdC5FdmVudEdyaWQvdG9waWNzL1BTVGVzdFRvcGljLXBzOTU1Mj9hcGktdmVyc2lvbj0yMDE4LTA5LTE1LXByZXZpZXc=",
      "RequestMethod": "PUT",
      "RequestBody": "{\r\n  \"location\": \"westus2\",\r\n  \"tags\": {\r\n    \"test1\": \"testval10\",\r\n    \"test2\": \"testval20\"\r\n  }\r\n}",
      "RequestHeaders": {
        "Content-Type": [
          "application/json; charset=utf-8"
        ],
        "Content-Length": [
          "101"
        ],
        "x-ms-client-request-id": [
          "f73bd933-a903-4094-8b6f-76d16c861960"
        ],
        "accept-language": [
          "en-US"
        ],
        "User-Agent": [
          "FxVersion/4.7.3190.0",
          "OSName/Windows10Enterprise",
          "OSVersion/6.3.17763",
          "Microsoft.Azure.Management.EventGrid.EventGridManagementClient/2.1.0.0"
        ]
      },
      "ResponseBody": "{\r\n  \"properties\": {\r\n    \"provisioningState\": \"Updating\",\r\n    \"endpoint\": null\r\n  },\r\n  \"location\": \"westus2\",\r\n  \"tags\": {\r\n    \"test1\": \"testval10\",\r\n    \"test2\": \"testval20\"\r\n  },\r\n  \"id\": \"/subscriptions/55f3dcd4-cac7-43b4-990b-a139d62a1eb2/resourceGroups/RGName-ps6254/providers/Microsoft.EventGrid/topics/PSTestTopic-ps9552\",\r\n  \"name\": \"PSTestTopic-ps9552\",\r\n  \"type\": \"Microsoft.EventGrid/topics\"\r\n}",
      "ResponseHeaders": {
        "Content-Length": [
          "341"
        ],
        "Content-Type": [
          "application/json; charset=utf-8"
        ],
        "Expires": [
          "-1"
        ],
        "Pragma": [
          "no-cache"
        ],
        "Retry-After": [
          "10"
        ],
        "Strict-Transport-Security": [
          "max-age=31536000; includeSubDomains"
        ],
        "Azure-AsyncOperation": [
          "https://management.azure.com:443/subscriptions/55f3dcd4-cac7-43b4-990b-a139d62a1eb2/providers/Microsoft.EventGrid/locations/westus2/operationsStatus/A4978BAD-83F1-461F-B11F-9265BED970A2?api-version=2018-09-15-preview"
        ],
        "x-ms-request-id": [
          "f0f08075-218f-4c69-ac93-c8f150562bdd"
        ],
        "x-ms-ratelimit-remaining-subscription-writes": [
          "1196"
        ],
        "x-ms-correlation-request-id": [
          "a095384e-af2a-44c5-abfb-1d5483089cb4"
        ],
        "x-ms-routing-request-id": [
          "WESTUS2:20181022T025826Z:a095384e-af2a-44c5-abfb-1d5483089cb4"
        ],
        "X-Content-Type-Options": [
          "nosniff"
        ],
        "Cache-Control": [
          "no-cache"
        ],
        "Date": [
          "Mon, 22 Oct 2018 02:58:26 GMT"
        ],
        "Server": [
          "Microsoft-HTTPAPI/2.0"
        ]
      },
      "StatusCode": 201
    },
    {
      "RequestUri": "/subscriptions/55f3dcd4-cac7-43b4-990b-a139d62a1eb2/providers/Microsoft.EventGrid/locations/westus2/operationsStatus/E034821B-63A7-46FA-8A1F-99DC1AB072BA?api-version=2018-09-15-preview",
      "EncodedRequestUri": "L3N1YnNjcmlwdGlvbnMvNTVmM2RjZDQtY2FjNy00M2I0LTk5MGItYTEzOWQ2MmExZWIyL3Byb3ZpZGVycy9NaWNyb3NvZnQuRXZlbnRHcmlkL2xvY2F0aW9ucy93ZXN0dXMyL29wZXJhdGlvbnNTdGF0dXMvRTAzNDgyMUItNjNBNy00NkZBLThBMUYtOTlEQzFBQjA3MkJBP2FwaS12ZXJzaW9uPTIwMTgtMDktMTUtcHJldmlldw==",
      "RequestMethod": "GET",
      "RequestBody": "",
      "RequestHeaders": {
        "User-Agent": [
          "FxVersion/4.7.3190.0",
          "OSName/Windows10Enterprise",
          "OSVersion/6.3.17763",
          "Microsoft.Azure.Management.EventGrid.EventGridManagementClient/2.1.0.0"
        ]
      },
      "ResponseBody": "{\r\n  \"id\": \"https://management.azure.com/subscriptions/55f3dcd4-cac7-43b4-990b-a139d62a1eb2/providers/Microsoft.EventGrid/locations/westus2/operationsStatus/E034821B-63A7-46FA-8A1F-99DC1AB072BA?api-version=2018-09-15-preview\",\r\n  \"name\": \"e034821b-63a7-46fa-8a1f-99dc1ab072ba\",\r\n  \"status\": \"Succeeded\"\r\n}",
      "ResponseHeaders": {
        "Content-Length": [
          "288"
        ],
        "Content-Type": [
          "application/json; charset=utf-8"
        ],
        "Expires": [
          "-1"
        ],
        "Pragma": [
          "no-cache"
        ],
        "Strict-Transport-Security": [
          "max-age=31536000; includeSubDomains"
        ],
        "x-ms-request-id": [
          "017d8892-63b9-4d6a-a1bd-ce596484f980"
        ],
        "x-ms-ratelimit-remaining-subscription-reads": [
          "11999"
        ],
        "x-ms-correlation-request-id": [
          "ab6f3c74-1fab-4675-ae55-e3234ad54b03"
        ],
        "x-ms-routing-request-id": [
          "WESTUS2:20181022T025802Z:ab6f3c74-1fab-4675-ae55-e3234ad54b03"
        ],
        "X-Content-Type-Options": [
          "nosniff"
        ],
        "Cache-Control": [
          "no-cache"
        ],
        "Date": [
          "Mon, 22 Oct 2018 02:58:02 GMT"
        ],
        "Server": [
          "Microsoft-HTTPAPI/2.0"
        ]
      },
      "StatusCode": 200
    },
    {
      "RequestUri": "/subscriptions/55f3dcd4-cac7-43b4-990b-a139d62a1eb2/resourceGroups/RGName-ps6254/providers/Microsoft.EventGrid/topics/PSTestTopic-ps9552?api-version=2018-09-15-preview",
      "EncodedRequestUri": "L3N1YnNjcmlwdGlvbnMvNTVmM2RjZDQtY2FjNy00M2I0LTk5MGItYTEzOWQ2MmExZWIyL3Jlc291cmNlR3JvdXBzL1JHTmFtZS1wczYyNTQvcHJvdmlkZXJzL01pY3Jvc29mdC5FdmVudEdyaWQvdG9waWNzL1BTVGVzdFRvcGljLXBzOTU1Mj9hcGktdmVyc2lvbj0yMDE4LTA5LTE1LXByZXZpZXc=",
      "RequestMethod": "GET",
      "RequestBody": "",
      "RequestHeaders": {
        "User-Agent": [
          "FxVersion/4.7.3190.0",
          "OSName/Windows10Enterprise",
          "OSVersion/6.3.17763",
          "Microsoft.Azure.Management.EventGrid.EventGridManagementClient/2.1.0.0"
        ]
      },
      "ResponseBody": "{\r\n  \"properties\": {\r\n    \"provisioningState\": \"Succeeded\",\r\n    \"endpoint\": \"https://pstesttopic-ps9552.westus2-1.eventgrid.azure.net/api/events\",\r\n    \"inputSchema\": \"EventGridSchema\"\r\n  },\r\n  \"location\": \"westus2\",\r\n  \"tags\": null,\r\n  \"id\": \"/subscriptions/55f3dcd4-cac7-43b4-990b-a139d62a1eb2/resourceGroups/RGName-ps6254/providers/Microsoft.EventGrid/topics/PSTestTopic-ps9552\",\r\n  \"name\": \"PSTestTopic-ps9552\",\r\n  \"type\": \"Microsoft.EventGrid/topics\"\r\n}",
      "ResponseHeaders": {
        "Content-Length": [
          "402"
        ],
        "Content-Type": [
          "application/json; charset=utf-8"
        ],
        "Expires": [
          "-1"
        ],
        "Pragma": [
          "no-cache"
        ],
        "Strict-Transport-Security": [
          "max-age=31536000; includeSubDomains"
        ],
        "x-ms-request-id": [
          "c3584913-dfb5-46b8-9711-52b3be566f05"
        ],
        "x-ms-ratelimit-remaining-subscription-reads": [
          "11998"
        ],
        "x-ms-correlation-request-id": [
          "ffbbd1c1-d86f-4762-b41a-bb5f11b5b1e0"
        ],
        "x-ms-routing-request-id": [
          "WESTUS2:20181022T025803Z:ffbbd1c1-d86f-4762-b41a-bb5f11b5b1e0"
        ],
        "X-Content-Type-Options": [
          "nosniff"
        ],
        "Cache-Control": [
          "no-cache"
        ],
        "Date": [
          "Mon, 22 Oct 2018 02:58:02 GMT"
        ],
        "Server": [
          "Microsoft-HTTPAPI/2.0"
        ]
      },
      "StatusCode": 200
    },
    {
      "RequestUri": "/subscriptions/55f3dcd4-cac7-43b4-990b-a139d62a1eb2/resourceGroups/RGName-ps6254/providers/Microsoft.EventGrid/topics/PSTestTopic-ps9552?api-version=2018-09-15-preview",
      "EncodedRequestUri": "L3N1YnNjcmlwdGlvbnMvNTVmM2RjZDQtY2FjNy00M2I0LTk5MGItYTEzOWQ2MmExZWIyL3Jlc291cmNlR3JvdXBzL1JHTmFtZS1wczYyNTQvcHJvdmlkZXJzL01pY3Jvc29mdC5FdmVudEdyaWQvdG9waWNzL1BTVGVzdFRvcGljLXBzOTU1Mj9hcGktdmVyc2lvbj0yMDE4LTA5LTE1LXByZXZpZXc=",
      "RequestMethod": "GET",
      "RequestBody": "",
      "RequestHeaders": {
        "x-ms-client-request-id": [
          "89c8ae84-abff-4a42-906f-112d5aee70fb"
        ],
        "accept-language": [
          "en-US"
        ],
        "User-Agent": [
          "FxVersion/4.7.3190.0",
          "OSName/Windows10Enterprise",
          "OSVersion/6.3.17763",
          "Microsoft.Azure.Management.EventGrid.EventGridManagementClient/2.1.0.0"
        ]
      },
      "ResponseBody": "{\r\n  \"properties\": {\r\n    \"provisioningState\": \"Succeeded\",\r\n    \"endpoint\": \"https://pstesttopic-ps9552.westus2-1.eventgrid.azure.net/api/events\",\r\n    \"inputSchema\": \"EventGridSchema\"\r\n  },\r\n  \"location\": \"westus2\",\r\n  \"tags\": null,\r\n  \"id\": \"/subscriptions/55f3dcd4-cac7-43b4-990b-a139d62a1eb2/resourceGroups/RGName-ps6254/providers/Microsoft.EventGrid/topics/PSTestTopic-ps9552\",\r\n  \"name\": \"PSTestTopic-ps9552\",\r\n  \"type\": \"Microsoft.EventGrid/topics\"\r\n}",
      "ResponseHeaders": {
        "Content-Length": [
          "402"
        ],
        "Content-Type": [
          "application/json; charset=utf-8"
        ],
        "Expires": [
          "-1"
        ],
        "Pragma": [
          "no-cache"
        ],
        "Strict-Transport-Security": [
          "max-age=31536000; includeSubDomains"
        ],
        "x-ms-request-id": [
          "cd42976c-41fb-4fdb-841d-2cce0e4e6cb7"
        ],
        "x-ms-ratelimit-remaining-subscription-reads": [
          "11997"
        ],
        "x-ms-correlation-request-id": [
          "80651621-b5a1-4630-816e-61eeac176fc1"
        ],
        "x-ms-routing-request-id": [
          "WESTUS2:20181022T025803Z:80651621-b5a1-4630-816e-61eeac176fc1"
        ],
        "X-Content-Type-Options": [
          "nosniff"
        ],
        "Cache-Control": [
          "no-cache"
        ],
        "Date": [
          "Mon, 22 Oct 2018 02:58:02 GMT"
        ],
        "Server": [
          "Microsoft-HTTPAPI/2.0"
        ]
      },
      "StatusCode": 200
    },
    {
      "RequestUri": "/subscriptions/55f3dcd4-cac7-43b4-990b-a139d62a1eb2/resourceGroups/RGName-ps6254/providers/Microsoft.EventGrid/topics/PSTestTopic-ps9552?api-version=2018-09-15-preview",
      "EncodedRequestUri": "L3N1YnNjcmlwdGlvbnMvNTVmM2RjZDQtY2FjNy00M2I0LTk5MGItYTEzOWQ2MmExZWIyL3Jlc291cmNlR3JvdXBzL1JHTmFtZS1wczYyNTQvcHJvdmlkZXJzL01pY3Jvc29mdC5FdmVudEdyaWQvdG9waWNzL1BTVGVzdFRvcGljLXBzOTU1Mj9hcGktdmVyc2lvbj0yMDE4LTA5LTE1LXByZXZpZXc=",
      "RequestMethod": "GET",
      "RequestBody": "",
      "RequestHeaders": {
        "User-Agent": [
          "FxVersion/4.7.3190.0",
          "OSName/Windows10Enterprise",
          "OSVersion/6.3.17763",
          "Microsoft.Azure.Management.EventGrid.EventGridManagementClient/2.1.0.0"
        ]
      },
      "ResponseBody": "{\r\n  \"properties\": {\r\n    \"provisioningState\": \"Succeeded\",\r\n    \"endpoint\": \"https://pstesttopic-ps9552.westus2-1.eventgrid.azure.net/api/events\",\r\n    \"inputSchema\": \"EventGridSchema\"\r\n  },\r\n  \"location\": \"westus2\",\r\n  \"tags\": {\r\n    \"test1\": \"testval1\",\r\n    \"test2\": \"testval2\"\r\n  },\r\n  \"id\": \"/subscriptions/55f3dcd4-cac7-43b4-990b-a139d62a1eb2/resourceGroups/RGName-ps6254/providers/Microsoft.EventGrid/topics/PSTestTopic-ps9552\",\r\n  \"name\": \"PSTestTopic-ps9552\",\r\n  \"type\": \"Microsoft.EventGrid/topics\"\r\n}",
      "ResponseHeaders": {
        "Content-Length": [
          "437"
        ],
        "Content-Type": [
          "application/json; charset=utf-8"
        ],
        "Expires": [
          "-1"
        ],
        "Pragma": [
          "no-cache"
        ],
        "Strict-Transport-Security": [
          "max-age=31536000; includeSubDomains"
        ],
        "x-ms-request-id": [
          "01792983-81e4-4ef3-b9c6-69956ac80637"
        ],
        "x-ms-ratelimit-remaining-subscription-reads": [
          "11995"
        ],
        "x-ms-correlation-request-id": [
          "49992f84-7700-44f8-9719-620f64675c80"
        ],
        "x-ms-routing-request-id": [
          "WESTUS2:20181022T025814Z:49992f84-7700-44f8-9719-620f64675c80"
        ],
        "X-Content-Type-Options": [
          "nosniff"
        ],
        "Cache-Control": [
          "no-cache"
        ],
        "Date": [
          "Mon, 22 Oct 2018 02:58:13 GMT"
        ],
        "Server": [
          "Microsoft-HTTPAPI/2.0"
        ]
      },
      "StatusCode": 200
    },
    {
      "RequestUri": "/subscriptions/55f3dcd4-cac7-43b4-990b-a139d62a1eb2/resourceGroups/RGName-ps6254/providers/Microsoft.EventGrid/topics/PSTestTopic-ps9552?api-version=2018-09-15-preview",
      "EncodedRequestUri": "L3N1YnNjcmlwdGlvbnMvNTVmM2RjZDQtY2FjNy00M2I0LTk5MGItYTEzOWQ2MmExZWIyL3Jlc291cmNlR3JvdXBzL1JHTmFtZS1wczYyNTQvcHJvdmlkZXJzL01pY3Jvc29mdC5FdmVudEdyaWQvdG9waWNzL1BTVGVzdFRvcGljLXBzOTU1Mj9hcGktdmVyc2lvbj0yMDE4LTA5LTE1LXByZXZpZXc=",
      "RequestMethod": "GET",
      "RequestBody": "",
      "RequestHeaders": {
        "x-ms-client-request-id": [
          "70c0d239-26ae-4169-8ed9-b9ace98d35c0"
        ],
        "accept-language": [
          "en-US"
        ],
        "User-Agent": [
          "FxVersion/4.7.3190.0",
          "OSName/Windows10Enterprise",
          "OSVersion/6.3.17763",
          "Microsoft.Azure.Management.EventGrid.EventGridManagementClient/2.1.0.0"
        ]
      },
      "ResponseBody": "{\r\n  \"properties\": {\r\n    \"provisioningState\": \"Succeeded\",\r\n    \"endpoint\": \"https://pstesttopic-ps9552.westus2-1.eventgrid.azure.net/api/events\",\r\n    \"inputSchema\": \"EventGridSchema\"\r\n  },\r\n  \"location\": \"westus2\",\r\n  \"tags\": {\r\n    \"test1\": \"testval1\",\r\n    \"test2\": \"testval2\"\r\n  },\r\n  \"id\": \"/subscriptions/55f3dcd4-cac7-43b4-990b-a139d62a1eb2/resourceGroups/RGName-ps6254/providers/Microsoft.EventGrid/topics/PSTestTopic-ps9552\",\r\n  \"name\": \"PSTestTopic-ps9552\",\r\n  \"type\": \"Microsoft.EventGrid/topics\"\r\n}",
      "ResponseHeaders": {
        "Content-Length": [
          "437"
        ],
        "Content-Type": [
          "application/json; charset=utf-8"
        ],
        "Expires": [
          "-1"
        ],
        "Pragma": [
          "no-cache"
        ],
        "Strict-Transport-Security": [
          "max-age=31536000; includeSubDomains"
        ],
        "x-ms-request-id": [
          "0562dfdc-9c12-4f6d-9ff3-6a0802ba96fe"
        ],
        "x-ms-ratelimit-remaining-subscription-reads": [
          "11994"
        ],
        "x-ms-correlation-request-id": [
          "3d8f5d91-49ae-4fe6-b4b3-5caf33b0267d"
        ],
        "x-ms-routing-request-id": [
          "WESTUS2:20181022T025814Z:3d8f5d91-49ae-4fe6-b4b3-5caf33b0267d"
        ],
        "X-Content-Type-Options": [
          "nosniff"
        ],
        "Cache-Control": [
          "no-cache"
        ],
        "Date": [
          "Mon, 22 Oct 2018 02:58:13 GMT"
        ],
        "Server": [
          "Microsoft-HTTPAPI/2.0"
        ]
      },
      "StatusCode": 200
    },
    {
      "RequestUri": "/subscriptions/55f3dcd4-cac7-43b4-990b-a139d62a1eb2/resourceGroups/RGName-ps6254/providers/Microsoft.EventGrid/topics/PSTestTopic-ps9552?api-version=2018-09-15-preview",
      "EncodedRequestUri": "L3N1YnNjcmlwdGlvbnMvNTVmM2RjZDQtY2FjNy00M2I0LTk5MGItYTEzOWQ2MmExZWIyL3Jlc291cmNlR3JvdXBzL1JHTmFtZS1wczYyNTQvcHJvdmlkZXJzL01pY3Jvc29mdC5FdmVudEdyaWQvdG9waWNzL1BTVGVzdFRvcGljLXBzOTU1Mj9hcGktdmVyc2lvbj0yMDE4LTA5LTE1LXByZXZpZXc=",
      "RequestMethod": "GET",
      "RequestBody": "",
      "RequestHeaders": {
        "User-Agent": [
          "FxVersion/4.7.3190.0",
          "OSName/Windows10Enterprise",
          "OSVersion/6.3.17763",
          "Microsoft.Azure.Management.EventGrid.EventGridManagementClient/2.1.0.0"
        ]
      },
      "ResponseBody": "{\r\n  \"properties\": {\r\n    \"provisioningState\": \"Succeeded\",\r\n    \"endpoint\": \"https://pstesttopic-ps9552.westus2-1.eventgrid.azure.net/api/events\",\r\n    \"inputSchema\": \"EventGridSchema\"\r\n  },\r\n  \"location\": \"westus2\",\r\n  \"tags\": {\r\n    \"test1\": \"testval1\",\r\n    \"test2\": \"testval2\"\r\n  },\r\n  \"id\": \"/subscriptions/55f3dcd4-cac7-43b4-990b-a139d62a1eb2/resourceGroups/RGName-ps6254/providers/Microsoft.EventGrid/topics/PSTestTopic-ps9552\",\r\n  \"name\": \"PSTestTopic-ps9552\",\r\n  \"type\": \"Microsoft.EventGrid/topics\"\r\n}",
      "ResponseHeaders": {
        "Content-Length": [
          "437"
        ],
        "Content-Type": [
          "application/json; charset=utf-8"
        ],
        "Expires": [
          "-1"
        ],
        "Pragma": [
          "no-cache"
        ],
        "Strict-Transport-Security": [
          "max-age=31536000; includeSubDomains"
        ],
        "x-ms-request-id": [
          "16db0c4b-a53b-4b63-855e-270bd86fe7cb"
        ],
        "x-ms-ratelimit-remaining-subscription-reads": [
          "11992"
        ],
        "x-ms-correlation-request-id": [
          "544e62dc-99c0-4c00-a370-5b23f786118e"
        ],
        "x-ms-routing-request-id": [
          "WESTUS2:20181022T025825Z:544e62dc-99c0-4c00-a370-5b23f786118e"
        ],
        "X-Content-Type-Options": [
          "nosniff"
        ],
        "Cache-Control": [
          "no-cache"
        ],
        "Date": [
          "Mon, 22 Oct 2018 02:58:24 GMT"
        ],
        "Server": [
          "Microsoft-HTTPAPI/2.0"
        ]
      },
      "StatusCode": 200
    },
    {
      "RequestUri": "/subscriptions/55f3dcd4-cac7-43b4-990b-a139d62a1eb2/resourceGroups/RGName-ps6254/providers/Microsoft.EventGrid/topics/PSTestTopic-ps9552?api-version=2018-09-15-preview",
      "EncodedRequestUri": "L3N1YnNjcmlwdGlvbnMvNTVmM2RjZDQtY2FjNy00M2I0LTk5MGItYTEzOWQ2MmExZWIyL3Jlc291cmNlR3JvdXBzL1JHTmFtZS1wczYyNTQvcHJvdmlkZXJzL01pY3Jvc29mdC5FdmVudEdyaWQvdG9waWNzL1BTVGVzdFRvcGljLXBzOTU1Mj9hcGktdmVyc2lvbj0yMDE4LTA5LTE1LXByZXZpZXc=",
      "RequestMethod": "GET",
      "RequestBody": "",
      "RequestHeaders": {
        "x-ms-client-request-id": [
          "032ca779-2e52-424e-a0c9-a7adf08e3bfa"
        ],
        "accept-language": [
          "en-US"
        ],
        "User-Agent": [
          "FxVersion/4.7.3190.0",
          "OSName/Windows10Enterprise",
          "OSVersion/6.3.17763",
          "Microsoft.Azure.Management.EventGrid.EventGridManagementClient/2.1.0.0"
        ]
      },
      "ResponseBody": "{\r\n  \"properties\": {\r\n    \"provisioningState\": \"Succeeded\",\r\n    \"endpoint\": \"https://pstesttopic-ps9552.westus2-1.eventgrid.azure.net/api/events\",\r\n    \"inputSchema\": \"EventGridSchema\"\r\n  },\r\n  \"location\": \"westus2\",\r\n  \"tags\": {\r\n    \"test1\": \"testval1\",\r\n    \"test2\": \"testval2\"\r\n  },\r\n  \"id\": \"/subscriptions/55f3dcd4-cac7-43b4-990b-a139d62a1eb2/resourceGroups/RGName-ps6254/providers/Microsoft.EventGrid/topics/PSTestTopic-ps9552\",\r\n  \"name\": \"PSTestTopic-ps9552\",\r\n  \"type\": \"Microsoft.EventGrid/topics\"\r\n}",
      "ResponseHeaders": {
        "Content-Length": [
          "437"
        ],
        "Content-Type": [
          "application/json; charset=utf-8"
        ],
        "Expires": [
          "-1"
        ],
        "Pragma": [
          "no-cache"
        ],
        "Strict-Transport-Security": [
          "max-age=31536000; includeSubDomains"
        ],
        "x-ms-request-id": [
          "939f429a-e720-4c89-8cb0-e9c0869737c7"
        ],
        "x-ms-ratelimit-remaining-subscription-reads": [
          "11991"
        ],
        "x-ms-correlation-request-id": [
          "c07853c6-2861-404c-ac47-f4eca0001ff8"
        ],
        "x-ms-routing-request-id": [
          "WESTUS2:20181022T025825Z:c07853c6-2861-404c-ac47-f4eca0001ff8"
        ],
        "X-Content-Type-Options": [
          "nosniff"
        ],
        "Cache-Control": [
          "no-cache"
        ],
        "Date": [
          "Mon, 22 Oct 2018 02:58:24 GMT"
        ],
        "Server": [
          "Microsoft-HTTPAPI/2.0"
        ]
      },
      "StatusCode": 200
    },
    {
      "RequestUri": "/subscriptions/55f3dcd4-cac7-43b4-990b-a139d62a1eb2/resourceGroups/RGName-ps6254/providers/Microsoft.EventGrid/topics/PSTestTopic-ps9552?api-version=2018-09-15-preview",
      "EncodedRequestUri": "L3N1YnNjcmlwdGlvbnMvNTVmM2RjZDQtY2FjNy00M2I0LTk5MGItYTEzOWQ2MmExZWIyL3Jlc291cmNlR3JvdXBzL1JHTmFtZS1wczYyNTQvcHJvdmlkZXJzL01pY3Jvc29mdC5FdmVudEdyaWQvdG9waWNzL1BTVGVzdFRvcGljLXBzOTU1Mj9hcGktdmVyc2lvbj0yMDE4LTA5LTE1LXByZXZpZXc=",
      "RequestMethod": "GET",
      "RequestBody": "",
      "RequestHeaders": {
        "x-ms-client-request-id": [
          "11d1ec30-cba9-48ff-9ac4-5e53ce1e98ee"
        ],
        "accept-language": [
          "en-US"
        ],
        "User-Agent": [
          "FxVersion/4.7.3190.0",
          "OSName/Windows10Enterprise",
          "OSVersion/6.3.17763",
          "Microsoft.Azure.Management.EventGrid.EventGridManagementClient/2.1.0.0"
        ]
      },
      "ResponseBody": "{\r\n  \"properties\": {\r\n    \"provisioningState\": \"Succeeded\",\r\n    \"endpoint\": \"https://pstesttopic-ps9552.westus2-1.eventgrid.azure.net/api/events\",\r\n    \"inputSchema\": \"EventGridSchema\"\r\n  },\r\n  \"location\": \"westus2\",\r\n  \"tags\": {\r\n    \"test1\": \"testval1\",\r\n    \"test2\": \"testval2\"\r\n  },\r\n  \"id\": \"/subscriptions/55f3dcd4-cac7-43b4-990b-a139d62a1eb2/resourceGroups/RGName-ps6254/providers/Microsoft.EventGrid/topics/PSTestTopic-ps9552\",\r\n  \"name\": \"PSTestTopic-ps9552\",\r\n  \"type\": \"Microsoft.EventGrid/topics\"\r\n}",
      "ResponseHeaders": {
        "Content-Length": [
          "437"
        ],
        "Content-Type": [
          "application/json; charset=utf-8"
        ],
        "Expires": [
          "-1"
        ],
        "Pragma": [
          "no-cache"
        ],
        "Strict-Transport-Security": [
          "max-age=31536000; includeSubDomains"
        ],
        "x-ms-request-id": [
          "a8fe54cd-b27d-440b-b0a6-1b82b2bb0ff9"
        ],
        "x-ms-ratelimit-remaining-subscription-reads": [
          "11990"
        ],
        "x-ms-correlation-request-id": [
          "30d13ae1-0939-4edf-9327-840f5eccb522"
        ],
        "x-ms-routing-request-id": [
          "WESTUS2:20181022T025825Z:30d13ae1-0939-4edf-9327-840f5eccb522"
        ],
        "X-Content-Type-Options": [
          "nosniff"
        ],
        "Cache-Control": [
          "no-cache"
        ],
        "Date": [
          "Mon, 22 Oct 2018 02:58:24 GMT"
        ],
        "Server": [
          "Microsoft-HTTPAPI/2.0"
        ]
      },
      "StatusCode": 200
    },
    {
      "RequestUri": "/subscriptions/55f3dcd4-cac7-43b4-990b-a139d62a1eb2/resourceGroups/RGName-ps6254/providers/Microsoft.EventGrid/topics/PSTestTopic-ps9552?api-version=2018-09-15-preview",
      "EncodedRequestUri": "L3N1YnNjcmlwdGlvbnMvNTVmM2RjZDQtY2FjNy00M2I0LTk5MGItYTEzOWQ2MmExZWIyL3Jlc291cmNlR3JvdXBzL1JHTmFtZS1wczYyNTQvcHJvdmlkZXJzL01pY3Jvc29mdC5FdmVudEdyaWQvdG9waWNzL1BTVGVzdFRvcGljLXBzOTU1Mj9hcGktdmVyc2lvbj0yMDE4LTA5LTE1LXByZXZpZXc=",
      "RequestMethod": "GET",
      "RequestBody": "",
      "RequestHeaders": {
        "User-Agent": [
          "FxVersion/4.7.3190.0",
          "OSName/Windows10Enterprise",
          "OSVersion/6.3.17763",
          "Microsoft.Azure.Management.EventGrid.EventGridManagementClient/2.1.0.0"
        ]
      },
      "ResponseBody": "{\r\n  \"properties\": {\r\n    \"provisioningState\": \"Succeeded\",\r\n    \"endpoint\": \"https://pstesttopic-ps9552.westus2-1.eventgrid.azure.net/api/events\",\r\n    \"inputSchema\": \"EventGridSchema\"\r\n  },\r\n  \"location\": \"westus2\",\r\n  \"tags\": {\r\n    \"test1\": \"testval10\",\r\n    \"test2\": \"testval20\"\r\n  },\r\n  \"id\": \"/subscriptions/55f3dcd4-cac7-43b4-990b-a139d62a1eb2/resourceGroups/RGName-ps6254/providers/Microsoft.EventGrid/topics/PSTestTopic-ps9552\",\r\n  \"name\": \"PSTestTopic-ps9552\",\r\n  \"type\": \"Microsoft.EventGrid/topics\"\r\n}",
      "ResponseHeaders": {
        "Content-Length": [
          "439"
        ],
        "Content-Type": [
          "application/json; charset=utf-8"
        ],
        "Expires": [
          "-1"
        ],
        "Pragma": [
          "no-cache"
        ],
        "Strict-Transport-Security": [
          "max-age=31536000; includeSubDomains"
        ],
        "x-ms-request-id": [
          "3ae09b2c-fda7-483c-9ece-28e50e5493ee"
        ],
        "x-ms-ratelimit-remaining-subscription-reads": [
          "11988"
        ],
        "x-ms-correlation-request-id": [
          "0dcf6f16-bb93-4bc3-9659-1ab93f5e9bc8"
        ],
        "x-ms-routing-request-id": [
          "WESTUS2:20181022T025836Z:0dcf6f16-bb93-4bc3-9659-1ab93f5e9bc8"
        ],
        "X-Content-Type-Options": [
          "nosniff"
        ],
        "Cache-Control": [
          "no-cache"
        ],
        "Date": [
          "Mon, 22 Oct 2018 02:58:36 GMT"
        ],
        "Server": [
          "Microsoft-HTTPAPI/2.0"
        ]
      },
      "StatusCode": 200
    },
    {
      "RequestUri": "/subscriptions/55f3dcd4-cac7-43b4-990b-a139d62a1eb2/providers/Microsoft.EventGrid/locations/westus2/operationsStatus/92C85372-7282-4862-8203-E8B08E380CCA?api-version=2018-09-15-preview",
      "EncodedRequestUri": "L3N1YnNjcmlwdGlvbnMvNTVmM2RjZDQtY2FjNy00M2I0LTk5MGItYTEzOWQ2MmExZWIyL3Byb3ZpZGVycy9NaWNyb3NvZnQuRXZlbnRHcmlkL2xvY2F0aW9ucy93ZXN0dXMyL29wZXJhdGlvbnNTdGF0dXMvOTJDODUzNzItNzI4Mi00ODYyLTgyMDMtRThCMDhFMzgwQ0NBP2FwaS12ZXJzaW9uPTIwMTgtMDktMTUtcHJldmlldw==",
      "RequestMethod": "GET",
      "RequestBody": "",
      "RequestHeaders": {
        "User-Agent": [
          "FxVersion/4.7.3190.0",
          "OSName/Windows10Enterprise",
          "OSVersion/6.3.17763",
          "Microsoft.Azure.Management.EventGrid.EventGridManagementClient/2.1.0.0"
        ]
      },
      "ResponseBody": "{\r\n  \"id\": \"https://management.azure.com/subscriptions/55f3dcd4-cac7-43b4-990b-a139d62a1eb2/providers/Microsoft.EventGrid/locations/westus2/operationsStatus/92C85372-7282-4862-8203-E8B08E380CCA?api-version=2018-09-15-preview\",\r\n  \"name\": \"92c85372-7282-4862-8203-e8b08e380cca\",\r\n  \"status\": \"Succeeded\"\r\n}",
      "ResponseHeaders": {
        "Content-Length": [
          "288"
        ],
        "Content-Type": [
          "application/json; charset=utf-8"
        ],
        "Expires": [
          "-1"
        ],
        "Pragma": [
          "no-cache"
        ],
        "Strict-Transport-Security": [
          "max-age=31536000; includeSubDomains"
        ],
        "x-ms-request-id": [
          "d4fed098-cdf6-4a82-af79-048f1ea79644"
        ],
        "x-ms-ratelimit-remaining-subscription-reads": [
          "11996"
        ],
        "x-ms-correlation-request-id": [
          "324df594-595d-462b-af1e-2d4743830f1c"
        ],
        "x-ms-routing-request-id": [
          "WESTUS2:20181022T025813Z:324df594-595d-462b-af1e-2d4743830f1c"
        ],
        "X-Content-Type-Options": [
          "nosniff"
        ],
        "Cache-Control": [
          "no-cache"
        ],
        "Date": [
          "Mon, 22 Oct 2018 02:58:13 GMT"
        ],
        "Server": [
          "Microsoft-HTTPAPI/2.0"
        ]
      },
      "StatusCode": 200
    },
    {
      "RequestUri": "/subscriptions/55f3dcd4-cac7-43b4-990b-a139d62a1eb2/providers/Microsoft.EventGrid/locations/westus2/operationsStatus/E4CA4F08-3B77-4EAB-A746-53FCE71E7F36?api-version=2018-09-15-preview",
      "EncodedRequestUri": "L3N1YnNjcmlwdGlvbnMvNTVmM2RjZDQtY2FjNy00M2I0LTk5MGItYTEzOWQ2MmExZWIyL3Byb3ZpZGVycy9NaWNyb3NvZnQuRXZlbnRHcmlkL2xvY2F0aW9ucy93ZXN0dXMyL29wZXJhdGlvbnNTdGF0dXMvRTRDQTRGMDgtM0I3Ny00RUFCLUE3NDYtNTNGQ0U3MUU3RjM2P2FwaS12ZXJzaW9uPTIwMTgtMDktMTUtcHJldmlldw==",
      "RequestMethod": "GET",
      "RequestBody": "",
      "RequestHeaders": {
        "User-Agent": [
          "FxVersion/4.7.3190.0",
          "OSName/Windows10Enterprise",
          "OSVersion/6.3.17763",
          "Microsoft.Azure.Management.EventGrid.EventGridManagementClient/2.1.0.0"
        ]
      },
      "ResponseBody": "{\r\n  \"id\": \"https://management.azure.com/subscriptions/55f3dcd4-cac7-43b4-990b-a139d62a1eb2/providers/Microsoft.EventGrid/locations/westus2/operationsStatus/E4CA4F08-3B77-4EAB-A746-53FCE71E7F36?api-version=2018-09-15-preview\",\r\n  \"name\": \"e4ca4f08-3b77-4eab-a746-53fce71e7f36\",\r\n  \"status\": \"Succeeded\"\r\n}",
      "ResponseHeaders": {
        "Content-Length": [
          "288"
        ],
        "Content-Type": [
          "application/json; charset=utf-8"
        ],
        "Expires": [
          "-1"
        ],
        "Pragma": [
          "no-cache"
        ],
        "Strict-Transport-Security": [
          "max-age=31536000; includeSubDomains"
        ],
        "x-ms-request-id": [
          "92ec37e2-71b1-4362-abdd-f84ae152a533"
        ],
        "x-ms-ratelimit-remaining-subscription-reads": [
          "11993"
        ],
        "x-ms-correlation-request-id": [
          "a20c9afa-3331-4736-ac47-b0cafc12ffe8"
        ],
        "x-ms-routing-request-id": [
          "WESTUS2:20181022T025824Z:a20c9afa-3331-4736-ac47-b0cafc12ffe8"
        ],
        "X-Content-Type-Options": [
          "nosniff"
        ],
        "Cache-Control": [
          "no-cache"
        ],
        "Date": [
          "Mon, 22 Oct 2018 02:58:24 GMT"
        ],
        "Server": [
          "Microsoft-HTTPAPI/2.0"
        ]
      },
      "StatusCode": 200
    },
    {
      "RequestUri": "/subscriptions/55f3dcd4-cac7-43b4-990b-a139d62a1eb2/providers/Microsoft.EventGrid/locations/westus2/operationsStatus/A4978BAD-83F1-461F-B11F-9265BED970A2?api-version=2018-09-15-preview",
      "EncodedRequestUri": "L3N1YnNjcmlwdGlvbnMvNTVmM2RjZDQtY2FjNy00M2I0LTk5MGItYTEzOWQ2MmExZWIyL3Byb3ZpZGVycy9NaWNyb3NvZnQuRXZlbnRHcmlkL2xvY2F0aW9ucy93ZXN0dXMyL29wZXJhdGlvbnNTdGF0dXMvQTQ5NzhCQUQtODNGMS00NjFGLUIxMUYtOTI2NUJFRDk3MEEyP2FwaS12ZXJzaW9uPTIwMTgtMDktMTUtcHJldmlldw==",
      "RequestMethod": "GET",
      "RequestBody": "",
      "RequestHeaders": {
        "User-Agent": [
          "FxVersion/4.7.3190.0",
          "OSName/Windows10Enterprise",
          "OSVersion/6.3.17763",
          "Microsoft.Azure.Management.EventGrid.EventGridManagementClient/2.1.0.0"
        ]
      },
      "ResponseBody": "{\r\n  \"id\": \"https://management.azure.com/subscriptions/55f3dcd4-cac7-43b4-990b-a139d62a1eb2/providers/Microsoft.EventGrid/locations/westus2/operationsStatus/A4978BAD-83F1-461F-B11F-9265BED970A2?api-version=2018-09-15-preview\",\r\n  \"name\": \"a4978bad-83f1-461f-b11f-9265bed970a2\",\r\n  \"status\": \"Succeeded\"\r\n}",
      "ResponseHeaders": {
        "Content-Length": [
          "288"
        ],
        "Content-Type": [
          "application/json; charset=utf-8"
        ],
        "Expires": [
          "-1"
        ],
        "Pragma": [
          "no-cache"
        ],
        "Strict-Transport-Security": [
          "max-age=31536000; includeSubDomains"
        ],
        "x-ms-request-id": [
          "5410f70c-5f27-4197-bcb1-fff9f855bd24"
        ],
        "x-ms-ratelimit-remaining-subscription-reads": [
          "11989"
        ],
        "x-ms-correlation-request-id": [
          "b5ababd8-1d9e-4418-a16a-7bb413104405"
        ],
        "x-ms-routing-request-id": [
          "WESTUS2:20181022T025836Z:b5ababd8-1d9e-4418-a16a-7bb413104405"
        ],
        "X-Content-Type-Options": [
          "nosniff"
        ],
        "Cache-Control": [
          "no-cache"
        ],
        "Date": [
          "Mon, 22 Oct 2018 02:58:36 GMT"
        ],
        "Server": [
          "Microsoft-HTTPAPI/2.0"
        ]
      },
      "StatusCode": 200
    },
    {
      "RequestUri": "/subscriptions/55f3dcd4-cac7-43b4-990b-a139d62a1eb2/resourceGroups/RGName-ps6254/providers/Microsoft.EventGrid/topics/PSTestTopic-ps9552?api-version=2018-09-15-preview",
      "EncodedRequestUri": "L3N1YnNjcmlwdGlvbnMvNTVmM2RjZDQtY2FjNy00M2I0LTk5MGItYTEzOWQ2MmExZWIyL3Jlc291cmNlR3JvdXBzL1JHTmFtZS1wczYyNTQvcHJvdmlkZXJzL01pY3Jvc29mdC5FdmVudEdyaWQvdG9waWNzL1BTVGVzdFRvcGljLXBzOTU1Mj9hcGktdmVyc2lvbj0yMDE4LTA5LTE1LXByZXZpZXc=",
      "RequestMethod": "DELETE",
      "RequestBody": "",
      "RequestHeaders": {
        "x-ms-client-request-id": [
          "2e061f26-c20c-461e-875c-ee2dbba2c0f0"
        ],
        "accept-language": [
          "en-US"
        ],
        "User-Agent": [
          "FxVersion/4.7.3190.0",
          "OSName/Windows10Enterprise",
          "OSVersion/6.3.17763",
          "Microsoft.Azure.Management.EventGrid.EventGridManagementClient/2.1.0.0"
        ]
      },
      "ResponseBody": "",
      "ResponseHeaders": {
        "Content-Length": [
          "0"
        ],
        "Expires": [
          "-1"
        ],
        "Pragma": [
          "no-cache"
        ],
        "Retry-After": [
          "10"
        ],
        "Strict-Transport-Security": [
          "max-age=31536000; includeSubDomains"
        ],
        "x-ms-ratelimit-remaining-subscription-deletes": [
          "14997"
        ],
        "x-ms-request-id": [
          "3ffece47-a6ea-4927-8739-b4bda2a809e8"
        ],
        "x-ms-correlation-request-id": [
          "3ffece47-a6ea-4927-8739-b4bda2a809e8"
        ],
        "x-ms-routing-request-id": [
          "WESTUS2:20181022T025837Z:3ffece47-a6ea-4927-8739-b4bda2a809e8"
        ],
        "X-Content-Type-Options": [
          "nosniff"
        ],
        "Cache-Control": [
          "no-cache"
        ],
        "Date": [
          "Mon, 22 Oct 2018 02:58:36 GMT"
        ],
        "Location": [
          "https://management.azure.com/subscriptions/55f3dcd4-cac7-43b4-990b-a139d62a1eb2/providers/Microsoft.EventGrid/locations/westus2/operationResults/E64653B6-0F9E-4707-A23F-E80C9A591E8A?api-version=2018-09-15-preview"
        ],
        "Server": [
          "Microsoft-HTTPAPI/2.0"
        ]
      },
      "StatusCode": 202
    },
    {
      "RequestUri": "/subscriptions/55f3dcd4-cac7-43b4-990b-a139d62a1eb2/providers/Microsoft.EventGrid/locations/westus2/operationResults/E64653B6-0F9E-4707-A23F-E80C9A591E8A?api-version=2018-09-15-preview",
      "EncodedRequestUri": "L3N1YnNjcmlwdGlvbnMvNTVmM2RjZDQtY2FjNy00M2I0LTk5MGItYTEzOWQ2MmExZWIyL3Byb3ZpZGVycy9NaWNyb3NvZnQuRXZlbnRHcmlkL2xvY2F0aW9ucy93ZXN0dXMyL29wZXJhdGlvblJlc3VsdHMvRTY0NjUzQjYtMEY5RS00NzA3LUEyM0YtRTgwQzlBNTkxRThBP2FwaS12ZXJzaW9uPTIwMTgtMDktMTUtcHJldmlldw==",
      "RequestMethod": "GET",
      "RequestBody": "",
      "RequestHeaders": {
        "User-Agent": [
          "FxVersion/4.7.3190.0",
          "OSName/Windows10Enterprise",
          "OSVersion/6.3.17763",
          "Microsoft.Azure.Management.EventGrid.EventGridManagementClient/2.1.0.0"
        ]
      },
      "ResponseBody": "",
      "ResponseHeaders": {
        "Content-Length": [
          "0"
        ],
        "Expires": [
          "-1"
        ],
        "Pragma": [
          "no-cache"
        ],
        "Strict-Transport-Security": [
          "max-age=31536000; includeSubDomains"
        ],
        "x-ms-request-id": [
          "b8e8463f-846e-4cd2-b59d-6f18e2b94409"
        ],
        "x-ms-ratelimit-remaining-subscription-reads": [
          "11987"
        ],
        "x-ms-correlation-request-id": [
          "e8038915-2863-4a40-9fc2-89b5d98f7670"
        ],
        "x-ms-routing-request-id": [
          "WESTUS2:20181022T025847Z:e8038915-2863-4a40-9fc2-89b5d98f7670"
        ],
        "X-Content-Type-Options": [
          "nosniff"
        ],
        "Cache-Control": [
          "no-cache"
        ],
        "Date": [
          "Mon, 22 Oct 2018 02:58:46 GMT"
        ],
        "Server": [
          "Microsoft-HTTPAPI/2.0"
        ]
      },
      "StatusCode": 200
    },
    {
      "RequestUri": "/subscriptions/55f3dcd4-cac7-43b4-990b-a139d62a1eb2/providers/Microsoft.EventGrid/locations/westus2/operationResults/E64653B6-0F9E-4707-A23F-E80C9A591E8A?api-version=2018-09-15-preview",
      "EncodedRequestUri": "L3N1YnNjcmlwdGlvbnMvNTVmM2RjZDQtY2FjNy00M2I0LTk5MGItYTEzOWQ2MmExZWIyL3Byb3ZpZGVycy9NaWNyb3NvZnQuRXZlbnRHcmlkL2xvY2F0aW9ucy93ZXN0dXMyL29wZXJhdGlvblJlc3VsdHMvRTY0NjUzQjYtMEY5RS00NzA3LUEyM0YtRTgwQzlBNTkxRThBP2FwaS12ZXJzaW9uPTIwMTgtMDktMTUtcHJldmlldw==",
      "RequestMethod": "GET",
      "RequestBody": "",
      "RequestHeaders": {
        "User-Agent": [
          "FxVersion/4.7.3190.0",
          "OSName/Windows10Enterprise",
          "OSVersion/6.3.17763",
          "Microsoft.Azure.Management.EventGrid.EventGridManagementClient/2.1.0.0"
        ]
      },
      "ResponseBody": "",
      "ResponseHeaders": {
        "Content-Length": [
          "0"
        ],
        "Expires": [
          "-1"
        ],
        "Pragma": [
          "no-cache"
        ],
        "Strict-Transport-Security": [
          "max-age=31536000; includeSubDomains"
        ],
        "x-ms-request-id": [
          "256469b2-28c0-47ab-b718-eb32a47245e2"
        ],
        "x-ms-ratelimit-remaining-subscription-reads": [
          "11986"
        ],
        "x-ms-correlation-request-id": [
          "a14e3812-d49a-4ed9-8048-a08b20168965"
        ],
        "x-ms-routing-request-id": [
          "WESTUS2:20181022T025847Z:a14e3812-d49a-4ed9-8048-a08b20168965"
        ],
        "X-Content-Type-Options": [
          "nosniff"
        ],
        "Cache-Control": [
          "no-cache"
        ],
        "Date": [
          "Mon, 22 Oct 2018 02:58:46 GMT"
        ],
        "Server": [
          "Microsoft-HTTPAPI/2.0"
        ]
      },
      "StatusCode": 200
    },
    {
      "RequestUri": "/subscriptions/55f3dcd4-cac7-43b4-990b-a139d62a1eb2/resourcegroups/RGName-ps6254?api-version=2016-09-01",
      "EncodedRequestUri": "L3N1YnNjcmlwdGlvbnMvNTVmM2RjZDQtY2FjNy00M2I0LTk5MGItYTEzOWQ2MmExZWIyL3Jlc291cmNlZ3JvdXBzL1JHTmFtZS1wczYyNTQ/YXBpLXZlcnNpb249MjAxNi0wOS0wMQ==",
      "RequestMethod": "DELETE",
      "RequestBody": "",
      "RequestHeaders": {
        "x-ms-client-request-id": [
          "f55778f6-77a5-47fa-8164-ea60b56d7b92"
        ],
        "accept-language": [
          "en-US"
        ],
        "User-Agent": [
          "FxVersion/4.7.3190.0",
          "OSName/Windows10Enterprise",
          "OSVersion/6.3.17763",
          "Microsoft.Azure.Management.Internal.Resources.ResourceManagementClient/4.1.0"
        ]
      },
      "ResponseBody": "",
      "ResponseHeaders": {
        "Content-Length": [
          "0"
        ],
        "Expires": [
          "-1"
        ],
        "Pragma": [
          "no-cache"
        ],
        "Retry-After": [
          "15"
        ],
        "x-ms-ratelimit-remaining-subscription-deletes": [
          "14998"
        ],
        "x-ms-request-id": [
          "7c75bcc5-4c80-48e9-94da-aee1498c22a1"
        ],
        "x-ms-correlation-request-id": [
          "7c75bcc5-4c80-48e9-94da-aee1498c22a1"
        ],
        "x-ms-routing-request-id": [
          "WESTUS2:20181022T025847Z:7c75bcc5-4c80-48e9-94da-aee1498c22a1"
        ],
        "Strict-Transport-Security": [
          "max-age=31536000; includeSubDomains"
        ],
        "X-Content-Type-Options": [
          "nosniff"
        ],
        "Cache-Control": [
          "no-cache"
        ],
        "Date": [
          "Mon, 22 Oct 2018 02:58:46 GMT"
        ],
        "Location": [
          "https://management.azure.com/subscriptions/55f3dcd4-cac7-43b4-990b-a139d62a1eb2/operationresults/eyJqb2JJZCI6IlJFU09VUkNFR1JPVVBERUxFVElPTkpPQi1SR05BTUU6MkRQUzYyNTQtV0VTVFVTMiIsImpvYkxvY2F0aW9uIjoid2VzdHVzMiJ9?api-version=2016-09-01"
        ]
      },
      "StatusCode": 202
    },
    {
      "RequestUri": "/subscriptions/55f3dcd4-cac7-43b4-990b-a139d62a1eb2/operationresults/eyJqb2JJZCI6IlJFU09VUkNFR1JPVVBERUxFVElPTkpPQi1SR05BTUU6MkRQUzYyNTQtV0VTVFVTMiIsImpvYkxvY2F0aW9uIjoid2VzdHVzMiJ9?api-version=2016-09-01",
      "EncodedRequestUri": "L3N1YnNjcmlwdGlvbnMvNTVmM2RjZDQtY2FjNy00M2I0LTk5MGItYTEzOWQ2MmExZWIyL29wZXJhdGlvbnJlc3VsdHMvZXlKcWIySkpaQ0k2SWxKRlUwOVZVa05GUjFKUFZWQkVSVXhGVkVsUFRrcFBRaTFTUjA1QlRVVTZNa1JRVXpZeU5UUXRWMFZUVkZWVE1pSXNJbXB2WWt4dlkyRjBhVzl1SWpvaWQyVnpkSFZ6TWlKOT9hcGktdmVyc2lvbj0yMDE2LTA5LTAx",
      "RequestMethod": "GET",
      "RequestBody": "",
      "RequestHeaders": {
        "User-Agent": [
          "FxVersion/4.7.3190.0",
          "OSName/Windows10Enterprise",
          "OSVersion/6.3.17763",
          "Microsoft.Azure.Management.Internal.Resources.ResourceManagementClient/4.1.0"
        ]
      },
      "ResponseBody": "",
      "ResponseHeaders": {
        "Content-Length": [
          "0"
        ],
        "Expires": [
          "-1"
        ],
        "Pragma": [
          "no-cache"
        ],
        "Retry-After": [
          "15"
        ],
        "x-ms-ratelimit-remaining-subscription-reads": [
          "11995"
        ],
        "x-ms-request-id": [
          "7e525501-dae2-49e8-b3f0-5a496fb649c2"
        ],
        "x-ms-correlation-request-id": [
          "7e525501-dae2-49e8-b3f0-5a496fb649c2"
        ],
        "x-ms-routing-request-id": [
          "WESTUS2:20181022T025902Z:7e525501-dae2-49e8-b3f0-5a496fb649c2"
        ],
        "Strict-Transport-Security": [
          "max-age=31536000; includeSubDomains"
        ],
        "X-Content-Type-Options": [
          "nosniff"
        ],
        "Cache-Control": [
          "no-cache"
        ],
        "Date": [
          "Mon, 22 Oct 2018 02:59:01 GMT"
        ],
        "Location": [
          "https://management.azure.com/subscriptions/55f3dcd4-cac7-43b4-990b-a139d62a1eb2/operationresults/eyJqb2JJZCI6IlJFU09VUkNFR1JPVVBERUxFVElPTkpPQi1SR05BTUU6MkRQUzYyNTQtV0VTVFVTMiIsImpvYkxvY2F0aW9uIjoid2VzdHVzMiJ9?api-version=2016-09-01"
        ]
      },
      "StatusCode": 202
    },
    {
      "RequestUri": "/subscriptions/55f3dcd4-cac7-43b4-990b-a139d62a1eb2/operationresults/eyJqb2JJZCI6IlJFU09VUkNFR1JPVVBERUxFVElPTkpPQi1SR05BTUU6MkRQUzYyNTQtV0VTVFVTMiIsImpvYkxvY2F0aW9uIjoid2VzdHVzMiJ9?api-version=2016-09-01",
      "EncodedRequestUri": "L3N1YnNjcmlwdGlvbnMvNTVmM2RjZDQtY2FjNy00M2I0LTk5MGItYTEzOWQ2MmExZWIyL29wZXJhdGlvbnJlc3VsdHMvZXlKcWIySkpaQ0k2SWxKRlUwOVZVa05GUjFKUFZWQkVSVXhGVkVsUFRrcFBRaTFTUjA1QlRVVTZNa1JRVXpZeU5UUXRWMFZUVkZWVE1pSXNJbXB2WWt4dlkyRjBhVzl1SWpvaWQyVnpkSFZ6TWlKOT9hcGktdmVyc2lvbj0yMDE2LTA5LTAx",
      "RequestMethod": "GET",
      "RequestBody": "",
      "RequestHeaders": {
        "User-Agent": [
          "FxVersion/4.7.3190.0",
          "OSName/Windows10Enterprise",
          "OSVersion/6.3.17763",
          "Microsoft.Azure.Management.Internal.Resources.ResourceManagementClient/4.1.0"
        ]
      },
      "ResponseBody": "",
      "ResponseHeaders": {
        "Content-Length": [
          "0"
        ],
        "Expires": [
          "-1"
        ],
        "Pragma": [
          "no-cache"
        ],
        "Retry-After": [
          "15"
        ],
        "x-ms-ratelimit-remaining-subscription-reads": [
          "11994"
        ],
        "x-ms-request-id": [
          "88368c76-320e-482b-be4d-e1c591acc374"
        ],
        "x-ms-correlation-request-id": [
          "88368c76-320e-482b-be4d-e1c591acc374"
        ],
        "x-ms-routing-request-id": [
          "WESTUS2:20181022T025917Z:88368c76-320e-482b-be4d-e1c591acc374"
        ],
        "Strict-Transport-Security": [
          "max-age=31536000; includeSubDomains"
        ],
        "X-Content-Type-Options": [
          "nosniff"
        ],
        "Cache-Control": [
          "no-cache"
        ],
        "Date": [
          "Mon, 22 Oct 2018 02:59:17 GMT"
        ],
        "Location": [
          "https://management.azure.com/subscriptions/55f3dcd4-cac7-43b4-990b-a139d62a1eb2/operationresults/eyJqb2JJZCI6IlJFU09VUkNFR1JPVVBERUxFVElPTkpPQi1SR05BTUU6MkRQUzYyNTQtV0VTVFVTMiIsImpvYkxvY2F0aW9uIjoid2VzdHVzMiJ9?api-version=2016-09-01"
        ]
      },
      "StatusCode": 202
    },
    {
      "RequestUri": "/subscriptions/55f3dcd4-cac7-43b4-990b-a139d62a1eb2/operationresults/eyJqb2JJZCI6IlJFU09VUkNFR1JPVVBERUxFVElPTkpPQi1SR05BTUU6MkRQUzYyNTQtV0VTVFVTMiIsImpvYkxvY2F0aW9uIjoid2VzdHVzMiJ9?api-version=2016-09-01",
      "EncodedRequestUri": "L3N1YnNjcmlwdGlvbnMvNTVmM2RjZDQtY2FjNy00M2I0LTk5MGItYTEzOWQ2MmExZWIyL29wZXJhdGlvbnJlc3VsdHMvZXlKcWIySkpaQ0k2SWxKRlUwOVZVa05GUjFKUFZWQkVSVXhGVkVsUFRrcFBRaTFTUjA1QlRVVTZNa1JRVXpZeU5UUXRWMFZUVkZWVE1pSXNJbXB2WWt4dlkyRjBhVzl1SWpvaWQyVnpkSFZ6TWlKOT9hcGktdmVyc2lvbj0yMDE2LTA5LTAx",
      "RequestMethod": "GET",
      "RequestBody": "",
      "RequestHeaders": {
        "User-Agent": [
          "FxVersion/4.7.3190.0",
          "OSName/Windows10Enterprise",
          "OSVersion/6.3.17763",
          "Microsoft.Azure.Management.Internal.Resources.ResourceManagementClient/4.1.0"
        ]
      },
      "ResponseBody": "",
      "ResponseHeaders": {
        "Content-Length": [
          "0"
        ],
        "Expires": [
          "-1"
        ],
        "Pragma": [
          "no-cache"
        ],
        "x-ms-ratelimit-remaining-subscription-reads": [
          "11993"
        ],
        "x-ms-request-id": [
          "50447ab7-ccc6-4025-b3d6-0bd67650acc2"
        ],
        "x-ms-correlation-request-id": [
          "50447ab7-ccc6-4025-b3d6-0bd67650acc2"
        ],
        "x-ms-routing-request-id": [
          "WESTUS2:20181022T025932Z:50447ab7-ccc6-4025-b3d6-0bd67650acc2"
        ],
        "Strict-Transport-Security": [
          "max-age=31536000; includeSubDomains"
        ],
        "X-Content-Type-Options": [
          "nosniff"
        ],
        "Cache-Control": [
          "no-cache"
        ],
        "Date": [
          "Mon, 22 Oct 2018 02:59:31 GMT"
        ]
      },
      "StatusCode": 200
    },
    {
      "RequestUri": "/subscriptions/55f3dcd4-cac7-43b4-990b-a139d62a1eb2/operationresults/eyJqb2JJZCI6IlJFU09VUkNFR1JPVVBERUxFVElPTkpPQi1SR05BTUU6MkRQUzYyNTQtV0VTVFVTMiIsImpvYkxvY2F0aW9uIjoid2VzdHVzMiJ9?api-version=2016-09-01",
      "EncodedRequestUri": "L3N1YnNjcmlwdGlvbnMvNTVmM2RjZDQtY2FjNy00M2I0LTk5MGItYTEzOWQ2MmExZWIyL29wZXJhdGlvbnJlc3VsdHMvZXlKcWIySkpaQ0k2SWxKRlUwOVZVa05GUjFKUFZWQkVSVXhGVkVsUFRrcFBRaTFTUjA1QlRVVTZNa1JRVXpZeU5UUXRWMFZUVkZWVE1pSXNJbXB2WWt4dlkyRjBhVzl1SWpvaWQyVnpkSFZ6TWlKOT9hcGktdmVyc2lvbj0yMDE2LTA5LTAx",
      "RequestMethod": "GET",
      "RequestBody": "",
      "RequestHeaders": {
        "User-Agent": [
          "FxVersion/4.7.3190.0",
          "OSName/Windows10Enterprise",
          "OSVersion/6.3.17763",
          "Microsoft.Azure.Management.Internal.Resources.ResourceManagementClient/4.1.0"
        ]
      },
      "ResponseBody": "",
      "ResponseHeaders": {
        "Content-Length": [
          "0"
        ],
        "Expires": [
          "-1"
        ],
        "Pragma": [
          "no-cache"
        ],
        "x-ms-ratelimit-remaining-subscription-reads": [
          "11992"
        ],
        "x-ms-request-id": [
          "d8fa2d51-819d-43e9-b7b7-f5e26f118cfd"
        ],
        "x-ms-correlation-request-id": [
          "d8fa2d51-819d-43e9-b7b7-f5e26f118cfd"
        ],
        "x-ms-routing-request-id": [
          "WESTUS2:20181022T025932Z:d8fa2d51-819d-43e9-b7b7-f5e26f118cfd"
        ],
        "Strict-Transport-Security": [
          "max-age=31536000; includeSubDomains"
        ],
        "X-Content-Type-Options": [
          "nosniff"
        ],
        "Cache-Control": [
          "no-cache"
        ],
        "Date": [
          "Mon, 22 Oct 2018 02:59:31 GMT"
        ]
      },
      "StatusCode": 200
    }
  ],
  "Names": {
    "": [
      "ps9552",
      "ps6254"
    ]
  },
  "Variables": {
    "SubscriptionId": "55f3dcd4-cac7-43b4-990b-a139d62a1eb2"
  }
}