{
  "Entries": [
    {
      "RequestUri": "/subscriptions/c75f6a44-0c50-4e42-b7ec-9ff5590b0944/providers/Microsoft.IoTCentral?api-version=2016-09-01",
      "EncodedRequestUri": "L3N1YnNjcmlwdGlvbnMvYzc1ZjZhNDQtMGM1MC00ZTQyLWI3ZWMtOWZmNTU5MGIwOTQ0L3Byb3ZpZGVycy9NaWNyb3NvZnQuSW9UQ2VudHJhbD9hcGktdmVyc2lvbj0yMDE2LTA5LTAx",
      "RequestMethod": "GET",
      "RequestBody": "",
      "RequestHeaders": {
        "x-ms-client-request-id": [
          "5297b952-fc37-42d7-916e-f396922c93cc"
        ],
        "Accept-Language": [
          "en-US"
        ],
        "User-Agent": [
          "FxVersion/4.6.26725.06",
          "OSName/Windows",
          "OSVersion/Microsoft.Windows.10.0.17763.",
          "Microsoft.Azure.Management.Internal.Resources.ResourceManagementClient/1.1.13"
        ]
      },
      "ResponseHeaders": {
        "Cache-Control": [
          "no-cache"
        ],
        "Pragma": [
          "no-cache"
        ],
        "x-ms-ratelimit-remaining-subscription-reads": [
          "11996"
        ],
        "x-ms-request-id": [
          "6979ac07-e025-4b83-80bb-b80727915741"
        ],
        "x-ms-correlation-request-id": [
          "6979ac07-e025-4b83-80bb-b80727915741"
        ],
        "x-ms-routing-request-id": [
          "WESTUS2:20190114T230926Z:6979ac07-e025-4b83-80bb-b80727915741"
        ],
        "Strict-Transport-Security": [
          "max-age=31536000; includeSubDomains"
        ],
        "X-Content-Type-Options": [
          "nosniff"
        ],
        "Date": [
          "Mon, 14 Jan 2019 23:09:26 GMT"
        ],
        "Content-Type": [
          "application/json; charset=utf-8"
        ],
        "Expires": [
          "-1"
        ],
        "Content-Length": [
          "976"
        ]
      },
      "ResponseBody": "{\r\n  \"id\": \"/subscriptions/c75f6a44-0c50-4e42-b7ec-9ff5590b0944/providers/Microsoft.IoTCentral\",\r\n  \"namespace\": \"Microsoft.IoTCentral\",\r\n  \"authorizations\": [\r\n    {\r\n      \"applicationId\": \"9edfcdd9-0bc5-4bd4-b287-c3afc716aac7\"\r\n    }\r\n  ],\r\n  \"resourceTypes\": [\r\n    {\r\n      \"resourceType\": \"IoTApps\",\r\n      \"locations\": [\r\n        \"West Europe\",\r\n        \"West US\",\r\n        \"East US 2\",\r\n        \"North Europe\",\r\n        \"East US\"\r\n      ],\r\n      \"apiVersions\": [\r\n        \"2018-09-01\",\r\n        \"2017-07-01-privatepreview\"\r\n      ],\r\n      \"capabilities\": \"CrossResourceGroupResourceMove, CrossSubscriptionResourceMove\"\r\n    },\r\n    {\r\n      \"resourceType\": \"checkNameAvailability\",\r\n      \"locations\": [\r\n        \"West Europe\",\r\n        \"West US\",\r\n        \"East US 2\",\r\n        \"North Europe\",\r\n        \"East US\"\r\n      ],\r\n      \"apiVersions\": [\r\n        \"2018-09-01\",\r\n        \"2017-07-01-privatepreview\"\r\n      ]\r\n    },\r\n    {\r\n      \"resourceType\": \"checkSubdomainAvailability\",\r\n      \"locations\": [\r\n        \"West Europe\",\r\n        \"West US\",\r\n        \"East US 2\",\r\n        \"North Europe\",\r\n        \"East US\"\r\n      ],\r\n      \"apiVersions\": [\r\n        \"2018-09-01\"\r\n      ]\r\n    },\r\n    {\r\n      \"resourceType\": \"operations\",\r\n      \"locations\": [\r\n        \"West Europe\",\r\n        \"West US\",\r\n        \"East US 2\",\r\n        \"North Europe\",\r\n        \"East US\"\r\n      ],\r\n      \"apiVersions\": [\r\n        \"2018-09-01\",\r\n        \"2017-07-01-privatepreview\"\r\n      ]\r\n    }\r\n  ],\r\n  \"registrationState\": \"Registered\"\r\n}",
      "StatusCode": 200
    },
    {
      "RequestUri": "/subscriptions/c75f6a44-0c50-4e42-b7ec-9ff5590b0944/resourcegroups/ps4862?api-version=2016-09-01",
      "EncodedRequestUri": "L3N1YnNjcmlwdGlvbnMvYzc1ZjZhNDQtMGM1MC00ZTQyLWI3ZWMtOWZmNTU5MGIwOTQ0L3Jlc291cmNlZ3JvdXBzL3BzNDg2Mj9hcGktdmVyc2lvbj0yMDE2LTA5LTAx",
      "RequestMethod": "PUT",
      "RequestBody": "{\r\n  \"location\": \"West Europe\"\r\n}",
      "RequestHeaders": {
        "x-ms-client-request-id": [
          "3786f7dc-04b9-4a0b-be10-10cf5baf6d34"
        ],
        "Accept-Language": [
          "en-US"
        ],
        "User-Agent": [
          "FxVersion/4.6.26725.06",
          "OSName/Windows",
          "OSVersion/Microsoft.Windows.10.0.17763.",
          "Microsoft.Azure.Management.Internal.Resources.ResourceManagementClient/1.1.13"
        ],
        "Content-Type": [
          "application/json; charset=utf-8"
        ],
        "Content-Length": [
          "33"
        ]
      },
      "ResponseHeaders": {
        "Cache-Control": [
          "no-cache"
        ],
        "Pragma": [
          "no-cache"
        ],
        "x-ms-ratelimit-remaining-subscription-writes": [
          "1199"
        ],
        "x-ms-request-id": [
          "a8dcaa0c-a8ed-4262-86d7-34316893aac5"
        ],
        "x-ms-correlation-request-id": [
          "a8dcaa0c-a8ed-4262-86d7-34316893aac5"
        ],
        "x-ms-routing-request-id": [
          "WESTUS2:20190114T230928Z:a8dcaa0c-a8ed-4262-86d7-34316893aac5"
        ],
        "Strict-Transport-Security": [
          "max-age=31536000; includeSubDomains"
        ],
        "X-Content-Type-Options": [
          "nosniff"
        ],
        "Date": [
          "Mon, 14 Jan 2019 23:09:28 GMT"
        ],
        "Content-Length": [
          "169"
        ],
        "Content-Type": [
          "application/json; charset=utf-8"
        ],
        "Expires": [
          "-1"
        ]
      },
      "ResponseBody": "{\r\n  \"id\": \"/subscriptions/c75f6a44-0c50-4e42-b7ec-9ff5590b0944/resourceGroups/ps4862\",\r\n  \"name\": \"ps4862\",\r\n  \"location\": \"westeurope\",\r\n  \"properties\": {\r\n    \"provisioningState\": \"Succeeded\"\r\n  }\r\n}",
      "StatusCode": 201
    },
    {
      "RequestUri": "/subscriptions/c75f6a44-0c50-4e42-b7ec-9ff5590b0944/providers/Microsoft.IoTCentral/checkNameAvailability?api-version=2018-09-01",
      "EncodedRequestUri": "L3N1YnNjcmlwdGlvbnMvYzc1ZjZhNDQtMGM1MC00ZTQyLWI3ZWMtOWZmNTU5MGIwOTQ0L3Byb3ZpZGVycy9NaWNyb3NvZnQuSW9UQ2VudHJhbC9jaGVja05hbWVBdmFpbGFiaWxpdHk/YXBpLXZlcnNpb249MjAxOC0wOS0wMQ==",
      "RequestMethod": "POST",
      "RequestBody": "{\r\n  \"name\": \"ps518\",\r\n  \"type\": \"IoTApps\"\r\n}",
      "RequestHeaders": {
        "x-ms-client-request-id": [
          "5ac9bb95-c9d1-43a0-ba57-4f1ed51d42b9"
        ],
        "Accept-Language": [
          "en-US"
        ],
        "User-Agent": [
          "FxVersion/4.6.26725.06",
          "OSName/Windows",
          "OSVersion/Microsoft.Windows.10.0.17763.",
          "Microsoft.Azure.Management.IotCentral.IotCentralClient/2.0.0.0"
        ],
        "Content-Type": [
          "application/json; charset=utf-8"
        ],
        "Content-Length": [
          "45"
        ]
      },
      "ResponseHeaders": {
        "Cache-Control": [
          "no-store, must-revalidate, no-cache, max-stale=0, private, post-check=0, pre-check=0"
        ],
        "ETag": [
          "W/\"16-4/x+wI91pK3bZiWtoOg+Zr/n2HE\""
        ],
        "Vary": [
          "Accept-Encoding"
        ],
        "x-ms-ratelimit-remaining-subscription-writes": [
          "1199"
        ],
        "x-ms-request-id": [
          "94a875db-8a9a-42d3-8c2f-b7d8835badc5"
        ],
        "x-iot-correlation": [
          "cv-9vuwbbck.0"
        ],
        "X-Content-Type-Options": [
          "nosniff"
        ],
        "X-Download-Options": [
          "noopen"
        ],
        "X-Frame-Options": [
          "deny"
        ],
        "X-XSS-Protection": [
          "1; mode=block"
        ],
        "X-IoT-Version": [
          "20190110.1"
        ],
        "X-IoT-Cluster": [
          "iotcprodwestus02"
        ],
        "Strict-Transport-Security": [
          "max-age=31536000; includeSubDomains"
        ],
        "X-MSEdge-Ref": [
          "Ref A: 2DCE2C0396334B83BD76FADB501C260C Ref B: CO1EDGE0515 Ref C: 2019-01-14T23:09:29Z"
        ],
        "x-ms-correlation-request-id": [
          "60641e56-b44d-41a7-a1d1-5c29f3f1541d"
        ],
        "x-ms-routing-request-id": [
          "WESTUS2:20190114T230929Z:60641e56-b44d-41a7-a1d1-5c29f3f1541d"
        ],
        "Date": [
          "Mon, 14 Jan 2019 23:09:28 GMT"
        ],
        "Content-Length": [
          "22"
        ],
        "Content-Type": [
          "application/json; charset=utf-8"
        ]
      },
      "ResponseBody": "{\r\n  \"nameAvailable\": true\r\n}",
      "StatusCode": 200
    },
    {
      "RequestUri": "/subscriptions/c75f6a44-0c50-4e42-b7ec-9ff5590b0944/providers/Microsoft.IoTCentral/checkNameAvailability?api-version=2018-09-01",
      "EncodedRequestUri": "L3N1YnNjcmlwdGlvbnMvYzc1ZjZhNDQtMGM1MC00ZTQyLWI3ZWMtOWZmNTU5MGIwOTQ0L3Byb3ZpZGVycy9NaWNyb3NvZnQuSW9UQ2VudHJhbC9jaGVja05hbWVBdmFpbGFiaWxpdHk/YXBpLXZlcnNpb249MjAxOC0wOS0wMQ==",
      "RequestMethod": "POST",
      "RequestBody": "{\r\n  \"name\": \"ps518-2\",\r\n  \"type\": \"IoTApps\"\r\n}",
      "RequestHeaders": {
        "x-ms-client-request-id": [
          "c54db0ac-1b89-4187-ba00-1c89427d3a08"
        ],
        "Accept-Language": [
          "en-US"
        ],
        "User-Agent": [
          "FxVersion/4.6.26725.06",
          "OSName/Windows",
          "OSVersion/Microsoft.Windows.10.0.17763.",
          "Microsoft.Azure.Management.IotCentral.IotCentralClient/2.0.0.0"
        ],
        "Content-Type": [
          "application/json; charset=utf-8"
        ],
        "Content-Length": [
          "47"
        ]
      },
      "ResponseHeaders": {
        "Cache-Control": [
          "no-store, must-revalidate, no-cache, max-stale=0, private, post-check=0, pre-check=0"
        ],
        "ETag": [
          "W/\"16-4/x+wI91pK3bZiWtoOg+Zr/n2HE\""
        ],
        "Vary": [
          "Accept-Encoding"
        ],
        "x-ms-ratelimit-remaining-subscription-writes": [
          "1197"
        ],
        "x-ms-request-id": [
          "0ae1c0c4-7f71-4adb-8854-c5b19b6ca577"
        ],
        "x-iot-correlation": [
          "cv-bzo24y2i.0"
        ],
        "X-Content-Type-Options": [
          "nosniff"
        ],
        "X-Download-Options": [
          "noopen"
        ],
        "X-Frame-Options": [
          "deny"
        ],
        "X-XSS-Protection": [
          "1; mode=block"
        ],
        "X-IoT-Version": [
          "20190110.1"
        ],
        "X-IoT-Cluster": [
          "iotcprodeastus203"
        ],
        "Strict-Transport-Security": [
          "max-age=31536000; includeSubDomains"
        ],
        "X-MSEdge-Ref": [
          "Ref A: 8C5DE6D41AF74241BD54EE459F7649D6 Ref B: CO1EDGE0117 Ref C: 2019-01-14T23:10:21Z"
        ],
        "x-ms-correlation-request-id": [
          "225bf635-9c11-4fa2-b0b3-839f5ce6639f"
        ],
        "x-ms-routing-request-id": [
          "WESTUS2:20190114T231021Z:225bf635-9c11-4fa2-b0b3-839f5ce6639f"
        ],
        "Date": [
          "Mon, 14 Jan 2019 23:10:20 GMT"
        ],
        "Content-Length": [
          "22"
        ],
        "Content-Type": [
          "application/json; charset=utf-8"
        ]
      },
      "ResponseBody": "{\r\n  \"nameAvailable\": true\r\n}",
      "StatusCode": 200
    },
    {
      "RequestUri": "/subscriptions/c75f6a44-0c50-4e42-b7ec-9ff5590b0944/providers/Microsoft.IoTCentral/checkSubdomainAvailability?api-version=2018-09-01",
      "EncodedRequestUri": "L3N1YnNjcmlwdGlvbnMvYzc1ZjZhNDQtMGM1MC00ZTQyLWI3ZWMtOWZmNTU5MGIwOTQ0L3Byb3ZpZGVycy9NaWNyb3NvZnQuSW9UQ2VudHJhbC9jaGVja1N1YmRvbWFpbkF2YWlsYWJpbGl0eT9hcGktdmVyc2lvbj0yMDE4LTA5LTAx",
      "RequestMethod": "POST",
      "RequestBody": "{\r\n  \"name\": \"ps518subdomain\",\r\n  \"type\": \"IoTApps\"\r\n}",
      "RequestHeaders": {
        "x-ms-client-request-id": [
          "e18484bb-aa8f-48b6-8bfd-5caf3bf73233"
        ],
        "Accept-Language": [
          "en-US"
        ],
        "User-Agent": [
          "FxVersion/4.6.26725.06",
          "OSName/Windows",
          "OSVersion/Microsoft.Windows.10.0.17763.",
          "Microsoft.Azure.Management.IotCentral.IotCentralClient/2.0.0.0"
        ],
        "Content-Type": [
          "application/json; charset=utf-8"
        ],
        "Content-Length": [
          "54"
        ]
      },
      "ResponseHeaders": {
        "Cache-Control": [
          "no-store, must-revalidate, no-cache, max-stale=0, private, post-check=0, pre-check=0"
        ],
        "ETag": [
          "W/\"16-4/x+wI91pK3bZiWtoOg+Zr/n2HE\""
        ],
        "Vary": [
          "Accept-Encoding"
        ],
        "x-ms-ratelimit-remaining-subscription-writes": [
          "1198"
        ],
        "x-ms-request-id": [
          "fa70a2c9-2d78-4285-b2f8-20e4c1621723"
        ],
        "x-iot-correlation": [
          "cv-7azd5n3a.0"
        ],
        "X-Content-Type-Options": [
          "nosniff"
        ],
        "X-Download-Options": [
          "noopen"
        ],
        "X-Frame-Options": [
          "deny"
        ],
        "X-XSS-Protection": [
          "1; mode=block"
        ],
        "X-IoT-Version": [
          "20190110.1"
        ],
        "X-IoT-Cluster": [
          "iotcprodnortheurope02"
        ],
        "Strict-Transport-Security": [
          "max-age=31536000; includeSubDomains"
        ],
        "X-MSEdge-Ref": [
          "Ref A: F61457EAE4444B87B722F5E90372DC1A Ref B: CO1EDGE0515 Ref C: 2019-01-14T23:09:30Z"
        ],
        "x-ms-correlation-request-id": [
          "0d6f3b03-6ed6-431d-b8b6-5e0691cc4bd9"
        ],
        "x-ms-routing-request-id": [
          "WESTUS2:20190114T230930Z:0d6f3b03-6ed6-431d-b8b6-5e0691cc4bd9"
        ],
        "Date": [
          "Mon, 14 Jan 2019 23:09:29 GMT"
        ],
        "Content-Length": [
          "22"
        ],
        "Content-Type": [
          "application/json; charset=utf-8"
        ]
      },
      "ResponseBody": "{\r\n  \"nameAvailable\": true\r\n}",
      "StatusCode": 200
    },
    {
      "RequestUri": "/subscriptions/c75f6a44-0c50-4e42-b7ec-9ff5590b0944/providers/Microsoft.IoTCentral/checkSubdomainAvailability?api-version=2018-09-01",
      "EncodedRequestUri": "L3N1YnNjcmlwdGlvbnMvYzc1ZjZhNDQtMGM1MC00ZTQyLWI3ZWMtOWZmNTU5MGIwOTQ0L3Byb3ZpZGVycy9NaWNyb3NvZnQuSW9UQ2VudHJhbC9jaGVja1N1YmRvbWFpbkF2YWlsYWJpbGl0eT9hcGktdmVyc2lvbj0yMDE4LTA5LTAx",
      "RequestMethod": "POST",
      "RequestBody": "{\r\n  \"name\": \"ps518-2\",\r\n  \"type\": \"IoTApps\"\r\n}",
      "RequestHeaders": {
        "x-ms-client-request-id": [
          "5a4cb8ae-2051-46dc-8e59-39f1ac29e743"
        ],
        "Accept-Language": [
          "en-US"
        ],
        "User-Agent": [
          "FxVersion/4.6.26725.06",
          "OSName/Windows",
          "OSVersion/Microsoft.Windows.10.0.17763.",
          "Microsoft.Azure.Management.IotCentral.IotCentralClient/2.0.0.0"
        ],
        "Content-Type": [
          "application/json; charset=utf-8"
        ],
        "Content-Length": [
          "47"
        ]
      },
      "ResponseHeaders": {
        "Cache-Control": [
          "no-store, must-revalidate, no-cache, max-stale=0, private, post-check=0, pre-check=0"
        ],
        "ETag": [
          "W/\"16-4/x+wI91pK3bZiWtoOg+Zr/n2HE\""
        ],
        "Vary": [
          "Accept-Encoding"
        ],
        "x-ms-ratelimit-remaining-subscription-writes": [
          "1196"
        ],
        "x-ms-request-id": [
          "ad08eec5-c869-44e6-be5f-efef22120bbf"
        ],
        "x-iot-correlation": [
          "cv-bwslkwpq.0"
        ],
        "X-Content-Type-Options": [
          "nosniff"
        ],
        "X-Download-Options": [
          "noopen"
        ],
        "X-Frame-Options": [
          "deny"
        ],
        "X-XSS-Protection": [
          "1; mode=block"
        ],
        "X-IoT-Version": [
          "20190110.1"
        ],
        "X-IoT-Cluster": [
          "iotcprodnortheurope02"
        ],
        "Strict-Transport-Security": [
          "max-age=31536000; includeSubDomains"
        ],
        "X-MSEdge-Ref": [
          "Ref A: 960790BA9FD04BCD993E0B30D761EB78 Ref B: CO1EDGE0117 Ref C: 2019-01-14T23:10:22Z"
        ],
        "x-ms-correlation-request-id": [
          "fce9acc3-84e9-49b7-a4bc-b09917719584"
        ],
        "x-ms-routing-request-id": [
          "WESTUS2:20190114T231022Z:fce9acc3-84e9-49b7-a4bc-b09917719584"
        ],
        "Date": [
          "Mon, 14 Jan 2019 23:10:21 GMT"
        ],
        "Content-Length": [
          "22"
        ],
        "Content-Type": [
          "application/json; charset=utf-8"
        ]
      },
      "ResponseBody": "{\r\n  \"nameAvailable\": true\r\n}",
      "StatusCode": 200
    },
    {
      "RequestUri": "/subscriptions/c75f6a44-0c50-4e42-b7ec-9ff5590b0944/providers/Microsoft.IoTCentral/checkSubdomainAvailability?api-version=2018-09-01",
      "EncodedRequestUri": "L3N1YnNjcmlwdGlvbnMvYzc1ZjZhNDQtMGM1MC00ZTQyLWI3ZWMtOWZmNTU5MGIwOTQ0L3Byb3ZpZGVycy9NaWNyb3NvZnQuSW9UQ2VudHJhbC9jaGVja1N1YmRvbWFpbkF2YWlsYWJpbGl0eT9hcGktdmVyc2lvbj0yMDE4LTA5LTAx",
      "RequestMethod": "POST",
      "RequestBody": "{\r\n  \"name\": \"ps518subdomainnew\",\r\n  \"type\": \"IoTApps\"\r\n}",
      "RequestHeaders": {
        "x-ms-client-request-id": [
          "c0d9af03-e4c4-4090-a572-c6e884431b3a"
        ],
        "Accept-Language": [
          "en-US"
        ],
        "User-Agent": [
          "FxVersion/4.6.26725.06",
          "OSName/Windows",
          "OSVersion/Microsoft.Windows.10.0.17763.",
          "Microsoft.Azure.Management.IotCentral.IotCentralClient/2.0.0.0"
        ],
        "Content-Type": [
          "application/json; charset=utf-8"
        ],
        "Content-Length": [
          "57"
        ]
      },
      "ResponseHeaders": {
        "Cache-Control": [
          "no-store, must-revalidate, no-cache, max-stale=0, private, post-check=0, pre-check=0"
        ],
        "ETag": [
          "W/\"16-4/x+wI91pK3bZiWtoOg+Zr/n2HE\""
        ],
        "Vary": [
          "Accept-Encoding"
        ],
        "x-ms-ratelimit-remaining-subscription-writes": [
          "1195"
        ],
        "x-ms-request-id": [
          "afdb4dbd-4075-45f0-ab0f-ef08686e7c64"
        ],
        "x-iot-correlation": [
          "cv-cr0g38ni.0"
        ],
        "X-Content-Type-Options": [
          "nosniff"
        ],
        "X-Download-Options": [
          "noopen"
        ],
        "X-Frame-Options": [
          "deny"
        ],
        "X-XSS-Protection": [
          "1; mode=block"
        ],
        "X-IoT-Version": [
          "20190110.1"
        ],
        "X-IoT-Cluster": [
          "iotcprodwesteurope03"
        ],
        "Strict-Transport-Security": [
          "max-age=31536000; includeSubDomains"
        ],
        "X-MSEdge-Ref": [
          "Ref A: 7D2DA3DCB6884C5C8522456E4327F301 Ref B: CO1EDGE0211 Ref C: 2019-01-14T23:11:34Z"
        ],
        "x-ms-correlation-request-id": [
          "05c60100-82f6-411f-8083-ecc61889b27e"
        ],
        "x-ms-routing-request-id": [
          "WESTUS2:20190114T231134Z:05c60100-82f6-411f-8083-ecc61889b27e"
        ],
        "Date": [
          "Mon, 14 Jan 2019 23:11:33 GMT"
        ],
        "Content-Length": [
          "22"
        ],
        "Content-Type": [
          "application/json; charset=utf-8"
        ]
      },
      "ResponseBody": "{\r\n  \"nameAvailable\": true\r\n}",
      "StatusCode": 200
    },
    {
      "RequestUri": "/subscriptions/c75f6a44-0c50-4e42-b7ec-9ff5590b0944/resourcegroups/ps4862?api-version=2016-09-01",
      "EncodedRequestUri": "L3N1YnNjcmlwdGlvbnMvYzc1ZjZhNDQtMGM1MC00ZTQyLWI3ZWMtOWZmNTU5MGIwOTQ0L3Jlc291cmNlZ3JvdXBzL3BzNDg2Mj9hcGktdmVyc2lvbj0yMDE2LTA5LTAx",
      "RequestMethod": "GET",
      "RequestBody": "",
      "RequestHeaders": {
        "x-ms-client-request-id": [
          "7220d890-8bd6-4d75-81ed-302e7b91aa9d"
        ],
        "Accept-Language": [
          "en-US"
        ],
        "User-Agent": [
          "FxVersion/4.6.26725.06",
          "OSName/Windows",
          "OSVersion/Microsoft.Windows.10.0.17763.",
          "Microsoft.Azure.Management.Internal.Resources.ResourceManagementClient/1.1.13"
        ]
      },
      "ResponseHeaders": {
        "Cache-Control": [
          "no-cache"
        ],
        "Pragma": [
          "no-cache"
        ],
        "x-ms-ratelimit-remaining-subscription-reads": [
          "11995"
        ],
        "x-ms-request-id": [
          "4268244c-60a1-456e-af60-ae0166b7528e"
        ],
        "x-ms-correlation-request-id": [
          "4268244c-60a1-456e-af60-ae0166b7528e"
        ],
        "x-ms-routing-request-id": [
          "WESTUS2:20190114T230930Z:4268244c-60a1-456e-af60-ae0166b7528e"
        ],
        "Strict-Transport-Security": [
          "max-age=31536000; includeSubDomains"
        ],
        "X-Content-Type-Options": [
          "nosniff"
        ],
        "Date": [
          "Mon, 14 Jan 2019 23:09:30 GMT"
        ],
        "Content-Type": [
          "application/json; charset=utf-8"
        ],
        "Expires": [
          "-1"
        ],
        "Content-Length": [
          "169"
        ]
      },
      "ResponseBody": "{\r\n  \"id\": \"/subscriptions/c75f6a44-0c50-4e42-b7ec-9ff5590b0944/resourceGroups/ps4862\",\r\n  \"name\": \"ps4862\",\r\n  \"location\": \"westeurope\",\r\n  \"properties\": {\r\n    \"provisioningState\": \"Succeeded\"\r\n  }\r\n}",
      "StatusCode": 200
    },
    {
      "RequestUri": "/subscriptions/c75f6a44-0c50-4e42-b7ec-9ff5590b0944/resourcegroups/ps4862?api-version=2016-09-01",
      "EncodedRequestUri": "L3N1YnNjcmlwdGlvbnMvYzc1ZjZhNDQtMGM1MC00ZTQyLWI3ZWMtOWZmNTU5MGIwOTQ0L3Jlc291cmNlZ3JvdXBzL3BzNDg2Mj9hcGktdmVyc2lvbj0yMDE2LTA5LTAx",
      "RequestMethod": "GET",
      "RequestBody": "",
      "RequestHeaders": {
        "x-ms-client-request-id": [
          "5ca4277e-e15c-4929-a45c-bf0994d780bb"
        ],
        "Accept-Language": [
          "en-US"
        ],
        "User-Agent": [
          "FxVersion/4.6.26725.06",
          "OSName/Windows",
          "OSVersion/Microsoft.Windows.10.0.17763.",
          "Microsoft.Azure.Management.Internal.Resources.ResourceManagementClient/1.1.13"
        ]
      },
      "ResponseHeaders": {
        "Cache-Control": [
          "no-cache"
        ],
        "Pragma": [
          "no-cache"
        ],
        "x-ms-ratelimit-remaining-subscription-reads": [
          "11994"
        ],
        "x-ms-request-id": [
          "c47e96ba-75aa-4f14-9051-8ffef9358a4c"
        ],
        "x-ms-correlation-request-id": [
          "c47e96ba-75aa-4f14-9051-8ffef9358a4c"
        ],
        "x-ms-routing-request-id": [
          "WESTUS2:20190114T231022Z:c47e96ba-75aa-4f14-9051-8ffef9358a4c"
        ],
        "Strict-Transport-Security": [
          "max-age=31536000; includeSubDomains"
        ],
        "X-Content-Type-Options": [
          "nosniff"
        ],
        "Date": [
          "Mon, 14 Jan 2019 23:10:22 GMT"
        ],
        "Content-Type": [
          "application/json; charset=utf-8"
        ],
        "Expires": [
          "-1"
        ],
        "Content-Length": [
          "169"
        ]
      },
      "ResponseBody": "{\r\n  \"id\": \"/subscriptions/c75f6a44-0c50-4e42-b7ec-9ff5590b0944/resourceGroups/ps4862\",\r\n  \"name\": \"ps4862\",\r\n  \"location\": \"westeurope\",\r\n  \"properties\": {\r\n    \"provisioningState\": \"Succeeded\"\r\n  }\r\n}",
      "StatusCode": 200
    },
    {
      "RequestUri": "/subscriptions/c75f6a44-0c50-4e42-b7ec-9ff5590b0944/resourceGroups/ps4862/providers/Microsoft.IoTCentral/IoTApps/ps518?api-version=2018-09-01",
      "EncodedRequestUri": "L3N1YnNjcmlwdGlvbnMvYzc1ZjZhNDQtMGM1MC00ZTQyLWI3ZWMtOWZmNTU5MGIwOTQ0L3Jlc291cmNlR3JvdXBzL3BzNDg2Mi9wcm92aWRlcnMvTWljcm9zb2Z0LklvVENlbnRyYWwvSW9UQXBwcy9wczUxOD9hcGktdmVyc2lvbj0yMDE4LTA5LTAx",
      "RequestMethod": "PUT",
      "RequestBody": "{\r\n  \"properties\": {\r\n    \"displayName\": \"Custom IoT Central App DisplayName\",\r\n    \"subdomain\": \"ps518subdomain\"\r\n  },\r\n  \"sku\": {\r\n    \"name\": \"S1\"\r\n  },\r\n  \"location\": \"westeurope\",\r\n  \"tags\": {\r\n    \"key1\": \"value1\"\r\n  }\r\n}",
      "RequestHeaders": {
        "x-ms-client-request-id": [
          "82ffc3b0-5e33-411d-afd4-baf30d4b3ee0"
        ],
        "Accept-Language": [
          "en-US"
        ],
        "User-Agent": [
          "FxVersion/4.6.26725.06",
          "OSName/Windows",
          "OSVersion/Microsoft.Windows.10.0.17763.",
          "Microsoft.Azure.Management.IotCentral.IotCentralClient/2.0.0.0"
        ],
        "Content-Type": [
          "application/json; charset=utf-8"
        ],
        "Content-Length": [
          "227"
        ]
      },
      "ResponseHeaders": {
        "Cache-Control": [
          "no-store, must-revalidate, no-cache, max-stale=0, private, post-check=0, pre-check=0"
        ],
        "ETag": [
          "\"0c007ce9-0000-0000-0000-5c3d16ad0000\""
        ],
        "x-ms-request-id": [
          "b966ee10-1e95-4b06-8618-24661abea1f2"
        ],
        "x-iot-correlation": [
          "cv-8ac9g056.0"
        ],
        "X-Content-Type-Options": [
          "nosniff"
        ],
        "X-Download-Options": [
          "noopen"
        ],
        "X-Frame-Options": [
          "deny"
        ],
        "X-XSS-Protection": [
          "1; mode=block"
        ],
        "X-IoT-Version": [
          "20190110.1"
        ],
        "X-IoT-Cluster": [
          "iotcprodeastus02"
        ],
        "Strict-Transport-Security": [
          "max-age=31536000; includeSubDomains"
        ],
        "X-MSEdge-Ref": [
          "Ref A: F98A5AF3E5294E06819892B14B613107 Ref B: CO1EDGE0515 Ref C: 2019-01-14T23:09:34Z"
        ],
        "x-ms-ratelimit-remaining-subscription-writes": [
          "1199"
        ],
        "x-ms-correlation-request-id": [
          "ced06220-a1d6-487d-8595-0e17d0f228cd"
        ],
        "x-ms-routing-request-id": [
          "WESTUS2:20190114T230935Z:ced06220-a1d6-487d-8595-0e17d0f228cd"
        ],
        "Date": [
          "Mon, 14 Jan 2019 23:09:34 GMT"
        ],
        "Content-Length": [
          "606"
        ],
        "Content-Type": [
          "application/json; charset=utf-8"
        ]
      },
      "ResponseBody": "{\r\n  \"id\": \"/subscriptions/c75f6a44-0c50-4e42-b7ec-9ff5590b0944/resourceGroups/ps4862/providers/Microsoft.IoTCentral/IoTApps/ps518\",\r\n  \"name\": \"ps518\",\r\n  \"type\": \"Microsoft.IoTCentral/IoTApps\",\r\n  \"location\": \"westeurope\",\r\n  \"tags\": {\r\n    \"key1\": \"value1\"\r\n  },\r\n  \"properties\": {\r\n    \"applicationId\": \"71f3eafd-e7f5-4d39-ab7b-797e18a20bbe\",\r\n    \"state\": \"created\",\r\n    \"displayName\": \"Custom IoT Central App DisplayName\",\r\n    \"tenant\": \"72f988bf-86f1-41af-91ab-2d7cd011db47\",\r\n    \"capabilities\": {},\r\n    \"subdomain\": \"ps518subdomain\",\r\n    \"createdDate\": \"2019-01-14T23:09:33.985Z\",\r\n    \"template\": \"iotc-default@1.0.0\"\r\n  },\r\n  \"sku\": {\r\n    \"name\": \"S1\"\r\n  },\r\n  \"etag\": \"\\\"0c007ce9-0000-0000-0000-5c3d16ad0000\\\"\"\r\n}",
      "StatusCode": 201
    },
    {
      "RequestUri": "/subscriptions/c75f6a44-0c50-4e42-b7ec-9ff5590b0944/resourceGroups/ps4862/providers/Microsoft.IoTCentral/IoTApps/ps518?api-version=2018-09-01",
      "EncodedRequestUri": "L3N1YnNjcmlwdGlvbnMvYzc1ZjZhNDQtMGM1MC00ZTQyLWI3ZWMtOWZmNTU5MGIwOTQ0L3Jlc291cmNlR3JvdXBzL3BzNDg2Mi9wcm92aWRlcnMvTWljcm9zb2Z0LklvVENlbnRyYWwvSW9UQXBwcy9wczUxOD9hcGktdmVyc2lvbj0yMDE4LTA5LTAx",
      "RequestMethod": "GET",
      "RequestBody": "",
      "RequestHeaders": {
        "User-Agent": [
          "FxVersion/4.6.26725.06",
          "OSName/Windows",
          "OSVersion/Microsoft.Windows.10.0.17763.",
          "Microsoft.Azure.Management.IotCentral.IotCentralClient/2.0.0.0"
        ]
      },
      "ResponseHeaders": {
        "Cache-Control": [
          "no-store, must-revalidate, no-cache, max-stale=0, private, post-check=0, pre-check=0"
        ],
        "ETag": [
          "W/\"0c007ce9-0000-0000-0000-5c3d16ad0000\""
        ],
        "Vary": [
          "Accept-Encoding"
        ],
        "x-ms-ratelimit-remaining-subscription-reads": [
          "11999"
        ],
        "x-ms-request-id": [
          "57fc9b47-a93d-4206-9af8-4f0fd1966a46"
        ],
        "x-iot-correlation": [
          "cv-b20964cy.0"
        ],
        "X-Content-Type-Options": [
          "nosniff"
        ],
        "X-Download-Options": [
          "noopen"
        ],
        "X-Frame-Options": [
          "deny"
        ],
        "X-XSS-Protection": [
          "1; mode=block"
        ],
        "X-IoT-Version": [
          "20190110.1"
        ],
        "X-IoT-Cluster": [
          "iotcprodwestus03"
        ],
        "Strict-Transport-Security": [
          "max-age=31536000; includeSubDomains"
        ],
        "X-MSEdge-Ref": [
          "Ref A: 026F1917D1654AFD8CF7EC24FD4CE6CD Ref B: CO1EDGE0515 Ref C: 2019-01-14T23:10:15Z"
        ],
        "x-ms-correlation-request-id": [
          "75daaa95-185e-4da3-ab6d-16ea9fb08061"
        ],
        "x-ms-routing-request-id": [
          "WESTUS2:20190114T231015Z:75daaa95-185e-4da3-ab6d-16ea9fb08061"
        ],
        "Date": [
          "Mon, 14 Jan 2019 23:10:15 GMT"
        ],
        "Content-Length": [
          "606"
        ],
        "Content-Type": [
          "application/json; charset=utf-8"
        ]
      },
      "ResponseBody": "{\r\n  \"id\": \"/subscriptions/c75f6a44-0c50-4e42-b7ec-9ff5590b0944/resourceGroups/ps4862/providers/Microsoft.IoTCentral/IoTApps/ps518\",\r\n  \"name\": \"ps518\",\r\n  \"type\": \"Microsoft.IoTCentral/IoTApps\",\r\n  \"location\": \"westeurope\",\r\n  \"tags\": {\r\n    \"key1\": \"value1\"\r\n  },\r\n  \"properties\": {\r\n    \"applicationId\": \"71f3eafd-e7f5-4d39-ab7b-797e18a20bbe\",\r\n    \"state\": \"created\",\r\n    \"displayName\": \"Custom IoT Central App DisplayName\",\r\n    \"tenant\": \"72f988bf-86f1-41af-91ab-2d7cd011db47\",\r\n    \"capabilities\": {},\r\n    \"subdomain\": \"ps518subdomain\",\r\n    \"createdDate\": \"2019-01-14T23:09:33.985Z\",\r\n    \"template\": \"iotc-default@1.0.0\"\r\n  },\r\n  \"sku\": {\r\n    \"name\": \"S1\"\r\n  },\r\n  \"etag\": \"\\\"0c007ce9-0000-0000-0000-5c3d16ad0000\\\"\"\r\n}",
      "StatusCode": 200
    },
    {
      "RequestUri": "/subscriptions/c75f6a44-0c50-4e42-b7ec-9ff5590b0944/resourceGroups/ps4862/providers/Microsoft.IoTCentral/IoTApps/ps518?api-version=2018-09-01",
      "EncodedRequestUri": "L3N1YnNjcmlwdGlvbnMvYzc1ZjZhNDQtMGM1MC00ZTQyLWI3ZWMtOWZmNTU5MGIwOTQ0L3Jlc291cmNlR3JvdXBzL3BzNDg2Mi9wcm92aWRlcnMvTWljcm9zb2Z0LklvVENlbnRyYWwvSW9UQXBwcy9wczUxOD9hcGktdmVyc2lvbj0yMDE4LTA5LTAx",
      "RequestMethod": "GET",
      "RequestBody": "",
      "RequestHeaders": {
        "x-ms-client-request-id": [
          "08f50681-69f9-4647-8df1-d1f1e8c91ed9"
        ],
        "Accept-Language": [
          "en-US"
        ],
        "User-Agent": [
          "FxVersion/4.6.26725.06",
          "OSName/Windows",
          "OSVersion/Microsoft.Windows.10.0.17763.",
          "Microsoft.Azure.Management.IotCentral.IotCentralClient/2.0.0.0"
        ]
      },
      "ResponseHeaders": {
        "Cache-Control": [
          "no-store, must-revalidate, no-cache, max-stale=0, private, post-check=0, pre-check=0"
        ],
        "ETag": [
          "W/\"0c007ce9-0000-0000-0000-5c3d16ad0000\""
        ],
        "Vary": [
          "Accept-Encoding"
        ],
        "x-ms-ratelimit-remaining-subscription-reads": [
          "11998"
        ],
        "x-ms-request-id": [
          "b3b52b9d-7eb4-457a-899a-ca601ae78535"
        ],
        "x-iot-correlation": [
          "cv-838r3vfb.0"
        ],
        "X-Content-Type-Options": [
          "nosniff"
        ],
        "X-Download-Options": [
          "noopen"
        ],
        "X-Frame-Options": [
          "deny"
        ],
        "X-XSS-Protection": [
          "1; mode=block"
        ],
        "X-IoT-Version": [
          "20190110.1"
        ],
        "X-IoT-Cluster": [
          "iotcprodeastus203"
        ],
        "Strict-Transport-Security": [
          "max-age=31536000; includeSubDomains"
        ],
        "X-MSEdge-Ref": [
          "Ref A: EA4024303BBA4C9692EB0CF418313F69 Ref B: CO1EDGE0515 Ref C: 2019-01-14T23:10:16Z"
        ],
        "x-ms-correlation-request-id": [
          "e3df7a13-3c4c-4446-8cf2-c86a749eefd4"
        ],
        "x-ms-routing-request-id": [
          "WESTUS2:20190114T231016Z:e3df7a13-3c4c-4446-8cf2-c86a749eefd4"
        ],
        "Date": [
          "Mon, 14 Jan 2019 23:10:15 GMT"
        ],
        "Content-Length": [
          "606"
        ],
        "Content-Type": [
          "application/json; charset=utf-8"
        ]
      },
      "ResponseBody": "{\r\n  \"id\": \"/subscriptions/c75f6a44-0c50-4e42-b7ec-9ff5590b0944/resourceGroups/ps4862/providers/Microsoft.IoTCentral/IoTApps/ps518\",\r\n  \"name\": \"ps518\",\r\n  \"type\": \"Microsoft.IoTCentral/IoTApps\",\r\n  \"location\": \"westeurope\",\r\n  \"tags\": {\r\n    \"key1\": \"value1\"\r\n  },\r\n  \"properties\": {\r\n    \"applicationId\": \"71f3eafd-e7f5-4d39-ab7b-797e18a20bbe\",\r\n    \"state\": \"created\",\r\n    \"displayName\": \"Custom IoT Central App DisplayName\",\r\n    \"tenant\": \"72f988bf-86f1-41af-91ab-2d7cd011db47\",\r\n    \"capabilities\": {},\r\n    \"subdomain\": \"ps518subdomain\",\r\n    \"createdDate\": \"2019-01-14T23:09:33.985Z\",\r\n    \"template\": \"iotc-default@1.0.0\"\r\n  },\r\n  \"sku\": {\r\n    \"name\": \"S1\"\r\n  },\r\n  \"etag\": \"\\\"0c007ce9-0000-0000-0000-5c3d16ad0000\\\"\"\r\n}",
      "StatusCode": 200
    },
    {
      "RequestUri": "/subscriptions/c75f6a44-0c50-4e42-b7ec-9ff5590b0944/resourceGroups/ps4862/providers/Microsoft.IoTCentral/IoTApps/ps518?api-version=2018-09-01",
      "EncodedRequestUri": "L3N1YnNjcmlwdGlvbnMvYzc1ZjZhNDQtMGM1MC00ZTQyLWI3ZWMtOWZmNTU5MGIwOTQ0L3Jlc291cmNlR3JvdXBzL3BzNDg2Mi9wcm92aWRlcnMvTWljcm9zb2Z0LklvVENlbnRyYWwvSW9UQXBwcy9wczUxOD9hcGktdmVyc2lvbj0yMDE4LTA5LTAx",
      "RequestMethod": "GET",
      "RequestBody": "",
      "RequestHeaders": {
        "x-ms-client-request-id": [
          "7c86bf5a-eb97-4877-ab52-c3f18718449f"
        ],
        "Accept-Language": [
          "en-US"
        ],
        "User-Agent": [
          "FxVersion/4.6.26725.06",
          "OSName/Windows",
          "OSVersion/Microsoft.Windows.10.0.17763.",
          "Microsoft.Azure.Management.IotCentral.IotCentralClient/2.0.0.0"
        ]
      },
      "ResponseHeaders": {
        "Cache-Control": [
          "no-store, must-revalidate, no-cache, max-stale=0, private, post-check=0, pre-check=0"
        ],
        "ETag": [
          "W/\"0c007ce9-0000-0000-0000-5c3d16ad0000\""
        ],
        "Vary": [
          "Accept-Encoding"
        ],
        "x-ms-correlation-request-id": [
          "fefa23a2-27a6-4cd3-a5ff-9915c7680d05"
        ],
        "x-ms-request-id": [
          "448bad7e-9522-41cd-a896-0a3521676651"
        ],
        "x-iot-correlation": [
          "cv-8q4go4xp.0"
        ],
        "X-Content-Type-Options": [
          "nosniff"
        ],
        "X-Download-Options": [
          "noopen"
        ],
        "X-Frame-Options": [
          "deny"
        ],
        "X-XSS-Protection": [
          "1; mode=block"
        ],
        "X-IoT-Version": [
          "20190110.1"
        ],
        "X-IoT-Cluster": [
          "iotcprodeastus03"
        ],
        "Strict-Transport-Security": [
          "max-age=31536000; includeSubDomains"
        ],
        "X-MSEdge-Ref": [
          "Ref A: 93323B7BE0FC43F1A56EE5E02AA9B27B Ref B: CO1EDGE0515 Ref C: 2019-01-14T23:10:20Z"
        ],
        "x-ms-ratelimit-remaining-subscription-reads": [
          "11997"
        ],
        "x-ms-routing-request-id": [
          "WESTUS2:20190114T231020Z:fefa23a2-27a6-4cd3-a5ff-9915c7680d05"
        ],
        "Date": [
          "Mon, 14 Jan 2019 23:10:20 GMT"
        ],
        "Content-Length": [
          "606"
        ],
        "Content-Type": [
          "application/json; charset=utf-8"
        ]
      },
      "ResponseBody": "{\r\n  \"id\": \"/subscriptions/c75f6a44-0c50-4e42-b7ec-9ff5590b0944/resourceGroups/ps4862/providers/Microsoft.IoTCentral/IoTApps/ps518\",\r\n  \"name\": \"ps518\",\r\n  \"type\": \"Microsoft.IoTCentral/IoTApps\",\r\n  \"location\": \"westeurope\",\r\n  \"tags\": {\r\n    \"key1\": \"value1\"\r\n  },\r\n  \"properties\": {\r\n    \"applicationId\": \"71f3eafd-e7f5-4d39-ab7b-797e18a20bbe\",\r\n    \"state\": \"created\",\r\n    \"displayName\": \"Custom IoT Central App DisplayName\",\r\n    \"tenant\": \"72f988bf-86f1-41af-91ab-2d7cd011db47\",\r\n    \"capabilities\": {},\r\n    \"subdomain\": \"ps518subdomain\",\r\n    \"createdDate\": \"2019-01-14T23:09:33.985Z\",\r\n    \"template\": \"iotc-default@1.0.0\"\r\n  },\r\n  \"sku\": {\r\n    \"name\": \"S1\"\r\n  },\r\n  \"etag\": \"\\\"0c007ce9-0000-0000-0000-5c3d16ad0000\\\"\"\r\n}",
      "StatusCode": 200
    },
    {
      "RequestUri": "/subscriptions/c75f6a44-0c50-4e42-b7ec-9ff5590b0944/resourceGroups/ps4862/providers/Microsoft.IoTCentral/IoTApps/ps518?api-version=2018-09-01",
      "EncodedRequestUri": "L3N1YnNjcmlwdGlvbnMvYzc1ZjZhNDQtMGM1MC00ZTQyLWI3ZWMtOWZmNTU5MGIwOTQ0L3Jlc291cmNlR3JvdXBzL3BzNDg2Mi9wcm92aWRlcnMvTWljcm9zb2Z0LklvVENlbnRyYWwvSW9UQXBwcy9wczUxOD9hcGktdmVyc2lvbj0yMDE4LTA5LTAx",
      "RequestMethod": "GET",
      "RequestBody": "",
      "RequestHeaders": {
        "x-ms-client-request-id": [
          "30490ec7-f940-47c9-86d2-06d2287520e4"
        ],
        "Accept-Language": [
          "en-US"
        ],
        "User-Agent": [
          "FxVersion/4.6.26725.06",
          "OSName/Windows",
          "OSVersion/Microsoft.Windows.10.0.17763.",
          "Microsoft.Azure.Management.IotCentral.IotCentralClient/2.0.0.0"
        ]
      },
      "ResponseHeaders": {
        "Cache-Control": [
          "no-store, must-revalidate, no-cache, max-stale=0, private, post-check=0, pre-check=0"
        ],
        "ETag": [
          "W/\"0c007ce9-0000-0000-0000-5c3d16ad0000\""
        ],
        "Vary": [
          "Accept-Encoding"
        ],
        "x-ms-ratelimit-remaining-subscription-reads": [
          "11991"
        ],
        "x-ms-request-id": [
          "39981737-0bf1-44d9-8bf6-384f44e4a1f8"
        ],
        "x-iot-correlation": [
          "cv-6lgaan6e.0"
        ],
        "X-Content-Type-Options": [
          "nosniff"
        ],
        "X-Download-Options": [
          "noopen"
        ],
        "X-Frame-Options": [
          "deny"
        ],
        "X-XSS-Protection": [
          "1; mode=block"
        ],
        "X-IoT-Version": [
          "20190110.1"
        ],
        "X-IoT-Cluster": [
          "iotcprodeastus202"
        ],
        "Strict-Transport-Security": [
          "max-age=31536000; includeSubDomains"
        ],
        "X-MSEdge-Ref": [
          "Ref A: B673E24585A0484795689D6E81A795FF Ref B: CO1EDGE0211 Ref C: 2019-01-14T23:11:33Z"
        ],
        "x-ms-correlation-request-id": [
          "f32deee8-f27d-4e9e-9e63-e60ce4f80574"
        ],
        "x-ms-routing-request-id": [
          "WESTUS2:20190114T231133Z:f32deee8-f27d-4e9e-9e63-e60ce4f80574"
        ],
        "Date": [
          "Mon, 14 Jan 2019 23:11:32 GMT"
        ],
        "Content-Length": [
          "606"
        ],
        "Content-Type": [
          "application/json; charset=utf-8"
        ]
      },
      "ResponseBody": "{\r\n  \"id\": \"/subscriptions/c75f6a44-0c50-4e42-b7ec-9ff5590b0944/resourceGroups/ps4862/providers/Microsoft.IoTCentral/IoTApps/ps518\",\r\n  \"name\": \"ps518\",\r\n  \"type\": \"Microsoft.IoTCentral/IoTApps\",\r\n  \"location\": \"westeurope\",\r\n  \"tags\": {\r\n    \"key1\": \"value1\"\r\n  },\r\n  \"properties\": {\r\n    \"applicationId\": \"71f3eafd-e7f5-4d39-ab7b-797e18a20bbe\",\r\n    \"state\": \"created\",\r\n    \"displayName\": \"Custom IoT Central App DisplayName\",\r\n    \"tenant\": \"72f988bf-86f1-41af-91ab-2d7cd011db47\",\r\n    \"capabilities\": {},\r\n    \"subdomain\": \"ps518subdomain\",\r\n    \"createdDate\": \"2019-01-14T23:09:33.985Z\",\r\n    \"template\": \"iotc-default@1.0.0\"\r\n  },\r\n  \"sku\": {\r\n    \"name\": \"S1\"\r\n  },\r\n  \"etag\": \"\\\"0c007ce9-0000-0000-0000-5c3d16ad0000\\\"\"\r\n}",
      "StatusCode": 200
    },
    {
      "RequestUri": "/subscriptions/c75f6a44-0c50-4e42-b7ec-9ff5590b0944/resourceGroups/ps4862/providers/Microsoft.IoTCentral/IoTApps/ps518?api-version=2018-09-01",
      "EncodedRequestUri": "L3N1YnNjcmlwdGlvbnMvYzc1ZjZhNDQtMGM1MC00ZTQyLWI3ZWMtOWZmNTU5MGIwOTQ0L3Jlc291cmNlR3JvdXBzL3BzNDg2Mi9wcm92aWRlcnMvTWljcm9zb2Z0LklvVENlbnRyYWwvSW9UQXBwcy9wczUxOD9hcGktdmVyc2lvbj0yMDE4LTA5LTAx",
      "RequestMethod": "GET",
      "RequestBody": "",
      "RequestHeaders": {
        "x-ms-client-request-id": [
          "5afa85bb-f578-45f1-b2b9-8622dd0c34c3"
        ],
        "Accept-Language": [
          "en-US"
        ],
        "User-Agent": [
          "FxVersion/4.6.26725.06",
          "OSName/Windows",
          "OSVersion/Microsoft.Windows.10.0.17763.",
          "Microsoft.Azure.Management.IotCentral.IotCentralClient/2.0.0.0"
        ]
      },
      "ResponseHeaders": {
        "Cache-Control": [
          "no-store, must-revalidate, no-cache, max-stale=0, private, post-check=0, pre-check=0"
        ],
        "ETag": [
          "W/\"0c0086eb-0000-0000-0000-5c3d17280000\""
        ],
        "Vary": [
          "Accept-Encoding"
        ],
        "x-ms-ratelimit-remaining-subscription-reads": [
          "11990"
        ],
        "x-ms-request-id": [
          "6a7a3c85-d5be-4fbf-a031-b55bdf5a8545"
        ],
        "x-iot-correlation": [
          "cv-6zq3cckm.0"
        ],
        "X-Content-Type-Options": [
          "nosniff"
        ],
        "X-Download-Options": [
          "noopen"
        ],
        "X-Frame-Options": [
          "deny"
        ],
        "X-XSS-Protection": [
          "1; mode=block"
        ],
        "X-IoT-Version": [
          "20190110.1"
        ],
        "X-IoT-Cluster": [
          "iotcprodeastus02"
        ],
        "Strict-Transport-Security": [
          "max-age=31536000; includeSubDomains"
        ],
        "X-MSEdge-Ref": [
          "Ref A: 76DD9C95F5D443CDB18F7242CB336A0C Ref B: CO1EDGE0211 Ref C: 2019-01-14T23:11:38Z"
        ],
        "x-ms-correlation-request-id": [
          "c41e10a7-9cec-40a9-a381-5a49a7e5086f"
        ],
        "x-ms-routing-request-id": [
          "WESTUS2:20190114T231138Z:c41e10a7-9cec-40a9-a381-5a49a7e5086f"
        ],
        "Date": [
          "Mon, 14 Jan 2019 23:11:37 GMT"
        ],
        "Content-Length": [
          "652"
        ],
        "Content-Type": [
          "application/json; charset=utf-8"
        ]
      },
      "ResponseBody": "{\r\n  \"id\": \"/subscriptions/c75f6a44-0c50-4e42-b7ec-9ff5590b0944/resourceGroups/ps4862/providers/Microsoft.IoTCentral/IoTApps/ps518\",\r\n  \"name\": \"ps518\",\r\n  \"type\": \"Microsoft.IoTCentral/IoTApps\",\r\n  \"location\": \"westeurope\",\r\n  \"tags\": {\r\n    \"tt2\": \"tv2\",\r\n    \"key1\": \"value1\"\r\n  },\r\n  \"properties\": {\r\n    \"applicationId\": \"71f3eafd-e7f5-4d39-ab7b-797e18a20bbe\",\r\n    \"state\": \"created\",\r\n    \"displayName\": \"New Custom Display Name.\",\r\n    \"tenant\": \"72f988bf-86f1-41af-91ab-2d7cd011db47\",\r\n    \"capabilities\": {},\r\n    \"subdomain\": \"ps518subdomainnew\",\r\n    \"createdDate\": \"2019-01-14T23:09:33.985Z\",\r\n    \"lastUpdated\": \"2019-01-14T23:11:36.714Z\",\r\n    \"template\": \"iotc-default@1.0.0\"\r\n  },\r\n  \"sku\": {\r\n    \"name\": \"S1\"\r\n  },\r\n  \"etag\": \"\\\"0c0086eb-0000-0000-0000-5c3d17280000\\\"\"\r\n}",
      "StatusCode": 200
    },
    {
      "RequestUri": "/subscriptions/c75f6a44-0c50-4e42-b7ec-9ff5590b0944/resourceGroups/ps4862/providers/Microsoft.IoTCentral/IoTApps?api-version=2018-09-01",
      "EncodedRequestUri": "L3N1YnNjcmlwdGlvbnMvYzc1ZjZhNDQtMGM1MC00ZTQyLWI3ZWMtOWZmNTU5MGIwOTQ0L3Jlc291cmNlR3JvdXBzL3BzNDg2Mi9wcm92aWRlcnMvTWljcm9zb2Z0LklvVENlbnRyYWwvSW9UQXBwcz9hcGktdmVyc2lvbj0yMDE4LTA5LTAx",
      "RequestMethod": "GET",
      "RequestBody": "",
      "RequestHeaders": {
        "x-ms-client-request-id": [
          "177ddcc0-3a48-4726-9b13-0078d475ee58"
        ],
        "Accept-Language": [
          "en-US"
        ],
        "User-Agent": [
          "FxVersion/4.6.26725.06",
          "OSName/Windows",
          "OSVersion/Microsoft.Windows.10.0.17763.",
          "Microsoft.Azure.Management.IotCentral.IotCentralClient/2.0.0.0"
        ]
      },
      "ResponseHeaders": {
        "Cache-Control": [
          "no-store, must-revalidate, no-cache, max-stale=0, private, post-check=0, pre-check=0"
        ],
        "ETag": [
          "W/\"27a-u778bOdGZXvwKEX4ilPepEE/A20\""
        ],
        "Vary": [
          "Accept-Encoding"
        ],
        "x-ms-ratelimit-remaining-subscription-reads": [
          "11996"
        ],
        "x-ms-request-id": [
          "32849949-8594-4d44-8ef5-1541a6764112"
        ],
        "x-iot-correlation": [
          "cv-9rr1k9ze.0"
        ],
        "X-Content-Type-Options": [
          "nosniff"
        ],
        "X-Download-Options": [
          "noopen"
        ],
        "X-Frame-Options": [
          "deny"
        ],
        "X-XSS-Protection": [
          "1; mode=block"
        ],
        "X-IoT-Version": [
          "20190110.1"
        ],
        "X-IoT-Cluster": [
          "iotcprodeastus203"
        ],
        "Strict-Transport-Security": [
          "max-age=31536000; includeSubDomains"
        ],
        "X-MSEdge-Ref": [
          "Ref A: 9FA69F5A204F4C188499310DE5430CEA Ref B: CO1EDGE0117 Ref C: 2019-01-14T23:10:21Z"
        ],
        "x-ms-correlation-request-id": [
          "e7238c21-f59e-49f3-afe5-bbc123b21543"
        ],
        "x-ms-routing-request-id": [
          "WESTUS2:20190114T231021Z:e7238c21-f59e-49f3-afe5-bbc123b21543"
        ],
        "Date": [
          "Mon, 14 Jan 2019 23:10:20 GMT"
        ],
        "Content-Length": [
          "634"
        ],
        "Content-Type": [
          "application/json; charset=utf-8"
        ]
      },
      "ResponseBody": "{\r\n  \"value\": [\r\n    {\r\n      \"id\": \"/subscriptions/c75f6a44-0c50-4e42-b7ec-9ff5590b0944/resourceGroups/ps4862/providers/Microsoft.IoTCentral/IoTApps/ps518\",\r\n      \"name\": \"ps518\",\r\n      \"type\": \"Microsoft.IoTCentral/IoTApps\",\r\n      \"location\": \"westeurope\",\r\n      \"tags\": {\r\n        \"key1\": \"value1\"\r\n      },\r\n      \"properties\": {\r\n        \"applicationId\": \"71f3eafd-e7f5-4d39-ab7b-797e18a20bbe\",\r\n        \"state\": \"created\",\r\n        \"displayName\": \"Custom IoT Central App DisplayName\",\r\n        \"tenant\": \"72f988bf-86f1-41af-91ab-2d7cd011db47\",\r\n        \"capabilities\": {},\r\n        \"subdomain\": \"ps518subdomain\",\r\n        \"createdDate\": \"2019-01-14T23:09:33.985Z\",\r\n        \"template\": \"iotc-default@1.0.0\"\r\n      },\r\n      \"sku\": {\r\n        \"name\": \"S1\"\r\n      },\r\n      \"etag\": \"\\\"0c007ce9-0000-0000-0000-5c3d16ad0000\\\"\"\r\n    }\r\n  ],\r\n  \"nextLink\": null\r\n}",
      "StatusCode": 200
    },
    {
      "RequestUri": "/subscriptions/c75f6a44-0c50-4e42-b7ec-9ff5590b0944/resourceGroups/ps4862/providers/Microsoft.IoTCentral/IoTApps?api-version=2018-09-01",
      "EncodedRequestUri": "L3N1YnNjcmlwdGlvbnMvYzc1ZjZhNDQtMGM1MC00ZTQyLWI3ZWMtOWZmNTU5MGIwOTQ0L3Jlc291cmNlR3JvdXBzL3BzNDg2Mi9wcm92aWRlcnMvTWljcm9zb2Z0LklvVENlbnRyYWwvSW9UQXBwcz9hcGktdmVyc2lvbj0yMDE4LTA5LTAx",
      "RequestMethod": "GET",
      "RequestBody": "",
      "RequestHeaders": {
        "x-ms-client-request-id": [
          "00c9e6c8-268b-4285-92c9-0e65280c523f"
        ],
        "Accept-Language": [
          "en-US"
        ],
        "User-Agent": [
          "FxVersion/4.6.26725.06",
          "OSName/Windows",
          "OSVersion/Microsoft.Windows.10.0.17763.",
          "Microsoft.Azure.Management.IotCentral.IotCentralClient/2.0.0.0"
        ]
      },
      "ResponseHeaders": {
        "Cache-Control": [
          "no-store, must-revalidate, no-cache, max-stale=0, private, post-check=0, pre-check=0"
        ],
        "ETag": [
          "W/\"4a2-0Rm8d3rJ7de5JCkTOxjCAvsEW5s\""
        ],
        "Vary": [
          "Accept-Encoding"
        ],
        "x-ms-ratelimit-remaining-subscription-reads": [
          "11993"
        ],
        "x-ms-request-id": [
          "7e605ac4-5c46-4e53-a9ee-99cf3edaed3d"
        ],
        "x-iot-correlation": [
          "cv-726e6tf1.0"
        ],
        "X-Content-Type-Options": [
          "nosniff"
        ],
        "X-Download-Options": [
          "noopen"
        ],
        "X-Frame-Options": [
          "deny"
        ],
        "X-XSS-Protection": [
          "1; mode=block"
        ],
        "X-IoT-Version": [
          "20190110.1"
        ],
        "X-IoT-Cluster": [
          "iotcprodeastus203"
        ],
        "Strict-Transport-Security": [
          "max-age=31536000; includeSubDomains"
        ],
        "X-MSEdge-Ref": [
          "Ref A: A926660EB5814660A348F46B251AEA62 Ref B: CO1EDGE0211 Ref C: 2019-01-14T23:11:30Z"
        ],
        "x-ms-correlation-request-id": [
          "1c7edbf9-248c-4101-84d2-0ed390e9272c"
        ],
        "x-ms-routing-request-id": [
          "WESTUS2:20190114T231130Z:1c7edbf9-248c-4101-84d2-0ed390e9272c"
        ],
        "Date": [
          "Mon, 14 Jan 2019 23:11:29 GMT"
        ],
        "Content-Length": [
          "1186"
        ],
        "Content-Type": [
          "application/json; charset=utf-8"
        ]
      },
      "ResponseBody": "{\r\n  \"value\": [\r\n    {\r\n      \"id\": \"/subscriptions/c75f6a44-0c50-4e42-b7ec-9ff5590b0944/resourceGroups/ps4862/providers/Microsoft.IoTCentral/IoTApps/ps518\",\r\n      \"name\": \"ps518\",\r\n      \"type\": \"Microsoft.IoTCentral/IoTApps\",\r\n      \"location\": \"westeurope\",\r\n      \"tags\": {\r\n        \"key1\": \"value1\"\r\n      },\r\n      \"properties\": {\r\n        \"applicationId\": \"71f3eafd-e7f5-4d39-ab7b-797e18a20bbe\",\r\n        \"state\": \"created\",\r\n        \"displayName\": \"Custom IoT Central App DisplayName\",\r\n        \"tenant\": \"72f988bf-86f1-41af-91ab-2d7cd011db47\",\r\n        \"capabilities\": {},\r\n        \"subdomain\": \"ps518subdomain\",\r\n        \"createdDate\": \"2019-01-14T23:09:33.985Z\",\r\n        \"template\": \"iotc-default@1.0.0\"\r\n      },\r\n      \"sku\": {\r\n        \"name\": \"S1\"\r\n      },\r\n      \"etag\": \"\\\"0c007ce9-0000-0000-0000-5c3d16ad0000\\\"\"\r\n    },\r\n    {\r\n      \"id\": \"/subscriptions/c75f6a44-0c50-4e42-b7ec-9ff5590b0944/resourceGroups/ps4862/providers/Microsoft.IoTCentral/IoTApps/ps518-2\",\r\n      \"name\": \"ps518-2\",\r\n      \"type\": \"Microsoft.IoTCentral/IoTApps\",\r\n      \"location\": \"westeurope\",\r\n      \"properties\": {\r\n        \"applicationId\": \"58d41807-03f2-40f2-9a0d-2e3e887d9644\",\r\n        \"state\": \"created\",\r\n        \"displayName\": \"ps518-2\",\r\n        \"tenant\": \"72f988bf-86f1-41af-91ab-2d7cd011db47\",\r\n        \"capabilities\": {},\r\n        \"subdomain\": \"ps518-2\",\r\n        \"createdDate\": \"2019-01-14T23:10:45.653Z\",\r\n        \"template\": \"iotc-default@1.0.0\"\r\n      },\r\n      \"sku\": {\r\n        \"name\": \"S1\"\r\n      },\r\n      \"etag\": \"\\\"7702affc-0000-0000-0000-5c3d16f50000\\\"\"\r\n    }\r\n  ],\r\n  \"nextLink\": null\r\n}",
      "StatusCode": 200
    },
    {
      "RequestUri": "/subscriptions/c75f6a44-0c50-4e42-b7ec-9ff5590b0944/resourceGroups/ps4862/providers/Microsoft.IoTCentral/IoTApps?api-version=2018-09-01",
      "EncodedRequestUri": "L3N1YnNjcmlwdGlvbnMvYzc1ZjZhNDQtMGM1MC00ZTQyLWI3ZWMtOWZmNTU5MGIwOTQ0L3Jlc291cmNlR3JvdXBzL3BzNDg2Mi9wcm92aWRlcnMvTWljcm9zb2Z0LklvVENlbnRyYWwvSW9UQXBwcz9hcGktdmVyc2lvbj0yMDE4LTA5LTAx",
      "RequestMethod": "GET",
      "RequestBody": "",
      "RequestHeaders": {
        "x-ms-client-request-id": [
          "2b72bf64-8831-4656-a89d-bfaecc57a886"
        ],
        "Accept-Language": [
          "en-US"
        ],
        "User-Agent": [
          "FxVersion/4.6.26725.06",
          "OSName/Windows",
          "OSVersion/Microsoft.Windows.10.0.17763.",
          "Microsoft.Azure.Management.IotCentral.IotCentralClient/2.0.0.0"
        ]
      },
      "ResponseHeaders": {
        "Cache-Control": [
          "no-store, must-revalidate, no-cache, max-stale=0, private, post-check=0, pre-check=0"
        ],
        "ETag": [
          "W/\"4d0-sJgidOgP0147pFAEQZjS0BaS8fo\""
        ],
        "Vary": [
          "Accept-Encoding"
        ],
        "x-ms-ratelimit-remaining-subscription-reads": [
          "11989"
        ],
        "x-ms-request-id": [
          "52209737-833d-4e26-a951-6d23865b8d83"
        ],
        "x-iot-correlation": [
          "cv-79ttjk5u.0"
        ],
        "X-Content-Type-Options": [
          "nosniff"
        ],
        "X-Download-Options": [
          "noopen"
        ],
        "X-Frame-Options": [
          "deny"
        ],
        "X-XSS-Protection": [
          "1; mode=block"
        ],
        "X-IoT-Version": [
          "20190110.1"
        ],
        "X-IoT-Cluster": [
          "iotcprodwestus02"
        ],
        "Strict-Transport-Security": [
          "max-age=31536000; includeSubDomains"
        ],
        "X-MSEdge-Ref": [
          "Ref A: 3E3AD7A138B24ACE938EAFE78353D93E Ref B: CO1EDGE0211 Ref C: 2019-01-14T23:11:38Z"
        ],
        "x-ms-correlation-request-id": [
          "747f8b64-8468-4828-8ed5-ee665837d05b"
        ],
        "x-ms-routing-request-id": [
          "WESTUS2:20190114T231138Z:747f8b64-8468-4828-8ed5-ee665837d05b"
        ],
        "Date": [
          "Mon, 14 Jan 2019 23:11:37 GMT"
        ],
        "Content-Length": [
          "1232"
        ],
        "Content-Type": [
          "application/json; charset=utf-8"
        ]
      },
      "ResponseBody": "{\r\n  \"value\": [\r\n    {\r\n      \"id\": \"/subscriptions/c75f6a44-0c50-4e42-b7ec-9ff5590b0944/resourceGroups/ps4862/providers/Microsoft.IoTCentral/IoTApps/ps518\",\r\n      \"name\": \"ps518\",\r\n      \"type\": \"Microsoft.IoTCentral/IoTApps\",\r\n      \"location\": \"westeurope\",\r\n      \"tags\": {\r\n        \"tt2\": \"tv2\",\r\n        \"key1\": \"value1\"\r\n      },\r\n      \"properties\": {\r\n        \"applicationId\": \"71f3eafd-e7f5-4d39-ab7b-797e18a20bbe\",\r\n        \"state\": \"created\",\r\n        \"displayName\": \"New Custom Display Name.\",\r\n        \"tenant\": \"72f988bf-86f1-41af-91ab-2d7cd011db47\",\r\n        \"capabilities\": {},\r\n        \"subdomain\": \"ps518subdomainnew\",\r\n        \"createdDate\": \"2019-01-14T23:09:33.985Z\",\r\n        \"lastUpdated\": \"2019-01-14T23:11:36.714Z\",\r\n        \"template\": \"iotc-default@1.0.0\"\r\n      },\r\n      \"sku\": {\r\n        \"name\": \"S1\"\r\n      },\r\n      \"etag\": \"\\\"0c0086eb-0000-0000-0000-5c3d17280000\\\"\"\r\n    },\r\n    {\r\n      \"id\": \"/subscriptions/c75f6a44-0c50-4e42-b7ec-9ff5590b0944/resourceGroups/ps4862/providers/Microsoft.IoTCentral/IoTApps/ps518-2\",\r\n      \"name\": \"ps518-2\",\r\n      \"type\": \"Microsoft.IoTCentral/IoTApps\",\r\n      \"location\": \"westeurope\",\r\n      \"properties\": {\r\n        \"applicationId\": \"58d41807-03f2-40f2-9a0d-2e3e887d9644\",\r\n        \"state\": \"created\",\r\n        \"displayName\": \"ps518-2\",\r\n        \"tenant\": \"72f988bf-86f1-41af-91ab-2d7cd011db47\",\r\n        \"capabilities\": {},\r\n        \"subdomain\": \"ps518-2\",\r\n        \"createdDate\": \"2019-01-14T23:10:45.653Z\",\r\n        \"template\": \"iotc-default@1.0.0\"\r\n      },\r\n      \"sku\": {\r\n        \"name\": \"S1\"\r\n      },\r\n      \"etag\": \"\\\"7702affc-0000-0000-0000-5c3d16f50000\\\"\"\r\n    }\r\n  ],\r\n  \"nextLink\": null\r\n}",
      "StatusCode": 200
    },
    {
      "RequestUri": "/subscriptions/c75f6a44-0c50-4e42-b7ec-9ff5590b0944/resourceGroups/ps4862/providers/Microsoft.IoTCentral/IoTApps?api-version=2018-09-01",
      "EncodedRequestUri": "L3N1YnNjcmlwdGlvbnMvYzc1ZjZhNDQtMGM1MC00ZTQyLWI3ZWMtOWZmNTU5MGIwOTQ0L3Jlc291cmNlR3JvdXBzL3BzNDg2Mi9wcm92aWRlcnMvTWljcm9zb2Z0LklvVENlbnRyYWwvSW9UQXBwcz9hcGktdmVyc2lvbj0yMDE4LTA5LTAx",
      "RequestMethod": "GET",
      "RequestBody": "",
      "RequestHeaders": {
        "x-ms-client-request-id": [
          "8bf98e64-9dcc-4734-9bab-b767b2357406"
        ],
        "Accept-Language": [
          "en-US"
        ],
        "User-Agent": [
          "FxVersion/4.6.26725.06",
          "OSName/Windows",
          "OSVersion/Microsoft.Windows.10.0.17763.",
          "Microsoft.Azure.Management.IotCentral.IotCentralClient/2.0.0.0"
        ]
      },
      "ResponseHeaders": {
        "Cache-Control": [
          "no-store, must-revalidate, no-cache, max-stale=0, private, post-check=0, pre-check=0"
        ],
        "ETag": [
          "W/\"1c-dKqXbMdy5UZTdLpCh8Bd74BJ2U8\""
        ],
        "Vary": [
          "Accept-Encoding"
        ],
        "x-ms-ratelimit-remaining-subscription-reads": [
          "11988"
        ],
        "x-ms-request-id": [
          "09f0e412-3b46-43ef-83fc-7366c81321da"
        ],
        "x-iot-correlation": [
          "cv-3h2qfpb.0"
        ],
        "X-Content-Type-Options": [
          "nosniff"
        ],
        "X-Download-Options": [
          "noopen"
        ],
        "X-Frame-Options": [
          "deny"
        ],
        "X-XSS-Protection": [
          "1; mode=block"
        ],
        "X-IoT-Version": [
          "20190110.1"
        ],
        "X-IoT-Cluster": [
          "iotcprodwesteurope01"
        ],
        "Strict-Transport-Security": [
          "max-age=31536000; includeSubDomains"
        ],
        "X-MSEdge-Ref": [
          "Ref A: 395431AE300E4C2F9407705D08CAB830 Ref B: CO1EDGE0211 Ref C: 2019-01-14T23:11:44Z"
        ],
        "x-ms-correlation-request-id": [
          "bfa9975e-4869-4533-aded-45842ad750ef"
        ],
        "x-ms-routing-request-id": [
          "WESTUS2:20190114T231144Z:bfa9975e-4869-4533-aded-45842ad750ef"
        ],
        "Date": [
          "Mon, 14 Jan 2019 23:11:44 GMT"
        ],
        "Content-Length": [
          "28"
        ],
        "Content-Type": [
          "application/json; charset=utf-8"
        ]
      },
      "ResponseBody": "{\r\n  \"value\": [],\r\n  \"nextLink\": null\r\n}",
      "StatusCode": 200
    },
    {
      "RequestUri": "/subscriptions/c75f6a44-0c50-4e42-b7ec-9ff5590b0944/resourceGroups/ps4862/providers/Microsoft.IoTCentral/IoTApps/ps518-2?api-version=2018-09-01",
      "EncodedRequestUri": "L3N1YnNjcmlwdGlvbnMvYzc1ZjZhNDQtMGM1MC00ZTQyLWI3ZWMtOWZmNTU5MGIwOTQ0L3Jlc291cmNlR3JvdXBzL3BzNDg2Mi9wcm92aWRlcnMvTWljcm9zb2Z0LklvVENlbnRyYWwvSW9UQXBwcy9wczUxOC0yP2FwaS12ZXJzaW9uPTIwMTgtMDktMDE=",
      "RequestMethod": "PUT",
      "RequestBody": "{\r\n  \"properties\": {\r\n    \"displayName\": \"ps518-2\",\r\n    \"subdomain\": \"ps518-2\"\r\n  },\r\n  \"sku\": {\r\n    \"name\": \"S1\"\r\n  },\r\n  \"location\": \"westeurope\"\r\n}",
      "RequestHeaders": {
        "x-ms-client-request-id": [
          "5dca8f90-b6a2-4492-902c-f6027bff54eb"
        ],
        "Accept-Language": [
          "en-US"
        ],
        "User-Agent": [
          "FxVersion/4.6.26725.06",
          "OSName/Windows",
          "OSVersion/Microsoft.Windows.10.0.17763.",
          "Microsoft.Azure.Management.IotCentral.IotCentralClient/2.0.0.0"
        ],
        "Content-Type": [
          "application/json; charset=utf-8"
        ],
        "Content-Length": [
          "152"
        ]
      },
      "ResponseHeaders": {
        "Cache-Control": [
          "no-store, must-revalidate, no-cache, max-stale=0, private, post-check=0, pre-check=0"
        ],
        "ETag": [
          "\"7702affc-0000-0000-0000-5c3d16f50000\""
        ],
        "x-ms-request-id": [
          "7b00e692-9c90-48bf-8c12-1b285adb9095"
        ],
        "x-iot-correlation": [
          "cv-5p70euwq.0"
        ],
        "X-Content-Type-Options": [
          "nosniff"
        ],
        "X-Download-Options": [
          "noopen"
        ],
        "X-Frame-Options": [
          "deny"
        ],
        "X-XSS-Protection": [
          "1; mode=block"
        ],
        "X-IoT-Version": [
          "20190110.1"
        ],
        "X-IoT-Cluster": [
          "iotcprodwestus02"
        ],
        "Strict-Transport-Security": [
          "max-age=31536000; includeSubDomains"
        ],
        "X-MSEdge-Ref": [
          "Ref A: B10076FAC4164DF6BC9C7DB1EF566200 Ref B: CO1EDGE0117 Ref C: 2019-01-14T23:10:46Z"
        ],
        "x-ms-ratelimit-remaining-subscription-writes": [
          "1198"
        ],
        "x-ms-correlation-request-id": [
          "3dc3406e-1e68-4608-8f50-d1ebc7a17dc0"
        ],
        "x-ms-routing-request-id": [
          "WESTUS2:20190114T231047Z:3dc3406e-1e68-4608-8f50-d1ebc7a17dc0"
        ],
        "Date": [
          "Mon, 14 Jan 2019 23:10:47 GMT"
        ],
        "Content-Length": [
          "551"
        ],
        "Content-Type": [
          "application/json; charset=utf-8"
        ]
      },
      "ResponseBody": "{\r\n  \"id\": \"/subscriptions/c75f6a44-0c50-4e42-b7ec-9ff5590b0944/resourceGroups/ps4862/providers/Microsoft.IoTCentral/IoTApps/ps518-2\",\r\n  \"name\": \"ps518-2\",\r\n  \"type\": \"Microsoft.IoTCentral/IoTApps\",\r\n  \"location\": \"westeurope\",\r\n  \"properties\": {\r\n    \"applicationId\": \"58d41807-03f2-40f2-9a0d-2e3e887d9644\",\r\n    \"state\": \"created\",\r\n    \"displayName\": \"ps518-2\",\r\n    \"tenant\": \"72f988bf-86f1-41af-91ab-2d7cd011db47\",\r\n    \"capabilities\": {},\r\n    \"subdomain\": \"ps518-2\",\r\n    \"createdDate\": \"2019-01-14T23:10:45.653Z\",\r\n    \"template\": \"iotc-default@1.0.0\"\r\n  },\r\n  \"sku\": {\r\n    \"name\": \"S1\"\r\n  },\r\n  \"etag\": \"\\\"7702affc-0000-0000-0000-5c3d16f50000\\\"\"\r\n}",
      "StatusCode": 201
    },
    {
      "RequestUri": "/subscriptions/c75f6a44-0c50-4e42-b7ec-9ff5590b0944/resourceGroups/ps4862/providers/Microsoft.IoTCentral/IoTApps/ps518-2?api-version=2018-09-01",
      "EncodedRequestUri": "L3N1YnNjcmlwdGlvbnMvYzc1ZjZhNDQtMGM1MC00ZTQyLWI3ZWMtOWZmNTU5MGIwOTQ0L3Jlc291cmNlR3JvdXBzL3BzNDg2Mi9wcm92aWRlcnMvTWljcm9zb2Z0LklvVENlbnRyYWwvSW9UQXBwcy9wczUxOC0yP2FwaS12ZXJzaW9uPTIwMTgtMDktMDE=",
      "RequestMethod": "GET",
      "RequestBody": "",
      "RequestHeaders": {
        "User-Agent": [
          "FxVersion/4.6.26725.06",
          "OSName/Windows",
          "OSVersion/Microsoft.Windows.10.0.17763.",
          "Microsoft.Azure.Management.IotCentral.IotCentralClient/2.0.0.0"
        ]
      },
      "ResponseHeaders": {
        "Cache-Control": [
          "no-store, must-revalidate, no-cache, max-stale=0, private, post-check=0, pre-check=0"
        ],
        "ETag": [
          "W/\"7702affc-0000-0000-0000-5c3d16f50000\""
        ],
        "Vary": [
          "Accept-Encoding"
        ],
        "x-ms-correlation-request-id": [
          "e7f26796-6e9b-4f7b-b50c-c3dee08908a1"
        ],
        "x-ms-request-id": [
          "586f3895-c8bf-4f54-8dab-ae2924e3af85"
        ],
        "x-iot-correlation": [
          "cv-68kzhpga.0"
        ],
        "X-Content-Type-Options": [
          "nosniff"
        ],
        "X-Download-Options": [
          "noopen"
        ],
        "X-Frame-Options": [
          "deny"
        ],
        "X-XSS-Protection": [
          "1; mode=block"
        ],
        "X-IoT-Version": [
          "20190110.1"
        ],
        "X-IoT-Cluster": [
          "iotcprodnortheurope02"
        ],
        "Strict-Transport-Security": [
          "max-age=31536000; includeSubDomains"
        ],
        "X-MSEdge-Ref": [
          "Ref A: 2278E4F1E2134643BFEA0F97DD14AE7E Ref B: CO1EDGE0117 Ref C: 2019-01-14T23:11:28Z"
        ],
        "x-ms-ratelimit-remaining-subscription-reads": [
          "11995"
        ],
        "x-ms-routing-request-id": [
          "WESTUS2:20190114T231128Z:e7f26796-6e9b-4f7b-b50c-c3dee08908a1"
        ],
        "Date": [
          "Mon, 14 Jan 2019 23:11:27 GMT"
        ],
        "Content-Length": [
          "551"
        ],
        "Content-Type": [
          "application/json; charset=utf-8"
        ]
      },
      "ResponseBody": "{\r\n  \"id\": \"/subscriptions/c75f6a44-0c50-4e42-b7ec-9ff5590b0944/resourceGroups/ps4862/providers/Microsoft.IoTCentral/IoTApps/ps518-2\",\r\n  \"name\": \"ps518-2\",\r\n  \"type\": \"Microsoft.IoTCentral/IoTApps\",\r\n  \"location\": \"westeurope\",\r\n  \"properties\": {\r\n    \"applicationId\": \"58d41807-03f2-40f2-9a0d-2e3e887d9644\",\r\n    \"state\": \"created\",\r\n    \"displayName\": \"ps518-2\",\r\n    \"tenant\": \"72f988bf-86f1-41af-91ab-2d7cd011db47\",\r\n    \"capabilities\": {},\r\n    \"subdomain\": \"ps518-2\",\r\n    \"createdDate\": \"2019-01-14T23:10:45.653Z\",\r\n    \"template\": \"iotc-default@1.0.0\"\r\n  },\r\n  \"sku\": {\r\n    \"name\": \"S1\"\r\n  },\r\n  \"etag\": \"\\\"7702affc-0000-0000-0000-5c3d16f50000\\\"\"\r\n}",
      "StatusCode": 200
    },
    {
      "RequestUri": "/subscriptions/c75f6a44-0c50-4e42-b7ec-9ff5590b0944/resourceGroups/ps4862/providers/Microsoft.IoTCentral/IoTApps/ps518-2?api-version=2018-09-01",
      "EncodedRequestUri": "L3N1YnNjcmlwdGlvbnMvYzc1ZjZhNDQtMGM1MC00ZTQyLWI3ZWMtOWZmNTU5MGIwOTQ0L3Jlc291cmNlR3JvdXBzL3BzNDg2Mi9wcm92aWRlcnMvTWljcm9zb2Z0LklvVENlbnRyYWwvSW9UQXBwcy9wczUxOC0yP2FwaS12ZXJzaW9uPTIwMTgtMDktMDE=",
      "RequestMethod": "GET",
      "RequestBody": "",
      "RequestHeaders": {
        "x-ms-client-request-id": [
          "35b3b1e3-24e6-4e9e-8020-aa84d9394189"
        ],
        "Accept-Language": [
          "en-US"
        ],
        "User-Agent": [
          "FxVersion/4.6.26725.06",
          "OSName/Windows",
          "OSVersion/Microsoft.Windows.10.0.17763.",
          "Microsoft.Azure.Management.IotCentral.IotCentralClient/2.0.0.0"
        ]
      },
      "ResponseHeaders": {
        "Cache-Control": [
          "no-store, must-revalidate, no-cache, max-stale=0, private, post-check=0, pre-check=0"
        ],
        "ETag": [
          "W/\"7702affc-0000-0000-0000-5c3d16f50000\""
        ],
        "Vary": [
          "Accept-Encoding"
        ],
        "x-ms-ratelimit-remaining-subscription-reads": [
          "11994"
        ],
        "x-ms-request-id": [
          "376a0e10-4ea9-438f-b797-2ec5598fb92f"
        ],
        "x-iot-correlation": [
          "cv-97cs6o85.0"
        ],
        "X-Content-Type-Options": [
          "nosniff"
        ],
        "X-Download-Options": [
          "noopen"
        ],
        "X-Frame-Options": [
          "deny"
        ],
        "X-XSS-Protection": [
          "1; mode=block"
        ],
        "X-IoT-Version": [
          "20190110.1"
        ],
        "X-IoT-Cluster": [
          "iotcprodnortheurope02"
        ],
        "Strict-Transport-Security": [
          "max-age=31536000; includeSubDomains"
        ],
        "X-MSEdge-Ref": [
          "Ref A: BA1ECA14DD3148508E6F24FBA0463F01 Ref B: CO1EDGE0211 Ref C: 2019-01-14T23:11:29Z"
        ],
        "x-ms-correlation-request-id": [
          "7d79e8c3-4580-40f1-914f-f86573596a43"
        ],
        "x-ms-routing-request-id": [
          "WESTUS2:20190114T231129Z:7d79e8c3-4580-40f1-914f-f86573596a43"
        ],
        "Date": [
          "Mon, 14 Jan 2019 23:11:28 GMT"
        ],
        "Content-Length": [
          "551"
        ],
        "Content-Type": [
          "application/json; charset=utf-8"
        ]
      },
      "ResponseBody": "{\r\n  \"id\": \"/subscriptions/c75f6a44-0c50-4e42-b7ec-9ff5590b0944/resourceGroups/ps4862/providers/Microsoft.IoTCentral/IoTApps/ps518-2\",\r\n  \"name\": \"ps518-2\",\r\n  \"type\": \"Microsoft.IoTCentral/IoTApps\",\r\n  \"location\": \"westeurope\",\r\n  \"properties\": {\r\n    \"applicationId\": \"58d41807-03f2-40f2-9a0d-2e3e887d9644\",\r\n    \"state\": \"created\",\r\n    \"displayName\": \"ps518-2\",\r\n    \"tenant\": \"72f988bf-86f1-41af-91ab-2d7cd011db47\",\r\n    \"capabilities\": {},\r\n    \"subdomain\": \"ps518-2\",\r\n    \"createdDate\": \"2019-01-14T23:10:45.653Z\",\r\n    \"template\": \"iotc-default@1.0.0\"\r\n  },\r\n  \"sku\": {\r\n    \"name\": \"S1\"\r\n  },\r\n  \"etag\": \"\\\"7702affc-0000-0000-0000-5c3d16f50000\\\"\"\r\n}",
      "StatusCode": 200
    },
    {
      "RequestUri": "/subscriptions/c75f6a44-0c50-4e42-b7ec-9ff5590b0944/resourcegroups/ps4862empty?api-version=2016-09-01",
      "EncodedRequestUri": "L3N1YnNjcmlwdGlvbnMvYzc1ZjZhNDQtMGM1MC00ZTQyLWI3ZWMtOWZmNTU5MGIwOTQ0L3Jlc291cmNlZ3JvdXBzL3BzNDg2MmVtcHR5P2FwaS12ZXJzaW9uPTIwMTYtMDktMDE=",
      "RequestMethod": "PUT",
      "RequestBody": "{\r\n  \"location\": \"West Europe\"\r\n}",
      "RequestHeaders": {
        "x-ms-client-request-id": [
          "18998107-deee-489b-8f88-9ed1f049c5f8"
        ],
        "Accept-Language": [
          "en-US"
        ],
        "User-Agent": [
          "FxVersion/4.6.26725.06",
          "OSName/Windows",
          "OSVersion/Microsoft.Windows.10.0.17763.",
          "Microsoft.Azure.Management.Internal.Resources.ResourceManagementClient/1.1.13"
        ],
        "Content-Type": [
          "application/json; charset=utf-8"
        ],
        "Content-Length": [
          "33"
        ]
      },
      "ResponseHeaders": {
        "Cache-Control": [
          "no-cache"
        ],
        "Pragma": [
          "no-cache"
        ],
        "x-ms-ratelimit-remaining-subscription-writes": [
          "1198"
        ],
        "x-ms-request-id": [
          "12aebd07-1728-452b-9dee-222683f896f1"
        ],
        "x-ms-correlation-request-id": [
          "12aebd07-1728-452b-9dee-222683f896f1"
        ],
        "x-ms-routing-request-id": [
          "WESTUS2:20190114T231132Z:12aebd07-1728-452b-9dee-222683f896f1"
        ],
        "Strict-Transport-Security": [
          "max-age=31536000; includeSubDomains"
        ],
        "X-Content-Type-Options": [
          "nosniff"
        ],
        "Date": [
          "Mon, 14 Jan 2019 23:11:32 GMT"
        ],
        "Content-Length": [
          "179"
        ],
        "Content-Type": [
          "application/json; charset=utf-8"
        ],
        "Expires": [
          "-1"
        ]
      },
      "ResponseBody": "{\r\n  \"id\": \"/subscriptions/c75f6a44-0c50-4e42-b7ec-9ff5590b0944/resourceGroups/ps4862empty\",\r\n  \"name\": \"ps4862empty\",\r\n  \"location\": \"westeurope\",\r\n  \"properties\": {\r\n    \"provisioningState\": \"Succeeded\"\r\n  }\r\n}",
      "StatusCode": 201
    },
    {
      "RequestUri": "/subscriptions/c75f6a44-0c50-4e42-b7ec-9ff5590b0944/resourceGroups/ps4862empty/providers/Microsoft.IoTCentral/IoTApps?api-version=2018-09-01",
      "EncodedRequestUri": "L3N1YnNjcmlwdGlvbnMvYzc1ZjZhNDQtMGM1MC00ZTQyLWI3ZWMtOWZmNTU5MGIwOTQ0L3Jlc291cmNlR3JvdXBzL3BzNDg2MmVtcHR5L3Byb3ZpZGVycy9NaWNyb3NvZnQuSW9UQ2VudHJhbC9Jb1RBcHBzP2FwaS12ZXJzaW9uPTIwMTgtMDktMDE=",
      "RequestMethod": "GET",
      "RequestBody": "",
      "RequestHeaders": {
        "x-ms-client-request-id": [
          "44d62b73-8ed2-4ced-b4cf-209dea2403d8"
        ],
        "Accept-Language": [
          "en-US"
        ],
        "User-Agent": [
          "FxVersion/4.6.26725.06",
          "OSName/Windows",
          "OSVersion/Microsoft.Windows.10.0.17763.",
          "Microsoft.Azure.Management.IotCentral.IotCentralClient/2.0.0.0"
        ]
      },
      "ResponseHeaders": {
        "Cache-Control": [
          "no-store, must-revalidate, no-cache, max-stale=0, private, post-check=0, pre-check=0"
        ],
        "ETag": [
          "W/\"1c-dKqXbMdy5UZTdLpCh8Bd74BJ2U8\""
        ],
        "Vary": [
          "Accept-Encoding"
        ],
        "x-ms-ratelimit-remaining-subscription-reads": [
          "11992"
        ],
        "x-ms-request-id": [
          "e1885c51-74d0-4275-b9ad-811f75b9e77c"
        ],
        "x-iot-correlation": [
          "cv-a53xegvv.0"
        ],
        "X-Content-Type-Options": [
          "nosniff"
        ],
        "X-Download-Options": [
          "noopen"
        ],
        "X-Frame-Options": [
          "deny"
        ],
        "X-XSS-Protection": [
          "1; mode=block"
        ],
        "X-IoT-Version": [
          "20190110.1"
        ],
        "X-IoT-Cluster": [
          "iotcprodnortheurope03"
        ],
        "Strict-Transport-Security": [
          "max-age=31536000; includeSubDomains"
        ],
        "X-MSEdge-Ref": [
          "Ref A: 32C9BEE5DDFE43588E3479D94F1E9FF2 Ref B: CO1EDGE0211 Ref C: 2019-01-14T23:11:33Z"
        ],
        "x-ms-correlation-request-id": [
          "9a6b4723-0cb5-406a-8185-18d2bf68986e"
        ],
        "x-ms-routing-request-id": [
          "WESTUS2:20190114T231133Z:9a6b4723-0cb5-406a-8185-18d2bf68986e"
        ],
        "Date": [
          "Mon, 14 Jan 2019 23:11:32 GMT"
        ],
        "Content-Length": [
          "28"
        ],
        "Content-Type": [
          "application/json; charset=utf-8"
        ]
      },
      "ResponseBody": "{\r\n  \"value\": [],\r\n  \"nextLink\": null\r\n}",
      "StatusCode": 200
    },
    {
      "RequestUri": "/subscriptions/c75f6a44-0c50-4e42-b7ec-9ff5590b0944/resourceGroups/ps4862/providers/Microsoft.IoTCentral/IoTApps/ps518?api-version=2018-09-01",
      "EncodedRequestUri": "L3N1YnNjcmlwdGlvbnMvYzc1ZjZhNDQtMGM1MC00ZTQyLWI3ZWMtOWZmNTU5MGIwOTQ0L3Jlc291cmNlR3JvdXBzL3BzNDg2Mi9wcm92aWRlcnMvTWljcm9zb2Z0LklvVENlbnRyYWwvSW9UQXBwcy9wczUxOD9hcGktdmVyc2lvbj0yMDE4LTA5LTAx",
      "RequestMethod": "PATCH",
      "RequestBody": "{\r\n  \"tags\": {\r\n    \"tt2\": \"tv2\",\r\n    \"key1\": \"value1\"\r\n  },\r\n  \"properties\": {\r\n    \"displayName\": \"New Custom Display Name.\",\r\n    \"subdomain\": \"ps518subdomainnew\"\r\n  }\r\n}",
      "RequestHeaders": {
        "x-ms-client-request-id": [
          "f0886b95-d36b-4dc7-b922-2ac1e3f09bf0"
        ],
        "Accept-Language": [
          "en-US"
        ],
        "User-Agent": [
          "FxVersion/4.6.26725.06",
          "OSName/Windows",
          "OSVersion/Microsoft.Windows.10.0.17763.",
          "Microsoft.Azure.Management.IotCentral.IotCentralClient/2.0.0.0"
        ],
        "Content-Type": [
          "application/json; charset=utf-8"
        ],
        "Content-Length": [
          "174"
        ]
      },
      "ResponseHeaders": {
        "Cache-Control": [
          "no-store, must-revalidate, no-cache, max-stale=0, private, post-check=0, pre-check=0"
        ],
        "ETag": [
          "W/\"0c0086eb-0000-0000-0000-5c3d17280000\""
        ],
        "Vary": [
          "Accept-Encoding"
        ],
        "x-ms-ratelimit-remaining-subscription-writes": [
          "1197"
        ],
        "x-ms-request-id": [
          "5bc3700c-f001-4149-8982-66d4713a91a0"
        ],
        "x-iot-correlation": [
          "cv-1b4xx641.0"
        ],
        "X-Content-Type-Options": [
          "nosniff"
        ],
        "X-Download-Options": [
          "noopen"
        ],
        "X-Frame-Options": [
          "deny"
        ],
        "X-XSS-Protection": [
          "1; mode=block"
        ],
        "X-IoT-Version": [
          "20190110.1"
        ],
        "X-IoT-Cluster": [
          "iotcprodeastus203"
        ],
        "Strict-Transport-Security": [
          "max-age=31536000; includeSubDomains"
        ],
        "X-MSEdge-Ref": [
          "Ref A: 895A652323A4401EA01555B6E1506EEB Ref B: CO1EDGE0211 Ref C: 2019-01-14T23:11:36Z"
        ],
        "x-ms-correlation-request-id": [
          "af8a654a-4b11-4619-812a-445a95be6cc2"
        ],
        "x-ms-routing-request-id": [
          "WESTUS2:20190114T231137Z:af8a654a-4b11-4619-812a-445a95be6cc2"
        ],
        "Date": [
          "Mon, 14 Jan 2019 23:11:36 GMT"
        ],
        "Content-Length": [
          "652"
        ],
        "Content-Type": [
          "application/json; charset=utf-8"
        ]
      },
      "ResponseBody": "{\r\n  \"id\": \"/subscriptions/c75f6a44-0c50-4e42-b7ec-9ff5590b0944/resourceGroups/ps4862/providers/Microsoft.IoTCentral/IoTApps/ps518\",\r\n  \"name\": \"ps518\",\r\n  \"type\": \"Microsoft.IoTCentral/IoTApps\",\r\n  \"location\": \"westeurope\",\r\n  \"tags\": {\r\n    \"tt2\": \"tv2\",\r\n    \"key1\": \"value1\"\r\n  },\r\n  \"properties\": {\r\n    \"applicationId\": \"71f3eafd-e7f5-4d39-ab7b-797e18a20bbe\",\r\n    \"state\": \"created\",\r\n    \"displayName\": \"New Custom Display Name.\",\r\n    \"tenant\": \"72f988bf-86f1-41af-91ab-2d7cd011db47\",\r\n    \"capabilities\": {},\r\n    \"subdomain\": \"ps518subdomainnew\",\r\n    \"createdDate\": \"2019-01-14T23:09:33.985Z\",\r\n    \"lastUpdated\": \"2019-01-14T23:11:36.714Z\",\r\n    \"template\": \"iotc-default@1.0.0\"\r\n  },\r\n  \"sku\": {\r\n    \"name\": \"S1\"\r\n  },\r\n  \"etag\": \"\\\"0c0086eb-0000-0000-0000-5c3d17280000\\\"\"\r\n}",
      "StatusCode": 200
    },
    {
      "RequestUri": "/subscriptions/c75f6a44-0c50-4e42-b7ec-9ff5590b0944/resourceGroups/ps4862/providers/Microsoft.IoTCentral/IoTApps/ps518?api-version=2018-09-01",
      "EncodedRequestUri": "L3N1YnNjcmlwdGlvbnMvYzc1ZjZhNDQtMGM1MC00ZTQyLWI3ZWMtOWZmNTU5MGIwOTQ0L3Jlc291cmNlR3JvdXBzL3BzNDg2Mi9wcm92aWRlcnMvTWljcm9zb2Z0LklvVENlbnRyYWwvSW9UQXBwcy9wczUxOD9hcGktdmVyc2lvbj0yMDE4LTA5LTAx",
      "RequestMethod": "DELETE",
      "RequestBody": "",
      "RequestHeaders": {
        "x-ms-client-request-id": [
          "a050beb4-3a66-4f63-9419-214328997e64"
        ],
        "Accept-Language": [
          "en-US"
        ],
        "User-Agent": [
          "FxVersion/4.6.26725.06",
          "OSName/Windows",
          "OSVersion/Microsoft.Windows.10.0.17763.",
          "Microsoft.Azure.Management.IotCentral.IotCentralClient/2.0.0.0"
        ]
      },
      "ResponseHeaders": {
        "Cache-Control": [
          "no-store, must-revalidate, no-cache, max-stale=0, private, post-check=0, pre-check=0"
        ],
        "x-ms-request-id": [
          "52c754fc-44d8-4344-9ed8-d541e0bfaa15"
        ],
        "x-iot-correlation": [
          "cv-3zsm54mr.0"
        ],
        "X-Content-Type-Options": [
          "nosniff"
        ],
        "X-Download-Options": [
          "noopen"
        ],
        "X-Frame-Options": [
          "deny"
        ],
        "X-XSS-Protection": [
          "1; mode=block"
        ],
        "X-IoT-Version": [
          "20190110.1"
        ],
        "X-IoT-Cluster": [
          "iotcprodeastus202"
        ],
        "Strict-Transport-Security": [
          "max-age=31536000; includeSubDomains"
        ],
        "X-MSEdge-Ref": [
          "Ref A: 6720C151761240DB801E5636F144707A Ref B: CO1EDGE0211 Ref C: 2019-01-14T23:11:39Z"
        ],
        "x-ms-ratelimit-remaining-subscription-deletes": [
          "14998"
        ],
        "x-ms-correlation-request-id": [
          "c1220421-9386-479b-9c13-3f43e112a95e"
        ],
        "x-ms-routing-request-id": [
          "WESTUS2:20190114T231141Z:c1220421-9386-479b-9c13-3f43e112a95e"
        ],
        "Date": [
          "Mon, 14 Jan 2019 23:11:41 GMT"
        ],
        "Content-Type": [
          "text/plain"
        ],
        "Content-Length": [
          "0"
        ]
      },
      "ResponseBody": "",
      "StatusCode": 200
    },
    {
      "RequestUri": "/subscriptions/c75f6a44-0c50-4e42-b7ec-9ff5590b0944/resourceGroups/ps4862/providers/Microsoft.IoTCentral/IoTApps/ps518-2?api-version=2018-09-01",
      "EncodedRequestUri": "L3N1YnNjcmlwdGlvbnMvYzc1ZjZhNDQtMGM1MC00ZTQyLWI3ZWMtOWZmNTU5MGIwOTQ0L3Jlc291cmNlR3JvdXBzL3BzNDg2Mi9wcm92aWRlcnMvTWljcm9zb2Z0LklvVENlbnRyYWwvSW9UQXBwcy9wczUxOC0yP2FwaS12ZXJzaW9uPTIwMTgtMDktMDE=",
      "RequestMethod": "DELETE",
      "RequestBody": "",
      "RequestHeaders": {
        "x-ms-client-request-id": [
          "10fe0507-e6cf-4765-a339-6adc7695d6e7"
        ],
        "Accept-Language": [
          "en-US"
        ],
        "User-Agent": [
          "FxVersion/4.6.26725.06",
          "OSName/Windows",
          "OSVersion/Microsoft.Windows.10.0.17763.",
          "Microsoft.Azure.Management.IotCentral.IotCentralClient/2.0.0.0"
        ]
      },
      "ResponseHeaders": {
        "Cache-Control": [
          "no-store, must-revalidate, no-cache, max-stale=0, private, post-check=0, pre-check=0"
        ],
        "x-ms-request-id": [
          "dd6155ec-827b-43bf-b179-3c9d92b15b56"
        ],
        "x-iot-correlation": [
          "cv-ahq704xv.0"
        ],
        "X-Content-Type-Options": [
          "nosniff"
        ],
        "X-Download-Options": [
          "noopen"
        ],
        "X-Frame-Options": [
          "deny"
        ],
        "X-XSS-Protection": [
          "1; mode=block"
        ],
        "X-IoT-Version": [
          "20190110.1"
        ],
        "X-IoT-Cluster": [
          "iotcprodwestus03"
        ],
        "Strict-Transport-Security": [
          "max-age=31536000; includeSubDomains"
        ],
        "X-MSEdge-Ref": [
          "Ref A: 6CCA7DF64B274ECE8619C7C9FAE9521C Ref B: CO1EDGE0211 Ref C: 2019-01-14T23:11:42Z"
        ],
        "x-ms-ratelimit-remaining-subscription-deletes": [
          "14997"
        ],
        "x-ms-correlation-request-id": [
          "83d556af-7f8c-413e-9094-df55ddf30612"
        ],
        "x-ms-routing-request-id": [
          "WESTUS2:20190114T231143Z:83d556af-7f8c-413e-9094-df55ddf30612"
        ],
        "Date": [
          "Mon, 14 Jan 2019 23:11:43 GMT"
        ],
        "Content-Type": [
          "text/plain"
        ],
        "Content-Length": [
          "0"
        ]
      },
      "ResponseBody": "",
      "StatusCode": 200
    }
  ],
  "Names": {
    "Test-IotCentralAppLifecycleManagement": [
      "ps4862",
      "ps518"
    ]
  },
  "Variables": {
    "SubscriptionId": "c75f6a44-0c50-4e42-b7ec-9ff5590b0944"
  }
}