{
  "Entries": [
    {
      "RequestUri": "/subscriptions/e68d4145-c9ae-4667-925d-c51c8d88ad73/resourcegroups/onesdk7865?api-version=2016-02-01",
      "EncodedRequestUri": "L3N1YnNjcmlwdGlvbnMvZTY4ZDQxNDUtYzlhZS00NjY3LTkyNWQtYzUxYzhkODhhZDczL3Jlc291cmNlZ3JvdXBzL29uZXNkazc4NjU/YXBpLXZlcnNpb249MjAxNi0wMi0wMQ==",
      "RequestMethod": "PUT",
      "RequestBody": "{\r\n  \"location\": \"West US\"\r\n}",
      "RequestHeaders": {
        "Content-Type": [
          "application/json; charset=utf-8"
        ],
        "Content-Length": [
          "29"
        ],
        "User-Agent": [
          "Microsoft.Azure.Management.Resources.ResourceManagementClient/2.0.0.0"
        ]
      },
      "ResponseBody": "{\r\n  \"id\": \"/subscriptions/e68d4145-c9ae-4667-925d-c51c8d88ad73/resourceGroups/onesdk7865\",\r\n  \"name\": \"onesdk7865\",\r\n  \"location\": \"westus\",\r\n  \"properties\": {\r\n    \"provisioningState\": \"Succeeded\"\r\n  }\r\n}",
      "ResponseHeaders": {
        "Content-Length": [
          "173"
        ],
        "Content-Type": [
          "application/json; charset=utf-8"
        ],
        "Expires": [
          "-1"
        ],
        "Pragma": [
          "no-cache"
        ],
        "x-ms-ratelimit-remaining-subscription-writes": [
          "1199"
        ],
        "x-ms-request-id": [
          "e3997b03-1633-43f3-ad55-ecd50b788df7"
        ],
        "x-ms-correlation-request-id": [
          "e3997b03-1633-43f3-ad55-ecd50b788df7"
        ],
        "x-ms-routing-request-id": [
          "CENTRALUS:20170424T111604Z:e3997b03-1633-43f3-ad55-ecd50b788df7"
        ],
        "Strict-Transport-Security": [
          "max-age=31536000; includeSubDomains"
        ],
        "Cache-Control": [
          "no-cache"
        ],
        "Date": [
          "Mon, 24 Apr 2017 11:16:03 GMT"
        ]
      },
      "StatusCode": 201
    },
    {
      "RequestUri": "/subscriptions/e68d4145-c9ae-4667-925d-c51c8d88ad73/resourceGroups/onesdk7865/providers/Microsoft.Network/trafficmanagerprofiles/onesdk8634?api-version=2017-03-01",
      "EncodedRequestUri": "L3N1YnNjcmlwdGlvbnMvZTY4ZDQxNDUtYzlhZS00NjY3LTkyNWQtYzUxYzhkODhhZDczL3Jlc291cmNlR3JvdXBzL29uZXNkazc4NjUvcHJvdmlkZXJzL01pY3Jvc29mdC5OZXR3b3JrL3RyYWZmaWNtYW5hZ2VycHJvZmlsZXMvb25lc2RrODYzND9hcGktdmVyc2lvbj0yMDE3LTAzLTAx",
      "RequestMethod": "GET",
      "RequestBody": "",
      "RequestHeaders": {
        "User-Agent": [
          "Microsoft.Azure.Management.TrafficManager.TrafficManagerManagementClient/1.0.0.0"
        ]
      },
      "ResponseBody": "{\r\n  \"error\": {\r\n    \"code\": \"ResourceNotFound\",\r\n    \"message\": \"The Resource 'Microsoft.Network/trafficmanagerprofiles/onesdk8634' under resource group 'onesdk7865' was not found.\"\r\n  }\r\n}",
      "ResponseHeaders": {
        "Content-Length": [
          "165"
        ],
        "Content-Type": [
          "application/json; charset=utf-8"
        ],
        "Expires": [
          "-1"
        ],
        "Pragma": [
          "no-cache"
        ],
        "x-ms-failure-cause": [
          "gateway"
        ],
        "x-ms-request-id": [
          "13ab60db-8fc7-4a47-906c-96e0065d200e"
        ],
        "x-ms-correlation-request-id": [
          "13ab60db-8fc7-4a47-906c-96e0065d200e"
        ],
        "x-ms-routing-request-id": [
          "CENTRALUS:20170424T111605Z:13ab60db-8fc7-4a47-906c-96e0065d200e"
        ],
        "Strict-Transport-Security": [
          "max-age=31536000; includeSubDomains"
        ],
        "Cache-Control": [
          "no-cache"
        ],
        "Date": [
          "Mon, 24 Apr 2017 11:16:04 GMT"
        ]
      },
      "StatusCode": 404
    },
    {
      "RequestUri": "/subscriptions/e68d4145-c9ae-4667-925d-c51c8d88ad73/resourceGroups/onesdk7865/providers/Microsoft.Network/trafficmanagerprofiles/onesdk8634?api-version=2017-03-01",
      "EncodedRequestUri": "L3N1YnNjcmlwdGlvbnMvZTY4ZDQxNDUtYzlhZS00NjY3LTkyNWQtYzUxYzhkODhhZDczL3Jlc291cmNlR3JvdXBzL29uZXNkazc4NjUvcHJvdmlkZXJzL01pY3Jvc29mdC5OZXR3b3JrL3RyYWZmaWNtYW5hZ2VycHJvZmlsZXMvb25lc2RrODYzND9hcGktdmVyc2lvbj0yMDE3LTAzLTAx",
      "RequestMethod": "PUT",
      "RequestBody": "{\r\n  \"properties\": {\r\n    \"trafficRoutingMethod\": \"Performance\",\r\n    \"dnsConfig\": {\r\n      \"relativeName\": \"onesdk6063\",\r\n      \"ttl\": 50\r\n    },\r\n    \"monitorConfig\": {\r\n      \"protocol\": \"HTTP\",\r\n      \"port\": 80,\r\n      \"path\": \"/testpath.asp\"\r\n    }\r\n  },\r\n  \"name\": \"onesdk8634\",\r\n  \"location\": \"global\"\r\n}",
      "RequestHeaders": {
        "Content-Type": [
          "application/json; charset=utf-8"
        ],
        "Content-Length": [
          "312"
        ],
        "User-Agent": [
          "Microsoft.Azure.Management.TrafficManager.TrafficManagerManagementClient/1.0.0.0"
        ]
      },
      "ResponseBody": "{\r\n  \"id\": \"/subscriptions/e68d4145-c9ae-4667-925d-c51c8d88ad73/resourceGroups/onesdk7865/providers/Microsoft.Network/trafficManagerProfiles/onesdk8634\",\r\n  \"name\": \"onesdk8634\",\r\n  \"type\": \"Microsoft.Network/trafficManagerProfiles\",\r\n  \"location\": \"global\",\r\n  \"properties\": {\r\n    \"profileStatus\": \"Enabled\",\r\n    \"trafficRoutingMethod\": \"Performance\",\r\n    \"dnsConfig\": {\r\n      \"relativeName\": \"onesdk6063\",\r\n      \"fqdn\": \"onesdk6063.tmpreview.watmtest.azure-test.net\",\r\n      \"ttl\": 50\r\n    },\r\n    \"monitorConfig\": {\r\n      \"profileMonitorStatus\": \"Inactive\",\r\n      \"protocol\": \"HTTP\",\r\n      \"port\": 80,\r\n      \"path\": \"/testpath.asp\",\r\n      \"intervalInSeconds\": null,\r\n      \"toleratedNumberOfFailures\": null,\r\n      \"timeoutInSeconds\": null\r\n    },\r\n    \"endpoints\": []\r\n  }\r\n}",
      "ResponseHeaders": {
        "Content-Length": [
          "631"
        ],
        "Content-Type": [
          "application/json; charset=utf-8"
        ],
        "X-Content-Type-Options": [
          "nosniff"
        ],
        "Strict-Transport-Security": [
          "max-age=31536000; includeSubDomains"
        ],
        "x-ms-request-id": [
          "473c275d-dc59-4472-82ea-c562315ada27"
        ],
        "x-ms-ratelimit-remaining-subscription-resource-requests": [
          "10799"
        ],
        "x-ms-correlation-request-id": [
          "6a98a2a8-0949-4105-a7b4-db04dc14aadf"
        ],
        "x-ms-routing-request-id": [
          "CENTRALUS:20170424T111606Z:6a98a2a8-0949-4105-a7b4-db04dc14aadf"
        ],
        "Cache-Control": [
          "private"
        ],
        "Date": [
          "Mon, 24 Apr 2017 11:16:05 GMT"
        ],
        "Server": [
          "Microsoft-IIS/8.5"
        ],
        "X-AspNet-Version": [
          "4.0.30319"
        ],
        "X-Powered-By": [
          "ASP.NET"
        ]
      },
      "StatusCode": 201
    },
    {
      "RequestUri": "/subscriptions/e68d4145-c9ae-4667-925d-c51c8d88ad73/resourceGroups/onesdk7865/providers/Microsoft.Network/trafficmanagerprofiles/onesdk8634/ExternalEndpoints/onesdk9927?api-version=2017-03-01",
      "EncodedRequestUri": "L3N1YnNjcmlwdGlvbnMvZTY4ZDQxNDUtYzlhZS00NjY3LTkyNWQtYzUxYzhkODhhZDczL3Jlc291cmNlR3JvdXBzL29uZXNkazc4NjUvcHJvdmlkZXJzL01pY3Jvc29mdC5OZXR3b3JrL3RyYWZmaWNtYW5hZ2VycHJvZmlsZXMvb25lc2RrODYzNC9FeHRlcm5hbEVuZHBvaW50cy9vbmVzZGs5OTI3P2FwaS12ZXJzaW9uPTIwMTctMDMtMDE=",
      "RequestMethod": "GET",
      "RequestBody": "",
      "RequestHeaders": {
        "User-Agent": [
          "Microsoft.Azure.Management.TrafficManager.TrafficManagerManagementClient/1.0.0.0"
        ]
      },
      "ResponseBody": "{\r\n  \"code\": \"NotFound\",\r\n  \"message\": \"The endpoint 'onesdk9927' of type 'externalendpoints' does not exist in the profile 'onesdk8634'.\"\r\n}",
      "ResponseHeaders": {
        "Content-Length": [
          "129"
        ],
        "Content-Type": [
          "application/json; charset=utf-8"
        ],
        "X-Content-Type-Options": [
          "nosniff"
        ],
        "Strict-Transport-Security": [
          "max-age=31536000; includeSubDomains"
        ],
        "x-ms-request-id": [
          "2668bdf8-6b01-46c0-af58-2e22ab87e14e"
        ],
        "x-ms-ratelimit-remaining-subscription-reads": [
          "14999"
        ],
        "x-ms-correlation-request-id": [
          "a14612f2-8bbd-4e90-8e94-b6c4685cbdd3"
        ],
        "x-ms-routing-request-id": [
          "CENTRALUS:20170424T111607Z:a14612f2-8bbd-4e90-8e94-b6c4685cbdd3"
        ],
        "Cache-Control": [
          "private"
        ],
        "Date": [
          "Mon, 24 Apr 2017 11:16:06 GMT"
        ],
        "Server": [
          "Microsoft-IIS/8.5"
        ],
        "X-AspNet-Version": [
          "4.0.30319"
        ],
        "X-Powered-By": [
          "ASP.NET"
        ]
      },
      "StatusCode": 404
    },
    {
      "RequestUri": "/subscriptions/e68d4145-c9ae-4667-925d-c51c8d88ad73/resourceGroups/onesdk7865/providers/Microsoft.Network/trafficmanagerprofiles/onesdk8634/ExternalEndpoints/onesdk9927?api-version=2017-03-01",
      "EncodedRequestUri": "L3N1YnNjcmlwdGlvbnMvZTY4ZDQxNDUtYzlhZS00NjY3LTkyNWQtYzUxYzhkODhhZDczL3Jlc291cmNlR3JvdXBzL29uZXNkazc4NjUvcHJvdmlkZXJzL01pY3Jvc29mdC5OZXR3b3JrL3RyYWZmaWNtYW5hZ2VycHJvZmlsZXMvb25lc2RrODYzNC9FeHRlcm5hbEVuZHBvaW50cy9vbmVzZGs5OTI3P2FwaS12ZXJzaW9uPTIwMTctMDMtMDE=",
      "RequestMethod": "GET",
      "RequestBody": "",
      "RequestHeaders": {
        "User-Agent": [
          "Microsoft.Azure.Management.TrafficManager.TrafficManagerManagementClient/1.0.0.0"
        ]
      },
      "ResponseBody": "{\r\n  \"id\": \"/subscriptions/e68d4145-c9ae-4667-925d-c51c8d88ad73/resourceGroups/onesdk7865/providers/Microsoft.Network/trafficManagerProfiles/onesdk8634/externalEndpoints/onesdk9927\",\r\n  \"name\": \"onesdk9927\",\r\n  \"type\": \"Microsoft.Network/trafficManagerProfiles/externalEndpoints\",\r\n  \"properties\": {\r\n    \"endpointStatus\": \"Enabled\",\r\n    \"endpointMonitorStatus\": \"CheckingEndpoint\",\r\n    \"target\": \"www.contoso.com\",\r\n    \"weight\": 1,\r\n    \"priority\": 1,\r\n    \"endpointLocation\": \"North Europe\"\r\n  }\r\n}",
      "ResponseHeaders": {
        "Content-Length": [
          "447"
        ],
        "Content-Type": [
          "application/json; charset=utf-8"
        ],
        "X-Content-Type-Options": [
          "nosniff"
        ],
        "Strict-Transport-Security": [
          "max-age=31536000; includeSubDomains"
        ],
        "x-ms-request-id": [
          "97ba6533-f3ed-4dc4-ac5b-24f27c4e3491"
        ],
        "x-ms-ratelimit-remaining-subscription-reads": [
          "14998"
        ],
        "x-ms-correlation-request-id": [
          "a0e65875-a9d1-4e6a-a7a7-b155ac505858"
        ],
        "x-ms-routing-request-id": [
          "CENTRALUS:20170424T111608Z:a0e65875-a9d1-4e6a-a7a7-b155ac505858"
        ],
        "Cache-Control": [
          "private"
        ],
        "Date": [
          "Mon, 24 Apr 2017 11:16:07 GMT"
        ],
        "Server": [
          "Microsoft-IIS/8.5"
        ],
        "X-AspNet-Version": [
          "4.0.30319"
        ],
        "X-Powered-By": [
          "ASP.NET"
        ]
      },
      "StatusCode": 200
    },
    {
      "RequestUri": "/subscriptions/e68d4145-c9ae-4667-925d-c51c8d88ad73/resourceGroups/onesdk7865/providers/Microsoft.Network/trafficmanagerprofiles/onesdk8634/ExternalEndpoints/onesdk9927?api-version=2017-03-01",
      "EncodedRequestUri": "L3N1YnNjcmlwdGlvbnMvZTY4ZDQxNDUtYzlhZS00NjY3LTkyNWQtYzUxYzhkODhhZDczL3Jlc291cmNlR3JvdXBzL29uZXNkazc4NjUvcHJvdmlkZXJzL01pY3Jvc29mdC5OZXR3b3JrL3RyYWZmaWNtYW5hZ2VycHJvZmlsZXMvb25lc2RrODYzNC9FeHRlcm5hbEVuZHBvaW50cy9vbmVzZGs5OTI3P2FwaS12ZXJzaW9uPTIwMTctMDMtMDE=",
      "RequestMethod": "GET",
      "RequestBody": "",
      "RequestHeaders": {
        "User-Agent": [
          "Microsoft.Azure.Management.TrafficManager.TrafficManagerManagementClient/1.0.0.0"
        ]
      },
      "ResponseBody": "{\r\n  \"id\": \"/subscriptions/e68d4145-c9ae-4667-925d-c51c8d88ad73/resourceGroups/onesdk7865/providers/Microsoft.Network/trafficManagerProfiles/onesdk8634/externalEndpoints/onesdk9927\",\r\n  \"name\": \"onesdk9927\",\r\n  \"type\": \"Microsoft.Network/trafficManagerProfiles/externalEndpoints\",\r\n  \"properties\": {\r\n    \"endpointStatus\": \"Disabled\",\r\n    \"endpointMonitorStatus\": \"Disabled\",\r\n    \"target\": \"www.contoso.com\",\r\n    \"weight\": 1,\r\n    \"priority\": 1,\r\n    \"endpointLocation\": \"North Europe\"\r\n  }\r\n}",
      "ResponseHeaders": {
        "Content-Length": [
          "440"
        ],
        "Content-Type": [
          "application/json; charset=utf-8"
        ],
        "X-Content-Type-Options": [
          "nosniff"
        ],
        "Strict-Transport-Security": [
          "max-age=31536000; includeSubDomains"
        ],
        "x-ms-request-id": [
          "5ef092ce-9cc2-4dee-90d8-e2bbc6f5ce8c"
        ],
        "x-ms-ratelimit-remaining-subscription-reads": [
          "14997"
        ],
        "x-ms-correlation-request-id": [
          "c09925a2-b376-4ed9-94c9-fb7986c1a1b0"
        ],
        "x-ms-routing-request-id": [
          "CENTRALUS:20170424T111609Z:c09925a2-b376-4ed9-94c9-fb7986c1a1b0"
        ],
        "Cache-Control": [
          "private"
        ],
        "Date": [
          "Mon, 24 Apr 2017 11:16:08 GMT"
        ],
        "Server": [
          "Microsoft-IIS/8.5"
        ],
        "X-AspNet-Version": [
          "4.0.30319"
        ],
        "X-Powered-By": [
          "ASP.NET"
        ]
      },
      "StatusCode": 200
    },
    {
      "RequestUri": "/subscriptions/e68d4145-c9ae-4667-925d-c51c8d88ad73/resourceGroups/onesdk7865/providers/Microsoft.Network/trafficmanagerprofiles/onesdk8634/ExternalEndpoints/onesdk9927?api-version=2017-03-01",
      "EncodedRequestUri": "L3N1YnNjcmlwdGlvbnMvZTY4ZDQxNDUtYzlhZS00NjY3LTkyNWQtYzUxYzhkODhhZDczL3Jlc291cmNlR3JvdXBzL29uZXNkazc4NjUvcHJvdmlkZXJzL01pY3Jvc29mdC5OZXR3b3JrL3RyYWZmaWNtYW5hZ2VycHJvZmlsZXMvb25lc2RrODYzNC9FeHRlcm5hbEVuZHBvaW50cy9vbmVzZGs5OTI3P2FwaS12ZXJzaW9uPTIwMTctMDMtMDE=",
      "RequestMethod": "GET",
      "RequestBody": "",
      "RequestHeaders": {
        "User-Agent": [
          "Microsoft.Azure.Management.TrafficManager.TrafficManagerManagementClient/1.0.0.0"
        ]
      },
      "ResponseBody": "{\r\n  \"code\": \"NotFound\",\r\n  \"message\": \"The endpoint 'onesdk9927' of type 'externalendpoints' does not exist in the profile 'onesdk8634'.\"\r\n}",
      "ResponseHeaders": {
        "Content-Length": [
          "129"
        ],
        "Content-Type": [
          "application/json; charset=utf-8"
        ],
        "X-Content-Type-Options": [
          "nosniff"
        ],
        "Strict-Transport-Security": [
          "max-age=31536000; includeSubDomains"
        ],
        "x-ms-request-id": [
          "ea584adc-8c65-47dd-b9fd-d77ab1d124a9"
        ],
        "x-ms-ratelimit-remaining-subscription-reads": [
          "14996"
        ],
        "x-ms-correlation-request-id": [
          "5cbb5193-94ee-4ce2-ab1f-54d02faf64ab"
        ],
        "x-ms-routing-request-id": [
          "CENTRALUS:20170424T111609Z:5cbb5193-94ee-4ce2-ab1f-54d02faf64ab"
        ],
        "Cache-Control": [
          "private"
        ],
        "Date": [
          "Mon, 24 Apr 2017 11:16:08 GMT"
        ],
        "Server": [
          "Microsoft-IIS/8.5"
        ],
        "X-AspNet-Version": [
          "4.0.30319"
        ],
        "X-Powered-By": [
          "ASP.NET"
        ]
      },
      "StatusCode": 404
    },
    {
      "RequestUri": "/subscriptions/e68d4145-c9ae-4667-925d-c51c8d88ad73/resourceGroups/onesdk7865/providers/Microsoft.Network/trafficmanagerprofiles/onesdk8634/ExternalEndpoints/onesdk9927?api-version=2017-03-01",
      "EncodedRequestUri": "L3N1YnNjcmlwdGlvbnMvZTY4ZDQxNDUtYzlhZS00NjY3LTkyNWQtYzUxYzhkODhhZDczL3Jlc291cmNlR3JvdXBzL29uZXNkazc4NjUvcHJvdmlkZXJzL01pY3Jvc29mdC5OZXR3b3JrL3RyYWZmaWNtYW5hZ2VycHJvZmlsZXMvb25lc2RrODYzNC9FeHRlcm5hbEVuZHBvaW50cy9vbmVzZGs5OTI3P2FwaS12ZXJzaW9uPTIwMTctMDMtMDE=",
      "RequestMethod": "PUT",
      "RequestBody": "{\r\n  \"name\": \"onesdk9927\",\r\n  \"type\": \"Microsoft.Network/trafficManagerProfiles/ExternalEndpoints\",\r\n  \"properties\": {\r\n    \"target\": \"www.contoso.com\",\r\n    \"endpointStatus\": \"Enabled\",\r\n    \"endpointLocation\": \"North Europe\"\r\n  }\r\n}",
      "RequestHeaders": {
        "Content-Type": [
          "application/json; charset=utf-8"
        ],
        "Content-Length": [
          "234"
        ],
        "User-Agent": [
          "Microsoft.Azure.Management.TrafficManager.TrafficManagerManagementClient/1.0.0.0"
        ]
      },
      "ResponseBody": "{\r\n  \"id\": \"/subscriptions/e68d4145-c9ae-4667-925d-c51c8d88ad73/resourceGroups/onesdk7865/providers/Microsoft.Network/trafficManagerProfiles/onesdk8634/externalEndpoints/onesdk9927\",\r\n  \"name\": \"onesdk9927\",\r\n  \"type\": \"Microsoft.Network/trafficManagerProfiles/externalEndpoints\",\r\n  \"properties\": {\r\n    \"endpointStatus\": \"Enabled\",\r\n    \"endpointMonitorStatus\": \"CheckingEndpoint\",\r\n    \"target\": \"www.contoso.com\",\r\n    \"weight\": 1,\r\n    \"priority\": 1,\r\n    \"endpointLocation\": \"North Europe\"\r\n  }\r\n}",
      "ResponseHeaders": {
        "Content-Length": [
          "447"
        ],
        "Content-Type": [
          "application/json; charset=utf-8"
        ],
        "X-Content-Type-Options": [
          "nosniff"
        ],
        "Strict-Transport-Security": [
          "max-age=31536000; includeSubDomains"
        ],
        "x-ms-request-id": [
          "9dd0cc99-857d-4629-bc8d-9bbad50f03e6"
        ],
        "x-ms-ratelimit-remaining-subscription-writes": [
          "1199"
        ],
        "x-ms-correlation-request-id": [
          "a18ecc1c-b4af-49ab-b84a-55198b4961c3"
        ],
        "x-ms-routing-request-id": [
          "CENTRALUS:20170424T111607Z:a18ecc1c-b4af-49ab-b84a-55198b4961c3"
        ],
        "Cache-Control": [
          "private"
        ],
        "Date": [
          "Mon, 24 Apr 2017 11:16:07 GMT"
        ],
        "Server": [
          "Microsoft-IIS/8.5"
        ],
        "X-AspNet-Version": [
          "4.0.30319"
        ],
        "X-Powered-By": [
          "ASP.NET"
        ]
      },
      "StatusCode": 201
    },
    {
      "RequestUri": "/subscriptions/e68d4145-c9ae-4667-925d-c51c8d88ad73/resourceGroups/onesdk7865/providers/Microsoft.Network/trafficmanagerprofiles/onesdk8634/ExternalEndpoints/onesdk9927?api-version=2017-03-01",
      "EncodedRequestUri": "L3N1YnNjcmlwdGlvbnMvZTY4ZDQxNDUtYzlhZS00NjY3LTkyNWQtYzUxYzhkODhhZDczL3Jlc291cmNlR3JvdXBzL29uZXNkazc4NjUvcHJvdmlkZXJzL01pY3Jvc29mdC5OZXR3b3JrL3RyYWZmaWNtYW5hZ2VycHJvZmlsZXMvb25lc2RrODYzNC9FeHRlcm5hbEVuZHBvaW50cy9vbmVzZGs5OTI3P2FwaS12ZXJzaW9uPTIwMTctMDMtMDE=",
      "RequestMethod": "PUT",
      "RequestBody": "{\r\n  \"id\": \"/subscriptions/e68d4145-c9ae-4667-925d-c51c8d88ad73/resourceGroups/onesdk7865/providers/Microsoft.Network/trafficManagerProfiles/onesdk8634/externalEndpoints/onesdk9927\",\r\n  \"name\": \"onesdk9927\",\r\n  \"type\": \"Microsoft.Network/trafficManagerProfiles/ExternalEndpoints\",\r\n  \"properties\": {\r\n    \"target\": \"www.contoso.com\",\r\n    \"endpointStatus\": \"Disabled\",\r\n    \"weight\": 1,\r\n    \"priority\": 1,\r\n    \"endpointLocation\": \"North Europe\"\r\n  }\r\n}",
      "RequestHeaders": {
        "Content-Type": [
          "application/json; charset=utf-8"
        ],
        "Content-Length": [
          "454"
        ],
        "User-Agent": [
          "Microsoft.Azure.Management.TrafficManager.TrafficManagerManagementClient/1.0.0.0"
        ]
      },
      "ResponseBody": "{\r\n  \"id\": \"/subscriptions/e68d4145-c9ae-4667-925d-c51c8d88ad73/resourceGroups/onesdk7865/providers/Microsoft.Network/trafficManagerProfiles/onesdk8634/externalEndpoints/onesdk9927\",\r\n  \"name\": \"onesdk9927\",\r\n  \"type\": \"Microsoft.Network/trafficManagerProfiles/externalEndpoints\",\r\n  \"properties\": {\r\n    \"endpointStatus\": \"Disabled\",\r\n    \"endpointMonitorStatus\": \"Disabled\",\r\n    \"target\": \"www.contoso.com\",\r\n    \"weight\": 1,\r\n    \"priority\": 1,\r\n    \"endpointLocation\": \"North Europe\"\r\n  }\r\n}",
      "ResponseHeaders": {
        "Content-Length": [
          "440"
        ],
        "Content-Type": [
          "application/json; charset=utf-8"
        ],
        "X-Content-Type-Options": [
          "nosniff"
        ],
        "Strict-Transport-Security": [
          "max-age=31536000; includeSubDomains"
        ],
        "x-ms-request-id": [
          "e08fcec4-7f22-4760-a080-bb3f328116dd"
        ],
        "x-ms-ratelimit-remaining-subscription-writes": [
          "1198"
        ],
        "x-ms-correlation-request-id": [
          "c1918b20-b635-418e-b75c-32e6c50c385e"
        ],
        "x-ms-routing-request-id": [
          "CENTRALUS:20170424T111608Z:c1918b20-b635-418e-b75c-32e6c50c385e"
        ],
        "Cache-Control": [
          "private"
        ],
        "Date": [
          "Mon, 24 Apr 2017 11:16:07 GMT"
        ],
        "Server": [
          "Microsoft-IIS/8.5"
        ],
        "X-AspNet-Version": [
          "4.0.30319"
        ],
        "X-Powered-By": [
          "ASP.NET"
        ]
      },
      "StatusCode": 201
    },
    {
      "RequestUri": "/subscriptions/e68d4145-c9ae-4667-925d-c51c8d88ad73/resourceGroups/onesdk7865/providers/Microsoft.Network/trafficmanagerprofiles/onesdk8634/ExternalEndpoints/onesdk9927?api-version=2017-03-01",
      "EncodedRequestUri": "L3N1YnNjcmlwdGlvbnMvZTY4ZDQxNDUtYzlhZS00NjY3LTkyNWQtYzUxYzhkODhhZDczL3Jlc291cmNlR3JvdXBzL29uZXNkazc4NjUvcHJvdmlkZXJzL01pY3Jvc29mdC5OZXR3b3JrL3RyYWZmaWNtYW5hZ2VycHJvZmlsZXMvb25lc2RrODYzNC9FeHRlcm5hbEVuZHBvaW50cy9vbmVzZGs5OTI3P2FwaS12ZXJzaW9uPTIwMTctMDMtMDE=",
      "RequestMethod": "DELETE",
      "RequestBody": "",
      "RequestHeaders": {
        "User-Agent": [
          "Microsoft.Azure.Management.TrafficManager.TrafficManagerManagementClient/1.0.0.0"
        ]
      },
      "ResponseBody": "",
      "ResponseHeaders": {
        "Content-Length": [
          "0"
        ],
        "X-Content-Type-Options": [
          "nosniff"
        ],
        "Strict-Transport-Security": [
          "max-age=31536000; includeSubDomains"
        ],
        "x-ms-request-id": [
          "e72ee9a6-e3c3-4a91-a21b-595d96075fdb"
        ],
        "x-ms-ratelimit-remaining-subscription-writes": [
          "1197"
        ],
        "x-ms-correlation-request-id": [
          "22c3314b-1857-432c-8301-5bf046fe0e1e"
        ],
        "x-ms-routing-request-id": [
          "CENTRALUS:20170424T111609Z:22c3314b-1857-432c-8301-5bf046fe0e1e"
        ],
        "Cache-Control": [
          "private"
        ],
        "Date": [
          "Mon, 24 Apr 2017 11:16:08 GMT"
        ],
        "Server": [
          "Microsoft-IIS/8.5"
        ],
        "X-AspNet-Version": [
          "4.0.30319"
        ],
        "X-Powered-By": [
          "ASP.NET"
        ]
      },
      "StatusCode": 200
    }
  ],
  "Names": {
    "Test-EndpointCrud": [
      "onesdk9927",
      "onesdk8634",
      "onesdk7865",
      "onesdk6063"
    ]
  },
  "Variables": {
    "SubscriptionId": "e68d4145-c9ae-4667-925d-c51c8d88ad73"
  }
}