{
  "Entries": [
    {
      "RequestUri": "/subscriptions/b36cdf46-b75d-4dc2-9fe1-1296ee8c623d/resources?$filter=resourceType%20eq%20'Microsoft.KeyVault%2Fvaults'&api-version=2016-09-01",
      "EncodedRequestUri": "L3N1YnNjcmlwdGlvbnMvYjM2Y2RmNDYtYjc1ZC00ZGMyLTlmZTEtMTI5NmVlOGM2MjNkL3Jlc291cmNlcz8kZmlsdGVyPXJlc291cmNlVHlwZSUyMGVxJTIwJ01pY3Jvc29mdC5LZXlWYXVsdCUyRnZhdWx0cycmYXBpLXZlcnNpb249MjAxNi0wOS0wMQ==",
      "RequestMethod": "GET",
      "RequestBody": "",
      "RequestHeaders": {
        "x-ms-client-request-id": [
          "d4402621-8fca-4263-a424-470c44e04266"
        ],
        "Accept-Language": [
          "en-US"
        ],
        "User-Agent": [
          "FxVersion/4.6.27019.06",
          "OSName/Windows",
          "OSVersion/Microsoft.Windows.10.0.17763.",
          "Microsoft.Azure.Management.Internal.Resources.ResourceManagementClient/1.1.12"
        ]
      },
      "ResponseHeaders": {
        "Cache-Control": [
          "no-cache"
        ],
        "Pragma": [
          "no-cache"
        ],
        "x-ms-ratelimit-remaining-subscription-reads": [
          "11998"
        ],
        "x-ms-request-id": [
          "80f9b074-492a-4943-ba14-c4c0efe3a747"
        ],
        "x-ms-correlation-request-id": [
          "80f9b074-492a-4943-ba14-c4c0efe3a747"
        ],
        "x-ms-routing-request-id": [
          "WESTUS2:20190116T001453Z:80f9b074-492a-4943-ba14-c4c0efe3a747"
        ],
        "Strict-Transport-Security": [
          "max-age=31536000; includeSubDomains"
        ],
        "X-Content-Type-Options": [
          "nosniff"
        ],
        "Date": [
          "Wed, 16 Jan 2019 00:14:52 GMT"
        ],
        "Content-Type": [
          "application/json; charset=utf-8"
        ],
        "Expires": [
          "-1"
        ],
        "Content-Length": [
          "2680"
        ]
      },
      "ResponseBody": "{\r\n  \"value\": [\r\n    {\r\n      \"id\": \"/subscriptions/b36cdf46-b75d-4dc2-9fe1-1296ee8c623d/resourceGroups/azurermsfrg/providers/Microsoft.KeyVault/vaults/azurermsfkvtest\",\r\n      \"name\": \"azurermsfkvtest\",\r\n      \"type\": \"Microsoft.KeyVault/vaults\",\r\n      \"location\": \"southcentralus\",\r\n      \"tags\": {\r\n        \"clusterName\": \"azurermsfclustertest\",\r\n        \"resourceType\": \"Service Fabric\"\r\n      }\r\n    },\r\n    {\r\n      \"id\": \"/subscriptions/b36cdf46-b75d-4dc2-9fe1-1296ee8c623d/resourceGroups/azurermsfrg/providers/Microsoft.KeyVault/vaults/azurermsfkvtestWU\",\r\n      \"name\": \"azurermsfkvtestWU\",\r\n      \"type\": \"Microsoft.KeyVault/vaults\",\r\n      \"location\": \"westus\",\r\n      \"tags\": {}\r\n    },\r\n    {\r\n      \"id\": \"/subscriptions/b36cdf46-b75d-4dc2-9fe1-1296ee8c623d/resourceGroups/demo-1919351714012019-paasv2/providers/Microsoft.KeyVault/vaults/KeyVault191935171401\",\r\n      \"name\": \"KeyVault191935171401\",\r\n      \"type\": \"Microsoft.KeyVault/vaults\",\r\n      \"location\": \"southcentralus\",\r\n      \"tags\": {}\r\n    },\r\n    {\r\n      \"id\": \"/subscriptions/b36cdf46-b75d-4dc2-9fe1-1296ee8c623d/resourceGroups/demo-3654051015012019-paasv2/providers/Microsoft.KeyVault/vaults/KeyVault365405101501\",\r\n      \"name\": \"KeyVault365405101501\",\r\n      \"type\": \"Microsoft.KeyVault/vaults\",\r\n      \"location\": \"southcentralus\",\r\n      \"tags\": {}\r\n    },\r\n    {\r\n      \"id\": \"/subscriptions/b36cdf46-b75d-4dc2-9fe1-1296ee8c623d/resourceGroups/demo-5655281715012019-paasv2/providers/Microsoft.KeyVault/vaults/KeyVault565528171501\",\r\n      \"name\": \"KeyVault565528171501\",\r\n      \"type\": \"Microsoft.KeyVault/vaults\",\r\n      \"location\": \"southcentralus\",\r\n      \"tags\": {}\r\n    },\r\n    {\r\n      \"id\": \"/subscriptions/b36cdf46-b75d-4dc2-9fe1-1296ee8c623d/resourceGroups/demo-8659411514012019-paasv2/providers/Microsoft.KeyVault/vaults/KeyVault865941151401\",\r\n      \"name\": \"KeyVault865941151401\",\r\n      \"type\": \"Microsoft.KeyVault/vaults\",\r\n      \"location\": \"southcentralus\",\r\n      \"tags\": {}\r\n    },\r\n    {\r\n      \"id\": \"/subscriptions/b36cdf46-b75d-4dc2-9fe1-1296ee8c623d/resourceGroups/demo-9641472114012019-paasv2/providers/Microsoft.KeyVault/vaults/KeyVault964147211401\",\r\n      \"name\": \"KeyVault964147211401\",\r\n      \"type\": \"Microsoft.KeyVault/vaults\",\r\n      \"location\": \"southcentralus\",\r\n      \"tags\": {}\r\n    },\r\n    {\r\n      \"id\": \"/subscriptions/b36cdf46-b75d-4dc2-9fe1-1296ee8c623d/resourceGroups/demo-9818252315012019-paasv2/providers/Microsoft.KeyVault/vaults/KeyVault981825231501\",\r\n      \"name\": \"KeyVault981825231501\",\r\n      \"type\": \"Microsoft.KeyVault/vaults\",\r\n      \"location\": \"southcentralus\",\r\n      \"tags\": {}\r\n    },\r\n    {\r\n      \"id\": \"/subscriptions/b36cdf46-b75d-4dc2-9fe1-1296ee8c623d/resourceGroups/demo-9950150115012019-paasv2/providers/Microsoft.KeyVault/vaults/KeyVault995015011501\",\r\n      \"name\": \"KeyVault995015011501\",\r\n      \"type\": \"Microsoft.KeyVault/vaults\",\r\n      \"location\": \"southcentralus\",\r\n      \"tags\": {}\r\n    },\r\n    {\r\n      \"id\": \"/subscriptions/b36cdf46-b75d-4dc2-9fe1-1296ee8c623d/resourceGroups/RG-Globalization-ARM-Keyvault/providers/Microsoft.KeyVault/vaults/GlobalizationARMKeyVault\",\r\n      \"name\": \"GlobalizationARMKeyVault\",\r\n      \"type\": \"Microsoft.KeyVault/vaults\",\r\n      \"location\": \"southcentralus\",\r\n      \"tags\": {}\r\n    }\r\n  ]\r\n}",
      "StatusCode": 200
    },
    {
      "RequestUri": "/subscriptions/b36cdf46-b75d-4dc2-9fe1-1296ee8c623d/resourceGroups/azurermsfrg/providers/Microsoft.KeyVault/vaults/azurermsfkvtest?api-version=2016-10-01",
      "EncodedRequestUri": "L3N1YnNjcmlwdGlvbnMvYjM2Y2RmNDYtYjc1ZC00ZGMyLTlmZTEtMTI5NmVlOGM2MjNkL3Jlc291cmNlR3JvdXBzL2F6dXJlcm1zZnJnL3Byb3ZpZGVycy9NaWNyb3NvZnQuS2V5VmF1bHQvdmF1bHRzL2F6dXJlcm1zZmt2dGVzdD9hcGktdmVyc2lvbj0yMDE2LTEwLTAx",
      "RequestMethod": "GET",
      "RequestBody": "",
      "RequestHeaders": {
        "x-ms-client-request-id": [
          "2f20cc43-2512-4048-8e5e-3a5b21db0289"
        ],
        "Accept-Language": [
          "en-US"
        ],
        "User-Agent": [
          "FxVersion/4.6.27019.06",
          "OSName/Windows",
          "OSVersion/Microsoft.Windows.10.0.17763.",
          "Microsoft.Azure.Commands.Common.KeyVault.Version2016.10.1.KeyVaultManagementClient/1.1.12"
        ]
      },
      "ResponseHeaders": {
        "Cache-Control": [
          "no-cache"
        ],
        "Pragma": [
          "no-cache"
        ],
        "x-ms-keyvault-service-version": [
          "1.1.0.235"
        ],
        "Strict-Transport-Security": [
          "max-age=31536000; includeSubDomains"
        ],
        "X-Content-Type-Options": [
          "nosniff"
        ],
        "Server": [
          "Microsoft-IIS/10.0"
        ],
        "X-AspNet-Version": [
          "4.0.30319"
        ],
        "X-Powered-By": [
          "ASP.NET"
        ],
        "x-ms-ratelimit-remaining-subscription-reads": [
          "11999"
        ],
        "x-ms-request-id": [
          "c64e28bc-0a48-4188-87f4-b881ef0e2bb1"
        ],
        "x-ms-correlation-request-id": [
          "c64e28bc-0a48-4188-87f4-b881ef0e2bb1"
        ],
        "x-ms-routing-request-id": [
          "WESTUS2:20190116T001453Z:c64e28bc-0a48-4188-87f4-b881ef0e2bb1"
        ],
        "Date": [
          "Wed, 16 Jan 2019 00:14:53 GMT"
        ],
        "Content-Length": [
          "778"
        ],
        "Content-Type": [
          "application/json; charset=utf-8"
        ],
        "Expires": [
          "-1"
        ]
      },
      "ResponseBody": "{\r\n  \"id\": \"/subscriptions/b36cdf46-b75d-4dc2-9fe1-1296ee8c623d/resourceGroups/azurermsfrg/providers/Microsoft.KeyVault/vaults/azurermsfkvtest\",\r\n  \"name\": \"azurermsfkvtest\",\r\n  \"type\": \"Microsoft.KeyVault/vaults\",\r\n  \"location\": \"southcentralus\",\r\n  \"tags\": {\r\n    \"clusterName\": \"azurermsfclustertest\",\r\n    \"resourceType\": \"Service Fabric\"\r\n  },\r\n  \"properties\": {\r\n    \"sku\": {\r\n      \"family\": \"A\",\r\n      \"name\": \"standard\"\r\n    },\r\n    \"tenantId\": \"72f988bf-86f1-41af-91ab-2d7cd011db47\",\r\n    \"accessPolicies\": [\r\n      {\r\n        \"tenantId\": \"72f988bf-86f1-41af-91ab-2d7cd011db47\",\r\n        \"objectId\": \"3307ff37-85af-4550-bc6a-d1e02672cb7c\",\r\n        \"permissions\": {\r\n          \"keys\": [\r\n            \"get\",\r\n            \"create\",\r\n            \"delete\",\r\n            \"list\",\r\n            \"update\",\r\n            \"import\",\r\n            \"backup\",\r\n            \"restore\"\r\n          ],\r\n          \"secrets\": [\r\n            \"all\"\r\n          ],\r\n          \"certificates\": [\r\n            \"all\"\r\n          ]\r\n        }\r\n      }\r\n    ],\r\n    \"enabledForDeployment\": true,\r\n    \"vaultUri\": \"https://azurermsfkvtest.vault.azure.net/\",\r\n    \"provisioningState\": \"Succeeded\"\r\n  }\r\n}",
      "StatusCode": 200
    },
    {
      "RequestUri": "/subscriptions/b36cdf46-b75d-4dc2-9fe1-1296ee8c623d/resourceGroups/azurermsfrg/providers/Microsoft.Compute/virtualMachineScaleSets?api-version=2017-12-01",
      "EncodedRequestUri": "L3N1YnNjcmlwdGlvbnMvYjM2Y2RmNDYtYjc1ZC00ZGMyLTlmZTEtMTI5NmVlOGM2MjNkL3Jlc291cmNlR3JvdXBzL2F6dXJlcm1zZnJnL3Byb3ZpZGVycy9NaWNyb3NvZnQuQ29tcHV0ZS92aXJ0dWFsTWFjaGluZVNjYWxlU2V0cz9hcGktdmVyc2lvbj0yMDE3LTEyLTAx",
      "RequestMethod": "GET",
      "RequestBody": "",
      "RequestHeaders": {
        "x-ms-client-request-id": [
          "bd35404e-a6cd-434e-93cb-51e2f7ca955f"
        ],
        "Accept-Language": [
          "en-US"
        ],
        "User-Agent": [
          "FxVersion/4.6.27019.06",
          "OSName/Windows",
          "OSVersion/Microsoft.Windows.10.0.17763.",
          "Microsoft.Azure.Commands.Common.Compute.Version.2018.04.ComputeManagementClient/1.1.12"
        ]
      },
      "ResponseHeaders": {
        "Cache-Control": [
          "no-cache"
        ],
        "Pragma": [
          "no-cache"
        ],
        "x-ms-ratelimit-remaining-resource": [
          "Microsoft.Compute/HighCostGetVMScaleSet3Min;173,Microsoft.Compute/HighCostGetVMScaleSet30Min;831"
        ],
        "Strict-Transport-Security": [
          "max-age=31536000; includeSubDomains"
        ],
        "x-ms-request-id": [
          "8d82dea5-78e9-4c4b-a8bb-b5ecf539f7c6"
        ],
        "Server": [
          "Microsoft-HTTPAPI/2.0",
          "Microsoft-HTTPAPI/2.0"
        ],
        "x-ms-ratelimit-remaining-subscription-reads": [
          "11998"
        ],
        "x-ms-correlation-request-id": [
          "9b5d0839-0ff5-4c0e-9ac3-0692a29ba764"
        ],
        "x-ms-routing-request-id": [
          "WESTUS2:20190116T001454Z:9b5d0839-0ff5-4c0e-9ac3-0692a29ba764"
        ],
        "X-Content-Type-Options": [
          "nosniff"
        ],
        "Date": [
          "Wed, 16 Jan 2019 00:14:53 GMT"
        ],
        "Content-Length": [
          "5578"
        ],
        "Content-Type": [
          "application/json; charset=utf-8"
        ],
        "Expires": [
          "-1"
        ]
      },
      "ResponseBody": "{\r\n  \"value\": [\r\n    {\r\n      \"sku\": {\r\n        \"name\": \"Standard_D2_V2\",\r\n        \"tier\": \"Standard\",\r\n        \"capacity\": 5\r\n      },\r\n      \"properties\": {\r\n        \"singlePlacementGroup\": true,\r\n        \"upgradePolicy\": {\r\n          \"mode\": \"Automatic\",\r\n          \"automaticOSUpgrade\": false\r\n        },\r\n        \"virtualMachineProfile\": {\r\n          \"osProfile\": {\r\n            \"computerNamePrefix\": \"nt1vm\",\r\n            \"adminUsername\": \"GEN-UNIQUE\",\r\n            \"windowsConfiguration\": {\r\n              \"provisionVMAgent\": true,\r\n              \"enableAutomaticUpdates\": true\r\n            },\r\n            \"secrets\": [\r\n              {\r\n                \"sourceVault\": {\r\n                  \"id\": \"/subscriptions/b36cdf46-b75d-4dc2-9fe1-1296ee8c623d/resourceGroups/azurermsfrg/providers/Microsoft.KeyVault/vaults/azurermsfkvtest\"\r\n                },\r\n                \"vaultCertificates\": [\r\n                  {\r\n                    \"certificateUrl\": \"https://azurermsfkvtest.vault.azure.net:443/secrets/azurermsfrg20190115090012/a64915a3fbb44394ac1248a2ba6ca0da\",\r\n                    \"certificateStore\": \"My\"\r\n                  },\r\n                  {\r\n                    \"certificateUrl\": \"https://azurermsfkvtest.vault.azure.net/secrets/AzureRMSFTestCert2/f6bb2b6492e04ffb8fb6acc6cd05005a\",\r\n                    \"certificateStore\": \"my\"\r\n                  }\r\n                ]\r\n              }\r\n            ]\r\n          },\r\n          \"storageProfile\": {\r\n            \"osDisk\": {\r\n              \"createOption\": \"FromImage\",\r\n              \"caching\": \"ReadOnly\",\r\n              \"managedDisk\": {\r\n                \"storageAccountType\": \"Standard_LRS\"\r\n              }\r\n            },\r\n            \"imageReference\": {\r\n              \"publisher\": \"MicrosoftWindowsServer\",\r\n              \"offer\": \"WindowsServer\",\r\n              \"sku\": \"2016-Datacenter\",\r\n              \"version\": \"latest\"\r\n            }\r\n          },\r\n          \"networkProfile\": {\r\n            \"networkInterfaceConfigurations\": [\r\n              {\r\n                \"name\": \"NIC-0\",\r\n                \"properties\": {\r\n                  \"primary\": true,\r\n                  \"enableAcceleratedNetworking\": false,\r\n                  \"dnsSettings\": {\r\n                    \"dnsServers\": []\r\n                  },\r\n                  \"enableIPForwarding\": false,\r\n                  \"ipConfigurations\": [\r\n                    {\r\n                      \"name\": \"NIC-0\",\r\n                      \"properties\": {\r\n                        \"subnet\": {\r\n                          \"id\": \"/subscriptions/b36cdf46-b75d-4dc2-9fe1-1296ee8c623d/resourceGroups/azurermsfrg/providers/Microsoft.Network/virtualNetworks/VNet/subnets/Subnet-0\"\r\n                        },\r\n                        \"privateIPAddressVersion\": \"IPv4\",\r\n                        \"loadBalancerBackendAddressPools\": [\r\n                          {\r\n                            \"id\": \"/subscriptions/b36cdf46-b75d-4dc2-9fe1-1296ee8c623d/resourceGroups/azurermsfrg/providers/Microsoft.Network/loadBalancers/LB-azurermsfclustertest-nt1vm/backendAddressPools/LoadBalancerBEAddressPool\"\r\n                          }\r\n                        ],\r\n                        \"loadBalancerInboundNatPools\": [\r\n                          {\r\n                            \"id\": \"/subscriptions/b36cdf46-b75d-4dc2-9fe1-1296ee8c623d/resourceGroups/azurermsfrg/providers/Microsoft.Network/loadBalancers/LB-azurermsfclustertest-nt1vm/inboundNatPools/LoadBalancerBEAddressNatPool\"\r\n                          }\r\n                        ]\r\n                      }\r\n                    }\r\n                  ]\r\n                }\r\n              }\r\n            ]\r\n          },\r\n          \"extensionProfile\": {\r\n            \"extensions\": [\r\n              {\r\n                \"properties\": {\r\n                  \"autoUpgradeMinorVersion\": true,\r\n                  \"settings\": {\r\n                    \"clusterEndpoint\": \"https://warp-test-winfabrp-southcentralus.trafficmanager.net/runtime/clusters/6d665870-a90f-47a9-8efe-927c11164c38\",\r\n                    \"nodeTypeRef\": \"nt1vm\",\r\n                    \"dataPath\": \"D:\\\\SvcFab\",\r\n                    \"durabilityLevel\": \"Bronze\",\r\n                    \"enableParallelJobs\": true,\r\n                    \"nicPrefixOverride\": \"10.0.0.0/24\",\r\n                    \"certificate\": {\r\n                      \"thumbprint\": \"98DB1981A448E6D3F079150A73CDBFC20B094FFD\",\r\n                      \"x509StoreName\": \"My\"\r\n                    },\r\n                    \"certificateSecondary\": {\r\n                      \"thumbprint\": \"EC8CA0BBC391A08860115619701E2B858FF44C72\",\r\n                      \"x509StoreName\": \"my\"\r\n                    }\r\n                  },\r\n                  \"publisher\": \"Microsoft.Azure.ServiceFabric\",\r\n                  \"type\": \"ServiceFabricNode\",\r\n                  \"typeHandlerVersion\": \"1.0\"\r\n                },\r\n                \"name\": \"ServiceFabricNodeVmExt_vmNodeType0Name\"\r\n              },\r\n              {\r\n                \"properties\": {\r\n                  \"autoUpgradeMinorVersion\": true,\r\n                  \"settings\": {\r\n                    \"WadCfg\": {\r\n                      \"DiagnosticMonitorConfiguration\": {\r\n                        \"overallQuotaInMB\": \"50000\",\r\n                        \"EtwProviders\": {\r\n                          \"EtwEventSourceProviderConfiguration\": [\r\n                            {\r\n                              \"provider\": \"Microsoft-ServiceFabric-Actors\",\r\n                              \"scheduledTransferKeywordFilter\": \"1\",\r\n                              \"scheduledTransferPeriod\": \"PT5M\",\r\n                              \"DefaultEvents\": {\r\n                                \"eventDestination\": \"ServiceFabricReliableActorEventTable\"\r\n                              }\r\n                            },\r\n                            {\r\n                              \"provider\": \"Microsoft-ServiceFabric-Services\",\r\n                              \"scheduledTransferPeriod\": \"PT5M\",\r\n                              \"DefaultEvents\": {\r\n                                \"eventDestination\": \"ServiceFabricReliableServiceEventTable\"\r\n                              }\r\n                            }\r\n                          ],\r\n                          \"EtwManifestProviderConfiguration\": [\r\n                            {\r\n                              \"provider\": \"cbd93bc2-71e5-4566-b3a7-595d8eeca6e8\",\r\n                              \"scheduledTransferLogLevelFilter\": \"Information\",\r\n                              \"scheduledTransferKeywordFilter\": \"4611686018427387904\",\r\n                              \"scheduledTransferPeriod\": \"PT5M\",\r\n                              \"DefaultEvents\": {\r\n                                \"eventDestination\": \"ServiceFabricSystemEventTable\"\r\n                              }\r\n                            }\r\n                          ]\r\n                        }\r\n                      }\r\n                    },\r\n                    \"StorageAccount\": \"wadmovceivkf3yzy3\"\r\n                  },\r\n                  \"publisher\": \"Microsoft.Azure.Diagnostics\",\r\n                  \"type\": \"IaaSDiagnostics\",\r\n                  \"typeHandlerVersion\": \"1.5\"\r\n                },\r\n                \"name\": \"VMDiagnosticsVmExt_vmNodeType0Name\"\r\n              }\r\n            ]\r\n          }\r\n        },\r\n        \"provisioningState\": \"Succeeded\",\r\n        \"overprovision\": false,\r\n        \"uniqueId\": \"680a4de6-92f3-4893-847d-bddd5d161c3f\"\r\n      },\r\n      \"type\": \"Microsoft.Compute/virtualMachineScaleSets\",\r\n      \"location\": \"southcentralus\",\r\n      \"tags\": {\r\n        \"resourceType\": \"Service Fabric\",\r\n        \"clusterName\": \"azurermsfclustertest\"\r\n      },\r\n      \"id\": \"/subscriptions/b36cdf46-b75d-4dc2-9fe1-1296ee8c623d/resourceGroups/azurermsfrg/providers/Microsoft.Compute/virtualMachineScaleSets/nt1vm\",\r\n      \"name\": \"nt1vm\"\r\n    }\r\n  ]\r\n}",
      "StatusCode": 200
    },
    {
      "RequestUri": "/subscriptions/b36cdf46-b75d-4dc2-9fe1-1296ee8c623d/resourceGroups/azurermsfrg/providers/Microsoft.Compute/virtualMachineScaleSets/nt1vm?api-version=2017-12-01",
      "EncodedRequestUri": "L3N1YnNjcmlwdGlvbnMvYjM2Y2RmNDYtYjc1ZC00ZGMyLTlmZTEtMTI5NmVlOGM2MjNkL3Jlc291cmNlR3JvdXBzL2F6dXJlcm1zZnJnL3Byb3ZpZGVycy9NaWNyb3NvZnQuQ29tcHV0ZS92aXJ0dWFsTWFjaGluZVNjYWxlU2V0cy9udDF2bT9hcGktdmVyc2lvbj0yMDE3LTEyLTAx",
      "RequestMethod": "PUT",
      "RequestBody": "{\r\n  \"sku\": {\r\n    \"name\": \"Standard_D2_V2\",\r\n    \"tier\": \"Standard\",\r\n    \"capacity\": 5\r\n  },\r\n  \"properties\": {\r\n    \"upgradePolicy\": {\r\n      \"mode\": \"Automatic\",\r\n      \"automaticOSUpgrade\": false\r\n    },\r\n    \"virtualMachineProfile\": {\r\n      \"osProfile\": {\r\n        \"computerNamePrefix\": \"nt1vm\",\r\n        \"adminUsername\": \"GEN-UNIQUE\",\r\n        \"windowsConfiguration\": {\r\n          \"provisionVMAgent\": true,\r\n          \"enableAutomaticUpdates\": true\r\n        },\r\n        \"secrets\": [\r\n          {\r\n            \"sourceVault\": {\r\n              \"id\": \"/subscriptions/b36cdf46-b75d-4dc2-9fe1-1296ee8c623d/resourceGroups/azurermsfrg/providers/Microsoft.KeyVault/vaults/azurermsfkvtest\"\r\n            },\r\n            \"vaultCertificates\": [\r\n              {\r\n                \"certificateUrl\": \"https://azurermsfkvtest.vault.azure.net:443/secrets/azurermsfrg20190115090012/a64915a3fbb44394ac1248a2ba6ca0da\",\r\n                \"certificateStore\": \"My\"\r\n              },\r\n              {\r\n                \"certificateUrl\": \"https://azurermsfkvtest.vault.azure.net/secrets/AzureRMSFTestCert2/f6bb2b6492e04ffb8fb6acc6cd05005a\",\r\n                \"certificateStore\": \"my\"\r\n              },\r\n              {\r\n                \"certificateUrl\": \"https://azurermsfkvtest.vault.azure.net:443/secrets/AzureRMSFTestCertApp/5ce6654cdfbf4facbe2b81eea93fca57\",\r\n                \"certificateStore\": \"my\"\r\n              }\r\n            ]\r\n          }\r\n        ]\r\n      },\r\n      \"storageProfile\": {\r\n        \"imageReference\": {\r\n          \"publisher\": \"MicrosoftWindowsServer\",\r\n          \"offer\": \"WindowsServer\",\r\n          \"sku\": \"2016-Datacenter\",\r\n          \"version\": \"latest\"\r\n        },\r\n        \"osDisk\": {\r\n          \"caching\": \"ReadOnly\",\r\n          \"createOption\": \"FromImage\",\r\n          \"managedDisk\": {\r\n            \"storageAccountType\": \"Standard_LRS\"\r\n          }\r\n        }\r\n      },\r\n      \"networkProfile\": {\r\n        \"networkInterfaceConfigurations\": [\r\n          {\r\n            \"name\": \"NIC-0\",\r\n            \"properties\": {\r\n              \"primary\": true,\r\n              \"enableAcceleratedNetworking\": false,\r\n              \"dnsSettings\": {\r\n                \"dnsServers\": []\r\n              },\r\n              \"ipConfigurations\": [\r\n                {\r\n                  \"name\": \"NIC-0\",\r\n                  \"properties\": {\r\n                    \"subnet\": {\r\n                      \"id\": \"/subscriptions/b36cdf46-b75d-4dc2-9fe1-1296ee8c623d/resourceGroups/azurermsfrg/providers/Microsoft.Network/virtualNetworks/VNet/subnets/Subnet-0\"\r\n                    },\r\n                    \"privateIPAddressVersion\": \"IPv4\",\r\n                    \"loadBalancerBackendAddressPools\": [\r\n                      {\r\n                        \"id\": \"/subscriptions/b36cdf46-b75d-4dc2-9fe1-1296ee8c623d/resourceGroups/azurermsfrg/providers/Microsoft.Network/loadBalancers/LB-azurermsfclustertest-nt1vm/backendAddressPools/LoadBalancerBEAddressPool\"\r\n                      }\r\n                    ],\r\n                    \"loadBalancerInboundNatPools\": [\r\n                      {\r\n                        \"id\": \"/subscriptions/b36cdf46-b75d-4dc2-9fe1-1296ee8c623d/resourceGroups/azurermsfrg/providers/Microsoft.Network/loadBalancers/LB-azurermsfclustertest-nt1vm/inboundNatPools/LoadBalancerBEAddressNatPool\"\r\n                      }\r\n                    ]\r\n                  }\r\n                }\r\n              ],\r\n              \"enableIPForwarding\": false\r\n            }\r\n          }\r\n        ]\r\n      },\r\n      \"extensionProfile\": {\r\n        \"extensions\": [\r\n          {\r\n            \"name\": \"ServiceFabricNodeVmExt_vmNodeType0Name\",\r\n            \"properties\": {\r\n              \"publisher\": \"Microsoft.Azure.ServiceFabric\",\r\n              \"type\": \"ServiceFabricNode\",\r\n              \"typeHandlerVersion\": \"1.0\",\r\n              \"autoUpgradeMinorVersion\": true,\r\n              \"settings\": {\r\n                \"clusterEndpoint\": \"https://warp-test-winfabrp-southcentralus.trafficmanager.net/runtime/clusters/6d665870-a90f-47a9-8efe-927c11164c38\",\r\n                \"nodeTypeRef\": \"nt1vm\",\r\n                \"dataPath\": \"D:\\\\SvcFab\",\r\n                \"durabilityLevel\": \"Bronze\",\r\n                \"enableParallelJobs\": true,\r\n                \"nicPrefixOverride\": \"10.0.0.0/24\",\r\n                \"certificate\": {\r\n                  \"thumbprint\": \"98DB1981A448E6D3F079150A73CDBFC20B094FFD\",\r\n                  \"x509StoreName\": \"My\"\r\n                },\r\n                \"certificateSecondary\": {\r\n                  \"thumbprint\": \"EC8CA0BBC391A08860115619701E2B858FF44C72\",\r\n                  \"x509StoreName\": \"my\"\r\n                }\r\n              }\r\n            }\r\n          },\r\n          {\r\n            \"name\": \"VMDiagnosticsVmExt_vmNodeType0Name\",\r\n            \"properties\": {\r\n              \"publisher\": \"Microsoft.Azure.Diagnostics\",\r\n              \"type\": \"IaaSDiagnostics\",\r\n              \"typeHandlerVersion\": \"1.5\",\r\n              \"autoUpgradeMinorVersion\": true,\r\n              \"settings\": {\r\n                \"WadCfg\": {\r\n                  \"DiagnosticMonitorConfiguration\": {\r\n                    \"overallQuotaInMB\": \"50000\",\r\n                    \"EtwProviders\": {\r\n                      \"EtwEventSourceProviderConfiguration\": [\r\n                        {\r\n                          \"provider\": \"Microsoft-ServiceFabric-Actors\",\r\n                          \"scheduledTransferKeywordFilter\": \"1\",\r\n                          \"scheduledTransferPeriod\": \"PT5M\",\r\n                          \"DefaultEvents\": {\r\n                            \"eventDestination\": \"ServiceFabricReliableActorEventTable\"\r\n                          }\r\n                        },\r\n                        {\r\n                          \"provider\": \"Microsoft-ServiceFabric-Services\",\r\n                          \"scheduledTransferPeriod\": \"PT5M\",\r\n                          \"DefaultEvents\": {\r\n                            \"eventDestination\": \"ServiceFabricReliableServiceEventTable\"\r\n                          }\r\n                        }\r\n                      ],\r\n                      \"EtwManifestProviderConfiguration\": [\r\n                        {\r\n                          \"provider\": \"cbd93bc2-71e5-4566-b3a7-595d8eeca6e8\",\r\n                          \"scheduledTransferLogLevelFilter\": \"Information\",\r\n                          \"scheduledTransferKeywordFilter\": \"4611686018427387904\",\r\n                          \"scheduledTransferPeriod\": \"PT5M\",\r\n                          \"DefaultEvents\": {\r\n                            \"eventDestination\": \"ServiceFabricSystemEventTable\"\r\n                          }\r\n                        }\r\n                      ]\r\n                    }\r\n                  }\r\n                },\r\n                \"StorageAccount\": \"wadmovceivkf3yzy3\"\r\n              }\r\n            }\r\n          }\r\n        ]\r\n      }\r\n    },\r\n    \"overprovision\": false,\r\n    \"singlePlacementGroup\": true\r\n  },\r\n  \"location\": \"southcentralus\",\r\n  \"tags\": {\r\n    \"resourceType\": \"Service Fabric\",\r\n    \"clusterName\": \"azurermsfclustertest\"\r\n  }\r\n}",
      "RequestHeaders": {
        "x-ms-client-request-id": [
          "92d10798-df77-4518-8b39-dbfbd8f00d8b"
        ],
        "Accept-Language": [
          "en-US"
        ],
        "User-Agent": [
          "FxVersion/4.6.27019.06",
          "OSName/Windows",
          "OSVersion/Microsoft.Windows.10.0.17763.",
          "Microsoft.Azure.Commands.Common.Compute.Version.2018.04.ComputeManagementClient/1.1.12"
        ],
        "Content-Type": [
          "application/json; charset=utf-8"
        ],
        "Content-Length": [
          "6997"
        ]
      },
      "ResponseHeaders": {
        "Cache-Control": [
          "no-cache"
        ],
        "Pragma": [
          "no-cache"
        ],
        "Retry-After": [
          "10"
        ],
        "Azure-AsyncOperation": [
          "https://management.azure.com/subscriptions/b36cdf46-b75d-4dc2-9fe1-1296ee8c623d/providers/Microsoft.Compute/locations/southcentralus/operations/3ee18373-830f-4d88-af3e-d7e929e8fdd6?api-version=2017-12-01"
        ],
        "Azure-AsyncNotification": [
          "Enabled"
        ],
        "x-ms-ratelimit-remaining-resource": [
          "Microsoft.Compute/CreateVMScaleSet3Min;108,Microsoft.Compute/CreateVMScaleSet30Min;543,Microsoft.Compute/VMScaleSetBatchedVMRequests5Min;3270,Microsoft.Compute/VmssQueuedVMOperations;4795"
        ],
        "x-ms-request-charge": [
          "5"
        ],
        "Strict-Transport-Security": [
          "max-age=31536000; includeSubDomains"
        ],
        "x-ms-request-id": [
          "3ee18373-830f-4d88-af3e-d7e929e8fdd6"
        ],
        "Server": [
          "Microsoft-HTTPAPI/2.0",
          "Microsoft-HTTPAPI/2.0"
        ],
        "x-ms-ratelimit-remaining-subscription-writes": [
          "1199"
        ],
        "x-ms-correlation-request-id": [
          "5fea5034-541f-4f07-bdf7-fafaf51ac25e"
        ],
        "x-ms-routing-request-id": [
          "WESTUS2:20190116T001455Z:5fea5034-541f-4f07-bdf7-fafaf51ac25e"
        ],
        "X-Content-Type-Options": [
          "nosniff"
        ],
        "Date": [
          "Wed, 16 Jan 2019 00:14:55 GMT"
        ],
        "Content-Length": [
          "5405"
        ],
        "Content-Type": [
          "application/json; charset=utf-8"
        ],
        "Expires": [
          "-1"
        ]
      },
      "ResponseBody": "{\r\n  \"sku\": {\r\n    \"name\": \"Standard_D2_V2\",\r\n    \"tier\": \"Standard\",\r\n    \"capacity\": 5\r\n  },\r\n  \"properties\": {\r\n    \"singlePlacementGroup\": true,\r\n    \"upgradePolicy\": {\r\n      \"mode\": \"Automatic\",\r\n      \"automaticOSUpgrade\": false\r\n    },\r\n    \"virtualMachineProfile\": {\r\n      \"osProfile\": {\r\n        \"computerNamePrefix\": \"nt1vm\",\r\n        \"adminUsername\": \"GEN-UNIQUE\",\r\n        \"windowsConfiguration\": {\r\n          \"provisionVMAgent\": true,\r\n          \"enableAutomaticUpdates\": true\r\n        },\r\n        \"secrets\": [\r\n          {\r\n            \"sourceVault\": {\r\n              \"id\": \"/subscriptions/b36cdf46-b75d-4dc2-9fe1-1296ee8c623d/resourceGroups/azurermsfrg/providers/Microsoft.KeyVault/vaults/azurermsfkvtest\"\r\n            },\r\n            \"vaultCertificates\": [\r\n              {\r\n                \"certificateUrl\": \"https://azurermsfkvtest.vault.azure.net:443/secrets/azurermsfrg20190115090012/a64915a3fbb44394ac1248a2ba6ca0da\",\r\n                \"certificateStore\": \"My\"\r\n              },\r\n              {\r\n                \"certificateUrl\": \"https://azurermsfkvtest.vault.azure.net/secrets/AzureRMSFTestCert2/f6bb2b6492e04ffb8fb6acc6cd05005a\",\r\n                \"certificateStore\": \"my\"\r\n              },\r\n              {\r\n                \"certificateUrl\": \"https://azurermsfkvtest.vault.azure.net:443/secrets/AzureRMSFTestCertApp/5ce6654cdfbf4facbe2b81eea93fca57\",\r\n                \"certificateStore\": \"my\"\r\n              }\r\n            ]\r\n          }\r\n        ]\r\n      },\r\n      \"storageProfile\": {\r\n        \"osDisk\": {\r\n          \"createOption\": \"FromImage\",\r\n          \"caching\": \"ReadOnly\",\r\n          \"managedDisk\": {\r\n            \"storageAccountType\": \"Standard_LRS\"\r\n          }\r\n        },\r\n        \"imageReference\": {\r\n          \"publisher\": \"MicrosoftWindowsServer\",\r\n          \"offer\": \"WindowsServer\",\r\n          \"sku\": \"2016-Datacenter\",\r\n          \"version\": \"latest\"\r\n        }\r\n      },\r\n      \"networkProfile\": {\r\n        \"networkInterfaceConfigurations\": [\r\n          {\r\n            \"name\": \"NIC-0\",\r\n            \"properties\": {\r\n              \"primary\": true,\r\n              \"enableAcceleratedNetworking\": false,\r\n              \"dnsSettings\": {\r\n                \"dnsServers\": []\r\n              },\r\n              \"enableIPForwarding\": false,\r\n              \"ipConfigurations\": [\r\n                {\r\n                  \"name\": \"NIC-0\",\r\n                  \"properties\": {\r\n                    \"subnet\": {\r\n                      \"id\": \"/subscriptions/b36cdf46-b75d-4dc2-9fe1-1296ee8c623d/resourceGroups/azurermsfrg/providers/Microsoft.Network/virtualNetworks/VNet/subnets/Subnet-0\"\r\n                    },\r\n                    \"privateIPAddressVersion\": \"IPv4\",\r\n                    \"loadBalancerBackendAddressPools\": [\r\n                      {\r\n                        \"id\": \"/subscriptions/b36cdf46-b75d-4dc2-9fe1-1296ee8c623d/resourceGroups/azurermsfrg/providers/Microsoft.Network/loadBalancers/LB-azurermsfclustertest-nt1vm/backendAddressPools/LoadBalancerBEAddressPool\"\r\n                      }\r\n                    ],\r\n                    \"loadBalancerInboundNatPools\": [\r\n                      {\r\n                        \"id\": \"/subscriptions/b36cdf46-b75d-4dc2-9fe1-1296ee8c623d/resourceGroups/azurermsfrg/providers/Microsoft.Network/loadBalancers/LB-azurermsfclustertest-nt1vm/inboundNatPools/LoadBalancerBEAddressNatPool\"\r\n                      }\r\n                    ]\r\n                  }\r\n                }\r\n              ]\r\n            }\r\n          }\r\n        ]\r\n      },\r\n      \"extensionProfile\": {\r\n        \"extensions\": [\r\n          {\r\n            \"properties\": {\r\n              \"autoUpgradeMinorVersion\": true,\r\n              \"settings\": {\r\n                \"clusterEndpoint\": \"https://warp-test-winfabrp-southcentralus.trafficmanager.net/runtime/clusters/6d665870-a90f-47a9-8efe-927c11164c38\",\r\n                \"nodeTypeRef\": \"nt1vm\",\r\n                \"dataPath\": \"D:\\\\SvcFab\",\r\n                \"durabilityLevel\": \"Bronze\",\r\n                \"enableParallelJobs\": true,\r\n                \"nicPrefixOverride\": \"10.0.0.0/24\",\r\n                \"certificate\": {\r\n                  \"thumbprint\": \"98DB1981A448E6D3F079150A73CDBFC20B094FFD\",\r\n                  \"x509StoreName\": \"My\"\r\n                },\r\n                \"certificateSecondary\": {\r\n                  \"thumbprint\": \"EC8CA0BBC391A08860115619701E2B858FF44C72\",\r\n                  \"x509StoreName\": \"my\"\r\n                }\r\n              },\r\n              \"publisher\": \"Microsoft.Azure.ServiceFabric\",\r\n              \"type\": \"ServiceFabricNode\",\r\n              \"typeHandlerVersion\": \"1.0\"\r\n            },\r\n            \"name\": \"ServiceFabricNodeVmExt_vmNodeType0Name\"\r\n          },\r\n          {\r\n            \"properties\": {\r\n              \"autoUpgradeMinorVersion\": true,\r\n              \"settings\": {\r\n                \"WadCfg\": {\r\n                  \"DiagnosticMonitorConfiguration\": {\r\n                    \"overallQuotaInMB\": \"50000\",\r\n                    \"EtwProviders\": {\r\n                      \"EtwEventSourceProviderConfiguration\": [\r\n                        {\r\n                          \"provider\": \"Microsoft-ServiceFabric-Actors\",\r\n                          \"scheduledTransferKeywordFilter\": \"1\",\r\n                          \"scheduledTransferPeriod\": \"PT5M\",\r\n                          \"DefaultEvents\": {\r\n                            \"eventDestination\": \"ServiceFabricReliableActorEventTable\"\r\n                          }\r\n                        },\r\n                        {\r\n                          \"provider\": \"Microsoft-ServiceFabric-Services\",\r\n                          \"scheduledTransferPeriod\": \"PT5M\",\r\n                          \"DefaultEvents\": {\r\n                            \"eventDestination\": \"ServiceFabricReliableServiceEventTable\"\r\n                          }\r\n                        }\r\n                      ],\r\n                      \"EtwManifestProviderConfiguration\": [\r\n                        {\r\n                          \"provider\": \"cbd93bc2-71e5-4566-b3a7-595d8eeca6e8\",\r\n                          \"scheduledTransferLogLevelFilter\": \"Information\",\r\n                          \"scheduledTransferKeywordFilter\": \"4611686018427387904\",\r\n                          \"scheduledTransferPeriod\": \"PT5M\",\r\n                          \"DefaultEvents\": {\r\n                            \"eventDestination\": \"ServiceFabricSystemEventTable\"\r\n                          }\r\n                        }\r\n                      ]\r\n                    }\r\n                  }\r\n                },\r\n                \"StorageAccount\": \"wadmovceivkf3yzy3\"\r\n              },\r\n              \"publisher\": \"Microsoft.Azure.Diagnostics\",\r\n              \"type\": \"IaaSDiagnostics\",\r\n              \"typeHandlerVersion\": \"1.5\"\r\n            },\r\n            \"name\": \"VMDiagnosticsVmExt_vmNodeType0Name\"\r\n          }\r\n        ]\r\n      }\r\n    },\r\n    \"provisioningState\": \"Updating\",\r\n    \"overprovision\": false,\r\n    \"uniqueId\": \"680a4de6-92f3-4893-847d-bddd5d161c3f\"\r\n  },\r\n  \"type\": \"Microsoft.Compute/virtualMachineScaleSets\",\r\n  \"location\": \"southcentralus\",\r\n  \"tags\": {\r\n    \"resourceType\": \"Service Fabric\",\r\n    \"clusterName\": \"azurermsfclustertest\"\r\n  },\r\n  \"id\": \"/subscriptions/b36cdf46-b75d-4dc2-9fe1-1296ee8c623d/resourceGroups/azurermsfrg/providers/Microsoft.Compute/virtualMachineScaleSets/nt1vm\",\r\n  \"name\": \"nt1vm\"\r\n}",
      "StatusCode": 200
    },
    {
      "RequestUri": "/subscriptions/b36cdf46-b75d-4dc2-9fe1-1296ee8c623d/providers/Microsoft.Compute/locations/southcentralus/operations/3ee18373-830f-4d88-af3e-d7e929e8fdd6?api-version=2017-12-01",
      "EncodedRequestUri": "L3N1YnNjcmlwdGlvbnMvYjM2Y2RmNDYtYjc1ZC00ZGMyLTlmZTEtMTI5NmVlOGM2MjNkL3Byb3ZpZGVycy9NaWNyb3NvZnQuQ29tcHV0ZS9sb2NhdGlvbnMvc291dGhjZW50cmFsdXMvb3BlcmF0aW9ucy8zZWUxODM3My04MzBmLTRkODgtYWYzZS1kN2U5MjllOGZkZDY/YXBpLXZlcnNpb249MjAxNy0xMi0wMQ==",
      "RequestMethod": "GET",
      "RequestBody": "",
      "RequestHeaders": {
        "User-Agent": [
          "FxVersion/4.6.27019.06",
          "OSName/Windows",
          "OSVersion/Microsoft.Windows.10.0.17763.",
          "Microsoft.Azure.Commands.Common.Compute.Version.2018.04.ComputeManagementClient/1.1.12"
        ]
      },
      "ResponseHeaders": {
        "Cache-Control": [
          "no-cache"
        ],
        "Pragma": [
          "no-cache"
        ],
        "Retry-After": [
          "51"
        ],
        "x-ms-ratelimit-remaining-resource": [
          "Microsoft.Compute/GetOperation3Min;14967,Microsoft.Compute/GetOperation30Min;29845"
        ],
        "Strict-Transport-Security": [
          "max-age=31536000; includeSubDomains"
        ],
        "x-ms-request-id": [
          "c3e4d026-1f73-4a87-b2e5-a2ba885895a7"
        ],
        "Server": [
          "Microsoft-HTTPAPI/2.0",
          "Microsoft-HTTPAPI/2.0"
        ],
        "x-ms-ratelimit-remaining-subscription-reads": [
          "11997"
        ],
        "x-ms-correlation-request-id": [
          "f4850d86-3d14-4d3b-8885-9e01222ccc11"
        ],
        "x-ms-routing-request-id": [
          "WESTUS2:20190116T001506Z:f4850d86-3d14-4d3b-8885-9e01222ccc11"
        ],
        "X-Content-Type-Options": [
          "nosniff"
        ],
        "Date": [
          "Wed, 16 Jan 2019 00:15:05 GMT"
        ],
        "Content-Length": [
          "133"
        ],
        "Content-Type": [
          "application/json; charset=utf-8"
        ],
        "Expires": [
          "-1"
        ]
      },
      "ResponseBody": "{\r\n  \"startTime\": \"2019-01-15T16:14:54.943475-08:00\",\r\n  \"status\": \"InProgress\",\r\n  \"name\": \"3ee18373-830f-4d88-af3e-d7e929e8fdd6\"\r\n}",
      "StatusCode": 200
    },
    {
      "RequestUri": "/subscriptions/b36cdf46-b75d-4dc2-9fe1-1296ee8c623d/providers/Microsoft.Compute/locations/southcentralus/operations/3ee18373-830f-4d88-af3e-d7e929e8fdd6?api-version=2017-12-01",
      "EncodedRequestUri": "L3N1YnNjcmlwdGlvbnMvYjM2Y2RmNDYtYjc1ZC00ZGMyLTlmZTEtMTI5NmVlOGM2MjNkL3Byb3ZpZGVycy9NaWNyb3NvZnQuQ29tcHV0ZS9sb2NhdGlvbnMvc291dGhjZW50cmFsdXMvb3BlcmF0aW9ucy8zZWUxODM3My04MzBmLTRkODgtYWYzZS1kN2U5MjllOGZkZDY/YXBpLXZlcnNpb249MjAxNy0xMi0wMQ==",
      "RequestMethod": "GET",
      "RequestBody": "",
      "RequestHeaders": {
        "User-Agent": [
          "FxVersion/4.6.27019.06",
          "OSName/Windows",
          "OSVersion/Microsoft.Windows.10.0.17763.",
          "Microsoft.Azure.Commands.Common.Compute.Version.2018.04.ComputeManagementClient/1.1.12"
        ]
      },
      "ResponseHeaders": {
        "Cache-Control": [
          "no-cache"
        ],
        "Pragma": [
          "no-cache"
        ],
        "x-ms-ratelimit-remaining-resource": [
          "Microsoft.Compute/GetOperation3Min;14958,Microsoft.Compute/GetOperation30Min;29830"
        ],
        "Strict-Transport-Security": [
          "max-age=31536000; includeSubDomains"
        ],
        "x-ms-request-id": [
          "c0568023-9f98-40af-aa97-b94e81ba8118"
        ],
        "Server": [
          "Microsoft-HTTPAPI/2.0",
          "Microsoft-HTTPAPI/2.0"
        ],
        "x-ms-ratelimit-remaining-subscription-reads": [
          "11996"
        ],
        "x-ms-correlation-request-id": [
          "2eeceaf4-4faa-4822-a09f-c5e1add7fb3a"
        ],
        "x-ms-routing-request-id": [
          "WESTUS2:20190116T001557Z:2eeceaf4-4faa-4822-a09f-c5e1add7fb3a"
        ],
        "X-Content-Type-Options": [
          "nosniff"
        ],
        "Date": [
          "Wed, 16 Jan 2019 00:15:57 GMT"
        ],
        "Content-Length": [
          "133"
        ],
        "Content-Type": [
          "application/json; charset=utf-8"
        ],
        "Expires": [
          "-1"
        ]
      },
      "ResponseBody": "{\r\n  \"startTime\": \"2019-01-15T16:14:54.943475-08:00\",\r\n  \"status\": \"InProgress\",\r\n  \"name\": \"3ee18373-830f-4d88-af3e-d7e929e8fdd6\"\r\n}",
      "StatusCode": 200
    },
    {
      "RequestUri": "/subscriptions/b36cdf46-b75d-4dc2-9fe1-1296ee8c623d/providers/Microsoft.Compute/locations/southcentralus/operations/3ee18373-830f-4d88-af3e-d7e929e8fdd6?api-version=2017-12-01",
      "EncodedRequestUri": "L3N1YnNjcmlwdGlvbnMvYjM2Y2RmNDYtYjc1ZC00ZGMyLTlmZTEtMTI5NmVlOGM2MjNkL3Byb3ZpZGVycy9NaWNyb3NvZnQuQ29tcHV0ZS9sb2NhdGlvbnMvc291dGhjZW50cmFsdXMvb3BlcmF0aW9ucy8zZWUxODM3My04MzBmLTRkODgtYWYzZS1kN2U5MjllOGZkZDY/YXBpLXZlcnNpb249MjAxNy0xMi0wMQ==",
      "RequestMethod": "GET",
      "RequestBody": "",
      "RequestHeaders": {
        "User-Agent": [
          "FxVersion/4.6.27019.06",
          "OSName/Windows",
          "OSVersion/Microsoft.Windows.10.0.17763.",
          "Microsoft.Azure.Commands.Common.Compute.Version.2018.04.ComputeManagementClient/1.1.12"
        ]
      },
      "ResponseHeaders": {
        "Cache-Control": [
          "no-cache"
        ],
        "Pragma": [
          "no-cache"
        ],
        "x-ms-ratelimit-remaining-resource": [
          "Microsoft.Compute/GetOperation3Min;14956,Microsoft.Compute/GetOperation30Min;29815"
        ],
        "Strict-Transport-Security": [
          "max-age=31536000; includeSubDomains"
        ],
        "x-ms-request-id": [
          "cbc5283c-fe05-4871-bdaa-ae109590f7ad"
        ],
        "Server": [
          "Microsoft-HTTPAPI/2.0",
          "Microsoft-HTTPAPI/2.0"
        ],
        "x-ms-ratelimit-remaining-subscription-reads": [
          "11995"
        ],
        "x-ms-correlation-request-id": [
          "0b2e87fc-8718-489e-969d-70972f47b48e"
        ],
        "x-ms-routing-request-id": [
          "WESTUS2:20190116T001648Z:0b2e87fc-8718-489e-969d-70972f47b48e"
        ],
        "X-Content-Type-Options": [
          "nosniff"
        ],
        "Date": [
          "Wed, 16 Jan 2019 00:16:48 GMT"
        ],
        "Content-Length": [
          "133"
        ],
        "Content-Type": [
          "application/json; charset=utf-8"
        ],
        "Expires": [
          "-1"
        ]
      },
      "ResponseBody": "{\r\n  \"startTime\": \"2019-01-15T16:14:54.943475-08:00\",\r\n  \"status\": \"InProgress\",\r\n  \"name\": \"3ee18373-830f-4d88-af3e-d7e929e8fdd6\"\r\n}",
      "StatusCode": 200
    },
    {
      "RequestUri": "/subscriptions/b36cdf46-b75d-4dc2-9fe1-1296ee8c623d/providers/Microsoft.Compute/locations/southcentralus/operations/3ee18373-830f-4d88-af3e-d7e929e8fdd6?api-version=2017-12-01",
      "EncodedRequestUri": "L3N1YnNjcmlwdGlvbnMvYjM2Y2RmNDYtYjc1ZC00ZGMyLTlmZTEtMTI5NmVlOGM2MjNkL3Byb3ZpZGVycy9NaWNyb3NvZnQuQ29tcHV0ZS9sb2NhdGlvbnMvc291dGhjZW50cmFsdXMvb3BlcmF0aW9ucy8zZWUxODM3My04MzBmLTRkODgtYWYzZS1kN2U5MjllOGZkZDY/YXBpLXZlcnNpb249MjAxNy0xMi0wMQ==",
      "RequestMethod": "GET",
      "RequestBody": "",
      "RequestHeaders": {
        "User-Agent": [
          "FxVersion/4.6.27019.06",
          "OSName/Windows",
          "OSVersion/Microsoft.Windows.10.0.17763.",
          "Microsoft.Azure.Commands.Common.Compute.Version.2018.04.ComputeManagementClient/1.1.12"
        ]
      },
      "ResponseHeaders": {
        "Cache-Control": [
          "no-cache"
        ],
        "Pragma": [
          "no-cache"
        ],
        "x-ms-ratelimit-remaining-resource": [
          "Microsoft.Compute/GetOperation3Min;14960,Microsoft.Compute/GetOperation30Min;29807"
        ],
        "Strict-Transport-Security": [
          "max-age=31536000; includeSubDomains"
        ],
        "x-ms-request-id": [
          "b621c1bb-8e47-4cca-9988-a83724fdcc49"
        ],
        "Server": [
          "Microsoft-HTTPAPI/2.0",
          "Microsoft-HTTPAPI/2.0"
        ],
        "x-ms-ratelimit-remaining-subscription-reads": [
          "11994"
        ],
        "x-ms-correlation-request-id": [
          "1a2e4ccb-5ab0-49d0-8a07-4e2e1fa6a782"
        ],
        "x-ms-routing-request-id": [
          "WESTUS2:20190116T001740Z:1a2e4ccb-5ab0-49d0-8a07-4e2e1fa6a782"
        ],
        "X-Content-Type-Options": [
          "nosniff"
        ],
        "Date": [
          "Wed, 16 Jan 2019 00:17:39 GMT"
        ],
        "Content-Length": [
          "183"
        ],
        "Content-Type": [
          "application/json; charset=utf-8"
        ],
        "Expires": [
          "-1"
        ]
      },
      "ResponseBody": "{\r\n  \"startTime\": \"2019-01-15T16:14:54.943475-08:00\",\r\n  \"endTime\": \"2019-01-15T16:17:00.5059298-08:00\",\r\n  \"status\": \"Succeeded\",\r\n  \"name\": \"3ee18373-830f-4d88-af3e-d7e929e8fdd6\"\r\n}",
      "StatusCode": 200
    },
    {
      "RequestUri": "/subscriptions/b36cdf46-b75d-4dc2-9fe1-1296ee8c623d/resourceGroups/azurermsfrg/providers/Microsoft.Compute/virtualMachineScaleSets/nt1vm?api-version=2017-12-01",
      "EncodedRequestUri": "L3N1YnNjcmlwdGlvbnMvYjM2Y2RmNDYtYjc1ZC00ZGMyLTlmZTEtMTI5NmVlOGM2MjNkL3Jlc291cmNlR3JvdXBzL2F6dXJlcm1zZnJnL3Byb3ZpZGVycy9NaWNyb3NvZnQuQ29tcHV0ZS92aXJ0dWFsTWFjaGluZVNjYWxlU2V0cy9udDF2bT9hcGktdmVyc2lvbj0yMDE3LTEyLTAx",
      "RequestMethod": "GET",
      "RequestBody": "",
      "RequestHeaders": {
        "User-Agent": [
          "FxVersion/4.6.27019.06",
          "OSName/Windows",
          "OSVersion/Microsoft.Windows.10.0.17763.",
          "Microsoft.Azure.Commands.Common.Compute.Version.2018.04.ComputeManagementClient/1.1.12"
        ]
      },
      "ResponseHeaders": {
        "Cache-Control": [
          "no-cache"
        ],
        "Pragma": [
          "no-cache"
        ],
        "x-ms-ratelimit-remaining-resource": [
          "Microsoft.Compute/GetVMScaleSet3Min;186,Microsoft.Compute/GetVMScaleSet30Min;1229"
        ],
        "Strict-Transport-Security": [
          "max-age=31536000; includeSubDomains"
        ],
        "x-ms-request-id": [
          "820b37be-a033-4ddd-a6e0-c6d3410930b7"
        ],
        "Server": [
          "Microsoft-HTTPAPI/2.0",
          "Microsoft-HTTPAPI/2.0"
        ],
        "x-ms-ratelimit-remaining-subscription-reads": [
          "11993"
        ],
        "x-ms-correlation-request-id": [
          "08267615-e3ae-45c4-8158-4ec723f58172"
        ],
        "x-ms-routing-request-id": [
          "WESTUS2:20190116T001740Z:08267615-e3ae-45c4-8158-4ec723f58172"
        ],
        "X-Content-Type-Options": [
          "nosniff"
        ],
        "Date": [
          "Wed, 16 Jan 2019 00:17:39 GMT"
        ],
        "Content-Length": [
          "5406"
        ],
        "Content-Type": [
          "application/json; charset=utf-8"
        ],
        "Expires": [
          "-1"
        ]
      },
      "ResponseBody": "{\r\n  \"sku\": {\r\n    \"name\": \"Standard_D2_V2\",\r\n    \"tier\": \"Standard\",\r\n    \"capacity\": 5\r\n  },\r\n  \"properties\": {\r\n    \"singlePlacementGroup\": true,\r\n    \"upgradePolicy\": {\r\n      \"mode\": \"Automatic\",\r\n      \"automaticOSUpgrade\": false\r\n    },\r\n    \"virtualMachineProfile\": {\r\n      \"osProfile\": {\r\n        \"computerNamePrefix\": \"nt1vm\",\r\n        \"adminUsername\": \"GEN-UNIQUE\",\r\n        \"windowsConfiguration\": {\r\n          \"provisionVMAgent\": true,\r\n          \"enableAutomaticUpdates\": true\r\n        },\r\n        \"secrets\": [\r\n          {\r\n            \"sourceVault\": {\r\n              \"id\": \"/subscriptions/b36cdf46-b75d-4dc2-9fe1-1296ee8c623d/resourceGroups/azurermsfrg/providers/Microsoft.KeyVault/vaults/azurermsfkvtest\"\r\n            },\r\n            \"vaultCertificates\": [\r\n              {\r\n                \"certificateUrl\": \"https://azurermsfkvtest.vault.azure.net:443/secrets/azurermsfrg20190115090012/a64915a3fbb44394ac1248a2ba6ca0da\",\r\n                \"certificateStore\": \"My\"\r\n              },\r\n              {\r\n                \"certificateUrl\": \"https://azurermsfkvtest.vault.azure.net/secrets/AzureRMSFTestCert2/f6bb2b6492e04ffb8fb6acc6cd05005a\",\r\n                \"certificateStore\": \"my\"\r\n              },\r\n              {\r\n                \"certificateUrl\": \"https://azurermsfkvtest.vault.azure.net:443/secrets/AzureRMSFTestCertApp/5ce6654cdfbf4facbe2b81eea93fca57\",\r\n                \"certificateStore\": \"my\"\r\n              }\r\n            ]\r\n          }\r\n        ]\r\n      },\r\n      \"storageProfile\": {\r\n        \"osDisk\": {\r\n          \"createOption\": \"FromImage\",\r\n          \"caching\": \"ReadOnly\",\r\n          \"managedDisk\": {\r\n            \"storageAccountType\": \"Standard_LRS\"\r\n          }\r\n        },\r\n        \"imageReference\": {\r\n          \"publisher\": \"MicrosoftWindowsServer\",\r\n          \"offer\": \"WindowsServer\",\r\n          \"sku\": \"2016-Datacenter\",\r\n          \"version\": \"latest\"\r\n        }\r\n      },\r\n      \"networkProfile\": {\r\n        \"networkInterfaceConfigurations\": [\r\n          {\r\n            \"name\": \"NIC-0\",\r\n            \"properties\": {\r\n              \"primary\": true,\r\n              \"enableAcceleratedNetworking\": false,\r\n              \"dnsSettings\": {\r\n                \"dnsServers\": []\r\n              },\r\n              \"enableIPForwarding\": false,\r\n              \"ipConfigurations\": [\r\n                {\r\n                  \"name\": \"NIC-0\",\r\n                  \"properties\": {\r\n                    \"subnet\": {\r\n                      \"id\": \"/subscriptions/b36cdf46-b75d-4dc2-9fe1-1296ee8c623d/resourceGroups/azurermsfrg/providers/Microsoft.Network/virtualNetworks/VNet/subnets/Subnet-0\"\r\n                    },\r\n                    \"privateIPAddressVersion\": \"IPv4\",\r\n                    \"loadBalancerBackendAddressPools\": [\r\n                      {\r\n                        \"id\": \"/subscriptions/b36cdf46-b75d-4dc2-9fe1-1296ee8c623d/resourceGroups/azurermsfrg/providers/Microsoft.Network/loadBalancers/LB-azurermsfclustertest-nt1vm/backendAddressPools/LoadBalancerBEAddressPool\"\r\n                      }\r\n                    ],\r\n                    \"loadBalancerInboundNatPools\": [\r\n                      {\r\n                        \"id\": \"/subscriptions/b36cdf46-b75d-4dc2-9fe1-1296ee8c623d/resourceGroups/azurermsfrg/providers/Microsoft.Network/loadBalancers/LB-azurermsfclustertest-nt1vm/inboundNatPools/LoadBalancerBEAddressNatPool\"\r\n                      }\r\n                    ]\r\n                  }\r\n                }\r\n              ]\r\n            }\r\n          }\r\n        ]\r\n      },\r\n      \"extensionProfile\": {\r\n        \"extensions\": [\r\n          {\r\n            \"properties\": {\r\n              \"autoUpgradeMinorVersion\": true,\r\n              \"settings\": {\r\n                \"clusterEndpoint\": \"https://warp-test-winfabrp-southcentralus.trafficmanager.net/runtime/clusters/6d665870-a90f-47a9-8efe-927c11164c38\",\r\n                \"nodeTypeRef\": \"nt1vm\",\r\n                \"dataPath\": \"D:\\\\SvcFab\",\r\n                \"durabilityLevel\": \"Bronze\",\r\n                \"enableParallelJobs\": true,\r\n                \"nicPrefixOverride\": \"10.0.0.0/24\",\r\n                \"certificate\": {\r\n                  \"thumbprint\": \"98DB1981A448E6D3F079150A73CDBFC20B094FFD\",\r\n                  \"x509StoreName\": \"My\"\r\n                },\r\n                \"certificateSecondary\": {\r\n                  \"thumbprint\": \"EC8CA0BBC391A08860115619701E2B858FF44C72\",\r\n                  \"x509StoreName\": \"my\"\r\n                }\r\n              },\r\n              \"publisher\": \"Microsoft.Azure.ServiceFabric\",\r\n              \"type\": \"ServiceFabricNode\",\r\n              \"typeHandlerVersion\": \"1.0\"\r\n            },\r\n            \"name\": \"ServiceFabricNodeVmExt_vmNodeType0Name\"\r\n          },\r\n          {\r\n            \"properties\": {\r\n              \"autoUpgradeMinorVersion\": true,\r\n              \"settings\": {\r\n                \"WadCfg\": {\r\n                  \"DiagnosticMonitorConfiguration\": {\r\n                    \"overallQuotaInMB\": \"50000\",\r\n                    \"EtwProviders\": {\r\n                      \"EtwEventSourceProviderConfiguration\": [\r\n                        {\r\n                          \"provider\": \"Microsoft-ServiceFabric-Actors\",\r\n                          \"scheduledTransferKeywordFilter\": \"1\",\r\n                          \"scheduledTransferPeriod\": \"PT5M\",\r\n                          \"DefaultEvents\": {\r\n                            \"eventDestination\": \"ServiceFabricReliableActorEventTable\"\r\n                          }\r\n                        },\r\n                        {\r\n                          \"provider\": \"Microsoft-ServiceFabric-Services\",\r\n                          \"scheduledTransferPeriod\": \"PT5M\",\r\n                          \"DefaultEvents\": {\r\n                            \"eventDestination\": \"ServiceFabricReliableServiceEventTable\"\r\n                          }\r\n                        }\r\n                      ],\r\n                      \"EtwManifestProviderConfiguration\": [\r\n                        {\r\n                          \"provider\": \"cbd93bc2-71e5-4566-b3a7-595d8eeca6e8\",\r\n                          \"scheduledTransferLogLevelFilter\": \"Information\",\r\n                          \"scheduledTransferKeywordFilter\": \"4611686018427387904\",\r\n                          \"scheduledTransferPeriod\": \"PT5M\",\r\n                          \"DefaultEvents\": {\r\n                            \"eventDestination\": \"ServiceFabricSystemEventTable\"\r\n                          }\r\n                        }\r\n                      ]\r\n                    }\r\n                  }\r\n                },\r\n                \"StorageAccount\": \"wadmovceivkf3yzy3\"\r\n              },\r\n              \"publisher\": \"Microsoft.Azure.Diagnostics\",\r\n              \"type\": \"IaaSDiagnostics\",\r\n              \"typeHandlerVersion\": \"1.5\"\r\n            },\r\n            \"name\": \"VMDiagnosticsVmExt_vmNodeType0Name\"\r\n          }\r\n        ]\r\n      }\r\n    },\r\n    \"provisioningState\": \"Succeeded\",\r\n    \"overprovision\": false,\r\n    \"uniqueId\": \"680a4de6-92f3-4893-847d-bddd5d161c3f\"\r\n  },\r\n  \"type\": \"Microsoft.Compute/virtualMachineScaleSets\",\r\n  \"location\": \"southcentralus\",\r\n  \"tags\": {\r\n    \"resourceType\": \"Service Fabric\",\r\n    \"clusterName\": \"azurermsfclustertest\"\r\n  },\r\n  \"id\": \"/subscriptions/b36cdf46-b75d-4dc2-9fe1-1296ee8c623d/resourceGroups/azurermsfrg/providers/Microsoft.Compute/virtualMachineScaleSets/nt1vm\",\r\n  \"name\": \"nt1vm\"\r\n}",
      "StatusCode": 200
    }
  ],
  "Names": {},
  "Variables": {
    "SubscriptionId": "b36cdf46-b75d-4dc2-9fe1-1296ee8c623d"
  }
}