{
  "Entries": [
    {
      "RequestUri": "/subscriptions/5b4b650e-28b9-4790-b3ab-ddbd88d727c4/resourcegroups/RGName-ps4870?api-version=2016-09-01",
      "EncodedRequestUri": "L3N1YnNjcmlwdGlvbnMvNWI0YjY1MGUtMjhiOS00NzkwLWIzYWItZGRiZDg4ZDcyN2M0L3Jlc291cmNlZ3JvdXBzL1JHTmFtZS1wczQ4NzA/YXBpLXZlcnNpb249MjAxNi0wOS0wMQ==",
      "RequestMethod": "PUT",
      "RequestBody": "{\r\n  \"location\": \"centraluseuap\"\r\n}",
      "RequestHeaders": {
        "x-ms-client-request-id": [
          "10a60992-b646-44cb-974a-02261e1ec99e"
        ],
        "Accept-Language": [
          "en-US"
        ],
        "User-Agent": [
          "FxVersion/4.6.27617.04",
          "OSName/Windows",
          "OSVersion/Microsoft.Windows.10.0.18362.",
          "Microsoft.Azure.Management.Internal.Resources.ResourceManagementClient/1.2.0"
        ],
        "Content-Type": [
          "application/json; charset=utf-8"
        ],
        "Content-Length": [
          "35"
        ]
      },
      "ResponseHeaders": {
        "Cache-Control": [
          "no-cache"
        ],
        "Pragma": [
          "no-cache"
        ],
        "x-ms-ratelimit-remaining-subscription-writes": [
          "1199"
        ],
        "x-ms-request-id": [
          "78504a83-b77b-49fe-bc3b-e1b4445bb96a"
        ],
        "x-ms-correlation-request-id": [
          "78504a83-b77b-49fe-bc3b-e1b4445bb96a"
        ],
        "x-ms-routing-request-id": [
          "WESTUS2:20190523T185211Z:78504a83-b77b-49fe-bc3b-e1b4445bb96a"
        ],
        "Strict-Transport-Security": [
          "max-age=31536000; includeSubDomains"
        ],
        "X-Content-Type-Options": [
          "nosniff"
        ],
        "Date": [
          "Thu, 23 May 2019 18:52:10 GMT"
        ],
        "Content-Length": [
          "186"
        ],
        "Content-Type": [
          "application/json; charset=utf-8"
        ],
        "Expires": [
          "-1"
        ]
      },
      "ResponseBody": "{\r\n  \"id\": \"/subscriptions/5b4b650e-28b9-4790-b3ab-ddbd88d727c4/resourceGroups/RGName-ps4870\",\r\n  \"name\": \"RGName-ps4870\",\r\n  \"location\": \"centraluseuap\",\r\n  \"properties\": {\r\n    \"provisioningState\": \"Succeeded\"\r\n  }\r\n}",
      "StatusCode": 201
    },
    {
      "RequestUri": "/subscriptions/5b4b650e-28b9-4790-b3ab-ddbd88d727c4/resourceGroups/RGName-ps4870/providers/Microsoft.EventGrid/topics/PSTestTopic-ps6948?api-version=2019-06-01",
      "EncodedRequestUri": "L3N1YnNjcmlwdGlvbnMvNWI0YjY1MGUtMjhiOS00NzkwLWIzYWItZGRiZDg4ZDcyN2M0L3Jlc291cmNlR3JvdXBzL1JHTmFtZS1wczQ4NzAvcHJvdmlkZXJzL01pY3Jvc29mdC5FdmVudEdyaWQvdG9waWNzL1BTVGVzdFRvcGljLXBzNjk0OD9hcGktdmVyc2lvbj0yMDE5LTA2LTAx",
      "RequestMethod": "PUT",
      "RequestBody": "{\r\n  \"location\": \"centraluseuap\"\r\n}",
      "RequestHeaders": {
        "x-ms-client-request-id": [
          "b68e4954-b24e-42b3-bc82-36c4f3dd4f8f"
        ],
        "Accept-Language": [
          "en-US"
        ],
        "User-Agent": [
          "FxVersion/4.6.27617.04",
          "OSName/Windows",
          "OSVersion/Microsoft.Windows.10.0.18362.",
          "Microsoft.Azure.Management.EventGrid.EventGridManagementClient/5.0.0.0"
        ],
        "Content-Type": [
          "application/json; charset=utf-8"
        ],
        "Content-Length": [
          "35"
        ]
      },
      "ResponseHeaders": {
        "Cache-Control": [
          "no-cache"
        ],
        "Pragma": [
          "no-cache"
        ],
        "Retry-After": [
          "10"
        ],
        "Strict-Transport-Security": [
          "max-age=31536000; includeSubDomains"
        ],
        "Azure-AsyncOperation": [
          "https://management.azure.com:443/subscriptions/5b4b650e-28b9-4790-b3ab-ddbd88d727c4/providers/Microsoft.EventGrid/locations/centraluseuap/operationsStatus/CE711582-AD3A-4EC5-9CD9-625E4883D007?api-version=2019-06-01"
        ],
        "x-ms-request-id": [
          "73ab9406-c49b-444e-884b-172bbcdd1c4c"
        ],
        "Server": [
          "Microsoft-HTTPAPI/2.0"
        ],
        "x-ms-ratelimit-remaining-subscription-writes": [
          "1199"
        ],
        "x-ms-correlation-request-id": [
          "5c25797f-d4fe-45c2-a8e3-ceddf705a149"
        ],
        "x-ms-routing-request-id": [
          "WESTUS2:20190523T185213Z:5c25797f-d4fe-45c2-a8e3-ceddf705a149"
        ],
        "X-Content-Type-Options": [
          "nosniff"
        ],
        "Date": [
          "Thu, 23 May 2019 18:52:12 GMT"
        ],
        "Content-Length": [
          "310"
        ],
        "Content-Type": [
          "application/json; charset=utf-8"
        ],
        "Expires": [
          "-1"
        ]
      },
      "ResponseBody": "{\r\n  \"properties\": {\r\n    \"provisioningState\": \"Creating\",\r\n    \"endpoint\": null\r\n  },\r\n  \"location\": \"centraluseuap\",\r\n  \"tags\": null,\r\n  \"id\": \"/subscriptions/5b4b650e-28b9-4790-b3ab-ddbd88d727c4/resourceGroups/RGName-ps4870/providers/Microsoft.EventGrid/topics/PSTestTopic-ps6948\",\r\n  \"name\": \"PSTestTopic-ps6948\",\r\n  \"type\": \"Microsoft.EventGrid/topics\"\r\n}",
      "StatusCode": 201
    },
    {
      "RequestUri": "/subscriptions/5b4b650e-28b9-4790-b3ab-ddbd88d727c4/providers/Microsoft.EventGrid/locations/centraluseuap/operationsStatus/CE711582-AD3A-4EC5-9CD9-625E4883D007?api-version=2019-06-01",
      "EncodedRequestUri": "L3N1YnNjcmlwdGlvbnMvNWI0YjY1MGUtMjhiOS00NzkwLWIzYWItZGRiZDg4ZDcyN2M0L3Byb3ZpZGVycy9NaWNyb3NvZnQuRXZlbnRHcmlkL2xvY2F0aW9ucy9jZW50cmFsdXNldWFwL29wZXJhdGlvbnNTdGF0dXMvQ0U3MTE1ODItQUQzQS00RUM1LTlDRDktNjI1RTQ4ODNEMDA3P2FwaS12ZXJzaW9uPTIwMTktMDYtMDE=",
      "RequestMethod": "GET",
      "RequestBody": "",
      "RequestHeaders": {
        "User-Agent": [
          "FxVersion/4.6.27617.04",
          "OSName/Windows",
          "OSVersion/Microsoft.Windows.10.0.18362.",
          "Microsoft.Azure.Management.EventGrid.EventGridManagementClient/5.0.0.0"
        ]
      },
      "ResponseHeaders": {
        "Cache-Control": [
          "no-cache"
        ],
        "Pragma": [
          "no-cache"
        ],
        "Strict-Transport-Security": [
          "max-age=31536000; includeSubDomains"
        ],
        "x-ms-request-id": [
          "3c73b655-ade0-44ab-bdfd-1dce76589465"
        ],
        "Server": [
          "Microsoft-HTTPAPI/2.0"
        ],
        "x-ms-ratelimit-remaining-subscription-reads": [
          "11999"
        ],
        "x-ms-correlation-request-id": [
          "df293681-fa85-4a6b-9e47-06a57498e514"
        ],
        "x-ms-routing-request-id": [
          "WESTUS2:20190523T185223Z:df293681-fa85-4a6b-9e47-06a57498e514"
        ],
        "X-Content-Type-Options": [
          "nosniff"
        ],
        "Date": [
          "Thu, 23 May 2019 18:52:22 GMT"
        ],
        "Content-Length": [
          "286"
        ],
        "Content-Type": [
          "application/json; charset=utf-8"
        ],
        "Expires": [
          "-1"
        ]
      },
      "ResponseBody": "{\r\n  \"id\": \"https://management.azure.com/subscriptions/5b4b650e-28b9-4790-b3ab-ddbd88d727c4/providers/Microsoft.EventGrid/locations/centraluseuap/operationsStatus/CE711582-AD3A-4EC5-9CD9-625E4883D007?api-version=2019-06-01\",\r\n  \"name\": \"ce711582-ad3a-4ec5-9cd9-625e4883d007\",\r\n  \"status\": \"Succeeded\"\r\n}",
      "StatusCode": 200
    },
    {
      "RequestUri": "/subscriptions/5b4b650e-28b9-4790-b3ab-ddbd88d727c4/resourceGroups/RGName-ps4870/providers/Microsoft.EventGrid/topics/PSTestTopic-ps6948?api-version=2019-06-01",
      "EncodedRequestUri": "L3N1YnNjcmlwdGlvbnMvNWI0YjY1MGUtMjhiOS00NzkwLWIzYWItZGRiZDg4ZDcyN2M0L3Jlc291cmNlR3JvdXBzL1JHTmFtZS1wczQ4NzAvcHJvdmlkZXJzL01pY3Jvc29mdC5FdmVudEdyaWQvdG9waWNzL1BTVGVzdFRvcGljLXBzNjk0OD9hcGktdmVyc2lvbj0yMDE5LTA2LTAx",
      "RequestMethod": "GET",
      "RequestBody": "",
      "RequestHeaders": {
        "User-Agent": [
          "FxVersion/4.6.27617.04",
          "OSName/Windows",
          "OSVersion/Microsoft.Windows.10.0.18362.",
          "Microsoft.Azure.Management.EventGrid.EventGridManagementClient/5.0.0.0"
        ]
      },
      "ResponseHeaders": {
        "Cache-Control": [
          "no-cache"
        ],
        "Pragma": [
          "no-cache"
        ],
        "Strict-Transport-Security": [
          "max-age=31536000; includeSubDomains"
        ],
        "x-ms-request-id": [
          "33c109f5-daeb-4124-8d49-cf1b0d69ea61"
        ],
        "Server": [
          "Microsoft-HTTPAPI/2.0"
        ],
        "x-ms-ratelimit-remaining-subscription-reads": [
          "11998"
        ],
        "x-ms-correlation-request-id": [
          "30fd63e7-3506-438e-92f6-3b1b7583c24d"
        ],
        "x-ms-routing-request-id": [
          "WESTUS2:20190523T185223Z:30fd63e7-3506-438e-92f6-3b1b7583c24d"
        ],
        "X-Content-Type-Options": [
          "nosniff"
        ],
        "Date": [
          "Thu, 23 May 2019 18:52:22 GMT"
        ],
        "Content-Length": [
          "382"
        ],
        "Content-Type": [
          "application/json; charset=utf-8"
        ],
        "Expires": [
          "-1"
        ]
      },
      "ResponseBody": "{\r\n  \"properties\": {\r\n    \"provisioningState\": \"Succeeded\",\r\n    \"endpoint\": \"https://pstesttopic-ps6948.centraluseuap-1.eventgrid.azure.net/api/events\"\r\n  },\r\n  \"location\": \"centraluseuap\",\r\n  \"tags\": null,\r\n  \"id\": \"/subscriptions/5b4b650e-28b9-4790-b3ab-ddbd88d727c4/resourceGroups/RGName-ps4870/providers/Microsoft.EventGrid/topics/PSTestTopic-ps6948\",\r\n  \"name\": \"PSTestTopic-ps6948\",\r\n  \"type\": \"Microsoft.EventGrid/topics\"\r\n}",
      "StatusCode": 200
    },
    {
      "RequestUri": "/subscriptions/5b4b650e-28b9-4790-b3ab-ddbd88d727c4/resourceGroups/RGName-ps4870/providers/Microsoft.EventGrid/topics/PSTestTopic-ps6948?api-version=2019-06-01",
      "EncodedRequestUri": "L3N1YnNjcmlwdGlvbnMvNWI0YjY1MGUtMjhiOS00NzkwLWIzYWItZGRiZDg4ZDcyN2M0L3Jlc291cmNlR3JvdXBzL1JHTmFtZS1wczQ4NzAvcHJvdmlkZXJzL01pY3Jvc29mdC5FdmVudEdyaWQvdG9waWNzL1BTVGVzdFRvcGljLXBzNjk0OD9hcGktdmVyc2lvbj0yMDE5LTA2LTAx",
      "RequestMethod": "GET",
      "RequestBody": "",
      "RequestHeaders": {
        "x-ms-client-request-id": [
          "cb0618dd-f039-4061-8516-0de1816b73d1"
        ],
        "Accept-Language": [
          "en-US"
        ],
        "User-Agent": [
          "FxVersion/4.6.27617.04",
          "OSName/Windows",
          "OSVersion/Microsoft.Windows.10.0.18362.",
          "Microsoft.Azure.Management.EventGrid.EventGridManagementClient/5.0.0.0"
        ]
      },
      "ResponseHeaders": {
        "Cache-Control": [
          "no-cache"
        ],
        "Pragma": [
          "no-cache"
        ],
        "Strict-Transport-Security": [
          "max-age=31536000; includeSubDomains"
        ],
        "x-ms-request-id": [
          "5ddb438a-c262-44c2-ac0e-96a2480fd1a8"
        ],
        "Server": [
          "Microsoft-HTTPAPI/2.0"
        ],
        "x-ms-ratelimit-remaining-subscription-reads": [
          "11997"
        ],
        "x-ms-correlation-request-id": [
          "986805fb-38db-4a0c-939f-3434bbd1059d"
        ],
        "x-ms-routing-request-id": [
          "WESTUS2:20190523T185223Z:986805fb-38db-4a0c-939f-3434bbd1059d"
        ],
        "X-Content-Type-Options": [
          "nosniff"
        ],
        "Date": [
          "Thu, 23 May 2019 18:52:22 GMT"
        ],
        "Content-Length": [
          "382"
        ],
        "Content-Type": [
          "application/json; charset=utf-8"
        ],
        "Expires": [
          "-1"
        ]
      },
      "ResponseBody": "{\r\n  \"properties\": {\r\n    \"provisioningState\": \"Succeeded\",\r\n    \"endpoint\": \"https://pstesttopic-ps6948.centraluseuap-1.eventgrid.azure.net/api/events\"\r\n  },\r\n  \"location\": \"centraluseuap\",\r\n  \"tags\": null,\r\n  \"id\": \"/subscriptions/5b4b650e-28b9-4790-b3ab-ddbd88d727c4/resourceGroups/RGName-ps4870/providers/Microsoft.EventGrid/topics/PSTestTopic-ps6948\",\r\n  \"name\": \"PSTestTopic-ps6948\",\r\n  \"type\": \"Microsoft.EventGrid/topics\"\r\n}",
      "StatusCode": 200
    },
    {
      "RequestUri": "/subscriptions/5b4b650e-28b9-4790-b3ab-ddbd88d727c4/resourceGroups/RGName-ps4870/providers/Microsoft.EventGrid/topics/PSTestTopic-ps6948/listKeys?api-version=2019-06-01",
      "EncodedRequestUri": "L3N1YnNjcmlwdGlvbnMvNWI0YjY1MGUtMjhiOS00NzkwLWIzYWItZGRiZDg4ZDcyN2M0L3Jlc291cmNlR3JvdXBzL1JHTmFtZS1wczQ4NzAvcHJvdmlkZXJzL01pY3Jvc29mdC5FdmVudEdyaWQvdG9waWNzL1BTVGVzdFRvcGljLXBzNjk0OC9saXN0S2V5cz9hcGktdmVyc2lvbj0yMDE5LTA2LTAx",
      "RequestMethod": "POST",
      "RequestBody": "",
      "RequestHeaders": {
        "x-ms-client-request-id": [
          "2d132835-c8da-4fad-a7e0-2b2c21d80c08"
        ],
        "Accept-Language": [
          "en-US"
        ],
        "User-Agent": [
          "FxVersion/4.6.27617.04",
          "OSName/Windows",
          "OSVersion/Microsoft.Windows.10.0.18362.",
          "Microsoft.Azure.Management.EventGrid.EventGridManagementClient/5.0.0.0"
        ]
      },
      "ResponseHeaders": {
        "Cache-Control": [
          "no-cache"
        ],
        "Pragma": [
          "no-cache"
        ],
        "Strict-Transport-Security": [
          "max-age=31536000; includeSubDomains"
        ],
        "x-ms-request-id": [
          "993bf56c-a1b3-4875-bf36-2df192a27cbc"
        ],
        "Server": [
          "Microsoft-HTTPAPI/2.0"
        ],
        "x-ms-ratelimit-remaining-subscription-writes": [
          "1199"
        ],
        "x-ms-correlation-request-id": [
          "9eac85f7-4fb9-419e-b082-3b894e3b4493"
        ],
        "x-ms-routing-request-id": [
          "WESTUS2:20190523T185223Z:9eac85f7-4fb9-419e-b082-3b894e3b4493"
        ],
        "X-Content-Type-Options": [
          "nosniff"
        ],
        "Date": [
          "Thu, 23 May 2019 18:52:22 GMT"
        ],
        "Content-Length": [
          "109"
        ],
        "Content-Type": [
          "application/json; charset=utf-8"
        ],
        "Expires": [
          "-1"
        ]
      },
      "ResponseBody": "{\r\n  \"key1\": \"<HIDDEN>\",\r\n  \"key2\": \"<HIDDEN>\"\r\n}",
      "StatusCode": 200
    },
    {
      "RequestUri": "/subscriptions/5b4b650e-28b9-4790-b3ab-ddbd88d727c4/resourceGroups/RGName-ps4870/providers/Microsoft.EventGrid/topics/PSTestTopic-ps6948/listKeys?api-version=2019-06-01",
      "EncodedRequestUri": "L3N1YnNjcmlwdGlvbnMvNWI0YjY1MGUtMjhiOS00NzkwLWIzYWItZGRiZDg4ZDcyN2M0L3Jlc291cmNlR3JvdXBzL1JHTmFtZS1wczQ4NzAvcHJvdmlkZXJzL01pY3Jvc29mdC5FdmVudEdyaWQvdG9waWNzL1BTVGVzdFRvcGljLXBzNjk0OC9saXN0S2V5cz9hcGktdmVyc2lvbj0yMDE5LTA2LTAx",
      "RequestMethod": "POST",
      "RequestBody": "",
      "RequestHeaders": {
        "x-ms-client-request-id": [
          "541aaed1-6973-4bd1-97bc-b73f5106e655"
        ],
        "Accept-Language": [
          "en-US"
        ],
        "User-Agent": [
          "FxVersion/4.6.27617.04",
          "OSName/Windows",
          "OSVersion/Microsoft.Windows.10.0.18362.",
          "Microsoft.Azure.Management.EventGrid.EventGridManagementClient/5.0.0.0"
        ]
      },
      "ResponseHeaders": {
        "Cache-Control": [
          "no-cache"
        ],
        "Pragma": [
          "no-cache"
        ],
        "Strict-Transport-Security": [
          "max-age=31536000; includeSubDomains"
        ],
        "x-ms-request-id": [
          "fec2d7ac-c509-4117-b3ab-2899fade345d"
        ],
        "Server": [
          "Microsoft-HTTPAPI/2.0"
        ],
        "x-ms-ratelimit-remaining-subscription-writes": [
          "1198"
        ],
        "x-ms-correlation-request-id": [
          "a34afa5c-ff21-4056-9a13-45fa5363b35f"
        ],
        "x-ms-routing-request-id": [
          "WESTUS2:20190523T185223Z:a34afa5c-ff21-4056-9a13-45fa5363b35f"
        ],
        "X-Content-Type-Options": [
          "nosniff"
        ],
        "Date": [
          "Thu, 23 May 2019 18:52:22 GMT"
        ],
        "Content-Length": [
          "109"
        ],
        "Content-Type": [
          "application/json; charset=utf-8"
        ],
        "Expires": [
          "-1"
        ]
      },
      "ResponseBody": "{\r\n  \"key1\": \"<HIDDEN>\",\r\n  \"key2\": \"<HIDDEN>\"\r\n}",
      "StatusCode": 200
    },
    {
      "RequestUri": "/subscriptions/5b4b650e-28b9-4790-b3ab-ddbd88d727c4/resourceGroups/RGName-ps4870/providers/Microsoft.EventGrid/topics/PSTestTopic-ps6948/listKeys?api-version=2019-06-01",
      "EncodedRequestUri": "L3N1YnNjcmlwdGlvbnMvNWI0YjY1MGUtMjhiOS00NzkwLWIzYWItZGRiZDg4ZDcyN2M0L3Jlc291cmNlR3JvdXBzL1JHTmFtZS1wczQ4NzAvcHJvdmlkZXJzL01pY3Jvc29mdC5FdmVudEdyaWQvdG9waWNzL1BTVGVzdFRvcGljLXBzNjk0OC9saXN0S2V5cz9hcGktdmVyc2lvbj0yMDE5LTA2LTAx",
      "RequestMethod": "POST",
      "RequestBody": "",
      "RequestHeaders": {
        "x-ms-client-request-id": [
          "6a4d1ccd-da79-436c-9e4d-0f13ccdd8df8"
        ],
        "Accept-Language": [
          "en-US"
        ],
        "User-Agent": [
          "FxVersion/4.6.27617.04",
          "OSName/Windows",
          "OSVersion/Microsoft.Windows.10.0.18362.",
          "Microsoft.Azure.Management.EventGrid.EventGridManagementClient/5.0.0.0"
        ]
      },
      "ResponseHeaders": {
        "Cache-Control": [
          "no-cache"
        ],
        "Pragma": [
          "no-cache"
        ],
        "Strict-Transport-Security": [
          "max-age=31536000; includeSubDomains"
        ],
        "x-ms-request-id": [
          "f16245f1-4b4c-4058-9f8b-35489d210238"
        ],
        "Server": [
          "Microsoft-HTTPAPI/2.0"
        ],
        "x-ms-ratelimit-remaining-subscription-writes": [
          "1197"
        ],
        "x-ms-correlation-request-id": [
          "91dca83a-30bd-4a5b-9b6b-0613b113c38d"
        ],
        "x-ms-routing-request-id": [
          "WESTUS2:20190523T185223Z:91dca83a-30bd-4a5b-9b6b-0613b113c38d"
        ],
        "X-Content-Type-Options": [
          "nosniff"
        ],
        "Date": [
          "Thu, 23 May 2019 18:52:22 GMT"
        ],
        "Content-Length": [
          "109"
        ],
        "Content-Type": [
          "application/json; charset=utf-8"
        ],
        "Expires": [
          "-1"
        ]
      },
      "ResponseBody": "{\r\n  \"key1\": \"<HIDDEN>\",\r\n  \"key2\": \"<HIDDEN>\"\r\n}",
      "StatusCode": 200
    },
    {
      "RequestUri": "/subscriptions/5b4b650e-28b9-4790-b3ab-ddbd88d727c4/resourceGroups/RGName-ps4870/providers/Microsoft.EventGrid/topics/PSTestTopic-ps6948?api-version=2019-06-01",
      "EncodedRequestUri": "L3N1YnNjcmlwdGlvbnMvNWI0YjY1MGUtMjhiOS00NzkwLWIzYWItZGRiZDg4ZDcyN2M0L3Jlc291cmNlR3JvdXBzL1JHTmFtZS1wczQ4NzAvcHJvdmlkZXJzL01pY3Jvc29mdC5FdmVudEdyaWQvdG9waWNzL1BTVGVzdFRvcGljLXBzNjk0OD9hcGktdmVyc2lvbj0yMDE5LTA2LTAx",
      "RequestMethod": "DELETE",
      "RequestBody": "",
      "RequestHeaders": {
        "x-ms-client-request-id": [
          "730bb070-9fe1-4293-9300-89a41762ec90"
        ],
        "Accept-Language": [
          "en-US"
        ],
        "User-Agent": [
          "FxVersion/4.6.27617.04",
          "OSName/Windows",
          "OSVersion/Microsoft.Windows.10.0.18362.",
          "Microsoft.Azure.Management.EventGrid.EventGridManagementClient/5.0.0.0"
        ]
      },
      "ResponseHeaders": {
        "Cache-Control": [
          "no-cache"
        ],
        "Pragma": [
          "no-cache"
        ],
        "Location": [
          "https://management.azure.com/subscriptions/5b4b650e-28b9-4790-b3ab-ddbd88d727c4/providers/Microsoft.EventGrid/locations/centraluseuap/operationResults/D7F95704-805E-4EE4-B333-CDFA758FADBB?api-version=2019-06-01"
        ],
        "Retry-After": [
          "10"
        ],
        "Strict-Transport-Security": [
          "max-age=31536000; includeSubDomains"
        ],
        "Server": [
          "Microsoft-HTTPAPI/2.0"
        ],
        "x-ms-ratelimit-remaining-subscription-deletes": [
          "14999"
        ],
        "x-ms-request-id": [
          "4a9776bb-d057-4d93-9c4c-64e1708d37e8"
        ],
        "x-ms-correlation-request-id": [
          "4a9776bb-d057-4d93-9c4c-64e1708d37e8"
        ],
        "x-ms-routing-request-id": [
          "WESTUS2:20190523T185223Z:4a9776bb-d057-4d93-9c4c-64e1708d37e8"
        ],
        "X-Content-Type-Options": [
          "nosniff"
        ],
        "Date": [
          "Thu, 23 May 2019 18:52:23 GMT"
        ],
        "Expires": [
          "-1"
        ],
        "Content-Length": [
          "0"
        ]
      },
      "ResponseBody": "",
      "StatusCode": 202
    },
    {
      "RequestUri": "/subscriptions/5b4b650e-28b9-4790-b3ab-ddbd88d727c4/providers/Microsoft.EventGrid/locations/centraluseuap/operationResults/D7F95704-805E-4EE4-B333-CDFA758FADBB?api-version=2019-06-01",
      "EncodedRequestUri": "L3N1YnNjcmlwdGlvbnMvNWI0YjY1MGUtMjhiOS00NzkwLWIzYWItZGRiZDg4ZDcyN2M0L3Byb3ZpZGVycy9NaWNyb3NvZnQuRXZlbnRHcmlkL2xvY2F0aW9ucy9jZW50cmFsdXNldWFwL29wZXJhdGlvblJlc3VsdHMvRDdGOTU3MDQtODA1RS00RUU0LUIzMzMtQ0RGQTc1OEZBREJCP2FwaS12ZXJzaW9uPTIwMTktMDYtMDE=",
      "RequestMethod": "GET",
      "RequestBody": "",
      "RequestHeaders": {
        "User-Agent": [
          "FxVersion/4.6.27617.04",
          "OSName/Windows",
          "OSVersion/Microsoft.Windows.10.0.18362.",
          "Microsoft.Azure.Management.EventGrid.EventGridManagementClient/5.0.0.0"
        ]
      },
      "ResponseHeaders": {
        "Cache-Control": [
          "no-cache"
        ],
        "Pragma": [
          "no-cache"
        ],
        "Strict-Transport-Security": [
          "max-age=31536000; includeSubDomains"
        ],
        "x-ms-request-id": [
          "950494fb-569c-420b-91d9-57d7273ea397"
        ],
        "Server": [
          "Microsoft-HTTPAPI/2.0"
        ],
        "x-ms-ratelimit-remaining-subscription-reads": [
          "11996"
        ],
        "x-ms-correlation-request-id": [
          "073aac23-1b68-4d56-a5bc-4791f6d47116"
        ],
        "x-ms-routing-request-id": [
          "WESTUS2:20190523T185233Z:073aac23-1b68-4d56-a5bc-4791f6d47116"
        ],
        "X-Content-Type-Options": [
          "nosniff"
        ],
        "Date": [
          "Thu, 23 May 2019 18:52:33 GMT"
        ],
        "Expires": [
          "-1"
        ],
        "Content-Length": [
          "0"
        ]
      },
      "ResponseBody": "",
      "StatusCode": 200
    },
    {
      "RequestUri": "/subscriptions/5b4b650e-28b9-4790-b3ab-ddbd88d727c4/providers/Microsoft.EventGrid/locations/centraluseuap/operationResults/D7F95704-805E-4EE4-B333-CDFA758FADBB?api-version=2019-06-01",
      "EncodedRequestUri": "L3N1YnNjcmlwdGlvbnMvNWI0YjY1MGUtMjhiOS00NzkwLWIzYWItZGRiZDg4ZDcyN2M0L3Byb3ZpZGVycy9NaWNyb3NvZnQuRXZlbnRHcmlkL2xvY2F0aW9ucy9jZW50cmFsdXNldWFwL29wZXJhdGlvblJlc3VsdHMvRDdGOTU3MDQtODA1RS00RUU0LUIzMzMtQ0RGQTc1OEZBREJCP2FwaS12ZXJzaW9uPTIwMTktMDYtMDE=",
      "RequestMethod": "GET",
      "RequestBody": "",
      "RequestHeaders": {
        "User-Agent": [
          "FxVersion/4.6.27617.04",
          "OSName/Windows",
          "OSVersion/Microsoft.Windows.10.0.18362.",
          "Microsoft.Azure.Management.EventGrid.EventGridManagementClient/5.0.0.0"
        ]
      },
      "ResponseHeaders": {
        "Cache-Control": [
          "no-cache"
        ],
        "Pragma": [
          "no-cache"
        ],
        "Strict-Transport-Security": [
          "max-age=31536000; includeSubDomains"
        ],
        "x-ms-request-id": [
          "b84fe76d-2da0-4026-a835-897f7195148a"
        ],
        "Server": [
          "Microsoft-HTTPAPI/2.0"
        ],
        "x-ms-ratelimit-remaining-subscription-reads": [
          "11995"
        ],
        "x-ms-correlation-request-id": [
          "0bdb3098-f760-47c4-ac0f-94abdb3a4984"
        ],
        "x-ms-routing-request-id": [
          "WESTUS2:20190523T185234Z:0bdb3098-f760-47c4-ac0f-94abdb3a4984"
        ],
        "X-Content-Type-Options": [
          "nosniff"
        ],
        "Date": [
          "Thu, 23 May 2019 18:52:33 GMT"
        ],
        "Expires": [
          "-1"
        ],
        "Content-Length": [
          "0"
        ]
      },
      "ResponseBody": "",
      "StatusCode": 200
    },
    {
      "RequestUri": "/subscriptions/5b4b650e-28b9-4790-b3ab-ddbd88d727c4/resourcegroups/RGName-ps4870?api-version=2016-09-01",
      "EncodedRequestUri": "L3N1YnNjcmlwdGlvbnMvNWI0YjY1MGUtMjhiOS00NzkwLWIzYWItZGRiZDg4ZDcyN2M0L3Jlc291cmNlZ3JvdXBzL1JHTmFtZS1wczQ4NzA/YXBpLXZlcnNpb249MjAxNi0wOS0wMQ==",
      "RequestMethod": "DELETE",
      "RequestBody": "",
      "RequestHeaders": {
        "x-ms-client-request-id": [
          "bfc3732d-93ce-4cf1-8cc3-71bb0fa98db4"
        ],
        "Accept-Language": [
          "en-US"
        ],
        "User-Agent": [
          "FxVersion/4.6.27617.04",
          "OSName/Windows",
          "OSVersion/Microsoft.Windows.10.0.18362.",
          "Microsoft.Azure.Management.Internal.Resources.ResourceManagementClient/1.2.0"
        ]
      },
      "ResponseHeaders": {
        "Cache-Control": [
          "no-cache"
        ],
        "Pragma": [
          "no-cache"
        ],
        "Location": [
          "https://management.azure.com/subscriptions/5b4b650e-28b9-4790-b3ab-ddbd88d727c4/operationresults/eyJqb2JJZCI6IlJFU09VUkNFR1JPVVBERUxFVElPTkpPQi1SR05BTUU6MkRQUzQ4NzAtQ0VOVFJBTFVTRVVBUCIsImpvYkxvY2F0aW9uIjoiY2VudHJhbHVzZXVhcCJ9?api-version=2016-09-01"
        ],
        "Retry-After": [
          "15"
        ],
        "x-ms-ratelimit-remaining-subscription-deletes": [
          "14999"
        ],
        "x-ms-request-id": [
          "0b4fe4ad-5b2b-47b0-a749-bac4a72f306e"
        ],
        "x-ms-correlation-request-id": [
          "0b4fe4ad-5b2b-47b0-a749-bac4a72f306e"
        ],
        "x-ms-routing-request-id": [
          "WESTUS2:20190523T185234Z:0b4fe4ad-5b2b-47b0-a749-bac4a72f306e"
        ],
        "Strict-Transport-Security": [
          "max-age=31536000; includeSubDomains"
        ],
        "X-Content-Type-Options": [
          "nosniff"
        ],
        "Date": [
          "Thu, 23 May 2019 18:52:34 GMT"
        ],
        "Expires": [
          "-1"
        ],
        "Content-Length": [
          "0"
        ]
      },
      "ResponseBody": "",
      "StatusCode": 202
    },
    {
      "RequestUri": "/subscriptions/5b4b650e-28b9-4790-b3ab-ddbd88d727c4/operationresults/eyJqb2JJZCI6IlJFU09VUkNFR1JPVVBERUxFVElPTkpPQi1SR05BTUU6MkRQUzQ4NzAtQ0VOVFJBTFVTRVVBUCIsImpvYkxvY2F0aW9uIjoiY2VudHJhbHVzZXVhcCJ9?api-version=2016-09-01",
      "EncodedRequestUri": "L3N1YnNjcmlwdGlvbnMvNWI0YjY1MGUtMjhiOS00NzkwLWIzYWItZGRiZDg4ZDcyN2M0L29wZXJhdGlvbnJlc3VsdHMvZXlKcWIySkpaQ0k2SWxKRlUwOVZVa05GUjFKUFZWQkVSVXhGVkVsUFRrcFBRaTFTUjA1QlRVVTZNa1JRVXpRNE56QXRRMFZPVkZKQlRGVlRSVlZCVUNJc0ltcHZZa3h2WTJGMGFXOXVJam9pWTJWdWRISmhiSFZ6WlhWaGNDSjk/YXBpLXZlcnNpb249MjAxNi0wOS0wMQ==",
      "RequestMethod": "GET",
      "RequestBody": "",
      "RequestHeaders": {
        "User-Agent": [
          "FxVersion/4.6.27617.04",
          "OSName/Windows",
          "OSVersion/Microsoft.Windows.10.0.18362.",
          "Microsoft.Azure.Management.Internal.Resources.ResourceManagementClient/1.2.0"
        ]
      },
      "ResponseHeaders": {
        "Cache-Control": [
          "no-cache"
        ],
        "Pragma": [
          "no-cache"
        ],
        "Location": [
          "https://management.azure.com/subscriptions/5b4b650e-28b9-4790-b3ab-ddbd88d727c4/operationresults/eyJqb2JJZCI6IlJFU09VUkNFR1JPVVBERUxFVElPTkpPQi1SR05BTUU6MkRQUzQ4NzAtQ0VOVFJBTFVTRVVBUCIsImpvYkxvY2F0aW9uIjoiY2VudHJhbHVzZXVhcCJ9?api-version=2016-09-01"
        ],
        "Retry-After": [
          "15"
        ],
        "x-ms-ratelimit-remaining-subscription-reads": [
          "11999"
        ],
        "x-ms-request-id": [
          "c64112b5-94b1-46e8-bc1c-efc48df5ae86"
        ],
        "x-ms-correlation-request-id": [
          "c64112b5-94b1-46e8-bc1c-efc48df5ae86"
        ],
        "x-ms-routing-request-id": [
          "WESTUS2:20190523T185249Z:c64112b5-94b1-46e8-bc1c-efc48df5ae86"
        ],
        "Strict-Transport-Security": [
          "max-age=31536000; includeSubDomains"
        ],
        "X-Content-Type-Options": [
          "nosniff"
        ],
        "Date": [
          "Thu, 23 May 2019 18:52:48 GMT"
        ],
        "Expires": [
          "-1"
        ],
        "Content-Length": [
          "0"
        ]
      },
      "ResponseBody": "",
      "StatusCode": 202
    },
    {
      "RequestUri": "/subscriptions/5b4b650e-28b9-4790-b3ab-ddbd88d727c4/operationresults/eyJqb2JJZCI6IlJFU09VUkNFR1JPVVBERUxFVElPTkpPQi1SR05BTUU6MkRQUzQ4NzAtQ0VOVFJBTFVTRVVBUCIsImpvYkxvY2F0aW9uIjoiY2VudHJhbHVzZXVhcCJ9?api-version=2016-09-01",
      "EncodedRequestUri": "L3N1YnNjcmlwdGlvbnMvNWI0YjY1MGUtMjhiOS00NzkwLWIzYWItZGRiZDg4ZDcyN2M0L29wZXJhdGlvbnJlc3VsdHMvZXlKcWIySkpaQ0k2SWxKRlUwOVZVa05GUjFKUFZWQkVSVXhGVkVsUFRrcFBRaTFTUjA1QlRVVTZNa1JRVXpRNE56QXRRMFZPVkZKQlRGVlRSVlZCVUNJc0ltcHZZa3h2WTJGMGFXOXVJam9pWTJWdWRISmhiSFZ6WlhWaGNDSjk/YXBpLXZlcnNpb249MjAxNi0wOS0wMQ==",
      "RequestMethod": "GET",
      "RequestBody": "",
      "RequestHeaders": {
        "User-Agent": [
          "FxVersion/4.6.27617.04",
          "OSName/Windows",
          "OSVersion/Microsoft.Windows.10.0.18362.",
          "Microsoft.Azure.Management.Internal.Resources.ResourceManagementClient/1.2.0"
        ]
      },
      "ResponseHeaders": {
        "Cache-Control": [
          "no-cache"
        ],
        "Pragma": [
          "no-cache"
        ],
        "Location": [
          "https://management.azure.com/subscriptions/5b4b650e-28b9-4790-b3ab-ddbd88d727c4/operationresults/eyJqb2JJZCI6IlJFU09VUkNFR1JPVVBERUxFVElPTkpPQi1SR05BTUU6MkRQUzQ4NzAtQ0VOVFJBTFVTRVVBUCIsImpvYkxvY2F0aW9uIjoiY2VudHJhbHVzZXVhcCJ9?api-version=2016-09-01"
        ],
        "Retry-After": [
          "15"
        ],
        "x-ms-ratelimit-remaining-subscription-reads": [
          "11998"
        ],
        "x-ms-request-id": [
          "8b2581c4-9559-402b-902c-c7161d97b0f2"
        ],
        "x-ms-correlation-request-id": [
          "8b2581c4-9559-402b-902c-c7161d97b0f2"
        ],
        "x-ms-routing-request-id": [
          "WESTUS2:20190523T185304Z:8b2581c4-9559-402b-902c-c7161d97b0f2"
        ],
        "Strict-Transport-Security": [
          "max-age=31536000; includeSubDomains"
        ],
        "X-Content-Type-Options": [
          "nosniff"
        ],
        "Date": [
          "Thu, 23 May 2019 18:53:04 GMT"
        ],
        "Expires": [
          "-1"
        ],
        "Content-Length": [
          "0"
        ]
      },
      "ResponseBody": "",
      "StatusCode": 202
    },
    {
      "RequestUri": "/subscriptions/5b4b650e-28b9-4790-b3ab-ddbd88d727c4/operationresults/eyJqb2JJZCI6IlJFU09VUkNFR1JPVVBERUxFVElPTkpPQi1SR05BTUU6MkRQUzQ4NzAtQ0VOVFJBTFVTRVVBUCIsImpvYkxvY2F0aW9uIjoiY2VudHJhbHVzZXVhcCJ9?api-version=2016-09-01",
      "EncodedRequestUri": "L3N1YnNjcmlwdGlvbnMvNWI0YjY1MGUtMjhiOS00NzkwLWIzYWItZGRiZDg4ZDcyN2M0L29wZXJhdGlvbnJlc3VsdHMvZXlKcWIySkpaQ0k2SWxKRlUwOVZVa05GUjFKUFZWQkVSVXhGVkVsUFRrcFBRaTFTUjA1QlRVVTZNa1JRVXpRNE56QXRRMFZPVkZKQlRGVlRSVlZCVUNJc0ltcHZZa3h2WTJGMGFXOXVJam9pWTJWdWRISmhiSFZ6WlhWaGNDSjk/YXBpLXZlcnNpb249MjAxNi0wOS0wMQ==",
      "RequestMethod": "GET",
      "RequestBody": "",
      "RequestHeaders": {
        "User-Agent": [
          "FxVersion/4.6.27617.04",
          "OSName/Windows",
          "OSVersion/Microsoft.Windows.10.0.18362.",
          "Microsoft.Azure.Management.Internal.Resources.ResourceManagementClient/1.2.0"
        ]
      },
      "ResponseHeaders": {
        "Cache-Control": [
          "no-cache"
        ],
        "Pragma": [
          "no-cache"
        ],
        "x-ms-ratelimit-remaining-subscription-reads": [
          "11997"
        ],
        "x-ms-request-id": [
          "9575f02d-6462-4040-8e79-87114520c00a"
        ],
        "x-ms-correlation-request-id": [
          "9575f02d-6462-4040-8e79-87114520c00a"
        ],
        "x-ms-routing-request-id": [
          "WESTUS2:20190523T185319Z:9575f02d-6462-4040-8e79-87114520c00a"
        ],
        "Strict-Transport-Security": [
          "max-age=31536000; includeSubDomains"
        ],
        "X-Content-Type-Options": [
          "nosniff"
        ],
        "Date": [
          "Thu, 23 May 2019 18:53:19 GMT"
        ],
        "Expires": [
          "-1"
        ],
        "Content-Length": [
          "0"
        ]
      },
      "ResponseBody": "",
      "StatusCode": 200
    },
    {
      "RequestUri": "/subscriptions/5b4b650e-28b9-4790-b3ab-ddbd88d727c4/operationresults/eyJqb2JJZCI6IlJFU09VUkNFR1JPVVBERUxFVElPTkpPQi1SR05BTUU6MkRQUzQ4NzAtQ0VOVFJBTFVTRVVBUCIsImpvYkxvY2F0aW9uIjoiY2VudHJhbHVzZXVhcCJ9?api-version=2016-09-01",
      "EncodedRequestUri": "L3N1YnNjcmlwdGlvbnMvNWI0YjY1MGUtMjhiOS00NzkwLWIzYWItZGRiZDg4ZDcyN2M0L29wZXJhdGlvbnJlc3VsdHMvZXlKcWIySkpaQ0k2SWxKRlUwOVZVa05GUjFKUFZWQkVSVXhGVkVsUFRrcFBRaTFTUjA1QlRVVTZNa1JRVXpRNE56QXRRMFZPVkZKQlRGVlRSVlZCVUNJc0ltcHZZa3h2WTJGMGFXOXVJam9pWTJWdWRISmhiSFZ6WlhWaGNDSjk/YXBpLXZlcnNpb249MjAxNi0wOS0wMQ==",
      "RequestMethod": "GET",
      "RequestBody": "",
      "RequestHeaders": {
        "User-Agent": [
          "FxVersion/4.6.27617.04",
          "OSName/Windows",
          "OSVersion/Microsoft.Windows.10.0.18362.",
          "Microsoft.Azure.Management.Internal.Resources.ResourceManagementClient/1.2.0"
        ]
      },
      "ResponseHeaders": {
        "Cache-Control": [
          "no-cache"
        ],
        "Pragma": [
          "no-cache"
        ],
        "x-ms-ratelimit-remaining-subscription-reads": [
          "11996"
        ],
        "x-ms-request-id": [
          "29ab3165-d54a-4266-b3e0-462c7d7f1063"
        ],
        "x-ms-correlation-request-id": [
          "29ab3165-d54a-4266-b3e0-462c7d7f1063"
        ],
        "x-ms-routing-request-id": [
          "WESTUS2:20190523T185319Z:29ab3165-d54a-4266-b3e0-462c7d7f1063"
        ],
        "Strict-Transport-Security": [
          "max-age=31536000; includeSubDomains"
        ],
        "X-Content-Type-Options": [
          "nosniff"
        ],
        "Date": [
          "Thu, 23 May 2019 18:53:19 GMT"
        ],
        "Expires": [
          "-1"
        ],
        "Content-Length": [
          "0"
        ]
      },
      "ResponseBody": "",
      "StatusCode": 200
    }
  ],
  "Names": {
    "": [
      "ps6948",
      "ps4870"
    ]
  },
  "Variables": {
    "SubscriptionId": "5b4b650e-28b9-4790-b3ab-ddbd88d727c4"
  }
}