{
  "Entries": [
    {
      "RequestUri": "/subscriptions/ef90e930-9d7f-4a60-8a99-748e0eea69de/resourceGroups/webappsslbindingrb/providers/Microsoft.Web/sites/webappsslbindingtest?api-version=2015-08-01",
      "EncodedRequestUri": "L3N1YnNjcmlwdGlvbnMvZWY5MGU5MzAtOWQ3Zi00YTYwLThhOTktNzQ4ZTBlZWE2OWRlL3Jlc291cmNlR3JvdXBzL3dlYmFwcHNzbGJpbmRpbmdyYi9wcm92aWRlcnMvTWljcm9zb2Z0LldlYi9zaXRlcy93ZWJhcHBzc2xiaW5kaW5ndGVzdD9hcGktdmVyc2lvbj0yMDE1LTA4LTAx",
      "RequestMethod": "GET",
      "RequestBody": "",
      "RequestHeaders": {
        "x-ms-client-request-id": [
          "93d2b1e8-fd29-4485-9f65-fc0212575e4b"
        ],
        "accept-language": [
          "en-US"
        ],
        "User-Agent": [
          "Microsoft.Azure.Management.WebSites.WebSiteManagementClient/1.0.0.0"
        ]
      },
      "ResponseBody": "{\r\n  \"id\": \"/subscriptions/ef90e930-9d7f-4a60-8a99-748e0eea69de/resourceGroups/webappsslbindingrb/providers/Microsoft.Web/sites/webappsslbindingtest\",\r\n  \"name\": \"webappsslbindingtest\",\r\n  \"type\": \"Microsoft.Web/sites\",\r\n  \"location\": \"West US\",\r\n  \"tags\": {\r\n    \"hidden-related:/subscriptions/ef90e930-9d7f-4a60-8a99-748e0eea69de/resourceGroups/appdemorg/providers/Microsoft.Web/serverfarms/travel_production_plan\": \"Resource\"\r\n  },\r\n  \"properties\": {\r\n    \"name\": \"webappsslbindingtest\",\r\n    \"state\": \"Running\",\r\n    \"hostNames\": [\r\n      \"api.webappsslbindingtests.com\",\r\n      \"webappsslbindingtests.com\",\r\n      \"www.webappsslbindingtests.com\",\r\n      \"webappsslbindingtest.asedemo.p.azurewebsites.net\"\r\n    ],\r\n    \"webSpace\": \"appdemorg-asedemoappseWestUSwebspace\",\r\n    \"selfLink\": \"https://waws-prod-bay-0a93c57e.api.p.azurewebsites.windows.net:454/subscriptions/ef90e930-9d7f-4a60-8a99-748e0eea69de/webspaces/appdemorg-asedemoappseWestUSwebspace/sites/webappsslbindingtest\",\r\n    \"repositorySiteName\": \"webappsslbindingtest\",\r\n    \"owner\": null,\r\n    \"usageState\": 0,\r\n    \"enabled\": true,\r\n    \"adminEnabled\": true,\r\n    \"enabledHostNames\": [\r\n      \"api.webappsslbindingtests.com\",\r\n      \"webappsslbindingtests.com\",\r\n      \"www.webappsslbindingtests.com\",\r\n      \"webappsslbindingtest.asedemo.p.azurewebsites.net\",\r\n      \"webappsslbindingtest.scm.asedemo.p.azurewebsites.net\"\r\n    ],\r\n    \"siteProperties\": {\r\n      \"metadata\": null,\r\n      \"properties\": [],\r\n      \"appSettings\": null\r\n    },\r\n    \"availabilityState\": 0,\r\n    \"sslCertificates\": null,\r\n    \"csrs\": [],\r\n    \"cers\": null,\r\n    \"siteMode\": null,\r\n    \"hostNameSslStates\": [\r\n      {\r\n        \"name\": \"api.webappsslbindingtests.com\",\r\n        \"sslState\": 1,\r\n        \"ipBasedSslResult\": null,\r\n        \"virtualIP\": null,\r\n        \"thumbprint\": \"40D6600B0B8740C41BA4B3D13B967DDEF6ED1918\",\r\n        \"toUpdate\": null,\r\n        \"toUpdateIpBasedSsl\": null,\r\n        \"ipBasedSslState\": 0,\r\n        \"hostType\": 0\r\n      },\r\n      {\r\n        \"name\": \"webappsslbindingtest.asedemo.p.azurewebsites.net\",\r\n        \"sslState\": 0,\r\n        \"ipBasedSslResult\": null,\r\n        \"virtualIP\": null,\r\n        \"thumbprint\": null,\r\n        \"toUpdate\": null,\r\n        \"toUpdateIpBasedSsl\": null,\r\n        \"ipBasedSslState\": 0,\r\n        \"hostType\": 0\r\n      },\r\n      {\r\n        \"name\": \"webappsslbindingtest.scm.asedemo.p.azurewebsites.net\",\r\n        \"sslState\": 0,\r\n        \"ipBasedSslResult\": null,\r\n        \"virtualIP\": null,\r\n        \"thumbprint\": null,\r\n        \"toUpdate\": null,\r\n        \"toUpdateIpBasedSsl\": null,\r\n        \"ipBasedSslState\": 0,\r\n        \"hostType\": 1\r\n      },\r\n      {\r\n        \"name\": \"webappsslbindingtests.com\",\r\n        \"sslState\": 0,\r\n        \"ipBasedSslResult\": null,\r\n        \"virtualIP\": null,\r\n        \"thumbprint\": null,\r\n        \"toUpdate\": null,\r\n        \"toUpdateIpBasedSsl\": null,\r\n        \"ipBasedSslState\": 0,\r\n        \"hostType\": 0\r\n      },\r\n      {\r\n        \"name\": \"www.webappsslbindingtests.com\",\r\n        \"sslState\": 0,\r\n        \"ipBasedSslResult\": null,\r\n        \"virtualIP\": null,\r\n        \"thumbprint\": null,\r\n        \"toUpdate\": null,\r\n        \"toUpdateIpBasedSsl\": null,\r\n        \"ipBasedSslState\": 0,\r\n        \"hostType\": 0\r\n      }\r\n    ],\r\n    \"computeMode\": null,\r\n    \"serverFarm\": null,\r\n    \"serverFarmId\": \"/subscriptions/ef90e930-9d7f-4a60-8a99-748e0eea69de/resourceGroups/appdemorg/providers/Microsoft.Web/serverfarms/travel_production_plan\",\r\n    \"lastModifiedTimeUtc\": \"2015-12-07T16:30:19.477\",\r\n    \"storageRecoveryDefaultState\": \"Running\",\r\n    \"contentAvailabilityState\": 0,\r\n    \"runtimeAvailabilityState\": 0,\r\n    \"siteConfig\": null,\r\n    \"deploymentId\": \"webappsslbindingtest\",\r\n    \"trafficManagerHostNames\": null,\r\n    \"sku\": \"Premium\",\r\n    \"premiumAppDeployed\": null,\r\n    \"scmSiteAlsoStopped\": false,\r\n    \"targetSwapSlot\": null,\r\n    \"hostingEnvironment\": \"asedemo\",\r\n    \"hostingEnvironmentProfile\": {\r\n      \"id\": \"/subscriptions/ef90e930-9d7f-4a60-8a99-748e0eea69de/resourceGroups/appdemorg/providers/Microsoft.Web/hostingEnvironments/asedemo\",\r\n      \"name\": \"asedemo\",\r\n      \"type\": \"Microsoft.Web/hostingEnvironments\"\r\n    },\r\n    \"microService\": \"WebSites\",\r\n    \"gatewaySiteName\": null,\r\n    \"clientAffinityEnabled\": true,\r\n    \"clientCertEnabled\": false,\r\n    \"domainVerificationIdentifiers\": null,\r\n    \"kind\": null,\r\n    \"outboundIpAddresses\": \"104.45.218.185\",\r\n    \"cloningInfo\": null,\r\n    \"hostingEnvironmentId\": \"/subscriptions/ef90e930-9d7f-4a60-8a99-748e0eea69de/resourceGroups/appdemorg/providers/Microsoft.Web/hostingEnvironments/asedemo\",\r\n    \"tags\": {\r\n      \"hidden-related:/subscriptions/ef90e930-9d7f-4a60-8a99-748e0eea69de/resourceGroups/appdemorg/providers/Microsoft.Web/serverfarms/travel_production_plan\": \"Resource\"\r\n    }\r\n  }\r\n}",
      "ResponseHeaders": {
        "Content-Length": [
          "3699"
        ],
        "Content-Type": [
          "application/json"
        ],
        "Expires": [
          "-1"
        ],
        "Pragma": [
          "no-cache"
        ],
        "Strict-Transport-Security": [
          "max-age=31536000; includeSubDomains"
        ],
        "x-ms-request-id": [
          "bdaada31-2c1a-49a2-8864-6be8cf17cfe9"
        ],
        "x-ms-ratelimit-remaining-subscription-reads": [
          "14991"
        ],
        "x-ms-correlation-request-id": [
          "860c2379-d3c6-4d35-bd0e-5a7115dc66ae"
        ],
        "x-ms-routing-request-id": [
          "WESTUS:20151207T163207Z:860c2379-d3c6-4d35-bd0e-5a7115dc66ae"
        ],
        "Cache-Control": [
          "no-cache"
        ],
        "Date": [
          "Mon, 07 Dec 2015 16:32:07 GMT"
        ],
        "ETag": [
          "\"1D1310C8FF12850\""
        ],
        "Server": [
          "Microsoft-IIS/8.0"
        ],
        "X-AspNet-Version": [
          "4.0.30319"
        ],
        "X-Powered-By": [
          "ASP.NET"
        ]
      },
      "StatusCode": 200
    },
    {
      "RequestUri": "/subscriptions/ef90e930-9d7f-4a60-8a99-748e0eea69de/resourceGroups/webappsslbindingrb/providers/Microsoft.Web/sites/webappsslbindingtest?api-version=2015-08-01",
      "EncodedRequestUri": "L3N1YnNjcmlwdGlvbnMvZWY5MGU5MzAtOWQ3Zi00YTYwLThhOTktNzQ4ZTBlZWE2OWRlL3Jlc291cmNlR3JvdXBzL3dlYmFwcHNzbGJpbmRpbmdyYi9wcm92aWRlcnMvTWljcm9zb2Z0LldlYi9zaXRlcy93ZWJhcHBzc2xiaW5kaW5ndGVzdD9hcGktdmVyc2lvbj0yMDE1LTA4LTAx",
      "RequestMethod": "GET",
      "RequestBody": "",
      "RequestHeaders": {
        "x-ms-client-request-id": [
          "ce68d7ee-961a-423b-b52f-88de20400a7a"
        ],
        "accept-language": [
          "en-US"
        ],
        "User-Agent": [
          "Microsoft.Azure.Management.WebSites.WebSiteManagementClient/1.0.0.0"
        ]
      },
      "ResponseBody": "{\r\n  \"id\": \"/subscriptions/ef90e930-9d7f-4a60-8a99-748e0eea69de/resourceGroups/webappsslbindingrb/providers/Microsoft.Web/sites/webappsslbindingtest\",\r\n  \"name\": \"webappsslbindingtest\",\r\n  \"type\": \"Microsoft.Web/sites\",\r\n  \"location\": \"West US\",\r\n  \"tags\": null,\r\n  \"properties\": {\r\n    \"name\": \"webappsslbindingtest\",\r\n    \"state\": \"Running\",\r\n    \"hostNames\": [\r\n      \"api.webappsslbindingtests.com\",\r\n      \"webappsslbindingtests.com\",\r\n      \"www.webappsslbindingtests.com\",\r\n      \"webappsslbindingtest.asedemo.p.azurewebsites.net\"\r\n    ],\r\n    \"webSpace\": \"appdemorg-asedemoappseWestUSwebspace\",\r\n    \"selfLink\": \"https://waws-prod-bay-0a93c57e.api.p.azurewebsites.windows.net:454/subscriptions/ef90e930-9d7f-4a60-8a99-748e0eea69de/webspaces/appdemorg-asedemoappseWestUSwebspace/sites/webappsslbindingtest\",\r\n    \"repositorySiteName\": \"webappsslbindingtest\",\r\n    \"owner\": null,\r\n    \"usageState\": 0,\r\n    \"enabled\": true,\r\n    \"adminEnabled\": true,\r\n    \"enabledHostNames\": [\r\n      \"api.webappsslbindingtests.com\",\r\n      \"webappsslbindingtests.com\",\r\n      \"www.webappsslbindingtests.com\",\r\n      \"webappsslbindingtest.asedemo.p.azurewebsites.net\",\r\n      \"webappsslbindingtest.scm.asedemo.p.azurewebsites.net\"\r\n    ],\r\n    \"siteProperties\": {\r\n      \"metadata\": null,\r\n      \"properties\": [],\r\n      \"appSettings\": null\r\n    },\r\n    \"availabilityState\": 0,\r\n    \"sslCertificates\": null,\r\n    \"csrs\": [],\r\n    \"cers\": null,\r\n    \"siteMode\": null,\r\n    \"hostNameSslStates\": [\r\n      {\r\n        \"name\": \"api.webappsslbindingtests.com\",\r\n        \"sslState\": 1,\r\n        \"ipBasedSslResult\": null,\r\n        \"virtualIP\": null,\r\n        \"thumbprint\": \"40D6600B0B8740C41BA4B3D13B967DDEF6ED1918\",\r\n        \"toUpdate\": null,\r\n        \"toUpdateIpBasedSsl\": null,\r\n        \"ipBasedSslState\": 0,\r\n        \"hostType\": 0\r\n      },\r\n      {\r\n        \"name\": \"webappsslbindingtest.asedemo.p.azurewebsites.net\",\r\n        \"sslState\": 0,\r\n        \"ipBasedSslResult\": null,\r\n        \"virtualIP\": null,\r\n        \"thumbprint\": null,\r\n        \"toUpdate\": null,\r\n        \"toUpdateIpBasedSsl\": null,\r\n        \"ipBasedSslState\": 0,\r\n        \"hostType\": 0\r\n      },\r\n      {\r\n        \"name\": \"webappsslbindingtest.scm.asedemo.p.azurewebsites.net\",\r\n        \"sslState\": 0,\r\n        \"ipBasedSslResult\": null,\r\n        \"virtualIP\": null,\r\n        \"thumbprint\": null,\r\n        \"toUpdate\": null,\r\n        \"toUpdateIpBasedSsl\": null,\r\n        \"ipBasedSslState\": 0,\r\n        \"hostType\": 1\r\n      },\r\n      {\r\n        \"name\": \"webappsslbindingtests.com\",\r\n        \"sslState\": 0,\r\n        \"ipBasedSslResult\": null,\r\n        \"virtualIP\": null,\r\n        \"thumbprint\": null,\r\n        \"toUpdate\": null,\r\n        \"toUpdateIpBasedSsl\": null,\r\n        \"ipBasedSslState\": 0,\r\n        \"hostType\": 0\r\n      },\r\n      {\r\n        \"name\": \"www.webappsslbindingtests.com\",\r\n        \"sslState\": 1,\r\n        \"ipBasedSslResult\": null,\r\n        \"virtualIP\": null,\r\n        \"thumbprint\": \"40D6600B0B8740C41BA4B3D13B967DDEF6ED1918\",\r\n        \"toUpdate\": null,\r\n        \"toUpdateIpBasedSsl\": null,\r\n        \"ipBasedSslState\": 0,\r\n        \"hostType\": 0\r\n      }\r\n    ],\r\n    \"computeMode\": null,\r\n    \"serverFarm\": null,\r\n    \"serverFarmId\": \"/subscriptions/ef90e930-9d7f-4a60-8a99-748e0eea69de/resourceGroups/appdemorg/providers/Microsoft.Web/serverfarms/travel_production_plan\",\r\n    \"lastModifiedTimeUtc\": \"2015-12-07T16:30:19.477\",\r\n    \"storageRecoveryDefaultState\": \"Running\",\r\n    \"contentAvailabilityState\": 0,\r\n    \"runtimeAvailabilityState\": 0,\r\n    \"siteConfig\": null,\r\n    \"deploymentId\": \"webappsslbindingtest\",\r\n    \"trafficManagerHostNames\": null,\r\n    \"sku\": \"Premium\",\r\n    \"premiumAppDeployed\": null,\r\n    \"scmSiteAlsoStopped\": false,\r\n    \"targetSwapSlot\": null,\r\n    \"hostingEnvironment\": \"asedemo\",\r\n    \"hostingEnvironmentProfile\": {\r\n      \"id\": \"/subscriptions/ef90e930-9d7f-4a60-8a99-748e0eea69de/resourceGroups/appdemorg/providers/Microsoft.Web/hostingEnvironments/asedemo\",\r\n      \"name\": \"asedemo\",\r\n      \"type\": \"Microsoft.Web/hostingEnvironments\"\r\n    },\r\n    \"microService\": \"WebSites\",\r\n    \"gatewaySiteName\": null,\r\n    \"clientAffinityEnabled\": true,\r\n    \"clientCertEnabled\": false,\r\n    \"domainVerificationIdentifiers\": null,\r\n    \"kind\": null,\r\n    \"outboundIpAddresses\": \"104.45.218.185\",\r\n    \"cloningInfo\": null,\r\n    \"hostingEnvironmentId\": \"/subscriptions/ef90e930-9d7f-4a60-8a99-748e0eea69de/resourceGroups/appdemorg/providers/Microsoft.Web/hostingEnvironments/asedemo\",\r\n    \"tags\": null\r\n  }\r\n}",
      "ResponseHeaders": {
        "Content-Length": [
          "3415"
        ],
        "Content-Type": [
          "application/json"
        ],
        "Expires": [
          "-1"
        ],
        "Pragma": [
          "no-cache"
        ],
        "Strict-Transport-Security": [
          "max-age=31536000; includeSubDomains"
        ],
        "x-ms-request-id": [
          "b041508b-a358-43a9-bf17-54d6ba6cdb1d"
        ],
        "x-ms-ratelimit-remaining-subscription-reads": [
          "14965"
        ],
        "x-ms-correlation-request-id": [
          "708dd287-d9b7-4273-ac71-6eb2ed8e4bee"
        ],
        "x-ms-routing-request-id": [
          "WESTUS:20151207T163220Z:708dd287-d9b7-4273-ac71-6eb2ed8e4bee"
        ],
        "Cache-Control": [
          "no-cache"
        ],
        "Date": [
          "Mon, 07 Dec 2015 16:32:19 GMT"
        ],
        "ETag": [
          "\"1D1310C8FF12850\""
        ],
        "Server": [
          "Microsoft-IIS/8.0"
        ],
        "X-AspNet-Version": [
          "4.0.30319"
        ],
        "X-Powered-By": [
          "ASP.NET"
        ]
      },
      "StatusCode": 200
    },
    {
      "RequestUri": "/subscriptions/ef90e930-9d7f-4a60-8a99-748e0eea69de/resourceGroups/webappsslbindingrb/providers/Microsoft.Web/sites/webappsslbindingtest/config/web?api-version=2015-08-01",
      "EncodedRequestUri": "L3N1YnNjcmlwdGlvbnMvZWY5MGU5MzAtOWQ3Zi00YTYwLThhOTktNzQ4ZTBlZWE2OWRlL3Jlc291cmNlR3JvdXBzL3dlYmFwcHNzbGJpbmRpbmdyYi9wcm92aWRlcnMvTWljcm9zb2Z0LldlYi9zaXRlcy93ZWJhcHBzc2xiaW5kaW5ndGVzdC9jb25maWcvd2ViP2FwaS12ZXJzaW9uPTIwMTUtMDgtMDE=",
      "RequestMethod": "GET",
      "RequestBody": "",
      "RequestHeaders": {
        "x-ms-client-request-id": [
          "1721949d-c269-4c96-9d1b-9840ddc452dc"
        ],
        "accept-language": [
          "en-US"
        ],
        "User-Agent": [
          "Microsoft.Azure.Management.WebSites.WebSiteManagementClient/1.0.0.0"
        ]
      },
      "ResponseBody": "{\r\n  \"id\": \"/subscriptions/ef90e930-9d7f-4a60-8a99-748e0eea69de/resourceGroups/webappsslbindingrb/providers/Microsoft.Web/sites/webappsslbindingtest/config/web\",\r\n  \"name\": \"webappsslbindingtest\",\r\n  \"type\": \"Microsoft.Web/sites/config\",\r\n  \"location\": \"West US\",\r\n  \"tags\": {\r\n    \"hidden-related:/subscriptions/ef90e930-9d7f-4a60-8a99-748e0eea69de/resourceGroups/appdemorg/providers/Microsoft.Web/serverfarms/travel_production_plan\": \"Resource\"\r\n  },\r\n  \"properties\": {\r\n    \"numberOfWorkers\": 1,\r\n    \"defaultDocuments\": [\r\n      \"Default.htm\",\r\n      \"Default.html\",\r\n      \"Default.asp\",\r\n      \"index.htm\",\r\n      \"index.html\",\r\n      \"iisstart.htm\",\r\n      \"default.aspx\",\r\n      \"index.php\",\r\n      \"hostingstart.html\"\r\n    ],\r\n    \"netFrameworkVersion\": \"v4.0\",\r\n    \"phpVersion\": \"5.4\",\r\n    \"pythonVersion\": \"\",\r\n    \"requestTracingEnabled\": false,\r\n    \"requestTracingExpirationTime\": null,\r\n    \"remoteDebuggingEnabled\": false,\r\n    \"remoteDebuggingVersion\": null,\r\n    \"httpLoggingEnabled\": false,\r\n    \"logsDirectorySizeLimit\": 35,\r\n    \"detailedErrorLoggingEnabled\": false,\r\n    \"publishingUsername\": \"$webappsslbindingtest\",\r\n    \"publishingPassword\": null,\r\n    \"appSettings\": null,\r\n    \"metadata\": null,\r\n    \"connectionStrings\": null,\r\n    \"handlerMappings\": null,\r\n    \"documentRoot\": null,\r\n    \"scmType\": \"None\",\r\n    \"use32BitWorkerProcess\": true,\r\n    \"webSocketsEnabled\": false,\r\n    \"alwaysOn\": false,\r\n    \"javaVersion\": null,\r\n    \"javaContainer\": null,\r\n    \"javaContainerVersion\": null,\r\n    \"managedPipelineMode\": 0,\r\n    \"virtualApplications\": [\r\n      {\r\n        \"virtualPath\": \"/\",\r\n        \"physicalPath\": \"site\\\\wwwroot\",\r\n        \"preloadEnabled\": false,\r\n        \"virtualDirectories\": null\r\n      }\r\n    ],\r\n    \"winAuthAdminState\": 0,\r\n    \"winAuthTenantState\": 0,\r\n    \"customAppPoolIdentityAdminState\": false,\r\n    \"customAppPoolIdentityTenantState\": false,\r\n    \"runtimeADUser\": null,\r\n    \"runtimeADUserPassword\": null,\r\n    \"loadBalancing\": 1,\r\n    \"routingRules\": [],\r\n    \"experiments\": {\r\n      \"rampUpRules\": []\r\n    },\r\n    \"limits\": null,\r\n    \"autoHealEnabled\": false,\r\n    \"autoHealRules\": null,\r\n    \"tracingOptions\": null,\r\n    \"vnetName\": \"\",\r\n    \"siteAuthEnabled\": false,\r\n    \"siteAuthSettings\": {\r\n      \"enabled\": null,\r\n      \"httpApiPrefixPath\": null,\r\n      \"unauthenticatedClientAction\": null,\r\n      \"tokenStoreEnabled\": null,\r\n      \"allowedExternalRedirectUrls\": null,\r\n      \"defaultProvider\": null,\r\n      \"clientId\": null,\r\n      \"clientSecret\": null,\r\n      \"issuer\": null,\r\n      \"allowedAudiences\": null,\r\n      \"isAadAutoProvisioned\": false,\r\n      \"googleClientId\": null,\r\n      \"googleClientSecret\": null,\r\n      \"googleOAuthScopes\": null,\r\n      \"facebookAppId\": null,\r\n      \"facebookAppSecret\": null,\r\n      \"facebookOAuthScopes\": null,\r\n      \"twitterConsumerKey\": null,\r\n      \"twitterConsumerSecret\": null,\r\n      \"microsoftAccountClientId\": null,\r\n      \"microsoftAccountClientSecret\": null,\r\n      \"microsoftAccountOAuthScopes\": null\r\n    },\r\n    \"cors\": null,\r\n    \"apiDefinition\": null,\r\n    \"autoSwapSlotName\": null\r\n  }\r\n}",
      "ResponseHeaders": {
        "Content-Length": [
          "2373"
        ],
        "Content-Type": [
          "application/json"
        ],
        "Expires": [
          "-1"
        ],
        "Pragma": [
          "no-cache"
        ],
        "Strict-Transport-Security": [
          "max-age=31536000; includeSubDomains"
        ],
        "x-ms-request-id": [
          "e22082d9-8dcc-49bc-b785-b4e7dbef2773"
        ],
        "x-ms-ratelimit-remaining-subscription-reads": [
          "14990"
        ],
        "x-ms-correlation-request-id": [
          "c0a0f13f-ea07-4695-aa02-fc5277c1a5b6"
        ],
        "x-ms-routing-request-id": [
          "WESTUS:20151207T163208Z:c0a0f13f-ea07-4695-aa02-fc5277c1a5b6"
        ],
        "Cache-Control": [
          "no-cache"
        ],
        "Date": [
          "Mon, 07 Dec 2015 16:32:07 GMT"
        ],
        "Server": [
          "Microsoft-IIS/8.0"
        ],
        "X-AspNet-Version": [
          "4.0.30319"
        ],
        "X-Powered-By": [
          "ASP.NET"
        ]
      },
      "StatusCode": 200
    },
    {
      "RequestUri": "/subscriptions/ef90e930-9d7f-4a60-8a99-748e0eea69de/resourceGroups/webappsslbindingrb/providers/Microsoft.Web/sites/webappsslbindingtest/config/web?api-version=2015-08-01",
      "EncodedRequestUri": "L3N1YnNjcmlwdGlvbnMvZWY5MGU5MzAtOWQ3Zi00YTYwLThhOTktNzQ4ZTBlZWE2OWRlL3Jlc291cmNlR3JvdXBzL3dlYmFwcHNzbGJpbmRpbmdyYi9wcm92aWRlcnMvTWljcm9zb2Z0LldlYi9zaXRlcy93ZWJhcHBzc2xiaW5kaW5ndGVzdC9jb25maWcvd2ViP2FwaS12ZXJzaW9uPTIwMTUtMDgtMDE=",
      "RequestMethod": "GET",
      "RequestBody": "",
      "RequestHeaders": {
        "x-ms-client-request-id": [
          "4296d1b6-6ffa-435b-aa41-bc60d5c0b900"
        ],
        "accept-language": [
          "en-US"
        ],
        "User-Agent": [
          "Microsoft.Azure.Management.WebSites.WebSiteManagementClient/1.0.0.0"
        ]
      },
      "ResponseBody": "{\r\n  \"id\": \"/subscriptions/ef90e930-9d7f-4a60-8a99-748e0eea69de/resourceGroups/webappsslbindingrb/providers/Microsoft.Web/sites/webappsslbindingtest/config/web\",\r\n  \"name\": \"webappsslbindingtest\",\r\n  \"type\": \"Microsoft.Web/sites/config\",\r\n  \"location\": \"West US\",\r\n  \"tags\": null,\r\n  \"properties\": {\r\n    \"numberOfWorkers\": 1,\r\n    \"defaultDocuments\": [\r\n      \"Default.htm\",\r\n      \"Default.html\",\r\n      \"Default.asp\",\r\n      \"index.htm\",\r\n      \"index.html\",\r\n      \"iisstart.htm\",\r\n      \"default.aspx\",\r\n      \"index.php\",\r\n      \"hostingstart.html\"\r\n    ],\r\n    \"netFrameworkVersion\": \"v4.0\",\r\n    \"phpVersion\": \"5.4\",\r\n    \"pythonVersion\": \"\",\r\n    \"requestTracingEnabled\": false,\r\n    \"requestTracingExpirationTime\": null,\r\n    \"remoteDebuggingEnabled\": false,\r\n    \"remoteDebuggingVersion\": null,\r\n    \"httpLoggingEnabled\": false,\r\n    \"logsDirectorySizeLimit\": 35,\r\n    \"detailedErrorLoggingEnabled\": false,\r\n    \"publishingUsername\": \"$webappsslbindingtest\",\r\n    \"publishingPassword\": null,\r\n    \"appSettings\": null,\r\n    \"metadata\": null,\r\n    \"connectionStrings\": null,\r\n    \"handlerMappings\": null,\r\n    \"documentRoot\": null,\r\n    \"scmType\": \"None\",\r\n    \"use32BitWorkerProcess\": true,\r\n    \"webSocketsEnabled\": false,\r\n    \"alwaysOn\": false,\r\n    \"javaVersion\": null,\r\n    \"javaContainer\": null,\r\n    \"javaContainerVersion\": null,\r\n    \"managedPipelineMode\": 0,\r\n    \"virtualApplications\": [\r\n      {\r\n        \"virtualPath\": \"/\",\r\n        \"physicalPath\": \"site\\\\wwwroot\",\r\n        \"preloadEnabled\": false,\r\n        \"virtualDirectories\": null\r\n      }\r\n    ],\r\n    \"winAuthAdminState\": 0,\r\n    \"winAuthTenantState\": 0,\r\n    \"customAppPoolIdentityAdminState\": false,\r\n    \"customAppPoolIdentityTenantState\": false,\r\n    \"runtimeADUser\": null,\r\n    \"runtimeADUserPassword\": null,\r\n    \"loadBalancing\": 1,\r\n    \"routingRules\": [],\r\n    \"experiments\": {\r\n      \"rampUpRules\": []\r\n    },\r\n    \"limits\": null,\r\n    \"autoHealEnabled\": false,\r\n    \"autoHealRules\": null,\r\n    \"tracingOptions\": null,\r\n    \"vnetName\": \"\",\r\n    \"siteAuthEnabled\": false,\r\n    \"siteAuthSettings\": {\r\n      \"enabled\": null,\r\n      \"httpApiPrefixPath\": null,\r\n      \"unauthenticatedClientAction\": null,\r\n      \"tokenStoreEnabled\": null,\r\n      \"allowedExternalRedirectUrls\": null,\r\n      \"defaultProvider\": null,\r\n      \"clientId\": null,\r\n      \"clientSecret\": null,\r\n      \"issuer\": null,\r\n      \"allowedAudiences\": null,\r\n      \"isAadAutoProvisioned\": false,\r\n      \"googleClientId\": null,\r\n      \"googleClientSecret\": null,\r\n      \"googleOAuthScopes\": null,\r\n      \"facebookAppId\": null,\r\n      \"facebookAppSecret\": null,\r\n      \"facebookOAuthScopes\": null,\r\n      \"twitterConsumerKey\": null,\r\n      \"twitterConsumerSecret\": null,\r\n      \"microsoftAccountClientId\": null,\r\n      \"microsoftAccountClientSecret\": null,\r\n      \"microsoftAccountOAuthScopes\": null\r\n    },\r\n    \"cors\": null,\r\n    \"apiDefinition\": null,\r\n    \"autoSwapSlotName\": null\r\n  }\r\n}",
      "ResponseHeaders": {
        "Content-Length": [
          "2212"
        ],
        "Content-Type": [
          "application/json"
        ],
        "Expires": [
          "-1"
        ],
        "Pragma": [
          "no-cache"
        ],
        "Strict-Transport-Security": [
          "max-age=31536000; includeSubDomains"
        ],
        "x-ms-request-id": [
          "91008416-6372-4a73-aa0f-5d2bb46653ba"
        ],
        "x-ms-ratelimit-remaining-subscription-reads": [
          "14964"
        ],
        "x-ms-correlation-request-id": [
          "f5b9920d-c53b-45b3-a7f2-2785773b0b2c"
        ],
        "x-ms-routing-request-id": [
          "WESTUS:20151207T163220Z:f5b9920d-c53b-45b3-a7f2-2785773b0b2c"
        ],
        "Cache-Control": [
          "no-cache"
        ],
        "Date": [
          "Mon, 07 Dec 2015 16:32:19 GMT"
        ],
        "Server": [
          "Microsoft-IIS/8.0"
        ],
        "X-AspNet-Version": [
          "4.0.30319"
        ],
        "X-Powered-By": [
          "ASP.NET"
        ]
      },
      "StatusCode": 200
    },
    {
      "RequestUri": "/subscriptions/ef90e930-9d7f-4a60-8a99-748e0eea69de/resourceGroups/webappsslbindingrb/providers/Microsoft.Web/sites/webappsslbindingtest/config/appsettings/list?api-version=2015-08-01",
      "EncodedRequestUri": "L3N1YnNjcmlwdGlvbnMvZWY5MGU5MzAtOWQ3Zi00YTYwLThhOTktNzQ4ZTBlZWE2OWRlL3Jlc291cmNlR3JvdXBzL3dlYmFwcHNzbGJpbmRpbmdyYi9wcm92aWRlcnMvTWljcm9zb2Z0LldlYi9zaXRlcy93ZWJhcHBzc2xiaW5kaW5ndGVzdC9jb25maWcvYXBwc2V0dGluZ3MvbGlzdD9hcGktdmVyc2lvbj0yMDE1LTA4LTAx",
      "RequestMethod": "POST",
      "RequestBody": "",
      "RequestHeaders": {
        "x-ms-client-request-id": [
          "e0f4b596-2b61-4c48-8873-bef65726216e"
        ],
        "accept-language": [
          "en-US"
        ],
        "User-Agent": [
          "Microsoft.Azure.Management.WebSites.WebSiteManagementClient/1.0.0.0"
        ]
      },
      "ResponseBody": "{\r\n  \"id\": \"/subscriptions/ef90e930-9d7f-4a60-8a99-748e0eea69de/resourceGroups/webappsslbindingrb/providers/Microsoft.Web/sites/webappsslbindingtest/config/appsettings\",\r\n  \"name\": \"appsettings\",\r\n  \"type\": \"Microsoft.Web/sites/config\",\r\n  \"location\": \"West US\",\r\n  \"tags\": {\r\n    \"hidden-related:/subscriptions/ef90e930-9d7f-4a60-8a99-748e0eea69de/resourceGroups/appdemorg/providers/Microsoft.Web/serverfarms/travel_production_plan\": \"Resource\"\r\n  },\r\n  \"properties\": {\r\n    \"WEBSITE_NODE_DEFAULT_VERSION\": \"4.1.2\"\r\n  }\r\n}",
      "ResponseHeaders": {
        "Content-Length": [
          "469"
        ],
        "Content-Type": [
          "application/json"
        ],
        "Expires": [
          "-1"
        ],
        "Pragma": [
          "no-cache"
        ],
        "Strict-Transport-Security": [
          "max-age=31536000; includeSubDomains"
        ],
        "x-ms-request-id": [
          "30f74475-f56d-49e9-b372-475705a1aa55"
        ],
        "x-ms-ratelimit-remaining-subscription-resource-requests": [
          "11999"
        ],
        "x-ms-correlation-request-id": [
          "f1fbc751-7ce0-49a6-895d-574b17f7c54e"
        ],
        "x-ms-routing-request-id": [
          "WESTUS:20151207T163208Z:f1fbc751-7ce0-49a6-895d-574b17f7c54e"
        ],
        "Cache-Control": [
          "no-cache"
        ],
        "Date": [
          "Mon, 07 Dec 2015 16:32:08 GMT"
        ],
        "Server": [
          "Microsoft-IIS/8.0"
        ],
        "X-AspNet-Version": [
          "4.0.30319"
        ],
        "X-Powered-By": [
          "ASP.NET"
        ]
      },
      "StatusCode": 200
    },
    {
      "RequestUri": "/subscriptions/ef90e930-9d7f-4a60-8a99-748e0eea69de/resourceGroups/webappsslbindingrb/providers/Microsoft.Web/sites/webappsslbindingtest/config/appsettings/list?api-version=2015-08-01",
      "EncodedRequestUri": "L3N1YnNjcmlwdGlvbnMvZWY5MGU5MzAtOWQ3Zi00YTYwLThhOTktNzQ4ZTBlZWE2OWRlL3Jlc291cmNlR3JvdXBzL3dlYmFwcHNzbGJpbmRpbmdyYi9wcm92aWRlcnMvTWljcm9zb2Z0LldlYi9zaXRlcy93ZWJhcHBzc2xiaW5kaW5ndGVzdC9jb25maWcvYXBwc2V0dGluZ3MvbGlzdD9hcGktdmVyc2lvbj0yMDE1LTA4LTAx",
      "RequestMethod": "POST",
      "RequestBody": "",
      "RequestHeaders": {
        "x-ms-client-request-id": [
          "98a19aeb-056d-47b1-9e7c-5bbd2dbead82"
        ],
        "accept-language": [
          "en-US"
        ],
        "User-Agent": [
          "Microsoft.Azure.Management.WebSites.WebSiteManagementClient/1.0.0.0"
        ]
      },
      "ResponseBody": "{\r\n  \"id\": \"/subscriptions/ef90e930-9d7f-4a60-8a99-748e0eea69de/resourceGroups/webappsslbindingrb/providers/Microsoft.Web/sites/webappsslbindingtest/config/appsettings\",\r\n  \"name\": \"appsettings\",\r\n  \"type\": \"Microsoft.Web/sites/config\",\r\n  \"location\": \"West US\",\r\n  \"tags\": null,\r\n  \"properties\": {\r\n    \"WEBSITE_NODE_DEFAULT_VERSION\": \"4.1.2\"\r\n  }\r\n}",
      "ResponseHeaders": {
        "Content-Length": [
          "308"
        ],
        "Content-Type": [
          "application/json"
        ],
        "Expires": [
          "-1"
        ],
        "Pragma": [
          "no-cache"
        ],
        "Strict-Transport-Security": [
          "max-age=31536000; includeSubDomains"
        ],
        "x-ms-request-id": [
          "fb499def-d463-46b1-8182-2f443ebf4a9a"
        ],
        "x-ms-ratelimit-remaining-subscription-resource-requests": [
          "11997"
        ],
        "x-ms-correlation-request-id": [
          "5a1b2a67-daf0-4614-85fe-59b927b5ab56"
        ],
        "x-ms-routing-request-id": [
          "WESTUS:20151207T163220Z:5a1b2a67-daf0-4614-85fe-59b927b5ab56"
        ],
        "Cache-Control": [
          "no-cache"
        ],
        "Date": [
          "Mon, 07 Dec 2015 16:32:20 GMT"
        ],
        "Server": [
          "Microsoft-IIS/8.0"
        ],
        "X-AspNet-Version": [
          "4.0.30319"
        ],
        "X-Powered-By": [
          "ASP.NET"
        ]
      },
      "StatusCode": 200
    },
    {
      "RequestUri": "/subscriptions/ef90e930-9d7f-4a60-8a99-748e0eea69de/resourceGroups/webappsslbindingrb/providers/Microsoft.Web/sites/webappsslbindingtest/config/connectionstrings/list?api-version=2015-08-01",
      "EncodedRequestUri": "L3N1YnNjcmlwdGlvbnMvZWY5MGU5MzAtOWQ3Zi00YTYwLThhOTktNzQ4ZTBlZWE2OWRlL3Jlc291cmNlR3JvdXBzL3dlYmFwcHNzbGJpbmRpbmdyYi9wcm92aWRlcnMvTWljcm9zb2Z0LldlYi9zaXRlcy93ZWJhcHBzc2xiaW5kaW5ndGVzdC9jb25maWcvY29ubmVjdGlvbnN0cmluZ3MvbGlzdD9hcGktdmVyc2lvbj0yMDE1LTA4LTAx",
      "RequestMethod": "POST",
      "RequestBody": "",
      "RequestHeaders": {
        "x-ms-client-request-id": [
          "5422d8ec-b1aa-4b54-9905-68f923892da3"
        ],
        "accept-language": [
          "en-US"
        ],
        "User-Agent": [
          "Microsoft.Azure.Management.WebSites.WebSiteManagementClient/1.0.0.0"
        ]
      },
      "ResponseBody": "{\r\n  \"id\": \"/subscriptions/ef90e930-9d7f-4a60-8a99-748e0eea69de/resourceGroups/webappsslbindingrb/providers/Microsoft.Web/sites/webappsslbindingtest/config/connectionstrings\",\r\n  \"name\": \"connectionstrings\",\r\n  \"type\": \"Microsoft.Web/sites/config\",\r\n  \"location\": \"West US\",\r\n  \"tags\": {\r\n    \"hidden-related:/subscriptions/ef90e930-9d7f-4a60-8a99-748e0eea69de/resourceGroups/appdemorg/providers/Microsoft.Web/serverfarms/travel_production_plan\": \"Resource\"\r\n  },\r\n  \"properties\": {}\r\n}",
      "ResponseHeaders": {
        "Content-Length": [
          "443"
        ],
        "Content-Type": [
          "application/json"
        ],
        "Expires": [
          "-1"
        ],
        "Pragma": [
          "no-cache"
        ],
        "Strict-Transport-Security": [
          "max-age=31536000; includeSubDomains"
        ],
        "x-ms-request-id": [
          "53f0bb39-4a72-4f26-9a09-adfb2a951d71"
        ],
        "x-ms-ratelimit-remaining-subscription-resource-requests": [
          "11998"
        ],
        "x-ms-correlation-request-id": [
          "fb8f2083-b367-4afb-b3bb-9f9d02d6a125"
        ],
        "x-ms-routing-request-id": [
          "WESTUS:20151207T163208Z:fb8f2083-b367-4afb-b3bb-9f9d02d6a125"
        ],
        "Cache-Control": [
          "no-cache"
        ],
        "Date": [
          "Mon, 07 Dec 2015 16:32:08 GMT"
        ],
        "Server": [
          "Microsoft-IIS/8.0"
        ],
        "X-AspNet-Version": [
          "4.0.30319"
        ],
        "X-Powered-By": [
          "ASP.NET"
        ]
      },
      "StatusCode": 200
    },
    {
      "RequestUri": "/subscriptions/ef90e930-9d7f-4a60-8a99-748e0eea69de/resourceGroups/webappsslbindingrb/providers/Microsoft.Web/sites/webappsslbindingtest/config/connectionstrings/list?api-version=2015-08-01",
      "EncodedRequestUri": "L3N1YnNjcmlwdGlvbnMvZWY5MGU5MzAtOWQ3Zi00YTYwLThhOTktNzQ4ZTBlZWE2OWRlL3Jlc291cmNlR3JvdXBzL3dlYmFwcHNzbGJpbmRpbmdyYi9wcm92aWRlcnMvTWljcm9zb2Z0LldlYi9zaXRlcy93ZWJhcHBzc2xiaW5kaW5ndGVzdC9jb25maWcvY29ubmVjdGlvbnN0cmluZ3MvbGlzdD9hcGktdmVyc2lvbj0yMDE1LTA4LTAx",
      "RequestMethod": "POST",
      "RequestBody": "",
      "RequestHeaders": {
        "x-ms-client-request-id": [
          "f19e15b8-ea6f-44e5-98c7-e582f41e8333"
        ],
        "accept-language": [
          "en-US"
        ],
        "User-Agent": [
          "Microsoft.Azure.Management.WebSites.WebSiteManagementClient/1.0.0.0"
        ]
      },
      "ResponseBody": "{\r\n  \"id\": \"/subscriptions/ef90e930-9d7f-4a60-8a99-748e0eea69de/resourceGroups/webappsslbindingrb/providers/Microsoft.Web/sites/webappsslbindingtest/config/connectionstrings\",\r\n  \"name\": \"connectionstrings\",\r\n  \"type\": \"Microsoft.Web/sites/config\",\r\n  \"location\": \"West US\",\r\n  \"tags\": null,\r\n  \"properties\": {}\r\n}",
      "ResponseHeaders": {
        "Content-Length": [
          "282"
        ],
        "Content-Type": [
          "application/json"
        ],
        "Expires": [
          "-1"
        ],
        "Pragma": [
          "no-cache"
        ],
        "Strict-Transport-Security": [
          "max-age=31536000; includeSubDomains"
        ],
        "x-ms-request-id": [
          "df94180f-4e60-4c4f-8073-9d5a3c025e28"
        ],
        "x-ms-ratelimit-remaining-subscription-resource-requests": [
          "11996"
        ],
        "x-ms-correlation-request-id": [
          "99d97fb3-5132-4a04-a92b-7a61e58e3dd9"
        ],
        "x-ms-routing-request-id": [
          "WESTUS:20151207T163221Z:99d97fb3-5132-4a04-a92b-7a61e58e3dd9"
        ],
        "Cache-Control": [
          "no-cache"
        ],
        "Date": [
          "Mon, 07 Dec 2015 16:32:20 GMT"
        ],
        "Server": [
          "Microsoft-IIS/8.0"
        ],
        "X-AspNet-Version": [
          "4.0.30319"
        ],
        "X-Powered-By": [
          "ASP.NET"
        ]
      },
      "StatusCode": 200
    },
    {
      "RequestUri": "/subscriptions/ef90e930-9d7f-4a60-8a99-748e0eea69de/resourceGroups/webappsslbindingrb/providers/Microsoft.Web/sites/webappsslbindingtest?api-version=2015-08-01",
      "EncodedRequestUri": "L3N1YnNjcmlwdGlvbnMvZWY5MGU5MzAtOWQ3Zi00YTYwLThhOTktNzQ4ZTBlZWE2OWRlL3Jlc291cmNlR3JvdXBzL3dlYmFwcHNzbGJpbmRpbmdyYi9wcm92aWRlcnMvTWljcm9zb2Z0LldlYi9zaXRlcy93ZWJhcHBzc2xiaW5kaW5ndGVzdD9hcGktdmVyc2lvbj0yMDE1LTA4LTAx",
      "RequestMethod": "PUT",
      "RequestBody": "{\r\n  \"location\": \"West US\",\r\n  \"properties\": {\r\n    \"hostNameSslStates\": [\r\n      {\r\n        \"name\": \"www.webappsslbindingtests.com\",\r\n        \"sslState\": \"SniEnabled\",\r\n        \"thumbprint\": \"40D6600B0B8740C41BA4B3D13B967DDEF6ED1918\",\r\n        \"toUpdate\": true\r\n      }\r\n    ]\r\n  }\r\n}",
      "RequestHeaders": {
        "Content-Type": [
          "application/json; charset=utf-8"
        ],
        "Content-Length": [
          "285"
        ],
        "x-ms-client-request-id": [
          "a7ab85b8-7e5a-417c-b3ec-f1bbbd4b55aa"
        ],
        "accept-language": [
          "en-US"
        ],
        "User-Agent": [
          "Microsoft.Azure.Management.WebSites.WebSiteManagementClient/1.0.0.0"
        ]
      },
      "ResponseBody": "{\r\n  \"id\": \"/subscriptions/ef90e930-9d7f-4a60-8a99-748e0eea69de/resourceGroups/webappsslbindingrb/providers/Microsoft.Web/sites/webappsslbindingtest\",\r\n  \"name\": \"webappsslbindingtest\",\r\n  \"type\": \"Microsoft.Web/sites\",\r\n  \"location\": \"West US\",\r\n  \"tags\": null,\r\n  \"properties\": {\r\n    \"name\": \"webappsslbindingtest\",\r\n    \"state\": \"Running\",\r\n    \"hostNames\": [\r\n      \"api.webappsslbindingtests.com\",\r\n      \"webappsslbindingtests.com\",\r\n      \"www.webappsslbindingtests.com\",\r\n      \"webappsslbindingtest.asedemo.p.azurewebsites.net\"\r\n    ],\r\n    \"webSpace\": \"appdemorg-asedemoappseWestUSwebspace\",\r\n    \"selfLink\": \"https://waws-prod-bay-0a93c57e.api.p.azurewebsites.windows.net:454/subscriptions/ef90e930-9d7f-4a60-8a99-748e0eea69de/webspaces/appdemorg-asedemoappseWestUSwebspace/sites/webappsslbindingtest\",\r\n    \"repositorySiteName\": \"webappsslbindingtest\",\r\n    \"owner\": null,\r\n    \"usageState\": 0,\r\n    \"enabled\": true,\r\n    \"adminEnabled\": true,\r\n    \"enabledHostNames\": [\r\n      \"api.webappsslbindingtests.com\",\r\n      \"webappsslbindingtests.com\",\r\n      \"www.webappsslbindingtests.com\",\r\n      \"webappsslbindingtest.asedemo.p.azurewebsites.net\",\r\n      \"webappsslbindingtest.scm.asedemo.p.azurewebsites.net\"\r\n    ],\r\n    \"siteProperties\": {\r\n      \"metadata\": null,\r\n      \"properties\": [],\r\n      \"appSettings\": null\r\n    },\r\n    \"availabilityState\": 0,\r\n    \"sslCertificates\": null,\r\n    \"csrs\": [],\r\n    \"cers\": null,\r\n    \"siteMode\": null,\r\n    \"hostNameSslStates\": [\r\n      {\r\n        \"name\": \"api.webappsslbindingtests.com\",\r\n        \"sslState\": 1,\r\n        \"ipBasedSslResult\": null,\r\n        \"virtualIP\": null,\r\n        \"thumbprint\": \"40D6600B0B8740C41BA4B3D13B967DDEF6ED1918\",\r\n        \"toUpdate\": null,\r\n        \"toUpdateIpBasedSsl\": null,\r\n        \"ipBasedSslState\": 0,\r\n        \"hostType\": 0\r\n      },\r\n      {\r\n        \"name\": \"webappsslbindingtest.asedemo.p.azurewebsites.net\",\r\n        \"sslState\": 0,\r\n        \"ipBasedSslResult\": null,\r\n        \"virtualIP\": null,\r\n        \"thumbprint\": null,\r\n        \"toUpdate\": null,\r\n        \"toUpdateIpBasedSsl\": null,\r\n        \"ipBasedSslState\": 0,\r\n        \"hostType\": 0\r\n      },\r\n      {\r\n        \"name\": \"webappsslbindingtest.scm.asedemo.p.azurewebsites.net\",\r\n        \"sslState\": 0,\r\n        \"ipBasedSslResult\": null,\r\n        \"virtualIP\": null,\r\n        \"thumbprint\": null,\r\n        \"toUpdate\": null,\r\n        \"toUpdateIpBasedSsl\": null,\r\n        \"ipBasedSslState\": 0,\r\n        \"hostType\": 1\r\n      },\r\n      {\r\n        \"name\": \"webappsslbindingtests.com\",\r\n        \"sslState\": 0,\r\n        \"ipBasedSslResult\": null,\r\n        \"virtualIP\": null,\r\n        \"thumbprint\": null,\r\n        \"toUpdate\": null,\r\n        \"toUpdateIpBasedSsl\": null,\r\n        \"ipBasedSslState\": 0,\r\n        \"hostType\": 0\r\n      },\r\n      {\r\n        \"name\": \"www.webappsslbindingtests.com\",\r\n        \"sslState\": 1,\r\n        \"ipBasedSslResult\": null,\r\n        \"virtualIP\": null,\r\n        \"thumbprint\": \"40D6600B0B8740C41BA4B3D13B967DDEF6ED1918\",\r\n        \"toUpdate\": null,\r\n        \"toUpdateIpBasedSsl\": null,\r\n        \"ipBasedSslState\": 0,\r\n        \"hostType\": 0\r\n      }\r\n    ],\r\n    \"computeMode\": null,\r\n    \"serverFarm\": null,\r\n    \"serverFarmId\": \"/subscriptions/ef90e930-9d7f-4a60-8a99-748e0eea69de/resourceGroups/appdemorg/providers/Microsoft.Web/serverfarms/travel_production_plan\",\r\n    \"lastModifiedTimeUtc\": \"2015-12-07T16:30:19.477\",\r\n    \"storageRecoveryDefaultState\": \"Running\",\r\n    \"contentAvailabilityState\": 0,\r\n    \"runtimeAvailabilityState\": 0,\r\n    \"siteConfig\": null,\r\n    \"deploymentId\": \"webappsslbindingtest\",\r\n    \"trafficManagerHostNames\": null,\r\n    \"sku\": \"Premium\",\r\n    \"premiumAppDeployed\": null,\r\n    \"scmSiteAlsoStopped\": false,\r\n    \"targetSwapSlot\": null,\r\n    \"hostingEnvironment\": \"asedemo\",\r\n    \"hostingEnvironmentProfile\": {\r\n      \"id\": \"/subscriptions/ef90e930-9d7f-4a60-8a99-748e0eea69de/resourceGroups/appdemorg/providers/Microsoft.Web/hostingEnvironments/asedemo\",\r\n      \"name\": \"asedemo\",\r\n      \"type\": \"Microsoft.Web/hostingEnvironments\"\r\n    },\r\n    \"microService\": \"WebSites\",\r\n    \"gatewaySiteName\": null,\r\n    \"clientAffinityEnabled\": true,\r\n    \"clientCertEnabled\": false,\r\n    \"domainVerificationIdentifiers\": null,\r\n    \"kind\": null,\r\n    \"outboundIpAddresses\": \"104.45.218.185\",\r\n    \"cloningInfo\": null,\r\n    \"hostingEnvironmentId\": \"/subscriptions/ef90e930-9d7f-4a60-8a99-748e0eea69de/resourceGroups/appdemorg/providers/Microsoft.Web/hostingEnvironments/asedemo\",\r\n    \"tags\": null\r\n  }\r\n}",
      "ResponseHeaders": {
        "Content-Length": [
          "3415"
        ],
        "Content-Type": [
          "application/json"
        ],
        "Expires": [
          "-1"
        ],
        "Pragma": [
          "no-cache"
        ],
        "Strict-Transport-Security": [
          "max-age=31536000; includeSubDomains"
        ],
        "x-ms-request-id": [
          "da0c5c6f-1bd2-4ec9-a929-6a94e4329952"
        ],
        "x-ms-ratelimit-remaining-subscription-writes": [
          "1199"
        ],
        "x-ms-correlation-request-id": [
          "1d12f62c-012b-4657-a3a1-4f2da9a517f1"
        ],
        "x-ms-routing-request-id": [
          "WESTUS:20151207T163212Z:1d12f62c-012b-4657-a3a1-4f2da9a517f1"
        ],
        "Cache-Control": [
          "no-cache"
        ],
        "Date": [
          "Mon, 07 Dec 2015 16:32:11 GMT"
        ],
        "ETag": [
          "\"1D1310C8FF12850\""
        ],
        "Server": [
          "Microsoft-IIS/8.0"
        ],
        "X-AspNet-Version": [
          "4.0.30319"
        ],
        "X-Powered-By": [
          "ASP.NET"
        ]
      },
      "StatusCode": 200
    },
    {
      "RequestUri": "/subscriptions/ef90e930-9d7f-4a60-8a99-748e0eea69de/resourceGroups/webappsslbindingrb/providers/Microsoft.Web/sites/webappsslbindingtest?api-version=2015-08-01",
      "EncodedRequestUri": "L3N1YnNjcmlwdGlvbnMvZWY5MGU5MzAtOWQ3Zi00YTYwLThhOTktNzQ4ZTBlZWE2OWRlL3Jlc291cmNlR3JvdXBzL3dlYmFwcHNzbGJpbmRpbmdyYi9wcm92aWRlcnMvTWljcm9zb2Z0LldlYi9zaXRlcy93ZWJhcHBzc2xiaW5kaW5ndGVzdD9hcGktdmVyc2lvbj0yMDE1LTA4LTAx",
      "RequestMethod": "PUT",
      "RequestBody": "{\r\n  \"location\": \"West US\",\r\n  \"properties\": {\r\n    \"hostNameSslStates\": [\r\n      {\r\n        \"name\": \"www.webappsslbindingtests.com\",\r\n        \"sslState\": \"Disabled\",\r\n        \"toUpdate\": true\r\n      }\r\n    ]\r\n  }\r\n}",
      "RequestHeaders": {
        "Content-Type": [
          "application/json; charset=utf-8"
        ],
        "Content-Length": [
          "216"
        ],
        "x-ms-client-request-id": [
          "b7b00a58-f553-4e93-a236-253a3ae85f64"
        ],
        "accept-language": [
          "en-US"
        ],
        "User-Agent": [
          "Microsoft.Azure.Management.WebSites.WebSiteManagementClient/1.0.0.0"
        ]
      },
      "ResponseBody": "{\r\n  \"id\": \"/subscriptions/ef90e930-9d7f-4a60-8a99-748e0eea69de/resourceGroups/webappsslbindingrb/providers/Microsoft.Web/sites/webappsslbindingtest\",\r\n  \"name\": \"webappsslbindingtest\",\r\n  \"type\": \"Microsoft.Web/sites\",\r\n  \"location\": \"West US\",\r\n  \"tags\": null,\r\n  \"properties\": {\r\n    \"name\": \"webappsslbindingtest\",\r\n    \"state\": \"Running\",\r\n    \"hostNames\": [\r\n      \"api.webappsslbindingtests.com\",\r\n      \"webappsslbindingtests.com\",\r\n      \"www.webappsslbindingtests.com\",\r\n      \"webappsslbindingtest.asedemo.p.azurewebsites.net\"\r\n    ],\r\n    \"webSpace\": \"appdemorg-asedemoappseWestUSwebspace\",\r\n    \"selfLink\": \"https://waws-prod-bay-0a93c57e.api.p.azurewebsites.windows.net:454/subscriptions/ef90e930-9d7f-4a60-8a99-748e0eea69de/webspaces/appdemorg-asedemoappseWestUSwebspace/sites/webappsslbindingtest\",\r\n    \"repositorySiteName\": \"webappsslbindingtest\",\r\n    \"owner\": null,\r\n    \"usageState\": 0,\r\n    \"enabled\": true,\r\n    \"adminEnabled\": true,\r\n    \"enabledHostNames\": [\r\n      \"api.webappsslbindingtests.com\",\r\n      \"webappsslbindingtests.com\",\r\n      \"www.webappsslbindingtests.com\",\r\n      \"webappsslbindingtest.asedemo.p.azurewebsites.net\",\r\n      \"webappsslbindingtest.scm.asedemo.p.azurewebsites.net\"\r\n    ],\r\n    \"siteProperties\": {\r\n      \"metadata\": null,\r\n      \"properties\": [],\r\n      \"appSettings\": null\r\n    },\r\n    \"availabilityState\": 0,\r\n    \"sslCertificates\": null,\r\n    \"csrs\": [],\r\n    \"cers\": null,\r\n    \"siteMode\": null,\r\n    \"hostNameSslStates\": [\r\n      {\r\n        \"name\": \"api.webappsslbindingtests.com\",\r\n        \"sslState\": 1,\r\n        \"ipBasedSslResult\": null,\r\n        \"virtualIP\": null,\r\n        \"thumbprint\": \"40D6600B0B8740C41BA4B3D13B967DDEF6ED1918\",\r\n        \"toUpdate\": null,\r\n        \"toUpdateIpBasedSsl\": null,\r\n        \"ipBasedSslState\": 0,\r\n        \"hostType\": 0\r\n      },\r\n      {\r\n        \"name\": \"webappsslbindingtest.asedemo.p.azurewebsites.net\",\r\n        \"sslState\": 0,\r\n        \"ipBasedSslResult\": null,\r\n        \"virtualIP\": null,\r\n        \"thumbprint\": null,\r\n        \"toUpdate\": null,\r\n        \"toUpdateIpBasedSsl\": null,\r\n        \"ipBasedSslState\": 0,\r\n        \"hostType\": 0\r\n      },\r\n      {\r\n        \"name\": \"webappsslbindingtest.scm.asedemo.p.azurewebsites.net\",\r\n        \"sslState\": 0,\r\n        \"ipBasedSslResult\": null,\r\n        \"virtualIP\": null,\r\n        \"thumbprint\": null,\r\n        \"toUpdate\": null,\r\n        \"toUpdateIpBasedSsl\": null,\r\n        \"ipBasedSslState\": 0,\r\n        \"hostType\": 1\r\n      },\r\n      {\r\n        \"name\": \"webappsslbindingtests.com\",\r\n        \"sslState\": 0,\r\n        \"ipBasedSslResult\": null,\r\n        \"virtualIP\": null,\r\n        \"thumbprint\": null,\r\n        \"toUpdate\": null,\r\n        \"toUpdateIpBasedSsl\": null,\r\n        \"ipBasedSslState\": 0,\r\n        \"hostType\": 0\r\n      },\r\n      {\r\n        \"name\": \"www.webappsslbindingtests.com\",\r\n        \"sslState\": 0,\r\n        \"ipBasedSslResult\": null,\r\n        \"virtualIP\": null,\r\n        \"thumbprint\": null,\r\n        \"toUpdate\": null,\r\n        \"toUpdateIpBasedSsl\": null,\r\n        \"ipBasedSslState\": 0,\r\n        \"hostType\": 0\r\n      }\r\n    ],\r\n    \"computeMode\": null,\r\n    \"serverFarm\": null,\r\n    \"serverFarmId\": \"/subscriptions/ef90e930-9d7f-4a60-8a99-748e0eea69de/resourceGroups/appdemorg/providers/Microsoft.Web/serverfarms/travel_production_plan\",\r\n    \"lastModifiedTimeUtc\": \"2015-12-07T16:30:19.477\",\r\n    \"storageRecoveryDefaultState\": \"Running\",\r\n    \"contentAvailabilityState\": 0,\r\n    \"runtimeAvailabilityState\": 0,\r\n    \"siteConfig\": null,\r\n    \"deploymentId\": \"webappsslbindingtest\",\r\n    \"trafficManagerHostNames\": null,\r\n    \"sku\": \"Premium\",\r\n    \"premiumAppDeployed\": null,\r\n    \"scmSiteAlsoStopped\": false,\r\n    \"targetSwapSlot\": null,\r\n    \"hostingEnvironment\": \"asedemo\",\r\n    \"hostingEnvironmentProfile\": {\r\n      \"id\": \"/subscriptions/ef90e930-9d7f-4a60-8a99-748e0eea69de/resourceGroups/appdemorg/providers/Microsoft.Web/hostingEnvironments/asedemo\",\r\n      \"name\": \"asedemo\",\r\n      \"type\": \"Microsoft.Web/hostingEnvironments\"\r\n    },\r\n    \"microService\": \"WebSites\",\r\n    \"gatewaySiteName\": null,\r\n    \"clientAffinityEnabled\": true,\r\n    \"clientCertEnabled\": false,\r\n    \"domainVerificationIdentifiers\": null,\r\n    \"kind\": null,\r\n    \"outboundIpAddresses\": \"104.45.218.185\",\r\n    \"cloningInfo\": null,\r\n    \"hostingEnvironmentId\": \"/subscriptions/ef90e930-9d7f-4a60-8a99-748e0eea69de/resourceGroups/appdemorg/providers/Microsoft.Web/hostingEnvironments/asedemo\",\r\n    \"tags\": null\r\n  }\r\n}",
      "ResponseHeaders": {
        "Content-Length": [
          "3377"
        ],
        "Content-Type": [
          "application/json"
        ],
        "Expires": [
          "-1"
        ],
        "Pragma": [
          "no-cache"
        ],
        "Strict-Transport-Security": [
          "max-age=31536000; includeSubDomains"
        ],
        "x-ms-request-id": [
          "e72f3cb6-1a58-48b3-b090-06fb88ea4347"
        ],
        "x-ms-ratelimit-remaining-subscription-writes": [
          "1198"
        ],
        "x-ms-correlation-request-id": [
          "5c08bd38-ed06-41d4-a3d8-2a045fa2f83f"
        ],
        "x-ms-routing-request-id": [
          "WESTUS:20151207T163223Z:5c08bd38-ed06-41d4-a3d8-2a045fa2f83f"
        ],
        "Cache-Control": [
          "no-cache"
        ],
        "Date": [
          "Mon, 07 Dec 2015 16:32:23 GMT"
        ],
        "ETag": [
          "\"1D1310C8FF12850\""
        ],
        "Server": [
          "Microsoft-IIS/8.0"
        ],
        "X-AspNet-Version": [
          "4.0.30319"
        ],
        "X-Powered-By": [
          "ASP.NET"
        ]
      },
      "StatusCode": 200
    },
    {
      "RequestUri": "/subscriptions/ef90e930-9d7f-4a60-8a99-748e0eea69de/resources?$filter=resourceType%20eq%20'Microsoft.Web%2FCertificates'&api-version=2014-04-01-preview",
      "EncodedRequestUri": "L3N1YnNjcmlwdGlvbnMvZWY5MGU5MzAtOWQ3Zi00YTYwLThhOTktNzQ4ZTBlZWE2OWRlL3Jlc291cmNlcz8kZmlsdGVyPXJlc291cmNlVHlwZSUyMGVxJTIwJ01pY3Jvc29mdC5XZWIlMkZDZXJ0aWZpY2F0ZXMnJmFwaS12ZXJzaW9uPTIwMTQtMDQtMDEtcHJldmlldw==",
      "RequestMethod": "GET",
      "RequestBody": "",
      "RequestHeaders": {
        "User-Agent": [
          "Microsoft.Azure.Management.Resources.ResourceManagementClient/2.0.0.0"
        ]
      },
      "ResponseBody": "{\r\n  \"value\": [\r\n    {\r\n      \"id\": \"/subscriptions/ef90e930-9d7f-4a60-8a99-748e0eea69de/resourceGroups/appdemorg/providers/Microsoft.Web/certificates/40D6600B0B8740C41BA4B3D13B967DDEF6ED1918_asedemo_West US_webappsslbindingrb\",\r\n      \"name\": \"40D6600B0B8740C41BA4B3D13B967DDEF6ED1918_asedemo_West US_webappsslbindingrb\",\r\n      \"type\": \"Microsoft.Web/certificates\",\r\n      \"location\": \"westus\"\r\n    },\r\n    {\r\n      \"id\": \"/subscriptions/ef90e930-9d7f-4a60-8a99-748e0eea69de/resourceGroups/appdemorg/providers/Microsoft.Web/certificates/487D8A28A8EBCD3E5B8027746410B95B37CD4A22#asedemo#West US#appdemorg-asedemoappseWestUSwebspace\",\r\n      \"name\": \"487D8A28A8EBCD3E5B8027746410B95B37CD4A22#asedemo#West US#appdemorg-asedemoappseWestUSwebspace\",\r\n      \"type\": \"Microsoft.Web/certificates\",\r\n      \"location\": \"westus\"\r\n    },\r\n    {\r\n      \"id\": \"/subscriptions/ef90e930-9d7f-4a60-8a99-748e0eea69de/resourceGroups/appdemorg/providers/Microsoft.Web/certificates/487D8A28A8EBCD3E5B8027746410B95B37CD4A22#asedemoeu#North Europe#appdemorg-asedemoeuappseNorthEuropewebspace\",\r\n      \"name\": \"487D8A28A8EBCD3E5B8027746410B95B37CD4A22#asedemoeu#North Europe#appdemorg-asedemoeuappseNorthEuropewebspace\",\r\n      \"type\": \"Microsoft.Web/certificates\",\r\n      \"location\": \"northeurope\"\r\n    },\r\n    {\r\n      \"id\": \"/subscriptions/ef90e930-9d7f-4a60-8a99-748e0eea69de/resourceGroups/Default-Web-NorthEurope/providers/Microsoft.Web/certificates/B75CBF7439274AE4135E3E69CE6A19693F68D40F\",\r\n      \"name\": \"B75CBF7439274AE4135E3E69CE6A19693F68D40F\",\r\n      \"type\": \"Microsoft.Web/certificates\",\r\n      \"location\": \"northeurope\"\r\n    },\r\n    {\r\n      \"id\": \"/subscriptions/ef90e930-9d7f-4a60-8a99-748e0eea69de/resourceGroups/Default-Web-WestUS/providers/Microsoft.Web/certificates/6BD61F8B1250FF73790CB997A763985502951DC3\",\r\n      \"name\": \"6BD61F8B1250FF73790CB997A763985502951DC3\",\r\n      \"type\": \"Microsoft.Web/certificates\",\r\n      \"location\": \"westus\"\r\n    },\r\n    {\r\n      \"id\": \"/subscriptions/ef90e930-9d7f-4a60-8a99-748e0eea69de/resourceGroups/Default-Web-WestUS/providers/Microsoft.Web/certificates/B75CBF7439274AE4135E3E69CE6A19693F68D40F\",\r\n      \"name\": \"B75CBF7439274AE4135E3E69CE6A19693F68D40F\",\r\n      \"type\": \"Microsoft.Web/certificates\",\r\n      \"location\": \"westus\"\r\n    }\r\n  ]\r\n}",
      "ResponseHeaders": {
        "Content-Length": [
          "1983"
        ],
        "Content-Type": [
          "application/json; charset=utf-8"
        ],
        "Expires": [
          "-1"
        ],
        "Pragma": [
          "no-cache"
        ],
        "x-ms-ratelimit-remaining-subscription-reads": [
          "14986"
        ],
        "x-ms-request-id": [
          "e556e222-7406-4ef4-bbd7-3aedd24bc53c"
        ],
        "x-ms-correlation-request-id": [
          "e556e222-7406-4ef4-bbd7-3aedd24bc53c"
        ],
        "x-ms-routing-request-id": [
          "WESTUS:20151207T163212Z:e556e222-7406-4ef4-bbd7-3aedd24bc53c"
        ],
        "Strict-Transport-Security": [
          "max-age=31536000; includeSubDomains"
        ],
        "Cache-Control": [
          "no-cache"
        ],
        "Date": [
          "Mon, 07 Dec 2015 16:32:12 GMT"
        ]
      },
      "StatusCode": 200
    },
    {
      "RequestUri": "/subscriptions/ef90e930-9d7f-4a60-8a99-748e0eea69de/resources?$filter=resourceType%20eq%20'Microsoft.Web%2FCertificates'&api-version=2014-04-01-preview",
      "EncodedRequestUri": "L3N1YnNjcmlwdGlvbnMvZWY5MGU5MzAtOWQ3Zi00YTYwLThhOTktNzQ4ZTBlZWE2OWRlL3Jlc291cmNlcz8kZmlsdGVyPXJlc291cmNlVHlwZSUyMGVxJTIwJ01pY3Jvc29mdC5XZWIlMkZDZXJ0aWZpY2F0ZXMnJmFwaS12ZXJzaW9uPTIwMTQtMDQtMDEtcHJldmlldw==",
      "RequestMethod": "GET",
      "RequestBody": "",
      "RequestHeaders": {
        "User-Agent": [
          "Microsoft.Azure.Management.Resources.ResourceManagementClient/2.0.0.0"
        ]
      },
      "ResponseBody": "{\r\n  \"value\": [\r\n    {\r\n      \"id\": \"/subscriptions/ef90e930-9d7f-4a60-8a99-748e0eea69de/resourceGroups/appdemorg/providers/Microsoft.Web/certificates/40D6600B0B8740C41BA4B3D13B967DDEF6ED1918_asedemo_West US_webappsslbindingrb\",\r\n      \"name\": \"40D6600B0B8740C41BA4B3D13B967DDEF6ED1918_asedemo_West US_webappsslbindingrb\",\r\n      \"type\": \"Microsoft.Web/certificates\",\r\n      \"location\": \"westus\"\r\n    },\r\n    {\r\n      \"id\": \"/subscriptions/ef90e930-9d7f-4a60-8a99-748e0eea69de/resourceGroups/appdemorg/providers/Microsoft.Web/certificates/487D8A28A8EBCD3E5B8027746410B95B37CD4A22#asedemo#West US#appdemorg-asedemoappseWestUSwebspace\",\r\n      \"name\": \"487D8A28A8EBCD3E5B8027746410B95B37CD4A22#asedemo#West US#appdemorg-asedemoappseWestUSwebspace\",\r\n      \"type\": \"Microsoft.Web/certificates\",\r\n      \"location\": \"westus\"\r\n    },\r\n    {\r\n      \"id\": \"/subscriptions/ef90e930-9d7f-4a60-8a99-748e0eea69de/resourceGroups/appdemorg/providers/Microsoft.Web/certificates/487D8A28A8EBCD3E5B8027746410B95B37CD4A22#asedemoeu#North Europe#appdemorg-asedemoeuappseNorthEuropewebspace\",\r\n      \"name\": \"487D8A28A8EBCD3E5B8027746410B95B37CD4A22#asedemoeu#North Europe#appdemorg-asedemoeuappseNorthEuropewebspace\",\r\n      \"type\": \"Microsoft.Web/certificates\",\r\n      \"location\": \"northeurope\"\r\n    },\r\n    {\r\n      \"id\": \"/subscriptions/ef90e930-9d7f-4a60-8a99-748e0eea69de/resourceGroups/Default-Web-NorthEurope/providers/Microsoft.Web/certificates/B75CBF7439274AE4135E3E69CE6A19693F68D40F\",\r\n      \"name\": \"B75CBF7439274AE4135E3E69CE6A19693F68D40F\",\r\n      \"type\": \"Microsoft.Web/certificates\",\r\n      \"location\": \"northeurope\"\r\n    },\r\n    {\r\n      \"id\": \"/subscriptions/ef90e930-9d7f-4a60-8a99-748e0eea69de/resourceGroups/Default-Web-WestUS/providers/Microsoft.Web/certificates/6BD61F8B1250FF73790CB997A763985502951DC3\",\r\n      \"name\": \"6BD61F8B1250FF73790CB997A763985502951DC3\",\r\n      \"type\": \"Microsoft.Web/certificates\",\r\n      \"location\": \"westus\"\r\n    },\r\n    {\r\n      \"id\": \"/subscriptions/ef90e930-9d7f-4a60-8a99-748e0eea69de/resourceGroups/Default-Web-WestUS/providers/Microsoft.Web/certificates/B75CBF7439274AE4135E3E69CE6A19693F68D40F\",\r\n      \"name\": \"B75CBF7439274AE4135E3E69CE6A19693F68D40F\",\r\n      \"type\": \"Microsoft.Web/certificates\",\r\n      \"location\": \"westus\"\r\n    }\r\n  ]\r\n}",
      "ResponseHeaders": {
        "Content-Length": [
          "1983"
        ],
        "Content-Type": [
          "application/json; charset=utf-8"
        ],
        "Expires": [
          "-1"
        ],
        "Pragma": [
          "no-cache"
        ],
        "x-ms-ratelimit-remaining-subscription-reads": [
          "14985"
        ],
        "x-ms-request-id": [
          "adb9e97a-318e-4155-a87a-a5f4588d1f30"
        ],
        "x-ms-correlation-request-id": [
          "adb9e97a-318e-4155-a87a-a5f4588d1f30"
        ],
        "x-ms-routing-request-id": [
          "WESTUS:20151207T163217Z:adb9e97a-318e-4155-a87a-a5f4588d1f30"
        ],
        "Strict-Transport-Security": [
          "max-age=31536000; includeSubDomains"
        ],
        "Cache-Control": [
          "no-cache"
        ],
        "Date": [
          "Mon, 07 Dec 2015 16:32:16 GMT"
        ]
      },
      "StatusCode": 200
    },
    {
      "RequestUri": "/subscriptions/ef90e930-9d7f-4a60-8a99-748e0eea69de/resources?$filter=resourceType%20eq%20'Microsoft.Web%2FCertificates'&api-version=2014-04-01-preview",
      "EncodedRequestUri": "L3N1YnNjcmlwdGlvbnMvZWY5MGU5MzAtOWQ3Zi00YTYwLThhOTktNzQ4ZTBlZWE2OWRlL3Jlc291cmNlcz8kZmlsdGVyPXJlc291cmNlVHlwZSUyMGVxJTIwJ01pY3Jvc29mdC5XZWIlMkZDZXJ0aWZpY2F0ZXMnJmFwaS12ZXJzaW9uPTIwMTQtMDQtMDEtcHJldmlldw==",
      "RequestMethod": "GET",
      "RequestBody": "",
      "RequestHeaders": {
        "User-Agent": [
          "Microsoft.Azure.Management.Resources.ResourceManagementClient/2.0.0.0"
        ]
      },
      "ResponseBody": "{\r\n  \"value\": [\r\n    {\r\n      \"id\": \"/subscriptions/ef90e930-9d7f-4a60-8a99-748e0eea69de/resourceGroups/appdemorg/providers/Microsoft.Web/certificates/40D6600B0B8740C41BA4B3D13B967DDEF6ED1918_asedemo_West US_webappsslbindingrb\",\r\n      \"name\": \"40D6600B0B8740C41BA4B3D13B967DDEF6ED1918_asedemo_West US_webappsslbindingrb\",\r\n      \"type\": \"Microsoft.Web/certificates\",\r\n      \"location\": \"westus\"\r\n    },\r\n    {\r\n      \"id\": \"/subscriptions/ef90e930-9d7f-4a60-8a99-748e0eea69de/resourceGroups/appdemorg/providers/Microsoft.Web/certificates/487D8A28A8EBCD3E5B8027746410B95B37CD4A22#asedemo#West US#appdemorg-asedemoappseWestUSwebspace\",\r\n      \"name\": \"487D8A28A8EBCD3E5B8027746410B95B37CD4A22#asedemo#West US#appdemorg-asedemoappseWestUSwebspace\",\r\n      \"type\": \"Microsoft.Web/certificates\",\r\n      \"location\": \"westus\"\r\n    },\r\n    {\r\n      \"id\": \"/subscriptions/ef90e930-9d7f-4a60-8a99-748e0eea69de/resourceGroups/appdemorg/providers/Microsoft.Web/certificates/487D8A28A8EBCD3E5B8027746410B95B37CD4A22#asedemoeu#North Europe#appdemorg-asedemoeuappseNorthEuropewebspace\",\r\n      \"name\": \"487D8A28A8EBCD3E5B8027746410B95B37CD4A22#asedemoeu#North Europe#appdemorg-asedemoeuappseNorthEuropewebspace\",\r\n      \"type\": \"Microsoft.Web/certificates\",\r\n      \"location\": \"northeurope\"\r\n    },\r\n    {\r\n      \"id\": \"/subscriptions/ef90e930-9d7f-4a60-8a99-748e0eea69de/resourceGroups/Default-Web-NorthEurope/providers/Microsoft.Web/certificates/B75CBF7439274AE4135E3E69CE6A19693F68D40F\",\r\n      \"name\": \"B75CBF7439274AE4135E3E69CE6A19693F68D40F\",\r\n      \"type\": \"Microsoft.Web/certificates\",\r\n      \"location\": \"northeurope\"\r\n    },\r\n    {\r\n      \"id\": \"/subscriptions/ef90e930-9d7f-4a60-8a99-748e0eea69de/resourceGroups/Default-Web-WestUS/providers/Microsoft.Web/certificates/6BD61F8B1250FF73790CB997A763985502951DC3\",\r\n      \"name\": \"6BD61F8B1250FF73790CB997A763985502951DC3\",\r\n      \"type\": \"Microsoft.Web/certificates\",\r\n      \"location\": \"westus\"\r\n    },\r\n    {\r\n      \"id\": \"/subscriptions/ef90e930-9d7f-4a60-8a99-748e0eea69de/resourceGroups/Default-Web-WestUS/providers/Microsoft.Web/certificates/B75CBF7439274AE4135E3E69CE6A19693F68D40F\",\r\n      \"name\": \"B75CBF7439274AE4135E3E69CE6A19693F68D40F\",\r\n      \"type\": \"Microsoft.Web/certificates\",\r\n      \"location\": \"westus\"\r\n    }\r\n  ]\r\n}",
      "ResponseHeaders": {
        "Content-Length": [
          "1983"
        ],
        "Content-Type": [
          "application/json; charset=utf-8"
        ],
        "Expires": [
          "-1"
        ],
        "Pragma": [
          "no-cache"
        ],
        "x-ms-ratelimit-remaining-subscription-reads": [
          "14984"
        ],
        "x-ms-request-id": [
          "cffcf2df-e662-463a-8e43-ec834fb88313"
        ],
        "x-ms-correlation-request-id": [
          "cffcf2df-e662-463a-8e43-ec834fb88313"
        ],
        "x-ms-routing-request-id": [
          "WESTUS:20151207T163223Z:cffcf2df-e662-463a-8e43-ec834fb88313"
        ],
        "Strict-Transport-Security": [
          "max-age=31536000; includeSubDomains"
        ],
        "Cache-Control": [
          "no-cache"
        ],
        "Date": [
          "Mon, 07 Dec 2015 16:32:23 GMT"
        ]
      },
      "StatusCode": 200
    },
    {
      "RequestUri": "/subscriptions/ef90e930-9d7f-4a60-8a99-748e0eea69de/resourcegroups/appdemorg/providers/Microsoft.Web//certificates/40D6600B0B8740C41BA4B3D13B967DDEF6ED1918_asedemo_West%20US_webappsslbindingrb/providers/Microsoft.Authorization/permissions?api-version=2015-07-01",
      "EncodedRequestUri": "L3N1YnNjcmlwdGlvbnMvZWY5MGU5MzAtOWQ3Zi00YTYwLThhOTktNzQ4ZTBlZWE2OWRlL3Jlc291cmNlZ3JvdXBzL2FwcGRlbW9yZy9wcm92aWRlcnMvTWljcm9zb2Z0LldlYi8vY2VydGlmaWNhdGVzLzQwRDY2MDBCMEI4NzQwQzQxQkE0QjNEMTNCOTY3RERFRjZFRDE5MThfYXNlZGVtb19XZXN0JTIwVVNfd2ViYXBwc3NsYmluZGluZ3JiL3Byb3ZpZGVycy9NaWNyb3NvZnQuQXV0aG9yaXphdGlvbi9wZXJtaXNzaW9ucz9hcGktdmVyc2lvbj0yMDE1LTA3LTAx",
      "RequestMethod": "GET",
      "RequestBody": "",
      "RequestHeaders": {
        "User-Agent": [
          "Microsoft.Azure.Management.Authorization.AuthorizationManagementClient/2.0.0.0"
        ]
      },
      "ResponseBody": "{\r\n  \"value\": [\r\n    {\r\n      \"actions\": [\r\n        \"*\"\r\n      ],\r\n      \"notActions\": []\r\n    }\r\n  ],\r\n  \"nextLink\": null\r\n}",
      "ResponseHeaders": {
        "Content-Length": [
          "61"
        ],
        "Content-Type": [
          "application/json; charset=utf-8"
        ],
        "Expires": [
          "-1"
        ],
        "Pragma": [
          "no-cache"
        ],
        "x-ms-request-id": [
          "ba509394-d455-4e3a-8f68-60d4a1cf2d1a"
        ],
        "x-ms-gateway-service-instanceid": [
          "PASFE_IN_2"
        ],
        "X-Content-Type-Options": [
          "nosniff"
        ],
        "Strict-Transport-Security": [
          "max-age=31536000; includeSubDomains"
        ],
        "x-ms-ratelimit-remaining-subscription-reads": [
          "14989"
        ],
        "x-ms-correlation-request-id": [
          "3f868a3c-5858-4b95-b93c-2e5e4715fa60"
        ],
        "x-ms-routing-request-id": [
          "WESTUS:20151207T163213Z:3f868a3c-5858-4b95-b93c-2e5e4715fa60"
        ],
        "Cache-Control": [
          "no-cache"
        ],
        "Date": [
          "Mon, 07 Dec 2015 16:32:12 GMT"
        ],
        "Set-Cookie": [
          "x-ms-gateway-slice=productionb; path=/"
        ],
        "Server": [
          "Microsoft-IIS/8.5"
        ],
        "X-Powered-By": [
          "ASP.NET"
        ]
      },
      "StatusCode": 200
    },
    {
      "RequestUri": "/subscriptions/ef90e930-9d7f-4a60-8a99-748e0eea69de/resourcegroups/appdemorg/providers/Microsoft.Web//certificates/40D6600B0B8740C41BA4B3D13B967DDEF6ED1918_asedemo_West%20US_webappsslbindingrb/providers/Microsoft.Authorization/permissions?api-version=2015-07-01",
      "EncodedRequestUri": "L3N1YnNjcmlwdGlvbnMvZWY5MGU5MzAtOWQ3Zi00YTYwLThhOTktNzQ4ZTBlZWE2OWRlL3Jlc291cmNlZ3JvdXBzL2FwcGRlbW9yZy9wcm92aWRlcnMvTWljcm9zb2Z0LldlYi8vY2VydGlmaWNhdGVzLzQwRDY2MDBCMEI4NzQwQzQxQkE0QjNEMTNCOTY3RERFRjZFRDE5MThfYXNlZGVtb19XZXN0JTIwVVNfd2ViYXBwc3NsYmluZGluZ3JiL3Byb3ZpZGVycy9NaWNyb3NvZnQuQXV0aG9yaXphdGlvbi9wZXJtaXNzaW9ucz9hcGktdmVyc2lvbj0yMDE1LTA3LTAx",
      "RequestMethod": "GET",
      "RequestBody": "",
      "RequestHeaders": {
        "User-Agent": [
          "Microsoft.Azure.Management.Authorization.AuthorizationManagementClient/2.0.0.0"
        ]
      },
      "ResponseBody": "{\r\n  \"value\": [\r\n    {\r\n      \"actions\": [\r\n        \"*\"\r\n      ],\r\n      \"notActions\": []\r\n    }\r\n  ],\r\n  \"nextLink\": null\r\n}",
      "ResponseHeaders": {
        "Content-Length": [
          "61"
        ],
        "Content-Type": [
          "application/json; charset=utf-8"
        ],
        "Expires": [
          "-1"
        ],
        "Pragma": [
          "no-cache"
        ],
        "x-ms-request-id": [
          "0f9eb890-8430-4b20-98b0-358990aa514e"
        ],
        "x-ms-gateway-service-instanceid": [
          "PASFE_IN_3"
        ],
        "X-Content-Type-Options": [
          "nosniff"
        ],
        "Strict-Transport-Security": [
          "max-age=31536000; includeSubDomains"
        ],
        "x-ms-ratelimit-remaining-subscription-reads": [
          "14977"
        ],
        "x-ms-correlation-request-id": [
          "e20f63f5-4d56-432d-b483-caeae869d2f6"
        ],
        "x-ms-routing-request-id": [
          "WESTUS:20151207T163217Z:e20f63f5-4d56-432d-b483-caeae869d2f6"
        ],
        "Cache-Control": [
          "no-cache"
        ],
        "Date": [
          "Mon, 07 Dec 2015 16:32:16 GMT"
        ],
        "Set-Cookie": [
          "x-ms-gateway-slice=productionb; path=/"
        ],
        "Server": [
          "Microsoft-IIS/8.5"
        ],
        "X-Powered-By": [
          "ASP.NET"
        ]
      },
      "StatusCode": 200
    },
    {
      "RequestUri": "/subscriptions/ef90e930-9d7f-4a60-8a99-748e0eea69de/resourcegroups/appdemorg/providers/Microsoft.Web//certificates/40D6600B0B8740C41BA4B3D13B967DDEF6ED1918_asedemo_West%20US_webappsslbindingrb/providers/Microsoft.Authorization/permissions?api-version=2015-07-01",
      "EncodedRequestUri": "L3N1YnNjcmlwdGlvbnMvZWY5MGU5MzAtOWQ3Zi00YTYwLThhOTktNzQ4ZTBlZWE2OWRlL3Jlc291cmNlZ3JvdXBzL2FwcGRlbW9yZy9wcm92aWRlcnMvTWljcm9zb2Z0LldlYi8vY2VydGlmaWNhdGVzLzQwRDY2MDBCMEI4NzQwQzQxQkE0QjNEMTNCOTY3RERFRjZFRDE5MThfYXNlZGVtb19XZXN0JTIwVVNfd2ViYXBwc3NsYmluZGluZ3JiL3Byb3ZpZGVycy9NaWNyb3NvZnQuQXV0aG9yaXphdGlvbi9wZXJtaXNzaW9ucz9hcGktdmVyc2lvbj0yMDE1LTA3LTAx",
      "RequestMethod": "GET",
      "RequestBody": "",
      "RequestHeaders": {
        "User-Agent": [
          "Microsoft.Azure.Management.Authorization.AuthorizationManagementClient/2.0.0.0"
        ]
      },
      "ResponseBody": "{\r\n  \"value\": [\r\n    {\r\n      \"actions\": [\r\n        \"*\"\r\n      ],\r\n      \"notActions\": []\r\n    }\r\n  ],\r\n  \"nextLink\": null\r\n}",
      "ResponseHeaders": {
        "Content-Length": [
          "61"
        ],
        "Content-Type": [
          "application/json; charset=utf-8"
        ],
        "Expires": [
          "-1"
        ],
        "Pragma": [
          "no-cache"
        ],
        "x-ms-request-id": [
          "2ba5e51b-b5b5-42e6-a0e8-4c640988601f"
        ],
        "x-ms-gateway-service-instanceid": [
          "PASFE_IN_0"
        ],
        "X-Content-Type-Options": [
          "nosniff"
        ],
        "Strict-Transport-Security": [
          "max-age=31536000; includeSubDomains"
        ],
        "x-ms-ratelimit-remaining-subscription-reads": [
          "14963"
        ],
        "x-ms-correlation-request-id": [
          "5859c3ec-3067-476f-b7d5-51f4ed17c3a6"
        ],
        "x-ms-routing-request-id": [
          "WESTUS:20151207T163223Z:5859c3ec-3067-476f-b7d5-51f4ed17c3a6"
        ],
        "Cache-Control": [
          "no-cache"
        ],
        "Date": [
          "Mon, 07 Dec 2015 16:32:23 GMT"
        ],
        "Set-Cookie": [
          "x-ms-gateway-slice=productionb; path=/"
        ],
        "Server": [
          "Microsoft-IIS/8.5"
        ],
        "X-Powered-By": [
          "ASP.NET"
        ]
      },
      "StatusCode": 200
    },
    {
      "RequestUri": "/subscriptions/ef90e930-9d7f-4a60-8a99-748e0eea69de/resourcegroups/appdemorg/providers/Microsoft.Web//certificates/487D8A28A8EBCD3E5B8027746410B95B37CD4A22%23asedemo%23West%20US%23appdemorg-asedemoappseWestUSwebspace/providers/Microsoft.Authorization/permissions?api-version=2015-07-01",
      "EncodedRequestUri": "L3N1YnNjcmlwdGlvbnMvZWY5MGU5MzAtOWQ3Zi00YTYwLThhOTktNzQ4ZTBlZWE2OWRlL3Jlc291cmNlZ3JvdXBzL2FwcGRlbW9yZy9wcm92aWRlcnMvTWljcm9zb2Z0LldlYi8vY2VydGlmaWNhdGVzLzQ4N0Q4QTI4QThFQkNEM0U1QjgwMjc3NDY0MTBCOTVCMzdDRDRBMjIlMjNhc2VkZW1vJTIzV2VzdCUyMFVTJTIzYXBwZGVtb3JnLWFzZWRlbW9hcHBzZVdlc3RVU3dlYnNwYWNlL3Byb3ZpZGVycy9NaWNyb3NvZnQuQXV0aG9yaXphdGlvbi9wZXJtaXNzaW9ucz9hcGktdmVyc2lvbj0yMDE1LTA3LTAx",
      "RequestMethod": "GET",
      "RequestBody": "",
      "RequestHeaders": {
        "User-Agent": [
          "Microsoft.Azure.Management.Authorization.AuthorizationManagementClient/2.0.0.0"
        ]
      },
      "ResponseBody": "{\r\n  \"value\": [\r\n    {\r\n      \"actions\": [\r\n        \"*\"\r\n      ],\r\n      \"notActions\": []\r\n    }\r\n  ],\r\n  \"nextLink\": null\r\n}",
      "ResponseHeaders": {
        "Content-Length": [
          "61"
        ],
        "Content-Type": [
          "application/json; charset=utf-8"
        ],
        "Expires": [
          "-1"
        ],
        "Pragma": [
          "no-cache"
        ],
        "x-ms-request-id": [
          "d14edfcf-fc2f-44c6-99b7-41d5875f8f7e"
        ],
        "x-ms-gateway-service-instanceid": [
          "PASFE_IN_3"
        ],
        "X-Content-Type-Options": [
          "nosniff"
        ],
        "Strict-Transport-Security": [
          "max-age=31536000; includeSubDomains"
        ],
        "x-ms-ratelimit-remaining-subscription-reads": [
          "14988"
        ],
        "x-ms-correlation-request-id": [
          "776994bc-741d-4143-bf6e-19b38d960f05"
        ],
        "x-ms-routing-request-id": [
          "WESTUS:20151207T163213Z:776994bc-741d-4143-bf6e-19b38d960f05"
        ],
        "Cache-Control": [
          "no-cache"
        ],
        "Date": [
          "Mon, 07 Dec 2015 16:32:12 GMT"
        ],
        "Set-Cookie": [
          "x-ms-gateway-slice=productionb; path=/"
        ],
        "Server": [
          "Microsoft-IIS/8.5"
        ],
        "X-Powered-By": [
          "ASP.NET"
        ]
      },
      "StatusCode": 200
    },
    {
      "RequestUri": "/subscriptions/ef90e930-9d7f-4a60-8a99-748e0eea69de/resourcegroups/appdemorg/providers/Microsoft.Web//certificates/487D8A28A8EBCD3E5B8027746410B95B37CD4A22%23asedemo%23West%20US%23appdemorg-asedemoappseWestUSwebspace/providers/Microsoft.Authorization/permissions?api-version=2015-07-01",
      "EncodedRequestUri": "L3N1YnNjcmlwdGlvbnMvZWY5MGU5MzAtOWQ3Zi00YTYwLThhOTktNzQ4ZTBlZWE2OWRlL3Jlc291cmNlZ3JvdXBzL2FwcGRlbW9yZy9wcm92aWRlcnMvTWljcm9zb2Z0LldlYi8vY2VydGlmaWNhdGVzLzQ4N0Q4QTI4QThFQkNEM0U1QjgwMjc3NDY0MTBCOTVCMzdDRDRBMjIlMjNhc2VkZW1vJTIzV2VzdCUyMFVTJTIzYXBwZGVtb3JnLWFzZWRlbW9hcHBzZVdlc3RVU3dlYnNwYWNlL3Byb3ZpZGVycy9NaWNyb3NvZnQuQXV0aG9yaXphdGlvbi9wZXJtaXNzaW9ucz9hcGktdmVyc2lvbj0yMDE1LTA3LTAx",
      "RequestMethod": "GET",
      "RequestBody": "",
      "RequestHeaders": {
        "User-Agent": [
          "Microsoft.Azure.Management.Authorization.AuthorizationManagementClient/2.0.0.0"
        ]
      },
      "ResponseBody": "{\r\n  \"value\": [\r\n    {\r\n      \"actions\": [\r\n        \"*\"\r\n      ],\r\n      \"notActions\": []\r\n    }\r\n  ],\r\n  \"nextLink\": null\r\n}",
      "ResponseHeaders": {
        "Content-Length": [
          "61"
        ],
        "Content-Type": [
          "application/json; charset=utf-8"
        ],
        "Expires": [
          "-1"
        ],
        "Pragma": [
          "no-cache"
        ],
        "x-ms-request-id": [
          "5e70160a-26fd-47a5-b49d-391413e71e15"
        ],
        "x-ms-gateway-service-instanceid": [
          "PASFE_IN_2"
        ],
        "X-Content-Type-Options": [
          "nosniff"
        ],
        "Strict-Transport-Security": [
          "max-age=31536000; includeSubDomains"
        ],
        "x-ms-ratelimit-remaining-subscription-reads": [
          "14976"
        ],
        "x-ms-correlation-request-id": [
          "88ed01b0-5521-4f77-b5d7-1fa892db0a33"
        ],
        "x-ms-routing-request-id": [
          "WESTUS:20151207T163217Z:88ed01b0-5521-4f77-b5d7-1fa892db0a33"
        ],
        "Cache-Control": [
          "no-cache"
        ],
        "Date": [
          "Mon, 07 Dec 2015 16:32:16 GMT"
        ],
        "Set-Cookie": [
          "x-ms-gateway-slice=productionb; path=/"
        ],
        "Server": [
          "Microsoft-IIS/8.5"
        ],
        "X-Powered-By": [
          "ASP.NET"
        ]
      },
      "StatusCode": 200
    },
    {
      "RequestUri": "/subscriptions/ef90e930-9d7f-4a60-8a99-748e0eea69de/resourcegroups/appdemorg/providers/Microsoft.Web//certificates/487D8A28A8EBCD3E5B8027746410B95B37CD4A22%23asedemo%23West%20US%23appdemorg-asedemoappseWestUSwebspace/providers/Microsoft.Authorization/permissions?api-version=2015-07-01",
      "EncodedRequestUri": "L3N1YnNjcmlwdGlvbnMvZWY5MGU5MzAtOWQ3Zi00YTYwLThhOTktNzQ4ZTBlZWE2OWRlL3Jlc291cmNlZ3JvdXBzL2FwcGRlbW9yZy9wcm92aWRlcnMvTWljcm9zb2Z0LldlYi8vY2VydGlmaWNhdGVzLzQ4N0Q4QTI4QThFQkNEM0U1QjgwMjc3NDY0MTBCOTVCMzdDRDRBMjIlMjNhc2VkZW1vJTIzV2VzdCUyMFVTJTIzYXBwZGVtb3JnLWFzZWRlbW9hcHBzZVdlc3RVU3dlYnNwYWNlL3Byb3ZpZGVycy9NaWNyb3NvZnQuQXV0aG9yaXphdGlvbi9wZXJtaXNzaW9ucz9hcGktdmVyc2lvbj0yMDE1LTA3LTAx",
      "RequestMethod": "GET",
      "RequestBody": "",
      "RequestHeaders": {
        "User-Agent": [
          "Microsoft.Azure.Management.Authorization.AuthorizationManagementClient/2.0.0.0"
        ]
      },
      "ResponseBody": "{\r\n  \"value\": [\r\n    {\r\n      \"actions\": [\r\n        \"*\"\r\n      ],\r\n      \"notActions\": []\r\n    }\r\n  ],\r\n  \"nextLink\": null\r\n}",
      "ResponseHeaders": {
        "Content-Length": [
          "61"
        ],
        "Content-Type": [
          "application/json; charset=utf-8"
        ],
        "Expires": [
          "-1"
        ],
        "Pragma": [
          "no-cache"
        ],
        "x-ms-request-id": [
          "aa49a8fd-ecfb-4c61-88d5-ec4f465f20ba"
        ],
        "x-ms-gateway-service-instanceid": [
          "PASFE_IN_2"
        ],
        "X-Content-Type-Options": [
          "nosniff"
        ],
        "Strict-Transport-Security": [
          "max-age=31536000; includeSubDomains"
        ],
        "x-ms-ratelimit-remaining-subscription-reads": [
          "14962"
        ],
        "x-ms-correlation-request-id": [
          "bd25f457-1721-4aaa-b38b-f049d826f5ed"
        ],
        "x-ms-routing-request-id": [
          "WESTUS:20151207T163223Z:bd25f457-1721-4aaa-b38b-f049d826f5ed"
        ],
        "Cache-Control": [
          "no-cache"
        ],
        "Date": [
          "Mon, 07 Dec 2015 16:32:23 GMT"
        ],
        "Set-Cookie": [
          "x-ms-gateway-slice=productionb; path=/"
        ],
        "Server": [
          "Microsoft-IIS/8.5"
        ],
        "X-Powered-By": [
          "ASP.NET"
        ]
      },
      "StatusCode": 200
    },
    {
      "RequestUri": "/subscriptions/ef90e930-9d7f-4a60-8a99-748e0eea69de/resourcegroups/appdemorg/providers/Microsoft.Web//certificates/487D8A28A8EBCD3E5B8027746410B95B37CD4A22%23asedemoeu%23North%20Europe%23appdemorg-asedemoeuappseNorthEuropewebspace/providers/Microsoft.Authorization/permissions?api-version=2015-07-01",
      "EncodedRequestUri": "L3N1YnNjcmlwdGlvbnMvZWY5MGU5MzAtOWQ3Zi00YTYwLThhOTktNzQ4ZTBlZWE2OWRlL3Jlc291cmNlZ3JvdXBzL2FwcGRlbW9yZy9wcm92aWRlcnMvTWljcm9zb2Z0LldlYi8vY2VydGlmaWNhdGVzLzQ4N0Q4QTI4QThFQkNEM0U1QjgwMjc3NDY0MTBCOTVCMzdDRDRBMjIlMjNhc2VkZW1vZXUlMjNOb3J0aCUyMEV1cm9wZSUyM2FwcGRlbW9yZy1hc2VkZW1vZXVhcHBzZU5vcnRoRXVyb3Bld2Vic3BhY2UvcHJvdmlkZXJzL01pY3Jvc29mdC5BdXRob3JpemF0aW9uL3Blcm1pc3Npb25zP2FwaS12ZXJzaW9uPTIwMTUtMDctMDE=",
      "RequestMethod": "GET",
      "RequestBody": "",
      "RequestHeaders": {
        "User-Agent": [
          "Microsoft.Azure.Management.Authorization.AuthorizationManagementClient/2.0.0.0"
        ]
      },
      "ResponseBody": "{\r\n  \"value\": [\r\n    {\r\n      \"actions\": [\r\n        \"*\"\r\n      ],\r\n      \"notActions\": []\r\n    }\r\n  ],\r\n  \"nextLink\": null\r\n}",
      "ResponseHeaders": {
        "Content-Length": [
          "61"
        ],
        "Content-Type": [
          "application/json; charset=utf-8"
        ],
        "Expires": [
          "-1"
        ],
        "Pragma": [
          "no-cache"
        ],
        "x-ms-request-id": [
          "1f9677e8-7a8a-4797-9a16-05ef42f6c824"
        ],
        "x-ms-gateway-service-instanceid": [
          "PASFE_IN_0"
        ],
        "X-Content-Type-Options": [
          "nosniff"
        ],
        "Strict-Transport-Security": [
          "max-age=31536000; includeSubDomains"
        ],
        "x-ms-ratelimit-remaining-subscription-reads": [
          "14987"
        ],
        "x-ms-correlation-request-id": [
          "33b9b50f-e2fd-41eb-96b0-9a4449f101ac"
        ],
        "x-ms-routing-request-id": [
          "WESTUS:20151207T163213Z:33b9b50f-e2fd-41eb-96b0-9a4449f101ac"
        ],
        "Cache-Control": [
          "no-cache"
        ],
        "Date": [
          "Mon, 07 Dec 2015 16:32:12 GMT"
        ],
        "Set-Cookie": [
          "x-ms-gateway-slice=productionb; path=/"
        ],
        "Server": [
          "Microsoft-IIS/8.5"
        ],
        "X-Powered-By": [
          "ASP.NET"
        ]
      },
      "StatusCode": 200
    },
    {
      "RequestUri": "/subscriptions/ef90e930-9d7f-4a60-8a99-748e0eea69de/resourcegroups/appdemorg/providers/Microsoft.Web//certificates/487D8A28A8EBCD3E5B8027746410B95B37CD4A22%23asedemoeu%23North%20Europe%23appdemorg-asedemoeuappseNorthEuropewebspace/providers/Microsoft.Authorization/permissions?api-version=2015-07-01",
      "EncodedRequestUri": "L3N1YnNjcmlwdGlvbnMvZWY5MGU5MzAtOWQ3Zi00YTYwLThhOTktNzQ4ZTBlZWE2OWRlL3Jlc291cmNlZ3JvdXBzL2FwcGRlbW9yZy9wcm92aWRlcnMvTWljcm9zb2Z0LldlYi8vY2VydGlmaWNhdGVzLzQ4N0Q4QTI4QThFQkNEM0U1QjgwMjc3NDY0MTBCOTVCMzdDRDRBMjIlMjNhc2VkZW1vZXUlMjNOb3J0aCUyMEV1cm9wZSUyM2FwcGRlbW9yZy1hc2VkZW1vZXVhcHBzZU5vcnRoRXVyb3Bld2Vic3BhY2UvcHJvdmlkZXJzL01pY3Jvc29mdC5BdXRob3JpemF0aW9uL3Blcm1pc3Npb25zP2FwaS12ZXJzaW9uPTIwMTUtMDctMDE=",
      "RequestMethod": "GET",
      "RequestBody": "",
      "RequestHeaders": {
        "User-Agent": [
          "Microsoft.Azure.Management.Authorization.AuthorizationManagementClient/2.0.0.0"
        ]
      },
      "ResponseBody": "{\r\n  \"value\": [\r\n    {\r\n      \"actions\": [\r\n        \"*\"\r\n      ],\r\n      \"notActions\": []\r\n    }\r\n  ],\r\n  \"nextLink\": null\r\n}",
      "ResponseHeaders": {
        "Content-Length": [
          "61"
        ],
        "Content-Type": [
          "application/json; charset=utf-8"
        ],
        "Expires": [
          "-1"
        ],
        "Pragma": [
          "no-cache"
        ],
        "x-ms-request-id": [
          "4fdd29b6-71de-4568-b1e4-2edcd165da40"
        ],
        "x-ms-gateway-service-instanceid": [
          "PASFE_IN_0"
        ],
        "X-Content-Type-Options": [
          "nosniff"
        ],
        "Strict-Transport-Security": [
          "max-age=31536000; includeSubDomains"
        ],
        "x-ms-ratelimit-remaining-subscription-reads": [
          "14975"
        ],
        "x-ms-correlation-request-id": [
          "d773c22b-ce91-4f12-bcc2-3ec9c61cffbb"
        ],
        "x-ms-routing-request-id": [
          "WESTUS:20151207T163217Z:d773c22b-ce91-4f12-bcc2-3ec9c61cffbb"
        ],
        "Cache-Control": [
          "no-cache"
        ],
        "Date": [
          "Mon, 07 Dec 2015 16:32:17 GMT"
        ],
        "Set-Cookie": [
          "x-ms-gateway-slice=productionb; path=/"
        ],
        "Server": [
          "Microsoft-IIS/8.5"
        ],
        "X-Powered-By": [
          "ASP.NET"
        ]
      },
      "StatusCode": 200
    },
    {
      "RequestUri": "/subscriptions/ef90e930-9d7f-4a60-8a99-748e0eea69de/resourcegroups/appdemorg/providers/Microsoft.Web//certificates/487D8A28A8EBCD3E5B8027746410B95B37CD4A22%23asedemoeu%23North%20Europe%23appdemorg-asedemoeuappseNorthEuropewebspace/providers/Microsoft.Authorization/permissions?api-version=2015-07-01",
      "EncodedRequestUri": "L3N1YnNjcmlwdGlvbnMvZWY5MGU5MzAtOWQ3Zi00YTYwLThhOTktNzQ4ZTBlZWE2OWRlL3Jlc291cmNlZ3JvdXBzL2FwcGRlbW9yZy9wcm92aWRlcnMvTWljcm9zb2Z0LldlYi8vY2VydGlmaWNhdGVzLzQ4N0Q4QTI4QThFQkNEM0U1QjgwMjc3NDY0MTBCOTVCMzdDRDRBMjIlMjNhc2VkZW1vZXUlMjNOb3J0aCUyMEV1cm9wZSUyM2FwcGRlbW9yZy1hc2VkZW1vZXVhcHBzZU5vcnRoRXVyb3Bld2Vic3BhY2UvcHJvdmlkZXJzL01pY3Jvc29mdC5BdXRob3JpemF0aW9uL3Blcm1pc3Npb25zP2FwaS12ZXJzaW9uPTIwMTUtMDctMDE=",
      "RequestMethod": "GET",
      "RequestBody": "",
      "RequestHeaders": {
        "User-Agent": [
          "Microsoft.Azure.Management.Authorization.AuthorizationManagementClient/2.0.0.0"
        ]
      },
      "ResponseBody": "{\r\n  \"value\": [\r\n    {\r\n      \"actions\": [\r\n        \"*\"\r\n      ],\r\n      \"notActions\": []\r\n    }\r\n  ],\r\n  \"nextLink\": null\r\n}",
      "ResponseHeaders": {
        "Content-Length": [
          "61"
        ],
        "Content-Type": [
          "application/json; charset=utf-8"
        ],
        "Expires": [
          "-1"
        ],
        "Pragma": [
          "no-cache"
        ],
        "x-ms-request-id": [
          "17770806-6073-4d6c-9022-76297a52bfe8"
        ],
        "x-ms-gateway-service-instanceid": [
          "PASFE_IN_3"
        ],
        "X-Content-Type-Options": [
          "nosniff"
        ],
        "Strict-Transport-Security": [
          "max-age=31536000; includeSubDomains"
        ],
        "x-ms-ratelimit-remaining-subscription-reads": [
          "14961"
        ],
        "x-ms-correlation-request-id": [
          "293b11a6-e195-4573-83ca-5b02b82fc97a"
        ],
        "x-ms-routing-request-id": [
          "WESTUS:20151207T163223Z:293b11a6-e195-4573-83ca-5b02b82fc97a"
        ],
        "Cache-Control": [
          "no-cache"
        ],
        "Date": [
          "Mon, 07 Dec 2015 16:32:23 GMT"
        ],
        "Set-Cookie": [
          "x-ms-gateway-slice=productionb; path=/"
        ],
        "Server": [
          "Microsoft-IIS/8.5"
        ],
        "X-Powered-By": [
          "ASP.NET"
        ]
      },
      "StatusCode": 200
    },
    {
      "RequestUri": "/subscriptions/ef90e930-9d7f-4a60-8a99-748e0eea69de/resourcegroups/Default-Web-NorthEurope/providers/Microsoft.Web//certificates/B75CBF7439274AE4135E3E69CE6A19693F68D40F/providers/Microsoft.Authorization/permissions?api-version=2015-07-01",
      "EncodedRequestUri": "L3N1YnNjcmlwdGlvbnMvZWY5MGU5MzAtOWQ3Zi00YTYwLThhOTktNzQ4ZTBlZWE2OWRlL3Jlc291cmNlZ3JvdXBzL0RlZmF1bHQtV2ViLU5vcnRoRXVyb3BlL3Byb3ZpZGVycy9NaWNyb3NvZnQuV2ViLy9jZXJ0aWZpY2F0ZXMvQjc1Q0JGNzQzOTI3NEFFNDEzNUUzRTY5Q0U2QTE5NjkzRjY4RDQwRi9wcm92aWRlcnMvTWljcm9zb2Z0LkF1dGhvcml6YXRpb24vcGVybWlzc2lvbnM/YXBpLXZlcnNpb249MjAxNS0wNy0wMQ==",
      "RequestMethod": "GET",
      "RequestBody": "",
      "RequestHeaders": {
        "User-Agent": [
          "Microsoft.Azure.Management.Authorization.AuthorizationManagementClient/2.0.0.0"
        ]
      },
      "ResponseBody": "{\r\n  \"value\": [\r\n    {\r\n      \"actions\": [\r\n        \"*\"\r\n      ],\r\n      \"notActions\": []\r\n    }\r\n  ],\r\n  \"nextLink\": null\r\n}",
      "ResponseHeaders": {
        "Content-Length": [
          "61"
        ],
        "Content-Type": [
          "application/json; charset=utf-8"
        ],
        "Expires": [
          "-1"
        ],
        "Pragma": [
          "no-cache"
        ],
        "x-ms-request-id": [
          "0e3a2f9a-d355-479f-930f-69dc10e2a8ff"
        ],
        "x-ms-gateway-service-instanceid": [
          "PASFE_IN_2"
        ],
        "X-Content-Type-Options": [
          "nosniff"
        ],
        "Strict-Transport-Security": [
          "max-age=31536000; includeSubDomains"
        ],
        "x-ms-ratelimit-remaining-subscription-reads": [
          "14986"
        ],
        "x-ms-correlation-request-id": [
          "baa46654-2abc-44a9-b24a-3bfe6ede4d33"
        ],
        "x-ms-routing-request-id": [
          "WESTUS:20151207T163213Z:baa46654-2abc-44a9-b24a-3bfe6ede4d33"
        ],
        "Cache-Control": [
          "no-cache"
        ],
        "Date": [
          "Mon, 07 Dec 2015 16:32:13 GMT"
        ],
        "Set-Cookie": [
          "x-ms-gateway-slice=productionb; path=/"
        ],
        "Server": [
          "Microsoft-IIS/8.5"
        ],
        "X-Powered-By": [
          "ASP.NET"
        ]
      },
      "StatusCode": 200
    },
    {
      "RequestUri": "/subscriptions/ef90e930-9d7f-4a60-8a99-748e0eea69de/resourcegroups/Default-Web-NorthEurope/providers/Microsoft.Web//certificates/B75CBF7439274AE4135E3E69CE6A19693F68D40F/providers/Microsoft.Authorization/permissions?api-version=2015-07-01",
      "EncodedRequestUri": "L3N1YnNjcmlwdGlvbnMvZWY5MGU5MzAtOWQ3Zi00YTYwLThhOTktNzQ4ZTBlZWE2OWRlL3Jlc291cmNlZ3JvdXBzL0RlZmF1bHQtV2ViLU5vcnRoRXVyb3BlL3Byb3ZpZGVycy9NaWNyb3NvZnQuV2ViLy9jZXJ0aWZpY2F0ZXMvQjc1Q0JGNzQzOTI3NEFFNDEzNUUzRTY5Q0U2QTE5NjkzRjY4RDQwRi9wcm92aWRlcnMvTWljcm9zb2Z0LkF1dGhvcml6YXRpb24vcGVybWlzc2lvbnM/YXBpLXZlcnNpb249MjAxNS0wNy0wMQ==",
      "RequestMethod": "GET",
      "RequestBody": "",
      "RequestHeaders": {
        "User-Agent": [
          "Microsoft.Azure.Management.Authorization.AuthorizationManagementClient/2.0.0.0"
        ]
      },
      "ResponseBody": "{\r\n  \"value\": [\r\n    {\r\n      \"actions\": [\r\n        \"*\"\r\n      ],\r\n      \"notActions\": []\r\n    }\r\n  ],\r\n  \"nextLink\": null\r\n}",
      "ResponseHeaders": {
        "Content-Length": [
          "61"
        ],
        "Content-Type": [
          "application/json; charset=utf-8"
        ],
        "Expires": [
          "-1"
        ],
        "Pragma": [
          "no-cache"
        ],
        "x-ms-request-id": [
          "237fd927-a568-4e00-84cb-e352d20fd7fe"
        ],
        "x-ms-gateway-service-instanceid": [
          "PASFE_IN_2"
        ],
        "X-Content-Type-Options": [
          "nosniff"
        ],
        "Strict-Transport-Security": [
          "max-age=31536000; includeSubDomains"
        ],
        "x-ms-ratelimit-remaining-subscription-reads": [
          "14974"
        ],
        "x-ms-correlation-request-id": [
          "a40aca34-a22a-4f9d-b0e4-8ef69d0cedf7"
        ],
        "x-ms-routing-request-id": [
          "WESTUS:20151207T163217Z:a40aca34-a22a-4f9d-b0e4-8ef69d0cedf7"
        ],
        "Cache-Control": [
          "no-cache"
        ],
        "Date": [
          "Mon, 07 Dec 2015 16:32:17 GMT"
        ],
        "Set-Cookie": [
          "x-ms-gateway-slice=productionb; path=/"
        ],
        "Server": [
          "Microsoft-IIS/8.5"
        ],
        "X-Powered-By": [
          "ASP.NET"
        ]
      },
      "StatusCode": 200
    },
    {
      "RequestUri": "/subscriptions/ef90e930-9d7f-4a60-8a99-748e0eea69de/resourcegroups/Default-Web-NorthEurope/providers/Microsoft.Web//certificates/B75CBF7439274AE4135E3E69CE6A19693F68D40F/providers/Microsoft.Authorization/permissions?api-version=2015-07-01",
      "EncodedRequestUri": "L3N1YnNjcmlwdGlvbnMvZWY5MGU5MzAtOWQ3Zi00YTYwLThhOTktNzQ4ZTBlZWE2OWRlL3Jlc291cmNlZ3JvdXBzL0RlZmF1bHQtV2ViLU5vcnRoRXVyb3BlL3Byb3ZpZGVycy9NaWNyb3NvZnQuV2ViLy9jZXJ0aWZpY2F0ZXMvQjc1Q0JGNzQzOTI3NEFFNDEzNUUzRTY5Q0U2QTE5NjkzRjY4RDQwRi9wcm92aWRlcnMvTWljcm9zb2Z0LkF1dGhvcml6YXRpb24vcGVybWlzc2lvbnM/YXBpLXZlcnNpb249MjAxNS0wNy0wMQ==",
      "RequestMethod": "GET",
      "RequestBody": "",
      "RequestHeaders": {
        "User-Agent": [
          "Microsoft.Azure.Management.Authorization.AuthorizationManagementClient/2.0.0.0"
        ]
      },
      "ResponseBody": "{\r\n  \"value\": [\r\n    {\r\n      \"actions\": [\r\n        \"*\"\r\n      ],\r\n      \"notActions\": []\r\n    }\r\n  ],\r\n  \"nextLink\": null\r\n}",
      "ResponseHeaders": {
        "Content-Length": [
          "61"
        ],
        "Content-Type": [
          "application/json; charset=utf-8"
        ],
        "Expires": [
          "-1"
        ],
        "Pragma": [
          "no-cache"
        ],
        "x-ms-request-id": [
          "493bd5c7-e417-4857-9b06-1de7768da71c"
        ],
        "x-ms-gateway-service-instanceid": [
          "PASFE_IN_3"
        ],
        "X-Content-Type-Options": [
          "nosniff"
        ],
        "Strict-Transport-Security": [
          "max-age=31536000; includeSubDomains"
        ],
        "x-ms-ratelimit-remaining-subscription-reads": [
          "14960"
        ],
        "x-ms-correlation-request-id": [
          "53d7721a-0034-4499-85b8-933544d45581"
        ],
        "x-ms-routing-request-id": [
          "WESTUS:20151207T163223Z:53d7721a-0034-4499-85b8-933544d45581"
        ],
        "Cache-Control": [
          "no-cache"
        ],
        "Date": [
          "Mon, 07 Dec 2015 16:32:23 GMT"
        ],
        "Set-Cookie": [
          "x-ms-gateway-slice=productionb; path=/"
        ],
        "Server": [
          "Microsoft-IIS/8.5"
        ],
        "X-Powered-By": [
          "ASP.NET"
        ]
      },
      "StatusCode": 200
    },
    {
      "RequestUri": "/subscriptions/ef90e930-9d7f-4a60-8a99-748e0eea69de/resourcegroups/Default-Web-WestUS/providers/Microsoft.Web//certificates/6BD61F8B1250FF73790CB997A763985502951DC3/providers/Microsoft.Authorization/permissions?api-version=2015-07-01",
      "EncodedRequestUri": "L3N1YnNjcmlwdGlvbnMvZWY5MGU5MzAtOWQ3Zi00YTYwLThhOTktNzQ4ZTBlZWE2OWRlL3Jlc291cmNlZ3JvdXBzL0RlZmF1bHQtV2ViLVdlc3RVUy9wcm92aWRlcnMvTWljcm9zb2Z0LldlYi8vY2VydGlmaWNhdGVzLzZCRDYxRjhCMTI1MEZGNzM3OTBDQjk5N0E3NjM5ODU1MDI5NTFEQzMvcHJvdmlkZXJzL01pY3Jvc29mdC5BdXRob3JpemF0aW9uL3Blcm1pc3Npb25zP2FwaS12ZXJzaW9uPTIwMTUtMDctMDE=",
      "RequestMethod": "GET",
      "RequestBody": "",
      "RequestHeaders": {
        "User-Agent": [
          "Microsoft.Azure.Management.Authorization.AuthorizationManagementClient/2.0.0.0"
        ]
      },
      "ResponseBody": "{\r\n  \"value\": [\r\n    {\r\n      \"actions\": [\r\n        \"*\"\r\n      ],\r\n      \"notActions\": []\r\n    }\r\n  ],\r\n  \"nextLink\": null\r\n}",
      "ResponseHeaders": {
        "Content-Length": [
          "61"
        ],
        "Content-Type": [
          "application/json; charset=utf-8"
        ],
        "Expires": [
          "-1"
        ],
        "Pragma": [
          "no-cache"
        ],
        "x-ms-request-id": [
          "c69efd4e-5929-4100-a09e-7fb4714e50c5"
        ],
        "x-ms-gateway-service-instanceid": [
          "PASFE_IN_0"
        ],
        "X-Content-Type-Options": [
          "nosniff"
        ],
        "Strict-Transport-Security": [
          "max-age=31536000; includeSubDomains"
        ],
        "x-ms-ratelimit-remaining-subscription-reads": [
          "14985"
        ],
        "x-ms-correlation-request-id": [
          "ad9414f2-abe7-4669-942d-7f76003de737"
        ],
        "x-ms-routing-request-id": [
          "WESTUS:20151207T163213Z:ad9414f2-abe7-4669-942d-7f76003de737"
        ],
        "Cache-Control": [
          "no-cache"
        ],
        "Date": [
          "Mon, 07 Dec 2015 16:32:13 GMT"
        ],
        "Set-Cookie": [
          "x-ms-gateway-slice=productionb; path=/"
        ],
        "Server": [
          "Microsoft-IIS/8.5"
        ],
        "X-Powered-By": [
          "ASP.NET"
        ]
      },
      "StatusCode": 200
    },
    {
      "RequestUri": "/subscriptions/ef90e930-9d7f-4a60-8a99-748e0eea69de/resourcegroups/Default-Web-WestUS/providers/Microsoft.Web//certificates/6BD61F8B1250FF73790CB997A763985502951DC3/providers/Microsoft.Authorization/permissions?api-version=2015-07-01",
      "EncodedRequestUri": "L3N1YnNjcmlwdGlvbnMvZWY5MGU5MzAtOWQ3Zi00YTYwLThhOTktNzQ4ZTBlZWE2OWRlL3Jlc291cmNlZ3JvdXBzL0RlZmF1bHQtV2ViLVdlc3RVUy9wcm92aWRlcnMvTWljcm9zb2Z0LldlYi8vY2VydGlmaWNhdGVzLzZCRDYxRjhCMTI1MEZGNzM3OTBDQjk5N0E3NjM5ODU1MDI5NTFEQzMvcHJvdmlkZXJzL01pY3Jvc29mdC5BdXRob3JpemF0aW9uL3Blcm1pc3Npb25zP2FwaS12ZXJzaW9uPTIwMTUtMDctMDE=",
      "RequestMethod": "GET",
      "RequestBody": "",
      "RequestHeaders": {
        "User-Agent": [
          "Microsoft.Azure.Management.Authorization.AuthorizationManagementClient/2.0.0.0"
        ]
      },
      "ResponseBody": "{\r\n  \"value\": [\r\n    {\r\n      \"actions\": [\r\n        \"*\"\r\n      ],\r\n      \"notActions\": []\r\n    }\r\n  ],\r\n  \"nextLink\": null\r\n}",
      "ResponseHeaders": {
        "Content-Length": [
          "61"
        ],
        "Content-Type": [
          "application/json; charset=utf-8"
        ],
        "Expires": [
          "-1"
        ],
        "Pragma": [
          "no-cache"
        ],
        "x-ms-request-id": [
          "f6034fb6-78bc-4acd-a2a8-b41324b58153"
        ],
        "x-ms-gateway-service-instanceid": [
          "PASFE_IN_0"
        ],
        "X-Content-Type-Options": [
          "nosniff"
        ],
        "Strict-Transport-Security": [
          "max-age=31536000; includeSubDomains"
        ],
        "x-ms-ratelimit-remaining-subscription-reads": [
          "14973"
        ],
        "x-ms-correlation-request-id": [
          "a9f50197-eee3-4910-9a60-2ac6a5267392"
        ],
        "x-ms-routing-request-id": [
          "WESTUS:20151207T163217Z:a9f50197-eee3-4910-9a60-2ac6a5267392"
        ],
        "Cache-Control": [
          "no-cache"
        ],
        "Date": [
          "Mon, 07 Dec 2015 16:32:17 GMT"
        ],
        "Set-Cookie": [
          "x-ms-gateway-slice=productionb; path=/"
        ],
        "Server": [
          "Microsoft-IIS/8.5"
        ],
        "X-Powered-By": [
          "ASP.NET"
        ]
      },
      "StatusCode": 200
    },
    {
      "RequestUri": "/subscriptions/ef90e930-9d7f-4a60-8a99-748e0eea69de/resourcegroups/Default-Web-WestUS/providers/Microsoft.Web//certificates/6BD61F8B1250FF73790CB997A763985502951DC3/providers/Microsoft.Authorization/permissions?api-version=2015-07-01",
      "EncodedRequestUri": "L3N1YnNjcmlwdGlvbnMvZWY5MGU5MzAtOWQ3Zi00YTYwLThhOTktNzQ4ZTBlZWE2OWRlL3Jlc291cmNlZ3JvdXBzL0RlZmF1bHQtV2ViLVdlc3RVUy9wcm92aWRlcnMvTWljcm9zb2Z0LldlYi8vY2VydGlmaWNhdGVzLzZCRDYxRjhCMTI1MEZGNzM3OTBDQjk5N0E3NjM5ODU1MDI5NTFEQzMvcHJvdmlkZXJzL01pY3Jvc29mdC5BdXRob3JpemF0aW9uL3Blcm1pc3Npb25zP2FwaS12ZXJzaW9uPTIwMTUtMDctMDE=",
      "RequestMethod": "GET",
      "RequestBody": "",
      "RequestHeaders": {
        "User-Agent": [
          "Microsoft.Azure.Management.Authorization.AuthorizationManagementClient/2.0.0.0"
        ]
      },
      "ResponseBody": "{\r\n  \"value\": [\r\n    {\r\n      \"actions\": [\r\n        \"*\"\r\n      ],\r\n      \"notActions\": []\r\n    }\r\n  ],\r\n  \"nextLink\": null\r\n}",
      "ResponseHeaders": {
        "Content-Length": [
          "61"
        ],
        "Content-Type": [
          "application/json; charset=utf-8"
        ],
        "Expires": [
          "-1"
        ],
        "Pragma": [
          "no-cache"
        ],
        "x-ms-request-id": [
          "a203b697-91f0-4f63-8217-910a3202f9e2"
        ],
        "x-ms-gateway-service-instanceid": [
          "PASFE_IN_0"
        ],
        "X-Content-Type-Options": [
          "nosniff"
        ],
        "Strict-Transport-Security": [
          "max-age=31536000; includeSubDomains"
        ],
        "x-ms-ratelimit-remaining-subscription-reads": [
          "14959"
        ],
        "x-ms-correlation-request-id": [
          "45def835-e74a-4f02-a4e8-85f6e66b5c4d"
        ],
        "x-ms-routing-request-id": [
          "WESTUS:20151207T163223Z:45def835-e74a-4f02-a4e8-85f6e66b5c4d"
        ],
        "Cache-Control": [
          "no-cache"
        ],
        "Date": [
          "Mon, 07 Dec 2015 16:32:23 GMT"
        ],
        "Set-Cookie": [
          "x-ms-gateway-slice=productionb; path=/"
        ],
        "Server": [
          "Microsoft-IIS/8.5"
        ],
        "X-Powered-By": [
          "ASP.NET"
        ]
      },
      "StatusCode": 200
    },
    {
      "RequestUri": "/subscriptions/ef90e930-9d7f-4a60-8a99-748e0eea69de/resourcegroups/Default-Web-WestUS/providers/Microsoft.Web//certificates/B75CBF7439274AE4135E3E69CE6A19693F68D40F/providers/Microsoft.Authorization/permissions?api-version=2015-07-01",
      "EncodedRequestUri": "L3N1YnNjcmlwdGlvbnMvZWY5MGU5MzAtOWQ3Zi00YTYwLThhOTktNzQ4ZTBlZWE2OWRlL3Jlc291cmNlZ3JvdXBzL0RlZmF1bHQtV2ViLVdlc3RVUy9wcm92aWRlcnMvTWljcm9zb2Z0LldlYi8vY2VydGlmaWNhdGVzL0I3NUNCRjc0MzkyNzRBRTQxMzVFM0U2OUNFNkExOTY5M0Y2OEQ0MEYvcHJvdmlkZXJzL01pY3Jvc29mdC5BdXRob3JpemF0aW9uL3Blcm1pc3Npb25zP2FwaS12ZXJzaW9uPTIwMTUtMDctMDE=",
      "RequestMethod": "GET",
      "RequestBody": "",
      "RequestHeaders": {
        "User-Agent": [
          "Microsoft.Azure.Management.Authorization.AuthorizationManagementClient/2.0.0.0"
        ]
      },
      "ResponseBody": "{\r\n  \"value\": [\r\n    {\r\n      \"actions\": [\r\n        \"*\"\r\n      ],\r\n      \"notActions\": []\r\n    }\r\n  ],\r\n  \"nextLink\": null\r\n}",
      "ResponseHeaders": {
        "Content-Length": [
          "61"
        ],
        "Content-Type": [
          "application/json; charset=utf-8"
        ],
        "Expires": [
          "-1"
        ],
        "Pragma": [
          "no-cache"
        ],
        "x-ms-request-id": [
          "f79ba325-c231-4c25-9db4-edcde0db3c77"
        ],
        "x-ms-gateway-service-instanceid": [
          "PASFE_IN_2"
        ],
        "X-Content-Type-Options": [
          "nosniff"
        ],
        "Strict-Transport-Security": [
          "max-age=31536000; includeSubDomains"
        ],
        "x-ms-ratelimit-remaining-subscription-reads": [
          "14984"
        ],
        "x-ms-correlation-request-id": [
          "4e2386af-f262-4c98-b849-9db524e61eba"
        ],
        "x-ms-routing-request-id": [
          "WESTUS:20151207T163213Z:4e2386af-f262-4c98-b849-9db524e61eba"
        ],
        "Cache-Control": [
          "no-cache"
        ],
        "Date": [
          "Mon, 07 Dec 2015 16:32:13 GMT"
        ],
        "Set-Cookie": [
          "x-ms-gateway-slice=productionb; path=/"
        ],
        "Server": [
          "Microsoft-IIS/8.5"
        ],
        "X-Powered-By": [
          "ASP.NET"
        ]
      },
      "StatusCode": 200
    },
    {
      "RequestUri": "/subscriptions/ef90e930-9d7f-4a60-8a99-748e0eea69de/resourcegroups/Default-Web-WestUS/providers/Microsoft.Web//certificates/B75CBF7439274AE4135E3E69CE6A19693F68D40F/providers/Microsoft.Authorization/permissions?api-version=2015-07-01",
      "EncodedRequestUri": "L3N1YnNjcmlwdGlvbnMvZWY5MGU5MzAtOWQ3Zi00YTYwLThhOTktNzQ4ZTBlZWE2OWRlL3Jlc291cmNlZ3JvdXBzL0RlZmF1bHQtV2ViLVdlc3RVUy9wcm92aWRlcnMvTWljcm9zb2Z0LldlYi8vY2VydGlmaWNhdGVzL0I3NUNCRjc0MzkyNzRBRTQxMzVFM0U2OUNFNkExOTY5M0Y2OEQ0MEYvcHJvdmlkZXJzL01pY3Jvc29mdC5BdXRob3JpemF0aW9uL3Blcm1pc3Npb25zP2FwaS12ZXJzaW9uPTIwMTUtMDctMDE=",
      "RequestMethod": "GET",
      "RequestBody": "",
      "RequestHeaders": {
        "User-Agent": [
          "Microsoft.Azure.Management.Authorization.AuthorizationManagementClient/2.0.0.0"
        ]
      },
      "ResponseBody": "{\r\n  \"value\": [\r\n    {\r\n      \"actions\": [\r\n        \"*\"\r\n      ],\r\n      \"notActions\": []\r\n    }\r\n  ],\r\n  \"nextLink\": null\r\n}",
      "ResponseHeaders": {
        "Content-Length": [
          "61"
        ],
        "Content-Type": [
          "application/json; charset=utf-8"
        ],
        "Expires": [
          "-1"
        ],
        "Pragma": [
          "no-cache"
        ],
        "x-ms-request-id": [
          "2dd9720f-7ff5-4610-ae42-f8e02c6d2297"
        ],
        "x-ms-gateway-service-instanceid": [
          "PASFE_IN_2"
        ],
        "X-Content-Type-Options": [
          "nosniff"
        ],
        "Strict-Transport-Security": [
          "max-age=31536000; includeSubDomains"
        ],
        "x-ms-ratelimit-remaining-subscription-reads": [
          "14972"
        ],
        "x-ms-correlation-request-id": [
          "6b50491d-2f99-4db8-8d71-b6916bf16d82"
        ],
        "x-ms-routing-request-id": [
          "WESTUS:20151207T163217Z:6b50491d-2f99-4db8-8d71-b6916bf16d82"
        ],
        "Cache-Control": [
          "no-cache"
        ],
        "Date": [
          "Mon, 07 Dec 2015 16:32:17 GMT"
        ],
        "Set-Cookie": [
          "x-ms-gateway-slice=productionb; path=/"
        ],
        "Server": [
          "Microsoft-IIS/8.5"
        ],
        "X-Powered-By": [
          "ASP.NET"
        ]
      },
      "StatusCode": 200
    },
    {
      "RequestUri": "/subscriptions/ef90e930-9d7f-4a60-8a99-748e0eea69de/resourcegroups/Default-Web-WestUS/providers/Microsoft.Web//certificates/B75CBF7439274AE4135E3E69CE6A19693F68D40F/providers/Microsoft.Authorization/permissions?api-version=2015-07-01",
      "EncodedRequestUri": "L3N1YnNjcmlwdGlvbnMvZWY5MGU5MzAtOWQ3Zi00YTYwLThhOTktNzQ4ZTBlZWE2OWRlL3Jlc291cmNlZ3JvdXBzL0RlZmF1bHQtV2ViLVdlc3RVUy9wcm92aWRlcnMvTWljcm9zb2Z0LldlYi8vY2VydGlmaWNhdGVzL0I3NUNCRjc0MzkyNzRBRTQxMzVFM0U2OUNFNkExOTY5M0Y2OEQ0MEYvcHJvdmlkZXJzL01pY3Jvc29mdC5BdXRob3JpemF0aW9uL3Blcm1pc3Npb25zP2FwaS12ZXJzaW9uPTIwMTUtMDctMDE=",
      "RequestMethod": "GET",
      "RequestBody": "",
      "RequestHeaders": {
        "User-Agent": [
          "Microsoft.Azure.Management.Authorization.AuthorizationManagementClient/2.0.0.0"
        ]
      },
      "ResponseBody": "{\r\n  \"value\": [\r\n    {\r\n      \"actions\": [\r\n        \"*\"\r\n      ],\r\n      \"notActions\": []\r\n    }\r\n  ],\r\n  \"nextLink\": null\r\n}",
      "ResponseHeaders": {
        "Content-Length": [
          "61"
        ],
        "Content-Type": [
          "application/json; charset=utf-8"
        ],
        "Expires": [
          "-1"
        ],
        "Pragma": [
          "no-cache"
        ],
        "x-ms-request-id": [
          "26ed1903-f978-421f-8192-54a82ddf41c2"
        ],
        "x-ms-gateway-service-instanceid": [
          "PASFE_IN_2"
        ],
        "X-Content-Type-Options": [
          "nosniff"
        ],
        "Strict-Transport-Security": [
          "max-age=31536000; includeSubDomains"
        ],
        "x-ms-ratelimit-remaining-subscription-reads": [
          "14958"
        ],
        "x-ms-correlation-request-id": [
          "b74150ae-4e31-436e-9a97-9752d1e77487"
        ],
        "x-ms-routing-request-id": [
          "WESTUS:20151207T163223Z:b74150ae-4e31-436e-9a97-9752d1e77487"
        ],
        "Cache-Control": [
          "no-cache"
        ],
        "Date": [
          "Mon, 07 Dec 2015 16:32:23 GMT"
        ],
        "Set-Cookie": [
          "x-ms-gateway-slice=productionb; path=/"
        ],
        "Server": [
          "Microsoft-IIS/8.5"
        ],
        "X-Powered-By": [
          "ASP.NET"
        ]
      },
      "StatusCode": 200
    },
    {
      "RequestUri": "/subscriptions/ef90e930-9d7f-4a60-8a99-748e0eea69de/resourceGroups/appdemorg/providers/Microsoft.Web/certificates/40D6600B0B8740C41BA4B3D13B967DDEF6ED1918_asedemo_West%20US_webappsslbindingrb?api-version=2015-08-01",
      "EncodedRequestUri": "L3N1YnNjcmlwdGlvbnMvZWY5MGU5MzAtOWQ3Zi00YTYwLThhOTktNzQ4ZTBlZWE2OWRlL3Jlc291cmNlR3JvdXBzL2FwcGRlbW9yZy9wcm92aWRlcnMvTWljcm9zb2Z0LldlYi9jZXJ0aWZpY2F0ZXMvNDBENjYwMEIwQjg3NDBDNDFCQTRCM0QxM0I5NjdEREVGNkVEMTkxOF9hc2VkZW1vX1dlc3QlMjBVU193ZWJhcHBzc2xiaW5kaW5ncmI/YXBpLXZlcnNpb249MjAxNS0wOC0wMQ==",
      "RequestMethod": "GET",
      "RequestBody": "",
      "RequestHeaders": {
        "x-ms-client-request-id": [
          "f7c7a0b1-13a3-45d1-8de0-ebc0400bc5ea"
        ],
        "accept-language": [
          "en-US"
        ],
        "User-Agent": [
          "Microsoft.Azure.Management.WebSites.WebSiteManagementClient/1.0.0.0"
        ]
      },
      "ResponseBody": "{\r\n  \"id\": \"/subscriptions/ef90e930-9d7f-4a60-8a99-748e0eea69de/resourceGroups/appdemorg/providers/Microsoft.Web/certificates/40D6600B0B8740C41BA4B3D13B967DDEF6ED1918_asedemo_West US_webappsslbindingrb\",\r\n  \"name\": \"40D6600B0B8740C41BA4B3D13B967DDEF6ED1918_asedemo_West US_webappsslbindingrb\",\r\n  \"type\": \"Microsoft.Web/certificates\",\r\n  \"location\": \"West US\",\r\n  \"tags\": null,\r\n  \"properties\": {\r\n    \"friendlyName\": \"\",\r\n    \"subjectName\": \"*.webappsslbindingtests.com\",\r\n    \"hostNames\": [\r\n      \"*.webappsslbindingtests.com\"\r\n    ],\r\n    \"pfxBlob\": null,\r\n    \"siteName\": null,\r\n    \"selfLink\": null,\r\n    \"issuer\": \"*.webappsslbindingtests.com\",\r\n    \"issueDate\": \"2015-12-06T15:40:49-08:00\",\r\n    \"expirationDate\": \"2039-12-31T15:59:59-08:00\",\r\n    \"password\": null,\r\n    \"thumbprint\": \"40D6600B0B8740C41BA4B3D13B967DDEF6ED1918\",\r\n    \"valid\": null,\r\n    \"toDelete\": null,\r\n    \"cerBlob\": null,\r\n    \"publicKeyHash\": null,\r\n    \"hostingEnvironment\": null,\r\n    \"hostingEnvironmentProfile\": {\r\n      \"id\": \"/subscriptions/ef90e930-9d7f-4a60-8a99-748e0eea69de/resourceGroups/appdemorg/providers/Microsoft.Web/hostingEnvironments/asedemo\",\r\n      \"name\": \"asedemo\",\r\n      \"type\": \"Microsoft.Web/hostingEnvironments\"\r\n    },\r\n    \"keyVaultId\": \"\",\r\n    \"keyVaultSecretName\": \"\",\r\n    \"webSpace\": \"appdemorg-asedemoappseWestUSwebspace\",\r\n    \"tags\": null\r\n  }\r\n}",
      "ResponseHeaders": {
        "Content-Length": [
          "1135"
        ],
        "Content-Type": [
          "application/json"
        ],
        "Expires": [
          "-1"
        ],
        "Pragma": [
          "no-cache"
        ],
        "Strict-Transport-Security": [
          "max-age=31536000; includeSubDomains"
        ],
        "x-ms-request-id": [
          "ef6412ee-eb4a-4b39-9ab8-ebc07e545243"
        ],
        "x-ms-ratelimit-remaining-subscription-reads": [
          "14983"
        ],
        "x-ms-correlation-request-id": [
          "46cf4de9-a9df-44c5-afac-a4bae9a9aa58"
        ],
        "x-ms-routing-request-id": [
          "WESTUS:20151207T163214Z:46cf4de9-a9df-44c5-afac-a4bae9a9aa58"
        ],
        "Cache-Control": [
          "no-cache"
        ],
        "Date": [
          "Mon, 07 Dec 2015 16:32:14 GMT"
        ],
        "Server": [
          "Microsoft-IIS/8.0"
        ],
        "X-AspNet-Version": [
          "4.0.30319"
        ],
        "X-Powered-By": [
          "ASP.NET"
        ]
      },
      "StatusCode": 200
    },
    {
      "RequestUri": "/subscriptions/ef90e930-9d7f-4a60-8a99-748e0eea69de/resourceGroups/appdemorg/providers/Microsoft.Web/certificates/40D6600B0B8740C41BA4B3D13B967DDEF6ED1918_asedemo_West%20US_webappsslbindingrb?api-version=2015-08-01",
      "EncodedRequestUri": "L3N1YnNjcmlwdGlvbnMvZWY5MGU5MzAtOWQ3Zi00YTYwLThhOTktNzQ4ZTBlZWE2OWRlL3Jlc291cmNlR3JvdXBzL2FwcGRlbW9yZy9wcm92aWRlcnMvTWljcm9zb2Z0LldlYi9jZXJ0aWZpY2F0ZXMvNDBENjYwMEIwQjg3NDBDNDFCQTRCM0QxM0I5NjdEREVGNkVEMTkxOF9hc2VkZW1vX1dlc3QlMjBVU193ZWJhcHBzc2xiaW5kaW5ncmI/YXBpLXZlcnNpb249MjAxNS0wOC0wMQ==",
      "RequestMethod": "GET",
      "RequestBody": "",
      "RequestHeaders": {
        "x-ms-client-request-id": [
          "52b87237-4c9d-4292-9e0f-d66deb0d36ba"
        ],
        "accept-language": [
          "en-US"
        ],
        "User-Agent": [
          "Microsoft.Azure.Management.WebSites.WebSiteManagementClient/1.0.0.0"
        ]
      },
      "ResponseBody": "{\r\n  \"id\": \"/subscriptions/ef90e930-9d7f-4a60-8a99-748e0eea69de/resourceGroups/appdemorg/providers/Microsoft.Web/certificates/40D6600B0B8740C41BA4B3D13B967DDEF6ED1918_asedemo_West US_webappsslbindingrb\",\r\n  \"name\": \"40D6600B0B8740C41BA4B3D13B967DDEF6ED1918_asedemo_West US_webappsslbindingrb\",\r\n  \"type\": \"Microsoft.Web/certificates\",\r\n  \"location\": \"West US\",\r\n  \"tags\": null,\r\n  \"properties\": {\r\n    \"friendlyName\": \"\",\r\n    \"subjectName\": \"*.webappsslbindingtests.com\",\r\n    \"hostNames\": [\r\n      \"*.webappsslbindingtests.com\"\r\n    ],\r\n    \"pfxBlob\": null,\r\n    \"siteName\": null,\r\n    \"selfLink\": null,\r\n    \"issuer\": \"*.webappsslbindingtests.com\",\r\n    \"issueDate\": \"2015-12-06T15:40:49-08:00\",\r\n    \"expirationDate\": \"2039-12-31T15:59:59-08:00\",\r\n    \"password\": null,\r\n    \"thumbprint\": \"40D6600B0B8740C41BA4B3D13B967DDEF6ED1918\",\r\n    \"valid\": null,\r\n    \"toDelete\": null,\r\n    \"cerBlob\": null,\r\n    \"publicKeyHash\": null,\r\n    \"hostingEnvironment\": null,\r\n    \"hostingEnvironmentProfile\": {\r\n      \"id\": \"/subscriptions/ef90e930-9d7f-4a60-8a99-748e0eea69de/resourceGroups/appdemorg/providers/Microsoft.Web/hostingEnvironments/asedemo\",\r\n      \"name\": \"asedemo\",\r\n      \"type\": \"Microsoft.Web/hostingEnvironments\"\r\n    },\r\n    \"keyVaultId\": \"\",\r\n    \"keyVaultSecretName\": \"\",\r\n    \"webSpace\": \"appdemorg-asedemoappseWestUSwebspace\",\r\n    \"tags\": null\r\n  }\r\n}",
      "ResponseHeaders": {
        "Content-Length": [
          "1135"
        ],
        "Content-Type": [
          "application/json"
        ],
        "Expires": [
          "-1"
        ],
        "Pragma": [
          "no-cache"
        ],
        "Strict-Transport-Security": [
          "max-age=31536000; includeSubDomains"
        ],
        "x-ms-request-id": [
          "3c22b948-4b3c-47ef-bd9f-4873e9f30a33"
        ],
        "x-ms-ratelimit-remaining-subscription-reads": [
          "14971"
        ],
        "x-ms-correlation-request-id": [
          "b381554b-c341-4be2-8ac7-79bf2976f254"
        ],
        "x-ms-routing-request-id": [
          "WESTUS:20151207T163218Z:b381554b-c341-4be2-8ac7-79bf2976f254"
        ],
        "Cache-Control": [
          "no-cache"
        ],
        "Date": [
          "Mon, 07 Dec 2015 16:32:17 GMT"
        ],
        "Server": [
          "Microsoft-IIS/8.0"
        ],
        "X-AspNet-Version": [
          "4.0.30319"
        ],
        "X-Powered-By": [
          "ASP.NET"
        ]
      },
      "StatusCode": 200
    },
    {
      "RequestUri": "/subscriptions/ef90e930-9d7f-4a60-8a99-748e0eea69de/resourceGroups/appdemorg/providers/Microsoft.Web/certificates/40D6600B0B8740C41BA4B3D13B967DDEF6ED1918_asedemo_West%20US_webappsslbindingrb?api-version=2015-08-01",
      "EncodedRequestUri": "L3N1YnNjcmlwdGlvbnMvZWY5MGU5MzAtOWQ3Zi00YTYwLThhOTktNzQ4ZTBlZWE2OWRlL3Jlc291cmNlR3JvdXBzL2FwcGRlbW9yZy9wcm92aWRlcnMvTWljcm9zb2Z0LldlYi9jZXJ0aWZpY2F0ZXMvNDBENjYwMEIwQjg3NDBDNDFCQTRCM0QxM0I5NjdEREVGNkVEMTkxOF9hc2VkZW1vX1dlc3QlMjBVU193ZWJhcHBzc2xiaW5kaW5ncmI/YXBpLXZlcnNpb249MjAxNS0wOC0wMQ==",
      "RequestMethod": "GET",
      "RequestBody": "",
      "RequestHeaders": {
        "x-ms-client-request-id": [
          "e20e4f55-bc96-4521-a1f2-ad2acd02d8ce"
        ],
        "accept-language": [
          "en-US"
        ],
        "User-Agent": [
          "Microsoft.Azure.Management.WebSites.WebSiteManagementClient/1.0.0.0"
        ]
      },
      "ResponseBody": "{\r\n  \"id\": \"/subscriptions/ef90e930-9d7f-4a60-8a99-748e0eea69de/resourceGroups/appdemorg/providers/Microsoft.Web/certificates/40D6600B0B8740C41BA4B3D13B967DDEF6ED1918_asedemo_West US_webappsslbindingrb\",\r\n  \"name\": \"40D6600B0B8740C41BA4B3D13B967DDEF6ED1918_asedemo_West US_webappsslbindingrb\",\r\n  \"type\": \"Microsoft.Web/certificates\",\r\n  \"location\": \"West US\",\r\n  \"tags\": null,\r\n  \"properties\": {\r\n    \"friendlyName\": \"\",\r\n    \"subjectName\": \"*.webappsslbindingtests.com\",\r\n    \"hostNames\": [\r\n      \"*.webappsslbindingtests.com\"\r\n    ],\r\n    \"pfxBlob\": null,\r\n    \"siteName\": null,\r\n    \"selfLink\": null,\r\n    \"issuer\": \"*.webappsslbindingtests.com\",\r\n    \"issueDate\": \"2015-12-06T15:40:49-08:00\",\r\n    \"expirationDate\": \"2039-12-31T15:59:59-08:00\",\r\n    \"password\": null,\r\n    \"thumbprint\": \"40D6600B0B8740C41BA4B3D13B967DDEF6ED1918\",\r\n    \"valid\": null,\r\n    \"toDelete\": null,\r\n    \"cerBlob\": null,\r\n    \"publicKeyHash\": null,\r\n    \"hostingEnvironment\": null,\r\n    \"hostingEnvironmentProfile\": {\r\n      \"id\": \"/subscriptions/ef90e930-9d7f-4a60-8a99-748e0eea69de/resourceGroups/appdemorg/providers/Microsoft.Web/hostingEnvironments/asedemo\",\r\n      \"name\": \"asedemo\",\r\n      \"type\": \"Microsoft.Web/hostingEnvironments\"\r\n    },\r\n    \"keyVaultId\": \"\",\r\n    \"keyVaultSecretName\": \"\",\r\n    \"webSpace\": \"appdemorg-asedemoappseWestUSwebspace\",\r\n    \"tags\": null\r\n  }\r\n}",
      "ResponseHeaders": {
        "Content-Length": [
          "1135"
        ],
        "Content-Type": [
          "application/json"
        ],
        "Expires": [
          "-1"
        ],
        "Pragma": [
          "no-cache"
        ],
        "Strict-Transport-Security": [
          "max-age=31536000; includeSubDomains"
        ],
        "x-ms-request-id": [
          "bf5c77be-15db-415b-aecd-a6b469cf9cc0"
        ],
        "x-ms-ratelimit-remaining-subscription-reads": [
          "14957"
        ],
        "x-ms-correlation-request-id": [
          "7f61c691-65b7-4875-be5e-5d320fc58d34"
        ],
        "x-ms-routing-request-id": [
          "WESTUS:20151207T163224Z:7f61c691-65b7-4875-be5e-5d320fc58d34"
        ],
        "Cache-Control": [
          "no-cache"
        ],
        "Date": [
          "Mon, 07 Dec 2015 16:32:24 GMT"
        ],
        "Server": [
          "Microsoft-IIS/8.0"
        ],
        "X-AspNet-Version": [
          "4.0.30319"
        ],
        "X-Powered-By": [
          "ASP.NET"
        ]
      },
      "StatusCode": 200
    },
    {
      "RequestUri": "/subscriptions/ef90e930-9d7f-4a60-8a99-748e0eea69de/resourceGroups/appdemorg/providers/Microsoft.Web/certificates/487D8A28A8EBCD3E5B8027746410B95B37CD4A22%23asedemo%23West%20US%23appdemorg-asedemoappseWestUSwebspace?api-version=2015-08-01",
      "EncodedRequestUri": "L3N1YnNjcmlwdGlvbnMvZWY5MGU5MzAtOWQ3Zi00YTYwLThhOTktNzQ4ZTBlZWE2OWRlL3Jlc291cmNlR3JvdXBzL2FwcGRlbW9yZy9wcm92aWRlcnMvTWljcm9zb2Z0LldlYi9jZXJ0aWZpY2F0ZXMvNDg3RDhBMjhBOEVCQ0QzRTVCODAyNzc0NjQxMEI5NUIzN0NENEEyMiUyM2FzZWRlbW8lMjNXZXN0JTIwVVMlMjNhcHBkZW1vcmctYXNlZGVtb2FwcHNlV2VzdFVTd2Vic3BhY2U/YXBpLXZlcnNpb249MjAxNS0wOC0wMQ==",
      "RequestMethod": "GET",
      "RequestBody": "",
      "RequestHeaders": {
        "x-ms-client-request-id": [
          "727acc4f-2911-4799-880d-1145582dc97f"
        ],
        "accept-language": [
          "en-US"
        ],
        "User-Agent": [
          "Microsoft.Azure.Management.WebSites.WebSiteManagementClient/1.0.0.0"
        ]
      },
      "ResponseBody": "{\r\n  \"id\": \"/subscriptions/ef90e930-9d7f-4a60-8a99-748e0eea69de/resourceGroups/appdemorg/providers/Microsoft.Web/certificates/487D8A28A8EBCD3E5B8027746410B95B37CD4A22#asedemo#West US#appdemorg-asedemoappseWestUSwebspace\",\r\n  \"name\": \"487D8A28A8EBCD3E5B8027746410B95B37CD4A22#asedemo#West US#appdemorg-asedemoappseWestUSwebspace\",\r\n  \"type\": \"Microsoft.Web/certificates\",\r\n  \"location\": \"West US\",\r\n  \"tags\": null,\r\n  \"properties\": {\r\n    \"friendlyName\": \"\",\r\n    \"subjectName\": \"*.contosoweb.net,contosoweb.net\",\r\n    \"hostNames\": [\r\n      \"*.contosoweb.net\",\r\n      \"contosoweb.net\"\r\n    ],\r\n    \"pfxBlob\": null,\r\n    \"siteName\": null,\r\n    \"selfLink\": null,\r\n    \"issuer\": \"COMODO RSA Domain Validation Secure Server CA\",\r\n    \"issueDate\": \"2015-10-07T17:00:00-07:00\",\r\n    \"expirationDate\": \"2016-10-07T16:59:59-07:00\",\r\n    \"password\": null,\r\n    \"thumbprint\": \"487D8A28A8EBCD3E5B8027746410B95B37CD4A22\",\r\n    \"valid\": null,\r\n    \"toDelete\": null,\r\n    \"cerBlob\": null,\r\n    \"publicKeyHash\": null,\r\n    \"hostingEnvironment\": null,\r\n    \"hostingEnvironmentProfile\": {\r\n      \"id\": \"/subscriptions/ef90e930-9d7f-4a60-8a99-748e0eea69de/resourceGroups/appdemorg/providers/Microsoft.Web/hostingEnvironments/asedemo\",\r\n      \"name\": \"asedemo\",\r\n      \"type\": \"Microsoft.Web/hostingEnvironments\"\r\n    },\r\n    \"webSpace\": \"appdemorg-asedemoappseWestUSwebspace\",\r\n    \"tags\": null\r\n  }\r\n}",
      "ResponseHeaders": {
        "Content-Length": [
          "1159"
        ],
        "Content-Type": [
          "application/json"
        ],
        "Expires": [
          "-1"
        ],
        "Pragma": [
          "no-cache"
        ],
        "Strict-Transport-Security": [
          "max-age=31536000; includeSubDomains"
        ],
        "x-ms-request-id": [
          "cfe74d6d-8ce8-4f1a-b92c-fe2d54be6fc5"
        ],
        "x-ms-ratelimit-remaining-subscription-reads": [
          "14982"
        ],
        "x-ms-correlation-request-id": [
          "5ae358e6-7066-4118-a3d7-8ca0745de5fb"
        ],
        "x-ms-routing-request-id": [
          "WESTUS:20151207T163215Z:5ae358e6-7066-4118-a3d7-8ca0745de5fb"
        ],
        "Cache-Control": [
          "no-cache"
        ],
        "Date": [
          "Mon, 07 Dec 2015 16:32:14 GMT"
        ],
        "Server": [
          "Microsoft-IIS/8.0"
        ],
        "X-AspNet-Version": [
          "4.0.30319"
        ],
        "X-Powered-By": [
          "ASP.NET"
        ]
      },
      "StatusCode": 200
    },
    {
      "RequestUri": "/subscriptions/ef90e930-9d7f-4a60-8a99-748e0eea69de/resourceGroups/appdemorg/providers/Microsoft.Web/certificates/487D8A28A8EBCD3E5B8027746410B95B37CD4A22%23asedemo%23West%20US%23appdemorg-asedemoappseWestUSwebspace?api-version=2015-08-01",
      "EncodedRequestUri": "L3N1YnNjcmlwdGlvbnMvZWY5MGU5MzAtOWQ3Zi00YTYwLThhOTktNzQ4ZTBlZWE2OWRlL3Jlc291cmNlR3JvdXBzL2FwcGRlbW9yZy9wcm92aWRlcnMvTWljcm9zb2Z0LldlYi9jZXJ0aWZpY2F0ZXMvNDg3RDhBMjhBOEVCQ0QzRTVCODAyNzc0NjQxMEI5NUIzN0NENEEyMiUyM2FzZWRlbW8lMjNXZXN0JTIwVVMlMjNhcHBkZW1vcmctYXNlZGVtb2FwcHNlV2VzdFVTd2Vic3BhY2U/YXBpLXZlcnNpb249MjAxNS0wOC0wMQ==",
      "RequestMethod": "GET",
      "RequestBody": "",
      "RequestHeaders": {
        "x-ms-client-request-id": [
          "0078b39f-b026-431f-a843-5872d34e0351"
        ],
        "accept-language": [
          "en-US"
        ],
        "User-Agent": [
          "Microsoft.Azure.Management.WebSites.WebSiteManagementClient/1.0.0.0"
        ]
      },
      "ResponseBody": "{\r\n  \"id\": \"/subscriptions/ef90e930-9d7f-4a60-8a99-748e0eea69de/resourceGroups/appdemorg/providers/Microsoft.Web/certificates/487D8A28A8EBCD3E5B8027746410B95B37CD4A22#asedemo#West US#appdemorg-asedemoappseWestUSwebspace\",\r\n  \"name\": \"487D8A28A8EBCD3E5B8027746410B95B37CD4A22#asedemo#West US#appdemorg-asedemoappseWestUSwebspace\",\r\n  \"type\": \"Microsoft.Web/certificates\",\r\n  \"location\": \"West US\",\r\n  \"tags\": null,\r\n  \"properties\": {\r\n    \"friendlyName\": \"\",\r\n    \"subjectName\": \"*.contosoweb.net,contosoweb.net\",\r\n    \"hostNames\": [\r\n      \"*.contosoweb.net\",\r\n      \"contosoweb.net\"\r\n    ],\r\n    \"pfxBlob\": null,\r\n    \"siteName\": null,\r\n    \"selfLink\": null,\r\n    \"issuer\": \"COMODO RSA Domain Validation Secure Server CA\",\r\n    \"issueDate\": \"2015-10-07T17:00:00-07:00\",\r\n    \"expirationDate\": \"2016-10-07T16:59:59-07:00\",\r\n    \"password\": null,\r\n    \"thumbprint\": \"487D8A28A8EBCD3E5B8027746410B95B37CD4A22\",\r\n    \"valid\": null,\r\n    \"toDelete\": null,\r\n    \"cerBlob\": null,\r\n    \"publicKeyHash\": null,\r\n    \"hostingEnvironment\": null,\r\n    \"hostingEnvironmentProfile\": {\r\n      \"id\": \"/subscriptions/ef90e930-9d7f-4a60-8a99-748e0eea69de/resourceGroups/appdemorg/providers/Microsoft.Web/hostingEnvironments/asedemo\",\r\n      \"name\": \"asedemo\",\r\n      \"type\": \"Microsoft.Web/hostingEnvironments\"\r\n    },\r\n    \"webSpace\": \"appdemorg-asedemoappseWestUSwebspace\",\r\n    \"tags\": null\r\n  }\r\n}",
      "ResponseHeaders": {
        "Content-Length": [
          "1159"
        ],
        "Content-Type": [
          "application/json"
        ],
        "Expires": [
          "-1"
        ],
        "Pragma": [
          "no-cache"
        ],
        "Strict-Transport-Security": [
          "max-age=31536000; includeSubDomains"
        ],
        "x-ms-request-id": [
          "f7593797-d13d-4248-9fd9-03160fee45e2"
        ],
        "x-ms-ratelimit-remaining-subscription-reads": [
          "14970"
        ],
        "x-ms-correlation-request-id": [
          "087b6d81-d5ae-4b19-8dfb-4634844f60c6"
        ],
        "x-ms-routing-request-id": [
          "WESTUS:20151207T163218Z:087b6d81-d5ae-4b19-8dfb-4634844f60c6"
        ],
        "Cache-Control": [
          "no-cache"
        ],
        "Date": [
          "Mon, 07 Dec 2015 16:32:17 GMT"
        ],
        "Server": [
          "Microsoft-IIS/8.0"
        ],
        "X-AspNet-Version": [
          "4.0.30319"
        ],
        "X-Powered-By": [
          "ASP.NET"
        ]
      },
      "StatusCode": 200
    },
    {
      "RequestUri": "/subscriptions/ef90e930-9d7f-4a60-8a99-748e0eea69de/resourceGroups/appdemorg/providers/Microsoft.Web/certificates/487D8A28A8EBCD3E5B8027746410B95B37CD4A22%23asedemo%23West%20US%23appdemorg-asedemoappseWestUSwebspace?api-version=2015-08-01",
      "EncodedRequestUri": "L3N1YnNjcmlwdGlvbnMvZWY5MGU5MzAtOWQ3Zi00YTYwLThhOTktNzQ4ZTBlZWE2OWRlL3Jlc291cmNlR3JvdXBzL2FwcGRlbW9yZy9wcm92aWRlcnMvTWljcm9zb2Z0LldlYi9jZXJ0aWZpY2F0ZXMvNDg3RDhBMjhBOEVCQ0QzRTVCODAyNzc0NjQxMEI5NUIzN0NENEEyMiUyM2FzZWRlbW8lMjNXZXN0JTIwVVMlMjNhcHBkZW1vcmctYXNlZGVtb2FwcHNlV2VzdFVTd2Vic3BhY2U/YXBpLXZlcnNpb249MjAxNS0wOC0wMQ==",
      "RequestMethod": "GET",
      "RequestBody": "",
      "RequestHeaders": {
        "x-ms-client-request-id": [
          "9f61c7df-f6f8-47d8-b161-883102ff55d5"
        ],
        "accept-language": [
          "en-US"
        ],
        "User-Agent": [
          "Microsoft.Azure.Management.WebSites.WebSiteManagementClient/1.0.0.0"
        ]
      },
      "ResponseBody": "{\r\n  \"id\": \"/subscriptions/ef90e930-9d7f-4a60-8a99-748e0eea69de/resourceGroups/appdemorg/providers/Microsoft.Web/certificates/487D8A28A8EBCD3E5B8027746410B95B37CD4A22#asedemo#West US#appdemorg-asedemoappseWestUSwebspace\",\r\n  \"name\": \"487D8A28A8EBCD3E5B8027746410B95B37CD4A22#asedemo#West US#appdemorg-asedemoappseWestUSwebspace\",\r\n  \"type\": \"Microsoft.Web/certificates\",\r\n  \"location\": \"West US\",\r\n  \"tags\": null,\r\n  \"properties\": {\r\n    \"friendlyName\": \"\",\r\n    \"subjectName\": \"*.contosoweb.net,contosoweb.net\",\r\n    \"hostNames\": [\r\n      \"*.contosoweb.net\",\r\n      \"contosoweb.net\"\r\n    ],\r\n    \"pfxBlob\": null,\r\n    \"siteName\": null,\r\n    \"selfLink\": null,\r\n    \"issuer\": \"COMODO RSA Domain Validation Secure Server CA\",\r\n    \"issueDate\": \"2015-10-07T17:00:00-07:00\",\r\n    \"expirationDate\": \"2016-10-07T16:59:59-07:00\",\r\n    \"password\": null,\r\n    \"thumbprint\": \"487D8A28A8EBCD3E5B8027746410B95B37CD4A22\",\r\n    \"valid\": null,\r\n    \"toDelete\": null,\r\n    \"cerBlob\": null,\r\n    \"publicKeyHash\": null,\r\n    \"hostingEnvironment\": null,\r\n    \"hostingEnvironmentProfile\": {\r\n      \"id\": \"/subscriptions/ef90e930-9d7f-4a60-8a99-748e0eea69de/resourceGroups/appdemorg/providers/Microsoft.Web/hostingEnvironments/asedemo\",\r\n      \"name\": \"asedemo\",\r\n      \"type\": \"Microsoft.Web/hostingEnvironments\"\r\n    },\r\n    \"webSpace\": \"appdemorg-asedemoappseWestUSwebspace\",\r\n    \"tags\": null\r\n  }\r\n}",
      "ResponseHeaders": {
        "Content-Length": [
          "1159"
        ],
        "Content-Type": [
          "application/json"
        ],
        "Expires": [
          "-1"
        ],
        "Pragma": [
          "no-cache"
        ],
        "Strict-Transport-Security": [
          "max-age=31536000; includeSubDomains"
        ],
        "x-ms-request-id": [
          "9b689791-d472-4cfa-a4d6-565b8209e4dd"
        ],
        "x-ms-ratelimit-remaining-subscription-reads": [
          "14956"
        ],
        "x-ms-correlation-request-id": [
          "dc96b110-2012-4524-8ccd-c2569216ee79"
        ],
        "x-ms-routing-request-id": [
          "WESTUS:20151207T163224Z:dc96b110-2012-4524-8ccd-c2569216ee79"
        ],
        "Cache-Control": [
          "no-cache"
        ],
        "Date": [
          "Mon, 07 Dec 2015 16:32:24 GMT"
        ],
        "Server": [
          "Microsoft-IIS/8.0"
        ],
        "X-AspNet-Version": [
          "4.0.30319"
        ],
        "X-Powered-By": [
          "ASP.NET"
        ]
      },
      "StatusCode": 200
    },
    {
      "RequestUri": "/subscriptions/ef90e930-9d7f-4a60-8a99-748e0eea69de/resourceGroups/appdemorg/providers/Microsoft.Web/certificates/487D8A28A8EBCD3E5B8027746410B95B37CD4A22%23asedemoeu%23North%20Europe%23appdemorg-asedemoeuappseNorthEuropewebspace?api-version=2015-08-01",
      "EncodedRequestUri": "L3N1YnNjcmlwdGlvbnMvZWY5MGU5MzAtOWQ3Zi00YTYwLThhOTktNzQ4ZTBlZWE2OWRlL3Jlc291cmNlR3JvdXBzL2FwcGRlbW9yZy9wcm92aWRlcnMvTWljcm9zb2Z0LldlYi9jZXJ0aWZpY2F0ZXMvNDg3RDhBMjhBOEVCQ0QzRTVCODAyNzc0NjQxMEI5NUIzN0NENEEyMiUyM2FzZWRlbW9ldSUyM05vcnRoJTIwRXVyb3BlJTIzYXBwZGVtb3JnLWFzZWRlbW9ldWFwcHNlTm9ydGhFdXJvcGV3ZWJzcGFjZT9hcGktdmVyc2lvbj0yMDE1LTA4LTAx",
      "RequestMethod": "GET",
      "RequestBody": "",
      "RequestHeaders": {
        "x-ms-client-request-id": [
          "bedbe370-f162-448f-a43a-02d3cee0d40a"
        ],
        "accept-language": [
          "en-US"
        ],
        "User-Agent": [
          "Microsoft.Azure.Management.WebSites.WebSiteManagementClient/1.0.0.0"
        ]
      },
      "ResponseBody": "{\r\n  \"id\": \"/subscriptions/ef90e930-9d7f-4a60-8a99-748e0eea69de/resourceGroups/appdemorg/providers/Microsoft.Web/certificates/487D8A28A8EBCD3E5B8027746410B95B37CD4A22#asedemoeu#North Europe#appdemorg-asedemoeuappseNorthEuropewebspace\",\r\n  \"name\": \"487D8A28A8EBCD3E5B8027746410B95B37CD4A22#asedemoeu#North Europe#appdemorg-asedemoeuappseNorthEuropewebspace\",\r\n  \"type\": \"Microsoft.Web/certificates\",\r\n  \"location\": \"North Europe\",\r\n  \"tags\": null,\r\n  \"properties\": {\r\n    \"friendlyName\": \"\",\r\n    \"subjectName\": \"*.contosoweb.net,contosoweb.net\",\r\n    \"hostNames\": [\r\n      \"*.contosoweb.net\",\r\n      \"contosoweb.net\"\r\n    ],\r\n    \"pfxBlob\": null,\r\n    \"siteName\": null,\r\n    \"selfLink\": null,\r\n    \"issuer\": \"COMODO RSA Domain Validation Secure Server CA\",\r\n    \"issueDate\": \"2015-10-07T17:00:00-07:00\",\r\n    \"expirationDate\": \"2016-10-07T16:59:59-07:00\",\r\n    \"password\": null,\r\n    \"thumbprint\": \"487D8A28A8EBCD3E5B8027746410B95B37CD4A22\",\r\n    \"valid\": null,\r\n    \"toDelete\": null,\r\n    \"cerBlob\": null,\r\n    \"publicKeyHash\": null,\r\n    \"hostingEnvironment\": null,\r\n    \"hostingEnvironmentProfile\": {\r\n      \"id\": \"/subscriptions/ef90e930-9d7f-4a60-8a99-748e0eea69de/resourceGroups/appdemorg/providers/Microsoft.Web/hostingEnvironments/asedemoeu\",\r\n      \"name\": \"asedemoeu\",\r\n      \"type\": \"Microsoft.Web/hostingEnvironments\"\r\n    },\r\n    \"keyVaultId\": \"\",\r\n    \"keyVaultSecretName\": \"\",\r\n    \"webSpace\": \"appdemorg-asedemoeuappseNorthEuropewebspace\",\r\n    \"tags\": null\r\n  }\r\n}",
      "ResponseHeaders": {
        "Content-Length": [
          "1243"
        ],
        "Content-Type": [
          "application/json"
        ],
        "Expires": [
          "-1"
        ],
        "Pragma": [
          "no-cache"
        ],
        "Strict-Transport-Security": [
          "max-age=31536000; includeSubDomains"
        ],
        "x-ms-request-id": [
          "18225c71-4b2f-4ca9-8d08-2e7891ee89db"
        ],
        "x-ms-ratelimit-remaining-subscription-reads": [
          "14981"
        ],
        "x-ms-correlation-request-id": [
          "6672282a-1798-47c2-ab63-3848524b0db2"
        ],
        "x-ms-routing-request-id": [
          "WESTUS:20151207T163216Z:6672282a-1798-47c2-ab63-3848524b0db2"
        ],
        "Cache-Control": [
          "no-cache"
        ],
        "Date": [
          "Mon, 07 Dec 2015 16:32:16 GMT"
        ],
        "Server": [
          "Microsoft-IIS/8.0"
        ],
        "X-AspNet-Version": [
          "4.0.30319"
        ],
        "X-Powered-By": [
          "ASP.NET"
        ]
      },
      "StatusCode": 200
    },
    {
      "RequestUri": "/subscriptions/ef90e930-9d7f-4a60-8a99-748e0eea69de/resourceGroups/appdemorg/providers/Microsoft.Web/certificates/487D8A28A8EBCD3E5B8027746410B95B37CD4A22%23asedemoeu%23North%20Europe%23appdemorg-asedemoeuappseNorthEuropewebspace?api-version=2015-08-01",
      "EncodedRequestUri": "L3N1YnNjcmlwdGlvbnMvZWY5MGU5MzAtOWQ3Zi00YTYwLThhOTktNzQ4ZTBlZWE2OWRlL3Jlc291cmNlR3JvdXBzL2FwcGRlbW9yZy9wcm92aWRlcnMvTWljcm9zb2Z0LldlYi9jZXJ0aWZpY2F0ZXMvNDg3RDhBMjhBOEVCQ0QzRTVCODAyNzc0NjQxMEI5NUIzN0NENEEyMiUyM2FzZWRlbW9ldSUyM05vcnRoJTIwRXVyb3BlJTIzYXBwZGVtb3JnLWFzZWRlbW9ldWFwcHNlTm9ydGhFdXJvcGV3ZWJzcGFjZT9hcGktdmVyc2lvbj0yMDE1LTA4LTAx",
      "RequestMethod": "GET",
      "RequestBody": "",
      "RequestHeaders": {
        "x-ms-client-request-id": [
          "9687f024-c9f2-43a0-aaad-cf47f4a22603"
        ],
        "accept-language": [
          "en-US"
        ],
        "User-Agent": [
          "Microsoft.Azure.Management.WebSites.WebSiteManagementClient/1.0.0.0"
        ]
      },
      "ResponseBody": "{\r\n  \"id\": \"/subscriptions/ef90e930-9d7f-4a60-8a99-748e0eea69de/resourceGroups/appdemorg/providers/Microsoft.Web/certificates/487D8A28A8EBCD3E5B8027746410B95B37CD4A22#asedemoeu#North Europe#appdemorg-asedemoeuappseNorthEuropewebspace\",\r\n  \"name\": \"487D8A28A8EBCD3E5B8027746410B95B37CD4A22#asedemoeu#North Europe#appdemorg-asedemoeuappseNorthEuropewebspace\",\r\n  \"type\": \"Microsoft.Web/certificates\",\r\n  \"location\": \"North Europe\",\r\n  \"tags\": null,\r\n  \"properties\": {\r\n    \"friendlyName\": \"\",\r\n    \"subjectName\": \"*.contosoweb.net,contosoweb.net\",\r\n    \"hostNames\": [\r\n      \"*.contosoweb.net\",\r\n      \"contosoweb.net\"\r\n    ],\r\n    \"pfxBlob\": null,\r\n    \"siteName\": null,\r\n    \"selfLink\": null,\r\n    \"issuer\": \"COMODO RSA Domain Validation Secure Server CA\",\r\n    \"issueDate\": \"2015-10-07T17:00:00-07:00\",\r\n    \"expirationDate\": \"2016-10-07T16:59:59-07:00\",\r\n    \"password\": null,\r\n    \"thumbprint\": \"487D8A28A8EBCD3E5B8027746410B95B37CD4A22\",\r\n    \"valid\": null,\r\n    \"toDelete\": null,\r\n    \"cerBlob\": null,\r\n    \"publicKeyHash\": null,\r\n    \"hostingEnvironment\": null,\r\n    \"hostingEnvironmentProfile\": {\r\n      \"id\": \"/subscriptions/ef90e930-9d7f-4a60-8a99-748e0eea69de/resourceGroups/appdemorg/providers/Microsoft.Web/hostingEnvironments/asedemoeu\",\r\n      \"name\": \"asedemoeu\",\r\n      \"type\": \"Microsoft.Web/hostingEnvironments\"\r\n    },\r\n    \"keyVaultId\": \"\",\r\n    \"keyVaultSecretName\": \"\",\r\n    \"webSpace\": \"appdemorg-asedemoeuappseNorthEuropewebspace\",\r\n    \"tags\": null\r\n  }\r\n}",
      "ResponseHeaders": {
        "Content-Length": [
          "1243"
        ],
        "Content-Type": [
          "application/json"
        ],
        "Expires": [
          "-1"
        ],
        "Pragma": [
          "no-cache"
        ],
        "Strict-Transport-Security": [
          "max-age=31536000; includeSubDomains"
        ],
        "x-ms-request-id": [
          "8939d6a3-98f5-4184-8317-e7faa3ee0ab0"
        ],
        "x-ms-ratelimit-remaining-subscription-reads": [
          "14969"
        ],
        "x-ms-correlation-request-id": [
          "9076c729-beb8-4f4a-8fa9-f2bdc3f957a2"
        ],
        "x-ms-routing-request-id": [
          "WESTUS:20151207T163219Z:9076c729-beb8-4f4a-8fa9-f2bdc3f957a2"
        ],
        "Cache-Control": [
          "no-cache"
        ],
        "Date": [
          "Mon, 07 Dec 2015 16:32:18 GMT"
        ],
        "Server": [
          "Microsoft-IIS/8.0"
        ],
        "X-AspNet-Version": [
          "4.0.30319"
        ],
        "X-Powered-By": [
          "ASP.NET"
        ]
      },
      "StatusCode": 200
    },
    {
      "RequestUri": "/subscriptions/ef90e930-9d7f-4a60-8a99-748e0eea69de/resourceGroups/appdemorg/providers/Microsoft.Web/certificates/487D8A28A8EBCD3E5B8027746410B95B37CD4A22%23asedemoeu%23North%20Europe%23appdemorg-asedemoeuappseNorthEuropewebspace?api-version=2015-08-01",
      "EncodedRequestUri": "L3N1YnNjcmlwdGlvbnMvZWY5MGU5MzAtOWQ3Zi00YTYwLThhOTktNzQ4ZTBlZWE2OWRlL3Jlc291cmNlR3JvdXBzL2FwcGRlbW9yZy9wcm92aWRlcnMvTWljcm9zb2Z0LldlYi9jZXJ0aWZpY2F0ZXMvNDg3RDhBMjhBOEVCQ0QzRTVCODAyNzc0NjQxMEI5NUIzN0NENEEyMiUyM2FzZWRlbW9ldSUyM05vcnRoJTIwRXVyb3BlJTIzYXBwZGVtb3JnLWFzZWRlbW9ldWFwcHNlTm9ydGhFdXJvcGV3ZWJzcGFjZT9hcGktdmVyc2lvbj0yMDE1LTA4LTAx",
      "RequestMethod": "GET",
      "RequestBody": "",
      "RequestHeaders": {
        "x-ms-client-request-id": [
          "2a7bd00f-23ca-47f7-9453-5dddb2644071"
        ],
        "accept-language": [
          "en-US"
        ],
        "User-Agent": [
          "Microsoft.Azure.Management.WebSites.WebSiteManagementClient/1.0.0.0"
        ]
      },
      "ResponseBody": "{\r\n  \"id\": \"/subscriptions/ef90e930-9d7f-4a60-8a99-748e0eea69de/resourceGroups/appdemorg/providers/Microsoft.Web/certificates/487D8A28A8EBCD3E5B8027746410B95B37CD4A22#asedemoeu#North Europe#appdemorg-asedemoeuappseNorthEuropewebspace\",\r\n  \"name\": \"487D8A28A8EBCD3E5B8027746410B95B37CD4A22#asedemoeu#North Europe#appdemorg-asedemoeuappseNorthEuropewebspace\",\r\n  \"type\": \"Microsoft.Web/certificates\",\r\n  \"location\": \"North Europe\",\r\n  \"tags\": null,\r\n  \"properties\": {\r\n    \"friendlyName\": \"\",\r\n    \"subjectName\": \"*.contosoweb.net,contosoweb.net\",\r\n    \"hostNames\": [\r\n      \"*.contosoweb.net\",\r\n      \"contosoweb.net\"\r\n    ],\r\n    \"pfxBlob\": null,\r\n    \"siteName\": null,\r\n    \"selfLink\": null,\r\n    \"issuer\": \"COMODO RSA Domain Validation Secure Server CA\",\r\n    \"issueDate\": \"2015-10-07T17:00:00-07:00\",\r\n    \"expirationDate\": \"2016-10-07T16:59:59-07:00\",\r\n    \"password\": null,\r\n    \"thumbprint\": \"487D8A28A8EBCD3E5B8027746410B95B37CD4A22\",\r\n    \"valid\": null,\r\n    \"toDelete\": null,\r\n    \"cerBlob\": null,\r\n    \"publicKeyHash\": null,\r\n    \"hostingEnvironment\": null,\r\n    \"hostingEnvironmentProfile\": {\r\n      \"id\": \"/subscriptions/ef90e930-9d7f-4a60-8a99-748e0eea69de/resourceGroups/appdemorg/providers/Microsoft.Web/hostingEnvironments/asedemoeu\",\r\n      \"name\": \"asedemoeu\",\r\n      \"type\": \"Microsoft.Web/hostingEnvironments\"\r\n    },\r\n    \"keyVaultId\": \"\",\r\n    \"keyVaultSecretName\": \"\",\r\n    \"webSpace\": \"appdemorg-asedemoeuappseNorthEuropewebspace\",\r\n    \"tags\": null\r\n  }\r\n}",
      "ResponseHeaders": {
        "Content-Length": [
          "1243"
        ],
        "Content-Type": [
          "application/json"
        ],
        "Expires": [
          "-1"
        ],
        "Pragma": [
          "no-cache"
        ],
        "Strict-Transport-Security": [
          "max-age=31536000; includeSubDomains"
        ],
        "x-ms-request-id": [
          "4dab97bd-4aa6-4b5e-9251-de73d3b0454c"
        ],
        "x-ms-ratelimit-remaining-subscription-reads": [
          "14955"
        ],
        "x-ms-correlation-request-id": [
          "09cd3fad-631b-4615-90b8-ae7bd07b175f"
        ],
        "x-ms-routing-request-id": [
          "WESTUS:20151207T163225Z:09cd3fad-631b-4615-90b8-ae7bd07b175f"
        ],
        "Cache-Control": [
          "no-cache"
        ],
        "Date": [
          "Mon, 07 Dec 2015 16:32:25 GMT"
        ],
        "Server": [
          "Microsoft-IIS/8.0"
        ],
        "X-AspNet-Version": [
          "4.0.30319"
        ],
        "X-Powered-By": [
          "ASP.NET"
        ]
      },
      "StatusCode": 200
    },
    {
      "RequestUri": "/subscriptions/ef90e930-9d7f-4a60-8a99-748e0eea69de/resourceGroups/Default-Web-NorthEurope/providers/Microsoft.Web/certificates/B75CBF7439274AE4135E3E69CE6A19693F68D40F?api-version=2015-08-01",
      "EncodedRequestUri": "L3N1YnNjcmlwdGlvbnMvZWY5MGU5MzAtOWQ3Zi00YTYwLThhOTktNzQ4ZTBlZWE2OWRlL3Jlc291cmNlR3JvdXBzL0RlZmF1bHQtV2ViLU5vcnRoRXVyb3BlL3Byb3ZpZGVycy9NaWNyb3NvZnQuV2ViL2NlcnRpZmljYXRlcy9CNzVDQkY3NDM5Mjc0QUU0MTM1RTNFNjlDRTZBMTk2OTNGNjhENDBGP2FwaS12ZXJzaW9uPTIwMTUtMDgtMDE=",
      "RequestMethod": "GET",
      "RequestBody": "",
      "RequestHeaders": {
        "x-ms-client-request-id": [
          "22d1df5d-871c-4649-9797-cd0984a52f21"
        ],
        "accept-language": [
          "en-US"
        ],
        "User-Agent": [
          "Microsoft.Azure.Management.WebSites.WebSiteManagementClient/1.0.0.0"
        ]
      },
      "ResponseBody": "{\r\n  \"id\": \"/subscriptions/ef90e930-9d7f-4a60-8a99-748e0eea69de/resourceGroups/Default-Web-NorthEurope/providers/Microsoft.Web/certificates/B75CBF7439274AE4135E3E69CE6A19693F68D40F\",\r\n  \"name\": \"B75CBF7439274AE4135E3E69CE6A19693F68D40F\",\r\n  \"type\": \"Microsoft.Web/certificates\",\r\n  \"location\": \"North Europe\",\r\n  \"tags\": null,\r\n  \"properties\": {\r\n    \"friendlyName\": \"*.contosoweb.net\",\r\n    \"subjectName\": \"*.contosoweb.net,contosoweb.net\",\r\n    \"hostNames\": [\r\n      \"*.contosoweb.net\",\r\n      \"contosoweb.net\"\r\n    ],\r\n    \"pfxBlob\": null,\r\n    \"siteName\": null,\r\n    \"selfLink\": null,\r\n    \"issuer\": \"COMODO RSA Domain Validation Secure Server CA\",\r\n    \"issueDate\": \"2014-10-02T17:00:00-07:00\",\r\n    \"expirationDate\": \"2015-10-03T16:59:59-07:00\",\r\n    \"password\": null,\r\n    \"thumbprint\": \"B75CBF7439274AE4135E3E69CE6A19693F68D40F\",\r\n    \"valid\": null,\r\n    \"toDelete\": null,\r\n    \"cerBlob\": null,\r\n    \"publicKeyHash\": null,\r\n    \"hostingEnvironment\": null,\r\n    \"hostingEnvironmentProfile\": null,\r\n    \"webSpace\": \"NorthEuropewebspace\",\r\n    \"tags\": null\r\n  }\r\n}",
      "ResponseHeaders": {
        "Content-Length": [
          "878"
        ],
        "Content-Type": [
          "application/json"
        ],
        "Expires": [
          "-1"
        ],
        "Pragma": [
          "no-cache"
        ],
        "Strict-Transport-Security": [
          "max-age=31536000; includeSubDomains"
        ],
        "x-ms-request-id": [
          "ca592e73-eecb-4560-9e05-fb478f8eea59"
        ],
        "x-ms-ratelimit-remaining-subscription-reads": [
          "14980"
        ],
        "x-ms-correlation-request-id": [
          "db2878b4-2ea8-4830-8c45-7cce526eab8e"
        ],
        "x-ms-routing-request-id": [
          "WESTUS:20151207T163217Z:db2878b4-2ea8-4830-8c45-7cce526eab8e"
        ],
        "Cache-Control": [
          "no-cache"
        ],
        "Date": [
          "Mon, 07 Dec 2015 16:32:16 GMT"
        ],
        "Server": [
          "Microsoft-IIS/8.0"
        ],
        "X-AspNet-Version": [
          "4.0.30319"
        ],
        "X-Powered-By": [
          "ASP.NET"
        ]
      },
      "StatusCode": 200
    },
    {
      "RequestUri": "/subscriptions/ef90e930-9d7f-4a60-8a99-748e0eea69de/resourceGroups/Default-Web-NorthEurope/providers/Microsoft.Web/certificates/B75CBF7439274AE4135E3E69CE6A19693F68D40F?api-version=2015-08-01",
      "EncodedRequestUri": "L3N1YnNjcmlwdGlvbnMvZWY5MGU5MzAtOWQ3Zi00YTYwLThhOTktNzQ4ZTBlZWE2OWRlL3Jlc291cmNlR3JvdXBzL0RlZmF1bHQtV2ViLU5vcnRoRXVyb3BlL3Byb3ZpZGVycy9NaWNyb3NvZnQuV2ViL2NlcnRpZmljYXRlcy9CNzVDQkY3NDM5Mjc0QUU0MTM1RTNFNjlDRTZBMTk2OTNGNjhENDBGP2FwaS12ZXJzaW9uPTIwMTUtMDgtMDE=",
      "RequestMethod": "GET",
      "RequestBody": "",
      "RequestHeaders": {
        "x-ms-client-request-id": [
          "8b100119-248f-4bf5-9435-e5fc9e2a8ddf"
        ],
        "accept-language": [
          "en-US"
        ],
        "User-Agent": [
          "Microsoft.Azure.Management.WebSites.WebSiteManagementClient/1.0.0.0"
        ]
      },
      "ResponseBody": "{\r\n  \"id\": \"/subscriptions/ef90e930-9d7f-4a60-8a99-748e0eea69de/resourceGroups/Default-Web-NorthEurope/providers/Microsoft.Web/certificates/B75CBF7439274AE4135E3E69CE6A19693F68D40F\",\r\n  \"name\": \"B75CBF7439274AE4135E3E69CE6A19693F68D40F\",\r\n  \"type\": \"Microsoft.Web/certificates\",\r\n  \"location\": \"North Europe\",\r\n  \"tags\": null,\r\n  \"properties\": {\r\n    \"friendlyName\": \"*.contosoweb.net\",\r\n    \"subjectName\": \"*.contosoweb.net,contosoweb.net\",\r\n    \"hostNames\": [\r\n      \"*.contosoweb.net\",\r\n      \"contosoweb.net\"\r\n    ],\r\n    \"pfxBlob\": null,\r\n    \"siteName\": null,\r\n    \"selfLink\": null,\r\n    \"issuer\": \"COMODO RSA Domain Validation Secure Server CA\",\r\n    \"issueDate\": \"2014-10-02T17:00:00-07:00\",\r\n    \"expirationDate\": \"2015-10-03T16:59:59-07:00\",\r\n    \"password\": null,\r\n    \"thumbprint\": \"B75CBF7439274AE4135E3E69CE6A19693F68D40F\",\r\n    \"valid\": null,\r\n    \"toDelete\": null,\r\n    \"cerBlob\": null,\r\n    \"publicKeyHash\": null,\r\n    \"hostingEnvironment\": null,\r\n    \"hostingEnvironmentProfile\": null,\r\n    \"webSpace\": \"NorthEuropewebspace\",\r\n    \"tags\": null\r\n  }\r\n}",
      "ResponseHeaders": {
        "Content-Length": [
          "878"
        ],
        "Content-Type": [
          "application/json"
        ],
        "Expires": [
          "-1"
        ],
        "Pragma": [
          "no-cache"
        ],
        "Strict-Transport-Security": [
          "max-age=31536000; includeSubDomains"
        ],
        "x-ms-request-id": [
          "b2d92468-8810-419f-a35d-de960c911f38"
        ],
        "x-ms-ratelimit-remaining-subscription-reads": [
          "14968"
        ],
        "x-ms-correlation-request-id": [
          "94ec3fbe-f575-4202-85f4-16356529097a"
        ],
        "x-ms-routing-request-id": [
          "WESTUS:20151207T163219Z:94ec3fbe-f575-4202-85f4-16356529097a"
        ],
        "Cache-Control": [
          "no-cache"
        ],
        "Date": [
          "Mon, 07 Dec 2015 16:32:18 GMT"
        ],
        "Server": [
          "Microsoft-IIS/8.0"
        ],
        "X-AspNet-Version": [
          "4.0.30319"
        ],
        "X-Powered-By": [
          "ASP.NET"
        ]
      },
      "StatusCode": 200
    },
    {
      "RequestUri": "/subscriptions/ef90e930-9d7f-4a60-8a99-748e0eea69de/resourceGroups/Default-Web-WestUS/providers/Microsoft.Web/certificates/6BD61F8B1250FF73790CB997A763985502951DC3?api-version=2015-08-01",
      "EncodedRequestUri": "L3N1YnNjcmlwdGlvbnMvZWY5MGU5MzAtOWQ3Zi00YTYwLThhOTktNzQ4ZTBlZWE2OWRlL3Jlc291cmNlR3JvdXBzL0RlZmF1bHQtV2ViLVdlc3RVUy9wcm92aWRlcnMvTWljcm9zb2Z0LldlYi9jZXJ0aWZpY2F0ZXMvNkJENjFGOEIxMjUwRkY3Mzc5MENCOTk3QTc2Mzk4NTUwMjk1MURDMz9hcGktdmVyc2lvbj0yMDE1LTA4LTAx",
      "RequestMethod": "GET",
      "RequestBody": "",
      "RequestHeaders": {
        "x-ms-client-request-id": [
          "fa477edd-5fe0-4a24-bbf0-23f6325e3a2a"
        ],
        "accept-language": [
          "en-US"
        ],
        "User-Agent": [
          "Microsoft.Azure.Management.WebSites.WebSiteManagementClient/1.0.0.0"
        ]
      },
      "ResponseBody": "{\r\n  \"id\": \"/subscriptions/ef90e930-9d7f-4a60-8a99-748e0eea69de/resourceGroups/Default-Web-WestUS/providers/Microsoft.Web/certificates/6BD61F8B1250FF73790CB997A763985502951DC3\",\r\n  \"name\": \"6BD61F8B1250FF73790CB997A763985502951DC3\",\r\n  \"type\": \"Microsoft.Web/certificates\",\r\n  \"location\": \"West US\",\r\n  \"tags\": null,\r\n  \"properties\": {\r\n    \"friendlyName\": \"contosoweb\",\r\n    \"subjectName\": \"contosoweb.net,www.contosoweb.net\",\r\n    \"hostNames\": [\r\n      \"contosoweb.net\",\r\n      \"www.contosoweb.net\"\r\n    ],\r\n    \"pfxBlob\": null,\r\n    \"siteName\": null,\r\n    \"selfLink\": null,\r\n    \"issuer\": \"COMODO RSA Domain Validation Secure Server CA\",\r\n    \"issueDate\": \"2014-09-21T17:00:00-07:00\",\r\n    \"expirationDate\": \"2015-09-22T16:59:59-07:00\",\r\n    \"password\": null,\r\n    \"thumbprint\": \"6BD61F8B1250FF73790CB997A763985502951DC3\",\r\n    \"valid\": null,\r\n    \"toDelete\": null,\r\n    \"cerBlob\": null,\r\n    \"publicKeyHash\": null,\r\n    \"hostingEnvironment\": null,\r\n    \"hostingEnvironmentProfile\": null,\r\n    \"webSpace\": \"WestUSwebspace\",\r\n    \"tags\": null\r\n  }\r\n}",
      "ResponseHeaders": {
        "Content-Length": [
          "861"
        ],
        "Content-Type": [
          "application/json"
        ],
        "Expires": [
          "-1"
        ],
        "Pragma": [
          "no-cache"
        ],
        "Strict-Transport-Security": [
          "max-age=31536000; includeSubDomains"
        ],
        "x-ms-request-id": [
          "8553e651-a5d6-4172-accd-1b66da8d4b86"
        ],
        "x-ms-ratelimit-remaining-subscription-reads": [
          "14979"
        ],
        "x-ms-correlation-request-id": [
          "5ef03091-9638-4c04-a2bc-cfaa7978a2dd"
        ],
        "x-ms-routing-request-id": [
          "WESTUS:20151207T163217Z:5ef03091-9638-4c04-a2bc-cfaa7978a2dd"
        ],
        "Cache-Control": [
          "no-cache"
        ],
        "Date": [
          "Mon, 07 Dec 2015 16:32:16 GMT"
        ],
        "Server": [
          "Microsoft-IIS/8.0"
        ],
        "X-AspNet-Version": [
          "4.0.30319"
        ],
        "X-Powered-By": [
          "ASP.NET"
        ]
      },
      "StatusCode": 200
    },
    {
      "RequestUri": "/subscriptions/ef90e930-9d7f-4a60-8a99-748e0eea69de/resourceGroups/Default-Web-WestUS/providers/Microsoft.Web/certificates/6BD61F8B1250FF73790CB997A763985502951DC3?api-version=2015-08-01",
      "EncodedRequestUri": "L3N1YnNjcmlwdGlvbnMvZWY5MGU5MzAtOWQ3Zi00YTYwLThhOTktNzQ4ZTBlZWE2OWRlL3Jlc291cmNlR3JvdXBzL0RlZmF1bHQtV2ViLVdlc3RVUy9wcm92aWRlcnMvTWljcm9zb2Z0LldlYi9jZXJ0aWZpY2F0ZXMvNkJENjFGOEIxMjUwRkY3Mzc5MENCOTk3QTc2Mzk4NTUwMjk1MURDMz9hcGktdmVyc2lvbj0yMDE1LTA4LTAx",
      "RequestMethod": "GET",
      "RequestBody": "",
      "RequestHeaders": {
        "x-ms-client-request-id": [
          "c77fde81-f179-472d-abee-c3e9039d62b0"
        ],
        "accept-language": [
          "en-US"
        ],
        "User-Agent": [
          "Microsoft.Azure.Management.WebSites.WebSiteManagementClient/1.0.0.0"
        ]
      },
      "ResponseBody": "{\r\n  \"id\": \"/subscriptions/ef90e930-9d7f-4a60-8a99-748e0eea69de/resourceGroups/Default-Web-WestUS/providers/Microsoft.Web/certificates/6BD61F8B1250FF73790CB997A763985502951DC3\",\r\n  \"name\": \"6BD61F8B1250FF73790CB997A763985502951DC3\",\r\n  \"type\": \"Microsoft.Web/certificates\",\r\n  \"location\": \"West US\",\r\n  \"tags\": null,\r\n  \"properties\": {\r\n    \"friendlyName\": \"contosoweb\",\r\n    \"subjectName\": \"contosoweb.net,www.contosoweb.net\",\r\n    \"hostNames\": [\r\n      \"contosoweb.net\",\r\n      \"www.contosoweb.net\"\r\n    ],\r\n    \"pfxBlob\": null,\r\n    \"siteName\": null,\r\n    \"selfLink\": null,\r\n    \"issuer\": \"COMODO RSA Domain Validation Secure Server CA\",\r\n    \"issueDate\": \"2014-09-21T17:00:00-07:00\",\r\n    \"expirationDate\": \"2015-09-22T16:59:59-07:00\",\r\n    \"password\": null,\r\n    \"thumbprint\": \"6BD61F8B1250FF73790CB997A763985502951DC3\",\r\n    \"valid\": null,\r\n    \"toDelete\": null,\r\n    \"cerBlob\": null,\r\n    \"publicKeyHash\": null,\r\n    \"hostingEnvironment\": null,\r\n    \"hostingEnvironmentProfile\": null,\r\n    \"webSpace\": \"WestUSwebspace\",\r\n    \"tags\": null\r\n  }\r\n}",
      "ResponseHeaders": {
        "Content-Length": [
          "861"
        ],
        "Content-Type": [
          "application/json"
        ],
        "Expires": [
          "-1"
        ],
        "Pragma": [
          "no-cache"
        ],
        "Strict-Transport-Security": [
          "max-age=31536000; includeSubDomains"
        ],
        "x-ms-request-id": [
          "09645930-053b-4ae5-9310-dbd9f6684cfe"
        ],
        "x-ms-ratelimit-remaining-subscription-reads": [
          "14967"
        ],
        "x-ms-correlation-request-id": [
          "47683cc9-09f8-4a82-82b7-02e1320db3c2"
        ],
        "x-ms-routing-request-id": [
          "WESTUS:20151207T163219Z:47683cc9-09f8-4a82-82b7-02e1320db3c2"
        ],
        "Cache-Control": [
          "no-cache"
        ],
        "Date": [
          "Mon, 07 Dec 2015 16:32:18 GMT"
        ],
        "Server": [
          "Microsoft-IIS/8.0"
        ],
        "X-AspNet-Version": [
          "4.0.30319"
        ],
        "X-Powered-By": [
          "ASP.NET"
        ]
      },
      "StatusCode": 200
    },
    {
      "RequestUri": "/subscriptions/ef90e930-9d7f-4a60-8a99-748e0eea69de/resourceGroups/Default-Web-WestUS/providers/Microsoft.Web/certificates/B75CBF7439274AE4135E3E69CE6A19693F68D40F?api-version=2015-08-01",
      "EncodedRequestUri": "L3N1YnNjcmlwdGlvbnMvZWY5MGU5MzAtOWQ3Zi00YTYwLThhOTktNzQ4ZTBlZWE2OWRlL3Jlc291cmNlR3JvdXBzL0RlZmF1bHQtV2ViLVdlc3RVUy9wcm92aWRlcnMvTWljcm9zb2Z0LldlYi9jZXJ0aWZpY2F0ZXMvQjc1Q0JGNzQzOTI3NEFFNDEzNUUzRTY5Q0U2QTE5NjkzRjY4RDQwRj9hcGktdmVyc2lvbj0yMDE1LTA4LTAx",
      "RequestMethod": "GET",
      "RequestBody": "",
      "RequestHeaders": {
        "x-ms-client-request-id": [
          "f4c51744-b429-4e70-a534-95c0174353f3"
        ],
        "accept-language": [
          "en-US"
        ],
        "User-Agent": [
          "Microsoft.Azure.Management.WebSites.WebSiteManagementClient/1.0.0.0"
        ]
      },
      "ResponseBody": "{\r\n  \"id\": \"/subscriptions/ef90e930-9d7f-4a60-8a99-748e0eea69de/resourceGroups/Default-Web-WestUS/providers/Microsoft.Web/certificates/B75CBF7439274AE4135E3E69CE6A19693F68D40F\",\r\n  \"name\": \"B75CBF7439274AE4135E3E69CE6A19693F68D40F\",\r\n  \"type\": \"Microsoft.Web/certificates\",\r\n  \"location\": \"West US\",\r\n  \"tags\": null,\r\n  \"properties\": {\r\n    \"friendlyName\": \"*.contosoweb.net\",\r\n    \"subjectName\": \"*.contosoweb.net,contosoweb.net\",\r\n    \"hostNames\": [\r\n      \"*.contosoweb.net\",\r\n      \"contosoweb.net\"\r\n    ],\r\n    \"pfxBlob\": null,\r\n    \"siteName\": null,\r\n    \"selfLink\": null,\r\n    \"issuer\": \"COMODO RSA Domain Validation Secure Server CA\",\r\n    \"issueDate\": \"2014-10-02T17:00:00-07:00\",\r\n    \"expirationDate\": \"2015-10-03T16:59:59-07:00\",\r\n    \"password\": null,\r\n    \"thumbprint\": \"B75CBF7439274AE4135E3E69CE6A19693F68D40F\",\r\n    \"valid\": null,\r\n    \"toDelete\": null,\r\n    \"cerBlob\": null,\r\n    \"publicKeyHash\": null,\r\n    \"hostingEnvironment\": null,\r\n    \"hostingEnvironmentProfile\": null,\r\n    \"webSpace\": \"WestUSwebspace\",\r\n    \"tags\": null\r\n  }\r\n}",
      "ResponseHeaders": {
        "Content-Length": [
          "863"
        ],
        "Content-Type": [
          "application/json"
        ],
        "Expires": [
          "-1"
        ],
        "Pragma": [
          "no-cache"
        ],
        "Strict-Transport-Security": [
          "max-age=31536000; includeSubDomains"
        ],
        "x-ms-request-id": [
          "2318b6bf-8f7c-4a0f-a7df-7d0d0549a66e"
        ],
        "x-ms-ratelimit-remaining-subscription-reads": [
          "14978"
        ],
        "x-ms-correlation-request-id": [
          "8645ac71-aaef-43d4-b707-96389b14f8fc"
        ],
        "x-ms-routing-request-id": [
          "WESTUS:20151207T163217Z:8645ac71-aaef-43d4-b707-96389b14f8fc"
        ],
        "Cache-Control": [
          "no-cache"
        ],
        "Date": [
          "Mon, 07 Dec 2015 16:32:16 GMT"
        ],
        "Server": [
          "Microsoft-IIS/8.0"
        ],
        "X-AspNet-Version": [
          "4.0.30319"
        ],
        "X-Powered-By": [
          "ASP.NET"
        ]
      },
      "StatusCode": 200
    },
    {
      "RequestUri": "/subscriptions/ef90e930-9d7f-4a60-8a99-748e0eea69de/resourceGroups/Default-Web-WestUS/providers/Microsoft.Web/certificates/B75CBF7439274AE4135E3E69CE6A19693F68D40F?api-version=2015-08-01",
      "EncodedRequestUri": "L3N1YnNjcmlwdGlvbnMvZWY5MGU5MzAtOWQ3Zi00YTYwLThhOTktNzQ4ZTBlZWE2OWRlL3Jlc291cmNlR3JvdXBzL0RlZmF1bHQtV2ViLVdlc3RVUy9wcm92aWRlcnMvTWljcm9zb2Z0LldlYi9jZXJ0aWZpY2F0ZXMvQjc1Q0JGNzQzOTI3NEFFNDEzNUUzRTY5Q0U2QTE5NjkzRjY4RDQwRj9hcGktdmVyc2lvbj0yMDE1LTA4LTAx",
      "RequestMethod": "GET",
      "RequestBody": "",
      "RequestHeaders": {
        "x-ms-client-request-id": [
          "476d8ae1-f6d8-49aa-b8a6-2b9a5cd816ec"
        ],
        "accept-language": [
          "en-US"
        ],
        "User-Agent": [
          "Microsoft.Azure.Management.WebSites.WebSiteManagementClient/1.0.0.0"
        ]
      },
      "ResponseBody": "{\r\n  \"id\": \"/subscriptions/ef90e930-9d7f-4a60-8a99-748e0eea69de/resourceGroups/Default-Web-WestUS/providers/Microsoft.Web/certificates/B75CBF7439274AE4135E3E69CE6A19693F68D40F\",\r\n  \"name\": \"B75CBF7439274AE4135E3E69CE6A19693F68D40F\",\r\n  \"type\": \"Microsoft.Web/certificates\",\r\n  \"location\": \"West US\",\r\n  \"tags\": null,\r\n  \"properties\": {\r\n    \"friendlyName\": \"*.contosoweb.net\",\r\n    \"subjectName\": \"*.contosoweb.net,contosoweb.net\",\r\n    \"hostNames\": [\r\n      \"*.contosoweb.net\",\r\n      \"contosoweb.net\"\r\n    ],\r\n    \"pfxBlob\": null,\r\n    \"siteName\": null,\r\n    \"selfLink\": null,\r\n    \"issuer\": \"COMODO RSA Domain Validation Secure Server CA\",\r\n    \"issueDate\": \"2014-10-02T17:00:00-07:00\",\r\n    \"expirationDate\": \"2015-10-03T16:59:59-07:00\",\r\n    \"password\": null,\r\n    \"thumbprint\": \"B75CBF7439274AE4135E3E69CE6A19693F68D40F\",\r\n    \"valid\": null,\r\n    \"toDelete\": null,\r\n    \"cerBlob\": null,\r\n    \"publicKeyHash\": null,\r\n    \"hostingEnvironment\": null,\r\n    \"hostingEnvironmentProfile\": null,\r\n    \"webSpace\": \"WestUSwebspace\",\r\n    \"tags\": null\r\n  }\r\n}",
      "ResponseHeaders": {
        "Content-Length": [
          "863"
        ],
        "Content-Type": [
          "application/json"
        ],
        "Expires": [
          "-1"
        ],
        "Pragma": [
          "no-cache"
        ],
        "Strict-Transport-Security": [
          "max-age=31536000; includeSubDomains"
        ],
        "x-ms-request-id": [
          "0b9778b1-097a-49ba-91ec-32162f72caad"
        ],
        "x-ms-ratelimit-remaining-subscription-reads": [
          "14966"
        ],
        "x-ms-correlation-request-id": [
          "95d05aaa-50c6-4c55-a0b4-070eb87f352f"
        ],
        "x-ms-routing-request-id": [
          "WESTUS:20151207T163219Z:95d05aaa-50c6-4c55-a0b4-070eb87f352f"
        ],
        "Cache-Control": [
          "no-cache"
        ],
        "Date": [
          "Mon, 07 Dec 2015 16:32:18 GMT"
        ],
        "Server": [
          "Microsoft-IIS/8.0"
        ],
        "X-AspNet-Version": [
          "4.0.30319"
        ],
        "X-Powered-By": [
          "ASP.NET"
        ]
      },
      "StatusCode": 200
    },
    {
      "RequestUri": "/subscriptions/ef90e930-9d7f-4a60-8a99-748e0eea69de/resourceGroups/appdemorg/providers/Microsoft.Web/certificates/40D6600B0B8740C41BA4B3D13B967DDEF6ED1918_asedemo_West%20US_webappsslbindingrb?api-version=2015-08-01",
      "EncodedRequestUri": "L3N1YnNjcmlwdGlvbnMvZWY5MGU5MzAtOWQ3Zi00YTYwLThhOTktNzQ4ZTBlZWE2OWRlL3Jlc291cmNlR3JvdXBzL2FwcGRlbW9yZy9wcm92aWRlcnMvTWljcm9zb2Z0LldlYi9jZXJ0aWZpY2F0ZXMvNDBENjYwMEIwQjg3NDBDNDFCQTRCM0QxM0I5NjdEREVGNkVEMTkxOF9hc2VkZW1vX1dlc3QlMjBVU193ZWJhcHBzc2xiaW5kaW5ncmI/YXBpLXZlcnNpb249MjAxNS0wOC0wMQ==",
      "RequestMethod": "DELETE",
      "RequestBody": "",
      "RequestHeaders": {
        "x-ms-client-request-id": [
          "e52ea0e3-a262-418c-8278-0afbd06f68c1"
        ],
        "accept-language": [
          "en-US"
        ],
        "User-Agent": [
          "Microsoft.Azure.Management.WebSites.WebSiteManagementClient/1.0.0.0"
        ]
      },
      "ResponseBody": "{\r\n  \"Code\": \"Conflict\",\r\n  \"Message\": \"Cannot remove certificate with thumbprint 40D6600B0B8740C41BA4B3D13B967DDEF6ED1918 because it is used for hostname api.webappsslbindingtests.com.\",\r\n  \"Target\": null,\r\n  \"Details\": [\r\n    {\r\n      \"Message\": \"Cannot remove certificate with thumbprint 40D6600B0B8740C41BA4B3D13B967DDEF6ED1918 because it is used for hostname api.webappsslbindingtests.com.\"\r\n    },\r\n    {\r\n      \"Code\": \"Conflict\"\r\n    },\r\n    {\r\n      \"ErrorEntity\": {\r\n        \"Code\": \"Conflict\",\r\n        \"Message\": \"Cannot remove certificate with thumbprint 40D6600B0B8740C41BA4B3D13B967DDEF6ED1918 because it is used for hostname api.webappsslbindingtests.com.\",\r\n        \"ExtendedCode\": \"04035\",\r\n        \"MessageTemplate\": \"Cannot remove certificate with thumbprint {0} because it is used for hostname {1}.\",\r\n        \"Parameters\": [\r\n          \"40D6600B0B8740C41BA4B3D13B967DDEF6ED1918\",\r\n          \"api.webappsslbindingtests.com\"\r\n        ],\r\n        \"InnerErrors\": null\r\n      }\r\n    }\r\n  ],\r\n  \"Innererror\": null\r\n}",
      "ResponseHeaders": {
        "Content-Length": [
          "830"
        ],
        "Content-Type": [
          "application/json; charset=utf-8"
        ],
        "Expires": [
          "-1"
        ],
        "Pragma": [
          "no-cache"
        ],
        "Strict-Transport-Security": [
          "max-age=31536000; includeSubDomains"
        ],
        "x-ms-ratelimit-remaining-subscription-writes": [
          "1197"
        ],
        "x-ms-request-id": [
          "d16427f5-4223-4d12-ac22-01bd48c3edf1"
        ],
        "x-ms-correlation-request-id": [
          "d16427f5-4223-4d12-ac22-01bd48c3edf1"
        ],
        "x-ms-routing-request-id": [
          "WESTUS:20151207T163225Z:d16427f5-4223-4d12-ac22-01bd48c3edf1"
        ],
        "Cache-Control": [
          "no-cache"
        ],
        "Date": [
          "Mon, 07 Dec 2015 16:32:25 GMT"
        ],
        "Server": [
          "Microsoft-IIS/8.0"
        ],
        "X-AspNet-Version": [
          "4.0.30319"
        ],
        "X-Powered-By": [
          "ASP.NET"
        ]
      },
      "StatusCode": 409
    }
  ],
  "Names": {},
  "Variables": {
    "SubscriptionId": "ef90e930-9d7f-4a60-8a99-748e0eea69de"
  }
}