{
  "Entries": [
    {
      "RequestUri": "/subscriptions/c9cbd920-c00c-427c-852b-8aaf38badaeb/resourcegroups/ps4069?api-version=2016-09-01",
      "EncodedRequestUri": "L3N1YnNjcmlwdGlvbnMvYzljYmQ5MjAtYzAwYy00MjdjLTg1MmItOGFhZjM4YmFkYWViL3Jlc291cmNlZ3JvdXBzL3BzNDA2OT9hcGktdmVyc2lvbj0yMDE2LTA5LTAx",
      "RequestMethod": "PUT",
      "RequestBody": "{\r\n  \"location\": \"West US\"\r\n}",
      "RequestHeaders": {
        "Content-Type": [
          "application/json; charset=utf-8"
        ],
        "Content-Length": [
          "29"
        ],
        "x-ms-client-request-id": [
          "88a47e5e-5962-427e-8f29-081b03009463"
        ],
        "accept-language": [
          "en-US"
        ],
        "User-Agent": [
          "FxVersion/4.7.2563.0",
          "OSName/Windows10Enterprise",
          "OSVersion/6.3.14393",
          "Microsoft.Azure.Management.Internal.Resources.ResourceManagementClient/4.1.0"
        ]
      },
      "ResponseBody": "{\r\n  \"id\": \"/subscriptions/c9cbd920-c00c-427c-852b-8aaf38badaeb/resourceGroups/ps4069\",\r\n  \"name\": \"ps4069\",\r\n  \"location\": \"westus\",\r\n  \"properties\": {\r\n    \"provisioningState\": \"Succeeded\"\r\n  }\r\n}",
      "ResponseHeaders": {
        "Content-Length": [
          "165"
        ],
        "Content-Type": [
          "application/json; charset=utf-8"
        ],
        "Expires": [
          "-1"
        ],
        "Pragma": [
          "no-cache"
        ],
        "x-ms-ratelimit-remaining-subscription-writes": [
          "1199"
        ],
        "x-ms-request-id": [
          "5e754432-ff4e-4b4f-a6ad-f408cd7322e4"
        ],
        "x-ms-correlation-request-id": [
          "5e754432-ff4e-4b4f-a6ad-f408cd7322e4"
        ],
        "x-ms-routing-request-id": [
          "WESTUS2:20180910T143446Z:5e754432-ff4e-4b4f-a6ad-f408cd7322e4"
        ],
        "Strict-Transport-Security": [
          "max-age=31536000; includeSubDomains"
        ],
        "X-Content-Type-Options": [
          "nosniff"
        ],
        "Cache-Control": [
          "no-cache"
        ],
        "Date": [
          "Mon, 10 Sep 2018 14:34:46 GMT"
        ]
      },
      "StatusCode": 201
    },
    {
      "RequestUri": "/subscriptions/c9cbd920-c00c-427c-852b-8aaf38badaeb/resourceGroups/ps4069/providers/Microsoft.Network/networkWatchers/ps9577?api-version=2018-07-01",
      "EncodedRequestUri": "L3N1YnNjcmlwdGlvbnMvYzljYmQ5MjAtYzAwYy00MjdjLTg1MmItOGFhZjM4YmFkYWViL3Jlc291cmNlR3JvdXBzL3BzNDA2OS9wcm92aWRlcnMvTWljcm9zb2Z0Lk5ldHdvcmsvbmV0d29ya1dhdGNoZXJzL3BzOTU3Nz9hcGktdmVyc2lvbj0yMDE4LTA3LTAx",
      "RequestMethod": "GET",
      "RequestBody": "",
      "RequestHeaders": {
        "x-ms-client-request-id": [
          "f7fb7f60-04b8-4d58-8cf4-4c02f5b10be8"
        ],
        "accept-language": [
          "en-US"
        ],
        "User-Agent": [
          "FxVersion/4.7.2563.0",
          "OSName/Windows10Enterprise",
          "OSVersion/6.3.14393",
          "Microsoft.Azure.Management.Network.NetworkManagementClient/20.1.0.0"
        ]
      },
      "ResponseBody": "{\r\n  \"error\": {\r\n    \"code\": \"ResourceNotFound\",\r\n    \"message\": \"The Resource 'Microsoft.Network/networkWatchers/ps9577' under resource group 'ps4069' was not found.\"\r\n  }\r\n}",
      "ResponseHeaders": {
        "Content-Length": [
          "150"
        ],
        "Content-Type": [
          "application/json; charset=utf-8"
        ],
        "Expires": [
          "-1"
        ],
        "Pragma": [
          "no-cache"
        ],
        "x-ms-failure-cause": [
          "gateway"
        ],
        "x-ms-request-id": [
          "a70cf059-511b-498f-ad12-254c52a15a7b"
        ],
        "x-ms-correlation-request-id": [
          "a70cf059-511b-498f-ad12-254c52a15a7b"
        ],
        "x-ms-routing-request-id": [
          "WESTUS2:20180910T143448Z:a70cf059-511b-498f-ad12-254c52a15a7b"
        ],
        "Strict-Transport-Security": [
          "max-age=31536000; includeSubDomains"
        ],
        "X-Content-Type-Options": [
          "nosniff"
        ],
        "Cache-Control": [
          "no-cache"
        ],
        "Date": [
          "Mon, 10 Sep 2018 14:34:47 GMT"
        ]
      },
      "StatusCode": 404
    },
    {
      "RequestUri": "/subscriptions/c9cbd920-c00c-427c-852b-8aaf38badaeb/resourceGroups/ps4069/providers/Microsoft.Network/networkWatchers/ps9577?api-version=2018-07-01",
      "EncodedRequestUri": "L3N1YnNjcmlwdGlvbnMvYzljYmQ5MjAtYzAwYy00MjdjLTg1MmItOGFhZjM4YmFkYWViL3Jlc291cmNlR3JvdXBzL3BzNDA2OS9wcm92aWRlcnMvTWljcm9zb2Z0Lk5ldHdvcmsvbmV0d29ya1dhdGNoZXJzL3BzOTU3Nz9hcGktdmVyc2lvbj0yMDE4LTA3LTAx",
      "RequestMethod": "GET",
      "RequestBody": "",
      "RequestHeaders": {
        "x-ms-client-request-id": [
          "6c127f6d-03de-4ef3-a210-970dfb9ddc45"
        ],
        "accept-language": [
          "en-US"
        ],
        "User-Agent": [
          "FxVersion/4.7.2563.0",
          "OSName/Windows10Enterprise",
          "OSVersion/6.3.14393",
          "Microsoft.Azure.Management.Network.NetworkManagementClient/20.1.0.0"
        ]
      },
      "ResponseBody": "{\r\n  \"name\": \"ps9577\",\r\n  \"id\": \"/subscriptions/c9cbd920-c00c-427c-852b-8aaf38badaeb/resourceGroups/ps4069/providers/Microsoft.Network/networkWatchers/ps9577\",\r\n  \"etag\": \"W/\\\"a43f8f84-5c80-4ee0-b060-594fedd5b3fe\\\"\",\r\n  \"type\": \"Microsoft.Network/networkWatchers\",\r\n  \"location\": \"westus\",\r\n  \"tags\": {\r\n    \"key1\": \"value1\",\r\n    \"key2\": \"value2\"\r\n  },\r\n  \"properties\": {\r\n    \"provisioningState\": \"Succeeded\",\r\n    \"flowLogs\": [],\r\n    \"runningOperationIds\": []\r\n  }\r\n}",
      "ResponseHeaders": {
        "Content-Length": [
          "471"
        ],
        "Content-Type": [
          "application/json; charset=utf-8"
        ],
        "Expires": [
          "-1"
        ],
        "Pragma": [
          "no-cache"
        ],
        "x-ms-request-id": [
          "a8796485-d1aa-4dc0-bc86-510b3ec94b0e"
        ],
        "x-ms-correlation-request-id": [
          "ec722d3f-e526-45fc-bc39-f3a821f8e8a0"
        ],
        "Strict-Transport-Security": [
          "max-age=31536000; includeSubDomains"
        ],
        "Cache-Control": [
          "no-cache"
        ],
        "ETag": [
          "W/\"a43f8f84-5c80-4ee0-b060-594fedd5b3fe\""
        ],
        "Server": [
          "Microsoft-HTTPAPI/2.0",
          "Microsoft-HTTPAPI/2.0"
        ],
        "x-ms-ratelimit-remaining-subscription-reads": [
          "11998"
        ],
        "x-ms-routing-request-id": [
          "WESTUS2:20180910T143449Z:ec722d3f-e526-45fc-bc39-f3a821f8e8a0"
        ],
        "X-Content-Type-Options": [
          "nosniff"
        ],
        "Date": [
          "Mon, 10 Sep 2018 14:34:48 GMT"
        ]
      },
      "StatusCode": 200
    },
    {
      "RequestUri": "/subscriptions/c9cbd920-c00c-427c-852b-8aaf38badaeb/resourceGroups/ps4069/providers/Microsoft.Network/networkWatchers/ps9577?api-version=2018-07-01",
      "EncodedRequestUri": "L3N1YnNjcmlwdGlvbnMvYzljYmQ5MjAtYzAwYy00MjdjLTg1MmItOGFhZjM4YmFkYWViL3Jlc291cmNlR3JvdXBzL3BzNDA2OS9wcm92aWRlcnMvTWljcm9zb2Z0Lk5ldHdvcmsvbmV0d29ya1dhdGNoZXJzL3BzOTU3Nz9hcGktdmVyc2lvbj0yMDE4LTA3LTAx",
      "RequestMethod": "GET",
      "RequestBody": "",
      "RequestHeaders": {
        "x-ms-client-request-id": [
          "552bec9f-607d-49ca-b136-3f2b527394d8"
        ],
        "accept-language": [
          "en-US"
        ],
        "User-Agent": [
          "FxVersion/4.7.2563.0",
          "OSName/Windows10Enterprise",
          "OSVersion/6.3.14393",
          "Microsoft.Azure.Management.Network.NetworkManagementClient/20.1.0.0"
        ]
      },
      "ResponseBody": "{\r\n  \"name\": \"ps9577\",\r\n  \"id\": \"/subscriptions/c9cbd920-c00c-427c-852b-8aaf38badaeb/resourceGroups/ps4069/providers/Microsoft.Network/networkWatchers/ps9577\",\r\n  \"etag\": \"W/\\\"a43f8f84-5c80-4ee0-b060-594fedd5b3fe\\\"\",\r\n  \"type\": \"Microsoft.Network/networkWatchers\",\r\n  \"location\": \"westus\",\r\n  \"tags\": {\r\n    \"key1\": \"value1\",\r\n    \"key2\": \"value2\"\r\n  },\r\n  \"properties\": {\r\n    \"provisioningState\": \"Succeeded\",\r\n    \"flowLogs\": [],\r\n    \"runningOperationIds\": []\r\n  }\r\n}",
      "ResponseHeaders": {
        "Content-Length": [
          "471"
        ],
        "Content-Type": [
          "application/json; charset=utf-8"
        ],
        "Expires": [
          "-1"
        ],
        "Pragma": [
          "no-cache"
        ],
        "x-ms-request-id": [
          "dacffecb-ff11-4f1c-87ee-1713954b7521"
        ],
        "x-ms-correlation-request-id": [
          "60dbe6db-ddbc-4cbe-859f-f571d4ab1dd8"
        ],
        "Strict-Transport-Security": [
          "max-age=31536000; includeSubDomains"
        ],
        "Cache-Control": [
          "no-cache"
        ],
        "ETag": [
          "W/\"a43f8f84-5c80-4ee0-b060-594fedd5b3fe\""
        ],
        "Server": [
          "Microsoft-HTTPAPI/2.0",
          "Microsoft-HTTPAPI/2.0"
        ],
        "x-ms-ratelimit-remaining-subscription-reads": [
          "11997"
        ],
        "x-ms-routing-request-id": [
          "WESTUS2:20180910T143449Z:60dbe6db-ddbc-4cbe-859f-f571d4ab1dd8"
        ],
        "X-Content-Type-Options": [
          "nosniff"
        ],
        "Date": [
          "Mon, 10 Sep 2018 14:34:48 GMT"
        ]
      },
      "StatusCode": 200
    },
    {
      "RequestUri": "/subscriptions/c9cbd920-c00c-427c-852b-8aaf38badaeb/resourceGroups/ps4069/providers/Microsoft.Network/networkWatchers/ps9577?api-version=2018-07-01",
      "EncodedRequestUri": "L3N1YnNjcmlwdGlvbnMvYzljYmQ5MjAtYzAwYy00MjdjLTg1MmItOGFhZjM4YmFkYWViL3Jlc291cmNlR3JvdXBzL3BzNDA2OS9wcm92aWRlcnMvTWljcm9zb2Z0Lk5ldHdvcmsvbmV0d29ya1dhdGNoZXJzL3BzOTU3Nz9hcGktdmVyc2lvbj0yMDE4LTA3LTAx",
      "RequestMethod": "PUT",
      "RequestBody": "{\r\n  \"location\": \"westus\",\r\n  \"tags\": {\r\n    \"key1\": \"value1\",\r\n    \"key2\": \"value2\"\r\n  }\r\n}",
      "RequestHeaders": {
        "Content-Type": [
          "application/json; charset=utf-8"
        ],
        "Content-Length": [
          "92"
        ],
        "x-ms-client-request-id": [
          "997cf51f-7136-4112-a877-63997a9db8d3"
        ],
        "accept-language": [
          "en-US"
        ],
        "User-Agent": [
          "FxVersion/4.7.2563.0",
          "OSName/Windows10Enterprise",
          "OSVersion/6.3.14393",
          "Microsoft.Azure.Management.Network.NetworkManagementClient/20.1.0.0"
        ]
      },
      "ResponseBody": "{\r\n  \"name\": \"ps9577\",\r\n  \"id\": \"/subscriptions/c9cbd920-c00c-427c-852b-8aaf38badaeb/resourceGroups/ps4069/providers/Microsoft.Network/networkWatchers/ps9577\",\r\n  \"etag\": \"W/\\\"0c2f2cef-525d-4263-9655-8a70bf6d3bd8\\\"\",\r\n  \"type\": \"Microsoft.Network/networkWatchers\",\r\n  \"location\": \"westus\",\r\n  \"tags\": {\r\n    \"key1\": \"value1\",\r\n    \"key2\": \"value2\"\r\n  },\r\n  \"properties\": {\r\n    \"provisioningState\": \"Succeeded\",\r\n    \"flowLogs\": [],\r\n    \"runningOperationIds\": []\r\n  }\r\n}",
      "ResponseHeaders": {
        "Content-Length": [
          "471"
        ],
        "Content-Type": [
          "application/json; charset=utf-8"
        ],
        "Expires": [
          "-1"
        ],
        "Pragma": [
          "no-cache"
        ],
        "x-ms-request-id": [
          "4f3ed75a-292e-46d9-9b1f-c998076ea158"
        ],
        "Azure-AsyncOperation": [
          "https://management.azure.com/subscriptions/c9cbd920-c00c-427c-852b-8aaf38badaeb/providers/Microsoft.Network/locations/westus/operations/4f3ed75a-292e-46d9-9b1f-c998076ea158?api-version=2018-07-01"
        ],
        "x-ms-correlation-request-id": [
          "2ab234e8-cd62-49a2-8807-76db0b3ccded"
        ],
        "Strict-Transport-Security": [
          "max-age=31536000; includeSubDomains"
        ],
        "Cache-Control": [
          "no-cache"
        ],
        "Server": [
          "Microsoft-HTTPAPI/2.0",
          "Microsoft-HTTPAPI/2.0"
        ],
        "x-ms-ratelimit-remaining-subscription-writes": [
          "1199"
        ],
        "x-ms-routing-request-id": [
          "WESTUS2:20180910T143449Z:2ab234e8-cd62-49a2-8807-76db0b3ccded"
        ],
        "X-Content-Type-Options": [
          "nosniff"
        ],
        "Date": [
          "Mon, 10 Sep 2018 14:34:48 GMT"
        ]
      },
      "StatusCode": 201
    },
    {
      "RequestUri": "/subscriptions/c9cbd920-c00c-427c-852b-8aaf38badaeb/resourceGroups/ps4069/providers/Microsoft.Network/networkWatchers?api-version=2018-07-01",
      "EncodedRequestUri": "L3N1YnNjcmlwdGlvbnMvYzljYmQ5MjAtYzAwYy00MjdjLTg1MmItOGFhZjM4YmFkYWViL3Jlc291cmNlR3JvdXBzL3BzNDA2OS9wcm92aWRlcnMvTWljcm9zb2Z0Lk5ldHdvcmsvbmV0d29ya1dhdGNoZXJzP2FwaS12ZXJzaW9uPTIwMTgtMDctMDE=",
      "RequestMethod": "GET",
      "RequestBody": "",
      "RequestHeaders": {
        "x-ms-client-request-id": [
          "b4ba3935-fa15-46bf-bbdb-0724640473ec"
        ],
        "accept-language": [
          "en-US"
        ],
        "User-Agent": [
          "FxVersion/4.7.2563.0",
          "OSName/Windows10Enterprise",
          "OSVersion/6.3.14393",
          "Microsoft.Azure.Management.Network.NetworkManagementClient/20.1.0.0"
        ]
      },
      "ResponseBody": "{\r\n  \"value\": [\r\n    {\r\n      \"name\": \"ps9577\",\r\n      \"id\": \"/subscriptions/c9cbd920-c00c-427c-852b-8aaf38badaeb/resourceGroups/ps4069/providers/Microsoft.Network/networkWatchers/ps9577\",\r\n      \"etag\": \"W/\\\"a43f8f84-5c80-4ee0-b060-594fedd5b3fe\\\"\",\r\n      \"type\": \"Microsoft.Network/networkWatchers\",\r\n      \"location\": \"westus\",\r\n      \"tags\": {\r\n        \"key1\": \"value1\",\r\n        \"key2\": \"value2\"\r\n      },\r\n      \"properties\": {\r\n        \"provisioningState\": \"Succeeded\",\r\n        \"flowLogs\": [],\r\n        \"runningOperationIds\": []\r\n      }\r\n    }\r\n  ]\r\n}",
      "ResponseHeaders": {
        "Content-Length": [
          "560"
        ],
        "Content-Type": [
          "application/json; charset=utf-8"
        ],
        "Expires": [
          "-1"
        ],
        "Pragma": [
          "no-cache"
        ],
        "x-ms-request-id": [
          "48ea51b5-89d2-4cd5-89a2-0d72458b9276"
        ],
        "x-ms-correlation-request-id": [
          "ddf03f49-d8c6-4949-b85e-7461fc94de5e"
        ],
        "Strict-Transport-Security": [
          "max-age=31536000; includeSubDomains"
        ],
        "Cache-Control": [
          "no-cache"
        ],
        "Server": [
          "Microsoft-HTTPAPI/2.0",
          "Microsoft-HTTPAPI/2.0"
        ],
        "x-ms-ratelimit-remaining-subscription-reads": [
          "11996"
        ],
        "x-ms-routing-request-id": [
          "WESTUS2:20180910T143449Z:ddf03f49-d8c6-4949-b85e-7461fc94de5e"
        ],
        "X-Content-Type-Options": [
          "nosniff"
        ],
        "Date": [
          "Mon, 10 Sep 2018 14:34:49 GMT"
        ]
      },
      "StatusCode": 200
    },
    {
      "RequestUri": "/subscriptions/c9cbd920-c00c-427c-852b-8aaf38badaeb/resourceGroups/ps4069/providers/Microsoft.Network/networkWatchers?api-version=2018-07-01",
      "EncodedRequestUri": "L3N1YnNjcmlwdGlvbnMvYzljYmQ5MjAtYzAwYy00MjdjLTg1MmItOGFhZjM4YmFkYWViL3Jlc291cmNlR3JvdXBzL3BzNDA2OS9wcm92aWRlcnMvTWljcm9zb2Z0Lk5ldHdvcmsvbmV0d29ya1dhdGNoZXJzP2FwaS12ZXJzaW9uPTIwMTgtMDctMDE=",
      "RequestMethod": "GET",
      "RequestBody": "",
      "RequestHeaders": {
        "x-ms-client-request-id": [
          "5652cc78-8ef6-4539-a1c5-35e5acf856e7"
        ],
        "accept-language": [
          "en-US"
        ],
        "User-Agent": [
          "FxVersion/4.7.2563.0",
          "OSName/Windows10Enterprise",
          "OSVersion/6.3.14393",
          "Microsoft.Azure.Management.Network.NetworkManagementClient/20.1.0.0"
        ]
      },
      "ResponseBody": "{\r\n  \"value\": []\r\n}",
      "ResponseHeaders": {
        "Content-Length": [
          "19"
        ],
        "Content-Type": [
          "application/json; charset=utf-8"
        ],
        "Expires": [
          "-1"
        ],
        "Pragma": [
          "no-cache"
        ],
        "x-ms-request-id": [
          "8e6d22b1-3ee6-450b-9bcd-8db7f42f19c2"
        ],
        "x-ms-correlation-request-id": [
          "043a7efe-d868-48e8-8243-da384933b4ad"
        ],
        "Strict-Transport-Security": [
          "max-age=31536000; includeSubDomains"
        ],
        "Cache-Control": [
          "no-cache"
        ],
        "Server": [
          "Microsoft-HTTPAPI/2.0",
          "Microsoft-HTTPAPI/2.0"
        ],
        "x-ms-ratelimit-remaining-subscription-reads": [
          "11992"
        ],
        "x-ms-routing-request-id": [
          "WESTUS2:20180910T143500Z:043a7efe-d868-48e8-8243-da384933b4ad"
        ],
        "X-Content-Type-Options": [
          "nosniff"
        ],
        "Date": [
          "Mon, 10 Sep 2018 14:34:59 GMT"
        ]
      },
      "StatusCode": 200
    },
    {
      "RequestUri": "/subscriptions/c9cbd920-c00c-427c-852b-8aaf38badaeb/providers/Microsoft.Network/networkWatchers?api-version=2018-07-01",
      "EncodedRequestUri": "L3N1YnNjcmlwdGlvbnMvYzljYmQ5MjAtYzAwYy00MjdjLTg1MmItOGFhZjM4YmFkYWViL3Byb3ZpZGVycy9NaWNyb3NvZnQuTmV0d29yay9uZXR3b3JrV2F0Y2hlcnM/YXBpLXZlcnNpb249MjAxOC0wNy0wMQ==",
      "RequestMethod": "GET",
      "RequestBody": "",
      "RequestHeaders": {
        "x-ms-client-request-id": [
          "a59b5eb1-f6cc-4d03-be62-1514b51518d2"
        ],
        "accept-language": [
          "en-US"
        ],
        "User-Agent": [
          "FxVersion/4.7.2563.0",
          "OSName/Windows10Enterprise",
          "OSVersion/6.3.14393",
          "Microsoft.Azure.Management.Network.NetworkManagementClient/20.1.0.0"
        ]
      },
      "ResponseBody": "{\r\n  \"value\": [\r\n    {\r\n      \"name\": \"ps9577\",\r\n      \"id\": \"/subscriptions/c9cbd920-c00c-427c-852b-8aaf38badaeb/resourceGroups/ps4069/providers/Microsoft.Network/networkWatchers/ps9577\",\r\n      \"etag\": \"W/\\\"a43f8f84-5c80-4ee0-b060-594fedd5b3fe\\\"\",\r\n      \"type\": \"Microsoft.Network/networkWatchers\",\r\n      \"location\": \"westus\",\r\n      \"tags\": {\r\n        \"key1\": \"value1\",\r\n        \"key2\": \"value2\"\r\n      },\r\n      \"properties\": {\r\n        \"provisioningState\": \"Succeeded\",\r\n        \"flowLogs\": [],\r\n        \"runningOperationIds\": []\r\n      }\r\n    },\r\n    {\r\n      \"name\": \"westcentralus-watcher\",\r\n      \"id\": \"/subscriptions/c9cbd920-c00c-427c-852b-8aaf38badaeb/resourceGroups/NetworkWatcherRg/providers/Microsoft.Network/networkWatchers/westcentralus-watcher\",\r\n      \"etag\": \"W/\\\"c9266ae5-e0d4-4d3e-a7a5-37c0389185de\\\"\",\r\n      \"type\": \"Microsoft.Network/networkWatchers\",\r\n      \"location\": \"westcentralus\",\r\n      \"properties\": {\r\n        \"provisioningState\": \"Succeeded\",\r\n        \"flowLogs\": [\r\n          {\r\n            \"name\": \"Microsoft.Networkcli_test_nw_flow_logkanhossry7mwcae7r4ew2tefwnc3vj57fe2zyuywmneru2gtoacnqrznsg1\",\r\n            \"id\": \"/subscriptions/c9cbd920-c00c-427c-852b-8aaf38badaeb/resourceGroups/cli_test_nw_flow_logkanhossry7mwcae7r4ew2tefwnc3vj57fe2zyuywmneru2gtoacnqrz/providers/Microsoft.Network/networkWatchers/westcentralus-watcher/FlowLogs/Microsoft.Networkcli_test_nw_flow_logkanhossry7mwcae7r4ew2tefwnc3vj57fe2zyuywmneru2gtoacnqrznsg1\",\r\n            \"etag\": \"W/\\\"c9266ae5-e0d4-4d3e-a7a5-37c0389185de\\\"\",\r\n            \"properties\": {\r\n              \"provisioningState\": \"Succeeded\",\r\n              \"targetResourceId\": \"/subscriptions/c9cbd920-c00c-427c-852b-8aaf38badaeb/resourceGroups/cli_test_nw_flow_logkanhossry7mwcae7r4ew2tefwnc3vj57fe2zyuywmneru2gtoacnqrz/providers/Microsoft.Network/networkSecurityGroups/nsg1\",\r\n              \"targetResourceGuid\": \"3f097c2c-4d76-459f-8708-626fce8b55d5\",\r\n              \"storageId\": \"/subscriptions/c9cbd920-c00c-427c-852b-8aaf38badaeb/resourceGroups/cli_test_nw_flow_logkanhossry7mwcae7r4ew2tefwnc3vj57fe2zyuywmneru2gtoacnqrz/providers/Microsoft.Storage/storageAccounts/clitestnwiwqzk7awc4nmihs\",\r\n              \"enabled\": true,\r\n              \"flowAnalyticsConfiguration\": {},\r\n              \"retentionPolicy\": {\r\n                \"days\": 0,\r\n                \"enabled\": false\r\n              }\r\n            },\r\n            \"type\": \"Microsoft.Network/networkWatchers/FlowLogs\"\r\n          },\r\n          {\r\n            \"name\": \"Microsoft.Networkcli_test_nw_flow_logmq7v6laz2euiyekt4h46353htidrg6afni6jnx4yskknz5z6pumjf3snsg1\",\r\n            \"id\": \"/subscriptions/c9cbd920-c00c-427c-852b-8aaf38badaeb/resourceGroups/cli_test_nw_flow_logmq7v6laz2euiyekt4h46353htidrg6afni6jnx4yskknz5z6pumjf3s/providers/Microsoft.Network/networkWatchers/westcentralus-watcher/FlowLogs/Microsoft.Networkcli_test_nw_flow_logmq7v6laz2euiyekt4h46353htidrg6afni6jnx4yskknz5z6pumjf3snsg1\",\r\n            \"etag\": \"W/\\\"c9266ae5-e0d4-4d3e-a7a5-37c0389185de\\\"\",\r\n            \"properties\": {\r\n              \"provisioningState\": \"Succeeded\",\r\n              \"targetResourceId\": \"/subscriptions/c9cbd920-c00c-427c-852b-8aaf38badaeb/resourceGroups/cli_test_nw_flow_logmq7v6laz2euiyekt4h46353htidrg6afni6jnx4yskknz5z6pumjf3s/providers/Microsoft.Network/networkSecurityGroups/nsg1\",\r\n              \"targetResourceGuid\": \"aaf7bfe8-67c2-4b3a-a615-473d132ce67d\",\r\n              \"storageId\": \"/subscriptions/c9cbd920-c00c-427c-852b-8aaf38badaeb/resourceGroups/cli_test_nw_flow_logmq7v6laz2euiyekt4h46353htidrg6afni6jnx4yskknz5z6pumjf3s/providers/Microsoft.Storage/storageAccounts/clitestnw27wtb2wvcldmdis\",\r\n              \"enabled\": true,\r\n              \"flowAnalyticsConfiguration\": {},\r\n              \"retentionPolicy\": {\r\n                \"days\": 0,\r\n                \"enabled\": false\r\n              }\r\n            },\r\n            \"type\": \"Microsoft.Network/networkWatchers/FlowLogs\"\r\n          }\r\n        ],\r\n        \"runningOperationIds\": []\r\n      }\r\n    }\r\n  ]\r\n}",
      "ResponseHeaders": {
        "Content-Length": [
          "3156"
        ],
        "Content-Type": [
          "application/json; charset=utf-8"
        ],
        "Expires": [
          "-1"
        ],
        "Pragma": [
          "no-cache"
        ],
        "x-ms-original-request-ids": [
          "19960034-81da-4e12-8598-fb71a7d0ac03",
          "0826e243-d943-422a-b60a-10d0da7c0919"
        ],
        "x-ms-ratelimit-remaining-subscription-reads": [
          "11995"
        ],
        "x-ms-request-id": [
          "41c48d8b-646a-4389-a8c4-33fb7945ce95"
        ],
        "x-ms-correlation-request-id": [
          "41c48d8b-646a-4389-a8c4-33fb7945ce95"
        ],
        "x-ms-routing-request-id": [
          "WESTUS2:20180910T143449Z:41c48d8b-646a-4389-a8c4-33fb7945ce95"
        ],
        "Strict-Transport-Security": [
          "max-age=31536000; includeSubDomains"
        ],
        "X-Content-Type-Options": [
          "nosniff"
        ],
        "Cache-Control": [
          "no-cache"
        ],
        "Date": [
          "Mon, 10 Sep 2018 14:34:49 GMT"
        ]
      },
      "StatusCode": 200
    },
    {
      "RequestUri": "/subscriptions/c9cbd920-c00c-427c-852b-8aaf38badaeb/resourceGroups/ps4069/providers/Microsoft.Network/networkWatchers/ps9577?api-version=2018-07-01",
      "EncodedRequestUri": "L3N1YnNjcmlwdGlvbnMvYzljYmQ5MjAtYzAwYy00MjdjLTg1MmItOGFhZjM4YmFkYWViL3Jlc291cmNlR3JvdXBzL3BzNDA2OS9wcm92aWRlcnMvTWljcm9zb2Z0Lk5ldHdvcmsvbmV0d29ya1dhdGNoZXJzL3BzOTU3Nz9hcGktdmVyc2lvbj0yMDE4LTA3LTAx",
      "RequestMethod": "DELETE",
      "RequestBody": "",
      "RequestHeaders": {
        "x-ms-client-request-id": [
          "ecc6893a-253f-4d49-9399-b9547a0d6ba1"
        ],
        "accept-language": [
          "en-US"
        ],
        "User-Agent": [
          "FxVersion/4.7.2563.0",
          "OSName/Windows10Enterprise",
          "OSVersion/6.3.14393",
          "Microsoft.Azure.Management.Network.NetworkManagementClient/20.1.0.0"
        ]
      },
      "ResponseBody": "",
      "ResponseHeaders": {
        "Content-Length": [
          "0"
        ],
        "Expires": [
          "-1"
        ],
        "Pragma": [
          "no-cache"
        ],
        "Retry-After": [
          "10"
        ],
        "x-ms-request-id": [
          "39844405-38b9-42f7-bc82-a94d2ef42052"
        ],
        "Azure-AsyncOperation": [
          "https://management.azure.com/subscriptions/c9cbd920-c00c-427c-852b-8aaf38badaeb/providers/Microsoft.Network/locations/westus/operations/39844405-38b9-42f7-bc82-a94d2ef42052?api-version=2018-07-01"
        ],
        "x-ms-correlation-request-id": [
          "45f86af1-b30e-49de-862c-a7c92d1740c4"
        ],
        "Strict-Transport-Security": [
          "max-age=31536000; includeSubDomains"
        ],
        "Cache-Control": [
          "no-cache"
        ],
        "Location": [
          "https://management.azure.com/subscriptions/c9cbd920-c00c-427c-852b-8aaf38badaeb/providers/Microsoft.Network/locations/westus/operationResults/39844405-38b9-42f7-bc82-a94d2ef42052?api-version=2018-07-01"
        ],
        "Server": [
          "Microsoft-HTTPAPI/2.0",
          "Microsoft-HTTPAPI/2.0"
        ],
        "x-ms-ratelimit-remaining-subscription-deletes": [
          "14999"
        ],
        "x-ms-routing-request-id": [
          "WESTUS2:20180910T143449Z:45f86af1-b30e-49de-862c-a7c92d1740c4"
        ],
        "X-Content-Type-Options": [
          "nosniff"
        ],
        "Date": [
          "Mon, 10 Sep 2018 14:34:49 GMT"
        ]
      },
      "StatusCode": 202
    },
    {
      "RequestUri": "/subscriptions/c9cbd920-c00c-427c-852b-8aaf38badaeb/providers/Microsoft.Network/locations/westus/operations/39844405-38b9-42f7-bc82-a94d2ef42052?api-version=2018-07-01",
      "EncodedRequestUri": "L3N1YnNjcmlwdGlvbnMvYzljYmQ5MjAtYzAwYy00MjdjLTg1MmItOGFhZjM4YmFkYWViL3Byb3ZpZGVycy9NaWNyb3NvZnQuTmV0d29yay9sb2NhdGlvbnMvd2VzdHVzL29wZXJhdGlvbnMvMzk4NDQ0MDUtMzhiOS00MmY3LWJjODItYTk0ZDJlZjQyMDUyP2FwaS12ZXJzaW9uPTIwMTgtMDctMDE=",
      "RequestMethod": "GET",
      "RequestBody": "",
      "RequestHeaders": {
        "User-Agent": [
          "FxVersion/4.7.2563.0",
          "OSName/Windows10Enterprise",
          "OSVersion/6.3.14393",
          "Microsoft.Azure.Management.Network.NetworkManagementClient/20.1.0.0"
        ]
      },
      "ResponseBody": "{\r\n  \"status\": \"Succeeded\"\r\n}",
      "ResponseHeaders": {
        "Content-Length": [
          "29"
        ],
        "Content-Type": [
          "application/json; charset=utf-8"
        ],
        "Expires": [
          "-1"
        ],
        "Pragma": [
          "no-cache"
        ],
        "x-ms-request-id": [
          "f5ecd901-45bd-4440-84aa-59db7deb87d8"
        ],
        "x-ms-correlation-request-id": [
          "d3c0e4fa-5cce-4fd3-ad47-b796958424d5"
        ],
        "Strict-Transport-Security": [
          "max-age=31536000; includeSubDomains"
        ],
        "Cache-Control": [
          "no-cache"
        ],
        "Server": [
          "Microsoft-HTTPAPI/2.0",
          "Microsoft-HTTPAPI/2.0"
        ],
        "x-ms-ratelimit-remaining-subscription-reads": [
          "11994"
        ],
        "x-ms-routing-request-id": [
          "WESTUS2:20180910T143459Z:d3c0e4fa-5cce-4fd3-ad47-b796958424d5"
        ],
        "X-Content-Type-Options": [
          "nosniff"
        ],
        "Date": [
          "Mon, 10 Sep 2018 14:34:59 GMT"
        ]
      },
      "StatusCode": 200
    },
    {
      "RequestUri": "/subscriptions/c9cbd920-c00c-427c-852b-8aaf38badaeb/providers/Microsoft.Network/locations/westus/operationResults/39844405-38b9-42f7-bc82-a94d2ef42052?api-version=2018-07-01",
      "EncodedRequestUri": "L3N1YnNjcmlwdGlvbnMvYzljYmQ5MjAtYzAwYy00MjdjLTg1MmItOGFhZjM4YmFkYWViL3Byb3ZpZGVycy9NaWNyb3NvZnQuTmV0d29yay9sb2NhdGlvbnMvd2VzdHVzL29wZXJhdGlvblJlc3VsdHMvMzk4NDQ0MDUtMzhiOS00MmY3LWJjODItYTk0ZDJlZjQyMDUyP2FwaS12ZXJzaW9uPTIwMTgtMDctMDE=",
      "RequestMethod": "GET",
      "RequestBody": "",
      "RequestHeaders": {
        "User-Agent": [
          "FxVersion/4.7.2563.0",
          "OSName/Windows10Enterprise",
          "OSVersion/6.3.14393",
          "Microsoft.Azure.Management.Network.NetworkManagementClient/20.1.0.0"
        ]
      },
      "ResponseBody": "",
      "ResponseHeaders": {
        "Content-Type": [
          "application/json; charset=utf-8"
        ],
        "Expires": [
          "-1"
        ],
        "Pragma": [
          "no-cache"
        ],
        "x-ms-request-id": [
          "39844405-38b9-42f7-bc82-a94d2ef42052"
        ],
        "Azure-AsyncOperation": [
          "https://management.azure.com/subscriptions/c9cbd920-c00c-427c-852b-8aaf38badaeb/providers/Microsoft.Network/locations/westus/operations/39844405-38b9-42f7-bc82-a94d2ef42052?api-version=2018-07-01"
        ],
        "x-ms-correlation-request-id": [
          "45f86af1-b30e-49de-862c-a7c92d1740c4"
        ],
        "Strict-Transport-Security": [
          "max-age=31536000; includeSubDomains"
        ],
        "Cache-Control": [
          "no-cache"
        ],
        "Location": [
          "https://management.azure.com/subscriptions/c9cbd920-c00c-427c-852b-8aaf38badaeb/providers/Microsoft.Network/locations/westus/operationResults/39844405-38b9-42f7-bc82-a94d2ef42052?api-version=2018-07-01"
        ],
        "Server": [
          "Microsoft-HTTPAPI/2.0",
          "Microsoft-HTTPAPI/2.0"
        ],
        "x-ms-ratelimit-remaining-subscription-reads": [
          "11993"
        ],
        "x-ms-routing-request-id": [
          "WESTUS2:20180910T143500Z:14b3362a-6112-4978-8d25-601573c4a7ca"
        ],
        "X-Content-Type-Options": [
          "nosniff"
        ],
        "Date": [
          "Mon, 10 Sep 2018 14:34:59 GMT"
        ]
      },
      "StatusCode": 204
    },
    {
      "RequestUri": "/subscriptions/c9cbd920-c00c-427c-852b-8aaf38badaeb/resourcegroups/ps4069?api-version=2016-09-01",
      "EncodedRequestUri": "L3N1YnNjcmlwdGlvbnMvYzljYmQ5MjAtYzAwYy00MjdjLTg1MmItOGFhZjM4YmFkYWViL3Jlc291cmNlZ3JvdXBzL3BzNDA2OT9hcGktdmVyc2lvbj0yMDE2LTA5LTAx",
      "RequestMethod": "DELETE",
      "RequestBody": "",
      "RequestHeaders": {
        "x-ms-client-request-id": [
          "19e0062a-0c4b-4c7c-bdb7-b1c6fca74bd8"
        ],
        "accept-language": [
          "en-US"
        ],
        "User-Agent": [
          "FxVersion/4.7.2563.0",
          "OSName/Windows10Enterprise",
          "OSVersion/6.3.14393",
          "Microsoft.Azure.Management.Internal.Resources.ResourceManagementClient/4.1.0"
        ]
      },
      "ResponseBody": "",
      "ResponseHeaders": {
        "Content-Length": [
          "0"
        ],
        "Expires": [
          "-1"
        ],
        "Pragma": [
          "no-cache"
        ],
        "Retry-After": [
          "15"
        ],
        "x-ms-ratelimit-remaining-subscription-deletes": [
          "14999"
        ],
        "x-ms-request-id": [
          "25faa00a-8553-46a5-b396-8e80c35009e5"
        ],
        "x-ms-correlation-request-id": [
          "25faa00a-8553-46a5-b396-8e80c35009e5"
        ],
        "x-ms-routing-request-id": [
          "WESTUS2:20180910T143500Z:25faa00a-8553-46a5-b396-8e80c35009e5"
        ],
        "Strict-Transport-Security": [
          "max-age=31536000; includeSubDomains"
        ],
        "X-Content-Type-Options": [
          "nosniff"
        ],
        "Cache-Control": [
          "no-cache"
        ],
        "Date": [
          "Mon, 10 Sep 2018 14:35:00 GMT"
        ],
        "Location": [
          "https://management.azure.com/subscriptions/c9cbd920-c00c-427c-852b-8aaf38badaeb/operationresults/eyJqb2JJZCI6IlJFU09VUkNFR1JPVVBERUxFVElPTkpPQi1QUzQwNjktV0VTVFVTIiwiam9iTG9jYXRpb24iOiJ3ZXN0dXMifQ?api-version=2016-09-01"
        ]
      },
      "StatusCode": 202
    },
    {
      "RequestUri": "/subscriptions/c9cbd920-c00c-427c-852b-8aaf38badaeb/operationresults/eyJqb2JJZCI6IlJFU09VUkNFR1JPVVBERUxFVElPTkpPQi1QUzQwNjktV0VTVFVTIiwiam9iTG9jYXRpb24iOiJ3ZXN0dXMifQ?api-version=2016-09-01",
      "EncodedRequestUri": "L3N1YnNjcmlwdGlvbnMvYzljYmQ5MjAtYzAwYy00MjdjLTg1MmItOGFhZjM4YmFkYWViL29wZXJhdGlvbnJlc3VsdHMvZXlKcWIySkpaQ0k2SWxKRlUwOVZVa05GUjFKUFZWQkVSVXhGVkVsUFRrcFBRaTFRVXpRd05qa3RWMFZUVkZWVElpd2lhbTlpVEc5allYUnBiMjRpT2lKM1pYTjBkWE1pZlE/YXBpLXZlcnNpb249MjAxNi0wOS0wMQ==",
      "RequestMethod": "GET",
      "RequestBody": "",
      "RequestHeaders": {
        "User-Agent": [
          "FxVersion/4.7.2563.0",
          "OSName/Windows10Enterprise",
          "OSVersion/6.3.14393",
          "Microsoft.Azure.Management.Internal.Resources.ResourceManagementClient/4.1.0"
        ]
      },
      "ResponseBody": "",
      "ResponseHeaders": {
        "Content-Length": [
          "0"
        ],
        "Expires": [
          "-1"
        ],
        "Pragma": [
          "no-cache"
        ],
        "Retry-After": [
          "15"
        ],
        "x-ms-ratelimit-remaining-subscription-reads": [
          "11999"
        ],
        "x-ms-request-id": [
          "4af6754e-fe11-4631-b512-814d28ba087e"
        ],
        "x-ms-correlation-request-id": [
          "4af6754e-fe11-4631-b512-814d28ba087e"
        ],
        "x-ms-routing-request-id": [
          "WESTUS2:20180910T143515Z:4af6754e-fe11-4631-b512-814d28ba087e"
        ],
        "Strict-Transport-Security": [
          "max-age=31536000; includeSubDomains"
        ],
        "X-Content-Type-Options": [
          "nosniff"
        ],
        "Cache-Control": [
          "no-cache"
        ],
        "Date": [
          "Mon, 10 Sep 2018 14:35:15 GMT"
        ],
        "Location": [
          "https://management.azure.com/subscriptions/c9cbd920-c00c-427c-852b-8aaf38badaeb/operationresults/eyJqb2JJZCI6IlJFU09VUkNFR1JPVVBERUxFVElPTkpPQi1QUzQwNjktV0VTVFVTIiwiam9iTG9jYXRpb24iOiJ3ZXN0dXMifQ?api-version=2016-09-01"
        ]
      },
      "StatusCode": 202
    },
    {
      "RequestUri": "/subscriptions/c9cbd920-c00c-427c-852b-8aaf38badaeb/operationresults/eyJqb2JJZCI6IlJFU09VUkNFR1JPVVBERUxFVElPTkpPQi1QUzQwNjktV0VTVFVTIiwiam9iTG9jYXRpb24iOiJ3ZXN0dXMifQ?api-version=2016-09-01",
      "EncodedRequestUri": "L3N1YnNjcmlwdGlvbnMvYzljYmQ5MjAtYzAwYy00MjdjLTg1MmItOGFhZjM4YmFkYWViL29wZXJhdGlvbnJlc3VsdHMvZXlKcWIySkpaQ0k2SWxKRlUwOVZVa05GUjFKUFZWQkVSVXhGVkVsUFRrcFBRaTFRVXpRd05qa3RWMFZUVkZWVElpd2lhbTlpVEc5allYUnBiMjRpT2lKM1pYTjBkWE1pZlE/YXBpLXZlcnNpb249MjAxNi0wOS0wMQ==",
      "RequestMethod": "GET",
      "RequestBody": "",
      "RequestHeaders": {
        "User-Agent": [
          "FxVersion/4.7.2563.0",
          "OSName/Windows10Enterprise",
          "OSVersion/6.3.14393",
          "Microsoft.Azure.Management.Internal.Resources.ResourceManagementClient/4.1.0"
        ]
      },
      "ResponseBody": "",
      "ResponseHeaders": {
        "Content-Length": [
          "0"
        ],
        "Expires": [
          "-1"
        ],
        "Pragma": [
          "no-cache"
        ],
        "Retry-After": [
          "15"
        ],
        "x-ms-ratelimit-remaining-subscription-reads": [
          "11998"
        ],
        "x-ms-request-id": [
          "0a8f85ba-477f-446b-8896-a5e46385146b"
        ],
        "x-ms-correlation-request-id": [
          "0a8f85ba-477f-446b-8896-a5e46385146b"
        ],
        "x-ms-routing-request-id": [
          "WESTUS2:20180910T143530Z:0a8f85ba-477f-446b-8896-a5e46385146b"
        ],
        "Strict-Transport-Security": [
          "max-age=31536000; includeSubDomains"
        ],
        "X-Content-Type-Options": [
          "nosniff"
        ],
        "Cache-Control": [
          "no-cache"
        ],
        "Date": [
          "Mon, 10 Sep 2018 14:35:29 GMT"
        ],
        "Location": [
          "https://management.azure.com/subscriptions/c9cbd920-c00c-427c-852b-8aaf38badaeb/operationresults/eyJqb2JJZCI6IlJFU09VUkNFR1JPVVBERUxFVElPTkpPQi1QUzQwNjktV0VTVFVTIiwiam9iTG9jYXRpb24iOiJ3ZXN0dXMifQ?api-version=2016-09-01"
        ]
      },
      "StatusCode": 202
    },
    {
      "RequestUri": "/subscriptions/c9cbd920-c00c-427c-852b-8aaf38badaeb/operationresults/eyJqb2JJZCI6IlJFU09VUkNFR1JPVVBERUxFVElPTkpPQi1QUzQwNjktV0VTVFVTIiwiam9iTG9jYXRpb24iOiJ3ZXN0dXMifQ?api-version=2016-09-01",
      "EncodedRequestUri": "L3N1YnNjcmlwdGlvbnMvYzljYmQ5MjAtYzAwYy00MjdjLTg1MmItOGFhZjM4YmFkYWViL29wZXJhdGlvbnJlc3VsdHMvZXlKcWIySkpaQ0k2SWxKRlUwOVZVa05GUjFKUFZWQkVSVXhGVkVsUFRrcFBRaTFRVXpRd05qa3RWMFZUVkZWVElpd2lhbTlpVEc5allYUnBiMjRpT2lKM1pYTjBkWE1pZlE/YXBpLXZlcnNpb249MjAxNi0wOS0wMQ==",
      "RequestMethod": "GET",
      "RequestBody": "",
      "RequestHeaders": {
        "User-Agent": [
          "FxVersion/4.7.2563.0",
          "OSName/Windows10Enterprise",
          "OSVersion/6.3.14393",
          "Microsoft.Azure.Management.Internal.Resources.ResourceManagementClient/4.1.0"
        ]
      },
      "ResponseBody": "",
      "ResponseHeaders": {
        "Content-Length": [
          "0"
        ],
        "Expires": [
          "-1"
        ],
        "Pragma": [
          "no-cache"
        ],
        "x-ms-ratelimit-remaining-subscription-reads": [
          "11997"
        ],
        "x-ms-request-id": [
          "41d4ebff-712f-4da6-9f9c-c7513132734e"
        ],
        "x-ms-correlation-request-id": [
          "41d4ebff-712f-4da6-9f9c-c7513132734e"
        ],
        "x-ms-routing-request-id": [
          "WESTUS2:20180910T143545Z:41d4ebff-712f-4da6-9f9c-c7513132734e"
        ],
        "Strict-Transport-Security": [
          "max-age=31536000; includeSubDomains"
        ],
        "X-Content-Type-Options": [
          "nosniff"
        ],
        "Cache-Control": [
          "no-cache"
        ],
        "Date": [
          "Mon, 10 Sep 2018 14:35:45 GMT"
        ]
      },
      "StatusCode": 200
    },
    {
      "RequestUri": "/subscriptions/c9cbd920-c00c-427c-852b-8aaf38badaeb/operationresults/eyJqb2JJZCI6IlJFU09VUkNFR1JPVVBERUxFVElPTkpPQi1QUzQwNjktV0VTVFVTIiwiam9iTG9jYXRpb24iOiJ3ZXN0dXMifQ?api-version=2016-09-01",
      "EncodedRequestUri": "L3N1YnNjcmlwdGlvbnMvYzljYmQ5MjAtYzAwYy00MjdjLTg1MmItOGFhZjM4YmFkYWViL29wZXJhdGlvbnJlc3VsdHMvZXlKcWIySkpaQ0k2SWxKRlUwOVZVa05GUjFKUFZWQkVSVXhGVkVsUFRrcFBRaTFRVXpRd05qa3RWMFZUVkZWVElpd2lhbTlpVEc5allYUnBiMjRpT2lKM1pYTjBkWE1pZlE/YXBpLXZlcnNpb249MjAxNi0wOS0wMQ==",
      "RequestMethod": "GET",
      "RequestBody": "",
      "RequestHeaders": {
        "User-Agent": [
          "FxVersion/4.7.2563.0",
          "OSName/Windows10Enterprise",
          "OSVersion/6.3.14393",
          "Microsoft.Azure.Management.Internal.Resources.ResourceManagementClient/4.1.0"
        ]
      },
      "ResponseBody": "",
      "ResponseHeaders": {
        "Content-Length": [
          "0"
        ],
        "Expires": [
          "-1"
        ],
        "Pragma": [
          "no-cache"
        ],
        "x-ms-ratelimit-remaining-subscription-reads": [
          "11996"
        ],
        "x-ms-request-id": [
          "a1eba16d-9b9e-43d7-bcd9-a572397d3834"
        ],
        "x-ms-correlation-request-id": [
          "a1eba16d-9b9e-43d7-bcd9-a572397d3834"
        ],
        "x-ms-routing-request-id": [
          "WESTUS2:20180910T143545Z:a1eba16d-9b9e-43d7-bcd9-a572397d3834"
        ],
        "Strict-Transport-Security": [
          "max-age=31536000; includeSubDomains"
        ],
        "X-Content-Type-Options": [
          "nosniff"
        ],
        "Cache-Control": [
          "no-cache"
        ],
        "Date": [
          "Mon, 10 Sep 2018 14:35:45 GMT"
        ]
      },
      "StatusCode": 200
    }
  ],
  "Names": {
    "Test-NetworkWatcherCRUD": [
      "ps4069",
      "ps9577"
    ]
  },
  "Variables": {
    "SubscriptionId": "c9cbd920-c00c-427c-852b-8aaf38badaeb"
  }
}