{
  "Entries": [
    {
      "RequestUri": "/subscriptions/f557b96d-2308-4a18-aae1-b8f7e7e70cc7/resourcegroups/pws-sdk-tests-rgJUWcP?api-version=2016-09-01",
      "EncodedRequestUri": "L3N1YnNjcmlwdGlvbnMvZjU1N2I5NmQtMjMwOC00YTE4LWFhZTEtYjhmN2U3ZTcwY2M3L3Jlc291cmNlZ3JvdXBzL3B3cy1zZGstdGVzdHMtcmdKVVdjUD9hcGktdmVyc2lvbj0yMDE2LTA5LTAx",
      "RequestMethod": "PUT",
      "RequestBody": "{\r\n  \"location\": \"westus2\"\r\n}",
      "RequestHeaders": {
        "x-ms-client-request-id": [
          "e5c56432-68e1-4b2d-bbfc-f3e939959ed0"
        ],
        "Accept-Language": [
          "en-US"
        ],
        "User-Agent": [
          "FxVersion/4.6.27019.06",
          "OSName/Windows",
          "OSVersion/Microsoft.Windows.10.0.17134.",
          "Microsoft.Azure.Management.Internal.Resources.ResourceManagementClient/1.1.13"
        ],
        "Content-Type": [
          "application/json; charset=utf-8"
        ],
        "Content-Length": [
          "29"
        ]
      },
      "ResponseHeaders": {
        "Cache-Control": [
          "no-cache"
        ],
        "Pragma": [
          "no-cache"
        ],
        "x-ms-ratelimit-remaining-subscription-writes": [
          "1199"
        ],
        "x-ms-request-id": [
          "5587f48f-047d-452d-acc4-0b5e3e7f5664"
        ],
        "x-ms-correlation-request-id": [
          "5587f48f-047d-452d-acc4-0b5e3e7f5664"
        ],
        "x-ms-routing-request-id": [
          "WESTEUROPE:20190227T114352Z:5587f48f-047d-452d-acc4-0b5e3e7f5664"
        ],
        "Strict-Transport-Security": [
          "max-age=31536000; includeSubDomains"
        ],
        "X-Content-Type-Options": [
          "nosniff"
        ],
        "Date": [
          "Wed, 27 Feb 2019 11:43:52 GMT"
        ],
        "Content-Length": [
          "196"
        ],
        "Content-Type": [
          "application/json; charset=utf-8"
        ],
        "Expires": [
          "-1"
        ]
      },
      "ResponseBody": "{\r\n  \"id\": \"/subscriptions/f557b96d-2308-4a18-aae1-b8f7e7e70cc7/resourceGroups/pws-sdk-tests-rgJUWcP\",\r\n  \"name\": \"pws-sdk-tests-rgJUWcP\",\r\n  \"location\": \"westus2\",\r\n  \"properties\": {\r\n    \"provisioningState\": \"Succeeded\"\r\n  }\r\n}",
      "StatusCode": 201
    },
    {
      "RequestUri": "/subscriptions/f557b96d-2308-4a18-aae1-b8f7e7e70cc7/resourceGroups/pws-sdk-tests-rgJUWcP/providers/Microsoft.Network/virtualNetworks/pws-sdk-tests-rgJUWcP-vnet?api-version=2018-10-01",
      "EncodedRequestUri": "L3N1YnNjcmlwdGlvbnMvZjU1N2I5NmQtMjMwOC00YTE4LWFhZTEtYjhmN2U3ZTcwY2M3L3Jlc291cmNlR3JvdXBzL3B3cy1zZGstdGVzdHMtcmdKVVdjUC9wcm92aWRlcnMvTWljcm9zb2Z0Lk5ldHdvcmsvdmlydHVhbE5ldHdvcmtzL3B3cy1zZGstdGVzdHMtcmdKVVdjUC12bmV0P2FwaS12ZXJzaW9uPTIwMTgtMTAtMDE=",
      "RequestMethod": "GET",
      "RequestBody": "",
      "RequestHeaders": {
        "x-ms-client-request-id": [
          "6f5b4b0a-0c01-48f0-b976-2730e19fbe6b"
        ],
        "Accept-Language": [
          "en-US"
        ],
        "User-Agent": [
          "FxVersion/4.6.27019.06",
          "OSName/Windows",
          "OSVersion/Microsoft.Windows.10.0.17134.",
          "Microsoft.Azure.Management.Network.NetworkManagementClient/19.7.0.0"
        ]
      },
      "ResponseHeaders": {
        "Cache-Control": [
          "no-cache"
        ],
        "Pragma": [
          "no-cache"
        ],
        "x-ms-failure-cause": [
          "gateway"
        ],
        "x-ms-request-id": [
          "663a4829-a186-45cb-8eb0-467ffe2aba2f"
        ],
        "x-ms-correlation-request-id": [
          "663a4829-a186-45cb-8eb0-467ffe2aba2f"
        ],
        "x-ms-routing-request-id": [
          "WESTEUROPE:20190227T114353Z:663a4829-a186-45cb-8eb0-467ffe2aba2f"
        ],
        "Strict-Transport-Security": [
          "max-age=31536000; includeSubDomains"
        ],
        "X-Content-Type-Options": [
          "nosniff"
        ],
        "Date": [
          "Wed, 27 Feb 2019 11:43:53 GMT"
        ],
        "Content-Type": [
          "application/json; charset=utf-8"
        ],
        "Expires": [
          "-1"
        ],
        "Content-Length": [
          "185"
        ]
      },
      "ResponseBody": "{\r\n  \"error\": {\r\n    \"code\": \"ResourceNotFound\",\r\n    \"message\": \"The Resource 'Microsoft.Network/virtualNetworks/pws-sdk-tests-rgJUWcP-vnet' under resource group 'pws-sdk-tests-rgJUWcP' was not found.\"\r\n  }\r\n}",
      "StatusCode": 404
    },
    {
      "RequestUri": "/subscriptions/f557b96d-2308-4a18-aae1-b8f7e7e70cc7/resourceGroups/pws-sdk-tests-rgJUWcP/providers/Microsoft.Network/virtualNetworks/pws-sdk-tests-rgJUWcP-vnet?api-version=2018-10-01",
      "EncodedRequestUri": "L3N1YnNjcmlwdGlvbnMvZjU1N2I5NmQtMjMwOC00YTE4LWFhZTEtYjhmN2U3ZTcwY2M3L3Jlc291cmNlR3JvdXBzL3B3cy1zZGstdGVzdHMtcmdKVVdjUC9wcm92aWRlcnMvTWljcm9zb2Z0Lk5ldHdvcmsvdmlydHVhbE5ldHdvcmtzL3B3cy1zZGstdGVzdHMtcmdKVVdjUC12bmV0P2FwaS12ZXJzaW9uPTIwMTgtMTAtMDE=",
      "RequestMethod": "GET",
      "RequestBody": "",
      "RequestHeaders": {
        "User-Agent": [
          "FxVersion/4.6.27019.06",
          "OSName/Windows",
          "OSVersion/Microsoft.Windows.10.0.17134.",
          "Microsoft.Azure.Management.Network.NetworkManagementClient/19.7.0.0"
        ]
      },
      "ResponseHeaders": {
        "Cache-Control": [
          "no-cache"
        ],
        "Pragma": [
          "no-cache"
        ],
        "ETag": [
          "W/\"7ccb6ac2-9dce-400c-bac4-fa42e3c915a4\""
        ],
        "x-ms-request-id": [
          "a000860e-2684-4f28-991e-a498110e6d1e"
        ],
        "x-ms-correlation-request-id": [
          "c5328942-9bd1-4fbf-b53f-8776300d4f0b"
        ],
        "Strict-Transport-Security": [
          "max-age=31536000; includeSubDomains"
        ],
        "Server": [
          "Microsoft-HTTPAPI/2.0",
          "Microsoft-HTTPAPI/2.0"
        ],
        "x-ms-ratelimit-remaining-subscription-reads": [
          "11997"
        ],
        "x-ms-routing-request-id": [
          "WESTEUROPE:20190227T114401Z:c5328942-9bd1-4fbf-b53f-8776300d4f0b"
        ],
        "X-Content-Type-Options": [
          "nosniff"
        ],
        "Date": [
          "Wed, 27 Feb 2019 11:44:01 GMT"
        ],
        "Content-Length": [
          "687"
        ],
        "Content-Type": [
          "application/json; charset=utf-8"
        ],
        "Expires": [
          "-1"
        ]
      },
      "ResponseBody": "{\r\n  \"name\": \"pws-sdk-tests-rgJUWcP-vnet\",\r\n  \"id\": \"/subscriptions/f557b96d-2308-4a18-aae1-b8f7e7e70cc7/resourceGroups/pws-sdk-tests-rgJUWcP/providers/Microsoft.Network/virtualNetworks/pws-sdk-tests-rgJUWcP-vnet\",\r\n  \"etag\": \"W/\\\"7ccb6ac2-9dce-400c-bac4-fa42e3c915a4\\\"\",\r\n  \"type\": \"Microsoft.Network/virtualNetworks\",\r\n  \"location\": \"westus2\",\r\n  \"properties\": {\r\n    \"provisioningState\": \"Succeeded\",\r\n    \"resourceGuid\": \"c11039c2-e65c-4c86-bfd2-e8b1290a4069\",\r\n    \"addressSpace\": {\r\n      \"addressPrefixes\": [\r\n        \"10.0.0.0/16\"\r\n      ]\r\n    },\r\n    \"subnets\": [],\r\n    \"virtualNetworkPeerings\": [],\r\n    \"enableDdosProtection\": false,\r\n    \"enableVmProtection\": false\r\n  }\r\n}",
      "StatusCode": 200
    },
    {
      "RequestUri": "/subscriptions/f557b96d-2308-4a18-aae1-b8f7e7e70cc7/resourceGroups/pws-sdk-tests-rgJUWcP/providers/Microsoft.Network/virtualNetworks/pws-sdk-tests-rgJUWcP-vnet?api-version=2018-10-01",
      "EncodedRequestUri": "L3N1YnNjcmlwdGlvbnMvZjU1N2I5NmQtMjMwOC00YTE4LWFhZTEtYjhmN2U3ZTcwY2M3L3Jlc291cmNlR3JvdXBzL3B3cy1zZGstdGVzdHMtcmdKVVdjUC9wcm92aWRlcnMvTWljcm9zb2Z0Lk5ldHdvcmsvdmlydHVhbE5ldHdvcmtzL3B3cy1zZGstdGVzdHMtcmdKVVdjUC12bmV0P2FwaS12ZXJzaW9uPTIwMTgtMTAtMDE=",
      "RequestMethod": "GET",
      "RequestBody": "",
      "RequestHeaders": {
        "x-ms-client-request-id": [
          "41f48da7-5085-4d3a-bbc5-eb44ccb5bb10"
        ],
        "Accept-Language": [
          "en-US"
        ],
        "User-Agent": [
          "FxVersion/4.6.27019.06",
          "OSName/Windows",
          "OSVersion/Microsoft.Windows.10.0.17134.",
          "Microsoft.Azure.Management.Network.NetworkManagementClient/19.7.0.0"
        ]
      },
      "ResponseHeaders": {
        "Cache-Control": [
          "no-cache"
        ],
        "Pragma": [
          "no-cache"
        ],
        "ETag": [
          "W/\"7ccb6ac2-9dce-400c-bac4-fa42e3c915a4\""
        ],
        "x-ms-request-id": [
          "1b2b114a-4d6e-4ff1-a70d-5fb352ab5ede"
        ],
        "x-ms-correlation-request-id": [
          "5d8cefc4-461d-42df-9bd6-2f3aee84ab1c"
        ],
        "Strict-Transport-Security": [
          "max-age=31536000; includeSubDomains"
        ],
        "Server": [
          "Microsoft-HTTPAPI/2.0",
          "Microsoft-HTTPAPI/2.0"
        ],
        "x-ms-ratelimit-remaining-subscription-reads": [
          "11996"
        ],
        "x-ms-routing-request-id": [
          "WESTEUROPE:20190227T114401Z:5d8cefc4-461d-42df-9bd6-2f3aee84ab1c"
        ],
        "X-Content-Type-Options": [
          "nosniff"
        ],
        "Date": [
          "Wed, 27 Feb 2019 11:44:01 GMT"
        ],
        "Content-Length": [
          "687"
        ],
        "Content-Type": [
          "application/json; charset=utf-8"
        ],
        "Expires": [
          "-1"
        ]
      },
      "ResponseBody": "{\r\n  \"name\": \"pws-sdk-tests-rgJUWcP-vnet\",\r\n  \"id\": \"/subscriptions/f557b96d-2308-4a18-aae1-b8f7e7e70cc7/resourceGroups/pws-sdk-tests-rgJUWcP/providers/Microsoft.Network/virtualNetworks/pws-sdk-tests-rgJUWcP-vnet\",\r\n  \"etag\": \"W/\\\"7ccb6ac2-9dce-400c-bac4-fa42e3c915a4\\\"\",\r\n  \"type\": \"Microsoft.Network/virtualNetworks\",\r\n  \"location\": \"westus2\",\r\n  \"properties\": {\r\n    \"provisioningState\": \"Succeeded\",\r\n    \"resourceGuid\": \"c11039c2-e65c-4c86-bfd2-e8b1290a4069\",\r\n    \"addressSpace\": {\r\n      \"addressPrefixes\": [\r\n        \"10.0.0.0/16\"\r\n      ]\r\n    },\r\n    \"subnets\": [],\r\n    \"virtualNetworkPeerings\": [],\r\n    \"enableDdosProtection\": false,\r\n    \"enableVmProtection\": false\r\n  }\r\n}",
      "StatusCode": 200
    },
    {
      "RequestUri": "/subscriptions/f557b96d-2308-4a18-aae1-b8f7e7e70cc7/resourceGroups/pws-sdk-tests-rgJUWcP/providers/Microsoft.Network/virtualNetworks/pws-sdk-tests-rgJUWcP-vnet?api-version=2018-10-01",
      "EncodedRequestUri": "L3N1YnNjcmlwdGlvbnMvZjU1N2I5NmQtMjMwOC00YTE4LWFhZTEtYjhmN2U3ZTcwY2M3L3Jlc291cmNlR3JvdXBzL3B3cy1zZGstdGVzdHMtcmdKVVdjUC9wcm92aWRlcnMvTWljcm9zb2Z0Lk5ldHdvcmsvdmlydHVhbE5ldHdvcmtzL3B3cy1zZGstdGVzdHMtcmdKVVdjUC12bmV0P2FwaS12ZXJzaW9uPTIwMTgtMTAtMDE=",
      "RequestMethod": "GET",
      "RequestBody": "",
      "RequestHeaders": {
        "x-ms-client-request-id": [
          "2d127238-9e6f-48e4-a6fc-dfacc74f1d10"
        ],
        "Accept-Language": [
          "en-US"
        ],
        "User-Agent": [
          "FxVersion/4.6.27019.06",
          "OSName/Windows",
          "OSVersion/Microsoft.Windows.10.0.17134.",
          "Microsoft.Azure.Management.Network.NetworkManagementClient/19.7.0.0"
        ]
      },
      "ResponseHeaders": {
        "Cache-Control": [
          "no-cache"
        ],
        "Pragma": [
          "no-cache"
        ],
        "ETag": [
          "W/\"7ccb6ac2-9dce-400c-bac4-fa42e3c915a4\""
        ],
        "x-ms-request-id": [
          "3be4e90f-e0c5-4bb2-8338-0423f227a070"
        ],
        "x-ms-correlation-request-id": [
          "a2ab6076-fbf8-4391-a084-8188b5ad8afb"
        ],
        "Strict-Transport-Security": [
          "max-age=31536000; includeSubDomains"
        ],
        "Server": [
          "Microsoft-HTTPAPI/2.0",
          "Microsoft-HTTPAPI/2.0"
        ],
        "x-ms-ratelimit-remaining-subscription-reads": [
          "11995"
        ],
        "x-ms-routing-request-id": [
          "WESTEUROPE:20190227T114402Z:a2ab6076-fbf8-4391-a084-8188b5ad8afb"
        ],
        "X-Content-Type-Options": [
          "nosniff"
        ],
        "Date": [
          "Wed, 27 Feb 2019 11:44:01 GMT"
        ],
        "Content-Length": [
          "687"
        ],
        "Content-Type": [
          "application/json; charset=utf-8"
        ],
        "Expires": [
          "-1"
        ]
      },
      "ResponseBody": "{\r\n  \"name\": \"pws-sdk-tests-rgJUWcP-vnet\",\r\n  \"id\": \"/subscriptions/f557b96d-2308-4a18-aae1-b8f7e7e70cc7/resourceGroups/pws-sdk-tests-rgJUWcP/providers/Microsoft.Network/virtualNetworks/pws-sdk-tests-rgJUWcP-vnet\",\r\n  \"etag\": \"W/\\\"7ccb6ac2-9dce-400c-bac4-fa42e3c915a4\\\"\",\r\n  \"type\": \"Microsoft.Network/virtualNetworks\",\r\n  \"location\": \"westus2\",\r\n  \"properties\": {\r\n    \"provisioningState\": \"Succeeded\",\r\n    \"resourceGuid\": \"c11039c2-e65c-4c86-bfd2-e8b1290a4069\",\r\n    \"addressSpace\": {\r\n      \"addressPrefixes\": [\r\n        \"10.0.0.0/16\"\r\n      ]\r\n    },\r\n    \"subnets\": [],\r\n    \"virtualNetworkPeerings\": [],\r\n    \"enableDdosProtection\": false,\r\n    \"enableVmProtection\": false\r\n  }\r\n}",
      "StatusCode": 200
    },
    {
      "RequestUri": "/subscriptions/f557b96d-2308-4a18-aae1-b8f7e7e70cc7/resourceGroups/pws-sdk-tests-rgJUWcP/providers/Microsoft.Network/virtualNetworks/pws-sdk-tests-rgJUWcP-vnet?api-version=2018-10-01",
      "EncodedRequestUri": "L3N1YnNjcmlwdGlvbnMvZjU1N2I5NmQtMjMwOC00YTE4LWFhZTEtYjhmN2U3ZTcwY2M3L3Jlc291cmNlR3JvdXBzL3B3cy1zZGstdGVzdHMtcmdKVVdjUC9wcm92aWRlcnMvTWljcm9zb2Z0Lk5ldHdvcmsvdmlydHVhbE5ldHdvcmtzL3B3cy1zZGstdGVzdHMtcmdKVVdjUC12bmV0P2FwaS12ZXJzaW9uPTIwMTgtMTAtMDE=",
      "RequestMethod": "GET",
      "RequestBody": "",
      "RequestHeaders": {
        "User-Agent": [
          "FxVersion/4.6.27019.06",
          "OSName/Windows",
          "OSVersion/Microsoft.Windows.10.0.17134.",
          "Microsoft.Azure.Management.Network.NetworkManagementClient/19.7.0.0"
        ]
      },
      "ResponseHeaders": {
        "Cache-Control": [
          "no-cache"
        ],
        "Pragma": [
          "no-cache"
        ],
        "ETag": [
          "W/\"f517df5d-c867-4bd0-94cb-15487131f897\""
        ],
        "x-ms-request-id": [
          "8708663f-1fa0-4c7e-b9b6-c9712a538d6b"
        ],
        "x-ms-correlation-request-id": [
          "7b1d3749-bfea-470a-baf3-6de438ff227f"
        ],
        "Strict-Transport-Security": [
          "max-age=31536000; includeSubDomains"
        ],
        "Server": [
          "Microsoft-HTTPAPI/2.0",
          "Microsoft-HTTPAPI/2.0"
        ],
        "x-ms-ratelimit-remaining-subscription-reads": [
          "11993"
        ],
        "x-ms-routing-request-id": [
          "WESTEUROPE:20190227T114405Z:7b1d3749-bfea-470a-baf3-6de438ff227f"
        ],
        "X-Content-Type-Options": [
          "nosniff"
        ],
        "Date": [
          "Wed, 27 Feb 2019 11:44:05 GMT"
        ],
        "Content-Length": [
          "2141"
        ],
        "Content-Type": [
          "application/json; charset=utf-8"
        ],
        "Expires": [
          "-1"
        ]
      },
      "ResponseBody": "{\r\n  \"name\": \"pws-sdk-tests-rgJUWcP-vnet\",\r\n  \"id\": \"/subscriptions/f557b96d-2308-4a18-aae1-b8f7e7e70cc7/resourceGroups/pws-sdk-tests-rgJUWcP/providers/Microsoft.Network/virtualNetworks/pws-sdk-tests-rgJUWcP-vnet\",\r\n  \"etag\": \"W/\\\"f517df5d-c867-4bd0-94cb-15487131f897\\\"\",\r\n  \"type\": \"Microsoft.Network/virtualNetworks\",\r\n  \"location\": \"westus2\",\r\n  \"properties\": {\r\n    \"provisioningState\": \"Succeeded\",\r\n    \"resourceGuid\": \"c11039c2-e65c-4c86-bfd2-e8b1290a4069\",\r\n    \"addressSpace\": {\r\n      \"addressPrefixes\": [\r\n        \"10.0.0.0/16\"\r\n      ]\r\n    },\r\n    \"dhcpOptions\": {\r\n      \"dnsServers\": []\r\n    },\r\n    \"subnets\": [\r\n      {\r\n        \"name\": \"default\",\r\n        \"id\": \"/subscriptions/f557b96d-2308-4a18-aae1-b8f7e7e70cc7/resourceGroups/pws-sdk-tests-rgJUWcP/providers/Microsoft.Network/virtualNetworks/pws-sdk-tests-rgJUWcP-vnet/subnets/default\",\r\n        \"etag\": \"W/\\\"f517df5d-c867-4bd0-94cb-15487131f897\\\"\",\r\n        \"properties\": {\r\n          \"provisioningState\": \"Succeeded\",\r\n          \"addressPrefix\": \"10.0.1.0/24\",\r\n          \"serviceEndpoints\": [],\r\n          \"delegations\": [\r\n            {\r\n              \"name\": \"netAppVolumes\",\r\n              \"id\": \"/subscriptions/f557b96d-2308-4a18-aae1-b8f7e7e70cc7/resourceGroups/pws-sdk-tests-rgJUWcP/providers/Microsoft.Network/virtualNetworks/pws-sdk-tests-rgJUWcP-vnet/subnets/default/delegations/netAppVolumes\",\r\n              \"etag\": \"W/\\\"f517df5d-c867-4bd0-94cb-15487131f897\\\"\",\r\n              \"properties\": {\r\n                \"provisioningState\": \"Succeeded\",\r\n                \"serviceName\": \"Microsoft.Netapp/volumes\",\r\n                \"actions\": [\r\n                  \"Microsoft.Network/networkinterfaces/*\",\r\n                  \"Microsoft.Network/virtualNetworks/subnets/join/action\"\r\n                ]\r\n              },\r\n              \"type\": \"Microsoft.Network/virtualNetworks/subnets/delegations\"\r\n            }\r\n          ],\r\n          \"purpose\": \"HostedWorkloads\"\r\n        },\r\n        \"type\": \"Microsoft.Network/virtualNetworks/subnets\"\r\n      }\r\n    ],\r\n    \"virtualNetworkPeerings\": [],\r\n    \"enableDdosProtection\": false,\r\n    \"enableVmProtection\": false\r\n  }\r\n}",
      "StatusCode": 200
    },
    {
      "RequestUri": "/subscriptions/f557b96d-2308-4a18-aae1-b8f7e7e70cc7/resourceGroups/pws-sdk-tests-rgJUWcP/providers/Microsoft.Network/virtualNetworks/pws-sdk-tests-rgJUWcP-vnet?api-version=2018-10-01",
      "EncodedRequestUri": "L3N1YnNjcmlwdGlvbnMvZjU1N2I5NmQtMjMwOC00YTE4LWFhZTEtYjhmN2U3ZTcwY2M3L3Jlc291cmNlR3JvdXBzL3B3cy1zZGstdGVzdHMtcmdKVVdjUC9wcm92aWRlcnMvTWljcm9zb2Z0Lk5ldHdvcmsvdmlydHVhbE5ldHdvcmtzL3B3cy1zZGstdGVzdHMtcmdKVVdjUC12bmV0P2FwaS12ZXJzaW9uPTIwMTgtMTAtMDE=",
      "RequestMethod": "GET",
      "RequestBody": "",
      "RequestHeaders": {
        "x-ms-client-request-id": [
          "0f863ff6-a427-4a24-890d-98f87c5f14ad"
        ],
        "Accept-Language": [
          "en-US"
        ],
        "User-Agent": [
          "FxVersion/4.6.27019.06",
          "OSName/Windows",
          "OSVersion/Microsoft.Windows.10.0.17134.",
          "Microsoft.Azure.Management.Network.NetworkManagementClient/19.7.0.0"
        ]
      },
      "ResponseHeaders": {
        "Cache-Control": [
          "no-cache"
        ],
        "Pragma": [
          "no-cache"
        ],
        "ETag": [
          "W/\"f517df5d-c867-4bd0-94cb-15487131f897\""
        ],
        "x-ms-request-id": [
          "739c4033-9635-458f-994c-67cb7b72073b"
        ],
        "x-ms-correlation-request-id": [
          "8d1f15e7-deff-45f6-a99f-061be94aa1cf"
        ],
        "Strict-Transport-Security": [
          "max-age=31536000; includeSubDomains"
        ],
        "Server": [
          "Microsoft-HTTPAPI/2.0",
          "Microsoft-HTTPAPI/2.0"
        ],
        "x-ms-ratelimit-remaining-subscription-reads": [
          "11992"
        ],
        "x-ms-routing-request-id": [
          "WESTEUROPE:20190227T114406Z:8d1f15e7-deff-45f6-a99f-061be94aa1cf"
        ],
        "X-Content-Type-Options": [
          "nosniff"
        ],
        "Date": [
          "Wed, 27 Feb 2019 11:44:05 GMT"
        ],
        "Content-Length": [
          "2141"
        ],
        "Content-Type": [
          "application/json; charset=utf-8"
        ],
        "Expires": [
          "-1"
        ]
      },
      "ResponseBody": "{\r\n  \"name\": \"pws-sdk-tests-rgJUWcP-vnet\",\r\n  \"id\": \"/subscriptions/f557b96d-2308-4a18-aae1-b8f7e7e70cc7/resourceGroups/pws-sdk-tests-rgJUWcP/providers/Microsoft.Network/virtualNetworks/pws-sdk-tests-rgJUWcP-vnet\",\r\n  \"etag\": \"W/\\\"f517df5d-c867-4bd0-94cb-15487131f897\\\"\",\r\n  \"type\": \"Microsoft.Network/virtualNetworks\",\r\n  \"location\": \"westus2\",\r\n  \"properties\": {\r\n    \"provisioningState\": \"Succeeded\",\r\n    \"resourceGuid\": \"c11039c2-e65c-4c86-bfd2-e8b1290a4069\",\r\n    \"addressSpace\": {\r\n      \"addressPrefixes\": [\r\n        \"10.0.0.0/16\"\r\n      ]\r\n    },\r\n    \"dhcpOptions\": {\r\n      \"dnsServers\": []\r\n    },\r\n    \"subnets\": [\r\n      {\r\n        \"name\": \"default\",\r\n        \"id\": \"/subscriptions/f557b96d-2308-4a18-aae1-b8f7e7e70cc7/resourceGroups/pws-sdk-tests-rgJUWcP/providers/Microsoft.Network/virtualNetworks/pws-sdk-tests-rgJUWcP-vnet/subnets/default\",\r\n        \"etag\": \"W/\\\"f517df5d-c867-4bd0-94cb-15487131f897\\\"\",\r\n        \"properties\": {\r\n          \"provisioningState\": \"Succeeded\",\r\n          \"addressPrefix\": \"10.0.1.0/24\",\r\n          \"serviceEndpoints\": [],\r\n          \"delegations\": [\r\n            {\r\n              \"name\": \"netAppVolumes\",\r\n              \"id\": \"/subscriptions/f557b96d-2308-4a18-aae1-b8f7e7e70cc7/resourceGroups/pws-sdk-tests-rgJUWcP/providers/Microsoft.Network/virtualNetworks/pws-sdk-tests-rgJUWcP-vnet/subnets/default/delegations/netAppVolumes\",\r\n              \"etag\": \"W/\\\"f517df5d-c867-4bd0-94cb-15487131f897\\\"\",\r\n              \"properties\": {\r\n                \"provisioningState\": \"Succeeded\",\r\n                \"serviceName\": \"Microsoft.Netapp/volumes\",\r\n                \"actions\": [\r\n                  \"Microsoft.Network/networkinterfaces/*\",\r\n                  \"Microsoft.Network/virtualNetworks/subnets/join/action\"\r\n                ]\r\n              },\r\n              \"type\": \"Microsoft.Network/virtualNetworks/subnets/delegations\"\r\n            }\r\n          ],\r\n          \"purpose\": \"HostedWorkloads\"\r\n        },\r\n        \"type\": \"Microsoft.Network/virtualNetworks/subnets\"\r\n      }\r\n    ],\r\n    \"virtualNetworkPeerings\": [],\r\n    \"enableDdosProtection\": false,\r\n    \"enableVmProtection\": false\r\n  }\r\n}",
      "StatusCode": 200
    },
    {
      "RequestUri": "/subscriptions/f557b96d-2308-4a18-aae1-b8f7e7e70cc7/resourceGroups/pws-sdk-tests-rgJUWcP/providers/Microsoft.Network/virtualNetworks/pws-sdk-tests-rgJUWcP-vnet?api-version=2018-10-01",
      "EncodedRequestUri": "L3N1YnNjcmlwdGlvbnMvZjU1N2I5NmQtMjMwOC00YTE4LWFhZTEtYjhmN2U3ZTcwY2M3L3Jlc291cmNlR3JvdXBzL3B3cy1zZGstdGVzdHMtcmdKVVdjUC9wcm92aWRlcnMvTWljcm9zb2Z0Lk5ldHdvcmsvdmlydHVhbE5ldHdvcmtzL3B3cy1zZGstdGVzdHMtcmdKVVdjUC12bmV0P2FwaS12ZXJzaW9uPTIwMTgtMTAtMDE=",
      "RequestMethod": "PUT",
      "RequestBody": "{\r\n  \"properties\": {\r\n    \"addressSpace\": {\r\n      \"addressPrefixes\": [\r\n        \"10.0.0.0/16\"\r\n      ]\r\n    },\r\n    \"subnets\": [],\r\n    \"virtualNetworkPeerings\": [],\r\n    \"enableDdosProtection\": false\r\n  },\r\n  \"location\": \"westus2\"\r\n}",
      "RequestHeaders": {
        "x-ms-client-request-id": [
          "3de41cb3-d415-4e9b-99c3-bf2f97eec113"
        ],
        "Accept-Language": [
          "en-US"
        ],
        "User-Agent": [
          "FxVersion/4.6.27019.06",
          "OSName/Windows",
          "OSVersion/Microsoft.Windows.10.0.17134.",
          "Microsoft.Azure.Management.Network.NetworkManagementClient/19.7.0.0"
        ],
        "Content-Type": [
          "application/json; charset=utf-8"
        ],
        "Content-Length": [
          "235"
        ]
      },
      "ResponseHeaders": {
        "Cache-Control": [
          "no-cache"
        ],
        "Pragma": [
          "no-cache"
        ],
        "Retry-After": [
          "3"
        ],
        "x-ms-request-id": [
          "ad7c51df-65c8-48b1-8cc6-9af1deee5c8b"
        ],
        "Azure-AsyncOperation": [
          "https://management.azure.com/subscriptions/f557b96d-2308-4a18-aae1-b8f7e7e70cc7/providers/Microsoft.Network/locations/westus2/operations/ad7c51df-65c8-48b1-8cc6-9af1deee5c8b?api-version=2018-10-01"
        ],
        "x-ms-correlation-request-id": [
          "77991dfb-0c0e-4d1c-8098-469bd924d9bd"
        ],
        "Strict-Transport-Security": [
          "max-age=31536000; includeSubDomains"
        ],
        "Server": [
          "Microsoft-HTTPAPI/2.0",
          "Microsoft-HTTPAPI/2.0"
        ],
        "x-ms-ratelimit-remaining-subscription-writes": [
          "1199"
        ],
        "x-ms-routing-request-id": [
          "WESTEUROPE:20190227T114357Z:77991dfb-0c0e-4d1c-8098-469bd924d9bd"
        ],
        "X-Content-Type-Options": [
          "nosniff"
        ],
        "Date": [
          "Wed, 27 Feb 2019 11:43:57 GMT"
        ],
        "Content-Length": [
          "686"
        ],
        "Content-Type": [
          "application/json; charset=utf-8"
        ],
        "Expires": [
          "-1"
        ]
      },
      "ResponseBody": "{\r\n  \"name\": \"pws-sdk-tests-rgJUWcP-vnet\",\r\n  \"id\": \"/subscriptions/f557b96d-2308-4a18-aae1-b8f7e7e70cc7/resourceGroups/pws-sdk-tests-rgJUWcP/providers/Microsoft.Network/virtualNetworks/pws-sdk-tests-rgJUWcP-vnet\",\r\n  \"etag\": \"W/\\\"4ae25f94-85c2-4eca-a873-1cec3ed57416\\\"\",\r\n  \"type\": \"Microsoft.Network/virtualNetworks\",\r\n  \"location\": \"westus2\",\r\n  \"properties\": {\r\n    \"provisioningState\": \"Updating\",\r\n    \"resourceGuid\": \"c11039c2-e65c-4c86-bfd2-e8b1290a4069\",\r\n    \"addressSpace\": {\r\n      \"addressPrefixes\": [\r\n        \"10.0.0.0/16\"\r\n      ]\r\n    },\r\n    \"subnets\": [],\r\n    \"virtualNetworkPeerings\": [],\r\n    \"enableDdosProtection\": false,\r\n    \"enableVmProtection\": false\r\n  }\r\n}",
      "StatusCode": 201
    },
    {
      "RequestUri": "/subscriptions/f557b96d-2308-4a18-aae1-b8f7e7e70cc7/resourceGroups/pws-sdk-tests-rgJUWcP/providers/Microsoft.Network/virtualNetworks/pws-sdk-tests-rgJUWcP-vnet?api-version=2018-10-01",
      "EncodedRequestUri": "L3N1YnNjcmlwdGlvbnMvZjU1N2I5NmQtMjMwOC00YTE4LWFhZTEtYjhmN2U3ZTcwY2M3L3Jlc291cmNlR3JvdXBzL3B3cy1zZGstdGVzdHMtcmdKVVdjUC9wcm92aWRlcnMvTWljcm9zb2Z0Lk5ldHdvcmsvdmlydHVhbE5ldHdvcmtzL3B3cy1zZGstdGVzdHMtcmdKVVdjUC12bmV0P2FwaS12ZXJzaW9uPTIwMTgtMTAtMDE=",
      "RequestMethod": "PUT",
      "RequestBody": "{\r\n  \"properties\": {\r\n    \"addressSpace\": {\r\n      \"addressPrefixes\": [\r\n        \"10.0.0.0/16\"\r\n      ]\r\n    },\r\n    \"dhcpOptions\": {\r\n      \"dnsServers\": []\r\n    },\r\n    \"subnets\": [\r\n      {\r\n        \"properties\": {\r\n          \"addressPrefix\": \"10.0.1.0/24\",\r\n          \"addressPrefixes\": [],\r\n          \"serviceEndpoints\": [],\r\n          \"serviceEndpointPolicies\": [],\r\n          \"resourceNavigationLinks\": [],\r\n          \"serviceAssociationLinks\": [],\r\n          \"delegations\": [\r\n            {\r\n              \"properties\": {\r\n                \"serviceName\": \"Microsoft.Netapp/volumes\",\r\n                \"actions\": []\r\n              },\r\n              \"name\": \"netAppVolumes\"\r\n            }\r\n          ]\r\n        },\r\n        \"name\": \"default\"\r\n      }\r\n    ],\r\n    \"virtualNetworkPeerings\": [],\r\n    \"resourceGuid\": \"c11039c2-e65c-4c86-bfd2-e8b1290a4069\",\r\n    \"provisioningState\": \"Succeeded\",\r\n    \"enableDdosProtection\": false\r\n  },\r\n  \"etag\": \"W/\\\"7ccb6ac2-9dce-400c-bac4-fa42e3c915a4\\\"\",\r\n  \"id\": \"/subscriptions/f557b96d-2308-4a18-aae1-b8f7e7e70cc7/resourceGroups/pws-sdk-tests-rgJUWcP/providers/Microsoft.Network/virtualNetworks/pws-sdk-tests-rgJUWcP-vnet\",\r\n  \"location\": \"westus2\"\r\n}",
      "RequestHeaders": {
        "x-ms-client-request-id": [
          "7547efe2-a617-4586-873f-65729e178b5a"
        ],
        "Accept-Language": [
          "en-US"
        ],
        "User-Agent": [
          "FxVersion/4.6.27019.06",
          "OSName/Windows",
          "OSVersion/Microsoft.Windows.10.0.17134.",
          "Microsoft.Azure.Management.Network.NetworkManagementClient/19.7.0.0"
        ],
        "Content-Type": [
          "application/json; charset=utf-8"
        ],
        "Content-Length": [
          "1194"
        ]
      },
      "ResponseHeaders": {
        "Cache-Control": [
          "no-cache"
        ],
        "Pragma": [
          "no-cache"
        ],
        "Retry-After": [
          "3"
        ],
        "x-ms-request-id": [
          "5afdc3f8-7c12-44af-abab-72cabcd9aa30"
        ],
        "Azure-AsyncOperation": [
          "https://management.azure.com/subscriptions/f557b96d-2308-4a18-aae1-b8f7e7e70cc7/providers/Microsoft.Network/locations/westus2/operations/5afdc3f8-7c12-44af-abab-72cabcd9aa30?api-version=2018-10-01"
        ],
        "x-ms-correlation-request-id": [
          "3f2781e3-285a-4cc3-bd60-c314d39e7b6d"
        ],
        "Strict-Transport-Security": [
          "max-age=31536000; includeSubDomains"
        ],
        "Server": [
          "Microsoft-HTTPAPI/2.0",
          "Microsoft-HTTPAPI/2.0"
        ],
        "x-ms-ratelimit-remaining-subscription-writes": [
          "1198"
        ],
        "x-ms-routing-request-id": [
          "WESTEUROPE:20190227T114402Z:3f2781e3-285a-4cc3-bd60-c314d39e7b6d"
        ],
        "X-Content-Type-Options": [
          "nosniff"
        ],
        "Date": [
          "Wed, 27 Feb 2019 11:44:01 GMT"
        ],
        "Content-Length": [
          "2139"
        ],
        "Content-Type": [
          "application/json; charset=utf-8"
        ],
        "Expires": [
          "-1"
        ]
      },
      "ResponseBody": "{\r\n  \"name\": \"pws-sdk-tests-rgJUWcP-vnet\",\r\n  \"id\": \"/subscriptions/f557b96d-2308-4a18-aae1-b8f7e7e70cc7/resourceGroups/pws-sdk-tests-rgJUWcP/providers/Microsoft.Network/virtualNetworks/pws-sdk-tests-rgJUWcP-vnet\",\r\n  \"etag\": \"W/\\\"bcea496c-3929-4233-9f3c-558639b18e93\\\"\",\r\n  \"type\": \"Microsoft.Network/virtualNetworks\",\r\n  \"location\": \"westus2\",\r\n  \"properties\": {\r\n    \"provisioningState\": \"Updating\",\r\n    \"resourceGuid\": \"c11039c2-e65c-4c86-bfd2-e8b1290a4069\",\r\n    \"addressSpace\": {\r\n      \"addressPrefixes\": [\r\n        \"10.0.0.0/16\"\r\n      ]\r\n    },\r\n    \"dhcpOptions\": {\r\n      \"dnsServers\": []\r\n    },\r\n    \"subnets\": [\r\n      {\r\n        \"name\": \"default\",\r\n        \"id\": \"/subscriptions/f557b96d-2308-4a18-aae1-b8f7e7e70cc7/resourceGroups/pws-sdk-tests-rgJUWcP/providers/Microsoft.Network/virtualNetworks/pws-sdk-tests-rgJUWcP-vnet/subnets/default\",\r\n        \"etag\": \"W/\\\"bcea496c-3929-4233-9f3c-558639b18e93\\\"\",\r\n        \"properties\": {\r\n          \"provisioningState\": \"Updating\",\r\n          \"addressPrefix\": \"10.0.1.0/24\",\r\n          \"serviceEndpoints\": [],\r\n          \"delegations\": [\r\n            {\r\n              \"name\": \"netAppVolumes\",\r\n              \"id\": \"/subscriptions/f557b96d-2308-4a18-aae1-b8f7e7e70cc7/resourceGroups/pws-sdk-tests-rgJUWcP/providers/Microsoft.Network/virtualNetworks/pws-sdk-tests-rgJUWcP-vnet/subnets/default/delegations/netAppVolumes\",\r\n              \"etag\": \"W/\\\"bcea496c-3929-4233-9f3c-558639b18e93\\\"\",\r\n              \"properties\": {\r\n                \"provisioningState\": \"Succeeded\",\r\n                \"serviceName\": \"Microsoft.Netapp/volumes\",\r\n                \"actions\": [\r\n                  \"Microsoft.Network/networkinterfaces/*\",\r\n                  \"Microsoft.Network/virtualNetworks/subnets/join/action\"\r\n                ]\r\n              },\r\n              \"type\": \"Microsoft.Network/virtualNetworks/subnets/delegations\"\r\n            }\r\n          ],\r\n          \"purpose\": \"HostedWorkloads\"\r\n        },\r\n        \"type\": \"Microsoft.Network/virtualNetworks/subnets\"\r\n      }\r\n    ],\r\n    \"virtualNetworkPeerings\": [],\r\n    \"enableDdosProtection\": false,\r\n    \"enableVmProtection\": false\r\n  }\r\n}",
      "StatusCode": 200
    },
    {
      "RequestUri": "/subscriptions/f557b96d-2308-4a18-aae1-b8f7e7e70cc7/providers/Microsoft.Network/locations/westus2/operations/ad7c51df-65c8-48b1-8cc6-9af1deee5c8b?api-version=2018-10-01",
      "EncodedRequestUri": "L3N1YnNjcmlwdGlvbnMvZjU1N2I5NmQtMjMwOC00YTE4LWFhZTEtYjhmN2U3ZTcwY2M3L3Byb3ZpZGVycy9NaWNyb3NvZnQuTmV0d29yay9sb2NhdGlvbnMvd2VzdHVzMi9vcGVyYXRpb25zL2FkN2M1MWRmLTY1YzgtNDhiMS04Y2M2LTlhZjFkZWVlNWM4Yj9hcGktdmVyc2lvbj0yMDE4LTEwLTAx",
      "RequestMethod": "GET",
      "RequestBody": "",
      "RequestHeaders": {
        "User-Agent": [
          "FxVersion/4.6.27019.06",
          "OSName/Windows",
          "OSVersion/Microsoft.Windows.10.0.17134.",
          "Microsoft.Azure.Management.Network.NetworkManagementClient/19.7.0.0"
        ]
      },
      "ResponseHeaders": {
        "Cache-Control": [
          "no-cache"
        ],
        "Pragma": [
          "no-cache"
        ],
        "x-ms-request-id": [
          "e9f89dcb-bfa1-4126-a4e9-3b9dc09a2116"
        ],
        "x-ms-correlation-request-id": [
          "8961aac7-b961-466a-a7d6-89833d06d224"
        ],
        "Strict-Transport-Security": [
          "max-age=31536000; includeSubDomains"
        ],
        "Server": [
          "Microsoft-HTTPAPI/2.0",
          "Microsoft-HTTPAPI/2.0"
        ],
        "x-ms-ratelimit-remaining-subscription-reads": [
          "11998"
        ],
        "x-ms-routing-request-id": [
          "WESTEUROPE:20190227T114401Z:8961aac7-b961-466a-a7d6-89833d06d224"
        ],
        "X-Content-Type-Options": [
          "nosniff"
        ],
        "Date": [
          "Wed, 27 Feb 2019 11:44:00 GMT"
        ],
        "Content-Length": [
          "29"
        ],
        "Content-Type": [
          "application/json; charset=utf-8"
        ],
        "Expires": [
          "-1"
        ]
      },
      "ResponseBody": "{\r\n  \"status\": \"Succeeded\"\r\n}",
      "StatusCode": 200
    },
    {
      "RequestUri": "/subscriptions/f557b96d-2308-4a18-aae1-b8f7e7e70cc7/providers/Microsoft.Network/locations/westus2/operations/5afdc3f8-7c12-44af-abab-72cabcd9aa30?api-version=2018-10-01",
      "EncodedRequestUri": "L3N1YnNjcmlwdGlvbnMvZjU1N2I5NmQtMjMwOC00YTE4LWFhZTEtYjhmN2U3ZTcwY2M3L3Byb3ZpZGVycy9NaWNyb3NvZnQuTmV0d29yay9sb2NhdGlvbnMvd2VzdHVzMi9vcGVyYXRpb25zLzVhZmRjM2Y4LTdjMTItNDRhZi1hYmFiLTcyY2FiY2Q5YWEzMD9hcGktdmVyc2lvbj0yMDE4LTEwLTAx",
      "RequestMethod": "GET",
      "RequestBody": "",
      "RequestHeaders": {
        "User-Agent": [
          "FxVersion/4.6.27019.06",
          "OSName/Windows",
          "OSVersion/Microsoft.Windows.10.0.17134.",
          "Microsoft.Azure.Management.Network.NetworkManagementClient/19.7.0.0"
        ]
      },
      "ResponseHeaders": {
        "Cache-Control": [
          "no-cache"
        ],
        "Pragma": [
          "no-cache"
        ],
        "x-ms-request-id": [
          "12937252-6375-4985-9696-ada0adf7bd35"
        ],
        "x-ms-correlation-request-id": [
          "ebc7a000-6582-46f2-8f8f-3cc55fbc497d"
        ],
        "Strict-Transport-Security": [
          "max-age=31536000; includeSubDomains"
        ],
        "Server": [
          "Microsoft-HTTPAPI/2.0",
          "Microsoft-HTTPAPI/2.0"
        ],
        "x-ms-ratelimit-remaining-subscription-reads": [
          "11994"
        ],
        "x-ms-routing-request-id": [
          "WESTEUROPE:20190227T114405Z:ebc7a000-6582-46f2-8f8f-3cc55fbc497d"
        ],
        "X-Content-Type-Options": [
          "nosniff"
        ],
        "Date": [
          "Wed, 27 Feb 2019 11:44:05 GMT"
        ],
        "Content-Length": [
          "29"
        ],
        "Content-Type": [
          "application/json; charset=utf-8"
        ],
        "Expires": [
          "-1"
        ]
      },
      "ResponseBody": "{\r\n  \"status\": \"Succeeded\"\r\n}",
      "StatusCode": 200
    },
    {
      "RequestUri": "/subscriptions/f557b96d-2308-4a18-aae1-b8f7e7e70cc7/resourceGroups/pws-sdk-tests-rgJUWcP/providers/Microsoft.NetApp/netAppAccounts/pws-sdk-acc-2erwxp?api-version=2017-08-15",
      "EncodedRequestUri": "L3N1YnNjcmlwdGlvbnMvZjU1N2I5NmQtMjMwOC00YTE4LWFhZTEtYjhmN2U3ZTcwY2M3L3Jlc291cmNlR3JvdXBzL3B3cy1zZGstdGVzdHMtcmdKVVdjUC9wcm92aWRlcnMvTWljcm9zb2Z0Lk5ldEFwcC9uZXRBcHBBY2NvdW50cy9wd3Mtc2RrLWFjYy0yZXJ3eHA/YXBpLXZlcnNpb249MjAxNy0wOC0xNQ==",
      "RequestMethod": "PUT",
      "RequestBody": "{\r\n  \"location\": \"westus2\"\r\n}",
      "RequestHeaders": {
        "x-ms-client-request-id": [
          "380f01cd-77ce-4b3d-ab0b-30871b4e6c56"
        ],
        "Accept-Language": [
          "en-US"
        ],
        "User-Agent": [
          "FxVersion/4.6.27019.06",
          "OSName/Windows",
          "OSVersion/Microsoft.Windows.10.0.17134.",
          "Microsoft.Azure.Management.NetApp.AzureNetAppFilesManagementClient/0.9.0.0"
        ],
        "Content-Type": [
          "application/json; charset=utf-8"
        ],
        "Content-Length": [
          "29"
        ]
      },
      "ResponseHeaders": {
        "Cache-Control": [
          "no-cache"
        ],
        "Pragma": [
          "no-cache"
        ],
        "ETag": [
          "W/\"datetime'2019-02-27T11%3A44%3A10.0112221Z'\""
        ],
        "x-ms-request-id": [
          "edcf573c-d538-4ea2-8881-56f31cbd5253"
        ],
        "Azure-AsyncOperation": [
          "https://management.azure.com/subscriptions/f557b96d-2308-4a18-aae1-b8f7e7e70cc7/providers/Microsoft.NetApp/locations/westus2/operationResults/53501be8-639c-45cf-a688-5f07ec4d688f?api-version=2017-08-15"
        ],
        "Server": [
          "Microsoft-IIS/10.0"
        ],
        "X-Powered-By": [
          "ASP.NET"
        ],
        "x-ms-ratelimit-remaining-subscription-writes": [
          "1199"
        ],
        "x-ms-correlation-request-id": [
          "d12153b0-63d0-44a2-96a7-af74252eef68"
        ],
        "x-ms-routing-request-id": [
          "WESTEUROPE:20190227T114410Z:d12153b0-63d0-44a2-96a7-af74252eef68"
        ],
        "Strict-Transport-Security": [
          "max-age=31536000; includeSubDomains"
        ],
        "X-Content-Type-Options": [
          "nosniff"
        ],
        "Date": [
          "Wed, 27 Feb 2019 11:44:10 GMT"
        ],
        "Content-Length": [
          "380"
        ],
        "Content-Type": [
          "application/json; charset=utf-8"
        ],
        "Expires": [
          "-1"
        ]
      },
      "ResponseBody": "{\r\n  \"id\": \"/subscriptions/f557b96d-2308-4a18-aae1-b8f7e7e70cc7/resourceGroups/pws-sdk-tests-rgJUWcP/providers/Microsoft.NetApp/netAppAccounts/pws-sdk-acc-2erwxp\",\r\n  \"name\": \"pws-sdk-acc-2erwxp\",\r\n  \"type\": \"Microsoft.NetApp/netAppAccounts\",\r\n  \"etag\": \"W/\\\"datetime'2019-02-27T11%3A44%3A10.0112221Z'\\\"\",\r\n  \"location\": \"westus2\",\r\n  \"properties\": {\r\n    \"provisioningState\": \"Creating\",\r\n    \"name\": \"pws-sdk-acc-2erwxp\"\r\n  }\r\n}",
      "StatusCode": 201
    },
    {
      "RequestUri": "/subscriptions/f557b96d-2308-4a18-aae1-b8f7e7e70cc7/providers/Microsoft.NetApp/locations/westus2/operationResults/53501be8-639c-45cf-a688-5f07ec4d688f?api-version=2017-08-15",
      "EncodedRequestUri": "L3N1YnNjcmlwdGlvbnMvZjU1N2I5NmQtMjMwOC00YTE4LWFhZTEtYjhmN2U3ZTcwY2M3L3Byb3ZpZGVycy9NaWNyb3NvZnQuTmV0QXBwL2xvY2F0aW9ucy93ZXN0dXMyL29wZXJhdGlvblJlc3VsdHMvNTM1MDFiZTgtNjM5Yy00NWNmLWE2ODgtNWYwN2VjNGQ2ODhmP2FwaS12ZXJzaW9uPTIwMTctMDgtMTU=",
      "RequestMethod": "GET",
      "RequestBody": "",
      "RequestHeaders": {
        "User-Agent": [
          "FxVersion/4.6.27019.06",
          "OSName/Windows",
          "OSVersion/Microsoft.Windows.10.0.17134.",
          "Microsoft.Azure.Management.NetApp.AzureNetAppFilesManagementClient/0.9.0.0"
        ]
      },
      "ResponseHeaders": {
        "Cache-Control": [
          "no-cache"
        ],
        "Pragma": [
          "no-cache"
        ],
        "x-ms-request-id": [
          "b4791b01-9043-4996-a784-498bde5bb63b"
        ],
        "Server": [
          "Microsoft-IIS/10.0"
        ],
        "X-Powered-By": [
          "ASP.NET"
        ],
        "x-ms-ratelimit-remaining-subscription-reads": [
          "11999"
        ],
        "x-ms-correlation-request-id": [
          "9093926e-252c-41a7-866c-e74fbb675ad2"
        ],
        "x-ms-routing-request-id": [
          "WESTEUROPE:20190227T114441Z:9093926e-252c-41a7-866c-e74fbb675ad2"
        ],
        "Strict-Transport-Security": [
          "max-age=31536000; includeSubDomains"
        ],
        "X-Content-Type-Options": [
          "nosniff"
        ],
        "Date": [
          "Wed, 27 Feb 2019 11:44:40 GMT"
        ],
        "Content-Length": [
          "516"
        ],
        "Content-Type": [
          "application/json; charset=utf-8"
        ],
        "Expires": [
          "-1"
        ]
      },
      "ResponseBody": "{\r\n  \"id\": \"/subscriptions/f557b96d-2308-4a18-aae1-b8f7e7e70cc7/providers/Microsoft.NetApp/locations/westus2/operationResults/53501be8-639c-45cf-a688-5f07ec4d688f\",\r\n  \"name\": \"53501be8-639c-45cf-a688-5f07ec4d688f\",\r\n  \"status\": \"Succeeded\",\r\n  \"startTime\": \"2019-02-27T11:44:09.9728297Z\",\r\n  \"endTime\": \"2019-02-27T11:44:10.2790715Z\",\r\n  \"percentComplete\": 100.0,\r\n  \"properties\": {\r\n    \"resourceName\": \"/subscriptions/f557b96d-2308-4a18-aae1-b8f7e7e70cc7/resourceGroups/pws-sdk-tests-rgJUWcP/providers/Microsoft.NetApp/netAppAccounts/pws-sdk-acc-2erwxp\"\r\n  }\r\n}",
      "StatusCode": 200
    },
    {
      "RequestUri": "/subscriptions/f557b96d-2308-4a18-aae1-b8f7e7e70cc7/resourceGroups/pws-sdk-tests-rgJUWcP/providers/Microsoft.NetApp/netAppAccounts/pws-sdk-acc-2erwxp?api-version=2017-08-15",
      "EncodedRequestUri": "L3N1YnNjcmlwdGlvbnMvZjU1N2I5NmQtMjMwOC00YTE4LWFhZTEtYjhmN2U3ZTcwY2M3L3Jlc291cmNlR3JvdXBzL3B3cy1zZGstdGVzdHMtcmdKVVdjUC9wcm92aWRlcnMvTWljcm9zb2Z0Lk5ldEFwcC9uZXRBcHBBY2NvdW50cy9wd3Mtc2RrLWFjYy0yZXJ3eHA/YXBpLXZlcnNpb249MjAxNy0wOC0xNQ==",
      "RequestMethod": "GET",
      "RequestBody": "",
      "RequestHeaders": {
        "User-Agent": [
          "FxVersion/4.6.27019.06",
          "OSName/Windows",
          "OSVersion/Microsoft.Windows.10.0.17134.",
          "Microsoft.Azure.Management.NetApp.AzureNetAppFilesManagementClient/0.9.0.0"
        ]
      },
      "ResponseHeaders": {
        "Cache-Control": [
          "no-cache"
        ],
        "Pragma": [
          "no-cache"
        ],
        "ETag": [
          "W/\"datetime'2019-02-27T11%3A44%3A10.3104405Z'\""
        ],
        "x-ms-request-id": [
          "99d7494b-bdf6-448a-9379-dc5af16ca983"
        ],
        "Server": [
          "Microsoft-IIS/10.0"
        ],
        "X-Powered-By": [
          "ASP.NET"
        ],
        "x-ms-ratelimit-remaining-subscription-reads": [
          "11998"
        ],
        "x-ms-correlation-request-id": [
          "26c13c37-e3e7-4742-a036-0efb1ecf0db3"
        ],
        "x-ms-routing-request-id": [
          "WESTEUROPE:20190227T114441Z:26c13c37-e3e7-4742-a036-0efb1ecf0db3"
        ],
        "Strict-Transport-Security": [
          "max-age=31536000; includeSubDomains"
        ],
        "X-Content-Type-Options": [
          "nosniff"
        ],
        "Date": [
          "Wed, 27 Feb 2019 11:44:40 GMT"
        ],
        "Content-Length": [
          "381"
        ],
        "Content-Type": [
          "application/json; charset=utf-8"
        ],
        "Expires": [
          "-1"
        ]
      },
      "ResponseBody": "{\r\n  \"id\": \"/subscriptions/f557b96d-2308-4a18-aae1-b8f7e7e70cc7/resourceGroups/pws-sdk-tests-rgJUWcP/providers/Microsoft.NetApp/netAppAccounts/pws-sdk-acc-2erwxp\",\r\n  \"name\": \"pws-sdk-acc-2erwxp\",\r\n  \"type\": \"Microsoft.NetApp/netAppAccounts\",\r\n  \"etag\": \"W/\\\"datetime'2019-02-27T11%3A44%3A10.3104405Z'\\\"\",\r\n  \"location\": \"westus2\",\r\n  \"properties\": {\r\n    \"provisioningState\": \"Succeeded\",\r\n    \"name\": \"pws-sdk-acc-2erwxp\"\r\n  }\r\n}",
      "StatusCode": 200
    },
    {
      "RequestUri": "/subscriptions/f557b96d-2308-4a18-aae1-b8f7e7e70cc7/resourceGroups/pws-sdk-tests-rgJUWcP/providers/Microsoft.NetApp/netAppAccounts/pws-sdk-acc-2erwxp/capacityPools/pws-sdk-pool-1mPATb?api-version=2017-08-15",
      "EncodedRequestUri": "L3N1YnNjcmlwdGlvbnMvZjU1N2I5NmQtMjMwOC00YTE4LWFhZTEtYjhmN2U3ZTcwY2M3L3Jlc291cmNlR3JvdXBzL3B3cy1zZGstdGVzdHMtcmdKVVdjUC9wcm92aWRlcnMvTWljcm9zb2Z0Lk5ldEFwcC9uZXRBcHBBY2NvdW50cy9wd3Mtc2RrLWFjYy0yZXJ3eHAvY2FwYWNpdHlQb29scy9wd3Mtc2RrLXBvb2wtMW1QQVRiP2FwaS12ZXJzaW9uPTIwMTctMDgtMTU=",
      "RequestMethod": "PUT",
      "RequestBody": "{\r\n  \"location\": \"westus2\",\r\n  \"properties\": {\r\n    \"size\": 4398046511104,\r\n    \"serviceLevel\": \"Premium\"\r\n  }\r\n}",
      "RequestHeaders": {
        "x-ms-client-request-id": [
          "0125105c-5e48-4d85-97f1-de771bd580e9"
        ],
        "Accept-Language": [
          "en-US"
        ],
        "User-Agent": [
          "FxVersion/4.6.27019.06",
          "OSName/Windows",
          "OSVersion/Microsoft.Windows.10.0.17134.",
          "Microsoft.Azure.Management.NetApp.AzureNetAppFilesManagementClient/0.9.0.0"
        ],
        "Content-Type": [
          "application/json; charset=utf-8"
        ],
        "Content-Length": [
          "113"
        ]
      },
      "ResponseHeaders": {
        "Cache-Control": [
          "no-cache"
        ],
        "Pragma": [
          "no-cache"
        ],
        "ETag": [
          "W/\"datetime'2019-02-27T11%3A44%3A42.677839Z'\""
        ],
        "x-ms-request-id": [
          "ac26abda-76fd-4b7b-b0fb-ed0128ec8e5e"
        ],
        "Azure-AsyncOperation": [
          "https://management.azure.com/subscriptions/f557b96d-2308-4a18-aae1-b8f7e7e70cc7/providers/Microsoft.NetApp/locations/westus2/operationResults/dc8786bc-d07b-4720-bb82-7690a507e677?api-version=2017-08-15"
        ],
        "Server": [
          "Microsoft-IIS/10.0"
        ],
        "X-Powered-By": [
          "ASP.NET"
        ],
        "x-ms-ratelimit-remaining-subscription-writes": [
          "1198"
        ],
        "x-ms-correlation-request-id": [
          "25a22bfa-6bfc-4452-b9e1-7418cde40a48"
        ],
        "x-ms-routing-request-id": [
          "WESTEUROPE:20190227T114443Z:25a22bfa-6bfc-4452-b9e1-7418cde40a48"
        ],
        "Strict-Transport-Security": [
          "max-age=31536000; includeSubDomains"
        ],
        "X-Content-Type-Options": [
          "nosniff"
        ],
        "Date": [
          "Wed, 27 Feb 2019 11:44:43 GMT"
        ],
        "Content-Length": [
          "465"
        ],
        "Content-Type": [
          "application/json; charset=utf-8"
        ],
        "Expires": [
          "-1"
        ]
      },
      "ResponseBody": "{\r\n  \"id\": \"/subscriptions/f557b96d-2308-4a18-aae1-b8f7e7e70cc7/resourceGroups/pws-sdk-tests-rgJUWcP/providers/Microsoft.NetApp/netAppAccounts/pws-sdk-acc-2erwxp/capacityPools/pws-sdk-pool-1mPATb\",\r\n  \"name\": \"pws-sdk-acc-2erwxp/pws-sdk-pool-1mPATb\",\r\n  \"type\": \"Microsoft.NetApp/netAppAccounts/capacityPools\",\r\n  \"etag\": \"W/\\\"datetime'2019-02-27T11%3A44%3A42.677839Z'\\\"\",\r\n  \"location\": \"westus2\",\r\n  \"properties\": {\r\n    \"size\": 4398046511104,\r\n    \"serviceLevel\": \"Premium\",\r\n    \"provisioningState\": \"Creating\"\r\n  }\r\n}",
      "StatusCode": 201
    },
    {
      "RequestUri": "/subscriptions/f557b96d-2308-4a18-aae1-b8f7e7e70cc7/providers/Microsoft.NetApp/locations/westus2/operationResults/dc8786bc-d07b-4720-bb82-7690a507e677?api-version=2017-08-15",
      "EncodedRequestUri": "L3N1YnNjcmlwdGlvbnMvZjU1N2I5NmQtMjMwOC00YTE4LWFhZTEtYjhmN2U3ZTcwY2M3L3Byb3ZpZGVycy9NaWNyb3NvZnQuTmV0QXBwL2xvY2F0aW9ucy93ZXN0dXMyL29wZXJhdGlvblJlc3VsdHMvZGM4Nzg2YmMtZDA3Yi00NzIwLWJiODItNzY5MGE1MDdlNjc3P2FwaS12ZXJzaW9uPTIwMTctMDgtMTU=",
      "RequestMethod": "GET",
      "RequestBody": "",
      "RequestHeaders": {
        "User-Agent": [
          "FxVersion/4.6.27019.06",
          "OSName/Windows",
          "OSVersion/Microsoft.Windows.10.0.17134.",
          "Microsoft.Azure.Management.NetApp.AzureNetAppFilesManagementClient/0.9.0.0"
        ]
      },
      "ResponseHeaders": {
        "Cache-Control": [
          "no-cache"
        ],
        "Pragma": [
          "no-cache"
        ],
        "x-ms-request-id": [
          "7d3e4f13-c77d-4d28-9947-53d92b22503b"
        ],
        "x-ms-ratelimit-remaining-subscription-reads": [
          "11997"
        ],
        "Server": [
          "Microsoft-IIS/10.0"
        ],
        "X-Powered-By": [
          "ASP.NET"
        ],
        "x-ms-correlation-request-id": [
          "d4d2d2a2-14ad-423c-9831-82e43d5c044c"
        ],
        "x-ms-routing-request-id": [
          "WESTEUROPE:20190227T114513Z:d4d2d2a2-14ad-423c-9831-82e43d5c044c"
        ],
        "Strict-Transport-Security": [
          "max-age=31536000; includeSubDomains"
        ],
        "X-Content-Type-Options": [
          "nosniff"
        ],
        "Date": [
          "Wed, 27 Feb 2019 11:45:13 GMT"
        ],
        "Content-Length": [
          "550"
        ],
        "Content-Type": [
          "application/json; charset=utf-8"
        ],
        "Expires": [
          "-1"
        ]
      },
      "ResponseBody": "{\r\n  \"id\": \"/subscriptions/f557b96d-2308-4a18-aae1-b8f7e7e70cc7/providers/Microsoft.NetApp/locations/westus2/operationResults/dc8786bc-d07b-4720-bb82-7690a507e677\",\r\n  \"name\": \"dc8786bc-d07b-4720-bb82-7690a507e677\",\r\n  \"status\": \"Succeeded\",\r\n  \"startTime\": \"2019-02-27T11:44:42.6238131Z\",\r\n  \"endTime\": \"2019-02-27T11:44:43.2334905Z\",\r\n  \"percentComplete\": 100.0,\r\n  \"properties\": {\r\n    \"resourceName\": \"/subscriptions/f557b96d-2308-4a18-aae1-b8f7e7e70cc7/resourceGroups/pws-sdk-tests-rgJUWcP/providers/Microsoft.NetApp/netAppAccounts/pws-sdk-acc-2erwxp/capacityPools/pws-sdk-pool-1mPATb\"\r\n  }\r\n}",
      "StatusCode": 200
    },
    {
      "RequestUri": "/subscriptions/f557b96d-2308-4a18-aae1-b8f7e7e70cc7/resourceGroups/pws-sdk-tests-rgJUWcP/providers/Microsoft.NetApp/netAppAccounts/pws-sdk-acc-2erwxp/capacityPools/pws-sdk-pool-1mPATb?api-version=2017-08-15",
      "EncodedRequestUri": "L3N1YnNjcmlwdGlvbnMvZjU1N2I5NmQtMjMwOC00YTE4LWFhZTEtYjhmN2U3ZTcwY2M3L3Jlc291cmNlR3JvdXBzL3B3cy1zZGstdGVzdHMtcmdKVVdjUC9wcm92aWRlcnMvTWljcm9zb2Z0Lk5ldEFwcC9uZXRBcHBBY2NvdW50cy9wd3Mtc2RrLWFjYy0yZXJ3eHAvY2FwYWNpdHlQb29scy9wd3Mtc2RrLXBvb2wtMW1QQVRiP2FwaS12ZXJzaW9uPTIwMTctMDgtMTU=",
      "RequestMethod": "GET",
      "RequestBody": "",
      "RequestHeaders": {
        "User-Agent": [
          "FxVersion/4.6.27019.06",
          "OSName/Windows",
          "OSVersion/Microsoft.Windows.10.0.17134.",
          "Microsoft.Azure.Management.NetApp.AzureNetAppFilesManagementClient/0.9.0.0"
        ]
      },
      "ResponseHeaders": {
        "Cache-Control": [
          "no-cache"
        ],
        "Pragma": [
          "no-cache"
        ],
        "ETag": [
          "W/\"datetime'2019-02-27T11%3A44%3A43.2762712Z'\""
        ],
        "x-ms-request-id": [
          "7d386540-c737-46a5-a0c9-48793befb901"
        ],
        "Server": [
          "Microsoft-IIS/10.0"
        ],
        "X-Powered-By": [
          "ASP.NET"
        ],
        "x-ms-ratelimit-remaining-subscription-reads": [
          "11996"
        ],
        "x-ms-correlation-request-id": [
          "c2cb2c4d-7d48-4848-a2e5-d7660379e7ea"
        ],
        "x-ms-routing-request-id": [
          "WESTEUROPE:20190227T114515Z:c2cb2c4d-7d48-4848-a2e5-d7660379e7ea"
        ],
        "Strict-Transport-Security": [
          "max-age=31536000; includeSubDomains"
        ],
        "X-Content-Type-Options": [
          "nosniff"
        ],
        "Date": [
          "Wed, 27 Feb 2019 11:45:14 GMT"
        ],
        "Content-Length": [
          "563"
        ],
        "Content-Type": [
          "application/json; charset=utf-8"
        ],
        "Expires": [
          "-1"
        ]
      },
      "ResponseBody": "{\r\n  \"id\": \"/subscriptions/f557b96d-2308-4a18-aae1-b8f7e7e70cc7/resourceGroups/pws-sdk-tests-rgJUWcP/providers/Microsoft.NetApp/netAppAccounts/pws-sdk-acc-2erwxp/capacityPools/pws-sdk-pool-1mPATb\",\r\n  \"name\": \"pws-sdk-acc-2erwxp/pws-sdk-pool-1mPATb\",\r\n  \"type\": \"Microsoft.NetApp/netAppAccounts/capacityPools\",\r\n  \"etag\": \"W/\\\"datetime'2019-02-27T11%3A44%3A43.2762712Z'\\\"\",\r\n  \"location\": \"westus2\",\r\n  \"properties\": {\r\n    \"poolId\": \"741b5930-f6ca-5bc1-6f89-212ce2373fb1\",\r\n    \"name\": \"pws-sdk-acc-2erwxp/pws-sdk-pool-1mPATb\",\r\n    \"serviceLevel\": \"Premium\",\r\n    \"size\": 4398046511104,\r\n    \"provisioningState\": \"Succeeded\"\r\n  }\r\n}",
      "StatusCode": 200
    },
    {
      "RequestUri": "/subscriptions/f557b96d-2308-4a18-aae1-b8f7e7e70cc7/resourceGroups/pws-sdk-tests-rgJUWcP/providers/Microsoft.NetApp/netAppAccounts/pws-sdk-acc-2erwxp/capacityPools/pws-sdk-pool-1mPATb/volumes/pws-sdk-vol-1YPDAo?api-version=2017-08-15",
      "EncodedRequestUri": "L3N1YnNjcmlwdGlvbnMvZjU1N2I5NmQtMjMwOC00YTE4LWFhZTEtYjhmN2U3ZTcwY2M3L3Jlc291cmNlR3JvdXBzL3B3cy1zZGstdGVzdHMtcmdKVVdjUC9wcm92aWRlcnMvTWljcm9zb2Z0Lk5ldEFwcC9uZXRBcHBBY2NvdW50cy9wd3Mtc2RrLWFjYy0yZXJ3eHAvY2FwYWNpdHlQb29scy9wd3Mtc2RrLXBvb2wtMW1QQVRiL3ZvbHVtZXMvcHdzLXNkay12b2wtMVlQREFvP2FwaS12ZXJzaW9uPTIwMTctMDgtMTU=",
      "RequestMethod": "PUT",
      "RequestBody": "{\r\n  \"location\": \"westus2\",\r\n  \"properties\": {\r\n    \"creationToken\": \"pws-sdk-vol-1YPDAo\",\r\n    \"serviceLevel\": \"Premium\",\r\n    \"usageThreshold\": 107374182400,\r\n    \"subnetId\": \"/subscriptions/f557b96d-2308-4a18-aae1-b8f7e7e70cc7/resourceGroups/pws-sdk-tests-rgJUWcP/providers/Microsoft.Network/virtualNetworks/pws-sdk-tests-rgJUWcP-vnet/subnets/default\"\r\n  }\r\n}",
      "RequestHeaders": {
        "x-ms-client-request-id": [
          "438ff9c7-d5f4-413c-9d92-34ad714293c9"
        ],
        "Accept-Language": [
          "en-US"
        ],
        "User-Agent": [
          "FxVersion/4.6.27019.06",
          "OSName/Windows",
          "OSVersion/Microsoft.Windows.10.0.17134.",
          "Microsoft.Azure.Management.NetApp.AzureNetAppFilesManagementClient/0.9.0.0"
        ],
        "Content-Type": [
          "application/json; charset=utf-8"
        ],
        "Content-Length": [
          "362"
        ]
      },
      "ResponseHeaders": {
        "Cache-Control": [
          "no-cache"
        ],
        "Pragma": [
          "no-cache"
        ],
        "ETag": [
          "W/\"datetime'2019-02-27T11%3A45%3A16.816514Z'\""
        ],
        "x-ms-request-id": [
          "7edd594a-236f-4fe9-a7ff-7088b6a697a7"
        ],
        "Azure-AsyncOperation": [
          "https://management.azure.com/subscriptions/f557b96d-2308-4a18-aae1-b8f7e7e70cc7/providers/Microsoft.NetApp/locations/westus2/operationResults/9ef118ce-3822-4c0a-a629-e611ba871f63?api-version=2017-08-15"
        ],
        "Server": [
          "Microsoft-IIS/10.0"
        ],
        "X-Powered-By": [
          "ASP.NET"
        ],
        "x-ms-ratelimit-remaining-subscription-writes": [
          "1197"
        ],
        "x-ms-correlation-request-id": [
          "6bbb2824-5147-4256-84f7-c5049f31d3e2"
        ],
        "x-ms-routing-request-id": [
          "WESTEUROPE:20190227T114517Z:6bbb2824-5147-4256-84f7-c5049f31d3e2"
        ],
        "Strict-Transport-Security": [
          "max-age=31536000; includeSubDomains"
        ],
        "X-Content-Type-Options": [
          "nosniff"
        ],
        "Date": [
          "Wed, 27 Feb 2019 11:45:17 GMT"
        ],
        "Content-Length": [
          "754"
        ],
        "Content-Type": [
          "application/json; charset=utf-8"
        ],
        "Expires": [
          "-1"
        ]
      },
      "ResponseBody": "{\r\n  \"id\": \"/subscriptions/f557b96d-2308-4a18-aae1-b8f7e7e70cc7/resourceGroups/pws-sdk-tests-rgJUWcP/providers/Microsoft.NetApp/netAppAccounts/pws-sdk-acc-2erwxp/capacityPools/pws-sdk-pool-1mPATb/volumes/pws-sdk-vol-1YPDAo\",\r\n  \"name\": \"pws-sdk-acc-2erwxp/pws-sdk-pool-1mPATb/pws-sdk-vol-1YPDAo\",\r\n  \"type\": \"Microsoft.NetApp/netAppAccounts/capacityPools/volumes\",\r\n  \"etag\": \"W/\\\"datetime'2019-02-27T11%3A45%3A16.816514Z'\\\"\",\r\n  \"location\": \"westus2\",\r\n  \"properties\": {\r\n    \"creationToken\": \"pws-sdk-vol-1YPDAo\",\r\n    \"serviceLevel\": \"Premium\",\r\n    \"usageThreshold\": 107374182400,\r\n    \"subnetId\": \"/subscriptions/f557b96d-2308-4a18-aae1-b8f7e7e70cc7/resourceGroups/pws-sdk-tests-rgJUWcP/providers/Microsoft.Network/virtualNetworks/pws-sdk-tests-rgJUWcP-vnet/subnets/default\",\r\n    \"provisioningState\": \"Creating\"\r\n  }\r\n}",
      "StatusCode": 201
    },
    {
      "RequestUri": "/subscriptions/f557b96d-2308-4a18-aae1-b8f7e7e70cc7/resourceGroups/pws-sdk-tests-rgJUWcP/providers/Microsoft.NetApp/netAppAccounts/pws-sdk-acc-2erwxp/capacityPools/pws-sdk-pool-1mPATb/volumes/pws-sdk-vol-1YPDAo?api-version=2017-08-15",
      "EncodedRequestUri": "L3N1YnNjcmlwdGlvbnMvZjU1N2I5NmQtMjMwOC00YTE4LWFhZTEtYjhmN2U3ZTcwY2M3L3Jlc291cmNlR3JvdXBzL3B3cy1zZGstdGVzdHMtcmdKVVdjUC9wcm92aWRlcnMvTWljcm9zb2Z0Lk5ldEFwcC9uZXRBcHBBY2NvdW50cy9wd3Mtc2RrLWFjYy0yZXJ3eHAvY2FwYWNpdHlQb29scy9wd3Mtc2RrLXBvb2wtMW1QQVRiL3ZvbHVtZXMvcHdzLXNkay12b2wtMVlQREFvP2FwaS12ZXJzaW9uPTIwMTctMDgtMTU=",
      "RequestMethod": "PUT",
      "RequestBody": "{\r\n  \"location\": \"westus2\",\r\n  \"properties\": {\r\n    \"creationToken\": \"pws-sdk-vol-1YPDAo\",\r\n    \"serviceLevel\": \"Standard\",\r\n    \"usageThreshold\": 107374182400,\r\n    \"subnetId\": \"/subscriptions/f557b96d-2308-4a18-aae1-b8f7e7e70cc7/resourceGroups/pws-sdk-tests-rgJUWcP/providers/Microsoft.Network/virtualNetworks/pws-sdk-tests-rgJUWcP-vnet/subnets/default\"\r\n  }\r\n}",
      "RequestHeaders": {
        "x-ms-client-request-id": [
          "edafe6c1-3621-4814-858f-9322f1f642d0"
        ],
        "Accept-Language": [
          "en-US"
        ],
        "User-Agent": [
          "FxVersion/4.6.27019.06",
          "OSName/Windows",
          "OSVersion/Microsoft.Windows.10.0.17134.",
          "Microsoft.Azure.Management.NetApp.AzureNetAppFilesManagementClient/0.9.0.0"
        ],
        "Content-Type": [
          "application/json; charset=utf-8"
        ],
        "Content-Length": [
          "363"
        ]
      },
      "ResponseHeaders": {
        "Cache-Control": [
          "no-cache"
        ],
        "Pragma": [
          "no-cache"
        ],
        "ETag": [
          "W/\"datetime'2019-02-27T11%3A47%3A03.6137158Z'\""
        ],
        "x-ms-request-id": [
          "a8f6f3ff-387b-4238-8941-b08d8156af96"
        ],
        "Server": [
          "Microsoft-IIS/10.0"
        ],
        "X-Powered-By": [
          "ASP.NET"
        ],
        "x-ms-ratelimit-remaining-subscription-writes": [
          "1194"
        ],
        "x-ms-correlation-request-id": [
          "83d244d0-aff7-4516-94af-0a7605530bae"
        ],
        "x-ms-routing-request-id": [
          "WESTEUROPE:20190227T114703Z:83d244d0-aff7-4516-94af-0a7605530bae"
        ],
        "Strict-Transport-Security": [
          "max-age=31536000; includeSubDomains"
        ],
        "X-Content-Type-Options": [
          "nosniff"
        ],
        "Date": [
          "Wed, 27 Feb 2019 11:47:03 GMT"
        ],
        "Content-Length": [
          "1429"
        ],
        "Content-Type": [
          "application/json; charset=utf-8"
        ],
        "Expires": [
          "-1"
        ]
      },
      "ResponseBody": "{\r\n  \"id\": \"/subscriptions/f557b96d-2308-4a18-aae1-b8f7e7e70cc7/resourceGroups/pws-sdk-tests-rgJUWcP/providers/Microsoft.NetApp/netAppAccounts/pws-sdk-acc-2erwxp/capacityPools/pws-sdk-pool-1mPATb/volumes/pws-sdk-vol-1YPDAo\",\r\n  \"name\": \"pws-sdk-acc-2erwxp/pws-sdk-pool-1mPATb/pws-sdk-vol-1YPDAo\",\r\n  \"type\": \"Microsoft.NetApp/netAppAccounts/capacityPools/volumes\",\r\n  \"etag\": \"W/\\\"datetime'2019-02-27T11%3A47%3A03.6137158Z'\\\"\",\r\n  \"location\": \"westus2\",\r\n  \"properties\": {\r\n    \"fileSystemId\": \"61b4ec25-7e13-a44c-f43a-af8beb03cc42\",\r\n    \"serviceLevel\": \"Standard\",\r\n    \"creationToken\": \"pws-sdk-vol-1YPDAo\",\r\n    \"ownerId\": \"38ab86f1-9d30-413b-8fc0-d31ad85fa6a1\",\r\n    \"usageThreshold\": 107374182400,\r\n    \"snapshotPolicy\": {\r\n      \"enabled\": false\r\n    },\r\n    \"exportPolicy\": {\r\n      \"rules\": [\r\n        {\r\n          \"ruleIndex\": 1,\r\n          \"unixReadOnly\": false,\r\n          \"unixReadWrite\": true,\r\n          \"cifs\": false,\r\n          \"nfsv3\": true,\r\n          \"nfsv4\": false,\r\n          \"allowedClients\": \"0.0.0.0/0\"\r\n        }\r\n      ]\r\n    },\r\n    \"protocolTypes\": [\r\n      \"NFSv3\"\r\n    ],\r\n    \"baremetalTenantId\": \"baremetalTenant_svm_38ab86f19d30413b8fc0d31ad85fa6a1_71a5f06a\",\r\n    \"subnetId\": \"/subscriptions/f557b96d-2308-4a18-aae1-b8f7e7e70cc7/resourceGroups/pws-sdk-tests-rgJUWcP/providers/Microsoft.Network/virtualNetworks/pws-sdk-tests-rgJUWcP-vnet/subnets/default\",\r\n    \"mountTargets\": [\r\n      {\r\n        \"provisioningState\": \"Succeeded\",\r\n        \"mountTargetId\": \"2ff042ff-4e21-4609-8e60-d24b76639ba5\",\r\n        \"fileSystemId\": \"61b4ec25-7e13-a44c-f43a-af8beb03cc42\",\r\n        \"startIp\": \"10.0.1.4\",\r\n        \"endIp\": \"10.0.1.4\",\r\n        \"gateway\": \"10.0.1.1\",\r\n        \"netmask\": \"255.255.255.0\",\r\n        \"ipAddress\": \"10.0.1.4\"\r\n      }\r\n    ],\r\n    \"provisioningState\": \"Succeeded\"\r\n  }\r\n}",
      "StatusCode": 200
    },
    {
      "RequestUri": "/subscriptions/f557b96d-2308-4a18-aae1-b8f7e7e70cc7/providers/Microsoft.NetApp/locations/westus2/operationResults/9ef118ce-3822-4c0a-a629-e611ba871f63?api-version=2017-08-15",
      "EncodedRequestUri": "L3N1YnNjcmlwdGlvbnMvZjU1N2I5NmQtMjMwOC00YTE4LWFhZTEtYjhmN2U3ZTcwY2M3L3Byb3ZpZGVycy9NaWNyb3NvZnQuTmV0QXBwL2xvY2F0aW9ucy93ZXN0dXMyL29wZXJhdGlvblJlc3VsdHMvOWVmMTE4Y2UtMzgyMi00YzBhLWE2MjktZTYxMWJhODcxZjYzP2FwaS12ZXJzaW9uPTIwMTctMDgtMTU=",
      "RequestMethod": "GET",
      "RequestBody": "",
      "RequestHeaders": {
        "User-Agent": [
          "FxVersion/4.6.27019.06",
          "OSName/Windows",
          "OSVersion/Microsoft.Windows.10.0.17134.",
          "Microsoft.Azure.Management.NetApp.AzureNetAppFilesManagementClient/0.9.0.0"
        ]
      },
      "ResponseHeaders": {
        "Cache-Control": [
          "no-cache"
        ],
        "Pragma": [
          "no-cache"
        ],
        "x-ms-request-id": [
          "a510dab1-cca4-4155-92d6-17a5f5f3964b"
        ],
        "Server": [
          "Microsoft-IIS/10.0"
        ],
        "X-Powered-By": [
          "ASP.NET"
        ],
        "x-ms-ratelimit-remaining-subscription-reads": [
          "11995"
        ],
        "x-ms-correlation-request-id": [
          "313ac9fd-fba4-4580-934a-87f247ed4681"
        ],
        "x-ms-routing-request-id": [
          "WESTEUROPE:20190227T114547Z:313ac9fd-fba4-4580-934a-87f247ed4681"
        ],
        "Strict-Transport-Security": [
          "max-age=31536000; includeSubDomains"
        ],
        "X-Content-Type-Options": [
          "nosniff"
        ],
        "Date": [
          "Wed, 27 Feb 2019 11:45:47 GMT"
        ],
        "Content-Length": [
          "566"
        ],
        "Content-Type": [
          "application/json; charset=utf-8"
        ],
        "Expires": [
          "-1"
        ]
      },
      "ResponseBody": "{\r\n  \"id\": \"/subscriptions/f557b96d-2308-4a18-aae1-b8f7e7e70cc7/providers/Microsoft.NetApp/locations/westus2/operationResults/9ef118ce-3822-4c0a-a629-e611ba871f63\",\r\n  \"name\": \"9ef118ce-3822-4c0a-a629-e611ba871f63\",\r\n  \"status\": \"Creating\",\r\n  \"startTime\": \"2019-02-27T11:45:16.7646135Z\",\r\n  \"endTime\": \"0001-01-01T00:00:00Z\",\r\n  \"percentComplete\": 0.0,\r\n  \"properties\": {\r\n    \"resourceName\": \"/subscriptions/f557b96d-2308-4a18-aae1-b8f7e7e70cc7/resourceGroups/pws-sdk-tests-rgJUWcP/providers/Microsoft.NetApp/netAppAccounts/pws-sdk-acc-2erwxp/capacityPools/pws-sdk-pool-1mPATb/volumes/pws-sdk-vol-1YPDAo\"\r\n  }\r\n}",
      "StatusCode": 200
    },
    {
      "RequestUri": "/subscriptions/f557b96d-2308-4a18-aae1-b8f7e7e70cc7/providers/Microsoft.NetApp/locations/westus2/operationResults/9ef118ce-3822-4c0a-a629-e611ba871f63?api-version=2017-08-15",
      "EncodedRequestUri": "L3N1YnNjcmlwdGlvbnMvZjU1N2I5NmQtMjMwOC00YTE4LWFhZTEtYjhmN2U3ZTcwY2M3L3Byb3ZpZGVycy9NaWNyb3NvZnQuTmV0QXBwL2xvY2F0aW9ucy93ZXN0dXMyL29wZXJhdGlvblJlc3VsdHMvOWVmMTE4Y2UtMzgyMi00YzBhLWE2MjktZTYxMWJhODcxZjYzP2FwaS12ZXJzaW9uPTIwMTctMDgtMTU=",
      "RequestMethod": "GET",
      "RequestBody": "",
      "RequestHeaders": {
        "User-Agent": [
          "FxVersion/4.6.27019.06",
          "OSName/Windows",
          "OSVersion/Microsoft.Windows.10.0.17134.",
          "Microsoft.Azure.Management.NetApp.AzureNetAppFilesManagementClient/0.9.0.0"
        ]
      },
      "ResponseHeaders": {
        "Cache-Control": [
          "no-cache"
        ],
        "Pragma": [
          "no-cache"
        ],
        "x-ms-request-id": [
          "51425939-bed2-4b75-a66f-748d3bda171a"
        ],
        "Server": [
          "Microsoft-IIS/10.0"
        ],
        "X-Powered-By": [
          "ASP.NET"
        ],
        "x-ms-ratelimit-remaining-subscription-reads": [
          "11994"
        ],
        "x-ms-correlation-request-id": [
          "a73dc97e-1b56-4f8e-9069-95cc64b476d7"
        ],
        "x-ms-routing-request-id": [
          "WESTEUROPE:20190227T114618Z:a73dc97e-1b56-4f8e-9069-95cc64b476d7"
        ],
        "Strict-Transport-Security": [
          "max-age=31536000; includeSubDomains"
        ],
        "X-Content-Type-Options": [
          "nosniff"
        ],
        "Date": [
          "Wed, 27 Feb 2019 11:46:18 GMT"
        ],
        "Content-Length": [
          "577"
        ],
        "Content-Type": [
          "application/json; charset=utf-8"
        ],
        "Expires": [
          "-1"
        ]
      },
      "ResponseBody": "{\r\n  \"id\": \"/subscriptions/f557b96d-2308-4a18-aae1-b8f7e7e70cc7/providers/Microsoft.NetApp/locations/westus2/operationResults/9ef118ce-3822-4c0a-a629-e611ba871f63\",\r\n  \"name\": \"9ef118ce-3822-4c0a-a629-e611ba871f63\",\r\n  \"status\": \"Succeeded\",\r\n  \"startTime\": \"2019-02-27T11:45:16.7646135Z\",\r\n  \"endTime\": \"2019-02-27T11:45:48.1514942Z\",\r\n  \"percentComplete\": 100.0,\r\n  \"properties\": {\r\n    \"resourceName\": \"/subscriptions/f557b96d-2308-4a18-aae1-b8f7e7e70cc7/resourceGroups/pws-sdk-tests-rgJUWcP/providers/Microsoft.NetApp/netAppAccounts/pws-sdk-acc-2erwxp/capacityPools/pws-sdk-pool-1mPATb/volumes/pws-sdk-vol-1YPDAo\"\r\n  }\r\n}",
      "StatusCode": 200
    },
    {
      "RequestUri": "/subscriptions/f557b96d-2308-4a18-aae1-b8f7e7e70cc7/resourceGroups/pws-sdk-tests-rgJUWcP/providers/Microsoft.NetApp/netAppAccounts/pws-sdk-acc-2erwxp/capacityPools/pws-sdk-pool-1mPATb/volumes/pws-sdk-vol-1YPDAo?api-version=2017-08-15",
      "EncodedRequestUri": "L3N1YnNjcmlwdGlvbnMvZjU1N2I5NmQtMjMwOC00YTE4LWFhZTEtYjhmN2U3ZTcwY2M3L3Jlc291cmNlR3JvdXBzL3B3cy1zZGstdGVzdHMtcmdKVVdjUC9wcm92aWRlcnMvTWljcm9zb2Z0Lk5ldEFwcC9uZXRBcHBBY2NvdW50cy9wd3Mtc2RrLWFjYy0yZXJ3eHAvY2FwYWNpdHlQb29scy9wd3Mtc2RrLXBvb2wtMW1QQVRiL3ZvbHVtZXMvcHdzLXNkay12b2wtMVlQREFvP2FwaS12ZXJzaW9uPTIwMTctMDgtMTU=",
      "RequestMethod": "GET",
      "RequestBody": "",
      "RequestHeaders": {
        "User-Agent": [
          "FxVersion/4.6.27019.06",
          "OSName/Windows",
          "OSVersion/Microsoft.Windows.10.0.17134.",
          "Microsoft.Azure.Management.NetApp.AzureNetAppFilesManagementClient/0.9.0.0"
        ]
      },
      "ResponseHeaders": {
        "Cache-Control": [
          "no-cache"
        ],
        "Pragma": [
          "no-cache"
        ],
        "ETag": [
          "W/\"datetime'2019-02-27T11%3A45%3A48.1791904Z'\""
        ],
        "x-ms-request-id": [
          "1360f640-a675-4a20-8c6a-e0f869204e4f"
        ],
        "Server": [
          "Microsoft-IIS/10.0"
        ],
        "X-Powered-By": [
          "ASP.NET"
        ],
        "x-ms-ratelimit-remaining-subscription-reads": [
          "11993"
        ],
        "x-ms-correlation-request-id": [
          "f7568ea0-ce82-4a9e-8fad-41cb8aadf41c"
        ],
        "x-ms-routing-request-id": [
          "WESTEUROPE:20190227T114618Z:f7568ea0-ce82-4a9e-8fad-41cb8aadf41c"
        ],
        "Strict-Transport-Security": [
          "max-age=31536000; includeSubDomains"
        ],
        "X-Content-Type-Options": [
          "nosniff"
        ],
        "Date": [
          "Wed, 27 Feb 2019 11:46:18 GMT"
        ],
        "Content-Length": [
          "1442"
        ],
        "Content-Type": [
          "application/json; charset=utf-8"
        ],
        "Expires": [
          "-1"
        ]
      },
      "ResponseBody": "{\r\n  \"id\": \"/subscriptions/f557b96d-2308-4a18-aae1-b8f7e7e70cc7/resourceGroups/pws-sdk-tests-rgJUWcP/providers/Microsoft.NetApp/netAppAccounts/pws-sdk-acc-2erwxp/capacityPools/pws-sdk-pool-1mPATb/volumes/pws-sdk-vol-1YPDAo\",\r\n  \"name\": \"pws-sdk-acc-2erwxp/pws-sdk-pool-1mPATb/pws-sdk-vol-1YPDAo\",\r\n  \"type\": \"Microsoft.NetApp/netAppAccounts/capacityPools/volumes\",\r\n  \"etag\": \"W/\\\"datetime'2019-02-27T11%3A45%3A48.1791904Z'\\\"\",\r\n  \"location\": \"westus2\",\r\n  \"properties\": {\r\n    \"provisioningState\": \"Succeeded\",\r\n    \"fileSystemId\": \"61b4ec25-7e13-a44c-f43a-af8beb03cc42\",\r\n    \"serviceLevel\": \"Premium\",\r\n    \"creationToken\": \"pws-sdk-vol-1YPDAo\",\r\n    \"ownerId\": \"38ab86f1-9d30-413b-8fc0-d31ad85fa6a1\",\r\n    \"usageThreshold\": 107374182400,\r\n    \"usedBytes\": 0,\r\n    \"snapshotPolicy\": {\r\n      \"enabled\": false\r\n    },\r\n    \"exportPolicy\": {\r\n      \"rules\": [\r\n        {\r\n          \"ruleIndex\": 1,\r\n          \"unixReadOnly\": false,\r\n          \"unixReadWrite\": true,\r\n          \"cifs\": false,\r\n          \"nfsv3\": true,\r\n          \"nfsv4\": false,\r\n          \"allowedClients\": \"0.0.0.0/0\"\r\n        }\r\n      ]\r\n    },\r\n    \"protocolTypes\": [\r\n      \"NFSv3\"\r\n    ],\r\n    \"baremetalTenantId\": \"baremetalTenant_svm_38ab86f19d30413b8fc0d31ad85fa6a1_71a5f06a\",\r\n    \"subnetId\": \"/subscriptions/f557b96d-2308-4a18-aae1-b8f7e7e70cc7/resourceGroups/pws-sdk-tests-rgJUWcP/providers/Microsoft.Network/virtualNetworks/pws-sdk-tests-rgJUWcP-vnet/subnets/default\",\r\n    \"mountTargets\": [\r\n      {\r\n        \"provisioningState\": \"Succeeded\",\r\n        \"mountTargetId\": \"2ff042ff-4e21-4609-8e60-d24b76639ba5\",\r\n        \"fileSystemId\": \"61b4ec25-7e13-a44c-f43a-af8beb03cc42\",\r\n        \"startIp\": \"10.0.1.4\",\r\n        \"endIp\": \"10.0.1.4\",\r\n        \"gateway\": \"10.0.1.1\",\r\n        \"netmask\": \"255.255.255.0\",\r\n        \"ipAddress\": \"10.0.1.4\"\r\n      }\r\n    ]\r\n  }\r\n}",
      "StatusCode": 200
    },
    {
      "RequestUri": "/subscriptions/f557b96d-2308-4a18-aae1-b8f7e7e70cc7/resourceGroups/pws-sdk-tests-rgJUWcP/providers/Microsoft.NetApp/netAppAccounts/pws-sdk-acc-2erwxp/capacityPools/pws-sdk-pool-1mPATb/volumes/pws-sdk-vol-1YPDAo?api-version=2017-08-15",
      "EncodedRequestUri": "L3N1YnNjcmlwdGlvbnMvZjU1N2I5NmQtMjMwOC00YTE4LWFhZTEtYjhmN2U3ZTcwY2M3L3Jlc291cmNlR3JvdXBzL3B3cy1zZGstdGVzdHMtcmdKVVdjUC9wcm92aWRlcnMvTWljcm9zb2Z0Lk5ldEFwcC9uZXRBcHBBY2NvdW50cy9wd3Mtc2RrLWFjYy0yZXJ3eHAvY2FwYWNpdHlQb29scy9wd3Mtc2RrLXBvb2wtMW1QQVRiL3ZvbHVtZXMvcHdzLXNkay12b2wtMVlQREFvP2FwaS12ZXJzaW9uPTIwMTctMDgtMTU=",
      "RequestMethod": "GET",
      "RequestBody": "",
      "RequestHeaders": {
        "x-ms-client-request-id": [
          "8608fff1-7ba8-465b-b371-187fda7889fa"
        ],
        "Accept-Language": [
          "en-US"
        ],
        "User-Agent": [
          "FxVersion/4.6.27019.06",
          "OSName/Windows",
          "OSVersion/Microsoft.Windows.10.0.17134.",
          "Microsoft.Azure.Management.NetApp.AzureNetAppFilesManagementClient/0.9.0.0"
        ]
      },
      "ResponseHeaders": {
        "Cache-Control": [
          "no-cache"
        ],
        "Pragma": [
          "no-cache"
        ],
        "ETag": [
          "W/\"datetime'2019-02-27T11%3A45%3A48.1791904Z'\""
        ],
        "x-ms-request-id": [
          "3e99af17-7a34-44b2-8c7c-ec8534f55505"
        ],
        "Server": [
          "Microsoft-IIS/10.0"
        ],
        "X-Powered-By": [
          "ASP.NET"
        ],
        "x-ms-ratelimit-remaining-subscription-reads": [
          "11989"
        ],
        "x-ms-correlation-request-id": [
          "55482a46-72e4-426a-9026-3ef7ab457cfd"
        ],
        "x-ms-routing-request-id": [
          "WESTEUROPE:20190227T114653Z:55482a46-72e4-426a-9026-3ef7ab457cfd"
        ],
        "Strict-Transport-Security": [
          "max-age=31536000; includeSubDomains"
        ],
        "X-Content-Type-Options": [
          "nosniff"
        ],
        "Date": [
          "Wed, 27 Feb 2019 11:46:53 GMT"
        ],
        "Content-Length": [
          "1442"
        ],
        "Content-Type": [
          "application/json; charset=utf-8"
        ],
        "Expires": [
          "-1"
        ]
      },
      "ResponseBody": "{\r\n  \"id\": \"/subscriptions/f557b96d-2308-4a18-aae1-b8f7e7e70cc7/resourceGroups/pws-sdk-tests-rgJUWcP/providers/Microsoft.NetApp/netAppAccounts/pws-sdk-acc-2erwxp/capacityPools/pws-sdk-pool-1mPATb/volumes/pws-sdk-vol-1YPDAo\",\r\n  \"name\": \"pws-sdk-acc-2erwxp/pws-sdk-pool-1mPATb/pws-sdk-vol-1YPDAo\",\r\n  \"type\": \"Microsoft.NetApp/netAppAccounts/capacityPools/volumes\",\r\n  \"etag\": \"W/\\\"datetime'2019-02-27T11%3A45%3A48.1791904Z'\\\"\",\r\n  \"location\": \"westus2\",\r\n  \"properties\": {\r\n    \"provisioningState\": \"Succeeded\",\r\n    \"fileSystemId\": \"61b4ec25-7e13-a44c-f43a-af8beb03cc42\",\r\n    \"serviceLevel\": \"Premium\",\r\n    \"creationToken\": \"pws-sdk-vol-1YPDAo\",\r\n    \"ownerId\": \"38ab86f1-9d30-413b-8fc0-d31ad85fa6a1\",\r\n    \"usageThreshold\": 107374182400,\r\n    \"usedBytes\": 0,\r\n    \"snapshotPolicy\": {\r\n      \"enabled\": false\r\n    },\r\n    \"exportPolicy\": {\r\n      \"rules\": [\r\n        {\r\n          \"ruleIndex\": 1,\r\n          \"unixReadOnly\": false,\r\n          \"unixReadWrite\": true,\r\n          \"cifs\": false,\r\n          \"nfsv3\": true,\r\n          \"nfsv4\": false,\r\n          \"allowedClients\": \"0.0.0.0/0\"\r\n        }\r\n      ]\r\n    },\r\n    \"protocolTypes\": [\r\n      \"NFSv3\"\r\n    ],\r\n    \"baremetalTenantId\": \"baremetalTenant_svm_38ab86f19d30413b8fc0d31ad85fa6a1_71a5f06a\",\r\n    \"subnetId\": \"/subscriptions/f557b96d-2308-4a18-aae1-b8f7e7e70cc7/resourceGroups/pws-sdk-tests-rgJUWcP/providers/Microsoft.Network/virtualNetworks/pws-sdk-tests-rgJUWcP-vnet/subnets/default\",\r\n    \"mountTargets\": [\r\n      {\r\n        \"provisioningState\": \"Succeeded\",\r\n        \"mountTargetId\": \"2ff042ff-4e21-4609-8e60-d24b76639ba5\",\r\n        \"fileSystemId\": \"61b4ec25-7e13-a44c-f43a-af8beb03cc42\",\r\n        \"startIp\": \"10.0.1.4\",\r\n        \"endIp\": \"10.0.1.4\",\r\n        \"gateway\": \"10.0.1.1\",\r\n        \"netmask\": \"255.255.255.0\",\r\n        \"ipAddress\": \"10.0.1.4\"\r\n      }\r\n    ]\r\n  }\r\n}",
      "StatusCode": 200
    },
    {
      "RequestUri": "/subscriptions/f557b96d-2308-4a18-aae1-b8f7e7e70cc7/resourceGroups/pws-sdk-tests-rgJUWcP/providers/Microsoft.NetApp/netAppAccounts/pws-sdk-acc-2erwxp/capacityPools/pws-sdk-pool-1mPATb/volumes/pws-sdk-vol-1YPDAo?api-version=2017-08-15",
      "EncodedRequestUri": "L3N1YnNjcmlwdGlvbnMvZjU1N2I5NmQtMjMwOC00YTE4LWFhZTEtYjhmN2U3ZTcwY2M3L3Jlc291cmNlR3JvdXBzL3B3cy1zZGstdGVzdHMtcmdKVVdjUC9wcm92aWRlcnMvTWljcm9zb2Z0Lk5ldEFwcC9uZXRBcHBBY2NvdW50cy9wd3Mtc2RrLWFjYy0yZXJ3eHAvY2FwYWNpdHlQb29scy9wd3Mtc2RrLXBvb2wtMW1QQVRiL3ZvbHVtZXMvcHdzLXNkay12b2wtMVlQREFvP2FwaS12ZXJzaW9uPTIwMTctMDgtMTU=",
      "RequestMethod": "GET",
      "RequestBody": "",
      "RequestHeaders": {
        "x-ms-client-request-id": [
          "9692960e-09d5-4f38-98be-a641afca8096"
        ],
        "Accept-Language": [
          "en-US"
        ],
        "User-Agent": [
          "FxVersion/4.6.27019.06",
          "OSName/Windows",
          "OSVersion/Microsoft.Windows.10.0.17134.",
          "Microsoft.Azure.Management.NetApp.AzureNetAppFilesManagementClient/0.9.0.0"
        ]
      },
      "ResponseHeaders": {
        "Cache-Control": [
          "no-cache"
        ],
        "Pragma": [
          "no-cache"
        ],
        "ETag": [
          "W/\"datetime'2019-02-27T11%3A45%3A48.1791904Z'\""
        ],
        "x-ms-request-id": [
          "edf27862-013f-4ee3-a2f9-0cd5e861d4d6"
        ],
        "Server": [
          "Microsoft-IIS/10.0"
        ],
        "X-Powered-By": [
          "ASP.NET"
        ],
        "x-ms-ratelimit-remaining-subscription-reads": [
          "11988"
        ],
        "x-ms-correlation-request-id": [
          "54093e1f-a56e-42bc-95fe-d5fd70020dce"
        ],
        "x-ms-routing-request-id": [
          "WESTEUROPE:20190227T114653Z:54093e1f-a56e-42bc-95fe-d5fd70020dce"
        ],
        "Strict-Transport-Security": [
          "max-age=31536000; includeSubDomains"
        ],
        "X-Content-Type-Options": [
          "nosniff"
        ],
        "Date": [
          "Wed, 27 Feb 2019 11:46:53 GMT"
        ],
        "Content-Length": [
          "1442"
        ],
        "Content-Type": [
          "application/json; charset=utf-8"
        ],
        "Expires": [
          "-1"
        ]
      },
      "ResponseBody": "{\r\n  \"id\": \"/subscriptions/f557b96d-2308-4a18-aae1-b8f7e7e70cc7/resourceGroups/pws-sdk-tests-rgJUWcP/providers/Microsoft.NetApp/netAppAccounts/pws-sdk-acc-2erwxp/capacityPools/pws-sdk-pool-1mPATb/volumes/pws-sdk-vol-1YPDAo\",\r\n  \"name\": \"pws-sdk-acc-2erwxp/pws-sdk-pool-1mPATb/pws-sdk-vol-1YPDAo\",\r\n  \"type\": \"Microsoft.NetApp/netAppAccounts/capacityPools/volumes\",\r\n  \"etag\": \"W/\\\"datetime'2019-02-27T11%3A45%3A48.1791904Z'\\\"\",\r\n  \"location\": \"westus2\",\r\n  \"properties\": {\r\n    \"provisioningState\": \"Succeeded\",\r\n    \"fileSystemId\": \"61b4ec25-7e13-a44c-f43a-af8beb03cc42\",\r\n    \"serviceLevel\": \"Premium\",\r\n    \"creationToken\": \"pws-sdk-vol-1YPDAo\",\r\n    \"ownerId\": \"38ab86f1-9d30-413b-8fc0-d31ad85fa6a1\",\r\n    \"usageThreshold\": 107374182400,\r\n    \"usedBytes\": 0,\r\n    \"snapshotPolicy\": {\r\n      \"enabled\": false\r\n    },\r\n    \"exportPolicy\": {\r\n      \"rules\": [\r\n        {\r\n          \"ruleIndex\": 1,\r\n          \"unixReadOnly\": false,\r\n          \"unixReadWrite\": true,\r\n          \"cifs\": false,\r\n          \"nfsv3\": true,\r\n          \"nfsv4\": false,\r\n          \"allowedClients\": \"0.0.0.0/0\"\r\n        }\r\n      ]\r\n    },\r\n    \"protocolTypes\": [\r\n      \"NFSv3\"\r\n    ],\r\n    \"baremetalTenantId\": \"baremetalTenant_svm_38ab86f19d30413b8fc0d31ad85fa6a1_71a5f06a\",\r\n    \"subnetId\": \"/subscriptions/f557b96d-2308-4a18-aae1-b8f7e7e70cc7/resourceGroups/pws-sdk-tests-rgJUWcP/providers/Microsoft.Network/virtualNetworks/pws-sdk-tests-rgJUWcP-vnet/subnets/default\",\r\n    \"mountTargets\": [\r\n      {\r\n        \"provisioningState\": \"Succeeded\",\r\n        \"mountTargetId\": \"2ff042ff-4e21-4609-8e60-d24b76639ba5\",\r\n        \"fileSystemId\": \"61b4ec25-7e13-a44c-f43a-af8beb03cc42\",\r\n        \"startIp\": \"10.0.1.4\",\r\n        \"endIp\": \"10.0.1.4\",\r\n        \"gateway\": \"10.0.1.1\",\r\n        \"netmask\": \"255.255.255.0\",\r\n        \"ipAddress\": \"10.0.1.4\"\r\n      }\r\n    ]\r\n  }\r\n}",
      "StatusCode": 200
    },
    {
      "RequestUri": "/subscriptions/f557b96d-2308-4a18-aae1-b8f7e7e70cc7/resourceGroups/pws-sdk-tests-rgJUWcP/providers/Microsoft.NetApp/netAppAccounts/pws-sdk-acc-2erwxp/capacityPools/pws-sdk-pool-1mPATb/volumes/pws-sdk-vol-2MGdkV?api-version=2017-08-15",
      "EncodedRequestUri": "L3N1YnNjcmlwdGlvbnMvZjU1N2I5NmQtMjMwOC00YTE4LWFhZTEtYjhmN2U3ZTcwY2M3L3Jlc291cmNlR3JvdXBzL3B3cy1zZGstdGVzdHMtcmdKVVdjUC9wcm92aWRlcnMvTWljcm9zb2Z0Lk5ldEFwcC9uZXRBcHBBY2NvdW50cy9wd3Mtc2RrLWFjYy0yZXJ3eHAvY2FwYWNpdHlQb29scy9wd3Mtc2RrLXBvb2wtMW1QQVRiL3ZvbHVtZXMvcHdzLXNkay12b2wtMk1HZGtWP2FwaS12ZXJzaW9uPTIwMTctMDgtMTU=",
      "RequestMethod": "PUT",
      "RequestBody": "{\r\n  \"location\": \"westus2\",\r\n  \"properties\": {\r\n    \"creationToken\": \"pws-sdk-vol-2MGdkV\",\r\n    \"serviceLevel\": \"Premium\",\r\n    \"usageThreshold\": 107374182400,\r\n    \"subnetId\": \"/subscriptions/f557b96d-2308-4a18-aae1-b8f7e7e70cc7/resourceGroups/pws-sdk-tests-rgJUWcP/providers/Microsoft.Network/virtualNetworks/pws-sdk-tests-rgJUWcP-vnet/subnets/default\"\r\n  }\r\n}",
      "RequestHeaders": {
        "x-ms-client-request-id": [
          "23134c39-cd6a-4be4-bf28-565c324c67d0"
        ],
        "Accept-Language": [
          "en-US"
        ],
        "User-Agent": [
          "FxVersion/4.6.27019.06",
          "OSName/Windows",
          "OSVersion/Microsoft.Windows.10.0.17134.",
          "Microsoft.Azure.Management.NetApp.AzureNetAppFilesManagementClient/0.9.0.0"
        ],
        "Content-Type": [
          "application/json; charset=utf-8"
        ],
        "Content-Length": [
          "362"
        ]
      },
      "ResponseHeaders": {
        "Cache-Control": [
          "no-cache"
        ],
        "Pragma": [
          "no-cache"
        ],
        "ETag": [
          "W/\"datetime'2019-02-27T11%3A46%3A21.2440899Z'\""
        ],
        "x-ms-request-id": [
          "7519221c-e084-4d3d-bc1f-120ed63fd666"
        ],
        "Azure-AsyncOperation": [
          "https://management.azure.com/subscriptions/f557b96d-2308-4a18-aae1-b8f7e7e70cc7/providers/Microsoft.NetApp/locations/westus2/operationResults/50b6afa5-cc12-4b17-a1bd-336deee93b8d?api-version=2017-08-15"
        ],
        "x-ms-ratelimit-remaining-subscription-writes": [
          "1196"
        ],
        "Server": [
          "Microsoft-IIS/10.0"
        ],
        "X-Powered-By": [
          "ASP.NET"
        ],
        "x-ms-correlation-request-id": [
          "3c1c7258-fabb-4da8-9483-64983a642fe4"
        ],
        "x-ms-routing-request-id": [
          "WESTEUROPE:20190227T114622Z:3c1c7258-fabb-4da8-9483-64983a642fe4"
        ],
        "Strict-Transport-Security": [
          "max-age=31536000; includeSubDomains"
        ],
        "X-Content-Type-Options": [
          "nosniff"
        ],
        "Date": [
          "Wed, 27 Feb 2019 11:46:21 GMT"
        ],
        "Content-Length": [
          "755"
        ],
        "Content-Type": [
          "application/json; charset=utf-8"
        ],
        "Expires": [
          "-1"
        ]
      },
      "ResponseBody": "{\r\n  \"id\": \"/subscriptions/f557b96d-2308-4a18-aae1-b8f7e7e70cc7/resourceGroups/pws-sdk-tests-rgJUWcP/providers/Microsoft.NetApp/netAppAccounts/pws-sdk-acc-2erwxp/capacityPools/pws-sdk-pool-1mPATb/volumes/pws-sdk-vol-2MGdkV\",\r\n  \"name\": \"pws-sdk-acc-2erwxp/pws-sdk-pool-1mPATb/pws-sdk-vol-2MGdkV\",\r\n  \"type\": \"Microsoft.NetApp/netAppAccounts/capacityPools/volumes\",\r\n  \"etag\": \"W/\\\"datetime'2019-02-27T11%3A46%3A21.2440899Z'\\\"\",\r\n  \"location\": \"westus2\",\r\n  \"properties\": {\r\n    \"creationToken\": \"pws-sdk-vol-2MGdkV\",\r\n    \"serviceLevel\": \"Premium\",\r\n    \"usageThreshold\": 107374182400,\r\n    \"subnetId\": \"/subscriptions/f557b96d-2308-4a18-aae1-b8f7e7e70cc7/resourceGroups/pws-sdk-tests-rgJUWcP/providers/Microsoft.Network/virtualNetworks/pws-sdk-tests-rgJUWcP-vnet/subnets/default\",\r\n    \"provisioningState\": \"Creating\"\r\n  }\r\n}",
      "StatusCode": 201
    },
    {
      "RequestUri": "/subscriptions/f557b96d-2308-4a18-aae1-b8f7e7e70cc7/providers/Microsoft.NetApp/locations/westus2/operationResults/50b6afa5-cc12-4b17-a1bd-336deee93b8d?api-version=2017-08-15",
      "EncodedRequestUri": "L3N1YnNjcmlwdGlvbnMvZjU1N2I5NmQtMjMwOC00YTE4LWFhZTEtYjhmN2U3ZTcwY2M3L3Byb3ZpZGVycy9NaWNyb3NvZnQuTmV0QXBwL2xvY2F0aW9ucy93ZXN0dXMyL29wZXJhdGlvblJlc3VsdHMvNTBiNmFmYTUtY2MxMi00YjE3LWExYmQtMzM2ZGVlZTkzYjhkP2FwaS12ZXJzaW9uPTIwMTctMDgtMTU=",
      "RequestMethod": "GET",
      "RequestBody": "",
      "RequestHeaders": {
        "User-Agent": [
          "FxVersion/4.6.27019.06",
          "OSName/Windows",
          "OSVersion/Microsoft.Windows.10.0.17134.",
          "Microsoft.Azure.Management.NetApp.AzureNetAppFilesManagementClient/0.9.0.0"
        ]
      },
      "ResponseHeaders": {
        "Cache-Control": [
          "no-cache"
        ],
        "Pragma": [
          "no-cache"
        ],
        "x-ms-request-id": [
          "011c0fc1-683f-4c8a-90ab-ebfb208633c3"
        ],
        "Server": [
          "Microsoft-IIS/10.0"
        ],
        "X-Powered-By": [
          "ASP.NET"
        ],
        "x-ms-ratelimit-remaining-subscription-reads": [
          "11992"
        ],
        "x-ms-correlation-request-id": [
          "c07e7eb0-e47c-4874-b7b5-bb3a757f1388"
        ],
        "x-ms-routing-request-id": [
          "WESTEUROPE:20190227T114652Z:c07e7eb0-e47c-4874-b7b5-bb3a757f1388"
        ],
        "Strict-Transport-Security": [
          "max-age=31536000; includeSubDomains"
        ],
        "X-Content-Type-Options": [
          "nosniff"
        ],
        "Date": [
          "Wed, 27 Feb 2019 11:46:52 GMT"
        ],
        "Content-Length": [
          "576"
        ],
        "Content-Type": [
          "application/json; charset=utf-8"
        ],
        "Expires": [
          "-1"
        ]
      },
      "ResponseBody": "{\r\n  \"id\": \"/subscriptions/f557b96d-2308-4a18-aae1-b8f7e7e70cc7/providers/Microsoft.NetApp/locations/westus2/operationResults/50b6afa5-cc12-4b17-a1bd-336deee93b8d\",\r\n  \"name\": \"50b6afa5-cc12-4b17-a1bd-336deee93b8d\",\r\n  \"status\": \"Succeeded\",\r\n  \"startTime\": \"2019-02-27T11:46:21.045652Z\",\r\n  \"endTime\": \"2019-02-27T11:46:34.1641481Z\",\r\n  \"percentComplete\": 100.0,\r\n  \"properties\": {\r\n    \"resourceName\": \"/subscriptions/f557b96d-2308-4a18-aae1-b8f7e7e70cc7/resourceGroups/pws-sdk-tests-rgJUWcP/providers/Microsoft.NetApp/netAppAccounts/pws-sdk-acc-2erwxp/capacityPools/pws-sdk-pool-1mPATb/volumes/pws-sdk-vol-2MGdkV\"\r\n  }\r\n}",
      "StatusCode": 200
    },
    {
      "RequestUri": "/subscriptions/f557b96d-2308-4a18-aae1-b8f7e7e70cc7/resourceGroups/pws-sdk-tests-rgJUWcP/providers/Microsoft.NetApp/netAppAccounts/pws-sdk-acc-2erwxp/capacityPools/pws-sdk-pool-1mPATb/volumes/pws-sdk-vol-2MGdkV?api-version=2017-08-15",
      "EncodedRequestUri": "L3N1YnNjcmlwdGlvbnMvZjU1N2I5NmQtMjMwOC00YTE4LWFhZTEtYjhmN2U3ZTcwY2M3L3Jlc291cmNlR3JvdXBzL3B3cy1zZGstdGVzdHMtcmdKVVdjUC9wcm92aWRlcnMvTWljcm9zb2Z0Lk5ldEFwcC9uZXRBcHBBY2NvdW50cy9wd3Mtc2RrLWFjYy0yZXJ3eHAvY2FwYWNpdHlQb29scy9wd3Mtc2RrLXBvb2wtMW1QQVRiL3ZvbHVtZXMvcHdzLXNkay12b2wtMk1HZGtWP2FwaS12ZXJzaW9uPTIwMTctMDgtMTU=",
      "RequestMethod": "GET",
      "RequestBody": "",
      "RequestHeaders": {
        "User-Agent": [
          "FxVersion/4.6.27019.06",
          "OSName/Windows",
          "OSVersion/Microsoft.Windows.10.0.17134.",
          "Microsoft.Azure.Management.NetApp.AzureNetAppFilesManagementClient/0.9.0.0"
        ]
      },
      "ResponseHeaders": {
        "Cache-Control": [
          "no-cache"
        ],
        "Pragma": [
          "no-cache"
        ],
        "ETag": [
          "W/\"datetime'2019-02-27T11%3A46%3A34.1904465Z'\""
        ],
        "x-ms-request-id": [
          "8279c7b6-e75f-4c75-bfeb-7714b5c43a00"
        ],
        "Server": [
          "Microsoft-IIS/10.0"
        ],
        "X-Powered-By": [
          "ASP.NET"
        ],
        "x-ms-ratelimit-remaining-subscription-reads": [
          "11991"
        ],
        "x-ms-correlation-request-id": [
          "5f40c43a-7480-4d41-b276-e9da92a711ed"
        ],
        "x-ms-routing-request-id": [
          "WESTEUROPE:20190227T114653Z:5f40c43a-7480-4d41-b276-e9da92a711ed"
        ],
        "Strict-Transport-Security": [
          "max-age=31536000; includeSubDomains"
        ],
        "X-Content-Type-Options": [
          "nosniff"
        ],
        "Date": [
          "Wed, 27 Feb 2019 11:46:52 GMT"
        ],
        "Content-Length": [
          "1450"
        ],
        "Content-Type": [
          "application/json; charset=utf-8"
        ],
        "Expires": [
          "-1"
        ]
      },
      "ResponseBody": "{\r\n  \"id\": \"/subscriptions/f557b96d-2308-4a18-aae1-b8f7e7e70cc7/resourceGroups/pws-sdk-tests-rgJUWcP/providers/Microsoft.NetApp/netAppAccounts/pws-sdk-acc-2erwxp/capacityPools/pws-sdk-pool-1mPATb/volumes/pws-sdk-vol-2MGdkV\",\r\n  \"name\": \"pws-sdk-acc-2erwxp/pws-sdk-pool-1mPATb/pws-sdk-vol-2MGdkV\",\r\n  \"type\": \"Microsoft.NetApp/netAppAccounts/capacityPools/volumes\",\r\n  \"etag\": \"W/\\\"datetime'2019-02-27T11%3A46%3A34.1904465Z'\\\"\",\r\n  \"location\": \"westus2\",\r\n  \"properties\": {\r\n    \"provisioningState\": \"Succeeded\",\r\n    \"fileSystemId\": \"ce1aec30-694a-853f-d2ec-3bc0491f710b\",\r\n    \"serviceLevel\": \"Premium\",\r\n    \"creationToken\": \"pws-sdk-vol-2MGdkV\",\r\n    \"ownerId\": \"38ab86f1-9d30-413b-8fc0-d31ad85fa6a1\",\r\n    \"usageThreshold\": 107374182400,\r\n    \"usedBytes\": 0,\r\n    \"snapshotPolicy\": {\r\n      \"enabled\": false\r\n    },\r\n    \"exportPolicy\": {\r\n      \"rules\": [\r\n        {\r\n          \"ruleIndex\": 1,\r\n          \"unixReadOnly\": false,\r\n          \"unixReadWrite\": true,\r\n          \"cifs\": false,\r\n          \"nfsv3\": true,\r\n          \"nfsv4\": false,\r\n          \"allowedClients\": \"0.0.0.0/0\"\r\n        }\r\n      ]\r\n    },\r\n    \"protocolTypes\": [\r\n      \"NFSv3\"\r\n    ],\r\n    \"baremetalTenantId\": \"baremetalTenant_svm_38ab86f19d30413b8fc0d31ad85fa6a1_71a5f06a\",\r\n    \"subnetId\": \"/subscriptions/f557b96d-2308-4a18-aae1-b8f7e7e70cc7/resourceGroups/pws-sdk-tests-rgJUWcP/providers/Microsoft.Network/virtualNetworks/pws-sdk-tests-rgJUWcP-vnet/subnets/default\",\r\n    \"mountTargets\": [\r\n      {\r\n        \"provisioningState\": \"Succeeded\",\r\n        \"mountTargetId\": \"0a11c5f8-ae27-2948-e5b4-76dc4e8a9617\",\r\n        \"fileSystemId\": \"ce1aec30-694a-853f-d2ec-3bc0491f710b\",\r\n        \"startIp\": \"10.4.0.128\",\r\n        \"endIp\": \"10.4.0.191\",\r\n        \"gateway\": \"10.4.0.129\",\r\n        \"netmask\": \"255.255.255.192\",\r\n        \"ipAddress\": \"10.0.1.4\"\r\n      }\r\n    ]\r\n  }\r\n}",
      "StatusCode": 200
    },
    {
      "RequestUri": "/subscriptions/f557b96d-2308-4a18-aae1-b8f7e7e70cc7/resourceGroups/pws-sdk-tests-rgJUWcP/providers/Microsoft.NetApp/netAppAccounts/pws-sdk-acc-2erwxp/capacityPools/pws-sdk-pool-1mPATb/volumes?api-version=2017-08-15",
      "EncodedRequestUri": "L3N1YnNjcmlwdGlvbnMvZjU1N2I5NmQtMjMwOC00YTE4LWFhZTEtYjhmN2U3ZTcwY2M3L3Jlc291cmNlR3JvdXBzL3B3cy1zZGstdGVzdHMtcmdKVVdjUC9wcm92aWRlcnMvTWljcm9zb2Z0Lk5ldEFwcC9uZXRBcHBBY2NvdW50cy9wd3Mtc2RrLWFjYy0yZXJ3eHAvY2FwYWNpdHlQb29scy9wd3Mtc2RrLXBvb2wtMW1QQVRiL3ZvbHVtZXM/YXBpLXZlcnNpb249MjAxNy0wOC0xNQ==",
      "RequestMethod": "GET",
      "RequestBody": "",
      "RequestHeaders": {
        "x-ms-client-request-id": [
          "a3ee9dac-1c8a-42c6-a908-ba9b7fac89ab"
        ],
        "Accept-Language": [
          "en-US"
        ],
        "User-Agent": [
          "FxVersion/4.6.27019.06",
          "OSName/Windows",
          "OSVersion/Microsoft.Windows.10.0.17134.",
          "Microsoft.Azure.Management.NetApp.AzureNetAppFilesManagementClient/0.9.0.0"
        ]
      },
      "ResponseHeaders": {
        "Cache-Control": [
          "no-cache"
        ],
        "Pragma": [
          "no-cache"
        ],
        "x-ms-request-id": [
          "4fe6e39a-5fb3-45d2-9ab3-21f400ef03ce"
        ],
        "Server": [
          "Microsoft-IIS/10.0"
        ],
        "X-Powered-By": [
          "ASP.NET"
        ],
        "x-ms-ratelimit-remaining-subscription-reads": [
          "11990"
        ],
        "x-ms-correlation-request-id": [
          "4b0151b7-e3cd-47cc-adb4-8cfca86159ea"
        ],
        "x-ms-routing-request-id": [
          "WESTEUROPE:20190227T114653Z:4b0151b7-e3cd-47cc-adb4-8cfca86159ea"
        ],
        "Strict-Transport-Security": [
          "max-age=31536000; includeSubDomains"
        ],
        "X-Content-Type-Options": [
          "nosniff"
        ],
        "Date": [
          "Wed, 27 Feb 2019 11:46:52 GMT"
        ],
        "Content-Length": [
          "2905"
        ],
        "Content-Type": [
          "application/json; charset=utf-8"
        ],
        "Expires": [
          "-1"
        ]
      },
      "ResponseBody": "{\r\n  \"value\": [\r\n    {\r\n      \"id\": \"/subscriptions/f557b96d-2308-4a18-aae1-b8f7e7e70cc7/resourceGroups/pws-sdk-tests-rgJUWcP/providers/Microsoft.NetApp/netAppAccounts/pws-sdk-acc-2erwxp/capacityPools/pws-sdk-pool-1mPATb/volumes/pws-sdk-vol-1YPDAo\",\r\n      \"name\": \"pws-sdk-acc-2erwxp/pws-sdk-pool-1mPATb/pws-sdk-vol-1YPDAo\",\r\n      \"type\": \"Microsoft.NetApp/netAppAccounts/capacityPools/volumes\",\r\n      \"etag\": \"W/\\\"datetime'2019-02-27T11%3A45%3A48.1791904Z'\\\"\",\r\n      \"location\": \"westus2\",\r\n      \"properties\": {\r\n        \"provisioningState\": \"Succeeded\",\r\n        \"fileSystemId\": \"61b4ec25-7e13-a44c-f43a-af8beb03cc42\",\r\n        \"serviceLevel\": \"Premium\",\r\n        \"creationToken\": \"pws-sdk-vol-1YPDAo\",\r\n        \"ownerId\": \"38ab86f1-9d30-413b-8fc0-d31ad85fa6a1\",\r\n        \"usageThreshold\": 107374182400,\r\n        \"usedBytes\": 0,\r\n        \"snapshotPolicy\": {\r\n          \"enabled\": false\r\n        },\r\n        \"exportPolicy\": {\r\n          \"rules\": [\r\n            {\r\n              \"ruleIndex\": 1,\r\n              \"unixReadOnly\": false,\r\n              \"unixReadWrite\": true,\r\n              \"cifs\": false,\r\n              \"nfsv3\": true,\r\n              \"nfsv4\": false,\r\n              \"allowedClients\": \"0.0.0.0/0\"\r\n            }\r\n          ]\r\n        },\r\n        \"protocolTypes\": [\r\n          \"NFSv3\"\r\n        ],\r\n        \"baremetalTenantId\": \"baremetalTenant_svm_38ab86f19d30413b8fc0d31ad85fa6a1_71a5f06a\",\r\n        \"subnetId\": \"/subscriptions/f557b96d-2308-4a18-aae1-b8f7e7e70cc7/resourceGroups/pws-sdk-tests-rgJUWcP/providers/Microsoft.Network/virtualNetworks/pws-sdk-tests-rgJUWcP-vnet/subnets/default\",\r\n        \"mountTargets\": [\r\n          {\r\n            \"provisioningState\": \"Succeeded\",\r\n            \"mountTargetId\": \"2ff042ff-4e21-4609-8e60-d24b76639ba5\",\r\n            \"fileSystemId\": \"61b4ec25-7e13-a44c-f43a-af8beb03cc42\",\r\n            \"startIp\": \"10.0.1.4\",\r\n            \"endIp\": \"10.0.1.4\",\r\n            \"gateway\": \"10.0.1.1\",\r\n            \"netmask\": \"255.255.255.0\",\r\n            \"ipAddress\": \"10.0.1.4\"\r\n          }\r\n        ]\r\n      }\r\n    },\r\n    {\r\n      \"id\": \"/subscriptions/f557b96d-2308-4a18-aae1-b8f7e7e70cc7/resourceGroups/pws-sdk-tests-rgJUWcP/providers/Microsoft.NetApp/netAppAccounts/pws-sdk-acc-2erwxp/capacityPools/pws-sdk-pool-1mPATb/volumes/pws-sdk-vol-2MGdkV\",\r\n      \"name\": \"pws-sdk-acc-2erwxp/pws-sdk-pool-1mPATb/pws-sdk-vol-2MGdkV\",\r\n      \"type\": \"Microsoft.NetApp/netAppAccounts/capacityPools/volumes\",\r\n      \"etag\": \"W/\\\"datetime'2019-02-27T11%3A46%3A34.1904465Z'\\\"\",\r\n      \"location\": \"westus2\",\r\n      \"properties\": {\r\n        \"provisioningState\": \"Succeeded\",\r\n        \"fileSystemId\": \"ce1aec30-694a-853f-d2ec-3bc0491f710b\",\r\n        \"serviceLevel\": \"Premium\",\r\n        \"creationToken\": \"pws-sdk-vol-2MGdkV\",\r\n        \"ownerId\": \"38ab86f1-9d30-413b-8fc0-d31ad85fa6a1\",\r\n        \"usageThreshold\": 107374182400,\r\n        \"usedBytes\": 0,\r\n        \"snapshotPolicy\": {\r\n          \"enabled\": false\r\n        },\r\n        \"exportPolicy\": {\r\n          \"rules\": [\r\n            {\r\n              \"ruleIndex\": 1,\r\n              \"unixReadOnly\": false,\r\n              \"unixReadWrite\": true,\r\n              \"cifs\": false,\r\n              \"nfsv3\": true,\r\n              \"nfsv4\": false,\r\n              \"allowedClients\": \"0.0.0.0/0\"\r\n            }\r\n          ]\r\n        },\r\n        \"protocolTypes\": [\r\n          \"NFSv3\"\r\n        ],\r\n        \"baremetalTenantId\": \"baremetalTenant_svm_38ab86f19d30413b8fc0d31ad85fa6a1_71a5f06a\",\r\n        \"subnetId\": \"/subscriptions/f557b96d-2308-4a18-aae1-b8f7e7e70cc7/resourceGroups/pws-sdk-tests-rgJUWcP/providers/Microsoft.Network/virtualNetworks/pws-sdk-tests-rgJUWcP-vnet/subnets/default\",\r\n        \"mountTargets\": [\r\n          {\r\n            \"provisioningState\": \"Succeeded\",\r\n            \"mountTargetId\": \"0a11c5f8-ae27-2948-e5b4-76dc4e8a9617\",\r\n            \"fileSystemId\": \"ce1aec30-694a-853f-d2ec-3bc0491f710b\",\r\n            \"startIp\": \"10.4.0.128\",\r\n            \"endIp\": \"10.4.0.191\",\r\n            \"gateway\": \"10.4.0.129\",\r\n            \"netmask\": \"255.255.255.192\",\r\n            \"ipAddress\": \"10.0.1.4\"\r\n          }\r\n        ]\r\n      }\r\n    }\r\n  ]\r\n}",
      "StatusCode": 200
    },
    {
      "RequestUri": "/subscriptions/f557b96d-2308-4a18-aae1-b8f7e7e70cc7/resourceGroups/pws-sdk-tests-rgJUWcP/providers/Microsoft.NetApp/netAppAccounts/pws-sdk-acc-2erwxp/capacityPools/pws-sdk-pool-1mPATb/volumes?api-version=2017-08-15",
      "EncodedRequestUri": "L3N1YnNjcmlwdGlvbnMvZjU1N2I5NmQtMjMwOC00YTE4LWFhZTEtYjhmN2U3ZTcwY2M3L3Jlc291cmNlR3JvdXBzL3B3cy1zZGstdGVzdHMtcmdKVVdjUC9wcm92aWRlcnMvTWljcm9zb2Z0Lk5ldEFwcC9uZXRBcHBBY2NvdW50cy9wd3Mtc2RrLWFjYy0yZXJ3eHAvY2FwYWNpdHlQb29scy9wd3Mtc2RrLXBvb2wtMW1QQVRiL3ZvbHVtZXM/YXBpLXZlcnNpb249MjAxNy0wOC0xNQ==",
      "RequestMethod": "GET",
      "RequestBody": "",
      "RequestHeaders": {
        "x-ms-client-request-id": [
          "5dfccead-e53d-4380-9f1b-d229a9d4404c"
        ],
        "Accept-Language": [
          "en-US"
        ],
        "User-Agent": [
          "FxVersion/4.6.27019.06",
          "OSName/Windows",
          "OSVersion/Microsoft.Windows.10.0.17134.",
          "Microsoft.Azure.Management.NetApp.AzureNetAppFilesManagementClient/0.9.0.0"
        ]
      },
      "ResponseHeaders": {
        "Cache-Control": [
          "no-cache"
        ],
        "Pragma": [
          "no-cache"
        ],
        "x-ms-request-id": [
          "9c88347f-6ff8-491c-a0a4-300ec8067690"
        ],
        "Server": [
          "Microsoft-IIS/10.0"
        ],
        "X-Powered-By": [
          "ASP.NET"
        ],
        "x-ms-ratelimit-remaining-subscription-reads": [
          "11981"
        ],
        "x-ms-correlation-request-id": [
          "d2863652-7d27-47f7-b4a0-088f57414211"
        ],
        "x-ms-routing-request-id": [
          "WESTEUROPE:20190227T114907Z:d2863652-7d27-47f7-b4a0-088f57414211"
        ],
        "Strict-Transport-Security": [
          "max-age=31536000; includeSubDomains"
        ],
        "X-Content-Type-Options": [
          "nosniff"
        ],
        "Date": [
          "Wed, 27 Feb 2019 11:49:07 GMT"
        ],
        "Content-Length": [
          "12"
        ],
        "Content-Type": [
          "application/json; charset=utf-8"
        ],
        "Expires": [
          "-1"
        ]
      },
      "ResponseBody": "{\r\n  \"value\": []\r\n}",
      "StatusCode": 200
    },
    {
      "RequestUri": "/subscriptions/f557b96d-2308-4a18-aae1-b8f7e7e70cc7/resourceGroups/pws-sdk-tests-rgJUWcP/providers/Microsoft.NetApp/netAppAccounts/pws-sdk-acc-2erwxp/capacityPools/pws-sdk-pool-1mPATb/volumes/pws-sdk-vol-1YPDAo?api-version=2017-08-15",
      "EncodedRequestUri": "L3N1YnNjcmlwdGlvbnMvZjU1N2I5NmQtMjMwOC00YTE4LWFhZTEtYjhmN2U3ZTcwY2M3L3Jlc291cmNlR3JvdXBzL3B3cy1zZGstdGVzdHMtcmdKVVdjUC9wcm92aWRlcnMvTWljcm9zb2Z0Lk5ldEFwcC9uZXRBcHBBY2NvdW50cy9wd3Mtc2RrLWFjYy0yZXJ3eHAvY2FwYWNpdHlQb29scy9wd3Mtc2RrLXBvb2wtMW1QQVRiL3ZvbHVtZXMvcHdzLXNkay12b2wtMVlQREFvP2FwaS12ZXJzaW9uPTIwMTctMDgtMTU=",
      "RequestMethod": "PATCH",
      "RequestBody": "{\r\n  \"properties\": {\r\n    \"usageThreshold\": 214748364800\r\n  }\r\n}",
      "RequestHeaders": {
        "x-ms-client-request-id": [
          "924bf5ca-c779-4d29-9baa-923afb1644af"
        ],
        "Accept-Language": [
          "en-US"
        ],
        "User-Agent": [
          "FxVersion/4.6.27019.06",
          "OSName/Windows",
          "OSVersion/Microsoft.Windows.10.0.17134.",
          "Microsoft.Azure.Management.NetApp.AzureNetAppFilesManagementClient/0.9.0.0"
        ],
        "Content-Type": [
          "application/json; charset=utf-8"
        ],
        "Content-Length": [
          "64"
        ]
      },
      "ResponseHeaders": {
        "Cache-Control": [
          "no-cache"
        ],
        "Pragma": [
          "no-cache"
        ],
        "ETag": [
          "W/\"datetime'2019-02-27T11%3A46%3A58.6521321Z'\""
        ],
        "x-ms-request-id": [
          "3b8e5c63-0925-42a6-9690-f0e85a8140d8"
        ],
        "Server": [
          "Microsoft-IIS/10.0"
        ],
        "X-Powered-By": [
          "ASP.NET"
        ],
        "x-ms-ratelimit-remaining-subscription-writes": [
          "1195"
        ],
        "x-ms-correlation-request-id": [
          "0a336004-6475-45f1-814e-f3752a3e38fd"
        ],
        "x-ms-routing-request-id": [
          "WESTEUROPE:20190227T114658Z:0a336004-6475-45f1-814e-f3752a3e38fd"
        ],
        "Strict-Transport-Security": [
          "max-age=31536000; includeSubDomains"
        ],
        "X-Content-Type-Options": [
          "nosniff"
        ],
        "Date": [
          "Wed, 27 Feb 2019 11:46:58 GMT"
        ],
        "Content-Length": [
          "1442"
        ],
        "Content-Type": [
          "application/json; charset=utf-8"
        ],
        "Expires": [
          "-1"
        ]
      },
      "ResponseBody": "{\r\n  \"id\": \"/subscriptions/f557b96d-2308-4a18-aae1-b8f7e7e70cc7/resourceGroups/pws-sdk-tests-rgJUWcP/providers/Microsoft.NetApp/netAppAccounts/pws-sdk-acc-2erwxp/capacityPools/pws-sdk-pool-1mPATb/volumes/pws-sdk-vol-1YPDAo\",\r\n  \"name\": \"pws-sdk-acc-2erwxp/pws-sdk-pool-1mPATb/pws-sdk-vol-1YPDAo\",\r\n  \"type\": \"Microsoft.NetApp/netAppAccounts/capacityPools/volumes\",\r\n  \"etag\": \"W/\\\"datetime'2019-02-27T11%3A46%3A58.6521321Z'\\\"\",\r\n  \"location\": \"westus2\",\r\n  \"properties\": {\r\n    \"provisioningState\": \"Succeeded\",\r\n    \"fileSystemId\": \"61b4ec25-7e13-a44c-f43a-af8beb03cc42\",\r\n    \"serviceLevel\": \"Premium\",\r\n    \"creationToken\": \"pws-sdk-vol-1YPDAo\",\r\n    \"ownerId\": \"38ab86f1-9d30-413b-8fc0-d31ad85fa6a1\",\r\n    \"usageThreshold\": 214748364800,\r\n    \"usedBytes\": 0,\r\n    \"snapshotPolicy\": {\r\n      \"enabled\": false\r\n    },\r\n    \"exportPolicy\": {\r\n      \"rules\": [\r\n        {\r\n          \"ruleIndex\": 1,\r\n          \"unixReadOnly\": false,\r\n          \"unixReadWrite\": true,\r\n          \"cifs\": false,\r\n          \"nfsv3\": true,\r\n          \"nfsv4\": false,\r\n          \"allowedClients\": \"0.0.0.0/0\"\r\n        }\r\n      ]\r\n    },\r\n    \"protocolTypes\": [\r\n      \"NFSv3\"\r\n    ],\r\n    \"baremetalTenantId\": \"baremetalTenant_svm_38ab86f19d30413b8fc0d31ad85fa6a1_71a5f06a\",\r\n    \"subnetId\": \"/subscriptions/f557b96d-2308-4a18-aae1-b8f7e7e70cc7/resourceGroups/pws-sdk-tests-rgJUWcP/providers/Microsoft.Network/virtualNetworks/pws-sdk-tests-rgJUWcP-vnet/subnets/default\",\r\n    \"mountTargets\": [\r\n      {\r\n        \"provisioningState\": \"Succeeded\",\r\n        \"mountTargetId\": \"2ff042ff-4e21-4609-8e60-d24b76639ba5\",\r\n        \"fileSystemId\": \"61b4ec25-7e13-a44c-f43a-af8beb03cc42\",\r\n        \"startIp\": \"10.0.1.4\",\r\n        \"endIp\": \"10.0.1.4\",\r\n        \"gateway\": \"10.0.1.1\",\r\n        \"netmask\": \"255.255.255.0\",\r\n        \"ipAddress\": \"10.0.1.4\"\r\n      }\r\n    ]\r\n  }\r\n}",
      "StatusCode": 200
    },
    {
      "RequestUri": "/subscriptions/f557b96d-2308-4a18-aae1-b8f7e7e70cc7/resourceGroups/pws-sdk-tests-rgJUWcP/providers/Microsoft.NetApp/netAppAccounts/pws-sdk-acc-2erwxp/capacityPools/pws-sdk-pool-1mPATb/volumes/pws-sdk-vol-1YPDAo?api-version=2017-08-15",
      "EncodedRequestUri": "L3N1YnNjcmlwdGlvbnMvZjU1N2I5NmQtMjMwOC00YTE4LWFhZTEtYjhmN2U3ZTcwY2M3L3Jlc291cmNlR3JvdXBzL3B3cy1zZGstdGVzdHMtcmdKVVdjUC9wcm92aWRlcnMvTWljcm9zb2Z0Lk5ldEFwcC9uZXRBcHBBY2NvdW50cy9wd3Mtc2RrLWFjYy0yZXJ3eHAvY2FwYWNpdHlQb29scy9wd3Mtc2RrLXBvb2wtMW1QQVRiL3ZvbHVtZXMvcHdzLXNkay12b2wtMVlQREFvP2FwaS12ZXJzaW9uPTIwMTctMDgtMTU=",
      "RequestMethod": "DELETE",
      "RequestBody": "",
      "RequestHeaders": {
        "x-ms-client-request-id": [
          "0e4da3e3-701e-46c8-8fa3-16a61651fd9e"
        ],
        "Accept-Language": [
          "en-US"
        ],
        "User-Agent": [
          "FxVersion/4.6.27019.06",
          "OSName/Windows",
          "OSVersion/Microsoft.Windows.10.0.17134.",
          "Microsoft.Azure.Management.NetApp.AzureNetAppFilesManagementClient/0.9.0.0"
        ]
      },
      "ResponseHeaders": {
        "Cache-Control": [
          "no-cache"
        ],
        "Pragma": [
          "no-cache"
        ],
        "Location": [
          "https://management.azure.com/subscriptions/f557b96d-2308-4a18-aae1-b8f7e7e70cc7/providers/Microsoft.NetApp/locations/westus2/operationResults/b13beaf1-7928-468b-8e8c-5e711951f384?api-version=2017-08-15&operationResultResponseType=Location"
        ],
        "Azure-AsyncOperation": [
          "https://management.azure.com/subscriptions/f557b96d-2308-4a18-aae1-b8f7e7e70cc7/providers/Microsoft.NetApp/locations/westus2/operationResults/b13beaf1-7928-468b-8e8c-5e711951f384?api-version=2017-08-15"
        ],
        "Server": [
          "Microsoft-IIS/10.0"
        ],
        "X-Powered-By": [
          "ASP.NET"
        ],
        "x-ms-ratelimit-remaining-subscription-deletes": [
          "14999"
        ],
        "x-ms-request-id": [
          "b6a3a68b-ae50-49ab-88d1-a6a107ee8255"
        ],
        "x-ms-correlation-request-id": [
          "b6a3a68b-ae50-49ab-88d1-a6a107ee8255"
        ],
        "x-ms-routing-request-id": [
          "WESTEUROPE:20190227T114704Z:b6a3a68b-ae50-49ab-88d1-a6a107ee8255"
        ],
        "Strict-Transport-Security": [
          "max-age=31536000; includeSubDomains"
        ],
        "X-Content-Type-Options": [
          "nosniff"
        ],
        "Date": [
          "Wed, 27 Feb 2019 11:47:03 GMT"
        ],
        "Expires": [
          "-1"
        ],
        "Content-Length": [
          "0"
        ]
      },
      "ResponseBody": "",
      "StatusCode": 202
    },
    {
      "RequestUri": "/subscriptions/f557b96d-2308-4a18-aae1-b8f7e7e70cc7/providers/Microsoft.NetApp/locations/westus2/operationResults/b13beaf1-7928-468b-8e8c-5e711951f384?api-version=2017-08-15",
      "EncodedRequestUri": "L3N1YnNjcmlwdGlvbnMvZjU1N2I5NmQtMjMwOC00YTE4LWFhZTEtYjhmN2U3ZTcwY2M3L3Byb3ZpZGVycy9NaWNyb3NvZnQuTmV0QXBwL2xvY2F0aW9ucy93ZXN0dXMyL29wZXJhdGlvblJlc3VsdHMvYjEzYmVhZjEtNzkyOC00NjhiLThlOGMtNWU3MTE5NTFmMzg0P2FwaS12ZXJzaW9uPTIwMTctMDgtMTU=",
      "RequestMethod": "GET",
      "RequestBody": "",
      "RequestHeaders": {
        "User-Agent": [
          "FxVersion/4.6.27019.06",
          "OSName/Windows",
          "OSVersion/Microsoft.Windows.10.0.17134.",
          "Microsoft.Azure.Management.NetApp.AzureNetAppFilesManagementClient/0.9.0.0"
        ]
      },
      "ResponseHeaders": {
        "Cache-Control": [
          "no-cache"
        ],
        "Pragma": [
          "no-cache"
        ],
        "x-ms-request-id": [
          "9f90ab39-6e0e-42a9-a3b5-02ae16b6123b"
        ],
        "Server": [
          "Microsoft-IIS/10.0"
        ],
        "X-Powered-By": [
          "ASP.NET"
        ],
        "x-ms-ratelimit-remaining-subscription-reads": [
          "11987"
        ],
        "x-ms-correlation-request-id": [
          "5bf7d1e3-485c-466b-ae48-7a699a2c9002"
        ],
        "x-ms-routing-request-id": [
          "WESTEUROPE:20190227T114734Z:5bf7d1e3-485c-466b-ae48-7a699a2c9002"
        ],
        "Strict-Transport-Security": [
          "max-age=31536000; includeSubDomains"
        ],
        "X-Content-Type-Options": [
          "nosniff"
        ],
        "Date": [
          "Wed, 27 Feb 2019 11:47:33 GMT"
        ],
        "Content-Length": [
          "577"
        ],
        "Content-Type": [
          "application/json; charset=utf-8"
        ],
        "Expires": [
          "-1"
        ]
      },
      "ResponseBody": "{\r\n  \"id\": \"/subscriptions/f557b96d-2308-4a18-aae1-b8f7e7e70cc7/providers/Microsoft.NetApp/locations/westus2/operationResults/b13beaf1-7928-468b-8e8c-5e711951f384\",\r\n  \"name\": \"b13beaf1-7928-468b-8e8c-5e711951f384\",\r\n  \"status\": \"Succeeded\",\r\n  \"startTime\": \"2019-02-27T11:47:04.2672096Z\",\r\n  \"endTime\": \"2019-02-27T11:47:07.9556527Z\",\r\n  \"percentComplete\": 100.0,\r\n  \"properties\": {\r\n    \"resourceName\": \"/subscriptions/f557b96d-2308-4a18-aae1-b8f7e7e70cc7/resourceGroups/pws-sdk-tests-rgJUWcP/providers/Microsoft.NetApp/netAppAccounts/pws-sdk-acc-2erwxp/capacityPools/pws-sdk-pool-1mPATb/volumes/pws-sdk-vol-1YPDAo\"\r\n  }\r\n}",
      "StatusCode": 200
    },
    {
      "RequestUri": "/subscriptions/f557b96d-2308-4a18-aae1-b8f7e7e70cc7/providers/Microsoft.NetApp/locations/westus2/operationResults/b13beaf1-7928-468b-8e8c-5e711951f384?api-version=2017-08-15&operationResultResponseType=Location",
      "EncodedRequestUri": "L3N1YnNjcmlwdGlvbnMvZjU1N2I5NmQtMjMwOC00YTE4LWFhZTEtYjhmN2U3ZTcwY2M3L3Byb3ZpZGVycy9NaWNyb3NvZnQuTmV0QXBwL2xvY2F0aW9ucy93ZXN0dXMyL29wZXJhdGlvblJlc3VsdHMvYjEzYmVhZjEtNzkyOC00NjhiLThlOGMtNWU3MTE5NTFmMzg0P2FwaS12ZXJzaW9uPTIwMTctMDgtMTUmb3BlcmF0aW9uUmVzdWx0UmVzcG9uc2VUeXBlPUxvY2F0aW9u",
      "RequestMethod": "GET",
      "RequestBody": "",
      "RequestHeaders": {
        "User-Agent": [
          "FxVersion/4.6.27019.06",
          "OSName/Windows",
          "OSVersion/Microsoft.Windows.10.0.17134.",
          "Microsoft.Azure.Management.NetApp.AzureNetAppFilesManagementClient/0.9.0.0"
        ]
      },
      "ResponseHeaders": {
        "Cache-Control": [
          "no-cache"
        ],
        "Pragma": [
          "no-cache"
        ],
        "x-ms-request-id": [
          "ad058d3b-fa34-474b-8565-49e8d7e1b958"
        ],
        "Server": [
          "Microsoft-IIS/10.0"
        ],
        "X-Powered-By": [
          "ASP.NET"
        ],
        "x-ms-ratelimit-remaining-subscription-reads": [
          "11986"
        ],
        "x-ms-correlation-request-id": [
          "e2c6eb9d-99d7-4336-881a-624994348ad9"
        ],
        "x-ms-routing-request-id": [
          "WESTEUROPE:20190227T114734Z:e2c6eb9d-99d7-4336-881a-624994348ad9"
        ],
        "Strict-Transport-Security": [
          "max-age=31536000; includeSubDomains"
        ],
        "X-Content-Type-Options": [
          "nosniff"
        ],
        "Date": [
          "Wed, 27 Feb 2019 11:47:33 GMT"
        ],
        "Content-Length": [
          "1428"
        ],
        "Content-Type": [
          "application/json; charset=utf-8"
        ],
        "Expires": [
          "-1"
        ]
      },
      "ResponseBody": "{\r\n  \"id\": \"/subscriptions/f557b96d-2308-4a18-aae1-b8f7e7e70cc7/resourceGroups/pws-sdk-tests-rgJUWcP/providers/Microsoft.NetApp/netAppAccounts/pws-sdk-acc-2erwxp/capacityPools/pws-sdk-pool-1mPATb/volumes/pws-sdk-vol-1YPDAo\",\r\n  \"name\": \"pws-sdk-acc-2erwxp/pws-sdk-pool-1mPATb/pws-sdk-vol-1YPDAo\",\r\n  \"type\": \"Microsoft.NetApp/netAppAccounts/capacityPools/volumes\",\r\n  \"etag\": \"W/\\\"datetime'2019-02-27T11%3A47%3A04.3072167Z'\\\"\",\r\n  \"location\": \"westus2\",\r\n  \"properties\": {\r\n    \"fileSystemId\": \"61b4ec25-7e13-a44c-f43a-af8beb03cc42\",\r\n    \"serviceLevel\": \"Standard\",\r\n    \"creationToken\": \"pws-sdk-vol-1YPDAo\",\r\n    \"ownerId\": \"38ab86f1-9d30-413b-8fc0-d31ad85fa6a1\",\r\n    \"usageThreshold\": 107374182400,\r\n    \"snapshotPolicy\": {\r\n      \"enabled\": false\r\n    },\r\n    \"exportPolicy\": {\r\n      \"rules\": [\r\n        {\r\n          \"ruleIndex\": 1,\r\n          \"unixReadOnly\": false,\r\n          \"unixReadWrite\": true,\r\n          \"cifs\": false,\r\n          \"nfsv3\": true,\r\n          \"nfsv4\": false,\r\n          \"allowedClients\": \"0.0.0.0/0\"\r\n        }\r\n      ]\r\n    },\r\n    \"protocolTypes\": [\r\n      \"NFSv3\"\r\n    ],\r\n    \"baremetalTenantId\": \"baremetalTenant_svm_38ab86f19d30413b8fc0d31ad85fa6a1_71a5f06a\",\r\n    \"subnetId\": \"/subscriptions/f557b96d-2308-4a18-aae1-b8f7e7e70cc7/resourceGroups/pws-sdk-tests-rgJUWcP/providers/Microsoft.Network/virtualNetworks/pws-sdk-tests-rgJUWcP-vnet/subnets/default\",\r\n    \"mountTargets\": [\r\n      {\r\n        \"provisioningState\": \"Succeeded\",\r\n        \"mountTargetId\": \"2ff042ff-4e21-4609-8e60-d24b76639ba5\",\r\n        \"fileSystemId\": \"61b4ec25-7e13-a44c-f43a-af8beb03cc42\",\r\n        \"startIp\": \"10.0.1.4\",\r\n        \"endIp\": \"10.0.1.4\",\r\n        \"gateway\": \"10.0.1.1\",\r\n        \"netmask\": \"255.255.255.0\",\r\n        \"ipAddress\": \"10.0.1.4\"\r\n      }\r\n    ],\r\n    \"provisioningState\": \"Deleting\"\r\n  }\r\n}",
      "StatusCode": 200
    },
    {
      "RequestUri": "/subscriptions/f557b96d-2308-4a18-aae1-b8f7e7e70cc7/resourceGroups/pws-sdk-tests-rgJUWcP/providers/Microsoft.NetApp/netAppAccounts/pws-sdk-acc-2erwxp/capacityPools/pws-sdk-pool-1mPATb/volumes/pws-sdk-vol-2MGdkV?api-version=2017-08-15",
      "EncodedRequestUri": "L3N1YnNjcmlwdGlvbnMvZjU1N2I5NmQtMjMwOC00YTE4LWFhZTEtYjhmN2U3ZTcwY2M3L3Jlc291cmNlR3JvdXBzL3B3cy1zZGstdGVzdHMtcmdKVVdjUC9wcm92aWRlcnMvTWljcm9zb2Z0Lk5ldEFwcC9uZXRBcHBBY2NvdW50cy9wd3Mtc2RrLWFjYy0yZXJ3eHAvY2FwYWNpdHlQb29scy9wd3Mtc2RrLXBvb2wtMW1QQVRiL3ZvbHVtZXMvcHdzLXNkay12b2wtMk1HZGtWP2FwaS12ZXJzaW9uPTIwMTctMDgtMTU=",
      "RequestMethod": "DELETE",
      "RequestBody": "",
      "RequestHeaders": {
        "x-ms-client-request-id": [
          "8107cfb2-a275-46ce-bb2c-eb2a29c2f5be"
        ],
        "Accept-Language": [
          "en-US"
        ],
        "User-Agent": [
          "FxVersion/4.6.27019.06",
          "OSName/Windows",
          "OSVersion/Microsoft.Windows.10.0.17134.",
          "Microsoft.Azure.Management.NetApp.AzureNetAppFilesManagementClient/0.9.0.0"
        ]
      },
      "ResponseHeaders": {
        "Cache-Control": [
          "no-cache"
        ],
        "Pragma": [
          "no-cache"
        ],
        "Location": [
          "https://management.azure.com/subscriptions/f557b96d-2308-4a18-aae1-b8f7e7e70cc7/providers/Microsoft.NetApp/locations/westus2/operationResults/d9540b51-c154-4778-a18b-c4cc4be2d40d?api-version=2017-08-15&operationResultResponseType=Location"
        ],
        "Azure-AsyncOperation": [
          "https://management.azure.com/subscriptions/f557b96d-2308-4a18-aae1-b8f7e7e70cc7/providers/Microsoft.NetApp/locations/westus2/operationResults/d9540b51-c154-4778-a18b-c4cc4be2d40d?api-version=2017-08-15"
        ],
        "Server": [
          "Microsoft-IIS/10.0"
        ],
        "X-Powered-By": [
          "ASP.NET"
        ],
        "x-ms-ratelimit-remaining-subscription-deletes": [
          "14998"
        ],
        "x-ms-request-id": [
          "c38ef61c-8bdd-4da3-9ee3-39210a2ae569"
        ],
        "x-ms-correlation-request-id": [
          "c38ef61c-8bdd-4da3-9ee3-39210a2ae569"
        ],
        "x-ms-routing-request-id": [
          "WESTEUROPE:20190227T114735Z:c38ef61c-8bdd-4da3-9ee3-39210a2ae569"
        ],
        "Strict-Transport-Security": [
          "max-age=31536000; includeSubDomains"
        ],
        "X-Content-Type-Options": [
          "nosniff"
        ],
        "Date": [
          "Wed, 27 Feb 2019 11:47:34 GMT"
        ],
        "Expires": [
          "-1"
        ],
        "Content-Length": [
          "0"
        ]
      },
      "ResponseBody": "",
      "StatusCode": 202
    },
    {
      "RequestUri": "/subscriptions/f557b96d-2308-4a18-aae1-b8f7e7e70cc7/providers/Microsoft.NetApp/locations/westus2/operationResults/d9540b51-c154-4778-a18b-c4cc4be2d40d?api-version=2017-08-15",
      "EncodedRequestUri": "L3N1YnNjcmlwdGlvbnMvZjU1N2I5NmQtMjMwOC00YTE4LWFhZTEtYjhmN2U3ZTcwY2M3L3Byb3ZpZGVycy9NaWNyb3NvZnQuTmV0QXBwL2xvY2F0aW9ucy93ZXN0dXMyL29wZXJhdGlvblJlc3VsdHMvZDk1NDBiNTEtYzE1NC00Nzc4LWExOGItYzRjYzRiZTJkNDBkP2FwaS12ZXJzaW9uPTIwMTctMDgtMTU=",
      "RequestMethod": "GET",
      "RequestBody": "",
      "RequestHeaders": {
        "User-Agent": [
          "FxVersion/4.6.27019.06",
          "OSName/Windows",
          "OSVersion/Microsoft.Windows.10.0.17134.",
          "Microsoft.Azure.Management.NetApp.AzureNetAppFilesManagementClient/0.9.0.0"
        ]
      },
      "ResponseHeaders": {
        "Cache-Control": [
          "no-cache"
        ],
        "Pragma": [
          "no-cache"
        ],
        "x-ms-request-id": [
          "660239d5-7d6a-41bb-8098-7e17e8427944"
        ],
        "x-ms-ratelimit-remaining-subscription-reads": [
          "11985"
        ],
        "Server": [
          "Microsoft-IIS/10.0"
        ],
        "X-Powered-By": [
          "ASP.NET"
        ],
        "x-ms-correlation-request-id": [
          "581a8956-d99a-4f36-937c-cdeb3e355edd"
        ],
        "x-ms-routing-request-id": [
          "WESTEUROPE:20190227T114805Z:581a8956-d99a-4f36-937c-cdeb3e355edd"
        ],
        "Strict-Transport-Security": [
          "max-age=31536000; includeSubDomains"
        ],
        "X-Content-Type-Options": [
          "nosniff"
        ],
        "Date": [
          "Wed, 27 Feb 2019 11:48:05 GMT"
        ],
        "Content-Length": [
          "566"
        ],
        "Content-Type": [
          "application/json; charset=utf-8"
        ],
        "Expires": [
          "-1"
        ]
      },
      "ResponseBody": "{\r\n  \"id\": \"/subscriptions/f557b96d-2308-4a18-aae1-b8f7e7e70cc7/providers/Microsoft.NetApp/locations/westus2/operationResults/d9540b51-c154-4778-a18b-c4cc4be2d40d\",\r\n  \"name\": \"d9540b51-c154-4778-a18b-c4cc4be2d40d\",\r\n  \"status\": \"Deleting\",\r\n  \"startTime\": \"2019-02-27T11:47:35.4614711Z\",\r\n  \"endTime\": \"0001-01-01T00:00:00Z\",\r\n  \"percentComplete\": 0.0,\r\n  \"properties\": {\r\n    \"resourceName\": \"/subscriptions/f557b96d-2308-4a18-aae1-b8f7e7e70cc7/resourceGroups/pws-sdk-tests-rgJUWcP/providers/Microsoft.NetApp/netAppAccounts/pws-sdk-acc-2erwxp/capacityPools/pws-sdk-pool-1mPATb/volumes/pws-sdk-vol-2MGdkV\"\r\n  }\r\n}",
      "StatusCode": 200
    },
    {
      "RequestUri": "/subscriptions/f557b96d-2308-4a18-aae1-b8f7e7e70cc7/providers/Microsoft.NetApp/locations/westus2/operationResults/d9540b51-c154-4778-a18b-c4cc4be2d40d?api-version=2017-08-15",
      "EncodedRequestUri": "L3N1YnNjcmlwdGlvbnMvZjU1N2I5NmQtMjMwOC00YTE4LWFhZTEtYjhmN2U3ZTcwY2M3L3Byb3ZpZGVycy9NaWNyb3NvZnQuTmV0QXBwL2xvY2F0aW9ucy93ZXN0dXMyL29wZXJhdGlvblJlc3VsdHMvZDk1NDBiNTEtYzE1NC00Nzc4LWExOGItYzRjYzRiZTJkNDBkP2FwaS12ZXJzaW9uPTIwMTctMDgtMTU=",
      "RequestMethod": "GET",
      "RequestBody": "",
      "RequestHeaders": {
        "User-Agent": [
          "FxVersion/4.6.27019.06",
          "OSName/Windows",
          "OSVersion/Microsoft.Windows.10.0.17134.",
          "Microsoft.Azure.Management.NetApp.AzureNetAppFilesManagementClient/0.9.0.0"
        ]
      },
      "ResponseHeaders": {
        "Cache-Control": [
          "no-cache"
        ],
        "Pragma": [
          "no-cache"
        ],
        "x-ms-request-id": [
          "cd4a3c02-53d3-4a98-beac-ecf23d229acb"
        ],
        "Server": [
          "Microsoft-IIS/10.0"
        ],
        "X-Powered-By": [
          "ASP.NET"
        ],
        "x-ms-ratelimit-remaining-subscription-reads": [
          "11984"
        ],
        "x-ms-correlation-request-id": [
          "6812def7-110c-4fe8-977e-da76fb32d522"
        ],
        "x-ms-routing-request-id": [
          "WESTEUROPE:20190227T114836Z:6812def7-110c-4fe8-977e-da76fb32d522"
        ],
        "Strict-Transport-Security": [
          "max-age=31536000; includeSubDomains"
        ],
        "X-Content-Type-Options": [
          "nosniff"
        ],
        "Date": [
          "Wed, 27 Feb 2019 11:48:36 GMT"
        ],
        "Content-Length": [
          "566"
        ],
        "Content-Type": [
          "application/json; charset=utf-8"
        ],
        "Expires": [
          "-1"
        ]
      },
      "ResponseBody": "{\r\n  \"id\": \"/subscriptions/f557b96d-2308-4a18-aae1-b8f7e7e70cc7/providers/Microsoft.NetApp/locations/westus2/operationResults/d9540b51-c154-4778-a18b-c4cc4be2d40d\",\r\n  \"name\": \"d9540b51-c154-4778-a18b-c4cc4be2d40d\",\r\n  \"status\": \"Deleting\",\r\n  \"startTime\": \"2019-02-27T11:47:35.4614711Z\",\r\n  \"endTime\": \"0001-01-01T00:00:00Z\",\r\n  \"percentComplete\": 0.0,\r\n  \"properties\": {\r\n    \"resourceName\": \"/subscriptions/f557b96d-2308-4a18-aae1-b8f7e7e70cc7/resourceGroups/pws-sdk-tests-rgJUWcP/providers/Microsoft.NetApp/netAppAccounts/pws-sdk-acc-2erwxp/capacityPools/pws-sdk-pool-1mPATb/volumes/pws-sdk-vol-2MGdkV\"\r\n  }\r\n}",
      "StatusCode": 200
    },
    {
      "RequestUri": "/subscriptions/f557b96d-2308-4a18-aae1-b8f7e7e70cc7/providers/Microsoft.NetApp/locations/westus2/operationResults/d9540b51-c154-4778-a18b-c4cc4be2d40d?api-version=2017-08-15",
      "EncodedRequestUri": "L3N1YnNjcmlwdGlvbnMvZjU1N2I5NmQtMjMwOC00YTE4LWFhZTEtYjhmN2U3ZTcwY2M3L3Byb3ZpZGVycy9NaWNyb3NvZnQuTmV0QXBwL2xvY2F0aW9ucy93ZXN0dXMyL29wZXJhdGlvblJlc3VsdHMvZDk1NDBiNTEtYzE1NC00Nzc4LWExOGItYzRjYzRiZTJkNDBkP2FwaS12ZXJzaW9uPTIwMTctMDgtMTU=",
      "RequestMethod": "GET",
      "RequestBody": "",
      "RequestHeaders": {
        "User-Agent": [
          "FxVersion/4.6.27019.06",
          "OSName/Windows",
          "OSVersion/Microsoft.Windows.10.0.17134.",
          "Microsoft.Azure.Management.NetApp.AzureNetAppFilesManagementClient/0.9.0.0"
        ]
      },
      "ResponseHeaders": {
        "Cache-Control": [
          "no-cache"
        ],
        "Pragma": [
          "no-cache"
        ],
        "x-ms-request-id": [
          "e439e6cd-71c9-4885-8958-2d25c2a51172"
        ],
        "Server": [
          "Microsoft-IIS/10.0"
        ],
        "X-Powered-By": [
          "ASP.NET"
        ],
        "x-ms-ratelimit-remaining-subscription-reads": [
          "11983"
        ],
        "x-ms-correlation-request-id": [
          "2ddb1384-17ff-4e09-b974-3aab957ae805"
        ],
        "x-ms-routing-request-id": [
          "WESTEUROPE:20190227T114907Z:2ddb1384-17ff-4e09-b974-3aab957ae805"
        ],
        "Strict-Transport-Security": [
          "max-age=31536000; includeSubDomains"
        ],
        "X-Content-Type-Options": [
          "nosniff"
        ],
        "Date": [
          "Wed, 27 Feb 2019 11:49:07 GMT"
        ],
        "Content-Length": [
          "577"
        ],
        "Content-Type": [
          "application/json; charset=utf-8"
        ],
        "Expires": [
          "-1"
        ]
      },
      "ResponseBody": "{\r\n  \"id\": \"/subscriptions/f557b96d-2308-4a18-aae1-b8f7e7e70cc7/providers/Microsoft.NetApp/locations/westus2/operationResults/d9540b51-c154-4778-a18b-c4cc4be2d40d\",\r\n  \"name\": \"d9540b51-c154-4778-a18b-c4cc4be2d40d\",\r\n  \"status\": \"Succeeded\",\r\n  \"startTime\": \"2019-02-27T11:47:35.4614711Z\",\r\n  \"endTime\": \"2019-02-27T11:48:45.1485543Z\",\r\n  \"percentComplete\": 100.0,\r\n  \"properties\": {\r\n    \"resourceName\": \"/subscriptions/f557b96d-2308-4a18-aae1-b8f7e7e70cc7/resourceGroups/pws-sdk-tests-rgJUWcP/providers/Microsoft.NetApp/netAppAccounts/pws-sdk-acc-2erwxp/capacityPools/pws-sdk-pool-1mPATb/volumes/pws-sdk-vol-2MGdkV\"\r\n  }\r\n}",
      "StatusCode": 200
    },
    {
      "RequestUri": "/subscriptions/f557b96d-2308-4a18-aae1-b8f7e7e70cc7/providers/Microsoft.NetApp/locations/westus2/operationResults/d9540b51-c154-4778-a18b-c4cc4be2d40d?api-version=2017-08-15&operationResultResponseType=Location",
      "EncodedRequestUri": "L3N1YnNjcmlwdGlvbnMvZjU1N2I5NmQtMjMwOC00YTE4LWFhZTEtYjhmN2U3ZTcwY2M3L3Byb3ZpZGVycy9NaWNyb3NvZnQuTmV0QXBwL2xvY2F0aW9ucy93ZXN0dXMyL29wZXJhdGlvblJlc3VsdHMvZDk1NDBiNTEtYzE1NC00Nzc4LWExOGItYzRjYzRiZTJkNDBkP2FwaS12ZXJzaW9uPTIwMTctMDgtMTUmb3BlcmF0aW9uUmVzdWx0UmVzcG9uc2VUeXBlPUxvY2F0aW9u",
      "RequestMethod": "GET",
      "RequestBody": "",
      "RequestHeaders": {
        "User-Agent": [
          "FxVersion/4.6.27019.06",
          "OSName/Windows",
          "OSVersion/Microsoft.Windows.10.0.17134.",
          "Microsoft.Azure.Management.NetApp.AzureNetAppFilesManagementClient/0.9.0.0"
        ]
      },
      "ResponseHeaders": {
        "Cache-Control": [
          "no-cache"
        ],
        "Pragma": [
          "no-cache"
        ],
        "x-ms-request-id": [
          "97e39975-f6f3-4e10-afff-bd5a8855abab"
        ],
        "Server": [
          "Microsoft-IIS/10.0"
        ],
        "X-Powered-By": [
          "ASP.NET"
        ],
        "x-ms-ratelimit-remaining-subscription-reads": [
          "11982"
        ],
        "x-ms-correlation-request-id": [
          "18b7fd96-9224-4c20-a1cc-bf4e9f728f88"
        ],
        "x-ms-routing-request-id": [
          "WESTEUROPE:20190227T114907Z:18b7fd96-9224-4c20-a1cc-bf4e9f728f88"
        ],
        "Strict-Transport-Security": [
          "max-age=31536000; includeSubDomains"
        ],
        "X-Content-Type-Options": [
          "nosniff"
        ],
        "Date": [
          "Wed, 27 Feb 2019 11:49:07 GMT"
        ],
        "Content-Length": [
          "1449"
        ],
        "Content-Type": [
          "application/json; charset=utf-8"
        ],
        "Expires": [
          "-1"
        ]
      },
      "ResponseBody": "{\r\n  \"id\": \"/subscriptions/f557b96d-2308-4a18-aae1-b8f7e7e70cc7/resourceGroups/pws-sdk-tests-rgJUWcP/providers/Microsoft.NetApp/netAppAccounts/pws-sdk-acc-2erwxp/capacityPools/pws-sdk-pool-1mPATb/volumes/pws-sdk-vol-2MGdkV\",\r\n  \"name\": \"pws-sdk-acc-2erwxp/pws-sdk-pool-1mPATb/pws-sdk-vol-2MGdkV\",\r\n  \"type\": \"Microsoft.NetApp/netAppAccounts/capacityPools/volumes\",\r\n  \"etag\": \"W/\\\"datetime'2019-02-27T11%3A47%3A35.5487997Z'\\\"\",\r\n  \"location\": \"westus2\",\r\n  \"properties\": {\r\n    \"provisioningState\": \"Deleting\",\r\n    \"fileSystemId\": \"ce1aec30-694a-853f-d2ec-3bc0491f710b\",\r\n    \"serviceLevel\": \"Premium\",\r\n    \"creationToken\": \"pws-sdk-vol-2MGdkV\",\r\n    \"ownerId\": \"38ab86f1-9d30-413b-8fc0-d31ad85fa6a1\",\r\n    \"usageThreshold\": 107374182400,\r\n    \"usedBytes\": 0,\r\n    \"snapshotPolicy\": {\r\n      \"enabled\": false\r\n    },\r\n    \"exportPolicy\": {\r\n      \"rules\": [\r\n        {\r\n          \"ruleIndex\": 1,\r\n          \"unixReadOnly\": false,\r\n          \"unixReadWrite\": true,\r\n          \"cifs\": false,\r\n          \"nfsv3\": true,\r\n          \"nfsv4\": false,\r\n          \"allowedClients\": \"0.0.0.0/0\"\r\n        }\r\n      ]\r\n    },\r\n    \"protocolTypes\": [\r\n      \"NFSv3\"\r\n    ],\r\n    \"baremetalTenantId\": \"baremetalTenant_svm_38ab86f19d30413b8fc0d31ad85fa6a1_71a5f06a\",\r\n    \"subnetId\": \"/subscriptions/f557b96d-2308-4a18-aae1-b8f7e7e70cc7/resourceGroups/pws-sdk-tests-rgJUWcP/providers/Microsoft.Network/virtualNetworks/pws-sdk-tests-rgJUWcP-vnet/subnets/default\",\r\n    \"mountTargets\": [\r\n      {\r\n        \"provisioningState\": \"Succeeded\",\r\n        \"mountTargetId\": \"0a11c5f8-ae27-2948-e5b4-76dc4e8a9617\",\r\n        \"fileSystemId\": \"ce1aec30-694a-853f-d2ec-3bc0491f710b\",\r\n        \"startIp\": \"10.4.0.128\",\r\n        \"endIp\": \"10.4.0.191\",\r\n        \"gateway\": \"10.4.0.129\",\r\n        \"netmask\": \"255.255.255.192\",\r\n        \"ipAddress\": \"10.0.1.4\"\r\n      }\r\n    ]\r\n  }\r\n}",
      "StatusCode": 200
    },
    {
      "RequestUri": "/subscriptions/f557b96d-2308-4a18-aae1-b8f7e7e70cc7/resourcegroups/pws-sdk-tests-rgJUWcP?api-version=2016-09-01",
      "EncodedRequestUri": "L3N1YnNjcmlwdGlvbnMvZjU1N2I5NmQtMjMwOC00YTE4LWFhZTEtYjhmN2U3ZTcwY2M3L3Jlc291cmNlZ3JvdXBzL3B3cy1zZGstdGVzdHMtcmdKVVdjUD9hcGktdmVyc2lvbj0yMDE2LTA5LTAx",
      "RequestMethod": "DELETE",
      "RequestBody": "",
      "RequestHeaders": {
        "x-ms-client-request-id": [
          "37beff54-e561-40d5-b5ce-33aa4e8e8d10"
        ],
        "Accept-Language": [
          "en-US"
        ],
        "User-Agent": [
          "FxVersion/4.6.27019.06",
          "OSName/Windows",
          "OSVersion/Microsoft.Windows.10.0.17134.",
          "Microsoft.Azure.Management.Internal.Resources.ResourceManagementClient/1.1.13"
        ]
      },
      "ResponseHeaders": {
        "Cache-Control": [
          "no-cache"
        ],
        "Pragma": [
          "no-cache"
        ],
        "Location": [
          "https://management.azure.com/subscriptions/f557b96d-2308-4a18-aae1-b8f7e7e70cc7/operationresults/eyJqb2JJZCI6IlJFU09VUkNFR1JPVVBERUxFVElPTkpPQi1QV1M6MkRTREs6MkRURVNUUzoyRFJHSlVXQ1AtV0VTVFVTMiIsImpvYkxvY2F0aW9uIjoid2VzdHVzMiJ9?api-version=2016-09-01"
        ],
        "Retry-After": [
          "15"
        ],
        "x-ms-ratelimit-remaining-subscription-deletes": [
          "14999"
        ],
        "x-ms-request-id": [
          "5b5bf75d-5627-4daa-be53-fe47c76f8895"
        ],
        "x-ms-correlation-request-id": [
          "5b5bf75d-5627-4daa-be53-fe47c76f8895"
        ],
        "x-ms-routing-request-id": [
          "SOUTHEASTASIA:20190227T114916Z:5b5bf75d-5627-4daa-be53-fe47c76f8895"
        ],
        "Strict-Transport-Security": [
          "max-age=31536000; includeSubDomains"
        ],
        "X-Content-Type-Options": [
          "nosniff"
        ],
        "Date": [
          "Wed, 27 Feb 2019 11:49:15 GMT"
        ],
        "Expires": [
          "-1"
        ],
        "Content-Length": [
          "0"
        ]
      },
      "ResponseBody": "",
      "StatusCode": 202
    },
    {
      "RequestUri": "/subscriptions/f557b96d-2308-4a18-aae1-b8f7e7e70cc7/operationresults/eyJqb2JJZCI6IlJFU09VUkNFR1JPVVBERUxFVElPTkpPQi1QV1M6MkRTREs6MkRURVNUUzoyRFJHSlVXQ1AtV0VTVFVTMiIsImpvYkxvY2F0aW9uIjoid2VzdHVzMiJ9?api-version=2016-09-01",
      "EncodedRequestUri": "L3N1YnNjcmlwdGlvbnMvZjU1N2I5NmQtMjMwOC00YTE4LWFhZTEtYjhmN2U3ZTcwY2M3L29wZXJhdGlvbnJlc3VsdHMvZXlKcWIySkpaQ0k2SWxKRlUwOVZVa05GUjFKUFZWQkVSVXhGVkVsUFRrcFBRaTFRVjFNNk1rUlRSRXM2TWtSVVJWTlVVem95UkZKSFNsVlhRMUF0VjBWVFZGVlRNaUlzSW1wdllreHZZMkYwYVc5dUlqb2lkMlZ6ZEhWek1pSjk/YXBpLXZlcnNpb249MjAxNi0wOS0wMQ==",
      "RequestMethod": "GET",
      "RequestBody": "",
      "RequestHeaders": {
        "User-Agent": [
          "FxVersion/4.6.27019.06",
          "OSName/Windows",
          "OSVersion/Microsoft.Windows.10.0.17134.",
          "Microsoft.Azure.Management.Internal.Resources.ResourceManagementClient/1.1.13"
        ]
      },
      "ResponseHeaders": {
        "Cache-Control": [
          "no-cache"
        ],
        "Pragma": [
          "no-cache"
        ],
        "Location": [
          "https://management.azure.com/subscriptions/f557b96d-2308-4a18-aae1-b8f7e7e70cc7/operationresults/eyJqb2JJZCI6IlJFU09VUkNFR1JPVVBERUxFVElPTkpPQi1QV1M6MkRTREs6MkRURVNUUzoyRFJHSlVXQ1AtV0VTVFVTMiIsImpvYkxvY2F0aW9uIjoid2VzdHVzMiJ9?api-version=2016-09-01"
        ],
        "Retry-After": [
          "15"
        ],
        "x-ms-ratelimit-remaining-subscription-reads": [
          "11999"
        ],
        "x-ms-request-id": [
          "d744c56d-57b4-4ffb-a7ee-6f91bb540ae1"
        ],
        "x-ms-correlation-request-id": [
          "d744c56d-57b4-4ffb-a7ee-6f91bb540ae1"
        ],
        "x-ms-routing-request-id": [
          "SOUTHEASTASIA:20190227T114932Z:d744c56d-57b4-4ffb-a7ee-6f91bb540ae1"
        ],
        "Strict-Transport-Security": [
          "max-age=31536000; includeSubDomains"
        ],
        "X-Content-Type-Options": [
          "nosniff"
        ],
        "Date": [
          "Wed, 27 Feb 2019 11:49:31 GMT"
        ],
        "Expires": [
          "-1"
        ],
        "Content-Length": [
          "0"
        ]
      },
      "ResponseBody": "",
      "StatusCode": 202
    },
    {
      "RequestUri": "/subscriptions/f557b96d-2308-4a18-aae1-b8f7e7e70cc7/operationresults/eyJqb2JJZCI6IlJFU09VUkNFR1JPVVBERUxFVElPTkpPQi1QV1M6MkRTREs6MkRURVNUUzoyRFJHSlVXQ1AtV0VTVFVTMiIsImpvYkxvY2F0aW9uIjoid2VzdHVzMiJ9?api-version=2016-09-01",
      "EncodedRequestUri": "L3N1YnNjcmlwdGlvbnMvZjU1N2I5NmQtMjMwOC00YTE4LWFhZTEtYjhmN2U3ZTcwY2M3L29wZXJhdGlvbnJlc3VsdHMvZXlKcWIySkpaQ0k2SWxKRlUwOVZVa05GUjFKUFZWQkVSVXhGVkVsUFRrcFBRaTFRVjFNNk1rUlRSRXM2TWtSVVJWTlVVem95UkZKSFNsVlhRMUF0VjBWVFZGVlRNaUlzSW1wdllreHZZMkYwYVc5dUlqb2lkMlZ6ZEhWek1pSjk/YXBpLXZlcnNpb249MjAxNi0wOS0wMQ==",
      "RequestMethod": "GET",
      "RequestBody": "",
      "RequestHeaders": {
        "User-Agent": [
          "FxVersion/4.6.27019.06",
          "OSName/Windows",
          "OSVersion/Microsoft.Windows.10.0.17134.",
          "Microsoft.Azure.Management.Internal.Resources.ResourceManagementClient/1.1.13"
        ]
      },
      "ResponseHeaders": {
        "Cache-Control": [
          "no-cache"
        ],
        "Pragma": [
          "no-cache"
        ],
        "Location": [
          "https://management.azure.com/subscriptions/f557b96d-2308-4a18-aae1-b8f7e7e70cc7/operationresults/eyJqb2JJZCI6IlJFU09VUkNFR1JPVVBERUxFVElPTkpPQi1QV1M6MkRTREs6MkRURVNUUzoyRFJHSlVXQ1AtV0VTVFVTMiIsImpvYkxvY2F0aW9uIjoid2VzdHVzMiJ9?api-version=2016-09-01"
        ],
        "Retry-After": [
          "15"
        ],
        "x-ms-ratelimit-remaining-subscription-reads": [
          "11998"
        ],
        "x-ms-request-id": [
          "45782811-1a72-41e7-90b4-35f69a0c648f"
        ],
        "x-ms-correlation-request-id": [
          "45782811-1a72-41e7-90b4-35f69a0c648f"
        ],
        "x-ms-routing-request-id": [
          "SOUTHEASTASIA:20190227T114947Z:45782811-1a72-41e7-90b4-35f69a0c648f"
        ],
        "Strict-Transport-Security": [
          "max-age=31536000; includeSubDomains"
        ],
        "X-Content-Type-Options": [
          "nosniff"
        ],
        "Date": [
          "Wed, 27 Feb 2019 11:49:47 GMT"
        ],
        "Expires": [
          "-1"
        ],
        "Content-Length": [
          "0"
        ]
      },
      "ResponseBody": "",
      "StatusCode": 202
    },
    {
      "RequestUri": "/subscriptions/f557b96d-2308-4a18-aae1-b8f7e7e70cc7/operationresults/eyJqb2JJZCI6IlJFU09VUkNFR1JPVVBERUxFVElPTkpPQi1QV1M6MkRTREs6MkRURVNUUzoyRFJHSlVXQ1AtV0VTVFVTMiIsImpvYkxvY2F0aW9uIjoid2VzdHVzMiJ9?api-version=2016-09-01",
      "EncodedRequestUri": "L3N1YnNjcmlwdGlvbnMvZjU1N2I5NmQtMjMwOC00YTE4LWFhZTEtYjhmN2U3ZTcwY2M3L29wZXJhdGlvbnJlc3VsdHMvZXlKcWIySkpaQ0k2SWxKRlUwOVZVa05GUjFKUFZWQkVSVXhGVkVsUFRrcFBRaTFRVjFNNk1rUlRSRXM2TWtSVVJWTlVVem95UkZKSFNsVlhRMUF0VjBWVFZGVlRNaUlzSW1wdllreHZZMkYwYVc5dUlqb2lkMlZ6ZEhWek1pSjk/YXBpLXZlcnNpb249MjAxNi0wOS0wMQ==",
      "RequestMethod": "GET",
      "RequestBody": "",
      "RequestHeaders": {
        "User-Agent": [
          "FxVersion/4.6.27019.06",
          "OSName/Windows",
          "OSVersion/Microsoft.Windows.10.0.17134.",
          "Microsoft.Azure.Management.Internal.Resources.ResourceManagementClient/1.1.13"
        ]
      },
      "ResponseHeaders": {
        "Cache-Control": [
          "no-cache"
        ],
        "Pragma": [
          "no-cache"
        ],
        "Location": [
          "https://management.azure.com/subscriptions/f557b96d-2308-4a18-aae1-b8f7e7e70cc7/operationresults/eyJqb2JJZCI6IlJFU09VUkNFR1JPVVBERUxFVElPTkpPQi1QV1M6MkRTREs6MkRURVNUUzoyRFJHSlVXQ1AtV0VTVFVTMiIsImpvYkxvY2F0aW9uIjoid2VzdHVzMiJ9?api-version=2016-09-01"
        ],
        "Retry-After": [
          "15"
        ],
        "x-ms-ratelimit-remaining-subscription-reads": [
          "11997"
        ],
        "x-ms-request-id": [
          "cbad76e7-fc86-4ed1-853e-f937721fefb6"
        ],
        "x-ms-correlation-request-id": [
          "cbad76e7-fc86-4ed1-853e-f937721fefb6"
        ],
        "x-ms-routing-request-id": [
          "SOUTHEASTASIA:20190227T115003Z:cbad76e7-fc86-4ed1-853e-f937721fefb6"
        ],
        "Strict-Transport-Security": [
          "max-age=31536000; includeSubDomains"
        ],
        "X-Content-Type-Options": [
          "nosniff"
        ],
        "Date": [
          "Wed, 27 Feb 2019 11:50:02 GMT"
        ],
        "Expires": [
          "-1"
        ],
        "Content-Length": [
          "0"
        ]
      },
      "ResponseBody": "",
      "StatusCode": 202
    },
    {
      "RequestUri": "/subscriptions/f557b96d-2308-4a18-aae1-b8f7e7e70cc7/operationresults/eyJqb2JJZCI6IlJFU09VUkNFR1JPVVBERUxFVElPTkpPQi1QV1M6MkRTREs6MkRURVNUUzoyRFJHSlVXQ1AtV0VTVFVTMiIsImpvYkxvY2F0aW9uIjoid2VzdHVzMiJ9?api-version=2016-09-01",
      "EncodedRequestUri": "L3N1YnNjcmlwdGlvbnMvZjU1N2I5NmQtMjMwOC00YTE4LWFhZTEtYjhmN2U3ZTcwY2M3L29wZXJhdGlvbnJlc3VsdHMvZXlKcWIySkpaQ0k2SWxKRlUwOVZVa05GUjFKUFZWQkVSVXhGVkVsUFRrcFBRaTFRVjFNNk1rUlRSRXM2TWtSVVJWTlVVem95UkZKSFNsVlhRMUF0VjBWVFZGVlRNaUlzSW1wdllreHZZMkYwYVc5dUlqb2lkMlZ6ZEhWek1pSjk/YXBpLXZlcnNpb249MjAxNi0wOS0wMQ==",
      "RequestMethod": "GET",
      "RequestBody": "",
      "RequestHeaders": {
        "User-Agent": [
          "FxVersion/4.6.27019.06",
          "OSName/Windows",
          "OSVersion/Microsoft.Windows.10.0.17134.",
          "Microsoft.Azure.Management.Internal.Resources.ResourceManagementClient/1.1.13"
        ]
      },
      "ResponseHeaders": {
        "Cache-Control": [
          "no-cache"
        ],
        "Pragma": [
          "no-cache"
        ],
        "Location": [
          "https://management.azure.com/subscriptions/f557b96d-2308-4a18-aae1-b8f7e7e70cc7/operationresults/eyJqb2JJZCI6IlJFU09VUkNFR1JPVVBERUxFVElPTkpPQi1QV1M6MkRTREs6MkRURVNUUzoyRFJHSlVXQ1AtV0VTVFVTMiIsImpvYkxvY2F0aW9uIjoid2VzdHVzMiJ9?api-version=2016-09-01"
        ],
        "Retry-After": [
          "15"
        ],
        "x-ms-ratelimit-remaining-subscription-reads": [
          "11996"
        ],
        "x-ms-request-id": [
          "4f5c8307-7ed0-4d4b-a5bb-ad979f768a53"
        ],
        "x-ms-correlation-request-id": [
          "4f5c8307-7ed0-4d4b-a5bb-ad979f768a53"
        ],
        "x-ms-routing-request-id": [
          "SOUTHEASTASIA:20190227T115019Z:4f5c8307-7ed0-4d4b-a5bb-ad979f768a53"
        ],
        "Strict-Transport-Security": [
          "max-age=31536000; includeSubDomains"
        ],
        "X-Content-Type-Options": [
          "nosniff"
        ],
        "Date": [
          "Wed, 27 Feb 2019 11:50:19 GMT"
        ],
        "Expires": [
          "-1"
        ],
        "Content-Length": [
          "0"
        ]
      },
      "ResponseBody": "",
      "StatusCode": 202
    },
    {
      "RequestUri": "/subscriptions/f557b96d-2308-4a18-aae1-b8f7e7e70cc7/operationresults/eyJqb2JJZCI6IlJFU09VUkNFR1JPVVBERUxFVElPTkpPQi1QV1M6MkRTREs6MkRURVNUUzoyRFJHSlVXQ1AtV0VTVFVTMiIsImpvYkxvY2F0aW9uIjoid2VzdHVzMiJ9?api-version=2016-09-01",
      "EncodedRequestUri": "L3N1YnNjcmlwdGlvbnMvZjU1N2I5NmQtMjMwOC00YTE4LWFhZTEtYjhmN2U3ZTcwY2M3L29wZXJhdGlvbnJlc3VsdHMvZXlKcWIySkpaQ0k2SWxKRlUwOVZVa05GUjFKUFZWQkVSVXhGVkVsUFRrcFBRaTFRVjFNNk1rUlRSRXM2TWtSVVJWTlVVem95UkZKSFNsVlhRMUF0VjBWVFZGVlRNaUlzSW1wdllreHZZMkYwYVc5dUlqb2lkMlZ6ZEhWek1pSjk/YXBpLXZlcnNpb249MjAxNi0wOS0wMQ==",
      "RequestMethod": "GET",
      "RequestBody": "",
      "RequestHeaders": {
        "User-Agent": [
          "FxVersion/4.6.27019.06",
          "OSName/Windows",
          "OSVersion/Microsoft.Windows.10.0.17134.",
          "Microsoft.Azure.Management.Internal.Resources.ResourceManagementClient/1.1.13"
        ]
      },
      "ResponseHeaders": {
        "Cache-Control": [
          "no-cache"
        ],
        "Pragma": [
          "no-cache"
        ],
        "Location": [
          "https://management.azure.com/subscriptions/f557b96d-2308-4a18-aae1-b8f7e7e70cc7/operationresults/eyJqb2JJZCI6IlJFU09VUkNFR1JPVVBERUxFVElPTkpPQi1QV1M6MkRTREs6MkRURVNUUzoyRFJHSlVXQ1AtV0VTVFVTMiIsImpvYkxvY2F0aW9uIjoid2VzdHVzMiJ9?api-version=2016-09-01"
        ],
        "Retry-After": [
          "15"
        ],
        "x-ms-ratelimit-remaining-subscription-reads": [
          "11995"
        ],
        "x-ms-request-id": [
          "fbd1a07c-6cf6-4dd1-a373-499c9ff767b7"
        ],
        "x-ms-correlation-request-id": [
          "fbd1a07c-6cf6-4dd1-a373-499c9ff767b7"
        ],
        "x-ms-routing-request-id": [
          "SOUTHEASTASIA:20190227T115035Z:fbd1a07c-6cf6-4dd1-a373-499c9ff767b7"
        ],
        "Strict-Transport-Security": [
          "max-age=31536000; includeSubDomains"
        ],
        "X-Content-Type-Options": [
          "nosniff"
        ],
        "Date": [
          "Wed, 27 Feb 2019 11:50:35 GMT"
        ],
        "Expires": [
          "-1"
        ],
        "Content-Length": [
          "0"
        ]
      },
      "ResponseBody": "",
      "StatusCode": 202
    },
    {
      "RequestUri": "/subscriptions/f557b96d-2308-4a18-aae1-b8f7e7e70cc7/operationresults/eyJqb2JJZCI6IlJFU09VUkNFR1JPVVBERUxFVElPTkpPQi1QV1M6MkRTREs6MkRURVNUUzoyRFJHSlVXQ1AtV0VTVFVTMiIsImpvYkxvY2F0aW9uIjoid2VzdHVzMiJ9?api-version=2016-09-01",
      "EncodedRequestUri": "L3N1YnNjcmlwdGlvbnMvZjU1N2I5NmQtMjMwOC00YTE4LWFhZTEtYjhmN2U3ZTcwY2M3L29wZXJhdGlvbnJlc3VsdHMvZXlKcWIySkpaQ0k2SWxKRlUwOVZVa05GUjFKUFZWQkVSVXhGVkVsUFRrcFBRaTFRVjFNNk1rUlRSRXM2TWtSVVJWTlVVem95UkZKSFNsVlhRMUF0VjBWVFZGVlRNaUlzSW1wdllreHZZMkYwYVc5dUlqb2lkMlZ6ZEhWek1pSjk/YXBpLXZlcnNpb249MjAxNi0wOS0wMQ==",
      "RequestMethod": "GET",
      "RequestBody": "",
      "RequestHeaders": {
        "User-Agent": [
          "FxVersion/4.6.27019.06",
          "OSName/Windows",
          "OSVersion/Microsoft.Windows.10.0.17134.",
          "Microsoft.Azure.Management.Internal.Resources.ResourceManagementClient/1.1.13"
        ]
      },
      "ResponseHeaders": {
        "Cache-Control": [
          "no-cache"
        ],
        "Pragma": [
          "no-cache"
        ],
        "Location": [
          "https://management.azure.com/subscriptions/f557b96d-2308-4a18-aae1-b8f7e7e70cc7/operationresults/eyJqb2JJZCI6IlJFU09VUkNFR1JPVVBERUxFVElPTkpPQi1QV1M6MkRTREs6MkRURVNUUzoyRFJHSlVXQ1AtV0VTVFVTMiIsImpvYkxvY2F0aW9uIjoid2VzdHVzMiJ9?api-version=2016-09-01"
        ],
        "Retry-After": [
          "15"
        ],
        "x-ms-ratelimit-remaining-subscription-reads": [
          "11994"
        ],
        "x-ms-request-id": [
          "9715899c-efed-4069-82de-23ec3cb8a697"
        ],
        "x-ms-correlation-request-id": [
          "9715899c-efed-4069-82de-23ec3cb8a697"
        ],
        "x-ms-routing-request-id": [
          "SOUTHEASTASIA:20190227T115051Z:9715899c-efed-4069-82de-23ec3cb8a697"
        ],
        "Strict-Transport-Security": [
          "max-age=31536000; includeSubDomains"
        ],
        "X-Content-Type-Options": [
          "nosniff"
        ],
        "Date": [
          "Wed, 27 Feb 2019 11:50:50 GMT"
        ],
        "Expires": [
          "-1"
        ],
        "Content-Length": [
          "0"
        ]
      },
      "ResponseBody": "",
      "StatusCode": 202
    },
    {
      "RequestUri": "/subscriptions/f557b96d-2308-4a18-aae1-b8f7e7e70cc7/operationresults/eyJqb2JJZCI6IlJFU09VUkNFR1JPVVBERUxFVElPTkpPQi1QV1M6MkRTREs6MkRURVNUUzoyRFJHSlVXQ1AtV0VTVFVTMiIsImpvYkxvY2F0aW9uIjoid2VzdHVzMiJ9?api-version=2016-09-01",
      "EncodedRequestUri": "L3N1YnNjcmlwdGlvbnMvZjU1N2I5NmQtMjMwOC00YTE4LWFhZTEtYjhmN2U3ZTcwY2M3L29wZXJhdGlvbnJlc3VsdHMvZXlKcWIySkpaQ0k2SWxKRlUwOVZVa05GUjFKUFZWQkVSVXhGVkVsUFRrcFBRaTFRVjFNNk1rUlRSRXM2TWtSVVJWTlVVem95UkZKSFNsVlhRMUF0VjBWVFZGVlRNaUlzSW1wdllreHZZMkYwYVc5dUlqb2lkMlZ6ZEhWek1pSjk/YXBpLXZlcnNpb249MjAxNi0wOS0wMQ==",
      "RequestMethod": "GET",
      "RequestBody": "",
      "RequestHeaders": {
        "User-Agent": [
          "FxVersion/4.6.27019.06",
          "OSName/Windows",
          "OSVersion/Microsoft.Windows.10.0.17134.",
          "Microsoft.Azure.Management.Internal.Resources.ResourceManagementClient/1.1.13"
        ]
      },
      "ResponseHeaders": {
        "Cache-Control": [
          "no-cache"
        ],
        "Pragma": [
          "no-cache"
        ],
        "Location": [
          "https://management.azure.com/subscriptions/f557b96d-2308-4a18-aae1-b8f7e7e70cc7/operationresults/eyJqb2JJZCI6IlJFU09VUkNFR1JPVVBERUxFVElPTkpPQi1QV1M6MkRTREs6MkRURVNUUzoyRFJHSlVXQ1AtV0VTVFVTMiIsImpvYkxvY2F0aW9uIjoid2VzdHVzMiJ9?api-version=2016-09-01"
        ],
        "Retry-After": [
          "15"
        ],
        "x-ms-ratelimit-remaining-subscription-reads": [
          "11993"
        ],
        "x-ms-request-id": [
          "8264caba-f8d8-433d-9cee-5eeebed16610"
        ],
        "x-ms-correlation-request-id": [
          "8264caba-f8d8-433d-9cee-5eeebed16610"
        ],
        "x-ms-routing-request-id": [
          "SOUTHEASTASIA:20190227T115106Z:8264caba-f8d8-433d-9cee-5eeebed16610"
        ],
        "Strict-Transport-Security": [
          "max-age=31536000; includeSubDomains"
        ],
        "X-Content-Type-Options": [
          "nosniff"
        ],
        "Date": [
          "Wed, 27 Feb 2019 11:51:06 GMT"
        ],
        "Expires": [
          "-1"
        ],
        "Content-Length": [
          "0"
        ]
      },
      "ResponseBody": "",
      "StatusCode": 202
    },
    {
      "RequestUri": "/subscriptions/f557b96d-2308-4a18-aae1-b8f7e7e70cc7/operationresults/eyJqb2JJZCI6IlJFU09VUkNFR1JPVVBERUxFVElPTkpPQi1QV1M6MkRTREs6MkRURVNUUzoyRFJHSlVXQ1AtV0VTVFVTMiIsImpvYkxvY2F0aW9uIjoid2VzdHVzMiJ9?api-version=2016-09-01",
      "EncodedRequestUri": "L3N1YnNjcmlwdGlvbnMvZjU1N2I5NmQtMjMwOC00YTE4LWFhZTEtYjhmN2U3ZTcwY2M3L29wZXJhdGlvbnJlc3VsdHMvZXlKcWIySkpaQ0k2SWxKRlUwOVZVa05GUjFKUFZWQkVSVXhGVkVsUFRrcFBRaTFRVjFNNk1rUlRSRXM2TWtSVVJWTlVVem95UkZKSFNsVlhRMUF0VjBWVFZGVlRNaUlzSW1wdllreHZZMkYwYVc5dUlqb2lkMlZ6ZEhWek1pSjk/YXBpLXZlcnNpb249MjAxNi0wOS0wMQ==",
      "RequestMethod": "GET",
      "RequestBody": "",
      "RequestHeaders": {
        "User-Agent": [
          "FxVersion/4.6.27019.06",
          "OSName/Windows",
          "OSVersion/Microsoft.Windows.10.0.17134.",
          "Microsoft.Azure.Management.Internal.Resources.ResourceManagementClient/1.1.13"
        ]
      },
      "ResponseHeaders": {
        "Cache-Control": [
          "no-cache"
        ],
        "Pragma": [
          "no-cache"
        ],
        "Location": [
          "https://management.azure.com/subscriptions/f557b96d-2308-4a18-aae1-b8f7e7e70cc7/operationresults/eyJqb2JJZCI6IlJFU09VUkNFR1JPVVBERUxFVElPTkpPQi1QV1M6MkRTREs6MkRURVNUUzoyRFJHSlVXQ1AtV0VTVFVTMiIsImpvYkxvY2F0aW9uIjoid2VzdHVzMiJ9?api-version=2016-09-01"
        ],
        "Retry-After": [
          "15"
        ],
        "x-ms-ratelimit-remaining-subscription-reads": [
          "11992"
        ],
        "x-ms-request-id": [
          "197a6ba3-7e81-4027-acd0-9fc0b02e3527"
        ],
        "x-ms-correlation-request-id": [
          "197a6ba3-7e81-4027-acd0-9fc0b02e3527"
        ],
        "x-ms-routing-request-id": [
          "SOUTHEASTASIA:20190227T115122Z:197a6ba3-7e81-4027-acd0-9fc0b02e3527"
        ],
        "Strict-Transport-Security": [
          "max-age=31536000; includeSubDomains"
        ],
        "X-Content-Type-Options": [
          "nosniff"
        ],
        "Date": [
          "Wed, 27 Feb 2019 11:51:21 GMT"
        ],
        "Expires": [
          "-1"
        ],
        "Content-Length": [
          "0"
        ]
      },
      "ResponseBody": "",
      "StatusCode": 202
    },
    {
      "RequestUri": "/subscriptions/f557b96d-2308-4a18-aae1-b8f7e7e70cc7/operationresults/eyJqb2JJZCI6IlJFU09VUkNFR1JPVVBERUxFVElPTkpPQi1QV1M6MkRTREs6MkRURVNUUzoyRFJHSlVXQ1AtV0VTVFVTMiIsImpvYkxvY2F0aW9uIjoid2VzdHVzMiJ9?api-version=2016-09-01",
      "EncodedRequestUri": "L3N1YnNjcmlwdGlvbnMvZjU1N2I5NmQtMjMwOC00YTE4LWFhZTEtYjhmN2U3ZTcwY2M3L29wZXJhdGlvbnJlc3VsdHMvZXlKcWIySkpaQ0k2SWxKRlUwOVZVa05GUjFKUFZWQkVSVXhGVkVsUFRrcFBRaTFRVjFNNk1rUlRSRXM2TWtSVVJWTlVVem95UkZKSFNsVlhRMUF0VjBWVFZGVlRNaUlzSW1wdllreHZZMkYwYVc5dUlqb2lkMlZ6ZEhWek1pSjk/YXBpLXZlcnNpb249MjAxNi0wOS0wMQ==",
      "RequestMethod": "GET",
      "RequestBody": "",
      "RequestHeaders": {
        "User-Agent": [
          "FxVersion/4.6.27019.06",
          "OSName/Windows",
          "OSVersion/Microsoft.Windows.10.0.17134.",
          "Microsoft.Azure.Management.Internal.Resources.ResourceManagementClient/1.1.13"
        ]
      },
      "ResponseHeaders": {
        "Cache-Control": [
          "no-cache"
        ],
        "Pragma": [
          "no-cache"
        ],
        "Location": [
          "https://management.azure.com/subscriptions/f557b96d-2308-4a18-aae1-b8f7e7e70cc7/operationresults/eyJqb2JJZCI6IlJFU09VUkNFR1JPVVBERUxFVElPTkpPQi1QV1M6MkRTREs6MkRURVNUUzoyRFJHSlVXQ1AtV0VTVFVTMiIsImpvYkxvY2F0aW9uIjoid2VzdHVzMiJ9?api-version=2016-09-01"
        ],
        "Retry-After": [
          "15"
        ],
        "x-ms-ratelimit-remaining-subscription-reads": [
          "11991"
        ],
        "x-ms-request-id": [
          "feaeefb5-209a-4976-b78f-64b6254374da"
        ],
        "x-ms-correlation-request-id": [
          "feaeefb5-209a-4976-b78f-64b6254374da"
        ],
        "x-ms-routing-request-id": [
          "SOUTHEASTASIA:20190227T115138Z:feaeefb5-209a-4976-b78f-64b6254374da"
        ],
        "Strict-Transport-Security": [
          "max-age=31536000; includeSubDomains"
        ],
        "X-Content-Type-Options": [
          "nosniff"
        ],
        "Date": [
          "Wed, 27 Feb 2019 11:51:38 GMT"
        ],
        "Expires": [
          "-1"
        ],
        "Content-Length": [
          "0"
        ]
      },
      "ResponseBody": "",
      "StatusCode": 202
    },
    {
      "RequestUri": "/subscriptions/f557b96d-2308-4a18-aae1-b8f7e7e70cc7/operationresults/eyJqb2JJZCI6IlJFU09VUkNFR1JPVVBERUxFVElPTkpPQi1QV1M6MkRTREs6MkRURVNUUzoyRFJHSlVXQ1AtV0VTVFVTMiIsImpvYkxvY2F0aW9uIjoid2VzdHVzMiJ9?api-version=2016-09-01",
      "EncodedRequestUri": "L3N1YnNjcmlwdGlvbnMvZjU1N2I5NmQtMjMwOC00YTE4LWFhZTEtYjhmN2U3ZTcwY2M3L29wZXJhdGlvbnJlc3VsdHMvZXlKcWIySkpaQ0k2SWxKRlUwOVZVa05GUjFKUFZWQkVSVXhGVkVsUFRrcFBRaTFRVjFNNk1rUlRSRXM2TWtSVVJWTlVVem95UkZKSFNsVlhRMUF0VjBWVFZGVlRNaUlzSW1wdllreHZZMkYwYVc5dUlqb2lkMlZ6ZEhWek1pSjk/YXBpLXZlcnNpb249MjAxNi0wOS0wMQ==",
      "RequestMethod": "GET",
      "RequestBody": "",
      "RequestHeaders": {
        "User-Agent": [
          "FxVersion/4.6.27019.06",
          "OSName/Windows",
          "OSVersion/Microsoft.Windows.10.0.17134.",
          "Microsoft.Azure.Management.Internal.Resources.ResourceManagementClient/1.1.13"
        ]
      },
      "ResponseHeaders": {
        "Cache-Control": [
          "no-cache"
        ],
        "Pragma": [
          "no-cache"
        ],
        "Location": [
          "https://management.azure.com/subscriptions/f557b96d-2308-4a18-aae1-b8f7e7e70cc7/operationresults/eyJqb2JJZCI6IlJFU09VUkNFR1JPVVBERUxFVElPTkpPQi1QV1M6MkRTREs6MkRURVNUUzoyRFJHSlVXQ1AtV0VTVFVTMiIsImpvYkxvY2F0aW9uIjoid2VzdHVzMiJ9?api-version=2016-09-01"
        ],
        "Retry-After": [
          "15"
        ],
        "x-ms-ratelimit-remaining-subscription-reads": [
          "11990"
        ],
        "x-ms-request-id": [
          "fd2c821a-b4fd-4e70-b1ec-fce4167254b5"
        ],
        "x-ms-correlation-request-id": [
          "fd2c821a-b4fd-4e70-b1ec-fce4167254b5"
        ],
        "x-ms-routing-request-id": [
          "SOUTHEASTASIA:20190227T115154Z:fd2c821a-b4fd-4e70-b1ec-fce4167254b5"
        ],
        "Strict-Transport-Security": [
          "max-age=31536000; includeSubDomains"
        ],
        "X-Content-Type-Options": [
          "nosniff"
        ],
        "Date": [
          "Wed, 27 Feb 2019 11:51:54 GMT"
        ],
        "Expires": [
          "-1"
        ],
        "Content-Length": [
          "0"
        ]
      },
      "ResponseBody": "",
      "StatusCode": 202
    },
    {
      "RequestUri": "/subscriptions/f557b96d-2308-4a18-aae1-b8f7e7e70cc7/operationresults/eyJqb2JJZCI6IlJFU09VUkNFR1JPVVBERUxFVElPTkpPQi1QV1M6MkRTREs6MkRURVNUUzoyRFJHSlVXQ1AtV0VTVFVTMiIsImpvYkxvY2F0aW9uIjoid2VzdHVzMiJ9?api-version=2016-09-01",
      "EncodedRequestUri": "L3N1YnNjcmlwdGlvbnMvZjU1N2I5NmQtMjMwOC00YTE4LWFhZTEtYjhmN2U3ZTcwY2M3L29wZXJhdGlvbnJlc3VsdHMvZXlKcWIySkpaQ0k2SWxKRlUwOVZVa05GUjFKUFZWQkVSVXhGVkVsUFRrcFBRaTFRVjFNNk1rUlRSRXM2TWtSVVJWTlVVem95UkZKSFNsVlhRMUF0VjBWVFZGVlRNaUlzSW1wdllreHZZMkYwYVc5dUlqb2lkMlZ6ZEhWek1pSjk/YXBpLXZlcnNpb249MjAxNi0wOS0wMQ==",
      "RequestMethod": "GET",
      "RequestBody": "",
      "RequestHeaders": {
        "User-Agent": [
          "FxVersion/4.6.27019.06",
          "OSName/Windows",
          "OSVersion/Microsoft.Windows.10.0.17134.",
          "Microsoft.Azure.Management.Internal.Resources.ResourceManagementClient/1.1.13"
        ]
      },
      "ResponseHeaders": {
        "Cache-Control": [
          "no-cache"
        ],
        "Pragma": [
          "no-cache"
        ],
        "Location": [
          "https://management.azure.com/subscriptions/f557b96d-2308-4a18-aae1-b8f7e7e70cc7/operationresults/eyJqb2JJZCI6IlJFU09VUkNFR1JPVVBERUxFVElPTkpPQi1QV1M6MkRTREs6MkRURVNUUzoyRFJHSlVXQ1AtV0VTVFVTMiIsImpvYkxvY2F0aW9uIjoid2VzdHVzMiJ9?api-version=2016-09-01"
        ],
        "Retry-After": [
          "15"
        ],
        "x-ms-ratelimit-remaining-subscription-reads": [
          "11989"
        ],
        "x-ms-request-id": [
          "a78d0261-c06f-4fe5-b7cb-b2d1017ff04f"
        ],
        "x-ms-correlation-request-id": [
          "a78d0261-c06f-4fe5-b7cb-b2d1017ff04f"
        ],
        "x-ms-routing-request-id": [
          "SOUTHEASTASIA:20190227T115210Z:a78d0261-c06f-4fe5-b7cb-b2d1017ff04f"
        ],
        "Strict-Transport-Security": [
          "max-age=31536000; includeSubDomains"
        ],
        "X-Content-Type-Options": [
          "nosniff"
        ],
        "Date": [
          "Wed, 27 Feb 2019 11:52:09 GMT"
        ],
        "Expires": [
          "-1"
        ],
        "Content-Length": [
          "0"
        ]
      },
      "ResponseBody": "",
      "StatusCode": 202
    },
    {
      "RequestUri": "/subscriptions/f557b96d-2308-4a18-aae1-b8f7e7e70cc7/operationresults/eyJqb2JJZCI6IlJFU09VUkNFR1JPVVBERUxFVElPTkpPQi1QV1M6MkRTREs6MkRURVNUUzoyRFJHSlVXQ1AtV0VTVFVTMiIsImpvYkxvY2F0aW9uIjoid2VzdHVzMiJ9?api-version=2016-09-01",
      "EncodedRequestUri": "L3N1YnNjcmlwdGlvbnMvZjU1N2I5NmQtMjMwOC00YTE4LWFhZTEtYjhmN2U3ZTcwY2M3L29wZXJhdGlvbnJlc3VsdHMvZXlKcWIySkpaQ0k2SWxKRlUwOVZVa05GUjFKUFZWQkVSVXhGVkVsUFRrcFBRaTFRVjFNNk1rUlRSRXM2TWtSVVJWTlVVem95UkZKSFNsVlhRMUF0VjBWVFZGVlRNaUlzSW1wdllreHZZMkYwYVc5dUlqb2lkMlZ6ZEhWek1pSjk/YXBpLXZlcnNpb249MjAxNi0wOS0wMQ==",
      "RequestMethod": "GET",
      "RequestBody": "",
      "RequestHeaders": {
        "User-Agent": [
          "FxVersion/4.6.27019.06",
          "OSName/Windows",
          "OSVersion/Microsoft.Windows.10.0.17134.",
          "Microsoft.Azure.Management.Internal.Resources.ResourceManagementClient/1.1.13"
        ]
      },
      "ResponseHeaders": {
        "Cache-Control": [
          "no-cache"
        ],
        "Pragma": [
          "no-cache"
        ],
        "Location": [
          "https://management.azure.com/subscriptions/f557b96d-2308-4a18-aae1-b8f7e7e70cc7/operationresults/eyJqb2JJZCI6IlJFU09VUkNFR1JPVVBERUxFVElPTkpPQi1QV1M6MkRTREs6MkRURVNUUzoyRFJHSlVXQ1AtV0VTVFVTMiIsImpvYkxvY2F0aW9uIjoid2VzdHVzMiJ9?api-version=2016-09-01"
        ],
        "Retry-After": [
          "15"
        ],
        "x-ms-ratelimit-remaining-subscription-reads": [
          "11988"
        ],
        "x-ms-request-id": [
          "3d03198c-6633-4e8f-93a9-2cbb18567bdc"
        ],
        "x-ms-correlation-request-id": [
          "3d03198c-6633-4e8f-93a9-2cbb18567bdc"
        ],
        "x-ms-routing-request-id": [
          "SOUTHEASTASIA:20190227T115225Z:3d03198c-6633-4e8f-93a9-2cbb18567bdc"
        ],
        "Strict-Transport-Security": [
          "max-age=31536000; includeSubDomains"
        ],
        "X-Content-Type-Options": [
          "nosniff"
        ],
        "Date": [
          "Wed, 27 Feb 2019 11:52:25 GMT"
        ],
        "Expires": [
          "-1"
        ],
        "Content-Length": [
          "0"
        ]
      },
      "ResponseBody": "",
      "StatusCode": 202
    },
    {
      "RequestUri": "/subscriptions/f557b96d-2308-4a18-aae1-b8f7e7e70cc7/operationresults/eyJqb2JJZCI6IlJFU09VUkNFR1JPVVBERUxFVElPTkpPQi1QV1M6MkRTREs6MkRURVNUUzoyRFJHSlVXQ1AtV0VTVFVTMiIsImpvYkxvY2F0aW9uIjoid2VzdHVzMiJ9?api-version=2016-09-01",
      "EncodedRequestUri": "L3N1YnNjcmlwdGlvbnMvZjU1N2I5NmQtMjMwOC00YTE4LWFhZTEtYjhmN2U3ZTcwY2M3L29wZXJhdGlvbnJlc3VsdHMvZXlKcWIySkpaQ0k2SWxKRlUwOVZVa05GUjFKUFZWQkVSVXhGVkVsUFRrcFBRaTFRVjFNNk1rUlRSRXM2TWtSVVJWTlVVem95UkZKSFNsVlhRMUF0VjBWVFZGVlRNaUlzSW1wdllreHZZMkYwYVc5dUlqb2lkMlZ6ZEhWek1pSjk/YXBpLXZlcnNpb249MjAxNi0wOS0wMQ==",
      "RequestMethod": "GET",
      "RequestBody": "",
      "RequestHeaders": {
        "User-Agent": [
          "FxVersion/4.6.27019.06",
          "OSName/Windows",
          "OSVersion/Microsoft.Windows.10.0.17134.",
          "Microsoft.Azure.Management.Internal.Resources.ResourceManagementClient/1.1.13"
        ]
      },
      "ResponseHeaders": {
        "Cache-Control": [
          "no-cache"
        ],
        "Pragma": [
          "no-cache"
        ],
        "Location": [
          "https://management.azure.com/subscriptions/f557b96d-2308-4a18-aae1-b8f7e7e70cc7/operationresults/eyJqb2JJZCI6IlJFU09VUkNFR1JPVVBERUxFVElPTkpPQi1QV1M6MkRTREs6MkRURVNUUzoyRFJHSlVXQ1AtV0VTVFVTMiIsImpvYkxvY2F0aW9uIjoid2VzdHVzMiJ9?api-version=2016-09-01"
        ],
        "Retry-After": [
          "15"
        ],
        "x-ms-ratelimit-remaining-subscription-reads": [
          "11987"
        ],
        "x-ms-request-id": [
          "525fa1a0-f71f-451d-ade9-979d0bdf58c0"
        ],
        "x-ms-correlation-request-id": [
          "525fa1a0-f71f-451d-ade9-979d0bdf58c0"
        ],
        "x-ms-routing-request-id": [
          "SOUTHEASTASIA:20190227T115241Z:525fa1a0-f71f-451d-ade9-979d0bdf58c0"
        ],
        "Strict-Transport-Security": [
          "max-age=31536000; includeSubDomains"
        ],
        "X-Content-Type-Options": [
          "nosniff"
        ],
        "Date": [
          "Wed, 27 Feb 2019 11:52:41 GMT"
        ],
        "Expires": [
          "-1"
        ],
        "Content-Length": [
          "0"
        ]
      },
      "ResponseBody": "",
      "StatusCode": 202
    },
    {
      "RequestUri": "/subscriptions/f557b96d-2308-4a18-aae1-b8f7e7e70cc7/operationresults/eyJqb2JJZCI6IlJFU09VUkNFR1JPVVBERUxFVElPTkpPQi1QV1M6MkRTREs6MkRURVNUUzoyRFJHSlVXQ1AtV0VTVFVTMiIsImpvYkxvY2F0aW9uIjoid2VzdHVzMiJ9?api-version=2016-09-01",
      "EncodedRequestUri": "L3N1YnNjcmlwdGlvbnMvZjU1N2I5NmQtMjMwOC00YTE4LWFhZTEtYjhmN2U3ZTcwY2M3L29wZXJhdGlvbnJlc3VsdHMvZXlKcWIySkpaQ0k2SWxKRlUwOVZVa05GUjFKUFZWQkVSVXhGVkVsUFRrcFBRaTFRVjFNNk1rUlRSRXM2TWtSVVJWTlVVem95UkZKSFNsVlhRMUF0VjBWVFZGVlRNaUlzSW1wdllreHZZMkYwYVc5dUlqb2lkMlZ6ZEhWek1pSjk/YXBpLXZlcnNpb249MjAxNi0wOS0wMQ==",
      "RequestMethod": "GET",
      "RequestBody": "",
      "RequestHeaders": {
        "User-Agent": [
          "FxVersion/4.6.27019.06",
          "OSName/Windows",
          "OSVersion/Microsoft.Windows.10.0.17134.",
          "Microsoft.Azure.Management.Internal.Resources.ResourceManagementClient/1.1.13"
        ]
      },
      "ResponseHeaders": {
        "Cache-Control": [
          "no-cache"
        ],
        "Pragma": [
          "no-cache"
        ],
        "x-ms-ratelimit-remaining-subscription-reads": [
          "11986"
        ],
        "x-ms-request-id": [
          "407bc8f5-205e-4cc1-aae0-20103f8aead7"
        ],
        "x-ms-correlation-request-id": [
          "407bc8f5-205e-4cc1-aae0-20103f8aead7"
        ],
        "x-ms-routing-request-id": [
          "SOUTHEASTASIA:20190227T115257Z:407bc8f5-205e-4cc1-aae0-20103f8aead7"
        ],
        "Strict-Transport-Security": [
          "max-age=31536000; includeSubDomains"
        ],
        "X-Content-Type-Options": [
          "nosniff"
        ],
        "Date": [
          "Wed, 27 Feb 2019 11:52:57 GMT"
        ],
        "Expires": [
          "-1"
        ],
        "Content-Length": [
          "0"
        ]
      },
      "ResponseBody": "",
      "StatusCode": 200
    },
    {
      "RequestUri": "/subscriptions/f557b96d-2308-4a18-aae1-b8f7e7e70cc7/operationresults/eyJqb2JJZCI6IlJFU09VUkNFR1JPVVBERUxFVElPTkpPQi1QV1M6MkRTREs6MkRURVNUUzoyRFJHSlVXQ1AtV0VTVFVTMiIsImpvYkxvY2F0aW9uIjoid2VzdHVzMiJ9?api-version=2016-09-01",
      "EncodedRequestUri": "L3N1YnNjcmlwdGlvbnMvZjU1N2I5NmQtMjMwOC00YTE4LWFhZTEtYjhmN2U3ZTcwY2M3L29wZXJhdGlvbnJlc3VsdHMvZXlKcWIySkpaQ0k2SWxKRlUwOVZVa05GUjFKUFZWQkVSVXhGVkVsUFRrcFBRaTFRVjFNNk1rUlRSRXM2TWtSVVJWTlVVem95UkZKSFNsVlhRMUF0VjBWVFZGVlRNaUlzSW1wdllreHZZMkYwYVc5dUlqb2lkMlZ6ZEhWek1pSjk/YXBpLXZlcnNpb249MjAxNi0wOS0wMQ==",
      "RequestMethod": "GET",
      "RequestBody": "",
      "RequestHeaders": {
        "User-Agent": [
          "FxVersion/4.6.27019.06",
          "OSName/Windows",
          "OSVersion/Microsoft.Windows.10.0.17134.",
          "Microsoft.Azure.Management.Internal.Resources.ResourceManagementClient/1.1.13"
        ]
      },
      "ResponseHeaders": {
        "Cache-Control": [
          "no-cache"
        ],
        "Pragma": [
          "no-cache"
        ],
        "x-ms-ratelimit-remaining-subscription-reads": [
          "11985"
        ],
        "x-ms-request-id": [
          "5f409762-b9d0-4a25-a085-26d661692324"
        ],
        "x-ms-correlation-request-id": [
          "5f409762-b9d0-4a25-a085-26d661692324"
        ],
        "x-ms-routing-request-id": [
          "SOUTHEASTASIA:20190227T115258Z:5f409762-b9d0-4a25-a085-26d661692324"
        ],
        "Strict-Transport-Security": [
          "max-age=31536000; includeSubDomains"
        ],
        "X-Content-Type-Options": [
          "nosniff"
        ],
        "Date": [
          "Wed, 27 Feb 2019 11:52:57 GMT"
        ],
        "Expires": [
          "-1"
        ],
        "Content-Length": [
          "0"
        ]
      },
      "ResponseBody": "",
      "StatusCode": 200
    }
  ],
  "Names": {},
  "Variables": {
    "SubscriptionId": "f557b96d-2308-4a18-aae1-b8f7e7e70cc7"
  }
}