{
  "Entries": [
    {
      "RequestUri": "/cca24ec8-99b5-4aa7-9ff6-486e886f304c/services/storageservices",
      "EncodedRequestUri": "L2NjYTI0ZWM4LTk5YjUtNGFhNy05ZmY2LTQ4NmU4ODZmMzA0Yy9zZXJ2aWNlcy9zdG9yYWdlc2VydmljZXM=",
      "RequestMethod": "POST",
      "RequestBody": "<CreateStorageServiceInput xmlns=\"http://schemas.microsoft.com/windowsazure\">\r\n  <ServiceName>auditcmdlets101</ServiceName>\r\n  <Description p2:nil=\"true\" xmlns:p2=\"http://www.w3.org/2001/XMLSchema-instance\" />\r\n  <Label>YXVkaXRjbWRsZXRzMTAx</Label>\r\n  <Location>West US</Location>\r\n  <AccountType>Standard_GRS</AccountType>\r\n</CreateStorageServiceInput>",
      "RequestHeaders": {
        "Content-Type": [
          "application/xml"
        ],
        "Content-Length": [
          "353"
        ],
        "x-ms-version": [
          "2014-10-01"
        ],
        "User-Agent": [
          "Microsoft.WindowsAzure.Management.Storage.StorageManagementClient/5.0.0.0"
        ]
      },
      "ResponseBody": "",
      "ResponseHeaders": {
        "Content-Length": [
          "0"
        ],
        "x-ms-servedbyregion": [
          "ussouth3"
        ],
        "x-ms-request-id": [
          "eb806299ccb6b2ebb2c4742297157db1"
        ],
        "Cache-Control": [
          "no-cache"
        ],
        "Date": [
          "Wed, 01 Jul 2015 11:41:59 GMT"
        ],
        "Location": [
          "https://management.core.windows.net/subscriptions/cca24ec8-99b5-4aa7-9ff6-486e886f304c/storage/auditcmdlets101"
        ],
        "Server": [
          "1.0.6198.243",
          "(rd_rdfe_stable.150618-1025)",
          "Microsoft-HTTPAPI/2.0"
        ]
      },
      "StatusCode": 202
    },
    {
      "RequestUri": "/cca24ec8-99b5-4aa7-9ff6-486e886f304c/operations/eb806299ccb6b2ebb2c4742297157db1",
      "EncodedRequestUri": "L2NjYTI0ZWM4LTk5YjUtNGFhNy05ZmY2LTQ4NmU4ODZmMzA0Yy9vcGVyYXRpb25zL2ViODA2Mjk5Y2NiNmIyZWJiMmM0NzQyMjk3MTU3ZGIx",
      "RequestMethod": "GET",
      "RequestBody": "",
      "RequestHeaders": {
        "x-ms-version": [
          "2014-10-01"
        ],
        "User-Agent": [
          "Microsoft.WindowsAzure.Management.Storage.StorageManagementClient/5.0.0.0"
        ]
      },
      "ResponseBody": "<Operation xmlns=\"http://schemas.microsoft.com/windowsazure\" xmlns:i=\"http://www.w3.org/2001/XMLSchema-instance\">\r\n  <ID>eb806299-ccb6-b2eb-b2c4-742297157db1</ID>\r\n  <Status>InProgress</Status>\r\n</Operation>",
      "ResponseHeaders": {
        "Content-Length": [
          "197"
        ],
        "Content-Type": [
          "application/xml; charset=utf-8"
        ],
        "x-ms-servedbyregion": [
          "ussouth3"
        ],
        "x-ms-request-id": [
          "70152fe1a03eb11886c8e0a776f6fc37"
        ],
        "Cache-Control": [
          "no-cache"
        ],
        "Date": [
          "Wed, 01 Jul 2015 11:41:59 GMT"
        ],
        "Server": [
          "1.0.6198.243",
          "(rd_rdfe_stable.150618-1025)",
          "Microsoft-HTTPAPI/2.0"
        ]
      },
      "StatusCode": 200
    },
    {
      "RequestUri": "/cca24ec8-99b5-4aa7-9ff6-486e886f304c/operations/eb806299ccb6b2ebb2c4742297157db1",
      "EncodedRequestUri": "L2NjYTI0ZWM4LTk5YjUtNGFhNy05ZmY2LTQ4NmU4ODZmMzA0Yy9vcGVyYXRpb25zL2ViODA2Mjk5Y2NiNmIyZWJiMmM0NzQyMjk3MTU3ZGIx",
      "RequestMethod": "GET",
      "RequestBody": "",
      "RequestHeaders": {
        "x-ms-version": [
          "2014-10-01"
        ],
        "User-Agent": [
          "Microsoft.WindowsAzure.Management.Storage.StorageManagementClient/5.0.0.0"
        ]
      },
      "ResponseBody": "<Operation xmlns=\"http://schemas.microsoft.com/windowsazure\" xmlns:i=\"http://www.w3.org/2001/XMLSchema-instance\">\r\n  <ID>eb806299-ccb6-b2eb-b2c4-742297157db1</ID>\r\n  <Status>InProgress</Status>\r\n</Operation>",
      "ResponseHeaders": {
        "Content-Length": [
          "197"
        ],
        "Content-Type": [
          "application/xml; charset=utf-8"
        ],
        "x-ms-servedbyregion": [
          "ussouth3"
        ],
        "x-ms-request-id": [
          "989663328cdfb879a7f65e0759b640bc"
        ],
        "Cache-Control": [
          "no-cache"
        ],
        "Date": [
          "Wed, 01 Jul 2015 11:42:30 GMT"
        ],
        "Server": [
          "1.0.6198.243",
          "(rd_rdfe_stable.150618-1025)",
          "Microsoft-HTTPAPI/2.0"
        ]
      },
      "StatusCode": 200
    },
    {
      "RequestUri": "/cca24ec8-99b5-4aa7-9ff6-486e886f304c/operations/eb806299ccb6b2ebb2c4742297157db1",
      "EncodedRequestUri": "L2NjYTI0ZWM4LTk5YjUtNGFhNy05ZmY2LTQ4NmU4ODZmMzA0Yy9vcGVyYXRpb25zL2ViODA2Mjk5Y2NiNmIyZWJiMmM0NzQyMjk3MTU3ZGIx",
      "RequestMethod": "GET",
      "RequestBody": "",
      "RequestHeaders": {
        "x-ms-version": [
          "2014-10-01"
        ],
        "User-Agent": [
          "Microsoft.WindowsAzure.Management.Storage.StorageManagementClient/5.0.0.0"
        ]
      },
      "ResponseBody": "<Operation xmlns=\"http://schemas.microsoft.com/windowsazure\" xmlns:i=\"http://www.w3.org/2001/XMLSchema-instance\">\r\n  <ID>eb806299-ccb6-b2eb-b2c4-742297157db1</ID>\r\n  <Status>Succeeded</Status>\r\n  <HttpStatusCode>200</HttpStatusCode>\r\n</Operation>",
      "ResponseHeaders": {
        "Content-Length": [
          "232"
        ],
        "Content-Type": [
          "application/xml; charset=utf-8"
        ],
        "x-ms-servedbyregion": [
          "ussouth3"
        ],
        "x-ms-request-id": [
          "c1196a11a57db2879317c1a68e0e3b25"
        ],
        "Cache-Control": [
          "no-cache"
        ],
        "Date": [
          "Wed, 01 Jul 2015 11:43:00 GMT"
        ],
        "Server": [
          "1.0.6198.243",
          "(rd_rdfe_stable.150618-1025)",
          "Microsoft-HTTPAPI/2.0"
        ]
      },
      "StatusCode": 200
    },
    {
      "RequestUri": "/subscriptions/cca24ec8-99b5-4aa7-9ff6-486e886f304c/resourcegroups/sql-audit-cmdlet-test-rg101?api-version=2014-04-01-preview",
      "EncodedRequestUri": "L3N1YnNjcmlwdGlvbnMvY2NhMjRlYzgtOTliNS00YWE3LTlmZjYtNDg2ZTg4NmYzMDRjL3Jlc291cmNlZ3JvdXBzL3NxbC1hdWRpdC1jbWRsZXQtdGVzdC1yZzEwMT9hcGktdmVyc2lvbj0yMDE0LTA0LTAxLXByZXZpZXc=",
      "RequestMethod": "HEAD",
      "RequestBody": "",
      "RequestHeaders": {
        "User-Agent": [
          "Microsoft.Azure.Management.Resources.ResourceManagementClient/2.0.0.0"
        ]
      },
      "ResponseBody": "",
      "ResponseHeaders": {
        "Content-Length": [
          "119"
        ],
        "Content-Type": [
          "application/json; charset=utf-8"
        ],
        "Expires": [
          "-1"
        ],
        "Pragma": [
          "no-cache"
        ],
        "x-ms-failure-cause": [
          "gateway"
        ],
        "x-ms-ratelimit-remaining-subscription-reads": [
          "14974"
        ],
        "x-ms-request-id": [
          "c4aced68-f2ab-4282-8ce4-adbb36e85f92"
        ],
        "x-ms-correlation-request-id": [
          "c4aced68-f2ab-4282-8ce4-adbb36e85f92"
        ],
        "x-ms-routing-request-id": [
          "WESTEUROPE:20150701T114300Z:c4aced68-f2ab-4282-8ce4-adbb36e85f92"
        ],
        "Strict-Transport-Security": [
          "max-age=31536000; includeSubDomains"
        ],
        "Cache-Control": [
          "no-cache"
        ],
        "Date": [
          "Wed, 01 Jul 2015 11:43:00 GMT"
        ]
      },
      "StatusCode": 404
    },
    {
      "RequestUri": "/subscriptions/cca24ec8-99b5-4aa7-9ff6-486e886f304c/resourcegroups/sql-audit-cmdlet-test-rg101?api-version=2014-04-01-preview",
      "EncodedRequestUri": "L3N1YnNjcmlwdGlvbnMvY2NhMjRlYzgtOTliNS00YWE3LTlmZjYtNDg2ZTg4NmYzMDRjL3Jlc291cmNlZ3JvdXBzL3NxbC1hdWRpdC1jbWRsZXQtdGVzdC1yZzEwMT9hcGktdmVyc2lvbj0yMDE0LTA0LTAxLXByZXZpZXc=",
      "RequestMethod": "PUT",
      "RequestBody": "{\r\n  \"location\": \"West US\"\r\n}",
      "RequestHeaders": {
        "Content-Type": [
          "application/json; charset=utf-8"
        ],
        "Content-Length": [
          "29"
        ],
        "User-Agent": [
          "Microsoft.Azure.Management.Resources.ResourceManagementClient/2.0.0.0"
        ]
      },
      "ResponseBody": "{\r\n  \"id\": \"/subscriptions/cca24ec8-99b5-4aa7-9ff6-486e886f304c/resourceGroups/sql-audit-cmdlet-test-rg101\",\r\n  \"name\": \"sql-audit-cmdlet-test-rg101\",\r\n  \"location\": \"westus\",\r\n  \"properties\": {\r\n    \"provisioningState\": \"Succeeded\"\r\n  }\r\n}",
      "ResponseHeaders": {
        "Content-Length": [
          "207"
        ],
        "Content-Type": [
          "application/json; charset=utf-8"
        ],
        "Expires": [
          "-1"
        ],
        "Pragma": [
          "no-cache"
        ],
        "x-ms-ratelimit-remaining-subscription-writes": [
          "1195"
        ],
        "x-ms-request-id": [
          "dbd2ffd2-16d8-4361-bd9e-35fd0eaac9c5"
        ],
        "x-ms-correlation-request-id": [
          "dbd2ffd2-16d8-4361-bd9e-35fd0eaac9c5"
        ],
        "x-ms-routing-request-id": [
          "WESTEUROPE:20150701T114302Z:dbd2ffd2-16d8-4361-bd9e-35fd0eaac9c5"
        ],
        "Strict-Transport-Security": [
          "max-age=31536000; includeSubDomains"
        ],
        "Cache-Control": [
          "no-cache"
        ],
        "Date": [
          "Wed, 01 Jul 2015 11:43:02 GMT"
        ]
      },
      "StatusCode": 201
    },
    {
      "RequestUri": "/subscriptions/cca24ec8-99b5-4aa7-9ff6-486e886f304c/resourcegroups/sql-audit-cmdlet-test-rg101/deployments/sql-audit-test-env-setup/validate?api-version=2014-04-01-preview",
      "EncodedRequestUri": "L3N1YnNjcmlwdGlvbnMvY2NhMjRlYzgtOTliNS00YWE3LTlmZjYtNDg2ZTg4NmYzMDRjL3Jlc291cmNlZ3JvdXBzL3NxbC1hdWRpdC1jbWRsZXQtdGVzdC1yZzEwMS9kZXBsb3ltZW50cy9zcWwtYXVkaXQtdGVzdC1lbnYtc2V0dXAvdmFsaWRhdGU/YXBpLXZlcnNpb249MjAxNC0wNC0wMS1wcmV2aWV3",
      "RequestMethod": "POST",
      "RequestBody": "{\r\n  \"properties\": {\r\n    \"template\": {\r\n      \"$schema\": \"http://schemas.management.azure.com/deploymentTemplate?api-version=2014-04-01-preview\",\r\n      \"contentVersion\": \"1.0.0.0\",\r\n      \"parameters\": {\r\n        \"administratorLogin\": {\r\n          \"type\": \"string\",\r\n          \"defaultValue\": \"testlogin\"\r\n        },\r\n        \"administratorLoginPassword\": {\r\n          \"type\": \"securestring\",\r\n          \"defaultValue\": \"testp@ssMakingIt1007Longer\"\r\n        },\r\n        \"collation\": {\r\n          \"type\": \"string\",\r\n          \"defaultValue\": \"SQL_Latin1_General_CP1_CI_AS\"\r\n        },\r\n        \"databaseName\": {\r\n          \"type\": \"string\"\r\n        },\r\n        \"edition\": {\r\n          \"type\": \"string\",\r\n          \"defaultValue\": \"Basic\"\r\n        },\r\n        \"configuredServiceLevelObjectiveId\": {\r\n          \"type\": \"string\",\r\n          \"defaultValue\": \"910b4fcb-8a29-4c3e-958f-f7ba794388b2\"\r\n        },\r\n        \"EnvLocation\": {\r\n          \"type\": \"string\"\r\n        },\r\n        \"serverName\": {\r\n          \"type\": \"string\"\r\n        }\r\n      },\r\n      \"resources\": [\r\n        {\r\n          \"apiVersion\": \"2.0\",\r\n          \"location\": \"[parameters('EnvLocation')]\",\r\n          \"name\": \"[parameters('serverName')]\",\r\n          \"properties\": {\r\n            \"administratorLogin\": \"[parameters('administratorLogin')]\",\r\n            \"administratorLoginPassword\": \"[parameters('administratorLoginPassword')]\"\r\n          },\r\n          \"resources\": [\r\n            {\r\n              \"apiVersion\": \"2.0\",\r\n              \"dependsOn\": [\r\n                \"[concat('Microsoft.Sql/servers/', parameters('serverName'))]\"\r\n              ],\r\n              \"location\": \"[parameters('EnvLocation')]\",\r\n              \"name\": \"[parameters('databaseName')]\",\r\n              \"properties\": {\r\n                \"collation\": \"[parameters('collation')]\",\r\n                \"edition\": \"[parameters('edition')]\",\r\n                \"maxSizeBytes\": \"1073741824\"\r\n              },\r\n              \"type\": \"databases\"\r\n            }\r\n          ],\r\n          \"type\": \"Microsoft.Sql/servers\"\r\n        }\r\n      ]\r\n    },\r\n    \"parameters\": {\r\n      \"databaseName\": {\r\n        \"value\": \"sql-audit-cmdlet-db101\"\r\n      },\r\n      \"serverName\": {\r\n        \"value\": \"sql-audit-cmdlet-server101\"\r\n      },\r\n      \"EnvLocation\": {\r\n        \"value\": \"West US\"\r\n      }\r\n    },\r\n    \"mode\": \"Incremental\"\r\n  }\r\n}",
      "RequestHeaders": {
        "Content-Type": [
          "application/json; charset=utf-8"
        ],
        "Content-Length": [
          "2360"
        ],
        "User-Agent": [
          "Microsoft.Azure.Management.Resources.ResourceManagementClient/2.0.0.0"
        ]
      },
      "ResponseBody": "{\r\n  \"id\": \"/subscriptions/cca24ec8-99b5-4aa7-9ff6-486e886f304c/resourceGroups/sql-audit-cmdlet-test-rg101/deployments/sql-audit-test-env-setup\",\r\n  \"name\": \"sql-audit-test-env-setup\",\r\n  \"properties\": {\r\n    \"parameters\": {\r\n      \"administratorLogin\": {\r\n        \"type\": \"String\",\r\n        \"value\": \"testlogin\"\r\n      },\r\n      \"administratorLoginPassword\": {\r\n        \"type\": \"SecureString\"\r\n      },\r\n      \"collation\": {\r\n        \"type\": \"String\",\r\n        \"value\": \"SQL_Latin1_General_CP1_CI_AS\"\r\n      },\r\n      \"databaseName\": {\r\n        \"type\": \"String\",\r\n        \"value\": \"sql-audit-cmdlet-db101\"\r\n      },\r\n      \"edition\": {\r\n        \"type\": \"String\",\r\n        \"value\": \"Basic\"\r\n      },\r\n      \"configuredServiceLevelObjectiveId\": {\r\n        \"type\": \"String\",\r\n        \"value\": \"910b4fcb-8a29-4c3e-958f-f7ba794388b2\"\r\n      },\r\n      \"envLocation\": {\r\n        \"type\": \"String\",\r\n        \"value\": \"West US\"\r\n      },\r\n      \"serverName\": {\r\n        \"type\": \"String\",\r\n        \"value\": \"sql-audit-cmdlet-server101\"\r\n      }\r\n    },\r\n    \"mode\": \"Incremental\",\r\n    \"provisioningState\": \"Accepted\",\r\n    \"timestamp\": \"2015-07-01T11:43:03.6167045Z\",\r\n    \"duration\": \"PT0S\",\r\n    \"correlationId\": \"a895444a-a79d-445a-8609-1b24eaa52e5d\",\r\n    \"providers\": [\r\n      {\r\n        \"namespace\": \"Microsoft.Sql\",\r\n        \"resourceTypes\": [\r\n          {\r\n            \"resourceType\": \"servers\",\r\n            \"locations\": [\r\n              \"westus\"\r\n            ]\r\n          },\r\n          {\r\n            \"resourceType\": \"servers/databases\",\r\n            \"locations\": [\r\n              \"westus\"\r\n            ]\r\n          }\r\n        ]\r\n      }\r\n    ],\r\n    \"dependencies\": [\r\n      {\r\n        \"dependsOn\": [\r\n          {\r\n            \"id\": \"/subscriptions/cca24ec8-99b5-4aa7-9ff6-486e886f304c/resourceGroups/sql-audit-cmdlet-test-rg101/providers/Microsoft.Sql/servers/sql-audit-cmdlet-server101\",\r\n            \"resourceType\": \"Microsoft.Sql/servers\",\r\n            \"resourceName\": \"sql-audit-cmdlet-server101\"\r\n          }\r\n        ],\r\n        \"id\": \"/subscriptions/cca24ec8-99b5-4aa7-9ff6-486e886f304c/resourceGroups/sql-audit-cmdlet-test-rg101/providers/Microsoft.Sql/servers/sql-audit-cmdlet-server101/databases/sql-audit-cmdlet-db101\",\r\n        \"resourceType\": \"Microsoft.Sql/servers/databases\",\r\n        \"resourceName\": \"sql-audit-cmdlet-server101/sql-audit-cmdlet-db101\"\r\n      }\r\n    ]\r\n  }\r\n}",
      "ResponseHeaders": {
        "Content-Length": [
          "1643"
        ],
        "Content-Type": [
          "application/json; charset=utf-8"
        ],
        "Expires": [
          "-1"
        ],
        "Pragma": [
          "no-cache"
        ],
        "x-ms-ratelimit-remaining-subscription-writes": [
          "1194"
        ],
        "x-ms-request-id": [
          "a895444a-a79d-445a-8609-1b24eaa52e5d"
        ],
        "x-ms-correlation-request-id": [
          "a895444a-a79d-445a-8609-1b24eaa52e5d"
        ],
        "x-ms-routing-request-id": [
          "WESTEUROPE:20150701T114303Z:a895444a-a79d-445a-8609-1b24eaa52e5d"
        ],
        "Strict-Transport-Security": [
          "max-age=31536000; includeSubDomains"
        ],
        "Cache-Control": [
          "no-cache"
        ],
        "Date": [
          "Wed, 01 Jul 2015 11:43:03 GMT"
        ]
      },
      "StatusCode": 200
    },
    {
      "RequestUri": "/subscriptions/cca24ec8-99b5-4aa7-9ff6-486e886f304c/resourcegroups/sql-audit-cmdlet-test-rg101/deployments/sql-audit-test-env-setup?api-version=2014-04-01-preview",
      "EncodedRequestUri": "L3N1YnNjcmlwdGlvbnMvY2NhMjRlYzgtOTliNS00YWE3LTlmZjYtNDg2ZTg4NmYzMDRjL3Jlc291cmNlZ3JvdXBzL3NxbC1hdWRpdC1jbWRsZXQtdGVzdC1yZzEwMS9kZXBsb3ltZW50cy9zcWwtYXVkaXQtdGVzdC1lbnYtc2V0dXA/YXBpLXZlcnNpb249MjAxNC0wNC0wMS1wcmV2aWV3",
      "RequestMethod": "PUT",
      "RequestBody": "{\r\n  \"properties\": {\r\n    \"template\": {\r\n      \"$schema\": \"http://schemas.management.azure.com/deploymentTemplate?api-version=2014-04-01-preview\",\r\n      \"contentVersion\": \"1.0.0.0\",\r\n      \"parameters\": {\r\n        \"administratorLogin\": {\r\n          \"type\": \"string\",\r\n          \"defaultValue\": \"testlogin\"\r\n        },\r\n        \"administratorLoginPassword\": {\r\n          \"type\": \"securestring\",\r\n          \"defaultValue\": \"testp@ssMakingIt1007Longer\"\r\n        },\r\n        \"collation\": {\r\n          \"type\": \"string\",\r\n          \"defaultValue\": \"SQL_Latin1_General_CP1_CI_AS\"\r\n        },\r\n        \"databaseName\": {\r\n          \"type\": \"string\"\r\n        },\r\n        \"edition\": {\r\n          \"type\": \"string\",\r\n          \"defaultValue\": \"Basic\"\r\n        },\r\n        \"configuredServiceLevelObjectiveId\": {\r\n          \"type\": \"string\",\r\n          \"defaultValue\": \"910b4fcb-8a29-4c3e-958f-f7ba794388b2\"\r\n        },\r\n        \"EnvLocation\": {\r\n          \"type\": \"string\"\r\n        },\r\n        \"serverName\": {\r\n          \"type\": \"string\"\r\n        }\r\n      },\r\n      \"resources\": [\r\n        {\r\n          \"apiVersion\": \"2.0\",\r\n          \"location\": \"[parameters('EnvLocation')]\",\r\n          \"name\": \"[parameters('serverName')]\",\r\n          \"properties\": {\r\n            \"administratorLogin\": \"[parameters('administratorLogin')]\",\r\n            \"administratorLoginPassword\": \"[parameters('administratorLoginPassword')]\"\r\n          },\r\n          \"resources\": [\r\n            {\r\n              \"apiVersion\": \"2.0\",\r\n              \"dependsOn\": [\r\n                \"[concat('Microsoft.Sql/servers/', parameters('serverName'))]\"\r\n              ],\r\n              \"location\": \"[parameters('EnvLocation')]\",\r\n              \"name\": \"[parameters('databaseName')]\",\r\n              \"properties\": {\r\n                \"collation\": \"[parameters('collation')]\",\r\n                \"edition\": \"[parameters('edition')]\",\r\n                \"maxSizeBytes\": \"1073741824\"\r\n              },\r\n              \"type\": \"databases\"\r\n            }\r\n          ],\r\n          \"type\": \"Microsoft.Sql/servers\"\r\n        }\r\n      ]\r\n    },\r\n    \"parameters\": {\r\n      \"databaseName\": {\r\n        \"value\": \"sql-audit-cmdlet-db101\"\r\n      },\r\n      \"serverName\": {\r\n        \"value\": \"sql-audit-cmdlet-server101\"\r\n      },\r\n      \"EnvLocation\": {\r\n        \"value\": \"West US\"\r\n      }\r\n    },\r\n    \"mode\": \"Incremental\"\r\n  }\r\n}",
      "RequestHeaders": {
        "Content-Type": [
          "application/json; charset=utf-8"
        ],
        "Content-Length": [
          "2360"
        ],
        "User-Agent": [
          "Microsoft.Azure.Management.Resources.ResourceManagementClient/2.0.0.0"
        ]
      },
      "ResponseBody": "{\r\n  \"id\": \"/subscriptions/cca24ec8-99b5-4aa7-9ff6-486e886f304c/resourceGroups/sql-audit-cmdlet-test-rg101/deployments/sql-audit-test-env-setup\",\r\n  \"name\": \"sql-audit-test-env-setup\",\r\n  \"properties\": {\r\n    \"parameters\": {\r\n      \"administratorLogin\": {\r\n        \"type\": \"String\",\r\n        \"value\": \"testlogin\"\r\n      },\r\n      \"administratorLoginPassword\": {\r\n        \"type\": \"SecureString\"\r\n      },\r\n      \"collation\": {\r\n        \"type\": \"String\",\r\n        \"value\": \"SQL_Latin1_General_CP1_CI_AS\"\r\n      },\r\n      \"databaseName\": {\r\n        \"type\": \"String\",\r\n        \"value\": \"sql-audit-cmdlet-db101\"\r\n      },\r\n      \"edition\": {\r\n        \"type\": \"String\",\r\n        \"value\": \"Basic\"\r\n      },\r\n      \"configuredServiceLevelObjectiveId\": {\r\n        \"type\": \"String\",\r\n        \"value\": \"910b4fcb-8a29-4c3e-958f-f7ba794388b2\"\r\n      },\r\n      \"envLocation\": {\r\n        \"type\": \"String\",\r\n        \"value\": \"West US\"\r\n      },\r\n      \"serverName\": {\r\n        \"type\": \"String\",\r\n        \"value\": \"sql-audit-cmdlet-server101\"\r\n      }\r\n    },\r\n    \"mode\": \"Incremental\",\r\n    \"provisioningState\": \"Accepted\",\r\n    \"timestamp\": \"2015-07-01T11:43:05.8201053Z\",\r\n    \"duration\": \"PT1.4637798S\",\r\n    \"correlationId\": \"fa16b1bf-22fa-490f-b6c3-c0cb29383089\",\r\n    \"providers\": [\r\n      {\r\n        \"namespace\": \"Microsoft.Sql\",\r\n        \"resourceTypes\": [\r\n          {\r\n            \"resourceType\": \"servers\",\r\n            \"locations\": [\r\n              \"westus\"\r\n            ]\r\n          },\r\n          {\r\n            \"resourceType\": \"servers/databases\",\r\n            \"locations\": [\r\n              \"westus\"\r\n            ]\r\n          }\r\n        ]\r\n      }\r\n    ],\r\n    \"dependencies\": [\r\n      {\r\n        \"dependsOn\": [\r\n          {\r\n            \"id\": \"/subscriptions/cca24ec8-99b5-4aa7-9ff6-486e886f304c/resourceGroups/sql-audit-cmdlet-test-rg101/providers/Microsoft.Sql/servers/sql-audit-cmdlet-server101\",\r\n            \"resourceType\": \"Microsoft.Sql/servers\",\r\n            \"resourceName\": \"sql-audit-cmdlet-server101\"\r\n          }\r\n        ],\r\n        \"id\": \"/subscriptions/cca24ec8-99b5-4aa7-9ff6-486e886f304c/resourceGroups/sql-audit-cmdlet-test-rg101/providers/Microsoft.Sql/servers/sql-audit-cmdlet-server101/databases/sql-audit-cmdlet-db101\",\r\n        \"resourceType\": \"Microsoft.Sql/servers/databases\",\r\n        \"resourceName\": \"sql-audit-cmdlet-server101/sql-audit-cmdlet-db101\"\r\n      }\r\n    ]\r\n  }\r\n}",
      "ResponseHeaders": {
        "Content-Length": [
          "1651"
        ],
        "Content-Type": [
          "application/json; charset=utf-8"
        ],
        "Expires": [
          "-1"
        ],
        "Pragma": [
          "no-cache"
        ],
        "x-ms-ratelimit-remaining-subscription-writes": [
          "1193"
        ],
        "x-ms-request-id": [
          "fa16b1bf-22fa-490f-b6c3-c0cb29383089"
        ],
        "x-ms-correlation-request-id": [
          "fa16b1bf-22fa-490f-b6c3-c0cb29383089"
        ],
        "x-ms-routing-request-id": [
          "WESTEUROPE:20150701T114306Z:fa16b1bf-22fa-490f-b6c3-c0cb29383089"
        ],
        "Strict-Transport-Security": [
          "max-age=31536000; includeSubDomains"
        ],
        "Cache-Control": [
          "no-cache"
        ],
        "Date": [
          "Wed, 01 Jul 2015 11:43:06 GMT"
        ]
      },
      "StatusCode": 201
    },
    {
      "RequestUri": "/subscriptions/cca24ec8-99b5-4aa7-9ff6-486e886f304c/resourcegroups/sql-audit-cmdlet-test-rg101/deployments/sql-audit-test-env-setup/operations?api-version=2014-04-01-preview",
      "EncodedRequestUri": "L3N1YnNjcmlwdGlvbnMvY2NhMjRlYzgtOTliNS00YWE3LTlmZjYtNDg2ZTg4NmYzMDRjL3Jlc291cmNlZ3JvdXBzL3NxbC1hdWRpdC1jbWRsZXQtdGVzdC1yZzEwMS9kZXBsb3ltZW50cy9zcWwtYXVkaXQtdGVzdC1lbnYtc2V0dXAvb3BlcmF0aW9ucz9hcGktdmVyc2lvbj0yMDE0LTA0LTAxLXByZXZpZXc=",
      "RequestMethod": "GET",
      "RequestBody": "",
      "RequestHeaders": {
        "User-Agent": [
          "Microsoft.Azure.Management.Resources.ResourceManagementClient/2.0.0.0"
        ]
      },
      "ResponseBody": "{\r\n  \"value\": []\r\n}",
      "ResponseHeaders": {
        "Content-Length": [
          "12"
        ],
        "Content-Type": [
          "application/json; charset=utf-8"
        ],
        "Expires": [
          "-1"
        ],
        "Pragma": [
          "no-cache"
        ],
        "x-ms-ratelimit-remaining-subscription-reads": [
          "14973"
        ],
        "x-ms-request-id": [
          "9577292e-f2d0-451f-8bf2-4014d67cb02b"
        ],
        "x-ms-correlation-request-id": [
          "9577292e-f2d0-451f-8bf2-4014d67cb02b"
        ],
        "x-ms-routing-request-id": [
          "WESTEUROPE:20150701T114306Z:9577292e-f2d0-451f-8bf2-4014d67cb02b"
        ],
        "Strict-Transport-Security": [
          "max-age=31536000; includeSubDomains"
        ],
        "Cache-Control": [
          "no-cache"
        ],
        "Date": [
          "Wed, 01 Jul 2015 11:43:06 GMT"
        ]
      },
      "StatusCode": 200
    },
    {
      "RequestUri": "/subscriptions/cca24ec8-99b5-4aa7-9ff6-486e886f304c/resourcegroups/sql-audit-cmdlet-test-rg101/deployments/sql-audit-test-env-setup/operations?api-version=2014-04-01-preview",
      "EncodedRequestUri": "L3N1YnNjcmlwdGlvbnMvY2NhMjRlYzgtOTliNS00YWE3LTlmZjYtNDg2ZTg4NmYzMDRjL3Jlc291cmNlZ3JvdXBzL3NxbC1hdWRpdC1jbWRsZXQtdGVzdC1yZzEwMS9kZXBsb3ltZW50cy9zcWwtYXVkaXQtdGVzdC1lbnYtc2V0dXAvb3BlcmF0aW9ucz9hcGktdmVyc2lvbj0yMDE0LTA0LTAxLXByZXZpZXc=",
      "RequestMethod": "GET",
      "RequestBody": "",
      "RequestHeaders": {
        "User-Agent": [
          "Microsoft.Azure.Management.Resources.ResourceManagementClient/2.0.0.0"
        ]
      },
      "ResponseBody": "{\r\n  \"value\": []\r\n}",
      "ResponseHeaders": {
        "Content-Length": [
          "12"
        ],
        "Content-Type": [
          "application/json; charset=utf-8"
        ],
        "Expires": [
          "-1"
        ],
        "Pragma": [
          "no-cache"
        ],
        "x-ms-ratelimit-remaining-subscription-reads": [
          "14971"
        ],
        "x-ms-request-id": [
          "12196864-c14c-48ee-bd6d-8bc5ba129ef0"
        ],
        "x-ms-correlation-request-id": [
          "12196864-c14c-48ee-bd6d-8bc5ba129ef0"
        ],
        "x-ms-routing-request-id": [
          "WESTEUROPE:20150701T114309Z:12196864-c14c-48ee-bd6d-8bc5ba129ef0"
        ],
        "Strict-Transport-Security": [
          "max-age=31536000; includeSubDomains"
        ],
        "Cache-Control": [
          "no-cache"
        ],
        "Date": [
          "Wed, 01 Jul 2015 11:43:09 GMT"
        ]
      },
      "StatusCode": 200
    },
    {
      "RequestUri": "/subscriptions/cca24ec8-99b5-4aa7-9ff6-486e886f304c/resourcegroups/sql-audit-cmdlet-test-rg101/deployments/sql-audit-test-env-setup/operations?api-version=2014-04-01-preview",
      "EncodedRequestUri": "L3N1YnNjcmlwdGlvbnMvY2NhMjRlYzgtOTliNS00YWE3LTlmZjYtNDg2ZTg4NmYzMDRjL3Jlc291cmNlZ3JvdXBzL3NxbC1hdWRpdC1jbWRsZXQtdGVzdC1yZzEwMS9kZXBsb3ltZW50cy9zcWwtYXVkaXQtdGVzdC1lbnYtc2V0dXAvb3BlcmF0aW9ucz9hcGktdmVyc2lvbj0yMDE0LTA0LTAxLXByZXZpZXc=",
      "RequestMethod": "GET",
      "RequestBody": "",
      "RequestHeaders": {
        "User-Agent": [
          "Microsoft.Azure.Management.Resources.ResourceManagementClient/2.0.0.0"
        ]
      },
      "ResponseBody": "{\r\n  \"value\": []\r\n}",
      "ResponseHeaders": {
        "Content-Length": [
          "12"
        ],
        "Content-Type": [
          "application/json; charset=utf-8"
        ],
        "Expires": [
          "-1"
        ],
        "Pragma": [
          "no-cache"
        ],
        "x-ms-ratelimit-remaining-subscription-reads": [
          "14969"
        ],
        "x-ms-request-id": [
          "c95601b8-ea91-4e7d-afca-8d8b9b0c6661"
        ],
        "x-ms-correlation-request-id": [
          "c95601b8-ea91-4e7d-afca-8d8b9b0c6661"
        ],
        "x-ms-routing-request-id": [
          "WESTEUROPE:20150701T114312Z:c95601b8-ea91-4e7d-afca-8d8b9b0c6661"
        ],
        "Strict-Transport-Security": [
          "max-age=31536000; includeSubDomains"
        ],
        "Cache-Control": [
          "no-cache"
        ],
        "Date": [
          "Wed, 01 Jul 2015 11:43:12 GMT"
        ]
      },
      "StatusCode": 200
    },
    {
      "RequestUri": "/subscriptions/cca24ec8-99b5-4aa7-9ff6-486e886f304c/resourcegroups/sql-audit-cmdlet-test-rg101/deployments/sql-audit-test-env-setup/operations?api-version=2014-04-01-preview",
      "EncodedRequestUri": "L3N1YnNjcmlwdGlvbnMvY2NhMjRlYzgtOTliNS00YWE3LTlmZjYtNDg2ZTg4NmYzMDRjL3Jlc291cmNlZ3JvdXBzL3NxbC1hdWRpdC1jbWRsZXQtdGVzdC1yZzEwMS9kZXBsb3ltZW50cy9zcWwtYXVkaXQtdGVzdC1lbnYtc2V0dXAvb3BlcmF0aW9ucz9hcGktdmVyc2lvbj0yMDE0LTA0LTAxLXByZXZpZXc=",
      "RequestMethod": "GET",
      "RequestBody": "",
      "RequestHeaders": {
        "User-Agent": [
          "Microsoft.Azure.Management.Resources.ResourceManagementClient/2.0.0.0"
        ]
      },
      "ResponseBody": "{\r\n  \"value\": []\r\n}",
      "ResponseHeaders": {
        "Content-Length": [
          "12"
        ],
        "Content-Type": [
          "application/json; charset=utf-8"
        ],
        "Expires": [
          "-1"
        ],
        "Pragma": [
          "no-cache"
        ],
        "x-ms-ratelimit-remaining-subscription-reads": [
          "14967"
        ],
        "x-ms-request-id": [
          "c663a849-557a-4fb1-b3cf-eadaf5eafbae"
        ],
        "x-ms-correlation-request-id": [
          "c663a849-557a-4fb1-b3cf-eadaf5eafbae"
        ],
        "x-ms-routing-request-id": [
          "WESTEUROPE:20150701T114315Z:c663a849-557a-4fb1-b3cf-eadaf5eafbae"
        ],
        "Strict-Transport-Security": [
          "max-age=31536000; includeSubDomains"
        ],
        "Cache-Control": [
          "no-cache"
        ],
        "Date": [
          "Wed, 01 Jul 2015 11:43:15 GMT"
        ]
      },
      "StatusCode": 200
    },
    {
      "RequestUri": "/subscriptions/cca24ec8-99b5-4aa7-9ff6-486e886f304c/resourcegroups/sql-audit-cmdlet-test-rg101/deployments/sql-audit-test-env-setup/operations?api-version=2014-04-01-preview",
      "EncodedRequestUri": "L3N1YnNjcmlwdGlvbnMvY2NhMjRlYzgtOTliNS00YWE3LTlmZjYtNDg2ZTg4NmYzMDRjL3Jlc291cmNlZ3JvdXBzL3NxbC1hdWRpdC1jbWRsZXQtdGVzdC1yZzEwMS9kZXBsb3ltZW50cy9zcWwtYXVkaXQtdGVzdC1lbnYtc2V0dXAvb3BlcmF0aW9ucz9hcGktdmVyc2lvbj0yMDE0LTA0LTAxLXByZXZpZXc=",
      "RequestMethod": "GET",
      "RequestBody": "",
      "RequestHeaders": {
        "User-Agent": [
          "Microsoft.Azure.Management.Resources.ResourceManagementClient/2.0.0.0"
        ]
      },
      "ResponseBody": "{\r\n  \"value\": []\r\n}",
      "ResponseHeaders": {
        "Content-Length": [
          "12"
        ],
        "Content-Type": [
          "application/json; charset=utf-8"
        ],
        "Expires": [
          "-1"
        ],
        "Pragma": [
          "no-cache"
        ],
        "x-ms-ratelimit-remaining-subscription-reads": [
          "14965"
        ],
        "x-ms-request-id": [
          "bef13e25-707f-426e-b1af-fdfb1c7554f9"
        ],
        "x-ms-correlation-request-id": [
          "bef13e25-707f-426e-b1af-fdfb1c7554f9"
        ],
        "x-ms-routing-request-id": [
          "WESTEUROPE:20150701T114318Z:bef13e25-707f-426e-b1af-fdfb1c7554f9"
        ],
        "Strict-Transport-Security": [
          "max-age=31536000; includeSubDomains"
        ],
        "Cache-Control": [
          "no-cache"
        ],
        "Date": [
          "Wed, 01 Jul 2015 11:43:18 GMT"
        ]
      },
      "StatusCode": 200
    },
    {
      "RequestUri": "/subscriptions/cca24ec8-99b5-4aa7-9ff6-486e886f304c/resourcegroups/sql-audit-cmdlet-test-rg101/deployments/sql-audit-test-env-setup/operations?api-version=2014-04-01-preview",
      "EncodedRequestUri": "L3N1YnNjcmlwdGlvbnMvY2NhMjRlYzgtOTliNS00YWE3LTlmZjYtNDg2ZTg4NmYzMDRjL3Jlc291cmNlZ3JvdXBzL3NxbC1hdWRpdC1jbWRsZXQtdGVzdC1yZzEwMS9kZXBsb3ltZW50cy9zcWwtYXVkaXQtdGVzdC1lbnYtc2V0dXAvb3BlcmF0aW9ucz9hcGktdmVyc2lvbj0yMDE0LTA0LTAxLXByZXZpZXc=",
      "RequestMethod": "GET",
      "RequestBody": "",
      "RequestHeaders": {
        "User-Agent": [
          "Microsoft.Azure.Management.Resources.ResourceManagementClient/2.0.0.0"
        ]
      },
      "ResponseBody": "{\r\n  \"value\": [\r\n    {\r\n      \"id\": \"/subscriptions/cca24ec8-99b5-4aa7-9ff6-486e886f304c/resourceGroups/sql-audit-cmdlet-test-rg101/deployments/sql-audit-test-env-setup/operations/A012755FF82A4EF4\",\r\n      \"operationId\": \"A012755FF82A4EF4\",\r\n      \"properties\": {\r\n        \"provisioningState\": \"Succeeded\",\r\n        \"timestamp\": \"2015-07-01T11:43:20.3422827Z\",\r\n        \"duration\": \"PT13.9139649S\",\r\n        \"trackingId\": \"5992d74e-f567-46a3-8386-8a5e95eaaa6a\",\r\n        \"statusCode\": \"Created\",\r\n        \"targetResource\": {\r\n          \"id\": \"/subscriptions/cca24ec8-99b5-4aa7-9ff6-486e886f304c/resourceGroups/sql-audit-cmdlet-test-rg101/providers/Microsoft.Sql/servers/sql-audit-cmdlet-server101\",\r\n          \"resourceType\": \"Microsoft.Sql/servers\",\r\n          \"resourceName\": \"sql-audit-cmdlet-server101\"\r\n        }\r\n      }\r\n    }\r\n  ]\r\n}",
      "ResponseHeaders": {
        "Content-Length": [
          "668"
        ],
        "Content-Type": [
          "application/json; charset=utf-8"
        ],
        "Expires": [
          "-1"
        ],
        "Pragma": [
          "no-cache"
        ],
        "x-ms-ratelimit-remaining-subscription-reads": [
          "14963"
        ],
        "x-ms-request-id": [
          "e65ac868-6890-4110-8fbe-34353394a963"
        ],
        "x-ms-correlation-request-id": [
          "e65ac868-6890-4110-8fbe-34353394a963"
        ],
        "x-ms-routing-request-id": [
          "WESTEUROPE:20150701T114321Z:e65ac868-6890-4110-8fbe-34353394a963"
        ],
        "Strict-Transport-Security": [
          "max-age=31536000; includeSubDomains"
        ],
        "Cache-Control": [
          "no-cache"
        ],
        "Date": [
          "Wed, 01 Jul 2015 11:43:21 GMT"
        ]
      },
      "StatusCode": 200
    },
    {
      "RequestUri": "/subscriptions/cca24ec8-99b5-4aa7-9ff6-486e886f304c/resourcegroups/sql-audit-cmdlet-test-rg101/deployments/sql-audit-test-env-setup/operations?api-version=2014-04-01-preview",
      "EncodedRequestUri": "L3N1YnNjcmlwdGlvbnMvY2NhMjRlYzgtOTliNS00YWE3LTlmZjYtNDg2ZTg4NmYzMDRjL3Jlc291cmNlZ3JvdXBzL3NxbC1hdWRpdC1jbWRsZXQtdGVzdC1yZzEwMS9kZXBsb3ltZW50cy9zcWwtYXVkaXQtdGVzdC1lbnYtc2V0dXAvb3BlcmF0aW9ucz9hcGktdmVyc2lvbj0yMDE0LTA0LTAxLXByZXZpZXc=",
      "RequestMethod": "GET",
      "RequestBody": "",
      "RequestHeaders": {
        "User-Agent": [
          "Microsoft.Azure.Management.Resources.ResourceManagementClient/2.0.0.0"
        ]
      },
      "ResponseBody": "{\r\n  \"value\": [\r\n    {\r\n      \"id\": \"/subscriptions/cca24ec8-99b5-4aa7-9ff6-486e886f304c/resourceGroups/sql-audit-cmdlet-test-rg101/deployments/sql-audit-test-env-setup/operations/A012755FF82A4EF4\",\r\n      \"operationId\": \"A012755FF82A4EF4\",\r\n      \"properties\": {\r\n        \"provisioningState\": \"Succeeded\",\r\n        \"timestamp\": \"2015-07-01T11:43:20.3422827Z\",\r\n        \"duration\": \"PT13.9139649S\",\r\n        \"trackingId\": \"5992d74e-f567-46a3-8386-8a5e95eaaa6a\",\r\n        \"statusCode\": \"Created\",\r\n        \"targetResource\": {\r\n          \"id\": \"/subscriptions/cca24ec8-99b5-4aa7-9ff6-486e886f304c/resourceGroups/sql-audit-cmdlet-test-rg101/providers/Microsoft.Sql/servers/sql-audit-cmdlet-server101\",\r\n          \"resourceType\": \"Microsoft.Sql/servers\",\r\n          \"resourceName\": \"sql-audit-cmdlet-server101\"\r\n        }\r\n      }\r\n    }\r\n  ]\r\n}",
      "ResponseHeaders": {
        "Content-Length": [
          "668"
        ],
        "Content-Type": [
          "application/json; charset=utf-8"
        ],
        "Expires": [
          "-1"
        ],
        "Pragma": [
          "no-cache"
        ],
        "x-ms-ratelimit-remaining-subscription-reads": [
          "14961"
        ],
        "x-ms-request-id": [
          "4086c131-c502-424f-a607-c35847337a4b"
        ],
        "x-ms-correlation-request-id": [
          "4086c131-c502-424f-a607-c35847337a4b"
        ],
        "x-ms-routing-request-id": [
          "WESTEUROPE:20150701T114324Z:4086c131-c502-424f-a607-c35847337a4b"
        ],
        "Strict-Transport-Security": [
          "max-age=31536000; includeSubDomains"
        ],
        "Cache-Control": [
          "no-cache"
        ],
        "Date": [
          "Wed, 01 Jul 2015 11:43:24 GMT"
        ]
      },
      "StatusCode": 200
    },
    {
      "RequestUri": "/subscriptions/cca24ec8-99b5-4aa7-9ff6-486e886f304c/resourcegroups/sql-audit-cmdlet-test-rg101/deployments/sql-audit-test-env-setup/operations?api-version=2014-04-01-preview",
      "EncodedRequestUri": "L3N1YnNjcmlwdGlvbnMvY2NhMjRlYzgtOTliNS00YWE3LTlmZjYtNDg2ZTg4NmYzMDRjL3Jlc291cmNlZ3JvdXBzL3NxbC1hdWRpdC1jbWRsZXQtdGVzdC1yZzEwMS9kZXBsb3ltZW50cy9zcWwtYXVkaXQtdGVzdC1lbnYtc2V0dXAvb3BlcmF0aW9ucz9hcGktdmVyc2lvbj0yMDE0LTA0LTAxLXByZXZpZXc=",
      "RequestMethod": "GET",
      "RequestBody": "",
      "RequestHeaders": {
        "User-Agent": [
          "Microsoft.Azure.Management.Resources.ResourceManagementClient/2.0.0.0"
        ]
      },
      "ResponseBody": "{\r\n  \"value\": [\r\n    {\r\n      \"id\": \"/subscriptions/cca24ec8-99b5-4aa7-9ff6-486e886f304c/resourceGroups/sql-audit-cmdlet-test-rg101/deployments/sql-audit-test-env-setup/operations/A012755FF82A4EF4\",\r\n      \"operationId\": \"A012755FF82A4EF4\",\r\n      \"properties\": {\r\n        \"provisioningState\": \"Succeeded\",\r\n        \"timestamp\": \"2015-07-01T11:43:20.3422827Z\",\r\n        \"duration\": \"PT13.9139649S\",\r\n        \"trackingId\": \"5992d74e-f567-46a3-8386-8a5e95eaaa6a\",\r\n        \"statusCode\": \"Created\",\r\n        \"targetResource\": {\r\n          \"id\": \"/subscriptions/cca24ec8-99b5-4aa7-9ff6-486e886f304c/resourceGroups/sql-audit-cmdlet-test-rg101/providers/Microsoft.Sql/servers/sql-audit-cmdlet-server101\",\r\n          \"resourceType\": \"Microsoft.Sql/servers\",\r\n          \"resourceName\": \"sql-audit-cmdlet-server101\"\r\n        }\r\n      }\r\n    }\r\n  ]\r\n}",
      "ResponseHeaders": {
        "Content-Length": [
          "668"
        ],
        "Content-Type": [
          "application/json; charset=utf-8"
        ],
        "Expires": [
          "-1"
        ],
        "Pragma": [
          "no-cache"
        ],
        "x-ms-ratelimit-remaining-subscription-reads": [
          "14959"
        ],
        "x-ms-request-id": [
          "7711812f-8175-4d3e-945b-3f835884a57e"
        ],
        "x-ms-correlation-request-id": [
          "7711812f-8175-4d3e-945b-3f835884a57e"
        ],
        "x-ms-routing-request-id": [
          "WESTEUROPE:20150701T114327Z:7711812f-8175-4d3e-945b-3f835884a57e"
        ],
        "Strict-Transport-Security": [
          "max-age=31536000; includeSubDomains"
        ],
        "Cache-Control": [
          "no-cache"
        ],
        "Date": [
          "Wed, 01 Jul 2015 11:43:27 GMT"
        ]
      },
      "StatusCode": 200
    },
    {
      "RequestUri": "/subscriptions/cca24ec8-99b5-4aa7-9ff6-486e886f304c/resourcegroups/sql-audit-cmdlet-test-rg101/deployments/sql-audit-test-env-setup/operations?api-version=2014-04-01-preview",
      "EncodedRequestUri": "L3N1YnNjcmlwdGlvbnMvY2NhMjRlYzgtOTliNS00YWE3LTlmZjYtNDg2ZTg4NmYzMDRjL3Jlc291cmNlZ3JvdXBzL3NxbC1hdWRpdC1jbWRsZXQtdGVzdC1yZzEwMS9kZXBsb3ltZW50cy9zcWwtYXVkaXQtdGVzdC1lbnYtc2V0dXAvb3BlcmF0aW9ucz9hcGktdmVyc2lvbj0yMDE0LTA0LTAxLXByZXZpZXc=",
      "RequestMethod": "GET",
      "RequestBody": "",
      "RequestHeaders": {
        "User-Agent": [
          "Microsoft.Azure.Management.Resources.ResourceManagementClient/2.0.0.0"
        ]
      },
      "ResponseBody": "{\r\n  \"value\": [\r\n    {\r\n      \"id\": \"/subscriptions/cca24ec8-99b5-4aa7-9ff6-486e886f304c/resourceGroups/sql-audit-cmdlet-test-rg101/deployments/sql-audit-test-env-setup/operations/A012755FF82A4EF4\",\r\n      \"operationId\": \"A012755FF82A4EF4\",\r\n      \"properties\": {\r\n        \"provisioningState\": \"Succeeded\",\r\n        \"timestamp\": \"2015-07-01T11:43:20.3422827Z\",\r\n        \"duration\": \"PT13.9139649S\",\r\n        \"trackingId\": \"5992d74e-f567-46a3-8386-8a5e95eaaa6a\",\r\n        \"statusCode\": \"Created\",\r\n        \"targetResource\": {\r\n          \"id\": \"/subscriptions/cca24ec8-99b5-4aa7-9ff6-486e886f304c/resourceGroups/sql-audit-cmdlet-test-rg101/providers/Microsoft.Sql/servers/sql-audit-cmdlet-server101\",\r\n          \"resourceType\": \"Microsoft.Sql/servers\",\r\n          \"resourceName\": \"sql-audit-cmdlet-server101\"\r\n        }\r\n      }\r\n    }\r\n  ]\r\n}",
      "ResponseHeaders": {
        "Content-Length": [
          "668"
        ],
        "Content-Type": [
          "application/json; charset=utf-8"
        ],
        "Expires": [
          "-1"
        ],
        "Pragma": [
          "no-cache"
        ],
        "x-ms-ratelimit-remaining-subscription-reads": [
          "14957"
        ],
        "x-ms-request-id": [
          "805dd63d-4878-4dee-a33f-ec533e74f05b"
        ],
        "x-ms-correlation-request-id": [
          "805dd63d-4878-4dee-a33f-ec533e74f05b"
        ],
        "x-ms-routing-request-id": [
          "WESTEUROPE:20150701T114331Z:805dd63d-4878-4dee-a33f-ec533e74f05b"
        ],
        "Strict-Transport-Security": [
          "max-age=31536000; includeSubDomains"
        ],
        "Cache-Control": [
          "no-cache"
        ],
        "Date": [
          "Wed, 01 Jul 2015 11:43:30 GMT"
        ]
      },
      "StatusCode": 200
    },
    {
      "RequestUri": "/subscriptions/cca24ec8-99b5-4aa7-9ff6-486e886f304c/resourcegroups/sql-audit-cmdlet-test-rg101/deployments/sql-audit-test-env-setup/operations?api-version=2014-04-01-preview",
      "EncodedRequestUri": "L3N1YnNjcmlwdGlvbnMvY2NhMjRlYzgtOTliNS00YWE3LTlmZjYtNDg2ZTg4NmYzMDRjL3Jlc291cmNlZ3JvdXBzL3NxbC1hdWRpdC1jbWRsZXQtdGVzdC1yZzEwMS9kZXBsb3ltZW50cy9zcWwtYXVkaXQtdGVzdC1lbnYtc2V0dXAvb3BlcmF0aW9ucz9hcGktdmVyc2lvbj0yMDE0LTA0LTAxLXByZXZpZXc=",
      "RequestMethod": "GET",
      "RequestBody": "",
      "RequestHeaders": {
        "User-Agent": [
          "Microsoft.Azure.Management.Resources.ResourceManagementClient/2.0.0.0"
        ]
      },
      "ResponseBody": "{\r\n  \"value\": [\r\n    {\r\n      \"id\": \"/subscriptions/cca24ec8-99b5-4aa7-9ff6-486e886f304c/resourceGroups/sql-audit-cmdlet-test-rg101/deployments/sql-audit-test-env-setup/operations/A012755FF82A4EF4\",\r\n      \"operationId\": \"A012755FF82A4EF4\",\r\n      \"properties\": {\r\n        \"provisioningState\": \"Succeeded\",\r\n        \"timestamp\": \"2015-07-01T11:43:20.3422827Z\",\r\n        \"duration\": \"PT13.9139649S\",\r\n        \"trackingId\": \"5992d74e-f567-46a3-8386-8a5e95eaaa6a\",\r\n        \"statusCode\": \"Created\",\r\n        \"targetResource\": {\r\n          \"id\": \"/subscriptions/cca24ec8-99b5-4aa7-9ff6-486e886f304c/resourceGroups/sql-audit-cmdlet-test-rg101/providers/Microsoft.Sql/servers/sql-audit-cmdlet-server101\",\r\n          \"resourceType\": \"Microsoft.Sql/servers\",\r\n          \"resourceName\": \"sql-audit-cmdlet-server101\"\r\n        }\r\n      }\r\n    }\r\n  ]\r\n}",
      "ResponseHeaders": {
        "Content-Length": [
          "668"
        ],
        "Content-Type": [
          "application/json; charset=utf-8"
        ],
        "Expires": [
          "-1"
        ],
        "Pragma": [
          "no-cache"
        ],
        "x-ms-ratelimit-remaining-subscription-reads": [
          "14955"
        ],
        "x-ms-request-id": [
          "a8b1c033-6597-44d3-8a61-76251f3c68e2"
        ],
        "x-ms-correlation-request-id": [
          "a8b1c033-6597-44d3-8a61-76251f3c68e2"
        ],
        "x-ms-routing-request-id": [
          "WESTEUROPE:20150701T114334Z:a8b1c033-6597-44d3-8a61-76251f3c68e2"
        ],
        "Strict-Transport-Security": [
          "max-age=31536000; includeSubDomains"
        ],
        "Cache-Control": [
          "no-cache"
        ],
        "Date": [
          "Wed, 01 Jul 2015 11:43:33 GMT"
        ]
      },
      "StatusCode": 200
    },
    {
      "RequestUri": "/subscriptions/cca24ec8-99b5-4aa7-9ff6-486e886f304c/resourcegroups/sql-audit-cmdlet-test-rg101/deployments/sql-audit-test-env-setup/operations?api-version=2014-04-01-preview",
      "EncodedRequestUri": "L3N1YnNjcmlwdGlvbnMvY2NhMjRlYzgtOTliNS00YWE3LTlmZjYtNDg2ZTg4NmYzMDRjL3Jlc291cmNlZ3JvdXBzL3NxbC1hdWRpdC1jbWRsZXQtdGVzdC1yZzEwMS9kZXBsb3ltZW50cy9zcWwtYXVkaXQtdGVzdC1lbnYtc2V0dXAvb3BlcmF0aW9ucz9hcGktdmVyc2lvbj0yMDE0LTA0LTAxLXByZXZpZXc=",
      "RequestMethod": "GET",
      "RequestBody": "",
      "RequestHeaders": {
        "User-Agent": [
          "Microsoft.Azure.Management.Resources.ResourceManagementClient/2.0.0.0"
        ]
      },
      "ResponseBody": "{\r\n  \"value\": [\r\n    {\r\n      \"id\": \"/subscriptions/cca24ec8-99b5-4aa7-9ff6-486e886f304c/resourceGroups/sql-audit-cmdlet-test-rg101/deployments/sql-audit-test-env-setup/operations/AE9DE859643E3D34\",\r\n      \"operationId\": \"AE9DE859643E3D34\",\r\n      \"properties\": {\r\n        \"provisioningState\": \"Succeeded\",\r\n        \"timestamp\": \"2015-07-01T11:43:34.9042755Z\",\r\n        \"duration\": \"PT14.4890035S\",\r\n        \"trackingId\": \"7c07f230-7c8b-4da3-8ed8-825b2125ea16\",\r\n        \"statusCode\": \"Created\",\r\n        \"targetResource\": {\r\n          \"id\": \"/subscriptions/cca24ec8-99b5-4aa7-9ff6-486e886f304c/resourceGroups/sql-audit-cmdlet-test-rg101/providers/Microsoft.Sql/servers/sql-audit-cmdlet-server101/databases/sql-audit-cmdlet-db101\",\r\n          \"resourceType\": \"Microsoft.Sql/servers/databases\",\r\n          \"resourceName\": \"sql-audit-cmdlet-server101/sql-audit-cmdlet-db101\"\r\n        }\r\n      }\r\n    },\r\n    {\r\n      \"id\": \"/subscriptions/cca24ec8-99b5-4aa7-9ff6-486e886f304c/resourceGroups/sql-audit-cmdlet-test-rg101/deployments/sql-audit-test-env-setup/operations/A012755FF82A4EF4\",\r\n      \"operationId\": \"A012755FF82A4EF4\",\r\n      \"properties\": {\r\n        \"provisioningState\": \"Succeeded\",\r\n        \"timestamp\": \"2015-07-01T11:43:20.3422827Z\",\r\n        \"duration\": \"PT13.9139649S\",\r\n        \"trackingId\": \"5992d74e-f567-46a3-8386-8a5e95eaaa6a\",\r\n        \"statusCode\": \"Created\",\r\n        \"targetResource\": {\r\n          \"id\": \"/subscriptions/cca24ec8-99b5-4aa7-9ff6-486e886f304c/resourceGroups/sql-audit-cmdlet-test-rg101/providers/Microsoft.Sql/servers/sql-audit-cmdlet-server101\",\r\n          \"resourceType\": \"Microsoft.Sql/servers\",\r\n          \"resourceName\": \"sql-audit-cmdlet-server101\"\r\n        }\r\n      }\r\n    }\r\n  ]\r\n}",
      "ResponseHeaders": {
        "Content-Length": [
          "1391"
        ],
        "Content-Type": [
          "application/json; charset=utf-8"
        ],
        "Expires": [
          "-1"
        ],
        "Pragma": [
          "no-cache"
        ],
        "x-ms-ratelimit-remaining-subscription-reads": [
          "14953"
        ],
        "x-ms-request-id": [
          "e7e910a3-36c3-40ec-b283-36d6bce6c585"
        ],
        "x-ms-correlation-request-id": [
          "e7e910a3-36c3-40ec-b283-36d6bce6c585"
        ],
        "x-ms-routing-request-id": [
          "WESTEUROPE:20150701T114337Z:e7e910a3-36c3-40ec-b283-36d6bce6c585"
        ],
        "Strict-Transport-Security": [
          "max-age=31536000; includeSubDomains"
        ],
        "Cache-Control": [
          "no-cache"
        ],
        "Date": [
          "Wed, 01 Jul 2015 11:43:36 GMT"
        ]
      },
      "StatusCode": 200
    },
    {
      "RequestUri": "/subscriptions/cca24ec8-99b5-4aa7-9ff6-486e886f304c/resourcegroups/sql-audit-cmdlet-test-rg101/deployments/sql-audit-test-env-setup?api-version=2014-04-01-preview",
      "EncodedRequestUri": "L3N1YnNjcmlwdGlvbnMvY2NhMjRlYzgtOTliNS00YWE3LTlmZjYtNDg2ZTg4NmYzMDRjL3Jlc291cmNlZ3JvdXBzL3NxbC1hdWRpdC1jbWRsZXQtdGVzdC1yZzEwMS9kZXBsb3ltZW50cy9zcWwtYXVkaXQtdGVzdC1lbnYtc2V0dXA/YXBpLXZlcnNpb249MjAxNC0wNC0wMS1wcmV2aWV3",
      "RequestMethod": "GET",
      "RequestBody": "",
      "RequestHeaders": {
        "User-Agent": [
          "Microsoft.Azure.Management.Resources.ResourceManagementClient/2.0.0.0"
        ]
      },
      "ResponseBody": "{\r\n  \"id\": \"/subscriptions/cca24ec8-99b5-4aa7-9ff6-486e886f304c/resourceGroups/sql-audit-cmdlet-test-rg101/deployments/sql-audit-test-env-setup\",\r\n  \"name\": \"sql-audit-test-env-setup\",\r\n  \"properties\": {\r\n    \"parameters\": {\r\n      \"administratorLogin\": {\r\n        \"type\": \"String\",\r\n        \"value\": \"testlogin\"\r\n      },\r\n      \"administratorLoginPassword\": {\r\n        \"type\": \"SecureString\"\r\n      },\r\n      \"collation\": {\r\n        \"type\": \"String\",\r\n        \"value\": \"SQL_Latin1_General_CP1_CI_AS\"\r\n      },\r\n      \"databaseName\": {\r\n        \"type\": \"String\",\r\n        \"value\": \"sql-audit-cmdlet-db101\"\r\n      },\r\n      \"edition\": {\r\n        \"type\": \"String\",\r\n        \"value\": \"Basic\"\r\n      },\r\n      \"configuredServiceLevelObjectiveId\": {\r\n        \"type\": \"String\",\r\n        \"value\": \"910b4fcb-8a29-4c3e-958f-f7ba794388b2\"\r\n      },\r\n      \"envLocation\": {\r\n        \"type\": \"String\",\r\n        \"value\": \"West US\"\r\n      },\r\n      \"serverName\": {\r\n        \"type\": \"String\",\r\n        \"value\": \"sql-audit-cmdlet-server101\"\r\n      }\r\n    },\r\n    \"mode\": \"Incremental\",\r\n    \"provisioningState\": \"Running\",\r\n    \"timestamp\": \"2015-07-01T11:43:06.3128137Z\",\r\n    \"duration\": \"PT1.9564882S\",\r\n    \"correlationId\": \"fa16b1bf-22fa-490f-b6c3-c0cb29383089\",\r\n    \"providers\": [\r\n      {\r\n        \"namespace\": \"Microsoft.Sql\",\r\n        \"resourceTypes\": [\r\n          {\r\n            \"resourceType\": \"servers\",\r\n            \"locations\": [\r\n              \"westus\"\r\n            ]\r\n          },\r\n          {\r\n            \"resourceType\": \"servers/databases\",\r\n            \"locations\": [\r\n              \"westus\"\r\n            ]\r\n          }\r\n        ]\r\n      }\r\n    ],\r\n    \"dependencies\": [\r\n      {\r\n        \"dependsOn\": [\r\n          {\r\n            \"id\": \"/subscriptions/cca24ec8-99b5-4aa7-9ff6-486e886f304c/resourceGroups/sql-audit-cmdlet-test-rg101/providers/Microsoft.Sql/servers/sql-audit-cmdlet-server101\",\r\n            \"resourceType\": \"Microsoft.Sql/servers\",\r\n            \"resourceName\": \"sql-audit-cmdlet-server101\"\r\n          }\r\n        ],\r\n        \"id\": \"/subscriptions/cca24ec8-99b5-4aa7-9ff6-486e886f304c/resourceGroups/sql-audit-cmdlet-test-rg101/providers/Microsoft.Sql/servers/sql-audit-cmdlet-server101/databases/sql-audit-cmdlet-db101\",\r\n        \"resourceType\": \"Microsoft.Sql/servers/databases\",\r\n        \"resourceName\": \"sql-audit-cmdlet-server101/sql-audit-cmdlet-db101\"\r\n      }\r\n    ]\r\n  }\r\n}",
      "ResponseHeaders": {
        "Content-Length": [
          "1650"
        ],
        "Content-Type": [
          "application/json; charset=utf-8"
        ],
        "Expires": [
          "-1"
        ],
        "Pragma": [
          "no-cache"
        ],
        "x-ms-ratelimit-remaining-subscription-reads": [
          "14972"
        ],
        "x-ms-request-id": [
          "686c8da2-4db3-416a-b073-43653313937a"
        ],
        "x-ms-correlation-request-id": [
          "686c8da2-4db3-416a-b073-43653313937a"
        ],
        "x-ms-routing-request-id": [
          "WESTEUROPE:20150701T114307Z:686c8da2-4db3-416a-b073-43653313937a"
        ],
        "Strict-Transport-Security": [
          "max-age=31536000; includeSubDomains"
        ],
        "Cache-Control": [
          "no-cache"
        ],
        "Date": [
          "Wed, 01 Jul 2015 11:43:07 GMT"
        ]
      },
      "StatusCode": 200
    },
    {
      "RequestUri": "/subscriptions/cca24ec8-99b5-4aa7-9ff6-486e886f304c/resourcegroups/sql-audit-cmdlet-test-rg101/deployments/sql-audit-test-env-setup?api-version=2014-04-01-preview",
      "EncodedRequestUri": "L3N1YnNjcmlwdGlvbnMvY2NhMjRlYzgtOTliNS00YWE3LTlmZjYtNDg2ZTg4NmYzMDRjL3Jlc291cmNlZ3JvdXBzL3NxbC1hdWRpdC1jbWRsZXQtdGVzdC1yZzEwMS9kZXBsb3ltZW50cy9zcWwtYXVkaXQtdGVzdC1lbnYtc2V0dXA/YXBpLXZlcnNpb249MjAxNC0wNC0wMS1wcmV2aWV3",
      "RequestMethod": "GET",
      "RequestBody": "",
      "RequestHeaders": {
        "User-Agent": [
          "Microsoft.Azure.Management.Resources.ResourceManagementClient/2.0.0.0"
        ]
      },
      "ResponseBody": "{\r\n  \"id\": \"/subscriptions/cca24ec8-99b5-4aa7-9ff6-486e886f304c/resourceGroups/sql-audit-cmdlet-test-rg101/deployments/sql-audit-test-env-setup\",\r\n  \"name\": \"sql-audit-test-env-setup\",\r\n  \"properties\": {\r\n    \"parameters\": {\r\n      \"administratorLogin\": {\r\n        \"type\": \"String\",\r\n        \"value\": \"testlogin\"\r\n      },\r\n      \"administratorLoginPassword\": {\r\n        \"type\": \"SecureString\"\r\n      },\r\n      \"collation\": {\r\n        \"type\": \"String\",\r\n        \"value\": \"SQL_Latin1_General_CP1_CI_AS\"\r\n      },\r\n      \"databaseName\": {\r\n        \"type\": \"String\",\r\n        \"value\": \"sql-audit-cmdlet-db101\"\r\n      },\r\n      \"edition\": {\r\n        \"type\": \"String\",\r\n        \"value\": \"Basic\"\r\n      },\r\n      \"configuredServiceLevelObjectiveId\": {\r\n        \"type\": \"String\",\r\n        \"value\": \"910b4fcb-8a29-4c3e-958f-f7ba794388b2\"\r\n      },\r\n      \"envLocation\": {\r\n        \"type\": \"String\",\r\n        \"value\": \"West US\"\r\n      },\r\n      \"serverName\": {\r\n        \"type\": \"String\",\r\n        \"value\": \"sql-audit-cmdlet-server101\"\r\n      }\r\n    },\r\n    \"mode\": \"Incremental\",\r\n    \"provisioningState\": \"Running\",\r\n    \"timestamp\": \"2015-07-01T11:43:06.3128137Z\",\r\n    \"duration\": \"PT1.9564882S\",\r\n    \"correlationId\": \"fa16b1bf-22fa-490f-b6c3-c0cb29383089\",\r\n    \"providers\": [\r\n      {\r\n        \"namespace\": \"Microsoft.Sql\",\r\n        \"resourceTypes\": [\r\n          {\r\n            \"resourceType\": \"servers\",\r\n            \"locations\": [\r\n              \"westus\"\r\n            ]\r\n          },\r\n          {\r\n            \"resourceType\": \"servers/databases\",\r\n            \"locations\": [\r\n              \"westus\"\r\n            ]\r\n          }\r\n        ]\r\n      }\r\n    ],\r\n    \"dependencies\": [\r\n      {\r\n        \"dependsOn\": [\r\n          {\r\n            \"id\": \"/subscriptions/cca24ec8-99b5-4aa7-9ff6-486e886f304c/resourceGroups/sql-audit-cmdlet-test-rg101/providers/Microsoft.Sql/servers/sql-audit-cmdlet-server101\",\r\n            \"resourceType\": \"Microsoft.Sql/servers\",\r\n            \"resourceName\": \"sql-audit-cmdlet-server101\"\r\n          }\r\n        ],\r\n        \"id\": \"/subscriptions/cca24ec8-99b5-4aa7-9ff6-486e886f304c/resourceGroups/sql-audit-cmdlet-test-rg101/providers/Microsoft.Sql/servers/sql-audit-cmdlet-server101/databases/sql-audit-cmdlet-db101\",\r\n        \"resourceType\": \"Microsoft.Sql/servers/databases\",\r\n        \"resourceName\": \"sql-audit-cmdlet-server101/sql-audit-cmdlet-db101\"\r\n      }\r\n    ]\r\n  }\r\n}",
      "ResponseHeaders": {
        "Content-Length": [
          "1650"
        ],
        "Content-Type": [
          "application/json; charset=utf-8"
        ],
        "Expires": [
          "-1"
        ],
        "Pragma": [
          "no-cache"
        ],
        "x-ms-ratelimit-remaining-subscription-reads": [
          "14970"
        ],
        "x-ms-request-id": [
          "ff194d04-c126-444c-8b0f-68f97aa90100"
        ],
        "x-ms-correlation-request-id": [
          "ff194d04-c126-444c-8b0f-68f97aa90100"
        ],
        "x-ms-routing-request-id": [
          "WESTEUROPE:20150701T114310Z:ff194d04-c126-444c-8b0f-68f97aa90100"
        ],
        "Strict-Transport-Security": [
          "max-age=31536000; includeSubDomains"
        ],
        "Cache-Control": [
          "no-cache"
        ],
        "Date": [
          "Wed, 01 Jul 2015 11:43:10 GMT"
        ]
      },
      "StatusCode": 200
    },
    {
      "RequestUri": "/subscriptions/cca24ec8-99b5-4aa7-9ff6-486e886f304c/resourcegroups/sql-audit-cmdlet-test-rg101/deployments/sql-audit-test-env-setup?api-version=2014-04-01-preview",
      "EncodedRequestUri": "L3N1YnNjcmlwdGlvbnMvY2NhMjRlYzgtOTliNS00YWE3LTlmZjYtNDg2ZTg4NmYzMDRjL3Jlc291cmNlZ3JvdXBzL3NxbC1hdWRpdC1jbWRsZXQtdGVzdC1yZzEwMS9kZXBsb3ltZW50cy9zcWwtYXVkaXQtdGVzdC1lbnYtc2V0dXA/YXBpLXZlcnNpb249MjAxNC0wNC0wMS1wcmV2aWV3",
      "RequestMethod": "GET",
      "RequestBody": "",
      "RequestHeaders": {
        "User-Agent": [
          "Microsoft.Azure.Management.Resources.ResourceManagementClient/2.0.0.0"
        ]
      },
      "ResponseBody": "{\r\n  \"id\": \"/subscriptions/cca24ec8-99b5-4aa7-9ff6-486e886f304c/resourceGroups/sql-audit-cmdlet-test-rg101/deployments/sql-audit-test-env-setup\",\r\n  \"name\": \"sql-audit-test-env-setup\",\r\n  \"properties\": {\r\n    \"parameters\": {\r\n      \"administratorLogin\": {\r\n        \"type\": \"String\",\r\n        \"value\": \"testlogin\"\r\n      },\r\n      \"administratorLoginPassword\": {\r\n        \"type\": \"SecureString\"\r\n      },\r\n      \"collation\": {\r\n        \"type\": \"String\",\r\n        \"value\": \"SQL_Latin1_General_CP1_CI_AS\"\r\n      },\r\n      \"databaseName\": {\r\n        \"type\": \"String\",\r\n        \"value\": \"sql-audit-cmdlet-db101\"\r\n      },\r\n      \"edition\": {\r\n        \"type\": \"String\",\r\n        \"value\": \"Basic\"\r\n      },\r\n      \"configuredServiceLevelObjectiveId\": {\r\n        \"type\": \"String\",\r\n        \"value\": \"910b4fcb-8a29-4c3e-958f-f7ba794388b2\"\r\n      },\r\n      \"envLocation\": {\r\n        \"type\": \"String\",\r\n        \"value\": \"West US\"\r\n      },\r\n      \"serverName\": {\r\n        \"type\": \"String\",\r\n        \"value\": \"sql-audit-cmdlet-server101\"\r\n      }\r\n    },\r\n    \"mode\": \"Incremental\",\r\n    \"provisioningState\": \"Running\",\r\n    \"timestamp\": \"2015-07-01T11:43:06.3128137Z\",\r\n    \"duration\": \"PT1.9564882S\",\r\n    \"correlationId\": \"fa16b1bf-22fa-490f-b6c3-c0cb29383089\",\r\n    \"providers\": [\r\n      {\r\n        \"namespace\": \"Microsoft.Sql\",\r\n        \"resourceTypes\": [\r\n          {\r\n            \"resourceType\": \"servers\",\r\n            \"locations\": [\r\n              \"westus\"\r\n            ]\r\n          },\r\n          {\r\n            \"resourceType\": \"servers/databases\",\r\n            \"locations\": [\r\n              \"westus\"\r\n            ]\r\n          }\r\n        ]\r\n      }\r\n    ],\r\n    \"dependencies\": [\r\n      {\r\n        \"dependsOn\": [\r\n          {\r\n            \"id\": \"/subscriptions/cca24ec8-99b5-4aa7-9ff6-486e886f304c/resourceGroups/sql-audit-cmdlet-test-rg101/providers/Microsoft.Sql/servers/sql-audit-cmdlet-server101\",\r\n            \"resourceType\": \"Microsoft.Sql/servers\",\r\n            \"resourceName\": \"sql-audit-cmdlet-server101\"\r\n          }\r\n        ],\r\n        \"id\": \"/subscriptions/cca24ec8-99b5-4aa7-9ff6-486e886f304c/resourceGroups/sql-audit-cmdlet-test-rg101/providers/Microsoft.Sql/servers/sql-audit-cmdlet-server101/databases/sql-audit-cmdlet-db101\",\r\n        \"resourceType\": \"Microsoft.Sql/servers/databases\",\r\n        \"resourceName\": \"sql-audit-cmdlet-server101/sql-audit-cmdlet-db101\"\r\n      }\r\n    ]\r\n  }\r\n}",
      "ResponseHeaders": {
        "Content-Length": [
          "1650"
        ],
        "Content-Type": [
          "application/json; charset=utf-8"
        ],
        "Expires": [
          "-1"
        ],
        "Pragma": [
          "no-cache"
        ],
        "x-ms-ratelimit-remaining-subscription-reads": [
          "14968"
        ],
        "x-ms-request-id": [
          "f3b8157d-0ede-41c3-bb01-7e7d2584b734"
        ],
        "x-ms-correlation-request-id": [
          "f3b8157d-0ede-41c3-bb01-7e7d2584b734"
        ],
        "x-ms-routing-request-id": [
          "WESTEUROPE:20150701T114313Z:f3b8157d-0ede-41c3-bb01-7e7d2584b734"
        ],
        "Strict-Transport-Security": [
          "max-age=31536000; includeSubDomains"
        ],
        "Cache-Control": [
          "no-cache"
        ],
        "Date": [
          "Wed, 01 Jul 2015 11:43:13 GMT"
        ]
      },
      "StatusCode": 200
    },
    {
      "RequestUri": "/subscriptions/cca24ec8-99b5-4aa7-9ff6-486e886f304c/resourcegroups/sql-audit-cmdlet-test-rg101/deployments/sql-audit-test-env-setup?api-version=2014-04-01-preview",
      "EncodedRequestUri": "L3N1YnNjcmlwdGlvbnMvY2NhMjRlYzgtOTliNS00YWE3LTlmZjYtNDg2ZTg4NmYzMDRjL3Jlc291cmNlZ3JvdXBzL3NxbC1hdWRpdC1jbWRsZXQtdGVzdC1yZzEwMS9kZXBsb3ltZW50cy9zcWwtYXVkaXQtdGVzdC1lbnYtc2V0dXA/YXBpLXZlcnNpb249MjAxNC0wNC0wMS1wcmV2aWV3",
      "RequestMethod": "GET",
      "RequestBody": "",
      "RequestHeaders": {
        "User-Agent": [
          "Microsoft.Azure.Management.Resources.ResourceManagementClient/2.0.0.0"
        ]
      },
      "ResponseBody": "{\r\n  \"id\": \"/subscriptions/cca24ec8-99b5-4aa7-9ff6-486e886f304c/resourceGroups/sql-audit-cmdlet-test-rg101/deployments/sql-audit-test-env-setup\",\r\n  \"name\": \"sql-audit-test-env-setup\",\r\n  \"properties\": {\r\n    \"parameters\": {\r\n      \"administratorLogin\": {\r\n        \"type\": \"String\",\r\n        \"value\": \"testlogin\"\r\n      },\r\n      \"administratorLoginPassword\": {\r\n        \"type\": \"SecureString\"\r\n      },\r\n      \"collation\": {\r\n        \"type\": \"String\",\r\n        \"value\": \"SQL_Latin1_General_CP1_CI_AS\"\r\n      },\r\n      \"databaseName\": {\r\n        \"type\": \"String\",\r\n        \"value\": \"sql-audit-cmdlet-db101\"\r\n      },\r\n      \"edition\": {\r\n        \"type\": \"String\",\r\n        \"value\": \"Basic\"\r\n      },\r\n      \"configuredServiceLevelObjectiveId\": {\r\n        \"type\": \"String\",\r\n        \"value\": \"910b4fcb-8a29-4c3e-958f-f7ba794388b2\"\r\n      },\r\n      \"envLocation\": {\r\n        \"type\": \"String\",\r\n        \"value\": \"West US\"\r\n      },\r\n      \"serverName\": {\r\n        \"type\": \"String\",\r\n        \"value\": \"sql-audit-cmdlet-server101\"\r\n      }\r\n    },\r\n    \"mode\": \"Incremental\",\r\n    \"provisioningState\": \"Running\",\r\n    \"timestamp\": \"2015-07-01T11:43:06.3128137Z\",\r\n    \"duration\": \"PT1.9564882S\",\r\n    \"correlationId\": \"fa16b1bf-22fa-490f-b6c3-c0cb29383089\",\r\n    \"providers\": [\r\n      {\r\n        \"namespace\": \"Microsoft.Sql\",\r\n        \"resourceTypes\": [\r\n          {\r\n            \"resourceType\": \"servers\",\r\n            \"locations\": [\r\n              \"westus\"\r\n            ]\r\n          },\r\n          {\r\n            \"resourceType\": \"servers/databases\",\r\n            \"locations\": [\r\n              \"westus\"\r\n            ]\r\n          }\r\n        ]\r\n      }\r\n    ],\r\n    \"dependencies\": [\r\n      {\r\n        \"dependsOn\": [\r\n          {\r\n            \"id\": \"/subscriptions/cca24ec8-99b5-4aa7-9ff6-486e886f304c/resourceGroups/sql-audit-cmdlet-test-rg101/providers/Microsoft.Sql/servers/sql-audit-cmdlet-server101\",\r\n            \"resourceType\": \"Microsoft.Sql/servers\",\r\n            \"resourceName\": \"sql-audit-cmdlet-server101\"\r\n          }\r\n        ],\r\n        \"id\": \"/subscriptions/cca24ec8-99b5-4aa7-9ff6-486e886f304c/resourceGroups/sql-audit-cmdlet-test-rg101/providers/Microsoft.Sql/servers/sql-audit-cmdlet-server101/databases/sql-audit-cmdlet-db101\",\r\n        \"resourceType\": \"Microsoft.Sql/servers/databases\",\r\n        \"resourceName\": \"sql-audit-cmdlet-server101/sql-audit-cmdlet-db101\"\r\n      }\r\n    ]\r\n  }\r\n}",
      "ResponseHeaders": {
        "Content-Length": [
          "1650"
        ],
        "Content-Type": [
          "application/json; charset=utf-8"
        ],
        "Expires": [
          "-1"
        ],
        "Pragma": [
          "no-cache"
        ],
        "x-ms-ratelimit-remaining-subscription-reads": [
          "14966"
        ],
        "x-ms-request-id": [
          "f2e4dfef-8170-4ade-a750-cae8c0613634"
        ],
        "x-ms-correlation-request-id": [
          "f2e4dfef-8170-4ade-a750-cae8c0613634"
        ],
        "x-ms-routing-request-id": [
          "WESTEUROPE:20150701T114316Z:f2e4dfef-8170-4ade-a750-cae8c0613634"
        ],
        "Strict-Transport-Security": [
          "max-age=31536000; includeSubDomains"
        ],
        "Cache-Control": [
          "no-cache"
        ],
        "Date": [
          "Wed, 01 Jul 2015 11:43:15 GMT"
        ]
      },
      "StatusCode": 200
    },
    {
      "RequestUri": "/subscriptions/cca24ec8-99b5-4aa7-9ff6-486e886f304c/resourcegroups/sql-audit-cmdlet-test-rg101/deployments/sql-audit-test-env-setup?api-version=2014-04-01-preview",
      "EncodedRequestUri": "L3N1YnNjcmlwdGlvbnMvY2NhMjRlYzgtOTliNS00YWE3LTlmZjYtNDg2ZTg4NmYzMDRjL3Jlc291cmNlZ3JvdXBzL3NxbC1hdWRpdC1jbWRsZXQtdGVzdC1yZzEwMS9kZXBsb3ltZW50cy9zcWwtYXVkaXQtdGVzdC1lbnYtc2V0dXA/YXBpLXZlcnNpb249MjAxNC0wNC0wMS1wcmV2aWV3",
      "RequestMethod": "GET",
      "RequestBody": "",
      "RequestHeaders": {
        "User-Agent": [
          "Microsoft.Azure.Management.Resources.ResourceManagementClient/2.0.0.0"
        ]
      },
      "ResponseBody": "{\r\n  \"id\": \"/subscriptions/cca24ec8-99b5-4aa7-9ff6-486e886f304c/resourceGroups/sql-audit-cmdlet-test-rg101/deployments/sql-audit-test-env-setup\",\r\n  \"name\": \"sql-audit-test-env-setup\",\r\n  \"properties\": {\r\n    \"parameters\": {\r\n      \"administratorLogin\": {\r\n        \"type\": \"String\",\r\n        \"value\": \"testlogin\"\r\n      },\r\n      \"administratorLoginPassword\": {\r\n        \"type\": \"SecureString\"\r\n      },\r\n      \"collation\": {\r\n        \"type\": \"String\",\r\n        \"value\": \"SQL_Latin1_General_CP1_CI_AS\"\r\n      },\r\n      \"databaseName\": {\r\n        \"type\": \"String\",\r\n        \"value\": \"sql-audit-cmdlet-db101\"\r\n      },\r\n      \"edition\": {\r\n        \"type\": \"String\",\r\n        \"value\": \"Basic\"\r\n      },\r\n      \"configuredServiceLevelObjectiveId\": {\r\n        \"type\": \"String\",\r\n        \"value\": \"910b4fcb-8a29-4c3e-958f-f7ba794388b2\"\r\n      },\r\n      \"envLocation\": {\r\n        \"type\": \"String\",\r\n        \"value\": \"West US\"\r\n      },\r\n      \"serverName\": {\r\n        \"type\": \"String\",\r\n        \"value\": \"sql-audit-cmdlet-server101\"\r\n      }\r\n    },\r\n    \"mode\": \"Incremental\",\r\n    \"provisioningState\": \"Running\",\r\n    \"timestamp\": \"2015-07-01T11:43:06.3128137Z\",\r\n    \"duration\": \"PT1.9564882S\",\r\n    \"correlationId\": \"fa16b1bf-22fa-490f-b6c3-c0cb29383089\",\r\n    \"providers\": [\r\n      {\r\n        \"namespace\": \"Microsoft.Sql\",\r\n        \"resourceTypes\": [\r\n          {\r\n            \"resourceType\": \"servers\",\r\n            \"locations\": [\r\n              \"westus\"\r\n            ]\r\n          },\r\n          {\r\n            \"resourceType\": \"servers/databases\",\r\n            \"locations\": [\r\n              \"westus\"\r\n            ]\r\n          }\r\n        ]\r\n      }\r\n    ],\r\n    \"dependencies\": [\r\n      {\r\n        \"dependsOn\": [\r\n          {\r\n            \"id\": \"/subscriptions/cca24ec8-99b5-4aa7-9ff6-486e886f304c/resourceGroups/sql-audit-cmdlet-test-rg101/providers/Microsoft.Sql/servers/sql-audit-cmdlet-server101\",\r\n            \"resourceType\": \"Microsoft.Sql/servers\",\r\n            \"resourceName\": \"sql-audit-cmdlet-server101\"\r\n          }\r\n        ],\r\n        \"id\": \"/subscriptions/cca24ec8-99b5-4aa7-9ff6-486e886f304c/resourceGroups/sql-audit-cmdlet-test-rg101/providers/Microsoft.Sql/servers/sql-audit-cmdlet-server101/databases/sql-audit-cmdlet-db101\",\r\n        \"resourceType\": \"Microsoft.Sql/servers/databases\",\r\n        \"resourceName\": \"sql-audit-cmdlet-server101/sql-audit-cmdlet-db101\"\r\n      }\r\n    ]\r\n  }\r\n}",
      "ResponseHeaders": {
        "Content-Length": [
          "1650"
        ],
        "Content-Type": [
          "application/json; charset=utf-8"
        ],
        "Expires": [
          "-1"
        ],
        "Pragma": [
          "no-cache"
        ],
        "x-ms-ratelimit-remaining-subscription-reads": [
          "14964"
        ],
        "x-ms-request-id": [
          "bb6d210e-bf49-4300-a2ec-f87ff7ceda23"
        ],
        "x-ms-correlation-request-id": [
          "bb6d210e-bf49-4300-a2ec-f87ff7ceda23"
        ],
        "x-ms-routing-request-id": [
          "WESTEUROPE:20150701T114319Z:bb6d210e-bf49-4300-a2ec-f87ff7ceda23"
        ],
        "Strict-Transport-Security": [
          "max-age=31536000; includeSubDomains"
        ],
        "Cache-Control": [
          "no-cache"
        ],
        "Date": [
          "Wed, 01 Jul 2015 11:43:18 GMT"
        ]
      },
      "StatusCode": 200
    },
    {
      "RequestUri": "/subscriptions/cca24ec8-99b5-4aa7-9ff6-486e886f304c/resourcegroups/sql-audit-cmdlet-test-rg101/deployments/sql-audit-test-env-setup?api-version=2014-04-01-preview",
      "EncodedRequestUri": "L3N1YnNjcmlwdGlvbnMvY2NhMjRlYzgtOTliNS00YWE3LTlmZjYtNDg2ZTg4NmYzMDRjL3Jlc291cmNlZ3JvdXBzL3NxbC1hdWRpdC1jbWRsZXQtdGVzdC1yZzEwMS9kZXBsb3ltZW50cy9zcWwtYXVkaXQtdGVzdC1lbnYtc2V0dXA/YXBpLXZlcnNpb249MjAxNC0wNC0wMS1wcmV2aWV3",
      "RequestMethod": "GET",
      "RequestBody": "",
      "RequestHeaders": {
        "User-Agent": [
          "Microsoft.Azure.Management.Resources.ResourceManagementClient/2.0.0.0"
        ]
      },
      "ResponseBody": "{\r\n  \"id\": \"/subscriptions/cca24ec8-99b5-4aa7-9ff6-486e886f304c/resourceGroups/sql-audit-cmdlet-test-rg101/deployments/sql-audit-test-env-setup\",\r\n  \"name\": \"sql-audit-test-env-setup\",\r\n  \"properties\": {\r\n    \"parameters\": {\r\n      \"administratorLogin\": {\r\n        \"type\": \"String\",\r\n        \"value\": \"testlogin\"\r\n      },\r\n      \"administratorLoginPassword\": {\r\n        \"type\": \"SecureString\"\r\n      },\r\n      \"collation\": {\r\n        \"type\": \"String\",\r\n        \"value\": \"SQL_Latin1_General_CP1_CI_AS\"\r\n      },\r\n      \"databaseName\": {\r\n        \"type\": \"String\",\r\n        \"value\": \"sql-audit-cmdlet-db101\"\r\n      },\r\n      \"edition\": {\r\n        \"type\": \"String\",\r\n        \"value\": \"Basic\"\r\n      },\r\n      \"configuredServiceLevelObjectiveId\": {\r\n        \"type\": \"String\",\r\n        \"value\": \"910b4fcb-8a29-4c3e-958f-f7ba794388b2\"\r\n      },\r\n      \"envLocation\": {\r\n        \"type\": \"String\",\r\n        \"value\": \"West US\"\r\n      },\r\n      \"serverName\": {\r\n        \"type\": \"String\",\r\n        \"value\": \"sql-audit-cmdlet-server101\"\r\n      }\r\n    },\r\n    \"mode\": \"Incremental\",\r\n    \"provisioningState\": \"Running\",\r\n    \"timestamp\": \"2015-07-01T11:43:06.3128137Z\",\r\n    \"duration\": \"PT1.9564882S\",\r\n    \"correlationId\": \"fa16b1bf-22fa-490f-b6c3-c0cb29383089\",\r\n    \"providers\": [\r\n      {\r\n        \"namespace\": \"Microsoft.Sql\",\r\n        \"resourceTypes\": [\r\n          {\r\n            \"resourceType\": \"servers\",\r\n            \"locations\": [\r\n              \"westus\"\r\n            ]\r\n          },\r\n          {\r\n            \"resourceType\": \"servers/databases\",\r\n            \"locations\": [\r\n              \"westus\"\r\n            ]\r\n          }\r\n        ]\r\n      }\r\n    ],\r\n    \"dependencies\": [\r\n      {\r\n        \"dependsOn\": [\r\n          {\r\n            \"id\": \"/subscriptions/cca24ec8-99b5-4aa7-9ff6-486e886f304c/resourceGroups/sql-audit-cmdlet-test-rg101/providers/Microsoft.Sql/servers/sql-audit-cmdlet-server101\",\r\n            \"resourceType\": \"Microsoft.Sql/servers\",\r\n            \"resourceName\": \"sql-audit-cmdlet-server101\"\r\n          }\r\n        ],\r\n        \"id\": \"/subscriptions/cca24ec8-99b5-4aa7-9ff6-486e886f304c/resourceGroups/sql-audit-cmdlet-test-rg101/providers/Microsoft.Sql/servers/sql-audit-cmdlet-server101/databases/sql-audit-cmdlet-db101\",\r\n        \"resourceType\": \"Microsoft.Sql/servers/databases\",\r\n        \"resourceName\": \"sql-audit-cmdlet-server101/sql-audit-cmdlet-db101\"\r\n      }\r\n    ]\r\n  }\r\n}",
      "ResponseHeaders": {
        "Content-Length": [
          "1650"
        ],
        "Content-Type": [
          "application/json; charset=utf-8"
        ],
        "Expires": [
          "-1"
        ],
        "Pragma": [
          "no-cache"
        ],
        "x-ms-ratelimit-remaining-subscription-reads": [
          "14962"
        ],
        "x-ms-request-id": [
          "84409ecc-ab9e-4623-8b27-0f34bcef17b6"
        ],
        "x-ms-correlation-request-id": [
          "84409ecc-ab9e-4623-8b27-0f34bcef17b6"
        ],
        "x-ms-routing-request-id": [
          "WESTEUROPE:20150701T114322Z:84409ecc-ab9e-4623-8b27-0f34bcef17b6"
        ],
        "Strict-Transport-Security": [
          "max-age=31536000; includeSubDomains"
        ],
        "Cache-Control": [
          "no-cache"
        ],
        "Date": [
          "Wed, 01 Jul 2015 11:43:21 GMT"
        ]
      },
      "StatusCode": 200
    },
    {
      "RequestUri": "/subscriptions/cca24ec8-99b5-4aa7-9ff6-486e886f304c/resourcegroups/sql-audit-cmdlet-test-rg101/deployments/sql-audit-test-env-setup?api-version=2014-04-01-preview",
      "EncodedRequestUri": "L3N1YnNjcmlwdGlvbnMvY2NhMjRlYzgtOTliNS00YWE3LTlmZjYtNDg2ZTg4NmYzMDRjL3Jlc291cmNlZ3JvdXBzL3NxbC1hdWRpdC1jbWRsZXQtdGVzdC1yZzEwMS9kZXBsb3ltZW50cy9zcWwtYXVkaXQtdGVzdC1lbnYtc2V0dXA/YXBpLXZlcnNpb249MjAxNC0wNC0wMS1wcmV2aWV3",
      "RequestMethod": "GET",
      "RequestBody": "",
      "RequestHeaders": {
        "User-Agent": [
          "Microsoft.Azure.Management.Resources.ResourceManagementClient/2.0.0.0"
        ]
      },
      "ResponseBody": "{\r\n  \"id\": \"/subscriptions/cca24ec8-99b5-4aa7-9ff6-486e886f304c/resourceGroups/sql-audit-cmdlet-test-rg101/deployments/sql-audit-test-env-setup\",\r\n  \"name\": \"sql-audit-test-env-setup\",\r\n  \"properties\": {\r\n    \"parameters\": {\r\n      \"administratorLogin\": {\r\n        \"type\": \"String\",\r\n        \"value\": \"testlogin\"\r\n      },\r\n      \"administratorLoginPassword\": {\r\n        \"type\": \"SecureString\"\r\n      },\r\n      \"collation\": {\r\n        \"type\": \"String\",\r\n        \"value\": \"SQL_Latin1_General_CP1_CI_AS\"\r\n      },\r\n      \"databaseName\": {\r\n        \"type\": \"String\",\r\n        \"value\": \"sql-audit-cmdlet-db101\"\r\n      },\r\n      \"edition\": {\r\n        \"type\": \"String\",\r\n        \"value\": \"Basic\"\r\n      },\r\n      \"configuredServiceLevelObjectiveId\": {\r\n        \"type\": \"String\",\r\n        \"value\": \"910b4fcb-8a29-4c3e-958f-f7ba794388b2\"\r\n      },\r\n      \"envLocation\": {\r\n        \"type\": \"String\",\r\n        \"value\": \"West US\"\r\n      },\r\n      \"serverName\": {\r\n        \"type\": \"String\",\r\n        \"value\": \"sql-audit-cmdlet-server101\"\r\n      }\r\n    },\r\n    \"mode\": \"Incremental\",\r\n    \"provisioningState\": \"Running\",\r\n    \"timestamp\": \"2015-07-01T11:43:06.3128137Z\",\r\n    \"duration\": \"PT1.9564882S\",\r\n    \"correlationId\": \"fa16b1bf-22fa-490f-b6c3-c0cb29383089\",\r\n    \"providers\": [\r\n      {\r\n        \"namespace\": \"Microsoft.Sql\",\r\n        \"resourceTypes\": [\r\n          {\r\n            \"resourceType\": \"servers\",\r\n            \"locations\": [\r\n              \"westus\"\r\n            ]\r\n          },\r\n          {\r\n            \"resourceType\": \"servers/databases\",\r\n            \"locations\": [\r\n              \"westus\"\r\n            ]\r\n          }\r\n        ]\r\n      }\r\n    ],\r\n    \"dependencies\": [\r\n      {\r\n        \"dependsOn\": [\r\n          {\r\n            \"id\": \"/subscriptions/cca24ec8-99b5-4aa7-9ff6-486e886f304c/resourceGroups/sql-audit-cmdlet-test-rg101/providers/Microsoft.Sql/servers/sql-audit-cmdlet-server101\",\r\n            \"resourceType\": \"Microsoft.Sql/servers\",\r\n            \"resourceName\": \"sql-audit-cmdlet-server101\"\r\n          }\r\n        ],\r\n        \"id\": \"/subscriptions/cca24ec8-99b5-4aa7-9ff6-486e886f304c/resourceGroups/sql-audit-cmdlet-test-rg101/providers/Microsoft.Sql/servers/sql-audit-cmdlet-server101/databases/sql-audit-cmdlet-db101\",\r\n        \"resourceType\": \"Microsoft.Sql/servers/databases\",\r\n        \"resourceName\": \"sql-audit-cmdlet-server101/sql-audit-cmdlet-db101\"\r\n      }\r\n    ]\r\n  }\r\n}",
      "ResponseHeaders": {
        "Content-Length": [
          "1650"
        ],
        "Content-Type": [
          "application/json; charset=utf-8"
        ],
        "Expires": [
          "-1"
        ],
        "Pragma": [
          "no-cache"
        ],
        "x-ms-ratelimit-remaining-subscription-reads": [
          "14960"
        ],
        "x-ms-request-id": [
          "66f979bf-d9c8-45fe-9f4b-5ad9eb27163f"
        ],
        "x-ms-correlation-request-id": [
          "66f979bf-d9c8-45fe-9f4b-5ad9eb27163f"
        ],
        "x-ms-routing-request-id": [
          "WESTEUROPE:20150701T114325Z:66f979bf-d9c8-45fe-9f4b-5ad9eb27163f"
        ],
        "Strict-Transport-Security": [
          "max-age=31536000; includeSubDomains"
        ],
        "Cache-Control": [
          "no-cache"
        ],
        "Date": [
          "Wed, 01 Jul 2015 11:43:24 GMT"
        ]
      },
      "StatusCode": 200
    },
    {
      "RequestUri": "/subscriptions/cca24ec8-99b5-4aa7-9ff6-486e886f304c/resourcegroups/sql-audit-cmdlet-test-rg101/deployments/sql-audit-test-env-setup?api-version=2014-04-01-preview",
      "EncodedRequestUri": "L3N1YnNjcmlwdGlvbnMvY2NhMjRlYzgtOTliNS00YWE3LTlmZjYtNDg2ZTg4NmYzMDRjL3Jlc291cmNlZ3JvdXBzL3NxbC1hdWRpdC1jbWRsZXQtdGVzdC1yZzEwMS9kZXBsb3ltZW50cy9zcWwtYXVkaXQtdGVzdC1lbnYtc2V0dXA/YXBpLXZlcnNpb249MjAxNC0wNC0wMS1wcmV2aWV3",
      "RequestMethod": "GET",
      "RequestBody": "",
      "RequestHeaders": {
        "User-Agent": [
          "Microsoft.Azure.Management.Resources.ResourceManagementClient/2.0.0.0"
        ]
      },
      "ResponseBody": "{\r\n  \"id\": \"/subscriptions/cca24ec8-99b5-4aa7-9ff6-486e886f304c/resourceGroups/sql-audit-cmdlet-test-rg101/deployments/sql-audit-test-env-setup\",\r\n  \"name\": \"sql-audit-test-env-setup\",\r\n  \"properties\": {\r\n    \"parameters\": {\r\n      \"administratorLogin\": {\r\n        \"type\": \"String\",\r\n        \"value\": \"testlogin\"\r\n      },\r\n      \"administratorLoginPassword\": {\r\n        \"type\": \"SecureString\"\r\n      },\r\n      \"collation\": {\r\n        \"type\": \"String\",\r\n        \"value\": \"SQL_Latin1_General_CP1_CI_AS\"\r\n      },\r\n      \"databaseName\": {\r\n        \"type\": \"String\",\r\n        \"value\": \"sql-audit-cmdlet-db101\"\r\n      },\r\n      \"edition\": {\r\n        \"type\": \"String\",\r\n        \"value\": \"Basic\"\r\n      },\r\n      \"configuredServiceLevelObjectiveId\": {\r\n        \"type\": \"String\",\r\n        \"value\": \"910b4fcb-8a29-4c3e-958f-f7ba794388b2\"\r\n      },\r\n      \"envLocation\": {\r\n        \"type\": \"String\",\r\n        \"value\": \"West US\"\r\n      },\r\n      \"serverName\": {\r\n        \"type\": \"String\",\r\n        \"value\": \"sql-audit-cmdlet-server101\"\r\n      }\r\n    },\r\n    \"mode\": \"Incremental\",\r\n    \"provisioningState\": \"Running\",\r\n    \"timestamp\": \"2015-07-01T11:43:06.3128137Z\",\r\n    \"duration\": \"PT1.9564882S\",\r\n    \"correlationId\": \"fa16b1bf-22fa-490f-b6c3-c0cb29383089\",\r\n    \"providers\": [\r\n      {\r\n        \"namespace\": \"Microsoft.Sql\",\r\n        \"resourceTypes\": [\r\n          {\r\n            \"resourceType\": \"servers\",\r\n            \"locations\": [\r\n              \"westus\"\r\n            ]\r\n          },\r\n          {\r\n            \"resourceType\": \"servers/databases\",\r\n            \"locations\": [\r\n              \"westus\"\r\n            ]\r\n          }\r\n        ]\r\n      }\r\n    ],\r\n    \"dependencies\": [\r\n      {\r\n        \"dependsOn\": [\r\n          {\r\n            \"id\": \"/subscriptions/cca24ec8-99b5-4aa7-9ff6-486e886f304c/resourceGroups/sql-audit-cmdlet-test-rg101/providers/Microsoft.Sql/servers/sql-audit-cmdlet-server101\",\r\n            \"resourceType\": \"Microsoft.Sql/servers\",\r\n            \"resourceName\": \"sql-audit-cmdlet-server101\"\r\n          }\r\n        ],\r\n        \"id\": \"/subscriptions/cca24ec8-99b5-4aa7-9ff6-486e886f304c/resourceGroups/sql-audit-cmdlet-test-rg101/providers/Microsoft.Sql/servers/sql-audit-cmdlet-server101/databases/sql-audit-cmdlet-db101\",\r\n        \"resourceType\": \"Microsoft.Sql/servers/databases\",\r\n        \"resourceName\": \"sql-audit-cmdlet-server101/sql-audit-cmdlet-db101\"\r\n      }\r\n    ]\r\n  }\r\n}",
      "ResponseHeaders": {
        "Content-Length": [
          "1650"
        ],
        "Content-Type": [
          "application/json; charset=utf-8"
        ],
        "Expires": [
          "-1"
        ],
        "Pragma": [
          "no-cache"
        ],
        "x-ms-ratelimit-remaining-subscription-reads": [
          "14958"
        ],
        "x-ms-request-id": [
          "fa42dab0-761a-431f-8ee4-a2cc658d2a73"
        ],
        "x-ms-correlation-request-id": [
          "fa42dab0-761a-431f-8ee4-a2cc658d2a73"
        ],
        "x-ms-routing-request-id": [
          "WESTEUROPE:20150701T114328Z:fa42dab0-761a-431f-8ee4-a2cc658d2a73"
        ],
        "Strict-Transport-Security": [
          "max-age=31536000; includeSubDomains"
        ],
        "Cache-Control": [
          "no-cache"
        ],
        "Date": [
          "Wed, 01 Jul 2015 11:43:27 GMT"
        ]
      },
      "StatusCode": 200
    },
    {
      "RequestUri": "/subscriptions/cca24ec8-99b5-4aa7-9ff6-486e886f304c/resourcegroups/sql-audit-cmdlet-test-rg101/deployments/sql-audit-test-env-setup?api-version=2014-04-01-preview",
      "EncodedRequestUri": "L3N1YnNjcmlwdGlvbnMvY2NhMjRlYzgtOTliNS00YWE3LTlmZjYtNDg2ZTg4NmYzMDRjL3Jlc291cmNlZ3JvdXBzL3NxbC1hdWRpdC1jbWRsZXQtdGVzdC1yZzEwMS9kZXBsb3ltZW50cy9zcWwtYXVkaXQtdGVzdC1lbnYtc2V0dXA/YXBpLXZlcnNpb249MjAxNC0wNC0wMS1wcmV2aWV3",
      "RequestMethod": "GET",
      "RequestBody": "",
      "RequestHeaders": {
        "User-Agent": [
          "Microsoft.Azure.Management.Resources.ResourceManagementClient/2.0.0.0"
        ]
      },
      "ResponseBody": "{\r\n  \"id\": \"/subscriptions/cca24ec8-99b5-4aa7-9ff6-486e886f304c/resourceGroups/sql-audit-cmdlet-test-rg101/deployments/sql-audit-test-env-setup\",\r\n  \"name\": \"sql-audit-test-env-setup\",\r\n  \"properties\": {\r\n    \"parameters\": {\r\n      \"administratorLogin\": {\r\n        \"type\": \"String\",\r\n        \"value\": \"testlogin\"\r\n      },\r\n      \"administratorLoginPassword\": {\r\n        \"type\": \"SecureString\"\r\n      },\r\n      \"collation\": {\r\n        \"type\": \"String\",\r\n        \"value\": \"SQL_Latin1_General_CP1_CI_AS\"\r\n      },\r\n      \"databaseName\": {\r\n        \"type\": \"String\",\r\n        \"value\": \"sql-audit-cmdlet-db101\"\r\n      },\r\n      \"edition\": {\r\n        \"type\": \"String\",\r\n        \"value\": \"Basic\"\r\n      },\r\n      \"configuredServiceLevelObjectiveId\": {\r\n        \"type\": \"String\",\r\n        \"value\": \"910b4fcb-8a29-4c3e-958f-f7ba794388b2\"\r\n      },\r\n      \"envLocation\": {\r\n        \"type\": \"String\",\r\n        \"value\": \"West US\"\r\n      },\r\n      \"serverName\": {\r\n        \"type\": \"String\",\r\n        \"value\": \"sql-audit-cmdlet-server101\"\r\n      }\r\n    },\r\n    \"mode\": \"Incremental\",\r\n    \"provisioningState\": \"Running\",\r\n    \"timestamp\": \"2015-07-01T11:43:06.3128137Z\",\r\n    \"duration\": \"PT1.9564882S\",\r\n    \"correlationId\": \"fa16b1bf-22fa-490f-b6c3-c0cb29383089\",\r\n    \"providers\": [\r\n      {\r\n        \"namespace\": \"Microsoft.Sql\",\r\n        \"resourceTypes\": [\r\n          {\r\n            \"resourceType\": \"servers\",\r\n            \"locations\": [\r\n              \"westus\"\r\n            ]\r\n          },\r\n          {\r\n            \"resourceType\": \"servers/databases\",\r\n            \"locations\": [\r\n              \"westus\"\r\n            ]\r\n          }\r\n        ]\r\n      }\r\n    ],\r\n    \"dependencies\": [\r\n      {\r\n        \"dependsOn\": [\r\n          {\r\n            \"id\": \"/subscriptions/cca24ec8-99b5-4aa7-9ff6-486e886f304c/resourceGroups/sql-audit-cmdlet-test-rg101/providers/Microsoft.Sql/servers/sql-audit-cmdlet-server101\",\r\n            \"resourceType\": \"Microsoft.Sql/servers\",\r\n            \"resourceName\": \"sql-audit-cmdlet-server101\"\r\n          }\r\n        ],\r\n        \"id\": \"/subscriptions/cca24ec8-99b5-4aa7-9ff6-486e886f304c/resourceGroups/sql-audit-cmdlet-test-rg101/providers/Microsoft.Sql/servers/sql-audit-cmdlet-server101/databases/sql-audit-cmdlet-db101\",\r\n        \"resourceType\": \"Microsoft.Sql/servers/databases\",\r\n        \"resourceName\": \"sql-audit-cmdlet-server101/sql-audit-cmdlet-db101\"\r\n      }\r\n    ]\r\n  }\r\n}",
      "ResponseHeaders": {
        "Content-Length": [
          "1650"
        ],
        "Content-Type": [
          "application/json; charset=utf-8"
        ],
        "Expires": [
          "-1"
        ],
        "Pragma": [
          "no-cache"
        ],
        "x-ms-ratelimit-remaining-subscription-reads": [
          "14956"
        ],
        "x-ms-request-id": [
          "1abd7282-3004-4eee-a768-5f1963e4e658"
        ],
        "x-ms-correlation-request-id": [
          "1abd7282-3004-4eee-a768-5f1963e4e658"
        ],
        "x-ms-routing-request-id": [
          "WESTEUROPE:20150701T114331Z:1abd7282-3004-4eee-a768-5f1963e4e658"
        ],
        "Strict-Transport-Security": [
          "max-age=31536000; includeSubDomains"
        ],
        "Cache-Control": [
          "no-cache"
        ],
        "Date": [
          "Wed, 01 Jul 2015 11:43:30 GMT"
        ]
      },
      "StatusCode": 200
    },
    {
      "RequestUri": "/subscriptions/cca24ec8-99b5-4aa7-9ff6-486e886f304c/resourcegroups/sql-audit-cmdlet-test-rg101/deployments/sql-audit-test-env-setup?api-version=2014-04-01-preview",
      "EncodedRequestUri": "L3N1YnNjcmlwdGlvbnMvY2NhMjRlYzgtOTliNS00YWE3LTlmZjYtNDg2ZTg4NmYzMDRjL3Jlc291cmNlZ3JvdXBzL3NxbC1hdWRpdC1jbWRsZXQtdGVzdC1yZzEwMS9kZXBsb3ltZW50cy9zcWwtYXVkaXQtdGVzdC1lbnYtc2V0dXA/YXBpLXZlcnNpb249MjAxNC0wNC0wMS1wcmV2aWV3",
      "RequestMethod": "GET",
      "RequestBody": "",
      "RequestHeaders": {
        "User-Agent": [
          "Microsoft.Azure.Management.Resources.ResourceManagementClient/2.0.0.0"
        ]
      },
      "ResponseBody": "{\r\n  \"id\": \"/subscriptions/cca24ec8-99b5-4aa7-9ff6-486e886f304c/resourceGroups/sql-audit-cmdlet-test-rg101/deployments/sql-audit-test-env-setup\",\r\n  \"name\": \"sql-audit-test-env-setup\",\r\n  \"properties\": {\r\n    \"parameters\": {\r\n      \"administratorLogin\": {\r\n        \"type\": \"String\",\r\n        \"value\": \"testlogin\"\r\n      },\r\n      \"administratorLoginPassword\": {\r\n        \"type\": \"SecureString\"\r\n      },\r\n      \"collation\": {\r\n        \"type\": \"String\",\r\n        \"value\": \"SQL_Latin1_General_CP1_CI_AS\"\r\n      },\r\n      \"databaseName\": {\r\n        \"type\": \"String\",\r\n        \"value\": \"sql-audit-cmdlet-db101\"\r\n      },\r\n      \"edition\": {\r\n        \"type\": \"String\",\r\n        \"value\": \"Basic\"\r\n      },\r\n      \"configuredServiceLevelObjectiveId\": {\r\n        \"type\": \"String\",\r\n        \"value\": \"910b4fcb-8a29-4c3e-958f-f7ba794388b2\"\r\n      },\r\n      \"envLocation\": {\r\n        \"type\": \"String\",\r\n        \"value\": \"West US\"\r\n      },\r\n      \"serverName\": {\r\n        \"type\": \"String\",\r\n        \"value\": \"sql-audit-cmdlet-server101\"\r\n      }\r\n    },\r\n    \"mode\": \"Incremental\",\r\n    \"provisioningState\": \"Running\",\r\n    \"timestamp\": \"2015-07-01T11:43:06.3128137Z\",\r\n    \"duration\": \"PT1.9564882S\",\r\n    \"correlationId\": \"fa16b1bf-22fa-490f-b6c3-c0cb29383089\",\r\n    \"providers\": [\r\n      {\r\n        \"namespace\": \"Microsoft.Sql\",\r\n        \"resourceTypes\": [\r\n          {\r\n            \"resourceType\": \"servers\",\r\n            \"locations\": [\r\n              \"westus\"\r\n            ]\r\n          },\r\n          {\r\n            \"resourceType\": \"servers/databases\",\r\n            \"locations\": [\r\n              \"westus\"\r\n            ]\r\n          }\r\n        ]\r\n      }\r\n    ],\r\n    \"dependencies\": [\r\n      {\r\n        \"dependsOn\": [\r\n          {\r\n            \"id\": \"/subscriptions/cca24ec8-99b5-4aa7-9ff6-486e886f304c/resourceGroups/sql-audit-cmdlet-test-rg101/providers/Microsoft.Sql/servers/sql-audit-cmdlet-server101\",\r\n            \"resourceType\": \"Microsoft.Sql/servers\",\r\n            \"resourceName\": \"sql-audit-cmdlet-server101\"\r\n          }\r\n        ],\r\n        \"id\": \"/subscriptions/cca24ec8-99b5-4aa7-9ff6-486e886f304c/resourceGroups/sql-audit-cmdlet-test-rg101/providers/Microsoft.Sql/servers/sql-audit-cmdlet-server101/databases/sql-audit-cmdlet-db101\",\r\n        \"resourceType\": \"Microsoft.Sql/servers/databases\",\r\n        \"resourceName\": \"sql-audit-cmdlet-server101/sql-audit-cmdlet-db101\"\r\n      }\r\n    ]\r\n  }\r\n}",
      "ResponseHeaders": {
        "Content-Length": [
          "1650"
        ],
        "Content-Type": [
          "application/json; charset=utf-8"
        ],
        "Expires": [
          "-1"
        ],
        "Pragma": [
          "no-cache"
        ],
        "x-ms-ratelimit-remaining-subscription-reads": [
          "14954"
        ],
        "x-ms-request-id": [
          "f2c422e7-4a42-4119-a9a2-e821d475d666"
        ],
        "x-ms-correlation-request-id": [
          "f2c422e7-4a42-4119-a9a2-e821d475d666"
        ],
        "x-ms-routing-request-id": [
          "WESTEUROPE:20150701T114334Z:f2c422e7-4a42-4119-a9a2-e821d475d666"
        ],
        "Strict-Transport-Security": [
          "max-age=31536000; includeSubDomains"
        ],
        "Cache-Control": [
          "no-cache"
        ],
        "Date": [
          "Wed, 01 Jul 2015 11:43:33 GMT"
        ]
      },
      "StatusCode": 200
    },
    {
      "RequestUri": "/subscriptions/cca24ec8-99b5-4aa7-9ff6-486e886f304c/resourcegroups/sql-audit-cmdlet-test-rg101/deployments/sql-audit-test-env-setup?api-version=2014-04-01-preview",
      "EncodedRequestUri": "L3N1YnNjcmlwdGlvbnMvY2NhMjRlYzgtOTliNS00YWE3LTlmZjYtNDg2ZTg4NmYzMDRjL3Jlc291cmNlZ3JvdXBzL3NxbC1hdWRpdC1jbWRsZXQtdGVzdC1yZzEwMS9kZXBsb3ltZW50cy9zcWwtYXVkaXQtdGVzdC1lbnYtc2V0dXA/YXBpLXZlcnNpb249MjAxNC0wNC0wMS1wcmV2aWV3",
      "RequestMethod": "GET",
      "RequestBody": "",
      "RequestHeaders": {
        "User-Agent": [
          "Microsoft.Azure.Management.Resources.ResourceManagementClient/2.0.0.0"
        ]
      },
      "ResponseBody": "{\r\n  \"id\": \"/subscriptions/cca24ec8-99b5-4aa7-9ff6-486e886f304c/resourceGroups/sql-audit-cmdlet-test-rg101/deployments/sql-audit-test-env-setup\",\r\n  \"name\": \"sql-audit-test-env-setup\",\r\n  \"properties\": {\r\n    \"parameters\": {\r\n      \"administratorLogin\": {\r\n        \"type\": \"String\",\r\n        \"value\": \"testlogin\"\r\n      },\r\n      \"administratorLoginPassword\": {\r\n        \"type\": \"SecureString\"\r\n      },\r\n      \"collation\": {\r\n        \"type\": \"String\",\r\n        \"value\": \"SQL_Latin1_General_CP1_CI_AS\"\r\n      },\r\n      \"databaseName\": {\r\n        \"type\": \"String\",\r\n        \"value\": \"sql-audit-cmdlet-db101\"\r\n      },\r\n      \"edition\": {\r\n        \"type\": \"String\",\r\n        \"value\": \"Basic\"\r\n      },\r\n      \"configuredServiceLevelObjectiveId\": {\r\n        \"type\": \"String\",\r\n        \"value\": \"910b4fcb-8a29-4c3e-958f-f7ba794388b2\"\r\n      },\r\n      \"envLocation\": {\r\n        \"type\": \"String\",\r\n        \"value\": \"West US\"\r\n      },\r\n      \"serverName\": {\r\n        \"type\": \"String\",\r\n        \"value\": \"sql-audit-cmdlet-server101\"\r\n      }\r\n    },\r\n    \"mode\": \"Incremental\",\r\n    \"provisioningState\": \"Succeeded\",\r\n    \"timestamp\": \"2015-07-01T11:43:36.4167533Z\",\r\n    \"duration\": \"PT32.0604278S\",\r\n    \"correlationId\": \"fa16b1bf-22fa-490f-b6c3-c0cb29383089\",\r\n    \"providers\": [\r\n      {\r\n        \"namespace\": \"Microsoft.Sql\",\r\n        \"resourceTypes\": [\r\n          {\r\n            \"resourceType\": \"servers\",\r\n            \"locations\": [\r\n              \"westus\"\r\n            ]\r\n          },\r\n          {\r\n            \"resourceType\": \"servers/databases\",\r\n            \"locations\": [\r\n              \"westus\"\r\n            ]\r\n          }\r\n        ]\r\n      }\r\n    ],\r\n    \"dependencies\": [\r\n      {\r\n        \"dependsOn\": [\r\n          {\r\n            \"id\": \"/subscriptions/cca24ec8-99b5-4aa7-9ff6-486e886f304c/resourceGroups/sql-audit-cmdlet-test-rg101/providers/Microsoft.Sql/servers/sql-audit-cmdlet-server101\",\r\n            \"resourceType\": \"Microsoft.Sql/servers\",\r\n            \"resourceName\": \"sql-audit-cmdlet-server101\"\r\n          }\r\n        ],\r\n        \"id\": \"/subscriptions/cca24ec8-99b5-4aa7-9ff6-486e886f304c/resourceGroups/sql-audit-cmdlet-test-rg101/providers/Microsoft.Sql/servers/sql-audit-cmdlet-server101/databases/sql-audit-cmdlet-db101\",\r\n        \"resourceType\": \"Microsoft.Sql/servers/databases\",\r\n        \"resourceName\": \"sql-audit-cmdlet-server101/sql-audit-cmdlet-db101\"\r\n      }\r\n    ]\r\n  }\r\n}",
      "ResponseHeaders": {
        "Content-Length": [
          "1653"
        ],
        "Content-Type": [
          "application/json; charset=utf-8"
        ],
        "Expires": [
          "-1"
        ],
        "Pragma": [
          "no-cache"
        ],
        "x-ms-ratelimit-remaining-subscription-reads": [
          "14952"
        ],
        "x-ms-request-id": [
          "b8a7b7f4-1eb4-4916-91e4-2f15ae363df5"
        ],
        "x-ms-correlation-request-id": [
          "b8a7b7f4-1eb4-4916-91e4-2f15ae363df5"
        ],
        "x-ms-routing-request-id": [
          "WESTEUROPE:20150701T114337Z:b8a7b7f4-1eb4-4916-91e4-2f15ae363df5"
        ],
        "Strict-Transport-Security": [
          "max-age=31536000; includeSubDomains"
        ],
        "Cache-Control": [
          "no-cache"
        ],
        "Date": [
          "Wed, 01 Jul 2015 11:43:37 GMT"
        ]
      },
      "StatusCode": 200
    },
    {
      "RequestUri": "/subscriptions/cca24ec8-99b5-4aa7-9ff6-486e886f304c/resourceGroups/sql-audit-cmdlet-test-rg101/resources?api-version=2014-04-01-preview",
      "EncodedRequestUri": "L3N1YnNjcmlwdGlvbnMvY2NhMjRlYzgtOTliNS00YWE3LTlmZjYtNDg2ZTg4NmYzMDRjL3Jlc291cmNlR3JvdXBzL3NxbC1hdWRpdC1jbWRsZXQtdGVzdC1yZzEwMS9yZXNvdXJjZXM/YXBpLXZlcnNpb249MjAxNC0wNC0wMS1wcmV2aWV3",
      "RequestMethod": "GET",
      "RequestBody": "",
      "RequestHeaders": {
        "User-Agent": [
          "Microsoft.Azure.Management.Resources.ResourceManagementClient/2.0.0.0"
        ]
      },
      "ResponseBody": "{\r\n  \"value\": [\r\n    {\r\n      \"id\": \"/subscriptions/cca24ec8-99b5-4aa7-9ff6-486e886f304c/resourceGroups/sql-audit-cmdlet-test-rg101/providers/Microsoft.Sql/servers/sql-audit-cmdlet-server101\",\r\n      \"name\": \"sql-audit-cmdlet-server101\",\r\n      \"type\": \"Microsoft.Sql/servers\",\r\n      \"kind\": \"v2.0\",\r\n      \"location\": \"westus\"\r\n    },\r\n    {\r\n      \"id\": \"/subscriptions/cca24ec8-99b5-4aa7-9ff6-486e886f304c/resourceGroups/sql-audit-cmdlet-test-rg101/providers/Microsoft.Sql/servers/sql-audit-cmdlet-server101/databases/sql-audit-cmdlet-db101\",\r\n      \"name\": \"sql-audit-cmdlet-server101/sql-audit-cmdlet-db101\",\r\n      \"type\": \"Microsoft.Sql/servers/databases\",\r\n      \"kind\": \"v2.0,user\",\r\n      \"location\": \"westus\"\r\n    }\r\n  ]\r\n}",
      "ResponseHeaders": {
        "Content-Length": [
          "610"
        ],
        "Content-Type": [
          "application/json; charset=utf-8"
        ],
        "Expires": [
          "-1"
        ],
        "Pragma": [
          "no-cache"
        ],
        "x-ms-ratelimit-remaining-subscription-reads": [
          "14951"
        ],
        "x-ms-request-id": [
          "721a0c9b-2033-4bbf-92b0-f1519bc10b27"
        ],
        "x-ms-correlation-request-id": [
          "721a0c9b-2033-4bbf-92b0-f1519bc10b27"
        ],
        "x-ms-routing-request-id": [
          "WESTEUROPE:20150701T114339Z:721a0c9b-2033-4bbf-92b0-f1519bc10b27"
        ],
        "Strict-Transport-Security": [
          "max-age=31536000; includeSubDomains"
        ],
        "Cache-Control": [
          "no-cache"
        ],
        "Date": [
          "Wed, 01 Jul 2015 11:43:39 GMT"
        ]
      },
      "StatusCode": 200
    },
    {
      "RequestUri": "/subscriptions/cca24ec8-99b5-4aa7-9ff6-486e886f304c/resourcegroups/sql-audit-cmdlet-test-rg101/providers/Microsoft.Authorization/permissions?api-version=2014-07-01-preview",
      "EncodedRequestUri": "L3N1YnNjcmlwdGlvbnMvY2NhMjRlYzgtOTliNS00YWE3LTlmZjYtNDg2ZTg4NmYzMDRjL3Jlc291cmNlZ3JvdXBzL3NxbC1hdWRpdC1jbWRsZXQtdGVzdC1yZzEwMS9wcm92aWRlcnMvTWljcm9zb2Z0LkF1dGhvcml6YXRpb24vcGVybWlzc2lvbnM/YXBpLXZlcnNpb249MjAxNC0wNy0wMS1wcmV2aWV3",
      "RequestMethod": "GET",
      "RequestBody": "",
      "RequestHeaders": {
        "User-Agent": [
          "Microsoft.Azure.Management.Authorization.AuthorizationManagementClient/0.9.0.0"
        ]
      },
      "ResponseBody": "{\r\n  \"value\": [\r\n    {\r\n      \"actions\": [\r\n        \"*\"\r\n      ],\r\n      \"notActions\": []\r\n    }\r\n  ]\r\n}",
      "ResponseHeaders": {
        "Content-Length": [
          "45"
        ],
        "Content-Type": [
          "application/json; charset=utf-8"
        ],
        "Expires": [
          "-1"
        ],
        "Pragma": [
          "no-cache"
        ],
        "Vary": [
          "Accept-Encoding"
        ],
        "x-ms-request-id": [
          "westeurope:d8b590e0-4580-4c72-b976-965634ca7418"
        ],
        "x-ms-ratelimit-remaining-subscription-reads": [
          "14957"
        ],
        "x-ms-correlation-request-id": [
          "81a51b56-bb07-4eb8-aac4-ef74764642c7"
        ],
        "x-ms-routing-request-id": [
          "WESTEUROPE:20150701T114340Z:81a51b56-bb07-4eb8-aac4-ef74764642c7"
        ],
        "Strict-Transport-Security": [
          "max-age=31536000; includeSubDomains"
        ],
        "Cache-Control": [
          "no-cache"
        ],
        "Date": [
          "Wed, 01 Jul 2015 11:43:40 GMT"
        ]
      },
      "StatusCode": 200
    },
    {
      "RequestUri": "/subscriptions/cca24ec8-99b5-4aa7-9ff6-486e886f304c/resourceGroups/sql-audit-cmdlet-test-rg101/providers/Microsoft.Sql/servers/sql-audit-cmdlet-server101/databases/sql-audit-cmdlet-db101/auditingPolicies/Default?api-version=2014-04-01",
      "EncodedRequestUri": "L3N1YnNjcmlwdGlvbnMvY2NhMjRlYzgtOTliNS00YWE3LTlmZjYtNDg2ZTg4NmYzMDRjL3Jlc291cmNlR3JvdXBzL3NxbC1hdWRpdC1jbWRsZXQtdGVzdC1yZzEwMS9wcm92aWRlcnMvTWljcm9zb2Z0LlNxbC9zZXJ2ZXJzL3NxbC1hdWRpdC1jbWRsZXQtc2VydmVyMTAxL2RhdGFiYXNlcy9zcWwtYXVkaXQtY21kbGV0LWRiMTAxL2F1ZGl0aW5nUG9saWNpZXMvRGVmYXVsdD9hcGktdmVyc2lvbj0yMDE0LTA0LTAx",
      "RequestMethod": "GET",
      "RequestBody": "",
      "RequestHeaders": {
        "User-Agent": [
          "Microsoft.Azure.Management.Sql.SqlManagementClient/0.9.0.0"
        ],
        "x-ms-client-request-id": [
          "ea1ac93f-70f4-4cb1-8679-d098b7281bf7"
        ]
      },
      "ResponseBody": "{\r\n  \"id\": \"/subscriptions/cca24ec8-99b5-4aa7-9ff6-486e886f304c/resourceGroups/sql-audit-cmdlet-test-rg101/providers/Microsoft.Sql/servers/sql-audit-cmdlet-server101/databases/sql-audit-cmdlet-db101/auditingPolicies/Default\",\r\n  \"name\": \"Default\",\r\n  \"type\": \"Microsoft.Sql/servers/databases/auditingPolicies\",\r\n  \"location\": \"West US\",\r\n  \"properties\": {\r\n    \"auditingState\": \"Enabled\",\r\n    \"eventTypesToAudit\": \"PlainSQL_Success,PlainSQL_Failure,ParameterizedSQL_Success,ParameterizedSQL_Failure,StoredProcedure_Success,StoredProcedure_Failure,Login_Success,Login_Failure,TransactionManagement_Success,TransactionManagement_Failure\",\r\n    \"storageAccountName\": \"auditcmdlets101\",\r\n    \"auditLogsTableName\": \"Sqlauditcmdletserver10Sqlauditcmdletdb101\",\r\n    \"storageAccountKey\": \"********\",\r\n    \"storageAccountSecondaryKey\": null,\r\n    \"storageTableEndpoint\": \"https://auditcmdlets101.table.core.windows.net/\",\r\n    \"storageAccountResourceGroupName\": \"Default-Storage-WestUS\",\r\n    \"storageAccountSubscriptionId\": \"cca24ec8-99b5-4aa7-9ff6-486e886f304c\",\r\n    \"useServerDefault\": \"Disabled\",\r\n    \"retentionDays\": \"0\"\r\n  }\r\n}",
      "ResponseHeaders": {
        "Content-Length": [
          "1020"
        ],
        "Content-Type": [
          "application/json; odata=minimalmetadata; streaming=true; charset=utf-8"
        ],
        "x-ms-request-id": [
          "0c5e0e3a-7651-4971-b8bf-23def32083ed"
        ],
        "X-Content-Type-Options": [
          "nosniff"
        ],
        "DataServiceVersion": [
          "3.0;"
        ],
        "x-ms-ratelimit-remaining-subscription-reads": [
          "14947"
        ],
        "x-ms-correlation-request-id": [
          "f965b6d8-1e0f-438d-beed-b7b4ba07ee6c"
        ],
        "x-ms-routing-request-id": [
          "WESTEUROPE:20150701T114342Z:f965b6d8-1e0f-438d-beed-b7b4ba07ee6c"
        ],
        "Strict-Transport-Security": [
          "max-age=31536000; includeSubDomains"
        ],
        "Cache-Control": [
          "no-store, no-cache"
        ],
        "Date": [
          "Wed, 01 Jul 2015 11:43:42 GMT"
        ],
        "Server": [
          "Microsoft-HTTPAPI/2.0"
        ]
      },
      "StatusCode": 200
    },
    {
      "RequestUri": "/subscriptions/cca24ec8-99b5-4aa7-9ff6-486e886f304c/resourceGroups/sql-audit-cmdlet-test-rg101/providers/Microsoft.Sql/servers/sql-audit-cmdlet-server101/databases/sql-audit-cmdlet-db101/auditingPolicies/Default?api-version=2014-04-01",
      "EncodedRequestUri": "L3N1YnNjcmlwdGlvbnMvY2NhMjRlYzgtOTliNS00YWE3LTlmZjYtNDg2ZTg4NmYzMDRjL3Jlc291cmNlR3JvdXBzL3NxbC1hdWRpdC1jbWRsZXQtdGVzdC1yZzEwMS9wcm92aWRlcnMvTWljcm9zb2Z0LlNxbC9zZXJ2ZXJzL3NxbC1hdWRpdC1jbWRsZXQtc2VydmVyMTAxL2RhdGFiYXNlcy9zcWwtYXVkaXQtY21kbGV0LWRiMTAxL2F1ZGl0aW5nUG9saWNpZXMvRGVmYXVsdD9hcGktdmVyc2lvbj0yMDE0LTA0LTAx",
      "RequestMethod": "GET",
      "RequestBody": "",
      "RequestHeaders": {
        "User-Agent": [
          "Microsoft.Azure.Management.Sql.SqlManagementClient/0.9.0.0"
        ],
        "x-ms-client-request-id": [
          "e643569d-99af-4f08-86c5-2e2ea34e021a"
        ]
      },
      "ResponseBody": "{\r\n  \"id\": \"/subscriptions/cca24ec8-99b5-4aa7-9ff6-486e886f304c/resourceGroups/sql-audit-cmdlet-test-rg101/providers/Microsoft.Sql/servers/sql-audit-cmdlet-server101/databases/sql-audit-cmdlet-db101/auditingPolicies/Default\",\r\n  \"name\": \"Default\",\r\n  \"type\": \"Microsoft.Sql/servers/databases/auditingPolicies\",\r\n  \"location\": \"West US\",\r\n  \"properties\": {\r\n    \"auditingState\": \"Enabled\",\r\n    \"eventTypesToAudit\": \"PlainSQL_Success,PlainSQL_Failure,ParameterizedSQL_Success,ParameterizedSQL_Failure,StoredProcedure_Success,StoredProcedure_Failure,Login_Success,Login_Failure,TransactionManagement_Success,TransactionManagement_Failure\",\r\n    \"storageAccountName\": \"auditcmdlets101\",\r\n    \"auditLogsTableName\": \"Sqlauditcmdletserver10Sqlauditcmdletdb101\",\r\n    \"storageAccountKey\": \"********\",\r\n    \"storageAccountSecondaryKey\": null,\r\n    \"storageTableEndpoint\": \"https://auditcmdlets101.table.core.windows.net/\",\r\n    \"storageAccountResourceGroupName\": \"Default-Storage-WestUS\",\r\n    \"storageAccountSubscriptionId\": \"cca24ec8-99b5-4aa7-9ff6-486e886f304c\",\r\n    \"useServerDefault\": \"Disabled\",\r\n    \"retentionDays\": \"0\"\r\n  }\r\n}",
      "ResponseHeaders": {
        "Content-Length": [
          "1020"
        ],
        "Content-Type": [
          "application/json; odata=minimalmetadata; streaming=true; charset=utf-8"
        ],
        "x-ms-request-id": [
          "2fe1150c-3d5a-415e-ae70-10d5e660fc82"
        ],
        "X-Content-Type-Options": [
          "nosniff"
        ],
        "DataServiceVersion": [
          "3.0;"
        ],
        "x-ms-ratelimit-remaining-subscription-reads": [
          "14945"
        ],
        "x-ms-correlation-request-id": [
          "021ee028-b10f-46c1-be7a-c1f27f7f79c0"
        ],
        "x-ms-routing-request-id": [
          "WESTEUROPE:20150701T114352Z:021ee028-b10f-46c1-be7a-c1f27f7f79c0"
        ],
        "Strict-Transport-Security": [
          "max-age=31536000; includeSubDomains"
        ],
        "Cache-Control": [
          "no-store, no-cache"
        ],
        "Date": [
          "Wed, 01 Jul 2015 11:43:52 GMT"
        ],
        "Server": [
          "Microsoft-HTTPAPI/2.0"
        ]
      },
      "StatusCode": 200
    },
    {
      "RequestUri": "/subscriptions/cca24ec8-99b5-4aa7-9ff6-486e886f304c/resourceGroups/sql-audit-cmdlet-test-rg101/providers/Microsoft.Sql/servers/sql-audit-cmdlet-server101/databases/sql-audit-cmdlet-db101?api-version=2014-04-01",
      "EncodedRequestUri": "L3N1YnNjcmlwdGlvbnMvY2NhMjRlYzgtOTliNS00YWE3LTlmZjYtNDg2ZTg4NmYzMDRjL3Jlc291cmNlR3JvdXBzL3NxbC1hdWRpdC1jbWRsZXQtdGVzdC1yZzEwMS9wcm92aWRlcnMvTWljcm9zb2Z0LlNxbC9zZXJ2ZXJzL3NxbC1hdWRpdC1jbWRsZXQtc2VydmVyMTAxL2RhdGFiYXNlcy9zcWwtYXVkaXQtY21kbGV0LWRiMTAxP2FwaS12ZXJzaW9uPTIwMTQtMDQtMDE=",
      "RequestMethod": "GET",
      "RequestBody": "",
      "RequestHeaders": {
        "User-Agent": [
          "Microsoft.Azure.Management.Sql.SqlManagementClient/0.9.0.0"
        ],
        "x-ms-client-request-id": [
          "ea1ac93f-70f4-4cb1-8679-d098b7281bf7"
        ]
      },
      "ResponseBody": "{\r\n  \"id\": \"/subscriptions/cca24ec8-99b5-4aa7-9ff6-486e886f304c/resourceGroups/sql-audit-cmdlet-test-rg101/providers/Microsoft.Sql/servers/sql-audit-cmdlet-server101/databases/sql-audit-cmdlet-db101\",\r\n  \"name\": \"sql-audit-cmdlet-db101\",\r\n  \"type\": \"Microsoft.Sql/servers/databases\",\r\n  \"location\": \"West US\",\r\n  \"kind\": \"v2.0,user\",\r\n  \"properties\": {\r\n    \"databaseId\": \"d804414e-c4fa-4d62-a5de-b25bc3277b50\",\r\n    \"edition\": \"Basic\",\r\n    \"status\": \"Online\",\r\n    \"serviceLevelObjective\": \"Basic\",\r\n    \"collation\": \"SQL_Latin1_General_CP1_CI_AS\",\r\n    \"maxSizeBytes\": \"1073741824\",\r\n    \"creationDate\": \"2015-07-01T11:43:31.937Z\",\r\n    \"currentServiceObjectiveId\": \"dd6d99bb-f193-4ec1-86f2-43d3bccbc49c\",\r\n    \"requestedServiceObjectiveId\": \"dd6d99bb-f193-4ec1-86f2-43d3bccbc49c\",\r\n    \"requestedServiceObjectiveName\": null,\r\n    \"defaultSecondaryLocation\": \"East US\",\r\n    \"earliestRestoreDate\": \"2015-07-01T12:13:31.937Z\"\r\n  }\r\n}",
      "ResponseHeaders": {
        "Content-Length": [
          "815"
        ],
        "Content-Type": [
          "application/json; odata=minimalmetadata; streaming=true; charset=utf-8"
        ],
        "x-ms-request-id": [
          "e85d05cd-8fe3-4d13-ab37-aee6cede368a"
        ],
        "X-Content-Type-Options": [
          "nosniff"
        ],
        "DataServiceVersion": [
          "3.0;"
        ],
        "x-ms-ratelimit-remaining-subscription-reads": [
          "14946"
        ],
        "x-ms-correlation-request-id": [
          "7ad7afda-3f30-44fe-b114-4b4309dd8e26"
        ],
        "x-ms-routing-request-id": [
          "WESTEUROPE:20150701T114348Z:7ad7afda-3f30-44fe-b114-4b4309dd8e26"
        ],
        "Strict-Transport-Security": [
          "max-age=31536000; includeSubDomains"
        ],
        "Cache-Control": [
          "no-store, no-cache"
        ],
        "Date": [
          "Wed, 01 Jul 2015 11:43:47 GMT"
        ],
        "Server": [
          "Microsoft-HTTPAPI/2.0"
        ]
      },
      "StatusCode": 200
    },
    {
      "RequestUri": "/subscriptions/cca24ec8-99b5-4aa7-9ff6-486e886f304c/resourceGroups/Default-Storage-WestUS/providers/Microsoft.ClassicStorage/storageAccounts/auditcmdlets101/listKeys?api-version=2014-06-01",
      "EncodedRequestUri": "L3N1YnNjcmlwdGlvbnMvY2NhMjRlYzgtOTliNS00YWE3LTlmZjYtNDg2ZTg4NmYzMDRjL3Jlc291cmNlR3JvdXBzL0RlZmF1bHQtU3RvcmFnZS1XZXN0VVMvcHJvdmlkZXJzL01pY3Jvc29mdC5DbGFzc2ljU3RvcmFnZS9zdG9yYWdlQWNjb3VudHMvYXVkaXRjbWRsZXRzMTAxL2xpc3RLZXlzP2FwaS12ZXJzaW9uPTIwMTQtMDYtMDE=",
      "RequestMethod": "POST",
      "RequestBody": "",
      "RequestHeaders": {
        "User-Agent": [
          "Microsoft.Azure.Management.Sql.SqlManagementClient/0.9.0.0"
        ],
        "x-ms-client-request-id": [
          "none"
        ]
      },
      "ResponseBody": "{\r\n  \"primaryKey\": \"M+ACFveSvDK9ipBABVrtKGOjqmiE8fMzJmhNqB5S9X6s48SvTII/cXfTwiAv0E7UyvKkrP/thiJSp+Tr8PYgwQ==\",\r\n  \"secondaryKey\": \"75v++0/UvNtWZAS93n4FXdFXSNXee90UQW3kOUglF8iqo30ubI4nEWW2vGuilxcior5BiEgdbQgMYTl6wBrrJQ==\"\r\n}",
      "ResponseHeaders": {
        "Content-Length": [
          "211"
        ],
        "Content-Type": [
          "application/json; charset=utf-8"
        ],
        "Expires": [
          "-1"
        ],
        "Pragma": [
          "no-cache"
        ],
        "Vary": [
          "Accept-Encoding"
        ],
        "x-ms-request-id": [
          "southcentralus:c7e0d733-2ff1-4896-8ef4-65250bccd97d"
        ],
        "x-ms-ratelimit-remaining-subscription-writes": [
          "1189"
        ],
        "x-ms-correlation-request-id": [
          "f60a7370-9d11-41e7-b367-df09b873324b"
        ],
        "x-ms-routing-request-id": [
          "WESTEUROPE:20150701T114349Z:f60a7370-9d11-41e7-b367-df09b873324b"
        ],
        "Strict-Transport-Security": [
          "max-age=31536000; includeSubDomains"
        ],
        "Cache-Control": [
          "no-cache"
        ],
        "Date": [
          "Wed, 01 Jul 2015 11:43:49 GMT"
        ]
      },
      "StatusCode": 200
    },
    {
      "RequestUri": "/subscriptions/cca24ec8-99b5-4aa7-9ff6-486e886f304c/resourceGroups/sql-audit-cmdlet-test-rg101/providers/Microsoft.Sql/servers/sql-audit-cmdlet-server101/databases/sql-audit-cmdlet-db101/auditingPolicies/Default?api-version=2014-04-01",
      "EncodedRequestUri": "L3N1YnNjcmlwdGlvbnMvY2NhMjRlYzgtOTliNS00YWE3LTlmZjYtNDg2ZTg4NmYzMDRjL3Jlc291cmNlR3JvdXBzL3NxbC1hdWRpdC1jbWRsZXQtdGVzdC1yZzEwMS9wcm92aWRlcnMvTWljcm9zb2Z0LlNxbC9zZXJ2ZXJzL3NxbC1hdWRpdC1jbWRsZXQtc2VydmVyMTAxL2RhdGFiYXNlcy9zcWwtYXVkaXQtY21kbGV0LWRiMTAxL2F1ZGl0aW5nUG9saWNpZXMvRGVmYXVsdD9hcGktdmVyc2lvbj0yMDE0LTA0LTAx",
      "RequestMethod": "PUT",
      "RequestBody": "{\r\n  \"properties\": {\r\n    \"auditingState\": \"Enabled\",\r\n    \"eventTypesToAudit\": \"PlainSQL_Success,PlainSQL_Failure,ParameterizedSQL_Success,ParameterizedSQL_Failure,StoredProcedure_Success,StoredProcedure_Failure,Login_Success,Login_Failure,TransactionManagement_Success,TransactionManagement_Failure\",\r\n    \"storageAccountName\": \"auditcmdlets101\",\r\n    \"storageAccountKey\": \"M+ACFveSvDK9ipBABVrtKGOjqmiE8fMzJmhNqB5S9X6s48SvTII/cXfTwiAv0E7UyvKkrP/thiJSp+Tr8PYgwQ==\",\r\n    \"storageTableEndpoint\": \"https://auditcmdlets101.table.core.windows.net/\",\r\n    \"storageAccountResourceGroupName\": \"Default-Storage-WestUS\",\r\n    \"storageAccountSubscriptionId\": \"cca24ec8-99b5-4aa7-9ff6-486e886f304c\",\r\n    \"retentionDays\": \"0\",\r\n    \"useServerDefault\": \"Disabled\",\r\n    \"auditLogsTableName\": \"Sqlauditcmdletserver10Sqlauditcmdletdb101\"\r\n  }\r\n}",
      "RequestHeaders": {
        "Content-Type": [
          "application/json; charset=utf-8"
        ],
        "Content-Length": [
          "832"
        ],
        "User-Agent": [
          "Microsoft.Azure.Management.Sql.SqlManagementClient/0.9.0.0"
        ],
        "x-ms-client-request-id": [
          "ea1ac93f-70f4-4cb1-8679-d098b7281bf7"
        ]
      },
      "ResponseBody": "{\r\n  \"id\": \"/subscriptions/cca24ec8-99b5-4aa7-9ff6-486e886f304c/resourceGroups/sql-audit-cmdlet-test-rg101/providers/Microsoft.Sql/servers/sql-audit-cmdlet-server101/databases/sql-audit-cmdlet-db101/auditingPolicies/Default\",\r\n  \"name\": \"Default\",\r\n  \"type\": \"Microsoft.Sql/servers/databases/auditingPolicies\",\r\n  \"location\": null,\r\n  \"properties\": {\r\n    \"auditingState\": \"Enabled\",\r\n    \"eventTypesToAudit\": \"PlainSQL_Success,PlainSQL_Failure,ParameterizedSQL_Success,ParameterizedSQL_Failure,StoredProcedure_Success,StoredProcedure_Failure,Login_Success,Login_Failure,TransactionManagement_Success,TransactionManagement_Failure\",\r\n    \"storageAccountName\": \"auditcmdlets101\",\r\n    \"auditLogsTableName\": \"Sqlauditcmdletserver10Sqlauditcmdletdb101\",\r\n    \"storageAccountKey\": \"M+ACFveSvDK9ipBABVrtKGOjqmiE8fMzJmhNqB5S9X6s48SvTII/cXfTwiAv0E7UyvKkrP/thiJSp+Tr8PYgwQ==\",\r\n    \"storageAccountSecondaryKey\": null,\r\n    \"storageTableEndpoint\": \"https://auditcmdlets101.table.core.windows.net/\",\r\n    \"storageAccountResourceGroupName\": \"Default-Storage-WestUS\",\r\n    \"storageAccountSubscriptionId\": \"cca24ec8-99b5-4aa7-9ff6-486e886f304c\",\r\n    \"useServerDefault\": \"Disabled\",\r\n    \"retentionDays\": \"0\"\r\n  }\r\n}",
      "ResponseHeaders": {
        "Content-Length": [
          "1095"
        ],
        "Content-Type": [
          "application/json; odata=minimalmetadata; streaming=true; charset=utf-8"
        ],
        "x-ms-request-id": [
          "d125047f-4aa3-43c3-af78-f332858e48c7"
        ],
        "X-Content-Type-Options": [
          "nosniff"
        ],
        "Preference-Applied": [
          "return-content"
        ],
        "DataServiceVersion": [
          "3.0;"
        ],
        "x-ms-ratelimit-remaining-subscription-writes": [
          "1188"
        ],
        "x-ms-correlation-request-id": [
          "8b48826f-7402-410c-9c78-3e8990fbf6fe"
        ],
        "x-ms-routing-request-id": [
          "WESTEUROPE:20150701T114351Z:8b48826f-7402-410c-9c78-3e8990fbf6fe"
        ],
        "Strict-Transport-Security": [
          "max-age=31536000; includeSubDomains"
        ],
        "Cache-Control": [
          "no-store, no-cache"
        ],
        "Date": [
          "Wed, 01 Jul 2015 11:43:50 GMT"
        ],
        "Server": [
          "Microsoft-HTTPAPI/2.0"
        ]
      },
      "StatusCode": 200
    },
    {
      "RequestUri": "/cca24ec8-99b5-4aa7-9ff6-486e886f304c/services/storageservices/auditcmdlets101",
      "EncodedRequestUri": "L2NjYTI0ZWM4LTk5YjUtNGFhNy05ZmY2LTQ4NmU4ODZmMzA0Yy9zZXJ2aWNlcy9zdG9yYWdlc2VydmljZXMvYXVkaXRjbWRsZXRzMTAx",
      "RequestMethod": "DELETE",
      "RequestBody": "",
      "RequestHeaders": {
        "x-ms-version": [
          "2014-10-01"
        ],
        "User-Agent": [
          "Microsoft.WindowsAzure.Management.Storage.StorageManagementClient/5.0.0.0"
        ]
      },
      "ResponseBody": "",
      "ResponseHeaders": {
        "Content-Length": [
          "0"
        ],
        "x-ms-servedbyregion": [
          "ussouth3"
        ],
        "x-ms-request-id": [
          "1f4311ed142ab47583996bd584bc4968"
        ],
        "Cache-Control": [
          "no-cache"
        ],
        "Date": [
          "Wed, 01 Jul 2015 11:43:59 GMT"
        ],
        "Server": [
          "1.0.6198.243",
          "(rd_rdfe_stable.150618-1025)",
          "Microsoft-HTTPAPI/2.0"
        ]
      },
      "StatusCode": 200
    },
    {
      "RequestUri": "/cca24ec8-99b5-4aa7-9ff6-486e886f304c/operations/1f4311ed142ab47583996bd584bc4968",
      "EncodedRequestUri": "L2NjYTI0ZWM4LTk5YjUtNGFhNy05ZmY2LTQ4NmU4ODZmMzA0Yy9vcGVyYXRpb25zLzFmNDMxMWVkMTQyYWI0NzU4Mzk5NmJkNTg0YmM0OTY4",
      "RequestMethod": "GET",
      "RequestBody": "",
      "RequestHeaders": {
        "x-ms-version": [
          "2014-10-01"
        ],
        "User-Agent": [
          "Microsoft.WindowsAzure.Management.ManagementClient/4.0.0.0"
        ]
      },
      "ResponseBody": "<Operation xmlns=\"http://schemas.microsoft.com/windowsazure\" xmlns:i=\"http://www.w3.org/2001/XMLSchema-instance\">\r\n  <ID>1f4311ed-142a-b475-8399-6bd584bc4968</ID>\r\n  <Status>Succeeded</Status>\r\n  <HttpStatusCode>200</HttpStatusCode>\r\n</Operation>",
      "ResponseHeaders": {
        "Content-Length": [
          "232"
        ],
        "Content-Type": [
          "application/xml; charset=utf-8"
        ],
        "x-ms-servedbyregion": [
          "ussouth3"
        ],
        "x-ms-request-id": [
          "527c4edb6d0bb963af39b1d2194b7a32"
        ],
        "Cache-Control": [
          "no-cache"
        ],
        "Date": [
          "Wed, 01 Jul 2015 11:44:00 GMT"
        ],
        "Server": [
          "1.0.6198.243",
          "(rd_rdfe_stable.150618-1025)",
          "Microsoft-HTTPAPI/2.0"
        ]
      },
      "StatusCode": 200
    }
  ],
  "Names": {},
  "Variables": {
    "SubscriptionId": "cca24ec8-99b5-4aa7-9ff6-486e886f304c"
  }
}