{
  "Entries": [
    {
      "RequestUri": "/subscriptions/05b5dd1c-793d-41de-be9f-6f9ed142f695/resourcegroups/ps2568?api-version=2016-09-01",
      "EncodedRequestUri": "L3N1YnNjcmlwdGlvbnMvMDViNWRkMWMtNzkzZC00MWRlLWJlOWYtNmY5ZWQxNDJmNjk1L3Jlc291cmNlZ3JvdXBzL3BzMjU2OD9hcGktdmVyc2lvbj0yMDE2LTA5LTAx",
      "RequestMethod": "PUT",
      "RequestBody": "{\r\n  \"location\": \"WestUS\"\r\n}",
      "RequestHeaders": {
        "x-ms-client-request-id": [
          "901a742d-1270-4e56-a08d-4acaccbd30c4"
        ],
        "Accept-Language": [
          "en-US"
        ],
        "User-Agent": [
          "FxVersion/4.6.27617.04",
          "OSName/Windows",
          "OSVersion/Microsoft.Windows.10.0.18362.",
          "Microsoft.Azure.Management.Internal.Resources.ResourceManagementClient/1.2.1"
        ],
        "Content-Type": [
          "application/json; charset=utf-8"
        ],
        "Content-Length": [
          "28"
        ]
      },
      "ResponseHeaders": {
        "Cache-Control": [
          "no-cache"
        ],
        "Pragma": [
          "no-cache"
        ],
        "x-ms-ratelimit-remaining-subscription-writes": [
          "1199"
        ],
        "x-ms-request-id": [
          "cdbb1a2e-fa52-4e9a-918b-314ed0f94355"
        ],
        "x-ms-correlation-request-id": [
          "cdbb1a2e-fa52-4e9a-918b-314ed0f94355"
        ],
        "x-ms-routing-request-id": [
          "SOUTHINDIA:20190715T051537Z:cdbb1a2e-fa52-4e9a-918b-314ed0f94355"
        ],
        "Strict-Transport-Security": [
          "max-age=31536000; includeSubDomains"
        ],
        "X-Content-Type-Options": [
          "nosniff"
        ],
        "Date": [
          "Mon, 15 Jul 2019 05:15:37 GMT"
        ],
        "Content-Length": [
          "165"
        ],
        "Content-Type": [
          "application/json; charset=utf-8"
        ],
        "Expires": [
          "-1"
        ]
      },
      "ResponseBody": "{\r\n  \"id\": \"/subscriptions/05b5dd1c-793d-41de-be9f-6f9ed142f695/resourceGroups/ps2568\",\r\n  \"name\": \"ps2568\",\r\n  \"location\": \"westus\",\r\n  \"properties\": {\r\n    \"provisioningState\": \"Succeeded\"\r\n  }\r\n}",
      "StatusCode": 201
    },
    {
      "RequestUri": "/subscriptions/05b5dd1c-793d-41de-be9f-6f9ed142f695/resourceGroups/ps2568/providers/Microsoft.Storage/storageAccounts/ps2735?api-version=2017-10-01",
      "EncodedRequestUri": "L3N1YnNjcmlwdGlvbnMvMDViNWRkMWMtNzkzZC00MWRlLWJlOWYtNmY5ZWQxNDJmNjk1L3Jlc291cmNlR3JvdXBzL3BzMjU2OC9wcm92aWRlcnMvTWljcm9zb2Z0LlN0b3JhZ2Uvc3RvcmFnZUFjY291bnRzL3BzMjczNT9hcGktdmVyc2lvbj0yMDE3LTEwLTAx",
      "RequestMethod": "PUT",
      "RequestBody": "{\r\n  \"sku\": {\r\n    \"name\": \"Standard_LRS\"\r\n  },\r\n  \"kind\": \"Storage\",\r\n  \"location\": \"WestUS\"\r\n}",
      "RequestHeaders": {
        "x-ms-client-request-id": [
          "31e0a24f-bc00-4ec7-beb2-c8107c104417"
        ],
        "Accept-Language": [
          "en-US"
        ],
        "User-Agent": [
          "FxVersion/4.6.27617.04",
          "OSName/Windows",
          "OSVersion/Microsoft.Windows.10.0.18362.",
          "Microsoft.Azure.Management.Storage.Version2017.10.01.StorageManagementClient/1.2.1"
        ],
        "Content-Type": [
          "application/json; charset=utf-8"
        ],
        "Content-Length": [
          "96"
        ]
      },
      "ResponseHeaders": {
        "Cache-Control": [
          "no-cache"
        ],
        "Pragma": [
          "no-cache"
        ],
        "Location": [
          "https://management.azure.com/subscriptions/05b5dd1c-793d-41de-be9f-6f9ed142f695/providers/Microsoft.Storage/locations/westus/asyncoperations/97fcb43f-dc57-489c-8b5b-1d568e03c440?monitor=true&api-version=2017-10-01"
        ],
        "Retry-After": [
          "17"
        ],
        "x-ms-request-id": [
          "97fcb43f-dc57-489c-8b5b-1d568e03c440"
        ],
        "Strict-Transport-Security": [
          "max-age=31536000; includeSubDomains"
        ],
        "Server": [
          "Microsoft-Azure-Storage-Resource-Provider/1.0,Microsoft-HTTPAPI/2.0 Microsoft-HTTPAPI/2.0"
        ],
        "x-ms-ratelimit-remaining-subscription-writes": [
          "1199"
        ],
        "x-ms-correlation-request-id": [
          "cd7b9a90-2b72-4944-ab83-3d5c125d5557"
        ],
        "x-ms-routing-request-id": [
          "SOUTHINDIA:20190715T051541Z:cd7b9a90-2b72-4944-ab83-3d5c125d5557"
        ],
        "X-Content-Type-Options": [
          "nosniff"
        ],
        "Date": [
          "Mon, 15 Jul 2019 05:15:41 GMT"
        ],
        "Content-Type": [
          "text/plain; charset=utf-8"
        ],
        "Expires": [
          "-1"
        ],
        "Content-Length": [
          "0"
        ]
      },
      "ResponseBody": "",
      "StatusCode": 202
    },
    {
      "RequestUri": "/subscriptions/05b5dd1c-793d-41de-be9f-6f9ed142f695/providers/Microsoft.Storage/locations/westus/asyncoperations/97fcb43f-dc57-489c-8b5b-1d568e03c440?monitor=true&api-version=2017-10-01",
      "EncodedRequestUri": "L3N1YnNjcmlwdGlvbnMvMDViNWRkMWMtNzkzZC00MWRlLWJlOWYtNmY5ZWQxNDJmNjk1L3Byb3ZpZGVycy9NaWNyb3NvZnQuU3RvcmFnZS9sb2NhdGlvbnMvd2VzdHVzL2FzeW5jb3BlcmF0aW9ucy85N2ZjYjQzZi1kYzU3LTQ4OWMtOGI1Yi0xZDU2OGUwM2M0NDA/bW9uaXRvcj10cnVlJmFwaS12ZXJzaW9uPTIwMTctMTAtMDE=",
      "RequestMethod": "GET",
      "RequestBody": "",
      "RequestHeaders": {
        "User-Agent": [
          "FxVersion/4.6.27617.04",
          "OSName/Windows",
          "OSVersion/Microsoft.Windows.10.0.18362.",
          "Microsoft.Azure.Management.Storage.Version2017.10.01.StorageManagementClient/1.2.1"
        ]
      },
      "ResponseHeaders": {
        "Cache-Control": [
          "no-cache"
        ],
        "Pragma": [
          "no-cache"
        ],
        "x-ms-request-id": [
          "25cbd0e2-24ab-439f-8ae1-489a6e421333"
        ],
        "Strict-Transport-Security": [
          "max-age=31536000; includeSubDomains"
        ],
        "x-ms-ratelimit-remaining-subscription-reads": [
          "11999"
        ],
        "Server": [
          "Microsoft-Azure-Storage-Resource-Provider/1.0,Microsoft-HTTPAPI/2.0 Microsoft-HTTPAPI/2.0"
        ],
        "x-ms-correlation-request-id": [
          "930c3ce1-1cd2-499c-ac28-50c50cc6e75e"
        ],
        "x-ms-routing-request-id": [
          "SOUTHINDIA:20190715T051559Z:930c3ce1-1cd2-499c-ac28-50c50cc6e75e"
        ],
        "X-Content-Type-Options": [
          "nosniff"
        ],
        "Date": [
          "Mon, 15 Jul 2019 05:15:58 GMT"
        ],
        "Content-Length": [
          "992"
        ],
        "Content-Type": [
          "application/json"
        ],
        "Expires": [
          "-1"
        ]
      },
      "ResponseBody": "{\r\n  \"sku\": {\r\n    \"name\": \"Standard_LRS\",\r\n    \"tier\": \"Standard\"\r\n  },\r\n  \"kind\": \"Storage\",\r\n  \"id\": \"/subscriptions/05b5dd1c-793d-41de-be9f-6f9ed142f695/resourceGroups/ps2568/providers/Microsoft.Storage/storageAccounts/ps2735\",\r\n  \"name\": \"ps2735\",\r\n  \"type\": \"Microsoft.Storage/storageAccounts\",\r\n  \"location\": \"westus\",\r\n  \"tags\": {},\r\n  \"properties\": {\r\n    \"networkAcls\": {\r\n      \"bypass\": \"AzureServices\",\r\n      \"virtualNetworkRules\": [],\r\n      \"ipRules\": [],\r\n      \"defaultAction\": \"Allow\"\r\n    },\r\n    \"supportsHttpsTrafficOnly\": false,\r\n    \"encryption\": {\r\n      \"services\": {\r\n        \"file\": {\r\n          \"enabled\": true,\r\n          \"lastEnabledTime\": \"2019-07-15T05:15:41.1390499Z\"\r\n        },\r\n        \"blob\": {\r\n          \"enabled\": true,\r\n          \"lastEnabledTime\": \"2019-07-15T05:15:41.1390499Z\"\r\n        }\r\n      },\r\n      \"keySource\": \"Microsoft.Storage\"\r\n    },\r\n    \"provisioningState\": \"Succeeded\",\r\n    \"creationTime\": \"2019-07-15T05:15:41.0296853Z\",\r\n    \"primaryEndpoints\": {\r\n      \"blob\": \"https://ps2735.blob.core.windows.net/\",\r\n      \"queue\": \"https://ps2735.queue.core.windows.net/\",\r\n      \"table\": \"https://ps2735.table.core.windows.net/\",\r\n      \"file\": \"https://ps2735.file.core.windows.net/\"\r\n    },\r\n    \"primaryLocation\": \"westus\",\r\n    \"statusOfPrimary\": \"available\"\r\n  }\r\n}",
      "StatusCode": 200
    },
    {
      "RequestUri": "/subscriptions/05b5dd1c-793d-41de-be9f-6f9ed142f695/providers/Microsoft.DataBox/locations/WestUS/validateAddress?api-version=2018-01-01",
      "EncodedRequestUri": "L3N1YnNjcmlwdGlvbnMvMDViNWRkMWMtNzkzZC00MWRlLWJlOWYtNmY5ZWQxNDJmNjk1L3Byb3ZpZGVycy9NaWNyb3NvZnQuRGF0YUJveC9sb2NhdGlvbnMvV2VzdFVTL3ZhbGlkYXRlQWRkcmVzcz9hcGktdmVyc2lvbj0yMDE4LTAxLTAx",
      "RequestMethod": "POST",
      "RequestBody": "{\r\n  \"shippingAddress\": {\r\n    \"streetAddress1\": \"16 TOWNSEND ST\",\r\n    \"city\": \"San Francisco\",\r\n    \"stateOrProvince\": \"CA\",\r\n    \"country\": \"US\",\r\n    \"postalCode\": \"94107\",\r\n    \"addressType\": \"None\"\r\n  },\r\n  \"deviceType\": \"DataBox\"\r\n}",
      "RequestHeaders": {
        "x-ms-client-request-id": [
          "cabd4b3c-aaf8-4d6b-9d6e-e0ced2449e55"
        ],
        "Accept-Language": [
          "en-US"
        ],
        "User-Agent": [
          "FxVersion/4.6.27617.04",
          "OSName/Windows",
          "OSVersion/Microsoft.Windows.10.0.18362.",
          "Microsoft.Azure.Management.DataBox.DataBoxManagementClient/1.0.0"
        ],
        "Content-Type": [
          "application/json; charset=utf-8"
        ],
        "Content-Length": [
          "239"
        ]
      },
      "ResponseHeaders": {
        "Cache-Control": [
          "no-cache"
        ],
        "Pragma": [
          "no-cache"
        ],
        "X-Content-Type-Options": [
          "nosniff"
        ],
        "x-ms-request-id": [
          "af6ca3d2-d890-4777-9680-054335e75869"
        ],
        "x-ms-client-request-id": [
          "cabd4b3c-aaf8-4d6b-9d6e-e0ced2449e55"
        ],
        "X-Powered-By": [
          "ASP.NET"
        ],
        "x-ms-ratelimit-remaining-subscription-writes": [
          "1199"
        ],
        "x-ms-correlation-request-id": [
          "8c9fe456-ebd7-41d1-a24c-1352dd479982"
        ],
        "x-ms-routing-request-id": [
          "SOUTHINDIA:20190715T051601Z:8c9fe456-ebd7-41d1-a24c-1352dd479982"
        ],
        "Strict-Transport-Security": [
          "max-age=31536000; includeSubDomains"
        ],
        "Date": [
          "Mon, 15 Jul 2019 05:16:00 GMT"
        ],
        "Content-Length": [
          "422"
        ],
        "Content-Type": [
          "application/json; charset=utf-8"
        ],
        "Expires": [
          "-1"
        ]
      },
      "ResponseBody": "{\r\n  \"properties\": {\r\n    \"validationStatus\": \"Valid\",\r\n    \"alternateAddresses\": [\r\n      {\r\n        \"streetAddress1\": \"16 TOWNSEND ST\",\r\n        \"streetAddress2\": \"\",\r\n        \"streetAddress3\": \"\",\r\n        \"city\": \"SAN FRANCISCO\",\r\n        \"stateOrProvince\": \"CA\",\r\n        \"country\": \"US\",\r\n        \"postalCode\": \"94107\",\r\n        \"addressType\": \"None\"\r\n      }\r\n    ],\r\n    \"validationType\": \"ValidateAddress\"\r\n  }\r\n}",
      "StatusCode": 200
    },
    {
      "RequestUri": "/subscriptions/05b5dd1c-793d-41de-be9f-6f9ed142f695/resourceGroups/ps2568/providers/Microsoft.DataBox/jobs/ps2585?api-version=2018-01-01",
      "EncodedRequestUri": "L3N1YnNjcmlwdGlvbnMvMDViNWRkMWMtNzkzZC00MWRlLWJlOWYtNmY5ZWQxNDJmNjk1L3Jlc291cmNlR3JvdXBzL3BzMjU2OC9wcm92aWRlcnMvTWljcm9zb2Z0LkRhdGFCb3gvam9icy9wczI1ODU/YXBpLXZlcnNpb249MjAxOC0wMS0wMQ==",
      "RequestMethod": "PUT",
      "RequestBody": "{\r\n  \"properties\": {\r\n    \"details\": {\r\n      \"jobDetailsType\": \"DataBox\",\r\n      \"contactDetails\": {\r\n        \"contactName\": \"Random\",\r\n        \"phone\": \"1234567891\",\r\n        \"emailList\": [\r\n          \"abc@outlook.com\"\r\n        ]\r\n      },\r\n      \"shippingAddress\": {\r\n        \"streetAddress1\": \"16 TOWNSEND ST\",\r\n        \"city\": \"San Francisco\",\r\n        \"stateOrProvince\": \"CA\",\r\n        \"country\": \"US\",\r\n        \"postalCode\": \"94107\",\r\n        \"addressType\": \"None\"\r\n      },\r\n      \"destinationAccountDetails\": [\r\n        {\r\n          \"accountId\": \"/subscriptions/05b5dd1c-793d-41de-be9f-6f9ed142f695/resourceGroups/ps2568/providers/Microsoft.Storage/storageAccounts/ps2735\"\r\n        }\r\n      ]\r\n    }\r\n  },\r\n  \"location\": \"WestUS\",\r\n  \"sku\": {\r\n    \"name\": \"DataBox\"\r\n  }\r\n}",
      "RequestHeaders": {
        "x-ms-client-request-id": [
          "54089f46-0438-4e3c-80c9-258fed2026de"
        ],
        "Accept-Language": [
          "en-US"
        ],
        "User-Agent": [
          "FxVersion/4.6.27617.04",
          "OSName/Windows",
          "OSVersion/Microsoft.Windows.10.0.18362.",
          "Microsoft.Azure.Management.DataBox.DataBoxManagementClient/1.0.0"
        ],
        "Content-Type": [
          "application/json; charset=utf-8"
        ],
        "Content-Length": [
          "782"
        ]
      },
      "ResponseHeaders": {
        "Cache-Control": [
          "no-cache"
        ],
        "Pragma": [
          "no-cache"
        ],
        "Location": [
          "https://management.azure.com/subscriptions/05b5dd1c-793d-41de-be9f-6f9ed142f695/providers/Microsoft.DataBox/locations/WestUS/operationResults/215036ee-d68a-4a4d-a7fb-5c5063c48b72?api-version=2018-01-01"
        ],
        "Retry-After": [
          "10"
        ],
        "X-Content-Type-Options": [
          "nosniff"
        ],
        "x-ms-request-id": [
          "ca6036ab-f83e-48c8-9641-18766ef434e8"
        ],
        "x-ms-client-request-id": [
          "54089f46-0438-4e3c-80c9-258fed2026de"
        ],
        "X-Powered-By": [
          "ASP.NET"
        ],
        "x-ms-ratelimit-remaining-subscription-writes": [
          "1198"
        ],
        "x-ms-correlation-request-id": [
          "363b8037-b548-4a12-994e-e2966ab60057"
        ],
        "x-ms-routing-request-id": [
          "SOUTHINDIA:20190715T051605Z:363b8037-b548-4a12-994e-e2966ab60057"
        ],
        "Strict-Transport-Security": [
          "max-age=31536000; includeSubDomains"
        ],
        "Date": [
          "Mon, 15 Jul 2019 05:16:04 GMT"
        ],
        "Expires": [
          "-1"
        ],
        "Content-Length": [
          "0"
        ]
      },
      "ResponseBody": "",
      "StatusCode": 202
    },
    {
      "RequestUri": "/subscriptions/05b5dd1c-793d-41de-be9f-6f9ed142f695/providers/Microsoft.DataBox/locations/WestUS/operationResults/215036ee-d68a-4a4d-a7fb-5c5063c48b72?api-version=2018-01-01",
      "EncodedRequestUri": "L3N1YnNjcmlwdGlvbnMvMDViNWRkMWMtNzkzZC00MWRlLWJlOWYtNmY5ZWQxNDJmNjk1L3Byb3ZpZGVycy9NaWNyb3NvZnQuRGF0YUJveC9sb2NhdGlvbnMvV2VzdFVTL29wZXJhdGlvblJlc3VsdHMvMjE1MDM2ZWUtZDY4YS00YTRkLWE3ZmItNWM1MDYzYzQ4YjcyP2FwaS12ZXJzaW9uPTIwMTgtMDEtMDE=",
      "RequestMethod": "GET",
      "RequestBody": "",
      "RequestHeaders": {
        "User-Agent": [
          "FxVersion/4.6.27617.04",
          "OSName/Windows",
          "OSVersion/Microsoft.Windows.10.0.18362.",
          "Microsoft.Azure.Management.DataBox.DataBoxManagementClient/1.0.0"
        ]
      },
      "ResponseHeaders": {
        "Cache-Control": [
          "no-cache"
        ],
        "Pragma": [
          "no-cache"
        ],
        "Location": [
          "https://management.azure.com/subscriptions/05b5dd1c-793d-41de-be9f-6f9ed142f695/resourceGroups/ps2568/providers/Microsoft.DataBox/jobs/ps2585?api-version=2018-01-01"
        ],
        "Retry-After": [
          "10"
        ],
        "X-Content-Type-Options": [
          "nosniff"
        ],
        "x-ms-request-id": [
          "24e3ea05-0a28-4ae9-99c2-07088f16de3a"
        ],
        "x-ms-client-request-id": [
          "0956d11b-b51e-49b3-92e4-b207bab0ab05"
        ],
        "X-Powered-By": [
          "ASP.NET"
        ],
        "x-ms-ratelimit-remaining-subscription-reads": [
          "11998"
        ],
        "x-ms-correlation-request-id": [
          "abb84dea-a81b-4b5f-8de2-95cc0d5d875e"
        ],
        "x-ms-routing-request-id": [
          "SOUTHINDIA:20190715T051615Z:abb84dea-a81b-4b5f-8de2-95cc0d5d875e"
        ],
        "Strict-Transport-Security": [
          "max-age=31536000; includeSubDomains"
        ],
        "Date": [
          "Mon, 15 Jul 2019 05:16:15 GMT"
        ],
        "Expires": [
          "-1"
        ],
        "Content-Length": [
          "0"
        ]
      },
      "ResponseBody": "",
      "StatusCode": 202
    },
    {
      "RequestUri": "/subscriptions/05b5dd1c-793d-41de-be9f-6f9ed142f695/resourceGroups/ps2568/providers/Microsoft.DataBox/jobs/ps2585?api-version=2018-01-01",
      "EncodedRequestUri": "L3N1YnNjcmlwdGlvbnMvMDViNWRkMWMtNzkzZC00MWRlLWJlOWYtNmY5ZWQxNDJmNjk1L3Jlc291cmNlR3JvdXBzL3BzMjU2OC9wcm92aWRlcnMvTWljcm9zb2Z0LkRhdGFCb3gvam9icy9wczI1ODU/YXBpLXZlcnNpb249MjAxOC0wMS0wMQ==",
      "RequestMethod": "GET",
      "RequestBody": "",
      "RequestHeaders": {
        "User-Agent": [
          "FxVersion/4.6.27617.04",
          "OSName/Windows",
          "OSVersion/Microsoft.Windows.10.0.18362.",
          "Microsoft.Azure.Management.DataBox.DataBoxManagementClient/1.0.0"
        ]
      },
      "ResponseHeaders": {
        "Cache-Control": [
          "no-cache"
        ],
        "Pragma": [
          "no-cache"
        ],
        "X-Content-Type-Options": [
          "nosniff"
        ],
        "x-ms-request-id": [
          "fb550013-dd79-4e7d-ba48-7583d4b22cf4"
        ],
        "x-ms-client-request-id": [
          "33e1c7cd-ea4f-4ad4-891f-8f6f11accdef"
        ],
        "X-Powered-By": [
          "ASP.NET"
        ],
        "x-ms-ratelimit-remaining-subscription-reads": [
          "11997"
        ],
        "x-ms-correlation-request-id": [
          "6bc84cb0-51fd-40ab-8a1c-7cd21ad6c57e"
        ],
        "x-ms-routing-request-id": [
          "SOUTHINDIA:20190715T051626Z:6bc84cb0-51fd-40ab-8a1c-7cd21ad6c57e"
        ],
        "Strict-Transport-Security": [
          "max-age=31536000; includeSubDomains"
        ],
        "Date": [
          "Mon, 15 Jul 2019 05:16:26 GMT"
        ],
        "Content-Length": [
          "474"
        ],
        "Content-Type": [
          "application/json; charset=utf-8"
        ],
        "Expires": [
          "-1"
        ]
      },
      "ResponseBody": "{\r\n  \"properties\": {\r\n    \"isCancellable\": true,\r\n    \"isDeletable\": false,\r\n    \"isShippingAddressEditable\": true,\r\n    \"status\": \"DeviceOrdered\",\r\n    \"startTime\": \"2019-07-15T10:46:05.0436431+05:30\"\r\n  },\r\n  \"location\": \"westus\",\r\n  \"tags\": {},\r\n  \"sku\": {\r\n    \"name\": \"DataBox\"\r\n  },\r\n  \"name\": \"ps2585\",\r\n  \"id\": \"/subscriptions/05b5dd1c-793d-41de-be9f-6f9ed142f695/resourceGroups/ps2568/providers/Microsoft.DataBox/jobs/ps2585\",\r\n  \"type\": \"Microsoft.DataBox/jobs\"\r\n}",
      "StatusCode": 200
    },
    {
      "RequestUri": "/subscriptions/05b5dd1c-793d-41de-be9f-6f9ed142f695/resourceGroups/ps2568/providers/Microsoft.DataBox/jobs/ps2585/listCredentials?api-version=2018-01-01",
      "EncodedRequestUri": "L3N1YnNjcmlwdGlvbnMvMDViNWRkMWMtNzkzZC00MWRlLWJlOWYtNmY5ZWQxNDJmNjk1L3Jlc291cmNlR3JvdXBzL3BzMjU2OC9wcm92aWRlcnMvTWljcm9zb2Z0LkRhdGFCb3gvam9icy9wczI1ODUvbGlzdENyZWRlbnRpYWxzP2FwaS12ZXJzaW9uPTIwMTgtMDEtMDE=",
      "RequestMethod": "POST",
      "RequestBody": "",
      "RequestHeaders": {
        "x-ms-client-request-id": [
          "a42771f4-56d3-4cdc-bd33-4a1dc24e34e3"
        ],
        "Accept-Language": [
          "en-US"
        ],
        "User-Agent": [
          "FxVersion/4.6.27617.04",
          "OSName/Windows",
          "OSVersion/Microsoft.Windows.10.0.18362.",
          "Microsoft.Azure.Management.DataBox.DataBoxManagementClient/1.0.0"
        ]
      },
      "ResponseHeaders": {
        "Cache-Control": [
          "no-cache"
        ],
        "Pragma": [
          "no-cache"
        ],
        "X-Content-Type-Options": [
          "nosniff"
        ],
        "x-ms-request-id": [
          "21ffe770-c304-4f71-b801-0947145ed2c0"
        ],
        "x-ms-client-request-id": [
          "a42771f4-56d3-4cdc-bd33-4a1dc24e34e3"
        ],
        "X-Powered-By": [
          "ASP.NET"
        ],
        "x-ms-ratelimit-remaining-subscription-writes": [
          "1198"
        ],
        "x-ms-correlation-request-id": [
          "cd159148-4ec4-40b3-89e6-734111920ef7"
        ],
        "x-ms-routing-request-id": [
          "SOUTHINDIA:20190715T051626Z:cd159148-4ec4-40b3-89e6-734111920ef7"
        ],
        "Strict-Transport-Security": [
          "max-age=31536000; includeSubDomains"
        ],
        "Date": [
          "Mon, 15 Jul 2019 05:16:26 GMT"
        ],
        "Content-Length": [
          "200"
        ],
        "Content-Type": [
          "application/json; charset=utf-8"
        ],
        "Expires": [
          "-1"
        ]
      },
      "ResponseBody": "{\r\n  \"error\": {\r\n    \"code\": \"SsemUserErrorSecretsNotGenerated\",\r\n    \"message\": \"Secrets are not yet generated.\\r\\nRetry the operation in a few minutes.\",\r\n    \"details\": [\r\n      null\r\n    ]\r\n  }\r\n}",
      "StatusCode": 400
    },
    {
      "RequestUri": "/subscriptions/05b5dd1c-793d-41de-be9f-6f9ed142f695/resourceGroups/ps2568/providers/Microsoft.DataBox/jobs/ps2585?api-version=2018-01-01&$expand=details",
      "EncodedRequestUri": "L3N1YnNjcmlwdGlvbnMvMDViNWRkMWMtNzkzZC00MWRlLWJlOWYtNmY5ZWQxNDJmNjk1L3Jlc291cmNlR3JvdXBzL3BzMjU2OC9wcm92aWRlcnMvTWljcm9zb2Z0LkRhdGFCb3gvam9icy9wczI1ODU/YXBpLXZlcnNpb249MjAxOC0wMS0wMSYkZXhwYW5kPWRldGFpbHM=",
      "RequestMethod": "GET",
      "RequestBody": "",
      "RequestHeaders": {
        "x-ms-client-request-id": [
          "32ee8f1f-5467-4e9a-8092-36a0bfc3c5cc"
        ],
        "Accept-Language": [
          "en-US"
        ],
        "User-Agent": [
          "FxVersion/4.6.27617.04",
          "OSName/Windows",
          "OSVersion/Microsoft.Windows.10.0.18362.",
          "Microsoft.Azure.Management.DataBox.DataBoxManagementClient/1.0.0"
        ]
      },
      "ResponseHeaders": {
        "Cache-Control": [
          "no-cache"
        ],
        "Pragma": [
          "no-cache"
        ],
        "X-Content-Type-Options": [
          "nosniff"
        ],
        "x-ms-request-id": [
          "f5a53c53-f4cd-4ba4-9ae3-5de2f7b91afc"
        ],
        "x-ms-client-request-id": [
          "32ee8f1f-5467-4e9a-8092-36a0bfc3c5cc"
        ],
        "X-Powered-By": [
          "ASP.NET"
        ],
        "x-ms-ratelimit-remaining-subscription-reads": [
          "11996"
        ],
        "x-ms-correlation-request-id": [
          "146f06ce-7989-4efa-90ef-b3c4c42f490f"
        ],
        "x-ms-routing-request-id": [
          "SOUTHINDIA:20190715T051627Z:146f06ce-7989-4efa-90ef-b3c4c42f490f"
        ],
        "Strict-Transport-Security": [
          "max-age=31536000; includeSubDomains"
        ],
        "Date": [
          "Mon, 15 Jul 2019 05:16:26 GMT"
        ],
        "Content-Length": [
          "3542"
        ],
        "Content-Type": [
          "application/json; charset=utf-8"
        ],
        "Expires": [
          "-1"
        ]
      },
      "ResponseBody": "{\r\n  \"properties\": {\r\n    \"isCancellable\": true,\r\n    \"isDeletable\": false,\r\n    \"isShippingAddressEditable\": true,\r\n    \"status\": \"DeviceOrdered\",\r\n    \"startTime\": \"2019-07-15T10:46:05.0436431+05:30\",\r\n    \"details\": {\r\n      \"copyProgress\": [],\r\n      \"jobStages\": [\r\n        {\r\n          \"stageName\": \"DeviceOrdered\",\r\n          \"displayName\": \"Ordered\",\r\n          \"stageStatus\": \"Succeeded\",\r\n          \"stageTime\": \"2019-07-15T10:46:07.0893536+05:30\"\r\n        },\r\n        {\r\n          \"stageName\": \"DevicePrepared\",\r\n          \"displayName\": \"Processed\",\r\n          \"stageStatus\": \"None\"\r\n        },\r\n        {\r\n          \"stageName\": \"Dispatched\",\r\n          \"displayName\": \"Dispatched\",\r\n          \"stageStatus\": \"None\"\r\n        },\r\n        {\r\n          \"stageName\": \"Delivered\",\r\n          \"displayName\": \"Delivered\",\r\n          \"stageStatus\": \"None\"\r\n        },\r\n        {\r\n          \"stageName\": \"PickedUp\",\r\n          \"displayName\": \"Picked up\",\r\n          \"stageStatus\": \"None\"\r\n        },\r\n        {\r\n          \"stageName\": \"AtAzureDC\",\r\n          \"displayName\": \"Received\",\r\n          \"stageStatus\": \"None\"\r\n        },\r\n        {\r\n          \"stageName\": \"DataCopy\",\r\n          \"displayName\": \"Data copy in progress\",\r\n          \"stageStatus\": \"None\"\r\n        },\r\n        {\r\n          \"stageName\": \"Completed\",\r\n          \"displayName\": \"Completed\",\r\n          \"stageStatus\": \"None\"\r\n        }\r\n      ],\r\n      \"contactDetails\": {\r\n        \"contactName\": \"Random\",\r\n        \"phone\": \"1234567891\",\r\n        \"emailList\": [\r\n          \"abc@outlook.com\"\r\n        ],\r\n        \"notificationPreference\": [\r\n          {\r\n            \"stageName\": \"DevicePrepared\",\r\n            \"sendNotification\": true\r\n          },\r\n          {\r\n            \"stageName\": \"Dispatched\",\r\n            \"sendNotification\": true\r\n          },\r\n          {\r\n            \"stageName\": \"Delivered\",\r\n            \"sendNotification\": true\r\n          },\r\n          {\r\n            \"stageName\": \"PickedUp\",\r\n            \"sendNotification\": true\r\n          },\r\n          {\r\n            \"stageName\": \"AtAzureDC\",\r\n            \"sendNotification\": true\r\n          },\r\n          {\r\n            \"stageName\": \"DataCopy\",\r\n            \"sendNotification\": true\r\n          }\r\n        ]\r\n      },\r\n      \"shippingAddress\": {\r\n        \"streetAddress1\": \"16 TOWNSEND ST\",\r\n        \"city\": \"San Francisco\",\r\n        \"stateOrProvince\": \"CA\",\r\n        \"country\": \"US\",\r\n        \"postalCode\": \"94107\",\r\n        \"addressType\": \"None\"\r\n      },\r\n      \"deliveryPackage\": {\r\n        \"carrierName\": \"\",\r\n        \"trackingId\": \"\",\r\n        \"trackingUrl\": \"\"\r\n      },\r\n      \"returnPackage\": {\r\n        \"carrierName\": \"\",\r\n        \"trackingId\": \"\",\r\n        \"trackingUrl\": \"\"\r\n      },\r\n      \"destinationAccountDetails\": [\r\n        {\r\n          \"storageAccountId\": \"/subscriptions/05b5dd1c-793d-41de-be9f-6f9ed142f695/resourceGroups/ps2568/providers/Microsoft.Storage/storageAccounts/ps2735\",\r\n          \"dataDestinationType\": \"StorageAccount\",\r\n          \"accountId\": \"/subscriptions/05b5dd1c-793d-41de-be9f-6f9ed142f695/resourceGroups/ps2568/providers/Microsoft.Storage/storageAccounts/ps2735\"\r\n        }\r\n      ],\r\n      \"errorDetails\": [],\r\n      \"jobDetailsType\": \"DataBox\",\r\n      \"copyLogDetails\": []\r\n    }\r\n  },\r\n  \"location\": \"westus\",\r\n  \"tags\": {},\r\n  \"sku\": {\r\n    \"name\": \"DataBox\"\r\n  },\r\n  \"name\": \"ps2585\",\r\n  \"id\": \"/subscriptions/05b5dd1c-793d-41de-be9f-6f9ed142f695/resourceGroups/ps2568/providers/Microsoft.DataBox/jobs/ps2585\",\r\n  \"type\": \"Microsoft.DataBox/jobs\"\r\n}",
      "StatusCode": 200
    },
    {
      "RequestUri": "/subscriptions/05b5dd1c-793d-41de-be9f-6f9ed142f695/resourceGroups/ps2568/providers/Microsoft.DataBox/jobs/ps2585?api-version=2018-01-01&$expand=details",
      "EncodedRequestUri": "L3N1YnNjcmlwdGlvbnMvMDViNWRkMWMtNzkzZC00MWRlLWJlOWYtNmY5ZWQxNDJmNjk1L3Jlc291cmNlR3JvdXBzL3BzMjU2OC9wcm92aWRlcnMvTWljcm9zb2Z0LkRhdGFCb3gvam9icy9wczI1ODU/YXBpLXZlcnNpb249MjAxOC0wMS0wMSYkZXhwYW5kPWRldGFpbHM=",
      "RequestMethod": "GET",
      "RequestBody": "",
      "RequestHeaders": {
        "x-ms-client-request-id": [
          "84ad93af-a4ba-4859-854c-83191efb9ac4"
        ],
        "Accept-Language": [
          "en-US"
        ],
        "User-Agent": [
          "FxVersion/4.6.27617.04",
          "OSName/Windows",
          "OSVersion/Microsoft.Windows.10.0.18362.",
          "Microsoft.Azure.Management.DataBox.DataBoxManagementClient/1.0.0"
        ]
      },
      "ResponseHeaders": {
        "Cache-Control": [
          "no-cache"
        ],
        "Pragma": [
          "no-cache"
        ],
        "X-Content-Type-Options": [
          "nosniff"
        ],
        "x-ms-request-id": [
          "33f73074-df28-4f57-8167-5f218843c111"
        ],
        "x-ms-client-request-id": [
          "84ad93af-a4ba-4859-854c-83191efb9ac4"
        ],
        "X-Powered-By": [
          "ASP.NET"
        ],
        "x-ms-ratelimit-remaining-subscription-reads": [
          "11995"
        ],
        "x-ms-correlation-request-id": [
          "e8543504-e9da-4fda-b72a-989997681263"
        ],
        "x-ms-routing-request-id": [
          "SOUTHINDIA:20190715T051628Z:e8543504-e9da-4fda-b72a-989997681263"
        ],
        "Strict-Transport-Security": [
          "max-age=31536000; includeSubDomains"
        ],
        "Date": [
          "Mon, 15 Jul 2019 05:16:28 GMT"
        ],
        "Content-Length": [
          "3180"
        ],
        "Content-Type": [
          "application/json; charset=utf-8"
        ],
        "Expires": [
          "-1"
        ]
      },
      "ResponseBody": "{\r\n  \"properties\": {\r\n    \"isCancellable\": false,\r\n    \"isDeletable\": true,\r\n    \"isShippingAddressEditable\": false,\r\n    \"status\": \"Cancelled\",\r\n    \"startTime\": \"2019-07-15T10:46:05.0436431+05:30\",\r\n    \"details\": {\r\n      \"copyProgress\": [\r\n        {\r\n          \"storageAccountName\": \"ps2735\",\r\n          \"dataDestinationType\": \"StorageAccount\",\r\n          \"accountId\": \"/subscriptions/05b5dd1c-793d-41de-be9f-6f9ed142f695/resourceGroups/ps2568/providers/Microsoft.Storage/storageAccounts/ps2735\",\r\n          \"bytesSentToCloud\": 0,\r\n          \"totalBytesToProcess\": 0\r\n        }\r\n      ],\r\n      \"jobStages\": [\r\n        {\r\n          \"stageName\": \"DeviceOrdered\",\r\n          \"displayName\": \"Ordered\",\r\n          \"stageStatus\": \"Succeeded\",\r\n          \"stageTime\": \"2019-07-15T10:46:07.0893536+05:30\"\r\n        },\r\n        {\r\n          \"stageName\": \"Cancelled\",\r\n          \"displayName\": \"Canceled\",\r\n          \"stageStatus\": \"Succeeded\",\r\n          \"stageTime\": \"2019-07-15T10:46:27.4229797+05:30\"\r\n        }\r\n      ],\r\n      \"contactDetails\": {\r\n        \"contactName\": \"Random\",\r\n        \"phone\": \"1234567891\",\r\n        \"emailList\": [\r\n          \"abc@outlook.com\"\r\n        ],\r\n        \"notificationPreference\": [\r\n          {\r\n            \"stageName\": \"DevicePrepared\",\r\n            \"sendNotification\": true\r\n          },\r\n          {\r\n            \"stageName\": \"Dispatched\",\r\n            \"sendNotification\": true\r\n          },\r\n          {\r\n            \"stageName\": \"Delivered\",\r\n            \"sendNotification\": true\r\n          },\r\n          {\r\n            \"stageName\": \"PickedUp\",\r\n            \"sendNotification\": true\r\n          },\r\n          {\r\n            \"stageName\": \"AtAzureDC\",\r\n            \"sendNotification\": true\r\n          },\r\n          {\r\n            \"stageName\": \"DataCopy\",\r\n            \"sendNotification\": true\r\n          }\r\n        ]\r\n      },\r\n      \"shippingAddress\": {\r\n        \"streetAddress1\": \"16 TOWNSEND ST\",\r\n        \"city\": \"San Francisco\",\r\n        \"stateOrProvince\": \"CA\",\r\n        \"country\": \"US\",\r\n        \"postalCode\": \"94107\",\r\n        \"addressType\": \"None\"\r\n      },\r\n      \"deliveryPackage\": {\r\n        \"carrierName\": \"\",\r\n        \"trackingId\": \"\",\r\n        \"trackingUrl\": \"\"\r\n      },\r\n      \"returnPackage\": {\r\n        \"carrierName\": \"\",\r\n        \"trackingId\": \"\",\r\n        \"trackingUrl\": \"\"\r\n      },\r\n      \"destinationAccountDetails\": [\r\n        {\r\n          \"storageAccountId\": \"/subscriptions/05b5dd1c-793d-41de-be9f-6f9ed142f695/resourceGroups/ps2568/providers/Microsoft.Storage/storageAccounts/ps2735\",\r\n          \"dataDestinationType\": \"StorageAccount\",\r\n          \"accountId\": \"/subscriptions/05b5dd1c-793d-41de-be9f-6f9ed142f695/resourceGroups/ps2568/providers/Microsoft.Storage/storageAccounts/ps2735\"\r\n        }\r\n      ],\r\n      \"errorDetails\": [],\r\n      \"jobDetailsType\": \"DataBox\",\r\n      \"copyLogDetails\": []\r\n    },\r\n    \"cancellationReason\": \"Random\"\r\n  },\r\n  \"location\": \"westus\",\r\n  \"tags\": {},\r\n  \"sku\": {\r\n    \"name\": \"DataBox\"\r\n  },\r\n  \"name\": \"ps2585\",\r\n  \"id\": \"/subscriptions/05b5dd1c-793d-41de-be9f-6f9ed142f695/resourceGroups/ps2568/providers/Microsoft.DataBox/jobs/ps2585\",\r\n  \"type\": \"Microsoft.DataBox/jobs\"\r\n}",
      "StatusCode": 200
    },
    {
      "RequestUri": "/subscriptions/05b5dd1c-793d-41de-be9f-6f9ed142f695/resourceGroups/ps2568/providers/Microsoft.DataBox/jobs/ps2585/cancel?api-version=2018-01-01",
      "EncodedRequestUri": "L3N1YnNjcmlwdGlvbnMvMDViNWRkMWMtNzkzZC00MWRlLWJlOWYtNmY5ZWQxNDJmNjk1L3Jlc291cmNlR3JvdXBzL3BzMjU2OC9wcm92aWRlcnMvTWljcm9zb2Z0LkRhdGFCb3gvam9icy9wczI1ODUvY2FuY2VsP2FwaS12ZXJzaW9uPTIwMTgtMDEtMDE=",
      "RequestMethod": "POST",
      "RequestBody": "{\r\n  \"reason\": \"Random\"\r\n}",
      "RequestHeaders": {
        "x-ms-client-request-id": [
          "0af4e13b-9677-4081-944e-393606a99293"
        ],
        "Accept-Language": [
          "en-US"
        ],
        "User-Agent": [
          "FxVersion/4.6.27617.04",
          "OSName/Windows",
          "OSVersion/Microsoft.Windows.10.0.18362.",
          "Microsoft.Azure.Management.DataBox.DataBoxManagementClient/1.0.0"
        ],
        "Content-Type": [
          "application/json; charset=utf-8"
        ],
        "Content-Length": [
          "26"
        ]
      },
      "ResponseHeaders": {
        "Cache-Control": [
          "no-cache"
        ],
        "Pragma": [
          "no-cache"
        ],
        "X-Content-Type-Options": [
          "nosniff"
        ],
        "x-ms-request-id": [
          "408ba6a1-bfef-4f0d-a62a-4340b8bc013e"
        ],
        "x-ms-client-request-id": [
          "0af4e13b-9677-4081-944e-393606a99293"
        ],
        "X-Powered-By": [
          "ASP.NET"
        ],
        "x-ms-ratelimit-remaining-subscription-writes": [
          "1197"
        ],
        "x-ms-correlation-request-id": [
          "ddd5f042-a5cf-406b-8b69-2463e8821d0f"
        ],
        "x-ms-routing-request-id": [
          "SOUTHINDIA:20190715T051627Z:ddd5f042-a5cf-406b-8b69-2463e8821d0f"
        ],
        "Strict-Transport-Security": [
          "max-age=31536000; includeSubDomains"
        ],
        "Date": [
          "Mon, 15 Jul 2019 05:16:27 GMT"
        ],
        "Expires": [
          "-1"
        ]
      },
      "ResponseBody": "",
      "StatusCode": 204
    },
    {
      "RequestUri": "/subscriptions/05b5dd1c-793d-41de-be9f-6f9ed142f695/resourceGroups/ps2568/providers/Microsoft.DataBox/jobs/ps2585?api-version=2018-01-01",
      "EncodedRequestUri": "L3N1YnNjcmlwdGlvbnMvMDViNWRkMWMtNzkzZC00MWRlLWJlOWYtNmY5ZWQxNDJmNjk1L3Jlc291cmNlR3JvdXBzL3BzMjU2OC9wcm92aWRlcnMvTWljcm9zb2Z0LkRhdGFCb3gvam9icy9wczI1ODU/YXBpLXZlcnNpb249MjAxOC0wMS0wMQ==",
      "RequestMethod": "DELETE",
      "RequestBody": "",
      "RequestHeaders": {
        "x-ms-client-request-id": [
          "06a104d7-3a8f-4a0a-9ecc-9db66a995777"
        ],
        "Accept-Language": [
          "en-US"
        ],
        "User-Agent": [
          "FxVersion/4.6.27617.04",
          "OSName/Windows",
          "OSVersion/Microsoft.Windows.10.0.18362.",
          "Microsoft.Azure.Management.DataBox.DataBoxManagementClient/1.0.0"
        ]
      },
      "ResponseHeaders": {
        "Cache-Control": [
          "no-cache"
        ],
        "Pragma": [
          "no-cache"
        ],
        "Location": [
          "https://management.azure.com/subscriptions/05b5dd1c-793d-41de-be9f-6f9ed142f695/providers/Microsoft.DataBox/locations/westus/operationResults/215036ee-d68a-4a4d-a7fb-5c5063c48b72-deleteorder?api-version=2018-01-01"
        ],
        "Retry-After": [
          "10"
        ],
        "X-Content-Type-Options": [
          "nosniff"
        ],
        "x-ms-request-id": [
          "98e69727-56b5-459e-af85-9e428e5925f3"
        ],
        "x-ms-client-request-id": [
          "06a104d7-3a8f-4a0a-9ecc-9db66a995777"
        ],
        "X-Powered-By": [
          "ASP.NET"
        ],
        "x-ms-ratelimit-remaining-subscription-deletes": [
          "14998"
        ],
        "x-ms-correlation-request-id": [
          "0fd63d77-9b5d-4909-ab3d-6bcaf8f173ca"
        ],
        "x-ms-routing-request-id": [
          "SOUTHINDIA:20190715T051628Z:0fd63d77-9b5d-4909-ab3d-6bcaf8f173ca"
        ],
        "Strict-Transport-Security": [
          "max-age=31536000; includeSubDomains"
        ],
        "Date": [
          "Mon, 15 Jul 2019 05:16:28 GMT"
        ],
        "Expires": [
          "-1"
        ],
        "Content-Length": [
          "0"
        ]
      },
      "ResponseBody": "",
      "StatusCode": 202
    },
    {
      "RequestUri": "/subscriptions/05b5dd1c-793d-41de-be9f-6f9ed142f695/providers/Microsoft.DataBox/locations/westus/operationResults/215036ee-d68a-4a4d-a7fb-5c5063c48b72-deleteorder?api-version=2018-01-01",
      "EncodedRequestUri": "L3N1YnNjcmlwdGlvbnMvMDViNWRkMWMtNzkzZC00MWRlLWJlOWYtNmY5ZWQxNDJmNjk1L3Byb3ZpZGVycy9NaWNyb3NvZnQuRGF0YUJveC9sb2NhdGlvbnMvd2VzdHVzL29wZXJhdGlvblJlc3VsdHMvMjE1MDM2ZWUtZDY4YS00YTRkLWE3ZmItNWM1MDYzYzQ4YjcyLWRlbGV0ZW9yZGVyP2FwaS12ZXJzaW9uPTIwMTgtMDEtMDE=",
      "RequestMethod": "GET",
      "RequestBody": "",
      "RequestHeaders": {
        "User-Agent": [
          "FxVersion/4.6.27617.04",
          "OSName/Windows",
          "OSVersion/Microsoft.Windows.10.0.18362.",
          "Microsoft.Azure.Management.DataBox.DataBoxManagementClient/1.0.0"
        ]
      },
      "ResponseHeaders": {
        "Cache-Control": [
          "no-cache"
        ],
        "Pragma": [
          "no-cache"
        ],
        "Location": [
          "https://management.azure.com/subscriptions/05b5dd1c-793d-41de-be9f-6f9ed142f695/providers/Microsoft.DataBox/locations/westus/operationResults/215036ee-d68a-4a4d-a7fb-5c5063c48b72-deleteorder?api-version=2018-01-01"
        ],
        "Retry-After": [
          "10"
        ],
        "X-Content-Type-Options": [
          "nosniff"
        ],
        "x-ms-request-id": [
          "f8766ee9-ba7e-4a3a-ace1-fa27a5b22511"
        ],
        "x-ms-client-request-id": [
          "012b7c6a-74b6-4388-b58d-fafecc6da47b"
        ],
        "X-Powered-By": [
          "ASP.NET"
        ],
        "x-ms-ratelimit-remaining-subscription-reads": [
          "11994"
        ],
        "x-ms-correlation-request-id": [
          "25751959-694b-47cf-b1be-b7e3ec31d7f0"
        ],
        "x-ms-routing-request-id": [
          "SOUTHINDIA:20190715T051639Z:25751959-694b-47cf-b1be-b7e3ec31d7f0"
        ],
        "Strict-Transport-Security": [
          "max-age=31536000; includeSubDomains"
        ],
        "Date": [
          "Mon, 15 Jul 2019 05:16:38 GMT"
        ],
        "Expires": [
          "-1"
        ],
        "Content-Length": [
          "0"
        ]
      },
      "ResponseBody": "",
      "StatusCode": 202
    },
    {
      "RequestUri": "/subscriptions/05b5dd1c-793d-41de-be9f-6f9ed142f695/providers/Microsoft.DataBox/locations/westus/operationResults/215036ee-d68a-4a4d-a7fb-5c5063c48b72-deleteorder?api-version=2018-01-01",
      "EncodedRequestUri": "L3N1YnNjcmlwdGlvbnMvMDViNWRkMWMtNzkzZC00MWRlLWJlOWYtNmY5ZWQxNDJmNjk1L3Byb3ZpZGVycy9NaWNyb3NvZnQuRGF0YUJveC9sb2NhdGlvbnMvd2VzdHVzL29wZXJhdGlvblJlc3VsdHMvMjE1MDM2ZWUtZDY4YS00YTRkLWE3ZmItNWM1MDYzYzQ4YjcyLWRlbGV0ZW9yZGVyP2FwaS12ZXJzaW9uPTIwMTgtMDEtMDE=",
      "RequestMethod": "GET",
      "RequestBody": "",
      "RequestHeaders": {
        "User-Agent": [
          "FxVersion/4.6.27617.04",
          "OSName/Windows",
          "OSVersion/Microsoft.Windows.10.0.18362.",
          "Microsoft.Azure.Management.DataBox.DataBoxManagementClient/1.0.0"
        ]
      },
      "ResponseHeaders": {
        "Cache-Control": [
          "no-cache"
        ],
        "Pragma": [
          "no-cache"
        ],
        "Location": [
          "https://management.azure.com/subscriptions/05b5dd1c-793d-41de-be9f-6f9ed142f695/providers/Microsoft.DataBox/locations/westus/operationResults/215036ee-d68a-4a4d-a7fb-5c5063c48b72-deleteorder?api-version=2018-01-01"
        ],
        "Retry-After": [
          "10"
        ],
        "X-Content-Type-Options": [
          "nosniff"
        ],
        "x-ms-request-id": [
          "eb632f4c-2e88-49a0-a03e-ae812df145d7"
        ],
        "x-ms-client-request-id": [
          "087767b5-05d0-4757-bd73-0e8ca9cf47ec"
        ],
        "X-Powered-By": [
          "ASP.NET"
        ],
        "x-ms-ratelimit-remaining-subscription-reads": [
          "11993"
        ],
        "x-ms-correlation-request-id": [
          "4b4d73dc-b909-46e9-8f18-0e5b69cc4ecb"
        ],
        "x-ms-routing-request-id": [
          "SOUTHINDIA:20190715T051649Z:4b4d73dc-b909-46e9-8f18-0e5b69cc4ecb"
        ],
        "Strict-Transport-Security": [
          "max-age=31536000; includeSubDomains"
        ],
        "Date": [
          "Mon, 15 Jul 2019 05:16:49 GMT"
        ],
        "Expires": [
          "-1"
        ],
        "Content-Length": [
          "0"
        ]
      },
      "ResponseBody": "",
      "StatusCode": 202
    },
    {
      "RequestUri": "/subscriptions/05b5dd1c-793d-41de-be9f-6f9ed142f695/providers/Microsoft.DataBox/locations/westus/operationResults/215036ee-d68a-4a4d-a7fb-5c5063c48b72-deleteorder?api-version=2018-01-01",
      "EncodedRequestUri": "L3N1YnNjcmlwdGlvbnMvMDViNWRkMWMtNzkzZC00MWRlLWJlOWYtNmY5ZWQxNDJmNjk1L3Byb3ZpZGVycy9NaWNyb3NvZnQuRGF0YUJveC9sb2NhdGlvbnMvd2VzdHVzL29wZXJhdGlvblJlc3VsdHMvMjE1MDM2ZWUtZDY4YS00YTRkLWE3ZmItNWM1MDYzYzQ4YjcyLWRlbGV0ZW9yZGVyP2FwaS12ZXJzaW9uPTIwMTgtMDEtMDE=",
      "RequestMethod": "GET",
      "RequestBody": "",
      "RequestHeaders": {
        "User-Agent": [
          "FxVersion/4.6.27617.04",
          "OSName/Windows",
          "OSVersion/Microsoft.Windows.10.0.18362.",
          "Microsoft.Azure.Management.DataBox.DataBoxManagementClient/1.0.0"
        ]
      },
      "ResponseHeaders": {
        "Cache-Control": [
          "no-cache"
        ],
        "Pragma": [
          "no-cache"
        ],
        "Location": [
          "https://management.azure.com/subscriptions/05b5dd1c-793d-41de-be9f-6f9ed142f695/providers/Microsoft.DataBox/locations/westus/operationResults/215036ee-d68a-4a4d-a7fb-5c5063c48b72-deleteorder?api-version=2018-01-01"
        ],
        "Retry-After": [
          "10"
        ],
        "X-Content-Type-Options": [
          "nosniff"
        ],
        "x-ms-request-id": [
          "2c5f6429-beb4-435e-a83f-192525f40075"
        ],
        "x-ms-client-request-id": [
          "86129f17-8dc3-4270-add8-7dfa7f0b5119"
        ],
        "X-Powered-By": [
          "ASP.NET"
        ],
        "x-ms-ratelimit-remaining-subscription-reads": [
          "11992"
        ],
        "x-ms-correlation-request-id": [
          "3c727ba1-3084-487a-a797-f0c3f300944b"
        ],
        "x-ms-routing-request-id": [
          "SOUTHINDIA:20190715T051659Z:3c727ba1-3084-487a-a797-f0c3f300944b"
        ],
        "Strict-Transport-Security": [
          "max-age=31536000; includeSubDomains"
        ],
        "Date": [
          "Mon, 15 Jul 2019 05:16:59 GMT"
        ],
        "Expires": [
          "-1"
        ],
        "Content-Length": [
          "0"
        ]
      },
      "ResponseBody": "",
      "StatusCode": 202
    },
    {
      "RequestUri": "/subscriptions/05b5dd1c-793d-41de-be9f-6f9ed142f695/providers/Microsoft.DataBox/locations/westus/operationResults/215036ee-d68a-4a4d-a7fb-5c5063c48b72-deleteorder?api-version=2018-01-01",
      "EncodedRequestUri": "L3N1YnNjcmlwdGlvbnMvMDViNWRkMWMtNzkzZC00MWRlLWJlOWYtNmY5ZWQxNDJmNjk1L3Byb3ZpZGVycy9NaWNyb3NvZnQuRGF0YUJveC9sb2NhdGlvbnMvd2VzdHVzL29wZXJhdGlvblJlc3VsdHMvMjE1MDM2ZWUtZDY4YS00YTRkLWE3ZmItNWM1MDYzYzQ4YjcyLWRlbGV0ZW9yZGVyP2FwaS12ZXJzaW9uPTIwMTgtMDEtMDE=",
      "RequestMethod": "GET",
      "RequestBody": "",
      "RequestHeaders": {
        "User-Agent": [
          "FxVersion/4.6.27617.04",
          "OSName/Windows",
          "OSVersion/Microsoft.Windows.10.0.18362.",
          "Microsoft.Azure.Management.DataBox.DataBoxManagementClient/1.0.0"
        ]
      },
      "ResponseHeaders": {
        "Cache-Control": [
          "no-cache"
        ],
        "Pragma": [
          "no-cache"
        ],
        "X-Content-Type-Options": [
          "nosniff"
        ],
        "x-ms-request-id": [
          "b99f7794-5d93-4712-b955-c506d05b4695"
        ],
        "x-ms-client-request-id": [
          "52c25736-fa0e-4f69-a35a-9883d7af1382"
        ],
        "x-ms-ratelimit-remaining-subscription-reads": [
          "11991"
        ],
        "X-Powered-By": [
          "ASP.NET"
        ],
        "x-ms-correlation-request-id": [
          "de414acf-9dec-438c-a012-aa8065eb65fd"
        ],
        "x-ms-routing-request-id": [
          "SOUTHINDIA:20190715T051710Z:de414acf-9dec-438c-a012-aa8065eb65fd"
        ],
        "Strict-Transport-Security": [
          "max-age=31536000; includeSubDomains"
        ],
        "Date": [
          "Mon, 15 Jul 2019 05:17:09 GMT"
        ],
        "Expires": [
          "-1"
        ]
      },
      "ResponseBody": "",
      "StatusCode": 204
    },
    {
      "RequestUri": "/subscriptions/05b5dd1c-793d-41de-be9f-6f9ed142f695/providers/Microsoft.DataBox/locations/westus/operationResults/215036ee-d68a-4a4d-a7fb-5c5063c48b72-deleteorder?api-version=2018-01-01",
      "EncodedRequestUri": "L3N1YnNjcmlwdGlvbnMvMDViNWRkMWMtNzkzZC00MWRlLWJlOWYtNmY5ZWQxNDJmNjk1L3Byb3ZpZGVycy9NaWNyb3NvZnQuRGF0YUJveC9sb2NhdGlvbnMvd2VzdHVzL29wZXJhdGlvblJlc3VsdHMvMjE1MDM2ZWUtZDY4YS00YTRkLWE3ZmItNWM1MDYzYzQ4YjcyLWRlbGV0ZW9yZGVyP2FwaS12ZXJzaW9uPTIwMTgtMDEtMDE=",
      "RequestMethod": "GET",
      "RequestBody": "",
      "RequestHeaders": {
        "User-Agent": [
          "FxVersion/4.6.27617.04",
          "OSName/Windows",
          "OSVersion/Microsoft.Windows.10.0.18362.",
          "Microsoft.Azure.Management.DataBox.DataBoxManagementClient/1.0.0"
        ]
      },
      "ResponseHeaders": {
        "Cache-Control": [
          "no-cache"
        ],
        "Pragma": [
          "no-cache"
        ],
        "X-Content-Type-Options": [
          "nosniff"
        ],
        "x-ms-request-id": [
          "66de2e2f-ab52-4be7-bd70-366be5c5c2e9"
        ],
        "x-ms-client-request-id": [
          "c493237f-af91-4726-a7c5-1090299b40fa"
        ],
        "X-Powered-By": [
          "ASP.NET"
        ],
        "x-ms-ratelimit-remaining-subscription-reads": [
          "11990"
        ],
        "x-ms-correlation-request-id": [
          "f4511783-a157-4a21-a00e-2948d04e6393"
        ],
        "x-ms-routing-request-id": [
          "SOUTHINDIA:20190715T051711Z:f4511783-a157-4a21-a00e-2948d04e6393"
        ],
        "Strict-Transport-Security": [
          "max-age=31536000; includeSubDomains"
        ],
        "Date": [
          "Mon, 15 Jul 2019 05:17:10 GMT"
        ],
        "Expires": [
          "-1"
        ]
      },
      "ResponseBody": "",
      "StatusCode": 204
    },
    {
      "RequestUri": "/subscriptions/05b5dd1c-793d-41de-be9f-6f9ed142f695/resourceGroups/ps2568/providers/Microsoft.Storage/storageAccounts/ps2735?api-version=2017-10-01",
      "EncodedRequestUri": "L3N1YnNjcmlwdGlvbnMvMDViNWRkMWMtNzkzZC00MWRlLWJlOWYtNmY5ZWQxNDJmNjk1L3Jlc291cmNlR3JvdXBzL3BzMjU2OC9wcm92aWRlcnMvTWljcm9zb2Z0LlN0b3JhZ2Uvc3RvcmFnZUFjY291bnRzL3BzMjczNT9hcGktdmVyc2lvbj0yMDE3LTEwLTAx",
      "RequestMethod": "DELETE",
      "RequestBody": "",
      "RequestHeaders": {
        "x-ms-client-request-id": [
          "4e0de68f-b695-45e2-b6e4-34b63487ae6d"
        ],
        "Accept-Language": [
          "en-US"
        ],
        "User-Agent": [
          "FxVersion/4.6.27617.04",
          "OSName/Windows",
          "OSVersion/Microsoft.Windows.10.0.18362.",
          "Microsoft.Azure.Management.Storage.Version2017.10.01.StorageManagementClient/1.2.1"
        ]
      },
      "ResponseHeaders": {
        "Cache-Control": [
          "no-cache"
        ],
        "Pragma": [
          "no-cache"
        ],
        "x-ms-request-id": [
          "0c08e302-1824-4a6d-84f6-49e9c5e0e9a2"
        ],
        "Strict-Transport-Security": [
          "max-age=31536000; includeSubDomains"
        ],
        "Server": [
          "Microsoft-Azure-Storage-Resource-Provider/1.0,Microsoft-HTTPAPI/2.0 Microsoft-HTTPAPI/2.0"
        ],
        "x-ms-ratelimit-remaining-subscription-deletes": [
          "14999"
        ],
        "x-ms-correlation-request-id": [
          "f103e560-1ed9-4dad-89bc-4ad701a5c61d"
        ],
        "x-ms-routing-request-id": [
          "SOUTHINDIA:20190715T051715Z:f103e560-1ed9-4dad-89bc-4ad701a5c61d"
        ],
        "X-Content-Type-Options": [
          "nosniff"
        ],
        "Date": [
          "Mon, 15 Jul 2019 05:17:15 GMT"
        ],
        "Content-Type": [
          "text/plain; charset=utf-8"
        ],
        "Expires": [
          "-1"
        ],
        "Content-Length": [
          "0"
        ]
      },
      "ResponseBody": "",
      "StatusCode": 200
    }
  ],
  "Names": {
    "Test-GetCredentialForNewlyCreatedJob": [
      "ps2585",
      "ps2568",
      "ps2735"
    ]
  },
  "Variables": {
    "SubscriptionId": "05b5dd1c-793d-41de-be9f-6f9ed142f695"
  }
}