{
  "Entries": [
    {
      "RequestUri": "/subscriptions/6368ed38-3570-481f-b4fa-1d0a6e8d3f3b/resources?$filter=resourceType%20eq%20'Microsoft.Batch%2FbatchAccounts'&api-version=2014-04-01-preview",
      "EncodedRequestUri": "L3N1YnNjcmlwdGlvbnMvNjM2OGVkMzgtMzU3MC00ODFmLWI0ZmEtMWQwYTZlOGQzZjNiL3Jlc291cmNlcz8kZmlsdGVyPXJlc291cmNlVHlwZSUyMGVxJTIwJ01pY3Jvc29mdC5CYXRjaCUyRmJhdGNoQWNjb3VudHMnJmFwaS12ZXJzaW9uPTIwMTQtMDQtMDEtcHJldmlldw==",
      "RequestMethod": "GET",
      "RequestBody": "",
      "RequestHeaders": {
        "User-Agent": [
          "Microsoft.Azure.Management.Resources.ResourceManagementClient/2.0.0.0"
        ]
      },
      "ResponseBody": "{\r\n  \"value\": [\r\n    {\r\n      \"id\": \"/subscriptions/6368ed38-3570-481f-b4fa-1d0a6e8d3f3b/resourceGroups/default-azurebatch-eastus/providers/Microsoft.Batch/batchAccounts/pstests\",\r\n      \"name\": \"pstests\",\r\n      \"type\": \"Microsoft.Batch/batchAccounts\",\r\n      \"location\": \"eastus\"\r\n    }\r\n  ]\r\n}",
      "ResponseHeaders": {
        "Content-Length": [
          "237"
        ],
        "Content-Type": [
          "application/json; charset=utf-8"
        ],
        "Expires": [
          "-1"
        ],
        "Pragma": [
          "no-cache"
        ],
        "x-ms-ratelimit-remaining-subscription-reads": [
          "14969"
        ],
        "x-ms-request-id": [
          "6e8e6142-e7bc-427f-bffe-4982fcd0ea2a"
        ],
        "x-ms-correlation-request-id": [
          "6e8e6142-e7bc-427f-bffe-4982fcd0ea2a"
        ],
        "x-ms-routing-request-id": [
          "WESTUS:20150709T191407Z:6e8e6142-e7bc-427f-bffe-4982fcd0ea2a"
        ],
        "Strict-Transport-Security": [
          "max-age=31536000; includeSubDomains"
        ],
        "Cache-Control": [
          "no-cache"
        ],
        "Date": [
          "Thu, 09 Jul 2015 19:14:06 GMT"
        ]
      },
      "StatusCode": 200
    },
    {
      "RequestUri": "/subscriptions/6368ed38-3570-481f-b4fa-1d0a6e8d3f3b/resourceGroups/default-azurebatch-eastus/providers/Microsoft.Batch/batchAccounts/pstests?api-version=2015-07-01",
      "EncodedRequestUri": "L3N1YnNjcmlwdGlvbnMvNjM2OGVkMzgtMzU3MC00ODFmLWI0ZmEtMWQwYTZlOGQzZjNiL3Jlc291cmNlR3JvdXBzL2RlZmF1bHQtYXp1cmViYXRjaC1lYXN0dXMvcHJvdmlkZXJzL01pY3Jvc29mdC5CYXRjaC9iYXRjaEFjY291bnRzL3BzdGVzdHM/YXBpLXZlcnNpb249MjAxNS0wNy0wMQ==",
      "RequestMethod": "GET",
      "RequestBody": "",
      "RequestHeaders": {
        "x-ms-version": [
          "2015-07-01"
        ],
        "User-Agent": [
          "Microsoft.Azure.Management.Batch.BatchManagementClient/1.0.0.0"
        ]
      },
      "ResponseBody": "{\r\n  \"name\": \"pstests\",\r\n  \"location\": \"eastus\",\r\n  \"properties\": {\r\n    \"accountEndpoint\": \"pstests.batch.core.windows.net\",\r\n    \"provisioningState\": \"Succeeded\"\r\n  },\r\n  \"id\": \"/subscriptions/6368ed38-3570-481f-b4fa-1d0a6e8d3f3b/resourceGroups/default-azurebatch-eastus/providers/Microsoft.Batch/batchAccounts/pstests\",\r\n  \"type\": \"Microsoft.Batch/batchAccounts\"\r\n}",
      "ResponseHeaders": {
        "Content-Length": [
          "323"
        ],
        "Content-Type": [
          "application/json; charset=utf-8"
        ],
        "Expires": [
          "-1"
        ],
        "Last-Modified": [
          "Thu, 09 Jul 2015 19:14:08 GMT"
        ],
        "Pragma": [
          "no-cache"
        ],
        "request-id": [
          "582f15ca-0f31-4609-8fb8-1bca8ac24574"
        ],
        "Strict-Transport-Security": [
          "max-age=31536000; includeSubDomains"
        ],
        "x-ms-ratelimit-remaining-subscription-reads": [
          "14938"
        ],
        "x-ms-request-id": [
          "28968e0d-8665-4da3-a38d-b34f2d502951"
        ],
        "x-ms-correlation-request-id": [
          "28968e0d-8665-4da3-a38d-b34f2d502951"
        ],
        "x-ms-routing-request-id": [
          "WESTUS:20150709T191408Z:28968e0d-8665-4da3-a38d-b34f2d502951"
        ],
        "Cache-Control": [
          "no-cache"
        ],
        "Date": [
          "Thu, 09 Jul 2015 19:14:08 GMT"
        ],
        "ETag": [
          "0x8D28892909404EC"
        ],
        "Server": [
          "Microsoft-HTTPAPI/2.0"
        ]
      },
      "StatusCode": 200
    },
    {
      "RequestUri": "/subscriptions/6368ed38-3570-481f-b4fa-1d0a6e8d3f3b/resourceGroups/default-azurebatch-eastus/providers/Microsoft.Batch/batchAccounts/pstests/listKeys?api-version=2015-07-01",
      "EncodedRequestUri": "L3N1YnNjcmlwdGlvbnMvNjM2OGVkMzgtMzU3MC00ODFmLWI0ZmEtMWQwYTZlOGQzZjNiL3Jlc291cmNlR3JvdXBzL2RlZmF1bHQtYXp1cmViYXRjaC1lYXN0dXMvcHJvdmlkZXJzL01pY3Jvc29mdC5CYXRjaC9iYXRjaEFjY291bnRzL3BzdGVzdHMvbGlzdEtleXM/YXBpLXZlcnNpb249MjAxNS0wNy0wMQ==",
      "RequestMethod": "POST",
      "RequestBody": "",
      "RequestHeaders": {
        "x-ms-version": [
          "2015-07-01"
        ],
        "User-Agent": [
          "Microsoft.Azure.Management.Batch.BatchManagementClient/1.0.0.0"
        ]
      },
      "ResponseBody": "{\r\n  \"accountName\": \"pstests\",\r\n  \"primary\": \"LvTRVrhrb0mV/DvM55d7NT36RpCLXka/hrZSZQnNKlfV8nxzU0ChDAxrILper4n3AndEtMgyxW404JKkGodXFA==\",\r\n  \"secondary\": \"Lc37R3wawurI2u8oLu6pblhfYBW7S6770vbeqnUQJX87kT7R5hEFq2IlEfowvQ+rO3K0frlfFNlyiL/rkaYnFw==\"\r\n}",
      "ResponseHeaders": {
        "Content-Length": [
          "229"
        ],
        "Content-Type": [
          "application/json; charset=utf-8"
        ],
        "Expires": [
          "-1"
        ],
        "Pragma": [
          "no-cache"
        ],
        "request-id": [
          "019a89f5-e32c-4b46-85d3-c093e981909b"
        ],
        "Strict-Transport-Security": [
          "max-age=31536000; includeSubDomains"
        ],
        "x-ms-ratelimit-remaining-subscription-writes": [
          "1178"
        ],
        "x-ms-request-id": [
          "8ad1997a-d947-46ec-9706-52d61fbd7a77"
        ],
        "x-ms-correlation-request-id": [
          "8ad1997a-d947-46ec-9706-52d61fbd7a77"
        ],
        "x-ms-routing-request-id": [
          "WESTUS:20150709T191408Z:8ad1997a-d947-46ec-9706-52d61fbd7a77"
        ],
        "Cache-Control": [
          "no-cache"
        ],
        "Date": [
          "Thu, 09 Jul 2015 19:14:08 GMT"
        ],
        "Server": [
          "Microsoft-HTTPAPI/2.0"
        ]
      },
      "StatusCode": 200
    },
    {
      "RequestUri": "/pools/testPool/tvms/tvm-4155946844_1-20150709t190321z/rdp?api-version=2014-10-01.1.0",
      "EncodedRequestUri": "L3Bvb2xzL3Rlc3RQb29sL3R2bXMvdHZtLTQxNTU5NDY4NDRfMS0yMDE1MDcwOXQxOTAzMjF6L3JkcD9hcGktdmVyc2lvbj0yMDE0LTEwLTAxLjEuMA==",
      "RequestMethod": "GET",
      "RequestBody": "",
      "RequestHeaders": {
        "User-Agent": [
          "WA-Batch/1.0"
        ],
        "client-request-id": [
          "b9d7e128-6679-4c2d-b765-7f828047c5e5"
        ],
        "return-client-request-id": [
          "False"
        ],
        "ocp-date": [
          "Thu, 09 Jul 2015 19:14:08 GMT"
        ]
      },
      "ResponseBody": "full address:s:137.117.90.4\r\nLoadBalanceInfo:s:Cookie: mstshash=TVM#TVM_IN_0",
      "ResponseHeaders": {
        "Content-Type": [
          "application/octet-stream"
        ],
        "Transfer-Encoding": [
          "chunked"
        ],
        "request-id": [
          "07f9f0eb-0994-4cf8-ad50-2dbaeb2fc456"
        ],
        "Strict-Transport-Security": [
          "max-age=31536000; includeSubDomains"
        ],
        "DataServiceVersion": [
          "3.0"
        ],
        "Date": [
          "Thu, 09 Jul 2015 19:14:08 GMT"
        ],
        "Server": [
          "Microsoft-HTTPAPI/2.0"
        ]
      },
      "StatusCode": 200
    },
    {
      "RequestUri": "/pools/testPool/tvms/tvm-4155946844_1-20150709t190321z/rdp?api-version=2014-10-01.1.0",
      "EncodedRequestUri": "L3Bvb2xzL3Rlc3RQb29sL3R2bXMvdHZtLTQxNTU5NDY4NDRfMS0yMDE1MDcwOXQxOTAzMjF6L3JkcD9hcGktdmVyc2lvbj0yMDE0LTEwLTAxLjEuMA==",
      "RequestMethod": "GET",
      "RequestBody": "",
      "RequestHeaders": {
        "User-Agent": [
          "WA-Batch/1.0"
        ],
        "client-request-id": [
          "6b0765a5-4bdf-46f9-9425-7741b5a44286"
        ],
        "return-client-request-id": [
          "False"
        ],
        "ocp-date": [
          "Thu, 09 Jul 2015 19:14:08 GMT"
        ]
      },
      "ResponseBody": "full address:s:137.117.90.4\r\nLoadBalanceInfo:s:Cookie: mstshash=TVM#TVM_IN_0",
      "ResponseHeaders": {
        "Content-Type": [
          "application/octet-stream"
        ],
        "Transfer-Encoding": [
          "chunked"
        ],
        "request-id": [
          "e85c2801-ccb0-4b43-b55b-a37f1d27a79c"
        ],
        "Strict-Transport-Security": [
          "max-age=31536000; includeSubDomains"
        ],
        "DataServiceVersion": [
          "3.0"
        ],
        "Date": [
          "Thu, 09 Jul 2015 19:14:08 GMT"
        ],
        "Server": [
          "Microsoft-HTTPAPI/2.0"
        ]
      },
      "StatusCode": 200
    }
  ],
  "Names": {},
  "Variables": {
    "SubscriptionId": "6368ed38-3570-481f-b4fa-1d0a6e8d3f3b"
  }
}