{
  "Entries": [
    {
      "RequestUri": "/Subscriptions/f5303a0b-fae4-4cdb-b44d-0e4c032dde26/resources?$filter=resourceType%20eq%20'Microsoft.Backup/BackupVault'&$top=100&api-version=2013-03-01",
      "EncodedRequestUri": "L1N1YnNjcmlwdGlvbnMvZjUzMDNhMGItZmFlNC00Y2RiLWI0NGQtMGU0YzAzMmRkZTI2L3Jlc291cmNlcz8kZmlsdGVyPXJlc291cmNlVHlwZSUyMGVxJTIwJ01pY3Jvc29mdC5CYWNrdXAvQmFja3VwVmF1bHQnJiR0b3A9MTAwJmFwaS12ZXJzaW9uPTIwMTMtMDMtMDE=",
      "RequestMethod": "GET",
      "RequestBody": "",
      "RequestHeaders": {
        "Accept-Language": [
          "en-us"
        ],
        "x-ms-client-request-id": [
          "6c250745-4225-438b-89da-eea604d94145-2015-08-14 11:07:31Z-PS"
        ],
        "User-Agent": [
          "Microsoft.Azure.Management.BackupServices.BackupVaultServicesManagementClient/0.0.0.0"
        ]
      },
      "ResponseBody": "{\r\n  \"value\": [\r\n    {\r\n      \"id\": \"/subscriptions/f5303a0b-fae4-4cdb-b44d-0e4c032dde26/resourceGroups/backuprg/providers/Microsoft.Backup/BackupVault/backuprn\",\r\n      \"name\": \"backuprn\",\r\n      \"type\": \"Microsoft.Backup/BackupVault\",\r\n      \"location\": \"southeastasia\",\r\n      \"tags\": {}\r\n    },\r\n    {\r\n      \"id\": \"/subscriptions/f5303a0b-fae4-4cdb-b44d-0e4c032dde26/resourceGroups/hydrarecording/providers/Microsoft.Backup/BackupVault/hydrarecordingrn\",\r\n      \"name\": \"hydrarecordingrn\",\r\n      \"type\": \"Microsoft.Backup/BackupVault\",\r\n      \"location\": \"westus\",\r\n      \"tags\": {}\r\n    },\r\n    {\r\n      \"id\": \"/subscriptions/f5303a0b-fae4-4cdb-b44d-0e4c032dde26/resourceGroups/pragrawa-rg/providers/Microsoft.Backup/BackupVault/pragrawa-rg01\",\r\n      \"name\": \"pragrawa-rg01\",\r\n      \"type\": \"Microsoft.Backup/BackupVault\",\r\n      \"location\": \"westus\",\r\n      \"tags\": {}\r\n    }\r\n  ]\r\n}",
      "ResponseHeaders": {
        "Content-Length": [
          "710"
        ],
        "Content-Type": [
          "application/json; charset=utf-8"
        ],
        "Expires": [
          "-1"
        ],
        "Pragma": [
          "no-cache"
        ],
        "x-ms-ratelimit-remaining-subscription-reads": [
          "14993"
        ],
        "x-ms-request-id": [
          "7b4de7bb-3574-414c-aae9-c32bb5270182"
        ],
        "x-ms-correlation-request-id": [
          "7b4de7bb-3574-414c-aae9-c32bb5270182"
        ],
        "x-ms-routing-request-id": [
          "CENTRALUS:20150814T110732Z:7b4de7bb-3574-414c-aae9-c32bb5270182"
        ],
        "Strict-Transport-Security": [
          "max-age=31536000; includeSubDomains"
        ],
        "Cache-Control": [
          "no-cache"
        ],
        "Date": [
          "Fri, 14 Aug 2015 11:07:31 GMT"
        ]
      },
      "StatusCode": 200
    },
    {
      "RequestUri": "/Subscriptions/f5303a0b-fae4-4cdb-b44d-0e4c032dde26/resourceGroups/backuprg/providers/Microsoft.Backup/BackupVault/backuprn/storageconfig/vaultstorageconfig?api-version=2015-03-15",
      "EncodedRequestUri": "L1N1YnNjcmlwdGlvbnMvZjUzMDNhMGItZmFlNC00Y2RiLWI0NGQtMGU0YzAzMmRkZTI2L3Jlc291cmNlR3JvdXBzL2JhY2t1cHJnL3Byb3ZpZGVycy9NaWNyb3NvZnQuQmFja3VwL0JhY2t1cFZhdWx0L2JhY2t1cHJuL3N0b3JhZ2Vjb25maWcvdmF1bHRzdG9yYWdlY29uZmlnP2FwaS12ZXJzaW9uPTIwMTUtMDMtMTU=",
      "RequestMethod": "GET",
      "RequestBody": "",
      "RequestHeaders": {
        "Accept-Language": [
          "en-us"
        ],
        "x-ms-client-request-id": [
          "6c250745-4225-438b-89da-eea604d94145-2015-08-14 11:07:31Z-PS"
        ],
        "User-Agent": [
          "Microsoft.Azure.Management.BackupServices.BackupVaultServicesManagementClient/0.0.0.0"
        ]
      },
      "ResponseBody": "{\r\n  \"resourceId\": 1774108198771083879,\r\n  \"properties\": {\r\n    \"storageType\": \"LocallyRedundant\",\r\n    \"storageTypeState\": \"Locked\"\r\n  }\r\n}",
      "ResponseHeaders": {
        "Content-Length": [
          "110"
        ],
        "Content-Type": [
          "application/json"
        ],
        "Expires": [
          "-1"
        ],
        "Pragma": [
          "no-cache"
        ],
        "x-ms-request-id": [
          "ecaf0dbd-787b-4a9d-97c3-a33a5a7379ea"
        ],
        "x-ms-client-request-id": [
          "6c250745-4225-438b-89da-eea604d94145-2015-08-14 11:07:31Z-PS",
          "6c250745-4225-438b-89da-eea604d94145-2015-08-14 11:07:31Z-PS"
        ],
        "Strict-Transport-Security": [
          "max-age=31536000; includeSubDomains"
        ],
        "x-ms-ratelimit-remaining-subscription-reads": [
          "14992"
        ],
        "x-ms-correlation-request-id": [
          "ecaf0dbd-787b-4a9d-97c3-a33a5a7379ea"
        ],
        "x-ms-routing-request-id": [
          "CENTRALUS:20150814T110743Z:ecaf0dbd-787b-4a9d-97c3-a33a5a7379ea"
        ],
        "Cache-Control": [
          "no-cache"
        ],
        "Date": [
          "Fri, 14 Aug 2015 11:07:43 GMT"
        ],
        "Server": [
          "Microsoft-IIS/8.0"
        ]
      },
      "StatusCode": 200
    },
    {
      "RequestUri": "/Subscriptions/f5303a0b-fae4-4cdb-b44d-0e4c032dde26/resourceGroups/backuprg/providers/Microsoft.Backup/BackupVault/backuprn/containers?api-version=2014-09-01&$filter=containerType%20eq%20'IaasVM'%20and%20friendlyName%20eq%20'hydrarecordvm'",
      "EncodedRequestUri": "L1N1YnNjcmlwdGlvbnMvZjUzMDNhMGItZmFlNC00Y2RiLWI0NGQtMGU0YzAzMmRkZTI2L3Jlc291cmNlR3JvdXBzL2JhY2t1cHJnL3Byb3ZpZGVycy9NaWNyb3NvZnQuQmFja3VwL0JhY2t1cFZhdWx0L2JhY2t1cHJuL2NvbnRhaW5lcnM/YXBpLXZlcnNpb249MjAxNC0wOS0wMSYkZmlsdGVyPWNvbnRhaW5lclR5cGUlMjBlcSUyMCdJYWFzVk0nJTIwYW5kJTIwZnJpZW5kbHlOYW1lJTIwZXElMjAnaHlkcmFyZWNvcmR2bSc=",
      "RequestMethod": "GET",
      "RequestBody": "",
      "RequestHeaders": {
        "Accept-Language": [
          "en-us"
        ],
        "x-ms-client-request-id": [
          "b9f77ba4-d5ce-4d54-a761-eeb4c9d2659d-2015-08-14 11:07:43Z-PS"
        ],
        "User-Agent": [
          "Microsoft.Azure.Management.BackupServices.BackupServicesManagementClient/0.0.0.0"
        ]
      },
      "ResponseBody": "{\r\n  \"value\": [\r\n    {\r\n      \"properties\": {\r\n        \"friendlyName\": \"hydrarecordvm\",\r\n        \"status\": \"Registered\",\r\n        \"healthStatus\": \"Healthy\",\r\n        \"containerType\": \"IaasVM\",\r\n        \"parentContainerId\": \"/subscriptions/f5303a0b-fae4-4cdb-b44d-0e4c032dde26/resourceGroups/backuprg/providers/Microsoft.Backup/BackupVault/backuprn/containers/hydrarecordvm\"\r\n      },\r\n      \"id\": \"/subscriptions/f5303a0b-fae4-4cdb-b44d-0e4c032dde26/resourceGroups/backuprg/providers/Microsoft.Backup/BackupVault/backuprn/containers/iaasvmcontainer;hydrarecordvm;hydrarecordvm\",\r\n      \"name\": \"iaasvmcontainer;hydrarecordvm;hydrarecordvm\",\r\n      \"type\": \"Microsoft.Backup/BackupVault/containers\"\r\n    }\r\n  ],\r\n  \"nextLink\": null\r\n}",
      "ResponseHeaders": {
        "Content-Length": [
          "606"
        ],
        "Content-Type": [
          "application/json"
        ],
        "Expires": [
          "-1"
        ],
        "Pragma": [
          "no-cache"
        ],
        "x-ms-request-id": [
          "bd731385-07df-4cb9-a3d9-5b46c4e6095d"
        ],
        "x-ms-client-request-id": [
          "b9f77ba4-d5ce-4d54-a761-eeb4c9d2659d-2015-08-14 11:07:43Z-PS",
          "b9f77ba4-d5ce-4d54-a761-eeb4c9d2659d-2015-08-14 11:07:43Z-PS"
        ],
        "Strict-Transport-Security": [
          "max-age=31536000; includeSubDomains"
        ],
        "x-ms-ratelimit-remaining-subscription-reads": [
          "14983"
        ],
        "x-ms-correlation-request-id": [
          "bd731385-07df-4cb9-a3d9-5b46c4e6095d"
        ],
        "x-ms-routing-request-id": [
          "CENTRALUS:20150814T110746Z:bd731385-07df-4cb9-a3d9-5b46c4e6095d"
        ],
        "Cache-Control": [
          "no-cache"
        ],
        "Date": [
          "Fri, 14 Aug 2015 11:07:45 GMT"
        ],
        "Server": [
          "Microsoft-IIS/8.0"
        ],
        "X-Powered-By": [
          "ASP.NET"
        ]
      },
      "StatusCode": 200
    },
    {
      "RequestUri": "/Subscriptions/f5303a0b-fae4-4cdb-b44d-0e4c032dde26/resourceGroups/backuprg/providers/Microsoft.Backup/BackupVault/backuprn/registeredContainers/iaasvmcontainer%3Bhydrarecordvm%3Bhydrarecordvm?api-version=2014-09-01",
      "EncodedRequestUri": "L1N1YnNjcmlwdGlvbnMvZjUzMDNhMGItZmFlNC00Y2RiLWI0NGQtMGU0YzAzMmRkZTI2L3Jlc291cmNlR3JvdXBzL2JhY2t1cHJnL3Byb3ZpZGVycy9NaWNyb3NvZnQuQmFja3VwL0JhY2t1cFZhdWx0L2JhY2t1cHJuL3JlZ2lzdGVyZWRDb250YWluZXJzL2lhYXN2bWNvbnRhaW5lciUzQmh5ZHJhcmVjb3Jkdm0lM0JoeWRyYXJlY29yZHZtP2FwaS12ZXJzaW9uPTIwMTQtMDktMDE=",
      "RequestMethod": "DELETE",
      "RequestBody": "",
      "RequestHeaders": {
        "Accept-Language": [
          "en-us"
        ],
        "x-ms-client-request-id": [
          "13d99ef1-f619-4217-b0af-709dd2f65ab4-2015-08-14 11:07:46Z-PS"
        ],
        "User-Agent": [
          "Microsoft.Azure.Management.BackupServices.BackupServicesManagementClient/0.0.0.0"
        ]
      },
      "ResponseBody": "\"957ed0ce-e696-4dad-ac6b-efface1b4e7c\"",
      "ResponseHeaders": {
        "Content-Length": [
          "38"
        ],
        "Content-Type": [
          "application/json"
        ],
        "Expires": [
          "-1"
        ],
        "Pragma": [
          "no-cache"
        ],
        "x-ms-request-id": [
          "891112b4-4467-4309-b256-7c0eb0409dac"
        ],
        "x-ms-client-request-id": [
          "13d99ef1-f619-4217-b0af-709dd2f65ab4-2015-08-14 11:07:46Z-PS",
          "13d99ef1-f619-4217-b0af-709dd2f65ab4-2015-08-14 11:07:46Z-PS"
        ],
        "Strict-Transport-Security": [
          "max-age=31536000; includeSubDomains"
        ],
        "x-ms-ratelimit-remaining-subscription-writes": [
          "999994"
        ],
        "x-ms-correlation-request-id": [
          "891112b4-4467-4309-b256-7c0eb0409dac"
        ],
        "x-ms-routing-request-id": [
          "CENTRALUS:20150814T110747Z:891112b4-4467-4309-b256-7c0eb0409dac"
        ],
        "Cache-Control": [
          "no-cache"
        ],
        "Date": [
          "Fri, 14 Aug 2015 11:07:46 GMT"
        ],
        "Server": [
          "Microsoft-IIS/8.0"
        ],
        "X-Powered-By": [
          "ASP.NET"
        ]
      },
      "StatusCode": 202
    },
    {
      "RequestUri": "/subscriptions/f5303a0b-fae4-4cdb-b44d-0e4c032dde26/resourceGroups/backuprg/providers/Microsoft.Backup/BackupVault/backuprn/operationResults/957ed0ce-e696-4dad-ac6b-efface1b4e7c?api-version=2014-09-01",
      "EncodedRequestUri": "L3N1YnNjcmlwdGlvbnMvZjUzMDNhMGItZmFlNC00Y2RiLWI0NGQtMGU0YzAzMmRkZTI2L3Jlc291cmNlR3JvdXBzL2JhY2t1cHJnL3Byb3ZpZGVycy9NaWNyb3NvZnQuQmFja3VwL0JhY2t1cFZhdWx0L2JhY2t1cHJuL29wZXJhdGlvblJlc3VsdHMvOTU3ZWQwY2UtZTY5Ni00ZGFkLWFjNmItZWZmYWNlMWI0ZTdjP2FwaS12ZXJzaW9uPTIwMTQtMDktMDE=",
      "RequestMethod": "GET",
      "RequestBody": "",
      "RequestHeaders": {
        "Accept-Language": [
          "en-us"
        ],
        "x-ms-client-request-id": [
          "13d99ef1-f619-4217-b0af-709dd2f65ab4-2015-08-14 11:07:46Z-PS"
        ],
        "User-Agent": [
          "Microsoft.Azure.Management.BackupServices.BackupServicesManagementClient/0.0.0.0"
        ]
      },
      "ResponseBody": "{\r\n  \"status\": \"Failed\",\r\n  \"error\": {\r\n    \"code\": \"BMSUserErrorContainerHasDatasources\",\r\n    \"message\": \"Failed to unregister a registered item. This item contains protected child items. Please stop protection and then delete the protected child items before attempting to unregister the parent item.\"\r\n  },\r\n  \"jobList\": [\r\n    \"15ba1ed4-4d41-478f-aca7-63eaef3435fe\"\r\n  ]\r\n}",
      "ResponseHeaders": {
        "Content-Length": [
          "333"
        ],
        "Content-Type": [
          "application/json"
        ],
        "Expires": [
          "-1"
        ],
        "Pragma": [
          "no-cache"
        ],
        "x-ms-request-id": [
          "4aefa749-f224-4cd5-b002-739c5995d37c"
        ],
        "x-ms-client-request-id": [
          "13d99ef1-f619-4217-b0af-709dd2f65ab4-2015-08-14 11:07:46Z-PS",
          "13d99ef1-f619-4217-b0af-709dd2f65ab4-2015-08-14 11:07:46Z-PS"
        ],
        "Strict-Transport-Security": [
          "max-age=31536000; includeSubDomains"
        ],
        "x-ms-ratelimit-remaining-subscription-reads": [
          "14982"
        ],
        "x-ms-correlation-request-id": [
          "4aefa749-f224-4cd5-b002-739c5995d37c"
        ],
        "x-ms-routing-request-id": [
          "CENTRALUS:20150814T110748Z:4aefa749-f224-4cd5-b002-739c5995d37c"
        ],
        "Cache-Control": [
          "no-cache"
        ],
        "Date": [
          "Fri, 14 Aug 2015 11:07:47 GMT"
        ],
        "Server": [
          "Microsoft-IIS/8.0"
        ],
        "X-Powered-By": [
          "ASP.NET"
        ]
      },
      "StatusCode": 200
    },
    {
      "RequestUri": "/subscriptions/f5303a0b-fae4-4cdb-b44d-0e4c032dde26/resourceGroups/backuprg/providers/Microsoft.Backup/BackupVault/backuprn/jobs/15ba1ed4-4d41-478f-aca7-63eaef3435fe?api-version=2014-09-01",
      "EncodedRequestUri": "L3N1YnNjcmlwdGlvbnMvZjUzMDNhMGItZmFlNC00Y2RiLWI0NGQtMGU0YzAzMmRkZTI2L3Jlc291cmNlR3JvdXBzL2JhY2t1cHJnL3Byb3ZpZGVycy9NaWNyb3NvZnQuQmFja3VwL0JhY2t1cFZhdWx0L2JhY2t1cHJuL2pvYnMvMTViYTFlZDQtNGQ0MS00NzhmLWFjYTctNjNlYWVmMzQzNWZlP2FwaS12ZXJzaW9uPTIwMTQtMDktMDE=",
      "RequestMethod": "GET",
      "RequestBody": "",
      "RequestHeaders": {
        "Accept-Language": [
          "en-us"
        ],
        "x-ms-client-request-id": [
          "13d99ef1-f619-4217-b0af-709dd2f65ab4-2015-08-14 11:07:46Z-PS"
        ],
        "User-Agent": [
          "Microsoft.Azure.Management.BackupServices.BackupServicesManagementClient/0.0.0.0"
        ]
      },
      "ResponseBody": "{\r\n  \"properties\": {\r\n    \"tasksList\": [],\r\n    \"propertyBag\": {\r\n      \"VM Name\": \"hydrarecordvm\",\r\n      \"Cloud Service\": \"hydrarecordvm\"\r\n    },\r\n    \"progressPercentage\": null,\r\n    \"dynamicErrorMessage\": null,\r\n    \"workloadType\": \"VM\",\r\n    \"operation\": \"UnRegister\",\r\n    \"status\": \"Failed\",\r\n    \"startTimestamp\": \"2015-08-14T11:07:47.5082523Z\",\r\n    \"endTimestamp\": \"2015-08-14T11:07:47.5082523Z\",\r\n    \"duration\": \"00:00:00\",\r\n    \"entityFriendlyName\": \"hydrarecordvm\",\r\n    \"actionsInfo\": null,\r\n    \"errorDetails\": [\r\n      {\r\n        \"errorCode\": 134607755,\r\n        \"errorTitle\": \"\",\r\n        \"errorString\": \"Failed to unregister a registered item.\",\r\n        \"recommendations\": [\r\n          \"This item contains protected child items. Please stop protection and then delete the protected child items before attempting to unregister the parent item.\"\r\n        ]\r\n      }\r\n    ]\r\n  },\r\n  \"id\": \"/subscriptions/f5303a0b-fae4-4cdb-b44d-0e4c032dde26/resourceGroups/backuprg/providers/Microsoft.Backup/BackupVault/backuprn/jobs/15ba1ed4-4d41-478f-aca7-63eaef3435fe\",\r\n  \"name\": \"15ba1ed4-4d41-478f-aca7-63eaef3435fe\",\r\n  \"type\": \"Microsoft.Backup/BackupVault/jobs\"\r\n}",
      "ResponseHeaders": {
        "Content-Length": [
          "946"
        ],
        "Content-Type": [
          "application/json"
        ],
        "Expires": [
          "-1"
        ],
        "Pragma": [
          "no-cache"
        ],
        "x-ms-request-id": [
          "0b84a442-b6b5-413f-bb5d-e0508aa17b94"
        ],
        "x-ms-client-request-id": [
          "13d99ef1-f619-4217-b0af-709dd2f65ab4-2015-08-14 11:07:46Z-PS",
          "13d99ef1-f619-4217-b0af-709dd2f65ab4-2015-08-14 11:07:46Z-PS"
        ],
        "Strict-Transport-Security": [
          "max-age=31536000; includeSubDomains"
        ],
        "x-ms-ratelimit-remaining-subscription-reads": [
          "14981"
        ],
        "x-ms-correlation-request-id": [
          "0b84a442-b6b5-413f-bb5d-e0508aa17b94"
        ],
        "x-ms-routing-request-id": [
          "CENTRALUS:20150814T110748Z:0b84a442-b6b5-413f-bb5d-e0508aa17b94"
        ],
        "Cache-Control": [
          "no-cache"
        ],
        "Date": [
          "Fri, 14 Aug 2015 11:07:48 GMT"
        ],
        "Server": [
          "Microsoft-IIS/8.0"
        ],
        "X-Powered-By": [
          "ASP.NET"
        ]
      },
      "StatusCode": 200
    }
  ],
  "Names": {},
  "Variables": {
    "SubscriptionId": "f5303a0b-fae4-4cdb-b44d-0e4c032dde26"
  }
}