{
  "Entries": [
    {
      "RequestUri": "/subscriptions/47f4bc68-6fe4-43a2-be8b-dfd0e290efa2/providers/Microsoft.Resources?api-version=2016-09-01",
      "EncodedRequestUri": "L3N1YnNjcmlwdGlvbnMvNDdmNGJjNjgtNmZlNC00M2EyLWJlOGItZGZkMGUyOTBlZmEyL3Byb3ZpZGVycy9NaWNyb3NvZnQuUmVzb3VyY2VzP2FwaS12ZXJzaW9uPTIwMTYtMDktMDE=",
      "RequestMethod": "GET",
      "RequestBody": "",
      "RequestHeaders": {
        "x-ms-client-request-id": [
          "86e56b17-34ed-4e5b-9720-1714ae760e10"
        ],
        "Accept-Language": [
          "en-US"
        ],
        "User-Agent": [
          "FxVersion/4.6.27317.03",
          "OSName/Windows",
          "OSVersion/Microsoft.Windows.10.0.17763.",
          "Microsoft.Azure.Management.Internal.Resources.ResourceManagementClient/1.1.18"
        ]
      },
      "ResponseHeaders": {
        "Cache-Control": [
          "no-cache"
        ],
        "Pragma": [
          "no-cache"
        ],
        "x-ms-ratelimit-remaining-subscription-reads": [
          "11999"
        ],
        "x-ms-request-id": [
          "5c15b789-9df7-4804-a974-89dd07104ecb"
        ],
        "x-ms-correlation-request-id": [
          "5c15b789-9df7-4804-a974-89dd07104ecb"
        ],
        "x-ms-routing-request-id": [
          "WESTCENTRALUS:20190327T185747Z:5c15b789-9df7-4804-a974-89dd07104ecb"
        ],
        "Strict-Transport-Security": [
          "max-age=31536000; includeSubDomains"
        ],
        "X-Content-Type-Options": [
          "nosniff"
        ],
        "Date": [
          "Wed, 27 Mar 2019 18:57:46 GMT"
        ],
        "Content-Type": [
          "application/json; charset=utf-8"
        ],
        "Expires": [
          "-1"
        ],
        "Content-Length": [
          "7478"
        ]
      },
      "ResponseBody": "{\r\n  \"id\": \"/subscriptions/47f4bc68-6fe4-43a2-be8b-dfd0e290efa2/providers/Microsoft.Resources\",\r\n  \"namespace\": \"Microsoft.Resources\",\r\n  \"resourceTypes\": [\r\n    {\r\n      \"resourceType\": \"tenants\",\r\n      \"locations\": [],\r\n      \"apiVersions\": [\r\n        \"2018-11-01\",\r\n        \"2018-09-01\",\r\n        \"2018-08-01\",\r\n        \"2018-07-01\",\r\n        \"2018-05-01\",\r\n        \"2018-02-01\",\r\n        \"2018-01-01\",\r\n        \"2017-08-01\",\r\n        \"2017-06-01\",\r\n        \"2017-05-10\",\r\n        \"2017-05-01\",\r\n        \"2017-03-01\",\r\n        \"2016-09-01\",\r\n        \"2016-07-01\",\r\n        \"2016-06-01\",\r\n        \"2016-02-01\",\r\n        \"2015-11-01\",\r\n        \"2015-01-01\",\r\n        \"2014-04-01-preview\"\r\n      ]\r\n    },\r\n    {\r\n      \"resourceType\": \"locations\",\r\n      \"locations\": [],\r\n      \"apiVersions\": [\r\n        \"2018-11-01\",\r\n        \"2018-09-01\",\r\n        \"2018-08-01\",\r\n        \"2018-07-01\",\r\n        \"2018-05-01\",\r\n        \"2018-02-01\",\r\n        \"2018-01-01\",\r\n        \"2017-08-01\",\r\n        \"2017-06-01\",\r\n        \"2017-05-10\",\r\n        \"2017-05-01\",\r\n        \"2017-03-01\",\r\n        \"2016-09-01\",\r\n        \"2016-07-01\",\r\n        \"2016-06-01\",\r\n        \"2016-02-01\",\r\n        \"2015-11-01\",\r\n        \"2015-01-01\",\r\n        \"2014-04-01-preview\"\r\n      ]\r\n    },\r\n    {\r\n      \"resourceType\": \"notifyResourceJobs\",\r\n      \"locations\": [],\r\n      \"apiVersions\": [\r\n        \"2018-02-01\"\r\n      ]\r\n    },\r\n    {\r\n      \"resourceType\": \"tags\",\r\n      \"locations\": [],\r\n      \"apiVersions\": [\r\n        \"2018-11-01\"\r\n      ]\r\n    },\r\n    {\r\n      \"resourceType\": \"checkPolicyCompliance\",\r\n      \"locations\": [],\r\n      \"apiVersions\": [\r\n        \"2018-11-01\",\r\n        \"2018-09-01\",\r\n        \"2018-08-01\",\r\n        \"2018-07-01\",\r\n        \"2018-05-01\",\r\n        \"2018-02-01\",\r\n        \"2018-01-01\",\r\n        \"2017-08-01\",\r\n        \"2017-06-01\",\r\n        \"2017-05-10\",\r\n        \"2017-05-01\",\r\n        \"2017-03-01\",\r\n        \"2016-09-01\",\r\n        \"2016-07-01\",\r\n        \"2016-06-01\",\r\n        \"2016-02-01\",\r\n        \"2015-11-01\",\r\n        \"2015-01-01\",\r\n        \"2014-04-01-preview\"\r\n      ]\r\n    },\r\n    {\r\n      \"resourceType\": \"providers\",\r\n      \"locations\": [],\r\n      \"apiVersions\": [\r\n        \"2019-03-01\",\r\n        \"2018-11-01\",\r\n        \"2018-09-01\",\r\n        \"2018-08-01\",\r\n        \"2018-07-01\",\r\n        \"2018-05-01\",\r\n        \"2018-02-01\",\r\n        \"2018-01-01\",\r\n        \"2017-08-01\",\r\n        \"2017-06-01\",\r\n        \"2017-05-10\",\r\n        \"2017-05-01\",\r\n        \"2017-03-01\",\r\n        \"2016-09-01\",\r\n        \"2016-07-01\",\r\n        \"2016-06-01\",\r\n        \"2016-02-01\",\r\n        \"2015-11-01\",\r\n        \"2015-01-01\",\r\n        \"2014-04-01-preview\"\r\n      ]\r\n    },\r\n    {\r\n      \"resourceType\": \"checkresourcename\",\r\n      \"locations\": [],\r\n      \"apiVersions\": [\r\n        \"2018-11-01\",\r\n        \"2018-09-01\",\r\n        \"2018-08-01\",\r\n        \"2018-07-01\",\r\n        \"2018-05-01\",\r\n        \"2018-02-01\",\r\n        \"2018-01-01\",\r\n        \"2017-08-01\",\r\n        \"2017-06-01\",\r\n        \"2017-05-10\",\r\n        \"2017-05-01\",\r\n        \"2017-03-01\",\r\n        \"2016-09-01\",\r\n        \"2016-07-01\",\r\n        \"2016-06-01\",\r\n        \"2016-02-01\",\r\n        \"2015-11-01\",\r\n        \"2015-01-01\",\r\n        \"2014-04-01-preview\"\r\n      ]\r\n    },\r\n    {\r\n      \"resourceType\": \"resources\",\r\n      \"locations\": [],\r\n      \"apiVersions\": [\r\n        \"2018-11-01\",\r\n        \"2018-09-01\",\r\n        \"2018-08-01\",\r\n        \"2018-07-01\",\r\n        \"2018-05-01\",\r\n        \"2018-02-01\",\r\n        \"2018-01-01\",\r\n        \"2017-08-01\",\r\n        \"2017-06-01\",\r\n        \"2017-05-10\",\r\n        \"2017-05-01\",\r\n        \"2017-03-01\",\r\n        \"2016-09-01\",\r\n        \"2016-07-01\",\r\n        \"2016-06-01\",\r\n        \"2016-02-01\",\r\n        \"2015-11-01\",\r\n        \"2015-01-01\",\r\n        \"2014-04-01-preview\"\r\n      ]\r\n    },\r\n    {\r\n      \"resourceType\": \"subscriptions\",\r\n      \"locations\": [],\r\n      \"apiVersions\": [\r\n        \"2018-11-01\",\r\n        \"2018-09-01\",\r\n        \"2018-08-01\",\r\n        \"2018-07-01\",\r\n        \"2018-05-01\",\r\n        \"2018-02-01\",\r\n        \"2018-01-01\",\r\n        \"2017-08-01\",\r\n        \"2017-06-01\",\r\n        \"2017-05-10\",\r\n        \"2017-05-01\",\r\n        \"2017-03-01\",\r\n        \"2016-09-01\",\r\n        \"2016-07-01\",\r\n        \"2016-06-01\",\r\n        \"2016-02-01\",\r\n        \"2015-11-01\",\r\n        \"2015-01-01\",\r\n        \"2014-04-01-preview\"\r\n      ]\r\n    },\r\n    {\r\n      \"resourceType\": \"subscriptions/resources\",\r\n      \"locations\": [],\r\n      \"apiVersions\": [\r\n        \"2018-11-01\",\r\n        \"2018-09-01\",\r\n        \"2018-08-01\",\r\n        \"2018-07-01\",\r\n        \"2018-05-01\",\r\n        \"2018-02-01\",\r\n        \"2018-01-01\",\r\n        \"2017-08-01\",\r\n        \"2017-06-01\",\r\n        \"2017-05-10\",\r\n        \"2017-05-01\",\r\n        \"2017-03-01\",\r\n        \"2016-09-01\",\r\n        \"2016-07-01\",\r\n        \"2016-06-01\",\r\n        \"2016-02-01\",\r\n        \"2015-11-01\",\r\n        \"2015-01-01\",\r\n        \"2014-04-01-preview\"\r\n      ]\r\n    },\r\n    {\r\n      \"resourceType\": \"subscriptions/providers\",\r\n      \"locations\": [],\r\n      \"apiVersions\": [\r\n        \"2018-11-01\",\r\n        \"2018-09-01\",\r\n        \"2018-08-01\",\r\n        \"2018-07-01\",\r\n        \"2018-05-01\",\r\n        \"2018-02-01\",\r\n        \"2018-01-01\",\r\n        \"2017-08-01\",\r\n        \"2017-06-01\",\r\n        \"2017-05-10\",\r\n        \"2017-05-01\",\r\n        \"2017-03-01\",\r\n        \"2016-09-01\",\r\n        \"2016-07-01\",\r\n        \"2016-06-01\",\r\n        \"2016-02-01\",\r\n        \"2015-11-01\",\r\n        \"2015-01-01\",\r\n        \"2014-04-01-preview\"\r\n      ]\r\n    },\r\n    {\r\n      \"resourceType\": \"subscriptions/operationresults\",\r\n      \"locations\": [],\r\n      \"apiVersions\": [\r\n        \"2018-11-01\",\r\n        \"2018-09-01\",\r\n        \"2018-08-01\",\r\n        \"2018-07-01\",\r\n        \"2018-05-01\",\r\n        \"2018-02-01\",\r\n        \"2018-01-01\",\r\n        \"2017-08-01\",\r\n        \"2017-06-01\",\r\n        \"2017-05-10\",\r\n        \"2017-05-01\",\r\n        \"2017-03-01\",\r\n        \"2016-09-01\",\r\n        \"2016-07-01\",\r\n        \"2016-06-01\",\r\n        \"2016-02-01\",\r\n        \"2015-11-01\",\r\n        \"2015-01-01\",\r\n        \"2014-04-01-preview\"\r\n      ]\r\n    },\r\n    {\r\n      \"resourceType\": \"resourceGroups\",\r\n      \"locations\": [\r\n        \"Central US\",\r\n        \"East Asia\",\r\n        \"Southeast Asia\",\r\n        \"East US\",\r\n        \"East US 2\",\r\n        \"West US\",\r\n        \"West US 2\",\r\n        \"North Central US\",\r\n        \"South Central US\",\r\n        \"West Central US\",\r\n        \"North Europe\",\r\n        \"West Europe\",\r\n        \"Japan East\",\r\n        \"Japan West\",\r\n        \"Brazil South\",\r\n        \"Australia Southeast\",\r\n        \"Australia East\",\r\n        \"West India\",\r\n        \"South India\",\r\n        \"Central India\",\r\n        \"Canada Central\",\r\n        \"Canada East\",\r\n        \"UK South\",\r\n        \"UK West\",\r\n        \"Korea Central\",\r\n        \"Korea South\",\r\n        \"France Central\",\r\n        \"South Africa North\",\r\n        \"East US 2 EUAP\",\r\n        \"Central US EUAP\"\r\n      ],\r\n      \"apiVersions\": [\r\n        \"2018-11-01\",\r\n        \"2018-09-01\",\r\n        \"2018-08-01\",\r\n        \"2018-07-01\",\r\n        \"2018-05-01\",\r\n        \"2018-02-01\",\r\n        \"2018-01-01\",\r\n        \"2017-08-01\",\r\n        \"2017-06-01\",\r\n        \"2017-05-10\",\r\n        \"2017-05-01\",\r\n        \"2017-03-01\",\r\n        \"2016-09-01\",\r\n        \"2016-07-01\",\r\n        \"2016-06-01\",\r\n        \"2016-02-01\",\r\n        \"2015-11-01\",\r\n        \"2015-01-01\",\r\n        \"2014-04-01-preview\"\r\n      ]\r\n    },\r\n    {\r\n      \"resourceType\": \"subscriptions/resourceGroups\",\r\n      \"locations\": [\r\n        \"Central US\",\r\n        \"East Asia\",\r\n        \"Southeast Asia\",\r\n        \"East US\",\r\n        \"East US 2\",\r\n        \"West US\",\r\n        \"West US 2\",\r\n        \"North Central US\",\r\n        \"South Central US\",\r\n        \"West Central US\",\r\n        \"North Europe\",\r\n        \"West Europe\",\r\n        \"Japan East\",\r\n        \"Japan West\",\r\n        \"Brazil South\",\r\n        \"Australia Southeast\",\r\n        \"Australia East\",\r\n        \"West India\",\r\n        \"South India\",\r\n        \"Central India\",\r\n        \"Canada Central\",\r\n        \"Canada East\",\r\n        \"UK South\",\r\n        \"UK West\",\r\n        \"Korea Central\",\r\n        \"Korea South\",\r\n        \"France Central\",\r\n        \"South Africa North\",\r\n        \"East US 2 EUAP\",\r\n        \"Central US EUAP\"\r\n      ],\r\n      \"apiVersions\": [\r\n        \"2018-11-01\",\r\n        \"2018-09-01\",\r\n        \"2018-08-01\",\r\n        \"2018-07-01\",\r\n        \"2018-05-01\",\r\n        \"2018-02-01\",\r\n        \"2018-01-01\",\r\n        \"2017-08-01\",\r\n        \"2017-06-01\",\r\n        \"2017-05-10\",\r\n        \"2017-05-01\",\r\n        \"2017-03-01\",\r\n        \"2016-09-01\",\r\n        \"2016-07-01\",\r\n        \"2016-06-01\",\r\n        \"2016-02-01\",\r\n        \"2015-11-01\",\r\n        \"2015-01-01\",\r\n        \"2014-04-01-preview\"\r\n      ]\r\n    },\r\n    {\r\n      \"resourceType\": \"subscriptions/resourcegroups/resources\",\r\n      \"locations\": [],\r\n      \"apiVersions\": [\r\n        \"2018-11-01\",\r\n        \"2018-09-01\",\r\n        \"2018-08-01\",\r\n        \"2018-07-01\",\r\n        \"2018-05-01\",\r\n        \"2018-02-01\",\r\n        \"2018-01-01\",\r\n        \"2017-08-01\",\r\n        \"2017-06-01\",\r\n        \"2017-05-10\",\r\n        \"2017-05-01\",\r\n        \"2017-03-01\",\r\n        \"2016-09-01\",\r\n        \"2016-07-01\",\r\n        \"2016-06-01\",\r\n        \"2016-02-01\",\r\n        \"2015-11-01\",\r\n        \"2015-01-01\",\r\n        \"2014-04-01-preview\"\r\n      ]\r\n    },\r\n    {\r\n      \"resourceType\": \"subscriptions/locations\",\r\n      \"locations\": [],\r\n      \"apiVersions\": [\r\n        \"2018-11-01\",\r\n        \"2018-09-01\",\r\n        \"2018-08-01\",\r\n        \"2018-07-01\",\r\n        \"2018-05-01\",\r\n        \"2018-02-01\",\r\n        \"2018-01-01\",\r\n        \"2017-08-01\",\r\n        \"2017-06-01\",\r\n        \"2017-05-10\",\r\n        \"2017-05-01\",\r\n        \"2017-03-01\",\r\n        \"2016-09-01\",\r\n        \"2016-07-01\",\r\n        \"2016-06-01\",\r\n        \"2016-02-01\",\r\n        \"2015-11-01\",\r\n        \"2015-01-01\",\r\n        \"2014-04-01-preview\"\r\n      ]\r\n    },\r\n    {\r\n      \"resourceType\": \"subscriptions/tagnames\",\r\n      \"locations\": [],\r\n      \"apiVersions\": [\r\n        \"2018-11-01\",\r\n        \"2018-09-01\",\r\n        \"2018-08-01\",\r\n        \"2018-07-01\",\r\n        \"2018-05-01\",\r\n        \"2018-02-01\",\r\n        \"2018-01-01\",\r\n        \"2017-08-01\",\r\n        \"2017-06-01\",\r\n        \"2017-05-10\",\r\n        \"2017-05-01\",\r\n        \"2017-03-01\",\r\n        \"2016-09-01\",\r\n        \"2016-07-01\",\r\n        \"2016-06-01\",\r\n        \"2016-02-01\",\r\n        \"2015-11-01\",\r\n        \"2015-01-01\",\r\n        \"2014-04-01-preview\"\r\n      ]\r\n    },\r\n    {\r\n      \"resourceType\": \"subscriptions/tagNames/tagValues\",\r\n      \"locations\": [],\r\n      \"apiVersions\": [\r\n        \"2018-11-01\",\r\n        \"2018-09-01\",\r\n        \"2018-08-01\",\r\n        \"2018-07-01\",\r\n        \"2018-05-01\",\r\n        \"2018-02-01\",\r\n        \"2018-01-01\",\r\n        \"2017-08-01\",\r\n        \"2017-06-01\",\r\n        \"2017-05-10\",\r\n        \"2017-05-01\",\r\n        \"2017-03-01\",\r\n        \"2016-09-01\",\r\n        \"2016-07-01\",\r\n        \"2016-06-01\",\r\n        \"2016-02-01\",\r\n        \"2015-11-01\",\r\n        \"2015-01-01\",\r\n        \"2014-04-01-preview\"\r\n      ]\r\n    },\r\n    {\r\n      \"resourceType\": \"deployments\",\r\n      \"locations\": [],\r\n      \"apiVersions\": [\r\n        \"2018-11-01\",\r\n        \"2018-09-01\",\r\n        \"2018-08-01\",\r\n        \"2018-07-01\",\r\n        \"2018-05-01\",\r\n        \"2018-02-01\",\r\n        \"2018-01-01\",\r\n        \"2017-08-01\",\r\n        \"2017-06-01\",\r\n        \"2017-05-10\",\r\n        \"2017-05-01\",\r\n        \"2017-03-01\",\r\n        \"2016-09-01\",\r\n        \"2016-07-01\",\r\n        \"2016-06-01\",\r\n        \"2016-02-01\",\r\n        \"2015-11-01\",\r\n        \"2015-01-01\",\r\n        \"2014-04-01-preview\"\r\n      ]\r\n    },\r\n    {\r\n      \"resourceType\": \"deployments/operations\",\r\n      \"locations\": [],\r\n      \"apiVersions\": [\r\n        \"2018-11-01\",\r\n        \"2018-09-01\",\r\n        \"2018-08-01\",\r\n        \"2018-07-01\",\r\n        \"2018-05-01\",\r\n        \"2018-02-01\",\r\n        \"2018-01-01\",\r\n        \"2017-08-01\",\r\n        \"2017-06-01\",\r\n        \"2017-05-10\",\r\n        \"2017-05-01\",\r\n        \"2017-03-01\",\r\n        \"2016-09-01\",\r\n        \"2016-07-01\",\r\n        \"2016-06-01\",\r\n        \"2016-02-01\",\r\n        \"2015-11-01\",\r\n        \"2015-01-01\",\r\n        \"2014-04-01-preview\"\r\n      ]\r\n    },\r\n    {\r\n      \"resourceType\": \"links\",\r\n      \"locations\": [],\r\n      \"apiVersions\": [\r\n        \"2018-11-01\",\r\n        \"2018-09-01\",\r\n        \"2018-08-01\",\r\n        \"2018-07-01\",\r\n        \"2018-05-01\",\r\n        \"2018-02-01\",\r\n        \"2018-01-01\",\r\n        \"2017-08-01\",\r\n        \"2017-06-01\",\r\n        \"2017-05-10\",\r\n        \"2017-05-01\",\r\n        \"2017-03-01\",\r\n        \"2016-09-01\",\r\n        \"2016-07-01\",\r\n        \"2016-06-01\",\r\n        \"2016-02-01\",\r\n        \"2015-11-01\",\r\n        \"2015-01-01\",\r\n        \"2014-04-01-preview\"\r\n      ]\r\n    },\r\n    {\r\n      \"resourceType\": \"operations\",\r\n      \"locations\": [],\r\n      \"apiVersions\": [\r\n        \"2015-01-01\"\r\n      ]\r\n    }\r\n  ],\r\n  \"registrationState\": \"Registered\"\r\n}",
      "StatusCode": 200
    },
    {
      "RequestUri": "/subscriptions/47f4bc68-6fe4-43a2-be8b-dfd0e290efa2/resourcegroups/ps6303?api-version=2016-09-01",
      "EncodedRequestUri": "L3N1YnNjcmlwdGlvbnMvNDdmNGJjNjgtNmZlNC00M2EyLWJlOGItZGZkMGUyOTBlZmEyL3Jlc291cmNlZ3JvdXBzL3BzNjMwMz9hcGktdmVyc2lvbj0yMDE2LTA5LTAx",
      "RequestMethod": "PUT",
      "RequestBody": "{\r\n  \"location\": \"West US\"\r\n}",
      "RequestHeaders": {
        "x-ms-client-request-id": [
          "bde9e191-83db-4665-abb9-2fa458c94919"
        ],
        "Accept-Language": [
          "en-US"
        ],
        "User-Agent": [
          "FxVersion/4.6.27317.03",
          "OSName/Windows",
          "OSVersion/Microsoft.Windows.10.0.17763.",
          "Microsoft.Azure.Management.Internal.Resources.ResourceManagementClient/1.1.18"
        ],
        "Content-Type": [
          "application/json; charset=utf-8"
        ],
        "Content-Length": [
          "29"
        ]
      },
      "ResponseHeaders": {
        "Cache-Control": [
          "no-cache"
        ],
        "Pragma": [
          "no-cache"
        ],
        "x-ms-ratelimit-remaining-subscription-writes": [
          "1199"
        ],
        "x-ms-request-id": [
          "7c1b1918-6bb9-4a2c-9300-fdbe9fb01c89"
        ],
        "x-ms-correlation-request-id": [
          "7c1b1918-6bb9-4a2c-9300-fdbe9fb01c89"
        ],
        "x-ms-routing-request-id": [
          "WESTCENTRALUS:20190327T185748Z:7c1b1918-6bb9-4a2c-9300-fdbe9fb01c89"
        ],
        "Strict-Transport-Security": [
          "max-age=31536000; includeSubDomains"
        ],
        "X-Content-Type-Options": [
          "nosniff"
        ],
        "Date": [
          "Wed, 27 Mar 2019 18:57:48 GMT"
        ],
        "Content-Length": [
          "165"
        ],
        "Content-Type": [
          "application/json; charset=utf-8"
        ],
        "Expires": [
          "-1"
        ]
      },
      "ResponseBody": "{\r\n  \"id\": \"/subscriptions/47f4bc68-6fe4-43a2-be8b-dfd0e290efa2/resourceGroups/ps6303\",\r\n  \"name\": \"ps6303\",\r\n  \"location\": \"westus\",\r\n  \"properties\": {\r\n    \"provisioningState\": \"Succeeded\"\r\n  }\r\n}",
      "StatusCode": 201
    },
    {
      "RequestUri": "/subscriptions/47f4bc68-6fe4-43a2-be8b-dfd0e290efa2/resourceGroups/ps6303/providers/Microsoft.Network/frontDoors?api-version=2019-04-01",
      "EncodedRequestUri": "L3N1YnNjcmlwdGlvbnMvNDdmNGJjNjgtNmZlNC00M2EyLWJlOGItZGZkMGUyOTBlZmEyL3Jlc291cmNlR3JvdXBzL3BzNjMwMy9wcm92aWRlcnMvTWljcm9zb2Z0Lk5ldHdvcmsvZnJvbnREb29ycz9hcGktdmVyc2lvbj0yMDE5LTA0LTAx",
      "RequestMethod": "GET",
      "RequestBody": "",
      "RequestHeaders": {
        "x-ms-client-request-id": [
          "1cfc77c2-a40b-4a93-b2ad-85999ecee86c"
        ],
        "Accept-Language": [
          "en-US"
        ],
        "User-Agent": [
          "FxVersion/4.6.27317.03",
          "OSName/Windows",
          "OSVersion/Microsoft.Windows.10.0.17763.",
          "Microsoft.Azure.Management.FrontDoor.FrontDoorManagementClient/0.13.0.0"
        ]
      },
      "ResponseHeaders": {
        "Cache-Control": [
          "no-cache"
        ],
        "Pragma": [
          "no-cache"
        ],
        "x-ms-request-id": [
          "0a43297f-c66b-430b-8364-d8bc68e9a24e"
        ],
        "x-ms-client-request-id": [
          "1cfc77c2-a40b-4a93-b2ad-85999ecee86c"
        ],
        "OData-Version": [
          "4.0"
        ],
        "Strict-Transport-Security": [
          "max-age=31536000; includeSubDomains"
        ],
        "Server": [
          "Microsoft-IIS/8.5"
        ],
        "X-AspNet-Version": [
          "4.0.30319"
        ],
        "X-Powered-By": [
          "ASP.NET"
        ],
        "x-ms-ratelimit-remaining-subscription-reads": [
          "11999"
        ],
        "x-ms-correlation-request-id": [
          "5f89f45c-ad1b-4255-b55c-8b5b55bed19d"
        ],
        "x-ms-routing-request-id": [
          "WESTCENTRALUS:20190327T185749Z:5f89f45c-ad1b-4255-b55c-8b5b55bed19d"
        ],
        "X-Content-Type-Options": [
          "nosniff"
        ],
        "Date": [
          "Wed, 27 Mar 2019 18:57:49 GMT"
        ],
        "Content-Length": [
          "28"
        ],
        "Content-Type": [
          "application/json; odata.metadata=minimal; odata.streaming=true"
        ],
        "Expires": [
          "-1"
        ]
      },
      "ResponseBody": "{\r\n  \"value\": []\r\n}",
      "StatusCode": 200
    },
    {
      "RequestUri": "/subscriptions/47f4bc68-6fe4-43a2-be8b-dfd0e290efa2/resourceGroups/ps6303/providers/Microsoft.Network/frontDoors?api-version=2019-04-01",
      "EncodedRequestUri": "L3N1YnNjcmlwdGlvbnMvNDdmNGJjNjgtNmZlNC00M2EyLWJlOGItZGZkMGUyOTBlZmEyL3Jlc291cmNlR3JvdXBzL3BzNjMwMy9wcm92aWRlcnMvTWljcm9zb2Z0Lk5ldHdvcmsvZnJvbnREb29ycz9hcGktdmVyc2lvbj0yMDE5LTA0LTAx",
      "RequestMethod": "GET",
      "RequestBody": "",
      "RequestHeaders": {
        "x-ms-client-request-id": [
          "6b23096c-16b2-4f6e-b960-616a1b077035"
        ],
        "Accept-Language": [
          "en-US"
        ],
        "User-Agent": [
          "FxVersion/4.6.27317.03",
          "OSName/Windows",
          "OSVersion/Microsoft.Windows.10.0.17763.",
          "Microsoft.Azure.Management.FrontDoor.FrontDoorManagementClient/0.13.0.0"
        ]
      },
      "ResponseHeaders": {
        "Cache-Control": [
          "no-cache"
        ],
        "Pragma": [
          "no-cache"
        ],
        "x-ms-request-id": [
          "4d8f2806-c862-4779-8d49-48c99ec7c148"
        ],
        "x-ms-client-request-id": [
          "6b23096c-16b2-4f6e-b960-616a1b077035"
        ],
        "OData-Version": [
          "4.0"
        ],
        "Strict-Transport-Security": [
          "max-age=31536000; includeSubDomains"
        ],
        "Server": [
          "Microsoft-IIS/8.5"
        ],
        "X-AspNet-Version": [
          "4.0.30319"
        ],
        "X-Powered-By": [
          "ASP.NET"
        ],
        "x-ms-ratelimit-remaining-subscription-reads": [
          "11995"
        ],
        "x-ms-correlation-request-id": [
          "9d8de333-b17b-4f92-8b6c-ab6c9e909d57"
        ],
        "x-ms-routing-request-id": [
          "WESTCENTRALUS:20190327T185804Z:9d8de333-b17b-4f92-8b6c-ab6c9e909d57"
        ],
        "X-Content-Type-Options": [
          "nosniff"
        ],
        "Date": [
          "Wed, 27 Mar 2019 18:58:03 GMT"
        ],
        "Content-Length": [
          "4267"
        ],
        "Content-Type": [
          "application/json; odata.metadata=minimal; odata.streaming=true"
        ],
        "Expires": [
          "-1"
        ]
      },
      "ResponseBody": "{\r\n  \"value\": [\r\n    {\r\n      \"name\": \"ps8251\",\r\n      \"id\": \"/subscriptions/47f4bc68-6fe4-43a2-be8b-dfd0e290efa2/resourcegroups/ps6303/providers/Microsoft.Network/frontdoors/ps8251\",\r\n      \"type\": \"Microsoft.Network/frontdoors\",\r\n      \"tags\": {\r\n        \"tag1\": \"value1\",\r\n        \"tag2\": \"value2\"\r\n      },\r\n      \"location\": \"Global\",\r\n      \"properties\": {\r\n        \"provisioningState\": \"Succeeded\",\r\n        \"resourceState\": \"Enabled\",\r\n        \"backendPools\": [\r\n          {\r\n            \"id\": \"/subscriptions/47f4bc68-6fe4-43a2-be8b-dfd0e290efa2/resourcegroups/ps6303/providers/Microsoft.Network/Frontdoors/ps8251/BackendPools/backendpool1\",\r\n            \"name\": \"backendpool1\",\r\n            \"type\": \"Microsoft.Network/Frontdoors/BackendPools\",\r\n            \"properties\": {\r\n              \"backends\": [\r\n                {\r\n                  \"address\": \"contoso1.azurewebsites.net\",\r\n                  \"httpPort\": 80,\r\n                  \"httpsPort\": 443,\r\n                  \"priority\": 1,\r\n                  \"weight\": 50,\r\n                  \"backendHostHeader\": \"contoso1.azurewebsites.net\",\r\n                  \"enabledState\": \"Enabled\"\r\n                }\r\n              ],\r\n              \"healthProbeSettings\": {\r\n                \"id\": \"/subscriptions/47f4bc68-6fe4-43a2-be8b-dfd0e290efa2/resourceGroups/ps6303/providers/Microsoft.Network/frontDoors/ps8251/HealthProbeSettings/healthProbeSetting1\"\r\n              },\r\n              \"loadBalancingSettings\": {\r\n                \"id\": \"/subscriptions/47f4bc68-6fe4-43a2-be8b-dfd0e290efa2/resourceGroups/ps6303/providers/Microsoft.Network/frontDoors/ps8251/LoadBalancingSettings/loadBalancingSetting1\"\r\n              },\r\n              \"resourceState\": \"Enabled\"\r\n            }\r\n          }\r\n        ],\r\n        \"healthProbeSettings\": [\r\n          {\r\n            \"id\": \"/subscriptions/47f4bc68-6fe4-43a2-be8b-dfd0e290efa2/resourcegroups/ps6303/providers/Microsoft.Network/Frontdoors/ps8251/HealthProbeSettings/healthProbeSetting1\",\r\n            \"name\": \"healthProbeSetting1\",\r\n            \"type\": \"Microsoft.Network/Frontdoors/HealthProbeSettings\",\r\n            \"properties\": {\r\n              \"intervalInSeconds\": 30,\r\n              \"path\": \"/\",\r\n              \"protocol\": \"Http\",\r\n              \"resourceState\": \"Enabled\"\r\n            }\r\n          }\r\n        ],\r\n        \"frontendEndpoints\": [\r\n          {\r\n            \"id\": \"/subscriptions/47f4bc68-6fe4-43a2-be8b-dfd0e290efa2/resourcegroups/ps6303/providers/Microsoft.Network/Frontdoors/ps8251/FrontendEndpoints/frontendendpoint1\",\r\n            \"name\": \"frontendendpoint1\",\r\n            \"type\": \"Microsoft.Network/Frontdoors/FrontendEndpoints\",\r\n            \"properties\": {\r\n              \"hostName\": \"ps8251.azurefd.net\",\r\n              \"sessionAffinityEnabledState\": \"Disabled\",\r\n              \"sessionAffinityTtlSeconds\": 0,\r\n              \"webApplicationFirewallPolicyLink\": null,\r\n              \"customHttpsProvisioningState\": null,\r\n              \"customHttpsProvisioningSubstate\": null,\r\n              \"customHttpsConfiguration\": null,\r\n              \"resourceState\": \"Enabled\"\r\n            }\r\n          }\r\n        ],\r\n        \"loadBalancingSettings\": [\r\n          {\r\n            \"id\": \"/subscriptions/47f4bc68-6fe4-43a2-be8b-dfd0e290efa2/resourcegroups/ps6303/providers/Microsoft.Network/Frontdoors/ps8251/LoadBalancingSettings/loadbalancingsetting1\",\r\n            \"name\": \"loadbalancingsetting1\",\r\n            \"type\": \"Microsoft.Network/Frontdoors/LoadBalancingSettings\",\r\n            \"properties\": {\r\n              \"additionalLatencyMilliseconds\": 0,\r\n              \"sampleSize\": 4,\r\n              \"successfulSamplesRequired\": 2,\r\n              \"resourceState\": \"Enabled\"\r\n            }\r\n          }\r\n        ],\r\n        \"routingRules\": [\r\n          {\r\n            \"id\": \"/subscriptions/47f4bc68-6fe4-43a2-be8b-dfd0e290efa2/resourcegroups/ps6303/providers/Microsoft.Network/Frontdoors/ps8251/RoutingRules/routingrule1\",\r\n            \"name\": \"routingrule1\",\r\n            \"type\": \"Microsoft.Network/Frontdoors/RoutingRules\",\r\n            \"properties\": {\r\n              \"frontendEndpoints\": [\r\n                {\r\n                  \"id\": \"/subscriptions/47f4bc68-6fe4-43a2-be8b-dfd0e290efa2/resourceGroups/ps6303/providers/Microsoft.Network/frontDoors/ps8251/FrontendEndpoints/frontendEndpoint1\"\r\n                }\r\n              ],\r\n              \"acceptedProtocols\": [\r\n                \"Http\",\r\n                \"Https\"\r\n              ],\r\n              \"patternsToMatch\": [\r\n                \"/*\"\r\n              ],\r\n              \"enabledState\": \"Enabled\",\r\n              \"resourceState\": \"Enabled\",\r\n              \"routeConfiguration\": {\r\n                \"@odata.type\": \"#Microsoft.Azure.FrontDoor.Models.FrontdoorRedirectConfiguration\",\r\n                \"customFragment\": null,\r\n                \"customHost\": \"contoso2\",\r\n                \"customPath\": \"\",\r\n                \"redirectProtocol\": \"MatchRequest\",\r\n                \"customQueryString\": null,\r\n                \"redirectType\": \"Moved\"\r\n              }\r\n            }\r\n          }\r\n        ],\r\n        \"backendPoolsSettings\": {\r\n          \"enforceCertificateNameCheck\": null\r\n        },\r\n        \"enabledState\": \"Enabled\",\r\n        \"cName\": \"ps8251.azurefd.net\",\r\n        \"friendlyName\": \"ps8251\"\r\n      }\r\n    }\r\n  ]\r\n}",
      "StatusCode": 200
    },
    {
      "RequestUri": "/subscriptions/47f4bc68-6fe4-43a2-be8b-dfd0e290efa2/resourceGroups/ps6303/providers/Microsoft.Network/frontDoors?api-version=2019-04-01",
      "EncodedRequestUri": "L3N1YnNjcmlwdGlvbnMvNDdmNGJjNjgtNmZlNC00M2EyLWJlOGItZGZkMGUyOTBlZmEyL3Jlc291cmNlR3JvdXBzL3BzNjMwMy9wcm92aWRlcnMvTWljcm9zb2Z0Lk5ldHdvcmsvZnJvbnREb29ycz9hcGktdmVyc2lvbj0yMDE5LTA0LTAx",
      "RequestMethod": "GET",
      "RequestBody": "",
      "RequestHeaders": {
        "x-ms-client-request-id": [
          "1bc58401-99e6-4154-9cbb-becc97fedad9"
        ],
        "Accept-Language": [
          "en-US"
        ],
        "User-Agent": [
          "FxVersion/4.6.27317.03",
          "OSName/Windows",
          "OSVersion/Microsoft.Windows.10.0.17763.",
          "Microsoft.Azure.Management.FrontDoor.FrontDoorManagementClient/0.13.0.0"
        ]
      },
      "ResponseHeaders": {
        "Cache-Control": [
          "no-cache"
        ],
        "Pragma": [
          "no-cache"
        ],
        "x-ms-request-id": [
          "a40e0cc2-58f7-40ce-9783-cab070900315"
        ],
        "x-ms-client-request-id": [
          "1bc58401-99e6-4154-9cbb-becc97fedad9"
        ],
        "OData-Version": [
          "4.0"
        ],
        "Strict-Transport-Security": [
          "max-age=31536000; includeSubDomains"
        ],
        "Server": [
          "Microsoft-IIS/8.5"
        ],
        "X-AspNet-Version": [
          "4.0.30319"
        ],
        "X-Powered-By": [
          "ASP.NET"
        ],
        "x-ms-ratelimit-remaining-subscription-reads": [
          "11992"
        ],
        "x-ms-correlation-request-id": [
          "f7644c99-3f3e-4560-a22c-42cf8b31716b"
        ],
        "x-ms-routing-request-id": [
          "WESTCENTRALUS:20190327T185816Z:f7644c99-3f3e-4560-a22c-42cf8b31716b"
        ],
        "X-Content-Type-Options": [
          "nosniff"
        ],
        "Date": [
          "Wed, 27 Mar 2019 18:58:16 GMT"
        ],
        "Content-Length": [
          "4272"
        ],
        "Content-Type": [
          "application/json; odata.metadata=minimal; odata.streaming=true"
        ],
        "Expires": [
          "-1"
        ]
      },
      "ResponseBody": "{\r\n  \"value\": [\r\n    {\r\n      \"name\": \"ps8251\",\r\n      \"id\": \"/subscriptions/47f4bc68-6fe4-43a2-be8b-dfd0e290efa2/resourcegroups/ps6303/providers/Microsoft.Network/frontdoors/ps8251\",\r\n      \"type\": \"Microsoft.Network/frontdoors\",\r\n      \"tags\": {\r\n        \"tag1\": \"value1\",\r\n        \"tag2\": \"value2\"\r\n      },\r\n      \"location\": \"Global\",\r\n      \"properties\": {\r\n        \"provisioningState\": \"Succeeded\",\r\n        \"resourceState\": \"Enabled\",\r\n        \"backendPools\": [\r\n          {\r\n            \"id\": \"/subscriptions/47f4bc68-6fe4-43a2-be8b-dfd0e290efa2/resourcegroups/ps6303/providers/Microsoft.Network/Frontdoors/ps8251/BackendPools/backendpool1\",\r\n            \"name\": \"backendpool1\",\r\n            \"type\": \"Microsoft.Network/Frontdoors/BackendPools\",\r\n            \"properties\": {\r\n              \"backends\": [\r\n                {\r\n                  \"address\": \"contoso1.azurewebsites.net\",\r\n                  \"httpPort\": 80,\r\n                  \"httpsPort\": 443,\r\n                  \"priority\": 1,\r\n                  \"weight\": 50,\r\n                  \"backendHostHeader\": \"contoso1.azurewebsites.net\",\r\n                  \"enabledState\": \"Enabled\"\r\n                }\r\n              ],\r\n              \"healthProbeSettings\": {\r\n                \"id\": \"/subscriptions/47f4bc68-6fe4-43a2-be8b-dfd0e290efa2/resourceGroups/ps6303/providers/Microsoft.Network/frontDoors/ps8251/HealthProbeSettings/healthProbeSetting1\"\r\n              },\r\n              \"loadBalancingSettings\": {\r\n                \"id\": \"/subscriptions/47f4bc68-6fe4-43a2-be8b-dfd0e290efa2/resourceGroups/ps6303/providers/Microsoft.Network/frontDoors/ps8251/LoadBalancingSettings/loadBalancingSetting1\"\r\n              },\r\n              \"resourceState\": \"Enabled\"\r\n            }\r\n          }\r\n        ],\r\n        \"healthProbeSettings\": [\r\n          {\r\n            \"id\": \"/subscriptions/47f4bc68-6fe4-43a2-be8b-dfd0e290efa2/resourcegroups/ps6303/providers/Microsoft.Network/Frontdoors/ps8251/HealthProbeSettings/healthProbeSetting1\",\r\n            \"name\": \"healthProbeSetting1\",\r\n            \"type\": \"Microsoft.Network/Frontdoors/HealthProbeSettings\",\r\n            \"properties\": {\r\n              \"intervalInSeconds\": 30,\r\n              \"path\": \"/\",\r\n              \"protocol\": \"Http\",\r\n              \"resourceState\": \"Enabled\"\r\n            }\r\n          }\r\n        ],\r\n        \"frontendEndpoints\": [\r\n          {\r\n            \"id\": \"/subscriptions/47f4bc68-6fe4-43a2-be8b-dfd0e290efa2/resourcegroups/ps6303/providers/Microsoft.Network/Frontdoors/ps8251/FrontendEndpoints/frontendendpoint1\",\r\n            \"name\": \"frontendendpoint1\",\r\n            \"type\": \"Microsoft.Network/Frontdoors/FrontendEndpoints\",\r\n            \"properties\": {\r\n              \"hostName\": \"ps8251.azurefd.net\",\r\n              \"sessionAffinityEnabledState\": \"Disabled\",\r\n              \"sessionAffinityTtlSeconds\": 0,\r\n              \"webApplicationFirewallPolicyLink\": null,\r\n              \"customHttpsProvisioningState\": null,\r\n              \"customHttpsProvisioningSubstate\": null,\r\n              \"customHttpsConfiguration\": null,\r\n              \"resourceState\": \"Enabled\"\r\n            }\r\n          }\r\n        ],\r\n        \"loadBalancingSettings\": [\r\n          {\r\n            \"id\": \"/subscriptions/47f4bc68-6fe4-43a2-be8b-dfd0e290efa2/resourcegroups/ps6303/providers/Microsoft.Network/Frontdoors/ps8251/LoadBalancingSettings/loadbalancingsetting1\",\r\n            \"name\": \"loadbalancingsetting1\",\r\n            \"type\": \"Microsoft.Network/Frontdoors/LoadBalancingSettings\",\r\n            \"properties\": {\r\n              \"additionalLatencyMilliseconds\": 0,\r\n              \"sampleSize\": 4,\r\n              \"successfulSamplesRequired\": 2,\r\n              \"resourceState\": \"Enabled\"\r\n            }\r\n          }\r\n        ],\r\n        \"routingRules\": [\r\n          {\r\n            \"id\": \"/subscriptions/47f4bc68-6fe4-43a2-be8b-dfd0e290efa2/resourcegroups/ps6303/providers/Microsoft.Network/Frontdoors/ps8251/RoutingRules/routingrule1\",\r\n            \"name\": \"routingrule1\",\r\n            \"type\": \"Microsoft.Network/Frontdoors/RoutingRules\",\r\n            \"properties\": {\r\n              \"frontendEndpoints\": [\r\n                {\r\n                  \"id\": \"/subscriptions/47f4bc68-6fe4-43a2-be8b-dfd0e290efa2/resourceGroups/ps6303/providers/Microsoft.Network/frontDoors/ps8251/FrontendEndpoints/frontendEndpoint1\"\r\n                }\r\n              ],\r\n              \"acceptedProtocols\": [\r\n                \"Http\",\r\n                \"Https\"\r\n              ],\r\n              \"patternsToMatch\": [\r\n                \"/*\"\r\n              ],\r\n              \"enabledState\": \"Enabled\",\r\n              \"resourceState\": \"Enabled\",\r\n              \"routeConfiguration\": {\r\n                \"@odata.type\": \"#Microsoft.Azure.FrontDoor.Models.FrontdoorRedirectConfiguration\",\r\n                \"customFragment\": null,\r\n                \"customHost\": \"contoso2\",\r\n                \"customPath\": \"/test\",\r\n                \"redirectProtocol\": \"MatchRequest\",\r\n                \"customQueryString\": null,\r\n                \"redirectType\": \"Moved\"\r\n              }\r\n            }\r\n          }\r\n        ],\r\n        \"backendPoolsSettings\": {\r\n          \"enforceCertificateNameCheck\": null\r\n        },\r\n        \"enabledState\": \"Enabled\",\r\n        \"cName\": \"ps8251.azurefd.net\",\r\n        \"friendlyName\": \"ps8251\"\r\n      }\r\n    }\r\n  ]\r\n}",
      "StatusCode": 200
    },
    {
      "RequestUri": "/subscriptions/47f4bc68-6fe4-43a2-be8b-dfd0e290efa2/resourceGroups/ps6303/providers/Microsoft.Network/frontDoors?api-version=2019-04-01",
      "EncodedRequestUri": "L3N1YnNjcmlwdGlvbnMvNDdmNGJjNjgtNmZlNC00M2EyLWJlOGItZGZkMGUyOTBlZmEyL3Jlc291cmNlR3JvdXBzL3BzNjMwMy9wcm92aWRlcnMvTWljcm9zb2Z0Lk5ldHdvcmsvZnJvbnREb29ycz9hcGktdmVyc2lvbj0yMDE5LTA0LTAx",
      "RequestMethod": "GET",
      "RequestBody": "",
      "RequestHeaders": {
        "x-ms-client-request-id": [
          "f1d9014a-6305-466e-920d-1d47bd57cad4"
        ],
        "Accept-Language": [
          "en-US"
        ],
        "User-Agent": [
          "FxVersion/4.6.27317.03",
          "OSName/Windows",
          "OSVersion/Microsoft.Windows.10.0.17763.",
          "Microsoft.Azure.Management.FrontDoor.FrontDoorManagementClient/0.13.0.0"
        ]
      },
      "ResponseHeaders": {
        "Cache-Control": [
          "no-cache"
        ],
        "Pragma": [
          "no-cache"
        ],
        "x-ms-request-id": [
          "6ef8454e-d563-42af-9057-16ed66b51e49"
        ],
        "x-ms-client-request-id": [
          "f1d9014a-6305-466e-920d-1d47bd57cad4"
        ],
        "OData-Version": [
          "4.0"
        ],
        "Strict-Transport-Security": [
          "max-age=31536000; includeSubDomains"
        ],
        "Server": [
          "Microsoft-IIS/8.5"
        ],
        "X-AspNet-Version": [
          "4.0.30319"
        ],
        "X-Powered-By": [
          "ASP.NET"
        ],
        "x-ms-ratelimit-remaining-subscription-reads": [
          "11989"
        ],
        "x-ms-correlation-request-id": [
          "abfe64bc-adfe-46b6-8026-d20a1dc7d68f"
        ],
        "x-ms-routing-request-id": [
          "WESTCENTRALUS:20190327T185828Z:abfe64bc-adfe-46b6-8026-d20a1dc7d68f"
        ],
        "X-Content-Type-Options": [
          "nosniff"
        ],
        "Date": [
          "Wed, 27 Mar 2019 18:58:28 GMT"
        ],
        "Content-Length": [
          "4272"
        ],
        "Content-Type": [
          "application/json; odata.metadata=minimal; odata.streaming=true"
        ],
        "Expires": [
          "-1"
        ]
      },
      "ResponseBody": "{\r\n  \"value\": [\r\n    {\r\n      \"name\": \"ps8251\",\r\n      \"id\": \"/subscriptions/47f4bc68-6fe4-43a2-be8b-dfd0e290efa2/resourcegroups/ps6303/providers/Microsoft.Network/frontdoors/ps8251\",\r\n      \"type\": \"Microsoft.Network/frontdoors\",\r\n      \"tags\": {\r\n        \"tag1\": \"value1\",\r\n        \"tag2\": \"value2\"\r\n      },\r\n      \"location\": \"Global\",\r\n      \"properties\": {\r\n        \"provisioningState\": \"Succeeded\",\r\n        \"resourceState\": \"Enabled\",\r\n        \"backendPools\": [\r\n          {\r\n            \"id\": \"/subscriptions/47f4bc68-6fe4-43a2-be8b-dfd0e290efa2/resourcegroups/ps6303/providers/Microsoft.Network/Frontdoors/ps8251/BackendPools/backendpool1\",\r\n            \"name\": \"backendpool1\",\r\n            \"type\": \"Microsoft.Network/Frontdoors/BackendPools\",\r\n            \"properties\": {\r\n              \"backends\": [\r\n                {\r\n                  \"address\": \"contoso1.azurewebsites.net\",\r\n                  \"httpPort\": 80,\r\n                  \"httpsPort\": 443,\r\n                  \"priority\": 1,\r\n                  \"weight\": 50,\r\n                  \"backendHostHeader\": \"contoso1.azurewebsites.net\",\r\n                  \"enabledState\": \"Enabled\"\r\n                }\r\n              ],\r\n              \"healthProbeSettings\": {\r\n                \"id\": \"/subscriptions/47f4bc68-6fe4-43a2-be8b-dfd0e290efa2/resourceGroups/ps6303/providers/Microsoft.Network/frontDoors/ps8251/HealthProbeSettings/healthProbeSetting1\"\r\n              },\r\n              \"loadBalancingSettings\": {\r\n                \"id\": \"/subscriptions/47f4bc68-6fe4-43a2-be8b-dfd0e290efa2/resourceGroups/ps6303/providers/Microsoft.Network/frontDoors/ps8251/LoadBalancingSettings/loadBalancingSetting1\"\r\n              },\r\n              \"resourceState\": \"Enabled\"\r\n            }\r\n          }\r\n        ],\r\n        \"healthProbeSettings\": [\r\n          {\r\n            \"id\": \"/subscriptions/47f4bc68-6fe4-43a2-be8b-dfd0e290efa2/resourcegroups/ps6303/providers/Microsoft.Network/Frontdoors/ps8251/HealthProbeSettings/healthProbeSetting1\",\r\n            \"name\": \"healthProbeSetting1\",\r\n            \"type\": \"Microsoft.Network/Frontdoors/HealthProbeSettings\",\r\n            \"properties\": {\r\n              \"intervalInSeconds\": 30,\r\n              \"path\": \"/\",\r\n              \"protocol\": \"Http\",\r\n              \"resourceState\": \"Enabled\"\r\n            }\r\n          }\r\n        ],\r\n        \"frontendEndpoints\": [\r\n          {\r\n            \"id\": \"/subscriptions/47f4bc68-6fe4-43a2-be8b-dfd0e290efa2/resourcegroups/ps6303/providers/Microsoft.Network/Frontdoors/ps8251/FrontendEndpoints/frontendendpoint1\",\r\n            \"name\": \"frontendendpoint1\",\r\n            \"type\": \"Microsoft.Network/Frontdoors/FrontendEndpoints\",\r\n            \"properties\": {\r\n              \"hostName\": \"ps8251.azurefd.net\",\r\n              \"sessionAffinityEnabledState\": \"Disabled\",\r\n              \"sessionAffinityTtlSeconds\": 0,\r\n              \"webApplicationFirewallPolicyLink\": null,\r\n              \"customHttpsProvisioningState\": null,\r\n              \"customHttpsProvisioningSubstate\": null,\r\n              \"customHttpsConfiguration\": null,\r\n              \"resourceState\": \"Enabled\"\r\n            }\r\n          }\r\n        ],\r\n        \"loadBalancingSettings\": [\r\n          {\r\n            \"id\": \"/subscriptions/47f4bc68-6fe4-43a2-be8b-dfd0e290efa2/resourcegroups/ps6303/providers/Microsoft.Network/Frontdoors/ps8251/LoadBalancingSettings/loadbalancingsetting1\",\r\n            \"name\": \"loadbalancingsetting1\",\r\n            \"type\": \"Microsoft.Network/Frontdoors/LoadBalancingSettings\",\r\n            \"properties\": {\r\n              \"additionalLatencyMilliseconds\": 0,\r\n              \"sampleSize\": 4,\r\n              \"successfulSamplesRequired\": 2,\r\n              \"resourceState\": \"Enabled\"\r\n            }\r\n          }\r\n        ],\r\n        \"routingRules\": [\r\n          {\r\n            \"id\": \"/subscriptions/47f4bc68-6fe4-43a2-be8b-dfd0e290efa2/resourcegroups/ps6303/providers/Microsoft.Network/Frontdoors/ps8251/RoutingRules/routingrule1\",\r\n            \"name\": \"routingrule1\",\r\n            \"type\": \"Microsoft.Network/Frontdoors/RoutingRules\",\r\n            \"properties\": {\r\n              \"frontendEndpoints\": [\r\n                {\r\n                  \"id\": \"/subscriptions/47f4bc68-6fe4-43a2-be8b-dfd0e290efa2/resourceGroups/ps6303/providers/Microsoft.Network/frontDoors/ps8251/FrontendEndpoints/frontendEndpoint1\"\r\n                }\r\n              ],\r\n              \"acceptedProtocols\": [\r\n                \"Http\",\r\n                \"Https\"\r\n              ],\r\n              \"patternsToMatch\": [\r\n                \"/*\"\r\n              ],\r\n              \"enabledState\": \"Enabled\",\r\n              \"resourceState\": \"Enabled\",\r\n              \"routeConfiguration\": {\r\n                \"@odata.type\": \"#Microsoft.Azure.FrontDoor.Models.FrontdoorRedirectConfiguration\",\r\n                \"customFragment\": null,\r\n                \"customHost\": \"contoso2\",\r\n                \"customPath\": \"/test\",\r\n                \"redirectProtocol\": \"MatchRequest\",\r\n                \"customQueryString\": null,\r\n                \"redirectType\": \"Moved\"\r\n              }\r\n            }\r\n          }\r\n        ],\r\n        \"backendPoolsSettings\": {\r\n          \"enforceCertificateNameCheck\": null\r\n        },\r\n        \"enabledState\": \"Enabled\",\r\n        \"cName\": \"ps8251.azurefd.net\",\r\n        \"friendlyName\": \"ps8251\"\r\n      }\r\n    }\r\n  ]\r\n}",
      "StatusCode": 200
    },
    {
      "RequestUri": "/subscriptions/47f4bc68-6fe4-43a2-be8b-dfd0e290efa2/resourceGroups/ps6303/providers/Microsoft.Network/frontDoors/ps8251?api-version=2019-04-01",
      "EncodedRequestUri": "L3N1YnNjcmlwdGlvbnMvNDdmNGJjNjgtNmZlNC00M2EyLWJlOGItZGZkMGUyOTBlZmEyL3Jlc291cmNlR3JvdXBzL3BzNjMwMy9wcm92aWRlcnMvTWljcm9zb2Z0Lk5ldHdvcmsvZnJvbnREb29ycy9wczgyNTE/YXBpLXZlcnNpb249MjAxOS0wNC0wMQ==",
      "RequestMethod": "PUT",
      "RequestBody": "{\r\n  \"properties\": {\r\n    \"friendlyName\": \"ps8251\",\r\n    \"routingRules\": [\r\n      {\r\n        \"properties\": {\r\n          \"frontendEndpoints\": [\r\n            {\r\n              \"id\": \"/subscriptions/47f4bc68-6fe4-43a2-be8b-dfd0e290efa2/resourceGroups/ps6303/providers/Microsoft.Network/frontDoors/ps8251/FrontendEndpoints/frontendEndpoint1\"\r\n            }\r\n          ],\r\n          \"acceptedProtocols\": [\r\n            \"Http\",\r\n            \"Https\"\r\n          ],\r\n          \"patternsToMatch\": [\r\n            \"/*\"\r\n          ],\r\n          \"enabledState\": \"Enabled\",\r\n          \"routeConfiguration\": {\r\n            \"@odata.type\": \"#Microsoft.Azure.FrontDoor.Models.FrontdoorRedirectConfiguration\",\r\n            \"redirectType\": \"Moved\",\r\n            \"redirectProtocol\": \"MatchRequest\",\r\n            \"customHost\": \"contoso2\",\r\n            \"customPath\": \"\"\r\n          }\r\n        },\r\n        \"name\": \"routingrule1\"\r\n      }\r\n    ],\r\n    \"loadBalancingSettings\": [\r\n      {\r\n        \"properties\": {\r\n          \"sampleSize\": 4,\r\n          \"successfulSamplesRequired\": 2,\r\n          \"additionalLatencyMilliseconds\": 0\r\n        },\r\n        \"name\": \"loadbalancingsetting1\"\r\n      }\r\n    ],\r\n    \"healthProbeSettings\": [\r\n      {\r\n        \"properties\": {\r\n          \"path\": \"/\",\r\n          \"protocol\": \"Http\",\r\n          \"intervalInSeconds\": 30\r\n        },\r\n        \"name\": \"healthProbeSetting1\"\r\n      }\r\n    ],\r\n    \"backendPools\": [\r\n      {\r\n        \"properties\": {\r\n          \"backends\": [\r\n            {\r\n              \"address\": \"contoso1.azurewebsites.net\",\r\n              \"httpPort\": 80,\r\n              \"httpsPort\": 443,\r\n              \"enabledState\": \"Enabled\",\r\n              \"priority\": 1,\r\n              \"weight\": 50,\r\n              \"backendHostHeader\": \"contoso1.azurewebsites.net\"\r\n            }\r\n          ],\r\n          \"loadBalancingSettings\": {\r\n            \"id\": \"/subscriptions/47f4bc68-6fe4-43a2-be8b-dfd0e290efa2/resourceGroups/ps6303/providers/Microsoft.Network/frontDoors/ps8251/LoadBalancingSettings/loadBalancingSetting1\"\r\n          },\r\n          \"healthProbeSettings\": {\r\n            \"id\": \"/subscriptions/47f4bc68-6fe4-43a2-be8b-dfd0e290efa2/resourceGroups/ps6303/providers/Microsoft.Network/frontDoors/ps8251/HealthProbeSettings/healthProbeSetting1\"\r\n          }\r\n        },\r\n        \"name\": \"backendpool1\"\r\n      }\r\n    ],\r\n    \"frontendEndpoints\": [\r\n      {\r\n        \"properties\": {\r\n          \"hostName\": \"ps8251.azurefd.net\",\r\n          \"sessionAffinityEnabledState\": \"Disabled\",\r\n          \"sessionAffinityTtlSeconds\": 0\r\n        },\r\n        \"name\": \"frontendendpoint1\"\r\n      }\r\n    ],\r\n    \"backendPoolsSettings\": {\r\n      \"enforceCertificateNameCheck\": \"Enabled\"\r\n    },\r\n    \"enabledState\": \"Enabled\"\r\n  },\r\n  \"location\": \"global\",\r\n  \"tags\": {\r\n    \"tag1\": \"value1\",\r\n    \"tag2\": \"value2\"\r\n  }\r\n}",
      "RequestHeaders": {
        "x-ms-client-request-id": [
          "38ac9590-8dd9-4a8d-97fe-f0d977e6db3b"
        ],
        "Accept-Language": [
          "en-US"
        ],
        "User-Agent": [
          "FxVersion/4.6.27317.03",
          "OSName/Windows",
          "OSVersion/Microsoft.Windows.10.0.17763.",
          "Microsoft.Azure.Management.FrontDoor.FrontDoorManagementClient/0.13.0.0"
        ],
        "Content-Type": [
          "application/json; charset=utf-8"
        ],
        "Content-Length": [
          "2817"
        ]
      },
      "ResponseHeaders": {
        "Cache-Control": [
          "no-cache"
        ],
        "Pragma": [
          "no-cache"
        ],
        "Retry-After": [
          "10"
        ],
        "x-ms-request-id": [
          "e5f20b15-8968-4979-aae6-470013d2be23"
        ],
        "x-ms-client-request-id": [
          "38ac9590-8dd9-4a8d-97fe-f0d977e6db3b"
        ],
        "Azure-AsyncOperation": [
          "https://management.azure.com/subscriptions/47f4bc68-6fe4-43a2-be8b-dfd0e290efa2/resourcegroups/ps6303/providers/Microsoft.Network/frontdooroperationresults/f727fc01-642b-40f0-aead-f498f2b12644?api-version=2019-04-01"
        ],
        "OData-Version": [
          "4.0"
        ],
        "Strict-Transport-Security": [
          "max-age=31536000; includeSubDomains"
        ],
        "Server": [
          "Microsoft-IIS/8.5"
        ],
        "X-AspNet-Version": [
          "4.0.30319"
        ],
        "X-Powered-By": [
          "ASP.NET"
        ],
        "x-ms-ratelimit-remaining-subscription-writes": [
          "1199"
        ],
        "x-ms-correlation-request-id": [
          "a1da0d14-4ca4-4247-9278-506095a4befb"
        ],
        "x-ms-routing-request-id": [
          "WESTCENTRALUS:20190327T185752Z:a1da0d14-4ca4-4247-9278-506095a4befb"
        ],
        "X-Content-Type-Options": [
          "nosniff"
        ],
        "Date": [
          "Wed, 27 Mar 2019 18:57:52 GMT"
        ],
        "Content-Length": [
          "4020"
        ],
        "Content-Type": [
          "application/json; odata.metadata=minimal"
        ],
        "Expires": [
          "-1"
        ]
      },
      "ResponseBody": "{\r\n  \"name\": \"ps8251\",\r\n  \"id\": \"/subscriptions/47f4bc68-6fe4-43a2-be8b-dfd0e290efa2/resourcegroups/ps6303/providers/Microsoft.Network/frontdoors/ps8251\",\r\n  \"type\": \"Microsoft.Network/frontdoors\",\r\n  \"tags\": {\r\n    \"tag1\": \"value1\",\r\n    \"tag2\": \"value2\"\r\n  },\r\n  \"location\": \"Global\",\r\n  \"properties\": {\r\n    \"provisioningState\": \"Creating\",\r\n    \"resourceState\": \"Creating\",\r\n    \"backendPools\": [\r\n      {\r\n        \"id\": \"/subscriptions/47f4bc68-6fe4-43a2-be8b-dfd0e290efa2/resourcegroups/ps6303/providers/Microsoft.Network/Frontdoors/ps8251/BackendPools/backendpool1\",\r\n        \"name\": \"backendpool1\",\r\n        \"type\": \"Microsoft.Network/Frontdoors/BackendPools\",\r\n        \"properties\": {\r\n          \"backends\": [\r\n            {\r\n              \"address\": \"contoso1.azurewebsites.net\",\r\n              \"httpPort\": 80,\r\n              \"httpsPort\": 443,\r\n              \"priority\": 1,\r\n              \"weight\": 50,\r\n              \"backendHostHeader\": \"contoso1.azurewebsites.net\",\r\n              \"enabledState\": \"Enabled\"\r\n            }\r\n          ],\r\n          \"healthProbeSettings\": {\r\n            \"id\": \"/subscriptions/47f4bc68-6fe4-43a2-be8b-dfd0e290efa2/resourceGroups/ps6303/providers/Microsoft.Network/frontDoors/ps8251/HealthProbeSettings/healthProbeSetting1\"\r\n          },\r\n          \"loadBalancingSettings\": {\r\n            \"id\": \"/subscriptions/47f4bc68-6fe4-43a2-be8b-dfd0e290efa2/resourceGroups/ps6303/providers/Microsoft.Network/frontDoors/ps8251/LoadBalancingSettings/loadBalancingSetting1\"\r\n          },\r\n          \"resourceState\": \"Creating\"\r\n        }\r\n      }\r\n    ],\r\n    \"healthProbeSettings\": [\r\n      {\r\n        \"id\": \"/subscriptions/47f4bc68-6fe4-43a2-be8b-dfd0e290efa2/resourcegroups/ps6303/providers/Microsoft.Network/Frontdoors/ps8251/HealthProbeSettings/healthProbeSetting1\",\r\n        \"name\": \"healthProbeSetting1\",\r\n        \"type\": \"Microsoft.Network/Frontdoors/HealthProbeSettings\",\r\n        \"properties\": {\r\n          \"intervalInSeconds\": 30,\r\n          \"path\": \"/\",\r\n          \"protocol\": \"Http\",\r\n          \"resourceState\": \"Creating\"\r\n        }\r\n      }\r\n    ],\r\n    \"frontendEndpoints\": [\r\n      {\r\n        \"id\": \"/subscriptions/47f4bc68-6fe4-43a2-be8b-dfd0e290efa2/resourcegroups/ps6303/providers/Microsoft.Network/Frontdoors/ps8251/FrontendEndpoints/frontendendpoint1\",\r\n        \"name\": \"frontendendpoint1\",\r\n        \"type\": \"Microsoft.Network/Frontdoors/FrontendEndpoints\",\r\n        \"properties\": {\r\n          \"hostName\": \"ps8251.azurefd.net\",\r\n          \"sessionAffinityEnabledState\": \"Disabled\",\r\n          \"sessionAffinityTtlSeconds\": 0,\r\n          \"webApplicationFirewallPolicyLink\": null,\r\n          \"customHttpsProvisioningState\": null,\r\n          \"customHttpsProvisioningSubstate\": null,\r\n          \"customHttpsConfiguration\": null,\r\n          \"resourceState\": \"Creating\"\r\n        }\r\n      }\r\n    ],\r\n    \"loadBalancingSettings\": [\r\n      {\r\n        \"id\": \"/subscriptions/47f4bc68-6fe4-43a2-be8b-dfd0e290efa2/resourcegroups/ps6303/providers/Microsoft.Network/Frontdoors/ps8251/LoadBalancingSettings/loadbalancingsetting1\",\r\n        \"name\": \"loadbalancingsetting1\",\r\n        \"type\": \"Microsoft.Network/Frontdoors/LoadBalancingSettings\",\r\n        \"properties\": {\r\n          \"additionalLatencyMilliseconds\": 0,\r\n          \"sampleSize\": 4,\r\n          \"successfulSamplesRequired\": 2,\r\n          \"resourceState\": \"Creating\"\r\n        }\r\n      }\r\n    ],\r\n    \"routingRules\": [\r\n      {\r\n        \"id\": \"/subscriptions/47f4bc68-6fe4-43a2-be8b-dfd0e290efa2/resourcegroups/ps6303/providers/Microsoft.Network/Frontdoors/ps8251/RoutingRules/routingrule1\",\r\n        \"name\": \"routingrule1\",\r\n        \"type\": \"Microsoft.Network/Frontdoors/RoutingRules\",\r\n        \"properties\": {\r\n          \"frontendEndpoints\": [\r\n            {\r\n              \"id\": \"/subscriptions/47f4bc68-6fe4-43a2-be8b-dfd0e290efa2/resourceGroups/ps6303/providers/Microsoft.Network/frontDoors/ps8251/FrontendEndpoints/frontendEndpoint1\"\r\n            }\r\n          ],\r\n          \"acceptedProtocols\": [\r\n            \"Http\",\r\n            \"Https\"\r\n          ],\r\n          \"patternsToMatch\": [\r\n            \"/*\"\r\n          ],\r\n          \"enabledState\": \"Enabled\",\r\n          \"resourceState\": \"Creating\",\r\n          \"routeConfiguration\": {\r\n            \"@odata.type\": \"#Microsoft.Azure.FrontDoor.Models.FrontdoorRedirectConfiguration\",\r\n            \"customFragment\": null,\r\n            \"customHost\": \"contoso2\",\r\n            \"customPath\": \"\",\r\n            \"redirectProtocol\": \"MatchRequest\",\r\n            \"customQueryString\": null,\r\n            \"redirectType\": \"Moved\"\r\n          }\r\n        }\r\n      }\r\n    ],\r\n    \"backendPoolsSettings\": {\r\n      \"enforceCertificateNameCheck\": null\r\n    },\r\n    \"enabledState\": \"Enabled\",\r\n    \"cName\": \"ps8251.azurefd.net\",\r\n    \"friendlyName\": \"ps8251\"\r\n  }\r\n}",
      "StatusCode": 201
    },
    {
      "RequestUri": "/subscriptions/47f4bc68-6fe4-43a2-be8b-dfd0e290efa2/resourceGroups/ps6303/providers/Microsoft.Network/frontDoors/ps8251?api-version=2019-04-01",
      "EncodedRequestUri": "L3N1YnNjcmlwdGlvbnMvNDdmNGJjNjgtNmZlNC00M2EyLWJlOGItZGZkMGUyOTBlZmEyL3Jlc291cmNlR3JvdXBzL3BzNjMwMy9wcm92aWRlcnMvTWljcm9zb2Z0Lk5ldHdvcmsvZnJvbnREb29ycy9wczgyNTE/YXBpLXZlcnNpb249MjAxOS0wNC0wMQ==",
      "RequestMethod": "PUT",
      "RequestBody": "{\r\n  \"properties\": {\r\n    \"friendlyName\": \"ps8251\",\r\n    \"routingRules\": [\r\n      {\r\n        \"properties\": {\r\n          \"frontendEndpoints\": [\r\n            {\r\n              \"id\": \"/subscriptions/47f4bc68-6fe4-43a2-be8b-dfd0e290efa2/resourceGroups/ps6303/providers/Microsoft.Network/frontDoors/ps8251/FrontendEndpoints/frontendEndpoint1\"\r\n            }\r\n          ],\r\n          \"acceptedProtocols\": [\r\n            \"Http\",\r\n            \"Https\"\r\n          ],\r\n          \"patternsToMatch\": [\r\n            \"/*\"\r\n          ],\r\n          \"enabledState\": \"Enabled\",\r\n          \"routeConfiguration\": {\r\n            \"@odata.type\": \"#Microsoft.Azure.FrontDoor.Models.FrontdoorRedirectConfiguration\",\r\n            \"redirectType\": \"Moved\",\r\n            \"redirectProtocol\": \"MatchRequest\",\r\n            \"customHost\": \"contoso2\",\r\n            \"customPath\": \"/test\"\r\n          }\r\n        },\r\n        \"name\": \"routingrule1\"\r\n      }\r\n    ],\r\n    \"loadBalancingSettings\": [\r\n      {\r\n        \"properties\": {\r\n          \"sampleSize\": 4,\r\n          \"successfulSamplesRequired\": 2,\r\n          \"additionalLatencyMilliseconds\": 0\r\n        },\r\n        \"name\": \"loadbalancingsetting1\"\r\n      }\r\n    ],\r\n    \"healthProbeSettings\": [\r\n      {\r\n        \"properties\": {\r\n          \"path\": \"/\",\r\n          \"protocol\": \"Http\",\r\n          \"intervalInSeconds\": 30\r\n        },\r\n        \"name\": \"healthProbeSetting1\"\r\n      }\r\n    ],\r\n    \"backendPools\": [\r\n      {\r\n        \"properties\": {\r\n          \"backends\": [\r\n            {\r\n              \"address\": \"contoso1.azurewebsites.net\",\r\n              \"httpPort\": 80,\r\n              \"httpsPort\": 443,\r\n              \"enabledState\": \"Enabled\",\r\n              \"priority\": 1,\r\n              \"weight\": 50,\r\n              \"backendHostHeader\": \"contoso1.azurewebsites.net\"\r\n            }\r\n          ],\r\n          \"loadBalancingSettings\": {\r\n            \"id\": \"/subscriptions/47f4bc68-6fe4-43a2-be8b-dfd0e290efa2/resourceGroups/ps6303/providers/Microsoft.Network/frontDoors/ps8251/LoadBalancingSettings/loadBalancingSetting1\"\r\n          },\r\n          \"healthProbeSettings\": {\r\n            \"id\": \"/subscriptions/47f4bc68-6fe4-43a2-be8b-dfd0e290efa2/resourceGroups/ps6303/providers/Microsoft.Network/frontDoors/ps8251/HealthProbeSettings/healthProbeSetting1\"\r\n          }\r\n        },\r\n        \"name\": \"backendpool1\"\r\n      }\r\n    ],\r\n    \"frontendEndpoints\": [\r\n      {\r\n        \"properties\": {\r\n          \"hostName\": \"ps8251.azurefd.net\",\r\n          \"sessionAffinityEnabledState\": \"Disabled\",\r\n          \"sessionAffinityTtlSeconds\": 0\r\n        },\r\n        \"name\": \"frontendendpoint1\"\r\n      }\r\n    ],\r\n    \"backendPoolsSettings\": {},\r\n    \"enabledState\": \"Enabled\"\r\n  },\r\n  \"location\": \"global\",\r\n  \"tags\": {\r\n    \"tag2\": \"value2\",\r\n    \"tag1\": \"value1\"\r\n  }\r\n}",
      "RequestHeaders": {
        "x-ms-client-request-id": [
          "a7e3541c-0532-4024-aa2f-47abf497b1b0"
        ],
        "Accept-Language": [
          "en-US"
        ],
        "User-Agent": [
          "FxVersion/4.6.27317.03",
          "OSName/Windows",
          "OSVersion/Microsoft.Windows.10.0.17763.",
          "Microsoft.Azure.Management.FrontDoor.FrontDoorManagementClient/0.13.0.0"
        ],
        "Content-Type": [
          "application/json; charset=utf-8"
        ],
        "Content-Length": [
          "2768"
        ]
      },
      "ResponseHeaders": {
        "Cache-Control": [
          "no-cache"
        ],
        "Pragma": [
          "no-cache"
        ],
        "Location": [
          "https://management.azure.com/subscriptions/47f4bc68-6fe4-43a2-be8b-dfd0e290efa2/resourcegroups/ps6303/providers/Microsoft.Network/frontdooroperationresults/3c522e7e-d867-4a97-85cf-59e4825c5967/frontdoorresults/ps8251?api-version=2019-04-01"
        ],
        "Retry-After": [
          "10"
        ],
        "x-ms-request-id": [
          "f5f235c3-1a43-4209-892f-342ff2055367"
        ],
        "x-ms-client-request-id": [
          "a7e3541c-0532-4024-aa2f-47abf497b1b0"
        ],
        "Azure-AsyncOperation": [
          "https://management.azure.com/subscriptions/47f4bc68-6fe4-43a2-be8b-dfd0e290efa2/resourcegroups/ps6303/providers/Microsoft.Network/frontdooroperationresults/3c522e7e-d867-4a97-85cf-59e4825c5967?api-version=2019-04-01"
        ],
        "OData-Version": [
          "4.0"
        ],
        "Strict-Transport-Security": [
          "max-age=31536000; includeSubDomains"
        ],
        "Server": [
          "Microsoft-IIS/8.5"
        ],
        "X-AspNet-Version": [
          "4.0.30319"
        ],
        "X-Powered-By": [
          "ASP.NET"
        ],
        "x-ms-ratelimit-remaining-subscription-writes": [
          "1198"
        ],
        "x-ms-correlation-request-id": [
          "504207ef-d9bf-40ed-a001-c43076541a28"
        ],
        "x-ms-routing-request-id": [
          "WESTCENTRALUS:20190327T185805Z:504207ef-d9bf-40ed-a001-c43076541a28"
        ],
        "X-Content-Type-Options": [
          "nosniff"
        ],
        "Date": [
          "Wed, 27 Mar 2019 18:58:05 GMT"
        ],
        "Content-Length": [
          "4020"
        ],
        "Content-Type": [
          "application/json; odata.metadata=minimal"
        ],
        "Expires": [
          "-1"
        ]
      },
      "ResponseBody": "{\r\n  \"name\": \"ps8251\",\r\n  \"id\": \"/subscriptions/47f4bc68-6fe4-43a2-be8b-dfd0e290efa2/resourcegroups/ps6303/providers/Microsoft.Network/frontdoors/ps8251\",\r\n  \"type\": \"Microsoft.Network/frontdoors\",\r\n  \"tags\": {\r\n    \"tag1\": \"value1\",\r\n    \"tag2\": \"value2\"\r\n  },\r\n  \"location\": \"Global\",\r\n  \"properties\": {\r\n    \"provisioningState\": \"Succeeded\",\r\n    \"resourceState\": \"Enabled\",\r\n    \"backendPools\": [\r\n      {\r\n        \"id\": \"/subscriptions/47f4bc68-6fe4-43a2-be8b-dfd0e290efa2/resourcegroups/ps6303/providers/Microsoft.Network/Frontdoors/ps8251/BackendPools/backendpool1\",\r\n        \"name\": \"backendpool1\",\r\n        \"type\": \"Microsoft.Network/Frontdoors/BackendPools\",\r\n        \"properties\": {\r\n          \"backends\": [\r\n            {\r\n              \"address\": \"contoso1.azurewebsites.net\",\r\n              \"httpPort\": 80,\r\n              \"httpsPort\": 443,\r\n              \"priority\": 1,\r\n              \"weight\": 50,\r\n              \"backendHostHeader\": \"contoso1.azurewebsites.net\",\r\n              \"enabledState\": \"Enabled\"\r\n            }\r\n          ],\r\n          \"healthProbeSettings\": {\r\n            \"id\": \"/subscriptions/47f4bc68-6fe4-43a2-be8b-dfd0e290efa2/resourceGroups/ps6303/providers/Microsoft.Network/frontDoors/ps8251/HealthProbeSettings/healthProbeSetting1\"\r\n          },\r\n          \"loadBalancingSettings\": {\r\n            \"id\": \"/subscriptions/47f4bc68-6fe4-43a2-be8b-dfd0e290efa2/resourceGroups/ps6303/providers/Microsoft.Network/frontDoors/ps8251/LoadBalancingSettings/loadBalancingSetting1\"\r\n          },\r\n          \"resourceState\": \"Enabled\"\r\n        }\r\n      }\r\n    ],\r\n    \"healthProbeSettings\": [\r\n      {\r\n        \"id\": \"/subscriptions/47f4bc68-6fe4-43a2-be8b-dfd0e290efa2/resourcegroups/ps6303/providers/Microsoft.Network/Frontdoors/ps8251/HealthProbeSettings/healthProbeSetting1\",\r\n        \"name\": \"healthProbeSetting1\",\r\n        \"type\": \"Microsoft.Network/Frontdoors/HealthProbeSettings\",\r\n        \"properties\": {\r\n          \"intervalInSeconds\": 30,\r\n          \"path\": \"/\",\r\n          \"protocol\": \"Http\",\r\n          \"resourceState\": \"Enabled\"\r\n        }\r\n      }\r\n    ],\r\n    \"frontendEndpoints\": [\r\n      {\r\n        \"id\": \"/subscriptions/47f4bc68-6fe4-43a2-be8b-dfd0e290efa2/resourcegroups/ps6303/providers/Microsoft.Network/Frontdoors/ps8251/FrontendEndpoints/frontendendpoint1\",\r\n        \"name\": \"frontendendpoint1\",\r\n        \"type\": \"Microsoft.Network/Frontdoors/FrontendEndpoints\",\r\n        \"properties\": {\r\n          \"hostName\": \"ps8251.azurefd.net\",\r\n          \"sessionAffinityEnabledState\": \"Disabled\",\r\n          \"sessionAffinityTtlSeconds\": 0,\r\n          \"webApplicationFirewallPolicyLink\": null,\r\n          \"customHttpsProvisioningState\": null,\r\n          \"customHttpsProvisioningSubstate\": null,\r\n          \"customHttpsConfiguration\": null,\r\n          \"resourceState\": \"Enabled\"\r\n        }\r\n      }\r\n    ],\r\n    \"loadBalancingSettings\": [\r\n      {\r\n        \"id\": \"/subscriptions/47f4bc68-6fe4-43a2-be8b-dfd0e290efa2/resourcegroups/ps6303/providers/Microsoft.Network/Frontdoors/ps8251/LoadBalancingSettings/loadbalancingsetting1\",\r\n        \"name\": \"loadbalancingsetting1\",\r\n        \"type\": \"Microsoft.Network/Frontdoors/LoadBalancingSettings\",\r\n        \"properties\": {\r\n          \"additionalLatencyMilliseconds\": 0,\r\n          \"sampleSize\": 4,\r\n          \"successfulSamplesRequired\": 2,\r\n          \"resourceState\": \"Enabled\"\r\n        }\r\n      }\r\n    ],\r\n    \"routingRules\": [\r\n      {\r\n        \"id\": \"/subscriptions/47f4bc68-6fe4-43a2-be8b-dfd0e290efa2/resourcegroups/ps6303/providers/Microsoft.Network/Frontdoors/ps8251/RoutingRules/routingrule1\",\r\n        \"name\": \"routingrule1\",\r\n        \"type\": \"Microsoft.Network/Frontdoors/RoutingRules\",\r\n        \"properties\": {\r\n          \"frontendEndpoints\": [\r\n            {\r\n              \"id\": \"/subscriptions/47f4bc68-6fe4-43a2-be8b-dfd0e290efa2/resourceGroups/ps6303/providers/Microsoft.Network/frontDoors/ps8251/FrontendEndpoints/frontendEndpoint1\"\r\n            }\r\n          ],\r\n          \"acceptedProtocols\": [\r\n            \"Http\",\r\n            \"Https\"\r\n          ],\r\n          \"patternsToMatch\": [\r\n            \"/*\"\r\n          ],\r\n          \"enabledState\": \"Enabled\",\r\n          \"resourceState\": \"Enabled\",\r\n          \"routeConfiguration\": {\r\n            \"@odata.type\": \"#Microsoft.Azure.FrontDoor.Models.FrontdoorRedirectConfiguration\",\r\n            \"customFragment\": null,\r\n            \"customHost\": \"contoso2\",\r\n            \"customPath\": \"/test\",\r\n            \"redirectProtocol\": \"MatchRequest\",\r\n            \"customQueryString\": null,\r\n            \"redirectType\": \"Moved\"\r\n          }\r\n        }\r\n      }\r\n    ],\r\n    \"backendPoolsSettings\": {\r\n      \"enforceCertificateNameCheck\": null\r\n    },\r\n    \"enabledState\": \"Enabled\",\r\n    \"cName\": \"ps8251.azurefd.net\",\r\n    \"friendlyName\": \"ps8251\"\r\n  }\r\n}",
      "StatusCode": 202
    },
    {
      "RequestUri": "/subscriptions/47f4bc68-6fe4-43a2-be8b-dfd0e290efa2/resourceGroups/ps6303/providers/Microsoft.Network/frontDoors/ps8251?api-version=2019-04-01",
      "EncodedRequestUri": "L3N1YnNjcmlwdGlvbnMvNDdmNGJjNjgtNmZlNC00M2EyLWJlOGItZGZkMGUyOTBlZmEyL3Jlc291cmNlR3JvdXBzL3BzNjMwMy9wcm92aWRlcnMvTWljcm9zb2Z0Lk5ldHdvcmsvZnJvbnREb29ycy9wczgyNTE/YXBpLXZlcnNpb249MjAxOS0wNC0wMQ==",
      "RequestMethod": "PUT",
      "RequestBody": "{\r\n  \"properties\": {\r\n    \"friendlyName\": \"ps8251\",\r\n    \"routingRules\": [\r\n      {\r\n        \"properties\": {\r\n          \"frontendEndpoints\": [\r\n            {\r\n              \"id\": \"/subscriptions/47f4bc68-6fe4-43a2-be8b-dfd0e290efa2/resourceGroups/ps6303/providers/Microsoft.Network/frontDoors/ps8251/FrontendEndpoints/frontendEndpoint1\"\r\n            }\r\n          ],\r\n          \"acceptedProtocols\": [\r\n            \"Http\",\r\n            \"Https\"\r\n          ],\r\n          \"patternsToMatch\": [\r\n            \"/*\"\r\n          ],\r\n          \"enabledState\": \"Enabled\",\r\n          \"routeConfiguration\": {\r\n            \"@odata.type\": \"#Microsoft.Azure.FrontDoor.Models.FrontdoorRedirectConfiguration\",\r\n            \"redirectType\": \"Moved\",\r\n            \"redirectProtocol\": \"MatchRequest\",\r\n            \"customHost\": \"contoso2\",\r\n            \"customPath\": \"/test\"\r\n          }\r\n        },\r\n        \"name\": \"routingrule1\"\r\n      }\r\n    ],\r\n    \"loadBalancingSettings\": [\r\n      {\r\n        \"properties\": {\r\n          \"sampleSize\": 4,\r\n          \"successfulSamplesRequired\": 2,\r\n          \"additionalLatencyMilliseconds\": 0\r\n        },\r\n        \"name\": \"loadbalancingsetting1\"\r\n      }\r\n    ],\r\n    \"healthProbeSettings\": [\r\n      {\r\n        \"properties\": {\r\n          \"path\": \"/\",\r\n          \"protocol\": \"Http\",\r\n          \"intervalInSeconds\": 30\r\n        },\r\n        \"name\": \"healthProbeSetting1\"\r\n      }\r\n    ],\r\n    \"backendPools\": [\r\n      {\r\n        \"properties\": {\r\n          \"backends\": [\r\n            {\r\n              \"address\": \"contoso1.azurewebsites.net\",\r\n              \"httpPort\": 80,\r\n              \"httpsPort\": 443,\r\n              \"enabledState\": \"Enabled\",\r\n              \"priority\": 1,\r\n              \"weight\": 50,\r\n              \"backendHostHeader\": \"contoso1.azurewebsites.net\"\r\n            }\r\n          ],\r\n          \"loadBalancingSettings\": {\r\n            \"id\": \"/subscriptions/47f4bc68-6fe4-43a2-be8b-dfd0e290efa2/resourceGroups/ps6303/providers/Microsoft.Network/frontDoors/ps8251/LoadBalancingSettings/loadBalancingSetting1\"\r\n          },\r\n          \"healthProbeSettings\": {\r\n            \"id\": \"/subscriptions/47f4bc68-6fe4-43a2-be8b-dfd0e290efa2/resourceGroups/ps6303/providers/Microsoft.Network/frontDoors/ps8251/HealthProbeSettings/healthProbeSetting1\"\r\n          }\r\n        },\r\n        \"name\": \"backendpool1\"\r\n      }\r\n    ],\r\n    \"frontendEndpoints\": [\r\n      {\r\n        \"properties\": {\r\n          \"hostName\": \"ps8251.azurefd.net\",\r\n          \"sessionAffinityEnabledState\": \"Disabled\",\r\n          \"sessionAffinityTtlSeconds\": 0\r\n        },\r\n        \"name\": \"frontendendpoint1\"\r\n      }\r\n    ],\r\n    \"backendPoolsSettings\": {\r\n      \"enforceCertificateNameCheck\": \"Disabled\"\r\n    },\r\n    \"enabledState\": \"Enabled\"\r\n  },\r\n  \"location\": \"global\",\r\n  \"tags\": {\r\n    \"tag2\": \"value2\",\r\n    \"tag1\": \"value1\"\r\n  }\r\n}",
      "RequestHeaders": {
        "x-ms-client-request-id": [
          "e9672c24-0387-4ed8-8a37-ec6548b59bb5"
        ],
        "Accept-Language": [
          "en-US"
        ],
        "User-Agent": [
          "FxVersion/4.6.27317.03",
          "OSName/Windows",
          "OSVersion/Microsoft.Windows.10.0.17763.",
          "Microsoft.Azure.Management.FrontDoor.FrontDoorManagementClient/0.13.0.0"
        ],
        "Content-Type": [
          "application/json; charset=utf-8"
        ],
        "Content-Length": [
          "2823"
        ]
      },
      "ResponseHeaders": {
        "Cache-Control": [
          "no-cache"
        ],
        "Pragma": [
          "no-cache"
        ],
        "Location": [
          "https://management.azure.com/subscriptions/47f4bc68-6fe4-43a2-be8b-dfd0e290efa2/resourcegroups/ps6303/providers/Microsoft.Network/frontdooroperationresults/b81920d7-cd26-4eed-a6cb-ed716be72de5/frontdoorresults/ps8251?api-version=2019-04-01"
        ],
        "Retry-After": [
          "10"
        ],
        "x-ms-request-id": [
          "91038de8-6d93-4a89-93fb-bb6fe12961f2"
        ],
        "x-ms-client-request-id": [
          "e9672c24-0387-4ed8-8a37-ec6548b59bb5"
        ],
        "Azure-AsyncOperation": [
          "https://management.azure.com/subscriptions/47f4bc68-6fe4-43a2-be8b-dfd0e290efa2/resourcegroups/ps6303/providers/Microsoft.Network/frontdooroperationresults/b81920d7-cd26-4eed-a6cb-ed716be72de5?api-version=2019-04-01"
        ],
        "OData-Version": [
          "4.0"
        ],
        "Strict-Transport-Security": [
          "max-age=31536000; includeSubDomains"
        ],
        "Server": [
          "Microsoft-IIS/8.5"
        ],
        "X-AspNet-Version": [
          "4.0.30319"
        ],
        "X-Powered-By": [
          "ASP.NET"
        ],
        "x-ms-ratelimit-remaining-subscription-writes": [
          "1197"
        ],
        "x-ms-correlation-request-id": [
          "12606b7f-5ab2-4dec-962f-fa139e32012d"
        ],
        "x-ms-routing-request-id": [
          "WESTCENTRALUS:20190327T185817Z:12606b7f-5ab2-4dec-962f-fa139e32012d"
        ],
        "X-Content-Type-Options": [
          "nosniff"
        ],
        "Date": [
          "Wed, 27 Mar 2019 18:58:16 GMT"
        ],
        "Content-Length": [
          "4020"
        ],
        "Content-Type": [
          "application/json; odata.metadata=minimal"
        ],
        "Expires": [
          "-1"
        ]
      },
      "ResponseBody": "{\r\n  \"name\": \"ps8251\",\r\n  \"id\": \"/subscriptions/47f4bc68-6fe4-43a2-be8b-dfd0e290efa2/resourcegroups/ps6303/providers/Microsoft.Network/frontdoors/ps8251\",\r\n  \"type\": \"Microsoft.Network/frontdoors\",\r\n  \"tags\": {\r\n    \"tag1\": \"value1\",\r\n    \"tag2\": \"value2\"\r\n  },\r\n  \"location\": \"Global\",\r\n  \"properties\": {\r\n    \"provisioningState\": \"Succeeded\",\r\n    \"resourceState\": \"Enabled\",\r\n    \"backendPools\": [\r\n      {\r\n        \"id\": \"/subscriptions/47f4bc68-6fe4-43a2-be8b-dfd0e290efa2/resourcegroups/ps6303/providers/Microsoft.Network/Frontdoors/ps8251/BackendPools/backendpool1\",\r\n        \"name\": \"backendpool1\",\r\n        \"type\": \"Microsoft.Network/Frontdoors/BackendPools\",\r\n        \"properties\": {\r\n          \"backends\": [\r\n            {\r\n              \"address\": \"contoso1.azurewebsites.net\",\r\n              \"httpPort\": 80,\r\n              \"httpsPort\": 443,\r\n              \"priority\": 1,\r\n              \"weight\": 50,\r\n              \"backendHostHeader\": \"contoso1.azurewebsites.net\",\r\n              \"enabledState\": \"Enabled\"\r\n            }\r\n          ],\r\n          \"healthProbeSettings\": {\r\n            \"id\": \"/subscriptions/47f4bc68-6fe4-43a2-be8b-dfd0e290efa2/resourceGroups/ps6303/providers/Microsoft.Network/frontDoors/ps8251/HealthProbeSettings/healthProbeSetting1\"\r\n          },\r\n          \"loadBalancingSettings\": {\r\n            \"id\": \"/subscriptions/47f4bc68-6fe4-43a2-be8b-dfd0e290efa2/resourceGroups/ps6303/providers/Microsoft.Network/frontDoors/ps8251/LoadBalancingSettings/loadBalancingSetting1\"\r\n          },\r\n          \"resourceState\": \"Enabled\"\r\n        }\r\n      }\r\n    ],\r\n    \"healthProbeSettings\": [\r\n      {\r\n        \"id\": \"/subscriptions/47f4bc68-6fe4-43a2-be8b-dfd0e290efa2/resourcegroups/ps6303/providers/Microsoft.Network/Frontdoors/ps8251/HealthProbeSettings/healthProbeSetting1\",\r\n        \"name\": \"healthProbeSetting1\",\r\n        \"type\": \"Microsoft.Network/Frontdoors/HealthProbeSettings\",\r\n        \"properties\": {\r\n          \"intervalInSeconds\": 30,\r\n          \"path\": \"/\",\r\n          \"protocol\": \"Http\",\r\n          \"resourceState\": \"Enabled\"\r\n        }\r\n      }\r\n    ],\r\n    \"frontendEndpoints\": [\r\n      {\r\n        \"id\": \"/subscriptions/47f4bc68-6fe4-43a2-be8b-dfd0e290efa2/resourcegroups/ps6303/providers/Microsoft.Network/Frontdoors/ps8251/FrontendEndpoints/frontendendpoint1\",\r\n        \"name\": \"frontendendpoint1\",\r\n        \"type\": \"Microsoft.Network/Frontdoors/FrontendEndpoints\",\r\n        \"properties\": {\r\n          \"hostName\": \"ps8251.azurefd.net\",\r\n          \"sessionAffinityEnabledState\": \"Disabled\",\r\n          \"sessionAffinityTtlSeconds\": 0,\r\n          \"webApplicationFirewallPolicyLink\": null,\r\n          \"customHttpsProvisioningState\": null,\r\n          \"customHttpsProvisioningSubstate\": null,\r\n          \"customHttpsConfiguration\": null,\r\n          \"resourceState\": \"Enabled\"\r\n        }\r\n      }\r\n    ],\r\n    \"loadBalancingSettings\": [\r\n      {\r\n        \"id\": \"/subscriptions/47f4bc68-6fe4-43a2-be8b-dfd0e290efa2/resourcegroups/ps6303/providers/Microsoft.Network/Frontdoors/ps8251/LoadBalancingSettings/loadbalancingsetting1\",\r\n        \"name\": \"loadbalancingsetting1\",\r\n        \"type\": \"Microsoft.Network/Frontdoors/LoadBalancingSettings\",\r\n        \"properties\": {\r\n          \"additionalLatencyMilliseconds\": 0,\r\n          \"sampleSize\": 4,\r\n          \"successfulSamplesRequired\": 2,\r\n          \"resourceState\": \"Enabled\"\r\n        }\r\n      }\r\n    ],\r\n    \"routingRules\": [\r\n      {\r\n        \"id\": \"/subscriptions/47f4bc68-6fe4-43a2-be8b-dfd0e290efa2/resourcegroups/ps6303/providers/Microsoft.Network/Frontdoors/ps8251/RoutingRules/routingrule1\",\r\n        \"name\": \"routingrule1\",\r\n        \"type\": \"Microsoft.Network/Frontdoors/RoutingRules\",\r\n        \"properties\": {\r\n          \"frontendEndpoints\": [\r\n            {\r\n              \"id\": \"/subscriptions/47f4bc68-6fe4-43a2-be8b-dfd0e290efa2/resourceGroups/ps6303/providers/Microsoft.Network/frontDoors/ps8251/FrontendEndpoints/frontendEndpoint1\"\r\n            }\r\n          ],\r\n          \"acceptedProtocols\": [\r\n            \"Http\",\r\n            \"Https\"\r\n          ],\r\n          \"patternsToMatch\": [\r\n            \"/*\"\r\n          ],\r\n          \"enabledState\": \"Enabled\",\r\n          \"resourceState\": \"Enabled\",\r\n          \"routeConfiguration\": {\r\n            \"@odata.type\": \"#Microsoft.Azure.FrontDoor.Models.FrontdoorRedirectConfiguration\",\r\n            \"customFragment\": null,\r\n            \"customHost\": \"contoso2\",\r\n            \"customPath\": \"/test\",\r\n            \"redirectProtocol\": \"MatchRequest\",\r\n            \"customQueryString\": null,\r\n            \"redirectType\": \"Moved\"\r\n          }\r\n        }\r\n      }\r\n    ],\r\n    \"backendPoolsSettings\": {\r\n      \"enforceCertificateNameCheck\": null\r\n    },\r\n    \"enabledState\": \"Enabled\",\r\n    \"cName\": \"ps8251.azurefd.net\",\r\n    \"friendlyName\": \"ps8251\"\r\n  }\r\n}",
      "StatusCode": 202
    },
    {
      "RequestUri": "/subscriptions/47f4bc68-6fe4-43a2-be8b-dfd0e290efa2/resourcegroups/ps6303/providers/Microsoft.Network/frontdooroperationresults/f727fc01-642b-40f0-aead-f498f2b12644?api-version=2019-04-01",
      "EncodedRequestUri": "L3N1YnNjcmlwdGlvbnMvNDdmNGJjNjgtNmZlNC00M2EyLWJlOGItZGZkMGUyOTBlZmEyL3Jlc291cmNlZ3JvdXBzL3BzNjMwMy9wcm92aWRlcnMvTWljcm9zb2Z0Lk5ldHdvcmsvZnJvbnRkb29yb3BlcmF0aW9ucmVzdWx0cy9mNzI3ZmMwMS02NDJiLTQwZjAtYWVhZC1mNDk4ZjJiMTI2NDQ/YXBpLXZlcnNpb249MjAxOS0wNC0wMQ==",
      "RequestMethod": "GET",
      "RequestBody": "",
      "RequestHeaders": {
        "User-Agent": [
          "FxVersion/4.6.27317.03",
          "OSName/Windows",
          "OSVersion/Microsoft.Windows.10.0.17763.",
          "Microsoft.Azure.Management.FrontDoor.FrontDoorManagementClient/0.13.0.0"
        ]
      },
      "ResponseHeaders": {
        "Cache-Control": [
          "no-cache"
        ],
        "Pragma": [
          "no-cache"
        ],
        "x-ms-request-id": [
          "8381b43d-123f-47dc-90db-7db47432df35"
        ],
        "x-ms-client-request-id": [
          "63dea04b-e541-489c-a9d0-6ef6af727e6d"
        ],
        "OData-Version": [
          "4.0"
        ],
        "Strict-Transport-Security": [
          "max-age=31536000; includeSubDomains"
        ],
        "Server": [
          "Microsoft-IIS/8.5"
        ],
        "X-AspNet-Version": [
          "4.0.30319"
        ],
        "X-Powered-By": [
          "ASP.NET"
        ],
        "x-ms-ratelimit-remaining-subscription-reads": [
          "11998"
        ],
        "x-ms-correlation-request-id": [
          "4931831f-7c25-4b1c-bdcd-2d2fd60354f7"
        ],
        "x-ms-routing-request-id": [
          "WESTCENTRALUS:20190327T185802Z:4931831f-7c25-4b1c-bdcd-2d2fd60354f7"
        ],
        "X-Content-Type-Options": [
          "nosniff"
        ],
        "Date": [
          "Wed, 27 Mar 2019 18:58:02 GMT"
        ],
        "Content-Length": [
          "49"
        ],
        "Content-Type": [
          "application/json; odata.metadata=minimal; odata.streaming=true"
        ],
        "Expires": [
          "-1"
        ]
      },
      "ResponseBody": "{\r\n  \"status\": \"Succeeded\",\r\n  \"error\": {}\r\n}",
      "StatusCode": 200
    },
    {
      "RequestUri": "/subscriptions/47f4bc68-6fe4-43a2-be8b-dfd0e290efa2/resourceGroups/ps6303/providers/Microsoft.Network/frontDoors/ps8251?api-version=2019-04-01",
      "EncodedRequestUri": "L3N1YnNjcmlwdGlvbnMvNDdmNGJjNjgtNmZlNC00M2EyLWJlOGItZGZkMGUyOTBlZmEyL3Jlc291cmNlR3JvdXBzL3BzNjMwMy9wcm92aWRlcnMvTWljcm9zb2Z0Lk5ldHdvcmsvZnJvbnREb29ycy9wczgyNTE/YXBpLXZlcnNpb249MjAxOS0wNC0wMQ==",
      "RequestMethod": "GET",
      "RequestBody": "",
      "RequestHeaders": {
        "User-Agent": [
          "FxVersion/4.6.27317.03",
          "OSName/Windows",
          "OSVersion/Microsoft.Windows.10.0.17763.",
          "Microsoft.Azure.Management.FrontDoor.FrontDoorManagementClient/0.13.0.0"
        ]
      },
      "ResponseHeaders": {
        "Cache-Control": [
          "no-cache"
        ],
        "Pragma": [
          "no-cache"
        ],
        "x-ms-request-id": [
          "82fa8a47-7ab3-4f27-b828-c4d263ab8920"
        ],
        "x-ms-client-request-id": [
          "b72ac8d6-ceef-4141-8aec-ae47ff473e3d"
        ],
        "OData-Version": [
          "4.0"
        ],
        "Strict-Transport-Security": [
          "max-age=31536000; includeSubDomains"
        ],
        "Server": [
          "Microsoft-IIS/8.5"
        ],
        "X-AspNet-Version": [
          "4.0.30319"
        ],
        "X-Powered-By": [
          "ASP.NET"
        ],
        "x-ms-ratelimit-remaining-subscription-reads": [
          "11997"
        ],
        "x-ms-correlation-request-id": [
          "c66a6188-19e7-46f5-9b19-3d4a70e50875"
        ],
        "x-ms-routing-request-id": [
          "WESTCENTRALUS:20190327T185803Z:c66a6188-19e7-46f5-9b19-3d4a70e50875"
        ],
        "X-Content-Type-Options": [
          "nosniff"
        ],
        "Date": [
          "Wed, 27 Mar 2019 18:58:02 GMT"
        ],
        "Content-Length": [
          "4015"
        ],
        "Content-Type": [
          "application/json; odata.metadata=minimal; odata.streaming=true"
        ],
        "Expires": [
          "-1"
        ]
      },
      "ResponseBody": "{\r\n  \"name\": \"ps8251\",\r\n  \"id\": \"/subscriptions/47f4bc68-6fe4-43a2-be8b-dfd0e290efa2/resourcegroups/ps6303/providers/Microsoft.Network/frontdoors/ps8251\",\r\n  \"type\": \"Microsoft.Network/frontdoors\",\r\n  \"tags\": {\r\n    \"tag1\": \"value1\",\r\n    \"tag2\": \"value2\"\r\n  },\r\n  \"location\": \"Global\",\r\n  \"properties\": {\r\n    \"provisioningState\": \"Succeeded\",\r\n    \"resourceState\": \"Enabled\",\r\n    \"backendPools\": [\r\n      {\r\n        \"id\": \"/subscriptions/47f4bc68-6fe4-43a2-be8b-dfd0e290efa2/resourcegroups/ps6303/providers/Microsoft.Network/Frontdoors/ps8251/BackendPools/backendpool1\",\r\n        \"name\": \"backendpool1\",\r\n        \"type\": \"Microsoft.Network/Frontdoors/BackendPools\",\r\n        \"properties\": {\r\n          \"backends\": [\r\n            {\r\n              \"address\": \"contoso1.azurewebsites.net\",\r\n              \"httpPort\": 80,\r\n              \"httpsPort\": 443,\r\n              \"priority\": 1,\r\n              \"weight\": 50,\r\n              \"backendHostHeader\": \"contoso1.azurewebsites.net\",\r\n              \"enabledState\": \"Enabled\"\r\n            }\r\n          ],\r\n          \"healthProbeSettings\": {\r\n            \"id\": \"/subscriptions/47f4bc68-6fe4-43a2-be8b-dfd0e290efa2/resourceGroups/ps6303/providers/Microsoft.Network/frontDoors/ps8251/HealthProbeSettings/healthProbeSetting1\"\r\n          },\r\n          \"loadBalancingSettings\": {\r\n            \"id\": \"/subscriptions/47f4bc68-6fe4-43a2-be8b-dfd0e290efa2/resourceGroups/ps6303/providers/Microsoft.Network/frontDoors/ps8251/LoadBalancingSettings/loadBalancingSetting1\"\r\n          },\r\n          \"resourceState\": \"Enabled\"\r\n        }\r\n      }\r\n    ],\r\n    \"healthProbeSettings\": [\r\n      {\r\n        \"id\": \"/subscriptions/47f4bc68-6fe4-43a2-be8b-dfd0e290efa2/resourcegroups/ps6303/providers/Microsoft.Network/Frontdoors/ps8251/HealthProbeSettings/healthProbeSetting1\",\r\n        \"name\": \"healthProbeSetting1\",\r\n        \"type\": \"Microsoft.Network/Frontdoors/HealthProbeSettings\",\r\n        \"properties\": {\r\n          \"intervalInSeconds\": 30,\r\n          \"path\": \"/\",\r\n          \"protocol\": \"Http\",\r\n          \"resourceState\": \"Enabled\"\r\n        }\r\n      }\r\n    ],\r\n    \"frontendEndpoints\": [\r\n      {\r\n        \"id\": \"/subscriptions/47f4bc68-6fe4-43a2-be8b-dfd0e290efa2/resourcegroups/ps6303/providers/Microsoft.Network/Frontdoors/ps8251/FrontendEndpoints/frontendendpoint1\",\r\n        \"name\": \"frontendendpoint1\",\r\n        \"type\": \"Microsoft.Network/Frontdoors/FrontendEndpoints\",\r\n        \"properties\": {\r\n          \"hostName\": \"ps8251.azurefd.net\",\r\n          \"sessionAffinityEnabledState\": \"Disabled\",\r\n          \"sessionAffinityTtlSeconds\": 0,\r\n          \"webApplicationFirewallPolicyLink\": null,\r\n          \"customHttpsProvisioningState\": null,\r\n          \"customHttpsProvisioningSubstate\": null,\r\n          \"customHttpsConfiguration\": null,\r\n          \"resourceState\": \"Enabled\"\r\n        }\r\n      }\r\n    ],\r\n    \"loadBalancingSettings\": [\r\n      {\r\n        \"id\": \"/subscriptions/47f4bc68-6fe4-43a2-be8b-dfd0e290efa2/resourcegroups/ps6303/providers/Microsoft.Network/Frontdoors/ps8251/LoadBalancingSettings/loadbalancingsetting1\",\r\n        \"name\": \"loadbalancingsetting1\",\r\n        \"type\": \"Microsoft.Network/Frontdoors/LoadBalancingSettings\",\r\n        \"properties\": {\r\n          \"additionalLatencyMilliseconds\": 0,\r\n          \"sampleSize\": 4,\r\n          \"successfulSamplesRequired\": 2,\r\n          \"resourceState\": \"Enabled\"\r\n        }\r\n      }\r\n    ],\r\n    \"routingRules\": [\r\n      {\r\n        \"id\": \"/subscriptions/47f4bc68-6fe4-43a2-be8b-dfd0e290efa2/resourcegroups/ps6303/providers/Microsoft.Network/Frontdoors/ps8251/RoutingRules/routingrule1\",\r\n        \"name\": \"routingrule1\",\r\n        \"type\": \"Microsoft.Network/Frontdoors/RoutingRules\",\r\n        \"properties\": {\r\n          \"frontendEndpoints\": [\r\n            {\r\n              \"id\": \"/subscriptions/47f4bc68-6fe4-43a2-be8b-dfd0e290efa2/resourceGroups/ps6303/providers/Microsoft.Network/frontDoors/ps8251/FrontendEndpoints/frontendEndpoint1\"\r\n            }\r\n          ],\r\n          \"acceptedProtocols\": [\r\n            \"Http\",\r\n            \"Https\"\r\n          ],\r\n          \"patternsToMatch\": [\r\n            \"/*\"\r\n          ],\r\n          \"enabledState\": \"Enabled\",\r\n          \"resourceState\": \"Enabled\",\r\n          \"routeConfiguration\": {\r\n            \"@odata.type\": \"#Microsoft.Azure.FrontDoor.Models.FrontdoorRedirectConfiguration\",\r\n            \"customFragment\": null,\r\n            \"customHost\": \"contoso2\",\r\n            \"customPath\": \"\",\r\n            \"redirectProtocol\": \"MatchRequest\",\r\n            \"customQueryString\": null,\r\n            \"redirectType\": \"Moved\"\r\n          }\r\n        }\r\n      }\r\n    ],\r\n    \"backendPoolsSettings\": {\r\n      \"enforceCertificateNameCheck\": null\r\n    },\r\n    \"enabledState\": \"Enabled\",\r\n    \"cName\": \"ps8251.azurefd.net\",\r\n    \"friendlyName\": \"ps8251\"\r\n  }\r\n}",
      "StatusCode": 200
    },
    {
      "RequestUri": "/subscriptions/47f4bc68-6fe4-43a2-be8b-dfd0e290efa2/resourceGroups/ps6303/providers/Microsoft.Network/frontDoors/ps8251?api-version=2019-04-01",
      "EncodedRequestUri": "L3N1YnNjcmlwdGlvbnMvNDdmNGJjNjgtNmZlNC00M2EyLWJlOGItZGZkMGUyOTBlZmEyL3Jlc291cmNlR3JvdXBzL3BzNjMwMy9wcm92aWRlcnMvTWljcm9zb2Z0Lk5ldHdvcmsvZnJvbnREb29ycy9wczgyNTE/YXBpLXZlcnNpb249MjAxOS0wNC0wMQ==",
      "RequestMethod": "GET",
      "RequestBody": "",
      "RequestHeaders": {
        "x-ms-client-request-id": [
          "a58ef0c2-294e-4852-bf4f-ad0d41d56782"
        ],
        "Accept-Language": [
          "en-US"
        ],
        "User-Agent": [
          "FxVersion/4.6.27317.03",
          "OSName/Windows",
          "OSVersion/Microsoft.Windows.10.0.17763.",
          "Microsoft.Azure.Management.FrontDoor.FrontDoorManagementClient/0.13.0.0"
        ]
      },
      "ResponseHeaders": {
        "Cache-Control": [
          "no-cache"
        ],
        "Pragma": [
          "no-cache"
        ],
        "x-ms-request-id": [
          "d5519e9c-6c7d-41e8-8d3c-2db53f5a9cdf"
        ],
        "x-ms-client-request-id": [
          "a58ef0c2-294e-4852-bf4f-ad0d41d56782"
        ],
        "OData-Version": [
          "4.0"
        ],
        "Strict-Transport-Security": [
          "max-age=31536000; includeSubDomains"
        ],
        "Server": [
          "Microsoft-IIS/8.5"
        ],
        "X-AspNet-Version": [
          "4.0.30319"
        ],
        "X-Powered-By": [
          "ASP.NET"
        ],
        "x-ms-ratelimit-remaining-subscription-reads": [
          "11996"
        ],
        "x-ms-correlation-request-id": [
          "325eddaa-d276-491d-9474-0dc16d52ced0"
        ],
        "x-ms-routing-request-id": [
          "WESTCENTRALUS:20190327T185803Z:325eddaa-d276-491d-9474-0dc16d52ced0"
        ],
        "X-Content-Type-Options": [
          "nosniff"
        ],
        "Date": [
          "Wed, 27 Mar 2019 18:58:02 GMT"
        ],
        "Content-Length": [
          "4015"
        ],
        "Content-Type": [
          "application/json; odata.metadata=minimal; odata.streaming=true"
        ],
        "Expires": [
          "-1"
        ]
      },
      "ResponseBody": "{\r\n  \"name\": \"ps8251\",\r\n  \"id\": \"/subscriptions/47f4bc68-6fe4-43a2-be8b-dfd0e290efa2/resourcegroups/ps6303/providers/Microsoft.Network/frontdoors/ps8251\",\r\n  \"type\": \"Microsoft.Network/frontdoors\",\r\n  \"tags\": {\r\n    \"tag1\": \"value1\",\r\n    \"tag2\": \"value2\"\r\n  },\r\n  \"location\": \"Global\",\r\n  \"properties\": {\r\n    \"provisioningState\": \"Succeeded\",\r\n    \"resourceState\": \"Enabled\",\r\n    \"backendPools\": [\r\n      {\r\n        \"id\": \"/subscriptions/47f4bc68-6fe4-43a2-be8b-dfd0e290efa2/resourcegroups/ps6303/providers/Microsoft.Network/Frontdoors/ps8251/BackendPools/backendpool1\",\r\n        \"name\": \"backendpool1\",\r\n        \"type\": \"Microsoft.Network/Frontdoors/BackendPools\",\r\n        \"properties\": {\r\n          \"backends\": [\r\n            {\r\n              \"address\": \"contoso1.azurewebsites.net\",\r\n              \"httpPort\": 80,\r\n              \"httpsPort\": 443,\r\n              \"priority\": 1,\r\n              \"weight\": 50,\r\n              \"backendHostHeader\": \"contoso1.azurewebsites.net\",\r\n              \"enabledState\": \"Enabled\"\r\n            }\r\n          ],\r\n          \"healthProbeSettings\": {\r\n            \"id\": \"/subscriptions/47f4bc68-6fe4-43a2-be8b-dfd0e290efa2/resourceGroups/ps6303/providers/Microsoft.Network/frontDoors/ps8251/HealthProbeSettings/healthProbeSetting1\"\r\n          },\r\n          \"loadBalancingSettings\": {\r\n            \"id\": \"/subscriptions/47f4bc68-6fe4-43a2-be8b-dfd0e290efa2/resourceGroups/ps6303/providers/Microsoft.Network/frontDoors/ps8251/LoadBalancingSettings/loadBalancingSetting1\"\r\n          },\r\n          \"resourceState\": \"Enabled\"\r\n        }\r\n      }\r\n    ],\r\n    \"healthProbeSettings\": [\r\n      {\r\n        \"id\": \"/subscriptions/47f4bc68-6fe4-43a2-be8b-dfd0e290efa2/resourcegroups/ps6303/providers/Microsoft.Network/Frontdoors/ps8251/HealthProbeSettings/healthProbeSetting1\",\r\n        \"name\": \"healthProbeSetting1\",\r\n        \"type\": \"Microsoft.Network/Frontdoors/HealthProbeSettings\",\r\n        \"properties\": {\r\n          \"intervalInSeconds\": 30,\r\n          \"path\": \"/\",\r\n          \"protocol\": \"Http\",\r\n          \"resourceState\": \"Enabled\"\r\n        }\r\n      }\r\n    ],\r\n    \"frontendEndpoints\": [\r\n      {\r\n        \"id\": \"/subscriptions/47f4bc68-6fe4-43a2-be8b-dfd0e290efa2/resourcegroups/ps6303/providers/Microsoft.Network/Frontdoors/ps8251/FrontendEndpoints/frontendendpoint1\",\r\n        \"name\": \"frontendendpoint1\",\r\n        \"type\": \"Microsoft.Network/Frontdoors/FrontendEndpoints\",\r\n        \"properties\": {\r\n          \"hostName\": \"ps8251.azurefd.net\",\r\n          \"sessionAffinityEnabledState\": \"Disabled\",\r\n          \"sessionAffinityTtlSeconds\": 0,\r\n          \"webApplicationFirewallPolicyLink\": null,\r\n          \"customHttpsProvisioningState\": null,\r\n          \"customHttpsProvisioningSubstate\": null,\r\n          \"customHttpsConfiguration\": null,\r\n          \"resourceState\": \"Enabled\"\r\n        }\r\n      }\r\n    ],\r\n    \"loadBalancingSettings\": [\r\n      {\r\n        \"id\": \"/subscriptions/47f4bc68-6fe4-43a2-be8b-dfd0e290efa2/resourcegroups/ps6303/providers/Microsoft.Network/Frontdoors/ps8251/LoadBalancingSettings/loadbalancingsetting1\",\r\n        \"name\": \"loadbalancingsetting1\",\r\n        \"type\": \"Microsoft.Network/Frontdoors/LoadBalancingSettings\",\r\n        \"properties\": {\r\n          \"additionalLatencyMilliseconds\": 0,\r\n          \"sampleSize\": 4,\r\n          \"successfulSamplesRequired\": 2,\r\n          \"resourceState\": \"Enabled\"\r\n        }\r\n      }\r\n    ],\r\n    \"routingRules\": [\r\n      {\r\n        \"id\": \"/subscriptions/47f4bc68-6fe4-43a2-be8b-dfd0e290efa2/resourcegroups/ps6303/providers/Microsoft.Network/Frontdoors/ps8251/RoutingRules/routingrule1\",\r\n        \"name\": \"routingrule1\",\r\n        \"type\": \"Microsoft.Network/Frontdoors/RoutingRules\",\r\n        \"properties\": {\r\n          \"frontendEndpoints\": [\r\n            {\r\n              \"id\": \"/subscriptions/47f4bc68-6fe4-43a2-be8b-dfd0e290efa2/resourceGroups/ps6303/providers/Microsoft.Network/frontDoors/ps8251/FrontendEndpoints/frontendEndpoint1\"\r\n            }\r\n          ],\r\n          \"acceptedProtocols\": [\r\n            \"Http\",\r\n            \"Https\"\r\n          ],\r\n          \"patternsToMatch\": [\r\n            \"/*\"\r\n          ],\r\n          \"enabledState\": \"Enabled\",\r\n          \"resourceState\": \"Enabled\",\r\n          \"routeConfiguration\": {\r\n            \"@odata.type\": \"#Microsoft.Azure.FrontDoor.Models.FrontdoorRedirectConfiguration\",\r\n            \"customFragment\": null,\r\n            \"customHost\": \"contoso2\",\r\n            \"customPath\": \"\",\r\n            \"redirectProtocol\": \"MatchRequest\",\r\n            \"customQueryString\": null,\r\n            \"redirectType\": \"Moved\"\r\n          }\r\n        }\r\n      }\r\n    ],\r\n    \"backendPoolsSettings\": {\r\n      \"enforceCertificateNameCheck\": null\r\n    },\r\n    \"enabledState\": \"Enabled\",\r\n    \"cName\": \"ps8251.azurefd.net\",\r\n    \"friendlyName\": \"ps8251\"\r\n  }\r\n}",
      "StatusCode": 200
    },
    {
      "RequestUri": "/subscriptions/47f4bc68-6fe4-43a2-be8b-dfd0e290efa2/resourceGroups/ps6303/providers/Microsoft.Network/frontDoors/ps8251?api-version=2019-04-01",
      "EncodedRequestUri": "L3N1YnNjcmlwdGlvbnMvNDdmNGJjNjgtNmZlNC00M2EyLWJlOGItZGZkMGUyOTBlZmEyL3Jlc291cmNlR3JvdXBzL3BzNjMwMy9wcm92aWRlcnMvTWljcm9zb2Z0Lk5ldHdvcmsvZnJvbnREb29ycy9wczgyNTE/YXBpLXZlcnNpb249MjAxOS0wNC0wMQ==",
      "RequestMethod": "GET",
      "RequestBody": "",
      "RequestHeaders": {
        "User-Agent": [
          "FxVersion/4.6.27317.03",
          "OSName/Windows",
          "OSVersion/Microsoft.Windows.10.0.17763.",
          "Microsoft.Azure.Management.FrontDoor.FrontDoorManagementClient/0.13.0.0"
        ]
      },
      "ResponseHeaders": {
        "Cache-Control": [
          "no-cache"
        ],
        "Pragma": [
          "no-cache"
        ],
        "x-ms-request-id": [
          "c1a13f80-e43a-4a96-951e-2d583ac786b8"
        ],
        "x-ms-client-request-id": [
          "f3cce105-27a8-49b0-bd1e-b3b6be2409b3"
        ],
        "OData-Version": [
          "4.0"
        ],
        "Strict-Transport-Security": [
          "max-age=31536000; includeSubDomains"
        ],
        "Server": [
          "Microsoft-IIS/8.5"
        ],
        "X-AspNet-Version": [
          "4.0.30319"
        ],
        "X-Powered-By": [
          "ASP.NET"
        ],
        "x-ms-ratelimit-remaining-subscription-reads": [
          "11993"
        ],
        "x-ms-correlation-request-id": [
          "235b1a58-e810-41b6-991f-c28a23698b44"
        ],
        "x-ms-routing-request-id": [
          "WESTCENTRALUS:20190327T185816Z:235b1a58-e810-41b6-991f-c28a23698b44"
        ],
        "X-Content-Type-Options": [
          "nosniff"
        ],
        "Date": [
          "Wed, 27 Mar 2019 18:58:15 GMT"
        ],
        "Content-Length": [
          "4020"
        ],
        "Content-Type": [
          "application/json; odata.metadata=minimal; odata.streaming=true"
        ],
        "Expires": [
          "-1"
        ]
      },
      "ResponseBody": "{\r\n  \"name\": \"ps8251\",\r\n  \"id\": \"/subscriptions/47f4bc68-6fe4-43a2-be8b-dfd0e290efa2/resourcegroups/ps6303/providers/Microsoft.Network/frontdoors/ps8251\",\r\n  \"type\": \"Microsoft.Network/frontdoors\",\r\n  \"tags\": {\r\n    \"tag1\": \"value1\",\r\n    \"tag2\": \"value2\"\r\n  },\r\n  \"location\": \"Global\",\r\n  \"properties\": {\r\n    \"provisioningState\": \"Succeeded\",\r\n    \"resourceState\": \"Enabled\",\r\n    \"backendPools\": [\r\n      {\r\n        \"id\": \"/subscriptions/47f4bc68-6fe4-43a2-be8b-dfd0e290efa2/resourcegroups/ps6303/providers/Microsoft.Network/Frontdoors/ps8251/BackendPools/backendpool1\",\r\n        \"name\": \"backendpool1\",\r\n        \"type\": \"Microsoft.Network/Frontdoors/BackendPools\",\r\n        \"properties\": {\r\n          \"backends\": [\r\n            {\r\n              \"address\": \"contoso1.azurewebsites.net\",\r\n              \"httpPort\": 80,\r\n              \"httpsPort\": 443,\r\n              \"priority\": 1,\r\n              \"weight\": 50,\r\n              \"backendHostHeader\": \"contoso1.azurewebsites.net\",\r\n              \"enabledState\": \"Enabled\"\r\n            }\r\n          ],\r\n          \"healthProbeSettings\": {\r\n            \"id\": \"/subscriptions/47f4bc68-6fe4-43a2-be8b-dfd0e290efa2/resourceGroups/ps6303/providers/Microsoft.Network/frontDoors/ps8251/HealthProbeSettings/healthProbeSetting1\"\r\n          },\r\n          \"loadBalancingSettings\": {\r\n            \"id\": \"/subscriptions/47f4bc68-6fe4-43a2-be8b-dfd0e290efa2/resourceGroups/ps6303/providers/Microsoft.Network/frontDoors/ps8251/LoadBalancingSettings/loadBalancingSetting1\"\r\n          },\r\n          \"resourceState\": \"Enabled\"\r\n        }\r\n      }\r\n    ],\r\n    \"healthProbeSettings\": [\r\n      {\r\n        \"id\": \"/subscriptions/47f4bc68-6fe4-43a2-be8b-dfd0e290efa2/resourcegroups/ps6303/providers/Microsoft.Network/Frontdoors/ps8251/HealthProbeSettings/healthProbeSetting1\",\r\n        \"name\": \"healthProbeSetting1\",\r\n        \"type\": \"Microsoft.Network/Frontdoors/HealthProbeSettings\",\r\n        \"properties\": {\r\n          \"intervalInSeconds\": 30,\r\n          \"path\": \"/\",\r\n          \"protocol\": \"Http\",\r\n          \"resourceState\": \"Enabled\"\r\n        }\r\n      }\r\n    ],\r\n    \"frontendEndpoints\": [\r\n      {\r\n        \"id\": \"/subscriptions/47f4bc68-6fe4-43a2-be8b-dfd0e290efa2/resourcegroups/ps6303/providers/Microsoft.Network/Frontdoors/ps8251/FrontendEndpoints/frontendendpoint1\",\r\n        \"name\": \"frontendendpoint1\",\r\n        \"type\": \"Microsoft.Network/Frontdoors/FrontendEndpoints\",\r\n        \"properties\": {\r\n          \"hostName\": \"ps8251.azurefd.net\",\r\n          \"sessionAffinityEnabledState\": \"Disabled\",\r\n          \"sessionAffinityTtlSeconds\": 0,\r\n          \"webApplicationFirewallPolicyLink\": null,\r\n          \"customHttpsProvisioningState\": null,\r\n          \"customHttpsProvisioningSubstate\": null,\r\n          \"customHttpsConfiguration\": null,\r\n          \"resourceState\": \"Enabled\"\r\n        }\r\n      }\r\n    ],\r\n    \"loadBalancingSettings\": [\r\n      {\r\n        \"id\": \"/subscriptions/47f4bc68-6fe4-43a2-be8b-dfd0e290efa2/resourcegroups/ps6303/providers/Microsoft.Network/Frontdoors/ps8251/LoadBalancingSettings/loadbalancingsetting1\",\r\n        \"name\": \"loadbalancingsetting1\",\r\n        \"type\": \"Microsoft.Network/Frontdoors/LoadBalancingSettings\",\r\n        \"properties\": {\r\n          \"additionalLatencyMilliseconds\": 0,\r\n          \"sampleSize\": 4,\r\n          \"successfulSamplesRequired\": 2,\r\n          \"resourceState\": \"Enabled\"\r\n        }\r\n      }\r\n    ],\r\n    \"routingRules\": [\r\n      {\r\n        \"id\": \"/subscriptions/47f4bc68-6fe4-43a2-be8b-dfd0e290efa2/resourcegroups/ps6303/providers/Microsoft.Network/Frontdoors/ps8251/RoutingRules/routingrule1\",\r\n        \"name\": \"routingrule1\",\r\n        \"type\": \"Microsoft.Network/Frontdoors/RoutingRules\",\r\n        \"properties\": {\r\n          \"frontendEndpoints\": [\r\n            {\r\n              \"id\": \"/subscriptions/47f4bc68-6fe4-43a2-be8b-dfd0e290efa2/resourceGroups/ps6303/providers/Microsoft.Network/frontDoors/ps8251/FrontendEndpoints/frontendEndpoint1\"\r\n            }\r\n          ],\r\n          \"acceptedProtocols\": [\r\n            \"Http\",\r\n            \"Https\"\r\n          ],\r\n          \"patternsToMatch\": [\r\n            \"/*\"\r\n          ],\r\n          \"enabledState\": \"Enabled\",\r\n          \"resourceState\": \"Enabled\",\r\n          \"routeConfiguration\": {\r\n            \"@odata.type\": \"#Microsoft.Azure.FrontDoor.Models.FrontdoorRedirectConfiguration\",\r\n            \"customFragment\": null,\r\n            \"customHost\": \"contoso2\",\r\n            \"customPath\": \"/test\",\r\n            \"redirectProtocol\": \"MatchRequest\",\r\n            \"customQueryString\": null,\r\n            \"redirectType\": \"Moved\"\r\n          }\r\n        }\r\n      }\r\n    ],\r\n    \"backendPoolsSettings\": {\r\n      \"enforceCertificateNameCheck\": null\r\n    },\r\n    \"enabledState\": \"Enabled\",\r\n    \"cName\": \"ps8251.azurefd.net\",\r\n    \"friendlyName\": \"ps8251\"\r\n  }\r\n}",
      "StatusCode": 200
    },
    {
      "RequestUri": "/subscriptions/47f4bc68-6fe4-43a2-be8b-dfd0e290efa2/resourceGroups/ps6303/providers/Microsoft.Network/frontDoors/ps8251?api-version=2019-04-01",
      "EncodedRequestUri": "L3N1YnNjcmlwdGlvbnMvNDdmNGJjNjgtNmZlNC00M2EyLWJlOGItZGZkMGUyOTBlZmEyL3Jlc291cmNlR3JvdXBzL3BzNjMwMy9wcm92aWRlcnMvTWljcm9zb2Z0Lk5ldHdvcmsvZnJvbnREb29ycy9wczgyNTE/YXBpLXZlcnNpb249MjAxOS0wNC0wMQ==",
      "RequestMethod": "GET",
      "RequestBody": "",
      "RequestHeaders": {
        "User-Agent": [
          "FxVersion/4.6.27317.03",
          "OSName/Windows",
          "OSVersion/Microsoft.Windows.10.0.17763.",
          "Microsoft.Azure.Management.FrontDoor.FrontDoorManagementClient/0.13.0.0"
        ]
      },
      "ResponseHeaders": {
        "Cache-Control": [
          "no-cache"
        ],
        "Pragma": [
          "no-cache"
        ],
        "x-ms-request-id": [
          "984c2746-d1bb-4932-b0bc-5bb09ecd568e"
        ],
        "x-ms-client-request-id": [
          "d5b05edc-a3d3-4fc1-9499-94c558ceb922"
        ],
        "OData-Version": [
          "4.0"
        ],
        "Strict-Transport-Security": [
          "max-age=31536000; includeSubDomains"
        ],
        "Server": [
          "Microsoft-IIS/8.5"
        ],
        "X-AspNet-Version": [
          "4.0.30319"
        ],
        "X-Powered-By": [
          "ASP.NET"
        ],
        "x-ms-ratelimit-remaining-subscription-reads": [
          "11990"
        ],
        "x-ms-correlation-request-id": [
          "d329892b-f92c-4892-a55c-50b3ff37c413"
        ],
        "x-ms-routing-request-id": [
          "WESTCENTRALUS:20190327T185828Z:d329892b-f92c-4892-a55c-50b3ff37c413"
        ],
        "X-Content-Type-Options": [
          "nosniff"
        ],
        "Date": [
          "Wed, 27 Mar 2019 18:58:27 GMT"
        ],
        "Content-Length": [
          "4020"
        ],
        "Content-Type": [
          "application/json; odata.metadata=minimal; odata.streaming=true"
        ],
        "Expires": [
          "-1"
        ]
      },
      "ResponseBody": "{\r\n  \"name\": \"ps8251\",\r\n  \"id\": \"/subscriptions/47f4bc68-6fe4-43a2-be8b-dfd0e290efa2/resourcegroups/ps6303/providers/Microsoft.Network/frontdoors/ps8251\",\r\n  \"type\": \"Microsoft.Network/frontdoors\",\r\n  \"tags\": {\r\n    \"tag1\": \"value1\",\r\n    \"tag2\": \"value2\"\r\n  },\r\n  \"location\": \"Global\",\r\n  \"properties\": {\r\n    \"provisioningState\": \"Succeeded\",\r\n    \"resourceState\": \"Enabled\",\r\n    \"backendPools\": [\r\n      {\r\n        \"id\": \"/subscriptions/47f4bc68-6fe4-43a2-be8b-dfd0e290efa2/resourcegroups/ps6303/providers/Microsoft.Network/Frontdoors/ps8251/BackendPools/backendpool1\",\r\n        \"name\": \"backendpool1\",\r\n        \"type\": \"Microsoft.Network/Frontdoors/BackendPools\",\r\n        \"properties\": {\r\n          \"backends\": [\r\n            {\r\n              \"address\": \"contoso1.azurewebsites.net\",\r\n              \"httpPort\": 80,\r\n              \"httpsPort\": 443,\r\n              \"priority\": 1,\r\n              \"weight\": 50,\r\n              \"backendHostHeader\": \"contoso1.azurewebsites.net\",\r\n              \"enabledState\": \"Enabled\"\r\n            }\r\n          ],\r\n          \"healthProbeSettings\": {\r\n            \"id\": \"/subscriptions/47f4bc68-6fe4-43a2-be8b-dfd0e290efa2/resourceGroups/ps6303/providers/Microsoft.Network/frontDoors/ps8251/HealthProbeSettings/healthProbeSetting1\"\r\n          },\r\n          \"loadBalancingSettings\": {\r\n            \"id\": \"/subscriptions/47f4bc68-6fe4-43a2-be8b-dfd0e290efa2/resourceGroups/ps6303/providers/Microsoft.Network/frontDoors/ps8251/LoadBalancingSettings/loadBalancingSetting1\"\r\n          },\r\n          \"resourceState\": \"Enabled\"\r\n        }\r\n      }\r\n    ],\r\n    \"healthProbeSettings\": [\r\n      {\r\n        \"id\": \"/subscriptions/47f4bc68-6fe4-43a2-be8b-dfd0e290efa2/resourcegroups/ps6303/providers/Microsoft.Network/Frontdoors/ps8251/HealthProbeSettings/healthProbeSetting1\",\r\n        \"name\": \"healthProbeSetting1\",\r\n        \"type\": \"Microsoft.Network/Frontdoors/HealthProbeSettings\",\r\n        \"properties\": {\r\n          \"intervalInSeconds\": 30,\r\n          \"path\": \"/\",\r\n          \"protocol\": \"Http\",\r\n          \"resourceState\": \"Enabled\"\r\n        }\r\n      }\r\n    ],\r\n    \"frontendEndpoints\": [\r\n      {\r\n        \"id\": \"/subscriptions/47f4bc68-6fe4-43a2-be8b-dfd0e290efa2/resourcegroups/ps6303/providers/Microsoft.Network/Frontdoors/ps8251/FrontendEndpoints/frontendendpoint1\",\r\n        \"name\": \"frontendendpoint1\",\r\n        \"type\": \"Microsoft.Network/Frontdoors/FrontendEndpoints\",\r\n        \"properties\": {\r\n          \"hostName\": \"ps8251.azurefd.net\",\r\n          \"sessionAffinityEnabledState\": \"Disabled\",\r\n          \"sessionAffinityTtlSeconds\": 0,\r\n          \"webApplicationFirewallPolicyLink\": null,\r\n          \"customHttpsProvisioningState\": null,\r\n          \"customHttpsProvisioningSubstate\": null,\r\n          \"customHttpsConfiguration\": null,\r\n          \"resourceState\": \"Enabled\"\r\n        }\r\n      }\r\n    ],\r\n    \"loadBalancingSettings\": [\r\n      {\r\n        \"id\": \"/subscriptions/47f4bc68-6fe4-43a2-be8b-dfd0e290efa2/resourcegroups/ps6303/providers/Microsoft.Network/Frontdoors/ps8251/LoadBalancingSettings/loadbalancingsetting1\",\r\n        \"name\": \"loadbalancingsetting1\",\r\n        \"type\": \"Microsoft.Network/Frontdoors/LoadBalancingSettings\",\r\n        \"properties\": {\r\n          \"additionalLatencyMilliseconds\": 0,\r\n          \"sampleSize\": 4,\r\n          \"successfulSamplesRequired\": 2,\r\n          \"resourceState\": \"Enabled\"\r\n        }\r\n      }\r\n    ],\r\n    \"routingRules\": [\r\n      {\r\n        \"id\": \"/subscriptions/47f4bc68-6fe4-43a2-be8b-dfd0e290efa2/resourcegroups/ps6303/providers/Microsoft.Network/Frontdoors/ps8251/RoutingRules/routingrule1\",\r\n        \"name\": \"routingrule1\",\r\n        \"type\": \"Microsoft.Network/Frontdoors/RoutingRules\",\r\n        \"properties\": {\r\n          \"frontendEndpoints\": [\r\n            {\r\n              \"id\": \"/subscriptions/47f4bc68-6fe4-43a2-be8b-dfd0e290efa2/resourceGroups/ps6303/providers/Microsoft.Network/frontDoors/ps8251/FrontendEndpoints/frontendEndpoint1\"\r\n            }\r\n          ],\r\n          \"acceptedProtocols\": [\r\n            \"Http\",\r\n            \"Https\"\r\n          ],\r\n          \"patternsToMatch\": [\r\n            \"/*\"\r\n          ],\r\n          \"enabledState\": \"Enabled\",\r\n          \"resourceState\": \"Enabled\",\r\n          \"routeConfiguration\": {\r\n            \"@odata.type\": \"#Microsoft.Azure.FrontDoor.Models.FrontdoorRedirectConfiguration\",\r\n            \"customFragment\": null,\r\n            \"customHost\": \"contoso2\",\r\n            \"customPath\": \"/test\",\r\n            \"redirectProtocol\": \"MatchRequest\",\r\n            \"customQueryString\": null,\r\n            \"redirectType\": \"Moved\"\r\n          }\r\n        }\r\n      }\r\n    ],\r\n    \"backendPoolsSettings\": {\r\n      \"enforceCertificateNameCheck\": null\r\n    },\r\n    \"enabledState\": \"Enabled\",\r\n    \"cName\": \"ps8251.azurefd.net\",\r\n    \"friendlyName\": \"ps8251\"\r\n  }\r\n}",
      "StatusCode": 200
    },
    {
      "RequestUri": "/subscriptions/47f4bc68-6fe4-43a2-be8b-dfd0e290efa2/resourceGroups/ps6303/providers/Microsoft.Network/frontDoors/ps8251?api-version=2019-04-01",
      "EncodedRequestUri": "L3N1YnNjcmlwdGlvbnMvNDdmNGJjNjgtNmZlNC00M2EyLWJlOGItZGZkMGUyOTBlZmEyL3Jlc291cmNlR3JvdXBzL3BzNjMwMy9wcm92aWRlcnMvTWljcm9zb2Z0Lk5ldHdvcmsvZnJvbnREb29ycy9wczgyNTE/YXBpLXZlcnNpb249MjAxOS0wNC0wMQ==",
      "RequestMethod": "GET",
      "RequestBody": "",
      "RequestHeaders": {
        "x-ms-client-request-id": [
          "ca662439-e4d0-4490-82a5-3e18e4244e78"
        ],
        "Accept-Language": [
          "en-US"
        ],
        "User-Agent": [
          "FxVersion/4.6.27317.03",
          "OSName/Windows",
          "OSVersion/Microsoft.Windows.10.0.17763.",
          "Microsoft.Azure.Management.FrontDoor.FrontDoorManagementClient/0.13.0.0"
        ]
      },
      "ResponseHeaders": {
        "Cache-Control": [
          "no-cache"
        ],
        "Pragma": [
          "no-cache"
        ],
        "x-ms-request-id": [
          "e3ce50ad-e964-43d4-a759-a1f7302d25ca"
        ],
        "x-ms-client-request-id": [
          "ca662439-e4d0-4490-82a5-3e18e4244e78"
        ],
        "Strict-Transport-Security": [
          "max-age=31536000; includeSubDomains"
        ],
        "Server": [
          "Microsoft-IIS/8.5"
        ],
        "X-AspNet-Version": [
          "4.0.30319"
        ],
        "X-Powered-By": [
          "ASP.NET"
        ],
        "x-ms-ratelimit-remaining-subscription-reads": [
          "11986"
        ],
        "x-ms-correlation-request-id": [
          "f420ffe0-3f94-4a71-b4c6-1cd50bce88f2"
        ],
        "x-ms-routing-request-id": [
          "WESTCENTRALUS:20190327T185840Z:f420ffe0-3f94-4a71-b4c6-1cd50bce88f2"
        ],
        "X-Content-Type-Options": [
          "nosniff"
        ],
        "Date": [
          "Wed, 27 Mar 2019 18:58:39 GMT"
        ],
        "Content-Length": [
          "104"
        ],
        "Content-Type": [
          "application/json; charset=utf-8"
        ],
        "Content-Language": [
          "en-US"
        ],
        "Expires": [
          "-1"
        ]
      },
      "ResponseBody": "{\r\n  \"error\": {\r\n    \"code\": \"NotFound\",\r\n    \"message\": \"The requested resource was not found.\"\r\n  }\r\n}",
      "StatusCode": 404
    },
    {
      "RequestUri": "/subscriptions/47f4bc68-6fe4-43a2-be8b-dfd0e290efa2/resourcegroups/ps6303/providers/Microsoft.Network/frontdooroperationresults/3c522e7e-d867-4a97-85cf-59e4825c5967?api-version=2019-04-01",
      "EncodedRequestUri": "L3N1YnNjcmlwdGlvbnMvNDdmNGJjNjgtNmZlNC00M2EyLWJlOGItZGZkMGUyOTBlZmEyL3Jlc291cmNlZ3JvdXBzL3BzNjMwMy9wcm92aWRlcnMvTWljcm9zb2Z0Lk5ldHdvcmsvZnJvbnRkb29yb3BlcmF0aW9ucmVzdWx0cy8zYzUyMmU3ZS1kODY3LTRhOTctODVjZi01OWU0ODI1YzU5Njc/YXBpLXZlcnNpb249MjAxOS0wNC0wMQ==",
      "RequestMethod": "GET",
      "RequestBody": "",
      "RequestHeaders": {
        "User-Agent": [
          "FxVersion/4.6.27317.03",
          "OSName/Windows",
          "OSVersion/Microsoft.Windows.10.0.17763.",
          "Microsoft.Azure.Management.FrontDoor.FrontDoorManagementClient/0.13.0.0"
        ]
      },
      "ResponseHeaders": {
        "Cache-Control": [
          "no-cache"
        ],
        "Pragma": [
          "no-cache"
        ],
        "x-ms-request-id": [
          "fb59178b-b4b2-4424-bde0-df865456bb1a"
        ],
        "x-ms-client-request-id": [
          "868f91cd-b1fc-4c35-a6d7-b3e2bc67d2d9"
        ],
        "OData-Version": [
          "4.0"
        ],
        "Strict-Transport-Security": [
          "max-age=31536000; includeSubDomains"
        ],
        "Server": [
          "Microsoft-IIS/8.5"
        ],
        "X-AspNet-Version": [
          "4.0.30319"
        ],
        "X-Powered-By": [
          "ASP.NET"
        ],
        "x-ms-ratelimit-remaining-subscription-reads": [
          "11994"
        ],
        "x-ms-correlation-request-id": [
          "4912a049-c91c-4cd4-9eb0-ddabf882c6b3"
        ],
        "x-ms-routing-request-id": [
          "WESTCENTRALUS:20190327T185815Z:4912a049-c91c-4cd4-9eb0-ddabf882c6b3"
        ],
        "X-Content-Type-Options": [
          "nosniff"
        ],
        "Date": [
          "Wed, 27 Mar 2019 18:58:15 GMT"
        ],
        "Content-Length": [
          "49"
        ],
        "Content-Type": [
          "application/json; odata.metadata=minimal; odata.streaming=true"
        ],
        "Expires": [
          "-1"
        ]
      },
      "ResponseBody": "{\r\n  \"status\": \"Succeeded\",\r\n  \"error\": {}\r\n}",
      "StatusCode": 200
    },
    {
      "RequestUri": "/subscriptions/47f4bc68-6fe4-43a2-be8b-dfd0e290efa2/resourcegroups/ps6303/providers/Microsoft.Network/frontdooroperationresults/b81920d7-cd26-4eed-a6cb-ed716be72de5?api-version=2019-04-01",
      "EncodedRequestUri": "L3N1YnNjcmlwdGlvbnMvNDdmNGJjNjgtNmZlNC00M2EyLWJlOGItZGZkMGUyOTBlZmEyL3Jlc291cmNlZ3JvdXBzL3BzNjMwMy9wcm92aWRlcnMvTWljcm9zb2Z0Lk5ldHdvcmsvZnJvbnRkb29yb3BlcmF0aW9ucmVzdWx0cy9iODE5MjBkNy1jZDI2LTRlZWQtYTZjYi1lZDcxNmJlNzJkZTU/YXBpLXZlcnNpb249MjAxOS0wNC0wMQ==",
      "RequestMethod": "GET",
      "RequestBody": "",
      "RequestHeaders": {
        "User-Agent": [
          "FxVersion/4.6.27317.03",
          "OSName/Windows",
          "OSVersion/Microsoft.Windows.10.0.17763.",
          "Microsoft.Azure.Management.FrontDoor.FrontDoorManagementClient/0.13.0.0"
        ]
      },
      "ResponseHeaders": {
        "Cache-Control": [
          "no-cache"
        ],
        "Pragma": [
          "no-cache"
        ],
        "x-ms-request-id": [
          "57119c24-e147-47be-a63e-460b7da397ac"
        ],
        "x-ms-client-request-id": [
          "9e530a12-835d-43d4-b9ab-1c45d18adffe"
        ],
        "OData-Version": [
          "4.0"
        ],
        "Strict-Transport-Security": [
          "max-age=31536000; includeSubDomains"
        ],
        "Server": [
          "Microsoft-IIS/8.5"
        ],
        "X-AspNet-Version": [
          "4.0.30319"
        ],
        "X-Powered-By": [
          "ASP.NET"
        ],
        "x-ms-ratelimit-remaining-subscription-reads": [
          "11991"
        ],
        "x-ms-correlation-request-id": [
          "100743f3-2d43-4e03-8e3d-d77683b78ed7"
        ],
        "x-ms-routing-request-id": [
          "WESTCENTRALUS:20190327T185827Z:100743f3-2d43-4e03-8e3d-d77683b78ed7"
        ],
        "X-Content-Type-Options": [
          "nosniff"
        ],
        "Date": [
          "Wed, 27 Mar 2019 18:58:27 GMT"
        ],
        "Content-Length": [
          "49"
        ],
        "Content-Type": [
          "application/json; odata.metadata=minimal; odata.streaming=true"
        ],
        "Expires": [
          "-1"
        ]
      },
      "ResponseBody": "{\r\n  \"status\": \"Succeeded\",\r\n  \"error\": {}\r\n}",
      "StatusCode": 200
    },
    {
      "RequestUri": "/subscriptions/47f4bc68-6fe4-43a2-be8b-dfd0e290efa2/resourceGroups/ps6303/providers/Microsoft.Network/frontDoors/ps8251?api-version=2019-04-01",
      "EncodedRequestUri": "L3N1YnNjcmlwdGlvbnMvNDdmNGJjNjgtNmZlNC00M2EyLWJlOGItZGZkMGUyOTBlZmEyL3Jlc291cmNlR3JvdXBzL3BzNjMwMy9wcm92aWRlcnMvTWljcm9zb2Z0Lk5ldHdvcmsvZnJvbnREb29ycy9wczgyNTE/YXBpLXZlcnNpb249MjAxOS0wNC0wMQ==",
      "RequestMethod": "DELETE",
      "RequestBody": "",
      "RequestHeaders": {
        "x-ms-client-request-id": [
          "fa0ab25d-fccd-4a14-ab74-00313888eb22"
        ],
        "Accept-Language": [
          "en-US"
        ],
        "User-Agent": [
          "FxVersion/4.6.27317.03",
          "OSName/Windows",
          "OSVersion/Microsoft.Windows.10.0.17763.",
          "Microsoft.Azure.Management.FrontDoor.FrontDoorManagementClient/0.13.0.0"
        ]
      },
      "ResponseHeaders": {
        "Cache-Control": [
          "no-cache"
        ],
        "Pragma": [
          "no-cache"
        ],
        "Location": [
          "https://management.azure.com/subscriptions/47f4bc68-6fe4-43a2-be8b-dfd0e290efa2/resourcegroups/ps6303/providers/Microsoft.Network/frontdooroperationresults/5c19a9c8-019c-4909-8491-490a3ebe987e/frontdoorresults/ps8251?api-version=2019-04-01"
        ],
        "Retry-After": [
          "10"
        ],
        "x-ms-request-id": [
          "dc997e2b-a3f9-4d70-92d2-25e50614565e"
        ],
        "x-ms-client-request-id": [
          "fa0ab25d-fccd-4a14-ab74-00313888eb22"
        ],
        "Azure-AsyncOperation": [
          "https://management.azure.com/subscriptions/47f4bc68-6fe4-43a2-be8b-dfd0e290efa2/resourcegroups/ps6303/providers/Microsoft.Network/frontdooroperationresults/5c19a9c8-019c-4909-8491-490a3ebe987e?api-version=2019-04-01"
        ],
        "Strict-Transport-Security": [
          "max-age=31536000; includeSubDomains"
        ],
        "Server": [
          "Microsoft-IIS/8.5"
        ],
        "X-AspNet-Version": [
          "4.0.30319"
        ],
        "X-Powered-By": [
          "ASP.NET"
        ],
        "x-ms-ratelimit-remaining-subscription-deletes": [
          "14999"
        ],
        "x-ms-correlation-request-id": [
          "693b191a-6b5a-41c7-9aa6-444dacc2f103"
        ],
        "x-ms-routing-request-id": [
          "WESTCENTRALUS:20190327T185829Z:693b191a-6b5a-41c7-9aa6-444dacc2f103"
        ],
        "X-Content-Type-Options": [
          "nosniff"
        ],
        "Date": [
          "Wed, 27 Mar 2019 18:58:29 GMT"
        ],
        "Expires": [
          "-1"
        ],
        "Content-Length": [
          "0"
        ]
      },
      "ResponseBody": "",
      "StatusCode": 202
    },
    {
      "RequestUri": "/subscriptions/47f4bc68-6fe4-43a2-be8b-dfd0e290efa2/resourcegroups/ps6303/providers/Microsoft.Network/frontdooroperationresults/5c19a9c8-019c-4909-8491-490a3ebe987e?api-version=2019-04-01",
      "EncodedRequestUri": "L3N1YnNjcmlwdGlvbnMvNDdmNGJjNjgtNmZlNC00M2EyLWJlOGItZGZkMGUyOTBlZmEyL3Jlc291cmNlZ3JvdXBzL3BzNjMwMy9wcm92aWRlcnMvTWljcm9zb2Z0Lk5ldHdvcmsvZnJvbnRkb29yb3BlcmF0aW9ucmVzdWx0cy81YzE5YTljOC0wMTljLTQ5MDktODQ5MS00OTBhM2ViZTk4N2U/YXBpLXZlcnNpb249MjAxOS0wNC0wMQ==",
      "RequestMethod": "GET",
      "RequestBody": "",
      "RequestHeaders": {
        "User-Agent": [
          "FxVersion/4.6.27317.03",
          "OSName/Windows",
          "OSVersion/Microsoft.Windows.10.0.17763.",
          "Microsoft.Azure.Management.FrontDoor.FrontDoorManagementClient/0.13.0.0"
        ]
      },
      "ResponseHeaders": {
        "Cache-Control": [
          "no-cache"
        ],
        "Pragma": [
          "no-cache"
        ],
        "x-ms-request-id": [
          "f00f7e32-48a9-42b7-85ad-5c01864745c2"
        ],
        "x-ms-client-request-id": [
          "6ba96986-e38c-42b3-a726-27ee3d0d8202"
        ],
        "OData-Version": [
          "4.0"
        ],
        "Strict-Transport-Security": [
          "max-age=31536000; includeSubDomains"
        ],
        "Server": [
          "Microsoft-IIS/8.5"
        ],
        "X-AspNet-Version": [
          "4.0.30319"
        ],
        "X-Powered-By": [
          "ASP.NET"
        ],
        "x-ms-ratelimit-remaining-subscription-reads": [
          "11988"
        ],
        "x-ms-correlation-request-id": [
          "865212ac-001f-4a00-9cf0-0ec76a17e115"
        ],
        "x-ms-routing-request-id": [
          "WESTCENTRALUS:20190327T185839Z:865212ac-001f-4a00-9cf0-0ec76a17e115"
        ],
        "X-Content-Type-Options": [
          "nosniff"
        ],
        "Date": [
          "Wed, 27 Mar 2019 18:58:38 GMT"
        ],
        "Content-Length": [
          "49"
        ],
        "Content-Type": [
          "application/json; odata.metadata=minimal; odata.streaming=true"
        ],
        "Expires": [
          "-1"
        ]
      },
      "ResponseBody": "{\r\n  \"status\": \"Succeeded\",\r\n  \"error\": {}\r\n}",
      "StatusCode": 200
    },
    {
      "RequestUri": "/subscriptions/47f4bc68-6fe4-43a2-be8b-dfd0e290efa2/resourcegroups/ps6303/providers/Microsoft.Network/frontdooroperationresults/5c19a9c8-019c-4909-8491-490a3ebe987e/frontdoorresults/ps8251?api-version=2019-04-01",
      "EncodedRequestUri": "L3N1YnNjcmlwdGlvbnMvNDdmNGJjNjgtNmZlNC00M2EyLWJlOGItZGZkMGUyOTBlZmEyL3Jlc291cmNlZ3JvdXBzL3BzNjMwMy9wcm92aWRlcnMvTWljcm9zb2Z0Lk5ldHdvcmsvZnJvbnRkb29yb3BlcmF0aW9ucmVzdWx0cy81YzE5YTljOC0wMTljLTQ5MDktODQ5MS00OTBhM2ViZTk4N2UvZnJvbnRkb29ycmVzdWx0cy9wczgyNTE/YXBpLXZlcnNpb249MjAxOS0wNC0wMQ==",
      "RequestMethod": "GET",
      "RequestBody": "",
      "RequestHeaders": {
        "User-Agent": [
          "FxVersion/4.6.27317.03",
          "OSName/Windows",
          "OSVersion/Microsoft.Windows.10.0.17763.",
          "Microsoft.Azure.Management.FrontDoor.FrontDoorManagementClient/0.13.0.0"
        ]
      },
      "ResponseHeaders": {
        "Cache-Control": [
          "no-cache"
        ],
        "Pragma": [
          "no-cache"
        ],
        "x-ms-request-id": [
          "0d68014f-58e6-48a1-a862-575ecff24861"
        ],
        "x-ms-client-request-id": [
          "f0c67a1b-6ff7-4c21-a2ce-1d14e3b5c3af"
        ],
        "Strict-Transport-Security": [
          "max-age=31536000; includeSubDomains"
        ],
        "Server": [
          "Microsoft-IIS/8.5"
        ],
        "X-AspNet-Version": [
          "4.0.30319"
        ],
        "X-Powered-By": [
          "ASP.NET"
        ],
        "x-ms-ratelimit-remaining-subscription-reads": [
          "11987"
        ],
        "x-ms-correlation-request-id": [
          "6c37fb8a-6744-4115-9b1a-8adc581ab14b"
        ],
        "x-ms-routing-request-id": [
          "WESTCENTRALUS:20190327T185839Z:6c37fb8a-6744-4115-9b1a-8adc581ab14b"
        ],
        "X-Content-Type-Options": [
          "nosniff"
        ],
        "Date": [
          "Wed, 27 Mar 2019 18:58:39 GMT"
        ],
        "Expires": [
          "-1"
        ]
      },
      "ResponseBody": "",
      "StatusCode": 204
    },
    {
      "RequestUri": "/subscriptions/47f4bc68-6fe4-43a2-be8b-dfd0e290efa2/resourcegroups/ps6303?api-version=2016-09-01",
      "EncodedRequestUri": "L3N1YnNjcmlwdGlvbnMvNDdmNGJjNjgtNmZlNC00M2EyLWJlOGItZGZkMGUyOTBlZmEyL3Jlc291cmNlZ3JvdXBzL3BzNjMwMz9hcGktdmVyc2lvbj0yMDE2LTA5LTAx",
      "RequestMethod": "DELETE",
      "RequestBody": "",
      "RequestHeaders": {
        "x-ms-client-request-id": [
          "1ebf8950-333b-45b7-84cd-e90d5649296b"
        ],
        "Accept-Language": [
          "en-US"
        ],
        "User-Agent": [
          "FxVersion/4.6.27317.03",
          "OSName/Windows",
          "OSVersion/Microsoft.Windows.10.0.17763.",
          "Microsoft.Azure.Management.Internal.Resources.ResourceManagementClient/1.1.18"
        ]
      },
      "ResponseHeaders": {
        "Cache-Control": [
          "no-cache"
        ],
        "Pragma": [
          "no-cache"
        ],
        "Location": [
          "https://management.azure.com/subscriptions/47f4bc68-6fe4-43a2-be8b-dfd0e290efa2/operationresults/eyJqb2JJZCI6IlJFU09VUkNFR1JPVVBERUxFVElPTkpPQi1QUzYzMDMtV0VTVFVTIiwiam9iTG9jYXRpb24iOiJ3ZXN0dXMifQ?api-version=2016-09-01"
        ],
        "Retry-After": [
          "15"
        ],
        "x-ms-ratelimit-remaining-subscription-deletes": [
          "14999"
        ],
        "x-ms-request-id": [
          "d230d8b8-0c1b-4088-b002-29f195921fb4"
        ],
        "x-ms-correlation-request-id": [
          "d230d8b8-0c1b-4088-b002-29f195921fb4"
        ],
        "x-ms-routing-request-id": [
          "WESTCENTRALUS:20190327T185841Z:d230d8b8-0c1b-4088-b002-29f195921fb4"
        ],
        "Strict-Transport-Security": [
          "max-age=31536000; includeSubDomains"
        ],
        "X-Content-Type-Options": [
          "nosniff"
        ],
        "Date": [
          "Wed, 27 Mar 2019 18:58:41 GMT"
        ],
        "Expires": [
          "-1"
        ],
        "Content-Length": [
          "0"
        ]
      },
      "ResponseBody": "",
      "StatusCode": 202
    },
    {
      "RequestUri": "/subscriptions/47f4bc68-6fe4-43a2-be8b-dfd0e290efa2/operationresults/eyJqb2JJZCI6IlJFU09VUkNFR1JPVVBERUxFVElPTkpPQi1QUzYzMDMtV0VTVFVTIiwiam9iTG9jYXRpb24iOiJ3ZXN0dXMifQ?api-version=2016-09-01",
      "EncodedRequestUri": "L3N1YnNjcmlwdGlvbnMvNDdmNGJjNjgtNmZlNC00M2EyLWJlOGItZGZkMGUyOTBlZmEyL29wZXJhdGlvbnJlc3VsdHMvZXlKcWIySkpaQ0k2SWxKRlUwOVZVa05GUjFKUFZWQkVSVXhGVkVsUFRrcFBRaTFRVXpZek1ETXRWMFZUVkZWVElpd2lhbTlpVEc5allYUnBiMjRpT2lKM1pYTjBkWE1pZlE/YXBpLXZlcnNpb249MjAxNi0wOS0wMQ==",
      "RequestMethod": "GET",
      "RequestBody": "",
      "RequestHeaders": {
        "User-Agent": [
          "FxVersion/4.6.27317.03",
          "OSName/Windows",
          "OSVersion/Microsoft.Windows.10.0.17763.",
          "Microsoft.Azure.Management.Internal.Resources.ResourceManagementClient/1.1.18"
        ]
      },
      "ResponseHeaders": {
        "Cache-Control": [
          "no-cache"
        ],
        "Pragma": [
          "no-cache"
        ],
        "Location": [
          "https://management.azure.com/subscriptions/47f4bc68-6fe4-43a2-be8b-dfd0e290efa2/operationresults/eyJqb2JJZCI6IlJFU09VUkNFR1JPVVBERUxFVElPTkpPQi1QUzYzMDMtV0VTVFVTIiwiam9iTG9jYXRpb24iOiJ3ZXN0dXMifQ?api-version=2016-09-01"
        ],
        "Retry-After": [
          "15"
        ],
        "x-ms-ratelimit-remaining-subscription-reads": [
          "11998"
        ],
        "x-ms-request-id": [
          "74649bed-f5cc-4dd3-82bf-6a25d11ef51f"
        ],
        "x-ms-correlation-request-id": [
          "74649bed-f5cc-4dd3-82bf-6a25d11ef51f"
        ],
        "x-ms-routing-request-id": [
          "WESTCENTRALUS:20190327T185856Z:74649bed-f5cc-4dd3-82bf-6a25d11ef51f"
        ],
        "Strict-Transport-Security": [
          "max-age=31536000; includeSubDomains"
        ],
        "X-Content-Type-Options": [
          "nosniff"
        ],
        "Date": [
          "Wed, 27 Mar 2019 18:58:55 GMT"
        ],
        "Expires": [
          "-1"
        ],
        "Content-Length": [
          "0"
        ]
      },
      "ResponseBody": "",
      "StatusCode": 202
    },
    {
      "RequestUri": "/subscriptions/47f4bc68-6fe4-43a2-be8b-dfd0e290efa2/operationresults/eyJqb2JJZCI6IlJFU09VUkNFR1JPVVBERUxFVElPTkpPQi1QUzYzMDMtV0VTVFVTIiwiam9iTG9jYXRpb24iOiJ3ZXN0dXMifQ?api-version=2016-09-01",
      "EncodedRequestUri": "L3N1YnNjcmlwdGlvbnMvNDdmNGJjNjgtNmZlNC00M2EyLWJlOGItZGZkMGUyOTBlZmEyL29wZXJhdGlvbnJlc3VsdHMvZXlKcWIySkpaQ0k2SWxKRlUwOVZVa05GUjFKUFZWQkVSVXhGVkVsUFRrcFBRaTFRVXpZek1ETXRWMFZUVkZWVElpd2lhbTlpVEc5allYUnBiMjRpT2lKM1pYTjBkWE1pZlE/YXBpLXZlcnNpb249MjAxNi0wOS0wMQ==",
      "RequestMethod": "GET",
      "RequestBody": "",
      "RequestHeaders": {
        "User-Agent": [
          "FxVersion/4.6.27317.03",
          "OSName/Windows",
          "OSVersion/Microsoft.Windows.10.0.17763.",
          "Microsoft.Azure.Management.Internal.Resources.ResourceManagementClient/1.1.18"
        ]
      },
      "ResponseHeaders": {
        "Cache-Control": [
          "no-cache"
        ],
        "Pragma": [
          "no-cache"
        ],
        "Location": [
          "https://management.azure.com/subscriptions/47f4bc68-6fe4-43a2-be8b-dfd0e290efa2/operationresults/eyJqb2JJZCI6IlJFU09VUkNFR1JPVVBERUxFVElPTkpPQi1QUzYzMDMtV0VTVFVTIiwiam9iTG9jYXRpb24iOiJ3ZXN0dXMifQ?api-version=2016-09-01"
        ],
        "Retry-After": [
          "15"
        ],
        "x-ms-ratelimit-remaining-subscription-reads": [
          "11997"
        ],
        "x-ms-request-id": [
          "ccdd0890-bb7a-4c9b-b71c-44948720760a"
        ],
        "x-ms-correlation-request-id": [
          "ccdd0890-bb7a-4c9b-b71c-44948720760a"
        ],
        "x-ms-routing-request-id": [
          "WESTCENTRALUS:20190327T185911Z:ccdd0890-bb7a-4c9b-b71c-44948720760a"
        ],
        "Strict-Transport-Security": [
          "max-age=31536000; includeSubDomains"
        ],
        "X-Content-Type-Options": [
          "nosniff"
        ],
        "Date": [
          "Wed, 27 Mar 2019 18:59:10 GMT"
        ],
        "Expires": [
          "-1"
        ],
        "Content-Length": [
          "0"
        ]
      },
      "ResponseBody": "",
      "StatusCode": 202
    },
    {
      "RequestUri": "/subscriptions/47f4bc68-6fe4-43a2-be8b-dfd0e290efa2/operationresults/eyJqb2JJZCI6IlJFU09VUkNFR1JPVVBERUxFVElPTkpPQi1QUzYzMDMtV0VTVFVTIiwiam9iTG9jYXRpb24iOiJ3ZXN0dXMifQ?api-version=2016-09-01",
      "EncodedRequestUri": "L3N1YnNjcmlwdGlvbnMvNDdmNGJjNjgtNmZlNC00M2EyLWJlOGItZGZkMGUyOTBlZmEyL29wZXJhdGlvbnJlc3VsdHMvZXlKcWIySkpaQ0k2SWxKRlUwOVZVa05GUjFKUFZWQkVSVXhGVkVsUFRrcFBRaTFRVXpZek1ETXRWMFZUVkZWVElpd2lhbTlpVEc5allYUnBiMjRpT2lKM1pYTjBkWE1pZlE/YXBpLXZlcnNpb249MjAxNi0wOS0wMQ==",
      "RequestMethod": "GET",
      "RequestBody": "",
      "RequestHeaders": {
        "User-Agent": [
          "FxVersion/4.6.27317.03",
          "OSName/Windows",
          "OSVersion/Microsoft.Windows.10.0.17763.",
          "Microsoft.Azure.Management.Internal.Resources.ResourceManagementClient/1.1.18"
        ]
      },
      "ResponseHeaders": {
        "Cache-Control": [
          "no-cache"
        ],
        "Pragma": [
          "no-cache"
        ],
        "x-ms-ratelimit-remaining-subscription-reads": [
          "11996"
        ],
        "x-ms-request-id": [
          "0a48b301-3aa6-4da4-bc6e-0aeb671dc72d"
        ],
        "x-ms-correlation-request-id": [
          "0a48b301-3aa6-4da4-bc6e-0aeb671dc72d"
        ],
        "x-ms-routing-request-id": [
          "WESTCENTRALUS:20190327T185926Z:0a48b301-3aa6-4da4-bc6e-0aeb671dc72d"
        ],
        "Strict-Transport-Security": [
          "max-age=31536000; includeSubDomains"
        ],
        "X-Content-Type-Options": [
          "nosniff"
        ],
        "Date": [
          "Wed, 27 Mar 2019 18:59:26 GMT"
        ],
        "Expires": [
          "-1"
        ],
        "Content-Length": [
          "0"
        ]
      },
      "ResponseBody": "",
      "StatusCode": 200
    },
    {
      "RequestUri": "/subscriptions/47f4bc68-6fe4-43a2-be8b-dfd0e290efa2/operationresults/eyJqb2JJZCI6IlJFU09VUkNFR1JPVVBERUxFVElPTkpPQi1QUzYzMDMtV0VTVFVTIiwiam9iTG9jYXRpb24iOiJ3ZXN0dXMifQ?api-version=2016-09-01",
      "EncodedRequestUri": "L3N1YnNjcmlwdGlvbnMvNDdmNGJjNjgtNmZlNC00M2EyLWJlOGItZGZkMGUyOTBlZmEyL29wZXJhdGlvbnJlc3VsdHMvZXlKcWIySkpaQ0k2SWxKRlUwOVZVa05GUjFKUFZWQkVSVXhGVkVsUFRrcFBRaTFRVXpZek1ETXRWMFZUVkZWVElpd2lhbTlpVEc5allYUnBiMjRpT2lKM1pYTjBkWE1pZlE/YXBpLXZlcnNpb249MjAxNi0wOS0wMQ==",
      "RequestMethod": "GET",
      "RequestBody": "",
      "RequestHeaders": {
        "User-Agent": [
          "FxVersion/4.6.27317.03",
          "OSName/Windows",
          "OSVersion/Microsoft.Windows.10.0.17763.",
          "Microsoft.Azure.Management.Internal.Resources.ResourceManagementClient/1.1.18"
        ]
      },
      "ResponseHeaders": {
        "Cache-Control": [
          "no-cache"
        ],
        "Pragma": [
          "no-cache"
        ],
        "x-ms-ratelimit-remaining-subscription-reads": [
          "11995"
        ],
        "x-ms-request-id": [
          "7abcf075-f8b4-4da7-80a9-f74ee0761c9b"
        ],
        "x-ms-correlation-request-id": [
          "7abcf075-f8b4-4da7-80a9-f74ee0761c9b"
        ],
        "x-ms-routing-request-id": [
          "WESTCENTRALUS:20190327T185926Z:7abcf075-f8b4-4da7-80a9-f74ee0761c9b"
        ],
        "Strict-Transport-Security": [
          "max-age=31536000; includeSubDomains"
        ],
        "X-Content-Type-Options": [
          "nosniff"
        ],
        "Date": [
          "Wed, 27 Mar 2019 18:59:26 GMT"
        ],
        "Expires": [
          "-1"
        ],
        "Content-Length": [
          "0"
        ]
      },
      "ResponseBody": "",
      "StatusCode": 200
    }
  ],
  "Names": {
    "Test-FrontDoorCrudRedirect": [
      "ps8251",
      "ps6303"
    ]
  },
  "Variables": {
    "SubscriptionId": "47f4bc68-6fe4-43a2-be8b-dfd0e290efa2"
  }
}