{
  "Entries": [
    {
      "RequestUri": "//subscriptions/4004a9fd-d58e-48dc-aeb2-4a4aec58606f/providers/Microsoft.Authorization/roleDefinitions/17643b76-fff5-4c48-b1a7-f4da3297a8cb?api-version=2018-01-01-preview",
      "EncodedRequestUri": "Ly9zdWJzY3JpcHRpb25zLzQwMDRhOWZkLWQ1OGUtNDhkYy1hZWIyLTRhNGFlYzU4NjA2Zi9wcm92aWRlcnMvTWljcm9zb2Z0LkF1dGhvcml6YXRpb24vcm9sZURlZmluaXRpb25zLzE3NjQzYjc2LWZmZjUtNGM0OC1iMWE3LWY0ZGEzMjk3YThjYj9hcGktdmVyc2lvbj0yMDE4LTAxLTAxLXByZXZpZXc=",
      "RequestMethod": "PUT",
      "RequestBody": "{\r\n  \"properties\": {\r\n    \"roleName\": \"CustomRole Tests Role New\",\r\n    \"description\": \"Test role\",\r\n    \"type\": \"CustomRole\",\r\n    \"permissions\": [\r\n      {\r\n        \"actions\": [],\r\n        \"notActions\": [],\r\n        \"dataActions\": [\r\n          \"Microsoft.Storage/storageAccounts/blobServices/containers/blobs/*\"\r\n        ],\r\n        \"notDataActions\": [\r\n          \"Microsoft.Storage/storageAccounts/blobServices/containers/blobs/write\"\r\n        ]\r\n      }\r\n    ],\r\n    \"assignableScopes\": [\r\n      \"/subscriptions/4004a9fd-d58e-48dc-aeb2-4a4aec58606f\"\r\n    ]\r\n  }\r\n}",
      "RequestHeaders": {
        "Content-Type": [
          "application/json; charset=utf-8"
        ],
        "Content-Length": [
          "568"
        ],
        "x-ms-client-request-id": [
          "d01a3aa3-6c86-401b-9ae8-b996435e1bd1"
        ],
        "accept-language": [
          "en-US"
        ],
        "User-Agent": [
          "FxVersion/4.7.2633.0",
          "OSName/Windows10Enterprise",
          "OSVersion/6.3.16299",
          "Microsoft.Azure.Management.Authorization.AuthorizationManagementClient/2.7.0.0"
        ]
      },
      "ResponseBody": "{\r\n  \"properties\": {\r\n    \"roleName\": \"CustomRole Tests Role New\",\r\n    \"type\": \"CustomRole\",\r\n    \"description\": \"Test role\",\r\n    \"assignableScopes\": [\r\n      \"/subscriptions/4004a9fd-d58e-48dc-aeb2-4a4aec58606f\"\r\n    ],\r\n    \"permissions\": [\r\n      {\r\n        \"actions\": [],\r\n        \"notActions\": [],\r\n        \"dataActions\": [\r\n          \"Microsoft.Storage/storageAccounts/blobServices/containers/blobs/*\"\r\n        ],\r\n        \"notDataActions\": [\r\n          \"Microsoft.Storage/storageAccounts/blobServices/containers/blobs/write\"\r\n        ]\r\n      }\r\n    ],\r\n    \"createdOn\": \"2018-03-06T23:51:57.8663809Z\",\r\n    \"updatedOn\": \"2018-03-06T23:51:57.8663809Z\",\r\n    \"createdBy\": \"f8d526a0-54eb-4941-ae69-ebf4a334d0f0\",\r\n    \"updatedBy\": \"f8d526a0-54eb-4941-ae69-ebf4a334d0f0\"\r\n  },\r\n  \"id\": \"/subscriptions/4004a9fd-d58e-48dc-aeb2-4a4aec58606f/providers/Microsoft.Authorization/roleDefinitions/17643b76-fff5-4c48-b1a7-f4da3297a8cb\",\r\n  \"type\": \"Microsoft.Authorization/roleDefinitions\",\r\n  \"name\": \"17643b76-fff5-4c48-b1a7-f4da3297a8cb\"\r\n}",
      "ResponseHeaders": {
        "Content-Length": [
          "827"
        ],
        "Content-Type": [
          "application/json; charset=utf-8"
        ],
        "Expires": [
          "-1"
        ],
        "Pragma": [
          "no-cache"
        ],
        "x-ms-request-charge": [
          "3"
        ],
        "x-ms-request-id": [
          "7ef0e8f9-342f-4d70-9040-8a2dfeea7d4f"
        ],
        "X-Content-Type-Options": [
          "nosniff"
        ],
        "Strict-Transport-Security": [
          "max-age=31536000; includeSubDomains"
        ],
        "x-ms-ratelimit-remaining-subscription-writes": [
          "1199"
        ],
        "x-ms-correlation-request-id": [
          "c74cae90-5981-4701-8692-49e592d4e6c1"
        ],
        "x-ms-routing-request-id": [
          "WESTUS2:20180306T235200Z:c74cae90-5981-4701-8692-49e592d4e6c1"
        ],
        "Cache-Control": [
          "no-cache"
        ],
        "Date": [
          "Tue, 06 Mar 2018 23:52:00 GMT"
        ],
        "Set-Cookie": [
          "x-ms-gateway-slice=productionb; path=/; secure; HttpOnly"
        ],
        "Server": [
          "Microsoft-IIS/10.0"
        ],
        "X-Powered-By": [
          "ASP.NET"
        ],
        "Retry-After": [
          "0"
        ]
      },
      "StatusCode": 201
    },
    {
      "RequestUri": "//subscriptions/4004a9fd-d58e-48dc-aeb2-4a4aec58606f/providers/Microsoft.Authorization/roleDefinitions?$filter=roleName%20eq%20'CustomRole%20Tests%20Role%20New'&api-version=2018-01-01-preview",
      "EncodedRequestUri": "Ly9zdWJzY3JpcHRpb25zLzQwMDRhOWZkLWQ1OGUtNDhkYy1hZWIyLTRhNGFlYzU4NjA2Zi9wcm92aWRlcnMvTWljcm9zb2Z0LkF1dGhvcml6YXRpb24vcm9sZURlZmluaXRpb25zPyRmaWx0ZXI9cm9sZU5hbWUlMjBlcSUyMCdDdXN0b21Sb2xlJTIwVGVzdHMlMjBSb2xlJTIwTmV3JyZhcGktdmVyc2lvbj0yMDE4LTAxLTAxLXByZXZpZXc=",
      "RequestMethod": "GET",
      "RequestBody": "",
      "RequestHeaders": {
        "x-ms-client-request-id": [
          "8da8abc1-8665-47a8-819c-fe2b9fd36007"
        ],
        "accept-language": [
          "en-US"
        ],
        "User-Agent": [
          "FxVersion/4.7.2633.0",
          "OSName/Windows10Enterprise",
          "OSVersion/6.3.16299",
          "Microsoft.Azure.Management.Authorization.AuthorizationManagementClient/2.7.0.0"
        ]
      },
      "ResponseBody": "{\r\n  \"value\": [\r\n    {\r\n      \"properties\": {\r\n        \"roleName\": \"CustomRole Tests Role New\",\r\n        \"type\": \"CustomRole\",\r\n        \"description\": \"Test role\",\r\n        \"assignableScopes\": [\r\n          \"/subscriptions/4004a9fd-d58e-48dc-aeb2-4a4aec58606f\"\r\n        ],\r\n        \"permissions\": [\r\n          {\r\n            \"actions\": [],\r\n            \"notActions\": [],\r\n            \"dataActions\": [\r\n              \"Microsoft.Storage/storageAccounts/blobServices/containers/blobs/*\"\r\n            ],\r\n            \"notDataActions\": [\r\n              \"Microsoft.Storage/storageAccounts/blobServices/containers/blobs/write\"\r\n            ]\r\n          }\r\n        ],\r\n        \"createdOn\": \"2018-03-06T23:51:57.8663809Z\",\r\n        \"updatedOn\": \"2018-03-06T23:51:57.8663809Z\",\r\n        \"createdBy\": \"f8d526a0-54eb-4941-ae69-ebf4a334d0f0\",\r\n        \"updatedBy\": \"f8d526a0-54eb-4941-ae69-ebf4a334d0f0\"\r\n      },\r\n      \"id\": \"/subscriptions/4004a9fd-d58e-48dc-aeb2-4a4aec58606f/providers/Microsoft.Authorization/roleDefinitions/17643b76-fff5-4c48-b1a7-f4da3297a8cb\",\r\n      \"type\": \"Microsoft.Authorization/roleDefinitions\",\r\n      \"name\": \"17643b76-fff5-4c48-b1a7-f4da3297a8cb\"\r\n    }\r\n  ]\r\n}",
      "ResponseHeaders": {
        "Content-Length": [
          "839"
        ],
        "Content-Type": [
          "application/json; charset=utf-8"
        ],
        "Expires": [
          "-1"
        ],
        "Pragma": [
          "no-cache"
        ],
        "x-ms-request-charge": [
          "1"
        ],
        "x-ms-request-id": [
          "b1319409-5c08-4200-8b07-da77e5066191"
        ],
        "X-Content-Type-Options": [
          "nosniff"
        ],
        "Strict-Transport-Security": [
          "max-age=31536000; includeSubDomains"
        ],
        "x-ms-ratelimit-remaining-subscription-reads": [
          "14992"
        ],
        "x-ms-correlation-request-id": [
          "8ebcc7da-9967-47da-a416-4713ee9e2f0b"
        ],
        "x-ms-routing-request-id": [
          "WESTUS2:20180306T235201Z:8ebcc7da-9967-47da-a416-4713ee9e2f0b"
        ],
        "Cache-Control": [
          "no-cache"
        ],
        "Date": [
          "Tue, 06 Mar 2018 23:52:01 GMT"
        ],
        "Set-Cookie": [
          "x-ms-gateway-slice=productionb; path=/; secure; HttpOnly"
        ],
        "Server": [
          "Microsoft-IIS/10.0"
        ],
        "X-Powered-By": [
          "ASP.NET"
        ],
        "Retry-After": [
          "0"
        ]
      },
      "StatusCode": 200
    },
    {
      "RequestUri": "//subscriptions/4004a9fd-d58e-48dc-aeb2-4a4aec58606f/providers/Microsoft.Authorization/roleDefinitions/17643b76-fff5-4c48-b1a7-f4da3297a8cb?api-version=2018-01-01-preview",
      "EncodedRequestUri": "Ly9zdWJzY3JpcHRpb25zLzQwMDRhOWZkLWQ1OGUtNDhkYy1hZWIyLTRhNGFlYzU4NjA2Zi9wcm92aWRlcnMvTWljcm9zb2Z0LkF1dGhvcml6YXRpb24vcm9sZURlZmluaXRpb25zLzE3NjQzYjc2LWZmZjUtNGM0OC1iMWE3LWY0ZGEzMjk3YThjYj9hcGktdmVyc2lvbj0yMDE4LTAxLTAxLXByZXZpZXc=",
      "RequestMethod": "GET",
      "RequestBody": "",
      "RequestHeaders": {
        "x-ms-client-request-id": [
          "4827ea60-3a92-4401-9cc7-06bbf0abdbf9"
        ],
        "accept-language": [
          "en-US"
        ],
        "User-Agent": [
          "FxVersion/4.7.2633.0",
          "OSName/Windows10Enterprise",
          "OSVersion/6.3.16299",
          "Microsoft.Azure.Management.Authorization.AuthorizationManagementClient/2.7.0.0"
        ]
      },
      "ResponseBody": "{\r\n  \"properties\": {\r\n    \"roleName\": \"CustomRole Tests Role New\",\r\n    \"type\": \"CustomRole\",\r\n    \"description\": \"Test role\",\r\n    \"assignableScopes\": [\r\n      \"/subscriptions/4004a9fd-d58e-48dc-aeb2-4a4aec58606f\"\r\n    ],\r\n    \"permissions\": [\r\n      {\r\n        \"actions\": [],\r\n        \"notActions\": [],\r\n        \"dataActions\": [\r\n          \"Microsoft.Storage/storageAccounts/blobServices/containers/blobs/*\"\r\n        ],\r\n        \"notDataActions\": [\r\n          \"Microsoft.Storage/storageAccounts/blobServices/containers/blobs/write\"\r\n        ]\r\n      }\r\n    ],\r\n    \"createdOn\": \"2018-03-06T23:51:57.8663809Z\",\r\n    \"updatedOn\": \"2018-03-06T23:51:57.8663809Z\",\r\n    \"createdBy\": \"f8d526a0-54eb-4941-ae69-ebf4a334d0f0\",\r\n    \"updatedBy\": \"f8d526a0-54eb-4941-ae69-ebf4a334d0f0\"\r\n  },\r\n  \"id\": \"/subscriptions/4004a9fd-d58e-48dc-aeb2-4a4aec58606f/providers/Microsoft.Authorization/roleDefinitions/17643b76-fff5-4c48-b1a7-f4da3297a8cb\",\r\n  \"type\": \"Microsoft.Authorization/roleDefinitions\",\r\n  \"name\": \"17643b76-fff5-4c48-b1a7-f4da3297a8cb\"\r\n}",
      "ResponseHeaders": {
        "Content-Length": [
          "827"
        ],
        "Content-Type": [
          "application/json; charset=utf-8"
        ],
        "Expires": [
          "-1"
        ],
        "Pragma": [
          "no-cache"
        ],
        "x-ms-request-charge": [
          "1"
        ],
        "x-ms-request-id": [
          "74a9bfc5-734b-4379-83d0-45434c5520db"
        ],
        "X-Content-Type-Options": [
          "nosniff"
        ],
        "Strict-Transport-Security": [
          "max-age=31536000; includeSubDomains"
        ],
        "x-ms-ratelimit-remaining-subscription-reads": [
          "14991"
        ],
        "x-ms-correlation-request-id": [
          "47ae400d-e18b-42c7-a301-5f5d8ced4d80"
        ],
        "x-ms-routing-request-id": [
          "WESTUS2:20180306T235201Z:47ae400d-e18b-42c7-a301-5f5d8ced4d80"
        ],
        "Cache-Control": [
          "no-cache"
        ],
        "Date": [
          "Tue, 06 Mar 2018 23:52:01 GMT"
        ],
        "Set-Cookie": [
          "x-ms-gateway-slice=productionb; path=/; secure; HttpOnly"
        ],
        "Server": [
          "Microsoft-IIS/10.0"
        ],
        "X-Powered-By": [
          "ASP.NET"
        ],
        "Retry-After": [
          "0"
        ]
      },
      "StatusCode": 200
    },
    {
      "RequestUri": "//subscriptions/4004a9fd-d58e-48dc-aeb2-4a4aec58606f/providers/Microsoft.Authorization/roleDefinitions/17643b76-fff5-4c48-b1a7-f4da3297a8cb?api-version=2018-01-01-preview",
      "EncodedRequestUri": "Ly9zdWJzY3JpcHRpb25zLzQwMDRhOWZkLWQ1OGUtNDhkYy1hZWIyLTRhNGFlYzU4NjA2Zi9wcm92aWRlcnMvTWljcm9zb2Z0LkF1dGhvcml6YXRpb24vcm9sZURlZmluaXRpb25zLzE3NjQzYjc2LWZmZjUtNGM0OC1iMWE3LWY0ZGEzMjk3YThjYj9hcGktdmVyc2lvbj0yMDE4LTAxLTAxLXByZXZpZXc=",
      "RequestMethod": "DELETE",
      "RequestBody": "",
      "RequestHeaders": {
        "x-ms-client-request-id": [
          "55383ca0-1304-456b-8d87-74ba8f22de99"
        ],
        "accept-language": [
          "en-US"
        ],
        "User-Agent": [
          "FxVersion/4.7.2633.0",
          "OSName/Windows10Enterprise",
          "OSVersion/6.3.16299",
          "Microsoft.Azure.Management.Authorization.AuthorizationManagementClient/2.7.0.0"
        ]
      },
      "ResponseBody": "{\r\n  \"properties\": {\r\n    \"roleName\": \"CustomRole Tests Role New\",\r\n    \"type\": \"CustomRole\",\r\n    \"description\": \"Test role\",\r\n    \"assignableScopes\": [\r\n      \"/subscriptions/4004a9fd-d58e-48dc-aeb2-4a4aec58606f\"\r\n    ],\r\n    \"permissions\": [\r\n      {\r\n        \"actions\": [],\r\n        \"notActions\": [],\r\n        \"dataActions\": [\r\n          \"Microsoft.Storage/storageAccounts/blobServices/containers/blobs/*\"\r\n        ],\r\n        \"notDataActions\": [\r\n          \"Microsoft.Storage/storageAccounts/blobServices/containers/blobs/write\"\r\n        ]\r\n      }\r\n    ],\r\n    \"createdOn\": \"2018-03-06T23:51:57.8663809Z\",\r\n    \"updatedOn\": \"2018-03-06T23:51:57.8663809Z\",\r\n    \"createdBy\": \"f8d526a0-54eb-4941-ae69-ebf4a334d0f0\",\r\n    \"updatedBy\": \"f8d526a0-54eb-4941-ae69-ebf4a334d0f0\"\r\n  },\r\n  \"id\": \"/subscriptions/4004a9fd-d58e-48dc-aeb2-4a4aec58606f/providers/Microsoft.Authorization/roleDefinitions/17643b76-fff5-4c48-b1a7-f4da3297a8cb\",\r\n  \"type\": \"Microsoft.Authorization/roleDefinitions\",\r\n  \"name\": \"17643b76-fff5-4c48-b1a7-f4da3297a8cb\"\r\n}",
      "ResponseHeaders": {
        "Content-Length": [
          "827"
        ],
        "Content-Type": [
          "application/json; charset=utf-8"
        ],
        "Expires": [
          "-1"
        ],
        "Pragma": [
          "no-cache"
        ],
        "x-ms-request-charge": [
          "2"
        ],
        "x-ms-request-id": [
          "f1e24565-ea9e-4f68-b15b-ecab8da0b7b7"
        ],
        "X-Content-Type-Options": [
          "nosniff"
        ],
        "Strict-Transport-Security": [
          "max-age=31536000; includeSubDomains"
        ],
        "x-ms-ratelimit-remaining-subscription-writes": [
          "1198"
        ],
        "x-ms-correlation-request-id": [
          "7c8f5c21-fa5e-4100-8ab0-d7d38c827b36"
        ],
        "x-ms-routing-request-id": [
          "WESTUS2:20180306T235202Z:7c8f5c21-fa5e-4100-8ab0-d7d38c827b36"
        ],
        "Cache-Control": [
          "no-cache"
        ],
        "Date": [
          "Tue, 06 Mar 2018 23:52:02 GMT"
        ],
        "Set-Cookie": [
          "x-ms-gateway-slice=productionb; path=/; secure; HttpOnly"
        ],
        "Server": [
          "Microsoft-IIS/10.0"
        ],
        "X-Powered-By": [
          "ASP.NET"
        ],
        "Retry-After": [
          "0"
        ]
      },
      "StatusCode": 200
    }
  ],
  "Names": {},
  "Variables": {
    "SubscriptionId": "4004a9fd-d58e-48dc-aeb2-4a4aec58606f",
    "TenantId": "1273adef-00a3-4086-a51a-dbcce1857d36",
    "Domain": "rbacclitest.onmicrosoft.com"
  }
}