{
  "Entries": [
    {
      "RequestUri": "//subscriptions/4004a9fd-d58e-48dc-aeb2-4a4aec58606f/providers/Microsoft.Authorization/roleDefinitions/032f61d2-ed09-40c9-8657-26a273da7bae?api-version=2015-07-01",
      "EncodedRequestUri": "Ly9zdWJzY3JpcHRpb25zLzQwMDRhOWZkLWQ1OGUtNDhkYy1hZWIyLTRhNGFlYzU4NjA2Zi9wcm92aWRlcnMvTWljcm9zb2Z0LkF1dGhvcml6YXRpb24vcm9sZURlZmluaXRpb25zLzAzMmY2MWQyLWVkMDktNDBjOS04NjU3LTI2YTI3M2RhN2JhZT9hcGktdmVyc2lvbj0yMDE1LTA3LTAx",
      "RequestMethod": "PUT",
      "RequestBody": "{\r\n  \"name\": \"032f61d2-ed09-40c9-8657-26a273da7bae\",\r\n  \"properties\": {\r\n    \"roleName\": \"Another tests role\",\r\n    \"description\": \"Test role\",\r\n    \"type\": \"CustomRole\",\r\n    \"permissions\": [\r\n      {\r\n        \"actions\": [\r\n          \"Microsoft.Authorization/*/read\",\r\n          \"Microsoft.Support/*\"\r\n        ],\r\n        \"notActions\": []\r\n      }\r\n    ],\r\n    \"assignableScopes\": [\r\n      \"/subscriptions/4004a9fd-d58e-48dc-aeb2-4a4aec58606f\"\r\n    ]\r\n  }\r\n}",
      "RequestHeaders": {
        "Content-Type": [
          "application/json; charset=utf-8"
        ],
        "Content-Length": [
          "459"
        ],
        "User-Agent": [
          "Microsoft.Azure.Management.Authorization.AuthorizationManagementClient/2.0.0.0"
        ]
      },
      "ResponseBody": "{\r\n  \"properties\": {\r\n    \"roleName\": \"Another tests role\",\r\n    \"type\": \"CustomRole\",\r\n    \"description\": \"Test role\",\r\n    \"assignableScopes\": [\r\n      \"/subscriptions/4004a9fd-d58e-48dc-aeb2-4a4aec58606f\"\r\n    ],\r\n    \"permissions\": [\r\n      {\r\n        \"actions\": [\r\n          \"Microsoft.Authorization/*/read\",\r\n          \"Microsoft.Support/*\"\r\n        ],\r\n        \"notActions\": []\r\n      }\r\n    ],\r\n    \"createdOn\": \"2015-12-02T02:44:37.6594959Z\",\r\n    \"updatedOn\": \"2015-12-02T02:44:37.6594959Z\",\r\n    \"createdBy\": \"f8d526a0-54eb-4941-ae69-ebf4a334d0f0\",\r\n    \"updatedBy\": \"f8d526a0-54eb-4941-ae69-ebf4a334d0f0\"\r\n  },\r\n  \"id\": \"/subscriptions/4004a9fd-d58e-48dc-aeb2-4a4aec58606f/providers/Microsoft.Authorization/roleDefinitions/032f61d2-ed09-40c9-8657-26a273da7bae\",\r\n  \"type\": \"Microsoft.Authorization/roleDefinitions\",\r\n  \"name\": \"032f61d2-ed09-40c9-8657-26a273da7bae\"\r\n}",
      "ResponseHeaders": {
        "Content-Length": [
          "699"
        ],
        "Content-Type": [
          "application/json; charset=utf-8"
        ],
        "Expires": [
          "-1"
        ],
        "Pragma": [
          "no-cache"
        ],
        "x-ms-request-id": [
          "d84adb4b-168a-4ccb-b480-2a7d15ac8a0d"
        ],
        "x-ms-gateway-service-instanceid": [
          "PASFE_IN_1"
        ],
        "X-Content-Type-Options": [
          "nosniff"
        ],
        "Strict-Transport-Security": [
          "max-age=31536000; includeSubDomains"
        ],
        "x-ms-ratelimit-remaining-subscription-writes": [
          "1198"
        ],
        "x-ms-correlation-request-id": [
          "cd5b4fc9-6293-408c-8089-7117b6955658"
        ],
        "x-ms-routing-request-id": [
          "WESTUS:20151202T024442Z:cd5b4fc9-6293-408c-8089-7117b6955658"
        ],
        "Cache-Control": [
          "no-cache"
        ],
        "Date": [
          "Wed, 02 Dec 2015 02:44:41 GMT"
        ],
        "Set-Cookie": [
          "x-ms-gateway-slice=productiona; path=/"
        ],
        "Server": [
          "Microsoft-IIS/8.5"
        ],
        "X-Powered-By": [
          "ASP.NET"
        ]
      },
      "StatusCode": 201
    },
    {
      "RequestUri": "//subscriptions/4004a9fd-d58e-48dc-aeb2-4a4aec58606f/providers/Microsoft.Authorization/roleDefinitions/032f61d2-ed09-40c9-8657-26a273da7bae?api-version=2015-07-01",
      "EncodedRequestUri": "Ly9zdWJzY3JpcHRpb25zLzQwMDRhOWZkLWQ1OGUtNDhkYy1hZWIyLTRhNGFlYzU4NjA2Zi9wcm92aWRlcnMvTWljcm9zb2Z0LkF1dGhvcml6YXRpb24vcm9sZURlZmluaXRpb25zLzAzMmY2MWQyLWVkMDktNDBjOS04NjU3LTI2YTI3M2RhN2JhZT9hcGktdmVyc2lvbj0yMDE1LTA3LTAx",
      "RequestMethod": "PUT",
      "RequestBody": "{\r\n  \"name\": \"032f61d2-ed09-40c9-8657-26a273da7bae\",\r\n  \"properties\": {\r\n    \"roleName\": \"Another tests role\",\r\n    \"description\": \"Test role\",\r\n    \"type\": \"CustomRole\",\r\n    \"permissions\": [\r\n      {\r\n        \"actions\": [\r\n          \"Microsoft.Authorization/*/read\",\r\n          \"Microsoft.Support/*\",\r\n          \"Microsoft.Authorization/*/read\"\r\n        ],\r\n        \"notActions\": []\r\n      }\r\n    ],\r\n    \"assignableScopes\": [\r\n      \"/subscriptions/4004a9fd-d58e-48dc-aeb2-4a4aec58606f\"\r\n    ]\r\n  }\r\n}",
      "RequestHeaders": {
        "Content-Type": [
          "application/json; charset=utf-8"
        ],
        "Content-Length": [
          "504"
        ],
        "User-Agent": [
          "Microsoft.Azure.Management.Authorization.AuthorizationManagementClient/2.0.0.0"
        ]
      },
      "ResponseBody": "{\r\n  \"properties\": {\r\n    \"roleName\": \"Another tests role\",\r\n    \"type\": \"CustomRole\",\r\n    \"description\": \"Test role\",\r\n    \"assignableScopes\": [\r\n      \"/subscriptions/4004a9fd-d58e-48dc-aeb2-4a4aec58606f\"\r\n    ],\r\n    \"permissions\": [\r\n      {\r\n        \"actions\": [\r\n          \"Microsoft.Authorization/*/read\",\r\n          \"Microsoft.Support/*\",\r\n          \"Microsoft.Authorization/*/read\"\r\n        ],\r\n        \"notActions\": []\r\n      }\r\n    ],\r\n    \"createdOn\": \"2015-12-02T02:44:42.2994358Z\",\r\n    \"updatedOn\": \"2015-12-02T02:44:42.2994358Z\",\r\n    \"createdBy\": null,\r\n    \"updatedBy\": \"f8d526a0-54eb-4941-ae69-ebf4a334d0f0\"\r\n  },\r\n  \"id\": \"/subscriptions/4004a9fd-d58e-48dc-aeb2-4a4aec58606f/providers/Microsoft.Authorization/roleDefinitions/032f61d2-ed09-40c9-8657-26a273da7bae\",\r\n  \"type\": \"Microsoft.Authorization/roleDefinitions\",\r\n  \"name\": \"032f61d2-ed09-40c9-8657-26a273da7bae\"\r\n}",
      "ResponseHeaders": {
        "Content-Length": [
          "698"
        ],
        "Content-Type": [
          "application/json; charset=utf-8"
        ],
        "Expires": [
          "-1"
        ],
        "Pragma": [
          "no-cache"
        ],
        "x-ms-request-id": [
          "20fda356-6cdf-4f40-97b8-45fde9785e00"
        ],
        "x-ms-gateway-service-instanceid": [
          "PASFE_IN_3"
        ],
        "X-Content-Type-Options": [
          "nosniff"
        ],
        "Strict-Transport-Security": [
          "max-age=31536000; includeSubDomains"
        ],
        "x-ms-ratelimit-remaining-subscription-writes": [
          "1197"
        ],
        "x-ms-correlation-request-id": [
          "46b884b0-fa59-4bef-94a3-017d320eb7bb"
        ],
        "x-ms-routing-request-id": [
          "WESTUS:20151202T024443Z:46b884b0-fa59-4bef-94a3-017d320eb7bb"
        ],
        "Cache-Control": [
          "no-cache"
        ],
        "Date": [
          "Wed, 02 Dec 2015 02:44:43 GMT"
        ],
        "Set-Cookie": [
          "x-ms-gateway-slice=productiona; path=/"
        ],
        "Server": [
          "Microsoft-IIS/8.5"
        ],
        "X-Powered-By": [
          "ASP.NET"
        ]
      },
      "StatusCode": 201
    },
    {
      "RequestUri": "//subscriptions/4004a9fd-d58e-48dc-aeb2-4a4aec58606f/providers/Microsoft.Authorization/roleDefinitions?$filter=roleName%20eq%20'Another%20tests%20role'&api-version=2015-07-01",
      "EncodedRequestUri": "Ly9zdWJzY3JpcHRpb25zLzQwMDRhOWZkLWQ1OGUtNDhkYy1hZWIyLTRhNGFlYzU4NjA2Zi9wcm92aWRlcnMvTWljcm9zb2Z0LkF1dGhvcml6YXRpb24vcm9sZURlZmluaXRpb25zPyRmaWx0ZXI9cm9sZU5hbWUlMjBlcSUyMCdBbm90aGVyJTIwdGVzdHMlMjByb2xlJyZhcGktdmVyc2lvbj0yMDE1LTA3LTAx",
      "RequestMethod": "GET",
      "RequestBody": "",
      "RequestHeaders": {
        "User-Agent": [
          "Microsoft.Azure.Management.Authorization.AuthorizationManagementClient/2.0.0.0"
        ]
      },
      "ResponseBody": "{\r\n  \"value\": [\r\n    {\r\n      \"properties\": {\r\n        \"roleName\": \"Another tests role\",\r\n        \"type\": \"CustomRole\",\r\n        \"description\": \"Test role\",\r\n        \"assignableScopes\": [\r\n          \"/subscriptions/4004a9fd-d58e-48dc-aeb2-4a4aec58606f\"\r\n        ],\r\n        \"permissions\": [\r\n          {\r\n            \"actions\": [\r\n              \"Microsoft.Authorization/*/read\",\r\n              \"Microsoft.Support/*\"\r\n            ],\r\n            \"notActions\": []\r\n          }\r\n        ],\r\n        \"createdOn\": \"2015-12-02T02:44:37.6594959Z\",\r\n        \"updatedOn\": \"2015-12-02T02:44:37.6594959Z\",\r\n        \"createdBy\": \"f8d526a0-54eb-4941-ae69-ebf4a334d0f0\",\r\n        \"updatedBy\": \"f8d526a0-54eb-4941-ae69-ebf4a334d0f0\"\r\n      },\r\n      \"id\": \"/subscriptions/4004a9fd-d58e-48dc-aeb2-4a4aec58606f/providers/Microsoft.Authorization/roleDefinitions/032f61d2-ed09-40c9-8657-26a273da7bae\",\r\n      \"type\": \"Microsoft.Authorization/roleDefinitions\",\r\n      \"name\": \"032f61d2-ed09-40c9-8657-26a273da7bae\"\r\n    }\r\n  ],\r\n  \"nextLink\": null\r\n}",
      "ResponseHeaders": {
        "Content-Length": [
          "727"
        ],
        "Content-Type": [
          "application/json; charset=utf-8"
        ],
        "Expires": [
          "-1"
        ],
        "Pragma": [
          "no-cache"
        ],
        "x-ms-request-id": [
          "90750620-cee6-48ca-91e4-e2ba9b90a2ad"
        ],
        "x-ms-gateway-service-instanceid": [
          "PASFE_IN_1"
        ],
        "X-Content-Type-Options": [
          "nosniff"
        ],
        "Strict-Transport-Security": [
          "max-age=31536000; includeSubDomains"
        ],
        "x-ms-ratelimit-remaining-subscription-reads": [
          "14994"
        ],
        "x-ms-correlation-request-id": [
          "b24997a8-92cd-48ca-a4c9-8b4711d3c104"
        ],
        "x-ms-routing-request-id": [
          "WESTUS:20151202T024442Z:b24997a8-92cd-48ca-a4c9-8b4711d3c104"
        ],
        "Cache-Control": [
          "no-cache"
        ],
        "Date": [
          "Wed, 02 Dec 2015 02:44:41 GMT"
        ],
        "Set-Cookie": [
          "x-ms-gateway-slice=productiona; path=/"
        ],
        "Server": [
          "Microsoft-IIS/8.5"
        ],
        "X-Powered-By": [
          "ASP.NET"
        ]
      },
      "StatusCode": 200
    },
    {
      "RequestUri": "//subscriptions/4004a9fd-d58e-48dc-aeb2-4a4aec58606f/providers/Microsoft.Authorization/roleDefinitions?$filter=roleName%20eq%20'Another%20tests%20role'&api-version=2015-07-01",
      "EncodedRequestUri": "Ly9zdWJzY3JpcHRpb25zLzQwMDRhOWZkLWQ1OGUtNDhkYy1hZWIyLTRhNGFlYzU4NjA2Zi9wcm92aWRlcnMvTWljcm9zb2Z0LkF1dGhvcml6YXRpb24vcm9sZURlZmluaXRpb25zPyRmaWx0ZXI9cm9sZU5hbWUlMjBlcSUyMCdBbm90aGVyJTIwdGVzdHMlMjByb2xlJyZhcGktdmVyc2lvbj0yMDE1LTA3LTAx",
      "RequestMethod": "GET",
      "RequestBody": "",
      "RequestHeaders": {
        "User-Agent": [
          "Microsoft.Azure.Management.Authorization.AuthorizationManagementClient/2.0.0.0"
        ]
      },
      "ResponseBody": "{\r\n  \"value\": [],\r\n  \"nextLink\": null\r\n}",
      "ResponseHeaders": {
        "Content-Length": [
          "28"
        ],
        "Content-Type": [
          "application/json; charset=utf-8"
        ],
        "Expires": [
          "-1"
        ],
        "Pragma": [
          "no-cache"
        ],
        "x-ms-request-id": [
          "f54e9246-779e-48fe-bc01-5b6b416c7abf"
        ],
        "x-ms-gateway-service-instanceid": [
          "PASFE_IN_3"
        ],
        "X-Content-Type-Options": [
          "nosniff"
        ],
        "Strict-Transport-Security": [
          "max-age=31536000; includeSubDomains"
        ],
        "x-ms-ratelimit-remaining-subscription-reads": [
          "14991"
        ],
        "x-ms-correlation-request-id": [
          "fb6de4d1-177e-4eec-ac58-6680a8c01a10"
        ],
        "x-ms-routing-request-id": [
          "WESTUS:20151202T024444Z:fb6de4d1-177e-4eec-ac58-6680a8c01a10"
        ],
        "Cache-Control": [
          "no-cache"
        ],
        "Date": [
          "Wed, 02 Dec 2015 02:44:43 GMT"
        ],
        "Set-Cookie": [
          "x-ms-gateway-slice=productiona; path=/"
        ],
        "Server": [
          "Microsoft-IIS/8.5"
        ],
        "X-Powered-By": [
          "ASP.NET"
        ]
      },
      "StatusCode": 200
    },
    {
      "RequestUri": "//subscriptions/4004a9fd-d58e-48dc-aeb2-4a4aec58606f/providers/Microsoft.Authorization/roleDefinitions/032f61d2-ed09-40c9-8657-26a273da7bae?api-version=2015-07-01",
      "EncodedRequestUri": "Ly9zdWJzY3JpcHRpb25zLzQwMDRhOWZkLWQ1OGUtNDhkYy1hZWIyLTRhNGFlYzU4NjA2Zi9wcm92aWRlcnMvTWljcm9zb2Z0LkF1dGhvcml6YXRpb24vcm9sZURlZmluaXRpb25zLzAzMmY2MWQyLWVkMDktNDBjOS04NjU3LTI2YTI3M2RhN2JhZT9hcGktdmVyc2lvbj0yMDE1LTA3LTAx",
      "RequestMethod": "GET",
      "RequestBody": "",
      "RequestHeaders": {
        "User-Agent": [
          "Microsoft.Azure.Management.Authorization.AuthorizationManagementClient/2.0.0.0"
        ]
      },
      "ResponseBody": "{\r\n  \"properties\": {\r\n    \"roleName\": \"Another tests role\",\r\n    \"type\": \"CustomRole\",\r\n    \"description\": \"Test role\",\r\n    \"assignableScopes\": [\r\n      \"/subscriptions/4004a9fd-d58e-48dc-aeb2-4a4aec58606f\"\r\n    ],\r\n    \"permissions\": [\r\n      {\r\n        \"actions\": [\r\n          \"Microsoft.Authorization/*/read\",\r\n          \"Microsoft.Support/*\"\r\n        ],\r\n        \"notActions\": []\r\n      }\r\n    ],\r\n    \"createdOn\": \"2015-12-02T02:44:37.6594959Z\",\r\n    \"updatedOn\": \"2015-12-02T02:44:37.6594959Z\",\r\n    \"createdBy\": \"f8d526a0-54eb-4941-ae69-ebf4a334d0f0\",\r\n    \"updatedBy\": \"f8d526a0-54eb-4941-ae69-ebf4a334d0f0\"\r\n  },\r\n  \"id\": \"/subscriptions/4004a9fd-d58e-48dc-aeb2-4a4aec58606f/providers/Microsoft.Authorization/roleDefinitions/032f61d2-ed09-40c9-8657-26a273da7bae\",\r\n  \"type\": \"Microsoft.Authorization/roleDefinitions\",\r\n  \"name\": \"032f61d2-ed09-40c9-8657-26a273da7bae\"\r\n}",
      "ResponseHeaders": {
        "Content-Length": [
          "699"
        ],
        "Content-Type": [
          "application/json; charset=utf-8"
        ],
        "Expires": [
          "-1"
        ],
        "Pragma": [
          "no-cache"
        ],
        "x-ms-request-id": [
          "27a85b4f-2911-45a2-9b79-df2f4d60183d"
        ],
        "x-ms-gateway-service-instanceid": [
          "PASFE_IN_3"
        ],
        "X-Content-Type-Options": [
          "nosniff"
        ],
        "Strict-Transport-Security": [
          "max-age=31536000; includeSubDomains"
        ],
        "x-ms-ratelimit-remaining-subscription-reads": [
          "14993"
        ],
        "x-ms-correlation-request-id": [
          "974a4764-4907-4892-8753-546c7eb5625e"
        ],
        "x-ms-routing-request-id": [
          "WESTUS:20151202T024442Z:974a4764-4907-4892-8753-546c7eb5625e"
        ],
        "Cache-Control": [
          "no-cache"
        ],
        "Date": [
          "Wed, 02 Dec 2015 02:44:42 GMT"
        ],
        "Set-Cookie": [
          "x-ms-gateway-slice=productiona; path=/"
        ],
        "Server": [
          "Microsoft-IIS/8.5"
        ],
        "X-Powered-By": [
          "ASP.NET"
        ]
      },
      "StatusCode": 200
    },
    {
      "RequestUri": "//subscriptions/4004a9fd-d58e-48dc-aeb2-4a4aec58606f/providers/Microsoft.Authorization/roleDefinitions/032f61d2-ed09-40c9-8657-26a273da7bae?api-version=2015-07-01",
      "EncodedRequestUri": "Ly9zdWJzY3JpcHRpb25zLzQwMDRhOWZkLWQ1OGUtNDhkYy1hZWIyLTRhNGFlYzU4NjA2Zi9wcm92aWRlcnMvTWljcm9zb2Z0LkF1dGhvcml6YXRpb24vcm9sZURlZmluaXRpb25zLzAzMmY2MWQyLWVkMDktNDBjOS04NjU3LTI2YTI3M2RhN2JhZT9hcGktdmVyc2lvbj0yMDE1LTA3LTAx",
      "RequestMethod": "GET",
      "RequestBody": "",
      "RequestHeaders": {
        "User-Agent": [
          "Microsoft.Azure.Management.Authorization.AuthorizationManagementClient/2.0.0.0"
        ]
      },
      "ResponseBody": "{\r\n  \"properties\": {\r\n    \"roleName\": \"Another tests role\",\r\n    \"type\": \"CustomRole\",\r\n    \"description\": \"Test role\",\r\n    \"assignableScopes\": [\r\n      \"/subscriptions/4004a9fd-d58e-48dc-aeb2-4a4aec58606f\"\r\n    ],\r\n    \"permissions\": [\r\n      {\r\n        \"actions\": [\r\n          \"Microsoft.Authorization/*/read\",\r\n          \"Microsoft.Support/*\",\r\n          \"Microsoft.Authorization/*/read\"\r\n        ],\r\n        \"notActions\": []\r\n      }\r\n    ],\r\n    \"createdOn\": \"2015-12-02T02:44:37.6594959Z\",\r\n    \"updatedOn\": \"2015-12-02T02:44:42.2994358Z\",\r\n    \"createdBy\": \"f8d526a0-54eb-4941-ae69-ebf4a334d0f0\",\r\n    \"updatedBy\": \"f8d526a0-54eb-4941-ae69-ebf4a334d0f0\"\r\n  },\r\n  \"id\": \"/subscriptions/4004a9fd-d58e-48dc-aeb2-4a4aec58606f/providers/Microsoft.Authorization/roleDefinitions/032f61d2-ed09-40c9-8657-26a273da7bae\",\r\n  \"type\": \"Microsoft.Authorization/roleDefinitions\",\r\n  \"name\": \"032f61d2-ed09-40c9-8657-26a273da7bae\"\r\n}",
      "ResponseHeaders": {
        "Content-Length": [
          "732"
        ],
        "Content-Type": [
          "application/json; charset=utf-8"
        ],
        "Expires": [
          "-1"
        ],
        "Pragma": [
          "no-cache"
        ],
        "x-ms-request-id": [
          "9f494173-5c98-4549-b0f9-a1b8035dca1e"
        ],
        "x-ms-gateway-service-instanceid": [
          "PASFE_IN_3"
        ],
        "X-Content-Type-Options": [
          "nosniff"
        ],
        "Strict-Transport-Security": [
          "max-age=31536000; includeSubDomains"
        ],
        "x-ms-ratelimit-remaining-subscription-reads": [
          "14992"
        ],
        "x-ms-correlation-request-id": [
          "3997ea5a-92a1-40a7-b489-ef6eea2a460d"
        ],
        "x-ms-routing-request-id": [
          "WESTUS:20151202T024443Z:3997ea5a-92a1-40a7-b489-ef6eea2a460d"
        ],
        "Cache-Control": [
          "no-cache"
        ],
        "Date": [
          "Wed, 02 Dec 2015 02:44:43 GMT"
        ],
        "Set-Cookie": [
          "x-ms-gateway-slice=productiona; path=/"
        ],
        "Server": [
          "Microsoft-IIS/8.5"
        ],
        "X-Powered-By": [
          "ASP.NET"
        ]
      },
      "StatusCode": 200
    },
    {
      "RequestUri": "//subscriptions/4004a9fd-d58e-48dc-aeb2-4a4aec58606f/providers/Microsoft.Authorization/roleDefinitions/032f61d2-ed09-40c9-8657-26a273da7bae?api-version=2015-07-01",
      "EncodedRequestUri": "Ly9zdWJzY3JpcHRpb25zLzQwMDRhOWZkLWQ1OGUtNDhkYy1hZWIyLTRhNGFlYzU4NjA2Zi9wcm92aWRlcnMvTWljcm9zb2Z0LkF1dGhvcml6YXRpb24vcm9sZURlZmluaXRpb25zLzAzMmY2MWQyLWVkMDktNDBjOS04NjU3LTI2YTI3M2RhN2JhZT9hcGktdmVyc2lvbj0yMDE1LTA3LTAx",
      "RequestMethod": "DELETE",
      "RequestBody": "",
      "RequestHeaders": {
        "User-Agent": [
          "Microsoft.Azure.Management.Authorization.AuthorizationManagementClient/2.0.0.0"
        ]
      },
      "ResponseBody": "{\r\n  \"properties\": {\r\n    \"roleName\": \"Another tests role\",\r\n    \"type\": \"CustomRole\",\r\n    \"description\": \"Test role\",\r\n    \"assignableScopes\": [\r\n      \"/subscriptions/4004a9fd-d58e-48dc-aeb2-4a4aec58606f\"\r\n    ],\r\n    \"permissions\": [\r\n      {\r\n        \"actions\": [\r\n          \"Microsoft.Authorization/*/read\",\r\n          \"Microsoft.Support/*\",\r\n          \"Microsoft.Authorization/*/read\"\r\n        ],\r\n        \"notActions\": []\r\n      }\r\n    ],\r\n    \"createdOn\": \"2015-12-02T02:44:37.6594959Z\",\r\n    \"updatedOn\": \"2015-12-02T02:44:42.2994358Z\",\r\n    \"createdBy\": \"f8d526a0-54eb-4941-ae69-ebf4a334d0f0\",\r\n    \"updatedBy\": \"f8d526a0-54eb-4941-ae69-ebf4a334d0f0\"\r\n  },\r\n  \"id\": \"/subscriptions/4004a9fd-d58e-48dc-aeb2-4a4aec58606f/providers/Microsoft.Authorization/roleDefinitions/032f61d2-ed09-40c9-8657-26a273da7bae\",\r\n  \"type\": \"Microsoft.Authorization/roleDefinitions\",\r\n  \"name\": \"032f61d2-ed09-40c9-8657-26a273da7bae\"\r\n}",
      "ResponseHeaders": {
        "Content-Length": [
          "732"
        ],
        "Content-Type": [
          "application/json; charset=utf-8"
        ],
        "Expires": [
          "-1"
        ],
        "Pragma": [
          "no-cache"
        ],
        "x-ms-request-id": [
          "cf267994-743c-4c90-8345-fd9619653145"
        ],
        "x-ms-gateway-service-instanceid": [
          "PASFE_IN_0"
        ],
        "X-Content-Type-Options": [
          "nosniff"
        ],
        "Strict-Transport-Security": [
          "max-age=31536000; includeSubDomains"
        ],
        "x-ms-ratelimit-remaining-subscription-writes": [
          "1196"
        ],
        "x-ms-correlation-request-id": [
          "9e919c95-32c9-47fb-9159-129c1ece39ac"
        ],
        "x-ms-routing-request-id": [
          "WESTUS:20151202T024444Z:9e919c95-32c9-47fb-9159-129c1ece39ac"
        ],
        "Cache-Control": [
          "no-cache"
        ],
        "Date": [
          "Wed, 02 Dec 2015 02:44:43 GMT"
        ],
        "Set-Cookie": [
          "x-ms-gateway-slice=productiona; path=/"
        ],
        "Server": [
          "Microsoft-IIS/8.5"
        ],
        "X-Powered-By": [
          "ASP.NET"
        ]
      },
      "StatusCode": 200
    }
  ],
  "Names": {},
  "Variables": {
    "SubscriptionId": "4004a9fd-d58e-48dc-aeb2-4a4aec58606f",
    "TenantId": "1273adef-00a3-4086-a51a-dbcce1857d36",
    "Domain": "rbacCliTest.onmicrosoft.com"
  }
}