{
  "Entries": [
    {
      "RequestUri": "/subscriptions/0d3ae56c-deaf-4982-b514-33d016d4a683/resourceGroups/lketmtestantps10/providers/Microsoft.Web/sites/lketmtestantps10?api-version=2018-02-01",
      "EncodedRequestUri": "L3N1YnNjcmlwdGlvbnMvMGQzYWU1NmMtZGVhZi00OTgyLWI1MTQtMzNkMDE2ZDRhNjgzL3Jlc291cmNlR3JvdXBzL2xrZXRtdGVzdGFudHBzMTAvcHJvdmlkZXJzL01pY3Jvc29mdC5XZWIvc2l0ZXMvbGtldG10ZXN0YW50cHMxMD9hcGktdmVyc2lvbj0yMDE4LTAyLTAx",
      "RequestMethod": "GET",
      "RequestBody": "",
      "RequestHeaders": {
        "x-ms-client-request-id": [
          "314229db-bc8b-495e-ad4e-72e34b4db53a"
        ],
        "Accept-Language": [
          "en-US"
        ],
        "User-Agent": [
          "FxVersion/4.6.27414.06",
          "OSName/Windows",
          "OSVersion/Microsoft.Windows.10.0.17763.",
          "Microsoft.Azure.Management.WebSites.WebSiteManagementClient/2.1.0"
        ]
      },
      "ResponseHeaders": {
        "Cache-Control": [
          "no-cache"
        ],
        "Pragma": [
          "no-cache"
        ],
        "ETag": [
          "\"1D4F0BA5E13E895\""
        ],
        "Strict-Transport-Security": [
          "max-age=31536000; includeSubDomains"
        ],
        "x-ms-request-id": [
          "3a570c11-e99f-4be0-9f6b-7822ff08e673"
        ],
        "Server": [
          "Microsoft-IIS/10.0"
        ],
        "X-AspNet-Version": [
          "4.0.30319"
        ],
        "X-Powered-By": [
          "ASP.NET"
        ],
        "x-ms-ratelimit-remaining-subscription-reads": [
          "11999"
        ],
        "x-ms-correlation-request-id": [
          "4af1eed6-8795-4fda-ac89-7ad809acee73"
        ],
        "x-ms-routing-request-id": [
          "WESTUS2:20190411T230239Z:4af1eed6-8795-4fda-ac89-7ad809acee73"
        ],
        "X-Content-Type-Options": [
          "nosniff"
        ],
        "Date": [
          "Thu, 11 Apr 2019 23:02:39 GMT"
        ],
        "Content-Length": [
          "3431"
        ],
        "Content-Type": [
          "application/json"
        ],
        "Expires": [
          "-1"
        ]
      },
      "ResponseBody": "{\r\n  \"id\": \"/subscriptions/0d3ae56c-deaf-4982-b514-33d016d4a683/resourceGroups/lketmtestantps10/providers/Microsoft.Web/sites/lketmtestantps10\",\r\n  \"name\": \"lketmtestantps10\",\r\n  \"type\": \"Microsoft.Web/sites\",\r\n  \"kind\": \"app\",\r\n  \"location\": \"East US\",\r\n  \"tags\": {\r\n    \"test\": \"1\"\r\n  },\r\n  \"properties\": {\r\n    \"name\": \"lketmtestantps10\",\r\n    \"state\": \"Running\",\r\n    \"hostNames\": [\r\n      \"adorenow.net\",\r\n      \"www.adorenow.net\",\r\n      \"lketmtestantps10.azurewebsites.net\"\r\n    ],\r\n    \"webSpace\": \"lke-rg-antps10-EastUSwebspace\",\r\n    \"selfLink\": \"https://waws-prod-blu-063.api.azurewebsites.windows.net:454/subscriptions/0d3ae56c-deaf-4982-b514-33d016d4a683/webspaces/lke-rg-antps10-EastUSwebspace/sites/lketmtestantps10\",\r\n    \"repositorySiteName\": \"lketmtestantps10\",\r\n    \"owner\": null,\r\n    \"usageState\": \"Normal\",\r\n    \"enabled\": true,\r\n    \"adminEnabled\": true,\r\n    \"enabledHostNames\": [\r\n      \"adorenow.net\",\r\n      \"www.adorenow.net\",\r\n      \"lketmtestantps10.azurewebsites.net\",\r\n      \"lketmtestantps10.scm.azurewebsites.net\"\r\n    ],\r\n    \"siteProperties\": {\r\n      \"metadata\": null,\r\n      \"properties\": [\r\n        {\r\n          \"name\": \"LinuxFxVersion\",\r\n          \"value\": \"\"\r\n        },\r\n        {\r\n          \"name\": \"WindowsFxVersion\",\r\n          \"value\": null\r\n        }\r\n      ],\r\n      \"appSettings\": null\r\n    },\r\n    \"availabilityState\": \"Normal\",\r\n    \"sslCertificates\": null,\r\n    \"csrs\": [],\r\n    \"cers\": null,\r\n    \"siteMode\": null,\r\n    \"hostNameSslStates\": [\r\n      {\r\n        \"name\": \"adorenow.net\",\r\n        \"sslState\": \"Disabled\",\r\n        \"ipBasedSslResult\": null,\r\n        \"virtualIP\": null,\r\n        \"thumbprint\": null,\r\n        \"toUpdate\": null,\r\n        \"toUpdateIpBasedSsl\": null,\r\n        \"ipBasedSslState\": \"NotConfigured\",\r\n        \"hostType\": \"Standard\"\r\n      },\r\n      {\r\n        \"name\": \"lketmtestantps10.azurewebsites.net\",\r\n        \"sslState\": \"Disabled\",\r\n        \"ipBasedSslResult\": null,\r\n        \"virtualIP\": null,\r\n        \"thumbprint\": null,\r\n        \"toUpdate\": null,\r\n        \"toUpdateIpBasedSsl\": null,\r\n        \"ipBasedSslState\": \"NotConfigured\",\r\n        \"hostType\": \"Standard\"\r\n      },\r\n      {\r\n        \"name\": \"lketmtestantps10.scm.azurewebsites.net\",\r\n        \"sslState\": \"Disabled\",\r\n        \"ipBasedSslResult\": null,\r\n        \"virtualIP\": null,\r\n        \"thumbprint\": null,\r\n        \"toUpdate\": null,\r\n        \"toUpdateIpBasedSsl\": null,\r\n        \"ipBasedSslState\": \"NotConfigured\",\r\n        \"hostType\": \"Repository\"\r\n      },\r\n      {\r\n        \"name\": \"www.adorenow.net\",\r\n        \"sslState\": \"SniEnabled\",\r\n        \"ipBasedSslResult\": null,\r\n        \"virtualIP\": null,\r\n        \"thumbprint\": \"F75A7A8C033FBEA02A1578812DB289277E23EAB1\",\r\n        \"toUpdate\": null,\r\n        \"toUpdateIpBasedSsl\": null,\r\n        \"ipBasedSslState\": \"NotConfigured\",\r\n        \"hostType\": \"Standard\"\r\n      }\r\n    ],\r\n    \"computeMode\": null,\r\n    \"serverFarm\": null,\r\n    \"serverFarmId\": \"/subscriptions/0d3ae56c-deaf-4982-b514-33d016d4a683/resourceGroups/lketmtestantps10/providers/Microsoft.Web/serverfarms/lke-asp-antps10\",\r\n    \"reserved\": false,\r\n    \"isXenon\": false,\r\n    \"hyperV\": false,\r\n    \"lastModifiedTimeUtc\": \"2019-04-11T23:00:33.3533333\",\r\n    \"storageRecoveryDefaultState\": \"Running\",\r\n    \"contentAvailabilityState\": \"Normal\",\r\n    \"runtimeAvailabilityState\": \"Normal\",\r\n    \"siteConfig\": null,\r\n    \"deploymentId\": \"lketmtestantps10\",\r\n    \"trafficManagerHostNames\": null,\r\n    \"sku\": \"Standard\",\r\n    \"scmSiteAlsoStopped\": false,\r\n    \"targetSwapSlot\": null,\r\n    \"hostingEnvironment\": null,\r\n    \"hostingEnvironmentProfile\": null,\r\n    \"clientAffinityEnabled\": true,\r\n    \"clientCertEnabled\": false,\r\n    \"clientCertExclusionPaths\": null,\r\n    \"hostNamesDisabled\": false,\r\n    \"domainVerificationIdentifiers\": null,\r\n    \"kind\": \"app\",\r\n    \"outboundIpAddresses\": \"40.117.189.181,40.117.191.238,40.117.185.80,40.117.184.255\",\r\n    \"possibleOutboundIpAddresses\": \"40.117.189.181,40.117.191.238,40.117.185.80,40.117.184.255\",\r\n    \"containerSize\": 0,\r\n    \"dailyMemoryTimeQuota\": 0,\r\n    \"suspendedTill\": null,\r\n    \"siteDisabledReason\": 0,\r\n    \"functionExecutionUnitsCache\": null,\r\n    \"maxNumberOfWorkers\": null,\r\n    \"homeStamp\": \"waws-prod-blu-063\",\r\n    \"cloningInfo\": null,\r\n    \"hostingEnvironmentId\": null,\r\n    \"tags\": {\r\n      \"test\": \"1\"\r\n    },\r\n    \"resourceGroup\": \"lketmtestantps10\",\r\n    \"defaultHostName\": \"lketmtestantps10.azurewebsites.net\",\r\n    \"slotSwapStatus\": null,\r\n    \"httpsOnly\": false,\r\n    \"redundancyMode\": \"None\",\r\n    \"inProgressOperationId\": null,\r\n    \"geoDistributions\": null\r\n  }\r\n}",
      "StatusCode": 200
    },
    {
      "RequestUri": "/subscriptions/0d3ae56c-deaf-4982-b514-33d016d4a683/resourceGroups/lketmtestantps10/providers/Microsoft.Web/sites/lketmtestantps10?api-version=2018-02-01",
      "EncodedRequestUri": "L3N1YnNjcmlwdGlvbnMvMGQzYWU1NmMtZGVhZi00OTgyLWI1MTQtMzNkMDE2ZDRhNjgzL3Jlc291cmNlR3JvdXBzL2xrZXRtdGVzdGFudHBzMTAvcHJvdmlkZXJzL01pY3Jvc29mdC5XZWIvc2l0ZXMvbGtldG10ZXN0YW50cHMxMD9hcGktdmVyc2lvbj0yMDE4LTAyLTAx",
      "RequestMethod": "GET",
      "RequestBody": "",
      "RequestHeaders": {
        "x-ms-client-request-id": [
          "73984eca-cdf4-4d05-b024-7e84b0ebde00"
        ],
        "Accept-Language": [
          "en-US"
        ],
        "User-Agent": [
          "FxVersion/4.6.27414.06",
          "OSName/Windows",
          "OSVersion/Microsoft.Windows.10.0.17763.",
          "Microsoft.Azure.Management.WebSites.WebSiteManagementClient/2.1.0"
        ]
      },
      "ResponseHeaders": {
        "Cache-Control": [
          "no-cache"
        ],
        "Pragma": [
          "no-cache"
        ],
        "ETag": [
          "\"1D4F0BA5E13E895\""
        ],
        "Strict-Transport-Security": [
          "max-age=31536000; includeSubDomains"
        ],
        "x-ms-request-id": [
          "7417f090-c6d9-44d4-926f-a9d54304fef3"
        ],
        "Server": [
          "Microsoft-IIS/10.0"
        ],
        "X-AspNet-Version": [
          "4.0.30319"
        ],
        "X-Powered-By": [
          "ASP.NET"
        ],
        "x-ms-ratelimit-remaining-subscription-reads": [
          "11997"
        ],
        "x-ms-correlation-request-id": [
          "dac7fadf-260f-49be-9db8-0f3d7a44396f"
        ],
        "x-ms-routing-request-id": [
          "WESTUS2:20190411T230240Z:dac7fadf-260f-49be-9db8-0f3d7a44396f"
        ],
        "X-Content-Type-Options": [
          "nosniff"
        ],
        "Date": [
          "Thu, 11 Apr 2019 23:02:40 GMT"
        ],
        "Content-Length": [
          "3431"
        ],
        "Content-Type": [
          "application/json"
        ],
        "Expires": [
          "-1"
        ]
      },
      "ResponseBody": "{\r\n  \"id\": \"/subscriptions/0d3ae56c-deaf-4982-b514-33d016d4a683/resourceGroups/lketmtestantps10/providers/Microsoft.Web/sites/lketmtestantps10\",\r\n  \"name\": \"lketmtestantps10\",\r\n  \"type\": \"Microsoft.Web/sites\",\r\n  \"kind\": \"app\",\r\n  \"location\": \"East US\",\r\n  \"tags\": {\r\n    \"test\": \"1\"\r\n  },\r\n  \"properties\": {\r\n    \"name\": \"lketmtestantps10\",\r\n    \"state\": \"Running\",\r\n    \"hostNames\": [\r\n      \"adorenow.net\",\r\n      \"www.adorenow.net\",\r\n      \"lketmtestantps10.azurewebsites.net\"\r\n    ],\r\n    \"webSpace\": \"lke-rg-antps10-EastUSwebspace\",\r\n    \"selfLink\": \"https://waws-prod-blu-063.api.azurewebsites.windows.net:454/subscriptions/0d3ae56c-deaf-4982-b514-33d016d4a683/webspaces/lke-rg-antps10-EastUSwebspace/sites/lketmtestantps10\",\r\n    \"repositorySiteName\": \"lketmtestantps10\",\r\n    \"owner\": null,\r\n    \"usageState\": \"Normal\",\r\n    \"enabled\": true,\r\n    \"adminEnabled\": true,\r\n    \"enabledHostNames\": [\r\n      \"adorenow.net\",\r\n      \"www.adorenow.net\",\r\n      \"lketmtestantps10.azurewebsites.net\",\r\n      \"lketmtestantps10.scm.azurewebsites.net\"\r\n    ],\r\n    \"siteProperties\": {\r\n      \"metadata\": null,\r\n      \"properties\": [\r\n        {\r\n          \"name\": \"LinuxFxVersion\",\r\n          \"value\": \"\"\r\n        },\r\n        {\r\n          \"name\": \"WindowsFxVersion\",\r\n          \"value\": null\r\n        }\r\n      ],\r\n      \"appSettings\": null\r\n    },\r\n    \"availabilityState\": \"Normal\",\r\n    \"sslCertificates\": null,\r\n    \"csrs\": [],\r\n    \"cers\": null,\r\n    \"siteMode\": null,\r\n    \"hostNameSslStates\": [\r\n      {\r\n        \"name\": \"adorenow.net\",\r\n        \"sslState\": \"Disabled\",\r\n        \"ipBasedSslResult\": null,\r\n        \"virtualIP\": null,\r\n        \"thumbprint\": null,\r\n        \"toUpdate\": null,\r\n        \"toUpdateIpBasedSsl\": null,\r\n        \"ipBasedSslState\": \"NotConfigured\",\r\n        \"hostType\": \"Standard\"\r\n      },\r\n      {\r\n        \"name\": \"lketmtestantps10.azurewebsites.net\",\r\n        \"sslState\": \"Disabled\",\r\n        \"ipBasedSslResult\": null,\r\n        \"virtualIP\": null,\r\n        \"thumbprint\": null,\r\n        \"toUpdate\": null,\r\n        \"toUpdateIpBasedSsl\": null,\r\n        \"ipBasedSslState\": \"NotConfigured\",\r\n        \"hostType\": \"Standard\"\r\n      },\r\n      {\r\n        \"name\": \"lketmtestantps10.scm.azurewebsites.net\",\r\n        \"sslState\": \"Disabled\",\r\n        \"ipBasedSslResult\": null,\r\n        \"virtualIP\": null,\r\n        \"thumbprint\": null,\r\n        \"toUpdate\": null,\r\n        \"toUpdateIpBasedSsl\": null,\r\n        \"ipBasedSslState\": \"NotConfigured\",\r\n        \"hostType\": \"Repository\"\r\n      },\r\n      {\r\n        \"name\": \"www.adorenow.net\",\r\n        \"sslState\": \"SniEnabled\",\r\n        \"ipBasedSslResult\": null,\r\n        \"virtualIP\": null,\r\n        \"thumbprint\": \"F75A7A8C033FBEA02A1578812DB289277E23EAB1\",\r\n        \"toUpdate\": null,\r\n        \"toUpdateIpBasedSsl\": null,\r\n        \"ipBasedSslState\": \"NotConfigured\",\r\n        \"hostType\": \"Standard\"\r\n      }\r\n    ],\r\n    \"computeMode\": null,\r\n    \"serverFarm\": null,\r\n    \"serverFarmId\": \"/subscriptions/0d3ae56c-deaf-4982-b514-33d016d4a683/resourceGroups/lketmtestantps10/providers/Microsoft.Web/serverfarms/lke-asp-antps10\",\r\n    \"reserved\": false,\r\n    \"isXenon\": false,\r\n    \"hyperV\": false,\r\n    \"lastModifiedTimeUtc\": \"2019-04-11T23:00:33.3533333\",\r\n    \"storageRecoveryDefaultState\": \"Running\",\r\n    \"contentAvailabilityState\": \"Normal\",\r\n    \"runtimeAvailabilityState\": \"Normal\",\r\n    \"siteConfig\": null,\r\n    \"deploymentId\": \"lketmtestantps10\",\r\n    \"trafficManagerHostNames\": null,\r\n    \"sku\": \"Standard\",\r\n    \"scmSiteAlsoStopped\": false,\r\n    \"targetSwapSlot\": null,\r\n    \"hostingEnvironment\": null,\r\n    \"hostingEnvironmentProfile\": null,\r\n    \"clientAffinityEnabled\": true,\r\n    \"clientCertEnabled\": false,\r\n    \"clientCertExclusionPaths\": null,\r\n    \"hostNamesDisabled\": false,\r\n    \"domainVerificationIdentifiers\": null,\r\n    \"kind\": \"app\",\r\n    \"outboundIpAddresses\": \"40.117.189.181,40.117.191.238,40.117.185.80,40.117.184.255\",\r\n    \"possibleOutboundIpAddresses\": \"40.117.189.181,40.117.191.238,40.117.185.80,40.117.184.255\",\r\n    \"containerSize\": 0,\r\n    \"dailyMemoryTimeQuota\": 0,\r\n    \"suspendedTill\": null,\r\n    \"siteDisabledReason\": 0,\r\n    \"functionExecutionUnitsCache\": null,\r\n    \"maxNumberOfWorkers\": null,\r\n    \"homeStamp\": \"waws-prod-blu-063\",\r\n    \"cloningInfo\": null,\r\n    \"hostingEnvironmentId\": null,\r\n    \"tags\": {\r\n      \"test\": \"1\"\r\n    },\r\n    \"resourceGroup\": \"lketmtestantps10\",\r\n    \"defaultHostName\": \"lketmtestantps10.azurewebsites.net\",\r\n    \"slotSwapStatus\": null,\r\n    \"httpsOnly\": false,\r\n    \"redundancyMode\": \"None\",\r\n    \"inProgressOperationId\": null,\r\n    \"geoDistributions\": null\r\n  }\r\n}",
      "StatusCode": 200
    },
    {
      "RequestUri": "/subscriptions/0d3ae56c-deaf-4982-b514-33d016d4a683/resourceGroups/lketmtestantps10/providers/Microsoft.Web/sites/lketmtestantps10?api-version=2018-02-01",
      "EncodedRequestUri": "L3N1YnNjcmlwdGlvbnMvMGQzYWU1NmMtZGVhZi00OTgyLWI1MTQtMzNkMDE2ZDRhNjgzL3Jlc291cmNlR3JvdXBzL2xrZXRtdGVzdGFudHBzMTAvcHJvdmlkZXJzL01pY3Jvc29mdC5XZWIvc2l0ZXMvbGtldG10ZXN0YW50cHMxMD9hcGktdmVyc2lvbj0yMDE4LTAyLTAx",
      "RequestMethod": "GET",
      "RequestBody": "",
      "RequestHeaders": {
        "x-ms-client-request-id": [
          "ddfe93c2-8e2b-40a3-8cda-4ef69e8b8011"
        ],
        "Accept-Language": [
          "en-US"
        ],
        "User-Agent": [
          "FxVersion/4.6.27414.06",
          "OSName/Windows",
          "OSVersion/Microsoft.Windows.10.0.17763.",
          "Microsoft.Azure.Management.WebSites.WebSiteManagementClient/2.1.0"
        ]
      },
      "ResponseHeaders": {
        "Cache-Control": [
          "no-cache"
        ],
        "Pragma": [
          "no-cache"
        ],
        "ETag": [
          "\"1D4F0BA5E13E895\""
        ],
        "Strict-Transport-Security": [
          "max-age=31536000; includeSubDomains"
        ],
        "x-ms-request-id": [
          "76e1c244-3407-438f-9240-8a746ce131a1"
        ],
        "Server": [
          "Microsoft-IIS/10.0"
        ],
        "X-AspNet-Version": [
          "4.0.30319"
        ],
        "X-Powered-By": [
          "ASP.NET"
        ],
        "x-ms-ratelimit-remaining-subscription-reads": [
          "11995"
        ],
        "x-ms-correlation-request-id": [
          "6f971ae6-41bb-4604-b625-89c933f379e1"
        ],
        "x-ms-routing-request-id": [
          "WESTUS2:20190411T230241Z:6f971ae6-41bb-4604-b625-89c933f379e1"
        ],
        "X-Content-Type-Options": [
          "nosniff"
        ],
        "Date": [
          "Thu, 11 Apr 2019 23:02:41 GMT"
        ],
        "Content-Length": [
          "3431"
        ],
        "Content-Type": [
          "application/json"
        ],
        "Expires": [
          "-1"
        ]
      },
      "ResponseBody": "{\r\n  \"id\": \"/subscriptions/0d3ae56c-deaf-4982-b514-33d016d4a683/resourceGroups/lketmtestantps10/providers/Microsoft.Web/sites/lketmtestantps10\",\r\n  \"name\": \"lketmtestantps10\",\r\n  \"type\": \"Microsoft.Web/sites\",\r\n  \"kind\": \"app\",\r\n  \"location\": \"East US\",\r\n  \"tags\": {\r\n    \"test\": \"1\"\r\n  },\r\n  \"properties\": {\r\n    \"name\": \"lketmtestantps10\",\r\n    \"state\": \"Running\",\r\n    \"hostNames\": [\r\n      \"adorenow.net\",\r\n      \"www.adorenow.net\",\r\n      \"lketmtestantps10.azurewebsites.net\"\r\n    ],\r\n    \"webSpace\": \"lke-rg-antps10-EastUSwebspace\",\r\n    \"selfLink\": \"https://waws-prod-blu-063.api.azurewebsites.windows.net:454/subscriptions/0d3ae56c-deaf-4982-b514-33d016d4a683/webspaces/lke-rg-antps10-EastUSwebspace/sites/lketmtestantps10\",\r\n    \"repositorySiteName\": \"lketmtestantps10\",\r\n    \"owner\": null,\r\n    \"usageState\": \"Normal\",\r\n    \"enabled\": true,\r\n    \"adminEnabled\": true,\r\n    \"enabledHostNames\": [\r\n      \"adorenow.net\",\r\n      \"www.adorenow.net\",\r\n      \"lketmtestantps10.azurewebsites.net\",\r\n      \"lketmtestantps10.scm.azurewebsites.net\"\r\n    ],\r\n    \"siteProperties\": {\r\n      \"metadata\": null,\r\n      \"properties\": [\r\n        {\r\n          \"name\": \"LinuxFxVersion\",\r\n          \"value\": \"\"\r\n        },\r\n        {\r\n          \"name\": \"WindowsFxVersion\",\r\n          \"value\": null\r\n        }\r\n      ],\r\n      \"appSettings\": null\r\n    },\r\n    \"availabilityState\": \"Normal\",\r\n    \"sslCertificates\": null,\r\n    \"csrs\": [],\r\n    \"cers\": null,\r\n    \"siteMode\": null,\r\n    \"hostNameSslStates\": [\r\n      {\r\n        \"name\": \"adorenow.net\",\r\n        \"sslState\": \"Disabled\",\r\n        \"ipBasedSslResult\": null,\r\n        \"virtualIP\": null,\r\n        \"thumbprint\": null,\r\n        \"toUpdate\": null,\r\n        \"toUpdateIpBasedSsl\": null,\r\n        \"ipBasedSslState\": \"NotConfigured\",\r\n        \"hostType\": \"Standard\"\r\n      },\r\n      {\r\n        \"name\": \"lketmtestantps10.azurewebsites.net\",\r\n        \"sslState\": \"Disabled\",\r\n        \"ipBasedSslResult\": null,\r\n        \"virtualIP\": null,\r\n        \"thumbprint\": null,\r\n        \"toUpdate\": null,\r\n        \"toUpdateIpBasedSsl\": null,\r\n        \"ipBasedSslState\": \"NotConfigured\",\r\n        \"hostType\": \"Standard\"\r\n      },\r\n      {\r\n        \"name\": \"lketmtestantps10.scm.azurewebsites.net\",\r\n        \"sslState\": \"Disabled\",\r\n        \"ipBasedSslResult\": null,\r\n        \"virtualIP\": null,\r\n        \"thumbprint\": null,\r\n        \"toUpdate\": null,\r\n        \"toUpdateIpBasedSsl\": null,\r\n        \"ipBasedSslState\": \"NotConfigured\",\r\n        \"hostType\": \"Repository\"\r\n      },\r\n      {\r\n        \"name\": \"www.adorenow.net\",\r\n        \"sslState\": \"SniEnabled\",\r\n        \"ipBasedSslResult\": null,\r\n        \"virtualIP\": null,\r\n        \"thumbprint\": \"F75A7A8C033FBEA02A1578812DB289277E23EAB1\",\r\n        \"toUpdate\": null,\r\n        \"toUpdateIpBasedSsl\": null,\r\n        \"ipBasedSslState\": \"NotConfigured\",\r\n        \"hostType\": \"Standard\"\r\n      }\r\n    ],\r\n    \"computeMode\": null,\r\n    \"serverFarm\": null,\r\n    \"serverFarmId\": \"/subscriptions/0d3ae56c-deaf-4982-b514-33d016d4a683/resourceGroups/lketmtestantps10/providers/Microsoft.Web/serverfarms/lke-asp-antps10\",\r\n    \"reserved\": false,\r\n    \"isXenon\": false,\r\n    \"hyperV\": false,\r\n    \"lastModifiedTimeUtc\": \"2019-04-11T23:00:33.3533333\",\r\n    \"storageRecoveryDefaultState\": \"Running\",\r\n    \"contentAvailabilityState\": \"Normal\",\r\n    \"runtimeAvailabilityState\": \"Normal\",\r\n    \"siteConfig\": null,\r\n    \"deploymentId\": \"lketmtestantps10\",\r\n    \"trafficManagerHostNames\": null,\r\n    \"sku\": \"Standard\",\r\n    \"scmSiteAlsoStopped\": false,\r\n    \"targetSwapSlot\": null,\r\n    \"hostingEnvironment\": null,\r\n    \"hostingEnvironmentProfile\": null,\r\n    \"clientAffinityEnabled\": true,\r\n    \"clientCertEnabled\": false,\r\n    \"clientCertExclusionPaths\": null,\r\n    \"hostNamesDisabled\": false,\r\n    \"domainVerificationIdentifiers\": null,\r\n    \"kind\": \"app\",\r\n    \"outboundIpAddresses\": \"40.117.189.181,40.117.191.238,40.117.185.80,40.117.184.255\",\r\n    \"possibleOutboundIpAddresses\": \"40.117.189.181,40.117.191.238,40.117.185.80,40.117.184.255\",\r\n    \"containerSize\": 0,\r\n    \"dailyMemoryTimeQuota\": 0,\r\n    \"suspendedTill\": null,\r\n    \"siteDisabledReason\": 0,\r\n    \"functionExecutionUnitsCache\": null,\r\n    \"maxNumberOfWorkers\": null,\r\n    \"homeStamp\": \"waws-prod-blu-063\",\r\n    \"cloningInfo\": null,\r\n    \"hostingEnvironmentId\": null,\r\n    \"tags\": {\r\n      \"test\": \"1\"\r\n    },\r\n    \"resourceGroup\": \"lketmtestantps10\",\r\n    \"defaultHostName\": \"lketmtestantps10.azurewebsites.net\",\r\n    \"slotSwapStatus\": null,\r\n    \"httpsOnly\": false,\r\n    \"redundancyMode\": \"None\",\r\n    \"inProgressOperationId\": null,\r\n    \"geoDistributions\": null\r\n  }\r\n}",
      "StatusCode": 200
    },
    {
      "RequestUri": "/subscriptions/0d3ae56c-deaf-4982-b514-33d016d4a683/resourceGroups/lketmtestantps10/providers/Microsoft.Web/sites/lketmtestantps10?api-version=2018-02-01",
      "EncodedRequestUri": "L3N1YnNjcmlwdGlvbnMvMGQzYWU1NmMtZGVhZi00OTgyLWI1MTQtMzNkMDE2ZDRhNjgzL3Jlc291cmNlR3JvdXBzL2xrZXRtdGVzdGFudHBzMTAvcHJvdmlkZXJzL01pY3Jvc29mdC5XZWIvc2l0ZXMvbGtldG10ZXN0YW50cHMxMD9hcGktdmVyc2lvbj0yMDE4LTAyLTAx",
      "RequestMethod": "GET",
      "RequestBody": "",
      "RequestHeaders": {
        "x-ms-client-request-id": [
          "5752a81b-a13e-4aec-b2d0-22c4aaabc8d1"
        ],
        "Accept-Language": [
          "en-US"
        ],
        "User-Agent": [
          "FxVersion/4.6.27414.06",
          "OSName/Windows",
          "OSVersion/Microsoft.Windows.10.0.17763.",
          "Microsoft.Azure.Management.WebSites.WebSiteManagementClient/2.1.0"
        ]
      },
      "ResponseHeaders": {
        "Cache-Control": [
          "no-cache"
        ],
        "Pragma": [
          "no-cache"
        ],
        "ETag": [
          "\"1D4F0BAABD274AB\""
        ],
        "Strict-Transport-Security": [
          "max-age=31536000; includeSubDomains"
        ],
        "x-ms-request-id": [
          "3603ef25-ad77-4a1b-96ef-1f9144931103"
        ],
        "Server": [
          "Microsoft-IIS/10.0"
        ],
        "X-AspNet-Version": [
          "4.0.30319"
        ],
        "X-Powered-By": [
          "ASP.NET"
        ],
        "x-ms-ratelimit-remaining-subscription-reads": [
          "11993"
        ],
        "x-ms-correlation-request-id": [
          "6b9e34ef-1d42-4ad4-8094-0aa36d523c78"
        ],
        "x-ms-routing-request-id": [
          "WESTUS2:20190411T230245Z:6b9e34ef-1d42-4ad4-8094-0aa36d523c78"
        ],
        "X-Content-Type-Options": [
          "nosniff"
        ],
        "Date": [
          "Thu, 11 Apr 2019 23:02:44 GMT"
        ],
        "Content-Length": [
          "3431"
        ],
        "Content-Type": [
          "application/json"
        ],
        "Expires": [
          "-1"
        ]
      },
      "ResponseBody": "{\r\n  \"id\": \"/subscriptions/0d3ae56c-deaf-4982-b514-33d016d4a683/resourceGroups/lketmtestantps10/providers/Microsoft.Web/sites/lketmtestantps10\",\r\n  \"name\": \"lketmtestantps10\",\r\n  \"type\": \"Microsoft.Web/sites\",\r\n  \"kind\": \"app\",\r\n  \"location\": \"East US\",\r\n  \"tags\": {\r\n    \"test\": \"1\"\r\n  },\r\n  \"properties\": {\r\n    \"name\": \"lketmtestantps10\",\r\n    \"state\": \"Running\",\r\n    \"hostNames\": [\r\n      \"adorenow.net\",\r\n      \"www.adorenow.net\",\r\n      \"lketmtestantps10.azurewebsites.net\"\r\n    ],\r\n    \"webSpace\": \"lke-rg-antps10-EastUSwebspace\",\r\n    \"selfLink\": \"https://waws-prod-blu-063.api.azurewebsites.windows.net:454/subscriptions/0d3ae56c-deaf-4982-b514-33d016d4a683/webspaces/lke-rg-antps10-EastUSwebspace/sites/lketmtestantps10\",\r\n    \"repositorySiteName\": \"lketmtestantps10\",\r\n    \"owner\": null,\r\n    \"usageState\": \"Normal\",\r\n    \"enabled\": true,\r\n    \"adminEnabled\": true,\r\n    \"enabledHostNames\": [\r\n      \"adorenow.net\",\r\n      \"www.adorenow.net\",\r\n      \"lketmtestantps10.azurewebsites.net\",\r\n      \"lketmtestantps10.scm.azurewebsites.net\"\r\n    ],\r\n    \"siteProperties\": {\r\n      \"metadata\": null,\r\n      \"properties\": [\r\n        {\r\n          \"name\": \"LinuxFxVersion\",\r\n          \"value\": \"\"\r\n        },\r\n        {\r\n          \"name\": \"WindowsFxVersion\",\r\n          \"value\": null\r\n        }\r\n      ],\r\n      \"appSettings\": null\r\n    },\r\n    \"availabilityState\": \"Normal\",\r\n    \"sslCertificates\": null,\r\n    \"csrs\": [],\r\n    \"cers\": null,\r\n    \"siteMode\": null,\r\n    \"hostNameSslStates\": [\r\n      {\r\n        \"name\": \"adorenow.net\",\r\n        \"sslState\": \"Disabled\",\r\n        \"ipBasedSslResult\": null,\r\n        \"virtualIP\": null,\r\n        \"thumbprint\": null,\r\n        \"toUpdate\": null,\r\n        \"toUpdateIpBasedSsl\": null,\r\n        \"ipBasedSslState\": \"NotConfigured\",\r\n        \"hostType\": \"Standard\"\r\n      },\r\n      {\r\n        \"name\": \"lketmtestantps10.azurewebsites.net\",\r\n        \"sslState\": \"Disabled\",\r\n        \"ipBasedSslResult\": null,\r\n        \"virtualIP\": null,\r\n        \"thumbprint\": null,\r\n        \"toUpdate\": null,\r\n        \"toUpdateIpBasedSsl\": null,\r\n        \"ipBasedSslState\": \"NotConfigured\",\r\n        \"hostType\": \"Standard\"\r\n      },\r\n      {\r\n        \"name\": \"lketmtestantps10.scm.azurewebsites.net\",\r\n        \"sslState\": \"Disabled\",\r\n        \"ipBasedSslResult\": null,\r\n        \"virtualIP\": null,\r\n        \"thumbprint\": null,\r\n        \"toUpdate\": null,\r\n        \"toUpdateIpBasedSsl\": null,\r\n        \"ipBasedSslState\": \"NotConfigured\",\r\n        \"hostType\": \"Repository\"\r\n      },\r\n      {\r\n        \"name\": \"www.adorenow.net\",\r\n        \"sslState\": \"SniEnabled\",\r\n        \"ipBasedSslResult\": null,\r\n        \"virtualIP\": null,\r\n        \"thumbprint\": \"F75A7A8C033FBEA02A1578812DB289277E23EAB1\",\r\n        \"toUpdate\": null,\r\n        \"toUpdateIpBasedSsl\": null,\r\n        \"ipBasedSslState\": \"NotConfigured\",\r\n        \"hostType\": \"Standard\"\r\n      }\r\n    ],\r\n    \"computeMode\": null,\r\n    \"serverFarm\": null,\r\n    \"serverFarmId\": \"/subscriptions/0d3ae56c-deaf-4982-b514-33d016d4a683/resourceGroups/lketmtestantps10/providers/Microsoft.Web/serverfarms/lke-asp-antps10\",\r\n    \"reserved\": false,\r\n    \"isXenon\": false,\r\n    \"hyperV\": false,\r\n    \"lastModifiedTimeUtc\": \"2019-04-11T23:02:43.7866667\",\r\n    \"storageRecoveryDefaultState\": \"Running\",\r\n    \"contentAvailabilityState\": \"Normal\",\r\n    \"runtimeAvailabilityState\": \"Normal\",\r\n    \"siteConfig\": null,\r\n    \"deploymentId\": \"lketmtestantps10\",\r\n    \"trafficManagerHostNames\": null,\r\n    \"sku\": \"Standard\",\r\n    \"scmSiteAlsoStopped\": false,\r\n    \"targetSwapSlot\": null,\r\n    \"hostingEnvironment\": null,\r\n    \"hostingEnvironmentProfile\": null,\r\n    \"clientAffinityEnabled\": true,\r\n    \"clientCertEnabled\": false,\r\n    \"clientCertExclusionPaths\": null,\r\n    \"hostNamesDisabled\": false,\r\n    \"domainVerificationIdentifiers\": null,\r\n    \"kind\": \"app\",\r\n    \"outboundIpAddresses\": \"40.117.189.181,40.117.191.238,40.117.185.80,40.117.184.255\",\r\n    \"possibleOutboundIpAddresses\": \"40.117.189.181,40.117.191.238,40.117.185.80,40.117.184.255\",\r\n    \"containerSize\": 0,\r\n    \"dailyMemoryTimeQuota\": 0,\r\n    \"suspendedTill\": null,\r\n    \"siteDisabledReason\": 0,\r\n    \"functionExecutionUnitsCache\": null,\r\n    \"maxNumberOfWorkers\": null,\r\n    \"homeStamp\": \"waws-prod-blu-063\",\r\n    \"cloningInfo\": null,\r\n    \"hostingEnvironmentId\": null,\r\n    \"tags\": {\r\n      \"test\": \"1\"\r\n    },\r\n    \"resourceGroup\": \"lketmtestantps10\",\r\n    \"defaultHostName\": \"lketmtestantps10.azurewebsites.net\",\r\n    \"slotSwapStatus\": null,\r\n    \"httpsOnly\": false,\r\n    \"redundancyMode\": \"None\",\r\n    \"inProgressOperationId\": null,\r\n    \"geoDistributions\": null\r\n  }\r\n}",
      "StatusCode": 200
    },
    {
      "RequestUri": "/subscriptions/0d3ae56c-deaf-4982-b514-33d016d4a683/resourceGroups/lketmtestantps10/providers/Microsoft.Web/sites/lketmtestantps10/config/web?api-version=2018-02-01",
      "EncodedRequestUri": "L3N1YnNjcmlwdGlvbnMvMGQzYWU1NmMtZGVhZi00OTgyLWI1MTQtMzNkMDE2ZDRhNjgzL3Jlc291cmNlR3JvdXBzL2xrZXRtdGVzdGFudHBzMTAvcHJvdmlkZXJzL01pY3Jvc29mdC5XZWIvc2l0ZXMvbGtldG10ZXN0YW50cHMxMC9jb25maWcvd2ViP2FwaS12ZXJzaW9uPTIwMTgtMDItMDE=",
      "RequestMethod": "GET",
      "RequestBody": "",
      "RequestHeaders": {
        "x-ms-client-request-id": [
          "4a7a6f31-976d-4f64-b688-59b5f82e905b"
        ],
        "Accept-Language": [
          "en-US"
        ],
        "User-Agent": [
          "FxVersion/4.6.27414.06",
          "OSName/Windows",
          "OSVersion/Microsoft.Windows.10.0.17763.",
          "Microsoft.Azure.Management.WebSites.WebSiteManagementClient/2.1.0"
        ]
      },
      "ResponseHeaders": {
        "Cache-Control": [
          "no-cache"
        ],
        "Pragma": [
          "no-cache"
        ],
        "Strict-Transport-Security": [
          "max-age=31536000; includeSubDomains"
        ],
        "x-ms-request-id": [
          "817a9fe0-db45-4fe7-bb4b-d6bf23795e00"
        ],
        "Server": [
          "Microsoft-IIS/10.0"
        ],
        "X-AspNet-Version": [
          "4.0.30319"
        ],
        "X-Powered-By": [
          "ASP.NET"
        ],
        "x-ms-ratelimit-remaining-subscription-reads": [
          "11998"
        ],
        "x-ms-correlation-request-id": [
          "4e0899b6-7b97-4700-84ce-b8d004b8c836"
        ],
        "x-ms-routing-request-id": [
          "WESTUS2:20190411T230239Z:4e0899b6-7b97-4700-84ce-b8d004b8c836"
        ],
        "X-Content-Type-Options": [
          "nosniff"
        ],
        "Date": [
          "Thu, 11 Apr 2019 23:02:39 GMT"
        ],
        "Content-Length": [
          "2748"
        ],
        "Content-Type": [
          "application/json"
        ],
        "Expires": [
          "-1"
        ]
      },
      "ResponseBody": "{\r\n  \"id\": \"/subscriptions/0d3ae56c-deaf-4982-b514-33d016d4a683/resourceGroups/lketmtestantps10/providers/Microsoft.Web/sites/lketmtestantps10/config/web\",\r\n  \"name\": \"lketmtestantps10\",\r\n  \"type\": \"Microsoft.Web/sites/config\",\r\n  \"location\": \"East US\",\r\n  \"tags\": {\r\n    \"test\": \"1\"\r\n  },\r\n  \"properties\": {\r\n    \"numberOfWorkers\": 1,\r\n    \"defaultDocuments\": [\r\n      \"Default.htm\",\r\n      \"Default.html\",\r\n      \"Default.asp\",\r\n      \"index.htm\",\r\n      \"index.html\",\r\n      \"iisstart.htm\",\r\n      \"default.aspx\",\r\n      \"index.php\",\r\n      \"hostingstart.html\"\r\n    ],\r\n    \"netFrameworkVersion\": \"v4.0\",\r\n    \"phpVersion\": \"5.6\",\r\n    \"pythonVersion\": \"\",\r\n    \"nodeVersion\": \"\",\r\n    \"linuxFxVersion\": \"\",\r\n    \"windowsFxVersion\": null,\r\n    \"requestTracingEnabled\": true,\r\n    \"requestTracingExpirationTime\": \"9999-12-31T23:59:00Z\",\r\n    \"remoteDebuggingEnabled\": false,\r\n    \"remoteDebuggingVersion\": null,\r\n    \"httpLoggingEnabled\": true,\r\n    \"logsDirectorySizeLimit\": 35,\r\n    \"detailedErrorLoggingEnabled\": true,\r\n    \"publishingUsername\": \"$lketmtestantps10\",\r\n    \"publishingPassword\": null,\r\n    \"appSettings\": null,\r\n    \"azureStorageAccounts\": null,\r\n    \"metadata\": null,\r\n    \"connectionStrings\": null,\r\n    \"machineKey\": null,\r\n    \"handlerMappings\": null,\r\n    \"documentRoot\": null,\r\n    \"scmType\": \"None\",\r\n    \"use32BitWorkerProcess\": true,\r\n    \"webSocketsEnabled\": false,\r\n    \"alwaysOn\": false,\r\n    \"javaVersion\": null,\r\n    \"javaContainer\": null,\r\n    \"javaContainerVersion\": null,\r\n    \"appCommandLine\": \"\",\r\n    \"managedPipelineMode\": \"Integrated\",\r\n    \"virtualApplications\": [\r\n      {\r\n        \"virtualPath\": \"/\",\r\n        \"physicalPath\": \"site\\\\wwwroot\",\r\n        \"preloadEnabled\": false,\r\n        \"virtualDirectories\": null\r\n      }\r\n    ],\r\n    \"winAuthAdminState\": 0,\r\n    \"winAuthTenantState\": 0,\r\n    \"customAppPoolIdentityAdminState\": false,\r\n    \"customAppPoolIdentityTenantState\": false,\r\n    \"runtimeADUser\": null,\r\n    \"runtimeADUserPassword\": null,\r\n    \"loadBalancing\": \"LeastRequests\",\r\n    \"routingRules\": [],\r\n    \"experiments\": {\r\n      \"rampUpRules\": []\r\n    },\r\n    \"limits\": null,\r\n    \"autoHealEnabled\": false,\r\n    \"autoHealRules\": {\r\n      \"triggers\": null,\r\n      \"actions\": null\r\n    },\r\n    \"tracingOptions\": null,\r\n    \"vnetName\": \"\",\r\n    \"siteAuthEnabled\": false,\r\n    \"siteAuthSettings\": {\r\n      \"enabled\": null,\r\n      \"unauthenticatedClientAction\": null,\r\n      \"tokenStoreEnabled\": null,\r\n      \"allowedExternalRedirectUrls\": null,\r\n      \"defaultProvider\": null,\r\n      \"clientId\": null,\r\n      \"clientSecret\": null,\r\n      \"clientSecretCertificateThumbprint\": null,\r\n      \"issuer\": null,\r\n      \"allowedAudiences\": null,\r\n      \"additionalLoginParams\": null,\r\n      \"isAadAutoProvisioned\": false,\r\n      \"googleClientId\": null,\r\n      \"googleClientSecret\": null,\r\n      \"googleOAuthScopes\": null,\r\n      \"facebookAppId\": null,\r\n      \"facebookAppSecret\": null,\r\n      \"facebookOAuthScopes\": null,\r\n      \"twitterConsumerKey\": null,\r\n      \"twitterConsumerSecret\": null,\r\n      \"microsoftAccountClientId\": null,\r\n      \"microsoftAccountClientSecret\": null,\r\n      \"microsoftAccountOAuthScopes\": null\r\n    },\r\n    \"cors\": null,\r\n    \"push\": null,\r\n    \"apiDefinition\": null,\r\n    \"autoSwapSlotName\": null,\r\n    \"localMySqlEnabled\": false,\r\n    \"managedServiceIdentityId\": null,\r\n    \"xManagedServiceIdentityId\": null,\r\n    \"ipSecurityRestrictions\": null,\r\n    \"scmIpSecurityRestrictions\": null,\r\n    \"scmIpSecurityRestrictionsUseMain\": false,\r\n    \"http20Enabled\": false,\r\n    \"minTlsVersion\": \"1.0\",\r\n    \"ftpsState\": \"AllAllowed\",\r\n    \"reservedInstanceCount\": 0\r\n  }\r\n}",
      "StatusCode": 200
    },
    {
      "RequestUri": "/subscriptions/0d3ae56c-deaf-4982-b514-33d016d4a683/resourceGroups/lketmtestantps10/providers/Microsoft.Web/sites/lketmtestantps10/config/web?api-version=2018-02-01",
      "EncodedRequestUri": "L3N1YnNjcmlwdGlvbnMvMGQzYWU1NmMtZGVhZi00OTgyLWI1MTQtMzNkMDE2ZDRhNjgzL3Jlc291cmNlR3JvdXBzL2xrZXRtdGVzdGFudHBzMTAvcHJvdmlkZXJzL01pY3Jvc29mdC5XZWIvc2l0ZXMvbGtldG10ZXN0YW50cHMxMC9jb25maWcvd2ViP2FwaS12ZXJzaW9uPTIwMTgtMDItMDE=",
      "RequestMethod": "GET",
      "RequestBody": "",
      "RequestHeaders": {
        "x-ms-client-request-id": [
          "f1f7861c-ab6a-412c-9b50-5e4f48a7b95d"
        ],
        "Accept-Language": [
          "en-US"
        ],
        "User-Agent": [
          "FxVersion/4.6.27414.06",
          "OSName/Windows",
          "OSVersion/Microsoft.Windows.10.0.17763.",
          "Microsoft.Azure.Management.WebSites.WebSiteManagementClient/2.1.0"
        ]
      },
      "ResponseHeaders": {
        "Cache-Control": [
          "no-cache"
        ],
        "Pragma": [
          "no-cache"
        ],
        "Strict-Transport-Security": [
          "max-age=31536000; includeSubDomains"
        ],
        "x-ms-request-id": [
          "112ddaff-6cb4-471a-9a88-b0d3e5311dd7"
        ],
        "Server": [
          "Microsoft-IIS/10.0"
        ],
        "X-AspNet-Version": [
          "4.0.30319"
        ],
        "X-Powered-By": [
          "ASP.NET"
        ],
        "x-ms-ratelimit-remaining-subscription-reads": [
          "11996"
        ],
        "x-ms-correlation-request-id": [
          "a3460f04-9b90-4862-a477-c3e59917081d"
        ],
        "x-ms-routing-request-id": [
          "WESTUS2:20190411T230241Z:a3460f04-9b90-4862-a477-c3e59917081d"
        ],
        "X-Content-Type-Options": [
          "nosniff"
        ],
        "Date": [
          "Thu, 11 Apr 2019 23:02:40 GMT"
        ],
        "Content-Length": [
          "2748"
        ],
        "Content-Type": [
          "application/json"
        ],
        "Expires": [
          "-1"
        ]
      },
      "ResponseBody": "{\r\n  \"id\": \"/subscriptions/0d3ae56c-deaf-4982-b514-33d016d4a683/resourceGroups/lketmtestantps10/providers/Microsoft.Web/sites/lketmtestantps10/config/web\",\r\n  \"name\": \"lketmtestantps10\",\r\n  \"type\": \"Microsoft.Web/sites/config\",\r\n  \"location\": \"East US\",\r\n  \"tags\": {\r\n    \"test\": \"1\"\r\n  },\r\n  \"properties\": {\r\n    \"numberOfWorkers\": 1,\r\n    \"defaultDocuments\": [\r\n      \"Default.htm\",\r\n      \"Default.html\",\r\n      \"Default.asp\",\r\n      \"index.htm\",\r\n      \"index.html\",\r\n      \"iisstart.htm\",\r\n      \"default.aspx\",\r\n      \"index.php\",\r\n      \"hostingstart.html\"\r\n    ],\r\n    \"netFrameworkVersion\": \"v4.0\",\r\n    \"phpVersion\": \"5.6\",\r\n    \"pythonVersion\": \"\",\r\n    \"nodeVersion\": \"\",\r\n    \"linuxFxVersion\": \"\",\r\n    \"windowsFxVersion\": null,\r\n    \"requestTracingEnabled\": true,\r\n    \"requestTracingExpirationTime\": \"9999-12-31T23:59:00Z\",\r\n    \"remoteDebuggingEnabled\": false,\r\n    \"remoteDebuggingVersion\": null,\r\n    \"httpLoggingEnabled\": true,\r\n    \"logsDirectorySizeLimit\": 35,\r\n    \"detailedErrorLoggingEnabled\": true,\r\n    \"publishingUsername\": \"$lketmtestantps10\",\r\n    \"publishingPassword\": null,\r\n    \"appSettings\": null,\r\n    \"azureStorageAccounts\": null,\r\n    \"metadata\": null,\r\n    \"connectionStrings\": null,\r\n    \"machineKey\": null,\r\n    \"handlerMappings\": null,\r\n    \"documentRoot\": null,\r\n    \"scmType\": \"None\",\r\n    \"use32BitWorkerProcess\": true,\r\n    \"webSocketsEnabled\": false,\r\n    \"alwaysOn\": false,\r\n    \"javaVersion\": null,\r\n    \"javaContainer\": null,\r\n    \"javaContainerVersion\": null,\r\n    \"appCommandLine\": \"\",\r\n    \"managedPipelineMode\": \"Integrated\",\r\n    \"virtualApplications\": [\r\n      {\r\n        \"virtualPath\": \"/\",\r\n        \"physicalPath\": \"site\\\\wwwroot\",\r\n        \"preloadEnabled\": false,\r\n        \"virtualDirectories\": null\r\n      }\r\n    ],\r\n    \"winAuthAdminState\": 0,\r\n    \"winAuthTenantState\": 0,\r\n    \"customAppPoolIdentityAdminState\": false,\r\n    \"customAppPoolIdentityTenantState\": false,\r\n    \"runtimeADUser\": null,\r\n    \"runtimeADUserPassword\": null,\r\n    \"loadBalancing\": \"LeastRequests\",\r\n    \"routingRules\": [],\r\n    \"experiments\": {\r\n      \"rampUpRules\": []\r\n    },\r\n    \"limits\": null,\r\n    \"autoHealEnabled\": false,\r\n    \"autoHealRules\": {\r\n      \"triggers\": null,\r\n      \"actions\": null\r\n    },\r\n    \"tracingOptions\": null,\r\n    \"vnetName\": \"\",\r\n    \"siteAuthEnabled\": false,\r\n    \"siteAuthSettings\": {\r\n      \"enabled\": null,\r\n      \"unauthenticatedClientAction\": null,\r\n      \"tokenStoreEnabled\": null,\r\n      \"allowedExternalRedirectUrls\": null,\r\n      \"defaultProvider\": null,\r\n      \"clientId\": null,\r\n      \"clientSecret\": null,\r\n      \"clientSecretCertificateThumbprint\": null,\r\n      \"issuer\": null,\r\n      \"allowedAudiences\": null,\r\n      \"additionalLoginParams\": null,\r\n      \"isAadAutoProvisioned\": false,\r\n      \"googleClientId\": null,\r\n      \"googleClientSecret\": null,\r\n      \"googleOAuthScopes\": null,\r\n      \"facebookAppId\": null,\r\n      \"facebookAppSecret\": null,\r\n      \"facebookOAuthScopes\": null,\r\n      \"twitterConsumerKey\": null,\r\n      \"twitterConsumerSecret\": null,\r\n      \"microsoftAccountClientId\": null,\r\n      \"microsoftAccountClientSecret\": null,\r\n      \"microsoftAccountOAuthScopes\": null\r\n    },\r\n    \"cors\": null,\r\n    \"push\": null,\r\n    \"apiDefinition\": null,\r\n    \"autoSwapSlotName\": null,\r\n    \"localMySqlEnabled\": false,\r\n    \"managedServiceIdentityId\": null,\r\n    \"xManagedServiceIdentityId\": null,\r\n    \"ipSecurityRestrictions\": null,\r\n    \"scmIpSecurityRestrictions\": null,\r\n    \"scmIpSecurityRestrictionsUseMain\": false,\r\n    \"http20Enabled\": false,\r\n    \"minTlsVersion\": \"1.0\",\r\n    \"ftpsState\": \"AllAllowed\",\r\n    \"reservedInstanceCount\": 0\r\n  }\r\n}",
      "StatusCode": 200
    },
    {
      "RequestUri": "/subscriptions/0d3ae56c-deaf-4982-b514-33d016d4a683/resourceGroups/lketmtestantps10/providers/Microsoft.Web/sites/lketmtestantps10/config/web?api-version=2018-02-01",
      "EncodedRequestUri": "L3N1YnNjcmlwdGlvbnMvMGQzYWU1NmMtZGVhZi00OTgyLWI1MTQtMzNkMDE2ZDRhNjgzL3Jlc291cmNlR3JvdXBzL2xrZXRtdGVzdGFudHBzMTAvcHJvdmlkZXJzL01pY3Jvc29mdC5XZWIvc2l0ZXMvbGtldG10ZXN0YW50cHMxMC9jb25maWcvd2ViP2FwaS12ZXJzaW9uPTIwMTgtMDItMDE=",
      "RequestMethod": "GET",
      "RequestBody": "",
      "RequestHeaders": {
        "x-ms-client-request-id": [
          "299b5931-858b-48d0-90c4-4ceb8bba4533"
        ],
        "Accept-Language": [
          "en-US"
        ],
        "User-Agent": [
          "FxVersion/4.6.27414.06",
          "OSName/Windows",
          "OSVersion/Microsoft.Windows.10.0.17763.",
          "Microsoft.Azure.Management.WebSites.WebSiteManagementClient/2.1.0"
        ]
      },
      "ResponseHeaders": {
        "Cache-Control": [
          "no-cache"
        ],
        "Pragma": [
          "no-cache"
        ],
        "Strict-Transport-Security": [
          "max-age=31536000; includeSubDomains"
        ],
        "x-ms-request-id": [
          "1bc9d3f8-5681-4983-b079-8e8630f6ff36"
        ],
        "Server": [
          "Microsoft-IIS/10.0"
        ],
        "X-AspNet-Version": [
          "4.0.30319"
        ],
        "X-Powered-By": [
          "ASP.NET"
        ],
        "x-ms-ratelimit-remaining-subscription-reads": [
          "11994"
        ],
        "x-ms-correlation-request-id": [
          "0409e8b1-9e5e-407d-b7a9-b257378e8f6a"
        ],
        "x-ms-routing-request-id": [
          "WESTUS2:20190411T230242Z:0409e8b1-9e5e-407d-b7a9-b257378e8f6a"
        ],
        "X-Content-Type-Options": [
          "nosniff"
        ],
        "Date": [
          "Thu, 11 Apr 2019 23:02:41 GMT"
        ],
        "Content-Length": [
          "2748"
        ],
        "Content-Type": [
          "application/json"
        ],
        "Expires": [
          "-1"
        ]
      },
      "ResponseBody": "{\r\n  \"id\": \"/subscriptions/0d3ae56c-deaf-4982-b514-33d016d4a683/resourceGroups/lketmtestantps10/providers/Microsoft.Web/sites/lketmtestantps10/config/web\",\r\n  \"name\": \"lketmtestantps10\",\r\n  \"type\": \"Microsoft.Web/sites/config\",\r\n  \"location\": \"East US\",\r\n  \"tags\": {\r\n    \"test\": \"1\"\r\n  },\r\n  \"properties\": {\r\n    \"numberOfWorkers\": 1,\r\n    \"defaultDocuments\": [\r\n      \"Default.htm\",\r\n      \"Default.html\",\r\n      \"Default.asp\",\r\n      \"index.htm\",\r\n      \"index.html\",\r\n      \"iisstart.htm\",\r\n      \"default.aspx\",\r\n      \"index.php\",\r\n      \"hostingstart.html\"\r\n    ],\r\n    \"netFrameworkVersion\": \"v4.0\",\r\n    \"phpVersion\": \"5.6\",\r\n    \"pythonVersion\": \"\",\r\n    \"nodeVersion\": \"\",\r\n    \"linuxFxVersion\": \"\",\r\n    \"windowsFxVersion\": null,\r\n    \"requestTracingEnabled\": true,\r\n    \"requestTracingExpirationTime\": \"9999-12-31T23:59:00Z\",\r\n    \"remoteDebuggingEnabled\": false,\r\n    \"remoteDebuggingVersion\": null,\r\n    \"httpLoggingEnabled\": true,\r\n    \"logsDirectorySizeLimit\": 35,\r\n    \"detailedErrorLoggingEnabled\": true,\r\n    \"publishingUsername\": \"$lketmtestantps10\",\r\n    \"publishingPassword\": null,\r\n    \"appSettings\": null,\r\n    \"azureStorageAccounts\": null,\r\n    \"metadata\": null,\r\n    \"connectionStrings\": null,\r\n    \"machineKey\": null,\r\n    \"handlerMappings\": null,\r\n    \"documentRoot\": null,\r\n    \"scmType\": \"None\",\r\n    \"use32BitWorkerProcess\": true,\r\n    \"webSocketsEnabled\": false,\r\n    \"alwaysOn\": false,\r\n    \"javaVersion\": null,\r\n    \"javaContainer\": null,\r\n    \"javaContainerVersion\": null,\r\n    \"appCommandLine\": \"\",\r\n    \"managedPipelineMode\": \"Integrated\",\r\n    \"virtualApplications\": [\r\n      {\r\n        \"virtualPath\": \"/\",\r\n        \"physicalPath\": \"site\\\\wwwroot\",\r\n        \"preloadEnabled\": false,\r\n        \"virtualDirectories\": null\r\n      }\r\n    ],\r\n    \"winAuthAdminState\": 0,\r\n    \"winAuthTenantState\": 0,\r\n    \"customAppPoolIdentityAdminState\": false,\r\n    \"customAppPoolIdentityTenantState\": false,\r\n    \"runtimeADUser\": null,\r\n    \"runtimeADUserPassword\": null,\r\n    \"loadBalancing\": \"LeastRequests\",\r\n    \"routingRules\": [],\r\n    \"experiments\": {\r\n      \"rampUpRules\": []\r\n    },\r\n    \"limits\": null,\r\n    \"autoHealEnabled\": false,\r\n    \"autoHealRules\": {\r\n      \"triggers\": null,\r\n      \"actions\": null\r\n    },\r\n    \"tracingOptions\": null,\r\n    \"vnetName\": \"\",\r\n    \"siteAuthEnabled\": false,\r\n    \"siteAuthSettings\": {\r\n      \"enabled\": null,\r\n      \"unauthenticatedClientAction\": null,\r\n      \"tokenStoreEnabled\": null,\r\n      \"allowedExternalRedirectUrls\": null,\r\n      \"defaultProvider\": null,\r\n      \"clientId\": null,\r\n      \"clientSecret\": null,\r\n      \"clientSecretCertificateThumbprint\": null,\r\n      \"issuer\": null,\r\n      \"allowedAudiences\": null,\r\n      \"additionalLoginParams\": null,\r\n      \"isAadAutoProvisioned\": false,\r\n      \"googleClientId\": null,\r\n      \"googleClientSecret\": null,\r\n      \"googleOAuthScopes\": null,\r\n      \"facebookAppId\": null,\r\n      \"facebookAppSecret\": null,\r\n      \"facebookOAuthScopes\": null,\r\n      \"twitterConsumerKey\": null,\r\n      \"twitterConsumerSecret\": null,\r\n      \"microsoftAccountClientId\": null,\r\n      \"microsoftAccountClientSecret\": null,\r\n      \"microsoftAccountOAuthScopes\": null\r\n    },\r\n    \"cors\": null,\r\n    \"push\": null,\r\n    \"apiDefinition\": null,\r\n    \"autoSwapSlotName\": null,\r\n    \"localMySqlEnabled\": false,\r\n    \"managedServiceIdentityId\": null,\r\n    \"xManagedServiceIdentityId\": null,\r\n    \"ipSecurityRestrictions\": null,\r\n    \"scmIpSecurityRestrictions\": null,\r\n    \"scmIpSecurityRestrictionsUseMain\": false,\r\n    \"http20Enabled\": false,\r\n    \"minTlsVersion\": \"1.0\",\r\n    \"ftpsState\": \"AllAllowed\",\r\n    \"reservedInstanceCount\": 0\r\n  }\r\n}",
      "StatusCode": 200
    },
    {
      "RequestUri": "/subscriptions/0d3ae56c-deaf-4982-b514-33d016d4a683/resourceGroups/lketmtestantps10/providers/Microsoft.Web/sites/lketmtestantps10/config/web?api-version=2018-02-01",
      "EncodedRequestUri": "L3N1YnNjcmlwdGlvbnMvMGQzYWU1NmMtZGVhZi00OTgyLWI1MTQtMzNkMDE2ZDRhNjgzL3Jlc291cmNlR3JvdXBzL2xrZXRtdGVzdGFudHBzMTAvcHJvdmlkZXJzL01pY3Jvc29mdC5XZWIvc2l0ZXMvbGtldG10ZXN0YW50cHMxMC9jb25maWcvd2ViP2FwaS12ZXJzaW9uPTIwMTgtMDItMDE=",
      "RequestMethod": "GET",
      "RequestBody": "",
      "RequestHeaders": {
        "x-ms-client-request-id": [
          "61f258a4-4a7f-4c5f-8f17-be2dbb02f508"
        ],
        "Accept-Language": [
          "en-US"
        ],
        "User-Agent": [
          "FxVersion/4.6.27414.06",
          "OSName/Windows",
          "OSVersion/Microsoft.Windows.10.0.17763.",
          "Microsoft.Azure.Management.WebSites.WebSiteManagementClient/2.1.0"
        ]
      },
      "ResponseHeaders": {
        "Cache-Control": [
          "no-cache"
        ],
        "Pragma": [
          "no-cache"
        ],
        "Strict-Transport-Security": [
          "max-age=31536000; includeSubDomains"
        ],
        "x-ms-request-id": [
          "2262dc91-d6e3-4c47-a952-221f582897b4"
        ],
        "Server": [
          "Microsoft-IIS/10.0"
        ],
        "X-AspNet-Version": [
          "4.0.30319"
        ],
        "X-Powered-By": [
          "ASP.NET"
        ],
        "x-ms-ratelimit-remaining-subscription-reads": [
          "11992"
        ],
        "x-ms-correlation-request-id": [
          "a5bd1fbb-1006-42e5-b31c-d134f885f8ba"
        ],
        "x-ms-routing-request-id": [
          "WESTUS2:20190411T230245Z:a5bd1fbb-1006-42e5-b31c-d134f885f8ba"
        ],
        "X-Content-Type-Options": [
          "nosniff"
        ],
        "Date": [
          "Thu, 11 Apr 2019 23:02:45 GMT"
        ],
        "Content-Length": [
          "2748"
        ],
        "Content-Type": [
          "application/json"
        ],
        "Expires": [
          "-1"
        ]
      },
      "ResponseBody": "{\r\n  \"id\": \"/subscriptions/0d3ae56c-deaf-4982-b514-33d016d4a683/resourceGroups/lketmtestantps10/providers/Microsoft.Web/sites/lketmtestantps10/config/web\",\r\n  \"name\": \"lketmtestantps10\",\r\n  \"type\": \"Microsoft.Web/sites/config\",\r\n  \"location\": \"East US\",\r\n  \"tags\": {\r\n    \"test\": \"1\"\r\n  },\r\n  \"properties\": {\r\n    \"numberOfWorkers\": 1,\r\n    \"defaultDocuments\": [\r\n      \"Default.htm\",\r\n      \"Default.html\",\r\n      \"Default.asp\",\r\n      \"index.htm\",\r\n      \"index.html\",\r\n      \"iisstart.htm\",\r\n      \"default.aspx\",\r\n      \"index.php\",\r\n      \"hostingstart.html\"\r\n    ],\r\n    \"netFrameworkVersion\": \"v4.0\",\r\n    \"phpVersion\": \"5.6\",\r\n    \"pythonVersion\": \"\",\r\n    \"nodeVersion\": \"\",\r\n    \"linuxFxVersion\": \"\",\r\n    \"windowsFxVersion\": null,\r\n    \"requestTracingEnabled\": true,\r\n    \"requestTracingExpirationTime\": \"9999-12-31T23:59:00Z\",\r\n    \"remoteDebuggingEnabled\": false,\r\n    \"remoteDebuggingVersion\": null,\r\n    \"httpLoggingEnabled\": true,\r\n    \"logsDirectorySizeLimit\": 35,\r\n    \"detailedErrorLoggingEnabled\": true,\r\n    \"publishingUsername\": \"$lketmtestantps10\",\r\n    \"publishingPassword\": null,\r\n    \"appSettings\": null,\r\n    \"azureStorageAccounts\": null,\r\n    \"metadata\": null,\r\n    \"connectionStrings\": null,\r\n    \"machineKey\": null,\r\n    \"handlerMappings\": null,\r\n    \"documentRoot\": null,\r\n    \"scmType\": \"None\",\r\n    \"use32BitWorkerProcess\": true,\r\n    \"webSocketsEnabled\": false,\r\n    \"alwaysOn\": false,\r\n    \"javaVersion\": null,\r\n    \"javaContainer\": null,\r\n    \"javaContainerVersion\": null,\r\n    \"appCommandLine\": \"\",\r\n    \"managedPipelineMode\": \"Integrated\",\r\n    \"virtualApplications\": [\r\n      {\r\n        \"virtualPath\": \"/\",\r\n        \"physicalPath\": \"site\\\\wwwroot\",\r\n        \"preloadEnabled\": false,\r\n        \"virtualDirectories\": null\r\n      }\r\n    ],\r\n    \"winAuthAdminState\": 0,\r\n    \"winAuthTenantState\": 0,\r\n    \"customAppPoolIdentityAdminState\": false,\r\n    \"customAppPoolIdentityTenantState\": false,\r\n    \"runtimeADUser\": null,\r\n    \"runtimeADUserPassword\": null,\r\n    \"loadBalancing\": \"LeastRequests\",\r\n    \"routingRules\": [],\r\n    \"experiments\": {\r\n      \"rampUpRules\": []\r\n    },\r\n    \"limits\": null,\r\n    \"autoHealEnabled\": false,\r\n    \"autoHealRules\": {\r\n      \"triggers\": null,\r\n      \"actions\": null\r\n    },\r\n    \"tracingOptions\": null,\r\n    \"vnetName\": \"\",\r\n    \"siteAuthEnabled\": false,\r\n    \"siteAuthSettings\": {\r\n      \"enabled\": null,\r\n      \"unauthenticatedClientAction\": null,\r\n      \"tokenStoreEnabled\": null,\r\n      \"allowedExternalRedirectUrls\": null,\r\n      \"defaultProvider\": null,\r\n      \"clientId\": null,\r\n      \"clientSecret\": null,\r\n      \"clientSecretCertificateThumbprint\": null,\r\n      \"issuer\": null,\r\n      \"allowedAudiences\": null,\r\n      \"additionalLoginParams\": null,\r\n      \"isAadAutoProvisioned\": false,\r\n      \"googleClientId\": null,\r\n      \"googleClientSecret\": null,\r\n      \"googleOAuthScopes\": null,\r\n      \"facebookAppId\": null,\r\n      \"facebookAppSecret\": null,\r\n      \"facebookOAuthScopes\": null,\r\n      \"twitterConsumerKey\": null,\r\n      \"twitterConsumerSecret\": null,\r\n      \"microsoftAccountClientId\": null,\r\n      \"microsoftAccountClientSecret\": null,\r\n      \"microsoftAccountOAuthScopes\": null\r\n    },\r\n    \"cors\": null,\r\n    \"push\": null,\r\n    \"apiDefinition\": null,\r\n    \"autoSwapSlotName\": null,\r\n    \"localMySqlEnabled\": false,\r\n    \"managedServiceIdentityId\": null,\r\n    \"xManagedServiceIdentityId\": null,\r\n    \"ipSecurityRestrictions\": null,\r\n    \"scmIpSecurityRestrictions\": null,\r\n    \"scmIpSecurityRestrictionsUseMain\": false,\r\n    \"http20Enabled\": false,\r\n    \"minTlsVersion\": \"1.0\",\r\n    \"ftpsState\": \"AllAllowed\",\r\n    \"reservedInstanceCount\": 0\r\n  }\r\n}",
      "StatusCode": 200
    },
    {
      "RequestUri": "/subscriptions/0d3ae56c-deaf-4982-b514-33d016d4a683/resourceGroups/lketmtestantps10/providers/Microsoft.Web/sites/lketmtestantps10/config/appsettings/list?api-version=2018-02-01",
      "EncodedRequestUri": "L3N1YnNjcmlwdGlvbnMvMGQzYWU1NmMtZGVhZi00OTgyLWI1MTQtMzNkMDE2ZDRhNjgzL3Jlc291cmNlR3JvdXBzL2xrZXRtdGVzdGFudHBzMTAvcHJvdmlkZXJzL01pY3Jvc29mdC5XZWIvc2l0ZXMvbGtldG10ZXN0YW50cHMxMC9jb25maWcvYXBwc2V0dGluZ3MvbGlzdD9hcGktdmVyc2lvbj0yMDE4LTAyLTAx",
      "RequestMethod": "POST",
      "RequestBody": "",
      "RequestHeaders": {
        "x-ms-client-request-id": [
          "0c14ec20-08ab-4414-ae1f-4667d1a0afbf"
        ],
        "Accept-Language": [
          "en-US"
        ],
        "User-Agent": [
          "FxVersion/4.6.27414.06",
          "OSName/Windows",
          "OSVersion/Microsoft.Windows.10.0.17763.",
          "Microsoft.Azure.Management.WebSites.WebSiteManagementClient/2.1.0"
        ]
      },
      "ResponseHeaders": {
        "Cache-Control": [
          "no-cache"
        ],
        "Pragma": [
          "no-cache"
        ],
        "Strict-Transport-Security": [
          "max-age=31536000; includeSubDomains"
        ],
        "x-ms-request-id": [
          "919bb049-e815-483e-9819-2d15cffb58e2"
        ],
        "Server": [
          "Microsoft-IIS/10.0"
        ],
        "X-AspNet-Version": [
          "4.0.30319"
        ],
        "X-Powered-By": [
          "ASP.NET"
        ],
        "x-ms-ratelimit-remaining-subscription-resource-requests": [
          "11999"
        ],
        "x-ms-correlation-request-id": [
          "ea4ed095-e4f4-4468-b748-2e8cbea7f871"
        ],
        "x-ms-routing-request-id": [
          "WESTUS2:20190411T230240Z:ea4ed095-e4f4-4468-b748-2e8cbea7f871"
        ],
        "X-Content-Type-Options": [
          "nosniff"
        ],
        "Date": [
          "Thu, 11 Apr 2019 23:02:40 GMT"
        ],
        "Content-Length": [
          "351"
        ],
        "Content-Type": [
          "application/json"
        ],
        "Expires": [
          "-1"
        ]
      },
      "ResponseBody": "{\r\n  \"id\": \"/subscriptions/0d3ae56c-deaf-4982-b514-33d016d4a683/resourceGroups/lketmtestantps10/providers/Microsoft.Web/sites/lketmtestantps10/config/appsettings\",\r\n  \"name\": \"appsettings\",\r\n  \"type\": \"Microsoft.Web/sites/config\",\r\n  \"location\": \"East US\",\r\n  \"tags\": {\r\n    \"test\": \"1\"\r\n  },\r\n  \"properties\": {\r\n    \"WEBSITE_NODE_DEFAULT_VERSION\": \"6.9.1\",\r\n    \"WEBSITE_HTTPLOGGING_RETENTION_DAYS\": \"5\"\r\n  }\r\n}",
      "StatusCode": 200
    },
    {
      "RequestUri": "/subscriptions/0d3ae56c-deaf-4982-b514-33d016d4a683/resourceGroups/lketmtestantps10/providers/Microsoft.Web/sites/lketmtestantps10/config/appsettings/list?api-version=2018-02-01",
      "EncodedRequestUri": "L3N1YnNjcmlwdGlvbnMvMGQzYWU1NmMtZGVhZi00OTgyLWI1MTQtMzNkMDE2ZDRhNjgzL3Jlc291cmNlR3JvdXBzL2xrZXRtdGVzdGFudHBzMTAvcHJvdmlkZXJzL01pY3Jvc29mdC5XZWIvc2l0ZXMvbGtldG10ZXN0YW50cHMxMC9jb25maWcvYXBwc2V0dGluZ3MvbGlzdD9hcGktdmVyc2lvbj0yMDE4LTAyLTAx",
      "RequestMethod": "POST",
      "RequestBody": "",
      "RequestHeaders": {
        "x-ms-client-request-id": [
          "bac21c83-d224-4ea3-9607-71fecdc66ec7"
        ],
        "Accept-Language": [
          "en-US"
        ],
        "User-Agent": [
          "FxVersion/4.6.27414.06",
          "OSName/Windows",
          "OSVersion/Microsoft.Windows.10.0.17763.",
          "Microsoft.Azure.Management.WebSites.WebSiteManagementClient/2.1.0"
        ]
      },
      "ResponseHeaders": {
        "Cache-Control": [
          "no-cache"
        ],
        "Pragma": [
          "no-cache"
        ],
        "Strict-Transport-Security": [
          "max-age=31536000; includeSubDomains"
        ],
        "x-ms-request-id": [
          "3e091c33-60e7-4755-b6fc-8f0938c39b07"
        ],
        "Server": [
          "Microsoft-IIS/10.0"
        ],
        "X-AspNet-Version": [
          "4.0.30319"
        ],
        "X-Powered-By": [
          "ASP.NET"
        ],
        "x-ms-ratelimit-remaining-subscription-resource-requests": [
          "11996"
        ],
        "x-ms-correlation-request-id": [
          "0cdaf9d3-7973-4f60-98de-b669c466013d"
        ],
        "x-ms-routing-request-id": [
          "WESTUS2:20190411T230241Z:0cdaf9d3-7973-4f60-98de-b669c466013d"
        ],
        "X-Content-Type-Options": [
          "nosniff"
        ],
        "Date": [
          "Thu, 11 Apr 2019 23:02:41 GMT"
        ],
        "Content-Length": [
          "351"
        ],
        "Content-Type": [
          "application/json"
        ],
        "Expires": [
          "-1"
        ]
      },
      "ResponseBody": "{\r\n  \"id\": \"/subscriptions/0d3ae56c-deaf-4982-b514-33d016d4a683/resourceGroups/lketmtestantps10/providers/Microsoft.Web/sites/lketmtestantps10/config/appsettings\",\r\n  \"name\": \"appsettings\",\r\n  \"type\": \"Microsoft.Web/sites/config\",\r\n  \"location\": \"East US\",\r\n  \"tags\": {\r\n    \"test\": \"1\"\r\n  },\r\n  \"properties\": {\r\n    \"WEBSITE_NODE_DEFAULT_VERSION\": \"6.9.1\",\r\n    \"WEBSITE_HTTPLOGGING_RETENTION_DAYS\": \"5\"\r\n  }\r\n}",
      "StatusCode": 200
    },
    {
      "RequestUri": "/subscriptions/0d3ae56c-deaf-4982-b514-33d016d4a683/resourceGroups/lketmtestantps10/providers/Microsoft.Web/sites/lketmtestantps10/config/appsettings/list?api-version=2018-02-01",
      "EncodedRequestUri": "L3N1YnNjcmlwdGlvbnMvMGQzYWU1NmMtZGVhZi00OTgyLWI1MTQtMzNkMDE2ZDRhNjgzL3Jlc291cmNlR3JvdXBzL2xrZXRtdGVzdGFudHBzMTAvcHJvdmlkZXJzL01pY3Jvc29mdC5XZWIvc2l0ZXMvbGtldG10ZXN0YW50cHMxMC9jb25maWcvYXBwc2V0dGluZ3MvbGlzdD9hcGktdmVyc2lvbj0yMDE4LTAyLTAx",
      "RequestMethod": "POST",
      "RequestBody": "",
      "RequestHeaders": {
        "x-ms-client-request-id": [
          "451194e3-3c6e-4682-af9e-f31bf8816670"
        ],
        "Accept-Language": [
          "en-US"
        ],
        "User-Agent": [
          "FxVersion/4.6.27414.06",
          "OSName/Windows",
          "OSVersion/Microsoft.Windows.10.0.17763.",
          "Microsoft.Azure.Management.WebSites.WebSiteManagementClient/2.1.0"
        ]
      },
      "ResponseHeaders": {
        "Cache-Control": [
          "no-cache"
        ],
        "Pragma": [
          "no-cache"
        ],
        "Strict-Transport-Security": [
          "max-age=31536000; includeSubDomains"
        ],
        "x-ms-request-id": [
          "5aa25a7d-24cf-4b8f-92af-30b1ce5c929a"
        ],
        "Server": [
          "Microsoft-IIS/10.0"
        ],
        "X-AspNet-Version": [
          "4.0.30319"
        ],
        "X-Powered-By": [
          "ASP.NET"
        ],
        "x-ms-ratelimit-remaining-subscription-resource-requests": [
          "11993"
        ],
        "x-ms-correlation-request-id": [
          "3da78d9e-8bd4-48ba-93ff-4b8768d2443b"
        ],
        "x-ms-routing-request-id": [
          "WESTUS2:20190411T230242Z:3da78d9e-8bd4-48ba-93ff-4b8768d2443b"
        ],
        "X-Content-Type-Options": [
          "nosniff"
        ],
        "Date": [
          "Thu, 11 Apr 2019 23:02:42 GMT"
        ],
        "Content-Length": [
          "351"
        ],
        "Content-Type": [
          "application/json"
        ],
        "Expires": [
          "-1"
        ]
      },
      "ResponseBody": "{\r\n  \"id\": \"/subscriptions/0d3ae56c-deaf-4982-b514-33d016d4a683/resourceGroups/lketmtestantps10/providers/Microsoft.Web/sites/lketmtestantps10/config/appsettings\",\r\n  \"name\": \"appsettings\",\r\n  \"type\": \"Microsoft.Web/sites/config\",\r\n  \"location\": \"East US\",\r\n  \"tags\": {\r\n    \"test\": \"1\"\r\n  },\r\n  \"properties\": {\r\n    \"WEBSITE_NODE_DEFAULT_VERSION\": \"6.9.1\",\r\n    \"WEBSITE_HTTPLOGGING_RETENTION_DAYS\": \"5\"\r\n  }\r\n}",
      "StatusCode": 200
    },
    {
      "RequestUri": "/subscriptions/0d3ae56c-deaf-4982-b514-33d016d4a683/resourceGroups/lketmtestantps10/providers/Microsoft.Web/sites/lketmtestantps10/config/appsettings/list?api-version=2018-02-01",
      "EncodedRequestUri": "L3N1YnNjcmlwdGlvbnMvMGQzYWU1NmMtZGVhZi00OTgyLWI1MTQtMzNkMDE2ZDRhNjgzL3Jlc291cmNlR3JvdXBzL2xrZXRtdGVzdGFudHBzMTAvcHJvdmlkZXJzL01pY3Jvc29mdC5XZWIvc2l0ZXMvbGtldG10ZXN0YW50cHMxMC9jb25maWcvYXBwc2V0dGluZ3MvbGlzdD9hcGktdmVyc2lvbj0yMDE4LTAyLTAx",
      "RequestMethod": "POST",
      "RequestBody": "",
      "RequestHeaders": {
        "x-ms-client-request-id": [
          "fe83e515-2e41-46e8-b74a-03a01a575ec3"
        ],
        "Accept-Language": [
          "en-US"
        ],
        "User-Agent": [
          "FxVersion/4.6.27414.06",
          "OSName/Windows",
          "OSVersion/Microsoft.Windows.10.0.17763.",
          "Microsoft.Azure.Management.WebSites.WebSiteManagementClient/2.1.0"
        ]
      },
      "ResponseHeaders": {
        "Cache-Control": [
          "no-cache"
        ],
        "Pragma": [
          "no-cache"
        ],
        "Strict-Transport-Security": [
          "max-age=31536000; includeSubDomains"
        ],
        "x-ms-request-id": [
          "d55683a1-ea01-4492-a8a0-1df38ecc4b33"
        ],
        "Server": [
          "Microsoft-IIS/10.0"
        ],
        "X-AspNet-Version": [
          "4.0.30319"
        ],
        "X-Powered-By": [
          "ASP.NET"
        ],
        "x-ms-ratelimit-remaining-subscription-resource-requests": [
          "11990"
        ],
        "x-ms-correlation-request-id": [
          "5bf44abc-964f-430c-8f78-2870b21e1598"
        ],
        "x-ms-routing-request-id": [
          "WESTUS2:20190411T230246Z:5bf44abc-964f-430c-8f78-2870b21e1598"
        ],
        "X-Content-Type-Options": [
          "nosniff"
        ],
        "Date": [
          "Thu, 11 Apr 2019 23:02:45 GMT"
        ],
        "Content-Length": [
          "351"
        ],
        "Content-Type": [
          "application/json"
        ],
        "Expires": [
          "-1"
        ]
      },
      "ResponseBody": "{\r\n  \"id\": \"/subscriptions/0d3ae56c-deaf-4982-b514-33d016d4a683/resourceGroups/lketmtestantps10/providers/Microsoft.Web/sites/lketmtestantps10/config/appsettings\",\r\n  \"name\": \"appsettings\",\r\n  \"type\": \"Microsoft.Web/sites/config\",\r\n  \"location\": \"East US\",\r\n  \"tags\": {\r\n    \"test\": \"1\"\r\n  },\r\n  \"properties\": {\r\n    \"WEBSITE_NODE_DEFAULT_VERSION\": \"6.9.1\",\r\n    \"WEBSITE_HTTPLOGGING_RETENTION_DAYS\": \"5\"\r\n  }\r\n}",
      "StatusCode": 200
    },
    {
      "RequestUri": "/subscriptions/0d3ae56c-deaf-4982-b514-33d016d4a683/resourceGroups/lketmtestantps10/providers/Microsoft.Web/sites/lketmtestantps10/config/connectionstrings/list?api-version=2018-02-01",
      "EncodedRequestUri": "L3N1YnNjcmlwdGlvbnMvMGQzYWU1NmMtZGVhZi00OTgyLWI1MTQtMzNkMDE2ZDRhNjgzL3Jlc291cmNlR3JvdXBzL2xrZXRtdGVzdGFudHBzMTAvcHJvdmlkZXJzL01pY3Jvc29mdC5XZWIvc2l0ZXMvbGtldG10ZXN0YW50cHMxMC9jb25maWcvY29ubmVjdGlvbnN0cmluZ3MvbGlzdD9hcGktdmVyc2lvbj0yMDE4LTAyLTAx",
      "RequestMethod": "POST",
      "RequestBody": "",
      "RequestHeaders": {
        "x-ms-client-request-id": [
          "fbeb9710-9fea-4496-94a7-ab0e8923c818"
        ],
        "Accept-Language": [
          "en-US"
        ],
        "User-Agent": [
          "FxVersion/4.6.27414.06",
          "OSName/Windows",
          "OSVersion/Microsoft.Windows.10.0.17763.",
          "Microsoft.Azure.Management.WebSites.WebSiteManagementClient/2.1.0"
        ]
      },
      "ResponseHeaders": {
        "Cache-Control": [
          "no-cache"
        ],
        "Pragma": [
          "no-cache"
        ],
        "Strict-Transport-Security": [
          "max-age=31536000; includeSubDomains"
        ],
        "x-ms-request-id": [
          "8cbce114-08e4-4359-901e-5c2d9c63560d"
        ],
        "Server": [
          "Microsoft-IIS/10.0"
        ],
        "X-AspNet-Version": [
          "4.0.30319"
        ],
        "X-Powered-By": [
          "ASP.NET"
        ],
        "x-ms-ratelimit-remaining-subscription-resource-requests": [
          "11998"
        ],
        "x-ms-correlation-request-id": [
          "cd60a241-d504-4450-9993-16e4298c60e7"
        ],
        "x-ms-routing-request-id": [
          "WESTUS2:20190411T230240Z:cd60a241-d504-4450-9993-16e4298c60e7"
        ],
        "X-Content-Type-Options": [
          "nosniff"
        ],
        "Date": [
          "Thu, 11 Apr 2019 23:02:40 GMT"
        ],
        "Content-Length": [
          "284"
        ],
        "Content-Type": [
          "application/json"
        ],
        "Expires": [
          "-1"
        ]
      },
      "ResponseBody": "{\r\n  \"id\": \"/subscriptions/0d3ae56c-deaf-4982-b514-33d016d4a683/resourceGroups/lketmtestantps10/providers/Microsoft.Web/sites/lketmtestantps10/config/connectionstrings\",\r\n  \"name\": \"connectionstrings\",\r\n  \"type\": \"Microsoft.Web/sites/config\",\r\n  \"location\": \"East US\",\r\n  \"tags\": {\r\n    \"test\": \"1\"\r\n  },\r\n  \"properties\": {}\r\n}",
      "StatusCode": 200
    },
    {
      "RequestUri": "/subscriptions/0d3ae56c-deaf-4982-b514-33d016d4a683/resourceGroups/lketmtestantps10/providers/Microsoft.Web/sites/lketmtestantps10/config/connectionstrings/list?api-version=2018-02-01",
      "EncodedRequestUri": "L3N1YnNjcmlwdGlvbnMvMGQzYWU1NmMtZGVhZi00OTgyLWI1MTQtMzNkMDE2ZDRhNjgzL3Jlc291cmNlR3JvdXBzL2xrZXRtdGVzdGFudHBzMTAvcHJvdmlkZXJzL01pY3Jvc29mdC5XZWIvc2l0ZXMvbGtldG10ZXN0YW50cHMxMC9jb25maWcvY29ubmVjdGlvbnN0cmluZ3MvbGlzdD9hcGktdmVyc2lvbj0yMDE4LTAyLTAx",
      "RequestMethod": "POST",
      "RequestBody": "",
      "RequestHeaders": {
        "x-ms-client-request-id": [
          "ba4307e4-5dec-40e6-8370-c55c0f84ff16"
        ],
        "Accept-Language": [
          "en-US"
        ],
        "User-Agent": [
          "FxVersion/4.6.27414.06",
          "OSName/Windows",
          "OSVersion/Microsoft.Windows.10.0.17763.",
          "Microsoft.Azure.Management.WebSites.WebSiteManagementClient/2.1.0"
        ]
      },
      "ResponseHeaders": {
        "Cache-Control": [
          "no-cache"
        ],
        "Pragma": [
          "no-cache"
        ],
        "Strict-Transport-Security": [
          "max-age=31536000; includeSubDomains"
        ],
        "x-ms-request-id": [
          "055052cb-1128-4e8d-8bf5-6683edc95c53"
        ],
        "Server": [
          "Microsoft-IIS/10.0"
        ],
        "X-AspNet-Version": [
          "4.0.30319"
        ],
        "X-Powered-By": [
          "ASP.NET"
        ],
        "x-ms-ratelimit-remaining-subscription-resource-requests": [
          "11995"
        ],
        "x-ms-correlation-request-id": [
          "ef0472df-ff8c-4154-a98b-26f3b014be3f"
        ],
        "x-ms-routing-request-id": [
          "WESTUS2:20190411T230241Z:ef0472df-ff8c-4154-a98b-26f3b014be3f"
        ],
        "X-Content-Type-Options": [
          "nosniff"
        ],
        "Date": [
          "Thu, 11 Apr 2019 23:02:41 GMT"
        ],
        "Content-Length": [
          "284"
        ],
        "Content-Type": [
          "application/json"
        ],
        "Expires": [
          "-1"
        ]
      },
      "ResponseBody": "{\r\n  \"id\": \"/subscriptions/0d3ae56c-deaf-4982-b514-33d016d4a683/resourceGroups/lketmtestantps10/providers/Microsoft.Web/sites/lketmtestantps10/config/connectionstrings\",\r\n  \"name\": \"connectionstrings\",\r\n  \"type\": \"Microsoft.Web/sites/config\",\r\n  \"location\": \"East US\",\r\n  \"tags\": {\r\n    \"test\": \"1\"\r\n  },\r\n  \"properties\": {}\r\n}",
      "StatusCode": 200
    },
    {
      "RequestUri": "/subscriptions/0d3ae56c-deaf-4982-b514-33d016d4a683/resourceGroups/lketmtestantps10/providers/Microsoft.Web/sites/lketmtestantps10/config/connectionstrings/list?api-version=2018-02-01",
      "EncodedRequestUri": "L3N1YnNjcmlwdGlvbnMvMGQzYWU1NmMtZGVhZi00OTgyLWI1MTQtMzNkMDE2ZDRhNjgzL3Jlc291cmNlR3JvdXBzL2xrZXRtdGVzdGFudHBzMTAvcHJvdmlkZXJzL01pY3Jvc29mdC5XZWIvc2l0ZXMvbGtldG10ZXN0YW50cHMxMC9jb25maWcvY29ubmVjdGlvbnN0cmluZ3MvbGlzdD9hcGktdmVyc2lvbj0yMDE4LTAyLTAx",
      "RequestMethod": "POST",
      "RequestBody": "",
      "RequestHeaders": {
        "x-ms-client-request-id": [
          "7b7fdeee-749b-41c8-99dc-4121d8128960"
        ],
        "Accept-Language": [
          "en-US"
        ],
        "User-Agent": [
          "FxVersion/4.6.27414.06",
          "OSName/Windows",
          "OSVersion/Microsoft.Windows.10.0.17763.",
          "Microsoft.Azure.Management.WebSites.WebSiteManagementClient/2.1.0"
        ]
      },
      "ResponseHeaders": {
        "Cache-Control": [
          "no-cache"
        ],
        "Pragma": [
          "no-cache"
        ],
        "Strict-Transport-Security": [
          "max-age=31536000; includeSubDomains"
        ],
        "x-ms-request-id": [
          "fa01279c-1b4a-4acf-909e-85f9e7ffe75e"
        ],
        "Server": [
          "Microsoft-IIS/10.0"
        ],
        "X-AspNet-Version": [
          "4.0.30319"
        ],
        "X-Powered-By": [
          "ASP.NET"
        ],
        "x-ms-ratelimit-remaining-subscription-resource-requests": [
          "11992"
        ],
        "x-ms-correlation-request-id": [
          "c4b47b71-4cb4-42f9-b350-9e4a05b78ed2"
        ],
        "x-ms-routing-request-id": [
          "WESTUS2:20190411T230242Z:c4b47b71-4cb4-42f9-b350-9e4a05b78ed2"
        ],
        "X-Content-Type-Options": [
          "nosniff"
        ],
        "Date": [
          "Thu, 11 Apr 2019 23:02:42 GMT"
        ],
        "Content-Length": [
          "284"
        ],
        "Content-Type": [
          "application/json"
        ],
        "Expires": [
          "-1"
        ]
      },
      "ResponseBody": "{\r\n  \"id\": \"/subscriptions/0d3ae56c-deaf-4982-b514-33d016d4a683/resourceGroups/lketmtestantps10/providers/Microsoft.Web/sites/lketmtestantps10/config/connectionstrings\",\r\n  \"name\": \"connectionstrings\",\r\n  \"type\": \"Microsoft.Web/sites/config\",\r\n  \"location\": \"East US\",\r\n  \"tags\": {\r\n    \"test\": \"1\"\r\n  },\r\n  \"properties\": {}\r\n}",
      "StatusCode": 200
    },
    {
      "RequestUri": "/subscriptions/0d3ae56c-deaf-4982-b514-33d016d4a683/resourceGroups/lketmtestantps10/providers/Microsoft.Web/sites/lketmtestantps10/config/connectionstrings/list?api-version=2018-02-01",
      "EncodedRequestUri": "L3N1YnNjcmlwdGlvbnMvMGQzYWU1NmMtZGVhZi00OTgyLWI1MTQtMzNkMDE2ZDRhNjgzL3Jlc291cmNlR3JvdXBzL2xrZXRtdGVzdGFudHBzMTAvcHJvdmlkZXJzL01pY3Jvc29mdC5XZWIvc2l0ZXMvbGtldG10ZXN0YW50cHMxMC9jb25maWcvY29ubmVjdGlvbnN0cmluZ3MvbGlzdD9hcGktdmVyc2lvbj0yMDE4LTAyLTAx",
      "RequestMethod": "POST",
      "RequestBody": "",
      "RequestHeaders": {
        "x-ms-client-request-id": [
          "901f5854-bdaf-4f0a-8014-ae74aa8e0bb7"
        ],
        "Accept-Language": [
          "en-US"
        ],
        "User-Agent": [
          "FxVersion/4.6.27414.06",
          "OSName/Windows",
          "OSVersion/Microsoft.Windows.10.0.17763.",
          "Microsoft.Azure.Management.WebSites.WebSiteManagementClient/2.1.0"
        ]
      },
      "ResponseHeaders": {
        "Cache-Control": [
          "no-cache"
        ],
        "Pragma": [
          "no-cache"
        ],
        "Strict-Transport-Security": [
          "max-age=31536000; includeSubDomains"
        ],
        "x-ms-request-id": [
          "4c4e49bf-c389-4ce3-adc8-622c352835a7"
        ],
        "Server": [
          "Microsoft-IIS/10.0"
        ],
        "X-AspNet-Version": [
          "4.0.30319"
        ],
        "X-Powered-By": [
          "ASP.NET"
        ],
        "x-ms-ratelimit-remaining-subscription-resource-requests": [
          "11989"
        ],
        "x-ms-correlation-request-id": [
          "1556b04a-c008-41e3-b594-aa783793e032"
        ],
        "x-ms-routing-request-id": [
          "WESTUS2:20190411T230246Z:1556b04a-c008-41e3-b594-aa783793e032"
        ],
        "X-Content-Type-Options": [
          "nosniff"
        ],
        "Date": [
          "Thu, 11 Apr 2019 23:02:46 GMT"
        ],
        "Content-Length": [
          "284"
        ],
        "Content-Type": [
          "application/json"
        ],
        "Expires": [
          "-1"
        ]
      },
      "ResponseBody": "{\r\n  \"id\": \"/subscriptions/0d3ae56c-deaf-4982-b514-33d016d4a683/resourceGroups/lketmtestantps10/providers/Microsoft.Web/sites/lketmtestantps10/config/connectionstrings\",\r\n  \"name\": \"connectionstrings\",\r\n  \"type\": \"Microsoft.Web/sites/config\",\r\n  \"location\": \"East US\",\r\n  \"tags\": {\r\n    \"test\": \"1\"\r\n  },\r\n  \"properties\": {}\r\n}",
      "StatusCode": 200
    },
    {
      "RequestUri": "/subscriptions/0d3ae56c-deaf-4982-b514-33d016d4a683/resourceGroups/lketmtestantps10/providers/Microsoft.Web/sites/lketmtestantps10/config/azurestorageaccounts/list?api-version=2018-02-01",
      "EncodedRequestUri": "L3N1YnNjcmlwdGlvbnMvMGQzYWU1NmMtZGVhZi00OTgyLWI1MTQtMzNkMDE2ZDRhNjgzL3Jlc291cmNlR3JvdXBzL2xrZXRtdGVzdGFudHBzMTAvcHJvdmlkZXJzL01pY3Jvc29mdC5XZWIvc2l0ZXMvbGtldG10ZXN0YW50cHMxMC9jb25maWcvYXp1cmVzdG9yYWdlYWNjb3VudHMvbGlzdD9hcGktdmVyc2lvbj0yMDE4LTAyLTAx",
      "RequestMethod": "POST",
      "RequestBody": "",
      "RequestHeaders": {
        "x-ms-client-request-id": [
          "c27c4447-f7a5-4295-a928-169bf462ddd4"
        ],
        "Accept-Language": [
          "en-US"
        ],
        "User-Agent": [
          "FxVersion/4.6.27414.06",
          "OSName/Windows",
          "OSVersion/Microsoft.Windows.10.0.17763.",
          "Microsoft.Azure.Management.WebSites.WebSiteManagementClient/2.1.0"
        ]
      },
      "ResponseHeaders": {
        "Cache-Control": [
          "no-cache"
        ],
        "Pragma": [
          "no-cache"
        ],
        "Strict-Transport-Security": [
          "max-age=31536000; includeSubDomains"
        ],
        "x-ms-request-id": [
          "4646beeb-0525-4a55-ad67-876c68148f1d"
        ],
        "Server": [
          "Microsoft-IIS/10.0"
        ],
        "X-AspNet-Version": [
          "4.0.30319"
        ],
        "X-Powered-By": [
          "ASP.NET"
        ],
        "x-ms-ratelimit-remaining-subscription-resource-requests": [
          "11997"
        ],
        "x-ms-correlation-request-id": [
          "0188f979-9b64-4635-9117-9509084ddc27"
        ],
        "x-ms-routing-request-id": [
          "WESTUS2:20190411T230240Z:0188f979-9b64-4635-9117-9509084ddc27"
        ],
        "X-Content-Type-Options": [
          "nosniff"
        ],
        "Date": [
          "Thu, 11 Apr 2019 23:02:40 GMT"
        ],
        "Content-Length": [
          "281"
        ],
        "Content-Type": [
          "application/json"
        ],
        "Expires": [
          "-1"
        ]
      },
      "ResponseBody": "{\r\n  \"id\": \"/subscriptions/0d3ae56c-deaf-4982-b514-33d016d4a683/resourceGroups/lketmtestantps10/providers/Microsoft.Web/sites/lketmtestantps10/config/appsettings\",\r\n  \"name\": \"azurestorageaccounts\",\r\n  \"type\": \"Microsoft.Web/sites/config\",\r\n  \"location\": \"East US\",\r\n  \"tags\": {\r\n    \"test\": \"1\"\r\n  },\r\n  \"properties\": {}\r\n}",
      "StatusCode": 200
    },
    {
      "RequestUri": "/subscriptions/0d3ae56c-deaf-4982-b514-33d016d4a683/resourceGroups/lketmtestantps10/providers/Microsoft.Web/sites/lketmtestantps10/config/azurestorageaccounts/list?api-version=2018-02-01",
      "EncodedRequestUri": "L3N1YnNjcmlwdGlvbnMvMGQzYWU1NmMtZGVhZi00OTgyLWI1MTQtMzNkMDE2ZDRhNjgzL3Jlc291cmNlR3JvdXBzL2xrZXRtdGVzdGFudHBzMTAvcHJvdmlkZXJzL01pY3Jvc29mdC5XZWIvc2l0ZXMvbGtldG10ZXN0YW50cHMxMC9jb25maWcvYXp1cmVzdG9yYWdlYWNjb3VudHMvbGlzdD9hcGktdmVyc2lvbj0yMDE4LTAyLTAx",
      "RequestMethod": "POST",
      "RequestBody": "",
      "RequestHeaders": {
        "x-ms-client-request-id": [
          "0d1ba314-d87d-4bdb-8962-c974756fb4ad"
        ],
        "Accept-Language": [
          "en-US"
        ],
        "User-Agent": [
          "FxVersion/4.6.27414.06",
          "OSName/Windows",
          "OSVersion/Microsoft.Windows.10.0.17763.",
          "Microsoft.Azure.Management.WebSites.WebSiteManagementClient/2.1.0"
        ]
      },
      "ResponseHeaders": {
        "Cache-Control": [
          "no-cache"
        ],
        "Pragma": [
          "no-cache"
        ],
        "Strict-Transport-Security": [
          "max-age=31536000; includeSubDomains"
        ],
        "x-ms-request-id": [
          "63868424-1698-4a62-8c20-666fd9fc556a"
        ],
        "Server": [
          "Microsoft-IIS/10.0"
        ],
        "X-AspNet-Version": [
          "4.0.30319"
        ],
        "X-Powered-By": [
          "ASP.NET"
        ],
        "x-ms-ratelimit-remaining-subscription-resource-requests": [
          "11994"
        ],
        "x-ms-correlation-request-id": [
          "e08707e9-c57e-41ba-a8b2-1a4d99850398"
        ],
        "x-ms-routing-request-id": [
          "WESTUS2:20190411T230241Z:e08707e9-c57e-41ba-a8b2-1a4d99850398"
        ],
        "X-Content-Type-Options": [
          "nosniff"
        ],
        "Date": [
          "Thu, 11 Apr 2019 23:02:41 GMT"
        ],
        "Content-Length": [
          "281"
        ],
        "Content-Type": [
          "application/json"
        ],
        "Expires": [
          "-1"
        ]
      },
      "ResponseBody": "{\r\n  \"id\": \"/subscriptions/0d3ae56c-deaf-4982-b514-33d016d4a683/resourceGroups/lketmtestantps10/providers/Microsoft.Web/sites/lketmtestantps10/config/appsettings\",\r\n  \"name\": \"azurestorageaccounts\",\r\n  \"type\": \"Microsoft.Web/sites/config\",\r\n  \"location\": \"East US\",\r\n  \"tags\": {\r\n    \"test\": \"1\"\r\n  },\r\n  \"properties\": {}\r\n}",
      "StatusCode": 200
    },
    {
      "RequestUri": "/subscriptions/0d3ae56c-deaf-4982-b514-33d016d4a683/resourceGroups/lketmtestantps10/providers/Microsoft.Web/sites/lketmtestantps10/config/azurestorageaccounts/list?api-version=2018-02-01",
      "EncodedRequestUri": "L3N1YnNjcmlwdGlvbnMvMGQzYWU1NmMtZGVhZi00OTgyLWI1MTQtMzNkMDE2ZDRhNjgzL3Jlc291cmNlR3JvdXBzL2xrZXRtdGVzdGFudHBzMTAvcHJvdmlkZXJzL01pY3Jvc29mdC5XZWIvc2l0ZXMvbGtldG10ZXN0YW50cHMxMC9jb25maWcvYXp1cmVzdG9yYWdlYWNjb3VudHMvbGlzdD9hcGktdmVyc2lvbj0yMDE4LTAyLTAx",
      "RequestMethod": "POST",
      "RequestBody": "",
      "RequestHeaders": {
        "x-ms-client-request-id": [
          "bf3a398b-9a01-4604-bb1b-f2f02201d694"
        ],
        "Accept-Language": [
          "en-US"
        ],
        "User-Agent": [
          "FxVersion/4.6.27414.06",
          "OSName/Windows",
          "OSVersion/Microsoft.Windows.10.0.17763.",
          "Microsoft.Azure.Management.WebSites.WebSiteManagementClient/2.1.0"
        ]
      },
      "ResponseHeaders": {
        "Cache-Control": [
          "no-cache"
        ],
        "Pragma": [
          "no-cache"
        ],
        "Strict-Transport-Security": [
          "max-age=31536000; includeSubDomains"
        ],
        "x-ms-request-id": [
          "faad85f5-43e4-44f0-b5b9-1c0dec5fd073"
        ],
        "Server": [
          "Microsoft-IIS/10.0"
        ],
        "X-AspNet-Version": [
          "4.0.30319"
        ],
        "X-Powered-By": [
          "ASP.NET"
        ],
        "x-ms-ratelimit-remaining-subscription-resource-requests": [
          "11991"
        ],
        "x-ms-correlation-request-id": [
          "5655aae1-1200-4534-b6dd-512086794a6a"
        ],
        "x-ms-routing-request-id": [
          "WESTUS2:20190411T230242Z:5655aae1-1200-4534-b6dd-512086794a6a"
        ],
        "X-Content-Type-Options": [
          "nosniff"
        ],
        "Date": [
          "Thu, 11 Apr 2019 23:02:42 GMT"
        ],
        "Content-Length": [
          "281"
        ],
        "Content-Type": [
          "application/json"
        ],
        "Expires": [
          "-1"
        ]
      },
      "ResponseBody": "{\r\n  \"id\": \"/subscriptions/0d3ae56c-deaf-4982-b514-33d016d4a683/resourceGroups/lketmtestantps10/providers/Microsoft.Web/sites/lketmtestantps10/config/appsettings\",\r\n  \"name\": \"azurestorageaccounts\",\r\n  \"type\": \"Microsoft.Web/sites/config\",\r\n  \"location\": \"East US\",\r\n  \"tags\": {\r\n    \"test\": \"1\"\r\n  },\r\n  \"properties\": {}\r\n}",
      "StatusCode": 200
    },
    {
      "RequestUri": "/subscriptions/0d3ae56c-deaf-4982-b514-33d016d4a683/resourceGroups/lketmtestantps10/providers/Microsoft.Web/sites/lketmtestantps10/config/azurestorageaccounts/list?api-version=2018-02-01",
      "EncodedRequestUri": "L3N1YnNjcmlwdGlvbnMvMGQzYWU1NmMtZGVhZi00OTgyLWI1MTQtMzNkMDE2ZDRhNjgzL3Jlc291cmNlR3JvdXBzL2xrZXRtdGVzdGFudHBzMTAvcHJvdmlkZXJzL01pY3Jvc29mdC5XZWIvc2l0ZXMvbGtldG10ZXN0YW50cHMxMC9jb25maWcvYXp1cmVzdG9yYWdlYWNjb3VudHMvbGlzdD9hcGktdmVyc2lvbj0yMDE4LTAyLTAx",
      "RequestMethod": "POST",
      "RequestBody": "",
      "RequestHeaders": {
        "x-ms-client-request-id": [
          "2b7177fd-7d83-402a-b037-0d001a8f5346"
        ],
        "Accept-Language": [
          "en-US"
        ],
        "User-Agent": [
          "FxVersion/4.6.27414.06",
          "OSName/Windows",
          "OSVersion/Microsoft.Windows.10.0.17763.",
          "Microsoft.Azure.Management.WebSites.WebSiteManagementClient/2.1.0"
        ]
      },
      "ResponseHeaders": {
        "Cache-Control": [
          "no-cache"
        ],
        "Pragma": [
          "no-cache"
        ],
        "Strict-Transport-Security": [
          "max-age=31536000; includeSubDomains"
        ],
        "x-ms-request-id": [
          "f2f935f9-2833-4a7c-9411-133d86af2b55"
        ],
        "Server": [
          "Microsoft-IIS/10.0"
        ],
        "X-AspNet-Version": [
          "4.0.30319"
        ],
        "X-Powered-By": [
          "ASP.NET"
        ],
        "x-ms-ratelimit-remaining-subscription-resource-requests": [
          "11988"
        ],
        "x-ms-correlation-request-id": [
          "1e0412e8-78fe-4359-9703-f3b5b6601938"
        ],
        "x-ms-routing-request-id": [
          "WESTUS2:20190411T230246Z:1e0412e8-78fe-4359-9703-f3b5b6601938"
        ],
        "X-Content-Type-Options": [
          "nosniff"
        ],
        "Date": [
          "Thu, 11 Apr 2019 23:02:46 GMT"
        ],
        "Content-Length": [
          "281"
        ],
        "Content-Type": [
          "application/json"
        ],
        "Expires": [
          "-1"
        ]
      },
      "ResponseBody": "{\r\n  \"id\": \"/subscriptions/0d3ae56c-deaf-4982-b514-33d016d4a683/resourceGroups/lketmtestantps10/providers/Microsoft.Web/sites/lketmtestantps10/config/appsettings\",\r\n  \"name\": \"azurestorageaccounts\",\r\n  \"type\": \"Microsoft.Web/sites/config\",\r\n  \"location\": \"East US\",\r\n  \"tags\": {\r\n    \"test\": \"1\"\r\n  },\r\n  \"properties\": {}\r\n}",
      "StatusCode": 200
    },
    {
      "RequestUri": "/subscriptions/0d3ae56c-deaf-4982-b514-33d016d4a683/resourceGroups/lketmtestantps10/providers/Microsoft.Web/sites/lketmtestantps10?api-version=2018-02-01",
      "EncodedRequestUri": "L3N1YnNjcmlwdGlvbnMvMGQzYWU1NmMtZGVhZi00OTgyLWI1MTQtMzNkMDE2ZDRhNjgzL3Jlc291cmNlR3JvdXBzL2xrZXRtdGVzdGFudHBzMTAvcHJvdmlkZXJzL01pY3Jvc29mdC5XZWIvc2l0ZXMvbGtldG10ZXN0YW50cHMxMD9hcGktdmVyc2lvbj0yMDE4LTAyLTAx",
      "RequestMethod": "PUT",
      "RequestBody": "{\r\n  \"properties\": {\r\n    \"hostNameSslStates\": [\r\n      {\r\n        \"name\": \"www.adorenow.net\",\r\n        \"sslState\": \"SniEnabled\",\r\n        \"thumbprint\": \"F75A7A8C033FBEA02A1578812DB289277E23EAB1\",\r\n        \"toUpdate\": true\r\n      }\r\n    ]\r\n  },\r\n  \"location\": \"East US\",\r\n  \"tags\": {\r\n    \"test\": \"1\"\r\n  }\r\n}",
      "RequestHeaders": {
        "x-ms-client-request-id": [
          "f5db32bb-3152-4a28-82b4-b64403d7cd06"
        ],
        "Accept-Language": [
          "en-US"
        ],
        "User-Agent": [
          "FxVersion/4.6.27414.06",
          "OSName/Windows",
          "OSVersion/Microsoft.Windows.10.0.17763.",
          "Microsoft.Azure.Management.WebSites.WebSiteManagementClient/2.1.0"
        ],
        "Content-Type": [
          "application/json; charset=utf-8"
        ],
        "Content-Length": [
          "308"
        ]
      },
      "ResponseHeaders": {
        "Cache-Control": [
          "no-cache"
        ],
        "Pragma": [
          "no-cache"
        ],
        "ETag": [
          "\"1D4F0BA5E13E895\""
        ],
        "Strict-Transport-Security": [
          "max-age=31536000; includeSubDomains"
        ],
        "x-ms-request-id": [
          "bdbf974c-16d5-4f99-ada5-5312aaaf0371"
        ],
        "Server": [
          "Microsoft-IIS/10.0"
        ],
        "X-AspNet-Version": [
          "4.0.30319"
        ],
        "X-Powered-By": [
          "ASP.NET"
        ],
        "x-ms-ratelimit-remaining-subscription-resource-requests": [
          "499"
        ],
        "x-ms-correlation-request-id": [
          "ea81c2ae-864c-4f74-b541-da93b8a97ff3"
        ],
        "x-ms-routing-request-id": [
          "WESTUS2:20190411T230244Z:ea81c2ae-864c-4f74-b541-da93b8a97ff3"
        ],
        "X-Content-Type-Options": [
          "nosniff"
        ],
        "Date": [
          "Thu, 11 Apr 2019 23:02:44 GMT"
        ],
        "Content-Length": [
          "3431"
        ],
        "Content-Type": [
          "application/json"
        ],
        "Expires": [
          "-1"
        ]
      },
      "ResponseBody": "{\r\n  \"id\": \"/subscriptions/0d3ae56c-deaf-4982-b514-33d016d4a683/resourceGroups/lketmtestantps10/providers/Microsoft.Web/sites/lketmtestantps10\",\r\n  \"name\": \"lketmtestantps10\",\r\n  \"type\": \"Microsoft.Web/sites\",\r\n  \"kind\": \"app\",\r\n  \"location\": \"East US\",\r\n  \"tags\": {\r\n    \"test\": \"1\"\r\n  },\r\n  \"properties\": {\r\n    \"name\": \"lketmtestantps10\",\r\n    \"state\": \"Running\",\r\n    \"hostNames\": [\r\n      \"adorenow.net\",\r\n      \"www.adorenow.net\",\r\n      \"lketmtestantps10.azurewebsites.net\"\r\n    ],\r\n    \"webSpace\": \"lke-rg-antps10-EastUSwebspace\",\r\n    \"selfLink\": \"https://waws-prod-blu-063.api.azurewebsites.windows.net:454/subscriptions/0d3ae56c-deaf-4982-b514-33d016d4a683/webspaces/lke-rg-antps10-EastUSwebspace/sites/lketmtestantps10\",\r\n    \"repositorySiteName\": \"lketmtestantps10\",\r\n    \"owner\": null,\r\n    \"usageState\": \"Normal\",\r\n    \"enabled\": true,\r\n    \"adminEnabled\": true,\r\n    \"enabledHostNames\": [\r\n      \"adorenow.net\",\r\n      \"www.adorenow.net\",\r\n      \"lketmtestantps10.azurewebsites.net\",\r\n      \"lketmtestantps10.scm.azurewebsites.net\"\r\n    ],\r\n    \"siteProperties\": {\r\n      \"metadata\": null,\r\n      \"properties\": [\r\n        {\r\n          \"name\": \"LinuxFxVersion\",\r\n          \"value\": \"\"\r\n        },\r\n        {\r\n          \"name\": \"WindowsFxVersion\",\r\n          \"value\": null\r\n        }\r\n      ],\r\n      \"appSettings\": null\r\n    },\r\n    \"availabilityState\": \"Normal\",\r\n    \"sslCertificates\": null,\r\n    \"csrs\": [],\r\n    \"cers\": null,\r\n    \"siteMode\": null,\r\n    \"hostNameSslStates\": [\r\n      {\r\n        \"name\": \"adorenow.net\",\r\n        \"sslState\": \"Disabled\",\r\n        \"ipBasedSslResult\": null,\r\n        \"virtualIP\": null,\r\n        \"thumbprint\": null,\r\n        \"toUpdate\": null,\r\n        \"toUpdateIpBasedSsl\": null,\r\n        \"ipBasedSslState\": \"NotConfigured\",\r\n        \"hostType\": \"Standard\"\r\n      },\r\n      {\r\n        \"name\": \"lketmtestantps10.azurewebsites.net\",\r\n        \"sslState\": \"Disabled\",\r\n        \"ipBasedSslResult\": null,\r\n        \"virtualIP\": null,\r\n        \"thumbprint\": null,\r\n        \"toUpdate\": null,\r\n        \"toUpdateIpBasedSsl\": null,\r\n        \"ipBasedSslState\": \"NotConfigured\",\r\n        \"hostType\": \"Standard\"\r\n      },\r\n      {\r\n        \"name\": \"lketmtestantps10.scm.azurewebsites.net\",\r\n        \"sslState\": \"Disabled\",\r\n        \"ipBasedSslResult\": null,\r\n        \"virtualIP\": null,\r\n        \"thumbprint\": null,\r\n        \"toUpdate\": null,\r\n        \"toUpdateIpBasedSsl\": null,\r\n        \"ipBasedSslState\": \"NotConfigured\",\r\n        \"hostType\": \"Repository\"\r\n      },\r\n      {\r\n        \"name\": \"www.adorenow.net\",\r\n        \"sslState\": \"SniEnabled\",\r\n        \"ipBasedSslResult\": null,\r\n        \"virtualIP\": null,\r\n        \"thumbprint\": \"F75A7A8C033FBEA02A1578812DB289277E23EAB1\",\r\n        \"toUpdate\": null,\r\n        \"toUpdateIpBasedSsl\": null,\r\n        \"ipBasedSslState\": \"NotConfigured\",\r\n        \"hostType\": \"Standard\"\r\n      }\r\n    ],\r\n    \"computeMode\": null,\r\n    \"serverFarm\": null,\r\n    \"serverFarmId\": \"/subscriptions/0d3ae56c-deaf-4982-b514-33d016d4a683/resourceGroups/lketmtestantps10/providers/Microsoft.Web/serverfarms/lke-asp-antps10\",\r\n    \"reserved\": false,\r\n    \"isXenon\": false,\r\n    \"hyperV\": false,\r\n    \"lastModifiedTimeUtc\": \"2019-04-11T23:02:43.7866667\",\r\n    \"storageRecoveryDefaultState\": \"Running\",\r\n    \"contentAvailabilityState\": \"Normal\",\r\n    \"runtimeAvailabilityState\": \"Normal\",\r\n    \"siteConfig\": null,\r\n    \"deploymentId\": \"lketmtestantps10\",\r\n    \"trafficManagerHostNames\": null,\r\n    \"sku\": \"Standard\",\r\n    \"scmSiteAlsoStopped\": false,\r\n    \"targetSwapSlot\": null,\r\n    \"hostingEnvironment\": null,\r\n    \"hostingEnvironmentProfile\": null,\r\n    \"clientAffinityEnabled\": true,\r\n    \"clientCertEnabled\": false,\r\n    \"clientCertExclusionPaths\": null,\r\n    \"hostNamesDisabled\": false,\r\n    \"domainVerificationIdentifiers\": null,\r\n    \"kind\": \"app\",\r\n    \"outboundIpAddresses\": \"40.117.189.181,40.117.191.238,40.117.185.80,40.117.184.255\",\r\n    \"possibleOutboundIpAddresses\": \"40.117.189.181,40.117.191.238,40.117.185.80,40.117.184.255\",\r\n    \"containerSize\": 0,\r\n    \"dailyMemoryTimeQuota\": 0,\r\n    \"suspendedTill\": null,\r\n    \"siteDisabledReason\": 0,\r\n    \"functionExecutionUnitsCache\": null,\r\n    \"maxNumberOfWorkers\": null,\r\n    \"homeStamp\": \"waws-prod-blu-063\",\r\n    \"cloningInfo\": null,\r\n    \"hostingEnvironmentId\": null,\r\n    \"tags\": {\r\n      \"test\": \"1\"\r\n    },\r\n    \"resourceGroup\": \"lketmtestantps10\",\r\n    \"defaultHostName\": \"lketmtestantps10.azurewebsites.net\",\r\n    \"slotSwapStatus\": null,\r\n    \"httpsOnly\": false,\r\n    \"redundancyMode\": \"None\",\r\n    \"inProgressOperationId\": null,\r\n    \"geoDistributions\": null\r\n  }\r\n}",
      "StatusCode": 200
    },
    {
      "RequestUri": "/subscriptions/0d3ae56c-deaf-4982-b514-33d016d4a683/resourceGroups/lketmtestantps10/providers/Microsoft.Web/sites/lketmtestantps10/slots/testslot?api-version=2018-02-01",
      "EncodedRequestUri": "L3N1YnNjcmlwdGlvbnMvMGQzYWU1NmMtZGVhZi00OTgyLWI1MTQtMzNkMDE2ZDRhNjgzL3Jlc291cmNlR3JvdXBzL2xrZXRtdGVzdGFudHBzMTAvcHJvdmlkZXJzL01pY3Jvc29mdC5XZWIvc2l0ZXMvbGtldG10ZXN0YW50cHMxMC9zbG90cy90ZXN0c2xvdD9hcGktdmVyc2lvbj0yMDE4LTAyLTAx",
      "RequestMethod": "GET",
      "RequestBody": "",
      "RequestHeaders": {
        "x-ms-client-request-id": [
          "c6a3d5e0-c97c-4de5-aef5-8e2383921a7b"
        ],
        "Accept-Language": [
          "en-US"
        ],
        "User-Agent": [
          "FxVersion/4.6.27414.06",
          "OSName/Windows",
          "OSVersion/Microsoft.Windows.10.0.17763.",
          "Microsoft.Azure.Management.WebSites.WebSiteManagementClient/2.1.0"
        ]
      },
      "ResponseHeaders": {
        "Cache-Control": [
          "no-cache"
        ],
        "Pragma": [
          "no-cache"
        ],
        "ETag": [
          "\"1D4F0BA62A2B280\""
        ],
        "Strict-Transport-Security": [
          "max-age=31536000; includeSubDomains"
        ],
        "x-ms-request-id": [
          "d1e220ec-c9ab-4031-bd5b-ddd4966c6deb"
        ],
        "Server": [
          "Microsoft-IIS/10.0"
        ],
        "X-AspNet-Version": [
          "4.0.30319"
        ],
        "X-Powered-By": [
          "ASP.NET"
        ],
        "x-ms-ratelimit-remaining-subscription-reads": [
          "11991"
        ],
        "x-ms-correlation-request-id": [
          "b2edd034-c5e0-4a13-8044-b5d62073552e"
        ],
        "x-ms-routing-request-id": [
          "WESTUS2:20190411T230247Z:b2edd034-c5e0-4a13-8044-b5d62073552e"
        ],
        "X-Content-Type-Options": [
          "nosniff"
        ],
        "Date": [
          "Thu, 11 Apr 2019 23:02:46 GMT"
        ],
        "Content-Length": [
          "3305"
        ],
        "Content-Type": [
          "application/json"
        ],
        "Expires": [
          "-1"
        ]
      },
      "ResponseBody": "{\r\n  \"id\": \"/subscriptions/0d3ae56c-deaf-4982-b514-33d016d4a683/resourceGroups/lketmtestantps10/providers/Microsoft.Web/sites/lketmtestantps10/slots/testslot\",\r\n  \"name\": \"lketmtestantps10/testslot\",\r\n  \"type\": \"Microsoft.Web/sites/slots\",\r\n  \"kind\": \"app\",\r\n  \"location\": \"East US\",\r\n  \"tags\": {\r\n    \"test\": \"2\"\r\n  },\r\n  \"properties\": {\r\n    \"name\": \"lketmtestantps10(testslot)\",\r\n    \"state\": \"Running\",\r\n    \"hostNames\": [\r\n      \"testslot.adorenow.net\",\r\n      \"lketmtestantps10-testslot.azurewebsites.net\"\r\n    ],\r\n    \"webSpace\": \"lke-rg-antps10-EastUSwebspace\",\r\n    \"selfLink\": \"https://waws-prod-blu-063.api.azurewebsites.windows.net:454/subscriptions/0d3ae56c-deaf-4982-b514-33d016d4a683/webspaces/lke-rg-antps10-EastUSwebspace/sites/lketmtestantps10\",\r\n    \"repositorySiteName\": \"lketmtestantps10\",\r\n    \"owner\": null,\r\n    \"usageState\": \"Normal\",\r\n    \"enabled\": true,\r\n    \"adminEnabled\": true,\r\n    \"enabledHostNames\": [\r\n      \"testslot.adorenow.net\",\r\n      \"lketmtestantps10-testslot.azurewebsites.net\",\r\n      \"lketmtestantps10-testslot.scm.azurewebsites.net\"\r\n    ],\r\n    \"siteProperties\": {\r\n      \"metadata\": null,\r\n      \"properties\": [\r\n        {\r\n          \"name\": \"LinuxFxVersion\",\r\n          \"value\": \"\"\r\n        },\r\n        {\r\n          \"name\": \"WindowsFxVersion\",\r\n          \"value\": null\r\n        }\r\n      ],\r\n      \"appSettings\": null\r\n    },\r\n    \"availabilityState\": \"Normal\",\r\n    \"sslCertificates\": null,\r\n    \"csrs\": [],\r\n    \"cers\": null,\r\n    \"siteMode\": null,\r\n    \"hostNameSslStates\": [\r\n      {\r\n        \"name\": \"lketmtestantps10-testslot.azurewebsites.net\",\r\n        \"sslState\": \"Disabled\",\r\n        \"ipBasedSslResult\": null,\r\n        \"virtualIP\": null,\r\n        \"thumbprint\": null,\r\n        \"toUpdate\": null,\r\n        \"toUpdateIpBasedSsl\": null,\r\n        \"ipBasedSslState\": \"NotConfigured\",\r\n        \"hostType\": \"Standard\"\r\n      },\r\n      {\r\n        \"name\": \"lketmtestantps10-testslot.scm.azurewebsites.net\",\r\n        \"sslState\": \"Disabled\",\r\n        \"ipBasedSslResult\": null,\r\n        \"virtualIP\": null,\r\n        \"thumbprint\": null,\r\n        \"toUpdate\": null,\r\n        \"toUpdateIpBasedSsl\": null,\r\n        \"ipBasedSslState\": \"NotConfigured\",\r\n        \"hostType\": \"Repository\"\r\n      },\r\n      {\r\n        \"name\": \"testslot.adorenow.net\",\r\n        \"sslState\": \"SniEnabled\",\r\n        \"ipBasedSslResult\": null,\r\n        \"virtualIP\": null,\r\n        \"thumbprint\": \"F75A7A8C033FBEA02A1578812DB289277E23EAB1\",\r\n        \"toUpdate\": null,\r\n        \"toUpdateIpBasedSsl\": null,\r\n        \"ipBasedSslState\": \"NotConfigured\",\r\n        \"hostType\": \"Standard\"\r\n      }\r\n    ],\r\n    \"computeMode\": null,\r\n    \"serverFarm\": null,\r\n    \"serverFarmId\": \"/subscriptions/0d3ae56c-deaf-4982-b514-33d016d4a683/resourceGroups/lketmtestantps10/providers/Microsoft.Web/serverfarms/lke-asp-antps10\",\r\n    \"reserved\": false,\r\n    \"isXenon\": false,\r\n    \"hyperV\": false,\r\n    \"lastModifiedTimeUtc\": \"2019-04-11T23:00:41\",\r\n    \"storageRecoveryDefaultState\": \"Running\",\r\n    \"contentAvailabilityState\": \"Normal\",\r\n    \"runtimeAvailabilityState\": \"Normal\",\r\n    \"siteConfig\": null,\r\n    \"deploymentId\": \"lketmtestantps10__ca2f\",\r\n    \"trafficManagerHostNames\": null,\r\n    \"sku\": \"Standard\",\r\n    \"scmSiteAlsoStopped\": false,\r\n    \"targetSwapSlot\": null,\r\n    \"hostingEnvironment\": null,\r\n    \"hostingEnvironmentProfile\": null,\r\n    \"clientAffinityEnabled\": true,\r\n    \"clientCertEnabled\": false,\r\n    \"clientCertExclusionPaths\": null,\r\n    \"hostNamesDisabled\": false,\r\n    \"domainVerificationIdentifiers\": null,\r\n    \"kind\": \"app\",\r\n    \"outboundIpAddresses\": \"40.117.189.181,40.117.191.238,40.117.185.80,40.117.184.255\",\r\n    \"possibleOutboundIpAddresses\": \"40.117.189.181,40.117.191.238,40.117.185.80,40.117.184.255\",\r\n    \"containerSize\": 0,\r\n    \"dailyMemoryTimeQuota\": 0,\r\n    \"suspendedTill\": null,\r\n    \"siteDisabledReason\": 0,\r\n    \"functionExecutionUnitsCache\": null,\r\n    \"maxNumberOfWorkers\": null,\r\n    \"homeStamp\": \"waws-prod-blu-063\",\r\n    \"cloningInfo\": null,\r\n    \"hostingEnvironmentId\": null,\r\n    \"tags\": {\r\n      \"test\": \"2\"\r\n    },\r\n    \"resourceGroup\": \"lketmtestantps10\",\r\n    \"defaultHostName\": \"lketmtestantps10-testslot.azurewebsites.net\",\r\n    \"slotSwapStatus\": null,\r\n    \"httpsOnly\": false,\r\n    \"redundancyMode\": \"None\",\r\n    \"inProgressOperationId\": null,\r\n    \"geoDistributions\": null\r\n  }\r\n}",
      "StatusCode": 200
    },
    {
      "RequestUri": "/subscriptions/0d3ae56c-deaf-4982-b514-33d016d4a683/resourceGroups/lketmtestantps10/providers/Microsoft.Web/sites/lketmtestantps10/slots/testslot?api-version=2018-02-01",
      "EncodedRequestUri": "L3N1YnNjcmlwdGlvbnMvMGQzYWU1NmMtZGVhZi00OTgyLWI1MTQtMzNkMDE2ZDRhNjgzL3Jlc291cmNlR3JvdXBzL2xrZXRtdGVzdGFudHBzMTAvcHJvdmlkZXJzL01pY3Jvc29mdC5XZWIvc2l0ZXMvbGtldG10ZXN0YW50cHMxMC9zbG90cy90ZXN0c2xvdD9hcGktdmVyc2lvbj0yMDE4LTAyLTAx",
      "RequestMethod": "GET",
      "RequestBody": "",
      "RequestHeaders": {
        "x-ms-client-request-id": [
          "353c72a1-feb5-4b6b-827a-ba1b58f78cec"
        ],
        "Accept-Language": [
          "en-US"
        ],
        "User-Agent": [
          "FxVersion/4.6.27414.06",
          "OSName/Windows",
          "OSVersion/Microsoft.Windows.10.0.17763.",
          "Microsoft.Azure.Management.WebSites.WebSiteManagementClient/2.1.0"
        ]
      },
      "ResponseHeaders": {
        "Cache-Control": [
          "no-cache"
        ],
        "Pragma": [
          "no-cache"
        ],
        "ETag": [
          "\"1D4F0BA62A2B280\""
        ],
        "Strict-Transport-Security": [
          "max-age=31536000; includeSubDomains"
        ],
        "x-ms-request-id": [
          "9c796e70-1edd-49f1-8eb7-e368c0a261c3"
        ],
        "Server": [
          "Microsoft-IIS/10.0"
        ],
        "X-AspNet-Version": [
          "4.0.30319"
        ],
        "X-Powered-By": [
          "ASP.NET"
        ],
        "x-ms-ratelimit-remaining-subscription-reads": [
          "11989"
        ],
        "x-ms-correlation-request-id": [
          "1020e88c-9938-40be-9012-5842f07e3180"
        ],
        "x-ms-routing-request-id": [
          "WESTUS2:20190411T230248Z:1020e88c-9938-40be-9012-5842f07e3180"
        ],
        "X-Content-Type-Options": [
          "nosniff"
        ],
        "Date": [
          "Thu, 11 Apr 2019 23:02:48 GMT"
        ],
        "Content-Length": [
          "3305"
        ],
        "Content-Type": [
          "application/json"
        ],
        "Expires": [
          "-1"
        ]
      },
      "ResponseBody": "{\r\n  \"id\": \"/subscriptions/0d3ae56c-deaf-4982-b514-33d016d4a683/resourceGroups/lketmtestantps10/providers/Microsoft.Web/sites/lketmtestantps10/slots/testslot\",\r\n  \"name\": \"lketmtestantps10/testslot\",\r\n  \"type\": \"Microsoft.Web/sites/slots\",\r\n  \"kind\": \"app\",\r\n  \"location\": \"East US\",\r\n  \"tags\": {\r\n    \"test\": \"2\"\r\n  },\r\n  \"properties\": {\r\n    \"name\": \"lketmtestantps10(testslot)\",\r\n    \"state\": \"Running\",\r\n    \"hostNames\": [\r\n      \"testslot.adorenow.net\",\r\n      \"lketmtestantps10-testslot.azurewebsites.net\"\r\n    ],\r\n    \"webSpace\": \"lke-rg-antps10-EastUSwebspace\",\r\n    \"selfLink\": \"https://waws-prod-blu-063.api.azurewebsites.windows.net:454/subscriptions/0d3ae56c-deaf-4982-b514-33d016d4a683/webspaces/lke-rg-antps10-EastUSwebspace/sites/lketmtestantps10\",\r\n    \"repositorySiteName\": \"lketmtestantps10\",\r\n    \"owner\": null,\r\n    \"usageState\": \"Normal\",\r\n    \"enabled\": true,\r\n    \"adminEnabled\": true,\r\n    \"enabledHostNames\": [\r\n      \"testslot.adorenow.net\",\r\n      \"lketmtestantps10-testslot.azurewebsites.net\",\r\n      \"lketmtestantps10-testslot.scm.azurewebsites.net\"\r\n    ],\r\n    \"siteProperties\": {\r\n      \"metadata\": null,\r\n      \"properties\": [\r\n        {\r\n          \"name\": \"LinuxFxVersion\",\r\n          \"value\": \"\"\r\n        },\r\n        {\r\n          \"name\": \"WindowsFxVersion\",\r\n          \"value\": null\r\n        }\r\n      ],\r\n      \"appSettings\": null\r\n    },\r\n    \"availabilityState\": \"Normal\",\r\n    \"sslCertificates\": null,\r\n    \"csrs\": [],\r\n    \"cers\": null,\r\n    \"siteMode\": null,\r\n    \"hostNameSslStates\": [\r\n      {\r\n        \"name\": \"lketmtestantps10-testslot.azurewebsites.net\",\r\n        \"sslState\": \"Disabled\",\r\n        \"ipBasedSslResult\": null,\r\n        \"virtualIP\": null,\r\n        \"thumbprint\": null,\r\n        \"toUpdate\": null,\r\n        \"toUpdateIpBasedSsl\": null,\r\n        \"ipBasedSslState\": \"NotConfigured\",\r\n        \"hostType\": \"Standard\"\r\n      },\r\n      {\r\n        \"name\": \"lketmtestantps10-testslot.scm.azurewebsites.net\",\r\n        \"sslState\": \"Disabled\",\r\n        \"ipBasedSslResult\": null,\r\n        \"virtualIP\": null,\r\n        \"thumbprint\": null,\r\n        \"toUpdate\": null,\r\n        \"toUpdateIpBasedSsl\": null,\r\n        \"ipBasedSslState\": \"NotConfigured\",\r\n        \"hostType\": \"Repository\"\r\n      },\r\n      {\r\n        \"name\": \"testslot.adorenow.net\",\r\n        \"sslState\": \"SniEnabled\",\r\n        \"ipBasedSslResult\": null,\r\n        \"virtualIP\": null,\r\n        \"thumbprint\": \"F75A7A8C033FBEA02A1578812DB289277E23EAB1\",\r\n        \"toUpdate\": null,\r\n        \"toUpdateIpBasedSsl\": null,\r\n        \"ipBasedSslState\": \"NotConfigured\",\r\n        \"hostType\": \"Standard\"\r\n      }\r\n    ],\r\n    \"computeMode\": null,\r\n    \"serverFarm\": null,\r\n    \"serverFarmId\": \"/subscriptions/0d3ae56c-deaf-4982-b514-33d016d4a683/resourceGroups/lketmtestantps10/providers/Microsoft.Web/serverfarms/lke-asp-antps10\",\r\n    \"reserved\": false,\r\n    \"isXenon\": false,\r\n    \"hyperV\": false,\r\n    \"lastModifiedTimeUtc\": \"2019-04-11T23:00:41\",\r\n    \"storageRecoveryDefaultState\": \"Running\",\r\n    \"contentAvailabilityState\": \"Normal\",\r\n    \"runtimeAvailabilityState\": \"Normal\",\r\n    \"siteConfig\": null,\r\n    \"deploymentId\": \"lketmtestantps10__ca2f\",\r\n    \"trafficManagerHostNames\": null,\r\n    \"sku\": \"Standard\",\r\n    \"scmSiteAlsoStopped\": false,\r\n    \"targetSwapSlot\": null,\r\n    \"hostingEnvironment\": null,\r\n    \"hostingEnvironmentProfile\": null,\r\n    \"clientAffinityEnabled\": true,\r\n    \"clientCertEnabled\": false,\r\n    \"clientCertExclusionPaths\": null,\r\n    \"hostNamesDisabled\": false,\r\n    \"domainVerificationIdentifiers\": null,\r\n    \"kind\": \"app\",\r\n    \"outboundIpAddresses\": \"40.117.189.181,40.117.191.238,40.117.185.80,40.117.184.255\",\r\n    \"possibleOutboundIpAddresses\": \"40.117.189.181,40.117.191.238,40.117.185.80,40.117.184.255\",\r\n    \"containerSize\": 0,\r\n    \"dailyMemoryTimeQuota\": 0,\r\n    \"suspendedTill\": null,\r\n    \"siteDisabledReason\": 0,\r\n    \"functionExecutionUnitsCache\": null,\r\n    \"maxNumberOfWorkers\": null,\r\n    \"homeStamp\": \"waws-prod-blu-063\",\r\n    \"cloningInfo\": null,\r\n    \"hostingEnvironmentId\": null,\r\n    \"tags\": {\r\n      \"test\": \"2\"\r\n    },\r\n    \"resourceGroup\": \"lketmtestantps10\",\r\n    \"defaultHostName\": \"lketmtestantps10-testslot.azurewebsites.net\",\r\n    \"slotSwapStatus\": null,\r\n    \"httpsOnly\": false,\r\n    \"redundancyMode\": \"None\",\r\n    \"inProgressOperationId\": null,\r\n    \"geoDistributions\": null\r\n  }\r\n}",
      "StatusCode": 200
    },
    {
      "RequestUri": "/subscriptions/0d3ae56c-deaf-4982-b514-33d016d4a683/resourceGroups/lketmtestantps10/providers/Microsoft.Web/sites/lketmtestantps10/slots/testslot?api-version=2018-02-01",
      "EncodedRequestUri": "L3N1YnNjcmlwdGlvbnMvMGQzYWU1NmMtZGVhZi00OTgyLWI1MTQtMzNkMDE2ZDRhNjgzL3Jlc291cmNlR3JvdXBzL2xrZXRtdGVzdGFudHBzMTAvcHJvdmlkZXJzL01pY3Jvc29mdC5XZWIvc2l0ZXMvbGtldG10ZXN0YW50cHMxMC9zbG90cy90ZXN0c2xvdD9hcGktdmVyc2lvbj0yMDE4LTAyLTAx",
      "RequestMethod": "GET",
      "RequestBody": "",
      "RequestHeaders": {
        "x-ms-client-request-id": [
          "a1028c72-e261-47aa-8d7f-df2247332a74"
        ],
        "Accept-Language": [
          "en-US"
        ],
        "User-Agent": [
          "FxVersion/4.6.27414.06",
          "OSName/Windows",
          "OSVersion/Microsoft.Windows.10.0.17763.",
          "Microsoft.Azure.Management.WebSites.WebSiteManagementClient/2.1.0"
        ]
      },
      "ResponseHeaders": {
        "Cache-Control": [
          "no-cache"
        ],
        "Pragma": [
          "no-cache"
        ],
        "ETag": [
          "\"1D4F0BA62A2B280\""
        ],
        "Strict-Transport-Security": [
          "max-age=31536000; includeSubDomains"
        ],
        "x-ms-request-id": [
          "35e169cf-98ce-44da-9a36-d0b1cfe475ff"
        ],
        "Server": [
          "Microsoft-IIS/10.0"
        ],
        "X-AspNet-Version": [
          "4.0.30319"
        ],
        "X-Powered-By": [
          "ASP.NET"
        ],
        "x-ms-ratelimit-remaining-subscription-reads": [
          "11987"
        ],
        "x-ms-correlation-request-id": [
          "92466b49-970a-4991-bf53-dde11bc4c670"
        ],
        "x-ms-routing-request-id": [
          "WESTUS2:20190411T230249Z:92466b49-970a-4991-bf53-dde11bc4c670"
        ],
        "X-Content-Type-Options": [
          "nosniff"
        ],
        "Date": [
          "Thu, 11 Apr 2019 23:02:49 GMT"
        ],
        "Content-Length": [
          "3305"
        ],
        "Content-Type": [
          "application/json"
        ],
        "Expires": [
          "-1"
        ]
      },
      "ResponseBody": "{\r\n  \"id\": \"/subscriptions/0d3ae56c-deaf-4982-b514-33d016d4a683/resourceGroups/lketmtestantps10/providers/Microsoft.Web/sites/lketmtestantps10/slots/testslot\",\r\n  \"name\": \"lketmtestantps10/testslot\",\r\n  \"type\": \"Microsoft.Web/sites/slots\",\r\n  \"kind\": \"app\",\r\n  \"location\": \"East US\",\r\n  \"tags\": {\r\n    \"test\": \"2\"\r\n  },\r\n  \"properties\": {\r\n    \"name\": \"lketmtestantps10(testslot)\",\r\n    \"state\": \"Running\",\r\n    \"hostNames\": [\r\n      \"testslot.adorenow.net\",\r\n      \"lketmtestantps10-testslot.azurewebsites.net\"\r\n    ],\r\n    \"webSpace\": \"lke-rg-antps10-EastUSwebspace\",\r\n    \"selfLink\": \"https://waws-prod-blu-063.api.azurewebsites.windows.net:454/subscriptions/0d3ae56c-deaf-4982-b514-33d016d4a683/webspaces/lke-rg-antps10-EastUSwebspace/sites/lketmtestantps10\",\r\n    \"repositorySiteName\": \"lketmtestantps10\",\r\n    \"owner\": null,\r\n    \"usageState\": \"Normal\",\r\n    \"enabled\": true,\r\n    \"adminEnabled\": true,\r\n    \"enabledHostNames\": [\r\n      \"testslot.adorenow.net\",\r\n      \"lketmtestantps10-testslot.azurewebsites.net\",\r\n      \"lketmtestantps10-testslot.scm.azurewebsites.net\"\r\n    ],\r\n    \"siteProperties\": {\r\n      \"metadata\": null,\r\n      \"properties\": [\r\n        {\r\n          \"name\": \"LinuxFxVersion\",\r\n          \"value\": \"\"\r\n        },\r\n        {\r\n          \"name\": \"WindowsFxVersion\",\r\n          \"value\": null\r\n        }\r\n      ],\r\n      \"appSettings\": null\r\n    },\r\n    \"availabilityState\": \"Normal\",\r\n    \"sslCertificates\": null,\r\n    \"csrs\": [],\r\n    \"cers\": null,\r\n    \"siteMode\": null,\r\n    \"hostNameSslStates\": [\r\n      {\r\n        \"name\": \"lketmtestantps10-testslot.azurewebsites.net\",\r\n        \"sslState\": \"Disabled\",\r\n        \"ipBasedSslResult\": null,\r\n        \"virtualIP\": null,\r\n        \"thumbprint\": null,\r\n        \"toUpdate\": null,\r\n        \"toUpdateIpBasedSsl\": null,\r\n        \"ipBasedSslState\": \"NotConfigured\",\r\n        \"hostType\": \"Standard\"\r\n      },\r\n      {\r\n        \"name\": \"lketmtestantps10-testslot.scm.azurewebsites.net\",\r\n        \"sslState\": \"Disabled\",\r\n        \"ipBasedSslResult\": null,\r\n        \"virtualIP\": null,\r\n        \"thumbprint\": null,\r\n        \"toUpdate\": null,\r\n        \"toUpdateIpBasedSsl\": null,\r\n        \"ipBasedSslState\": \"NotConfigured\",\r\n        \"hostType\": \"Repository\"\r\n      },\r\n      {\r\n        \"name\": \"testslot.adorenow.net\",\r\n        \"sslState\": \"SniEnabled\",\r\n        \"ipBasedSslResult\": null,\r\n        \"virtualIP\": null,\r\n        \"thumbprint\": \"F75A7A8C033FBEA02A1578812DB289277E23EAB1\",\r\n        \"toUpdate\": null,\r\n        \"toUpdateIpBasedSsl\": null,\r\n        \"ipBasedSslState\": \"NotConfigured\",\r\n        \"hostType\": \"Standard\"\r\n      }\r\n    ],\r\n    \"computeMode\": null,\r\n    \"serverFarm\": null,\r\n    \"serverFarmId\": \"/subscriptions/0d3ae56c-deaf-4982-b514-33d016d4a683/resourceGroups/lketmtestantps10/providers/Microsoft.Web/serverfarms/lke-asp-antps10\",\r\n    \"reserved\": false,\r\n    \"isXenon\": false,\r\n    \"hyperV\": false,\r\n    \"lastModifiedTimeUtc\": \"2019-04-11T23:00:41\",\r\n    \"storageRecoveryDefaultState\": \"Running\",\r\n    \"contentAvailabilityState\": \"Normal\",\r\n    \"runtimeAvailabilityState\": \"Normal\",\r\n    \"siteConfig\": null,\r\n    \"deploymentId\": \"lketmtestantps10__ca2f\",\r\n    \"trafficManagerHostNames\": null,\r\n    \"sku\": \"Standard\",\r\n    \"scmSiteAlsoStopped\": false,\r\n    \"targetSwapSlot\": null,\r\n    \"hostingEnvironment\": null,\r\n    \"hostingEnvironmentProfile\": null,\r\n    \"clientAffinityEnabled\": true,\r\n    \"clientCertEnabled\": false,\r\n    \"clientCertExclusionPaths\": null,\r\n    \"hostNamesDisabled\": false,\r\n    \"domainVerificationIdentifiers\": null,\r\n    \"kind\": \"app\",\r\n    \"outboundIpAddresses\": \"40.117.189.181,40.117.191.238,40.117.185.80,40.117.184.255\",\r\n    \"possibleOutboundIpAddresses\": \"40.117.189.181,40.117.191.238,40.117.185.80,40.117.184.255\",\r\n    \"containerSize\": 0,\r\n    \"dailyMemoryTimeQuota\": 0,\r\n    \"suspendedTill\": null,\r\n    \"siteDisabledReason\": 0,\r\n    \"functionExecutionUnitsCache\": null,\r\n    \"maxNumberOfWorkers\": null,\r\n    \"homeStamp\": \"waws-prod-blu-063\",\r\n    \"cloningInfo\": null,\r\n    \"hostingEnvironmentId\": null,\r\n    \"tags\": {\r\n      \"test\": \"2\"\r\n    },\r\n    \"resourceGroup\": \"lketmtestantps10\",\r\n    \"defaultHostName\": \"lketmtestantps10-testslot.azurewebsites.net\",\r\n    \"slotSwapStatus\": null,\r\n    \"httpsOnly\": false,\r\n    \"redundancyMode\": \"None\",\r\n    \"inProgressOperationId\": null,\r\n    \"geoDistributions\": null\r\n  }\r\n}",
      "StatusCode": 200
    },
    {
      "RequestUri": "/subscriptions/0d3ae56c-deaf-4982-b514-33d016d4a683/resourceGroups/lketmtestantps10/providers/Microsoft.Web/sites/lketmtestantps10/slots/testslot?api-version=2018-02-01",
      "EncodedRequestUri": "L3N1YnNjcmlwdGlvbnMvMGQzYWU1NmMtZGVhZi00OTgyLWI1MTQtMzNkMDE2ZDRhNjgzL3Jlc291cmNlR3JvdXBzL2xrZXRtdGVzdGFudHBzMTAvcHJvdmlkZXJzL01pY3Jvc29mdC5XZWIvc2l0ZXMvbGtldG10ZXN0YW50cHMxMC9zbG90cy90ZXN0c2xvdD9hcGktdmVyc2lvbj0yMDE4LTAyLTAx",
      "RequestMethod": "GET",
      "RequestBody": "",
      "RequestHeaders": {
        "x-ms-client-request-id": [
          "8e4e005c-975c-423c-8cf0-498d2b671e82"
        ],
        "Accept-Language": [
          "en-US"
        ],
        "User-Agent": [
          "FxVersion/4.6.27414.06",
          "OSName/Windows",
          "OSVersion/Microsoft.Windows.10.0.17763.",
          "Microsoft.Azure.Management.WebSites.WebSiteManagementClient/2.1.0"
        ]
      },
      "ResponseHeaders": {
        "Cache-Control": [
          "no-cache"
        ],
        "Pragma": [
          "no-cache"
        ],
        "ETag": [
          "\"1D4F0BAB028C975\""
        ],
        "Strict-Transport-Security": [
          "max-age=31536000; includeSubDomains"
        ],
        "x-ms-request-id": [
          "c5cc5c52-ef2d-4b54-9b9e-f7f82cdaf7f5"
        ],
        "Server": [
          "Microsoft-IIS/10.0"
        ],
        "X-AspNet-Version": [
          "4.0.30319"
        ],
        "X-Powered-By": [
          "ASP.NET"
        ],
        "x-ms-ratelimit-remaining-subscription-reads": [
          "11985"
        ],
        "x-ms-correlation-request-id": [
          "94630f75-0646-4d12-86c5-9a683df75472"
        ],
        "x-ms-routing-request-id": [
          "WESTUS2:20190411T230253Z:94630f75-0646-4d12-86c5-9a683df75472"
        ],
        "X-Content-Type-Options": [
          "nosniff"
        ],
        "Date": [
          "Thu, 11 Apr 2019 23:02:52 GMT"
        ],
        "Content-Length": [
          "3313"
        ],
        "Content-Type": [
          "application/json"
        ],
        "Expires": [
          "-1"
        ]
      },
      "ResponseBody": "{\r\n  \"id\": \"/subscriptions/0d3ae56c-deaf-4982-b514-33d016d4a683/resourceGroups/lketmtestantps10/providers/Microsoft.Web/sites/lketmtestantps10/slots/testslot\",\r\n  \"name\": \"lketmtestantps10/testslot\",\r\n  \"type\": \"Microsoft.Web/sites/slots\",\r\n  \"kind\": \"app\",\r\n  \"location\": \"East US\",\r\n  \"tags\": {\r\n    \"test\": \"2\"\r\n  },\r\n  \"properties\": {\r\n    \"name\": \"lketmtestantps10(testslot)\",\r\n    \"state\": \"Running\",\r\n    \"hostNames\": [\r\n      \"testslot.adorenow.net\",\r\n      \"lketmtestantps10-testslot.azurewebsites.net\"\r\n    ],\r\n    \"webSpace\": \"lke-rg-antps10-EastUSwebspace\",\r\n    \"selfLink\": \"https://waws-prod-blu-063.api.azurewebsites.windows.net:454/subscriptions/0d3ae56c-deaf-4982-b514-33d016d4a683/webspaces/lke-rg-antps10-EastUSwebspace/sites/lketmtestantps10\",\r\n    \"repositorySiteName\": \"lketmtestantps10\",\r\n    \"owner\": null,\r\n    \"usageState\": \"Normal\",\r\n    \"enabled\": true,\r\n    \"adminEnabled\": true,\r\n    \"enabledHostNames\": [\r\n      \"testslot.adorenow.net\",\r\n      \"lketmtestantps10-testslot.azurewebsites.net\",\r\n      \"lketmtestantps10-testslot.scm.azurewebsites.net\"\r\n    ],\r\n    \"siteProperties\": {\r\n      \"metadata\": null,\r\n      \"properties\": [\r\n        {\r\n          \"name\": \"LinuxFxVersion\",\r\n          \"value\": \"\"\r\n        },\r\n        {\r\n          \"name\": \"WindowsFxVersion\",\r\n          \"value\": null\r\n        }\r\n      ],\r\n      \"appSettings\": null\r\n    },\r\n    \"availabilityState\": \"Normal\",\r\n    \"sslCertificates\": null,\r\n    \"csrs\": [],\r\n    \"cers\": null,\r\n    \"siteMode\": null,\r\n    \"hostNameSslStates\": [\r\n      {\r\n        \"name\": \"lketmtestantps10-testslot.azurewebsites.net\",\r\n        \"sslState\": \"Disabled\",\r\n        \"ipBasedSslResult\": null,\r\n        \"virtualIP\": null,\r\n        \"thumbprint\": null,\r\n        \"toUpdate\": null,\r\n        \"toUpdateIpBasedSsl\": null,\r\n        \"ipBasedSslState\": \"NotConfigured\",\r\n        \"hostType\": \"Standard\"\r\n      },\r\n      {\r\n        \"name\": \"lketmtestantps10-testslot.scm.azurewebsites.net\",\r\n        \"sslState\": \"Disabled\",\r\n        \"ipBasedSslResult\": null,\r\n        \"virtualIP\": null,\r\n        \"thumbprint\": null,\r\n        \"toUpdate\": null,\r\n        \"toUpdateIpBasedSsl\": null,\r\n        \"ipBasedSslState\": \"NotConfigured\",\r\n        \"hostType\": \"Repository\"\r\n      },\r\n      {\r\n        \"name\": \"testslot.adorenow.net\",\r\n        \"sslState\": \"SniEnabled\",\r\n        \"ipBasedSslResult\": null,\r\n        \"virtualIP\": null,\r\n        \"thumbprint\": \"F75A7A8C033FBEA02A1578812DB289277E23EAB1\",\r\n        \"toUpdate\": null,\r\n        \"toUpdateIpBasedSsl\": null,\r\n        \"ipBasedSslState\": \"NotConfigured\",\r\n        \"hostType\": \"Standard\"\r\n      }\r\n    ],\r\n    \"computeMode\": null,\r\n    \"serverFarm\": null,\r\n    \"serverFarmId\": \"/subscriptions/0d3ae56c-deaf-4982-b514-33d016d4a683/resourceGroups/lketmtestantps10/providers/Microsoft.Web/serverfarms/lke-asp-antps10\",\r\n    \"reserved\": false,\r\n    \"isXenon\": false,\r\n    \"hyperV\": false,\r\n    \"lastModifiedTimeUtc\": \"2019-04-11T23:02:51.0633333\",\r\n    \"storageRecoveryDefaultState\": \"Running\",\r\n    \"contentAvailabilityState\": \"Normal\",\r\n    \"runtimeAvailabilityState\": \"Normal\",\r\n    \"siteConfig\": null,\r\n    \"deploymentId\": \"lketmtestantps10__ca2f\",\r\n    \"trafficManagerHostNames\": null,\r\n    \"sku\": \"Standard\",\r\n    \"scmSiteAlsoStopped\": false,\r\n    \"targetSwapSlot\": null,\r\n    \"hostingEnvironment\": null,\r\n    \"hostingEnvironmentProfile\": null,\r\n    \"clientAffinityEnabled\": true,\r\n    \"clientCertEnabled\": false,\r\n    \"clientCertExclusionPaths\": null,\r\n    \"hostNamesDisabled\": false,\r\n    \"domainVerificationIdentifiers\": null,\r\n    \"kind\": \"app\",\r\n    \"outboundIpAddresses\": \"40.117.189.181,40.117.191.238,40.117.185.80,40.117.184.255\",\r\n    \"possibleOutboundIpAddresses\": \"40.117.189.181,40.117.191.238,40.117.185.80,40.117.184.255\",\r\n    \"containerSize\": 0,\r\n    \"dailyMemoryTimeQuota\": 0,\r\n    \"suspendedTill\": null,\r\n    \"siteDisabledReason\": 0,\r\n    \"functionExecutionUnitsCache\": null,\r\n    \"maxNumberOfWorkers\": null,\r\n    \"homeStamp\": \"waws-prod-blu-063\",\r\n    \"cloningInfo\": null,\r\n    \"hostingEnvironmentId\": null,\r\n    \"tags\": {\r\n      \"test\": \"2\"\r\n    },\r\n    \"resourceGroup\": \"lketmtestantps10\",\r\n    \"defaultHostName\": \"lketmtestantps10-testslot.azurewebsites.net\",\r\n    \"slotSwapStatus\": null,\r\n    \"httpsOnly\": false,\r\n    \"redundancyMode\": \"None\",\r\n    \"inProgressOperationId\": null,\r\n    \"geoDistributions\": null\r\n  }\r\n}",
      "StatusCode": 200
    },
    {
      "RequestUri": "/subscriptions/0d3ae56c-deaf-4982-b514-33d016d4a683/resourceGroups/lketmtestantps10/providers/Microsoft.Web/sites/lketmtestantps10/slots/testslot/config/web?api-version=2018-02-01",
      "EncodedRequestUri": "L3N1YnNjcmlwdGlvbnMvMGQzYWU1NmMtZGVhZi00OTgyLWI1MTQtMzNkMDE2ZDRhNjgzL3Jlc291cmNlR3JvdXBzL2xrZXRtdGVzdGFudHBzMTAvcHJvdmlkZXJzL01pY3Jvc29mdC5XZWIvc2l0ZXMvbGtldG10ZXN0YW50cHMxMC9zbG90cy90ZXN0c2xvdC9jb25maWcvd2ViP2FwaS12ZXJzaW9uPTIwMTgtMDItMDE=",
      "RequestMethod": "GET",
      "RequestBody": "",
      "RequestHeaders": {
        "x-ms-client-request-id": [
          "9c9a5a3a-3fef-47ae-8f13-9ded2a7842c4"
        ],
        "Accept-Language": [
          "en-US"
        ],
        "User-Agent": [
          "FxVersion/4.6.27414.06",
          "OSName/Windows",
          "OSVersion/Microsoft.Windows.10.0.17763.",
          "Microsoft.Azure.Management.WebSites.WebSiteManagementClient/2.1.0"
        ]
      },
      "ResponseHeaders": {
        "Cache-Control": [
          "no-cache"
        ],
        "Pragma": [
          "no-cache"
        ],
        "Strict-Transport-Security": [
          "max-age=31536000; includeSubDomains"
        ],
        "x-ms-request-id": [
          "6002ab22-707f-461f-962a-deae6499588a"
        ],
        "Server": [
          "Microsoft-IIS/10.0"
        ],
        "X-AspNet-Version": [
          "4.0.30319"
        ],
        "X-Powered-By": [
          "ASP.NET"
        ],
        "x-ms-ratelimit-remaining-subscription-reads": [
          "11990"
        ],
        "x-ms-correlation-request-id": [
          "8aa11264-6d97-416b-a471-7f72d9715392"
        ],
        "x-ms-routing-request-id": [
          "WESTUS2:20190411T230247Z:8aa11264-6d97-416b-a471-7f72d9715392"
        ],
        "X-Content-Type-Options": [
          "nosniff"
        ],
        "Date": [
          "Thu, 11 Apr 2019 23:02:47 GMT"
        ],
        "Content-Length": [
          "2722"
        ],
        "Content-Type": [
          "application/json"
        ],
        "Expires": [
          "-1"
        ]
      },
      "ResponseBody": "{\r\n  \"id\": \"/subscriptions/0d3ae56c-deaf-4982-b514-33d016d4a683/resourceGroups/lketmtestantps10/providers/Microsoft.Web/sites/lketmtestantps10/slots/testslot/config/web\",\r\n  \"name\": \"lketmtestantps10\",\r\n  \"type\": \"Microsoft.Web/sites/config\",\r\n  \"location\": \"East US\",\r\n  \"tags\": {\r\n    \"test\": \"2\"\r\n  },\r\n  \"properties\": {\r\n    \"numberOfWorkers\": 1,\r\n    \"defaultDocuments\": [\r\n      \"Default.htm\",\r\n      \"Default.html\",\r\n      \"Default.asp\",\r\n      \"index.htm\",\r\n      \"index.html\",\r\n      \"iisstart.htm\",\r\n      \"default.aspx\",\r\n      \"index.php\",\r\n      \"hostingstart.html\"\r\n    ],\r\n    \"netFrameworkVersion\": \"v4.0\",\r\n    \"phpVersion\": \"5.6\",\r\n    \"pythonVersion\": \"\",\r\n    \"nodeVersion\": \"\",\r\n    \"linuxFxVersion\": \"\",\r\n    \"windowsFxVersion\": null,\r\n    \"requestTracingEnabled\": false,\r\n    \"remoteDebuggingEnabled\": false,\r\n    \"remoteDebuggingVersion\": null,\r\n    \"httpLoggingEnabled\": false,\r\n    \"logsDirectorySizeLimit\": 35,\r\n    \"detailedErrorLoggingEnabled\": false,\r\n    \"publishingUsername\": \"$lketmtestantps10__testslot\",\r\n    \"publishingPassword\": null,\r\n    \"appSettings\": null,\r\n    \"azureStorageAccounts\": null,\r\n    \"metadata\": null,\r\n    \"connectionStrings\": null,\r\n    \"machineKey\": null,\r\n    \"handlerMappings\": null,\r\n    \"documentRoot\": null,\r\n    \"scmType\": \"None\",\r\n    \"use32BitWorkerProcess\": true,\r\n    \"webSocketsEnabled\": false,\r\n    \"alwaysOn\": false,\r\n    \"javaVersion\": null,\r\n    \"javaContainer\": null,\r\n    \"javaContainerVersion\": null,\r\n    \"appCommandLine\": \"\",\r\n    \"managedPipelineMode\": \"Integrated\",\r\n    \"virtualApplications\": [\r\n      {\r\n        \"virtualPath\": \"/\",\r\n        \"physicalPath\": \"site\\\\wwwroot\",\r\n        \"preloadEnabled\": false,\r\n        \"virtualDirectories\": null\r\n      }\r\n    ],\r\n    \"winAuthAdminState\": 0,\r\n    \"winAuthTenantState\": 0,\r\n    \"customAppPoolIdentityAdminState\": false,\r\n    \"customAppPoolIdentityTenantState\": false,\r\n    \"runtimeADUser\": null,\r\n    \"runtimeADUserPassword\": null,\r\n    \"loadBalancing\": \"LeastRequests\",\r\n    \"routingRules\": [],\r\n    \"experiments\": {\r\n      \"rampUpRules\": []\r\n    },\r\n    \"limits\": null,\r\n    \"autoHealEnabled\": false,\r\n    \"autoHealRules\": {\r\n      \"triggers\": null,\r\n      \"actions\": null\r\n    },\r\n    \"tracingOptions\": null,\r\n    \"vnetName\": \"\",\r\n    \"siteAuthEnabled\": false,\r\n    \"siteAuthSettings\": {\r\n      \"enabled\": null,\r\n      \"unauthenticatedClientAction\": null,\r\n      \"tokenStoreEnabled\": null,\r\n      \"allowedExternalRedirectUrls\": null,\r\n      \"defaultProvider\": null,\r\n      \"clientId\": null,\r\n      \"clientSecret\": null,\r\n      \"clientSecretCertificateThumbprint\": null,\r\n      \"issuer\": null,\r\n      \"allowedAudiences\": null,\r\n      \"additionalLoginParams\": null,\r\n      \"isAadAutoProvisioned\": false,\r\n      \"googleClientId\": null,\r\n      \"googleClientSecret\": null,\r\n      \"googleOAuthScopes\": null,\r\n      \"facebookAppId\": null,\r\n      \"facebookAppSecret\": null,\r\n      \"facebookOAuthScopes\": null,\r\n      \"twitterConsumerKey\": null,\r\n      \"twitterConsumerSecret\": null,\r\n      \"microsoftAccountClientId\": null,\r\n      \"microsoftAccountClientSecret\": null,\r\n      \"microsoftAccountOAuthScopes\": null\r\n    },\r\n    \"cors\": null,\r\n    \"push\": null,\r\n    \"apiDefinition\": null,\r\n    \"autoSwapSlotName\": null,\r\n    \"localMySqlEnabled\": false,\r\n    \"managedServiceIdentityId\": null,\r\n    \"xManagedServiceIdentityId\": null,\r\n    \"ipSecurityRestrictions\": null,\r\n    \"scmIpSecurityRestrictions\": null,\r\n    \"scmIpSecurityRestrictionsUseMain\": false,\r\n    \"http20Enabled\": false,\r\n    \"minTlsVersion\": \"1.0\",\r\n    \"ftpsState\": \"AllAllowed\",\r\n    \"reservedInstanceCount\": 0\r\n  }\r\n}",
      "StatusCode": 200
    },
    {
      "RequestUri": "/subscriptions/0d3ae56c-deaf-4982-b514-33d016d4a683/resourceGroups/lketmtestantps10/providers/Microsoft.Web/sites/lketmtestantps10/slots/testslot/config/web?api-version=2018-02-01",
      "EncodedRequestUri": "L3N1YnNjcmlwdGlvbnMvMGQzYWU1NmMtZGVhZi00OTgyLWI1MTQtMzNkMDE2ZDRhNjgzL3Jlc291cmNlR3JvdXBzL2xrZXRtdGVzdGFudHBzMTAvcHJvdmlkZXJzL01pY3Jvc29mdC5XZWIvc2l0ZXMvbGtldG10ZXN0YW50cHMxMC9zbG90cy90ZXN0c2xvdC9jb25maWcvd2ViP2FwaS12ZXJzaW9uPTIwMTgtMDItMDE=",
      "RequestMethod": "GET",
      "RequestBody": "",
      "RequestHeaders": {
        "x-ms-client-request-id": [
          "ceff4cbc-ad53-46ec-8596-7165fbf92035"
        ],
        "Accept-Language": [
          "en-US"
        ],
        "User-Agent": [
          "FxVersion/4.6.27414.06",
          "OSName/Windows",
          "OSVersion/Microsoft.Windows.10.0.17763.",
          "Microsoft.Azure.Management.WebSites.WebSiteManagementClient/2.1.0"
        ]
      },
      "ResponseHeaders": {
        "Cache-Control": [
          "no-cache"
        ],
        "Pragma": [
          "no-cache"
        ],
        "Strict-Transport-Security": [
          "max-age=31536000; includeSubDomains"
        ],
        "x-ms-request-id": [
          "b4021ea8-6b5f-4d7c-91ff-d1280cf07972"
        ],
        "Server": [
          "Microsoft-IIS/10.0"
        ],
        "X-AspNet-Version": [
          "4.0.30319"
        ],
        "X-Powered-By": [
          "ASP.NET"
        ],
        "x-ms-ratelimit-remaining-subscription-reads": [
          "11988"
        ],
        "x-ms-correlation-request-id": [
          "cd37e838-8088-4d0e-869e-951b0f2d31be"
        ],
        "x-ms-routing-request-id": [
          "WESTUS2:20190411T230248Z:cd37e838-8088-4d0e-869e-951b0f2d31be"
        ],
        "X-Content-Type-Options": [
          "nosniff"
        ],
        "Date": [
          "Thu, 11 Apr 2019 23:02:48 GMT"
        ],
        "Content-Length": [
          "2722"
        ],
        "Content-Type": [
          "application/json"
        ],
        "Expires": [
          "-1"
        ]
      },
      "ResponseBody": "{\r\n  \"id\": \"/subscriptions/0d3ae56c-deaf-4982-b514-33d016d4a683/resourceGroups/lketmtestantps10/providers/Microsoft.Web/sites/lketmtestantps10/slots/testslot/config/web\",\r\n  \"name\": \"lketmtestantps10\",\r\n  \"type\": \"Microsoft.Web/sites/config\",\r\n  \"location\": \"East US\",\r\n  \"tags\": {\r\n    \"test\": \"2\"\r\n  },\r\n  \"properties\": {\r\n    \"numberOfWorkers\": 1,\r\n    \"defaultDocuments\": [\r\n      \"Default.htm\",\r\n      \"Default.html\",\r\n      \"Default.asp\",\r\n      \"index.htm\",\r\n      \"index.html\",\r\n      \"iisstart.htm\",\r\n      \"default.aspx\",\r\n      \"index.php\",\r\n      \"hostingstart.html\"\r\n    ],\r\n    \"netFrameworkVersion\": \"v4.0\",\r\n    \"phpVersion\": \"5.6\",\r\n    \"pythonVersion\": \"\",\r\n    \"nodeVersion\": \"\",\r\n    \"linuxFxVersion\": \"\",\r\n    \"windowsFxVersion\": null,\r\n    \"requestTracingEnabled\": false,\r\n    \"remoteDebuggingEnabled\": false,\r\n    \"remoteDebuggingVersion\": null,\r\n    \"httpLoggingEnabled\": false,\r\n    \"logsDirectorySizeLimit\": 35,\r\n    \"detailedErrorLoggingEnabled\": false,\r\n    \"publishingUsername\": \"$lketmtestantps10__testslot\",\r\n    \"publishingPassword\": null,\r\n    \"appSettings\": null,\r\n    \"azureStorageAccounts\": null,\r\n    \"metadata\": null,\r\n    \"connectionStrings\": null,\r\n    \"machineKey\": null,\r\n    \"handlerMappings\": null,\r\n    \"documentRoot\": null,\r\n    \"scmType\": \"None\",\r\n    \"use32BitWorkerProcess\": true,\r\n    \"webSocketsEnabled\": false,\r\n    \"alwaysOn\": false,\r\n    \"javaVersion\": null,\r\n    \"javaContainer\": null,\r\n    \"javaContainerVersion\": null,\r\n    \"appCommandLine\": \"\",\r\n    \"managedPipelineMode\": \"Integrated\",\r\n    \"virtualApplications\": [\r\n      {\r\n        \"virtualPath\": \"/\",\r\n        \"physicalPath\": \"site\\\\wwwroot\",\r\n        \"preloadEnabled\": false,\r\n        \"virtualDirectories\": null\r\n      }\r\n    ],\r\n    \"winAuthAdminState\": 0,\r\n    \"winAuthTenantState\": 0,\r\n    \"customAppPoolIdentityAdminState\": false,\r\n    \"customAppPoolIdentityTenantState\": false,\r\n    \"runtimeADUser\": null,\r\n    \"runtimeADUserPassword\": null,\r\n    \"loadBalancing\": \"LeastRequests\",\r\n    \"routingRules\": [],\r\n    \"experiments\": {\r\n      \"rampUpRules\": []\r\n    },\r\n    \"limits\": null,\r\n    \"autoHealEnabled\": false,\r\n    \"autoHealRules\": {\r\n      \"triggers\": null,\r\n      \"actions\": null\r\n    },\r\n    \"tracingOptions\": null,\r\n    \"vnetName\": \"\",\r\n    \"siteAuthEnabled\": false,\r\n    \"siteAuthSettings\": {\r\n      \"enabled\": null,\r\n      \"unauthenticatedClientAction\": null,\r\n      \"tokenStoreEnabled\": null,\r\n      \"allowedExternalRedirectUrls\": null,\r\n      \"defaultProvider\": null,\r\n      \"clientId\": null,\r\n      \"clientSecret\": null,\r\n      \"clientSecretCertificateThumbprint\": null,\r\n      \"issuer\": null,\r\n      \"allowedAudiences\": null,\r\n      \"additionalLoginParams\": null,\r\n      \"isAadAutoProvisioned\": false,\r\n      \"googleClientId\": null,\r\n      \"googleClientSecret\": null,\r\n      \"googleOAuthScopes\": null,\r\n      \"facebookAppId\": null,\r\n      \"facebookAppSecret\": null,\r\n      \"facebookOAuthScopes\": null,\r\n      \"twitterConsumerKey\": null,\r\n      \"twitterConsumerSecret\": null,\r\n      \"microsoftAccountClientId\": null,\r\n      \"microsoftAccountClientSecret\": null,\r\n      \"microsoftAccountOAuthScopes\": null\r\n    },\r\n    \"cors\": null,\r\n    \"push\": null,\r\n    \"apiDefinition\": null,\r\n    \"autoSwapSlotName\": null,\r\n    \"localMySqlEnabled\": false,\r\n    \"managedServiceIdentityId\": null,\r\n    \"xManagedServiceIdentityId\": null,\r\n    \"ipSecurityRestrictions\": null,\r\n    \"scmIpSecurityRestrictions\": null,\r\n    \"scmIpSecurityRestrictionsUseMain\": false,\r\n    \"http20Enabled\": false,\r\n    \"minTlsVersion\": \"1.0\",\r\n    \"ftpsState\": \"AllAllowed\",\r\n    \"reservedInstanceCount\": 0\r\n  }\r\n}",
      "StatusCode": 200
    },
    {
      "RequestUri": "/subscriptions/0d3ae56c-deaf-4982-b514-33d016d4a683/resourceGroups/lketmtestantps10/providers/Microsoft.Web/sites/lketmtestantps10/slots/testslot/config/web?api-version=2018-02-01",
      "EncodedRequestUri": "L3N1YnNjcmlwdGlvbnMvMGQzYWU1NmMtZGVhZi00OTgyLWI1MTQtMzNkMDE2ZDRhNjgzL3Jlc291cmNlR3JvdXBzL2xrZXRtdGVzdGFudHBzMTAvcHJvdmlkZXJzL01pY3Jvc29mdC5XZWIvc2l0ZXMvbGtldG10ZXN0YW50cHMxMC9zbG90cy90ZXN0c2xvdC9jb25maWcvd2ViP2FwaS12ZXJzaW9uPTIwMTgtMDItMDE=",
      "RequestMethod": "GET",
      "RequestBody": "",
      "RequestHeaders": {
        "x-ms-client-request-id": [
          "e6c3fa38-ece0-4b5b-9610-e63366318cab"
        ],
        "Accept-Language": [
          "en-US"
        ],
        "User-Agent": [
          "FxVersion/4.6.27414.06",
          "OSName/Windows",
          "OSVersion/Microsoft.Windows.10.0.17763.",
          "Microsoft.Azure.Management.WebSites.WebSiteManagementClient/2.1.0"
        ]
      },
      "ResponseHeaders": {
        "Cache-Control": [
          "no-cache"
        ],
        "Pragma": [
          "no-cache"
        ],
        "Strict-Transport-Security": [
          "max-age=31536000; includeSubDomains"
        ],
        "x-ms-request-id": [
          "336e310e-29fe-46fc-95c5-cb39bcbeba0e"
        ],
        "Server": [
          "Microsoft-IIS/10.0"
        ],
        "X-AspNet-Version": [
          "4.0.30319"
        ],
        "X-Powered-By": [
          "ASP.NET"
        ],
        "x-ms-ratelimit-remaining-subscription-reads": [
          "11986"
        ],
        "x-ms-correlation-request-id": [
          "b5a00b82-1dad-4895-9051-8eda16fc33b2"
        ],
        "x-ms-routing-request-id": [
          "WESTUS2:20190411T230249Z:b5a00b82-1dad-4895-9051-8eda16fc33b2"
        ],
        "X-Content-Type-Options": [
          "nosniff"
        ],
        "Date": [
          "Thu, 11 Apr 2019 23:02:49 GMT"
        ],
        "Content-Length": [
          "2722"
        ],
        "Content-Type": [
          "application/json"
        ],
        "Expires": [
          "-1"
        ]
      },
      "ResponseBody": "{\r\n  \"id\": \"/subscriptions/0d3ae56c-deaf-4982-b514-33d016d4a683/resourceGroups/lketmtestantps10/providers/Microsoft.Web/sites/lketmtestantps10/slots/testslot/config/web\",\r\n  \"name\": \"lketmtestantps10\",\r\n  \"type\": \"Microsoft.Web/sites/config\",\r\n  \"location\": \"East US\",\r\n  \"tags\": {\r\n    \"test\": \"2\"\r\n  },\r\n  \"properties\": {\r\n    \"numberOfWorkers\": 1,\r\n    \"defaultDocuments\": [\r\n      \"Default.htm\",\r\n      \"Default.html\",\r\n      \"Default.asp\",\r\n      \"index.htm\",\r\n      \"index.html\",\r\n      \"iisstart.htm\",\r\n      \"default.aspx\",\r\n      \"index.php\",\r\n      \"hostingstart.html\"\r\n    ],\r\n    \"netFrameworkVersion\": \"v4.0\",\r\n    \"phpVersion\": \"5.6\",\r\n    \"pythonVersion\": \"\",\r\n    \"nodeVersion\": \"\",\r\n    \"linuxFxVersion\": \"\",\r\n    \"windowsFxVersion\": null,\r\n    \"requestTracingEnabled\": false,\r\n    \"remoteDebuggingEnabled\": false,\r\n    \"remoteDebuggingVersion\": null,\r\n    \"httpLoggingEnabled\": false,\r\n    \"logsDirectorySizeLimit\": 35,\r\n    \"detailedErrorLoggingEnabled\": false,\r\n    \"publishingUsername\": \"$lketmtestantps10__testslot\",\r\n    \"publishingPassword\": null,\r\n    \"appSettings\": null,\r\n    \"azureStorageAccounts\": null,\r\n    \"metadata\": null,\r\n    \"connectionStrings\": null,\r\n    \"machineKey\": null,\r\n    \"handlerMappings\": null,\r\n    \"documentRoot\": null,\r\n    \"scmType\": \"None\",\r\n    \"use32BitWorkerProcess\": true,\r\n    \"webSocketsEnabled\": false,\r\n    \"alwaysOn\": false,\r\n    \"javaVersion\": null,\r\n    \"javaContainer\": null,\r\n    \"javaContainerVersion\": null,\r\n    \"appCommandLine\": \"\",\r\n    \"managedPipelineMode\": \"Integrated\",\r\n    \"virtualApplications\": [\r\n      {\r\n        \"virtualPath\": \"/\",\r\n        \"physicalPath\": \"site\\\\wwwroot\",\r\n        \"preloadEnabled\": false,\r\n        \"virtualDirectories\": null\r\n      }\r\n    ],\r\n    \"winAuthAdminState\": 0,\r\n    \"winAuthTenantState\": 0,\r\n    \"customAppPoolIdentityAdminState\": false,\r\n    \"customAppPoolIdentityTenantState\": false,\r\n    \"runtimeADUser\": null,\r\n    \"runtimeADUserPassword\": null,\r\n    \"loadBalancing\": \"LeastRequests\",\r\n    \"routingRules\": [],\r\n    \"experiments\": {\r\n      \"rampUpRules\": []\r\n    },\r\n    \"limits\": null,\r\n    \"autoHealEnabled\": false,\r\n    \"autoHealRules\": {\r\n      \"triggers\": null,\r\n      \"actions\": null\r\n    },\r\n    \"tracingOptions\": null,\r\n    \"vnetName\": \"\",\r\n    \"siteAuthEnabled\": false,\r\n    \"siteAuthSettings\": {\r\n      \"enabled\": null,\r\n      \"unauthenticatedClientAction\": null,\r\n      \"tokenStoreEnabled\": null,\r\n      \"allowedExternalRedirectUrls\": null,\r\n      \"defaultProvider\": null,\r\n      \"clientId\": null,\r\n      \"clientSecret\": null,\r\n      \"clientSecretCertificateThumbprint\": null,\r\n      \"issuer\": null,\r\n      \"allowedAudiences\": null,\r\n      \"additionalLoginParams\": null,\r\n      \"isAadAutoProvisioned\": false,\r\n      \"googleClientId\": null,\r\n      \"googleClientSecret\": null,\r\n      \"googleOAuthScopes\": null,\r\n      \"facebookAppId\": null,\r\n      \"facebookAppSecret\": null,\r\n      \"facebookOAuthScopes\": null,\r\n      \"twitterConsumerKey\": null,\r\n      \"twitterConsumerSecret\": null,\r\n      \"microsoftAccountClientId\": null,\r\n      \"microsoftAccountClientSecret\": null,\r\n      \"microsoftAccountOAuthScopes\": null\r\n    },\r\n    \"cors\": null,\r\n    \"push\": null,\r\n    \"apiDefinition\": null,\r\n    \"autoSwapSlotName\": null,\r\n    \"localMySqlEnabled\": false,\r\n    \"managedServiceIdentityId\": null,\r\n    \"xManagedServiceIdentityId\": null,\r\n    \"ipSecurityRestrictions\": null,\r\n    \"scmIpSecurityRestrictions\": null,\r\n    \"scmIpSecurityRestrictionsUseMain\": false,\r\n    \"http20Enabled\": false,\r\n    \"minTlsVersion\": \"1.0\",\r\n    \"ftpsState\": \"AllAllowed\",\r\n    \"reservedInstanceCount\": 0\r\n  }\r\n}",
      "StatusCode": 200
    },
    {
      "RequestUri": "/subscriptions/0d3ae56c-deaf-4982-b514-33d016d4a683/resourceGroups/lketmtestantps10/providers/Microsoft.Web/sites/lketmtestantps10/slots/testslot/config/web?api-version=2018-02-01",
      "EncodedRequestUri": "L3N1YnNjcmlwdGlvbnMvMGQzYWU1NmMtZGVhZi00OTgyLWI1MTQtMzNkMDE2ZDRhNjgzL3Jlc291cmNlR3JvdXBzL2xrZXRtdGVzdGFudHBzMTAvcHJvdmlkZXJzL01pY3Jvc29mdC5XZWIvc2l0ZXMvbGtldG10ZXN0YW50cHMxMC9zbG90cy90ZXN0c2xvdC9jb25maWcvd2ViP2FwaS12ZXJzaW9uPTIwMTgtMDItMDE=",
      "RequestMethod": "GET",
      "RequestBody": "",
      "RequestHeaders": {
        "x-ms-client-request-id": [
          "ec13da00-a6c4-4472-b6ca-dff274b1e9de"
        ],
        "Accept-Language": [
          "en-US"
        ],
        "User-Agent": [
          "FxVersion/4.6.27414.06",
          "OSName/Windows",
          "OSVersion/Microsoft.Windows.10.0.17763.",
          "Microsoft.Azure.Management.WebSites.WebSiteManagementClient/2.1.0"
        ]
      },
      "ResponseHeaders": {
        "Cache-Control": [
          "no-cache"
        ],
        "Pragma": [
          "no-cache"
        ],
        "Strict-Transport-Security": [
          "max-age=31536000; includeSubDomains"
        ],
        "x-ms-request-id": [
          "caa74e45-2695-4884-8e46-1e4975070b44"
        ],
        "Server": [
          "Microsoft-IIS/10.0"
        ],
        "X-AspNet-Version": [
          "4.0.30319"
        ],
        "X-Powered-By": [
          "ASP.NET"
        ],
        "x-ms-ratelimit-remaining-subscription-reads": [
          "11984"
        ],
        "x-ms-correlation-request-id": [
          "af8f757f-f715-47dc-b6ed-0f75fc0bd741"
        ],
        "x-ms-routing-request-id": [
          "WESTUS2:20190411T230253Z:af8f757f-f715-47dc-b6ed-0f75fc0bd741"
        ],
        "X-Content-Type-Options": [
          "nosniff"
        ],
        "Date": [
          "Thu, 11 Apr 2019 23:02:53 GMT"
        ],
        "Content-Length": [
          "2722"
        ],
        "Content-Type": [
          "application/json"
        ],
        "Expires": [
          "-1"
        ]
      },
      "ResponseBody": "{\r\n  \"id\": \"/subscriptions/0d3ae56c-deaf-4982-b514-33d016d4a683/resourceGroups/lketmtestantps10/providers/Microsoft.Web/sites/lketmtestantps10/slots/testslot/config/web\",\r\n  \"name\": \"lketmtestantps10\",\r\n  \"type\": \"Microsoft.Web/sites/config\",\r\n  \"location\": \"East US\",\r\n  \"tags\": {\r\n    \"test\": \"2\"\r\n  },\r\n  \"properties\": {\r\n    \"numberOfWorkers\": 1,\r\n    \"defaultDocuments\": [\r\n      \"Default.htm\",\r\n      \"Default.html\",\r\n      \"Default.asp\",\r\n      \"index.htm\",\r\n      \"index.html\",\r\n      \"iisstart.htm\",\r\n      \"default.aspx\",\r\n      \"index.php\",\r\n      \"hostingstart.html\"\r\n    ],\r\n    \"netFrameworkVersion\": \"v4.0\",\r\n    \"phpVersion\": \"5.6\",\r\n    \"pythonVersion\": \"\",\r\n    \"nodeVersion\": \"\",\r\n    \"linuxFxVersion\": \"\",\r\n    \"windowsFxVersion\": null,\r\n    \"requestTracingEnabled\": false,\r\n    \"remoteDebuggingEnabled\": false,\r\n    \"remoteDebuggingVersion\": null,\r\n    \"httpLoggingEnabled\": false,\r\n    \"logsDirectorySizeLimit\": 35,\r\n    \"detailedErrorLoggingEnabled\": false,\r\n    \"publishingUsername\": \"$lketmtestantps10__testslot\",\r\n    \"publishingPassword\": null,\r\n    \"appSettings\": null,\r\n    \"azureStorageAccounts\": null,\r\n    \"metadata\": null,\r\n    \"connectionStrings\": null,\r\n    \"machineKey\": null,\r\n    \"handlerMappings\": null,\r\n    \"documentRoot\": null,\r\n    \"scmType\": \"None\",\r\n    \"use32BitWorkerProcess\": true,\r\n    \"webSocketsEnabled\": false,\r\n    \"alwaysOn\": false,\r\n    \"javaVersion\": null,\r\n    \"javaContainer\": null,\r\n    \"javaContainerVersion\": null,\r\n    \"appCommandLine\": \"\",\r\n    \"managedPipelineMode\": \"Integrated\",\r\n    \"virtualApplications\": [\r\n      {\r\n        \"virtualPath\": \"/\",\r\n        \"physicalPath\": \"site\\\\wwwroot\",\r\n        \"preloadEnabled\": false,\r\n        \"virtualDirectories\": null\r\n      }\r\n    ],\r\n    \"winAuthAdminState\": 0,\r\n    \"winAuthTenantState\": 0,\r\n    \"customAppPoolIdentityAdminState\": false,\r\n    \"customAppPoolIdentityTenantState\": false,\r\n    \"runtimeADUser\": null,\r\n    \"runtimeADUserPassword\": null,\r\n    \"loadBalancing\": \"LeastRequests\",\r\n    \"routingRules\": [],\r\n    \"experiments\": {\r\n      \"rampUpRules\": []\r\n    },\r\n    \"limits\": null,\r\n    \"autoHealEnabled\": false,\r\n    \"autoHealRules\": {\r\n      \"triggers\": null,\r\n      \"actions\": null\r\n    },\r\n    \"tracingOptions\": null,\r\n    \"vnetName\": \"\",\r\n    \"siteAuthEnabled\": false,\r\n    \"siteAuthSettings\": {\r\n      \"enabled\": null,\r\n      \"unauthenticatedClientAction\": null,\r\n      \"tokenStoreEnabled\": null,\r\n      \"allowedExternalRedirectUrls\": null,\r\n      \"defaultProvider\": null,\r\n      \"clientId\": null,\r\n      \"clientSecret\": null,\r\n      \"clientSecretCertificateThumbprint\": null,\r\n      \"issuer\": null,\r\n      \"allowedAudiences\": null,\r\n      \"additionalLoginParams\": null,\r\n      \"isAadAutoProvisioned\": false,\r\n      \"googleClientId\": null,\r\n      \"googleClientSecret\": null,\r\n      \"googleOAuthScopes\": null,\r\n      \"facebookAppId\": null,\r\n      \"facebookAppSecret\": null,\r\n      \"facebookOAuthScopes\": null,\r\n      \"twitterConsumerKey\": null,\r\n      \"twitterConsumerSecret\": null,\r\n      \"microsoftAccountClientId\": null,\r\n      \"microsoftAccountClientSecret\": null,\r\n      \"microsoftAccountOAuthScopes\": null\r\n    },\r\n    \"cors\": null,\r\n    \"push\": null,\r\n    \"apiDefinition\": null,\r\n    \"autoSwapSlotName\": null,\r\n    \"localMySqlEnabled\": false,\r\n    \"managedServiceIdentityId\": null,\r\n    \"xManagedServiceIdentityId\": null,\r\n    \"ipSecurityRestrictions\": null,\r\n    \"scmIpSecurityRestrictions\": null,\r\n    \"scmIpSecurityRestrictionsUseMain\": false,\r\n    \"http20Enabled\": false,\r\n    \"minTlsVersion\": \"1.0\",\r\n    \"ftpsState\": \"AllAllowed\",\r\n    \"reservedInstanceCount\": 0\r\n  }\r\n}",
      "StatusCode": 200
    },
    {
      "RequestUri": "/subscriptions/0d3ae56c-deaf-4982-b514-33d016d4a683/resourceGroups/lketmtestantps10/providers/Microsoft.Web/sites/lketmtestantps10/slots/testslot/config/appsettings/list?api-version=2018-02-01",
      "EncodedRequestUri": "L3N1YnNjcmlwdGlvbnMvMGQzYWU1NmMtZGVhZi00OTgyLWI1MTQtMzNkMDE2ZDRhNjgzL3Jlc291cmNlR3JvdXBzL2xrZXRtdGVzdGFudHBzMTAvcHJvdmlkZXJzL01pY3Jvc29mdC5XZWIvc2l0ZXMvbGtldG10ZXN0YW50cHMxMC9zbG90cy90ZXN0c2xvdC9jb25maWcvYXBwc2V0dGluZ3MvbGlzdD9hcGktdmVyc2lvbj0yMDE4LTAyLTAx",
      "RequestMethod": "POST",
      "RequestBody": "",
      "RequestHeaders": {
        "x-ms-client-request-id": [
          "1f5fa2d8-5252-4a71-902a-c486f2542707"
        ],
        "Accept-Language": [
          "en-US"
        ],
        "User-Agent": [
          "FxVersion/4.6.27414.06",
          "OSName/Windows",
          "OSVersion/Microsoft.Windows.10.0.17763.",
          "Microsoft.Azure.Management.WebSites.WebSiteManagementClient/2.1.0"
        ]
      },
      "ResponseHeaders": {
        "Cache-Control": [
          "no-cache"
        ],
        "Pragma": [
          "no-cache"
        ],
        "Strict-Transport-Security": [
          "max-age=31536000; includeSubDomains"
        ],
        "x-ms-request-id": [
          "857f135e-2e67-4568-b677-4f3d82a1bab0"
        ],
        "Server": [
          "Microsoft-IIS/10.0"
        ],
        "X-AspNet-Version": [
          "4.0.30319"
        ],
        "X-Powered-By": [
          "ASP.NET"
        ],
        "x-ms-ratelimit-remaining-subscription-resource-requests": [
          "11999"
        ],
        "x-ms-correlation-request-id": [
          "be343f29-c8f0-46b7-8eeb-240eb2b14437"
        ],
        "x-ms-routing-request-id": [
          "WESTUS2:20190411T230247Z:be343f29-c8f0-46b7-8eeb-240eb2b14437"
        ],
        "X-Content-Type-Options": [
          "nosniff"
        ],
        "Date": [
          "Thu, 11 Apr 2019 23:02:47 GMT"
        ],
        "Content-Length": [
          "325"
        ],
        "Content-Type": [
          "application/json"
        ],
        "Expires": [
          "-1"
        ]
      },
      "ResponseBody": "{\r\n  \"id\": \"/subscriptions/0d3ae56c-deaf-4982-b514-33d016d4a683/resourceGroups/lketmtestantps10/providers/Microsoft.Web/sites/lketmtestantps10/slots/testslot/config/appsettings\",\r\n  \"name\": \"appsettings\",\r\n  \"type\": \"Microsoft.Web/sites/config\",\r\n  \"location\": \"East US\",\r\n  \"tags\": {\r\n    \"test\": \"2\"\r\n  },\r\n  \"properties\": {\r\n    \"WEBSITE_NODE_DEFAULT_VERSION\": \"6.9.1\"\r\n  }\r\n}",
      "StatusCode": 200
    },
    {
      "RequestUri": "/subscriptions/0d3ae56c-deaf-4982-b514-33d016d4a683/resourceGroups/lketmtestantps10/providers/Microsoft.Web/sites/lketmtestantps10/slots/testslot/config/appsettings/list?api-version=2018-02-01",
      "EncodedRequestUri": "L3N1YnNjcmlwdGlvbnMvMGQzYWU1NmMtZGVhZi00OTgyLWI1MTQtMzNkMDE2ZDRhNjgzL3Jlc291cmNlR3JvdXBzL2xrZXRtdGVzdGFudHBzMTAvcHJvdmlkZXJzL01pY3Jvc29mdC5XZWIvc2l0ZXMvbGtldG10ZXN0YW50cHMxMC9zbG90cy90ZXN0c2xvdC9jb25maWcvYXBwc2V0dGluZ3MvbGlzdD9hcGktdmVyc2lvbj0yMDE4LTAyLTAx",
      "RequestMethod": "POST",
      "RequestBody": "",
      "RequestHeaders": {
        "x-ms-client-request-id": [
          "e2e143e7-737a-45b6-8e5e-f8417a833589"
        ],
        "Accept-Language": [
          "en-US"
        ],
        "User-Agent": [
          "FxVersion/4.6.27414.06",
          "OSName/Windows",
          "OSVersion/Microsoft.Windows.10.0.17763.",
          "Microsoft.Azure.Management.WebSites.WebSiteManagementClient/2.1.0"
        ]
      },
      "ResponseHeaders": {
        "Cache-Control": [
          "no-cache"
        ],
        "Pragma": [
          "no-cache"
        ],
        "Strict-Transport-Security": [
          "max-age=31536000; includeSubDomains"
        ],
        "x-ms-request-id": [
          "11ba3b34-adb4-42d3-a4c2-3cee793b65c0"
        ],
        "Server": [
          "Microsoft-IIS/10.0"
        ],
        "X-AspNet-Version": [
          "4.0.30319"
        ],
        "X-Powered-By": [
          "ASP.NET"
        ],
        "x-ms-ratelimit-remaining-subscription-resource-requests": [
          "11996"
        ],
        "x-ms-correlation-request-id": [
          "269e0c72-40e3-4811-8ba2-a8573247ef9f"
        ],
        "x-ms-routing-request-id": [
          "WESTUS2:20190411T230248Z:269e0c72-40e3-4811-8ba2-a8573247ef9f"
        ],
        "X-Content-Type-Options": [
          "nosniff"
        ],
        "Date": [
          "Thu, 11 Apr 2019 23:02:48 GMT"
        ],
        "Content-Length": [
          "325"
        ],
        "Content-Type": [
          "application/json"
        ],
        "Expires": [
          "-1"
        ]
      },
      "ResponseBody": "{\r\n  \"id\": \"/subscriptions/0d3ae56c-deaf-4982-b514-33d016d4a683/resourceGroups/lketmtestantps10/providers/Microsoft.Web/sites/lketmtestantps10/slots/testslot/config/appsettings\",\r\n  \"name\": \"appsettings\",\r\n  \"type\": \"Microsoft.Web/sites/config\",\r\n  \"location\": \"East US\",\r\n  \"tags\": {\r\n    \"test\": \"2\"\r\n  },\r\n  \"properties\": {\r\n    \"WEBSITE_NODE_DEFAULT_VERSION\": \"6.9.1\"\r\n  }\r\n}",
      "StatusCode": 200
    },
    {
      "RequestUri": "/subscriptions/0d3ae56c-deaf-4982-b514-33d016d4a683/resourceGroups/lketmtestantps10/providers/Microsoft.Web/sites/lketmtestantps10/slots/testslot/config/appsettings/list?api-version=2018-02-01",
      "EncodedRequestUri": "L3N1YnNjcmlwdGlvbnMvMGQzYWU1NmMtZGVhZi00OTgyLWI1MTQtMzNkMDE2ZDRhNjgzL3Jlc291cmNlR3JvdXBzL2xrZXRtdGVzdGFudHBzMTAvcHJvdmlkZXJzL01pY3Jvc29mdC5XZWIvc2l0ZXMvbGtldG10ZXN0YW50cHMxMC9zbG90cy90ZXN0c2xvdC9jb25maWcvYXBwc2V0dGluZ3MvbGlzdD9hcGktdmVyc2lvbj0yMDE4LTAyLTAx",
      "RequestMethod": "POST",
      "RequestBody": "",
      "RequestHeaders": {
        "x-ms-client-request-id": [
          "d991901f-909b-426f-90c1-46272e20b6d3"
        ],
        "Accept-Language": [
          "en-US"
        ],
        "User-Agent": [
          "FxVersion/4.6.27414.06",
          "OSName/Windows",
          "OSVersion/Microsoft.Windows.10.0.17763.",
          "Microsoft.Azure.Management.WebSites.WebSiteManagementClient/2.1.0"
        ]
      },
      "ResponseHeaders": {
        "Cache-Control": [
          "no-cache"
        ],
        "Pragma": [
          "no-cache"
        ],
        "Strict-Transport-Security": [
          "max-age=31536000; includeSubDomains"
        ],
        "x-ms-request-id": [
          "f0322fc8-221f-4839-a10e-5bfb161dde59"
        ],
        "Server": [
          "Microsoft-IIS/10.0"
        ],
        "X-AspNet-Version": [
          "4.0.30319"
        ],
        "X-Powered-By": [
          "ASP.NET"
        ],
        "x-ms-ratelimit-remaining-subscription-resource-requests": [
          "11993"
        ],
        "x-ms-correlation-request-id": [
          "76fff886-df58-46dc-8d23-a123a68b6f9b"
        ],
        "x-ms-routing-request-id": [
          "WESTUS2:20190411T230249Z:76fff886-df58-46dc-8d23-a123a68b6f9b"
        ],
        "X-Content-Type-Options": [
          "nosniff"
        ],
        "Date": [
          "Thu, 11 Apr 2019 23:02:49 GMT"
        ],
        "Content-Length": [
          "325"
        ],
        "Content-Type": [
          "application/json"
        ],
        "Expires": [
          "-1"
        ]
      },
      "ResponseBody": "{\r\n  \"id\": \"/subscriptions/0d3ae56c-deaf-4982-b514-33d016d4a683/resourceGroups/lketmtestantps10/providers/Microsoft.Web/sites/lketmtestantps10/slots/testslot/config/appsettings\",\r\n  \"name\": \"appsettings\",\r\n  \"type\": \"Microsoft.Web/sites/config\",\r\n  \"location\": \"East US\",\r\n  \"tags\": {\r\n    \"test\": \"2\"\r\n  },\r\n  \"properties\": {\r\n    \"WEBSITE_NODE_DEFAULT_VERSION\": \"6.9.1\"\r\n  }\r\n}",
      "StatusCode": 200
    },
    {
      "RequestUri": "/subscriptions/0d3ae56c-deaf-4982-b514-33d016d4a683/resourceGroups/lketmtestantps10/providers/Microsoft.Web/sites/lketmtestantps10/slots/testslot/config/appsettings/list?api-version=2018-02-01",
      "EncodedRequestUri": "L3N1YnNjcmlwdGlvbnMvMGQzYWU1NmMtZGVhZi00OTgyLWI1MTQtMzNkMDE2ZDRhNjgzL3Jlc291cmNlR3JvdXBzL2xrZXRtdGVzdGFudHBzMTAvcHJvdmlkZXJzL01pY3Jvc29mdC5XZWIvc2l0ZXMvbGtldG10ZXN0YW50cHMxMC9zbG90cy90ZXN0c2xvdC9jb25maWcvYXBwc2V0dGluZ3MvbGlzdD9hcGktdmVyc2lvbj0yMDE4LTAyLTAx",
      "RequestMethod": "POST",
      "RequestBody": "",
      "RequestHeaders": {
        "x-ms-client-request-id": [
          "496d9b06-f155-4f4c-adf7-167f0fde7887"
        ],
        "Accept-Language": [
          "en-US"
        ],
        "User-Agent": [
          "FxVersion/4.6.27414.06",
          "OSName/Windows",
          "OSVersion/Microsoft.Windows.10.0.17763.",
          "Microsoft.Azure.Management.WebSites.WebSiteManagementClient/2.1.0"
        ]
      },
      "ResponseHeaders": {
        "Cache-Control": [
          "no-cache"
        ],
        "Pragma": [
          "no-cache"
        ],
        "Strict-Transport-Security": [
          "max-age=31536000; includeSubDomains"
        ],
        "x-ms-request-id": [
          "058fc94a-bdc3-4444-bf7d-81031e9e75df"
        ],
        "Server": [
          "Microsoft-IIS/10.0"
        ],
        "X-AspNet-Version": [
          "4.0.30319"
        ],
        "X-Powered-By": [
          "ASP.NET"
        ],
        "x-ms-ratelimit-remaining-subscription-resource-requests": [
          "11990"
        ],
        "x-ms-correlation-request-id": [
          "a83955f1-da76-41be-af97-c69eddf54ddc"
        ],
        "x-ms-routing-request-id": [
          "WESTUS2:20190411T230253Z:a83955f1-da76-41be-af97-c69eddf54ddc"
        ],
        "X-Content-Type-Options": [
          "nosniff"
        ],
        "Date": [
          "Thu, 11 Apr 2019 23:02:53 GMT"
        ],
        "Content-Length": [
          "325"
        ],
        "Content-Type": [
          "application/json"
        ],
        "Expires": [
          "-1"
        ]
      },
      "ResponseBody": "{\r\n  \"id\": \"/subscriptions/0d3ae56c-deaf-4982-b514-33d016d4a683/resourceGroups/lketmtestantps10/providers/Microsoft.Web/sites/lketmtestantps10/slots/testslot/config/appsettings\",\r\n  \"name\": \"appsettings\",\r\n  \"type\": \"Microsoft.Web/sites/config\",\r\n  \"location\": \"East US\",\r\n  \"tags\": {\r\n    \"test\": \"2\"\r\n  },\r\n  \"properties\": {\r\n    \"WEBSITE_NODE_DEFAULT_VERSION\": \"6.9.1\"\r\n  }\r\n}",
      "StatusCode": 200
    },
    {
      "RequestUri": "/subscriptions/0d3ae56c-deaf-4982-b514-33d016d4a683/resourceGroups/lketmtestantps10/providers/Microsoft.Web/sites/lketmtestantps10/slots/testslot/config/connectionstrings/list?api-version=2018-02-01",
      "EncodedRequestUri": "L3N1YnNjcmlwdGlvbnMvMGQzYWU1NmMtZGVhZi00OTgyLWI1MTQtMzNkMDE2ZDRhNjgzL3Jlc291cmNlR3JvdXBzL2xrZXRtdGVzdGFudHBzMTAvcHJvdmlkZXJzL01pY3Jvc29mdC5XZWIvc2l0ZXMvbGtldG10ZXN0YW50cHMxMC9zbG90cy90ZXN0c2xvdC9jb25maWcvY29ubmVjdGlvbnN0cmluZ3MvbGlzdD9hcGktdmVyc2lvbj0yMDE4LTAyLTAx",
      "RequestMethod": "POST",
      "RequestBody": "",
      "RequestHeaders": {
        "x-ms-client-request-id": [
          "85ec9913-1769-403c-9c20-08a289f0a7e2"
        ],
        "Accept-Language": [
          "en-US"
        ],
        "User-Agent": [
          "FxVersion/4.6.27414.06",
          "OSName/Windows",
          "OSVersion/Microsoft.Windows.10.0.17763.",
          "Microsoft.Azure.Management.WebSites.WebSiteManagementClient/2.1.0"
        ]
      },
      "ResponseHeaders": {
        "Cache-Control": [
          "no-cache"
        ],
        "Pragma": [
          "no-cache"
        ],
        "Strict-Transport-Security": [
          "max-age=31536000; includeSubDomains"
        ],
        "x-ms-request-id": [
          "1afb34f7-135c-4fd2-9e8d-d06a005330fe"
        ],
        "Server": [
          "Microsoft-IIS/10.0"
        ],
        "X-AspNet-Version": [
          "4.0.30319"
        ],
        "X-Powered-By": [
          "ASP.NET"
        ],
        "x-ms-ratelimit-remaining-subscription-resource-requests": [
          "11998"
        ],
        "x-ms-correlation-request-id": [
          "9bc0a4a1-867f-44cd-953c-1966d78acfe3"
        ],
        "x-ms-routing-request-id": [
          "WESTUS2:20190411T230247Z:9bc0a4a1-867f-44cd-953c-1966d78acfe3"
        ],
        "X-Content-Type-Options": [
          "nosniff"
        ],
        "Date": [
          "Thu, 11 Apr 2019 23:02:47 GMT"
        ],
        "Content-Length": [
          "299"
        ],
        "Content-Type": [
          "application/json"
        ],
        "Expires": [
          "-1"
        ]
      },
      "ResponseBody": "{\r\n  \"id\": \"/subscriptions/0d3ae56c-deaf-4982-b514-33d016d4a683/resourceGroups/lketmtestantps10/providers/Microsoft.Web/sites/lketmtestantps10/slots/testslot/config/connectionstrings\",\r\n  \"name\": \"connectionstrings\",\r\n  \"type\": \"Microsoft.Web/sites/config\",\r\n  \"location\": \"East US\",\r\n  \"tags\": {\r\n    \"test\": \"2\"\r\n  },\r\n  \"properties\": {}\r\n}",
      "StatusCode": 200
    },
    {
      "RequestUri": "/subscriptions/0d3ae56c-deaf-4982-b514-33d016d4a683/resourceGroups/lketmtestantps10/providers/Microsoft.Web/sites/lketmtestantps10/slots/testslot/config/connectionstrings/list?api-version=2018-02-01",
      "EncodedRequestUri": "L3N1YnNjcmlwdGlvbnMvMGQzYWU1NmMtZGVhZi00OTgyLWI1MTQtMzNkMDE2ZDRhNjgzL3Jlc291cmNlR3JvdXBzL2xrZXRtdGVzdGFudHBzMTAvcHJvdmlkZXJzL01pY3Jvc29mdC5XZWIvc2l0ZXMvbGtldG10ZXN0YW50cHMxMC9zbG90cy90ZXN0c2xvdC9jb25maWcvY29ubmVjdGlvbnN0cmluZ3MvbGlzdD9hcGktdmVyc2lvbj0yMDE4LTAyLTAx",
      "RequestMethod": "POST",
      "RequestBody": "",
      "RequestHeaders": {
        "x-ms-client-request-id": [
          "8acabbb7-3c2f-4f4f-ba8d-b0ec6265fd67"
        ],
        "Accept-Language": [
          "en-US"
        ],
        "User-Agent": [
          "FxVersion/4.6.27414.06",
          "OSName/Windows",
          "OSVersion/Microsoft.Windows.10.0.17763.",
          "Microsoft.Azure.Management.WebSites.WebSiteManagementClient/2.1.0"
        ]
      },
      "ResponseHeaders": {
        "Cache-Control": [
          "no-cache"
        ],
        "Pragma": [
          "no-cache"
        ],
        "Strict-Transport-Security": [
          "max-age=31536000; includeSubDomains"
        ],
        "x-ms-request-id": [
          "c049ed3f-9a36-4bf6-8959-2af99cf372d0"
        ],
        "Server": [
          "Microsoft-IIS/10.0"
        ],
        "X-AspNet-Version": [
          "4.0.30319"
        ],
        "X-Powered-By": [
          "ASP.NET"
        ],
        "x-ms-ratelimit-remaining-subscription-resource-requests": [
          "11995"
        ],
        "x-ms-correlation-request-id": [
          "1093c9e3-6e86-49f1-bfef-ddd5c7f02730"
        ],
        "x-ms-routing-request-id": [
          "WESTUS2:20190411T230248Z:1093c9e3-6e86-49f1-bfef-ddd5c7f02730"
        ],
        "X-Content-Type-Options": [
          "nosniff"
        ],
        "Date": [
          "Thu, 11 Apr 2019 23:02:48 GMT"
        ],
        "Content-Length": [
          "299"
        ],
        "Content-Type": [
          "application/json"
        ],
        "Expires": [
          "-1"
        ]
      },
      "ResponseBody": "{\r\n  \"id\": \"/subscriptions/0d3ae56c-deaf-4982-b514-33d016d4a683/resourceGroups/lketmtestantps10/providers/Microsoft.Web/sites/lketmtestantps10/slots/testslot/config/connectionstrings\",\r\n  \"name\": \"connectionstrings\",\r\n  \"type\": \"Microsoft.Web/sites/config\",\r\n  \"location\": \"East US\",\r\n  \"tags\": {\r\n    \"test\": \"2\"\r\n  },\r\n  \"properties\": {}\r\n}",
      "StatusCode": 200
    },
    {
      "RequestUri": "/subscriptions/0d3ae56c-deaf-4982-b514-33d016d4a683/resourceGroups/lketmtestantps10/providers/Microsoft.Web/sites/lketmtestantps10/slots/testslot/config/connectionstrings/list?api-version=2018-02-01",
      "EncodedRequestUri": "L3N1YnNjcmlwdGlvbnMvMGQzYWU1NmMtZGVhZi00OTgyLWI1MTQtMzNkMDE2ZDRhNjgzL3Jlc291cmNlR3JvdXBzL2xrZXRtdGVzdGFudHBzMTAvcHJvdmlkZXJzL01pY3Jvc29mdC5XZWIvc2l0ZXMvbGtldG10ZXN0YW50cHMxMC9zbG90cy90ZXN0c2xvdC9jb25maWcvY29ubmVjdGlvbnN0cmluZ3MvbGlzdD9hcGktdmVyc2lvbj0yMDE4LTAyLTAx",
      "RequestMethod": "POST",
      "RequestBody": "",
      "RequestHeaders": {
        "x-ms-client-request-id": [
          "a23d6fec-8878-4fe4-a46d-e3362b892594"
        ],
        "Accept-Language": [
          "en-US"
        ],
        "User-Agent": [
          "FxVersion/4.6.27414.06",
          "OSName/Windows",
          "OSVersion/Microsoft.Windows.10.0.17763.",
          "Microsoft.Azure.Management.WebSites.WebSiteManagementClient/2.1.0"
        ]
      },
      "ResponseHeaders": {
        "Cache-Control": [
          "no-cache"
        ],
        "Pragma": [
          "no-cache"
        ],
        "Strict-Transport-Security": [
          "max-age=31536000; includeSubDomains"
        ],
        "x-ms-request-id": [
          "bd4c8e7b-9cab-47b0-a197-65d60d003c8b"
        ],
        "Server": [
          "Microsoft-IIS/10.0"
        ],
        "X-AspNet-Version": [
          "4.0.30319"
        ],
        "X-Powered-By": [
          "ASP.NET"
        ],
        "x-ms-ratelimit-remaining-subscription-resource-requests": [
          "11992"
        ],
        "x-ms-correlation-request-id": [
          "f4ab9b2a-63e4-4ea0-99f1-53727da154f4"
        ],
        "x-ms-routing-request-id": [
          "WESTUS2:20190411T230250Z:f4ab9b2a-63e4-4ea0-99f1-53727da154f4"
        ],
        "X-Content-Type-Options": [
          "nosniff"
        ],
        "Date": [
          "Thu, 11 Apr 2019 23:02:49 GMT"
        ],
        "Content-Length": [
          "299"
        ],
        "Content-Type": [
          "application/json"
        ],
        "Expires": [
          "-1"
        ]
      },
      "ResponseBody": "{\r\n  \"id\": \"/subscriptions/0d3ae56c-deaf-4982-b514-33d016d4a683/resourceGroups/lketmtestantps10/providers/Microsoft.Web/sites/lketmtestantps10/slots/testslot/config/connectionstrings\",\r\n  \"name\": \"connectionstrings\",\r\n  \"type\": \"Microsoft.Web/sites/config\",\r\n  \"location\": \"East US\",\r\n  \"tags\": {\r\n    \"test\": \"2\"\r\n  },\r\n  \"properties\": {}\r\n}",
      "StatusCode": 200
    },
    {
      "RequestUri": "/subscriptions/0d3ae56c-deaf-4982-b514-33d016d4a683/resourceGroups/lketmtestantps10/providers/Microsoft.Web/sites/lketmtestantps10/slots/testslot/config/connectionstrings/list?api-version=2018-02-01",
      "EncodedRequestUri": "L3N1YnNjcmlwdGlvbnMvMGQzYWU1NmMtZGVhZi00OTgyLWI1MTQtMzNkMDE2ZDRhNjgzL3Jlc291cmNlR3JvdXBzL2xrZXRtdGVzdGFudHBzMTAvcHJvdmlkZXJzL01pY3Jvc29mdC5XZWIvc2l0ZXMvbGtldG10ZXN0YW50cHMxMC9zbG90cy90ZXN0c2xvdC9jb25maWcvY29ubmVjdGlvbnN0cmluZ3MvbGlzdD9hcGktdmVyc2lvbj0yMDE4LTAyLTAx",
      "RequestMethod": "POST",
      "RequestBody": "",
      "RequestHeaders": {
        "x-ms-client-request-id": [
          "2a377f33-66a8-489d-8db3-eef448b32513"
        ],
        "Accept-Language": [
          "en-US"
        ],
        "User-Agent": [
          "FxVersion/4.6.27414.06",
          "OSName/Windows",
          "OSVersion/Microsoft.Windows.10.0.17763.",
          "Microsoft.Azure.Management.WebSites.WebSiteManagementClient/2.1.0"
        ]
      },
      "ResponseHeaders": {
        "Cache-Control": [
          "no-cache"
        ],
        "Pragma": [
          "no-cache"
        ],
        "Strict-Transport-Security": [
          "max-age=31536000; includeSubDomains"
        ],
        "x-ms-request-id": [
          "7fd0c6aa-e512-4f1b-b364-4680577afd16"
        ],
        "Server": [
          "Microsoft-IIS/10.0"
        ],
        "X-AspNet-Version": [
          "4.0.30319"
        ],
        "X-Powered-By": [
          "ASP.NET"
        ],
        "x-ms-ratelimit-remaining-subscription-resource-requests": [
          "11989"
        ],
        "x-ms-correlation-request-id": [
          "ca4d3dc6-39d9-41b1-8365-33c6d5525dd8"
        ],
        "x-ms-routing-request-id": [
          "WESTUS2:20190411T230254Z:ca4d3dc6-39d9-41b1-8365-33c6d5525dd8"
        ],
        "X-Content-Type-Options": [
          "nosniff"
        ],
        "Date": [
          "Thu, 11 Apr 2019 23:02:53 GMT"
        ],
        "Content-Length": [
          "299"
        ],
        "Content-Type": [
          "application/json"
        ],
        "Expires": [
          "-1"
        ]
      },
      "ResponseBody": "{\r\n  \"id\": \"/subscriptions/0d3ae56c-deaf-4982-b514-33d016d4a683/resourceGroups/lketmtestantps10/providers/Microsoft.Web/sites/lketmtestantps10/slots/testslot/config/connectionstrings\",\r\n  \"name\": \"connectionstrings\",\r\n  \"type\": \"Microsoft.Web/sites/config\",\r\n  \"location\": \"East US\",\r\n  \"tags\": {\r\n    \"test\": \"2\"\r\n  },\r\n  \"properties\": {}\r\n}",
      "StatusCode": 200
    },
    {
      "RequestUri": "/subscriptions/0d3ae56c-deaf-4982-b514-33d016d4a683/resourceGroups/lketmtestantps10/providers/Microsoft.Web/sites/lketmtestantps10/slots/testslot/config/azurestorageaccounts/list?api-version=2018-02-01",
      "EncodedRequestUri": "L3N1YnNjcmlwdGlvbnMvMGQzYWU1NmMtZGVhZi00OTgyLWI1MTQtMzNkMDE2ZDRhNjgzL3Jlc291cmNlR3JvdXBzL2xrZXRtdGVzdGFudHBzMTAvcHJvdmlkZXJzL01pY3Jvc29mdC5XZWIvc2l0ZXMvbGtldG10ZXN0YW50cHMxMC9zbG90cy90ZXN0c2xvdC9jb25maWcvYXp1cmVzdG9yYWdlYWNjb3VudHMvbGlzdD9hcGktdmVyc2lvbj0yMDE4LTAyLTAx",
      "RequestMethod": "POST",
      "RequestBody": "",
      "RequestHeaders": {
        "x-ms-client-request-id": [
          "dfa3329b-892c-4bc5-843c-b3890be78f4c"
        ],
        "Accept-Language": [
          "en-US"
        ],
        "User-Agent": [
          "FxVersion/4.6.27414.06",
          "OSName/Windows",
          "OSVersion/Microsoft.Windows.10.0.17763.",
          "Microsoft.Azure.Management.WebSites.WebSiteManagementClient/2.1.0"
        ]
      },
      "ResponseHeaders": {
        "Cache-Control": [
          "no-cache"
        ],
        "Pragma": [
          "no-cache"
        ],
        "Strict-Transport-Security": [
          "max-age=31536000; includeSubDomains"
        ],
        "x-ms-request-id": [
          "44ece28b-9ec5-4c32-8c19-49ed2052cef7"
        ],
        "Server": [
          "Microsoft-IIS/10.0"
        ],
        "X-AspNet-Version": [
          "4.0.30319"
        ],
        "X-Powered-By": [
          "ASP.NET"
        ],
        "x-ms-ratelimit-remaining-subscription-resource-requests": [
          "11997"
        ],
        "x-ms-correlation-request-id": [
          "4ce6ec70-a425-47a1-9f18-19911812ae81"
        ],
        "x-ms-routing-request-id": [
          "WESTUS2:20190411T230248Z:4ce6ec70-a425-47a1-9f18-19911812ae81"
        ],
        "X-Content-Type-Options": [
          "nosniff"
        ],
        "Date": [
          "Thu, 11 Apr 2019 23:02:47 GMT"
        ],
        "Content-Length": [
          "296"
        ],
        "Content-Type": [
          "application/json"
        ],
        "Expires": [
          "-1"
        ]
      },
      "ResponseBody": "{\r\n  \"id\": \"/subscriptions/0d3ae56c-deaf-4982-b514-33d016d4a683/resourceGroups/lketmtestantps10/providers/Microsoft.Web/sites/lketmtestantps10/slots/testslot/config/appsettings\",\r\n  \"name\": \"azurestorageaccounts\",\r\n  \"type\": \"Microsoft.Web/sites/config\",\r\n  \"location\": \"East US\",\r\n  \"tags\": {\r\n    \"test\": \"2\"\r\n  },\r\n  \"properties\": {}\r\n}",
      "StatusCode": 200
    },
    {
      "RequestUri": "/subscriptions/0d3ae56c-deaf-4982-b514-33d016d4a683/resourceGroups/lketmtestantps10/providers/Microsoft.Web/sites/lketmtestantps10/slots/testslot/config/azurestorageaccounts/list?api-version=2018-02-01",
      "EncodedRequestUri": "L3N1YnNjcmlwdGlvbnMvMGQzYWU1NmMtZGVhZi00OTgyLWI1MTQtMzNkMDE2ZDRhNjgzL3Jlc291cmNlR3JvdXBzL2xrZXRtdGVzdGFudHBzMTAvcHJvdmlkZXJzL01pY3Jvc29mdC5XZWIvc2l0ZXMvbGtldG10ZXN0YW50cHMxMC9zbG90cy90ZXN0c2xvdC9jb25maWcvYXp1cmVzdG9yYWdlYWNjb3VudHMvbGlzdD9hcGktdmVyc2lvbj0yMDE4LTAyLTAx",
      "RequestMethod": "POST",
      "RequestBody": "",
      "RequestHeaders": {
        "x-ms-client-request-id": [
          "180e047e-52bc-4408-87e8-0df2c992d2fd"
        ],
        "Accept-Language": [
          "en-US"
        ],
        "User-Agent": [
          "FxVersion/4.6.27414.06",
          "OSName/Windows",
          "OSVersion/Microsoft.Windows.10.0.17763.",
          "Microsoft.Azure.Management.WebSites.WebSiteManagementClient/2.1.0"
        ]
      },
      "ResponseHeaders": {
        "Cache-Control": [
          "no-cache"
        ],
        "Pragma": [
          "no-cache"
        ],
        "Strict-Transport-Security": [
          "max-age=31536000; includeSubDomains"
        ],
        "x-ms-request-id": [
          "c86ea452-ea3f-4c1d-a358-58335105061b"
        ],
        "Server": [
          "Microsoft-IIS/10.0"
        ],
        "X-AspNet-Version": [
          "4.0.30319"
        ],
        "X-Powered-By": [
          "ASP.NET"
        ],
        "x-ms-ratelimit-remaining-subscription-resource-requests": [
          "11994"
        ],
        "x-ms-correlation-request-id": [
          "af4f050c-e328-4296-af6b-e90a674f0adf"
        ],
        "x-ms-routing-request-id": [
          "WESTUS2:20190411T230249Z:af4f050c-e328-4296-af6b-e90a674f0adf"
        ],
        "X-Content-Type-Options": [
          "nosniff"
        ],
        "Date": [
          "Thu, 11 Apr 2019 23:02:48 GMT"
        ],
        "Content-Length": [
          "296"
        ],
        "Content-Type": [
          "application/json"
        ],
        "Expires": [
          "-1"
        ]
      },
      "ResponseBody": "{\r\n  \"id\": \"/subscriptions/0d3ae56c-deaf-4982-b514-33d016d4a683/resourceGroups/lketmtestantps10/providers/Microsoft.Web/sites/lketmtestantps10/slots/testslot/config/appsettings\",\r\n  \"name\": \"azurestorageaccounts\",\r\n  \"type\": \"Microsoft.Web/sites/config\",\r\n  \"location\": \"East US\",\r\n  \"tags\": {\r\n    \"test\": \"2\"\r\n  },\r\n  \"properties\": {}\r\n}",
      "StatusCode": 200
    },
    {
      "RequestUri": "/subscriptions/0d3ae56c-deaf-4982-b514-33d016d4a683/resourceGroups/lketmtestantps10/providers/Microsoft.Web/sites/lketmtestantps10/slots/testslot/config/azurestorageaccounts/list?api-version=2018-02-01",
      "EncodedRequestUri": "L3N1YnNjcmlwdGlvbnMvMGQzYWU1NmMtZGVhZi00OTgyLWI1MTQtMzNkMDE2ZDRhNjgzL3Jlc291cmNlR3JvdXBzL2xrZXRtdGVzdGFudHBzMTAvcHJvdmlkZXJzL01pY3Jvc29mdC5XZWIvc2l0ZXMvbGtldG10ZXN0YW50cHMxMC9zbG90cy90ZXN0c2xvdC9jb25maWcvYXp1cmVzdG9yYWdlYWNjb3VudHMvbGlzdD9hcGktdmVyc2lvbj0yMDE4LTAyLTAx",
      "RequestMethod": "POST",
      "RequestBody": "",
      "RequestHeaders": {
        "x-ms-client-request-id": [
          "4da1af7b-2677-4597-b897-e8d41c947872"
        ],
        "Accept-Language": [
          "en-US"
        ],
        "User-Agent": [
          "FxVersion/4.6.27414.06",
          "OSName/Windows",
          "OSVersion/Microsoft.Windows.10.0.17763.",
          "Microsoft.Azure.Management.WebSites.WebSiteManagementClient/2.1.0"
        ]
      },
      "ResponseHeaders": {
        "Cache-Control": [
          "no-cache"
        ],
        "Pragma": [
          "no-cache"
        ],
        "Strict-Transport-Security": [
          "max-age=31536000; includeSubDomains"
        ],
        "x-ms-request-id": [
          "7c013490-3dbe-4228-a977-bcb069df4beb"
        ],
        "Server": [
          "Microsoft-IIS/10.0"
        ],
        "X-AspNet-Version": [
          "4.0.30319"
        ],
        "X-Powered-By": [
          "ASP.NET"
        ],
        "x-ms-ratelimit-remaining-subscription-resource-requests": [
          "11991"
        ],
        "x-ms-correlation-request-id": [
          "f07cceed-a66d-4240-8bb9-8a784f1b5ab8"
        ],
        "x-ms-routing-request-id": [
          "WESTUS2:20190411T230250Z:f07cceed-a66d-4240-8bb9-8a784f1b5ab8"
        ],
        "X-Content-Type-Options": [
          "nosniff"
        ],
        "Date": [
          "Thu, 11 Apr 2019 23:02:50 GMT"
        ],
        "Content-Length": [
          "296"
        ],
        "Content-Type": [
          "application/json"
        ],
        "Expires": [
          "-1"
        ]
      },
      "ResponseBody": "{\r\n  \"id\": \"/subscriptions/0d3ae56c-deaf-4982-b514-33d016d4a683/resourceGroups/lketmtestantps10/providers/Microsoft.Web/sites/lketmtestantps10/slots/testslot/config/appsettings\",\r\n  \"name\": \"azurestorageaccounts\",\r\n  \"type\": \"Microsoft.Web/sites/config\",\r\n  \"location\": \"East US\",\r\n  \"tags\": {\r\n    \"test\": \"2\"\r\n  },\r\n  \"properties\": {}\r\n}",
      "StatusCode": 200
    },
    {
      "RequestUri": "/subscriptions/0d3ae56c-deaf-4982-b514-33d016d4a683/resourceGroups/lketmtestantps10/providers/Microsoft.Web/sites/lketmtestantps10/slots/testslot/config/azurestorageaccounts/list?api-version=2018-02-01",
      "EncodedRequestUri": "L3N1YnNjcmlwdGlvbnMvMGQzYWU1NmMtZGVhZi00OTgyLWI1MTQtMzNkMDE2ZDRhNjgzL3Jlc291cmNlR3JvdXBzL2xrZXRtdGVzdGFudHBzMTAvcHJvdmlkZXJzL01pY3Jvc29mdC5XZWIvc2l0ZXMvbGtldG10ZXN0YW50cHMxMC9zbG90cy90ZXN0c2xvdC9jb25maWcvYXp1cmVzdG9yYWdlYWNjb3VudHMvbGlzdD9hcGktdmVyc2lvbj0yMDE4LTAyLTAx",
      "RequestMethod": "POST",
      "RequestBody": "",
      "RequestHeaders": {
        "x-ms-client-request-id": [
          "21c6f585-0a09-42a5-b28e-6f9a1f335d3d"
        ],
        "Accept-Language": [
          "en-US"
        ],
        "User-Agent": [
          "FxVersion/4.6.27414.06",
          "OSName/Windows",
          "OSVersion/Microsoft.Windows.10.0.17763.",
          "Microsoft.Azure.Management.WebSites.WebSiteManagementClient/2.1.0"
        ]
      },
      "ResponseHeaders": {
        "Cache-Control": [
          "no-cache"
        ],
        "Pragma": [
          "no-cache"
        ],
        "Strict-Transport-Security": [
          "max-age=31536000; includeSubDomains"
        ],
        "x-ms-request-id": [
          "08a7e632-15e8-45b5-8a70-b84f1be2f93a"
        ],
        "Server": [
          "Microsoft-IIS/10.0"
        ],
        "X-AspNet-Version": [
          "4.0.30319"
        ],
        "X-Powered-By": [
          "ASP.NET"
        ],
        "x-ms-ratelimit-remaining-subscription-resource-requests": [
          "11988"
        ],
        "x-ms-correlation-request-id": [
          "6effa156-5196-4a92-92aa-a8f7990d75aa"
        ],
        "x-ms-routing-request-id": [
          "WESTUS2:20190411T230254Z:6effa156-5196-4a92-92aa-a8f7990d75aa"
        ],
        "X-Content-Type-Options": [
          "nosniff"
        ],
        "Date": [
          "Thu, 11 Apr 2019 23:02:53 GMT"
        ],
        "Content-Length": [
          "296"
        ],
        "Content-Type": [
          "application/json"
        ],
        "Expires": [
          "-1"
        ]
      },
      "ResponseBody": "{\r\n  \"id\": \"/subscriptions/0d3ae56c-deaf-4982-b514-33d016d4a683/resourceGroups/lketmtestantps10/providers/Microsoft.Web/sites/lketmtestantps10/slots/testslot/config/appsettings\",\r\n  \"name\": \"azurestorageaccounts\",\r\n  \"type\": \"Microsoft.Web/sites/config\",\r\n  \"location\": \"East US\",\r\n  \"tags\": {\r\n    \"test\": \"2\"\r\n  },\r\n  \"properties\": {}\r\n}",
      "StatusCode": 200
    },
    {
      "RequestUri": "/subscriptions/0d3ae56c-deaf-4982-b514-33d016d4a683/resourceGroups/lketmtestantps10/providers/Microsoft.Web/sites/lketmtestantps10/slots/testslot?api-version=2018-02-01",
      "EncodedRequestUri": "L3N1YnNjcmlwdGlvbnMvMGQzYWU1NmMtZGVhZi00OTgyLWI1MTQtMzNkMDE2ZDRhNjgzL3Jlc291cmNlR3JvdXBzL2xrZXRtdGVzdGFudHBzMTAvcHJvdmlkZXJzL01pY3Jvc29mdC5XZWIvc2l0ZXMvbGtldG10ZXN0YW50cHMxMC9zbG90cy90ZXN0c2xvdD9hcGktdmVyc2lvbj0yMDE4LTAyLTAx",
      "RequestMethod": "PUT",
      "RequestBody": "{\r\n  \"properties\": {\r\n    \"hostNameSslStates\": [\r\n      {\r\n        \"name\": \"testslot.adorenow.net\",\r\n        \"sslState\": \"SniEnabled\",\r\n        \"thumbprint\": \"F75A7A8C033FBEA02A1578812DB289277E23EAB1\",\r\n        \"toUpdate\": true\r\n      }\r\n    ]\r\n  },\r\n  \"location\": \"East US\",\r\n  \"tags\": {\r\n    \"test\": \"2\"\r\n  }\r\n}",
      "RequestHeaders": {
        "x-ms-client-request-id": [
          "85bba2cf-4678-4032-95c2-14883279b5d8"
        ],
        "Accept-Language": [
          "en-US"
        ],
        "User-Agent": [
          "FxVersion/4.6.27414.06",
          "OSName/Windows",
          "OSVersion/Microsoft.Windows.10.0.17763.",
          "Microsoft.Azure.Management.WebSites.WebSiteManagementClient/2.1.0"
        ],
        "Content-Type": [
          "application/json; charset=utf-8"
        ],
        "Content-Length": [
          "313"
        ]
      },
      "ResponseHeaders": {
        "Cache-Control": [
          "no-cache"
        ],
        "Pragma": [
          "no-cache"
        ],
        "ETag": [
          "\"1D4F0BA62A2B280\""
        ],
        "Strict-Transport-Security": [
          "max-age=31536000; includeSubDomains"
        ],
        "x-ms-request-id": [
          "79b1a269-d20b-4a67-a3af-c8124fc1cbd8"
        ],
        "Server": [
          "Microsoft-IIS/10.0"
        ],
        "X-AspNet-Version": [
          "4.0.30319"
        ],
        "X-Powered-By": [
          "ASP.NET"
        ],
        "x-ms-ratelimit-remaining-subscription-resource-requests": [
          "499"
        ],
        "x-ms-correlation-request-id": [
          "1b1fff82-03a5-40c3-906b-f49fc4d91545"
        ],
        "x-ms-routing-request-id": [
          "WESTUS2:20190411T230252Z:1b1fff82-03a5-40c3-906b-f49fc4d91545"
        ],
        "X-Content-Type-Options": [
          "nosniff"
        ],
        "Date": [
          "Thu, 11 Apr 2019 23:02:51 GMT"
        ],
        "Content-Length": [
          "3313"
        ],
        "Content-Type": [
          "application/json"
        ],
        "Expires": [
          "-1"
        ]
      },
      "ResponseBody": "{\r\n  \"id\": \"/subscriptions/0d3ae56c-deaf-4982-b514-33d016d4a683/resourceGroups/lketmtestantps10/providers/Microsoft.Web/sites/lketmtestantps10/slots/testslot\",\r\n  \"name\": \"lketmtestantps10/testslot\",\r\n  \"type\": \"Microsoft.Web/sites/slots\",\r\n  \"kind\": \"app\",\r\n  \"location\": \"East US\",\r\n  \"tags\": {\r\n    \"test\": \"2\"\r\n  },\r\n  \"properties\": {\r\n    \"name\": \"lketmtestantps10(testslot)\",\r\n    \"state\": \"Running\",\r\n    \"hostNames\": [\r\n      \"testslot.adorenow.net\",\r\n      \"lketmtestantps10-testslot.azurewebsites.net\"\r\n    ],\r\n    \"webSpace\": \"lke-rg-antps10-EastUSwebspace\",\r\n    \"selfLink\": \"https://waws-prod-blu-063.api.azurewebsites.windows.net:454/subscriptions/0d3ae56c-deaf-4982-b514-33d016d4a683/webspaces/lke-rg-antps10-EastUSwebspace/sites/lketmtestantps10\",\r\n    \"repositorySiteName\": \"lketmtestantps10\",\r\n    \"owner\": null,\r\n    \"usageState\": \"Normal\",\r\n    \"enabled\": true,\r\n    \"adminEnabled\": true,\r\n    \"enabledHostNames\": [\r\n      \"testslot.adorenow.net\",\r\n      \"lketmtestantps10-testslot.azurewebsites.net\",\r\n      \"lketmtestantps10-testslot.scm.azurewebsites.net\"\r\n    ],\r\n    \"siteProperties\": {\r\n      \"metadata\": null,\r\n      \"properties\": [\r\n        {\r\n          \"name\": \"LinuxFxVersion\",\r\n          \"value\": \"\"\r\n        },\r\n        {\r\n          \"name\": \"WindowsFxVersion\",\r\n          \"value\": null\r\n        }\r\n      ],\r\n      \"appSettings\": null\r\n    },\r\n    \"availabilityState\": \"Normal\",\r\n    \"sslCertificates\": null,\r\n    \"csrs\": [],\r\n    \"cers\": null,\r\n    \"siteMode\": null,\r\n    \"hostNameSslStates\": [\r\n      {\r\n        \"name\": \"lketmtestantps10-testslot.azurewebsites.net\",\r\n        \"sslState\": \"Disabled\",\r\n        \"ipBasedSslResult\": null,\r\n        \"virtualIP\": null,\r\n        \"thumbprint\": null,\r\n        \"toUpdate\": null,\r\n        \"toUpdateIpBasedSsl\": null,\r\n        \"ipBasedSslState\": \"NotConfigured\",\r\n        \"hostType\": \"Standard\"\r\n      },\r\n      {\r\n        \"name\": \"lketmtestantps10-testslot.scm.azurewebsites.net\",\r\n        \"sslState\": \"Disabled\",\r\n        \"ipBasedSslResult\": null,\r\n        \"virtualIP\": null,\r\n        \"thumbprint\": null,\r\n        \"toUpdate\": null,\r\n        \"toUpdateIpBasedSsl\": null,\r\n        \"ipBasedSslState\": \"NotConfigured\",\r\n        \"hostType\": \"Repository\"\r\n      },\r\n      {\r\n        \"name\": \"testslot.adorenow.net\",\r\n        \"sslState\": \"SniEnabled\",\r\n        \"ipBasedSslResult\": null,\r\n        \"virtualIP\": null,\r\n        \"thumbprint\": \"F75A7A8C033FBEA02A1578812DB289277E23EAB1\",\r\n        \"toUpdate\": null,\r\n        \"toUpdateIpBasedSsl\": null,\r\n        \"ipBasedSslState\": \"NotConfigured\",\r\n        \"hostType\": \"Standard\"\r\n      }\r\n    ],\r\n    \"computeMode\": null,\r\n    \"serverFarm\": null,\r\n    \"serverFarmId\": \"/subscriptions/0d3ae56c-deaf-4982-b514-33d016d4a683/resourceGroups/lketmtestantps10/providers/Microsoft.Web/serverfarms/lke-asp-antps10\",\r\n    \"reserved\": false,\r\n    \"isXenon\": false,\r\n    \"hyperV\": false,\r\n    \"lastModifiedTimeUtc\": \"2019-04-11T23:02:51.0633333\",\r\n    \"storageRecoveryDefaultState\": \"Running\",\r\n    \"contentAvailabilityState\": \"Normal\",\r\n    \"runtimeAvailabilityState\": \"Normal\",\r\n    \"siteConfig\": null,\r\n    \"deploymentId\": \"lketmtestantps10__ca2f\",\r\n    \"trafficManagerHostNames\": null,\r\n    \"sku\": \"Standard\",\r\n    \"scmSiteAlsoStopped\": false,\r\n    \"targetSwapSlot\": null,\r\n    \"hostingEnvironment\": null,\r\n    \"hostingEnvironmentProfile\": null,\r\n    \"clientAffinityEnabled\": true,\r\n    \"clientCertEnabled\": false,\r\n    \"clientCertExclusionPaths\": null,\r\n    \"hostNamesDisabled\": false,\r\n    \"domainVerificationIdentifiers\": null,\r\n    \"kind\": \"app\",\r\n    \"outboundIpAddresses\": \"40.117.189.181,40.117.191.238,40.117.185.80,40.117.184.255\",\r\n    \"possibleOutboundIpAddresses\": \"40.117.189.181,40.117.191.238,40.117.185.80,40.117.184.255\",\r\n    \"containerSize\": 0,\r\n    \"dailyMemoryTimeQuota\": 0,\r\n    \"suspendedTill\": null,\r\n    \"siteDisabledReason\": 0,\r\n    \"functionExecutionUnitsCache\": null,\r\n    \"maxNumberOfWorkers\": null,\r\n    \"homeStamp\": \"waws-prod-blu-063\",\r\n    \"cloningInfo\": null,\r\n    \"hostingEnvironmentId\": null,\r\n    \"tags\": {\r\n      \"test\": \"2\"\r\n    },\r\n    \"resourceGroup\": \"lketmtestantps10\",\r\n    \"defaultHostName\": \"lketmtestantps10-testslot.azurewebsites.net\",\r\n    \"slotSwapStatus\": null,\r\n    \"httpsOnly\": false,\r\n    \"redundancyMode\": \"None\",\r\n    \"inProgressOperationId\": null,\r\n    \"geoDistributions\": null\r\n  }\r\n}",
      "StatusCode": 200
    }
  ],
  "Names": {},
  "Variables": {
    "SubscriptionId": "0d3ae56c-deaf-4982-b514-33d016d4a683"
  }
}