{
  "Entries": [
    {
      "RequestUri": "/subscriptions/80430018-24ee-4b28-a7bd-fb23b5a221d6/resourcegroups/ps8478?api-version=2016-09-01",
      "EncodedRequestUri": "L3N1YnNjcmlwdGlvbnMvODA0MzAwMTgtMjRlZS00YjI4LWE3YmQtZmIyM2I1YTIyMWQ2L3Jlc291cmNlZ3JvdXBzL3BzODQ3OD9hcGktdmVyc2lvbj0yMDE2LTA5LTAx",
      "RequestMethod": "PUT",
      "RequestBody": "{\r\n  \"location\": \"West US\"\r\n}",
      "RequestHeaders": {
        "x-ms-client-request-id": [
          "ac44dcbb-d633-4a0e-b332-93495891e5e0"
        ],
        "Accept-Language": [
          "en-US"
        ],
        "User-Agent": [
          "FxVersion/4.6.27817.01",
          "OSName/Windows",
          "OSVersion/Microsoft.Windows.10.0.18362.",
          "Microsoft.Azure.Management.Internal.Resources.ResourceManagementClient/1.3.2"
        ],
        "Content-Type": [
          "application/json; charset=utf-8"
        ],
        "Content-Length": [
          "29"
        ]
      },
      "ResponseHeaders": {
        "Cache-Control": [
          "no-cache"
        ],
        "Pragma": [
          "no-cache"
        ],
        "x-ms-ratelimit-remaining-subscription-writes": [
          "1199"
        ],
        "x-ms-request-id": [
          "f450fdb4-3c02-4da8-b303-73fbfe17fa83"
        ],
        "x-ms-correlation-request-id": [
          "f450fdb4-3c02-4da8-b303-73fbfe17fa83"
        ],
        "x-ms-routing-request-id": [
          "UKSOUTH2:20190901T153210Z:f450fdb4-3c02-4da8-b303-73fbfe17fa83"
        ],
        "Strict-Transport-Security": [
          "max-age=31536000; includeSubDomains"
        ],
        "X-Content-Type-Options": [
          "nosniff"
        ],
        "Date": [
          "Sun, 01 Sep 2019 15:32:09 GMT"
        ],
        "Content-Length": [
          "165"
        ],
        "Content-Type": [
          "application/json; charset=utf-8"
        ],
        "Expires": [
          "-1"
        ]
      },
      "ResponseBody": "{\r\n  \"id\": \"/subscriptions/80430018-24ee-4b28-a7bd-fb23b5a221d6/resourceGroups/ps8478\",\r\n  \"name\": \"ps8478\",\r\n  \"location\": \"westus\",\r\n  \"properties\": {\r\n    \"provisioningState\": \"Succeeded\"\r\n  }\r\n}",
      "StatusCode": 201
    },
    {
      "RequestUri": "/subscriptions/80430018-24ee-4b28-a7bd-fb23b5a221d6/resourceGroups/ps8478/providers/microsoft.insights/components/ps4074?api-version=2015-05-01",
      "EncodedRequestUri": "L3N1YnNjcmlwdGlvbnMvODA0MzAwMTgtMjRlZS00YjI4LWE3YmQtZmIyM2I1YTIyMWQ2L3Jlc291cmNlR3JvdXBzL3BzODQ3OC9wcm92aWRlcnMvbWljcm9zb2Z0Lmluc2lnaHRzL2NvbXBvbmVudHMvcHM0MDc0P2FwaS12ZXJzaW9uPTIwMTUtMDUtMDE=",
      "RequestMethod": "GET",
      "RequestBody": "",
      "RequestHeaders": {
        "x-ms-client-request-id": [
          "b315c6ff-ab71-4f2b-9621-6218db629f9e"
        ],
        "Accept-Language": [
          "en-US"
        ],
        "User-Agent": [
          "FxVersion/4.6.27817.01",
          "OSName/Windows",
          "OSVersion/Microsoft.Windows.10.0.18362.",
          "Microsoft.Azure.Management.ApplicationInsights.Management.ApplicationInsightsManagementClient/0.2.0.0"
        ]
      },
      "ResponseHeaders": {
        "Cache-Control": [
          "no-cache"
        ],
        "Pragma": [
          "no-cache"
        ],
        "x-ms-failure-cause": [
          "gateway"
        ],
        "x-ms-request-id": [
          "e98b7564-7c4e-49ad-84ff-5f4b00ddf360"
        ],
        "x-ms-correlation-request-id": [
          "e98b7564-7c4e-49ad-84ff-5f4b00ddf360"
        ],
        "x-ms-routing-request-id": [
          "UKSOUTH2:20190901T153211Z:e98b7564-7c4e-49ad-84ff-5f4b00ddf360"
        ],
        "Strict-Transport-Security": [
          "max-age=31536000; includeSubDomains"
        ],
        "X-Content-Type-Options": [
          "nosniff"
        ],
        "Date": [
          "Sun, 01 Sep 2019 15:32:10 GMT"
        ],
        "Content-Type": [
          "application/json; charset=utf-8"
        ],
        "Expires": [
          "-1"
        ],
        "Content-Length": [
          "146"
        ]
      },
      "ResponseBody": "{\r\n  \"error\": {\r\n    \"code\": \"ResourceNotFound\",\r\n    \"message\": \"The Resource 'microsoft.insights/components/ps4074' under resource group 'ps8478' was not found.\"\r\n  }\r\n}",
      "StatusCode": 404
    },
    {
      "RequestUri": "/subscriptions/80430018-24ee-4b28-a7bd-fb23b5a221d6/resourceGroups/ps8478/providers/microsoft.insights/components/ps4074?api-version=2015-05-01",
      "EncodedRequestUri": "L3N1YnNjcmlwdGlvbnMvODA0MzAwMTgtMjRlZS00YjI4LWE3YmQtZmIyM2I1YTIyMWQ2L3Jlc291cmNlR3JvdXBzL3BzODQ3OC9wcm92aWRlcnMvbWljcm9zb2Z0Lmluc2lnaHRzL2NvbXBvbmVudHMvcHM0MDc0P2FwaS12ZXJzaW9uPTIwMTUtMDUtMDE=",
      "RequestMethod": "PUT",
      "RequestBody": "{\r\n  \"kind\": \"web\",\r\n  \"properties\": {\r\n    \"Application_Type\": \"web\",\r\n    \"Request_Source\": \"AzurePowerShell\"\r\n  },\r\n  \"location\": \"West US\"\r\n}",
      "RequestHeaders": {
        "x-ms-client-request-id": [
          "69cb5aa2-cf0e-46dc-be7f-3f44d97a087f"
        ],
        "Accept-Language": [
          "en-US"
        ],
        "User-Agent": [
          "FxVersion/4.6.27817.01",
          "OSName/Windows",
          "OSVersion/Microsoft.Windows.10.0.18362.",
          "Microsoft.Azure.Management.ApplicationInsights.Management.ApplicationInsightsManagementClient/0.2.0.0"
        ],
        "Content-Type": [
          "application/json; charset=utf-8"
        ],
        "Content-Length": [
          "145"
        ]
      },
      "ResponseHeaders": {
        "Cache-Control": [
          "no-cache"
        ],
        "Pragma": [
          "no-cache"
        ],
        "x-ms-request-id": [
          "69cb5aa2-cf0e-46dc-be7f-3f44d97a087f"
        ],
        "X-Content-Type-Options": [
          "nosniff"
        ],
        "Request-Context": [
          "appId=cid-v1:920e14b1-13f3-461a-a4bb-b4fe6f1a4525"
        ],
        "Access-Control-Expose-Headers": [
          "Request-Context"
        ],
        "Strict-Transport-Security": [
          "max-age=31536000; includeSubDomains"
        ],
        "Server": [
          "Microsoft-IIS/10.0"
        ],
        "X-Powered-By": [
          "ASP.NET"
        ],
        "x-ms-ratelimit-remaining-subscription-writes": [
          "1199"
        ],
        "x-ms-correlation-request-id": [
          "6d9dd11f-fd4b-44bd-9d08-f2cccb82a260"
        ],
        "x-ms-routing-request-id": [
          "UKSOUTH2:20190901T153221Z:6d9dd11f-fd4b-44bd-9d08-f2cccb82a260"
        ],
        "Date": [
          "Sun, 01 Sep 2019 15:32:20 GMT"
        ],
        "Content-Length": [
          "686"
        ],
        "Content-Type": [
          "application/json; charset=utf-8"
        ],
        "Expires": [
          "-1"
        ]
      },
      "ResponseBody": "{\r\n  \"id\": \"/subscriptions/80430018-24ee-4b28-a7bd-fb23b5a221d6/resourceGroups/ps8478/providers/microsoft.insights/components/ps4074\",\r\n  \"name\": \"ps4074\",\r\n  \"type\": \"microsoft.insights/components\",\r\n  \"location\": \"westus\",\r\n  \"tags\": {},\r\n  \"kind\": \"web\",\r\n  \"etag\": \"\\\"2000472c-0000-0700-0000-5d6be4810000\\\"\",\r\n  \"properties\": {\r\n    \"Ver\": \"v2\",\r\n    \"ApplicationId\": \"ps4074\",\r\n    \"AppId\": \"2b8e8d7d-7c95-49c1-bc16-034700a6442e\",\r\n    \"Application_Type\": \"web\",\r\n    \"Flow_Type\": null,\r\n    \"Request_Source\": \"AzurePowerShell\",\r\n    \"InstrumentationKey\": \"f18190db-5ae5-442e-82a2-dde2ff63b2ae\",\r\n    \"Name\": \"ps4074\",\r\n    \"CreationDate\": \"2019-09-01T18:32:16.517281+03:00\",\r\n    \"TenantId\": \"80430018-24ee-4b28-a7bd-fb23b5a221d6\",\r\n    \"provisioningState\": \"Succeeded\",\r\n    \"SamplingPercentage\": null\r\n  }\r\n}",
      "StatusCode": 200
    },
    {
      "RequestUri": "/subscriptions/80430018-24ee-4b28-a7bd-fb23b5a221d6/resourceGroups/ps8478/providers/microsoft.insights/actionGroups/ps598?api-version=2019-06-01",
      "EncodedRequestUri": "L3N1YnNjcmlwdGlvbnMvODA0MzAwMTgtMjRlZS00YjI4LWE3YmQtZmIyM2I1YTIyMWQ2L3Jlc291cmNlR3JvdXBzL3BzODQ3OC9wcm92aWRlcnMvbWljcm9zb2Z0Lmluc2lnaHRzL2FjdGlvbkdyb3Vwcy9wczU5OD9hcGktdmVyc2lvbj0yMDE5LTA2LTAx",
      "RequestMethod": "PUT",
      "RequestBody": "{\r\n  \"properties\": {\r\n    \"groupShortName\": \"ASTG\",\r\n    \"enabled\": true,\r\n    \"emailReceivers\": [\r\n      {\r\n        \"name\": \"user1\",\r\n        \"emailAddress\": \"user1@example.com\",\r\n        \"useCommonAlertSchema\": false\r\n      }\r\n    ],\r\n    \"smsReceivers\": [],\r\n    \"webhookReceivers\": []\r\n  },\r\n  \"location\": \"Global\"\r\n}",
      "RequestHeaders": {
        "x-ms-client-request-id": [
          "809bef1c-a714-49be-8e13-cb00c6d80eae"
        ],
        "Accept-Language": [
          "en-US"
        ],
        "User-Agent": [
          "FxVersion/4.6.27817.01",
          "OSName/Windows",
          "OSVersion/Microsoft.Windows.10.0.18362.",
          "Microsoft.Azure.Management.Monitor.MonitorManagementClient/0.24.0.0"
        ],
        "Content-Type": [
          "application/json; charset=utf-8"
        ],
        "Content-Length": [
          "321"
        ]
      },
      "ResponseHeaders": {
        "Cache-Control": [
          "no-cache"
        ],
        "Pragma": [
          "no-cache"
        ],
        "Strict-Transport-Security": [
          "max-age=31536000; includeSubDomains"
        ],
        "x-ms-request-id": [
          "614f731b-ce3f-43e3-a0a4-0063c906d3fc"
        ],
        "Server": [
          "Microsoft-IIS/8.5"
        ],
        "x-ms-ratelimit-remaining-subscription-writes": [
          "1199"
        ],
        "x-ms-correlation-request-id": [
          "8f99b768-6a19-4693-804f-d6986cec24d7"
        ],
        "x-ms-routing-request-id": [
          "UKSOUTH2:20190901T153225Z:8f99b768-6a19-4693-804f-d6986cec24d7"
        ],
        "X-Content-Type-Options": [
          "nosniff"
        ],
        "Date": [
          "Sun, 01 Sep 2019 15:32:25 GMT"
        ],
        "Content-Length": [
          "630"
        ],
        "Content-Type": [
          "application/json; charset=utf-8"
        ],
        "Expires": [
          "-1"
        ]
      },
      "ResponseBody": "{\r\n  \"id\": \"/subscriptions/80430018-24ee-4b28-a7bd-fb23b5a221d6/resourceGroups/ps8478/providers/microsoft.insights/actionGroups/ps598\",\r\n  \"type\": \"Microsoft.Insights/ActionGroups\",\r\n  \"name\": \"ps598\",\r\n  \"location\": \"Global\",\r\n  \"kind\": null,\r\n  \"tags\": null,\r\n  \"properties\": {\r\n    \"groupShortName\": \"ASTG\",\r\n    \"enabled\": true,\r\n    \"emailReceivers\": [\r\n      {\r\n        \"name\": \"user1\",\r\n        \"emailAddress\": \"user1@example.com\",\r\n        \"status\": \"Enabled\",\r\n        \"useCommonAlertSchema\": false\r\n      }\r\n    ],\r\n    \"smsReceivers\": [],\r\n    \"webhookReceivers\": [],\r\n    \"itsmReceivers\": [],\r\n    \"azureAppPushReceivers\": [],\r\n    \"automationRunbookReceivers\": [],\r\n    \"voiceReceivers\": [],\r\n    \"logicAppReceivers\": [],\r\n    \"azureFunctionReceivers\": [],\r\n    \"armRoleReceivers\": []\r\n  },\r\n  \"identity\": null\r\n}",
      "StatusCode": 201
    },
    {
      "RequestUri": "/subscriptions/80430018-24ee-4b28-a7bd-fb23b5a221d6/resourcegroups/ps8478/providers/microsoft.insights/scheduledQueryRules/ps2?api-version=2018-04-16",
      "EncodedRequestUri": "L3N1YnNjcmlwdGlvbnMvODA0MzAwMTgtMjRlZS00YjI4LWE3YmQtZmIyM2I1YTIyMWQ2L3Jlc291cmNlZ3JvdXBzL3BzODQ3OC9wcm92aWRlcnMvbWljcm9zb2Z0Lmluc2lnaHRzL3NjaGVkdWxlZFF1ZXJ5UnVsZXMvcHMyP2FwaS12ZXJzaW9uPTIwMTgtMDQtMTY=",
      "RequestMethod": "PUT",
      "RequestBody": "{\r\n  \"properties\": {\r\n    \"description\": \"SQR log alert rule\",\r\n    \"enabled\": \"true\",\r\n    \"source\": {\r\n      \"query\": \"traces | summarize AggregatedValue = count() by bin(timestamp, 5m)\",\r\n      \"authorizedResources\": [\r\n        \"/subscriptions/80430018-24ee-4b28-a7bd-fb23b5a221d6/resourceGroups/ps8478/providers/microsoft.insights/components/ps4074\"\r\n      ],\r\n      \"dataSourceId\": \"/subscriptions/80430018-24ee-4b28-a7bd-fb23b5a221d6/resourceGroups/ps8478/providers/microsoft.insights/components/ps4074\",\r\n      \"queryType\": \"ResultCount\"\r\n    },\r\n    \"schedule\": {\r\n      \"frequencyInMinutes\": 5,\r\n      \"timeWindowInMinutes\": 5\r\n    },\r\n    \"action\": {\r\n      \"odata.type\": \"Microsoft.WindowsAzure.Management.Monitoring.Alerts.Models.Microsoft.AppInsights.Nexus.DataContracts.Resources.ScheduledQueryRules.AlertingAction\",\r\n      \"severity\": \"2\",\r\n      \"aznsAction\": {\r\n        \"actionGroup\": [\r\n          \"/subscriptions/80430018-24ee-4b28-a7bd-fb23b5a221d6/resourceGroups/ps8478/providers/microsoft.insights/actionGroups/ps598\"\r\n        ],\r\n        \"emailSubject\": \"SQR Log alert trigger notification\",\r\n        \"customWebhookPayload\": \"{}\"\r\n      },\r\n      \"throttlingInMin\": 5,\r\n      \"trigger\": {\r\n        \"thresholdOperator\": \"GreaterThan\",\r\n        \"threshold\": 5.0,\r\n        \"metricTrigger\": {\r\n          \"thresholdOperator\": \"GreaterThan\",\r\n          \"threshold\": 10.0,\r\n          \"metricTriggerType\": \"Total\",\r\n          \"metricColumn\": \"timestamp\"\r\n        }\r\n      }\r\n    }\r\n  },\r\n  \"location\": \"West US\",\r\n  \"tags\": {}\r\n}",
      "RequestHeaders": {
        "x-ms-client-request-id": [
          "5c42f068-662b-4082-a13b-2055666e94e2"
        ],
        "Accept-Language": [
          "en-US"
        ],
        "User-Agent": [
          "FxVersion/4.6.27817.01",
          "OSName/Windows",
          "OSVersion/Microsoft.Windows.10.0.18362.",
          "Microsoft.Azure.Management.Monitor.MonitorManagementClient/0.24.0.0"
        ],
        "Content-Type": [
          "application/json; charset=utf-8"
        ],
        "Content-Length": [
          "1543"
        ]
      },
      "ResponseHeaders": {
        "Cache-Control": [
          "no-cache"
        ],
        "Pragma": [
          "no-cache"
        ],
        "Request-Context": [
          "appId=cid-v1:c13a1a07-630f-4f42-b89b-f5aedd031684"
        ],
        "Strict-Transport-Security": [
          "max-age=31536000; includeSubDomains"
        ],
        "X-Content-Type-Options": [
          "nosniff"
        ],
        "Server": [
          "Microsoft-IIS/10.0"
        ],
        "X-Powered-By": [
          "ASP.NET"
        ],
        "x-ms-ratelimit-remaining-subscription-writes": [
          "1198"
        ],
        "x-ms-request-id": [
          "f02e4ffb-0787-4c99-bcb4-a548e3363755"
        ],
        "x-ms-correlation-request-id": [
          "f02e4ffb-0787-4c99-bcb4-a548e3363755"
        ],
        "x-ms-routing-request-id": [
          "UKSOUTH2:20190901T153232Z:f02e4ffb-0787-4c99-bcb4-a548e3363755"
        ],
        "Date": [
          "Sun, 01 Sep 2019 15:32:32 GMT"
        ],
        "Content-Length": [
          "1941"
        ],
        "Content-Type": [
          "application/json; charset=utf-8"
        ],
        "Expires": [
          "-1"
        ]
      },
      "ResponseBody": "{\r\n  \"id\": \"/subscriptions/80430018-24ee-4b28-a7bd-fb23b5a221d6/resourceGroups/ps8478/providers/microsoft.insights/scheduledqueryrules/ps2\",\r\n  \"name\": \"ps2\",\r\n  \"type\": \"microsoft.insights/scheduledqueryrules\",\r\n  \"location\": \"westus\",\r\n  \"tags\": {},\r\n  \"kind\": null,\r\n  \"etag\": \"\\\"6f00f797-0000-0700-0000-5d6be48f0000\\\"\",\r\n  \"properties\": {\r\n    \"description\": \"SQR log alert rule\",\r\n    \"displayName\": \"ps2\",\r\n    \"enabled\": \"true\",\r\n    \"lastUpdatedTime\": \"2019-09-01T15:32:27.783603Z\",\r\n    \"provisioningState\": \"Succeeded\",\r\n    \"source\": {\r\n      \"query\": \"traces | summarize AggregatedValue = count() by bin(timestamp, 5m)\",\r\n      \"authorizedResources\": [\r\n        \"/subscriptions/80430018-24ee-4b28-a7bd-fb23b5a221d6/resourceGroups/ps8478/providers/microsoft.insights/components/ps4074\"\r\n      ],\r\n      \"dataSourceId\": \"/subscriptions/80430018-24ee-4b28-a7bd-fb23b5a221d6/resourceGroups/ps8478/providers/microsoft.insights/components/ps4074\",\r\n      \"queryType\": \"ResultCount\"\r\n    },\r\n    \"schedule\": {\r\n      \"frequencyInMinutes\": 5,\r\n      \"timeWindowInMinutes\": 5\r\n    },\r\n    \"action\": {\r\n      \"severity\": \"2\",\r\n      \"aznsAction\": {\r\n        \"actionGroup\": [\r\n          \"/subscriptions/80430018-24ee-4b28-a7bd-fb23b5a221d6/resourceGroups/ps8478/providers/microsoft.insights/actionGroups/ps598\"\r\n        ],\r\n        \"emailSubject\": \"SQR Log alert trigger notification\",\r\n        \"customWebhookPayload\": \"{}\"\r\n      },\r\n      \"throttlingInMin\": 5,\r\n      \"trigger\": {\r\n        \"thresholdOperator\": \"GreaterThan\",\r\n        \"threshold\": 5,\r\n        \"metricTrigger\": {\r\n          \"thresholdOperator\": \"GreaterThan\",\r\n          \"threshold\": 10,\r\n          \"metricTriggerType\": \"Total\",\r\n          \"metricColumn\": \"timestamp\"\r\n        }\r\n      },\r\n      \"odata.type\": \"Microsoft.WindowsAzure.Management.Monitoring.Alerts.Models.Microsoft.AppInsights.Nexus.DataContracts.Resources.ScheduledQueryRules.AlertingAction\"\r\n    }\r\n  }\r\n}",
      "StatusCode": 201
    },
    {
      "RequestUri": "/subscriptions/80430018-24ee-4b28-a7bd-fb23b5a221d6/resourcegroups/ps8478/providers/microsoft.insights/scheduledQueryRules/ps2?api-version=2018-04-16",
      "EncodedRequestUri": "L3N1YnNjcmlwdGlvbnMvODA0MzAwMTgtMjRlZS00YjI4LWE3YmQtZmIyM2I1YTIyMWQ2L3Jlc291cmNlZ3JvdXBzL3BzODQ3OC9wcm92aWRlcnMvbWljcm9zb2Z0Lmluc2lnaHRzL3NjaGVkdWxlZFF1ZXJ5UnVsZXMvcHMyP2FwaS12ZXJzaW9uPTIwMTgtMDQtMTY=",
      "RequestMethod": "PUT",
      "RequestBody": "{\r\n  \"properties\": {\r\n    \"description\": \"SQR log alert rule\",\r\n    \"enabled\": \"true\",\r\n    \"source\": {\r\n      \"query\": \"traces | summarize AggregatedValue = count() by bin(timestamp, 5m)\",\r\n      \"authorizedResources\": [\r\n        \"/subscriptions/80430018-24ee-4b28-a7bd-fb23b5a221d6/resourceGroups/ps8478/providers/microsoft.insights/components/ps4074\"\r\n      ],\r\n      \"dataSourceId\": \"/subscriptions/80430018-24ee-4b28-a7bd-fb23b5a221d6/resourceGroups/ps8478/providers/microsoft.insights/components/ps4074\",\r\n      \"queryType\": \"ResultCount\"\r\n    },\r\n    \"schedule\": {\r\n      \"frequencyInMinutes\": 5,\r\n      \"timeWindowInMinutes\": 5\r\n    },\r\n    \"action\": {\r\n      \"odata.type\": \"Microsoft.WindowsAzure.Management.Monitoring.Alerts.Models.Microsoft.AppInsights.Nexus.DataContracts.Resources.ScheduledQueryRules.AlertingAction\",\r\n      \"severity\": \"2\",\r\n      \"aznsAction\": {\r\n        \"actionGroup\": [\r\n          \"/subscriptions/80430018-24ee-4b28-a7bd-fb23b5a221d6/resourceGroups/ps8478/providers/microsoft.insights/actionGroups/ps598\"\r\n        ],\r\n        \"emailSubject\": \"SQR Log alert trigger notification\",\r\n        \"customWebhookPayload\": \"{}\"\r\n      },\r\n      \"throttlingInMin\": 5,\r\n      \"trigger\": {\r\n        \"thresholdOperator\": \"GreaterThan\",\r\n        \"threshold\": 5.0,\r\n        \"metricTrigger\": {\r\n          \"thresholdOperator\": \"GreaterThan\",\r\n          \"threshold\": 10.0,\r\n          \"metricTriggerType\": \"Total\",\r\n          \"metricColumn\": \"timestamp\"\r\n        }\r\n      }\r\n    }\r\n  },\r\n  \"location\": \"West US\",\r\n  \"tags\": {}\r\n}",
      "RequestHeaders": {
        "x-ms-client-request-id": [
          "c3e8f9b6-daf3-493c-893a-92f14bcff2e8"
        ],
        "Accept-Language": [
          "en-US"
        ],
        "User-Agent": [
          "FxVersion/4.6.27817.01",
          "OSName/Windows",
          "OSVersion/Microsoft.Windows.10.0.18362.",
          "Microsoft.Azure.Management.Monitor.MonitorManagementClient/0.24.0.0"
        ],
        "Content-Type": [
          "application/json; charset=utf-8"
        ],
        "Content-Length": [
          "1543"
        ]
      },
      "ResponseHeaders": {
        "Cache-Control": [
          "no-cache"
        ],
        "Pragma": [
          "no-cache"
        ],
        "Request-Context": [
          "appId=cid-v1:c13a1a07-630f-4f42-b89b-f5aedd031684"
        ],
        "Strict-Transport-Security": [
          "max-age=31536000; includeSubDomains"
        ],
        "X-Content-Type-Options": [
          "nosniff"
        ],
        "Server": [
          "Microsoft-IIS/10.0"
        ],
        "X-Powered-By": [
          "ASP.NET"
        ],
        "x-ms-ratelimit-remaining-subscription-writes": [
          "1197"
        ],
        "x-ms-request-id": [
          "b084d216-9a9e-49d2-94b6-182f1216630e"
        ],
        "x-ms-correlation-request-id": [
          "b084d216-9a9e-49d2-94b6-182f1216630e"
        ],
        "x-ms-routing-request-id": [
          "UKSOUTH2:20190901T153239Z:b084d216-9a9e-49d2-94b6-182f1216630e"
        ],
        "Date": [
          "Sun, 01 Sep 2019 15:32:39 GMT"
        ],
        "Content-Length": [
          "1942"
        ],
        "Content-Type": [
          "application/json; charset=utf-8"
        ],
        "Expires": [
          "-1"
        ]
      },
      "ResponseBody": "{\r\n  \"id\": \"/subscriptions/80430018-24ee-4b28-a7bd-fb23b5a221d6/resourceGroups/ps8478/providers/microsoft.insights/scheduledqueryrules/ps2\",\r\n  \"name\": \"ps2\",\r\n  \"type\": \"microsoft.insights/scheduledqueryrules\",\r\n  \"location\": \"westus\",\r\n  \"tags\": {},\r\n  \"kind\": null,\r\n  \"etag\": \"\\\"6f006698-0000-0700-0000-5d6be4970000\\\"\",\r\n  \"properties\": {\r\n    \"description\": \"SQR log alert rule\",\r\n    \"displayName\": \"ps2\",\r\n    \"enabled\": \"true\",\r\n    \"lastUpdatedTime\": \"2019-09-01T15:32:36.4897145Z\",\r\n    \"provisioningState\": \"Succeeded\",\r\n    \"source\": {\r\n      \"query\": \"traces | summarize AggregatedValue = count() by bin(timestamp, 5m)\",\r\n      \"authorizedResources\": [\r\n        \"/subscriptions/80430018-24ee-4b28-a7bd-fb23b5a221d6/resourceGroups/ps8478/providers/microsoft.insights/components/ps4074\"\r\n      ],\r\n      \"dataSourceId\": \"/subscriptions/80430018-24ee-4b28-a7bd-fb23b5a221d6/resourceGroups/ps8478/providers/microsoft.insights/components/ps4074\",\r\n      \"queryType\": \"ResultCount\"\r\n    },\r\n    \"schedule\": {\r\n      \"frequencyInMinutes\": 5,\r\n      \"timeWindowInMinutes\": 5\r\n    },\r\n    \"action\": {\r\n      \"severity\": \"2\",\r\n      \"aznsAction\": {\r\n        \"actionGroup\": [\r\n          \"/subscriptions/80430018-24ee-4b28-a7bd-fb23b5a221d6/resourceGroups/ps8478/providers/microsoft.insights/actionGroups/ps598\"\r\n        ],\r\n        \"emailSubject\": \"SQR Log alert trigger notification\",\r\n        \"customWebhookPayload\": \"{}\"\r\n      },\r\n      \"throttlingInMin\": 5,\r\n      \"trigger\": {\r\n        \"thresholdOperator\": \"GreaterThan\",\r\n        \"threshold\": 5,\r\n        \"metricTrigger\": {\r\n          \"thresholdOperator\": \"GreaterThan\",\r\n          \"threshold\": 10,\r\n          \"metricTriggerType\": \"Total\",\r\n          \"metricColumn\": \"timestamp\"\r\n        }\r\n      },\r\n      \"odata.type\": \"Microsoft.WindowsAzure.Management.Monitoring.Alerts.Models.Microsoft.AppInsights.Nexus.DataContracts.Resources.ScheduledQueryRules.AlertingAction\"\r\n    }\r\n  }\r\n}",
      "StatusCode": 201
    },
    {
      "RequestUri": "/subscriptions/80430018-24ee-4b28-a7bd-fb23b5a221d6/resourcegroups/ps8478/providers/microsoft.insights/scheduledQueryRules/ps2?api-version=2018-04-16",
      "EncodedRequestUri": "L3N1YnNjcmlwdGlvbnMvODA0MzAwMTgtMjRlZS00YjI4LWE3YmQtZmIyM2I1YTIyMWQ2L3Jlc291cmNlZ3JvdXBzL3BzODQ3OC9wcm92aWRlcnMvbWljcm9zb2Z0Lmluc2lnaHRzL3NjaGVkdWxlZFF1ZXJ5UnVsZXMvcHMyP2FwaS12ZXJzaW9uPTIwMTgtMDQtMTY=",
      "RequestMethod": "PUT",
      "RequestBody": "{\r\n  \"properties\": {\r\n    \"description\": \"SQR log alert rule\",\r\n    \"enabled\": \"true\",\r\n    \"source\": {\r\n      \"query\": \"traces | summarize AggregatedValue = count() by bin(timestamp, 5m)\",\r\n      \"authorizedResources\": [\r\n        \"/subscriptions/80430018-24ee-4b28-a7bd-fb23b5a221d6/resourceGroups/ps8478/providers/microsoft.insights/components/ps4074\"\r\n      ],\r\n      \"dataSourceId\": \"/subscriptions/80430018-24ee-4b28-a7bd-fb23b5a221d6/resourceGroups/ps8478/providers/microsoft.insights/components/ps4074\",\r\n      \"queryType\": \"ResultCount\"\r\n    },\r\n    \"schedule\": {\r\n      \"frequencyInMinutes\": 5,\r\n      \"timeWindowInMinutes\": 5\r\n    },\r\n    \"action\": {\r\n      \"odata.type\": \"Microsoft.WindowsAzure.Management.Monitoring.Alerts.Models.Microsoft.AppInsights.Nexus.DataContracts.Resources.ScheduledQueryRules.AlertingAction\",\r\n      \"severity\": \"2\",\r\n      \"aznsAction\": {\r\n        \"actionGroup\": [\r\n          \"/subscriptions/80430018-24ee-4b28-a7bd-fb23b5a221d6/resourceGroups/ps8478/providers/microsoft.insights/actionGroups/ps598\"\r\n        ],\r\n        \"emailSubject\": \"SQR Log alert trigger notification\",\r\n        \"customWebhookPayload\": \"{}\"\r\n      },\r\n      \"throttlingInMin\": 5,\r\n      \"trigger\": {\r\n        \"thresholdOperator\": \"GreaterThan\",\r\n        \"threshold\": 5.0,\r\n        \"metricTrigger\": {\r\n          \"thresholdOperator\": \"GreaterThan\",\r\n          \"threshold\": 10.0,\r\n          \"metricTriggerType\": \"Total\",\r\n          \"metricColumn\": \"timestamp\"\r\n        }\r\n      }\r\n    }\r\n  },\r\n  \"location\": \"West US\",\r\n  \"tags\": {}\r\n}",
      "RequestHeaders": {
        "x-ms-client-request-id": [
          "89c74bf8-2c3b-4f9c-82e5-4009bdc1f281"
        ],
        "Accept-Language": [
          "en-US"
        ],
        "User-Agent": [
          "FxVersion/4.6.27817.01",
          "OSName/Windows",
          "OSVersion/Microsoft.Windows.10.0.18362.",
          "Microsoft.Azure.Management.Monitor.MonitorManagementClient/0.24.0.0"
        ],
        "Content-Type": [
          "application/json; charset=utf-8"
        ],
        "Content-Length": [
          "1543"
        ]
      },
      "ResponseHeaders": {
        "Cache-Control": [
          "no-cache"
        ],
        "Pragma": [
          "no-cache"
        ],
        "Request-Context": [
          "appId=cid-v1:c13a1a07-630f-4f42-b89b-f5aedd031684"
        ],
        "Strict-Transport-Security": [
          "max-age=31536000; includeSubDomains"
        ],
        "X-Content-Type-Options": [
          "nosniff"
        ],
        "Server": [
          "Microsoft-IIS/10.0"
        ],
        "X-Powered-By": [
          "ASP.NET"
        ],
        "x-ms-ratelimit-remaining-subscription-writes": [
          "1196"
        ],
        "x-ms-request-id": [
          "b1e2f85b-8cc1-4546-8da6-20b5a56dd5a8"
        ],
        "x-ms-correlation-request-id": [
          "b1e2f85b-8cc1-4546-8da6-20b5a56dd5a8"
        ],
        "x-ms-routing-request-id": [
          "UKSOUTH2:20190901T153242Z:b1e2f85b-8cc1-4546-8da6-20b5a56dd5a8"
        ],
        "Date": [
          "Sun, 01 Sep 2019 15:32:41 GMT"
        ],
        "Content-Length": [
          "1942"
        ],
        "Content-Type": [
          "application/json; charset=utf-8"
        ],
        "Expires": [
          "-1"
        ]
      },
      "ResponseBody": "{\r\n  \"id\": \"/subscriptions/80430018-24ee-4b28-a7bd-fb23b5a221d6/resourceGroups/ps8478/providers/microsoft.insights/scheduledqueryrules/ps2\",\r\n  \"name\": \"ps2\",\r\n  \"type\": \"microsoft.insights/scheduledqueryrules\",\r\n  \"location\": \"westus\",\r\n  \"tags\": {},\r\n  \"kind\": null,\r\n  \"etag\": \"\\\"6f008d98-0000-0700-0000-5d6be49a0000\\\"\",\r\n  \"properties\": {\r\n    \"description\": \"SQR log alert rule\",\r\n    \"displayName\": \"ps2\",\r\n    \"enabled\": \"true\",\r\n    \"lastUpdatedTime\": \"2019-09-01T15:32:40.8720349Z\",\r\n    \"provisioningState\": \"Succeeded\",\r\n    \"source\": {\r\n      \"query\": \"traces | summarize AggregatedValue = count() by bin(timestamp, 5m)\",\r\n      \"authorizedResources\": [\r\n        \"/subscriptions/80430018-24ee-4b28-a7bd-fb23b5a221d6/resourceGroups/ps8478/providers/microsoft.insights/components/ps4074\"\r\n      ],\r\n      \"dataSourceId\": \"/subscriptions/80430018-24ee-4b28-a7bd-fb23b5a221d6/resourceGroups/ps8478/providers/microsoft.insights/components/ps4074\",\r\n      \"queryType\": \"ResultCount\"\r\n    },\r\n    \"schedule\": {\r\n      \"frequencyInMinutes\": 5,\r\n      \"timeWindowInMinutes\": 5\r\n    },\r\n    \"action\": {\r\n      \"severity\": \"2\",\r\n      \"aznsAction\": {\r\n        \"actionGroup\": [\r\n          \"/subscriptions/80430018-24ee-4b28-a7bd-fb23b5a221d6/resourceGroups/ps8478/providers/microsoft.insights/actionGroups/ps598\"\r\n        ],\r\n        \"emailSubject\": \"SQR Log alert trigger notification\",\r\n        \"customWebhookPayload\": \"{}\"\r\n      },\r\n      \"throttlingInMin\": 5,\r\n      \"trigger\": {\r\n        \"thresholdOperator\": \"GreaterThan\",\r\n        \"threshold\": 5,\r\n        \"metricTrigger\": {\r\n          \"thresholdOperator\": \"GreaterThan\",\r\n          \"threshold\": 10,\r\n          \"metricTriggerType\": \"Total\",\r\n          \"metricColumn\": \"timestamp\"\r\n        }\r\n      },\r\n      \"odata.type\": \"Microsoft.WindowsAzure.Management.Monitoring.Alerts.Models.Microsoft.AppInsights.Nexus.DataContracts.Resources.ScheduledQueryRules.AlertingAction\"\r\n    }\r\n  }\r\n}",
      "StatusCode": 201
    },
    {
      "RequestUri": "/subscriptions/80430018-24ee-4b28-a7bd-fb23b5a221d6/resourcegroups/ps8478/providers/microsoft.insights/scheduledQueryRules/ps2?api-version=2018-04-16",
      "EncodedRequestUri": "L3N1YnNjcmlwdGlvbnMvODA0MzAwMTgtMjRlZS00YjI4LWE3YmQtZmIyM2I1YTIyMWQ2L3Jlc291cmNlZ3JvdXBzL3BzODQ3OC9wcm92aWRlcnMvbWljcm9zb2Z0Lmluc2lnaHRzL3NjaGVkdWxlZFF1ZXJ5UnVsZXMvcHMyP2FwaS12ZXJzaW9uPTIwMTgtMDQtMTY=",
      "RequestMethod": "PUT",
      "RequestBody": "{\r\n  \"properties\": {\r\n    \"description\": \"SQR log alert rule\",\r\n    \"enabled\": \"true\",\r\n    \"source\": {\r\n      \"query\": \"traces | summarize AggregatedValue = count() by bin(timestamp, 5m)\",\r\n      \"authorizedResources\": [\r\n        \"/subscriptions/80430018-24ee-4b28-a7bd-fb23b5a221d6/resourceGroups/ps8478/providers/microsoft.insights/components/ps4074\"\r\n      ],\r\n      \"dataSourceId\": \"/subscriptions/80430018-24ee-4b28-a7bd-fb23b5a221d6/resourceGroups/ps8478/providers/microsoft.insights/components/ps4074\",\r\n      \"queryType\": \"ResultCount\"\r\n    },\r\n    \"schedule\": {\r\n      \"frequencyInMinutes\": 5,\r\n      \"timeWindowInMinutes\": 5\r\n    },\r\n    \"action\": {\r\n      \"odata.type\": \"Microsoft.WindowsAzure.Management.Monitoring.Alerts.Models.Microsoft.AppInsights.Nexus.DataContracts.Resources.ScheduledQueryRules.AlertingAction\",\r\n      \"severity\": \"2\",\r\n      \"aznsAction\": {\r\n        \"actionGroup\": [\r\n          \"/subscriptions/80430018-24ee-4b28-a7bd-fb23b5a221d6/resourceGroups/ps8478/providers/microsoft.insights/actionGroups/ps598\"\r\n        ],\r\n        \"emailSubject\": \"SQR Log alert trigger notification\",\r\n        \"customWebhookPayload\": \"{}\"\r\n      },\r\n      \"throttlingInMin\": 5,\r\n      \"trigger\": {\r\n        \"thresholdOperator\": \"GreaterThan\",\r\n        \"threshold\": 5.0,\r\n        \"metricTrigger\": {\r\n          \"thresholdOperator\": \"GreaterThan\",\r\n          \"threshold\": 10.0,\r\n          \"metricTriggerType\": \"Total\",\r\n          \"metricColumn\": \"timestamp\"\r\n        }\r\n      }\r\n    }\r\n  },\r\n  \"location\": \"West US\",\r\n  \"tags\": {}\r\n}",
      "RequestHeaders": {
        "x-ms-client-request-id": [
          "34eeea86-2d22-4afe-8afe-bfe478831526"
        ],
        "Accept-Language": [
          "en-US"
        ],
        "User-Agent": [
          "FxVersion/4.6.27817.01",
          "OSName/Windows",
          "OSVersion/Microsoft.Windows.10.0.18362.",
          "Microsoft.Azure.Management.Monitor.MonitorManagementClient/0.24.0.0"
        ],
        "Content-Type": [
          "application/json; charset=utf-8"
        ],
        "Content-Length": [
          "1543"
        ]
      },
      "ResponseHeaders": {
        "Cache-Control": [
          "no-cache"
        ],
        "Pragma": [
          "no-cache"
        ],
        "Request-Context": [
          "appId=cid-v1:c13a1a07-630f-4f42-b89b-f5aedd031684"
        ],
        "Strict-Transport-Security": [
          "max-age=31536000; includeSubDomains"
        ],
        "X-Content-Type-Options": [
          "nosniff"
        ],
        "Server": [
          "Microsoft-IIS/10.0"
        ],
        "X-Powered-By": [
          "ASP.NET"
        ],
        "x-ms-ratelimit-remaining-subscription-writes": [
          "1195"
        ],
        "x-ms-request-id": [
          "a2945635-f181-4212-847b-8a7d8d025cbb"
        ],
        "x-ms-correlation-request-id": [
          "a2945635-f181-4212-847b-8a7d8d025cbb"
        ],
        "x-ms-routing-request-id": [
          "UKSOUTH2:20190901T153244Z:a2945635-f181-4212-847b-8a7d8d025cbb"
        ],
        "Date": [
          "Sun, 01 Sep 2019 15:32:44 GMT"
        ],
        "Content-Length": [
          "1942"
        ],
        "Content-Type": [
          "application/json; charset=utf-8"
        ],
        "Expires": [
          "-1"
        ]
      },
      "ResponseBody": "{\r\n  \"id\": \"/subscriptions/80430018-24ee-4b28-a7bd-fb23b5a221d6/resourceGroups/ps8478/providers/microsoft.insights/scheduledqueryrules/ps2\",\r\n  \"name\": \"ps2\",\r\n  \"type\": \"microsoft.insights/scheduledqueryrules\",\r\n  \"location\": \"westus\",\r\n  \"tags\": {},\r\n  \"kind\": null,\r\n  \"etag\": \"\\\"6f00ae98-0000-0700-0000-5d6be49c0000\\\"\",\r\n  \"properties\": {\r\n    \"description\": \"SQR log alert rule\",\r\n    \"displayName\": \"ps2\",\r\n    \"enabled\": \"true\",\r\n    \"lastUpdatedTime\": \"2019-09-01T15:32:43.6532508Z\",\r\n    \"provisioningState\": \"Succeeded\",\r\n    \"source\": {\r\n      \"query\": \"traces | summarize AggregatedValue = count() by bin(timestamp, 5m)\",\r\n      \"authorizedResources\": [\r\n        \"/subscriptions/80430018-24ee-4b28-a7bd-fb23b5a221d6/resourceGroups/ps8478/providers/microsoft.insights/components/ps4074\"\r\n      ],\r\n      \"dataSourceId\": \"/subscriptions/80430018-24ee-4b28-a7bd-fb23b5a221d6/resourceGroups/ps8478/providers/microsoft.insights/components/ps4074\",\r\n      \"queryType\": \"ResultCount\"\r\n    },\r\n    \"schedule\": {\r\n      \"frequencyInMinutes\": 5,\r\n      \"timeWindowInMinutes\": 5\r\n    },\r\n    \"action\": {\r\n      \"severity\": \"2\",\r\n      \"aznsAction\": {\r\n        \"actionGroup\": [\r\n          \"/subscriptions/80430018-24ee-4b28-a7bd-fb23b5a221d6/resourceGroups/ps8478/providers/microsoft.insights/actionGroups/ps598\"\r\n        ],\r\n        \"emailSubject\": \"SQR Log alert trigger notification\",\r\n        \"customWebhookPayload\": \"{}\"\r\n      },\r\n      \"throttlingInMin\": 5,\r\n      \"trigger\": {\r\n        \"thresholdOperator\": \"GreaterThan\",\r\n        \"threshold\": 5,\r\n        \"metricTrigger\": {\r\n          \"thresholdOperator\": \"GreaterThan\",\r\n          \"threshold\": 10,\r\n          \"metricTriggerType\": \"Total\",\r\n          \"metricColumn\": \"timestamp\"\r\n        }\r\n      },\r\n      \"odata.type\": \"Microsoft.WindowsAzure.Management.Monitoring.Alerts.Models.Microsoft.AppInsights.Nexus.DataContracts.Resources.ScheduledQueryRules.AlertingAction\"\r\n    }\r\n  }\r\n}",
      "StatusCode": 201
    },
    {
      "RequestUri": "/subscriptions/80430018-24ee-4b28-a7bd-fb23b5a221d6/resourcegroups/ps8478/providers/microsoft.insights/scheduledQueryRules/ps2?api-version=2018-04-16",
      "EncodedRequestUri": "L3N1YnNjcmlwdGlvbnMvODA0MzAwMTgtMjRlZS00YjI4LWE3YmQtZmIyM2I1YTIyMWQ2L3Jlc291cmNlZ3JvdXBzL3BzODQ3OC9wcm92aWRlcnMvbWljcm9zb2Z0Lmluc2lnaHRzL3NjaGVkdWxlZFF1ZXJ5UnVsZXMvcHMyP2FwaS12ZXJzaW9uPTIwMTgtMDQtMTY=",
      "RequestMethod": "GET",
      "RequestBody": "",
      "RequestHeaders": {
        "x-ms-client-request-id": [
          "a7151010-f86c-411e-9b5b-e3dba98c5ef0"
        ],
        "Accept-Language": [
          "en-US"
        ],
        "User-Agent": [
          "FxVersion/4.6.27817.01",
          "OSName/Windows",
          "OSVersion/Microsoft.Windows.10.0.18362.",
          "Microsoft.Azure.Management.Monitor.MonitorManagementClient/0.24.0.0"
        ]
      },
      "ResponseHeaders": {
        "Cache-Control": [
          "no-cache"
        ],
        "Pragma": [
          "no-cache"
        ],
        "Request-Context": [
          "appId=cid-v1:c13a1a07-630f-4f42-b89b-f5aedd031684"
        ],
        "Strict-Transport-Security": [
          "max-age=31536000; includeSubDomains"
        ],
        "X-Content-Type-Options": [
          "nosniff"
        ],
        "Server": [
          "Microsoft-IIS/10.0"
        ],
        "X-Powered-By": [
          "ASP.NET"
        ],
        "x-ms-ratelimit-remaining-subscription-reads": [
          "11999"
        ],
        "x-ms-request-id": [
          "4fcb326b-06f8-4e21-9327-61d8f9bf7dee"
        ],
        "x-ms-correlation-request-id": [
          "4fcb326b-06f8-4e21-9327-61d8f9bf7dee"
        ],
        "x-ms-routing-request-id": [
          "UKSOUTH2:20190901T153232Z:4fcb326b-06f8-4e21-9327-61d8f9bf7dee"
        ],
        "Date": [
          "Sun, 01 Sep 2019 15:32:32 GMT"
        ],
        "Content-Length": [
          "1941"
        ],
        "Content-Type": [
          "application/json; charset=utf-8"
        ],
        "Expires": [
          "-1"
        ]
      },
      "ResponseBody": "{\r\n  \"id\": \"/subscriptions/80430018-24ee-4b28-a7bd-fb23b5a221d6/resourceGroups/ps8478/providers/microsoft.insights/scheduledqueryrules/ps2\",\r\n  \"name\": \"ps2\",\r\n  \"type\": \"microsoft.insights/scheduledqueryrules\",\r\n  \"location\": \"westus\",\r\n  \"tags\": {},\r\n  \"kind\": null,\r\n  \"etag\": \"\\\"6f00f797-0000-0700-0000-5d6be48f0000\\\"\",\r\n  \"properties\": {\r\n    \"description\": \"SQR log alert rule\",\r\n    \"displayName\": \"ps2\",\r\n    \"enabled\": \"true\",\r\n    \"lastUpdatedTime\": \"2019-09-01T15:32:27.783603Z\",\r\n    \"provisioningState\": \"Succeeded\",\r\n    \"source\": {\r\n      \"query\": \"traces | summarize AggregatedValue = count() by bin(timestamp, 5m)\",\r\n      \"authorizedResources\": [\r\n        \"/subscriptions/80430018-24ee-4b28-a7bd-fb23b5a221d6/resourceGroups/ps8478/providers/microsoft.insights/components/ps4074\"\r\n      ],\r\n      \"dataSourceId\": \"/subscriptions/80430018-24ee-4b28-a7bd-fb23b5a221d6/resourceGroups/ps8478/providers/microsoft.insights/components/ps4074\",\r\n      \"queryType\": \"ResultCount\"\r\n    },\r\n    \"schedule\": {\r\n      \"frequencyInMinutes\": 5,\r\n      \"timeWindowInMinutes\": 5\r\n    },\r\n    \"action\": {\r\n      \"severity\": \"2\",\r\n      \"aznsAction\": {\r\n        \"actionGroup\": [\r\n          \"/subscriptions/80430018-24ee-4b28-a7bd-fb23b5a221d6/resourceGroups/ps8478/providers/microsoft.insights/actionGroups/ps598\"\r\n        ],\r\n        \"emailSubject\": \"SQR Log alert trigger notification\",\r\n        \"customWebhookPayload\": \"{}\"\r\n      },\r\n      \"throttlingInMin\": 5,\r\n      \"trigger\": {\r\n        \"thresholdOperator\": \"GreaterThan\",\r\n        \"threshold\": 5,\r\n        \"metricTrigger\": {\r\n          \"thresholdOperator\": \"GreaterThan\",\r\n          \"threshold\": 10,\r\n          \"metricTriggerType\": \"Total\",\r\n          \"metricColumn\": \"timestamp\"\r\n        }\r\n      },\r\n      \"odata.type\": \"Microsoft.WindowsAzure.Management.Monitoring.Alerts.Models.Microsoft.AppInsights.Nexus.DataContracts.Resources.ScheduledQueryRules.AlertingAction\"\r\n    }\r\n  }\r\n}",
      "StatusCode": 200
    },
    {
      "RequestUri": "/subscriptions/80430018-24ee-4b28-a7bd-fb23b5a221d6/resourcegroups/ps8478/providers/microsoft.insights/scheduledQueryRules/ps2?api-version=2018-04-16",
      "EncodedRequestUri": "L3N1YnNjcmlwdGlvbnMvODA0MzAwMTgtMjRlZS00YjI4LWE3YmQtZmIyM2I1YTIyMWQ2L3Jlc291cmNlZ3JvdXBzL3BzODQ3OC9wcm92aWRlcnMvbWljcm9zb2Z0Lmluc2lnaHRzL3NjaGVkdWxlZFF1ZXJ5UnVsZXMvcHMyP2FwaS12ZXJzaW9uPTIwMTgtMDQtMTY=",
      "RequestMethod": "GET",
      "RequestBody": "",
      "RequestHeaders": {
        "x-ms-client-request-id": [
          "2d33118d-e751-405e-90ad-37b7d50e64c1"
        ],
        "Accept-Language": [
          "en-US"
        ],
        "User-Agent": [
          "FxVersion/4.6.27817.01",
          "OSName/Windows",
          "OSVersion/Microsoft.Windows.10.0.18362.",
          "Microsoft.Azure.Management.Monitor.MonitorManagementClient/0.24.0.0"
        ]
      },
      "ResponseHeaders": {
        "Cache-Control": [
          "no-cache"
        ],
        "Pragma": [
          "no-cache"
        ],
        "Request-Context": [
          "appId=cid-v1:c13a1a07-630f-4f42-b89b-f5aedd031684"
        ],
        "Strict-Transport-Security": [
          "max-age=31536000; includeSubDomains"
        ],
        "X-Content-Type-Options": [
          "nosniff"
        ],
        "Server": [
          "Microsoft-IIS/10.0"
        ],
        "X-Powered-By": [
          "ASP.NET"
        ],
        "x-ms-ratelimit-remaining-subscription-reads": [
          "11996"
        ],
        "x-ms-request-id": [
          "4295cc51-006c-4311-8253-2d1f002e2b9a"
        ],
        "x-ms-correlation-request-id": [
          "4295cc51-006c-4311-8253-2d1f002e2b9a"
        ],
        "x-ms-routing-request-id": [
          "UKSOUTH2:20190901T153234Z:4295cc51-006c-4311-8253-2d1f002e2b9a"
        ],
        "Date": [
          "Sun, 01 Sep 2019 15:32:34 GMT"
        ],
        "Content-Length": [
          "1941"
        ],
        "Content-Type": [
          "application/json; charset=utf-8"
        ],
        "Expires": [
          "-1"
        ]
      },
      "ResponseBody": "{\r\n  \"id\": \"/subscriptions/80430018-24ee-4b28-a7bd-fb23b5a221d6/resourceGroups/ps8478/providers/microsoft.insights/scheduledqueryrules/ps2\",\r\n  \"name\": \"ps2\",\r\n  \"type\": \"microsoft.insights/scheduledqueryrules\",\r\n  \"location\": \"westus\",\r\n  \"tags\": {},\r\n  \"kind\": null,\r\n  \"etag\": \"\\\"6f00f797-0000-0700-0000-5d6be48f0000\\\"\",\r\n  \"properties\": {\r\n    \"description\": \"SQR log alert rule\",\r\n    \"displayName\": \"ps2\",\r\n    \"enabled\": \"true\",\r\n    \"lastUpdatedTime\": \"2019-09-01T15:32:27.783603Z\",\r\n    \"provisioningState\": \"Succeeded\",\r\n    \"source\": {\r\n      \"query\": \"traces | summarize AggregatedValue = count() by bin(timestamp, 5m)\",\r\n      \"authorizedResources\": [\r\n        \"/subscriptions/80430018-24ee-4b28-a7bd-fb23b5a221d6/resourceGroups/ps8478/providers/microsoft.insights/components/ps4074\"\r\n      ],\r\n      \"dataSourceId\": \"/subscriptions/80430018-24ee-4b28-a7bd-fb23b5a221d6/resourceGroups/ps8478/providers/microsoft.insights/components/ps4074\",\r\n      \"queryType\": \"ResultCount\"\r\n    },\r\n    \"schedule\": {\r\n      \"frequencyInMinutes\": 5,\r\n      \"timeWindowInMinutes\": 5\r\n    },\r\n    \"action\": {\r\n      \"severity\": \"2\",\r\n      \"aznsAction\": {\r\n        \"actionGroup\": [\r\n          \"/subscriptions/80430018-24ee-4b28-a7bd-fb23b5a221d6/resourceGroups/ps8478/providers/microsoft.insights/actionGroups/ps598\"\r\n        ],\r\n        \"emailSubject\": \"SQR Log alert trigger notification\",\r\n        \"customWebhookPayload\": \"{}\"\r\n      },\r\n      \"throttlingInMin\": 5,\r\n      \"trigger\": {\r\n        \"thresholdOperator\": \"GreaterThan\",\r\n        \"threshold\": 5,\r\n        \"metricTrigger\": {\r\n          \"thresholdOperator\": \"GreaterThan\",\r\n          \"threshold\": 10,\r\n          \"metricTriggerType\": \"Total\",\r\n          \"metricColumn\": \"timestamp\"\r\n        }\r\n      },\r\n      \"odata.type\": \"Microsoft.WindowsAzure.Management.Monitoring.Alerts.Models.Microsoft.AppInsights.Nexus.DataContracts.Resources.ScheduledQueryRules.AlertingAction\"\r\n    }\r\n  }\r\n}",
      "StatusCode": 200
    },
    {
      "RequestUri": "/subscriptions/80430018-24ee-4b28-a7bd-fb23b5a221d6/resourcegroups/ps8478/providers/microsoft.insights/scheduledQueryRules/ps2?api-version=2018-04-16",
      "EncodedRequestUri": "L3N1YnNjcmlwdGlvbnMvODA0MzAwMTgtMjRlZS00YjI4LWE3YmQtZmIyM2I1YTIyMWQ2L3Jlc291cmNlZ3JvdXBzL3BzODQ3OC9wcm92aWRlcnMvbWljcm9zb2Z0Lmluc2lnaHRzL3NjaGVkdWxlZFF1ZXJ5UnVsZXMvcHMyP2FwaS12ZXJzaW9uPTIwMTgtMDQtMTY=",
      "RequestMethod": "GET",
      "RequestBody": "",
      "RequestHeaders": {
        "x-ms-client-request-id": [
          "9f2fae5a-3d51-4f61-b600-ff5d38899bf8"
        ],
        "Accept-Language": [
          "en-US"
        ],
        "User-Agent": [
          "FxVersion/4.6.27817.01",
          "OSName/Windows",
          "OSVersion/Microsoft.Windows.10.0.18362.",
          "Microsoft.Azure.Management.Monitor.MonitorManagementClient/0.24.0.0"
        ]
      },
      "ResponseHeaders": {
        "Cache-Control": [
          "no-cache"
        ],
        "Pragma": [
          "no-cache"
        ],
        "Request-Context": [
          "appId=cid-v1:c13a1a07-630f-4f42-b89b-f5aedd031684"
        ],
        "Strict-Transport-Security": [
          "max-age=31536000; includeSubDomains"
        ],
        "X-Content-Type-Options": [
          "nosniff"
        ],
        "x-ms-ratelimit-remaining-subscription-reads": [
          "11995"
        ],
        "Server": [
          "Microsoft-IIS/10.0"
        ],
        "X-Powered-By": [
          "ASP.NET"
        ],
        "x-ms-request-id": [
          "6e5771ba-4fcc-4b18-8967-f0a21019581a"
        ],
        "x-ms-correlation-request-id": [
          "6e5771ba-4fcc-4b18-8967-f0a21019581a"
        ],
        "x-ms-routing-request-id": [
          "UKSOUTH2:20190901T153239Z:6e5771ba-4fcc-4b18-8967-f0a21019581a"
        ],
        "Date": [
          "Sun, 01 Sep 2019 15:32:39 GMT"
        ],
        "Content-Length": [
          "1942"
        ],
        "Content-Type": [
          "application/json; charset=utf-8"
        ],
        "Expires": [
          "-1"
        ]
      },
      "ResponseBody": "{\r\n  \"id\": \"/subscriptions/80430018-24ee-4b28-a7bd-fb23b5a221d6/resourceGroups/ps8478/providers/microsoft.insights/scheduledqueryrules/ps2\",\r\n  \"name\": \"ps2\",\r\n  \"type\": \"microsoft.insights/scheduledqueryrules\",\r\n  \"location\": \"westus\",\r\n  \"tags\": {},\r\n  \"kind\": null,\r\n  \"etag\": \"\\\"6f006698-0000-0700-0000-5d6be4970000\\\"\",\r\n  \"properties\": {\r\n    \"description\": \"SQR log alert rule\",\r\n    \"displayName\": \"ps2\",\r\n    \"enabled\": \"true\",\r\n    \"lastUpdatedTime\": \"2019-09-01T15:32:36.4897145Z\",\r\n    \"provisioningState\": \"Succeeded\",\r\n    \"source\": {\r\n      \"query\": \"traces | summarize AggregatedValue = count() by bin(timestamp, 5m)\",\r\n      \"authorizedResources\": [\r\n        \"/subscriptions/80430018-24ee-4b28-a7bd-fb23b5a221d6/resourceGroups/ps8478/providers/microsoft.insights/components/ps4074\"\r\n      ],\r\n      \"dataSourceId\": \"/subscriptions/80430018-24ee-4b28-a7bd-fb23b5a221d6/resourceGroups/ps8478/providers/microsoft.insights/components/ps4074\",\r\n      \"queryType\": \"ResultCount\"\r\n    },\r\n    \"schedule\": {\r\n      \"frequencyInMinutes\": 5,\r\n      \"timeWindowInMinutes\": 5\r\n    },\r\n    \"action\": {\r\n      \"severity\": \"2\",\r\n      \"aznsAction\": {\r\n        \"actionGroup\": [\r\n          \"/subscriptions/80430018-24ee-4b28-a7bd-fb23b5a221d6/resourceGroups/ps8478/providers/microsoft.insights/actionGroups/ps598\"\r\n        ],\r\n        \"emailSubject\": \"SQR Log alert trigger notification\",\r\n        \"customWebhookPayload\": \"{}\"\r\n      },\r\n      \"throttlingInMin\": 5,\r\n      \"trigger\": {\r\n        \"thresholdOperator\": \"GreaterThan\",\r\n        \"threshold\": 5,\r\n        \"metricTrigger\": {\r\n          \"thresholdOperator\": \"GreaterThan\",\r\n          \"threshold\": 10,\r\n          \"metricTriggerType\": \"Total\",\r\n          \"metricColumn\": \"timestamp\"\r\n        }\r\n      },\r\n      \"odata.type\": \"Microsoft.WindowsAzure.Management.Monitoring.Alerts.Models.Microsoft.AppInsights.Nexus.DataContracts.Resources.ScheduledQueryRules.AlertingAction\"\r\n    }\r\n  }\r\n}",
      "StatusCode": 200
    },
    {
      "RequestUri": "/subscriptions/80430018-24ee-4b28-a7bd-fb23b5a221d6/resourcegroups/ps8478/providers/microsoft.insights/scheduledQueryRules/ps2?api-version=2018-04-16",
      "EncodedRequestUri": "L3N1YnNjcmlwdGlvbnMvODA0MzAwMTgtMjRlZS00YjI4LWE3YmQtZmIyM2I1YTIyMWQ2L3Jlc291cmNlZ3JvdXBzL3BzODQ3OC9wcm92aWRlcnMvbWljcm9zb2Z0Lmluc2lnaHRzL3NjaGVkdWxlZFF1ZXJ5UnVsZXMvcHMyP2FwaS12ZXJzaW9uPTIwMTgtMDQtMTY=",
      "RequestMethod": "GET",
      "RequestBody": "",
      "RequestHeaders": {
        "x-ms-client-request-id": [
          "7f557045-942a-42f5-ab1c-5fbf30dfb2e8"
        ],
        "Accept-Language": [
          "en-US"
        ],
        "User-Agent": [
          "FxVersion/4.6.27817.01",
          "OSName/Windows",
          "OSVersion/Microsoft.Windows.10.0.18362.",
          "Microsoft.Azure.Management.Monitor.MonitorManagementClient/0.24.0.0"
        ]
      },
      "ResponseHeaders": {
        "Cache-Control": [
          "no-cache"
        ],
        "Pragma": [
          "no-cache"
        ],
        "Request-Context": [
          "appId=cid-v1:c13a1a07-630f-4f42-b89b-f5aedd031684"
        ],
        "Strict-Transport-Security": [
          "max-age=31536000; includeSubDomains"
        ],
        "X-Content-Type-Options": [
          "nosniff"
        ],
        "Server": [
          "Microsoft-IIS/10.0"
        ],
        "X-Powered-By": [
          "ASP.NET"
        ],
        "x-ms-ratelimit-remaining-subscription-reads": [
          "11994"
        ],
        "x-ms-request-id": [
          "a4c736c4-fef9-4d52-9a3d-5456f466d552"
        ],
        "x-ms-correlation-request-id": [
          "a4c736c4-fef9-4d52-9a3d-5456f466d552"
        ],
        "x-ms-routing-request-id": [
          "UKSOUTH2:20190901T153244Z:a4c736c4-fef9-4d52-9a3d-5456f466d552"
        ],
        "Date": [
          "Sun, 01 Sep 2019 15:32:44 GMT"
        ],
        "Content-Length": [
          "1942"
        ],
        "Content-Type": [
          "application/json; charset=utf-8"
        ],
        "Expires": [
          "-1"
        ]
      },
      "ResponseBody": "{\r\n  \"id\": \"/subscriptions/80430018-24ee-4b28-a7bd-fb23b5a221d6/resourceGroups/ps8478/providers/microsoft.insights/scheduledqueryrules/ps2\",\r\n  \"name\": \"ps2\",\r\n  \"type\": \"microsoft.insights/scheduledqueryrules\",\r\n  \"location\": \"westus\",\r\n  \"tags\": {},\r\n  \"kind\": null,\r\n  \"etag\": \"\\\"6f00ae98-0000-0700-0000-5d6be49c0000\\\"\",\r\n  \"properties\": {\r\n    \"description\": \"SQR log alert rule\",\r\n    \"displayName\": \"ps2\",\r\n    \"enabled\": \"true\",\r\n    \"lastUpdatedTime\": \"2019-09-01T15:32:43.6532508Z\",\r\n    \"provisioningState\": \"Succeeded\",\r\n    \"source\": {\r\n      \"query\": \"traces | summarize AggregatedValue = count() by bin(timestamp, 5m)\",\r\n      \"authorizedResources\": [\r\n        \"/subscriptions/80430018-24ee-4b28-a7bd-fb23b5a221d6/resourceGroups/ps8478/providers/microsoft.insights/components/ps4074\"\r\n      ],\r\n      \"dataSourceId\": \"/subscriptions/80430018-24ee-4b28-a7bd-fb23b5a221d6/resourceGroups/ps8478/providers/microsoft.insights/components/ps4074\",\r\n      \"queryType\": \"ResultCount\"\r\n    },\r\n    \"schedule\": {\r\n      \"frequencyInMinutes\": 5,\r\n      \"timeWindowInMinutes\": 5\r\n    },\r\n    \"action\": {\r\n      \"severity\": \"2\",\r\n      \"aznsAction\": {\r\n        \"actionGroup\": [\r\n          \"/subscriptions/80430018-24ee-4b28-a7bd-fb23b5a221d6/resourceGroups/ps8478/providers/microsoft.insights/actionGroups/ps598\"\r\n        ],\r\n        \"emailSubject\": \"SQR Log alert trigger notification\",\r\n        \"customWebhookPayload\": \"{}\"\r\n      },\r\n      \"throttlingInMin\": 5,\r\n      \"trigger\": {\r\n        \"thresholdOperator\": \"GreaterThan\",\r\n        \"threshold\": 5,\r\n        \"metricTrigger\": {\r\n          \"thresholdOperator\": \"GreaterThan\",\r\n          \"threshold\": 10,\r\n          \"metricTriggerType\": \"Total\",\r\n          \"metricColumn\": \"timestamp\"\r\n        }\r\n      },\r\n      \"odata.type\": \"Microsoft.WindowsAzure.Management.Monitoring.Alerts.Models.Microsoft.AppInsights.Nexus.DataContracts.Resources.ScheduledQueryRules.AlertingAction\"\r\n    }\r\n  }\r\n}",
      "StatusCode": 200
    },
    {
      "RequestUri": "/subscriptions/80430018-24ee-4b28-a7bd-fb23b5a221d6/resourcegroups/ps8478/providers/microsoft.insights/scheduledQueryRules/ps2?api-version=2018-04-16",
      "EncodedRequestUri": "L3N1YnNjcmlwdGlvbnMvODA0MzAwMTgtMjRlZS00YjI4LWE3YmQtZmIyM2I1YTIyMWQ2L3Jlc291cmNlZ3JvdXBzL3BzODQ3OC9wcm92aWRlcnMvbWljcm9zb2Z0Lmluc2lnaHRzL3NjaGVkdWxlZFF1ZXJ5UnVsZXMvcHMyP2FwaS12ZXJzaW9uPTIwMTgtMDQtMTY=",
      "RequestMethod": "GET",
      "RequestBody": "",
      "RequestHeaders": {
        "x-ms-client-request-id": [
          "a2cfd005-9881-4b17-a0a9-62d8da32d11a"
        ],
        "Accept-Language": [
          "en-US"
        ],
        "User-Agent": [
          "FxVersion/4.6.27817.01",
          "OSName/Windows",
          "OSVersion/Microsoft.Windows.10.0.18362.",
          "Microsoft.Azure.Management.Monitor.MonitorManagementClient/0.24.0.0"
        ]
      },
      "ResponseHeaders": {
        "Cache-Control": [
          "no-cache"
        ],
        "Pragma": [
          "no-cache"
        ],
        "Request-Context": [
          "appId=cid-v1:c13a1a07-630f-4f42-b89b-f5aedd031684"
        ],
        "Strict-Transport-Security": [
          "max-age=31536000; includeSubDomains"
        ],
        "X-Content-Type-Options": [
          "nosniff"
        ],
        "Server": [
          "Microsoft-IIS/10.0"
        ],
        "X-Powered-By": [
          "ASP.NET"
        ],
        "x-ms-ratelimit-remaining-subscription-reads": [
          "11993"
        ],
        "x-ms-request-id": [
          "d549bc67-e614-4b5a-b413-a866bda89cca"
        ],
        "x-ms-correlation-request-id": [
          "d549bc67-e614-4b5a-b413-a866bda89cca"
        ],
        "x-ms-routing-request-id": [
          "UKSOUTH2:20190901T153247Z:d549bc67-e614-4b5a-b413-a866bda89cca"
        ],
        "Date": [
          "Sun, 01 Sep 2019 15:32:47 GMT"
        ],
        "Content-Length": [
          "1941"
        ],
        "Content-Type": [
          "application/json; charset=utf-8"
        ],
        "Expires": [
          "-1"
        ]
      },
      "ResponseBody": "{\r\n  \"id\": \"/subscriptions/80430018-24ee-4b28-a7bd-fb23b5a221d6/resourceGroups/ps8478/providers/microsoft.insights/scheduledqueryrules/ps2\",\r\n  \"name\": \"ps2\",\r\n  \"type\": \"microsoft.insights/scheduledqueryrules\",\r\n  \"location\": \"westus\",\r\n  \"tags\": {},\r\n  \"kind\": null,\r\n  \"etag\": \"\\\"6f00da98-0000-0700-0000-5d6be49e0000\\\"\",\r\n  \"properties\": {\r\n    \"description\": \"SQR log alert rule\",\r\n    \"displayName\": \"ps2\",\r\n    \"enabled\": \"false\",\r\n    \"lastUpdatedTime\": \"2019-09-01T15:32:46.28412Z\",\r\n    \"provisioningState\": \"Succeeded\",\r\n    \"source\": {\r\n      \"query\": \"traces | summarize AggregatedValue = count() by bin(timestamp, 5m)\",\r\n      \"authorizedResources\": [\r\n        \"/subscriptions/80430018-24ee-4b28-a7bd-fb23b5a221d6/resourceGroups/ps8478/providers/microsoft.insights/components/ps4074\"\r\n      ],\r\n      \"dataSourceId\": \"/subscriptions/80430018-24ee-4b28-a7bd-fb23b5a221d6/resourceGroups/ps8478/providers/microsoft.insights/components/ps4074\",\r\n      \"queryType\": \"ResultCount\"\r\n    },\r\n    \"schedule\": {\r\n      \"frequencyInMinutes\": 5,\r\n      \"timeWindowInMinutes\": 5\r\n    },\r\n    \"action\": {\r\n      \"severity\": \"2\",\r\n      \"aznsAction\": {\r\n        \"actionGroup\": [\r\n          \"/subscriptions/80430018-24ee-4b28-a7bd-fb23b5a221d6/resourceGroups/ps8478/providers/microsoft.insights/actionGroups/ps598\"\r\n        ],\r\n        \"emailSubject\": \"SQR Log alert trigger notification\",\r\n        \"customWebhookPayload\": \"{}\"\r\n      },\r\n      \"throttlingInMin\": 5,\r\n      \"trigger\": {\r\n        \"thresholdOperator\": \"GreaterThan\",\r\n        \"threshold\": 5,\r\n        \"metricTrigger\": {\r\n          \"thresholdOperator\": \"GreaterThan\",\r\n          \"threshold\": 10,\r\n          \"metricTriggerType\": \"Total\",\r\n          \"metricColumn\": \"timestamp\"\r\n        }\r\n      },\r\n      \"odata.type\": \"Microsoft.WindowsAzure.Management.Monitoring.Alerts.Models.Microsoft.AppInsights.Nexus.DataContracts.Resources.ScheduledQueryRules.AlertingAction\"\r\n    }\r\n  }\r\n}",
      "StatusCode": 200
    },
    {
      "RequestUri": "/subscriptions/80430018-24ee-4b28-a7bd-fb23b5a221d6/resourcegroups/ps8478/providers/microsoft.insights/scheduledQueryRules/ps2?api-version=2018-04-16",
      "EncodedRequestUri": "L3N1YnNjcmlwdGlvbnMvODA0MzAwMTgtMjRlZS00YjI4LWE3YmQtZmIyM2I1YTIyMWQ2L3Jlc291cmNlZ3JvdXBzL3BzODQ3OC9wcm92aWRlcnMvbWljcm9zb2Z0Lmluc2lnaHRzL3NjaGVkdWxlZFF1ZXJ5UnVsZXMvcHMyP2FwaS12ZXJzaW9uPTIwMTgtMDQtMTY=",
      "RequestMethod": "GET",
      "RequestBody": "",
      "RequestHeaders": {
        "x-ms-client-request-id": [
          "1fc4feee-0e53-4c08-acfa-3829321bfd40"
        ],
        "Accept-Language": [
          "en-US"
        ],
        "User-Agent": [
          "FxVersion/4.6.27817.01",
          "OSName/Windows",
          "OSVersion/Microsoft.Windows.10.0.18362.",
          "Microsoft.Azure.Management.Monitor.MonitorManagementClient/0.24.0.0"
        ]
      },
      "ResponseHeaders": {
        "Cache-Control": [
          "no-cache"
        ],
        "Pragma": [
          "no-cache"
        ],
        "Request-Context": [
          "appId=cid-v1:c13a1a07-630f-4f42-b89b-f5aedd031684"
        ],
        "Strict-Transport-Security": [
          "max-age=31536000; includeSubDomains"
        ],
        "X-Content-Type-Options": [
          "nosniff"
        ],
        "Server": [
          "Microsoft-IIS/10.0"
        ],
        "X-Powered-By": [
          "ASP.NET"
        ],
        "x-ms-ratelimit-remaining-subscription-reads": [
          "11992"
        ],
        "x-ms-request-id": [
          "4770627e-f74a-4982-bb75-3b4858ad0603"
        ],
        "x-ms-correlation-request-id": [
          "4770627e-f74a-4982-bb75-3b4858ad0603"
        ],
        "x-ms-routing-request-id": [
          "UKSOUTH2:20190901T153251Z:4770627e-f74a-4982-bb75-3b4858ad0603"
        ],
        "Date": [
          "Sun, 01 Sep 2019 15:32:51 GMT"
        ],
        "Content-Length": [
          "1943"
        ],
        "Content-Type": [
          "application/json; charset=utf-8"
        ],
        "Expires": [
          "-1"
        ]
      },
      "ResponseBody": "{\r\n  \"id\": \"/subscriptions/80430018-24ee-4b28-a7bd-fb23b5a221d6/resourceGroups/ps8478/providers/microsoft.insights/scheduledqueryrules/ps2\",\r\n  \"name\": \"ps2\",\r\n  \"type\": \"microsoft.insights/scheduledqueryrules\",\r\n  \"location\": \"westus\",\r\n  \"tags\": {},\r\n  \"kind\": null,\r\n  \"etag\": \"\\\"6f000d99-0000-0700-0000-5d6be4a20000\\\"\",\r\n  \"properties\": {\r\n    \"description\": \"SQR log alert rule\",\r\n    \"displayName\": \"ps2\",\r\n    \"enabled\": \"false\",\r\n    \"lastUpdatedTime\": \"2019-09-01T15:32:49.7250453Z\",\r\n    \"provisioningState\": \"Succeeded\",\r\n    \"source\": {\r\n      \"query\": \"traces | summarize AggregatedValue = count() by bin(timestamp, 5m)\",\r\n      \"authorizedResources\": [\r\n        \"/subscriptions/80430018-24ee-4b28-a7bd-fb23b5a221d6/resourceGroups/ps8478/providers/microsoft.insights/components/ps4074\"\r\n      ],\r\n      \"dataSourceId\": \"/subscriptions/80430018-24ee-4b28-a7bd-fb23b5a221d6/resourceGroups/ps8478/providers/microsoft.insights/components/ps4074\",\r\n      \"queryType\": \"ResultCount\"\r\n    },\r\n    \"schedule\": {\r\n      \"frequencyInMinutes\": 5,\r\n      \"timeWindowInMinutes\": 5\r\n    },\r\n    \"action\": {\r\n      \"severity\": \"2\",\r\n      \"aznsAction\": {\r\n        \"actionGroup\": [\r\n          \"/subscriptions/80430018-24ee-4b28-a7bd-fb23b5a221d6/resourceGroups/ps8478/providers/microsoft.insights/actionGroups/ps598\"\r\n        ],\r\n        \"emailSubject\": \"SQR Log alert trigger notification\",\r\n        \"customWebhookPayload\": \"{}\"\r\n      },\r\n      \"throttlingInMin\": 5,\r\n      \"trigger\": {\r\n        \"thresholdOperator\": \"GreaterThan\",\r\n        \"threshold\": 5,\r\n        \"metricTrigger\": {\r\n          \"thresholdOperator\": \"GreaterThan\",\r\n          \"threshold\": 10,\r\n          \"metricTriggerType\": \"Total\",\r\n          \"metricColumn\": \"timestamp\"\r\n        }\r\n      },\r\n      \"odata.type\": \"Microsoft.WindowsAzure.Management.Monitoring.Alerts.Models.Microsoft.AppInsights.Nexus.DataContracts.Resources.ScheduledQueryRules.AlertingAction\"\r\n    }\r\n  }\r\n}",
      "StatusCode": 200
    },
    {
      "RequestUri": "/subscriptions/80430018-24ee-4b28-a7bd-fb23b5a221d6/providers/microsoft.insights/scheduledQueryRules?api-version=2018-04-16",
      "EncodedRequestUri": "L3N1YnNjcmlwdGlvbnMvODA0MzAwMTgtMjRlZS00YjI4LWE3YmQtZmIyM2I1YTIyMWQ2L3Byb3ZpZGVycy9taWNyb3NvZnQuaW5zaWdodHMvc2NoZWR1bGVkUXVlcnlSdWxlcz9hcGktdmVyc2lvbj0yMDE4LTA0LTE2",
      "RequestMethod": "GET",
      "RequestBody": "",
      "RequestHeaders": {
        "x-ms-client-request-id": [
          "50c5016d-091b-4e61-892f-f308289779dc"
        ],
        "Accept-Language": [
          "en-US"
        ],
        "User-Agent": [
          "FxVersion/4.6.27817.01",
          "OSName/Windows",
          "OSVersion/Microsoft.Windows.10.0.18362.",
          "Microsoft.Azure.Management.Monitor.MonitorManagementClient/0.24.0.0"
        ]
      },
      "ResponseHeaders": {
        "Cache-Control": [
          "no-cache"
        ],
        "Pragma": [
          "no-cache"
        ],
        "Request-Context": [
          "appId=cid-v1:c13a1a07-630f-4f42-b89b-f5aedd031684"
        ],
        "Strict-Transport-Security": [
          "max-age=31536000; includeSubDomains"
        ],
        "X-Content-Type-Options": [
          "nosniff"
        ],
        "Server": [
          "Microsoft-IIS/10.0"
        ],
        "X-Powered-By": [
          "ASP.NET"
        ],
        "x-ms-ratelimit-remaining-subscription-reads": [
          "11998"
        ],
        "x-ms-request-id": [
          "bbe7f83e-b1a9-46c6-bb56-afaf9bf2cc5b"
        ],
        "x-ms-correlation-request-id": [
          "bbe7f83e-b1a9-46c6-bb56-afaf9bf2cc5b"
        ],
        "x-ms-routing-request-id": [
          "UKSOUTH2:20190901T153233Z:bbe7f83e-b1a9-46c6-bb56-afaf9bf2cc5b"
        ],
        "Date": [
          "Sun, 01 Sep 2019 15:32:33 GMT"
        ],
        "Content-Length": [
          "74552"
        ],
        "Content-Type": [
          "application/json; charset=utf-8"
        ],
        "Expires": [
          "-1"
        ]
      },
      "ResponseBody": "{\r\n  \"value\": [\r\n    {\r\n      \"id\": \"/subscriptions/80430018-24ee-4b28-a7bd-fb23b5a221d6/resourceGroups/ps6827/providers/microsoft.insights/scheduledqueryrules/ps9245\",\r\n      \"name\": \"ps9245\",\r\n      \"type\": \"microsoft.insights/scheduledqueryrules\",\r\n      \"location\": \"westus\",\r\n      \"tags\": {},\r\n      \"kind\": null,\r\n      \"etag\": \"\\\"c9011bd7-0000-0700-0000-5d658ec40000\\\"\",\r\n      \"properties\": {\r\n        \"description\": \"SQR log alert rule\",\r\n        \"displayName\": \"ps9245\",\r\n        \"enabled\": \"false\",\r\n        \"lastUpdatedTime\": \"2019-08-20T20:06:09.8141405Z\",\r\n        \"provisioningState\": \"Succeeded\",\r\n        \"source\": {\r\n          \"query\": \"traces | summarize AggregatedValue = count() by bin(timestamp, 5m)\",\r\n          \"authorizedResources\": [\r\n            \"/subscriptions/80430018-24ee-4b28-a7bd-fb23b5a221d6/resourceGroups/ps6827/providers/microsoft.insights/components/ps8853\"\r\n          ],\r\n          \"dataSourceId\": \"/subscriptions/80430018-24ee-4b28-a7bd-fb23b5a221d6/resourceGroups/ps6827/providers/microsoft.insights/components/ps8853\",\r\n          \"queryType\": \"ResultCount\"\r\n        },\r\n        \"schedule\": {\r\n          \"frequencyInMinutes\": 5,\r\n          \"timeWindowInMinutes\": 5\r\n        },\r\n        \"action\": {\r\n          \"severity\": \"2\",\r\n          \"aznsAction\": {\r\n            \"actionGroup\": [\r\n              \"/subscriptions/80430018-24ee-4b28-a7bd-fb23b5a221d6/resourceGroups/ps6827/providers/microsoft.insights/actionGroups/ps5133\"\r\n            ],\r\n            \"emailSubject\": \"SQR Log alert trigger notification\",\r\n            \"customWebhookPayload\": \"{}\"\r\n          },\r\n          \"throttlingInMin\": 5,\r\n          \"trigger\": {\r\n            \"thresholdOperator\": \"GreaterThan\",\r\n            \"threshold\": 5,\r\n            \"metricTrigger\": {\r\n              \"thresholdOperator\": \"GreaterThan\",\r\n              \"threshold\": 10,\r\n              \"metricTriggerType\": \"Total\",\r\n              \"metricColumn\": \"timestamp\"\r\n            }\r\n          },\r\n          \"odata.type\": \"Microsoft.WindowsAzure.Management.Monitoring.Alerts.Models.Microsoft.AppInsights.Nexus.DataContracts.Resources.ScheduledQueryRules.AlertingAction\"\r\n        }\r\n      }\r\n    },\r\n    {\r\n      \"id\": \"/subscriptions/80430018-24ee-4b28-a7bd-fb23b5a221d6/resourceGroups/ps7444/providers/microsoft.insights/scheduledqueryrules/ps8078\",\r\n      \"name\": \"ps8078\",\r\n      \"type\": \"microsoft.insights/scheduledqueryrules\",\r\n      \"location\": \"westus\",\r\n      \"tags\": {},\r\n      \"kind\": null,\r\n      \"etag\": \"\\\"0a00abbe-0000-0700-0000-5d663e980000\\\"\",\r\n      \"properties\": {\r\n        \"description\": \"SQR log alert rule\",\r\n        \"displayName\": \"ps8078\",\r\n        \"enabled\": \"false\",\r\n        \"lastUpdatedTime\": \"2019-08-21T08:41:23.9257726Z\",\r\n        \"provisioningState\": \"Succeeded\",\r\n        \"source\": {\r\n          \"query\": \"traces | summarize AggregatedValue = count() by bin(timestamp, 5m)\",\r\n          \"authorizedResources\": [\r\n            \"/subscriptions/80430018-24ee-4b28-a7bd-fb23b5a221d6/resourceGroups/ps7444/providers/microsoft.insights/components/ps3115\"\r\n          ],\r\n          \"dataSourceId\": \"/subscriptions/80430018-24ee-4b28-a7bd-fb23b5a221d6/resourceGroups/ps7444/providers/microsoft.insights/components/ps3115\",\r\n          \"queryType\": \"ResultCount\"\r\n        },\r\n        \"schedule\": {\r\n          \"frequencyInMinutes\": 5,\r\n          \"timeWindowInMinutes\": 5\r\n        },\r\n        \"action\": {\r\n          \"severity\": \"2\",\r\n          \"aznsAction\": {\r\n            \"actionGroup\": [\r\n              \"/subscriptions/80430018-24ee-4b28-a7bd-fb23b5a221d6/resourceGroups/ps7444/providers/microsoft.insights/actionGroups/ps2898\"\r\n            ],\r\n            \"emailSubject\": \"SQR Log alert trigger notification\",\r\n            \"customWebhookPayload\": \"{}\"\r\n          },\r\n          \"throttlingInMin\": 5,\r\n          \"trigger\": {\r\n            \"thresholdOperator\": \"GreaterThan\",\r\n            \"threshold\": 5,\r\n            \"metricTrigger\": {\r\n              \"thresholdOperator\": \"GreaterThan\",\r\n              \"threshold\": 10,\r\n              \"metricTriggerType\": \"Total\",\r\n              \"metricColumn\": \"timestamp\"\r\n            }\r\n          },\r\n          \"odata.type\": \"Microsoft.WindowsAzure.Management.Monitoring.Alerts.Models.Microsoft.AppInsights.Nexus.DataContracts.Resources.ScheduledQueryRules.AlertingAction\"\r\n        }\r\n      }\r\n    },\r\n    {\r\n      \"id\": \"/subscriptions/80430018-24ee-4b28-a7bd-fb23b5a221d6/resourceGroups/ps72/providers/microsoft.insights/scheduledqueryrules/ps2501\",\r\n      \"name\": \"ps2501\",\r\n      \"type\": \"microsoft.insights/scheduledqueryrules\",\r\n      \"location\": \"westus\",\r\n      \"tags\": {},\r\n      \"kind\": null,\r\n      \"etag\": \"\\\"0a00c0f8-0000-0700-0000-5d66418c0000\\\"\",\r\n      \"properties\": {\r\n        \"description\": \"SQR log alert rule\",\r\n        \"displayName\": \"ps2501\",\r\n        \"enabled\": \"false\",\r\n        \"lastUpdatedTime\": \"2019-08-21T08:49:16.4567382Z\",\r\n        \"provisioningState\": \"Succeeded\",\r\n        \"source\": {\r\n          \"query\": \"traces | summarize AggregatedValue = count() by bin(timestamp, 5m)\",\r\n          \"authorizedResources\": [\r\n            \"/subscriptions/80430018-24ee-4b28-a7bd-fb23b5a221d6/resourceGroups/ps72/providers/microsoft.insights/components/ps8944\"\r\n          ],\r\n          \"dataSourceId\": \"/subscriptions/80430018-24ee-4b28-a7bd-fb23b5a221d6/resourceGroups/ps72/providers/microsoft.insights/components/ps8944\",\r\n          \"queryType\": \"ResultCount\"\r\n        },\r\n        \"schedule\": {\r\n          \"frequencyInMinutes\": 5,\r\n          \"timeWindowInMinutes\": 5\r\n        },\r\n        \"action\": {\r\n          \"severity\": \"2\",\r\n          \"aznsAction\": {\r\n            \"actionGroup\": [\r\n              \"/subscriptions/80430018-24ee-4b28-a7bd-fb23b5a221d6/resourceGroups/ps72/providers/microsoft.insights/actionGroups/ps6963\"\r\n            ],\r\n            \"emailSubject\": \"SQR Log alert trigger notification\",\r\n            \"customWebhookPayload\": \"{}\"\r\n          },\r\n          \"throttlingInMin\": 5,\r\n          \"trigger\": {\r\n            \"thresholdOperator\": \"GreaterThan\",\r\n            \"threshold\": 5,\r\n            \"metricTrigger\": {\r\n              \"thresholdOperator\": \"GreaterThan\",\r\n              \"threshold\": 10,\r\n              \"metricTriggerType\": \"Total\",\r\n              \"metricColumn\": \"timestamp\"\r\n            }\r\n          },\r\n          \"odata.type\": \"Microsoft.WindowsAzure.Management.Monitoring.Alerts.Models.Microsoft.AppInsights.Nexus.DataContracts.Resources.ScheduledQueryRules.AlertingAction\"\r\n        }\r\n      }\r\n    },\r\n    {\r\n      \"id\": \"/subscriptions/80430018-24ee-4b28-a7bd-fb23b5a221d6/resourceGroups/ps9214/providers/microsoft.insights/scheduledqueryrules/ps81\",\r\n      \"name\": \"ps81\",\r\n      \"type\": \"microsoft.insights/scheduledqueryrules\",\r\n      \"location\": \"westus\",\r\n      \"tags\": {},\r\n      \"kind\": null,\r\n      \"etag\": \"\\\"3c0064d9-0000-0700-0000-5d67efb20000\\\"\",\r\n      \"properties\": {\r\n        \"description\": \"SQR log alert rule\",\r\n        \"displayName\": \"ps81\",\r\n        \"enabled\": \"false\",\r\n        \"lastUpdatedTime\": \"2019-08-22T15:24:32.6832014Z\",\r\n        \"provisioningState\": \"Succeeded\",\r\n        \"source\": {\r\n          \"query\": \"traces | summarize AggregatedValue = count() by bin(timestamp, 5m)\",\r\n          \"authorizedResources\": [\r\n            \"/subscriptions/80430018-24ee-4b28-a7bd-fb23b5a221d6/resourceGroups/ps9214/providers/microsoft.insights/components/ps3826\"\r\n          ],\r\n          \"dataSourceId\": \"/subscriptions/80430018-24ee-4b28-a7bd-fb23b5a221d6/resourceGroups/ps9214/providers/microsoft.insights/components/ps3826\",\r\n          \"queryType\": \"ResultCount\"\r\n        },\r\n        \"schedule\": {\r\n          \"frequencyInMinutes\": 5,\r\n          \"timeWindowInMinutes\": 5\r\n        },\r\n        \"action\": {\r\n          \"severity\": \"2\",\r\n          \"aznsAction\": {\r\n            \"actionGroup\": [\r\n              \"/subscriptions/80430018-24ee-4b28-a7bd-fb23b5a221d6/resourceGroups/ps9214/providers/microsoft.insights/actionGroups/ps8177\"\r\n            ],\r\n            \"emailSubject\": \"SQR Log alert trigger notification\",\r\n            \"customWebhookPayload\": \"{}\"\r\n          },\r\n          \"throttlingInMin\": 5,\r\n          \"trigger\": {\r\n            \"thresholdOperator\": \"GreaterThan\",\r\n            \"threshold\": 5,\r\n            \"metricTrigger\": {\r\n              \"thresholdOperator\": \"GreaterThan\",\r\n              \"threshold\": 10,\r\n              \"metricTriggerType\": \"Total\",\r\n              \"metricColumn\": \"timestamp\"\r\n            }\r\n          },\r\n          \"odata.type\": \"Microsoft.WindowsAzure.Management.Monitoring.Alerts.Models.Microsoft.AppInsights.Nexus.DataContracts.Resources.ScheduledQueryRules.AlertingAction\"\r\n        }\r\n      }\r\n    },\r\n    {\r\n      \"id\": \"/subscriptions/80430018-24ee-4b28-a7bd-fb23b5a221d6/resourceGroups/ps542/providers/microsoft.insights/scheduledqueryrules/ps142\",\r\n      \"name\": \"ps142\",\r\n      \"type\": \"microsoft.insights/scheduledqueryrules\",\r\n      \"location\": \"westus\",\r\n      \"tags\": {},\r\n      \"kind\": null,\r\n      \"etag\": \"\\\"3e002f28-0000-0700-0000-5d67f54b0000\\\"\",\r\n      \"properties\": {\r\n        \"description\": \"SQR log alert rule\",\r\n        \"displayName\": \"ps142\",\r\n        \"enabled\": \"false\",\r\n        \"lastUpdatedTime\": \"2019-08-22T15:53:06.1889449Z\",\r\n        \"provisioningState\": \"Succeeded\",\r\n        \"source\": {\r\n          \"query\": \"traces | summarize AggregatedValue = count() by bin(timestamp, 5m)\",\r\n          \"authorizedResources\": [\r\n            \"/subscriptions/80430018-24ee-4b28-a7bd-fb23b5a221d6/resourceGroups/ps542/providers/microsoft.insights/components/ps2046\"\r\n          ],\r\n          \"dataSourceId\": \"/subscriptions/80430018-24ee-4b28-a7bd-fb23b5a221d6/resourceGroups/ps542/providers/microsoft.insights/components/ps2046\",\r\n          \"queryType\": \"ResultCount\"\r\n        },\r\n        \"schedule\": {\r\n          \"frequencyInMinutes\": 5,\r\n          \"timeWindowInMinutes\": 5\r\n        },\r\n        \"action\": {\r\n          \"severity\": \"2\",\r\n          \"aznsAction\": {\r\n            \"actionGroup\": [\r\n              \"/subscriptions/80430018-24ee-4b28-a7bd-fb23b5a221d6/resourceGroups/ps542/providers/microsoft.insights/actionGroups/ps2258\"\r\n            ],\r\n            \"emailSubject\": \"SQR Log alert trigger notification\",\r\n            \"customWebhookPayload\": \"{}\"\r\n          },\r\n          \"throttlingInMin\": 5,\r\n          \"trigger\": {\r\n            \"thresholdOperator\": \"GreaterThan\",\r\n            \"threshold\": 5,\r\n            \"metricTrigger\": {\r\n              \"thresholdOperator\": \"GreaterThan\",\r\n              \"threshold\": 10,\r\n              \"metricTriggerType\": \"Total\",\r\n              \"metricColumn\": \"timestamp\"\r\n            }\r\n          },\r\n          \"odata.type\": \"Microsoft.WindowsAzure.Management.Monitoring.Alerts.Models.Microsoft.AppInsights.Nexus.DataContracts.Resources.ScheduledQueryRules.AlertingAction\"\r\n        }\r\n      }\r\n    },\r\n    {\r\n      \"id\": \"/subscriptions/80430018-24ee-4b28-a7bd-fb23b5a221d6/resourceGroups/ps7885/providers/microsoft.insights/scheduledqueryrules/ps7613\",\r\n      \"name\": \"ps7613\",\r\n      \"type\": \"microsoft.insights/scheduledqueryrules\",\r\n      \"location\": \"westus\",\r\n      \"tags\": {},\r\n      \"kind\": null,\r\n      \"etag\": \"\\\"57002ac7-0000-0700-0000-5d6925220000\\\"\",\r\n      \"properties\": {\r\n        \"description\": \"SQR log alert rule\",\r\n        \"displayName\": \"ps7613\",\r\n        \"enabled\": \"false\",\r\n        \"lastUpdatedTime\": \"2019-08-23T13:24:32.4204721Z\",\r\n        \"provisioningState\": \"Succeeded\",\r\n        \"source\": {\r\n          \"query\": \"traces | summarize AggregatedValue = count() by bin(timestamp, 5m)\",\r\n          \"authorizedResources\": [\r\n            \"/subscriptions/80430018-24ee-4b28-a7bd-fb23b5a221d6/resourceGroups/ps7885/providers/microsoft.insights/components/ps4762\"\r\n          ],\r\n          \"dataSourceId\": \"/subscriptions/80430018-24ee-4b28-a7bd-fb23b5a221d6/resourceGroups/ps7885/providers/microsoft.insights/components/ps4762\",\r\n          \"queryType\": \"ResultCount\"\r\n        },\r\n        \"schedule\": {\r\n          \"frequencyInMinutes\": 5,\r\n          \"timeWindowInMinutes\": 5\r\n        },\r\n        \"action\": {\r\n          \"severity\": \"2\",\r\n          \"aznsAction\": {\r\n            \"actionGroup\": [\r\n              \"/subscriptions/80430018-24ee-4b28-a7bd-fb23b5a221d6/resourceGroups/ps7885/providers/microsoft.insights/actionGroups/ps9639\"\r\n            ],\r\n            \"emailSubject\": \"SQR Log alert trigger notification\",\r\n            \"customWebhookPayload\": \"{}\"\r\n          },\r\n          \"throttlingInMin\": 5,\r\n          \"trigger\": {\r\n            \"thresholdOperator\": \"GreaterThan\",\r\n            \"threshold\": 5,\r\n            \"metricTrigger\": {\r\n              \"thresholdOperator\": \"GreaterThan\",\r\n              \"threshold\": 10,\r\n              \"metricTriggerType\": \"Total\",\r\n              \"metricColumn\": \"timestamp\"\r\n            }\r\n          },\r\n          \"odata.type\": \"Microsoft.WindowsAzure.Management.Monitoring.Alerts.Models.Microsoft.AppInsights.Nexus.DataContracts.Resources.ScheduledQueryRules.AlertingAction\"\r\n        }\r\n      }\r\n    },\r\n    {\r\n      \"id\": \"/subscriptions/80430018-24ee-4b28-a7bd-fb23b5a221d6/resourceGroups/ps242/providers/microsoft.insights/scheduledqueryrules/ps5775\",\r\n      \"name\": \"ps5775\",\r\n      \"type\": \"microsoft.insights/scheduledqueryrules\",\r\n      \"location\": \"westus\",\r\n      \"tags\": {},\r\n      \"kind\": null,\r\n      \"etag\": \"\\\"5700dada-0000-0700-0000-5d6926e60000\\\"\",\r\n      \"properties\": {\r\n        \"description\": \"SQR log alert rule\",\r\n        \"displayName\": \"ps5775\",\r\n        \"enabled\": \"false\",\r\n        \"lastUpdatedTime\": \"2019-08-23T13:32:21.582016Z\",\r\n        \"provisioningState\": \"Succeeded\",\r\n        \"source\": {\r\n          \"query\": \"traces | summarize AggregatedValue = count() by bin(timestamp, 5m)\",\r\n          \"authorizedResources\": [\r\n            \"/subscriptions/80430018-24ee-4b28-a7bd-fb23b5a221d6/resourceGroups/ps242/providers/microsoft.insights/components/ps5102\"\r\n          ],\r\n          \"dataSourceId\": \"/subscriptions/80430018-24ee-4b28-a7bd-fb23b5a221d6/resourceGroups/ps242/providers/microsoft.insights/components/ps5102\",\r\n          \"queryType\": \"ResultCount\"\r\n        },\r\n        \"schedule\": {\r\n          \"frequencyInMinutes\": 5,\r\n          \"timeWindowInMinutes\": 5\r\n        },\r\n        \"action\": {\r\n          \"severity\": \"2\",\r\n          \"aznsAction\": {\r\n            \"actionGroup\": [\r\n              \"/subscriptions/80430018-24ee-4b28-a7bd-fb23b5a221d6/resourceGroups/ps242/providers/microsoft.insights/actionGroups/ps5911\"\r\n            ],\r\n            \"emailSubject\": \"SQR Log alert trigger notification\",\r\n            \"customWebhookPayload\": \"{}\"\r\n          },\r\n          \"throttlingInMin\": 5,\r\n          \"trigger\": {\r\n            \"thresholdOperator\": \"GreaterThan\",\r\n            \"threshold\": 5,\r\n            \"metricTrigger\": {\r\n              \"thresholdOperator\": \"GreaterThan\",\r\n              \"threshold\": 10,\r\n              \"metricTriggerType\": \"Total\",\r\n              \"metricColumn\": \"timestamp\"\r\n            }\r\n          },\r\n          \"odata.type\": \"Microsoft.WindowsAzure.Management.Monitoring.Alerts.Models.Microsoft.AppInsights.Nexus.DataContracts.Resources.ScheduledQueryRules.AlertingAction\"\r\n        }\r\n      }\r\n    },\r\n    {\r\n      \"id\": \"/subscriptions/80430018-24ee-4b28-a7bd-fb23b5a221d6/resourceGroups/ps8877/providers/microsoft.insights/scheduledqueryrules/ps7690\",\r\n      \"name\": \"ps7690\",\r\n      \"type\": \"microsoft.insights/scheduledqueryrules\",\r\n      \"location\": \"westus\",\r\n      \"tags\": {},\r\n      \"kind\": null,\r\n      \"etag\": \"\\\"3d016f7c-0000-0700-0000-5d5fec7c0000\\\"\",\r\n      \"properties\": {\r\n        \"description\": \"SQR log alert rule\",\r\n        \"displayName\": \"ps7690\",\r\n        \"enabled\": \"true\",\r\n        \"lastUpdatedTime\": \"2019-08-23T13:39:07.1454182Z\",\r\n        \"provisioningState\": \"Succeeded\",\r\n        \"source\": {\r\n          \"query\": \"traces | summarize AggregatedValue = count() by bin(timestamp, 5m)\",\r\n          \"authorizedResources\": [\r\n            \"/subscriptions/80430018-24ee-4b28-a7bd-fb23b5a221d6/resourceGroups/CustomMetricDemo/providers/microsoft.insights/components/customMetricsTest\"\r\n          ],\r\n          \"dataSourceId\": \"/subscriptions/80430018-24ee-4b28-a7bd-fb23b5a221d6/resourceGroups/CustomMetricDemo/providers/microsoft.insights/components/customMetricsTest\",\r\n          \"queryType\": \"ResultCount\"\r\n        },\r\n        \"schedule\": {\r\n          \"frequencyInMinutes\": 5,\r\n          \"timeWindowInMinutes\": 5\r\n        },\r\n        \"action\": {\r\n          \"severity\": \"2\",\r\n          \"aznsAction\": {\r\n            \"actionGroup\": [\r\n              \"/subscriptions/80430018-24ee-4b28-a7bd-fb23b5a221d6/resourceGroups/ps8877/providers/microsoft.insights/actionGroups/ps9341\"\r\n            ],\r\n            \"emailSubject\": \"SQR Log alert trigger notification\",\r\n            \"customWebhookPayload\": \"{}\"\r\n          },\r\n          \"throttlingInMin\": 5,\r\n          \"trigger\": {\r\n            \"thresholdOperator\": \"GreaterThan\",\r\n            \"threshold\": 5,\r\n            \"metricTrigger\": {\r\n              \"thresholdOperator\": \"GreaterThan\",\r\n              \"threshold\": 10,\r\n              \"metricTriggerType\": \"Total\",\r\n              \"metricColumn\": \"timestamp\"\r\n            }\r\n          },\r\n          \"odata.type\": \"Microsoft.WindowsAzure.Management.Monitoring.Alerts.Models.Microsoft.AppInsights.Nexus.DataContracts.Resources.ScheduledQueryRules.AlertingAction\"\r\n        }\r\n      }\r\n    },\r\n    {\r\n      \"id\": \"/subscriptions/80430018-24ee-4b28-a7bd-fb23b5a221d6/resourceGroups/ps2733/providers/microsoft.insights/scheduledqueryrules/ps1821\",\r\n      \"name\": \"ps1821\",\r\n      \"type\": \"microsoft.insights/scheduledqueryrules\",\r\n      \"location\": \"westus\",\r\n      \"tags\": {},\r\n      \"kind\": null,\r\n      \"etag\": \"\\\"390074ad-0000-0700-0000-5d67e1270000\\\"\",\r\n      \"properties\": {\r\n        \"description\": \"SQR log alert rule\",\r\n        \"displayName\": \"ps1821\",\r\n        \"enabled\": \"true\",\r\n        \"lastUpdatedTime\": \"2019-08-29T14:28:54.1690214Z\",\r\n        \"provisioningState\": \"Succeeded\",\r\n        \"source\": {\r\n          \"query\": \"traces | summarize AggregatedValue = count() by bin(timestamp, 5m)\",\r\n          \"authorizedResources\": [\r\n            \"/subscriptions/80430018-24ee-4b28-a7bd-fb23b5a221d6/resourceGroups/ps2733/providers/microsoft.insights/components/ps634\"\r\n          ],\r\n          \"dataSourceId\": \"/subscriptions/80430018-24ee-4b28-a7bd-fb23b5a221d6/resourceGroups/ps2733/providers/microsoft.insights/components/ps634\",\r\n          \"queryType\": \"ResultCount\"\r\n        },\r\n        \"schedule\": {\r\n          \"frequencyInMinutes\": 5,\r\n          \"timeWindowInMinutes\": 5\r\n        },\r\n        \"action\": {\r\n          \"severity\": \"2\",\r\n          \"aznsAction\": {\r\n            \"actionGroup\": [\r\n              \"/subscriptions/80430018-24ee-4b28-a7bd-fb23b5a221d6/resourceGroups/ps2733/providers/microsoft.insights/actionGroups/ps5533\"\r\n            ],\r\n            \"emailSubject\": \"SQR Log alert trigger notification\",\r\n            \"customWebhookPayload\": \"{}\"\r\n          },\r\n          \"throttlingInMin\": 5,\r\n          \"trigger\": {\r\n            \"thresholdOperator\": \"GreaterThan\",\r\n            \"threshold\": 5,\r\n            \"metricTrigger\": {\r\n              \"thresholdOperator\": \"GreaterThan\",\r\n              \"threshold\": 10,\r\n              \"metricTriggerType\": \"Total\",\r\n              \"metricColumn\": \"timestamp\"\r\n            }\r\n          },\r\n          \"odata.type\": \"Microsoft.WindowsAzure.Management.Monitoring.Alerts.Models.Microsoft.AppInsights.Nexus.DataContracts.Resources.ScheduledQueryRules.AlertingAction\"\r\n        }\r\n      }\r\n    },\r\n    {\r\n      \"id\": \"/subscriptions/80430018-24ee-4b28-a7bd-fb23b5a221d6/resourceGroups/ps9396/providers/microsoft.insights/scheduledqueryrules/ps4268\",\r\n      \"name\": \"ps4268\",\r\n      \"type\": \"microsoft.insights/scheduledqueryrules\",\r\n      \"location\": \"westus\",\r\n      \"tags\": {},\r\n      \"kind\": null,\r\n      \"etag\": \"\\\"3a00057f-0000-0700-0000-5d67e5490000\\\"\",\r\n      \"properties\": {\r\n        \"description\": \"SQR log alert rule\",\r\n        \"displayName\": \"ps4268\",\r\n        \"enabled\": \"true\",\r\n        \"lastUpdatedTime\": \"2019-08-29T14:46:31.8147862Z\",\r\n        \"provisioningState\": \"Succeeded\",\r\n        \"source\": {\r\n          \"query\": \"traces | summarize AggregatedValue = count() by bin(timestamp, 5m)\",\r\n          \"authorizedResources\": [\r\n            \"/subscriptions/80430018-24ee-4b28-a7bd-fb23b5a221d6/resourceGroups/ps9396/providers/microsoft.insights/components/ps6136\"\r\n          ],\r\n          \"dataSourceId\": \"/subscriptions/80430018-24ee-4b28-a7bd-fb23b5a221d6/resourceGroups/ps9396/providers/microsoft.insights/components/ps6136\",\r\n          \"queryType\": \"ResultCount\"\r\n        },\r\n        \"schedule\": {\r\n          \"frequencyInMinutes\": 5,\r\n          \"timeWindowInMinutes\": 5\r\n        },\r\n        \"action\": {\r\n          \"severity\": \"2\",\r\n          \"aznsAction\": {\r\n            \"actionGroup\": [\r\n              \"/subscriptions/80430018-24ee-4b28-a7bd-fb23b5a221d6/resourceGroups/ps9396/providers/microsoft.insights/actionGroups/ps9622\"\r\n            ],\r\n            \"emailSubject\": \"SQR Log alert trigger notification\",\r\n            \"customWebhookPayload\": \"{}\"\r\n          },\r\n          \"throttlingInMin\": 5,\r\n          \"trigger\": {\r\n            \"thresholdOperator\": \"GreaterThan\",\r\n            \"threshold\": 5,\r\n            \"metricTrigger\": {\r\n              \"thresholdOperator\": \"GreaterThan\",\r\n              \"threshold\": 10,\r\n              \"metricTriggerType\": \"Total\",\r\n              \"metricColumn\": \"timestamp\"\r\n            }\r\n          },\r\n          \"odata.type\": \"Microsoft.WindowsAzure.Management.Monitoring.Alerts.Models.Microsoft.AppInsights.Nexus.DataContracts.Resources.ScheduledQueryRules.AlertingAction\"\r\n        }\r\n      }\r\n    },\r\n    {\r\n      \"id\": \"/subscriptions/80430018-24ee-4b28-a7bd-fb23b5a221d6/resourceGroups/ps1853/providers/microsoft.insights/scheduledqueryrules/ps1191\",\r\n      \"name\": \"ps1191\",\r\n      \"type\": \"microsoft.insights/scheduledqueryrules\",\r\n      \"location\": \"westus\",\r\n      \"tags\": {},\r\n      \"kind\": null,\r\n      \"etag\": \"\\\"3b00bb1d-0000-0700-0000-5d67e83a0000\\\"\",\r\n      \"properties\": {\r\n        \"description\": \"SQR log alert rule\",\r\n        \"displayName\": \"ps1191\",\r\n        \"enabled\": \"true\",\r\n        \"lastUpdatedTime\": \"2019-08-29T14:59:03.2995606Z\",\r\n        \"provisioningState\": \"Succeeded\",\r\n        \"source\": {\r\n          \"query\": \"traces | summarize AggregatedValue = count() by bin(timestamp, 5m)\",\r\n          \"authorizedResources\": [\r\n            \"/subscriptions/80430018-24ee-4b28-a7bd-fb23b5a221d6/resourceGroups/ps1853/providers/microsoft.insights/components/ps2974\"\r\n          ],\r\n          \"dataSourceId\": \"/subscriptions/80430018-24ee-4b28-a7bd-fb23b5a221d6/resourceGroups/ps1853/providers/microsoft.insights/components/ps2974\",\r\n          \"queryType\": \"ResultCount\"\r\n        },\r\n        \"schedule\": {\r\n          \"frequencyInMinutes\": 5,\r\n          \"timeWindowInMinutes\": 5\r\n        },\r\n        \"action\": {\r\n          \"severity\": \"2\",\r\n          \"aznsAction\": {\r\n            \"actionGroup\": [\r\n              \"/subscriptions/80430018-24ee-4b28-a7bd-fb23b5a221d6/resourceGroups/ps1853/providers/microsoft.insights/actionGroups/ps5687\"\r\n            ],\r\n            \"emailSubject\": \"SQR Log alert trigger notification\",\r\n            \"customWebhookPayload\": \"{}\"\r\n          },\r\n          \"throttlingInMin\": 5,\r\n          \"trigger\": {\r\n            \"thresholdOperator\": \"GreaterThan\",\r\n            \"threshold\": 5,\r\n            \"metricTrigger\": {\r\n              \"thresholdOperator\": \"GreaterThan\",\r\n              \"threshold\": 10,\r\n              \"metricTriggerType\": \"Total\",\r\n              \"metricColumn\": \"timestamp\"\r\n            }\r\n          },\r\n          \"odata.type\": \"Microsoft.WindowsAzure.Management.Monitoring.Alerts.Models.Microsoft.AppInsights.Nexus.DataContracts.Resources.ScheduledQueryRules.AlertingAction\"\r\n        }\r\n      }\r\n    },\r\n    {\r\n      \"id\": \"/subscriptions/80430018-24ee-4b28-a7bd-fb23b5a221d6/resourceGroups/ps2113/providers/microsoft.insights/scheduledqueryrules/ps1969\",\r\n      \"name\": \"ps1969\",\r\n      \"type\": \"microsoft.insights/scheduledqueryrules\",\r\n      \"location\": \"westus\",\r\n      \"tags\": {},\r\n      \"kind\": null,\r\n      \"etag\": \"\\\"3c00fc0d-0000-0700-0000-5d67ec310000\\\"\",\r\n      \"properties\": {\r\n        \"description\": \"SQR log alert rule\",\r\n        \"displayName\": \"ps1969\",\r\n        \"enabled\": \"true\",\r\n        \"lastUpdatedTime\": \"2019-08-29T15:16:00.5229045Z\",\r\n        \"provisioningState\": \"Succeeded\",\r\n        \"source\": {\r\n          \"query\": \"traces | summarize AggregatedValue = count() by bin(timestamp, 5m)\",\r\n          \"authorizedResources\": [\r\n            \"/subscriptions/80430018-24ee-4b28-a7bd-fb23b5a221d6/resourceGroups/ps2113/providers/microsoft.insights/components/ps7585\"\r\n          ],\r\n          \"dataSourceId\": \"/subscriptions/80430018-24ee-4b28-a7bd-fb23b5a221d6/resourceGroups/ps2113/providers/microsoft.insights/components/ps7585\",\r\n          \"queryType\": \"ResultCount\"\r\n        },\r\n        \"schedule\": {\r\n          \"frequencyInMinutes\": 5,\r\n          \"timeWindowInMinutes\": 5\r\n        },\r\n        \"action\": {\r\n          \"severity\": \"2\",\r\n          \"aznsAction\": {\r\n            \"actionGroup\": [\r\n              \"/subscriptions/80430018-24ee-4b28-a7bd-fb23b5a221d6/resourceGroups/ps2113/providers/microsoft.insights/actionGroups/ps9610\"\r\n            ],\r\n            \"emailSubject\": \"SQR Log alert trigger notification\",\r\n            \"customWebhookPayload\": \"{}\"\r\n          },\r\n          \"throttlingInMin\": 5,\r\n          \"trigger\": {\r\n            \"thresholdOperator\": \"GreaterThan\",\r\n            \"threshold\": 5,\r\n            \"metricTrigger\": {\r\n              \"thresholdOperator\": \"GreaterThan\",\r\n              \"threshold\": 10,\r\n              \"metricTriggerType\": \"Total\",\r\n              \"metricColumn\": \"timestamp\"\r\n            }\r\n          },\r\n          \"odata.type\": \"Microsoft.WindowsAzure.Management.Monitoring.Alerts.Models.Microsoft.AppInsights.Nexus.DataContracts.Resources.ScheduledQueryRules.AlertingAction\"\r\n        }\r\n      }\r\n    },\r\n    {\r\n      \"id\": \"/subscriptions/80430018-24ee-4b28-a7bd-fb23b5a221d6/resourceGroups/ps8478/providers/microsoft.insights/scheduledqueryrules/ps2\",\r\n      \"name\": \"ps2\",\r\n      \"type\": \"microsoft.insights/scheduledqueryrules\",\r\n      \"location\": \"westus\",\r\n      \"tags\": {},\r\n      \"kind\": null,\r\n      \"etag\": \"\\\"6f00f797-0000-0700-0000-5d6be48f0000\\\"\",\r\n      \"properties\": {\r\n        \"description\": \"SQR log alert rule\",\r\n        \"displayName\": \"ps2\",\r\n        \"enabled\": \"true\",\r\n        \"lastUpdatedTime\": \"2019-09-01T15:32:27.783603Z\",\r\n        \"provisioningState\": \"Succeeded\",\r\n        \"source\": {\r\n          \"query\": \"traces | summarize AggregatedValue = count() by bin(timestamp, 5m)\",\r\n          \"authorizedResources\": [\r\n            \"/subscriptions/80430018-24ee-4b28-a7bd-fb23b5a221d6/resourceGroups/ps8478/providers/microsoft.insights/components/ps4074\"\r\n          ],\r\n          \"dataSourceId\": \"/subscriptions/80430018-24ee-4b28-a7bd-fb23b5a221d6/resourceGroups/ps8478/providers/microsoft.insights/components/ps4074\",\r\n          \"queryType\": \"ResultCount\"\r\n        },\r\n        \"schedule\": {\r\n          \"frequencyInMinutes\": 5,\r\n          \"timeWindowInMinutes\": 5\r\n        },\r\n        \"action\": {\r\n          \"severity\": \"2\",\r\n          \"aznsAction\": {\r\n            \"actionGroup\": [\r\n              \"/subscriptions/80430018-24ee-4b28-a7bd-fb23b5a221d6/resourceGroups/ps8478/providers/microsoft.insights/actionGroups/ps598\"\r\n            ],\r\n            \"emailSubject\": \"SQR Log alert trigger notification\",\r\n            \"customWebhookPayload\": \"{}\"\r\n          },\r\n          \"throttlingInMin\": 5,\r\n          \"trigger\": {\r\n            \"thresholdOperator\": \"GreaterThan\",\r\n            \"threshold\": 5,\r\n            \"metricTrigger\": {\r\n              \"thresholdOperator\": \"GreaterThan\",\r\n              \"threshold\": 10,\r\n              \"metricTriggerType\": \"Total\",\r\n              \"metricColumn\": \"timestamp\"\r\n            }\r\n          },\r\n          \"odata.type\": \"Microsoft.WindowsAzure.Management.Monitoring.Alerts.Models.Microsoft.AppInsights.Nexus.DataContracts.Resources.ScheduledQueryRules.AlertingAction\"\r\n        }\r\n      }\r\n    },\r\n    {\r\n      \"id\": \"/subscriptions/80430018-24ee-4b28-a7bd-fb23b5a221d6/resourceGroups/nrteventtest/providers/microsoft.insights/scheduledqueryrules/TestRuleNameEvent\",\r\n      \"name\": \"TestRuleNameEvent\",\r\n      \"type\": \"microsoft.insights/scheduledqueryrules\",\r\n      \"location\": \"eastus\",\r\n      \"tags\": {\r\n        \"hidden-link:/subscriptions/80430018-24ee-4b28-a7bd-fb23b5a221d6/resourceGroups/nrteventtest/providers/Microsoft.OperationalInsights/workspaces/nrteventtest\": \"Resource\"\r\n      },\r\n      \"kind\": null,\r\n      \"etag\": \"\\\"0400127f-0000-0000-0000-5b634f1e0000\\\"\",\r\n      \"properties\": {\r\n        \"description\": null,\r\n        \"enabled\": \"true\",\r\n        \"lastUpdatedTime\": \"2018-06-25T06:50:13.7264352Z\",\r\n        \"provisioningState\": \"Succeeded\",\r\n        \"source\": {\r\n          \"query\": null,\r\n          \"dataSourceId\": \"/subscriptions/80430018-24ee-4b28-a7bd-fb23b5a221d6/resourceGroups/nrteventtest/providers/Microsoft.OperationalInsights/workspaces/nrteventtest\",\r\n          \"queryType\": \"ResultCount\"\r\n        },\r\n        \"schedule\": null,\r\n        \"action\": {\r\n          \"criteria\": [\r\n            {\r\n              \"metricName\": \"Event\",\r\n              \"dimensions\": null\r\n            }\r\n          ],\r\n          \"odata.type\": \"Microsoft.WindowsAzure.Management.Monitoring.Alerts.Models.Microsoft.AppInsights.Nexus.DataContracts.Resources.ScheduledQueryRules.LogToMetricAction\"\r\n        },\r\n        \"displayName\": \"TestRuleNameEvent\"\r\n      }\r\n    },\r\n    {\r\n      \"id\": \"/subscriptions/80430018-24ee-4b28-a7bd-fb23b5a221d6/resourceGroups/nrteventtest/providers/microsoft.insights/scheduledqueryrules/Test\",\r\n      \"name\": \"Test\",\r\n      \"type\": \"microsoft.insights/scheduledqueryrules\",\r\n      \"location\": \"eastus\",\r\n      \"tags\": {\r\n        \"hidden-link:/subscriptions/80430018-24ee-4b28-a7bd-fb23b5a221d6/resourceGroups/nrteventtest/providers/Microsoft.OperationalInsights/workspaces/nrteventtest\": \"Resource\"\r\n      },\r\n      \"kind\": null,\r\n      \"etag\": \"\\\"00006701-0000-0000-0000-5b729b410000\\\"\",\r\n      \"properties\": {\r\n        \"description\": \"Test\",\r\n        \"displayName\": \"Test\",\r\n        \"enabled\": \"true\",\r\n        \"lastUpdatedTime\": \"2018-08-14T09:05:04.7785642Z\",\r\n        \"provisioningState\": \"Succeeded\",\r\n        \"source\": {\r\n          \"query\": null,\r\n          \"dataSourceId\": \"/subscriptions/80430018-24ee-4b28-a7bd-fb23b5a221d6/resourceGroups/nrteventtest/providers/Microsoft.OperationalInsights/workspaces/nrteventtest\",\r\n          \"queryType\": \"ResultCount\"\r\n        },\r\n        \"schedule\": null,\r\n        \"action\": {\r\n          \"criteria\": [\r\n            {\r\n              \"metricName\": \"Average_Disk Transfers/sec\",\r\n              \"dimensions\": [\r\n                {\r\n                  \"name\": \"Computer\",\r\n                  \"operator\": \"Include\",\r\n                  \"values\": [\r\n                    \"C1\",\r\n                    \"C2\",\r\n                    \"C3\",\r\n                    \"C4\",\r\n                    \"C5\"\r\n                  ]\r\n                },\r\n                {\r\n                  \"name\": \"ObjectName\",\r\n                  \"operator\": \"Include\",\r\n                  \"values\": [\r\n                    \"O1\",\r\n                    \"O2\"\r\n                  ]\r\n                },\r\n                {\r\n                  \"name\": \"InstanceName\",\r\n                  \"operator\": \"Include\",\r\n                  \"values\": [\r\n                    \"I1\"\r\n                  ]\r\n                }\r\n              ]\r\n            }\r\n          ],\r\n          \"odata.type\": \"Microsoft.WindowsAzure.Management.Monitoring.Alerts.Models.Microsoft.AppInsights.Nexus.DataContracts.Resources.ScheduledQueryRules.LogToMetricAction\"\r\n        }\r\n      }\r\n    },\r\n    {\r\n      \"id\": \"/subscriptions/80430018-24ee-4b28-a7bd-fb23b5a221d6/resourceGroups/nrteventtest/providers/microsoft.insights/scheduledqueryrules/Test-MultiSeries-Heartbeat\",\r\n      \"name\": \"Test-MultiSeries-Heartbeat\",\r\n      \"type\": \"microsoft.insights/scheduledqueryrules\",\r\n      \"location\": \"eastus\",\r\n      \"tags\": {\r\n        \"hidden-link:/subscriptions/80430018-24ee-4b28-a7bd-fb23b5a221d6/resourceGroups/nrteventtest/providers/Microsoft.OperationalInsights/workspaces/nrteventtest\": \"Resource\"\r\n      },\r\n      \"kind\": null,\r\n      \"etag\": \"\\\"620093d2-0000-0000-0000-5b9bed9a0000\\\"\",\r\n      \"properties\": {\r\n        \"description\": \"NA\",\r\n        \"displayName\": \"Test-MultiSeries-Heartbeat\",\r\n        \"enabled\": \"false\",\r\n        \"lastUpdatedTime\": \"2018-09-14T17:19:20.2598196Z\",\r\n        \"provisioningState\": \"Succeeded\",\r\n        \"source\": {\r\n          \"query\": null,\r\n          \"dataSourceId\": \"/subscriptions/80430018-24ee-4b28-a7bd-fb23b5a221d6/resourceGroups/nrteventtest/providers/Microsoft.OperationalInsights/workspaces/nrteventtest\",\r\n          \"queryType\": \"ResultCount\"\r\n        },\r\n        \"schedule\": null,\r\n        \"action\": {\r\n          \"criteria\": [\r\n            {\r\n              \"metricName\": \"Heartbeat\",\r\n              \"dimensions\": [\r\n                {\r\n                  \"name\": \"Computer\",\r\n                  \"operator\": \"Include\",\r\n                  \"values\": [\r\n                    \"*\"\r\n                  ]\r\n                }\r\n              ]\r\n            }\r\n          ],\r\n          \"odata.type\": \"Microsoft.WindowsAzure.Management.Monitoring.Alerts.Models.Microsoft.AppInsights.Nexus.DataContracts.Resources.ScheduledQueryRules.LogToMetricAction\"\r\n        }\r\n      }\r\n    },\r\n    {\r\n      \"id\": \"/subscriptions/80430018-24ee-4b28-a7bd-fb23b5a221d6/resourceGroups/nrteventtest/providers/microsoft.insights/scheduledqueryrules/nrt-mts-heartbeat-1\",\r\n      \"name\": \"nrt-mts-heartbeat-1\",\r\n      \"type\": \"microsoft.insights/scheduledqueryrules\",\r\n      \"location\": \"eastus\",\r\n      \"tags\": {\r\n        \"hidden-link:/subscriptions/80430018-24ee-4b28-a7bd-fb23b5a221d6/resourceGroups/nrteventtest/providers/Microsoft.OperationalInsights/workspaces/nrteventtest\": \"Resource\"\r\n      },\r\n      \"kind\": null,\r\n      \"etag\": \"\\\"0000810c-0000-0000-0000-5b7d05410000\\\"\",\r\n      \"properties\": {\r\n        \"description\": \"nrt-mts-heartbeat-1\",\r\n        \"displayName\": \"nrt-mts-heartbeat-1\",\r\n        \"enabled\": \"true\",\r\n        \"lastUpdatedTime\": \"2018-08-22T06:40:01.4606199Z\",\r\n        \"provisioningState\": \"Succeeded\",\r\n        \"source\": {\r\n          \"query\": null,\r\n          \"dataSourceId\": \"/subscriptions/80430018-24ee-4b28-a7bd-fb23b5a221d6/resourceGroups/nrteventtest/providers/Microsoft.OperationalInsights/workspaces/nrteventtest\",\r\n          \"queryType\": \"ResultCount\"\r\n        },\r\n        \"schedule\": null,\r\n        \"action\": {\r\n          \"criteria\": [\r\n            {\r\n              \"metricName\": \"Heartbeat\",\r\n              \"dimensions\": [\r\n                {\r\n                  \"name\": \"Computer\",\r\n                  \"operator\": \"Include\",\r\n                  \"values\": [\r\n                    \"AlekhyaCh.fareast.corp.microsoft.com\",\r\n                    \"jtamber03.fareast.corp.microsoft.com\",\r\n                    \"sapotlap.fareast.corp.microsoft.com\"\r\n                  ]\r\n                }\r\n              ]\r\n            }\r\n          ],\r\n          \"odata.type\": \"Microsoft.WindowsAzure.Management.Monitoring.Alerts.Models.Microsoft.AppInsights.Nexus.DataContracts.Resources.ScheduledQueryRules.LogToMetricAction\"\r\n        }\r\n      }\r\n    },\r\n    {\r\n      \"id\": \"/subscriptions/80430018-24ee-4b28-a7bd-fb23b5a221d6/resourceGroups/nrteventtest/providers/microsoft.insights/scheduledqueryrules/MCriteria-2\",\r\n      \"name\": \"MCriteria-2\",\r\n      \"type\": \"microsoft.insights/scheduledqueryrules\",\r\n      \"location\": \"eastus\",\r\n      \"tags\": {\r\n        \"hidden-link:/subscriptions/80430018-24ee-4b28-a7bd-fb23b5a221d6/resourceGroups/nrteventtest/providers/Microsoft.OperationalInsights/workspaces/nrteventtest\": \"Resource\"\r\n      },\r\n      \"kind\": null,\r\n      \"etag\": \"\\\"0000ea99-0000-0000-0000-5b8686a90000\\\"\",\r\n      \"properties\": {\r\n        \"description\": \"MCriteria-2\",\r\n        \"displayName\": \"MCriteria-2\",\r\n        \"enabled\": \"true\",\r\n        \"lastUpdatedTime\": \"2018-08-29T11:42:33.2951061Z\",\r\n        \"provisioningState\": \"Succeeded\",\r\n        \"source\": {\r\n          \"query\": null,\r\n          \"dataSourceId\": \"/subscriptions/80430018-24ee-4b28-a7bd-fb23b5a221d6/resourceGroups/nrteventtest/providers/Microsoft.OperationalInsights/workspaces/nrteventtest\",\r\n          \"queryType\": \"ResultCount\"\r\n        },\r\n        \"schedule\": null,\r\n        \"action\": {\r\n          \"criteria\": [\r\n            {\r\n              \"metricName\": \"Average_% Free Space\",\r\n              \"dimensions\": [\r\n                {\r\n                  \"name\": \"Computer\",\r\n                  \"operator\": \"Include\",\r\n                  \"values\": [\r\n                    \"jtamber03.fareast.corp.microsoft.com\"\r\n                  ]\r\n                }\r\n              ]\r\n            },\r\n            {\r\n              \"metricName\": \"Average_% Processor Time\",\r\n              \"dimensions\": [\r\n                {\r\n                  \"name\": \"Computer\",\r\n                  \"operator\": \"Include\",\r\n                  \"values\": [\r\n                    \"sapotlap.fareast.corp.microsoft.com\"\r\n                  ]\r\n                }\r\n              ]\r\n            }\r\n          ],\r\n          \"odata.type\": \"Microsoft.WindowsAzure.Management.Monitoring.Alerts.Models.Microsoft.AppInsights.Nexus.DataContracts.Resources.ScheduledQueryRules.LogToMetricAction\"\r\n        }\r\n      }\r\n    },\r\n    {\r\n      \"id\": \"/subscriptions/80430018-24ee-4b28-a7bd-fb23b5a221d6/resourceGroups/nrteventtest/providers/microsoft.insights/scheduledqueryrules/MCriteria-4\",\r\n      \"name\": \"MCriteria-4\",\r\n      \"type\": \"microsoft.insights/scheduledqueryrules\",\r\n      \"location\": \"eastus\",\r\n      \"tags\": {\r\n        \"hidden-link:/subscriptions/80430018-24ee-4b28-a7bd-fb23b5a221d6/resourceGroups/nrteventtest/providers/Microsoft.OperationalInsights/workspaces/nrteventtest\": \"Resource\"\r\n      },\r\n      \"kind\": null,\r\n      \"etag\": \"\\\"0a00201d-0000-0000-0000-5b879df70000\\\"\",\r\n      \"properties\": {\r\n        \"description\": \"MCriteria-4\",\r\n        \"displayName\": \"MCriteria-4\",\r\n        \"enabled\": \"true\",\r\n        \"lastUpdatedTime\": \"2018-08-30T07:34:15.3806869Z\",\r\n        \"provisioningState\": \"Succeeded\",\r\n        \"source\": {\r\n          \"query\": null,\r\n          \"dataSourceId\": \"/subscriptions/80430018-24ee-4b28-a7bd-fb23b5a221d6/resourceGroups/nrteventtest/providers/Microsoft.OperationalInsights/workspaces/nrteventtest\",\r\n          \"queryType\": \"ResultCount\"\r\n        },\r\n        \"schedule\": null,\r\n        \"action\": {\r\n          \"criteria\": [\r\n            {\r\n              \"metricName\": \"Average_% Free Space\",\r\n              \"dimensions\": [\r\n                {\r\n                  \"name\": \"Computer\",\r\n                  \"operator\": \"Include\",\r\n                  \"values\": [\r\n                    \"jtamber03.fareast.corp.microsoft.com\"\r\n                  ]\r\n                }\r\n              ]\r\n            },\r\n            {\r\n              \"metricName\": \"Average_% Processor Time\",\r\n              \"dimensions\": [\r\n                {\r\n                  \"name\": \"Computer\",\r\n                  \"operator\": \"Include\",\r\n                  \"values\": [\r\n                    \"AlekhyaCh.fareast.corp.microsoft.com\"\r\n                  ]\r\n                }\r\n              ]\r\n            }\r\n          ],\r\n          \"odata.type\": \"Microsoft.WindowsAzure.Management.Monitoring.Alerts.Models.Microsoft.AppInsights.Nexus.DataContracts.Resources.ScheduledQueryRules.LogToMetricAction\"\r\n        }\r\n      }\r\n    },\r\n    {\r\n      \"id\": \"/subscriptions/80430018-24ee-4b28-a7bd-fb23b5a221d6/resourceGroups/nrteventtest/providers/microsoft.insights/scheduledqueryrules/test-metric-delay\",\r\n      \"name\": \"test-metric-delay\",\r\n      \"type\": \"microsoft.insights/scheduledqueryrules\",\r\n      \"location\": \"eastus\",\r\n      \"tags\": {\r\n        \"hidden-link:/subscriptions/80430018-24ee-4b28-a7bd-fb23b5a221d6/resourceGroups/nrteventtest/providers/Microsoft.OperationalInsights/workspaces/nrteventtest\": \"Resource\"\r\n      },\r\n      \"kind\": null,\r\n      \"etag\": \"\\\"03002614-0000-0000-0000-5b9376360000\\\"\",\r\n      \"properties\": {\r\n        \"description\": \"abcde\",\r\n        \"displayName\": \"test-metric-delay\",\r\n        \"enabled\": \"true\",\r\n        \"lastUpdatedTime\": \"2018-09-08T07:11:50.669034Z\",\r\n        \"provisioningState\": \"Succeeded\",\r\n        \"source\": {\r\n          \"query\": null,\r\n          \"dataSourceId\": \"/subscriptions/80430018-24ee-4b28-a7bd-fb23b5a221d6/resourceGroups/nrteventtest/providers/Microsoft.OperationalInsights/workspaces/nrteventtest\",\r\n          \"queryType\": \"ResultCount\"\r\n        },\r\n        \"schedule\": null,\r\n        \"action\": {\r\n          \"criteria\": [\r\n            {\r\n              \"metricName\": \"Heartbeat\",\r\n              \"dimensions\": [\r\n                {\r\n                  \"name\": \"SourceComputerId\",\r\n                  \"operator\": \"Include\",\r\n                  \"values\": [\r\n                    \"7f218a32-4b13-47e5-b2f3-4733943add56\"\r\n                  ]\r\n                }\r\n              ]\r\n            }\r\n          ],\r\n          \"odata.type\": \"Microsoft.WindowsAzure.Management.Monitoring.Alerts.Models.Microsoft.AppInsights.Nexus.DataContracts.Resources.ScheduledQueryRules.LogToMetricAction\"\r\n        }\r\n      }\r\n    },\r\n    {\r\n      \"id\": \"/subscriptions/80430018-24ee-4b28-a7bd-fb23b5a221d6/resourceGroups/nrteventtest/providers/microsoft.insights/scheduledqueryrules/3minTo4minRavi\",\r\n      \"name\": \"3minTo4minRavi\",\r\n      \"type\": \"microsoft.insights/scheduledqueryrules\",\r\n      \"location\": \"eastus\",\r\n      \"tags\": {\r\n        \"hidden-link:/subscriptions/80430018-24ee-4b28-a7bd-fb23b5a221d6/resourceGroups/nrteventtest/providers/Microsoft.OperationalInsights/workspaces/nrteventtest\": \"Resource\"\r\n      },\r\n      \"kind\": null,\r\n      \"etag\": \"\\\"0200a575-0000-0000-0000-5b9252450000\\\"\",\r\n      \"properties\": {\r\n        \"description\": \"3minTo4minRavi\",\r\n        \"displayName\": \"3minTo4minRavi\",\r\n        \"enabled\": \"false\",\r\n        \"lastUpdatedTime\": \"2018-09-07T10:26:13.5685306Z\",\r\n        \"provisioningState\": \"Succeeded\",\r\n        \"source\": {\r\n          \"query\": null,\r\n          \"dataSourceId\": \"/subscriptions/80430018-24ee-4b28-a7bd-fb23b5a221d6/resourceGroups/nrteventtest/providers/Microsoft.OperationalInsights/workspaces/nrteventtest\",\r\n          \"queryType\": \"ResultCount\"\r\n        },\r\n        \"schedule\": null,\r\n        \"action\": {\r\n          \"criteria\": [\r\n            {\r\n              \"metricName\": \"Average_% Processor Time\",\r\n              \"dimensions\": [\r\n                {\r\n                  \"name\": \"Computer\",\r\n                  \"operator\": \"Include\",\r\n                  \"values\": [\r\n                    \"jtamber03.fareast.corp.microsoft.com\"\r\n                  ]\r\n                },\r\n                {\r\n                  \"name\": \"ObjectName\",\r\n                  \"operator\": \"Include\",\r\n                  \"values\": [\r\n                    \"Processor\"\r\n                  ]\r\n                },\r\n                {\r\n                  \"name\": \"InstanceName\",\r\n                  \"operator\": \"Include\",\r\n                  \"values\": [\r\n                    \"_Total\"\r\n                  ]\r\n                }\r\n              ]\r\n            }\r\n          ],\r\n          \"odata.type\": \"Microsoft.WindowsAzure.Management.Monitoring.Alerts.Models.Microsoft.AppInsights.Nexus.DataContracts.Resources.ScheduledQueryRules.LogToMetricAction\"\r\n        }\r\n      }\r\n    },\r\n    {\r\n      \"id\": \"/subscriptions/80430018-24ee-4b28-a7bd-fb23b5a221d6/resourceGroups/nrteventtest/providers/microsoft.insights/scheduledqueryrules/3minTo4minzBytesReceived\",\r\n      \"name\": \"3minTo4minzBytesReceived\",\r\n      \"type\": \"microsoft.insights/scheduledqueryrules\",\r\n      \"location\": \"eastus\",\r\n      \"tags\": {\r\n        \"hidden-link:/subscriptions/80430018-24ee-4b28-a7bd-fb23b5a221d6/resourceGroups/nrteventtest/providers/Microsoft.OperationalInsights/workspaces/nrteventtest\": \"Resource\"\r\n      },\r\n      \"kind\": null,\r\n      \"etag\": \"\\\"0200a375-0000-0000-0000-5b9251fb0000\\\"\",\r\n      \"properties\": {\r\n        \"description\": \"3minTo4minzBytesReceived\",\r\n        \"displayName\": \"3minTo4minzBytesReceived\",\r\n        \"enabled\": \"false\",\r\n        \"lastUpdatedTime\": \"2018-09-07T10:24:59.0523459Z\",\r\n        \"provisioningState\": \"Succeeded\",\r\n        \"source\": {\r\n          \"query\": null,\r\n          \"dataSourceId\": \"/subscriptions/80430018-24ee-4b28-a7bd-fb23b5a221d6/resourceGroups/nrteventtest/providers/Microsoft.OperationalInsights/workspaces/nrteventtest\",\r\n          \"queryType\": \"ResultCount\"\r\n        },\r\n        \"schedule\": null,\r\n        \"action\": {\r\n          \"criteria\": [\r\n            {\r\n              \"metricName\": \"Average_Bytes Received/sec\",\r\n              \"dimensions\": [\r\n                {\r\n                  \"name\": \"Computer\",\r\n                  \"operator\": \"Include\",\r\n                  \"values\": [\r\n                    \"AlekhyaCh.fareast.corp.microsoft.com\"\r\n                  ]\r\n                },\r\n                {\r\n                  \"name\": \"ObjectName\",\r\n                  \"operator\": \"Include\",\r\n                  \"values\": [\r\n                    \"Network Adapter\"\r\n                  ]\r\n                },\r\n                {\r\n                  \"name\": \"InstanceName\",\r\n                  \"operator\": \"Include\",\r\n                  \"values\": [\r\n                    \"802.11ac Wireless LAN Card\"\r\n                  ]\r\n                }\r\n              ]\r\n            }\r\n          ],\r\n          \"odata.type\": \"Microsoft.WindowsAzure.Management.Monitoring.Alerts.Models.Microsoft.AppInsights.Nexus.DataContracts.Resources.ScheduledQueryRules.LogToMetricAction\"\r\n        }\r\n      }\r\n    },\r\n    {\r\n      \"id\": \"/subscriptions/80430018-24ee-4b28-a7bd-fb23b5a221d6/resourceGroups/nrteventtest/providers/microsoft.insights/scheduledqueryrules/test-multi-time-series\",\r\n      \"name\": \"test-multi-time-series\",\r\n      \"type\": \"microsoft.insights/scheduledqueryrules\",\r\n      \"location\": \"eastus\",\r\n      \"tags\": {\r\n        \"hidden-link:/subscriptions/80430018-24ee-4b28-a7bd-fb23b5a221d6/resourceGroups/nrteventtest/providers/Microsoft.OperationalInsights/workspaces/nrteventtest\": \"Resource\"\r\n      },\r\n      \"kind\": null,\r\n      \"etag\": \"\\\"620094d2-0000-0000-0000-5b9bed9a0000\\\"\",\r\n      \"properties\": {\r\n        \"description\": \"multi time series\",\r\n        \"displayName\": \"test-multi-time-series\",\r\n        \"enabled\": \"false\",\r\n        \"lastUpdatedTime\": \"2018-09-14T17:19:19.8135902Z\",\r\n        \"provisioningState\": \"Succeeded\",\r\n        \"source\": {\r\n          \"query\": null,\r\n          \"dataSourceId\": \"/subscriptions/80430018-24ee-4b28-a7bd-fb23b5a221d6/resourceGroups/nrteventtest/providers/Microsoft.OperationalInsights/workspaces/nrteventtest\",\r\n          \"queryType\": \"ResultCount\"\r\n        },\r\n        \"schedule\": null,\r\n        \"action\": {\r\n          \"criteria\": [\r\n            {\r\n              \"metricName\": \"Heartbeat\",\r\n              \"dimensions\": [\r\n                {\r\n                  \"name\": \"Version\",\r\n                  \"operator\": \"Include\",\r\n                  \"values\": [\r\n                    \"8.0.11103.0\"\r\n                  ]\r\n                },\r\n                {\r\n                  \"name\": \"SourceComputerId\",\r\n                  \"operator\": \"Include\",\r\n                  \"values\": [\r\n                    \"84a67236-60bf-48d3-9e41-3b50fce988a5\"\r\n                  ]\r\n                }\r\n              ]\r\n            },\r\n            {\r\n              \"metricName\": \"Event\",\r\n              \"dimensions\": [\r\n                {\r\n                  \"name\": \"Source\",\r\n                  \"operator\": \"Include\",\r\n                  \"values\": [\r\n                    \"Service Control Manager\"\r\n                  ]\r\n                },\r\n                {\r\n                  \"name\": \"EventCategory\",\r\n                  \"operator\": \"Include\",\r\n                  \"values\": [\r\n                    \"1014\"\r\n                  ]\r\n                }\r\n              ]\r\n            }\r\n          ],\r\n          \"odata.type\": \"Microsoft.WindowsAzure.Management.Monitoring.Alerts.Models.Microsoft.AppInsights.Nexus.DataContracts.Resources.ScheduledQueryRules.LogToMetricAction\"\r\n        }\r\n      }\r\n    },\r\n    {\r\n      \"id\": \"/subscriptions/80430018-24ee-4b28-a7bd-fb23b5a221d6/resourceGroups/nrteventtest/providers/microsoft.insights/scheduledqueryrules/Test1\",\r\n      \"name\": \"Test1\",\r\n      \"type\": \"microsoft.insights/scheduledqueryrules\",\r\n      \"location\": \"eastus\",\r\n      \"tags\": {\r\n        \"hidden-link:/subscriptions/80430018-24ee-4b28-a7bd-fb23b5a221d6/resourceGroups/nrteventtest/providers/Microsoft.OperationalInsights/workspaces/nrteventtest\": \"Resource\"\r\n      },\r\n      \"kind\": null,\r\n      \"etag\": \"\\\"1d004913-0000-0000-0000-5b98ec620000\\\"\",\r\n      \"properties\": {\r\n        \"description\": \"Test1\",\r\n        \"displayName\": \"Test1\",\r\n        \"enabled\": \"true\",\r\n        \"lastUpdatedTime\": \"2018-09-12T10:37:22.85595Z\",\r\n        \"provisioningState\": \"Succeeded\",\r\n        \"source\": {\r\n          \"query\": null,\r\n          \"dataSourceId\": \"/subscriptions/80430018-24ee-4b28-a7bd-fb23b5a221d6/resourceGroups/nrteventtest/providers/Microsoft.OperationalInsights/workspaces/nrteventtest\",\r\n          \"queryType\": \"ResultCount\"\r\n        },\r\n        \"schedule\": null,\r\n        \"action\": {\r\n          \"criteria\": [\r\n            {\r\n              \"metricName\": \"Heartbeat\",\r\n              \"dimensions\": [\r\n                {\r\n                  \"name\": \"OSType\",\r\n                  \"operator\": \"Include\",\r\n                  \"values\": [\r\n                    \"Windows\"\r\n                  ]\r\n                },\r\n                {\r\n                  \"name\": \"SourceComputerId\",\r\n                  \"operator\": \"Include\",\r\n                  \"values\": [\r\n                    \"84a67236-60bf-48d3-9e41-3b50fce988a5\"\r\n                  ]\r\n                }\r\n              ]\r\n            },\r\n            {\r\n              \"metricName\": \"Event\",\r\n              \"dimensions\": []\r\n            }\r\n          ],\r\n          \"odata.type\": \"Microsoft.WindowsAzure.Management.Monitoring.Alerts.Models.Microsoft.AppInsights.Nexus.DataContracts.Resources.ScheduledQueryRules.LogToMetricAction\"\r\n        }\r\n      }\r\n    },\r\n    {\r\n      \"id\": \"/subscriptions/80430018-24ee-4b28-a7bd-fb23b5a221d6/resourceGroups/nrteventtest/providers/microsoft.insights/scheduledqueryrules/MCriteria-New-1\",\r\n      \"name\": \"MCriteria-New-1\",\r\n      \"type\": \"microsoft.insights/scheduledqueryrules\",\r\n      \"location\": \"eastus\",\r\n      \"tags\": {\r\n        \"hidden-link:/subscriptions/80430018-24ee-4b28-a7bd-fb23b5a221d6/resourceGroups/nrteventtest/providers/Microsoft.OperationalInsights/workspaces/nrteventtest\": \"Resource\"\r\n      },\r\n      \"kind\": null,\r\n      \"etag\": \"\\\"1d007041-0000-0000-0000-5b98edb30000\\\"\",\r\n      \"properties\": {\r\n        \"description\": \"MCriteria-New-1\",\r\n        \"displayName\": \"MCriteria-New-1\",\r\n        \"enabled\": \"true\",\r\n        \"lastUpdatedTime\": \"2018-09-12T10:42:59.0627203Z\",\r\n        \"provisioningState\": \"Succeeded\",\r\n        \"source\": {\r\n          \"query\": null,\r\n          \"dataSourceId\": \"/subscriptions/80430018-24ee-4b28-a7bd-fb23b5a221d6/resourceGroups/nrteventtest/providers/Microsoft.OperationalInsights/workspaces/nrteventtest\",\r\n          \"queryType\": \"ResultCount\"\r\n        },\r\n        \"schedule\": null,\r\n        \"action\": {\r\n          \"criteria\": [\r\n            {\r\n              \"metricName\": \"Heartbeat\",\r\n              \"dimensions\": [\r\n                {\r\n                  \"name\": \"Computer\",\r\n                  \"operator\": \"Include\",\r\n                  \"values\": [\r\n                    \"jtamber03.fareast.corp.microsoft.com\"\r\n                  ]\r\n                }\r\n              ]\r\n            },\r\n            {\r\n              \"metricName\": \"Average_% Processor Time\",\r\n              \"dimensions\": [\r\n                {\r\n                  \"name\": \"Computer\",\r\n                  \"operator\": \"Include\",\r\n                  \"values\": [\r\n                    \"jtamber03.fareast.corp.microsoft.com\"\r\n                  ]\r\n                },\r\n                {\r\n                  \"name\": \"InstanceName\",\r\n                  \"operator\": \"Include\",\r\n                  \"values\": [\r\n                    \"_Total\"\r\n                  ]\r\n                }\r\n              ]\r\n            }\r\n          ],\r\n          \"odata.type\": \"Microsoft.WindowsAzure.Management.Monitoring.Alerts.Models.Microsoft.AppInsights.Nexus.DataContracts.Resources.ScheduledQueryRules.LogToMetricAction\"\r\n        }\r\n      }\r\n    },\r\n    {\r\n      \"id\": \"/subscriptions/80430018-24ee-4b28-a7bd-fb23b5a221d6/resourceGroups/nrteventtest/providers/microsoft.insights/scheduledqueryrules/MCriteria-Test-01\",\r\n      \"name\": \"MCriteria-Test-01\",\r\n      \"type\": \"microsoft.insights/scheduledqueryrules\",\r\n      \"location\": \"eastus\",\r\n      \"tags\": {\r\n        \"hidden-link:/subscriptions/80430018-24ee-4b28-a7bd-fb23b5a221d6/resourceGroups/nrteventtest/providers/Microsoft.OperationalInsights/workspaces/nrteventtest\": \"Resource\"\r\n      },\r\n      \"kind\": null,\r\n      \"etag\": \"\\\"1d0041bd-0000-0000-0000-5b98f17b0000\\\"\",\r\n      \"properties\": {\r\n        \"description\": \"Checking available memory and disk space on cluster at an aggregate level\",\r\n        \"displayName\": \"MCriteria-Test-01\",\r\n        \"enabled\": \"true\",\r\n        \"lastUpdatedTime\": \"2018-09-12T10:59:07.292549Z\",\r\n        \"provisioningState\": \"Succeeded\",\r\n        \"source\": {\r\n          \"query\": null,\r\n          \"dataSourceId\": \"/subscriptions/80430018-24ee-4b28-a7bd-fb23b5a221d6/resourceGroups/nrteventtest/providers/Microsoft.OperationalInsights/workspaces/nrteventtest\",\r\n          \"queryType\": \"ResultCount\"\r\n        },\r\n        \"schedule\": null,\r\n        \"action\": {\r\n          \"criteria\": [\r\n            {\r\n              \"metricName\": \"Average_Available MBytes\",\r\n              \"dimensions\": []\r\n            },\r\n            {\r\n              \"metricName\": \"Average_Free Megabytes\",\r\n              \"dimensions\": [\r\n                {\r\n                  \"name\": \"InstanceName\",\r\n                  \"operator\": \"Include\",\r\n                  \"values\": [\r\n                    \"C:\"\r\n                  ]\r\n                }\r\n              ]\r\n            }\r\n          ],\r\n          \"odata.type\": \"Microsoft.WindowsAzure.Management.Monitoring.Alerts.Models.Microsoft.AppInsights.Nexus.DataContracts.Resources.ScheduledQueryRules.LogToMetricAction\"\r\n        }\r\n      }\r\n    },\r\n    {\r\n      \"id\": \"/subscriptions/80430018-24ee-4b28-a7bd-fb23b5a221d6/resourceGroups/alertstest/providers/microsoft.insights/scheduledqueryrules/LogSearchAIAnaShah\",\r\n      \"name\": \"LogSearchAIAnaShah\",\r\n      \"type\": \"microsoft.insights/scheduledqueryrules\",\r\n      \"location\": \"eastus\",\r\n      \"tags\": {\r\n        \"hidden-link:/subscriptions/80430018-24ee-4b28-a7bd-fb23b5a221d6/resourceGroups/alertstest/providers/microsoft.insights/components/alertstestFunction\": \"Resource\"\r\n      },\r\n      \"kind\": null,\r\n      \"etag\": \"\\\"1e008b01-0000-0000-0000-5b98f37c0000\\\"\",\r\n      \"properties\": {\r\n        \"description\": \"dsfdse\",\r\n        \"displayName\": \"LogSearchAIAnaShah\",\r\n        \"enabled\": \"false\",\r\n        \"lastUpdatedTime\": \"2018-09-12T11:07:40.0333543Z\",\r\n        \"provisioningState\": \"Succeeded\",\r\n        \"source\": {\r\n          \"query\": \"search *\",\r\n          \"authorizedResources\": [],\r\n          \"dataSourceId\": \"/subscriptions/80430018-24ee-4b28-a7bd-fb23b5a221d6/resourceGroups/alertstest/providers/microsoft.insights/components/alertstestFunction\",\r\n          \"queryType\": \"ResultCount\"\r\n        },\r\n        \"schedule\": {\r\n          \"frequencyInMinutes\": 5,\r\n          \"timeWindowInMinutes\": 5\r\n        },\r\n        \"action\": {\r\n          \"severity\": \"3\",\r\n          \"aznsAction\": {\r\n            \"actionGroup\": [\r\n              \"/subscriptions/80430018-24ee-4b28-a7bd-fb23b5a221d6/resourcegroups/default-activitylogalerts/providers/microsoft.insights/actiongroups/anashah\"\r\n            ],\r\n            \"emailSubject\": null,\r\n            \"customWebhookPayload\": null\r\n          },\r\n          \"trigger\": {\r\n            \"thresholdOperator\": \"GreaterThan\",\r\n            \"threshold\": 1297\r\n          },\r\n          \"odata.type\": \"Microsoft.WindowsAzure.Management.Monitoring.Alerts.Models.Microsoft.AppInsights.Nexus.DataContracts.Resources.ScheduledQueryRules.AlertingAction\"\r\n        }\r\n      }\r\n    },\r\n    {\r\n      \"id\": \"/subscriptions/80430018-24ee-4b28-a7bd-fb23b5a221d6/resourceGroups/nrteventtest/providers/microsoft.insights/scheduledqueryrules/test-workspace-alert\",\r\n      \"name\": \"test-workspace-alert\",\r\n      \"type\": \"microsoft.insights/scheduledqueryrules\",\r\n      \"location\": \"eastus\",\r\n      \"tags\": {\r\n        \"hidden-link:/subscriptions/80430018-24ee-4b28-a7bd-fb23b5a221d6/resourceGroups/nrteventtest/providers/Microsoft.OperationalInsights/workspaces/nrteventtest\": \"Resource\"\r\n      },\r\n      \"kind\": null,\r\n      \"etag\": \"\\\"64000a04-0000-0000-0000-5b9f3b0b0000\\\"\",\r\n      \"properties\": {\r\n        \"description\": \"test\",\r\n        \"displayName\": \"test-workspace-alert\",\r\n        \"enabled\": \"false\",\r\n        \"lastUpdatedTime\": \"2018-09-17T05:26:33.270621Z\",\r\n        \"provisioningState\": \"Succeeded\",\r\n        \"source\": {\r\n          \"query\": null,\r\n          \"dataSourceId\": \"/subscriptions/80430018-24ee-4b28-a7bd-fb23b5a221d6/resourceGroups/nrteventtest/providers/Microsoft.OperationalInsights/workspaces/nrteventtest\",\r\n          \"queryType\": \"ResultCount\"\r\n        },\r\n        \"schedule\": null,\r\n        \"action\": {\r\n          \"criteria\": [\r\n            {\r\n              \"metricName\": \"Event\",\r\n              \"dimensions\": [\r\n                {\r\n                  \"name\": \"Source\",\r\n                  \"operator\": \"Include\",\r\n                  \"values\": [\r\n                    \"Microsoft-Windows-GroupPolicy\"\r\n                  ]\r\n                },\r\n                {\r\n                  \"name\": \"EventLevel\",\r\n                  \"operator\": \"Include\",\r\n                  \"values\": [\r\n                    \"8\"\r\n                  ]\r\n                }\r\n              ]\r\n            },\r\n            {\r\n              \"metricName\": \"Average_% Available Memory\",\r\n              \"dimensions\": [\r\n                {\r\n                  \"name\": \"InstanceName\",\r\n                  \"operator\": \"Include\",\r\n                  \"values\": [\r\n                    \"test\"\r\n                  ]\r\n                }\r\n              ]\r\n            }\r\n          ],\r\n          \"odata.type\": \"Microsoft.WindowsAzure.Management.Monitoring.Alerts.Models.Microsoft.AppInsights.Nexus.DataContracts.Resources.ScheduledQueryRules.LogToMetricAction\"\r\n        }\r\n      }\r\n    },\r\n    {\r\n      \"id\": \"/subscriptions/80430018-24ee-4b28-a7bd-fb23b5a221d6/resourceGroups/nrteventtest/providers/microsoft.insights/scheduledqueryrules/MCriteria-SingleTS-01\",\r\n      \"name\": \"MCriteria-SingleTS-01\",\r\n      \"type\": \"microsoft.insights/scheduledqueryrules\",\r\n      \"location\": \"eastus\",\r\n      \"tags\": {\r\n        \"hidden-link:/subscriptions/80430018-24ee-4b28-a7bd-fb23b5a221d6/resourceGroups/nrteventtest/providers/Microsoft.OperationalInsights/workspaces/nrteventtest\": \"Resource\"\r\n      },\r\n      \"kind\": null,\r\n      \"etag\": \"\\\"00001360-0000-0000-0000-5ba3785b0000\\\"\",\r\n      \"properties\": {\r\n        \"description\": \"'MCriteria-SingleTS-01\",\r\n        \"displayName\": \"MCriteria-SingleTS-01\",\r\n        \"enabled\": \"true\",\r\n        \"lastUpdatedTime\": \"2018-09-20T10:37:14.4218329Z\",\r\n        \"provisioningState\": \"Succeeded\",\r\n        \"source\": {\r\n          \"query\": null,\r\n          \"dataSourceId\": \"/subscriptions/80430018-24ee-4b28-a7bd-fb23b5a221d6/resourceGroups/nrteventtest/providers/Microsoft.OperationalInsights/workspaces/nrteventtest\",\r\n          \"queryType\": \"ResultCount\"\r\n        },\r\n        \"schedule\": null,\r\n        \"action\": {\r\n          \"criteria\": [\r\n            {\r\n              \"metricName\": \"Average_Disk Transfers/sec\",\r\n              \"dimensions\": [\r\n                {\r\n                  \"name\": \"InstanceName\",\r\n                  \"operator\": \"Include\",\r\n                  \"values\": [\r\n                    \"C:\"\r\n                  ]\r\n                }\r\n              ]\r\n            },\r\n            {\r\n              \"metricName\": \"Heartbeat\",\r\n              \"dimensions\": []\r\n            }\r\n          ],\r\n          \"odata.type\": \"Microsoft.WindowsAzure.Management.Monitoring.Alerts.Models.Microsoft.AppInsights.Nexus.DataContracts.Resources.ScheduledQueryRules.LogToMetricAction\"\r\n        }\r\n      }\r\n    },\r\n    {\r\n      \"id\": \"/subscriptions/80430018-24ee-4b28-a7bd-fb23b5a221d6/resourceGroups/nrteventtest/providers/microsoft.insights/scheduledqueryrules/test-billing-nrt-eus\",\r\n      \"name\": \"test-billing-nrt-eus\",\r\n      \"type\": \"microsoft.insights/scheduledqueryrules\",\r\n      \"location\": \"eastus\",\r\n      \"tags\": {\r\n        \"hidden-link:/subscriptions/80430018-24ee-4b28-a7bd-fb23b5a221d6/resourceGroups/nrteventtest/providers/Microsoft.OperationalInsights/workspaces/nrteventtest\": \"Resource\"\r\n      },\r\n      \"kind\": null,\r\n      \"etag\": \"\\\"2100d1c6-0000-0000-0000-5c2c852e0000\\\"\",\r\n      \"properties\": {\r\n        \"description\": \"test-billing-nrt\",\r\n        \"displayName\": \"test-billing-nrt-eus\",\r\n        \"enabled\": \"true\",\r\n        \"lastUpdatedTime\": \"2019-01-02T09:32:30.2485637Z\",\r\n        \"provisioningState\": \"Succeeded\",\r\n        \"source\": {\r\n          \"query\": null,\r\n          \"dataSourceId\": \"/subscriptions/80430018-24ee-4b28-a7bd-fb23b5a221d6/resourceGroups/nrteventtest/providers/Microsoft.OperationalInsights/workspaces/nrteventtest\",\r\n          \"queryType\": \"ResultCount\"\r\n        },\r\n        \"schedule\": null,\r\n        \"action\": {\r\n          \"criteria\": [\r\n            {\r\n              \"metricName\": \"Heartbeat\",\r\n              \"dimensions\": []\r\n            }\r\n          ],\r\n          \"odata.type\": \"Microsoft.WindowsAzure.Management.Monitoring.Alerts.Models.Microsoft.AppInsights.Nexus.DataContracts.Resources.ScheduledQueryRules.LogToMetricAction\"\r\n        }\r\n      }\r\n    },\r\n    {\r\n      \"id\": \"/subscriptions/80430018-24ee-4b28-a7bd-fb23b5a221d6/resourceGroups/nrteventtest/providers/microsoft.insights/scheduledqueryrules/test-nrt-billing-1\",\r\n      \"name\": \"test-nrt-billing-1\",\r\n      \"type\": \"microsoft.insights/scheduledqueryrules\",\r\n      \"location\": \"eastus\",\r\n      \"tags\": {\r\n        \"hidden-link:/subscriptions/80430018-24ee-4b28-a7bd-fb23b5a221d6/resourceGroups/nrteventtest/providers/Microsoft.OperationalInsights/workspaces/nrteventtest\": \"Resource\"\r\n      },\r\n      \"kind\": null,\r\n      \"etag\": \"\\\"2100cdde-0000-0000-0000-5c2c9e340000\\\"\",\r\n      \"properties\": {\r\n        \"description\": \"test-nrt-billing-1\",\r\n        \"displayName\": \"test-nrt-billing-1\",\r\n        \"enabled\": \"true\",\r\n        \"lastUpdatedTime\": \"2019-01-02T11:19:15.9586206Z\",\r\n        \"provisioningState\": \"Succeeded\",\r\n        \"source\": {\r\n          \"query\": null,\r\n          \"dataSourceId\": \"/subscriptions/80430018-24ee-4b28-a7bd-fb23b5a221d6/resourceGroups/nrteventtest/providers/Microsoft.OperationalInsights/workspaces/nrteventtest\",\r\n          \"queryType\": \"ResultCount\"\r\n        },\r\n        \"schedule\": null,\r\n        \"action\": {\r\n          \"criteria\": [\r\n            {\r\n              \"metricName\": \"Average_% Processor Time\",\r\n              \"dimensions\": [\r\n                {\r\n                  \"name\": \"Computer\",\r\n                  \"operator\": \"Include\",\r\n                  \"values\": [\r\n                    \"*\"\r\n                  ]\r\n                },\r\n                {\r\n                  \"name\": \"ObjectName\",\r\n                  \"operator\": \"Include\",\r\n                  \"values\": [\r\n                    \"Processor\"\r\n                  ]\r\n                },\r\n                {\r\n                  \"name\": \"SourceSystem\",\r\n                  \"operator\": \"Include\",\r\n                  \"values\": [\r\n                    \"OpsManager\"\r\n                  ]\r\n                }\r\n              ]\r\n            }\r\n          ],\r\n          \"odata.type\": \"Microsoft.WindowsAzure.Management.Monitoring.Alerts.Models.Microsoft.AppInsights.Nexus.DataContracts.Resources.ScheduledQueryRules.LogToMetricAction\"\r\n        }\r\n      }\r\n    },\r\n    {\r\n      \"id\": \"/subscriptions/80430018-24ee-4b28-a7bd-fb23b5a221d6/resourceGroups/nrteventtest/providers/microsoft.insights/scheduledqueryrules/TestAvgHotFix\",\r\n      \"name\": \"TestAvgHotFix\",\r\n      \"type\": \"microsoft.insights/scheduledqueryrules\",\r\n      \"location\": \"eastus\",\r\n      \"tags\": {\r\n        \"hidden-link:/subscriptions/80430018-24ee-4b28-a7bd-fb23b5a221d6/resourceGroups/nrteventtest/providers/Microsoft.OperationalInsights/workspaces/nrteventtest\": \"Resource\"\r\n      },\r\n      \"kind\": null,\r\n      \"etag\": \"\\\"0700a467-0000-0000-0000-5c8a6f020000\\\"\",\r\n      \"properties\": {\r\n        \"description\": \"TestAvgHotFix\",\r\n        \"displayName\": \"TestAvgHotFix\",\r\n        \"enabled\": \"true\",\r\n        \"lastUpdatedTime\": \"2019-03-14T15:10:56.9867419Z\",\r\n        \"provisioningState\": \"Succeeded\",\r\n        \"source\": {\r\n          \"query\": null,\r\n          \"dataSourceId\": \"/subscriptions/80430018-24ee-4b28-a7bd-fb23b5a221d6/resourceGroups/nrteventtest/providers/Microsoft.OperationalInsights/workspaces/nrteventtest\",\r\n          \"queryType\": \"ResultCount\"\r\n        },\r\n        \"schedule\": null,\r\n        \"action\": {\r\n          \"criteria\": [\r\n            {\r\n              \"metricName\": \"Average_Free Megabytes\",\r\n              \"dimensions\": []\r\n            }\r\n          ],\r\n          \"odata.type\": \"Microsoft.WindowsAzure.Management.Monitoring.Alerts.Models.Microsoft.AppInsights.Nexus.DataContracts.Resources.ScheduledQueryRules.LogToMetricAction\"\r\n        }\r\n      }\r\n    },\r\n    {\r\n      \"id\": \"/subscriptions/80430018-24ee-4b28-a7bd-fb23b5a221d6/resourceGroups/nrteventtest/providers/microsoft.insights/scheduledqueryrules/TestAvgHotFix_sum\",\r\n      \"name\": \"TestAvgHotFix_sum\",\r\n      \"type\": \"microsoft.insights/scheduledqueryrules\",\r\n      \"location\": \"eastus\",\r\n      \"tags\": {\r\n        \"hidden-link:/subscriptions/80430018-24ee-4b28-a7bd-fb23b5a221d6/resourceGroups/nrteventtest/providers/Microsoft.OperationalInsights/workspaces/nrteventtest\": \"Resource\"\r\n      },\r\n      \"kind\": null,\r\n      \"etag\": \"\\\"07002068-0000-0000-0000-5c8a6f470000\\\"\",\r\n      \"properties\": {\r\n        \"description\": \"TestAvgHotFix_sum\",\r\n        \"displayName\": \"TestAvgHotFix_sum\",\r\n        \"enabled\": \"true\",\r\n        \"lastUpdatedTime\": \"2019-03-14T15:12:07.5312462Z\",\r\n        \"provisioningState\": \"Succeeded\",\r\n        \"source\": {\r\n          \"query\": null,\r\n          \"dataSourceId\": \"/subscriptions/80430018-24ee-4b28-a7bd-fb23b5a221d6/resourceGroups/nrteventtest/providers/Microsoft.OperationalInsights/workspaces/nrteventtest\",\r\n          \"queryType\": \"ResultCount\"\r\n        },\r\n        \"schedule\": null,\r\n        \"action\": {\r\n          \"criteria\": [\r\n            {\r\n              \"metricName\": \"Average_Free Megabytes\",\r\n              \"dimensions\": []\r\n            }\r\n          ],\r\n          \"odata.type\": \"Microsoft.WindowsAzure.Management.Monitoring.Alerts.Models.Microsoft.AppInsights.Nexus.DataContracts.Resources.ScheduledQueryRules.LogToMetricAction\"\r\n        }\r\n      }\r\n    },\r\n    {\r\n      \"id\": \"/subscriptions/80430018-24ee-4b28-a7bd-fb23b5a221d6/resourceGroups/nrteventtest/providers/microsoft.insights/scheduledqueryrules/30719StorageServicesLogAnalyticsStatic\",\r\n      \"name\": \"30719StorageServicesLogAnalyticsStatic\",\r\n      \"type\": \"microsoft.insights/scheduledqueryrules\",\r\n      \"location\": \"eastus\",\r\n      \"tags\": {\r\n        \"hidden-link:/subscriptions/80430018-24ee-4b28-a7bd-fb23b5a221d6/resourceGroups/nrteventtest/providers/Microsoft.OperationalInsights/workspaces/nrteventtest\": \"Resource\"\r\n      },\r\n      \"kind\": null,\r\n      \"etag\": \"\\\"07000182-0000-0100-0000-5d401e9d0000\\\"\",\r\n      \"properties\": {\r\n        \"description\": \"\",\r\n        \"displayName\": \"30719StorageServicesLogAnalyticsStatic\",\r\n        \"enabled\": \"false\",\r\n        \"lastUpdatedTime\": \"2019-07-30T10:40:29.6051206Z\",\r\n        \"provisioningState\": \"Succeeded\",\r\n        \"source\": {\r\n          \"query\": null,\r\n          \"dataSourceId\": \"/subscriptions/80430018-24ee-4b28-a7bd-fb23b5a221d6/resourceGroups/nrteventtest/providers/Microsoft.OperationalInsights/workspaces/nrteventtest\",\r\n          \"queryType\": \"ResultCount\"\r\n        },\r\n        \"schedule\": null,\r\n        \"action\": {\r\n          \"criteria\": [\r\n            {\r\n              \"metricName\": \"Average_% Free Space\",\r\n              \"dimensions\": []\r\n            }\r\n          ],\r\n          \"odata.type\": \"Microsoft.WindowsAzure.Management.Monitoring.Alerts.Models.Microsoft.AppInsights.Nexus.DataContracts.Resources.ScheduledQueryRules.LogToMetricAction\"\r\n        }\r\n      }\r\n    },\r\n    {\r\n      \"id\": \"/subscriptions/80430018-24ee-4b28-a7bd-fb23b5a221d6/resourceGroups/nrteventtest/providers/microsoft.insights/scheduledqueryrules/30719StorageServicesLogAnalyticsDynamic\",\r\n      \"name\": \"30719StorageServicesLogAnalyticsDynamic\",\r\n      \"type\": \"microsoft.insights/scheduledqueryrules\",\r\n      \"location\": \"eastus\",\r\n      \"tags\": {\r\n        \"hidden-link:/subscriptions/80430018-24ee-4b28-a7bd-fb23b5a221d6/resourceGroups/nrteventtest/providers/Microsoft.OperationalInsights/workspaces/nrteventtest\": \"Resource\"\r\n      },\r\n      \"kind\": null,\r\n      \"etag\": \"\\\"0700a582-0000-0100-0000-5d401ec60000\\\"\",\r\n      \"properties\": {\r\n        \"description\": \"\",\r\n        \"displayName\": \"30719StorageServicesLogAnalyticsDynamic\",\r\n        \"enabled\": \"false\",\r\n        \"lastUpdatedTime\": \"2019-07-30T10:41:10.6776377Z\",\r\n        \"provisioningState\": \"Succeeded\",\r\n        \"source\": {\r\n          \"query\": null,\r\n          \"dataSourceId\": \"/subscriptions/80430018-24ee-4b28-a7bd-fb23b5a221d6/resourceGroups/nrteventtest/providers/Microsoft.OperationalInsights/workspaces/nrteventtest\",\r\n          \"queryType\": \"ResultCount\"\r\n        },\r\n        \"schedule\": null,\r\n        \"action\": {\r\n          \"criteria\": [\r\n            {\r\n              \"metricName\": \"Average_% Used Inodes\",\r\n              \"dimensions\": []\r\n            }\r\n          ],\r\n          \"odata.type\": \"Microsoft.WindowsAzure.Management.Monitoring.Alerts.Models.Microsoft.AppInsights.Nexus.DataContracts.Resources.ScheduledQueryRules.LogToMetricAction\"\r\n        }\r\n      }\r\n    },\r\n    {\r\n      \"id\": \"/subscriptions/80430018-24ee-4b28-a7bd-fb23b5a221d6/resourceGroups/alertstest/providers/microsoft.insights/scheduledqueryrules/30719AILog\",\r\n      \"name\": \"30719AILog\",\r\n      \"type\": \"microsoft.insights/scheduledqueryrules\",\r\n      \"location\": \"eastus\",\r\n      \"tags\": {},\r\n      \"kind\": null,\r\n      \"etag\": \"\\\"0700acaa-0000-0100-0000-5d4025340000\\\"\",\r\n      \"properties\": {\r\n        \"description\": \"asdas\",\r\n        \"displayName\": \"30719AILog\",\r\n        \"enabled\": \"false\",\r\n        \"lastUpdatedTime\": \"2019-07-30T11:08:33.7771734Z\",\r\n        \"provisioningState\": \"Succeeded\",\r\n        \"source\": {\r\n          \"query\": \"requests\",\r\n          \"authorizedResources\": [],\r\n          \"dataSourceId\": \"/subscriptions/80430018-24ee-4b28-a7bd-fb23b5a221d6/resourceGroups/alertstest/providers/microsoft.insights/components/alertstestFunction\",\r\n          \"queryType\": \"ResultCount\"\r\n        },\r\n        \"schedule\": {\r\n          \"frequencyInMinutes\": 5,\r\n          \"timeWindowInMinutes\": 5\r\n        },\r\n        \"action\": {\r\n          \"severity\": \"3\",\r\n          \"aznsAction\": {\r\n            \"actionGroup\": [],\r\n            \"emailSubject\": null,\r\n            \"customWebhookPayload\": null\r\n          },\r\n          \"trigger\": {\r\n            \"thresholdOperator\": \"GreaterThan\",\r\n            \"threshold\": 80\r\n          },\r\n          \"odata.type\": \"Microsoft.WindowsAzure.Management.Monitoring.Alerts.Models.Microsoft.AppInsights.Nexus.DataContracts.Resources.ScheduledQueryRules.AlertingAction\"\r\n        }\r\n      }\r\n    },\r\n    {\r\n      \"id\": \"/subscriptions/80430018-24ee-4b28-a7bd-fb23b5a221d6/resourceGroups/nrteventtest/providers/microsoft.insights/scheduledqueryrules/agalert225\",\r\n      \"name\": \"agalert225\",\r\n      \"type\": \"microsoft.insights/scheduledqueryrules\",\r\n      \"location\": \"eastus\",\r\n      \"tags\": {\r\n        \"hidden-link:/subscriptions/80430018-24ee-4b28-a7bd-fb23b5a221d6/resourceGroups/nrteventtest/providers/Microsoft.OperationalInsights/workspaces/nrteventtest\": \"Resource\"\r\n      },\r\n      \"kind\": null,\r\n      \"etag\": \"\\\"2100e869-0000-0100-0000-5d47f5a70000\\\"\",\r\n      \"properties\": {\r\n        \"description\": \"agalert225\",\r\n        \"displayName\": \"agalert225\",\r\n        \"enabled\": \"true\",\r\n        \"lastUpdatedTime\": \"2019-08-05T09:23:50.9048767Z\",\r\n        \"provisioningState\": \"Succeeded\",\r\n        \"source\": {\r\n          \"query\": null,\r\n          \"dataSourceId\": \"/subscriptions/80430018-24ee-4b28-a7bd-fb23b5a221d6/resourceGroups/nrteventtest/providers/Microsoft.OperationalInsights/workspaces/nrteventtest\",\r\n          \"queryType\": \"ResultCount\"\r\n        },\r\n        \"schedule\": null,\r\n        \"action\": {\r\n          \"criteria\": [\r\n            {\r\n              \"metricName\": \"Average_Disk Write Bytes/sec\",\r\n              \"dimensions\": []\r\n            }\r\n          ],\r\n          \"odata.type\": \"Microsoft.WindowsAzure.Management.Monitoring.Alerts.Models.Microsoft.AppInsights.Nexus.DataContracts.Resources.ScheduledQueryRules.LogToMetricAction\"\r\n        }\r\n      }\r\n    },\r\n    {\r\n      \"id\": \"/subscriptions/80430018-24ee-4b28-a7bd-fb23b5a221d6/resourceGroups/nrteventtest/providers/microsoft.insights/scheduledqueryrules/BugBash-OperInsightsWorkspaces\",\r\n      \"name\": \"BugBash-OperInsightsWorkspaces\",\r\n      \"type\": \"microsoft.insights/scheduledqueryrules\",\r\n      \"location\": \"eastus\",\r\n      \"tags\": {\r\n        \"hidden-link:/subscriptions/80430018-24ee-4b28-a7bd-fb23b5a221d6/resourceGroups/nrteventtest/providers/Microsoft.OperationalInsights/workspaces/nrteventtest\": \"Resource\"\r\n      },\r\n      \"kind\": null,\r\n      \"etag\": \"\\\"4900bff1-0000-0100-0000-5d4bf5e40000\\\"\",\r\n      \"properties\": {\r\n        \"description\": \"\",\r\n        \"displayName\": \"BugBash-OperInsightsWorkspaces\",\r\n        \"enabled\": \"false\",\r\n        \"lastUpdatedTime\": \"2019-08-08T10:13:56.0933795Z\",\r\n        \"provisioningState\": \"Succeeded\",\r\n        \"source\": {\r\n          \"query\": null,\r\n          \"dataSourceId\": \"/subscriptions/80430018-24ee-4b28-a7bd-fb23b5a221d6/resourceGroups/nrteventtest/providers/Microsoft.OperationalInsights/workspaces/nrteventtest\",\r\n          \"queryType\": \"ResultCount\"\r\n        },\r\n        \"schedule\": null,\r\n        \"action\": {\r\n          \"criteria\": [\r\n            {\r\n              \"metricName\": \"Average_% Free Inodes\",\r\n              \"dimensions\": []\r\n            }\r\n          ],\r\n          \"odata.type\": \"Microsoft.WindowsAzure.Management.Monitoring.Alerts.Models.Microsoft.AppInsights.Nexus.DataContracts.Resources.ScheduledQueryRules.LogToMetricAction\"\r\n        }\r\n      }\r\n    }\r\n  ],\r\n  \"nextLink\": null\r\n}",
      "StatusCode": 200
    },
    {
      "RequestUri": "/subscriptions/80430018-24ee-4b28-a7bd-fb23b5a221d6/resourcegroups/ps8478/providers/microsoft.insights/scheduledQueryRules?api-version=2018-04-16",
      "EncodedRequestUri": "L3N1YnNjcmlwdGlvbnMvODA0MzAwMTgtMjRlZS00YjI4LWE3YmQtZmIyM2I1YTIyMWQ2L3Jlc291cmNlZ3JvdXBzL3BzODQ3OC9wcm92aWRlcnMvbWljcm9zb2Z0Lmluc2lnaHRzL3NjaGVkdWxlZFF1ZXJ5UnVsZXM/YXBpLXZlcnNpb249MjAxOC0wNC0xNg==",
      "RequestMethod": "GET",
      "RequestBody": "",
      "RequestHeaders": {
        "x-ms-client-request-id": [
          "602661a9-f9db-483a-8b2e-588b5660b250"
        ],
        "Accept-Language": [
          "en-US"
        ],
        "User-Agent": [
          "FxVersion/4.6.27817.01",
          "OSName/Windows",
          "OSVersion/Microsoft.Windows.10.0.18362.",
          "Microsoft.Azure.Management.Monitor.MonitorManagementClient/0.24.0.0"
        ]
      },
      "ResponseHeaders": {
        "Cache-Control": [
          "no-cache"
        ],
        "Pragma": [
          "no-cache"
        ],
        "Request-Context": [
          "appId=cid-v1:c13a1a07-630f-4f42-b89b-f5aedd031684"
        ],
        "Strict-Transport-Security": [
          "max-age=31536000; includeSubDomains"
        ],
        "X-Content-Type-Options": [
          "nosniff"
        ],
        "Server": [
          "Microsoft-IIS/10.0"
        ],
        "X-Powered-By": [
          "ASP.NET"
        ],
        "x-ms-ratelimit-remaining-subscription-reads": [
          "11997"
        ],
        "x-ms-request-id": [
          "4bf1b7aa-00b1-4b89-b158-80d183e7a694"
        ],
        "x-ms-correlation-request-id": [
          "4bf1b7aa-00b1-4b89-b158-80d183e7a694"
        ],
        "x-ms-routing-request-id": [
          "UKSOUTH2:20190901T153234Z:4bf1b7aa-00b1-4b89-b158-80d183e7a694"
        ],
        "Date": [
          "Sun, 01 Sep 2019 15:32:33 GMT"
        ],
        "Content-Length": [
          "2187"
        ],
        "Content-Type": [
          "application/json; charset=utf-8"
        ],
        "Expires": [
          "-1"
        ]
      },
      "ResponseBody": "{\r\n  \"value\": [\r\n    {\r\n      \"id\": \"/subscriptions/80430018-24ee-4b28-a7bd-fb23b5a221d6/resourceGroups/ps8478/providers/microsoft.insights/scheduledqueryrules/ps2\",\r\n      \"name\": \"ps2\",\r\n      \"type\": \"microsoft.insights/scheduledqueryrules\",\r\n      \"location\": \"westus\",\r\n      \"tags\": {},\r\n      \"kind\": null,\r\n      \"etag\": \"\\\"6f00f797-0000-0700-0000-5d6be48f0000\\\"\",\r\n      \"properties\": {\r\n        \"description\": \"SQR log alert rule\",\r\n        \"displayName\": \"ps2\",\r\n        \"enabled\": \"true\",\r\n        \"lastUpdatedTime\": \"2019-09-01T15:32:27.783603Z\",\r\n        \"provisioningState\": \"Succeeded\",\r\n        \"source\": {\r\n          \"query\": \"traces | summarize AggregatedValue = count() by bin(timestamp, 5m)\",\r\n          \"authorizedResources\": [\r\n            \"/subscriptions/80430018-24ee-4b28-a7bd-fb23b5a221d6/resourceGroups/ps8478/providers/microsoft.insights/components/ps4074\"\r\n          ],\r\n          \"dataSourceId\": \"/subscriptions/80430018-24ee-4b28-a7bd-fb23b5a221d6/resourceGroups/ps8478/providers/microsoft.insights/components/ps4074\",\r\n          \"queryType\": \"ResultCount\"\r\n        },\r\n        \"schedule\": {\r\n          \"frequencyInMinutes\": 5,\r\n          \"timeWindowInMinutes\": 5\r\n        },\r\n        \"action\": {\r\n          \"severity\": \"2\",\r\n          \"aznsAction\": {\r\n            \"actionGroup\": [\r\n              \"/subscriptions/80430018-24ee-4b28-a7bd-fb23b5a221d6/resourceGroups/ps8478/providers/microsoft.insights/actionGroups/ps598\"\r\n            ],\r\n            \"emailSubject\": \"SQR Log alert trigger notification\",\r\n            \"customWebhookPayload\": \"{}\"\r\n          },\r\n          \"throttlingInMin\": 5,\r\n          \"trigger\": {\r\n            \"thresholdOperator\": \"GreaterThan\",\r\n            \"threshold\": 5,\r\n            \"metricTrigger\": {\r\n              \"thresholdOperator\": \"GreaterThan\",\r\n              \"threshold\": 10,\r\n              \"metricTriggerType\": \"Total\",\r\n              \"metricColumn\": \"timestamp\"\r\n            }\r\n          },\r\n          \"odata.type\": \"Microsoft.WindowsAzure.Management.Monitoring.Alerts.Models.Microsoft.AppInsights.Nexus.DataContracts.Resources.ScheduledQueryRules.AlertingAction\"\r\n        }\r\n      }\r\n    }\r\n  ],\r\n  \"nextLink\": null\r\n}",
      "StatusCode": 200
    },
    {
      "RequestUri": "/subscriptions/80430018-24ee-4b28-a7bd-fb23b5a221d6/resourcegroups/ps8478/providers/microsoft.insights/scheduledQueryRules/ps2?api-version=2018-04-16",
      "EncodedRequestUri": "L3N1YnNjcmlwdGlvbnMvODA0MzAwMTgtMjRlZS00YjI4LWE3YmQtZmIyM2I1YTIyMWQ2L3Jlc291cmNlZ3JvdXBzL3BzODQ3OC9wcm92aWRlcnMvbWljcm9zb2Z0Lmluc2lnaHRzL3NjaGVkdWxlZFF1ZXJ5UnVsZXMvcHMyP2FwaS12ZXJzaW9uPTIwMTgtMDQtMTY=",
      "RequestMethod": "PATCH",
      "RequestBody": "{\r\n  \"tags\": {},\r\n  \"properties\": {\r\n    \"enabled\": \"false\"\r\n  }\r\n}",
      "RequestHeaders": {
        "x-ms-client-request-id": [
          "b51653c7-7924-4f05-b3a4-e2f1608f2760"
        ],
        "Accept-Language": [
          "en-US"
        ],
        "User-Agent": [
          "FxVersion/4.6.27817.01",
          "OSName/Windows",
          "OSVersion/Microsoft.Windows.10.0.18362.",
          "Microsoft.Azure.Management.Monitor.MonitorManagementClient/0.24.0.0"
        ],
        "Content-Type": [
          "application/json; charset=utf-8"
        ],
        "Content-Length": [
          "67"
        ]
      },
      "ResponseHeaders": {
        "Cache-Control": [
          "no-cache"
        ],
        "Pragma": [
          "no-cache"
        ],
        "Request-Context": [
          "appId=cid-v1:c13a1a07-630f-4f42-b89b-f5aedd031684"
        ],
        "Strict-Transport-Security": [
          "max-age=31536000; includeSubDomains"
        ],
        "X-Content-Type-Options": [
          "nosniff"
        ],
        "Server": [
          "Microsoft-IIS/10.0"
        ],
        "X-Powered-By": [
          "ASP.NET"
        ],
        "x-ms-ratelimit-remaining-subscription-writes": [
          "1194"
        ],
        "x-ms-request-id": [
          "9ca889f1-1e0f-4454-b434-336a539d6f64"
        ],
        "x-ms-correlation-request-id": [
          "9ca889f1-1e0f-4454-b434-336a539d6f64"
        ],
        "x-ms-routing-request-id": [
          "UKSOUTH2:20190901T153247Z:9ca889f1-1e0f-4454-b434-336a539d6f64"
        ],
        "Date": [
          "Sun, 01 Sep 2019 15:32:47 GMT"
        ],
        "Content-Length": [
          "1941"
        ],
        "Content-Type": [
          "application/json; charset=utf-8"
        ],
        "Expires": [
          "-1"
        ]
      },
      "ResponseBody": "{\r\n  \"id\": \"/subscriptions/80430018-24ee-4b28-a7bd-fb23b5a221d6/resourceGroups/ps8478/providers/microsoft.insights/scheduledqueryrules/ps2\",\r\n  \"name\": \"ps2\",\r\n  \"type\": \"microsoft.insights/scheduledqueryrules\",\r\n  \"location\": \"westus\",\r\n  \"tags\": {},\r\n  \"kind\": null,\r\n  \"etag\": \"\\\"6f00da98-0000-0700-0000-5d6be49e0000\\\"\",\r\n  \"properties\": {\r\n    \"description\": \"SQR log alert rule\",\r\n    \"displayName\": \"ps2\",\r\n    \"enabled\": \"false\",\r\n    \"lastUpdatedTime\": \"2019-09-01T15:32:46.28412Z\",\r\n    \"provisioningState\": \"Succeeded\",\r\n    \"source\": {\r\n      \"query\": \"traces | summarize AggregatedValue = count() by bin(timestamp, 5m)\",\r\n      \"authorizedResources\": [\r\n        \"/subscriptions/80430018-24ee-4b28-a7bd-fb23b5a221d6/resourceGroups/ps8478/providers/microsoft.insights/components/ps4074\"\r\n      ],\r\n      \"dataSourceId\": \"/subscriptions/80430018-24ee-4b28-a7bd-fb23b5a221d6/resourceGroups/ps8478/providers/microsoft.insights/components/ps4074\",\r\n      \"queryType\": \"ResultCount\"\r\n    },\r\n    \"schedule\": {\r\n      \"frequencyInMinutes\": 5,\r\n      \"timeWindowInMinutes\": 5\r\n    },\r\n    \"action\": {\r\n      \"severity\": \"2\",\r\n      \"aznsAction\": {\r\n        \"actionGroup\": [\r\n          \"/subscriptions/80430018-24ee-4b28-a7bd-fb23b5a221d6/resourceGroups/ps8478/providers/microsoft.insights/actionGroups/ps598\"\r\n        ],\r\n        \"emailSubject\": \"SQR Log alert trigger notification\",\r\n        \"customWebhookPayload\": \"{}\"\r\n      },\r\n      \"throttlingInMin\": 5,\r\n      \"trigger\": {\r\n        \"thresholdOperator\": \"GreaterThan\",\r\n        \"threshold\": 5,\r\n        \"metricTrigger\": {\r\n          \"thresholdOperator\": \"GreaterThan\",\r\n          \"threshold\": 10,\r\n          \"metricTriggerType\": \"Total\",\r\n          \"metricColumn\": \"timestamp\"\r\n        }\r\n      },\r\n      \"odata.type\": \"Microsoft.WindowsAzure.Management.Monitoring.Alerts.Models.Microsoft.AppInsights.Nexus.DataContracts.Resources.ScheduledQueryRules.AlertingAction\"\r\n    }\r\n  }\r\n}",
      "StatusCode": 200
    },
    {
      "RequestUri": "/subscriptions/80430018-24ee-4b28-a7bd-fb23b5a221d6/resourcegroups/ps8478/providers/microsoft.insights/scheduledQueryRules/ps2?api-version=2018-04-16",
      "EncodedRequestUri": "L3N1YnNjcmlwdGlvbnMvODA0MzAwMTgtMjRlZS00YjI4LWE3YmQtZmIyM2I1YTIyMWQ2L3Jlc291cmNlZ3JvdXBzL3BzODQ3OC9wcm92aWRlcnMvbWljcm9zb2Z0Lmluc2lnaHRzL3NjaGVkdWxlZFF1ZXJ5UnVsZXMvcHMyP2FwaS12ZXJzaW9uPTIwMTgtMDQtMTY=",
      "RequestMethod": "PATCH",
      "RequestBody": "{\r\n  \"tags\": {},\r\n  \"properties\": {\r\n    \"enabled\": \"false\"\r\n  }\r\n}",
      "RequestHeaders": {
        "x-ms-client-request-id": [
          "fc6b46d7-4133-4749-8a5c-460629b02ca4"
        ],
        "Accept-Language": [
          "en-US"
        ],
        "User-Agent": [
          "FxVersion/4.6.27817.01",
          "OSName/Windows",
          "OSVersion/Microsoft.Windows.10.0.18362.",
          "Microsoft.Azure.Management.Monitor.MonitorManagementClient/0.24.0.0"
        ],
        "Content-Type": [
          "application/json; charset=utf-8"
        ],
        "Content-Length": [
          "67"
        ]
      },
      "ResponseHeaders": {
        "Cache-Control": [
          "no-cache"
        ],
        "Pragma": [
          "no-cache"
        ],
        "Request-Context": [
          "appId=cid-v1:c13a1a07-630f-4f42-b89b-f5aedd031684"
        ],
        "Strict-Transport-Security": [
          "max-age=31536000; includeSubDomains"
        ],
        "X-Content-Type-Options": [
          "nosniff"
        ],
        "Server": [
          "Microsoft-IIS/10.0"
        ],
        "X-Powered-By": [
          "ASP.NET"
        ],
        "x-ms-ratelimit-remaining-subscription-writes": [
          "1193"
        ],
        "x-ms-request-id": [
          "b38b9038-6342-4043-a3f6-94c62914d61e"
        ],
        "x-ms-correlation-request-id": [
          "b38b9038-6342-4043-a3f6-94c62914d61e"
        ],
        "x-ms-routing-request-id": [
          "UKSOUTH2:20190901T153251Z:b38b9038-6342-4043-a3f6-94c62914d61e"
        ],
        "Date": [
          "Sun, 01 Sep 2019 15:32:50 GMT"
        ],
        "Content-Length": [
          "1943"
        ],
        "Content-Type": [
          "application/json; charset=utf-8"
        ],
        "Expires": [
          "-1"
        ]
      },
      "ResponseBody": "{\r\n  \"id\": \"/subscriptions/80430018-24ee-4b28-a7bd-fb23b5a221d6/resourceGroups/ps8478/providers/microsoft.insights/scheduledqueryrules/ps2\",\r\n  \"name\": \"ps2\",\r\n  \"type\": \"microsoft.insights/scheduledqueryrules\",\r\n  \"location\": \"westus\",\r\n  \"tags\": {},\r\n  \"kind\": null,\r\n  \"etag\": \"\\\"6f000d99-0000-0700-0000-5d6be4a20000\\\"\",\r\n  \"properties\": {\r\n    \"description\": \"SQR log alert rule\",\r\n    \"displayName\": \"ps2\",\r\n    \"enabled\": \"false\",\r\n    \"lastUpdatedTime\": \"2019-09-01T15:32:49.7250453Z\",\r\n    \"provisioningState\": \"Succeeded\",\r\n    \"source\": {\r\n      \"query\": \"traces | summarize AggregatedValue = count() by bin(timestamp, 5m)\",\r\n      \"authorizedResources\": [\r\n        \"/subscriptions/80430018-24ee-4b28-a7bd-fb23b5a221d6/resourceGroups/ps8478/providers/microsoft.insights/components/ps4074\"\r\n      ],\r\n      \"dataSourceId\": \"/subscriptions/80430018-24ee-4b28-a7bd-fb23b5a221d6/resourceGroups/ps8478/providers/microsoft.insights/components/ps4074\",\r\n      \"queryType\": \"ResultCount\"\r\n    },\r\n    \"schedule\": {\r\n      \"frequencyInMinutes\": 5,\r\n      \"timeWindowInMinutes\": 5\r\n    },\r\n    \"action\": {\r\n      \"severity\": \"2\",\r\n      \"aznsAction\": {\r\n        \"actionGroup\": [\r\n          \"/subscriptions/80430018-24ee-4b28-a7bd-fb23b5a221d6/resourceGroups/ps8478/providers/microsoft.insights/actionGroups/ps598\"\r\n        ],\r\n        \"emailSubject\": \"SQR Log alert trigger notification\",\r\n        \"customWebhookPayload\": \"{}\"\r\n      },\r\n      \"throttlingInMin\": 5,\r\n      \"trigger\": {\r\n        \"thresholdOperator\": \"GreaterThan\",\r\n        \"threshold\": 5,\r\n        \"metricTrigger\": {\r\n          \"thresholdOperator\": \"GreaterThan\",\r\n          \"threshold\": 10,\r\n          \"metricTriggerType\": \"Total\",\r\n          \"metricColumn\": \"timestamp\"\r\n        }\r\n      },\r\n      \"odata.type\": \"Microsoft.WindowsAzure.Management.Monitoring.Alerts.Models.Microsoft.AppInsights.Nexus.DataContracts.Resources.ScheduledQueryRules.AlertingAction\"\r\n    }\r\n  }\r\n}",
      "StatusCode": 200
    },
    {
      "RequestUri": "/subscriptions/80430018-24ee-4b28-a7bd-fb23b5a221d6/resourcegroups/ps8478/providers/microsoft.insights/scheduledQueryRules/ps2?api-version=2018-04-16",
      "EncodedRequestUri": "L3N1YnNjcmlwdGlvbnMvODA0MzAwMTgtMjRlZS00YjI4LWE3YmQtZmIyM2I1YTIyMWQ2L3Jlc291cmNlZ3JvdXBzL3BzODQ3OC9wcm92aWRlcnMvbWljcm9zb2Z0Lmluc2lnaHRzL3NjaGVkdWxlZFF1ZXJ5UnVsZXMvcHMyP2FwaS12ZXJzaW9uPTIwMTgtMDQtMTY=",
      "RequestMethod": "PATCH",
      "RequestBody": "{\r\n  \"tags\": {},\r\n  \"properties\": {\r\n    \"enabled\": \"false\"\r\n  }\r\n}",
      "RequestHeaders": {
        "x-ms-client-request-id": [
          "967ef242-1d2f-491b-ad74-ec5a295fe9a3"
        ],
        "Accept-Language": [
          "en-US"
        ],
        "User-Agent": [
          "FxVersion/4.6.27817.01",
          "OSName/Windows",
          "OSVersion/Microsoft.Windows.10.0.18362.",
          "Microsoft.Azure.Management.Monitor.MonitorManagementClient/0.24.0.0"
        ],
        "Content-Type": [
          "application/json; charset=utf-8"
        ],
        "Content-Length": [
          "67"
        ]
      },
      "ResponseHeaders": {
        "Cache-Control": [
          "no-cache"
        ],
        "Pragma": [
          "no-cache"
        ],
        "Request-Context": [
          "appId=cid-v1:c13a1a07-630f-4f42-b89b-f5aedd031684"
        ],
        "Strict-Transport-Security": [
          "max-age=31536000; includeSubDomains"
        ],
        "X-Content-Type-Options": [
          "nosniff"
        ],
        "Server": [
          "Microsoft-IIS/10.0"
        ],
        "X-Powered-By": [
          "ASP.NET"
        ],
        "x-ms-ratelimit-remaining-subscription-writes": [
          "1192"
        ],
        "x-ms-request-id": [
          "4d498f33-3c86-47f8-952b-11377eccfb82"
        ],
        "x-ms-correlation-request-id": [
          "4d498f33-3c86-47f8-952b-11377eccfb82"
        ],
        "x-ms-routing-request-id": [
          "UKSOUTH2:20190901T153255Z:4d498f33-3c86-47f8-952b-11377eccfb82"
        ],
        "Date": [
          "Sun, 01 Sep 2019 15:32:55 GMT"
        ],
        "Content-Length": [
          "1943"
        ],
        "Content-Type": [
          "application/json; charset=utf-8"
        ],
        "Expires": [
          "-1"
        ]
      },
      "ResponseBody": "{\r\n  \"id\": \"/subscriptions/80430018-24ee-4b28-a7bd-fb23b5a221d6/resourceGroups/ps8478/providers/microsoft.insights/scheduledqueryrules/ps2\",\r\n  \"name\": \"ps2\",\r\n  \"type\": \"microsoft.insights/scheduledqueryrules\",\r\n  \"location\": \"westus\",\r\n  \"tags\": {},\r\n  \"kind\": null,\r\n  \"etag\": \"\\\"6f004a99-0000-0700-0000-5d6be4a60000\\\"\",\r\n  \"properties\": {\r\n    \"description\": \"SQR log alert rule\",\r\n    \"displayName\": \"ps2\",\r\n    \"enabled\": \"false\",\r\n    \"lastUpdatedTime\": \"2019-09-01T15:32:54.2152132Z\",\r\n    \"provisioningState\": \"Succeeded\",\r\n    \"source\": {\r\n      \"query\": \"traces | summarize AggregatedValue = count() by bin(timestamp, 5m)\",\r\n      \"authorizedResources\": [\r\n        \"/subscriptions/80430018-24ee-4b28-a7bd-fb23b5a221d6/resourceGroups/ps8478/providers/microsoft.insights/components/ps4074\"\r\n      ],\r\n      \"dataSourceId\": \"/subscriptions/80430018-24ee-4b28-a7bd-fb23b5a221d6/resourceGroups/ps8478/providers/microsoft.insights/components/ps4074\",\r\n      \"queryType\": \"ResultCount\"\r\n    },\r\n    \"schedule\": {\r\n      \"frequencyInMinutes\": 5,\r\n      \"timeWindowInMinutes\": 5\r\n    },\r\n    \"action\": {\r\n      \"severity\": \"2\",\r\n      \"aznsAction\": {\r\n        \"actionGroup\": [\r\n          \"/subscriptions/80430018-24ee-4b28-a7bd-fb23b5a221d6/resourceGroups/ps8478/providers/microsoft.insights/actionGroups/ps598\"\r\n        ],\r\n        \"emailSubject\": \"SQR Log alert trigger notification\",\r\n        \"customWebhookPayload\": \"{}\"\r\n      },\r\n      \"throttlingInMin\": 5,\r\n      \"trigger\": {\r\n        \"thresholdOperator\": \"GreaterThan\",\r\n        \"threshold\": 5,\r\n        \"metricTrigger\": {\r\n          \"thresholdOperator\": \"GreaterThan\",\r\n          \"threshold\": 10,\r\n          \"metricTriggerType\": \"Total\",\r\n          \"metricColumn\": \"timestamp\"\r\n        }\r\n      },\r\n      \"odata.type\": \"Microsoft.WindowsAzure.Management.Monitoring.Alerts.Models.Microsoft.AppInsights.Nexus.DataContracts.Resources.ScheduledQueryRules.AlertingAction\"\r\n    }\r\n  }\r\n}",
      "StatusCode": 200
    },
    {
      "RequestUri": "/subscriptions/80430018-24ee-4b28-a7bd-fb23b5a221d6/resourcegroups/ps8478/providers/microsoft.insights/scheduledQueryRules/ps2?api-version=2018-04-16",
      "EncodedRequestUri": "L3N1YnNjcmlwdGlvbnMvODA0MzAwMTgtMjRlZS00YjI4LWE3YmQtZmIyM2I1YTIyMWQ2L3Jlc291cmNlZ3JvdXBzL3BzODQ3OC9wcm92aWRlcnMvbWljcm9zb2Z0Lmluc2lnaHRzL3NjaGVkdWxlZFF1ZXJ5UnVsZXMvcHMyP2FwaS12ZXJzaW9uPTIwMTgtMDQtMTY=",
      "RequestMethod": "DELETE",
      "RequestBody": "",
      "RequestHeaders": {
        "x-ms-client-request-id": [
          "c8e8ebbb-51ba-46d7-a682-4950d4b39205"
        ],
        "Accept-Language": [
          "en-US"
        ],
        "User-Agent": [
          "FxVersion/4.6.27817.01",
          "OSName/Windows",
          "OSVersion/Microsoft.Windows.10.0.18362.",
          "Microsoft.Azure.Management.Monitor.MonitorManagementClient/0.24.0.0"
        ]
      },
      "ResponseHeaders": {
        "Cache-Control": [
          "no-cache"
        ],
        "Pragma": [
          "no-cache"
        ],
        "Request-Context": [
          "appId=cid-v1:c13a1a07-630f-4f42-b89b-f5aedd031684"
        ],
        "Strict-Transport-Security": [
          "max-age=31536000; includeSubDomains"
        ],
        "X-Content-Type-Options": [
          "nosniff"
        ],
        "Server": [
          "Microsoft-IIS/10.0"
        ],
        "X-Powered-By": [
          "ASP.NET"
        ],
        "x-ms-ratelimit-remaining-subscription-deletes": [
          "14999"
        ],
        "x-ms-request-id": [
          "4005a8ed-a03f-463f-a033-b89a8199487d"
        ],
        "x-ms-correlation-request-id": [
          "4005a8ed-a03f-463f-a033-b89a8199487d"
        ],
        "x-ms-routing-request-id": [
          "UKSOUTH2:20190901T153258Z:4005a8ed-a03f-463f-a033-b89a8199487d"
        ],
        "Date": [
          "Sun, 01 Sep 2019 15:32:57 GMT"
        ],
        "Expires": [
          "-1"
        ],
        "Content-Length": [
          "0"
        ]
      },
      "ResponseBody": "",
      "StatusCode": 200
    },
    {
      "RequestUri": "/subscriptions/80430018-24ee-4b28-a7bd-fb23b5a221d6/resourcegroups/ps8478/providers/microsoft.insights/scheduledQueryRules/ps2?api-version=2018-04-16",
      "EncodedRequestUri": "L3N1YnNjcmlwdGlvbnMvODA0MzAwMTgtMjRlZS00YjI4LWE3YmQtZmIyM2I1YTIyMWQ2L3Jlc291cmNlZ3JvdXBzL3BzODQ3OC9wcm92aWRlcnMvbWljcm9zb2Z0Lmluc2lnaHRzL3NjaGVkdWxlZFF1ZXJ5UnVsZXMvcHMyP2FwaS12ZXJzaW9uPTIwMTgtMDQtMTY=",
      "RequestMethod": "DELETE",
      "RequestBody": "",
      "RequestHeaders": {
        "x-ms-client-request-id": [
          "4bf661e9-be9f-4d8c-b913-932f86c8ac87"
        ],
        "Accept-Language": [
          "en-US"
        ],
        "User-Agent": [
          "FxVersion/4.6.27817.01",
          "OSName/Windows",
          "OSVersion/Microsoft.Windows.10.0.18362.",
          "Microsoft.Azure.Management.Monitor.MonitorManagementClient/0.24.0.0"
        ]
      },
      "ResponseHeaders": {
        "Cache-Control": [
          "no-cache"
        ],
        "Pragma": [
          "no-cache"
        ],
        "Request-Context": [
          "appId=cid-v1:c13a1a07-630f-4f42-b89b-f5aedd031684"
        ],
        "Strict-Transport-Security": [
          "max-age=31536000; includeSubDomains"
        ],
        "X-Content-Type-Options": [
          "nosniff"
        ],
        "Server": [
          "Microsoft-IIS/10.0"
        ],
        "X-Powered-By": [
          "ASP.NET"
        ],
        "x-ms-ratelimit-remaining-subscription-deletes": [
          "14999"
        ],
        "x-ms-request-id": [
          "70a0cf4b-fa77-4a1f-9f1e-2244b6487bf1"
        ],
        "x-ms-correlation-request-id": [
          "70a0cf4b-fa77-4a1f-9f1e-2244b6487bf1"
        ],
        "x-ms-routing-request-id": [
          "UKSOUTH2:20190901T153259Z:70a0cf4b-fa77-4a1f-9f1e-2244b6487bf1"
        ],
        "Date": [
          "Sun, 01 Sep 2019 15:32:59 GMT"
        ],
        "Expires": [
          "-1"
        ]
      },
      "ResponseBody": "",
      "StatusCode": 204
    },
    {
      "RequestUri": "/subscriptions/80430018-24ee-4b28-a7bd-fb23b5a221d6/resourcegroups/ps8478/providers/microsoft.insights/scheduledQueryRules/ps2?api-version=2018-04-16",
      "EncodedRequestUri": "L3N1YnNjcmlwdGlvbnMvODA0MzAwMTgtMjRlZS00YjI4LWE3YmQtZmIyM2I1YTIyMWQ2L3Jlc291cmNlZ3JvdXBzL3BzODQ3OC9wcm92aWRlcnMvbWljcm9zb2Z0Lmluc2lnaHRzL3NjaGVkdWxlZFF1ZXJ5UnVsZXMvcHMyP2FwaS12ZXJzaW9uPTIwMTgtMDQtMTY=",
      "RequestMethod": "DELETE",
      "RequestBody": "",
      "RequestHeaders": {
        "x-ms-client-request-id": [
          "c1866efd-cf0c-4f5d-8a11-a01d8b94c26f"
        ],
        "Accept-Language": [
          "en-US"
        ],
        "User-Agent": [
          "FxVersion/4.6.27817.01",
          "OSName/Windows",
          "OSVersion/Microsoft.Windows.10.0.18362.",
          "Microsoft.Azure.Management.Monitor.MonitorManagementClient/0.24.0.0"
        ]
      },
      "ResponseHeaders": {
        "Cache-Control": [
          "no-cache"
        ],
        "Pragma": [
          "no-cache"
        ],
        "Request-Context": [
          "appId=cid-v1:c13a1a07-630f-4f42-b89b-f5aedd031684"
        ],
        "Strict-Transport-Security": [
          "max-age=31536000; includeSubDomains"
        ],
        "X-Content-Type-Options": [
          "nosniff"
        ],
        "Server": [
          "Microsoft-IIS/10.0"
        ],
        "X-Powered-By": [
          "ASP.NET"
        ],
        "x-ms-ratelimit-remaining-subscription-deletes": [
          "14999"
        ],
        "x-ms-request-id": [
          "36a08997-a9f0-42c8-904b-cec83221551e"
        ],
        "x-ms-correlation-request-id": [
          "36a08997-a9f0-42c8-904b-cec83221551e"
        ],
        "x-ms-routing-request-id": [
          "UKSOUTH2:20190901T153259Z:36a08997-a9f0-42c8-904b-cec83221551e"
        ],
        "Date": [
          "Sun, 01 Sep 2019 15:32:58 GMT"
        ],
        "Expires": [
          "-1"
        ]
      },
      "ResponseBody": "",
      "StatusCode": 204
    },
    {
      "RequestUri": "/subscriptions/80430018-24ee-4b28-a7bd-fb23b5a221d6/resourcegroups/ps8478?api-version=2016-09-01",
      "EncodedRequestUri": "L3N1YnNjcmlwdGlvbnMvODA0MzAwMTgtMjRlZS00YjI4LWE3YmQtZmIyM2I1YTIyMWQ2L3Jlc291cmNlZ3JvdXBzL3BzODQ3OD9hcGktdmVyc2lvbj0yMDE2LTA5LTAx",
      "RequestMethod": "DELETE",
      "RequestBody": "",
      "RequestHeaders": {
        "x-ms-client-request-id": [
          "02766c0d-a60a-4993-a23c-7703fca9890a"
        ],
        "Accept-Language": [
          "en-US"
        ],
        "User-Agent": [
          "FxVersion/4.6.27817.01",
          "OSName/Windows",
          "OSVersion/Microsoft.Windows.10.0.18362.",
          "Microsoft.Azure.Management.Internal.Resources.ResourceManagementClient/1.3.2"
        ]
      },
      "ResponseHeaders": {
        "Cache-Control": [
          "no-cache"
        ],
        "Pragma": [
          "no-cache"
        ],
        "Location": [
          "https://management.azure.com/subscriptions/80430018-24ee-4b28-a7bd-fb23b5a221d6/operationresults/eyJqb2JJZCI6IlJFU09VUkNFR1JPVVBERUxFVElPTkpPQi1QUzg0NzgtV0VTVFVTIiwiam9iTG9jYXRpb24iOiJ3ZXN0dXMifQ?api-version=2016-09-01"
        ],
        "Retry-After": [
          "15"
        ],
        "x-ms-ratelimit-remaining-subscription-deletes": [
          "14999"
        ],
        "x-ms-request-id": [
          "9467931e-2e6b-4960-a2e3-060579943917"
        ],
        "x-ms-correlation-request-id": [
          "9467931e-2e6b-4960-a2e3-060579943917"
        ],
        "x-ms-routing-request-id": [
          "UKSOUTH2:20190901T153258Z:9467931e-2e6b-4960-a2e3-060579943917"
        ],
        "Strict-Transport-Security": [
          "max-age=31536000; includeSubDomains"
        ],
        "X-Content-Type-Options": [
          "nosniff"
        ],
        "Date": [
          "Sun, 01 Sep 2019 15:32:57 GMT"
        ],
        "Expires": [
          "-1"
        ],
        "Content-Length": [
          "0"
        ]
      },
      "ResponseBody": "",
      "StatusCode": 202
    },
    {
      "RequestUri": "/subscriptions/80430018-24ee-4b28-a7bd-fb23b5a221d6/operationresults/eyJqb2JJZCI6IlJFU09VUkNFR1JPVVBERUxFVElPTkpPQi1QUzg0NzgtV0VTVFVTIiwiam9iTG9jYXRpb24iOiJ3ZXN0dXMifQ?api-version=2016-09-01",
      "EncodedRequestUri": "L3N1YnNjcmlwdGlvbnMvODA0MzAwMTgtMjRlZS00YjI4LWE3YmQtZmIyM2I1YTIyMWQ2L29wZXJhdGlvbnJlc3VsdHMvZXlKcWIySkpaQ0k2SWxKRlUwOVZVa05GUjFKUFZWQkVSVXhGVkVsUFRrcFBRaTFRVXpnME56Z3RWMFZUVkZWVElpd2lhbTlpVEc5allYUnBiMjRpT2lKM1pYTjBkWE1pZlE/YXBpLXZlcnNpb249MjAxNi0wOS0wMQ==",
      "RequestMethod": "GET",
      "RequestBody": "",
      "RequestHeaders": {
        "User-Agent": [
          "FxVersion/4.6.27817.01",
          "OSName/Windows",
          "OSVersion/Microsoft.Windows.10.0.18362.",
          "Microsoft.Azure.Management.Internal.Resources.ResourceManagementClient/1.3.2"
        ]
      },
      "ResponseHeaders": {
        "Cache-Control": [
          "no-cache"
        ],
        "Pragma": [
          "no-cache"
        ],
        "Location": [
          "https://management.azure.com/subscriptions/80430018-24ee-4b28-a7bd-fb23b5a221d6/operationresults/eyJqb2JJZCI6IlJFU09VUkNFR1JPVVBERUxFVElPTkpPQi1QUzg0NzgtV0VTVFVTIiwiam9iTG9jYXRpb24iOiJ3ZXN0dXMifQ?api-version=2016-09-01"
        ],
        "Retry-After": [
          "15"
        ],
        "x-ms-ratelimit-remaining-subscription-reads": [
          "11999"
        ],
        "x-ms-request-id": [
          "216d1327-964c-4a59-9671-e6dd6441cfda"
        ],
        "x-ms-correlation-request-id": [
          "216d1327-964c-4a59-9671-e6dd6441cfda"
        ],
        "x-ms-routing-request-id": [
          "UKSOUTH2:20190901T153314Z:216d1327-964c-4a59-9671-e6dd6441cfda"
        ],
        "Strict-Transport-Security": [
          "max-age=31536000; includeSubDomains"
        ],
        "X-Content-Type-Options": [
          "nosniff"
        ],
        "Date": [
          "Sun, 01 Sep 2019 15:33:13 GMT"
        ],
        "Expires": [
          "-1"
        ],
        "Content-Length": [
          "0"
        ]
      },
      "ResponseBody": "",
      "StatusCode": 202
    },
    {
      "RequestUri": "/subscriptions/80430018-24ee-4b28-a7bd-fb23b5a221d6/operationresults/eyJqb2JJZCI6IlJFU09VUkNFR1JPVVBERUxFVElPTkpPQi1QUzg0NzgtV0VTVFVTIiwiam9iTG9jYXRpb24iOiJ3ZXN0dXMifQ?api-version=2016-09-01",
      "EncodedRequestUri": "L3N1YnNjcmlwdGlvbnMvODA0MzAwMTgtMjRlZS00YjI4LWE3YmQtZmIyM2I1YTIyMWQ2L29wZXJhdGlvbnJlc3VsdHMvZXlKcWIySkpaQ0k2SWxKRlUwOVZVa05GUjFKUFZWQkVSVXhGVkVsUFRrcFBRaTFRVXpnME56Z3RWMFZUVkZWVElpd2lhbTlpVEc5allYUnBiMjRpT2lKM1pYTjBkWE1pZlE/YXBpLXZlcnNpb249MjAxNi0wOS0wMQ==",
      "RequestMethod": "GET",
      "RequestBody": "",
      "RequestHeaders": {
        "User-Agent": [
          "FxVersion/4.6.27817.01",
          "OSName/Windows",
          "OSVersion/Microsoft.Windows.10.0.18362.",
          "Microsoft.Azure.Management.Internal.Resources.ResourceManagementClient/1.3.2"
        ]
      },
      "ResponseHeaders": {
        "Cache-Control": [
          "no-cache"
        ],
        "Pragma": [
          "no-cache"
        ],
        "Location": [
          "https://management.azure.com/subscriptions/80430018-24ee-4b28-a7bd-fb23b5a221d6/operationresults/eyJqb2JJZCI6IlJFU09VUkNFR1JPVVBERUxFVElPTkpPQi1QUzg0NzgtV0VTVFVTIiwiam9iTG9jYXRpb24iOiJ3ZXN0dXMifQ?api-version=2016-09-01"
        ],
        "Retry-After": [
          "15"
        ],
        "x-ms-ratelimit-remaining-subscription-reads": [
          "11998"
        ],
        "x-ms-request-id": [
          "e4f43fc4-2b35-48b3-ac2a-44024689ce22"
        ],
        "x-ms-correlation-request-id": [
          "e4f43fc4-2b35-48b3-ac2a-44024689ce22"
        ],
        "x-ms-routing-request-id": [
          "UKSOUTH2:20190901T153329Z:e4f43fc4-2b35-48b3-ac2a-44024689ce22"
        ],
        "Strict-Transport-Security": [
          "max-age=31536000; includeSubDomains"
        ],
        "X-Content-Type-Options": [
          "nosniff"
        ],
        "Date": [
          "Sun, 01 Sep 2019 15:33:29 GMT"
        ],
        "Expires": [
          "-1"
        ],
        "Content-Length": [
          "0"
        ]
      },
      "ResponseBody": "",
      "StatusCode": 202
    },
    {
      "RequestUri": "/subscriptions/80430018-24ee-4b28-a7bd-fb23b5a221d6/operationresults/eyJqb2JJZCI6IlJFU09VUkNFR1JPVVBERUxFVElPTkpPQi1QUzg0NzgtV0VTVFVTIiwiam9iTG9jYXRpb24iOiJ3ZXN0dXMifQ?api-version=2016-09-01",
      "EncodedRequestUri": "L3N1YnNjcmlwdGlvbnMvODA0MzAwMTgtMjRlZS00YjI4LWE3YmQtZmIyM2I1YTIyMWQ2L29wZXJhdGlvbnJlc3VsdHMvZXlKcWIySkpaQ0k2SWxKRlUwOVZVa05GUjFKUFZWQkVSVXhGVkVsUFRrcFBRaTFRVXpnME56Z3RWMFZUVkZWVElpd2lhbTlpVEc5allYUnBiMjRpT2lKM1pYTjBkWE1pZlE/YXBpLXZlcnNpb249MjAxNi0wOS0wMQ==",
      "RequestMethod": "GET",
      "RequestBody": "",
      "RequestHeaders": {
        "User-Agent": [
          "FxVersion/4.6.27817.01",
          "OSName/Windows",
          "OSVersion/Microsoft.Windows.10.0.18362.",
          "Microsoft.Azure.Management.Internal.Resources.ResourceManagementClient/1.3.2"
        ]
      },
      "ResponseHeaders": {
        "Cache-Control": [
          "no-cache"
        ],
        "Pragma": [
          "no-cache"
        ],
        "Location": [
          "https://management.azure.com/subscriptions/80430018-24ee-4b28-a7bd-fb23b5a221d6/operationresults/eyJqb2JJZCI6IlJFU09VUkNFR1JPVVBERUxFVElPTkpPQi1QUzg0NzgtV0VTVFVTIiwiam9iTG9jYXRpb24iOiJ3ZXN0dXMifQ?api-version=2016-09-01"
        ],
        "Retry-After": [
          "15"
        ],
        "x-ms-ratelimit-remaining-subscription-reads": [
          "11997"
        ],
        "x-ms-request-id": [
          "1ac9c828-ac64-493d-abed-36f3651f5d5f"
        ],
        "x-ms-correlation-request-id": [
          "1ac9c828-ac64-493d-abed-36f3651f5d5f"
        ],
        "x-ms-routing-request-id": [
          "UKSOUTH2:20190901T153344Z:1ac9c828-ac64-493d-abed-36f3651f5d5f"
        ],
        "Strict-Transport-Security": [
          "max-age=31536000; includeSubDomains"
        ],
        "X-Content-Type-Options": [
          "nosniff"
        ],
        "Date": [
          "Sun, 01 Sep 2019 15:33:44 GMT"
        ],
        "Expires": [
          "-1"
        ],
        "Content-Length": [
          "0"
        ]
      },
      "ResponseBody": "",
      "StatusCode": 202
    },
    {
      "RequestUri": "/subscriptions/80430018-24ee-4b28-a7bd-fb23b5a221d6/operationresults/eyJqb2JJZCI6IlJFU09VUkNFR1JPVVBERUxFVElPTkpPQi1QUzg0NzgtV0VTVFVTIiwiam9iTG9jYXRpb24iOiJ3ZXN0dXMifQ?api-version=2016-09-01",
      "EncodedRequestUri": "L3N1YnNjcmlwdGlvbnMvODA0MzAwMTgtMjRlZS00YjI4LWE3YmQtZmIyM2I1YTIyMWQ2L29wZXJhdGlvbnJlc3VsdHMvZXlKcWIySkpaQ0k2SWxKRlUwOVZVa05GUjFKUFZWQkVSVXhGVkVsUFRrcFBRaTFRVXpnME56Z3RWMFZUVkZWVElpd2lhbTlpVEc5allYUnBiMjRpT2lKM1pYTjBkWE1pZlE/YXBpLXZlcnNpb249MjAxNi0wOS0wMQ==",
      "RequestMethod": "GET",
      "RequestBody": "",
      "RequestHeaders": {
        "User-Agent": [
          "FxVersion/4.6.27817.01",
          "OSName/Windows",
          "OSVersion/Microsoft.Windows.10.0.18362.",
          "Microsoft.Azure.Management.Internal.Resources.ResourceManagementClient/1.3.2"
        ]
      },
      "ResponseHeaders": {
        "Cache-Control": [
          "no-cache"
        ],
        "Pragma": [
          "no-cache"
        ],
        "Location": [
          "https://management.azure.com/subscriptions/80430018-24ee-4b28-a7bd-fb23b5a221d6/operationresults/eyJqb2JJZCI6IlJFU09VUkNFR1JPVVBERUxFVElPTkpPQi1QUzg0NzgtV0VTVFVTIiwiam9iTG9jYXRpb24iOiJ3ZXN0dXMifQ?api-version=2016-09-01"
        ],
        "Retry-After": [
          "15"
        ],
        "x-ms-ratelimit-remaining-subscription-reads": [
          "11996"
        ],
        "x-ms-request-id": [
          "6f5f6a64-516c-430c-903e-2e65dc1553cb"
        ],
        "x-ms-correlation-request-id": [
          "6f5f6a64-516c-430c-903e-2e65dc1553cb"
        ],
        "x-ms-routing-request-id": [
          "UKSOUTH2:20190901T153400Z:6f5f6a64-516c-430c-903e-2e65dc1553cb"
        ],
        "Strict-Transport-Security": [
          "max-age=31536000; includeSubDomains"
        ],
        "X-Content-Type-Options": [
          "nosniff"
        ],
        "Date": [
          "Sun, 01 Sep 2019 15:33:59 GMT"
        ],
        "Expires": [
          "-1"
        ],
        "Content-Length": [
          "0"
        ]
      },
      "ResponseBody": "",
      "StatusCode": 202
    },
    {
      "RequestUri": "/subscriptions/80430018-24ee-4b28-a7bd-fb23b5a221d6/operationresults/eyJqb2JJZCI6IlJFU09VUkNFR1JPVVBERUxFVElPTkpPQi1QUzg0NzgtV0VTVFVTIiwiam9iTG9jYXRpb24iOiJ3ZXN0dXMifQ?api-version=2016-09-01",
      "EncodedRequestUri": "L3N1YnNjcmlwdGlvbnMvODA0MzAwMTgtMjRlZS00YjI4LWE3YmQtZmIyM2I1YTIyMWQ2L29wZXJhdGlvbnJlc3VsdHMvZXlKcWIySkpaQ0k2SWxKRlUwOVZVa05GUjFKUFZWQkVSVXhGVkVsUFRrcFBRaTFRVXpnME56Z3RWMFZUVkZWVElpd2lhbTlpVEc5allYUnBiMjRpT2lKM1pYTjBkWE1pZlE/YXBpLXZlcnNpb249MjAxNi0wOS0wMQ==",
      "RequestMethod": "GET",
      "RequestBody": "",
      "RequestHeaders": {
        "User-Agent": [
          "FxVersion/4.6.27817.01",
          "OSName/Windows",
          "OSVersion/Microsoft.Windows.10.0.18362.",
          "Microsoft.Azure.Management.Internal.Resources.ResourceManagementClient/1.3.2"
        ]
      },
      "ResponseHeaders": {
        "Cache-Control": [
          "no-cache"
        ],
        "Pragma": [
          "no-cache"
        ],
        "Location": [
          "https://management.azure.com/subscriptions/80430018-24ee-4b28-a7bd-fb23b5a221d6/operationresults/eyJqb2JJZCI6IlJFU09VUkNFR1JPVVBERUxFVElPTkpPQi1QUzg0NzgtV0VTVFVTIiwiam9iTG9jYXRpb24iOiJ3ZXN0dXMifQ?api-version=2016-09-01"
        ],
        "Retry-After": [
          "15"
        ],
        "x-ms-ratelimit-remaining-subscription-reads": [
          "11995"
        ],
        "x-ms-request-id": [
          "c0edda77-788b-4cba-8565-82534a72ab67"
        ],
        "x-ms-correlation-request-id": [
          "c0edda77-788b-4cba-8565-82534a72ab67"
        ],
        "x-ms-routing-request-id": [
          "UKSOUTH2:20190901T153415Z:c0edda77-788b-4cba-8565-82534a72ab67"
        ],
        "Strict-Transport-Security": [
          "max-age=31536000; includeSubDomains"
        ],
        "X-Content-Type-Options": [
          "nosniff"
        ],
        "Date": [
          "Sun, 01 Sep 2019 15:34:14 GMT"
        ],
        "Expires": [
          "-1"
        ],
        "Content-Length": [
          "0"
        ]
      },
      "ResponseBody": "",
      "StatusCode": 202
    },
    {
      "RequestUri": "/subscriptions/80430018-24ee-4b28-a7bd-fb23b5a221d6/operationresults/eyJqb2JJZCI6IlJFU09VUkNFR1JPVVBERUxFVElPTkpPQi1QUzg0NzgtV0VTVFVTIiwiam9iTG9jYXRpb24iOiJ3ZXN0dXMifQ?api-version=2016-09-01",
      "EncodedRequestUri": "L3N1YnNjcmlwdGlvbnMvODA0MzAwMTgtMjRlZS00YjI4LWE3YmQtZmIyM2I1YTIyMWQ2L29wZXJhdGlvbnJlc3VsdHMvZXlKcWIySkpaQ0k2SWxKRlUwOVZVa05GUjFKUFZWQkVSVXhGVkVsUFRrcFBRaTFRVXpnME56Z3RWMFZUVkZWVElpd2lhbTlpVEc5allYUnBiMjRpT2lKM1pYTjBkWE1pZlE/YXBpLXZlcnNpb249MjAxNi0wOS0wMQ==",
      "RequestMethod": "GET",
      "RequestBody": "",
      "RequestHeaders": {
        "User-Agent": [
          "FxVersion/4.6.27817.01",
          "OSName/Windows",
          "OSVersion/Microsoft.Windows.10.0.18362.",
          "Microsoft.Azure.Management.Internal.Resources.ResourceManagementClient/1.3.2"
        ]
      },
      "ResponseHeaders": {
        "Cache-Control": [
          "no-cache"
        ],
        "Pragma": [
          "no-cache"
        ],
        "Location": [
          "https://management.azure.com/subscriptions/80430018-24ee-4b28-a7bd-fb23b5a221d6/operationresults/eyJqb2JJZCI6IlJFU09VUkNFR1JPVVBERUxFVElPTkpPQi1QUzg0NzgtV0VTVFVTIiwiam9iTG9jYXRpb24iOiJ3ZXN0dXMifQ?api-version=2016-09-01"
        ],
        "Retry-After": [
          "15"
        ],
        "x-ms-ratelimit-remaining-subscription-reads": [
          "11994"
        ],
        "x-ms-request-id": [
          "0f0e87d6-ec8b-4030-a819-004f2a171991"
        ],
        "x-ms-correlation-request-id": [
          "0f0e87d6-ec8b-4030-a819-004f2a171991"
        ],
        "x-ms-routing-request-id": [
          "UKSOUTH2:20190901T153431Z:0f0e87d6-ec8b-4030-a819-004f2a171991"
        ],
        "Strict-Transport-Security": [
          "max-age=31536000; includeSubDomains"
        ],
        "X-Content-Type-Options": [
          "nosniff"
        ],
        "Date": [
          "Sun, 01 Sep 2019 15:34:30 GMT"
        ],
        "Expires": [
          "-1"
        ],
        "Content-Length": [
          "0"
        ]
      },
      "ResponseBody": "",
      "StatusCode": 202
    },
    {
      "RequestUri": "/subscriptions/80430018-24ee-4b28-a7bd-fb23b5a221d6/operationresults/eyJqb2JJZCI6IlJFU09VUkNFR1JPVVBERUxFVElPTkpPQi1QUzg0NzgtV0VTVFVTIiwiam9iTG9jYXRpb24iOiJ3ZXN0dXMifQ?api-version=2016-09-01",
      "EncodedRequestUri": "L3N1YnNjcmlwdGlvbnMvODA0MzAwMTgtMjRlZS00YjI4LWE3YmQtZmIyM2I1YTIyMWQ2L29wZXJhdGlvbnJlc3VsdHMvZXlKcWIySkpaQ0k2SWxKRlUwOVZVa05GUjFKUFZWQkVSVXhGVkVsUFRrcFBRaTFRVXpnME56Z3RWMFZUVkZWVElpd2lhbTlpVEc5allYUnBiMjRpT2lKM1pYTjBkWE1pZlE/YXBpLXZlcnNpb249MjAxNi0wOS0wMQ==",
      "RequestMethod": "GET",
      "RequestBody": "",
      "RequestHeaders": {
        "User-Agent": [
          "FxVersion/4.6.27817.01",
          "OSName/Windows",
          "OSVersion/Microsoft.Windows.10.0.18362.",
          "Microsoft.Azure.Management.Internal.Resources.ResourceManagementClient/1.3.2"
        ]
      },
      "ResponseHeaders": {
        "Cache-Control": [
          "no-cache"
        ],
        "Pragma": [
          "no-cache"
        ],
        "Location": [
          "https://management.azure.com/subscriptions/80430018-24ee-4b28-a7bd-fb23b5a221d6/operationresults/eyJqb2JJZCI6IlJFU09VUkNFR1JPVVBERUxFVElPTkpPQi1QUzg0NzgtV0VTVFVTIiwiam9iTG9jYXRpb24iOiJ3ZXN0dXMifQ?api-version=2016-09-01"
        ],
        "Retry-After": [
          "15"
        ],
        "x-ms-ratelimit-remaining-subscription-reads": [
          "11993"
        ],
        "x-ms-request-id": [
          "614aede8-2c50-453c-a676-2eed355b8d1a"
        ],
        "x-ms-correlation-request-id": [
          "614aede8-2c50-453c-a676-2eed355b8d1a"
        ],
        "x-ms-routing-request-id": [
          "UKSOUTH2:20190901T153446Z:614aede8-2c50-453c-a676-2eed355b8d1a"
        ],
        "Strict-Transport-Security": [
          "max-age=31536000; includeSubDomains"
        ],
        "X-Content-Type-Options": [
          "nosniff"
        ],
        "Date": [
          "Sun, 01 Sep 2019 15:34:45 GMT"
        ],
        "Expires": [
          "-1"
        ],
        "Content-Length": [
          "0"
        ]
      },
      "ResponseBody": "",
      "StatusCode": 202
    },
    {
      "RequestUri": "/subscriptions/80430018-24ee-4b28-a7bd-fb23b5a221d6/operationresults/eyJqb2JJZCI6IlJFU09VUkNFR1JPVVBERUxFVElPTkpPQi1QUzg0NzgtV0VTVFVTIiwiam9iTG9jYXRpb24iOiJ3ZXN0dXMifQ?api-version=2016-09-01",
      "EncodedRequestUri": "L3N1YnNjcmlwdGlvbnMvODA0MzAwMTgtMjRlZS00YjI4LWE3YmQtZmIyM2I1YTIyMWQ2L29wZXJhdGlvbnJlc3VsdHMvZXlKcWIySkpaQ0k2SWxKRlUwOVZVa05GUjFKUFZWQkVSVXhGVkVsUFRrcFBRaTFRVXpnME56Z3RWMFZUVkZWVElpd2lhbTlpVEc5allYUnBiMjRpT2lKM1pYTjBkWE1pZlE/YXBpLXZlcnNpb249MjAxNi0wOS0wMQ==",
      "RequestMethod": "GET",
      "RequestBody": "",
      "RequestHeaders": {
        "User-Agent": [
          "FxVersion/4.6.27817.01",
          "OSName/Windows",
          "OSVersion/Microsoft.Windows.10.0.18362.",
          "Microsoft.Azure.Management.Internal.Resources.ResourceManagementClient/1.3.2"
        ]
      },
      "ResponseHeaders": {
        "Cache-Control": [
          "no-cache"
        ],
        "Pragma": [
          "no-cache"
        ],
        "x-ms-ratelimit-remaining-subscription-reads": [
          "11992"
        ],
        "x-ms-request-id": [
          "ca8c4b95-14dc-4a2f-8022-c83293d5e76e"
        ],
        "x-ms-correlation-request-id": [
          "ca8c4b95-14dc-4a2f-8022-c83293d5e76e"
        ],
        "x-ms-routing-request-id": [
          "UKSOUTH2:20190901T153501Z:ca8c4b95-14dc-4a2f-8022-c83293d5e76e"
        ],
        "Strict-Transport-Security": [
          "max-age=31536000; includeSubDomains"
        ],
        "X-Content-Type-Options": [
          "nosniff"
        ],
        "Date": [
          "Sun, 01 Sep 2019 15:35:01 GMT"
        ],
        "Expires": [
          "-1"
        ],
        "Content-Length": [
          "0"
        ]
      },
      "ResponseBody": "",
      "StatusCode": 200
    },
    {
      "RequestUri": "/subscriptions/80430018-24ee-4b28-a7bd-fb23b5a221d6/operationresults/eyJqb2JJZCI6IlJFU09VUkNFR1JPVVBERUxFVElPTkpPQi1QUzg0NzgtV0VTVFVTIiwiam9iTG9jYXRpb24iOiJ3ZXN0dXMifQ?api-version=2016-09-01",
      "EncodedRequestUri": "L3N1YnNjcmlwdGlvbnMvODA0MzAwMTgtMjRlZS00YjI4LWE3YmQtZmIyM2I1YTIyMWQ2L29wZXJhdGlvbnJlc3VsdHMvZXlKcWIySkpaQ0k2SWxKRlUwOVZVa05GUjFKUFZWQkVSVXhGVkVsUFRrcFBRaTFRVXpnME56Z3RWMFZUVkZWVElpd2lhbTlpVEc5allYUnBiMjRpT2lKM1pYTjBkWE1pZlE/YXBpLXZlcnNpb249MjAxNi0wOS0wMQ==",
      "RequestMethod": "GET",
      "RequestBody": "",
      "RequestHeaders": {
        "User-Agent": [
          "FxVersion/4.6.27817.01",
          "OSName/Windows",
          "OSVersion/Microsoft.Windows.10.0.18362.",
          "Microsoft.Azure.Management.Internal.Resources.ResourceManagementClient/1.3.2"
        ]
      },
      "ResponseHeaders": {
        "Cache-Control": [
          "no-cache"
        ],
        "Pragma": [
          "no-cache"
        ],
        "x-ms-ratelimit-remaining-subscription-reads": [
          "11991"
        ],
        "x-ms-request-id": [
          "f6bc0ac4-05e0-4219-9d95-6617f29f3872"
        ],
        "x-ms-correlation-request-id": [
          "f6bc0ac4-05e0-4219-9d95-6617f29f3872"
        ],
        "x-ms-routing-request-id": [
          "UKSOUTH2:20190901T153502Z:f6bc0ac4-05e0-4219-9d95-6617f29f3872"
        ],
        "Strict-Transport-Security": [
          "max-age=31536000; includeSubDomains"
        ],
        "X-Content-Type-Options": [
          "nosniff"
        ],
        "Date": [
          "Sun, 01 Sep 2019 15:35:01 GMT"
        ],
        "Expires": [
          "-1"
        ],
        "Content-Length": [
          "0"
        ]
      },
      "ResponseBody": "",
      "StatusCode": 200
    }
  ],
  "Names": {
    "Test-NewGetUpdateSetRemoveScheduledQueryRule": [
      "ps2",
      "ps7166",
      "ps4428",
      "ps8478",
      "ps4074",
      "ps598"
    ]
  },
  "Variables": {
    "SubscriptionId": "80430018-24ee-4b28-a7bd-fb23b5a221d6"
  }
}