{
  "Entries": [
    {
      "RequestUri": "/subscriptions/ad825170-845c-47db-8f00-11978947b089/resourcegroups/ps612?api-version=2016-09-01",
      "EncodedRequestUri": "L3N1YnNjcmlwdGlvbnMvYWQ4MjUxNzAtODQ1Yy00N2RiLThmMDAtMTE5Nzg5NDdiMDg5L3Jlc291cmNlZ3JvdXBzL3BzNjEyP2FwaS12ZXJzaW9uPTIwMTYtMDktMDE=",
      "RequestMethod": "PUT",
      "RequestBody": "{\r\n  \"location\": \"West US\"\r\n}",
      "RequestHeaders": {
        "x-ms-client-request-id": [
          "b595d0f6-da09-4ef6-a013-65e9685a8943"
        ],
        "Accept-Language": [
          "en-US"
        ],
        "User-Agent": [
          "FxVersion/4.6.27414.06",
          "OSName/Windows",
          "OSVersion/Microsoft.Windows.10.0.17763.",
          "Microsoft.Azure.Management.Internal.Resources.ResourceManagementClient/1.1.19"
        ],
        "Content-Type": [
          "application/json; charset=utf-8"
        ],
        "Content-Length": [
          "29"
        ]
      },
      "ResponseHeaders": {
        "Cache-Control": [
          "no-cache"
        ],
        "Pragma": [
          "no-cache"
        ],
        "x-ms-ratelimit-remaining-subscription-writes": [
          "1199"
        ],
        "x-ms-request-id": [
          "a0ef0252-73d7-42de-829e-33f9349a29ef"
        ],
        "x-ms-correlation-request-id": [
          "a0ef0252-73d7-42de-829e-33f9349a29ef"
        ],
        "x-ms-routing-request-id": [
          "SOUTHINDIA:20190422T175206Z:a0ef0252-73d7-42de-829e-33f9349a29ef"
        ],
        "Strict-Transport-Security": [
          "max-age=31536000; includeSubDomains"
        ],
        "X-Content-Type-Options": [
          "nosniff"
        ],
        "Date": [
          "Mon, 22 Apr 2019 17:52:06 GMT"
        ],
        "Content-Length": [
          "163"
        ],
        "Content-Type": [
          "application/json; charset=utf-8"
        ],
        "Expires": [
          "-1"
        ]
      },
      "ResponseBody": "{\r\n  \"id\": \"/subscriptions/ad825170-845c-47db-8f00-11978947b089/resourceGroups/ps612\",\r\n  \"name\": \"ps612\",\r\n  \"location\": \"westus\",\r\n  \"properties\": {\r\n    \"provisioningState\": \"Succeeded\"\r\n  }\r\n}",
      "StatusCode": 201
    },
    {
      "RequestUri": "/subscriptions/ad825170-845c-47db-8f00-11978947b089/resourceGroups/ps612/providers/microsoft.insights/components/ps5801?api-version=2015-05-01",
      "EncodedRequestUri": "L3N1YnNjcmlwdGlvbnMvYWQ4MjUxNzAtODQ1Yy00N2RiLThmMDAtMTE5Nzg5NDdiMDg5L3Jlc291cmNlR3JvdXBzL3BzNjEyL3Byb3ZpZGVycy9taWNyb3NvZnQuaW5zaWdodHMvY29tcG9uZW50cy9wczU4MDE/YXBpLXZlcnNpb249MjAxNS0wNS0wMQ==",
      "RequestMethod": "GET",
      "RequestBody": "",
      "RequestHeaders": {
        "x-ms-client-request-id": [
          "23732e11-9237-40f6-9aa5-4b6acce129b3"
        ],
        "Accept-Language": [
          "en-US"
        ],
        "User-Agent": [
          "FxVersion/4.6.27414.06",
          "OSName/Windows",
          "OSVersion/Microsoft.Windows.10.0.17763.",
          "Microsoft.Azure.Management.ApplicationInsights.Management.ApplicationInsightsManagementClient/0.2.0.0"
        ]
      },
      "ResponseHeaders": {
        "Cache-Control": [
          "no-cache"
        ],
        "Pragma": [
          "no-cache"
        ],
        "x-ms-failure-cause": [
          "gateway"
        ],
        "x-ms-request-id": [
          "4ccf7e34-a82f-420d-9958-97f83689c5a9"
        ],
        "x-ms-correlation-request-id": [
          "4ccf7e34-a82f-420d-9958-97f83689c5a9"
        ],
        "x-ms-routing-request-id": [
          "SOUTHINDIA:20190422T175207Z:4ccf7e34-a82f-420d-9958-97f83689c5a9"
        ],
        "Strict-Transport-Security": [
          "max-age=31536000; includeSubDomains"
        ],
        "X-Content-Type-Options": [
          "nosniff"
        ],
        "Date": [
          "Mon, 22 Apr 2019 17:52:07 GMT"
        ],
        "Content-Type": [
          "application/json; charset=utf-8"
        ],
        "Expires": [
          "-1"
        ],
        "Content-Length": [
          "145"
        ]
      },
      "ResponseBody": "{\r\n  \"error\": {\r\n    \"code\": \"ResourceNotFound\",\r\n    \"message\": \"The Resource 'microsoft.insights/components/ps5801' under resource group 'ps612' was not found.\"\r\n  }\r\n}",
      "StatusCode": 404
    },
    {
      "RequestUri": "/subscriptions/ad825170-845c-47db-8f00-11978947b089/resourceGroups/ps612/providers/microsoft.insights/components/ps5801?api-version=2015-05-01",
      "EncodedRequestUri": "L3N1YnNjcmlwdGlvbnMvYWQ4MjUxNzAtODQ1Yy00N2RiLThmMDAtMTE5Nzg5NDdiMDg5L3Jlc291cmNlR3JvdXBzL3BzNjEyL3Byb3ZpZGVycy9taWNyb3NvZnQuaW5zaWdodHMvY29tcG9uZW50cy9wczU4MDE/YXBpLXZlcnNpb249MjAxNS0wNS0wMQ==",
      "RequestMethod": "PUT",
      "RequestBody": "{\r\n  \"kind\": \"web\",\r\n  \"properties\": {\r\n    \"Application_Type\": \"web\",\r\n    \"Request_Source\": \"AzurePowerShell\"\r\n  },\r\n  \"location\": \"West US\"\r\n}",
      "RequestHeaders": {
        "x-ms-client-request-id": [
          "094c921e-f3ed-42a7-aad0-ce90a020f354"
        ],
        "Accept-Language": [
          "en-US"
        ],
        "User-Agent": [
          "FxVersion/4.6.27414.06",
          "OSName/Windows",
          "OSVersion/Microsoft.Windows.10.0.17763.",
          "Microsoft.Azure.Management.ApplicationInsights.Management.ApplicationInsightsManagementClient/0.2.0.0"
        ],
        "Content-Type": [
          "application/json; charset=utf-8"
        ],
        "Content-Length": [
          "145"
        ]
      },
      "ResponseHeaders": {
        "Cache-Control": [
          "no-cache"
        ],
        "Pragma": [
          "no-cache"
        ],
        "x-ms-request-id": [
          "094c921e-f3ed-42a7-aad0-ce90a020f354"
        ],
        "X-Content-Type-Options": [
          "nosniff"
        ],
        "Request-Context": [
          "appId=cid-v1:920e14b1-13f3-461a-a4bb-b4fe6f1a4525"
        ],
        "Access-Control-Expose-Headers": [
          "Request-Context"
        ],
        "Strict-Transport-Security": [
          "max-age=31536000; includeSubDomains"
        ],
        "Server": [
          "Microsoft-IIS/10.0"
        ],
        "X-Powered-By": [
          "ASP.NET"
        ],
        "x-ms-ratelimit-remaining-subscription-writes": [
          "1198"
        ],
        "x-ms-correlation-request-id": [
          "8ae97960-5d7f-4af0-b2a5-1a1555f1d378"
        ],
        "x-ms-routing-request-id": [
          "SOUTHINDIA:20190422T175215Z:8ae97960-5d7f-4af0-b2a5-1a1555f1d378"
        ],
        "Date": [
          "Mon, 22 Apr 2019 17:52:15 GMT"
        ],
        "Content-Length": [
          "793"
        ],
        "Content-Type": [
          "application/json; charset=utf-8"
        ],
        "Expires": [
          "-1"
        ]
      },
      "ResponseBody": "{\r\n  \"id\": \"/subscriptions/ad825170-845c-47db-8f00-11978947b089/resourceGroups/ps612/providers/microsoft.insights/components/ps5801\",\r\n  \"name\": \"ps5801\",\r\n  \"type\": \"microsoft.insights/components\",\r\n  \"location\": \"westus\",\r\n  \"tags\": {},\r\n  \"kind\": \"web\",\r\n  \"etag\": \"\\\"0e00da64-0000-0700-0000-5cbdff4c0000\\\"\",\r\n  \"properties\": {\r\n    \"Ver\": \"v2\",\r\n    \"ApplicationId\": \"ps5801\",\r\n    \"AppId\": \"26a081c7-c23d-4954-9974-6f4d7ec6162b\",\r\n    \"Application_Type\": \"web\",\r\n    \"Flow_Type\": null,\r\n    \"Request_Source\": \"AzurePowerShell\",\r\n    \"InstrumentationKey\": \"bef2d7fb-244f-4db7-bdaf-a409b867cf31\",\r\n    \"Name\": \"ps5801\",\r\n    \"CreationDate\": \"2019-04-22T23:22:12.0262215+05:30\",\r\n    \"PackageId\": null,\r\n    \"TenantId\": \"ee4a95f8-79e8-4366-99c9-0a98bbbc9c32\",\r\n    \"HockeyAppId\": null,\r\n    \"HockeyAppToken\": null,\r\n    \"provisioningState\": \"Succeeded\",\r\n    \"SamplingPercentage\": null,\r\n    \"CustomMetricsOptedInType\": null,\r\n    \"Retention\": null\r\n  }\r\n}",
      "StatusCode": 200
    },
    {
      "RequestUri": "/subscriptions/ad825170-845c-47db-8f00-11978947b089/resourceGroups/ps612/providers/microsoft.insights/actionGroups/ps298?api-version=2018-03-01",
      "EncodedRequestUri": "L3N1YnNjcmlwdGlvbnMvYWQ4MjUxNzAtODQ1Yy00N2RiLThmMDAtMTE5Nzg5NDdiMDg5L3Jlc291cmNlR3JvdXBzL3BzNjEyL3Byb3ZpZGVycy9taWNyb3NvZnQuaW5zaWdodHMvYWN0aW9uR3JvdXBzL3BzMjk4P2FwaS12ZXJzaW9uPTIwMTgtMDMtMDE=",
      "RequestMethod": "PUT",
      "RequestBody": "{\r\n  \"properties\": {\r\n    \"groupShortName\": \"ASTG\",\r\n    \"enabled\": true,\r\n    \"emailReceivers\": [\r\n      {\r\n        \"name\": \"user1\",\r\n        \"emailAddress\": \"user1@example.com\"\r\n      }\r\n    ],\r\n    \"smsReceivers\": [],\r\n    \"webhookReceivers\": []\r\n  },\r\n  \"location\": \"Global\"\r\n}",
      "RequestHeaders": {
        "x-ms-client-request-id": [
          "3228c290-02a9-40df-af9f-00665dca6e98"
        ],
        "Accept-Language": [
          "en-US"
        ],
        "User-Agent": [
          "FxVersion/4.6.27414.06",
          "OSName/Windows",
          "OSVersion/Microsoft.Windows.10.0.17763.",
          "Microsoft.Azure.Management.Monitor.MonitorManagementClient/0.22.0.0"
        ],
        "Content-Type": [
          "application/json; charset=utf-8"
        ],
        "Content-Length": [
          "281"
        ]
      },
      "ResponseHeaders": {
        "Cache-Control": [
          "no-cache"
        ],
        "Pragma": [
          "no-cache"
        ],
        "Strict-Transport-Security": [
          "max-age=31536000; includeSubDomains"
        ],
        "x-ms-request-id": [
          "5bd263a6-a1e6-41fa-847d-c295fe9d26ac"
        ],
        "Server": [
          "Microsoft-IIS/8.5"
        ],
        "x-ms-ratelimit-remaining-subscription-writes": [
          "1199"
        ],
        "x-ms-correlation-request-id": [
          "e23ef97d-b4e9-4f11-8632-7462ddca9a08"
        ],
        "x-ms-routing-request-id": [
          "SOUTHINDIA:20190422T175220Z:e23ef97d-b4e9-4f11-8632-7462ddca9a08"
        ],
        "X-Content-Type-Options": [
          "nosniff"
        ],
        "Date": [
          "Mon, 22 Apr 2019 17:52:20 GMT"
        ],
        "Content-Length": [
          "629"
        ],
        "Content-Type": [
          "application/json; charset=utf-8"
        ],
        "Expires": [
          "-1"
        ]
      },
      "ResponseBody": "{\r\n  \"id\": \"/subscriptions/ad825170-845c-47db-8f00-11978947b089/resourceGroups/ps612/providers/microsoft.insights/actionGroups/ps298\",\r\n  \"type\": \"Microsoft.Insights/ActionGroups\",\r\n  \"name\": \"ps298\",\r\n  \"location\": \"Global\",\r\n  \"kind\": null,\r\n  \"tags\": null,\r\n  \"properties\": {\r\n    \"groupShortName\": \"ASTG\",\r\n    \"enabled\": true,\r\n    \"emailReceivers\": [\r\n      {\r\n        \"name\": \"user1\",\r\n        \"emailAddress\": \"user1@example.com\",\r\n        \"status\": \"Enabled\",\r\n        \"useCommonAlertSchema\": false\r\n      }\r\n    ],\r\n    \"smsReceivers\": [],\r\n    \"webhookReceivers\": [],\r\n    \"itsmReceivers\": [],\r\n    \"azureAppPushReceivers\": [],\r\n    \"automationRunbookReceivers\": [],\r\n    \"voiceReceivers\": [],\r\n    \"logicAppReceivers\": [],\r\n    \"azureFunctionReceivers\": [],\r\n    \"armRoleReceivers\": []\r\n  },\r\n  \"identity\": null\r\n}",
      "StatusCode": 201
    },
    {
      "RequestUri": "/subscriptions/ad825170-845c-47db-8f00-11978947b089/resourcegroups/ps612?api-version=2016-09-01",
      "EncodedRequestUri": "L3N1YnNjcmlwdGlvbnMvYWQ4MjUxNzAtODQ1Yy00N2RiLThmMDAtMTE5Nzg5NDdiMDg5L3Jlc291cmNlZ3JvdXBzL3BzNjEyP2FwaS12ZXJzaW9uPTIwMTYtMDktMDE=",
      "RequestMethod": "DELETE",
      "RequestBody": "",
      "RequestHeaders": {
        "x-ms-client-request-id": [
          "958997ae-e4cb-4bad-a1f7-3811b7fd8076"
        ],
        "Accept-Language": [
          "en-US"
        ],
        "User-Agent": [
          "FxVersion/4.6.27414.06",
          "OSName/Windows",
          "OSVersion/Microsoft.Windows.10.0.17763.",
          "Microsoft.Azure.Management.Internal.Resources.ResourceManagementClient/1.1.19"
        ]
      },
      "ResponseHeaders": {
        "Cache-Control": [
          "no-cache"
        ],
        "Pragma": [
          "no-cache"
        ],
        "Location": [
          "https://management.azure.com/subscriptions/ad825170-845c-47db-8f00-11978947b089/operationresults/eyJqb2JJZCI6IlJFU09VUkNFR1JPVVBERUxFVElPTkpPQi1QUzYxMi1XRVNUVVMiLCJqb2JMb2NhdGlvbiI6Indlc3R1cyJ9?api-version=2016-09-01"
        ],
        "Retry-After": [
          "15"
        ],
        "x-ms-ratelimit-remaining-subscription-deletes": [
          "14999"
        ],
        "x-ms-request-id": [
          "9ba2263e-2868-4200-ac7e-1d7477fefe95"
        ],
        "x-ms-correlation-request-id": [
          "9ba2263e-2868-4200-ac7e-1d7477fefe95"
        ],
        "x-ms-routing-request-id": [
          "SOUTHINDIA:20190422T175224Z:9ba2263e-2868-4200-ac7e-1d7477fefe95"
        ],
        "Strict-Transport-Security": [
          "max-age=31536000; includeSubDomains"
        ],
        "X-Content-Type-Options": [
          "nosniff"
        ],
        "Date": [
          "Mon, 22 Apr 2019 17:52:24 GMT"
        ],
        "Expires": [
          "-1"
        ],
        "Content-Length": [
          "0"
        ]
      },
      "ResponseBody": "",
      "StatusCode": 202
    },
    {
      "RequestUri": "/subscriptions/ad825170-845c-47db-8f00-11978947b089/operationresults/eyJqb2JJZCI6IlJFU09VUkNFR1JPVVBERUxFVElPTkpPQi1QUzYxMi1XRVNUVVMiLCJqb2JMb2NhdGlvbiI6Indlc3R1cyJ9?api-version=2016-09-01",
      "EncodedRequestUri": "L3N1YnNjcmlwdGlvbnMvYWQ4MjUxNzAtODQ1Yy00N2RiLThmMDAtMTE5Nzg5NDdiMDg5L29wZXJhdGlvbnJlc3VsdHMvZXlKcWIySkpaQ0k2SWxKRlUwOVZVa05GUjFKUFZWQkVSVXhGVkVsUFRrcFBRaTFRVXpZeE1pMVhSVk5VVlZNaUxDSnFiMkpNYjJOaGRHbHZiaUk2SW5kbGMzUjFjeUo5P2FwaS12ZXJzaW9uPTIwMTYtMDktMDE=",
      "RequestMethod": "GET",
      "RequestBody": "",
      "RequestHeaders": {
        "User-Agent": [
          "FxVersion/4.6.27414.06",
          "OSName/Windows",
          "OSVersion/Microsoft.Windows.10.0.17763.",
          "Microsoft.Azure.Management.Internal.Resources.ResourceManagementClient/1.1.19"
        ]
      },
      "ResponseHeaders": {
        "Cache-Control": [
          "no-cache"
        ],
        "Pragma": [
          "no-cache"
        ],
        "Location": [
          "https://management.azure.com/subscriptions/ad825170-845c-47db-8f00-11978947b089/operationresults/eyJqb2JJZCI6IlJFU09VUkNFR1JPVVBERUxFVElPTkpPQi1QUzYxMi1XRVNUVVMiLCJqb2JMb2NhdGlvbiI6Indlc3R1cyJ9?api-version=2016-09-01"
        ],
        "Retry-After": [
          "15"
        ],
        "x-ms-ratelimit-remaining-subscription-reads": [
          "11990"
        ],
        "x-ms-request-id": [
          "114eda85-816b-459d-91ea-e5fbe30fca90"
        ],
        "x-ms-correlation-request-id": [
          "114eda85-816b-459d-91ea-e5fbe30fca90"
        ],
        "x-ms-routing-request-id": [
          "SOUTHINDIA:20190422T175240Z:114eda85-816b-459d-91ea-e5fbe30fca90"
        ],
        "Strict-Transport-Security": [
          "max-age=31536000; includeSubDomains"
        ],
        "X-Content-Type-Options": [
          "nosniff"
        ],
        "Date": [
          "Mon, 22 Apr 2019 17:52:39 GMT"
        ],
        "Expires": [
          "-1"
        ],
        "Content-Length": [
          "0"
        ]
      },
      "ResponseBody": "",
      "StatusCode": 202
    },
    {
      "RequestUri": "/subscriptions/ad825170-845c-47db-8f00-11978947b089/operationresults/eyJqb2JJZCI6IlJFU09VUkNFR1JPVVBERUxFVElPTkpPQi1QUzYxMi1XRVNUVVMiLCJqb2JMb2NhdGlvbiI6Indlc3R1cyJ9?api-version=2016-09-01",
      "EncodedRequestUri": "L3N1YnNjcmlwdGlvbnMvYWQ4MjUxNzAtODQ1Yy00N2RiLThmMDAtMTE5Nzg5NDdiMDg5L29wZXJhdGlvbnJlc3VsdHMvZXlKcWIySkpaQ0k2SWxKRlUwOVZVa05GUjFKUFZWQkVSVXhGVkVsUFRrcFBRaTFRVXpZeE1pMVhSVk5VVlZNaUxDSnFiMkpNYjJOaGRHbHZiaUk2SW5kbGMzUjFjeUo5P2FwaS12ZXJzaW9uPTIwMTYtMDktMDE=",
      "RequestMethod": "GET",
      "RequestBody": "",
      "RequestHeaders": {
        "User-Agent": [
          "FxVersion/4.6.27414.06",
          "OSName/Windows",
          "OSVersion/Microsoft.Windows.10.0.17763.",
          "Microsoft.Azure.Management.Internal.Resources.ResourceManagementClient/1.1.19"
        ]
      },
      "ResponseHeaders": {
        "Cache-Control": [
          "no-cache"
        ],
        "Pragma": [
          "no-cache"
        ],
        "Location": [
          "https://management.azure.com/subscriptions/ad825170-845c-47db-8f00-11978947b089/operationresults/eyJqb2JJZCI6IlJFU09VUkNFR1JPVVBERUxFVElPTkpPQi1QUzYxMi1XRVNUVVMiLCJqb2JMb2NhdGlvbiI6Indlc3R1cyJ9?api-version=2016-09-01"
        ],
        "Retry-After": [
          "15"
        ],
        "x-ms-ratelimit-remaining-subscription-reads": [
          "11989"
        ],
        "x-ms-request-id": [
          "5410abb9-8695-42a7-ae45-aa956fbe93a4"
        ],
        "x-ms-correlation-request-id": [
          "5410abb9-8695-42a7-ae45-aa956fbe93a4"
        ],
        "x-ms-routing-request-id": [
          "SOUTHINDIA:20190422T175255Z:5410abb9-8695-42a7-ae45-aa956fbe93a4"
        ],
        "Strict-Transport-Security": [
          "max-age=31536000; includeSubDomains"
        ],
        "X-Content-Type-Options": [
          "nosniff"
        ],
        "Date": [
          "Mon, 22 Apr 2019 17:52:54 GMT"
        ],
        "Expires": [
          "-1"
        ],
        "Content-Length": [
          "0"
        ]
      },
      "ResponseBody": "",
      "StatusCode": 202
    },
    {
      "RequestUri": "/subscriptions/ad825170-845c-47db-8f00-11978947b089/operationresults/eyJqb2JJZCI6IlJFU09VUkNFR1JPVVBERUxFVElPTkpPQi1QUzYxMi1XRVNUVVMiLCJqb2JMb2NhdGlvbiI6Indlc3R1cyJ9?api-version=2016-09-01",
      "EncodedRequestUri": "L3N1YnNjcmlwdGlvbnMvYWQ4MjUxNzAtODQ1Yy00N2RiLThmMDAtMTE5Nzg5NDdiMDg5L29wZXJhdGlvbnJlc3VsdHMvZXlKcWIySkpaQ0k2SWxKRlUwOVZVa05GUjFKUFZWQkVSVXhGVkVsUFRrcFBRaTFRVXpZeE1pMVhSVk5VVlZNaUxDSnFiMkpNYjJOaGRHbHZiaUk2SW5kbGMzUjFjeUo5P2FwaS12ZXJzaW9uPTIwMTYtMDktMDE=",
      "RequestMethod": "GET",
      "RequestBody": "",
      "RequestHeaders": {
        "User-Agent": [
          "FxVersion/4.6.27414.06",
          "OSName/Windows",
          "OSVersion/Microsoft.Windows.10.0.17763.",
          "Microsoft.Azure.Management.Internal.Resources.ResourceManagementClient/1.1.19"
        ]
      },
      "ResponseHeaders": {
        "Cache-Control": [
          "no-cache"
        ],
        "Pragma": [
          "no-cache"
        ],
        "Location": [
          "https://management.azure.com/subscriptions/ad825170-845c-47db-8f00-11978947b089/operationresults/eyJqb2JJZCI6IlJFU09VUkNFR1JPVVBERUxFVElPTkpPQi1QUzYxMi1XRVNUVVMiLCJqb2JMb2NhdGlvbiI6Indlc3R1cyJ9?api-version=2016-09-01"
        ],
        "Retry-After": [
          "15"
        ],
        "x-ms-ratelimit-remaining-subscription-reads": [
          "11988"
        ],
        "x-ms-request-id": [
          "d6f5ad20-a10f-47ce-8651-71a3e4917330"
        ],
        "x-ms-correlation-request-id": [
          "d6f5ad20-a10f-47ce-8651-71a3e4917330"
        ],
        "x-ms-routing-request-id": [
          "SOUTHINDIA:20190422T175310Z:d6f5ad20-a10f-47ce-8651-71a3e4917330"
        ],
        "Strict-Transport-Security": [
          "max-age=31536000; includeSubDomains"
        ],
        "X-Content-Type-Options": [
          "nosniff"
        ],
        "Date": [
          "Mon, 22 Apr 2019 17:53:10 GMT"
        ],
        "Expires": [
          "-1"
        ],
        "Content-Length": [
          "0"
        ]
      },
      "ResponseBody": "",
      "StatusCode": 202
    },
    {
      "RequestUri": "/subscriptions/ad825170-845c-47db-8f00-11978947b089/operationresults/eyJqb2JJZCI6IlJFU09VUkNFR1JPVVBERUxFVElPTkpPQi1QUzYxMi1XRVNUVVMiLCJqb2JMb2NhdGlvbiI6Indlc3R1cyJ9?api-version=2016-09-01",
      "EncodedRequestUri": "L3N1YnNjcmlwdGlvbnMvYWQ4MjUxNzAtODQ1Yy00N2RiLThmMDAtMTE5Nzg5NDdiMDg5L29wZXJhdGlvbnJlc3VsdHMvZXlKcWIySkpaQ0k2SWxKRlUwOVZVa05GUjFKUFZWQkVSVXhGVkVsUFRrcFBRaTFRVXpZeE1pMVhSVk5VVlZNaUxDSnFiMkpNYjJOaGRHbHZiaUk2SW5kbGMzUjFjeUo5P2FwaS12ZXJzaW9uPTIwMTYtMDktMDE=",
      "RequestMethod": "GET",
      "RequestBody": "",
      "RequestHeaders": {
        "User-Agent": [
          "FxVersion/4.6.27414.06",
          "OSName/Windows",
          "OSVersion/Microsoft.Windows.10.0.17763.",
          "Microsoft.Azure.Management.Internal.Resources.ResourceManagementClient/1.1.19"
        ]
      },
      "ResponseHeaders": {
        "Cache-Control": [
          "no-cache"
        ],
        "Pragma": [
          "no-cache"
        ],
        "Location": [
          "https://management.azure.com/subscriptions/ad825170-845c-47db-8f00-11978947b089/operationresults/eyJqb2JJZCI6IlJFU09VUkNFR1JPVVBERUxFVElPTkpPQi1QUzYxMi1XRVNUVVMiLCJqb2JMb2NhdGlvbiI6Indlc3R1cyJ9?api-version=2016-09-01"
        ],
        "Retry-After": [
          "15"
        ],
        "x-ms-ratelimit-remaining-subscription-reads": [
          "11987"
        ],
        "x-ms-request-id": [
          "e527025a-b0a4-44ff-9a1f-34579b596121"
        ],
        "x-ms-correlation-request-id": [
          "e527025a-b0a4-44ff-9a1f-34579b596121"
        ],
        "x-ms-routing-request-id": [
          "SOUTHINDIA:20190422T175326Z:e527025a-b0a4-44ff-9a1f-34579b596121"
        ],
        "Strict-Transport-Security": [
          "max-age=31536000; includeSubDomains"
        ],
        "X-Content-Type-Options": [
          "nosniff"
        ],
        "Date": [
          "Mon, 22 Apr 2019 17:53:26 GMT"
        ],
        "Expires": [
          "-1"
        ],
        "Content-Length": [
          "0"
        ]
      },
      "ResponseBody": "",
      "StatusCode": 202
    },
    {
      "RequestUri": "/subscriptions/ad825170-845c-47db-8f00-11978947b089/operationresults/eyJqb2JJZCI6IlJFU09VUkNFR1JPVVBERUxFVElPTkpPQi1QUzYxMi1XRVNUVVMiLCJqb2JMb2NhdGlvbiI6Indlc3R1cyJ9?api-version=2016-09-01",
      "EncodedRequestUri": "L3N1YnNjcmlwdGlvbnMvYWQ4MjUxNzAtODQ1Yy00N2RiLThmMDAtMTE5Nzg5NDdiMDg5L29wZXJhdGlvbnJlc3VsdHMvZXlKcWIySkpaQ0k2SWxKRlUwOVZVa05GUjFKUFZWQkVSVXhGVkVsUFRrcFBRaTFRVXpZeE1pMVhSVk5VVlZNaUxDSnFiMkpNYjJOaGRHbHZiaUk2SW5kbGMzUjFjeUo5P2FwaS12ZXJzaW9uPTIwMTYtMDktMDE=",
      "RequestMethod": "GET",
      "RequestBody": "",
      "RequestHeaders": {
        "User-Agent": [
          "FxVersion/4.6.27414.06",
          "OSName/Windows",
          "OSVersion/Microsoft.Windows.10.0.17763.",
          "Microsoft.Azure.Management.Internal.Resources.ResourceManagementClient/1.1.19"
        ]
      },
      "ResponseHeaders": {
        "Cache-Control": [
          "no-cache"
        ],
        "Pragma": [
          "no-cache"
        ],
        "Location": [
          "https://management.azure.com/subscriptions/ad825170-845c-47db-8f00-11978947b089/operationresults/eyJqb2JJZCI6IlJFU09VUkNFR1JPVVBERUxFVElPTkpPQi1QUzYxMi1XRVNUVVMiLCJqb2JMb2NhdGlvbiI6Indlc3R1cyJ9?api-version=2016-09-01"
        ],
        "Retry-After": [
          "15"
        ],
        "x-ms-ratelimit-remaining-subscription-reads": [
          "11986"
        ],
        "x-ms-request-id": [
          "b5a81334-c512-4e66-a6c7-2c81662cda11"
        ],
        "x-ms-correlation-request-id": [
          "b5a81334-c512-4e66-a6c7-2c81662cda11"
        ],
        "x-ms-routing-request-id": [
          "SOUTHINDIA:20190422T175341Z:b5a81334-c512-4e66-a6c7-2c81662cda11"
        ],
        "Strict-Transport-Security": [
          "max-age=31536000; includeSubDomains"
        ],
        "X-Content-Type-Options": [
          "nosniff"
        ],
        "Date": [
          "Mon, 22 Apr 2019 17:53:41 GMT"
        ],
        "Expires": [
          "-1"
        ],
        "Content-Length": [
          "0"
        ]
      },
      "ResponseBody": "",
      "StatusCode": 202
    },
    {
      "RequestUri": "/subscriptions/ad825170-845c-47db-8f00-11978947b089/operationresults/eyJqb2JJZCI6IlJFU09VUkNFR1JPVVBERUxFVElPTkpPQi1QUzYxMi1XRVNUVVMiLCJqb2JMb2NhdGlvbiI6Indlc3R1cyJ9?api-version=2016-09-01",
      "EncodedRequestUri": "L3N1YnNjcmlwdGlvbnMvYWQ4MjUxNzAtODQ1Yy00N2RiLThmMDAtMTE5Nzg5NDdiMDg5L29wZXJhdGlvbnJlc3VsdHMvZXlKcWIySkpaQ0k2SWxKRlUwOVZVa05GUjFKUFZWQkVSVXhGVkVsUFRrcFBRaTFRVXpZeE1pMVhSVk5VVlZNaUxDSnFiMkpNYjJOaGRHbHZiaUk2SW5kbGMzUjFjeUo5P2FwaS12ZXJzaW9uPTIwMTYtMDktMDE=",
      "RequestMethod": "GET",
      "RequestBody": "",
      "RequestHeaders": {
        "User-Agent": [
          "FxVersion/4.6.27414.06",
          "OSName/Windows",
          "OSVersion/Microsoft.Windows.10.0.17763.",
          "Microsoft.Azure.Management.Internal.Resources.ResourceManagementClient/1.1.19"
        ]
      },
      "ResponseHeaders": {
        "Cache-Control": [
          "no-cache"
        ],
        "Pragma": [
          "no-cache"
        ],
        "Location": [
          "https://management.azure.com/subscriptions/ad825170-845c-47db-8f00-11978947b089/operationresults/eyJqb2JJZCI6IlJFU09VUkNFR1JPVVBERUxFVElPTkpPQi1QUzYxMi1XRVNUVVMiLCJqb2JMb2NhdGlvbiI6Indlc3R1cyJ9?api-version=2016-09-01"
        ],
        "Retry-After": [
          "15"
        ],
        "x-ms-ratelimit-remaining-subscription-reads": [
          "11985"
        ],
        "x-ms-request-id": [
          "b218cc44-5a8e-44a3-99d3-4f8ee218950f"
        ],
        "x-ms-correlation-request-id": [
          "b218cc44-5a8e-44a3-99d3-4f8ee218950f"
        ],
        "x-ms-routing-request-id": [
          "SOUTHINDIA:20190422T175357Z:b218cc44-5a8e-44a3-99d3-4f8ee218950f"
        ],
        "Strict-Transport-Security": [
          "max-age=31536000; includeSubDomains"
        ],
        "X-Content-Type-Options": [
          "nosniff"
        ],
        "Date": [
          "Mon, 22 Apr 2019 17:53:56 GMT"
        ],
        "Expires": [
          "-1"
        ],
        "Content-Length": [
          "0"
        ]
      },
      "ResponseBody": "",
      "StatusCode": 202
    },
    {
      "RequestUri": "/subscriptions/ad825170-845c-47db-8f00-11978947b089/operationresults/eyJqb2JJZCI6IlJFU09VUkNFR1JPVVBERUxFVElPTkpPQi1QUzYxMi1XRVNUVVMiLCJqb2JMb2NhdGlvbiI6Indlc3R1cyJ9?api-version=2016-09-01",
      "EncodedRequestUri": "L3N1YnNjcmlwdGlvbnMvYWQ4MjUxNzAtODQ1Yy00N2RiLThmMDAtMTE5Nzg5NDdiMDg5L29wZXJhdGlvbnJlc3VsdHMvZXlKcWIySkpaQ0k2SWxKRlUwOVZVa05GUjFKUFZWQkVSVXhGVkVsUFRrcFBRaTFRVXpZeE1pMVhSVk5VVlZNaUxDSnFiMkpNYjJOaGRHbHZiaUk2SW5kbGMzUjFjeUo5P2FwaS12ZXJzaW9uPTIwMTYtMDktMDE=",
      "RequestMethod": "GET",
      "RequestBody": "",
      "RequestHeaders": {
        "User-Agent": [
          "FxVersion/4.6.27414.06",
          "OSName/Windows",
          "OSVersion/Microsoft.Windows.10.0.17763.",
          "Microsoft.Azure.Management.Internal.Resources.ResourceManagementClient/1.1.19"
        ]
      },
      "ResponseHeaders": {
        "Cache-Control": [
          "no-cache"
        ],
        "Pragma": [
          "no-cache"
        ],
        "x-ms-ratelimit-remaining-subscription-reads": [
          "11984"
        ],
        "x-ms-request-id": [
          "4fb1fc7e-55e3-4578-9b09-c91f521c0855"
        ],
        "x-ms-correlation-request-id": [
          "4fb1fc7e-55e3-4578-9b09-c91f521c0855"
        ],
        "x-ms-routing-request-id": [
          "SOUTHINDIA:20190422T175412Z:4fb1fc7e-55e3-4578-9b09-c91f521c0855"
        ],
        "Strict-Transport-Security": [
          "max-age=31536000; includeSubDomains"
        ],
        "X-Content-Type-Options": [
          "nosniff"
        ],
        "Date": [
          "Mon, 22 Apr 2019 17:54:12 GMT"
        ],
        "Expires": [
          "-1"
        ],
        "Content-Length": [
          "0"
        ]
      },
      "ResponseBody": "",
      "StatusCode": 200
    },
    {
      "RequestUri": "/subscriptions/ad825170-845c-47db-8f00-11978947b089/operationresults/eyJqb2JJZCI6IlJFU09VUkNFR1JPVVBERUxFVElPTkpPQi1QUzYxMi1XRVNUVVMiLCJqb2JMb2NhdGlvbiI6Indlc3R1cyJ9?api-version=2016-09-01",
      "EncodedRequestUri": "L3N1YnNjcmlwdGlvbnMvYWQ4MjUxNzAtODQ1Yy00N2RiLThmMDAtMTE5Nzg5NDdiMDg5L29wZXJhdGlvbnJlc3VsdHMvZXlKcWIySkpaQ0k2SWxKRlUwOVZVa05GUjFKUFZWQkVSVXhGVkVsUFRrcFBRaTFRVXpZeE1pMVhSVk5VVlZNaUxDSnFiMkpNYjJOaGRHbHZiaUk2SW5kbGMzUjFjeUo5P2FwaS12ZXJzaW9uPTIwMTYtMDktMDE=",
      "RequestMethod": "GET",
      "RequestBody": "",
      "RequestHeaders": {
        "User-Agent": [
          "FxVersion/4.6.27414.06",
          "OSName/Windows",
          "OSVersion/Microsoft.Windows.10.0.17763.",
          "Microsoft.Azure.Management.Internal.Resources.ResourceManagementClient/1.1.19"
        ]
      },
      "ResponseHeaders": {
        "Cache-Control": [
          "no-cache"
        ],
        "Pragma": [
          "no-cache"
        ],
        "x-ms-ratelimit-remaining-subscription-reads": [
          "11983"
        ],
        "x-ms-request-id": [
          "5761e916-7808-46aa-93f5-a86d4d8a731d"
        ],
        "x-ms-correlation-request-id": [
          "5761e916-7808-46aa-93f5-a86d4d8a731d"
        ],
        "x-ms-routing-request-id": [
          "SOUTHINDIA:20190422T175413Z:5761e916-7808-46aa-93f5-a86d4d8a731d"
        ],
        "Strict-Transport-Security": [
          "max-age=31536000; includeSubDomains"
        ],
        "X-Content-Type-Options": [
          "nosniff"
        ],
        "Date": [
          "Mon, 22 Apr 2019 17:54:12 GMT"
        ],
        "Expires": [
          "-1"
        ],
        "Content-Length": [
          "0"
        ]
      },
      "ResponseBody": "",
      "StatusCode": 200
    }
  ],
  "Names": {
    "Test-PipingRemoveSetUpdateScheduledQueryRule": [
      "ps7709",
      "ps612",
      "ps5801",
      "ps298"
    ]
  },
  "Variables": {
    "SubscriptionId": "ad825170-845c-47db-8f00-11978947b089"
  }
}