{
  "Entries": [
    {
      "RequestUri": "/subscriptions/80430018-24ee-4b28-a7bd-fb23b5a221d6/resourcegroups/ps5262?api-version=2016-09-01",
      "EncodedRequestUri": "L3N1YnNjcmlwdGlvbnMvODA0MzAwMTgtMjRlZS00YjI4LWE3YmQtZmIyM2I1YTIyMWQ2L3Jlc291cmNlZ3JvdXBzL3BzNTI2Mj9hcGktdmVyc2lvbj0yMDE2LTA5LTAx",
      "RequestMethod": "PUT",
      "RequestBody": "{\r\n  \"location\": \"West US\"\r\n}",
      "RequestHeaders": {
        "x-ms-client-request-id": [
          "f21dc71f-1d4a-4525-b86c-c2ec3227b32f"
        ],
        "Accept-Language": [
          "en-US"
        ],
        "User-Agent": [
          "FxVersion/4.6.27817.01",
          "OSName/Windows",
          "OSVersion/Microsoft.Windows.10.0.18362.",
          "Microsoft.Azure.Management.Internal.Resources.ResourceManagementClient/1.3.2"
        ],
        "Content-Type": [
          "application/json; charset=utf-8"
        ],
        "Content-Length": [
          "29"
        ]
      },
      "ResponseHeaders": {
        "Cache-Control": [
          "no-cache"
        ],
        "Pragma": [
          "no-cache"
        ],
        "x-ms-ratelimit-remaining-subscription-writes": [
          "1199"
        ],
        "x-ms-request-id": [
          "a3c93271-9376-4e29-80ae-1b2bae112921"
        ],
        "x-ms-correlation-request-id": [
          "a3c93271-9376-4e29-80ae-1b2bae112921"
        ],
        "x-ms-routing-request-id": [
          "UKSOUTH2:20190830T071602Z:a3c93271-9376-4e29-80ae-1b2bae112921"
        ],
        "Strict-Transport-Security": [
          "max-age=31536000; includeSubDomains"
        ],
        "X-Content-Type-Options": [
          "nosniff"
        ],
        "Date": [
          "Fri, 30 Aug 2019 07:16:02 GMT"
        ],
        "Content-Length": [
          "165"
        ],
        "Content-Type": [
          "application/json; charset=utf-8"
        ],
        "Expires": [
          "-1"
        ]
      },
      "ResponseBody": "{\r\n  \"id\": \"/subscriptions/80430018-24ee-4b28-a7bd-fb23b5a221d6/resourceGroups/ps5262\",\r\n  \"name\": \"ps5262\",\r\n  \"location\": \"westus\",\r\n  \"properties\": {\r\n    \"provisioningState\": \"Succeeded\"\r\n  }\r\n}",
      "StatusCode": 201
    },
    {
      "RequestUri": "/subscriptions/80430018-24ee-4b28-a7bd-fb23b5a221d6/resourceGroups/ps5262/providers/microsoft.insights/components/ps2683?api-version=2015-05-01",
      "EncodedRequestUri": "L3N1YnNjcmlwdGlvbnMvODA0MzAwMTgtMjRlZS00YjI4LWE3YmQtZmIyM2I1YTIyMWQ2L3Jlc291cmNlR3JvdXBzL3BzNTI2Mi9wcm92aWRlcnMvbWljcm9zb2Z0Lmluc2lnaHRzL2NvbXBvbmVudHMvcHMyNjgzP2FwaS12ZXJzaW9uPTIwMTUtMDUtMDE=",
      "RequestMethod": "GET",
      "RequestBody": "",
      "RequestHeaders": {
        "x-ms-client-request-id": [
          "3f328aad-a990-42a8-8b44-e08ab55996c4"
        ],
        "Accept-Language": [
          "en-US"
        ],
        "User-Agent": [
          "FxVersion/4.6.27817.01",
          "OSName/Windows",
          "OSVersion/Microsoft.Windows.10.0.18362.",
          "Microsoft.Azure.Management.ApplicationInsights.Management.ApplicationInsightsManagementClient/0.2.0.0"
        ]
      },
      "ResponseHeaders": {
        "Cache-Control": [
          "no-cache"
        ],
        "Pragma": [
          "no-cache"
        ],
        "x-ms-failure-cause": [
          "gateway"
        ],
        "x-ms-request-id": [
          "9175c82e-cbe0-4e04-b248-04974f51b644"
        ],
        "x-ms-correlation-request-id": [
          "9175c82e-cbe0-4e04-b248-04974f51b644"
        ],
        "x-ms-routing-request-id": [
          "UKSOUTH2:20190830T071604Z:9175c82e-cbe0-4e04-b248-04974f51b644"
        ],
        "Strict-Transport-Security": [
          "max-age=31536000; includeSubDomains"
        ],
        "X-Content-Type-Options": [
          "nosniff"
        ],
        "Date": [
          "Fri, 30 Aug 2019 07:16:04 GMT"
        ],
        "Content-Type": [
          "application/json; charset=utf-8"
        ],
        "Expires": [
          "-1"
        ],
        "Content-Length": [
          "146"
        ]
      },
      "ResponseBody": "{\r\n  \"error\": {\r\n    \"code\": \"ResourceNotFound\",\r\n    \"message\": \"The Resource 'microsoft.insights/components/ps2683' under resource group 'ps5262' was not found.\"\r\n  }\r\n}",
      "StatusCode": 404
    },
    {
      "RequestUri": "/subscriptions/80430018-24ee-4b28-a7bd-fb23b5a221d6/resourceGroups/ps5262/providers/microsoft.insights/components/ps2683?api-version=2015-05-01",
      "EncodedRequestUri": "L3N1YnNjcmlwdGlvbnMvODA0MzAwMTgtMjRlZS00YjI4LWE3YmQtZmIyM2I1YTIyMWQ2L3Jlc291cmNlR3JvdXBzL3BzNTI2Mi9wcm92aWRlcnMvbWljcm9zb2Z0Lmluc2lnaHRzL2NvbXBvbmVudHMvcHMyNjgzP2FwaS12ZXJzaW9uPTIwMTUtMDUtMDE=",
      "RequestMethod": "PUT",
      "RequestBody": "{\r\n  \"kind\": \"web\",\r\n  \"properties\": {\r\n    \"Application_Type\": \"web\",\r\n    \"Request_Source\": \"AzurePowerShell\"\r\n  },\r\n  \"location\": \"West US\"\r\n}",
      "RequestHeaders": {
        "x-ms-client-request-id": [
          "7fc60b50-7059-4db4-a0c7-efc551762508"
        ],
        "Accept-Language": [
          "en-US"
        ],
        "User-Agent": [
          "FxVersion/4.6.27817.01",
          "OSName/Windows",
          "OSVersion/Microsoft.Windows.10.0.18362.",
          "Microsoft.Azure.Management.ApplicationInsights.Management.ApplicationInsightsManagementClient/0.2.0.0"
        ],
        "Content-Type": [
          "application/json; charset=utf-8"
        ],
        "Content-Length": [
          "145"
        ]
      },
      "ResponseHeaders": {
        "Cache-Control": [
          "no-cache"
        ],
        "Pragma": [
          "no-cache"
        ],
        "x-ms-request-id": [
          "7fc60b50-7059-4db4-a0c7-efc551762508"
        ],
        "X-Content-Type-Options": [
          "nosniff"
        ],
        "Request-Context": [
          "appId=cid-v1:920e14b1-13f3-461a-a4bb-b4fe6f1a4525"
        ],
        "Access-Control-Expose-Headers": [
          "Request-Context"
        ],
        "Strict-Transport-Security": [
          "max-age=31536000; includeSubDomains"
        ],
        "Server": [
          "Microsoft-IIS/10.0"
        ],
        "X-Powered-By": [
          "ASP.NET"
        ],
        "x-ms-ratelimit-remaining-subscription-writes": [
          "1199"
        ],
        "x-ms-correlation-request-id": [
          "73211085-f701-4704-8835-53aedfc5a241"
        ],
        "x-ms-routing-request-id": [
          "UKSOUTH2:20190830T071635Z:73211085-f701-4704-8835-53aedfc5a241"
        ],
        "Date": [
          "Fri, 30 Aug 2019 07:16:34 GMT"
        ],
        "Content-Length": [
          "687"
        ],
        "Content-Type": [
          "application/json; charset=utf-8"
        ],
        "Expires": [
          "-1"
        ]
      },
      "ResponseBody": "{\r\n  \"id\": \"/subscriptions/80430018-24ee-4b28-a7bd-fb23b5a221d6/resourceGroups/ps5262/providers/microsoft.insights/components/ps2683\",\r\n  \"name\": \"ps2683\",\r\n  \"type\": \"microsoft.insights/components\",\r\n  \"location\": \"westus\",\r\n  \"tags\": {},\r\n  \"kind\": \"web\",\r\n  \"etag\": \"\\\"100070ea-0000-0700-0000-5d68cd380000\\\"\",\r\n  \"properties\": {\r\n    \"Ver\": \"v2\",\r\n    \"ApplicationId\": \"ps2683\",\r\n    \"AppId\": \"abfdba32-638c-4c34-9ed3-f8cc242ff4ba\",\r\n    \"Application_Type\": \"web\",\r\n    \"Flow_Type\": null,\r\n    \"Request_Source\": \"AzurePowerShell\",\r\n    \"InstrumentationKey\": \"c1c1a7f3-254d-4b5c-a664-c0eb50c82268\",\r\n    \"Name\": \"ps2683\",\r\n    \"CreationDate\": \"2019-08-30T10:16:07.8947277+03:00\",\r\n    \"TenantId\": \"80430018-24ee-4b28-a7bd-fb23b5a221d6\",\r\n    \"provisioningState\": \"Succeeded\",\r\n    \"SamplingPercentage\": null\r\n  }\r\n}",
      "StatusCode": 200
    },
    {
      "RequestUri": "/subscriptions/80430018-24ee-4b28-a7bd-fb23b5a221d6/resourceGroups/ps5262/providers/microsoft.insights/actionGroups/ps589?api-version=2019-06-01",
      "EncodedRequestUri": "L3N1YnNjcmlwdGlvbnMvODA0MzAwMTgtMjRlZS00YjI4LWE3YmQtZmIyM2I1YTIyMWQ2L3Jlc291cmNlR3JvdXBzL3BzNTI2Mi9wcm92aWRlcnMvbWljcm9zb2Z0Lmluc2lnaHRzL2FjdGlvbkdyb3Vwcy9wczU4OT9hcGktdmVyc2lvbj0yMDE5LTA2LTAx",
      "RequestMethod": "PUT",
      "RequestBody": "{\r\n  \"properties\": {\r\n    \"groupShortName\": \"ASTG\",\r\n    \"enabled\": true,\r\n    \"emailReceivers\": [\r\n      {\r\n        \"name\": \"user1\",\r\n        \"emailAddress\": \"user1@example.com\",\r\n        \"useCommonAlertSchema\": false\r\n      }\r\n    ],\r\n    \"smsReceivers\": [],\r\n    \"webhookReceivers\": []\r\n  },\r\n  \"location\": \"Global\"\r\n}",
      "RequestHeaders": {
        "x-ms-client-request-id": [
          "150e6596-4fb5-42f4-b0a5-05c35853bcc7"
        ],
        "Accept-Language": [
          "en-US"
        ],
        "User-Agent": [
          "FxVersion/4.6.27817.01",
          "OSName/Windows",
          "OSVersion/Microsoft.Windows.10.0.18362.",
          "Microsoft.Azure.Management.Monitor.MonitorManagementClient/0.24.0.0"
        ],
        "Content-Type": [
          "application/json; charset=utf-8"
        ],
        "Content-Length": [
          "321"
        ]
      },
      "ResponseHeaders": {
        "Cache-Control": [
          "no-cache"
        ],
        "Pragma": [
          "no-cache"
        ],
        "Strict-Transport-Security": [
          "max-age=31536000; includeSubDomains"
        ],
        "x-ms-request-id": [
          "f516d13b-9d80-4fea-a24f-be5418669789"
        ],
        "Server": [
          "Microsoft-IIS/8.5"
        ],
        "x-ms-ratelimit-remaining-subscription-writes": [
          "1199"
        ],
        "x-ms-correlation-request-id": [
          "2fde5963-ef0d-4647-a108-e0d736d2f75f"
        ],
        "x-ms-routing-request-id": [
          "UKSOUTH2:20190830T071639Z:2fde5963-ef0d-4647-a108-e0d736d2f75f"
        ],
        "X-Content-Type-Options": [
          "nosniff"
        ],
        "Date": [
          "Fri, 30 Aug 2019 07:16:38 GMT"
        ],
        "Content-Length": [
          "630"
        ],
        "Content-Type": [
          "application/json; charset=utf-8"
        ],
        "Expires": [
          "-1"
        ]
      },
      "ResponseBody": "{\r\n  \"id\": \"/subscriptions/80430018-24ee-4b28-a7bd-fb23b5a221d6/resourceGroups/ps5262/providers/microsoft.insights/actionGroups/ps589\",\r\n  \"type\": \"Microsoft.Insights/ActionGroups\",\r\n  \"name\": \"ps589\",\r\n  \"location\": \"Global\",\r\n  \"kind\": null,\r\n  \"tags\": null,\r\n  \"properties\": {\r\n    \"groupShortName\": \"ASTG\",\r\n    \"enabled\": true,\r\n    \"emailReceivers\": [\r\n      {\r\n        \"name\": \"user1\",\r\n        \"emailAddress\": \"user1@example.com\",\r\n        \"status\": \"Enabled\",\r\n        \"useCommonAlertSchema\": false\r\n      }\r\n    ],\r\n    \"smsReceivers\": [],\r\n    \"webhookReceivers\": [],\r\n    \"itsmReceivers\": [],\r\n    \"azureAppPushReceivers\": [],\r\n    \"automationRunbookReceivers\": [],\r\n    \"voiceReceivers\": [],\r\n    \"logicAppReceivers\": [],\r\n    \"azureFunctionReceivers\": [],\r\n    \"armRoleReceivers\": []\r\n  },\r\n  \"identity\": null\r\n}",
      "StatusCode": 201
    },
    {
      "RequestUri": "/subscriptions/80430018-24ee-4b28-a7bd-fb23b5a221d6/resourcegroups/ps5262/providers/microsoft.insights/scheduledQueryRules/ps9776?api-version=2018-04-16",
      "EncodedRequestUri": "L3N1YnNjcmlwdGlvbnMvODA0MzAwMTgtMjRlZS00YjI4LWE3YmQtZmIyM2I1YTIyMWQ2L3Jlc291cmNlZ3JvdXBzL3BzNTI2Mi9wcm92aWRlcnMvbWljcm9zb2Z0Lmluc2lnaHRzL3NjaGVkdWxlZFF1ZXJ5UnVsZXMvcHM5Nzc2P2FwaS12ZXJzaW9uPTIwMTgtMDQtMTY=",
      "RequestMethod": "PUT",
      "RequestBody": "{\r\n  \"properties\": {\r\n    \"description\": \"SQR log alert rule\",\r\n    \"enabled\": \"true\",\r\n    \"source\": {\r\n      \"query\": \"traces | summarize AggregatedValue = count() by bin(timestamp, 5m)\",\r\n      \"authorizedResources\": [\r\n        \"/subscriptions/80430018-24ee-4b28-a7bd-fb23b5a221d6/resourceGroups/ps5262/providers/microsoft.insights/components/ps2683\"\r\n      ],\r\n      \"dataSourceId\": \"/subscriptions/80430018-24ee-4b28-a7bd-fb23b5a221d6/resourceGroups/ps5262/providers/microsoft.insights/components/ps2683\",\r\n      \"queryType\": \"ResultCount\"\r\n    },\r\n    \"schedule\": {\r\n      \"frequencyInMinutes\": 5,\r\n      \"timeWindowInMinutes\": 5\r\n    },\r\n    \"action\": {\r\n      \"odata.type\": \"Microsoft.WindowsAzure.Management.Monitoring.Alerts.Models.Microsoft.AppInsights.Nexus.DataContracts.Resources.ScheduledQueryRules.AlertingAction\",\r\n      \"severity\": \"2\",\r\n      \"aznsAction\": {\r\n        \"actionGroup\": [\r\n          \"/subscriptions/80430018-24ee-4b28-a7bd-fb23b5a221d6/resourceGroups/ps5262/providers/microsoft.insights/actionGroups/ps589\"\r\n        ],\r\n        \"emailSubject\": \"SQR Log alert trigger notification\",\r\n        \"customWebhookPayload\": \"{}\"\r\n      },\r\n      \"throttlingInMin\": 5,\r\n      \"trigger\": {\r\n        \"thresholdOperator\": \"GreaterThan\",\r\n        \"threshold\": 5.0,\r\n        \"metricTrigger\": {\r\n          \"thresholdOperator\": \"GreaterThan\",\r\n          \"threshold\": 10.0,\r\n          \"metricTriggerType\": \"Total\",\r\n          \"metricColumn\": \"timestamp\"\r\n        }\r\n      }\r\n    }\r\n  },\r\n  \"location\": \"West US\",\r\n  \"tags\": {}\r\n}",
      "RequestHeaders": {
        "x-ms-client-request-id": [
          "caae19e8-b19a-42f5-8522-22a7983580e2"
        ],
        "Accept-Language": [
          "en-US"
        ],
        "User-Agent": [
          "FxVersion/4.6.27817.01",
          "OSName/Windows",
          "OSVersion/Microsoft.Windows.10.0.18362.",
          "Microsoft.Azure.Management.Monitor.MonitorManagementClient/0.24.0.0"
        ],
        "Content-Type": [
          "application/json; charset=utf-8"
        ],
        "Content-Length": [
          "1543"
        ]
      },
      "ResponseHeaders": {
        "Cache-Control": [
          "no-cache"
        ],
        "Pragma": [
          "no-cache"
        ],
        "Request-Context": [
          "appId=cid-v1:c13a1a07-630f-4f42-b89b-f5aedd031684"
        ],
        "Strict-Transport-Security": [
          "max-age=31536000; includeSubDomains"
        ],
        "X-Content-Type-Options": [
          "nosniff"
        ],
        "Server": [
          "Microsoft-IIS/10.0"
        ],
        "X-Powered-By": [
          "ASP.NET"
        ],
        "x-ms-ratelimit-remaining-subscription-writes": [
          "1198"
        ],
        "x-ms-request-id": [
          "4203b679-5718-4267-aefe-8369a28dfe75"
        ],
        "x-ms-correlation-request-id": [
          "4203b679-5718-4267-aefe-8369a28dfe75"
        ],
        "x-ms-routing-request-id": [
          "UKSOUTH2:20190830T071646Z:4203b679-5718-4267-aefe-8369a28dfe75"
        ],
        "Date": [
          "Fri, 30 Aug 2019 07:16:46 GMT"
        ],
        "Content-Length": [
          "1951"
        ],
        "Content-Type": [
          "application/json; charset=utf-8"
        ],
        "Expires": [
          "-1"
        ]
      },
      "ResponseBody": "{\r\n  \"id\": \"/subscriptions/80430018-24ee-4b28-a7bd-fb23b5a221d6/resourceGroups/ps5262/providers/microsoft.insights/scheduledqueryrules/ps9776\",\r\n  \"name\": \"ps9776\",\r\n  \"type\": \"microsoft.insights/scheduledqueryrules\",\r\n  \"location\": \"westus\",\r\n  \"tags\": {},\r\n  \"kind\": null,\r\n  \"etag\": \"\\\"5400677b-0000-0700-0000-5d68cd5d0000\\\"\",\r\n  \"properties\": {\r\n    \"description\": \"SQR log alert rule\",\r\n    \"displayName\": \"ps9776\",\r\n    \"enabled\": \"true\",\r\n    \"lastUpdatedTime\": \"2019-08-30T07:16:42.5099897Z\",\r\n    \"provisioningState\": \"Succeeded\",\r\n    \"source\": {\r\n      \"query\": \"traces | summarize AggregatedValue = count() by bin(timestamp, 5m)\",\r\n      \"authorizedResources\": [\r\n        \"/subscriptions/80430018-24ee-4b28-a7bd-fb23b5a221d6/resourceGroups/ps5262/providers/microsoft.insights/components/ps2683\"\r\n      ],\r\n      \"dataSourceId\": \"/subscriptions/80430018-24ee-4b28-a7bd-fb23b5a221d6/resourceGroups/ps5262/providers/microsoft.insights/components/ps2683\",\r\n      \"queryType\": \"ResultCount\"\r\n    },\r\n    \"schedule\": {\r\n      \"frequencyInMinutes\": 5,\r\n      \"timeWindowInMinutes\": 5\r\n    },\r\n    \"action\": {\r\n      \"severity\": \"2\",\r\n      \"aznsAction\": {\r\n        \"actionGroup\": [\r\n          \"/subscriptions/80430018-24ee-4b28-a7bd-fb23b5a221d6/resourceGroups/ps5262/providers/microsoft.insights/actionGroups/ps589\"\r\n        ],\r\n        \"emailSubject\": \"SQR Log alert trigger notification\",\r\n        \"customWebhookPayload\": \"{}\"\r\n      },\r\n      \"throttlingInMin\": 5,\r\n      \"trigger\": {\r\n        \"thresholdOperator\": \"GreaterThan\",\r\n        \"threshold\": 5,\r\n        \"metricTrigger\": {\r\n          \"thresholdOperator\": \"GreaterThan\",\r\n          \"threshold\": 10,\r\n          \"metricTriggerType\": \"Total\",\r\n          \"metricColumn\": \"timestamp\"\r\n        }\r\n      },\r\n      \"odata.type\": \"Microsoft.WindowsAzure.Management.Monitoring.Alerts.Models.Microsoft.AppInsights.Nexus.DataContracts.Resources.ScheduledQueryRules.AlertingAction\"\r\n    }\r\n  }\r\n}",
      "StatusCode": 201
    },
    {
      "RequestUri": "/subscriptions/80430018-24ee-4b28-a7bd-fb23b5a221d6/resourcegroups/ps5262/providers/microsoft.insights/scheduledQueryRules/ps9776?api-version=2018-04-16",
      "EncodedRequestUri": "L3N1YnNjcmlwdGlvbnMvODA0MzAwMTgtMjRlZS00YjI4LWE3YmQtZmIyM2I1YTIyMWQ2L3Jlc291cmNlZ3JvdXBzL3BzNTI2Mi9wcm92aWRlcnMvbWljcm9zb2Z0Lmluc2lnaHRzL3NjaGVkdWxlZFF1ZXJ5UnVsZXMvcHM5Nzc2P2FwaS12ZXJzaW9uPTIwMTgtMDQtMTY=",
      "RequestMethod": "PUT",
      "RequestBody": "{\r\n  \"properties\": {\r\n    \"description\": \"SQR log alert rule\",\r\n    \"enabled\": \"false\",\r\n    \"source\": {\r\n      \"query\": \"traces | summarize AggregatedValue = count() by bin(timestamp, 5m)\",\r\n      \"authorizedResources\": [\r\n        \"/subscriptions/80430018-24ee-4b28-a7bd-fb23b5a221d6/resourceGroups/ps5262/providers/microsoft.insights/components/ps2683\"\r\n      ],\r\n      \"dataSourceId\": \"/subscriptions/80430018-24ee-4b28-a7bd-fb23b5a221d6/resourceGroups/ps5262/providers/microsoft.insights/components/ps2683\",\r\n      \"queryType\": \"ResultCount\"\r\n    },\r\n    \"schedule\": {\r\n      \"frequencyInMinutes\": 5,\r\n      \"timeWindowInMinutes\": 5\r\n    },\r\n    \"action\": {\r\n      \"odata.type\": \"Microsoft.WindowsAzure.Management.Monitoring.Alerts.Models.Microsoft.AppInsights.Nexus.DataContracts.Resources.ScheduledQueryRules.AlertingAction\",\r\n      \"severity\": \"2\",\r\n      \"aznsAction\": {\r\n        \"actionGroup\": [\r\n          \"/subscriptions/80430018-24ee-4b28-a7bd-fb23b5a221d6/resourceGroups/ps5262/providers/microsoft.insights/actionGroups/ps589\"\r\n        ],\r\n        \"emailSubject\": \"SQR Log alert trigger notification\",\r\n        \"customWebhookPayload\": \"{}\"\r\n      },\r\n      \"throttlingInMin\": 5,\r\n      \"trigger\": {\r\n        \"thresholdOperator\": \"GreaterThan\",\r\n        \"threshold\": 5.0,\r\n        \"metricTrigger\": {\r\n          \"thresholdOperator\": \"GreaterThan\",\r\n          \"threshold\": 10.0,\r\n          \"metricTriggerType\": \"Total\",\r\n          \"metricColumn\": \"timestamp\"\r\n        }\r\n      }\r\n    }\r\n  },\r\n  \"location\": \"westus\",\r\n  \"tags\": {}\r\n}",
      "RequestHeaders": {
        "x-ms-client-request-id": [
          "7c7ceef8-3ad0-4284-bed2-876fb37a5b12"
        ],
        "Accept-Language": [
          "en-US"
        ],
        "User-Agent": [
          "FxVersion/4.6.27817.01",
          "OSName/Windows",
          "OSVersion/Microsoft.Windows.10.0.18362.",
          "Microsoft.Azure.Management.Monitor.MonitorManagementClient/0.24.0.0"
        ],
        "Content-Type": [
          "application/json; charset=utf-8"
        ],
        "Content-Length": [
          "1543"
        ]
      },
      "ResponseHeaders": {
        "Cache-Control": [
          "no-cache"
        ],
        "Pragma": [
          "no-cache"
        ],
        "Request-Context": [
          "appId=cid-v1:c13a1a07-630f-4f42-b89b-f5aedd031684"
        ],
        "Strict-Transport-Security": [
          "max-age=31536000; includeSubDomains"
        ],
        "X-Content-Type-Options": [
          "nosniff"
        ],
        "Server": [
          "Microsoft-IIS/10.0"
        ],
        "X-Powered-By": [
          "ASP.NET"
        ],
        "x-ms-ratelimit-remaining-subscription-writes": [
          "1196"
        ],
        "x-ms-request-id": [
          "ab94889f-3df7-4f1d-be9e-ad9743626932"
        ],
        "x-ms-correlation-request-id": [
          "ab94889f-3df7-4f1d-be9e-ad9743626932"
        ],
        "x-ms-routing-request-id": [
          "UKSOUTH2:20190830T071654Z:ab94889f-3df7-4f1d-be9e-ad9743626932"
        ],
        "Date": [
          "Fri, 30 Aug 2019 07:16:54 GMT"
        ],
        "Content-Length": [
          "1952"
        ],
        "Content-Type": [
          "application/json; charset=utf-8"
        ],
        "Expires": [
          "-1"
        ]
      },
      "ResponseBody": "{\r\n  \"id\": \"/subscriptions/80430018-24ee-4b28-a7bd-fb23b5a221d6/resourceGroups/ps5262/providers/microsoft.insights/scheduledqueryrules/ps9776\",\r\n  \"name\": \"ps9776\",\r\n  \"type\": \"microsoft.insights/scheduledqueryrules\",\r\n  \"location\": \"westus\",\r\n  \"tags\": {},\r\n  \"kind\": null,\r\n  \"etag\": \"\\\"5400b07b-0000-0700-0000-5d68cd660000\\\"\",\r\n  \"properties\": {\r\n    \"description\": \"SQR log alert rule\",\r\n    \"displayName\": \"ps9776\",\r\n    \"enabled\": \"false\",\r\n    \"lastUpdatedTime\": \"2019-08-30T07:16:53.6857911Z\",\r\n    \"provisioningState\": \"Succeeded\",\r\n    \"source\": {\r\n      \"query\": \"traces | summarize AggregatedValue = count() by bin(timestamp, 5m)\",\r\n      \"authorizedResources\": [\r\n        \"/subscriptions/80430018-24ee-4b28-a7bd-fb23b5a221d6/resourceGroups/ps5262/providers/microsoft.insights/components/ps2683\"\r\n      ],\r\n      \"dataSourceId\": \"/subscriptions/80430018-24ee-4b28-a7bd-fb23b5a221d6/resourceGroups/ps5262/providers/microsoft.insights/components/ps2683\",\r\n      \"queryType\": \"ResultCount\"\r\n    },\r\n    \"schedule\": {\r\n      \"frequencyInMinutes\": 5,\r\n      \"timeWindowInMinutes\": 5\r\n    },\r\n    \"action\": {\r\n      \"severity\": \"2\",\r\n      \"aznsAction\": {\r\n        \"actionGroup\": [\r\n          \"/subscriptions/80430018-24ee-4b28-a7bd-fb23b5a221d6/resourceGroups/ps5262/providers/microsoft.insights/actionGroups/ps589\"\r\n        ],\r\n        \"emailSubject\": \"SQR Log alert trigger notification\",\r\n        \"customWebhookPayload\": \"{}\"\r\n      },\r\n      \"throttlingInMin\": 5,\r\n      \"trigger\": {\r\n        \"thresholdOperator\": \"GreaterThan\",\r\n        \"threshold\": 5,\r\n        \"metricTrigger\": {\r\n          \"thresholdOperator\": \"GreaterThan\",\r\n          \"threshold\": 10,\r\n          \"metricTriggerType\": \"Total\",\r\n          \"metricColumn\": \"timestamp\"\r\n        }\r\n      },\r\n      \"odata.type\": \"Microsoft.WindowsAzure.Management.Monitoring.Alerts.Models.Microsoft.AppInsights.Nexus.DataContracts.Resources.ScheduledQueryRules.AlertingAction\"\r\n    }\r\n  }\r\n}",
      "StatusCode": 201
    },
    {
      "RequestUri": "/subscriptions/80430018-24ee-4b28-a7bd-fb23b5a221d6/resourcegroups/ps5262/providers/microsoft.insights/scheduledQueryRules/ps9776?api-version=2018-04-16",
      "EncodedRequestUri": "L3N1YnNjcmlwdGlvbnMvODA0MzAwMTgtMjRlZS00YjI4LWE3YmQtZmIyM2I1YTIyMWQ2L3Jlc291cmNlZ3JvdXBzL3BzNTI2Mi9wcm92aWRlcnMvbWljcm9zb2Z0Lmluc2lnaHRzL3NjaGVkdWxlZFF1ZXJ5UnVsZXMvcHM5Nzc2P2FwaS12ZXJzaW9uPTIwMTgtMDQtMTY=",
      "RequestMethod": "PUT",
      "RequestBody": "{\r\n  \"properties\": {\r\n    \"description\": \"SQR log alert rule\",\r\n    \"enabled\": \"true\",\r\n    \"source\": {\r\n      \"query\": \"traces | summarize AggregatedValue = count() by bin(timestamp, 5m)\",\r\n      \"authorizedResources\": [\r\n        \"/subscriptions/80430018-24ee-4b28-a7bd-fb23b5a221d6/resourceGroups/ps5262/providers/microsoft.insights/components/ps2683\"\r\n      ],\r\n      \"dataSourceId\": \"/subscriptions/80430018-24ee-4b28-a7bd-fb23b5a221d6/resourceGroups/ps5262/providers/microsoft.insights/components/ps2683\",\r\n      \"queryType\": \"ResultCount\"\r\n    },\r\n    \"schedule\": {\r\n      \"frequencyInMinutes\": 5,\r\n      \"timeWindowInMinutes\": 5\r\n    },\r\n    \"action\": {\r\n      \"odata.type\": \"Microsoft.WindowsAzure.Management.Monitoring.Alerts.Models.Microsoft.AppInsights.Nexus.DataContracts.Resources.ScheduledQueryRules.AlertingAction\",\r\n      \"severity\": \"2\",\r\n      \"aznsAction\": {\r\n        \"actionGroup\": [\r\n          \"/subscriptions/80430018-24ee-4b28-a7bd-fb23b5a221d6/resourceGroups/ps5262/providers/microsoft.insights/actionGroups/ps589\"\r\n        ],\r\n        \"emailSubject\": \"SQR Log alert trigger notification\",\r\n        \"customWebhookPayload\": \"{}\"\r\n      },\r\n      \"throttlingInMin\": 5,\r\n      \"trigger\": {\r\n        \"thresholdOperator\": \"GreaterThan\",\r\n        \"threshold\": 5.0,\r\n        \"metricTrigger\": {\r\n          \"thresholdOperator\": \"GreaterThan\",\r\n          \"threshold\": 10.0,\r\n          \"metricTriggerType\": \"Total\",\r\n          \"metricColumn\": \"timestamp\"\r\n        }\r\n      }\r\n    }\r\n  },\r\n  \"location\": \"westus\",\r\n  \"tags\": {}\r\n}",
      "RequestHeaders": {
        "x-ms-client-request-id": [
          "b950baa7-4087-4ad9-b026-297daf7858d4"
        ],
        "Accept-Language": [
          "en-US"
        ],
        "User-Agent": [
          "FxVersion/4.6.27817.01",
          "OSName/Windows",
          "OSVersion/Microsoft.Windows.10.0.18362.",
          "Microsoft.Azure.Management.Monitor.MonitorManagementClient/0.24.0.0"
        ],
        "Content-Type": [
          "application/json; charset=utf-8"
        ],
        "Content-Length": [
          "1542"
        ]
      },
      "ResponseHeaders": {
        "Cache-Control": [
          "no-cache"
        ],
        "Pragma": [
          "no-cache"
        ],
        "Request-Context": [
          "appId=cid-v1:c13a1a07-630f-4f42-b89b-f5aedd031684"
        ],
        "Strict-Transport-Security": [
          "max-age=31536000; includeSubDomains"
        ],
        "X-Content-Type-Options": [
          "nosniff"
        ],
        "Server": [
          "Microsoft-IIS/10.0"
        ],
        "X-Powered-By": [
          "ASP.NET"
        ],
        "x-ms-ratelimit-remaining-subscription-writes": [
          "1194"
        ],
        "x-ms-request-id": [
          "4dafc30b-38f3-4054-9459-b17263bf3173"
        ],
        "x-ms-correlation-request-id": [
          "4dafc30b-38f3-4054-9459-b17263bf3173"
        ],
        "x-ms-routing-request-id": [
          "UKSOUTH2:20190830T071702Z:4dafc30b-38f3-4054-9459-b17263bf3173"
        ],
        "Date": [
          "Fri, 30 Aug 2019 07:17:02 GMT"
        ],
        "Content-Length": [
          "1951"
        ],
        "Content-Type": [
          "application/json; charset=utf-8"
        ],
        "Expires": [
          "-1"
        ]
      },
      "ResponseBody": "{\r\n  \"id\": \"/subscriptions/80430018-24ee-4b28-a7bd-fb23b5a221d6/resourceGroups/ps5262/providers/microsoft.insights/scheduledqueryrules/ps9776\",\r\n  \"name\": \"ps9776\",\r\n  \"type\": \"microsoft.insights/scheduledqueryrules\",\r\n  \"location\": \"westus\",\r\n  \"tags\": {},\r\n  \"kind\": null,\r\n  \"etag\": \"\\\"5400ed7b-0000-0700-0000-5d68cd6e0000\\\"\",\r\n  \"properties\": {\r\n    \"description\": \"SQR log alert rule\",\r\n    \"displayName\": \"ps9776\",\r\n    \"enabled\": \"true\",\r\n    \"lastUpdatedTime\": \"2019-08-30T07:17:01.0315051Z\",\r\n    \"provisioningState\": \"Succeeded\",\r\n    \"source\": {\r\n      \"query\": \"traces | summarize AggregatedValue = count() by bin(timestamp, 5m)\",\r\n      \"authorizedResources\": [\r\n        \"/subscriptions/80430018-24ee-4b28-a7bd-fb23b5a221d6/resourceGroups/ps5262/providers/microsoft.insights/components/ps2683\"\r\n      ],\r\n      \"dataSourceId\": \"/subscriptions/80430018-24ee-4b28-a7bd-fb23b5a221d6/resourceGroups/ps5262/providers/microsoft.insights/components/ps2683\",\r\n      \"queryType\": \"ResultCount\"\r\n    },\r\n    \"schedule\": {\r\n      \"frequencyInMinutes\": 5,\r\n      \"timeWindowInMinutes\": 5\r\n    },\r\n    \"action\": {\r\n      \"severity\": \"2\",\r\n      \"aznsAction\": {\r\n        \"actionGroup\": [\r\n          \"/subscriptions/80430018-24ee-4b28-a7bd-fb23b5a221d6/resourceGroups/ps5262/providers/microsoft.insights/actionGroups/ps589\"\r\n        ],\r\n        \"emailSubject\": \"SQR Log alert trigger notification\",\r\n        \"customWebhookPayload\": \"{}\"\r\n      },\r\n      \"throttlingInMin\": 5,\r\n      \"trigger\": {\r\n        \"thresholdOperator\": \"GreaterThan\",\r\n        \"threshold\": 5,\r\n        \"metricTrigger\": {\r\n          \"thresholdOperator\": \"GreaterThan\",\r\n          \"threshold\": 10,\r\n          \"metricTriggerType\": \"Total\",\r\n          \"metricColumn\": \"timestamp\"\r\n        }\r\n      },\r\n      \"odata.type\": \"Microsoft.WindowsAzure.Management.Monitoring.Alerts.Models.Microsoft.AppInsights.Nexus.DataContracts.Resources.ScheduledQueryRules.AlertingAction\"\r\n    }\r\n  }\r\n}",
      "StatusCode": 201
    },
    {
      "RequestUri": "/subscriptions/80430018-24ee-4b28-a7bd-fb23b5a221d6/resourcegroups/ps5262/providers/microsoft.insights/scheduledQueryRules/ps9776?api-version=2018-04-16",
      "EncodedRequestUri": "L3N1YnNjcmlwdGlvbnMvODA0MzAwMTgtMjRlZS00YjI4LWE3YmQtZmIyM2I1YTIyMWQ2L3Jlc291cmNlZ3JvdXBzL3BzNTI2Mi9wcm92aWRlcnMvbWljcm9zb2Z0Lmluc2lnaHRzL3NjaGVkdWxlZFF1ZXJ5UnVsZXMvcHM5Nzc2P2FwaS12ZXJzaW9uPTIwMTgtMDQtMTY=",
      "RequestMethod": "GET",
      "RequestBody": "",
      "RequestHeaders": {
        "x-ms-client-request-id": [
          "8bb78293-b473-4cee-9397-10694908a5e5"
        ],
        "Accept-Language": [
          "en-US"
        ],
        "User-Agent": [
          "FxVersion/4.6.27817.01",
          "OSName/Windows",
          "OSVersion/Microsoft.Windows.10.0.18362.",
          "Microsoft.Azure.Management.Monitor.MonitorManagementClient/0.24.0.0"
        ]
      },
      "ResponseHeaders": {
        "Cache-Control": [
          "no-cache"
        ],
        "Pragma": [
          "no-cache"
        ],
        "Request-Context": [
          "appId=cid-v1:c13a1a07-630f-4f42-b89b-f5aedd031684"
        ],
        "Strict-Transport-Security": [
          "max-age=31536000; includeSubDomains"
        ],
        "X-Content-Type-Options": [
          "nosniff"
        ],
        "Server": [
          "Microsoft-IIS/10.0"
        ],
        "X-Powered-By": [
          "ASP.NET"
        ],
        "x-ms-ratelimit-remaining-subscription-reads": [
          "11989"
        ],
        "x-ms-request-id": [
          "3faf7dce-6a0f-4fda-b429-007341c80fc9"
        ],
        "x-ms-correlation-request-id": [
          "3faf7dce-6a0f-4fda-b429-007341c80fc9"
        ],
        "x-ms-routing-request-id": [
          "UKSOUTH2:20190830T071647Z:3faf7dce-6a0f-4fda-b429-007341c80fc9"
        ],
        "Date": [
          "Fri, 30 Aug 2019 07:16:47 GMT"
        ],
        "Content-Length": [
          "1951"
        ],
        "Content-Type": [
          "application/json; charset=utf-8"
        ],
        "Expires": [
          "-1"
        ]
      },
      "ResponseBody": "{\r\n  \"id\": \"/subscriptions/80430018-24ee-4b28-a7bd-fb23b5a221d6/resourceGroups/ps5262/providers/microsoft.insights/scheduledqueryrules/ps9776\",\r\n  \"name\": \"ps9776\",\r\n  \"type\": \"microsoft.insights/scheduledqueryrules\",\r\n  \"location\": \"westus\",\r\n  \"tags\": {},\r\n  \"kind\": null,\r\n  \"etag\": \"\\\"5400677b-0000-0700-0000-5d68cd5d0000\\\"\",\r\n  \"properties\": {\r\n    \"description\": \"SQR log alert rule\",\r\n    \"displayName\": \"ps9776\",\r\n    \"enabled\": \"true\",\r\n    \"lastUpdatedTime\": \"2019-08-30T07:16:42.5099897Z\",\r\n    \"provisioningState\": \"Succeeded\",\r\n    \"source\": {\r\n      \"query\": \"traces | summarize AggregatedValue = count() by bin(timestamp, 5m)\",\r\n      \"authorizedResources\": [\r\n        \"/subscriptions/80430018-24ee-4b28-a7bd-fb23b5a221d6/resourceGroups/ps5262/providers/microsoft.insights/components/ps2683\"\r\n      ],\r\n      \"dataSourceId\": \"/subscriptions/80430018-24ee-4b28-a7bd-fb23b5a221d6/resourceGroups/ps5262/providers/microsoft.insights/components/ps2683\",\r\n      \"queryType\": \"ResultCount\"\r\n    },\r\n    \"schedule\": {\r\n      \"frequencyInMinutes\": 5,\r\n      \"timeWindowInMinutes\": 5\r\n    },\r\n    \"action\": {\r\n      \"severity\": \"2\",\r\n      \"aznsAction\": {\r\n        \"actionGroup\": [\r\n          \"/subscriptions/80430018-24ee-4b28-a7bd-fb23b5a221d6/resourceGroups/ps5262/providers/microsoft.insights/actionGroups/ps589\"\r\n        ],\r\n        \"emailSubject\": \"SQR Log alert trigger notification\",\r\n        \"customWebhookPayload\": \"{}\"\r\n      },\r\n      \"throttlingInMin\": 5,\r\n      \"trigger\": {\r\n        \"thresholdOperator\": \"GreaterThan\",\r\n        \"threshold\": 5,\r\n        \"metricTrigger\": {\r\n          \"thresholdOperator\": \"GreaterThan\",\r\n          \"threshold\": 10,\r\n          \"metricTriggerType\": \"Total\",\r\n          \"metricColumn\": \"timestamp\"\r\n        }\r\n      },\r\n      \"odata.type\": \"Microsoft.WindowsAzure.Management.Monitoring.Alerts.Models.Microsoft.AppInsights.Nexus.DataContracts.Resources.ScheduledQueryRules.AlertingAction\"\r\n    }\r\n  }\r\n}",
      "StatusCode": 200
    },
    {
      "RequestUri": "/subscriptions/80430018-24ee-4b28-a7bd-fb23b5a221d6/resourcegroups/ps5262/providers/microsoft.insights/scheduledQueryRules/ps9776?api-version=2018-04-16",
      "EncodedRequestUri": "L3N1YnNjcmlwdGlvbnMvODA0MzAwMTgtMjRlZS00YjI4LWE3YmQtZmIyM2I1YTIyMWQ2L3Jlc291cmNlZ3JvdXBzL3BzNTI2Mi9wcm92aWRlcnMvbWljcm9zb2Z0Lmluc2lnaHRzL3NjaGVkdWxlZFF1ZXJ5UnVsZXMvcHM5Nzc2P2FwaS12ZXJzaW9uPTIwMTgtMDQtMTY=",
      "RequestMethod": "GET",
      "RequestBody": "",
      "RequestHeaders": {
        "x-ms-client-request-id": [
          "a1ded4eb-4441-4e08-b196-27d65683bfe0"
        ],
        "Accept-Language": [
          "en-US"
        ],
        "User-Agent": [
          "FxVersion/4.6.27817.01",
          "OSName/Windows",
          "OSVersion/Microsoft.Windows.10.0.18362.",
          "Microsoft.Azure.Management.Monitor.MonitorManagementClient/0.24.0.0"
        ]
      },
      "ResponseHeaders": {
        "Cache-Control": [
          "no-cache"
        ],
        "Pragma": [
          "no-cache"
        ],
        "Request-Context": [
          "appId=cid-v1:c13a1a07-630f-4f42-b89b-f5aedd031684"
        ],
        "Strict-Transport-Security": [
          "max-age=31536000; includeSubDomains"
        ],
        "X-Content-Type-Options": [
          "nosniff"
        ],
        "Server": [
          "Microsoft-IIS/10.0"
        ],
        "X-Powered-By": [
          "ASP.NET"
        ],
        "x-ms-ratelimit-remaining-subscription-reads": [
          "11988"
        ],
        "x-ms-request-id": [
          "a4722e70-dbd2-4094-94a2-b0a2269e3347"
        ],
        "x-ms-correlation-request-id": [
          "a4722e70-dbd2-4094-94a2-b0a2269e3347"
        ],
        "x-ms-routing-request-id": [
          "UKSOUTH2:20190830T071647Z:a4722e70-dbd2-4094-94a2-b0a2269e3347"
        ],
        "Date": [
          "Fri, 30 Aug 2019 07:16:47 GMT"
        ],
        "Content-Length": [
          "1951"
        ],
        "Content-Type": [
          "application/json; charset=utf-8"
        ],
        "Expires": [
          "-1"
        ]
      },
      "ResponseBody": "{\r\n  \"id\": \"/subscriptions/80430018-24ee-4b28-a7bd-fb23b5a221d6/resourceGroups/ps5262/providers/microsoft.insights/scheduledqueryrules/ps9776\",\r\n  \"name\": \"ps9776\",\r\n  \"type\": \"microsoft.insights/scheduledqueryrules\",\r\n  \"location\": \"westus\",\r\n  \"tags\": {},\r\n  \"kind\": null,\r\n  \"etag\": \"\\\"5400677b-0000-0700-0000-5d68cd5d0000\\\"\",\r\n  \"properties\": {\r\n    \"description\": \"SQR log alert rule\",\r\n    \"displayName\": \"ps9776\",\r\n    \"enabled\": \"true\",\r\n    \"lastUpdatedTime\": \"2019-08-30T07:16:42.5099897Z\",\r\n    \"provisioningState\": \"Succeeded\",\r\n    \"source\": {\r\n      \"query\": \"traces | summarize AggregatedValue = count() by bin(timestamp, 5m)\",\r\n      \"authorizedResources\": [\r\n        \"/subscriptions/80430018-24ee-4b28-a7bd-fb23b5a221d6/resourceGroups/ps5262/providers/microsoft.insights/components/ps2683\"\r\n      ],\r\n      \"dataSourceId\": \"/subscriptions/80430018-24ee-4b28-a7bd-fb23b5a221d6/resourceGroups/ps5262/providers/microsoft.insights/components/ps2683\",\r\n      \"queryType\": \"ResultCount\"\r\n    },\r\n    \"schedule\": {\r\n      \"frequencyInMinutes\": 5,\r\n      \"timeWindowInMinutes\": 5\r\n    },\r\n    \"action\": {\r\n      \"severity\": \"2\",\r\n      \"aznsAction\": {\r\n        \"actionGroup\": [\r\n          \"/subscriptions/80430018-24ee-4b28-a7bd-fb23b5a221d6/resourceGroups/ps5262/providers/microsoft.insights/actionGroups/ps589\"\r\n        ],\r\n        \"emailSubject\": \"SQR Log alert trigger notification\",\r\n        \"customWebhookPayload\": \"{}\"\r\n      },\r\n      \"throttlingInMin\": 5,\r\n      \"trigger\": {\r\n        \"thresholdOperator\": \"GreaterThan\",\r\n        \"threshold\": 5,\r\n        \"metricTrigger\": {\r\n          \"thresholdOperator\": \"GreaterThan\",\r\n          \"threshold\": 10,\r\n          \"metricTriggerType\": \"Total\",\r\n          \"metricColumn\": \"timestamp\"\r\n        }\r\n      },\r\n      \"odata.type\": \"Microsoft.WindowsAzure.Management.Monitoring.Alerts.Models.Microsoft.AppInsights.Nexus.DataContracts.Resources.ScheduledQueryRules.AlertingAction\"\r\n    }\r\n  }\r\n}",
      "StatusCode": 200
    },
    {
      "RequestUri": "/subscriptions/80430018-24ee-4b28-a7bd-fb23b5a221d6/resourcegroups/ps5262/providers/microsoft.insights/scheduledQueryRules/ps9776?api-version=2018-04-16",
      "EncodedRequestUri": "L3N1YnNjcmlwdGlvbnMvODA0MzAwMTgtMjRlZS00YjI4LWE3YmQtZmIyM2I1YTIyMWQ2L3Jlc291cmNlZ3JvdXBzL3BzNTI2Mi9wcm92aWRlcnMvbWljcm9zb2Z0Lmluc2lnaHRzL3NjaGVkdWxlZFF1ZXJ5UnVsZXMvcHM5Nzc2P2FwaS12ZXJzaW9uPTIwMTgtMDQtMTY=",
      "RequestMethod": "GET",
      "RequestBody": "",
      "RequestHeaders": {
        "x-ms-client-request-id": [
          "d2ac5a3d-b48f-492f-bd5a-d9e40908aa25"
        ],
        "Accept-Language": [
          "en-US"
        ],
        "User-Agent": [
          "FxVersion/4.6.27817.01",
          "OSName/Windows",
          "OSVersion/Microsoft.Windows.10.0.18362.",
          "Microsoft.Azure.Management.Monitor.MonitorManagementClient/0.24.0.0"
        ]
      },
      "ResponseHeaders": {
        "Cache-Control": [
          "no-cache"
        ],
        "Pragma": [
          "no-cache"
        ],
        "Request-Context": [
          "appId=cid-v1:c13a1a07-630f-4f42-b89b-f5aedd031684"
        ],
        "Strict-Transport-Security": [
          "max-age=31536000; includeSubDomains"
        ],
        "X-Content-Type-Options": [
          "nosniff"
        ],
        "Server": [
          "Microsoft-IIS/10.0"
        ],
        "X-Powered-By": [
          "ASP.NET"
        ],
        "x-ms-ratelimit-remaining-subscription-reads": [
          "11987"
        ],
        "x-ms-request-id": [
          "c8748789-8d60-41b7-867f-a36e267fa47c"
        ],
        "x-ms-correlation-request-id": [
          "c8748789-8d60-41b7-867f-a36e267fa47c"
        ],
        "x-ms-routing-request-id": [
          "UKSOUTH2:20190830T071652Z:c8748789-8d60-41b7-867f-a36e267fa47c"
        ],
        "Date": [
          "Fri, 30 Aug 2019 07:16:52 GMT"
        ],
        "Content-Length": [
          "1952"
        ],
        "Content-Type": [
          "application/json; charset=utf-8"
        ],
        "Expires": [
          "-1"
        ]
      },
      "ResponseBody": "{\r\n  \"id\": \"/subscriptions/80430018-24ee-4b28-a7bd-fb23b5a221d6/resourceGroups/ps5262/providers/microsoft.insights/scheduledqueryrules/ps9776\",\r\n  \"name\": \"ps9776\",\r\n  \"type\": \"microsoft.insights/scheduledqueryrules\",\r\n  \"location\": \"westus\",\r\n  \"tags\": {},\r\n  \"kind\": null,\r\n  \"etag\": \"\\\"54009a7b-0000-0700-0000-5d68cd630000\\\"\",\r\n  \"properties\": {\r\n    \"description\": \"SQR log alert rule\",\r\n    \"displayName\": \"ps9776\",\r\n    \"enabled\": \"false\",\r\n    \"lastUpdatedTime\": \"2019-08-30T07:16:49.3264242Z\",\r\n    \"provisioningState\": \"Succeeded\",\r\n    \"source\": {\r\n      \"query\": \"traces | summarize AggregatedValue = count() by bin(timestamp, 5m)\",\r\n      \"authorizedResources\": [\r\n        \"/subscriptions/80430018-24ee-4b28-a7bd-fb23b5a221d6/resourceGroups/ps5262/providers/microsoft.insights/components/ps2683\"\r\n      ],\r\n      \"dataSourceId\": \"/subscriptions/80430018-24ee-4b28-a7bd-fb23b5a221d6/resourceGroups/ps5262/providers/microsoft.insights/components/ps2683\",\r\n      \"queryType\": \"ResultCount\"\r\n    },\r\n    \"schedule\": {\r\n      \"frequencyInMinutes\": 5,\r\n      \"timeWindowInMinutes\": 5\r\n    },\r\n    \"action\": {\r\n      \"severity\": \"2\",\r\n      \"aznsAction\": {\r\n        \"actionGroup\": [\r\n          \"/subscriptions/80430018-24ee-4b28-a7bd-fb23b5a221d6/resourceGroups/ps5262/providers/microsoft.insights/actionGroups/ps589\"\r\n        ],\r\n        \"emailSubject\": \"SQR Log alert trigger notification\",\r\n        \"customWebhookPayload\": \"{}\"\r\n      },\r\n      \"throttlingInMin\": 5,\r\n      \"trigger\": {\r\n        \"thresholdOperator\": \"GreaterThan\",\r\n        \"threshold\": 5,\r\n        \"metricTrigger\": {\r\n          \"thresholdOperator\": \"GreaterThan\",\r\n          \"threshold\": 10,\r\n          \"metricTriggerType\": \"Total\",\r\n          \"metricColumn\": \"timestamp\"\r\n        }\r\n      },\r\n      \"odata.type\": \"Microsoft.WindowsAzure.Management.Monitoring.Alerts.Models.Microsoft.AppInsights.Nexus.DataContracts.Resources.ScheduledQueryRules.AlertingAction\"\r\n    }\r\n  }\r\n}",
      "StatusCode": 200
    },
    {
      "RequestUri": "/subscriptions/80430018-24ee-4b28-a7bd-fb23b5a221d6/resourcegroups/ps5262/providers/microsoft.insights/scheduledQueryRules/ps9776?api-version=2018-04-16",
      "EncodedRequestUri": "L3N1YnNjcmlwdGlvbnMvODA0MzAwMTgtMjRlZS00YjI4LWE3YmQtZmIyM2I1YTIyMWQ2L3Jlc291cmNlZ3JvdXBzL3BzNTI2Mi9wcm92aWRlcnMvbWljcm9zb2Z0Lmluc2lnaHRzL3NjaGVkdWxlZFF1ZXJ5UnVsZXMvcHM5Nzc2P2FwaS12ZXJzaW9uPTIwMTgtMDQtMTY=",
      "RequestMethod": "GET",
      "RequestBody": "",
      "RequestHeaders": {
        "x-ms-client-request-id": [
          "ca7414ce-ce4c-4736-bb65-6bd990b0e257"
        ],
        "Accept-Language": [
          "en-US"
        ],
        "User-Agent": [
          "FxVersion/4.6.27817.01",
          "OSName/Windows",
          "OSVersion/Microsoft.Windows.10.0.18362.",
          "Microsoft.Azure.Management.Monitor.MonitorManagementClient/0.24.0.0"
        ]
      },
      "ResponseHeaders": {
        "Cache-Control": [
          "no-cache"
        ],
        "Pragma": [
          "no-cache"
        ],
        "Request-Context": [
          "appId=cid-v1:c13a1a07-630f-4f42-b89b-f5aedd031684"
        ],
        "Strict-Transport-Security": [
          "max-age=31536000; includeSubDomains"
        ],
        "X-Content-Type-Options": [
          "nosniff"
        ],
        "Server": [
          "Microsoft-IIS/10.0"
        ],
        "X-Powered-By": [
          "ASP.NET"
        ],
        "x-ms-ratelimit-remaining-subscription-reads": [
          "11985"
        ],
        "x-ms-request-id": [
          "3fb45aa1-70fb-4c5f-9014-06e47d48a8d9"
        ],
        "x-ms-correlation-request-id": [
          "3fb45aa1-70fb-4c5f-9014-06e47d48a8d9"
        ],
        "x-ms-routing-request-id": [
          "UKSOUTH2:20190830T071654Z:3fb45aa1-70fb-4c5f-9014-06e47d48a8d9"
        ],
        "Date": [
          "Fri, 30 Aug 2019 07:16:54 GMT"
        ],
        "Content-Length": [
          "1952"
        ],
        "Content-Type": [
          "application/json; charset=utf-8"
        ],
        "Expires": [
          "-1"
        ]
      },
      "ResponseBody": "{\r\n  \"id\": \"/subscriptions/80430018-24ee-4b28-a7bd-fb23b5a221d6/resourceGroups/ps5262/providers/microsoft.insights/scheduledqueryrules/ps9776\",\r\n  \"name\": \"ps9776\",\r\n  \"type\": \"microsoft.insights/scheduledqueryrules\",\r\n  \"location\": \"westus\",\r\n  \"tags\": {},\r\n  \"kind\": null,\r\n  \"etag\": \"\\\"5400b07b-0000-0700-0000-5d68cd660000\\\"\",\r\n  \"properties\": {\r\n    \"description\": \"SQR log alert rule\",\r\n    \"displayName\": \"ps9776\",\r\n    \"enabled\": \"false\",\r\n    \"lastUpdatedTime\": \"2019-08-30T07:16:53.6857911Z\",\r\n    \"provisioningState\": \"Succeeded\",\r\n    \"source\": {\r\n      \"query\": \"traces | summarize AggregatedValue = count() by bin(timestamp, 5m)\",\r\n      \"authorizedResources\": [\r\n        \"/subscriptions/80430018-24ee-4b28-a7bd-fb23b5a221d6/resourceGroups/ps5262/providers/microsoft.insights/components/ps2683\"\r\n      ],\r\n      \"dataSourceId\": \"/subscriptions/80430018-24ee-4b28-a7bd-fb23b5a221d6/resourceGroups/ps5262/providers/microsoft.insights/components/ps2683\",\r\n      \"queryType\": \"ResultCount\"\r\n    },\r\n    \"schedule\": {\r\n      \"frequencyInMinutes\": 5,\r\n      \"timeWindowInMinutes\": 5\r\n    },\r\n    \"action\": {\r\n      \"severity\": \"2\",\r\n      \"aznsAction\": {\r\n        \"actionGroup\": [\r\n          \"/subscriptions/80430018-24ee-4b28-a7bd-fb23b5a221d6/resourceGroups/ps5262/providers/microsoft.insights/actionGroups/ps589\"\r\n        ],\r\n        \"emailSubject\": \"SQR Log alert trigger notification\",\r\n        \"customWebhookPayload\": \"{}\"\r\n      },\r\n      \"throttlingInMin\": 5,\r\n      \"trigger\": {\r\n        \"thresholdOperator\": \"GreaterThan\",\r\n        \"threshold\": 5,\r\n        \"metricTrigger\": {\r\n          \"thresholdOperator\": \"GreaterThan\",\r\n          \"threshold\": 10,\r\n          \"metricTriggerType\": \"Total\",\r\n          \"metricColumn\": \"timestamp\"\r\n        }\r\n      },\r\n      \"odata.type\": \"Microsoft.WindowsAzure.Management.Monitoring.Alerts.Models.Microsoft.AppInsights.Nexus.DataContracts.Resources.ScheduledQueryRules.AlertingAction\"\r\n    }\r\n  }\r\n}",
      "StatusCode": 200
    },
    {
      "RequestUri": "/subscriptions/80430018-24ee-4b28-a7bd-fb23b5a221d6/resourcegroups/ps5262/providers/microsoft.insights/scheduledQueryRules/ps9776?api-version=2018-04-16",
      "EncodedRequestUri": "L3N1YnNjcmlwdGlvbnMvODA0MzAwMTgtMjRlZS00YjI4LWE3YmQtZmIyM2I1YTIyMWQ2L3Jlc291cmNlZ3JvdXBzL3BzNTI2Mi9wcm92aWRlcnMvbWljcm9zb2Z0Lmluc2lnaHRzL3NjaGVkdWxlZFF1ZXJ5UnVsZXMvcHM5Nzc2P2FwaS12ZXJzaW9uPTIwMTgtMDQtMTY=",
      "RequestMethod": "GET",
      "RequestBody": "",
      "RequestHeaders": {
        "x-ms-client-request-id": [
          "1dab92e0-197d-4173-94a4-456fc271f43c"
        ],
        "Accept-Language": [
          "en-US"
        ],
        "User-Agent": [
          "FxVersion/4.6.27817.01",
          "OSName/Windows",
          "OSVersion/Microsoft.Windows.10.0.18362.",
          "Microsoft.Azure.Management.Monitor.MonitorManagementClient/0.24.0.0"
        ]
      },
      "ResponseHeaders": {
        "Cache-Control": [
          "no-cache"
        ],
        "Pragma": [
          "no-cache"
        ],
        "Request-Context": [
          "appId=cid-v1:c13a1a07-630f-4f42-b89b-f5aedd031684"
        ],
        "Strict-Transport-Security": [
          "max-age=31536000; includeSubDomains"
        ],
        "X-Content-Type-Options": [
          "nosniff"
        ],
        "Server": [
          "Microsoft-IIS/10.0"
        ],
        "X-Powered-By": [
          "ASP.NET"
        ],
        "x-ms-ratelimit-remaining-subscription-reads": [
          "11984"
        ],
        "x-ms-request-id": [
          "0c5f5447-1451-4354-9a96-7d671e69bb82"
        ],
        "x-ms-correlation-request-id": [
          "0c5f5447-1451-4354-9a96-7d671e69bb82"
        ],
        "x-ms-routing-request-id": [
          "UKSOUTH2:20190830T071655Z:0c5f5447-1451-4354-9a96-7d671e69bb82"
        ],
        "Date": [
          "Fri, 30 Aug 2019 07:16:55 GMT"
        ],
        "Content-Length": [
          "1952"
        ],
        "Content-Type": [
          "application/json; charset=utf-8"
        ],
        "Expires": [
          "-1"
        ]
      },
      "ResponseBody": "{\r\n  \"id\": \"/subscriptions/80430018-24ee-4b28-a7bd-fb23b5a221d6/resourceGroups/ps5262/providers/microsoft.insights/scheduledqueryrules/ps9776\",\r\n  \"name\": \"ps9776\",\r\n  \"type\": \"microsoft.insights/scheduledqueryrules\",\r\n  \"location\": \"westus\",\r\n  \"tags\": {},\r\n  \"kind\": null,\r\n  \"etag\": \"\\\"5400b07b-0000-0700-0000-5d68cd660000\\\"\",\r\n  \"properties\": {\r\n    \"description\": \"SQR log alert rule\",\r\n    \"displayName\": \"ps9776\",\r\n    \"enabled\": \"false\",\r\n    \"lastUpdatedTime\": \"2019-08-30T07:16:53.6857911Z\",\r\n    \"provisioningState\": \"Succeeded\",\r\n    \"source\": {\r\n      \"query\": \"traces | summarize AggregatedValue = count() by bin(timestamp, 5m)\",\r\n      \"authorizedResources\": [\r\n        \"/subscriptions/80430018-24ee-4b28-a7bd-fb23b5a221d6/resourceGroups/ps5262/providers/microsoft.insights/components/ps2683\"\r\n      ],\r\n      \"dataSourceId\": \"/subscriptions/80430018-24ee-4b28-a7bd-fb23b5a221d6/resourceGroups/ps5262/providers/microsoft.insights/components/ps2683\",\r\n      \"queryType\": \"ResultCount\"\r\n    },\r\n    \"schedule\": {\r\n      \"frequencyInMinutes\": 5,\r\n      \"timeWindowInMinutes\": 5\r\n    },\r\n    \"action\": {\r\n      \"severity\": \"2\",\r\n      \"aznsAction\": {\r\n        \"actionGroup\": [\r\n          \"/subscriptions/80430018-24ee-4b28-a7bd-fb23b5a221d6/resourceGroups/ps5262/providers/microsoft.insights/actionGroups/ps589\"\r\n        ],\r\n        \"emailSubject\": \"SQR Log alert trigger notification\",\r\n        \"customWebhookPayload\": \"{}\"\r\n      },\r\n      \"throttlingInMin\": 5,\r\n      \"trigger\": {\r\n        \"thresholdOperator\": \"GreaterThan\",\r\n        \"threshold\": 5,\r\n        \"metricTrigger\": {\r\n          \"thresholdOperator\": \"GreaterThan\",\r\n          \"threshold\": 10,\r\n          \"metricTriggerType\": \"Total\",\r\n          \"metricColumn\": \"timestamp\"\r\n        }\r\n      },\r\n      \"odata.type\": \"Microsoft.WindowsAzure.Management.Monitoring.Alerts.Models.Microsoft.AppInsights.Nexus.DataContracts.Resources.ScheduledQueryRules.AlertingAction\"\r\n    }\r\n  }\r\n}",
      "StatusCode": 200
    },
    {
      "RequestUri": "/subscriptions/80430018-24ee-4b28-a7bd-fb23b5a221d6/resourcegroups/ps5262/providers/microsoft.insights/scheduledQueryRules/ps9776?api-version=2018-04-16",
      "EncodedRequestUri": "L3N1YnNjcmlwdGlvbnMvODA0MzAwMTgtMjRlZS00YjI4LWE3YmQtZmIyM2I1YTIyMWQ2L3Jlc291cmNlZ3JvdXBzL3BzNTI2Mi9wcm92aWRlcnMvbWljcm9zb2Z0Lmluc2lnaHRzL3NjaGVkdWxlZFF1ZXJ5UnVsZXMvcHM5Nzc2P2FwaS12ZXJzaW9uPTIwMTgtMDQtMTY=",
      "RequestMethod": "GET",
      "RequestBody": "",
      "RequestHeaders": {
        "x-ms-client-request-id": [
          "cc2a9dd3-4102-4c31-90e8-9a1863959b19"
        ],
        "Accept-Language": [
          "en-US"
        ],
        "User-Agent": [
          "FxVersion/4.6.27817.01",
          "OSName/Windows",
          "OSVersion/Microsoft.Windows.10.0.18362.",
          "Microsoft.Azure.Management.Monitor.MonitorManagementClient/0.24.0.0"
        ]
      },
      "ResponseHeaders": {
        "Cache-Control": [
          "no-cache"
        ],
        "Pragma": [
          "no-cache"
        ],
        "Request-Context": [
          "appId=cid-v1:c13a1a07-630f-4f42-b89b-f5aedd031684"
        ],
        "Strict-Transport-Security": [
          "max-age=31536000; includeSubDomains"
        ],
        "X-Content-Type-Options": [
          "nosniff"
        ],
        "Server": [
          "Microsoft-IIS/10.0"
        ],
        "X-Powered-By": [
          "ASP.NET"
        ],
        "x-ms-ratelimit-remaining-subscription-reads": [
          "11983"
        ],
        "x-ms-request-id": [
          "90572542-5ad8-4f41-9ce5-9977b03baf1f"
        ],
        "x-ms-correlation-request-id": [
          "90572542-5ad8-4f41-9ce5-9977b03baf1f"
        ],
        "x-ms-routing-request-id": [
          "UKSOUTH2:20190830T071658Z:90572542-5ad8-4f41-9ce5-9977b03baf1f"
        ],
        "Date": [
          "Fri, 30 Aug 2019 07:16:58 GMT"
        ],
        "Content-Length": [
          "1951"
        ],
        "Content-Type": [
          "application/json; charset=utf-8"
        ],
        "Expires": [
          "-1"
        ]
      },
      "ResponseBody": "{\r\n  \"id\": \"/subscriptions/80430018-24ee-4b28-a7bd-fb23b5a221d6/resourceGroups/ps5262/providers/microsoft.insights/scheduledqueryrules/ps9776\",\r\n  \"name\": \"ps9776\",\r\n  \"type\": \"microsoft.insights/scheduledqueryrules\",\r\n  \"location\": \"westus\",\r\n  \"tags\": {},\r\n  \"kind\": null,\r\n  \"etag\": \"\\\"5400cd7b-0000-0700-0000-5d68cd690000\\\"\",\r\n  \"properties\": {\r\n    \"description\": \"SQR log alert rule\",\r\n    \"displayName\": \"ps9776\",\r\n    \"enabled\": \"true\",\r\n    \"lastUpdatedTime\": \"2019-08-30T07:16:56.8283898Z\",\r\n    \"provisioningState\": \"Succeeded\",\r\n    \"source\": {\r\n      \"query\": \"traces | summarize AggregatedValue = count() by bin(timestamp, 5m)\",\r\n      \"authorizedResources\": [\r\n        \"/subscriptions/80430018-24ee-4b28-a7bd-fb23b5a221d6/resourceGroups/ps5262/providers/microsoft.insights/components/ps2683\"\r\n      ],\r\n      \"dataSourceId\": \"/subscriptions/80430018-24ee-4b28-a7bd-fb23b5a221d6/resourceGroups/ps5262/providers/microsoft.insights/components/ps2683\",\r\n      \"queryType\": \"ResultCount\"\r\n    },\r\n    \"schedule\": {\r\n      \"frequencyInMinutes\": 5,\r\n      \"timeWindowInMinutes\": 5\r\n    },\r\n    \"action\": {\r\n      \"severity\": \"2\",\r\n      \"aznsAction\": {\r\n        \"actionGroup\": [\r\n          \"/subscriptions/80430018-24ee-4b28-a7bd-fb23b5a221d6/resourceGroups/ps5262/providers/microsoft.insights/actionGroups/ps589\"\r\n        ],\r\n        \"emailSubject\": \"SQR Log alert trigger notification\",\r\n        \"customWebhookPayload\": \"{}\"\r\n      },\r\n      \"throttlingInMin\": 5,\r\n      \"trigger\": {\r\n        \"thresholdOperator\": \"GreaterThan\",\r\n        \"threshold\": 5,\r\n        \"metricTrigger\": {\r\n          \"thresholdOperator\": \"GreaterThan\",\r\n          \"threshold\": 10,\r\n          \"metricTriggerType\": \"Total\",\r\n          \"metricColumn\": \"timestamp\"\r\n        }\r\n      },\r\n      \"odata.type\": \"Microsoft.WindowsAzure.Management.Monitoring.Alerts.Models.Microsoft.AppInsights.Nexus.DataContracts.Resources.ScheduledQueryRules.AlertingAction\"\r\n    }\r\n  }\r\n}",
      "StatusCode": 200
    },
    {
      "RequestUri": "/subscriptions/80430018-24ee-4b28-a7bd-fb23b5a221d6/resourcegroups/ps5262/providers/microsoft.insights/scheduledQueryRules/ps9776?api-version=2018-04-16",
      "EncodedRequestUri": "L3N1YnNjcmlwdGlvbnMvODA0MzAwMTgtMjRlZS00YjI4LWE3YmQtZmIyM2I1YTIyMWQ2L3Jlc291cmNlZ3JvdXBzL3BzNTI2Mi9wcm92aWRlcnMvbWljcm9zb2Z0Lmluc2lnaHRzL3NjaGVkdWxlZFF1ZXJ5UnVsZXMvcHM5Nzc2P2FwaS12ZXJzaW9uPTIwMTgtMDQtMTY=",
      "RequestMethod": "GET",
      "RequestBody": "",
      "RequestHeaders": {
        "x-ms-client-request-id": [
          "134534cd-273f-4a6d-b291-0ad7fe34311f"
        ],
        "Accept-Language": [
          "en-US"
        ],
        "User-Agent": [
          "FxVersion/4.6.27817.01",
          "OSName/Windows",
          "OSVersion/Microsoft.Windows.10.0.18362.",
          "Microsoft.Azure.Management.Monitor.MonitorManagementClient/0.24.0.0"
        ]
      },
      "ResponseHeaders": {
        "Cache-Control": [
          "no-cache"
        ],
        "Pragma": [
          "no-cache"
        ],
        "Request-Context": [
          "appId=cid-v1:c13a1a07-630f-4f42-b89b-f5aedd031684"
        ],
        "Strict-Transport-Security": [
          "max-age=31536000; includeSubDomains"
        ],
        "X-Content-Type-Options": [
          "nosniff"
        ],
        "Server": [
          "Microsoft-IIS/10.0"
        ],
        "X-Powered-By": [
          "ASP.NET"
        ],
        "x-ms-ratelimit-remaining-subscription-reads": [
          "11982"
        ],
        "x-ms-request-id": [
          "fd739efb-0c33-4061-bd39-cd222f94fb1b"
        ],
        "x-ms-correlation-request-id": [
          "fd739efb-0c33-4061-bd39-cd222f94fb1b"
        ],
        "x-ms-routing-request-id": [
          "UKSOUTH2:20190830T071703Z:fd739efb-0c33-4061-bd39-cd222f94fb1b"
        ],
        "Date": [
          "Fri, 30 Aug 2019 07:17:03 GMT"
        ],
        "Content-Length": [
          "1951"
        ],
        "Content-Type": [
          "application/json; charset=utf-8"
        ],
        "Expires": [
          "-1"
        ]
      },
      "ResponseBody": "{\r\n  \"id\": \"/subscriptions/80430018-24ee-4b28-a7bd-fb23b5a221d6/resourceGroups/ps5262/providers/microsoft.insights/scheduledqueryrules/ps9776\",\r\n  \"name\": \"ps9776\",\r\n  \"type\": \"microsoft.insights/scheduledqueryrules\",\r\n  \"location\": \"westus\",\r\n  \"tags\": {},\r\n  \"kind\": null,\r\n  \"etag\": \"\\\"5400ed7b-0000-0700-0000-5d68cd6e0000\\\"\",\r\n  \"properties\": {\r\n    \"description\": \"SQR log alert rule\",\r\n    \"displayName\": \"ps9776\",\r\n    \"enabled\": \"true\",\r\n    \"lastUpdatedTime\": \"2019-08-30T07:17:01.0315051Z\",\r\n    \"provisioningState\": \"Succeeded\",\r\n    \"source\": {\r\n      \"query\": \"traces | summarize AggregatedValue = count() by bin(timestamp, 5m)\",\r\n      \"authorizedResources\": [\r\n        \"/subscriptions/80430018-24ee-4b28-a7bd-fb23b5a221d6/resourceGroups/ps5262/providers/microsoft.insights/components/ps2683\"\r\n      ],\r\n      \"dataSourceId\": \"/subscriptions/80430018-24ee-4b28-a7bd-fb23b5a221d6/resourceGroups/ps5262/providers/microsoft.insights/components/ps2683\",\r\n      \"queryType\": \"ResultCount\"\r\n    },\r\n    \"schedule\": {\r\n      \"frequencyInMinutes\": 5,\r\n      \"timeWindowInMinutes\": 5\r\n    },\r\n    \"action\": {\r\n      \"severity\": \"2\",\r\n      \"aznsAction\": {\r\n        \"actionGroup\": [\r\n          \"/subscriptions/80430018-24ee-4b28-a7bd-fb23b5a221d6/resourceGroups/ps5262/providers/microsoft.insights/actionGroups/ps589\"\r\n        ],\r\n        \"emailSubject\": \"SQR Log alert trigger notification\",\r\n        \"customWebhookPayload\": \"{}\"\r\n      },\r\n      \"throttlingInMin\": 5,\r\n      \"trigger\": {\r\n        \"thresholdOperator\": \"GreaterThan\",\r\n        \"threshold\": 5,\r\n        \"metricTrigger\": {\r\n          \"thresholdOperator\": \"GreaterThan\",\r\n          \"threshold\": 10,\r\n          \"metricTriggerType\": \"Total\",\r\n          \"metricColumn\": \"timestamp\"\r\n        }\r\n      },\r\n      \"odata.type\": \"Microsoft.WindowsAzure.Management.Monitoring.Alerts.Models.Microsoft.AppInsights.Nexus.DataContracts.Resources.ScheduledQueryRules.AlertingAction\"\r\n    }\r\n  }\r\n}",
      "StatusCode": 200
    },
    {
      "RequestUri": "/subscriptions/80430018-24ee-4b28-a7bd-fb23b5a221d6/resourcegroups/ps5262/providers/microsoft.insights/scheduledQueryRules/ps9776?api-version=2018-04-16",
      "EncodedRequestUri": "L3N1YnNjcmlwdGlvbnMvODA0MzAwMTgtMjRlZS00YjI4LWE3YmQtZmIyM2I1YTIyMWQ2L3Jlc291cmNlZ3JvdXBzL3BzNTI2Mi9wcm92aWRlcnMvbWljcm9zb2Z0Lmluc2lnaHRzL3NjaGVkdWxlZFF1ZXJ5UnVsZXMvcHM5Nzc2P2FwaS12ZXJzaW9uPTIwMTgtMDQtMTY=",
      "RequestMethod": "PATCH",
      "RequestBody": "{\r\n  \"tags\": {},\r\n  \"properties\": {\r\n    \"enabled\": \"false\"\r\n  }\r\n}",
      "RequestHeaders": {
        "x-ms-client-request-id": [
          "7206c7ff-d7d8-4c68-a6bc-67c06c6d3161"
        ],
        "Accept-Language": [
          "en-US"
        ],
        "User-Agent": [
          "FxVersion/4.6.27817.01",
          "OSName/Windows",
          "OSVersion/Microsoft.Windows.10.0.18362.",
          "Microsoft.Azure.Management.Monitor.MonitorManagementClient/0.24.0.0"
        ],
        "Content-Type": [
          "application/json; charset=utf-8"
        ],
        "Content-Length": [
          "67"
        ]
      },
      "ResponseHeaders": {
        "Cache-Control": [
          "no-cache"
        ],
        "Pragma": [
          "no-cache"
        ],
        "Request-Context": [
          "appId=cid-v1:c13a1a07-630f-4f42-b89b-f5aedd031684"
        ],
        "Strict-Transport-Security": [
          "max-age=31536000; includeSubDomains"
        ],
        "X-Content-Type-Options": [
          "nosniff"
        ],
        "Server": [
          "Microsoft-IIS/10.0"
        ],
        "X-Powered-By": [
          "ASP.NET"
        ],
        "x-ms-ratelimit-remaining-subscription-writes": [
          "1197"
        ],
        "x-ms-request-id": [
          "706ff1de-5d24-45b5-8d58-62563b9003e1"
        ],
        "x-ms-correlation-request-id": [
          "706ff1de-5d24-45b5-8d58-62563b9003e1"
        ],
        "x-ms-routing-request-id": [
          "UKSOUTH2:20190830T071652Z:706ff1de-5d24-45b5-8d58-62563b9003e1"
        ],
        "Date": [
          "Fri, 30 Aug 2019 07:16:52 GMT"
        ],
        "Content-Length": [
          "1952"
        ],
        "Content-Type": [
          "application/json; charset=utf-8"
        ],
        "Expires": [
          "-1"
        ]
      },
      "ResponseBody": "{\r\n  \"id\": \"/subscriptions/80430018-24ee-4b28-a7bd-fb23b5a221d6/resourceGroups/ps5262/providers/microsoft.insights/scheduledqueryrules/ps9776\",\r\n  \"name\": \"ps9776\",\r\n  \"type\": \"microsoft.insights/scheduledqueryrules\",\r\n  \"location\": \"westus\",\r\n  \"tags\": {},\r\n  \"kind\": null,\r\n  \"etag\": \"\\\"54009a7b-0000-0700-0000-5d68cd630000\\\"\",\r\n  \"properties\": {\r\n    \"description\": \"SQR log alert rule\",\r\n    \"displayName\": \"ps9776\",\r\n    \"enabled\": \"false\",\r\n    \"lastUpdatedTime\": \"2019-08-30T07:16:49.3264242Z\",\r\n    \"provisioningState\": \"Succeeded\",\r\n    \"source\": {\r\n      \"query\": \"traces | summarize AggregatedValue = count() by bin(timestamp, 5m)\",\r\n      \"authorizedResources\": [\r\n        \"/subscriptions/80430018-24ee-4b28-a7bd-fb23b5a221d6/resourceGroups/ps5262/providers/microsoft.insights/components/ps2683\"\r\n      ],\r\n      \"dataSourceId\": \"/subscriptions/80430018-24ee-4b28-a7bd-fb23b5a221d6/resourceGroups/ps5262/providers/microsoft.insights/components/ps2683\",\r\n      \"queryType\": \"ResultCount\"\r\n    },\r\n    \"schedule\": {\r\n      \"frequencyInMinutes\": 5,\r\n      \"timeWindowInMinutes\": 5\r\n    },\r\n    \"action\": {\r\n      \"severity\": \"2\",\r\n      \"aznsAction\": {\r\n        \"actionGroup\": [\r\n          \"/subscriptions/80430018-24ee-4b28-a7bd-fb23b5a221d6/resourceGroups/ps5262/providers/microsoft.insights/actionGroups/ps589\"\r\n        ],\r\n        \"emailSubject\": \"SQR Log alert trigger notification\",\r\n        \"customWebhookPayload\": \"{}\"\r\n      },\r\n      \"throttlingInMin\": 5,\r\n      \"trigger\": {\r\n        \"thresholdOperator\": \"GreaterThan\",\r\n        \"threshold\": 5,\r\n        \"metricTrigger\": {\r\n          \"thresholdOperator\": \"GreaterThan\",\r\n          \"threshold\": 10,\r\n          \"metricTriggerType\": \"Total\",\r\n          \"metricColumn\": \"timestamp\"\r\n        }\r\n      },\r\n      \"odata.type\": \"Microsoft.WindowsAzure.Management.Monitoring.Alerts.Models.Microsoft.AppInsights.Nexus.DataContracts.Resources.ScheduledQueryRules.AlertingAction\"\r\n    }\r\n  }\r\n}",
      "StatusCode": 200
    },
    {
      "RequestUri": "/subscriptions/80430018-24ee-4b28-a7bd-fb23b5a221d6/resourcegroups/ps5262/providers/microsoft.insights/scheduledQueryRules/ps9776?api-version=2018-04-16",
      "EncodedRequestUri": "L3N1YnNjcmlwdGlvbnMvODA0MzAwMTgtMjRlZS00YjI4LWE3YmQtZmIyM2I1YTIyMWQ2L3Jlc291cmNlZ3JvdXBzL3BzNTI2Mi9wcm92aWRlcnMvbWljcm9zb2Z0Lmluc2lnaHRzL3NjaGVkdWxlZFF1ZXJ5UnVsZXMvcHM5Nzc2P2FwaS12ZXJzaW9uPTIwMTgtMDQtMTY=",
      "RequestMethod": "PATCH",
      "RequestBody": "{\r\n  \"tags\": {},\r\n  \"properties\": {\r\n    \"enabled\": \"true\"\r\n  }\r\n}",
      "RequestHeaders": {
        "x-ms-client-request-id": [
          "1dc3950c-ea91-4776-98ea-f33ea4b922a4"
        ],
        "Accept-Language": [
          "en-US"
        ],
        "User-Agent": [
          "FxVersion/4.6.27817.01",
          "OSName/Windows",
          "OSVersion/Microsoft.Windows.10.0.18362.",
          "Microsoft.Azure.Management.Monitor.MonitorManagementClient/0.24.0.0"
        ],
        "Content-Type": [
          "application/json; charset=utf-8"
        ],
        "Content-Length": [
          "66"
        ]
      },
      "ResponseHeaders": {
        "Cache-Control": [
          "no-cache"
        ],
        "Pragma": [
          "no-cache"
        ],
        "Request-Context": [
          "appId=cid-v1:c13a1a07-630f-4f42-b89b-f5aedd031684"
        ],
        "Strict-Transport-Security": [
          "max-age=31536000; includeSubDomains"
        ],
        "X-Content-Type-Options": [
          "nosniff"
        ],
        "Server": [
          "Microsoft-IIS/10.0"
        ],
        "X-Powered-By": [
          "ASP.NET"
        ],
        "x-ms-ratelimit-remaining-subscription-writes": [
          "1195"
        ],
        "x-ms-request-id": [
          "f8ef6108-b002-4184-872f-e9531479fdb1"
        ],
        "x-ms-correlation-request-id": [
          "f8ef6108-b002-4184-872f-e9531479fdb1"
        ],
        "x-ms-routing-request-id": [
          "UKSOUTH2:20190830T071658Z:f8ef6108-b002-4184-872f-e9531479fdb1"
        ],
        "Date": [
          "Fri, 30 Aug 2019 07:16:58 GMT"
        ],
        "Content-Length": [
          "1951"
        ],
        "Content-Type": [
          "application/json; charset=utf-8"
        ],
        "Expires": [
          "-1"
        ]
      },
      "ResponseBody": "{\r\n  \"id\": \"/subscriptions/80430018-24ee-4b28-a7bd-fb23b5a221d6/resourceGroups/ps5262/providers/microsoft.insights/scheduledqueryrules/ps9776\",\r\n  \"name\": \"ps9776\",\r\n  \"type\": \"microsoft.insights/scheduledqueryrules\",\r\n  \"location\": \"westus\",\r\n  \"tags\": {},\r\n  \"kind\": null,\r\n  \"etag\": \"\\\"5400cd7b-0000-0700-0000-5d68cd690000\\\"\",\r\n  \"properties\": {\r\n    \"description\": \"SQR log alert rule\",\r\n    \"displayName\": \"ps9776\",\r\n    \"enabled\": \"true\",\r\n    \"lastUpdatedTime\": \"2019-08-30T07:16:56.8283898Z\",\r\n    \"provisioningState\": \"Succeeded\",\r\n    \"source\": {\r\n      \"query\": \"traces | summarize AggregatedValue = count() by bin(timestamp, 5m)\",\r\n      \"authorizedResources\": [\r\n        \"/subscriptions/80430018-24ee-4b28-a7bd-fb23b5a221d6/resourceGroups/ps5262/providers/microsoft.insights/components/ps2683\"\r\n      ],\r\n      \"dataSourceId\": \"/subscriptions/80430018-24ee-4b28-a7bd-fb23b5a221d6/resourceGroups/ps5262/providers/microsoft.insights/components/ps2683\",\r\n      \"queryType\": \"ResultCount\"\r\n    },\r\n    \"schedule\": {\r\n      \"frequencyInMinutes\": 5,\r\n      \"timeWindowInMinutes\": 5\r\n    },\r\n    \"action\": {\r\n      \"severity\": \"2\",\r\n      \"aznsAction\": {\r\n        \"actionGroup\": [\r\n          \"/subscriptions/80430018-24ee-4b28-a7bd-fb23b5a221d6/resourceGroups/ps5262/providers/microsoft.insights/actionGroups/ps589\"\r\n        ],\r\n        \"emailSubject\": \"SQR Log alert trigger notification\",\r\n        \"customWebhookPayload\": \"{}\"\r\n      },\r\n      \"throttlingInMin\": 5,\r\n      \"trigger\": {\r\n        \"thresholdOperator\": \"GreaterThan\",\r\n        \"threshold\": 5,\r\n        \"metricTrigger\": {\r\n          \"thresholdOperator\": \"GreaterThan\",\r\n          \"threshold\": 10,\r\n          \"metricTriggerType\": \"Total\",\r\n          \"metricColumn\": \"timestamp\"\r\n        }\r\n      },\r\n      \"odata.type\": \"Microsoft.WindowsAzure.Management.Monitoring.Alerts.Models.Microsoft.AppInsights.Nexus.DataContracts.Resources.ScheduledQueryRules.AlertingAction\"\r\n    }\r\n  }\r\n}",
      "StatusCode": 200
    },
    {
      "RequestUri": "/subscriptions/80430018-24ee-4b28-a7bd-fb23b5a221d6/resourcegroups/ps5262/providers/microsoft.insights/scheduledQueryRules/ps9776?api-version=2018-04-16",
      "EncodedRequestUri": "L3N1YnNjcmlwdGlvbnMvODA0MzAwMTgtMjRlZS00YjI4LWE3YmQtZmIyM2I1YTIyMWQ2L3Jlc291cmNlZ3JvdXBzL3BzNTI2Mi9wcm92aWRlcnMvbWljcm9zb2Z0Lmluc2lnaHRzL3NjaGVkdWxlZFF1ZXJ5UnVsZXMvcHM5Nzc2P2FwaS12ZXJzaW9uPTIwMTgtMDQtMTY=",
      "RequestMethod": "DELETE",
      "RequestBody": "",
      "RequestHeaders": {
        "x-ms-client-request-id": [
          "a49a05bf-f78d-454f-b27f-a2b0748d5ce3"
        ],
        "Accept-Language": [
          "en-US"
        ],
        "User-Agent": [
          "FxVersion/4.6.27817.01",
          "OSName/Windows",
          "OSVersion/Microsoft.Windows.10.0.18362.",
          "Microsoft.Azure.Management.Monitor.MonitorManagementClient/0.24.0.0"
        ]
      },
      "ResponseHeaders": {
        "Cache-Control": [
          "no-cache"
        ],
        "Pragma": [
          "no-cache"
        ],
        "Request-Context": [
          "appId=cid-v1:c13a1a07-630f-4f42-b89b-f5aedd031684"
        ],
        "Strict-Transport-Security": [
          "max-age=31536000; includeSubDomains"
        ],
        "X-Content-Type-Options": [
          "nosniff"
        ],
        "Server": [
          "Microsoft-IIS/10.0"
        ],
        "X-Powered-By": [
          "ASP.NET"
        ],
        "x-ms-ratelimit-remaining-subscription-deletes": [
          "14999"
        ],
        "x-ms-request-id": [
          "77a5789e-d79d-429a-a152-2486ab050793"
        ],
        "x-ms-correlation-request-id": [
          "77a5789e-d79d-429a-a152-2486ab050793"
        ],
        "x-ms-routing-request-id": [
          "UKSOUTH2:20190830T071705Z:77a5789e-d79d-429a-a152-2486ab050793"
        ],
        "Date": [
          "Fri, 30 Aug 2019 07:17:05 GMT"
        ],
        "Expires": [
          "-1"
        ],
        "Content-Length": [
          "0"
        ]
      },
      "ResponseBody": "",
      "StatusCode": 200
    },
    {
      "RequestUri": "/subscriptions/80430018-24ee-4b28-a7bd-fb23b5a221d6/resourcegroups/ps5262/providers/microsoft.insights/scheduledQueryRules/ps9324?api-version=2018-04-16",
      "EncodedRequestUri": "L3N1YnNjcmlwdGlvbnMvODA0MzAwMTgtMjRlZS00YjI4LWE3YmQtZmIyM2I1YTIyMWQ2L3Jlc291cmNlZ3JvdXBzL3BzNTI2Mi9wcm92aWRlcnMvbWljcm9zb2Z0Lmluc2lnaHRzL3NjaGVkdWxlZFF1ZXJ5UnVsZXMvcHM5MzI0P2FwaS12ZXJzaW9uPTIwMTgtMDQtMTY=",
      "RequestMethod": "PUT",
      "RequestBody": "{\r\n  \"properties\": {\r\n    \"description\": \"SQR log alert rule\",\r\n    \"enabled\": \"true\",\r\n    \"source\": {\r\n      \"query\": \"traces | summarize AggregatedValue = count() by bin(timestamp, 5m)\",\r\n      \"authorizedResources\": [\r\n        \"/subscriptions/80430018-24ee-4b28-a7bd-fb23b5a221d6/resourceGroups/ps5262/providers/microsoft.insights/components/ps2683\"\r\n      ],\r\n      \"dataSourceId\": \"/subscriptions/80430018-24ee-4b28-a7bd-fb23b5a221d6/resourceGroups/ps5262/providers/microsoft.insights/components/ps2683\",\r\n      \"queryType\": \"ResultCount\"\r\n    },\r\n    \"schedule\": {\r\n      \"frequencyInMinutes\": 5,\r\n      \"timeWindowInMinutes\": 5\r\n    },\r\n    \"action\": {\r\n      \"odata.type\": \"Microsoft.WindowsAzure.Management.Monitoring.Alerts.Models.Microsoft.AppInsights.Nexus.DataContracts.Resources.ScheduledQueryRules.AlertingAction\",\r\n      \"severity\": \"2\",\r\n      \"aznsAction\": {\r\n        \"actionGroup\": [\r\n          \"/subscriptions/80430018-24ee-4b28-a7bd-fb23b5a221d6/resourceGroups/ps5262/providers/microsoft.insights/actionGroups/ps589\"\r\n        ],\r\n        \"emailSubject\": \"SQR Log alert trigger notification\",\r\n        \"customWebhookPayload\": \"{}\"\r\n      },\r\n      \"throttlingInMin\": 5,\r\n      \"trigger\": {\r\n        \"thresholdOperator\": \"GreaterThan\",\r\n        \"threshold\": 5.0,\r\n        \"metricTrigger\": {\r\n          \"thresholdOperator\": \"GreaterThan\",\r\n          \"threshold\": 10.0,\r\n          \"metricTriggerType\": \"Total\",\r\n          \"metricColumn\": \"timestamp\"\r\n        }\r\n      }\r\n    }\r\n  },\r\n  \"location\": \"West US\",\r\n  \"tags\": {}\r\n}",
      "RequestHeaders": {
        "x-ms-client-request-id": [
          "450b4f85-3d17-40aa-9cf2-324987f2869b"
        ],
        "Accept-Language": [
          "en-US"
        ],
        "User-Agent": [
          "FxVersion/4.6.27817.01",
          "OSName/Windows",
          "OSVersion/Microsoft.Windows.10.0.18362.",
          "Microsoft.Azure.Management.Monitor.MonitorManagementClient/0.24.0.0"
        ],
        "Content-Type": [
          "application/json; charset=utf-8"
        ],
        "Content-Length": [
          "1543"
        ]
      },
      "ResponseHeaders": {
        "Cache-Control": [
          "no-cache"
        ],
        "Pragma": [
          "no-cache"
        ],
        "Request-Context": [
          "appId=cid-v1:c13a1a07-630f-4f42-b89b-f5aedd031684"
        ],
        "Strict-Transport-Security": [
          "max-age=31536000; includeSubDomains"
        ],
        "X-Content-Type-Options": [
          "nosniff"
        ],
        "Server": [
          "Microsoft-IIS/10.0"
        ],
        "X-Powered-By": [
          "ASP.NET"
        ],
        "x-ms-ratelimit-remaining-subscription-writes": [
          "1198"
        ],
        "x-ms-request-id": [
          "b934787d-5af0-41ba-a2b0-20594fddf770"
        ],
        "x-ms-correlation-request-id": [
          "b934787d-5af0-41ba-a2b0-20594fddf770"
        ],
        "x-ms-routing-request-id": [
          "UKSOUTH2:20190830T071709Z:b934787d-5af0-41ba-a2b0-20594fddf770"
        ],
        "Date": [
          "Fri, 30 Aug 2019 07:17:09 GMT"
        ],
        "Content-Length": [
          "1951"
        ],
        "Content-Type": [
          "application/json; charset=utf-8"
        ],
        "Expires": [
          "-1"
        ]
      },
      "ResponseBody": "{\r\n  \"id\": \"/subscriptions/80430018-24ee-4b28-a7bd-fb23b5a221d6/resourceGroups/ps5262/providers/microsoft.insights/scheduledqueryrules/ps9324\",\r\n  \"name\": \"ps9324\",\r\n  \"type\": \"microsoft.insights/scheduledqueryrules\",\r\n  \"location\": \"westus\",\r\n  \"tags\": {},\r\n  \"kind\": null,\r\n  \"etag\": \"\\\"5400197c-0000-0700-0000-5d68cd740000\\\"\",\r\n  \"properties\": {\r\n    \"description\": \"SQR log alert rule\",\r\n    \"displayName\": \"ps9324\",\r\n    \"enabled\": \"true\",\r\n    \"lastUpdatedTime\": \"2019-08-30T07:17:06.0529884Z\",\r\n    \"provisioningState\": \"Succeeded\",\r\n    \"source\": {\r\n      \"query\": \"traces | summarize AggregatedValue = count() by bin(timestamp, 5m)\",\r\n      \"authorizedResources\": [\r\n        \"/subscriptions/80430018-24ee-4b28-a7bd-fb23b5a221d6/resourceGroups/ps5262/providers/microsoft.insights/components/ps2683\"\r\n      ],\r\n      \"dataSourceId\": \"/subscriptions/80430018-24ee-4b28-a7bd-fb23b5a221d6/resourceGroups/ps5262/providers/microsoft.insights/components/ps2683\",\r\n      \"queryType\": \"ResultCount\"\r\n    },\r\n    \"schedule\": {\r\n      \"frequencyInMinutes\": 5,\r\n      \"timeWindowInMinutes\": 5\r\n    },\r\n    \"action\": {\r\n      \"severity\": \"2\",\r\n      \"aznsAction\": {\r\n        \"actionGroup\": [\r\n          \"/subscriptions/80430018-24ee-4b28-a7bd-fb23b5a221d6/resourceGroups/ps5262/providers/microsoft.insights/actionGroups/ps589\"\r\n        ],\r\n        \"emailSubject\": \"SQR Log alert trigger notification\",\r\n        \"customWebhookPayload\": \"{}\"\r\n      },\r\n      \"throttlingInMin\": 5,\r\n      \"trigger\": {\r\n        \"thresholdOperator\": \"GreaterThan\",\r\n        \"threshold\": 5,\r\n        \"metricTrigger\": {\r\n          \"thresholdOperator\": \"GreaterThan\",\r\n          \"threshold\": 10,\r\n          \"metricTriggerType\": \"Total\",\r\n          \"metricColumn\": \"timestamp\"\r\n        }\r\n      },\r\n      \"odata.type\": \"Microsoft.WindowsAzure.Management.Monitoring.Alerts.Models.Microsoft.AppInsights.Nexus.DataContracts.Resources.ScheduledQueryRules.AlertingAction\"\r\n    }\r\n  }\r\n}",
      "StatusCode": 201
    },
    {
      "RequestUri": "/subscriptions/80430018-24ee-4b28-a7bd-fb23b5a221d6/resourcegroups/ps5262/providers/microsoft.insights/scheduledQueryRules/ps9324?api-version=2018-04-16",
      "EncodedRequestUri": "L3N1YnNjcmlwdGlvbnMvODA0MzAwMTgtMjRlZS00YjI4LWE3YmQtZmIyM2I1YTIyMWQ2L3Jlc291cmNlZ3JvdXBzL3BzNTI2Mi9wcm92aWRlcnMvbWljcm9zb2Z0Lmluc2lnaHRzL3NjaGVkdWxlZFF1ZXJ5UnVsZXMvcHM5MzI0P2FwaS12ZXJzaW9uPTIwMTgtMDQtMTY=",
      "RequestMethod": "GET",
      "RequestBody": "",
      "RequestHeaders": {
        "x-ms-client-request-id": [
          "688ce100-a7bd-405c-aab8-0e26bc5b644e"
        ],
        "Accept-Language": [
          "en-US"
        ],
        "User-Agent": [
          "FxVersion/4.6.27817.01",
          "OSName/Windows",
          "OSVersion/Microsoft.Windows.10.0.18362.",
          "Microsoft.Azure.Management.Monitor.MonitorManagementClient/0.24.0.0"
        ]
      },
      "ResponseHeaders": {
        "Cache-Control": [
          "no-cache"
        ],
        "Pragma": [
          "no-cache"
        ],
        "Request-Context": [
          "appId=cid-v1:c13a1a07-630f-4f42-b89b-f5aedd031684"
        ],
        "Strict-Transport-Security": [
          "max-age=31536000; includeSubDomains"
        ],
        "X-Content-Type-Options": [
          "nosniff"
        ],
        "Server": [
          "Microsoft-IIS/10.0"
        ],
        "X-Powered-By": [
          "ASP.NET"
        ],
        "x-ms-ratelimit-remaining-subscription-reads": [
          "11998"
        ],
        "x-ms-request-id": [
          "15c7e163-11c6-4cb2-9747-90e6faf19d8f"
        ],
        "x-ms-correlation-request-id": [
          "15c7e163-11c6-4cb2-9747-90e6faf19d8f"
        ],
        "x-ms-routing-request-id": [
          "UKSOUTH2:20190830T071712Z:15c7e163-11c6-4cb2-9747-90e6faf19d8f"
        ],
        "Date": [
          "Fri, 30 Aug 2019 07:17:12 GMT"
        ],
        "Content-Length": [
          "1951"
        ],
        "Content-Type": [
          "application/json; charset=utf-8"
        ],
        "Expires": [
          "-1"
        ]
      },
      "ResponseBody": "{\r\n  \"id\": \"/subscriptions/80430018-24ee-4b28-a7bd-fb23b5a221d6/resourceGroups/ps5262/providers/microsoft.insights/scheduledqueryrules/ps9324\",\r\n  \"name\": \"ps9324\",\r\n  \"type\": \"microsoft.insights/scheduledqueryrules\",\r\n  \"location\": \"westus\",\r\n  \"tags\": {},\r\n  \"kind\": null,\r\n  \"etag\": \"\\\"5400197c-0000-0700-0000-5d68cd740000\\\"\",\r\n  \"properties\": {\r\n    \"description\": \"SQR log alert rule\",\r\n    \"displayName\": \"ps9324\",\r\n    \"enabled\": \"true\",\r\n    \"lastUpdatedTime\": \"2019-08-30T07:17:06.0529884Z\",\r\n    \"provisioningState\": \"Succeeded\",\r\n    \"source\": {\r\n      \"query\": \"traces | summarize AggregatedValue = count() by bin(timestamp, 5m)\",\r\n      \"authorizedResources\": [\r\n        \"/subscriptions/80430018-24ee-4b28-a7bd-fb23b5a221d6/resourceGroups/ps5262/providers/microsoft.insights/components/ps2683\"\r\n      ],\r\n      \"dataSourceId\": \"/subscriptions/80430018-24ee-4b28-a7bd-fb23b5a221d6/resourceGroups/ps5262/providers/microsoft.insights/components/ps2683\",\r\n      \"queryType\": \"ResultCount\"\r\n    },\r\n    \"schedule\": {\r\n      \"frequencyInMinutes\": 5,\r\n      \"timeWindowInMinutes\": 5\r\n    },\r\n    \"action\": {\r\n      \"severity\": \"2\",\r\n      \"aznsAction\": {\r\n        \"actionGroup\": [\r\n          \"/subscriptions/80430018-24ee-4b28-a7bd-fb23b5a221d6/resourceGroups/ps5262/providers/microsoft.insights/actionGroups/ps589\"\r\n        ],\r\n        \"emailSubject\": \"SQR Log alert trigger notification\",\r\n        \"customWebhookPayload\": \"{}\"\r\n      },\r\n      \"throttlingInMin\": 5,\r\n      \"trigger\": {\r\n        \"thresholdOperator\": \"GreaterThan\",\r\n        \"threshold\": 5,\r\n        \"metricTrigger\": {\r\n          \"thresholdOperator\": \"GreaterThan\",\r\n          \"threshold\": 10,\r\n          \"metricTriggerType\": \"Total\",\r\n          \"metricColumn\": \"timestamp\"\r\n        }\r\n      },\r\n      \"odata.type\": \"Microsoft.WindowsAzure.Management.Monitoring.Alerts.Models.Microsoft.AppInsights.Nexus.DataContracts.Resources.ScheduledQueryRules.AlertingAction\"\r\n    }\r\n  }\r\n}",
      "StatusCode": 200
    },
    {
      "RequestUri": "/subscriptions/80430018-24ee-4b28-a7bd-fb23b5a221d6/resourcegroups/ps5262/providers/microsoft.insights/scheduledQueryRules/ps9324?api-version=2018-04-16",
      "EncodedRequestUri": "L3N1YnNjcmlwdGlvbnMvODA0MzAwMTgtMjRlZS00YjI4LWE3YmQtZmIyM2I1YTIyMWQ2L3Jlc291cmNlZ3JvdXBzL3BzNTI2Mi9wcm92aWRlcnMvbWljcm9zb2Z0Lmluc2lnaHRzL3NjaGVkdWxlZFF1ZXJ5UnVsZXMvcHM5MzI0P2FwaS12ZXJzaW9uPTIwMTgtMDQtMTY=",
      "RequestMethod": "DELETE",
      "RequestBody": "",
      "RequestHeaders": {
        "x-ms-client-request-id": [
          "28bbb50f-92ef-4be9-b7a5-9a6a3a93249b"
        ],
        "Accept-Language": [
          "en-US"
        ],
        "User-Agent": [
          "FxVersion/4.6.27817.01",
          "OSName/Windows",
          "OSVersion/Microsoft.Windows.10.0.18362.",
          "Microsoft.Azure.Management.Monitor.MonitorManagementClient/0.24.0.0"
        ]
      },
      "ResponseHeaders": {
        "Cache-Control": [
          "no-cache"
        ],
        "Pragma": [
          "no-cache"
        ],
        "Request-Context": [
          "appId=cid-v1:c13a1a07-630f-4f42-b89b-f5aedd031684"
        ],
        "Strict-Transport-Security": [
          "max-age=31536000; includeSubDomains"
        ],
        "X-Content-Type-Options": [
          "nosniff"
        ],
        "Server": [
          "Microsoft-IIS/10.0"
        ],
        "X-Powered-By": [
          "ASP.NET"
        ],
        "x-ms-ratelimit-remaining-subscription-deletes": [
          "14999"
        ],
        "x-ms-request-id": [
          "1f8218eb-2474-4c71-9639-de4cb5720872"
        ],
        "x-ms-correlation-request-id": [
          "1f8218eb-2474-4c71-9639-de4cb5720872"
        ],
        "x-ms-routing-request-id": [
          "UKSOUTH2:20190830T071714Z:1f8218eb-2474-4c71-9639-de4cb5720872"
        ],
        "Date": [
          "Fri, 30 Aug 2019 07:17:14 GMT"
        ],
        "Expires": [
          "-1"
        ],
        "Content-Length": [
          "0"
        ]
      },
      "ResponseBody": "",
      "StatusCode": 200
    },
    {
      "RequestUri": "/subscriptions/80430018-24ee-4b28-a7bd-fb23b5a221d6/resourcegroups/ps5262/providers/microsoft.insights/scheduledQueryRules/ps9985?api-version=2018-04-16",
      "EncodedRequestUri": "L3N1YnNjcmlwdGlvbnMvODA0MzAwMTgtMjRlZS00YjI4LWE3YmQtZmIyM2I1YTIyMWQ2L3Jlc291cmNlZ3JvdXBzL3BzNTI2Mi9wcm92aWRlcnMvbWljcm9zb2Z0Lmluc2lnaHRzL3NjaGVkdWxlZFF1ZXJ5UnVsZXMvcHM5OTg1P2FwaS12ZXJzaW9uPTIwMTgtMDQtMTY=",
      "RequestMethod": "PUT",
      "RequestBody": "{\r\n  \"properties\": {\r\n    \"description\": \"SQR log alert rule\",\r\n    \"enabled\": \"true\",\r\n    \"source\": {\r\n      \"query\": \"traces | summarize AggregatedValue = count() by bin(timestamp, 5m)\",\r\n      \"authorizedResources\": [\r\n        \"/subscriptions/80430018-24ee-4b28-a7bd-fb23b5a221d6/resourceGroups/ps5262/providers/microsoft.insights/components/ps2683\"\r\n      ],\r\n      \"dataSourceId\": \"/subscriptions/80430018-24ee-4b28-a7bd-fb23b5a221d6/resourceGroups/ps5262/providers/microsoft.insights/components/ps2683\",\r\n      \"queryType\": \"ResultCount\"\r\n    },\r\n    \"schedule\": {\r\n      \"frequencyInMinutes\": 5,\r\n      \"timeWindowInMinutes\": 5\r\n    },\r\n    \"action\": {\r\n      \"odata.type\": \"Microsoft.WindowsAzure.Management.Monitoring.Alerts.Models.Microsoft.AppInsights.Nexus.DataContracts.Resources.ScheduledQueryRules.AlertingAction\",\r\n      \"severity\": \"2\",\r\n      \"aznsAction\": {\r\n        \"actionGroup\": [\r\n          \"/subscriptions/80430018-24ee-4b28-a7bd-fb23b5a221d6/resourceGroups/ps5262/providers/microsoft.insights/actionGroups/ps589\"\r\n        ],\r\n        \"emailSubject\": \"SQR Log alert trigger notification\",\r\n        \"customWebhookPayload\": \"{}\"\r\n      },\r\n      \"throttlingInMin\": 5,\r\n      \"trigger\": {\r\n        \"thresholdOperator\": \"GreaterThan\",\r\n        \"threshold\": 5.0,\r\n        \"metricTrigger\": {\r\n          \"thresholdOperator\": \"GreaterThan\",\r\n          \"threshold\": 10.0,\r\n          \"metricTriggerType\": \"Total\",\r\n          \"metricColumn\": \"timestamp\"\r\n        }\r\n      }\r\n    }\r\n  },\r\n  \"location\": \"West US\",\r\n  \"tags\": {}\r\n}",
      "RequestHeaders": {
        "x-ms-client-request-id": [
          "b46666ba-8093-45a9-ba97-d2555cabc0ca"
        ],
        "Accept-Language": [
          "en-US"
        ],
        "User-Agent": [
          "FxVersion/4.6.27817.01",
          "OSName/Windows",
          "OSVersion/Microsoft.Windows.10.0.18362.",
          "Microsoft.Azure.Management.Monitor.MonitorManagementClient/0.24.0.0"
        ],
        "Content-Type": [
          "application/json; charset=utf-8"
        ],
        "Content-Length": [
          "1543"
        ]
      },
      "ResponseHeaders": {
        "Cache-Control": [
          "no-cache"
        ],
        "Pragma": [
          "no-cache"
        ],
        "Request-Context": [
          "appId=cid-v1:c13a1a07-630f-4f42-b89b-f5aedd031684"
        ],
        "Strict-Transport-Security": [
          "max-age=31536000; includeSubDomains"
        ],
        "X-Content-Type-Options": [
          "nosniff"
        ],
        "x-ms-ratelimit-remaining-subscription-writes": [
          "1193"
        ],
        "Server": [
          "Microsoft-IIS/10.0"
        ],
        "X-Powered-By": [
          "ASP.NET"
        ],
        "x-ms-request-id": [
          "091cbf42-cf08-49c8-b362-be8d4dcf420f"
        ],
        "x-ms-correlation-request-id": [
          "091cbf42-cf08-49c8-b362-be8d4dcf420f"
        ],
        "x-ms-routing-request-id": [
          "UKSOUTH2:20190830T071715Z:091cbf42-cf08-49c8-b362-be8d4dcf420f"
        ],
        "Date": [
          "Fri, 30 Aug 2019 07:17:15 GMT"
        ],
        "Content-Length": [
          "1951"
        ],
        "Content-Type": [
          "application/json; charset=utf-8"
        ],
        "Expires": [
          "-1"
        ]
      },
      "ResponseBody": "{\r\n  \"id\": \"/subscriptions/80430018-24ee-4b28-a7bd-fb23b5a221d6/resourceGroups/ps5262/providers/microsoft.insights/scheduledqueryrules/ps9985\",\r\n  \"name\": \"ps9985\",\r\n  \"type\": \"microsoft.insights/scheduledqueryrules\",\r\n  \"location\": \"westus\",\r\n  \"tags\": {},\r\n  \"kind\": null,\r\n  \"etag\": \"\\\"54003e7c-0000-0700-0000-5d68cd7b0000\\\"\",\r\n  \"properties\": {\r\n    \"description\": \"SQR log alert rule\",\r\n    \"displayName\": \"ps9985\",\r\n    \"enabled\": \"true\",\r\n    \"lastUpdatedTime\": \"2019-08-30T07:17:14.1194978Z\",\r\n    \"provisioningState\": \"Succeeded\",\r\n    \"source\": {\r\n      \"query\": \"traces | summarize AggregatedValue = count() by bin(timestamp, 5m)\",\r\n      \"authorizedResources\": [\r\n        \"/subscriptions/80430018-24ee-4b28-a7bd-fb23b5a221d6/resourceGroups/ps5262/providers/microsoft.insights/components/ps2683\"\r\n      ],\r\n      \"dataSourceId\": \"/subscriptions/80430018-24ee-4b28-a7bd-fb23b5a221d6/resourceGroups/ps5262/providers/microsoft.insights/components/ps2683\",\r\n      \"queryType\": \"ResultCount\"\r\n    },\r\n    \"schedule\": {\r\n      \"frequencyInMinutes\": 5,\r\n      \"timeWindowInMinutes\": 5\r\n    },\r\n    \"action\": {\r\n      \"severity\": \"2\",\r\n      \"aznsAction\": {\r\n        \"actionGroup\": [\r\n          \"/subscriptions/80430018-24ee-4b28-a7bd-fb23b5a221d6/resourceGroups/ps5262/providers/microsoft.insights/actionGroups/ps589\"\r\n        ],\r\n        \"emailSubject\": \"SQR Log alert trigger notification\",\r\n        \"customWebhookPayload\": \"{}\"\r\n      },\r\n      \"throttlingInMin\": 5,\r\n      \"trigger\": {\r\n        \"thresholdOperator\": \"GreaterThan\",\r\n        \"threshold\": 5,\r\n        \"metricTrigger\": {\r\n          \"thresholdOperator\": \"GreaterThan\",\r\n          \"threshold\": 10,\r\n          \"metricTriggerType\": \"Total\",\r\n          \"metricColumn\": \"timestamp\"\r\n        }\r\n      },\r\n      \"odata.type\": \"Microsoft.WindowsAzure.Management.Monitoring.Alerts.Models.Microsoft.AppInsights.Nexus.DataContracts.Resources.ScheduledQueryRules.AlertingAction\"\r\n    }\r\n  }\r\n}",
      "StatusCode": 201
    },
    {
      "RequestUri": "/subscriptions/80430018-24ee-4b28-a7bd-fb23b5a221d6/resourcegroups/ps5262/providers/microsoft.insights/scheduledQueryRules?api-version=2018-04-16",
      "EncodedRequestUri": "L3N1YnNjcmlwdGlvbnMvODA0MzAwMTgtMjRlZS00YjI4LWE3YmQtZmIyM2I1YTIyMWQ2L3Jlc291cmNlZ3JvdXBzL3BzNTI2Mi9wcm92aWRlcnMvbWljcm9zb2Z0Lmluc2lnaHRzL3NjaGVkdWxlZFF1ZXJ5UnVsZXM/YXBpLXZlcnNpb249MjAxOC0wNC0xNg==",
      "RequestMethod": "GET",
      "RequestBody": "",
      "RequestHeaders": {
        "x-ms-client-request-id": [
          "2521354e-a75a-432c-aa18-3d8a8d9aa030"
        ],
        "Accept-Language": [
          "en-US"
        ],
        "User-Agent": [
          "FxVersion/4.6.27817.01",
          "OSName/Windows",
          "OSVersion/Microsoft.Windows.10.0.18362.",
          "Microsoft.Azure.Management.Monitor.MonitorManagementClient/0.24.0.0"
        ]
      },
      "ResponseHeaders": {
        "Cache-Control": [
          "no-cache"
        ],
        "Pragma": [
          "no-cache"
        ],
        "Request-Context": [
          "appId=cid-v1:c13a1a07-630f-4f42-b89b-f5aedd031684"
        ],
        "Strict-Transport-Security": [
          "max-age=31536000; includeSubDomains"
        ],
        "X-Content-Type-Options": [
          "nosniff"
        ],
        "Server": [
          "Microsoft-IIS/10.0"
        ],
        "X-Powered-By": [
          "ASP.NET"
        ],
        "x-ms-ratelimit-remaining-subscription-reads": [
          "11980"
        ],
        "x-ms-request-id": [
          "01efcfc8-42ad-494c-adb5-d1ade5adba4b"
        ],
        "x-ms-correlation-request-id": [
          "01efcfc8-42ad-494c-adb5-d1ade5adba4b"
        ],
        "x-ms-routing-request-id": [
          "UKSOUTH2:20190830T071716Z:01efcfc8-42ad-494c-adb5-d1ade5adba4b"
        ],
        "Date": [
          "Fri, 30 Aug 2019 07:17:16 GMT"
        ],
        "Content-Length": [
          "2197"
        ],
        "Content-Type": [
          "application/json; charset=utf-8"
        ],
        "Expires": [
          "-1"
        ]
      },
      "ResponseBody": "{\r\n  \"value\": [\r\n    {\r\n      \"id\": \"/subscriptions/80430018-24ee-4b28-a7bd-fb23b5a221d6/resourceGroups/ps5262/providers/microsoft.insights/scheduledqueryrules/ps9985\",\r\n      \"name\": \"ps9985\",\r\n      \"type\": \"microsoft.insights/scheduledqueryrules\",\r\n      \"location\": \"westus\",\r\n      \"tags\": {},\r\n      \"kind\": null,\r\n      \"etag\": \"\\\"54003e7c-0000-0700-0000-5d68cd7b0000\\\"\",\r\n      \"properties\": {\r\n        \"description\": \"SQR log alert rule\",\r\n        \"displayName\": \"ps9985\",\r\n        \"enabled\": \"true\",\r\n        \"lastUpdatedTime\": \"2019-08-30T07:17:14.1194978Z\",\r\n        \"provisioningState\": \"Succeeded\",\r\n        \"source\": {\r\n          \"query\": \"traces | summarize AggregatedValue = count() by bin(timestamp, 5m)\",\r\n          \"authorizedResources\": [\r\n            \"/subscriptions/80430018-24ee-4b28-a7bd-fb23b5a221d6/resourceGroups/ps5262/providers/microsoft.insights/components/ps2683\"\r\n          ],\r\n          \"dataSourceId\": \"/subscriptions/80430018-24ee-4b28-a7bd-fb23b5a221d6/resourceGroups/ps5262/providers/microsoft.insights/components/ps2683\",\r\n          \"queryType\": \"ResultCount\"\r\n        },\r\n        \"schedule\": {\r\n          \"frequencyInMinutes\": 5,\r\n          \"timeWindowInMinutes\": 5\r\n        },\r\n        \"action\": {\r\n          \"severity\": \"2\",\r\n          \"aznsAction\": {\r\n            \"actionGroup\": [\r\n              \"/subscriptions/80430018-24ee-4b28-a7bd-fb23b5a221d6/resourceGroups/ps5262/providers/microsoft.insights/actionGroups/ps589\"\r\n            ],\r\n            \"emailSubject\": \"SQR Log alert trigger notification\",\r\n            \"customWebhookPayload\": \"{}\"\r\n          },\r\n          \"throttlingInMin\": 5,\r\n          \"trigger\": {\r\n            \"thresholdOperator\": \"GreaterThan\",\r\n            \"threshold\": 5,\r\n            \"metricTrigger\": {\r\n              \"thresholdOperator\": \"GreaterThan\",\r\n              \"threshold\": 10,\r\n              \"metricTriggerType\": \"Total\",\r\n              \"metricColumn\": \"timestamp\"\r\n            }\r\n          },\r\n          \"odata.type\": \"Microsoft.WindowsAzure.Management.Monitoring.Alerts.Models.Microsoft.AppInsights.Nexus.DataContracts.Resources.ScheduledQueryRules.AlertingAction\"\r\n        }\r\n      }\r\n    }\r\n  ],\r\n  \"nextLink\": null\r\n}",
      "StatusCode": 200
    },
    {
      "RequestUri": "/subscriptions/80430018-24ee-4b28-a7bd-fb23b5a221d6/resourcegroups/ps5262/providers/microsoft.insights/scheduledQueryRules/ps9985?api-version=2018-04-16",
      "EncodedRequestUri": "L3N1YnNjcmlwdGlvbnMvODA0MzAwMTgtMjRlZS00YjI4LWE3YmQtZmIyM2I1YTIyMWQ2L3Jlc291cmNlZ3JvdXBzL3BzNTI2Mi9wcm92aWRlcnMvbWljcm9zb2Z0Lmluc2lnaHRzL3NjaGVkdWxlZFF1ZXJ5UnVsZXMvcHM5OTg1P2FwaS12ZXJzaW9uPTIwMTgtMDQtMTY=",
      "RequestMethod": "DELETE",
      "RequestBody": "",
      "RequestHeaders": {
        "x-ms-client-request-id": [
          "55bb75db-3ab5-4532-b1f7-5c36ccaac0a9"
        ],
        "Accept-Language": [
          "en-US"
        ],
        "User-Agent": [
          "FxVersion/4.6.27817.01",
          "OSName/Windows",
          "OSVersion/Microsoft.Windows.10.0.18362.",
          "Microsoft.Azure.Management.Monitor.MonitorManagementClient/0.24.0.0"
        ]
      },
      "ResponseHeaders": {
        "Cache-Control": [
          "no-cache"
        ],
        "Pragma": [
          "no-cache"
        ],
        "Request-Context": [
          "appId=cid-v1:c13a1a07-630f-4f42-b89b-f5aedd031684"
        ],
        "Strict-Transport-Security": [
          "max-age=31536000; includeSubDomains"
        ],
        "X-Content-Type-Options": [
          "nosniff"
        ],
        "Server": [
          "Microsoft-IIS/10.0"
        ],
        "X-Powered-By": [
          "ASP.NET"
        ],
        "x-ms-ratelimit-remaining-subscription-deletes": [
          "14998"
        ],
        "x-ms-request-id": [
          "e364b7f3-1d67-4157-82a3-806b3cee5092"
        ],
        "x-ms-correlation-request-id": [
          "e364b7f3-1d67-4157-82a3-806b3cee5092"
        ],
        "x-ms-routing-request-id": [
          "UKSOUTH2:20190830T071719Z:e364b7f3-1d67-4157-82a3-806b3cee5092"
        ],
        "Date": [
          "Fri, 30 Aug 2019 07:17:19 GMT"
        ],
        "Expires": [
          "-1"
        ],
        "Content-Length": [
          "0"
        ]
      },
      "ResponseBody": "",
      "StatusCode": 200
    },
    {
      "RequestUri": "/subscriptions/80430018-24ee-4b28-a7bd-fb23b5a221d6/resourcegroups/ps5262?api-version=2016-09-01",
      "EncodedRequestUri": "L3N1YnNjcmlwdGlvbnMvODA0MzAwMTgtMjRlZS00YjI4LWE3YmQtZmIyM2I1YTIyMWQ2L3Jlc291cmNlZ3JvdXBzL3BzNTI2Mj9hcGktdmVyc2lvbj0yMDE2LTA5LTAx",
      "RequestMethod": "DELETE",
      "RequestBody": "",
      "RequestHeaders": {
        "x-ms-client-request-id": [
          "a134f9b4-72c8-4817-91a7-8a1bbb74d589"
        ],
        "Accept-Language": [
          "en-US"
        ],
        "User-Agent": [
          "FxVersion/4.6.27817.01",
          "OSName/Windows",
          "OSVersion/Microsoft.Windows.10.0.18362.",
          "Microsoft.Azure.Management.Internal.Resources.ResourceManagementClient/1.3.2"
        ]
      },
      "ResponseHeaders": {
        "Cache-Control": [
          "no-cache"
        ],
        "Pragma": [
          "no-cache"
        ],
        "Location": [
          "https://management.azure.com/subscriptions/80430018-24ee-4b28-a7bd-fb23b5a221d6/operationresults/eyJqb2JJZCI6IlJFU09VUkNFR1JPVVBERUxFVElPTkpPQi1QUzUyNjItV0VTVFVTIiwiam9iTG9jYXRpb24iOiJ3ZXN0dXMifQ?api-version=2016-09-01"
        ],
        "Retry-After": [
          "15"
        ],
        "x-ms-ratelimit-remaining-subscription-deletes": [
          "14999"
        ],
        "x-ms-request-id": [
          "df868afc-e919-43d4-a6cd-76b2c2d86cc7"
        ],
        "x-ms-correlation-request-id": [
          "df868afc-e919-43d4-a6cd-76b2c2d86cc7"
        ],
        "x-ms-routing-request-id": [
          "UKSOUTH2:20190830T071720Z:df868afc-e919-43d4-a6cd-76b2c2d86cc7"
        ],
        "Strict-Transport-Security": [
          "max-age=31536000; includeSubDomains"
        ],
        "X-Content-Type-Options": [
          "nosniff"
        ],
        "Date": [
          "Fri, 30 Aug 2019 07:17:20 GMT"
        ],
        "Expires": [
          "-1"
        ],
        "Content-Length": [
          "0"
        ]
      },
      "ResponseBody": "",
      "StatusCode": 202
    },
    {
      "RequestUri": "/subscriptions/80430018-24ee-4b28-a7bd-fb23b5a221d6/operationresults/eyJqb2JJZCI6IlJFU09VUkNFR1JPVVBERUxFVElPTkpPQi1QUzUyNjItV0VTVFVTIiwiam9iTG9jYXRpb24iOiJ3ZXN0dXMifQ?api-version=2016-09-01",
      "EncodedRequestUri": "L3N1YnNjcmlwdGlvbnMvODA0MzAwMTgtMjRlZS00YjI4LWE3YmQtZmIyM2I1YTIyMWQ2L29wZXJhdGlvbnJlc3VsdHMvZXlKcWIySkpaQ0k2SWxKRlUwOVZVa05GUjFKUFZWQkVSVXhGVkVsUFRrcFBRaTFRVXpVeU5qSXRWMFZUVkZWVElpd2lhbTlpVEc5allYUnBiMjRpT2lKM1pYTjBkWE1pZlE/YXBpLXZlcnNpb249MjAxNi0wOS0wMQ==",
      "RequestMethod": "GET",
      "RequestBody": "",
      "RequestHeaders": {
        "User-Agent": [
          "FxVersion/4.6.27817.01",
          "OSName/Windows",
          "OSVersion/Microsoft.Windows.10.0.18362.",
          "Microsoft.Azure.Management.Internal.Resources.ResourceManagementClient/1.3.2"
        ]
      },
      "ResponseHeaders": {
        "Cache-Control": [
          "no-cache"
        ],
        "Pragma": [
          "no-cache"
        ],
        "Location": [
          "https://management.azure.com/subscriptions/80430018-24ee-4b28-a7bd-fb23b5a221d6/operationresults/eyJqb2JJZCI6IlJFU09VUkNFR1JPVVBERUxFVElPTkpPQi1QUzUyNjItV0VTVFVTIiwiam9iTG9jYXRpb24iOiJ3ZXN0dXMifQ?api-version=2016-09-01"
        ],
        "Retry-After": [
          "15"
        ],
        "x-ms-ratelimit-remaining-subscription-reads": [
          "11999"
        ],
        "x-ms-request-id": [
          "644e0911-b345-4255-a129-f78425b89d2e"
        ],
        "x-ms-correlation-request-id": [
          "644e0911-b345-4255-a129-f78425b89d2e"
        ],
        "x-ms-routing-request-id": [
          "UKSOUTH2:20190830T071736Z:644e0911-b345-4255-a129-f78425b89d2e"
        ],
        "Strict-Transport-Security": [
          "max-age=31536000; includeSubDomains"
        ],
        "X-Content-Type-Options": [
          "nosniff"
        ],
        "Date": [
          "Fri, 30 Aug 2019 07:17:36 GMT"
        ],
        "Expires": [
          "-1"
        ],
        "Content-Length": [
          "0"
        ]
      },
      "ResponseBody": "",
      "StatusCode": 202
    },
    {
      "RequestUri": "/subscriptions/80430018-24ee-4b28-a7bd-fb23b5a221d6/operationresults/eyJqb2JJZCI6IlJFU09VUkNFR1JPVVBERUxFVElPTkpPQi1QUzUyNjItV0VTVFVTIiwiam9iTG9jYXRpb24iOiJ3ZXN0dXMifQ?api-version=2016-09-01",
      "EncodedRequestUri": "L3N1YnNjcmlwdGlvbnMvODA0MzAwMTgtMjRlZS00YjI4LWE3YmQtZmIyM2I1YTIyMWQ2L29wZXJhdGlvbnJlc3VsdHMvZXlKcWIySkpaQ0k2SWxKRlUwOVZVa05GUjFKUFZWQkVSVXhGVkVsUFRrcFBRaTFRVXpVeU5qSXRWMFZUVkZWVElpd2lhbTlpVEc5allYUnBiMjRpT2lKM1pYTjBkWE1pZlE/YXBpLXZlcnNpb249MjAxNi0wOS0wMQ==",
      "RequestMethod": "GET",
      "RequestBody": "",
      "RequestHeaders": {
        "User-Agent": [
          "FxVersion/4.6.27817.01",
          "OSName/Windows",
          "OSVersion/Microsoft.Windows.10.0.18362.",
          "Microsoft.Azure.Management.Internal.Resources.ResourceManagementClient/1.3.2"
        ]
      },
      "ResponseHeaders": {
        "Cache-Control": [
          "no-cache"
        ],
        "Pragma": [
          "no-cache"
        ],
        "Location": [
          "https://management.azure.com/subscriptions/80430018-24ee-4b28-a7bd-fb23b5a221d6/operationresults/eyJqb2JJZCI6IlJFU09VUkNFR1JPVVBERUxFVElPTkpPQi1QUzUyNjItV0VTVFVTIiwiam9iTG9jYXRpb24iOiJ3ZXN0dXMifQ?api-version=2016-09-01"
        ],
        "Retry-After": [
          "15"
        ],
        "x-ms-ratelimit-remaining-subscription-reads": [
          "11998"
        ],
        "x-ms-request-id": [
          "153a75fb-cdcf-4845-a29d-0b82b607b664"
        ],
        "x-ms-correlation-request-id": [
          "153a75fb-cdcf-4845-a29d-0b82b607b664"
        ],
        "x-ms-routing-request-id": [
          "UKSOUTH2:20190830T071752Z:153a75fb-cdcf-4845-a29d-0b82b607b664"
        ],
        "Strict-Transport-Security": [
          "max-age=31536000; includeSubDomains"
        ],
        "X-Content-Type-Options": [
          "nosniff"
        ],
        "Date": [
          "Fri, 30 Aug 2019 07:17:52 GMT"
        ],
        "Expires": [
          "-1"
        ],
        "Content-Length": [
          "0"
        ]
      },
      "ResponseBody": "",
      "StatusCode": 202
    },
    {
      "RequestUri": "/subscriptions/80430018-24ee-4b28-a7bd-fb23b5a221d6/operationresults/eyJqb2JJZCI6IlJFU09VUkNFR1JPVVBERUxFVElPTkpPQi1QUzUyNjItV0VTVFVTIiwiam9iTG9jYXRpb24iOiJ3ZXN0dXMifQ?api-version=2016-09-01",
      "EncodedRequestUri": "L3N1YnNjcmlwdGlvbnMvODA0MzAwMTgtMjRlZS00YjI4LWE3YmQtZmIyM2I1YTIyMWQ2L29wZXJhdGlvbnJlc3VsdHMvZXlKcWIySkpaQ0k2SWxKRlUwOVZVa05GUjFKUFZWQkVSVXhGVkVsUFRrcFBRaTFRVXpVeU5qSXRWMFZUVkZWVElpd2lhbTlpVEc5allYUnBiMjRpT2lKM1pYTjBkWE1pZlE/YXBpLXZlcnNpb249MjAxNi0wOS0wMQ==",
      "RequestMethod": "GET",
      "RequestBody": "",
      "RequestHeaders": {
        "User-Agent": [
          "FxVersion/4.6.27817.01",
          "OSName/Windows",
          "OSVersion/Microsoft.Windows.10.0.18362.",
          "Microsoft.Azure.Management.Internal.Resources.ResourceManagementClient/1.3.2"
        ]
      },
      "ResponseHeaders": {
        "Cache-Control": [
          "no-cache"
        ],
        "Pragma": [
          "no-cache"
        ],
        "Location": [
          "https://management.azure.com/subscriptions/80430018-24ee-4b28-a7bd-fb23b5a221d6/operationresults/eyJqb2JJZCI6IlJFU09VUkNFR1JPVVBERUxFVElPTkpPQi1QUzUyNjItV0VTVFVTIiwiam9iTG9jYXRpb24iOiJ3ZXN0dXMifQ?api-version=2016-09-01"
        ],
        "Retry-After": [
          "15"
        ],
        "x-ms-ratelimit-remaining-subscription-reads": [
          "11997"
        ],
        "x-ms-request-id": [
          "abe8b936-3276-4163-8529-ac77a68e5845"
        ],
        "x-ms-correlation-request-id": [
          "abe8b936-3276-4163-8529-ac77a68e5845"
        ],
        "x-ms-routing-request-id": [
          "UKSOUTH2:20190830T071808Z:abe8b936-3276-4163-8529-ac77a68e5845"
        ],
        "Strict-Transport-Security": [
          "max-age=31536000; includeSubDomains"
        ],
        "X-Content-Type-Options": [
          "nosniff"
        ],
        "Date": [
          "Fri, 30 Aug 2019 07:18:07 GMT"
        ],
        "Expires": [
          "-1"
        ],
        "Content-Length": [
          "0"
        ]
      },
      "ResponseBody": "",
      "StatusCode": 202
    },
    {
      "RequestUri": "/subscriptions/80430018-24ee-4b28-a7bd-fb23b5a221d6/operationresults/eyJqb2JJZCI6IlJFU09VUkNFR1JPVVBERUxFVElPTkpPQi1QUzUyNjItV0VTVFVTIiwiam9iTG9jYXRpb24iOiJ3ZXN0dXMifQ?api-version=2016-09-01",
      "EncodedRequestUri": "L3N1YnNjcmlwdGlvbnMvODA0MzAwMTgtMjRlZS00YjI4LWE3YmQtZmIyM2I1YTIyMWQ2L29wZXJhdGlvbnJlc3VsdHMvZXlKcWIySkpaQ0k2SWxKRlUwOVZVa05GUjFKUFZWQkVSVXhGVkVsUFRrcFBRaTFRVXpVeU5qSXRWMFZUVkZWVElpd2lhbTlpVEc5allYUnBiMjRpT2lKM1pYTjBkWE1pZlE/YXBpLXZlcnNpb249MjAxNi0wOS0wMQ==",
      "RequestMethod": "GET",
      "RequestBody": "",
      "RequestHeaders": {
        "User-Agent": [
          "FxVersion/4.6.27817.01",
          "OSName/Windows",
          "OSVersion/Microsoft.Windows.10.0.18362.",
          "Microsoft.Azure.Management.Internal.Resources.ResourceManagementClient/1.3.2"
        ]
      },
      "ResponseHeaders": {
        "Cache-Control": [
          "no-cache"
        ],
        "Pragma": [
          "no-cache"
        ],
        "Location": [
          "https://management.azure.com/subscriptions/80430018-24ee-4b28-a7bd-fb23b5a221d6/operationresults/eyJqb2JJZCI6IlJFU09VUkNFR1JPVVBERUxFVElPTkpPQi1QUzUyNjItV0VTVFVTIiwiam9iTG9jYXRpb24iOiJ3ZXN0dXMifQ?api-version=2016-09-01"
        ],
        "Retry-After": [
          "15"
        ],
        "x-ms-ratelimit-remaining-subscription-reads": [
          "11996"
        ],
        "x-ms-request-id": [
          "66b6c11b-174e-4c6f-9815-9c941b30939c"
        ],
        "x-ms-correlation-request-id": [
          "66b6c11b-174e-4c6f-9815-9c941b30939c"
        ],
        "x-ms-routing-request-id": [
          "UKSOUTH2:20190830T071823Z:66b6c11b-174e-4c6f-9815-9c941b30939c"
        ],
        "Strict-Transport-Security": [
          "max-age=31536000; includeSubDomains"
        ],
        "X-Content-Type-Options": [
          "nosniff"
        ],
        "Date": [
          "Fri, 30 Aug 2019 07:18:22 GMT"
        ],
        "Expires": [
          "-1"
        ],
        "Content-Length": [
          "0"
        ]
      },
      "ResponseBody": "",
      "StatusCode": 202
    },
    {
      "RequestUri": "/subscriptions/80430018-24ee-4b28-a7bd-fb23b5a221d6/operationresults/eyJqb2JJZCI6IlJFU09VUkNFR1JPVVBERUxFVElPTkpPQi1QUzUyNjItV0VTVFVTIiwiam9iTG9jYXRpb24iOiJ3ZXN0dXMifQ?api-version=2016-09-01",
      "EncodedRequestUri": "L3N1YnNjcmlwdGlvbnMvODA0MzAwMTgtMjRlZS00YjI4LWE3YmQtZmIyM2I1YTIyMWQ2L29wZXJhdGlvbnJlc3VsdHMvZXlKcWIySkpaQ0k2SWxKRlUwOVZVa05GUjFKUFZWQkVSVXhGVkVsUFRrcFBRaTFRVXpVeU5qSXRWMFZUVkZWVElpd2lhbTlpVEc5allYUnBiMjRpT2lKM1pYTjBkWE1pZlE/YXBpLXZlcnNpb249MjAxNi0wOS0wMQ==",
      "RequestMethod": "GET",
      "RequestBody": "",
      "RequestHeaders": {
        "User-Agent": [
          "FxVersion/4.6.27817.01",
          "OSName/Windows",
          "OSVersion/Microsoft.Windows.10.0.18362.",
          "Microsoft.Azure.Management.Internal.Resources.ResourceManagementClient/1.3.2"
        ]
      },
      "ResponseHeaders": {
        "Cache-Control": [
          "no-cache"
        ],
        "Pragma": [
          "no-cache"
        ],
        "Location": [
          "https://management.azure.com/subscriptions/80430018-24ee-4b28-a7bd-fb23b5a221d6/operationresults/eyJqb2JJZCI6IlJFU09VUkNFR1JPVVBERUxFVElPTkpPQi1QUzUyNjItV0VTVFVTIiwiam9iTG9jYXRpb24iOiJ3ZXN0dXMifQ?api-version=2016-09-01"
        ],
        "Retry-After": [
          "15"
        ],
        "x-ms-ratelimit-remaining-subscription-reads": [
          "11995"
        ],
        "x-ms-request-id": [
          "c2451ce3-0533-420a-952e-5eff11fb0aef"
        ],
        "x-ms-correlation-request-id": [
          "c2451ce3-0533-420a-952e-5eff11fb0aef"
        ],
        "x-ms-routing-request-id": [
          "UKSOUTH2:20190830T071839Z:c2451ce3-0533-420a-952e-5eff11fb0aef"
        ],
        "Strict-Transport-Security": [
          "max-age=31536000; includeSubDomains"
        ],
        "X-Content-Type-Options": [
          "nosniff"
        ],
        "Date": [
          "Fri, 30 Aug 2019 07:18:39 GMT"
        ],
        "Expires": [
          "-1"
        ],
        "Content-Length": [
          "0"
        ]
      },
      "ResponseBody": "",
      "StatusCode": 202
    },
    {
      "RequestUri": "/subscriptions/80430018-24ee-4b28-a7bd-fb23b5a221d6/operationresults/eyJqb2JJZCI6IlJFU09VUkNFR1JPVVBERUxFVElPTkpPQi1QUzUyNjItV0VTVFVTIiwiam9iTG9jYXRpb24iOiJ3ZXN0dXMifQ?api-version=2016-09-01",
      "EncodedRequestUri": "L3N1YnNjcmlwdGlvbnMvODA0MzAwMTgtMjRlZS00YjI4LWE3YmQtZmIyM2I1YTIyMWQ2L29wZXJhdGlvbnJlc3VsdHMvZXlKcWIySkpaQ0k2SWxKRlUwOVZVa05GUjFKUFZWQkVSVXhGVkVsUFRrcFBRaTFRVXpVeU5qSXRWMFZUVkZWVElpd2lhbTlpVEc5allYUnBiMjRpT2lKM1pYTjBkWE1pZlE/YXBpLXZlcnNpb249MjAxNi0wOS0wMQ==",
      "RequestMethod": "GET",
      "RequestBody": "",
      "RequestHeaders": {
        "User-Agent": [
          "FxVersion/4.6.27817.01",
          "OSName/Windows",
          "OSVersion/Microsoft.Windows.10.0.18362.",
          "Microsoft.Azure.Management.Internal.Resources.ResourceManagementClient/1.3.2"
        ]
      },
      "ResponseHeaders": {
        "Cache-Control": [
          "no-cache"
        ],
        "Pragma": [
          "no-cache"
        ],
        "x-ms-ratelimit-remaining-subscription-reads": [
          "11994"
        ],
        "x-ms-request-id": [
          "ad5edc0e-b3cb-4778-9d34-1bc02db5ae97"
        ],
        "x-ms-correlation-request-id": [
          "ad5edc0e-b3cb-4778-9d34-1bc02db5ae97"
        ],
        "x-ms-routing-request-id": [
          "UKSOUTH2:20190830T071854Z:ad5edc0e-b3cb-4778-9d34-1bc02db5ae97"
        ],
        "Strict-Transport-Security": [
          "max-age=31536000; includeSubDomains"
        ],
        "X-Content-Type-Options": [
          "nosniff"
        ],
        "Date": [
          "Fri, 30 Aug 2019 07:18:54 GMT"
        ],
        "Expires": [
          "-1"
        ],
        "Content-Length": [
          "0"
        ]
      },
      "ResponseBody": "",
      "StatusCode": 200
    },
    {
      "RequestUri": "/subscriptions/80430018-24ee-4b28-a7bd-fb23b5a221d6/operationresults/eyJqb2JJZCI6IlJFU09VUkNFR1JPVVBERUxFVElPTkpPQi1QUzUyNjItV0VTVFVTIiwiam9iTG9jYXRpb24iOiJ3ZXN0dXMifQ?api-version=2016-09-01",
      "EncodedRequestUri": "L3N1YnNjcmlwdGlvbnMvODA0MzAwMTgtMjRlZS00YjI4LWE3YmQtZmIyM2I1YTIyMWQ2L29wZXJhdGlvbnJlc3VsdHMvZXlKcWIySkpaQ0k2SWxKRlUwOVZVa05GUjFKUFZWQkVSVXhGVkVsUFRrcFBRaTFRVXpVeU5qSXRWMFZUVkZWVElpd2lhbTlpVEc5allYUnBiMjRpT2lKM1pYTjBkWE1pZlE/YXBpLXZlcnNpb249MjAxNi0wOS0wMQ==",
      "RequestMethod": "GET",
      "RequestBody": "",
      "RequestHeaders": {
        "User-Agent": [
          "FxVersion/4.6.27817.01",
          "OSName/Windows",
          "OSVersion/Microsoft.Windows.10.0.18362.",
          "Microsoft.Azure.Management.Internal.Resources.ResourceManagementClient/1.3.2"
        ]
      },
      "ResponseHeaders": {
        "Cache-Control": [
          "no-cache"
        ],
        "Pragma": [
          "no-cache"
        ],
        "x-ms-ratelimit-remaining-subscription-reads": [
          "11993"
        ],
        "x-ms-request-id": [
          "cdce0b38-d7d5-4634-9c75-25eacab9b6ec"
        ],
        "x-ms-correlation-request-id": [
          "cdce0b38-d7d5-4634-9c75-25eacab9b6ec"
        ],
        "x-ms-routing-request-id": [
          "UKSOUTH2:20190830T071855Z:cdce0b38-d7d5-4634-9c75-25eacab9b6ec"
        ],
        "Strict-Transport-Security": [
          "max-age=31536000; includeSubDomains"
        ],
        "X-Content-Type-Options": [
          "nosniff"
        ],
        "Date": [
          "Fri, 30 Aug 2019 07:18:54 GMT"
        ],
        "Expires": [
          "-1"
        ],
        "Content-Length": [
          "0"
        ]
      },
      "ResponseBody": "",
      "StatusCode": 200
    }
  ],
  "Names": {
    "Test-PipingRemoveSetUpdateScheduledQueryRule": [
      "ps9776",
      "ps9324",
      "ps9985",
      "ps5262",
      "ps2683",
      "ps589"
    ]
  },
  "Variables": {
    "SubscriptionId": "80430018-24ee-4b28-a7bd-fb23b5a221d6"
  }
}