{
  "Entries": [
    {
      "RequestUri": "/subscriptions/d0610b27-9663-4c05-89f8-5b4be01e86a5/resourcegroups/ps7866?api-version=2017-05-10",
      "EncodedRequestUri": "L3N1YnNjcmlwdGlvbnMvZDA2MTBiMjctOTY2My00YzA1LTg5ZjgtNWI0YmUwMWU4NmE1L3Jlc291cmNlZ3JvdXBzL3BzNzg2Nj9hcGktdmVyc2lvbj0yMDE3LTA1LTEw",
      "RequestMethod": "HEAD",
      "RequestBody": "",
      "RequestHeaders": {
        "x-ms-client-request-id": [
          "30460bd9-539c-4046-9cf9-022f0f574ca7"
        ],
        "accept-language": [
          "en-US"
        ],
        "User-Agent": [
          "FxVersion/4.7.2650.0",
          "OSName/Windows10Enterprise",
          "OSVersion/6.3.16299",
          "Microsoft.Azure.Management.ResourceManager.ResourceManagementClient/1.6.0.0"
        ]
      },
      "ResponseBody": "",
      "ResponseHeaders": {
        "Content-Length": [
          "98"
        ],
        "Content-Type": [
          "application/json; charset=utf-8"
        ],
        "Expires": [
          "-1"
        ],
        "Pragma": [
          "no-cache"
        ],
        "x-ms-failure-cause": [
          "gateway"
        ],
        "x-ms-ratelimit-remaining-subscription-reads": [
          "14995"
        ],
        "x-ms-request-id": [
          "ec05a322-acb0-44d7-a072-b016a7662030"
        ],
        "x-ms-correlation-request-id": [
          "ec05a322-acb0-44d7-a072-b016a7662030"
        ],
        "x-ms-routing-request-id": [
          "WESTUS2:20180616T005632Z:ec05a322-acb0-44d7-a072-b016a7662030"
        ],
        "Strict-Transport-Security": [
          "max-age=31536000; includeSubDomains"
        ],
        "X-Content-Type-Options": [
          "nosniff"
        ],
        "Cache-Control": [
          "no-cache"
        ],
        "Date": [
          "Sat, 16 Jun 2018 00:56:32 GMT"
        ],
        "Retry-After": [
          "0"
        ]
      },
      "StatusCode": 404
    },
    {
      "RequestUri": "/subscriptions/d0610b27-9663-4c05-89f8-5b4be01e86a5/resourcegroups/ps7866?api-version=2017-05-10",
      "EncodedRequestUri": "L3N1YnNjcmlwdGlvbnMvZDA2MTBiMjctOTY2My00YzA1LTg5ZjgtNWI0YmUwMWU4NmE1L3Jlc291cmNlZ3JvdXBzL3BzNzg2Nj9hcGktdmVyc2lvbj0yMDE3LTA1LTEw",
      "RequestMethod": "HEAD",
      "RequestBody": "",
      "RequestHeaders": {
        "x-ms-client-request-id": [
          "fd401b5c-4228-4f95-acb4-5669f1902ea5"
        ],
        "accept-language": [
          "en-US"
        ],
        "User-Agent": [
          "FxVersion/4.7.2650.0",
          "OSName/Windows10Enterprise",
          "OSVersion/6.3.16299",
          "Microsoft.Azure.Management.ResourceManager.ResourceManagementClient/1.6.0.0"
        ]
      },
      "ResponseBody": "",
      "ResponseHeaders": {
        "Content-Length": [
          "0"
        ],
        "Expires": [
          "-1"
        ],
        "Pragma": [
          "no-cache"
        ],
        "x-ms-ratelimit-remaining-subscription-reads": [
          "14993"
        ],
        "x-ms-request-id": [
          "161a337e-ddc0-4dff-bd3a-a3e61664e932"
        ],
        "x-ms-correlation-request-id": [
          "161a337e-ddc0-4dff-bd3a-a3e61664e932"
        ],
        "x-ms-routing-request-id": [
          "WESTUS2:20180616T005645Z:161a337e-ddc0-4dff-bd3a-a3e61664e932"
        ],
        "Strict-Transport-Security": [
          "max-age=31536000; includeSubDomains"
        ],
        "X-Content-Type-Options": [
          "nosniff"
        ],
        "Cache-Control": [
          "no-cache"
        ],
        "Date": [
          "Sat, 16 Jun 2018 00:56:45 GMT"
        ],
        "Retry-After": [
          "0"
        ]
      },
      "StatusCode": 204
    },
    {
      "RequestUri": "/subscriptions/d0610b27-9663-4c05-89f8-5b4be01e86a5/resourcegroups/ps7866?api-version=2017-05-10",
      "EncodedRequestUri": "L3N1YnNjcmlwdGlvbnMvZDA2MTBiMjctOTY2My00YzA1LTg5ZjgtNWI0YmUwMWU4NmE1L3Jlc291cmNlZ3JvdXBzL3BzNzg2Nj9hcGktdmVyc2lvbj0yMDE3LTA1LTEw",
      "RequestMethod": "PUT",
      "RequestBody": "{\r\n  \"location\": \"west us\"\r\n}",
      "RequestHeaders": {
        "Content-Type": [
          "application/json; charset=utf-8"
        ],
        "Content-Length": [
          "29"
        ],
        "x-ms-client-request-id": [
          "9a89c44a-bcc6-4288-9d0a-b8bfaec97a8a"
        ],
        "accept-language": [
          "en-US"
        ],
        "User-Agent": [
          "FxVersion/4.7.2650.0",
          "OSName/Windows10Enterprise",
          "OSVersion/6.3.16299",
          "Microsoft.Azure.Management.ResourceManager.ResourceManagementClient/1.6.0.0"
        ]
      },
      "ResponseBody": "{\r\n  \"id\": \"/subscriptions/d0610b27-9663-4c05-89f8-5b4be01e86a5/resourceGroups/ps7866\",\r\n  \"name\": \"ps7866\",\r\n  \"location\": \"westus\",\r\n  \"tags\": {\r\n    \"Bug Bash Cost Center\": \"9876\"\r\n  },\r\n  \"properties\": {\r\n    \"provisioningState\": \"Succeeded\"\r\n  }\r\n}",
      "ResponseHeaders": {
        "Content-Length": [
          "204"
        ],
        "Content-Type": [
          "application/json; charset=utf-8"
        ],
        "Expires": [
          "-1"
        ],
        "Pragma": [
          "no-cache"
        ],
        "x-ms-ratelimit-remaining-subscription-writes": [
          "1198"
        ],
        "x-ms-request-id": [
          "309d993c-125e-4f06-a075-1eaa1e525dd9"
        ],
        "x-ms-correlation-request-id": [
          "309d993c-125e-4f06-a075-1eaa1e525dd9"
        ],
        "x-ms-routing-request-id": [
          "WESTUS2:20180616T005635Z:309d993c-125e-4f06-a075-1eaa1e525dd9"
        ],
        "Strict-Transport-Security": [
          "max-age=31536000; includeSubDomains"
        ],
        "X-Content-Type-Options": [
          "nosniff"
        ],
        "Cache-Control": [
          "no-cache"
        ],
        "Date": [
          "Sat, 16 Jun 2018 00:56:35 GMT"
        ],
        "Retry-After": [
          "0"
        ]
      },
      "StatusCode": 201
    },
    {
      "RequestUri": "/subscriptions/d0610b27-9663-4c05-89f8-5b4be01e86a5/providers/Microsoft.Authorization/policydefinitions/ps6781?api-version=2018-03-01",
      "EncodedRequestUri": "L3N1YnNjcmlwdGlvbnMvZDA2MTBiMjctOTY2My00YzA1LTg5ZjgtNWI0YmUwMWU4NmE1L3Byb3ZpZGVycy9NaWNyb3NvZnQuQXV0aG9yaXphdGlvbi9wb2xpY3lkZWZpbml0aW9ucy9wczY3ODE/YXBpLXZlcnNpb249MjAxOC0wMy0wMQ==",
      "RequestMethod": "PUT",
      "RequestBody": "{\r\n  \"name\": \"ps6781\",\r\n  \"properties\": {\r\n    \"description\": \"Unit test junk: sorry for littering. Please delete me!\",\r\n    \"policyRule\": {\r\n      \"if\": {\r\n        \"not\": {\r\n          \"field\": \"location\",\r\n          \"in\": \"[parameters('listOfAllowedLocations')]\"\r\n        }\r\n      },\r\n      \"then\": {\r\n        \"effect\": \"deny\"\r\n      }\r\n    },\r\n    \"parameters\": {\r\n      \"listOfAllowedLocations\": {\r\n        \"type\": \"array\",\r\n        \"metadata\": {\r\n          \"description\": \"An array of permitted locations for resources.\",\r\n          \"strongType\": \"location\",\r\n          \"displayName\": \"List of locations\"\r\n        }\r\n      }\r\n    },\r\n    \"mode\": \"All\"\r\n  }\r\n}",
      "RequestHeaders": {
        "Content-Type": [
          "application/json; charset=utf-8"
        ],
        "Content-Length": [
          "663"
        ],
        "User-Agent": [
          "AzurePowershell/v6.2.1",
          "PSVersion/v5.1.16299.431"
        ],
        "ParameterSetName": [
          "NameParameterSet"
        ],
        "CommandName": [
          "New-AzureRmPolicyDefinition"
        ]
      },
      "ResponseBody": "{\r\n  \"properties\": {\r\n    \"policyType\": \"Custom\",\r\n    \"mode\": \"All\",\r\n    \"description\": \"Unit test junk: sorry for littering. Please delete me!\",\r\n    \"parameters\": {\r\n      \"listOfAllowedLocations\": {\r\n        \"type\": \"Array\",\r\n        \"metadata\": {\r\n          \"description\": \"An array of permitted locations for resources.\",\r\n          \"strongType\": \"location\",\r\n          \"displayName\": \"List of locations\"\r\n        }\r\n      }\r\n    },\r\n    \"policyRule\": {\r\n      \"if\": {\r\n        \"not\": {\r\n          \"field\": \"location\",\r\n          \"in\": \"[parameters('listOfAllowedLocations')]\"\r\n        }\r\n      },\r\n      \"then\": {\r\n        \"effect\": \"deny\"\r\n      }\r\n    }\r\n  },\r\n  \"id\": \"/subscriptions/d0610b27-9663-4c05-89f8-5b4be01e86a5/providers/Microsoft.Authorization/policyDefinitions/ps6781\",\r\n  \"type\": \"Microsoft.Authorization/policyDefinitions\",\r\n  \"name\": \"ps6781\"\r\n}",
      "ResponseHeaders": {
        "Content-Length": [
          "618"
        ],
        "Content-Type": [
          "application/json; charset=utf-8"
        ],
        "Expires": [
          "-1"
        ],
        "Pragma": [
          "no-cache"
        ],
        "x-ms-request-id": [
          "westus2:d531e35b-dd1f-426d-adc5-231c8c26ac82"
        ],
        "x-ms-ratelimit-remaining-subscription-writes": [
          "1198"
        ],
        "x-ms-correlation-request-id": [
          "9c938c7c-faef-4098-8d81-e8adc337720c"
        ],
        "x-ms-routing-request-id": [
          "WESTUS2:20180616T005638Z:9c938c7c-faef-4098-8d81-e8adc337720c"
        ],
        "Strict-Transport-Security": [
          "max-age=31536000; includeSubDomains"
        ],
        "X-Content-Type-Options": [
          "nosniff"
        ],
        "Cache-Control": [
          "no-cache"
        ],
        "Date": [
          "Sat, 16 Jun 2018 00:56:38 GMT"
        ],
        "Retry-After": [
          "0"
        ]
      },
      "StatusCode": 201
    },
    {
      "RequestUri": "/subscriptions/d0610b27-9663-4c05-89f8-5b4be01e86a5/resourceGroups/ps7866/providers/Microsoft.Authorization/policyassignments/testPAWP?api-version=2018-03-01",
      "EncodedRequestUri": "L3N1YnNjcmlwdGlvbnMvZDA2MTBiMjctOTY2My00YzA1LTg5ZjgtNWI0YmUwMWU4NmE1L3Jlc291cmNlR3JvdXBzL3BzNzg2Ni9wcm92aWRlcnMvTWljcm9zb2Z0LkF1dGhvcml6YXRpb24vcG9saWN5YXNzaWdubWVudHMvdGVzdFBBV1A/YXBpLXZlcnNpb249MjAxOC0wMy0wMQ==",
      "RequestMethod": "PUT",
      "RequestBody": "{\r\n  \"properties\": {\r\n    \"scope\": \"/subscriptions/d0610b27-9663-4c05-89f8-5b4be01e86a5/resourceGroups/ps7866\",\r\n    \"description\": \"Unit test junk: sorry for littering. Please delete me!\",\r\n    \"policyDefinitionId\": \"/subscriptions/d0610b27-9663-4c05-89f8-5b4be01e86a5/providers/Microsoft.Authorization/policyDefinitions/ps6781\",\r\n    \"parameters\": {\r\n      \"listOfAllowedLocations\": {\r\n        \"value\": [\r\n          \"West US\",\r\n          \"West US 2\"\r\n        ]\r\n      }\r\n    }\r\n  },\r\n  \"name\": \"testPAWP\"\r\n}",
      "RequestHeaders": {
        "Content-Type": [
          "application/json; charset=utf-8"
        ],
        "Content-Length": [
          "509"
        ],
        "User-Agent": [
          "AzurePowershell/v6.2.1",
          "PSVersion/v5.1.16299.431"
        ],
        "ParameterSetName": [
          "PolicyParameterObjectParameterSet"
        ],
        "CommandName": [
          "New-AzureRmPolicyAssignment"
        ]
      },
      "ResponseBody": "{\r\n  \"sku\": {\r\n    \"name\": \"A0\",\r\n    \"tier\": \"Free\"\r\n  },\r\n  \"properties\": {\r\n    \"policyDefinitionId\": \"/subscriptions/d0610b27-9663-4c05-89f8-5b4be01e86a5/providers/Microsoft.Authorization/policyDefinitions/ps6781\",\r\n    \"scope\": \"/subscriptions/d0610b27-9663-4c05-89f8-5b4be01e86a5/resourceGroups/ps7866\",\r\n    \"parameters\": {\r\n      \"listOfAllowedLocations\": {\r\n        \"value\": [\r\n          \"West US\",\r\n          \"West US 2\"\r\n        ]\r\n      }\r\n    },\r\n    \"description\": \"Unit test junk: sorry for littering. Please delete me!\"\r\n  },\r\n  \"id\": \"/subscriptions/d0610b27-9663-4c05-89f8-5b4be01e86a5/resourceGroups/ps7866/providers/Microsoft.Authorization/policyAssignments/testPAWP\",\r\n  \"type\": \"Microsoft.Authorization/policyAssignments\",\r\n  \"name\": \"testPAWP\"\r\n}",
      "ResponseHeaders": {
        "Content-Length": [
          "624"
        ],
        "Content-Type": [
          "application/json; charset=utf-8"
        ],
        "Expires": [
          "-1"
        ],
        "Pragma": [
          "no-cache"
        ],
        "x-ms-request-id": [
          "westus2:e07c8717-897b-4a5b-8b8f-e101898eab25"
        ],
        "x-ms-ratelimit-remaining-subscription-writes": [
          "1198"
        ],
        "x-ms-correlation-request-id": [
          "d04860ff-810b-45e2-b208-75bdb94e01d2"
        ],
        "x-ms-routing-request-id": [
          "WESTUS2:20180616T005639Z:d04860ff-810b-45e2-b208-75bdb94e01d2"
        ],
        "Strict-Transport-Security": [
          "max-age=31536000; includeSubDomains"
        ],
        "X-Content-Type-Options": [
          "nosniff"
        ],
        "Cache-Control": [
          "no-cache"
        ],
        "Date": [
          "Sat, 16 Jun 2018 00:56:38 GMT"
        ],
        "Retry-After": [
          "0"
        ]
      },
      "StatusCode": 201
    },
    {
      "RequestUri": "/subscriptions/d0610b27-9663-4c05-89f8-5b4be01e86a5/resourceGroups/ps7866/providers/Microsoft.Authorization/policyassignments/testPAWP?api-version=2018-03-01",
      "EncodedRequestUri": "L3N1YnNjcmlwdGlvbnMvZDA2MTBiMjctOTY2My00YzA1LTg5ZjgtNWI0YmUwMWU4NmE1L3Jlc291cmNlR3JvdXBzL3BzNzg2Ni9wcm92aWRlcnMvTWljcm9zb2Z0LkF1dGhvcml6YXRpb24vcG9saWN5YXNzaWdubWVudHMvdGVzdFBBV1A/YXBpLXZlcnNpb249MjAxOC0wMy0wMQ==",
      "RequestMethod": "PUT",
      "RequestBody": "{\r\n  \"properties\": {\r\n    \"scope\": \"/subscriptions/d0610b27-9663-4c05-89f8-5b4be01e86a5/resourceGroups/ps7866\",\r\n    \"description\": \"Unit test junk: sorry for littering. Please delete me!\",\r\n    \"policyDefinitionId\": \"/subscriptions/d0610b27-9663-4c05-89f8-5b4be01e86a5/providers/Microsoft.Authorization/policyDefinitions/ps6781\",\r\n    \"parameters\": {\r\n      \"listOfAllowedLocations\": {\r\n        \"value\": [\r\n          \"West US\",\r\n          \"West US 2\"\r\n        ]\r\n      }\r\n    }\r\n  },\r\n  \"name\": \"testPAWP\"\r\n}",
      "RequestHeaders": {
        "Content-Type": [
          "application/json; charset=utf-8"
        ],
        "Content-Length": [
          "509"
        ],
        "User-Agent": [
          "AzurePowershell/v6.2.1",
          "PSVersion/v5.1.16299.431"
        ],
        "ParameterSetName": [
          "PolicyParameterStringParameterSet"
        ],
        "CommandName": [
          "New-AzureRmPolicyAssignment"
        ]
      },
      "ResponseBody": "{\r\n  \"sku\": {\r\n    \"name\": \"A0\",\r\n    \"tier\": \"Free\"\r\n  },\r\n  \"properties\": {\r\n    \"policyDefinitionId\": \"/subscriptions/d0610b27-9663-4c05-89f8-5b4be01e86a5/providers/Microsoft.Authorization/policyDefinitions/ps6781\",\r\n    \"scope\": \"/subscriptions/d0610b27-9663-4c05-89f8-5b4be01e86a5/resourceGroups/ps7866\",\r\n    \"parameters\": {\r\n      \"listOfAllowedLocations\": {\r\n        \"value\": [\r\n          \"West US\",\r\n          \"West US 2\"\r\n        ]\r\n      }\r\n    },\r\n    \"description\": \"Unit test junk: sorry for littering. Please delete me!\"\r\n  },\r\n  \"id\": \"/subscriptions/d0610b27-9663-4c05-89f8-5b4be01e86a5/resourceGroups/ps7866/providers/Microsoft.Authorization/policyAssignments/testPAWP\",\r\n  \"type\": \"Microsoft.Authorization/policyAssignments\",\r\n  \"name\": \"testPAWP\"\r\n}",
      "ResponseHeaders": {
        "Content-Length": [
          "624"
        ],
        "Content-Type": [
          "application/json; charset=utf-8"
        ],
        "Expires": [
          "-1"
        ],
        "Pragma": [
          "no-cache"
        ],
        "x-ms-request-id": [
          "westus2:3670a8d0-3ff9-4cc9-bb88-ff9589c155fe"
        ],
        "x-ms-ratelimit-remaining-subscription-writes": [
          "1197"
        ],
        "x-ms-correlation-request-id": [
          "105d99a9-bbc0-479e-b1cc-f5f1b3a6fa93"
        ],
        "x-ms-routing-request-id": [
          "WESTUS2:20180616T005640Z:105d99a9-bbc0-479e-b1cc-f5f1b3a6fa93"
        ],
        "Strict-Transport-Security": [
          "max-age=31536000; includeSubDomains"
        ],
        "X-Content-Type-Options": [
          "nosniff"
        ],
        "Cache-Control": [
          "no-cache"
        ],
        "Date": [
          "Sat, 16 Jun 2018 00:56:40 GMT"
        ],
        "Retry-After": [
          "0"
        ]
      },
      "StatusCode": 201
    },
    {
      "RequestUri": "/subscriptions/d0610b27-9663-4c05-89f8-5b4be01e86a5/resourceGroups/ps7866/providers/Microsoft.Authorization/policyassignments/testPAWP?api-version=2018-03-01",
      "EncodedRequestUri": "L3N1YnNjcmlwdGlvbnMvZDA2MTBiMjctOTY2My00YzA1LTg5ZjgtNWI0YmUwMWU4NmE1L3Jlc291cmNlR3JvdXBzL3BzNzg2Ni9wcm92aWRlcnMvTWljcm9zb2Z0LkF1dGhvcml6YXRpb24vcG9saWN5YXNzaWdubWVudHMvdGVzdFBBV1A/YXBpLXZlcnNpb249MjAxOC0wMy0wMQ==",
      "RequestMethod": "PUT",
      "RequestBody": "{\r\n  \"properties\": {\r\n    \"scope\": \"/subscriptions/d0610b27-9663-4c05-89f8-5b4be01e86a5/resourceGroups/ps7866\",\r\n    \"description\": \"Unit test junk: sorry for littering. Please delete me!\",\r\n    \"metadata\": {\r\n      \"testName\": \"testValue\"\r\n    },\r\n    \"policyDefinitionId\": \"/subscriptions/d0610b27-9663-4c05-89f8-5b4be01e86a5/providers/Microsoft.Authorization/policyDefinitions/ps6781\",\r\n    \"parameters\": {\r\n      \"listOfAllowedLocations\": {\r\n        \"value\": [\r\n          \"West US\",\r\n          \"West US 2\"\r\n        ]\r\n      }\r\n    }\r\n  },\r\n  \"name\": \"testPAWP\"\r\n}",
      "RequestHeaders": {
        "Content-Type": [
          "application/json; charset=utf-8"
        ],
        "Content-Length": [
          "567"
        ],
        "User-Agent": [
          "AzurePowershell/v6.2.1",
          "PSVersion/v5.1.16299.431"
        ],
        "ParameterSetName": [
          "PolicyParameterStringParameterSet"
        ],
        "CommandName": [
          "New-AzureRmPolicyAssignment"
        ]
      },
      "ResponseBody": "{\r\n  \"sku\": {\r\n    \"name\": \"A0\",\r\n    \"tier\": \"Free\"\r\n  },\r\n  \"properties\": {\r\n    \"policyDefinitionId\": \"/subscriptions/d0610b27-9663-4c05-89f8-5b4be01e86a5/providers/Microsoft.Authorization/policyDefinitions/ps6781\",\r\n    \"scope\": \"/subscriptions/d0610b27-9663-4c05-89f8-5b4be01e86a5/resourceGroups/ps7866\",\r\n    \"parameters\": {\r\n      \"listOfAllowedLocations\": {\r\n        \"value\": [\r\n          \"West US\",\r\n          \"West US 2\"\r\n        ]\r\n      }\r\n    },\r\n    \"description\": \"Unit test junk: sorry for littering. Please delete me!\",\r\n    \"metadata\": {\r\n      \"testName\": \"testValue\"\r\n    }\r\n  },\r\n  \"id\": \"/subscriptions/d0610b27-9663-4c05-89f8-5b4be01e86a5/resourceGroups/ps7866/providers/Microsoft.Authorization/policyAssignments/testPAWP\",\r\n  \"type\": \"Microsoft.Authorization/policyAssignments\",\r\n  \"name\": \"testPAWP\"\r\n}",
      "ResponseHeaders": {
        "Content-Length": [
          "660"
        ],
        "Content-Type": [
          "application/json; charset=utf-8"
        ],
        "Expires": [
          "-1"
        ],
        "Pragma": [
          "no-cache"
        ],
        "x-ms-request-id": [
          "westus2:dea499c2-f83f-40a0-9d55-b5d5ef2b6fef"
        ],
        "x-ms-ratelimit-remaining-subscription-writes": [
          "1199"
        ],
        "x-ms-correlation-request-id": [
          "0ef6cb6f-46d3-4715-8c08-e536ec7b69e7"
        ],
        "x-ms-routing-request-id": [
          "WESTUS2:20180616T005642Z:0ef6cb6f-46d3-4715-8c08-e536ec7b69e7"
        ],
        "Strict-Transport-Security": [
          "max-age=31536000; includeSubDomains"
        ],
        "X-Content-Type-Options": [
          "nosniff"
        ],
        "Cache-Control": [
          "no-cache"
        ],
        "Date": [
          "Sat, 16 Jun 2018 00:56:41 GMT"
        ],
        "Retry-After": [
          "0"
        ]
      },
      "StatusCode": 201
    },
    {
      "RequestUri": "/subscriptions/d0610b27-9663-4c05-89f8-5b4be01e86a5/resourceGroups/ps7866/providers/Microsoft.Authorization/policyassignments/testPAWP?api-version=2018-03-01",
      "EncodedRequestUri": "L3N1YnNjcmlwdGlvbnMvZDA2MTBiMjctOTY2My00YzA1LTg5ZjgtNWI0YmUwMWU4NmE1L3Jlc291cmNlR3JvdXBzL3BzNzg2Ni9wcm92aWRlcnMvTWljcm9zb2Z0LkF1dGhvcml6YXRpb24vcG9saWN5YXNzaWdubWVudHMvdGVzdFBBV1A/YXBpLXZlcnNpb249MjAxOC0wMy0wMQ==",
      "RequestMethod": "PUT",
      "RequestBody": "{\r\n  \"properties\": {\r\n    \"scope\": \"/subscriptions/d0610b27-9663-4c05-89f8-5b4be01e86a5/resourceGroups/ps7866\",\r\n    \"description\": \"Unit test junk: sorry for littering. Please delete me!\",\r\n    \"metadata\": {\r\n      \"testName\": \"testValue\"\r\n    },\r\n    \"policyDefinitionId\": \"/subscriptions/d0610b27-9663-4c05-89f8-5b4be01e86a5/providers/Microsoft.Authorization/policyDefinitions/ps6781\",\r\n    \"parameters\": {\r\n      \"listOfAllowedLocations\": {\r\n        \"value\": [\r\n          \"West US\",\r\n          \"West US 2\"\r\n        ]\r\n      }\r\n    }\r\n  },\r\n  \"name\": \"testPAWP\"\r\n}",
      "RequestHeaders": {
        "Content-Type": [
          "application/json; charset=utf-8"
        ],
        "Content-Length": [
          "567"
        ],
        "User-Agent": [
          "AzurePowershell/v6.2.1",
          "PSVersion/v5.1.16299.431"
        ],
        "ParameterSetName": [
          "DefaultParameterSet"
        ],
        "CommandName": [
          "New-AzureRmPolicyAssignment"
        ]
      },
      "ResponseBody": "{\r\n  \"sku\": {\r\n    \"name\": \"A0\",\r\n    \"tier\": \"Free\"\r\n  },\r\n  \"properties\": {\r\n    \"policyDefinitionId\": \"/subscriptions/d0610b27-9663-4c05-89f8-5b4be01e86a5/providers/Microsoft.Authorization/policyDefinitions/ps6781\",\r\n    \"scope\": \"/subscriptions/d0610b27-9663-4c05-89f8-5b4be01e86a5/resourceGroups/ps7866\",\r\n    \"parameters\": {\r\n      \"listOfAllowedLocations\": {\r\n        \"value\": [\r\n          \"West US\",\r\n          \"West US 2\"\r\n        ]\r\n      }\r\n    },\r\n    \"description\": \"Unit test junk: sorry for littering. Please delete me!\",\r\n    \"metadata\": {\r\n      \"testName\": \"testValue\"\r\n    }\r\n  },\r\n  \"id\": \"/subscriptions/d0610b27-9663-4c05-89f8-5b4be01e86a5/resourceGroups/ps7866/providers/Microsoft.Authorization/policyAssignments/testPAWP\",\r\n  \"type\": \"Microsoft.Authorization/policyAssignments\",\r\n  \"name\": \"testPAWP\"\r\n}",
      "ResponseHeaders": {
        "Content-Length": [
          "660"
        ],
        "Content-Type": [
          "application/json; charset=utf-8"
        ],
        "Expires": [
          "-1"
        ],
        "Pragma": [
          "no-cache"
        ],
        "x-ms-request-id": [
          "westus2:d5d9ede5-9952-405e-8921-b3d3da252be0"
        ],
        "x-ms-ratelimit-remaining-subscription-writes": [
          "1199"
        ],
        "x-ms-correlation-request-id": [
          "57513bc4-5b09-4314-a714-d8b799b5d7c9"
        ],
        "x-ms-routing-request-id": [
          "WESTUS2:20180616T005643Z:57513bc4-5b09-4314-a714-d8b799b5d7c9"
        ],
        "Strict-Transport-Security": [
          "max-age=31536000; includeSubDomains"
        ],
        "X-Content-Type-Options": [
          "nosniff"
        ],
        "Cache-Control": [
          "no-cache"
        ],
        "Date": [
          "Sat, 16 Jun 2018 00:56:42 GMT"
        ],
        "Retry-After": [
          "0"
        ]
      },
      "StatusCode": 201
    },
    {
      "RequestUri": "/subscriptions/d0610b27-9663-4c05-89f8-5b4be01e86a5/resourceGroups/ps7866/providers/Microsoft.Authorization/policyassignments/testPAWP?api-version=2018-03-01",
      "EncodedRequestUri": "L3N1YnNjcmlwdGlvbnMvZDA2MTBiMjctOTY2My00YzA1LTg5ZjgtNWI0YmUwMWU4NmE1L3Jlc291cmNlR3JvdXBzL3BzNzg2Ni9wcm92aWRlcnMvTWljcm9zb2Z0LkF1dGhvcml6YXRpb24vcG9saWN5YXNzaWdubWVudHMvdGVzdFBBV1A/YXBpLXZlcnNpb249MjAxOC0wMy0wMQ==",
      "RequestMethod": "PUT",
      "RequestBody": "{\r\n  \"properties\": {\r\n    \"scope\": \"/subscriptions/d0610b27-9663-4c05-89f8-5b4be01e86a5/resourceGroups/ps7866\",\r\n    \"description\": \"Unit test junk: sorry for littering. Please delete me! - Updated\",\r\n    \"metadata\": {\r\n      \"Meta1\": \"Value1\",\r\n      \"Meta2\": {\r\n        \"Meta22\": \"Value22\"\r\n      }\r\n    },\r\n    \"policyDefinitionId\": \"/subscriptions/d0610b27-9663-4c05-89f8-5b4be01e86a5/providers/Microsoft.Authorization/policyDefinitions/ps6781\",\r\n    \"parameters\": {\r\n      \"listOfAllowedLocations\": {\r\n        \"value\": [\r\n          \"West US\",\r\n          \"West US 2\"\r\n        ]\r\n      }\r\n    }\r\n  },\r\n  \"name\": \"testPAWP\"\r\n}",
      "RequestHeaders": {
        "Content-Type": [
          "application/json; charset=utf-8"
        ],
        "Content-Length": [
          "628"
        ],
        "User-Agent": [
          "AzurePowershell/v6.2.1",
          "PSVersion/v5.1.16299.431"
        ],
        "ParameterSetName": [
          "NameParameterSet"
        ],
        "CommandName": [
          "Set-AzureRmPolicyAssignment"
        ]
      },
      "ResponseBody": "{\r\n  \"sku\": {\r\n    \"name\": \"A0\",\r\n    \"tier\": \"Free\"\r\n  },\r\n  \"properties\": {\r\n    \"policyDefinitionId\": \"/subscriptions/d0610b27-9663-4c05-89f8-5b4be01e86a5/providers/Microsoft.Authorization/policyDefinitions/ps6781\",\r\n    \"scope\": \"/subscriptions/d0610b27-9663-4c05-89f8-5b4be01e86a5/resourceGroups/ps7866\",\r\n    \"parameters\": {\r\n      \"listOfAllowedLocations\": {\r\n        \"value\": [\r\n          \"West US\",\r\n          \"West US 2\"\r\n        ]\r\n      }\r\n    },\r\n    \"description\": \"Unit test junk: sorry for littering. Please delete me! - Updated\",\r\n    \"metadata\": {\r\n      \"Meta1\": \"Value1\",\r\n      \"Meta2\": {\r\n        \"Meta22\": \"Value22\"\r\n      }\r\n    }\r\n  },\r\n  \"id\": \"/subscriptions/d0610b27-9663-4c05-89f8-5b4be01e86a5/resourceGroups/ps7866/providers/Microsoft.Authorization/policyAssignments/testPAWP\",\r\n  \"type\": \"Microsoft.Authorization/policyAssignments\",\r\n  \"name\": \"testPAWP\"\r\n}",
      "ResponseHeaders": {
        "Content-Length": [
          "693"
        ],
        "Content-Type": [
          "application/json; charset=utf-8"
        ],
        "Expires": [
          "-1"
        ],
        "Pragma": [
          "no-cache"
        ],
        "x-ms-request-id": [
          "westus2:1b07e818-394f-44e8-9937-ac5d410daab2"
        ],
        "x-ms-ratelimit-remaining-subscription-writes": [
          "1198"
        ],
        "x-ms-correlation-request-id": [
          "2e828374-277b-4a01-a711-df1c71af1091"
        ],
        "x-ms-routing-request-id": [
          "WESTUS2:20180616T005644Z:2e828374-277b-4a01-a711-df1c71af1091"
        ],
        "Strict-Transport-Security": [
          "max-age=31536000; includeSubDomains"
        ],
        "X-Content-Type-Options": [
          "nosniff"
        ],
        "Cache-Control": [
          "no-cache"
        ],
        "Date": [
          "Sat, 16 Jun 2018 00:56:43 GMT"
        ],
        "Retry-After": [
          "0"
        ]
      },
      "StatusCode": 201
    },
    {
      "RequestUri": "/subscriptions/d0610b27-9663-4c05-89f8-5b4be01e86a5/resourceGroups/ps7866/providers/Microsoft.Authorization/policyassignments/testPAWP?api-version=2018-03-01",
      "EncodedRequestUri": "L3N1YnNjcmlwdGlvbnMvZDA2MTBiMjctOTY2My00YzA1LTg5ZjgtNWI0YmUwMWU4NmE1L3Jlc291cmNlR3JvdXBzL3BzNzg2Ni9wcm92aWRlcnMvTWljcm9zb2Z0LkF1dGhvcml6YXRpb24vcG9saWN5YXNzaWdubWVudHMvdGVzdFBBV1A/YXBpLXZlcnNpb249MjAxOC0wMy0wMQ==",
      "RequestMethod": "GET",
      "RequestBody": "",
      "RequestHeaders": {
        "User-Agent": [
          "AzurePowershell/v6.2.1",
          "PSVersion/v5.1.16299.431"
        ],
        "ParameterSetName": [
          "NameParameterSet"
        ],
        "CommandName": [
          "Get-AzureRmPolicyAssignment"
        ]
      },
      "ResponseBody": "{\r\n  \"sku\": {\r\n    \"name\": \"A0\",\r\n    \"tier\": \"Free\"\r\n  },\r\n  \"properties\": {\r\n    \"policyDefinitionId\": \"/subscriptions/d0610b27-9663-4c05-89f8-5b4be01e86a5/providers/Microsoft.Authorization/policyDefinitions/ps6781\",\r\n    \"scope\": \"/subscriptions/d0610b27-9663-4c05-89f8-5b4be01e86a5/resourceGroups/ps7866\",\r\n    \"parameters\": {\r\n      \"listOfAllowedLocations\": {\r\n        \"value\": [\r\n          \"West US\",\r\n          \"West US 2\"\r\n        ]\r\n      }\r\n    },\r\n    \"description\": \"Unit test junk: sorry for littering. Please delete me!\"\r\n  },\r\n  \"id\": \"/subscriptions/d0610b27-9663-4c05-89f8-5b4be01e86a5/resourceGroups/ps7866/providers/Microsoft.Authorization/policyAssignments/testPAWP\",\r\n  \"type\": \"Microsoft.Authorization/policyAssignments\",\r\n  \"name\": \"testPAWP\"\r\n}",
      "ResponseHeaders": {
        "Content-Length": [
          "624"
        ],
        "Content-Type": [
          "application/json; charset=utf-8"
        ],
        "Expires": [
          "-1"
        ],
        "Pragma": [
          "no-cache"
        ],
        "Vary": [
          "Accept-Encoding"
        ],
        "x-ms-request-id": [
          "westus2:c3ac67d0-9393-42c6-b85f-1c993a320f37"
        ],
        "x-ms-ratelimit-remaining-subscription-reads": [
          "14997"
        ],
        "x-ms-correlation-request-id": [
          "b7255fba-01ba-4a77-bfb1-dd30c9045e65"
        ],
        "x-ms-routing-request-id": [
          "WESTUS2:20180616T005639Z:b7255fba-01ba-4a77-bfb1-dd30c9045e65"
        ],
        "Strict-Transport-Security": [
          "max-age=31536000; includeSubDomains"
        ],
        "X-Content-Type-Options": [
          "nosniff"
        ],
        "Cache-Control": [
          "no-cache"
        ],
        "Date": [
          "Sat, 16 Jun 2018 00:56:38 GMT"
        ],
        "Retry-After": [
          "0"
        ]
      },
      "StatusCode": 200
    },
    {
      "RequestUri": "/subscriptions/d0610b27-9663-4c05-89f8-5b4be01e86a5/resourceGroups/ps7866/providers/Microsoft.Authorization/policyassignments/testPAWP?api-version=2018-03-01",
      "EncodedRequestUri": "L3N1YnNjcmlwdGlvbnMvZDA2MTBiMjctOTY2My00YzA1LTg5ZjgtNWI0YmUwMWU4NmE1L3Jlc291cmNlR3JvdXBzL3BzNzg2Ni9wcm92aWRlcnMvTWljcm9zb2Z0LkF1dGhvcml6YXRpb24vcG9saWN5YXNzaWdubWVudHMvdGVzdFBBV1A/YXBpLXZlcnNpb249MjAxOC0wMy0wMQ==",
      "RequestMethod": "GET",
      "RequestBody": "",
      "RequestHeaders": {
        "User-Agent": [
          "AzurePowershell/v6.2.1",
          "PSVersion/v5.1.16299.431"
        ],
        "ParameterSetName": [
          "NameParameterSet"
        ],
        "CommandName": [
          "Get-AzureRmPolicyAssignment"
        ]
      },
      "ResponseBody": "{\r\n  \"sku\": {\r\n    \"name\": \"A0\",\r\n    \"tier\": \"Free\"\r\n  },\r\n  \"properties\": {\r\n    \"policyDefinitionId\": \"/subscriptions/d0610b27-9663-4c05-89f8-5b4be01e86a5/providers/Microsoft.Authorization/policyDefinitions/ps6781\",\r\n    \"scope\": \"/subscriptions/d0610b27-9663-4c05-89f8-5b4be01e86a5/resourceGroups/ps7866\",\r\n    \"parameters\": {\r\n      \"listOfAllowedLocations\": {\r\n        \"value\": [\r\n          \"West US\",\r\n          \"West US 2\"\r\n        ]\r\n      }\r\n    },\r\n    \"description\": \"Unit test junk: sorry for littering. Please delete me!\"\r\n  },\r\n  \"id\": \"/subscriptions/d0610b27-9663-4c05-89f8-5b4be01e86a5/resourceGroups/ps7866/providers/Microsoft.Authorization/policyAssignments/testPAWP\",\r\n  \"type\": \"Microsoft.Authorization/policyAssignments\",\r\n  \"name\": \"testPAWP\"\r\n}",
      "ResponseHeaders": {
        "Content-Length": [
          "624"
        ],
        "Content-Type": [
          "application/json; charset=utf-8"
        ],
        "Expires": [
          "-1"
        ],
        "Pragma": [
          "no-cache"
        ],
        "Vary": [
          "Accept-Encoding"
        ],
        "x-ms-request-id": [
          "westus2:431ab66d-54af-4d74-b3e3-e2da60f01ff5"
        ],
        "x-ms-ratelimit-remaining-subscription-reads": [
          "14998"
        ],
        "x-ms-correlation-request-id": [
          "91f4e50c-8199-47ed-85d2-5b256a1474d0"
        ],
        "x-ms-routing-request-id": [
          "WESTUS2:20180616T005640Z:91f4e50c-8199-47ed-85d2-5b256a1474d0"
        ],
        "Strict-Transport-Security": [
          "max-age=31536000; includeSubDomains"
        ],
        "X-Content-Type-Options": [
          "nosniff"
        ],
        "Cache-Control": [
          "no-cache"
        ],
        "Date": [
          "Sat, 16 Jun 2018 00:56:40 GMT"
        ],
        "Retry-After": [
          "0"
        ]
      },
      "StatusCode": 200
    },
    {
      "RequestUri": "/subscriptions/d0610b27-9663-4c05-89f8-5b4be01e86a5/resourceGroups/ps7866/providers/Microsoft.Authorization/policyassignments/testPAWP?api-version=2018-03-01",
      "EncodedRequestUri": "L3N1YnNjcmlwdGlvbnMvZDA2MTBiMjctOTY2My00YzA1LTg5ZjgtNWI0YmUwMWU4NmE1L3Jlc291cmNlR3JvdXBzL3BzNzg2Ni9wcm92aWRlcnMvTWljcm9zb2Z0LkF1dGhvcml6YXRpb24vcG9saWN5YXNzaWdubWVudHMvdGVzdFBBV1A/YXBpLXZlcnNpb249MjAxOC0wMy0wMQ==",
      "RequestMethod": "GET",
      "RequestBody": "",
      "RequestHeaders": {
        "User-Agent": [
          "AzurePowershell/v6.2.1",
          "PSVersion/v5.1.16299.431"
        ],
        "ParameterSetName": [
          "NameParameterSet"
        ],
        "CommandName": [
          "Get-AzureRmPolicyAssignment"
        ]
      },
      "ResponseBody": "{\r\n  \"sku\": {\r\n    \"name\": \"A0\",\r\n    \"tier\": \"Free\"\r\n  },\r\n  \"properties\": {\r\n    \"policyDefinitionId\": \"/subscriptions/d0610b27-9663-4c05-89f8-5b4be01e86a5/providers/Microsoft.Authorization/policyDefinitions/ps6781\",\r\n    \"scope\": \"/subscriptions/d0610b27-9663-4c05-89f8-5b4be01e86a5/resourceGroups/ps7866\",\r\n    \"parameters\": {\r\n      \"listOfAllowedLocations\": {\r\n        \"value\": [\r\n          \"West US\",\r\n          \"West US 2\"\r\n        ]\r\n      }\r\n    },\r\n    \"description\": \"Unit test junk: sorry for littering. Please delete me!\",\r\n    \"metadata\": {\r\n      \"testName\": \"testValue\"\r\n    }\r\n  },\r\n  \"id\": \"/subscriptions/d0610b27-9663-4c05-89f8-5b4be01e86a5/resourceGroups/ps7866/providers/Microsoft.Authorization/policyAssignments/testPAWP\",\r\n  \"type\": \"Microsoft.Authorization/policyAssignments\",\r\n  \"name\": \"testPAWP\"\r\n}",
      "ResponseHeaders": {
        "Content-Length": [
          "660"
        ],
        "Content-Type": [
          "application/json; charset=utf-8"
        ],
        "Expires": [
          "-1"
        ],
        "Pragma": [
          "no-cache"
        ],
        "Vary": [
          "Accept-Encoding"
        ],
        "x-ms-request-id": [
          "westus2:fb620af1-3a40-4585-a20d-ac4abdd2435d"
        ],
        "x-ms-ratelimit-remaining-subscription-reads": [
          "14997"
        ],
        "x-ms-correlation-request-id": [
          "9dd34d2c-0efc-407f-903a-c1930c3332a5"
        ],
        "x-ms-routing-request-id": [
          "WESTUS2:20180616T005642Z:9dd34d2c-0efc-407f-903a-c1930c3332a5"
        ],
        "Strict-Transport-Security": [
          "max-age=31536000; includeSubDomains"
        ],
        "X-Content-Type-Options": [
          "nosniff"
        ],
        "Cache-Control": [
          "no-cache"
        ],
        "Date": [
          "Sat, 16 Jun 2018 00:56:41 GMT"
        ],
        "Retry-After": [
          "0"
        ]
      },
      "StatusCode": 200
    },
    {
      "RequestUri": "/subscriptions/d0610b27-9663-4c05-89f8-5b4be01e86a5/resourceGroups/ps7866/providers/Microsoft.Authorization/policyassignments/testPAWP?api-version=2018-03-01",
      "EncodedRequestUri": "L3N1YnNjcmlwdGlvbnMvZDA2MTBiMjctOTY2My00YzA1LTg5ZjgtNWI0YmUwMWU4NmE1L3Jlc291cmNlR3JvdXBzL3BzNzg2Ni9wcm92aWRlcnMvTWljcm9zb2Z0LkF1dGhvcml6YXRpb24vcG9saWN5YXNzaWdubWVudHMvdGVzdFBBV1A/YXBpLXZlcnNpb249MjAxOC0wMy0wMQ==",
      "RequestMethod": "GET",
      "RequestBody": "",
      "RequestHeaders": {
        "User-Agent": [
          "AzurePowershell/v6.2.1",
          "PSVersion/v5.1.16299.431"
        ],
        "ParameterSetName": [
          "NameParameterSet"
        ],
        "CommandName": [
          "Get-AzureRmPolicyAssignment"
        ]
      },
      "ResponseBody": "{\r\n  \"sku\": {\r\n    \"name\": \"A0\",\r\n    \"tier\": \"Free\"\r\n  },\r\n  \"properties\": {\r\n    \"policyDefinitionId\": \"/subscriptions/d0610b27-9663-4c05-89f8-5b4be01e86a5/providers/Microsoft.Authorization/policyDefinitions/ps6781\",\r\n    \"scope\": \"/subscriptions/d0610b27-9663-4c05-89f8-5b4be01e86a5/resourceGroups/ps7866\",\r\n    \"parameters\": {\r\n      \"listOfAllowedLocations\": {\r\n        \"value\": [\r\n          \"West US\",\r\n          \"West US 2\"\r\n        ]\r\n      }\r\n    },\r\n    \"description\": \"Unit test junk: sorry for littering. Please delete me!\",\r\n    \"metadata\": {\r\n      \"testName\": \"testValue\"\r\n    }\r\n  },\r\n  \"id\": \"/subscriptions/d0610b27-9663-4c05-89f8-5b4be01e86a5/resourceGroups/ps7866/providers/Microsoft.Authorization/policyAssignments/testPAWP\",\r\n  \"type\": \"Microsoft.Authorization/policyAssignments\",\r\n  \"name\": \"testPAWP\"\r\n}",
      "ResponseHeaders": {
        "Content-Length": [
          "660"
        ],
        "Content-Type": [
          "application/json; charset=utf-8"
        ],
        "Expires": [
          "-1"
        ],
        "Pragma": [
          "no-cache"
        ],
        "Vary": [
          "Accept-Encoding"
        ],
        "x-ms-request-id": [
          "westus2:482f03e4-999c-4802-ad7b-1a619c2485f2"
        ],
        "x-ms-ratelimit-remaining-subscription-reads": [
          "14998"
        ],
        "x-ms-correlation-request-id": [
          "69ed757c-be17-4b93-981c-02f03867c124"
        ],
        "x-ms-routing-request-id": [
          "WESTUS2:20180616T005644Z:69ed757c-be17-4b93-981c-02f03867c124"
        ],
        "Strict-Transport-Security": [
          "max-age=31536000; includeSubDomains"
        ],
        "X-Content-Type-Options": [
          "nosniff"
        ],
        "Cache-Control": [
          "no-cache"
        ],
        "Date": [
          "Sat, 16 Jun 2018 00:56:43 GMT"
        ],
        "Retry-After": [
          "0"
        ]
      },
      "StatusCode": 200
    },
    {
      "RequestUri": "/subscriptions/d0610b27-9663-4c05-89f8-5b4be01e86a5/resourceGroups/ps7866/providers/Microsoft.Authorization/policyassignments/testPAWP?api-version=2018-03-01",
      "EncodedRequestUri": "L3N1YnNjcmlwdGlvbnMvZDA2MTBiMjctOTY2My00YzA1LTg5ZjgtNWI0YmUwMWU4NmE1L3Jlc291cmNlR3JvdXBzL3BzNzg2Ni9wcm92aWRlcnMvTWljcm9zb2Z0LkF1dGhvcml6YXRpb24vcG9saWN5YXNzaWdubWVudHMvdGVzdFBBV1A/YXBpLXZlcnNpb249MjAxOC0wMy0wMQ==",
      "RequestMethod": "GET",
      "RequestBody": "",
      "RequestHeaders": {
        "User-Agent": [
          "AzurePowershell/v6.2.1",
          "PSVersion/v5.1.16299.431"
        ],
        "ParameterSetName": [
          "NameParameterSet"
        ],
        "CommandName": [
          "Set-AzureRmPolicyAssignment"
        ]
      },
      "ResponseBody": "{\r\n  \"sku\": {\r\n    \"name\": \"A0\",\r\n    \"tier\": \"Free\"\r\n  },\r\n  \"properties\": {\r\n    \"policyDefinitionId\": \"/subscriptions/d0610b27-9663-4c05-89f8-5b4be01e86a5/providers/Microsoft.Authorization/policyDefinitions/ps6781\",\r\n    \"scope\": \"/subscriptions/d0610b27-9663-4c05-89f8-5b4be01e86a5/resourceGroups/ps7866\",\r\n    \"parameters\": {\r\n      \"listOfAllowedLocations\": {\r\n        \"value\": [\r\n          \"West US\",\r\n          \"West US 2\"\r\n        ]\r\n      }\r\n    },\r\n    \"description\": \"Unit test junk: sorry for littering. Please delete me!\",\r\n    \"metadata\": {\r\n      \"testName\": \"testValue\"\r\n    }\r\n  },\r\n  \"id\": \"/subscriptions/d0610b27-9663-4c05-89f8-5b4be01e86a5/resourceGroups/ps7866/providers/Microsoft.Authorization/policyAssignments/testPAWP\",\r\n  \"type\": \"Microsoft.Authorization/policyAssignments\",\r\n  \"name\": \"testPAWP\"\r\n}",
      "ResponseHeaders": {
        "Content-Length": [
          "660"
        ],
        "Content-Type": [
          "application/json; charset=utf-8"
        ],
        "Expires": [
          "-1"
        ],
        "Pragma": [
          "no-cache"
        ],
        "Vary": [
          "Accept-Encoding"
        ],
        "x-ms-request-id": [
          "westus2:221e5fbe-1c21-4d19-ad6d-0d508314ee89"
        ],
        "x-ms-ratelimit-remaining-subscription-reads": [
          "14992"
        ],
        "x-ms-correlation-request-id": [
          "9fd7d99a-96af-49ac-b84b-63d42ae08fa8"
        ],
        "x-ms-routing-request-id": [
          "WESTUS2:20180616T005644Z:9fd7d99a-96af-49ac-b84b-63d42ae08fa8"
        ],
        "Strict-Transport-Security": [
          "max-age=31536000; includeSubDomains"
        ],
        "X-Content-Type-Options": [
          "nosniff"
        ],
        "Cache-Control": [
          "no-cache"
        ],
        "Date": [
          "Sat, 16 Jun 2018 00:56:43 GMT"
        ],
        "Retry-After": [
          "0"
        ]
      },
      "StatusCode": 200
    },
    {
      "RequestUri": "/subscriptions/d0610b27-9663-4c05-89f8-5b4be01e86a5/resourceGroups/ps7866/providers/Microsoft.Authorization/policyassignments/testPAWP?api-version=2018-03-01",
      "EncodedRequestUri": "L3N1YnNjcmlwdGlvbnMvZDA2MTBiMjctOTY2My00YzA1LTg5ZjgtNWI0YmUwMWU4NmE1L3Jlc291cmNlR3JvdXBzL3BzNzg2Ni9wcm92aWRlcnMvTWljcm9zb2Z0LkF1dGhvcml6YXRpb24vcG9saWN5YXNzaWdubWVudHMvdGVzdFBBV1A/YXBpLXZlcnNpb249MjAxOC0wMy0wMQ==",
      "RequestMethod": "GET",
      "RequestBody": "",
      "RequestHeaders": {
        "User-Agent": [
          "AzurePowershell/v6.2.1",
          "PSVersion/v5.1.16299.431"
        ],
        "ParameterSetName": [
          "NameParameterSet"
        ],
        "CommandName": [
          "Get-AzureRmPolicyAssignment"
        ]
      },
      "ResponseBody": "{\r\n  \"sku\": {\r\n    \"name\": \"A0\",\r\n    \"tier\": \"Free\"\r\n  },\r\n  \"properties\": {\r\n    \"policyDefinitionId\": \"/subscriptions/d0610b27-9663-4c05-89f8-5b4be01e86a5/providers/Microsoft.Authorization/policyDefinitions/ps6781\",\r\n    \"scope\": \"/subscriptions/d0610b27-9663-4c05-89f8-5b4be01e86a5/resourceGroups/ps7866\",\r\n    \"parameters\": {\r\n      \"listOfAllowedLocations\": {\r\n        \"value\": [\r\n          \"West US\",\r\n          \"West US 2\"\r\n        ]\r\n      }\r\n    },\r\n    \"description\": \"Unit test junk: sorry for littering. Please delete me! - Updated\",\r\n    \"metadata\": {\r\n      \"Meta1\": \"Value1\",\r\n      \"Meta2\": {\r\n        \"Meta22\": \"Value22\"\r\n      }\r\n    }\r\n  },\r\n  \"id\": \"/subscriptions/d0610b27-9663-4c05-89f8-5b4be01e86a5/resourceGroups/ps7866/providers/Microsoft.Authorization/policyAssignments/testPAWP\",\r\n  \"type\": \"Microsoft.Authorization/policyAssignments\",\r\n  \"name\": \"testPAWP\"\r\n}",
      "ResponseHeaders": {
        "Content-Length": [
          "693"
        ],
        "Content-Type": [
          "application/json; charset=utf-8"
        ],
        "Expires": [
          "-1"
        ],
        "Pragma": [
          "no-cache"
        ],
        "Vary": [
          "Accept-Encoding"
        ],
        "x-ms-request-id": [
          "westus2:c2d5eaba-0a98-4623-acfc-027c4c5337b1"
        ],
        "x-ms-ratelimit-remaining-subscription-reads": [
          "14995"
        ],
        "x-ms-correlation-request-id": [
          "d8052479-f017-40e3-a5c2-c2fa986f53d0"
        ],
        "x-ms-routing-request-id": [
          "WESTUS2:20180616T005644Z:d8052479-f017-40e3-a5c2-c2fa986f53d0"
        ],
        "Strict-Transport-Security": [
          "max-age=31536000; includeSubDomains"
        ],
        "X-Content-Type-Options": [
          "nosniff"
        ],
        "Cache-Control": [
          "no-cache"
        ],
        "Date": [
          "Sat, 16 Jun 2018 00:56:44 GMT"
        ],
        "Retry-After": [
          "0"
        ]
      },
      "StatusCode": 200
    },
    {
      "RequestUri": "/subscriptions/d0610b27-9663-4c05-89f8-5b4be01e86a5/resourceGroups/ps7866/providers/Microsoft.Authorization/policyassignments/testPAWP?api-version=2018-03-01",
      "EncodedRequestUri": "L3N1YnNjcmlwdGlvbnMvZDA2MTBiMjctOTY2My00YzA1LTg5ZjgtNWI0YmUwMWU4NmE1L3Jlc291cmNlR3JvdXBzL3BzNzg2Ni9wcm92aWRlcnMvTWljcm9zb2Z0LkF1dGhvcml6YXRpb24vcG9saWN5YXNzaWdubWVudHMvdGVzdFBBV1A/YXBpLXZlcnNpb249MjAxOC0wMy0wMQ==",
      "RequestMethod": "DELETE",
      "RequestBody": "",
      "RequestHeaders": {
        "User-Agent": [
          "AzurePowershell/v6.2.1",
          "PSVersion/v5.1.16299.431"
        ],
        "ParameterSetName": [
          "NameParameterSet"
        ],
        "CommandName": [
          "Remove-AzureRmPolicyAssignment"
        ]
      },
      "ResponseBody": "{\r\n  \"sku\": {\r\n    \"name\": \"A0\",\r\n    \"tier\": \"Free\"\r\n  },\r\n  \"properties\": {\r\n    \"policyDefinitionId\": \"/subscriptions/d0610b27-9663-4c05-89f8-5b4be01e86a5/providers/Microsoft.Authorization/policyDefinitions/ps6781\",\r\n    \"scope\": \"/subscriptions/d0610b27-9663-4c05-89f8-5b4be01e86a5/resourceGroups/ps7866\",\r\n    \"parameters\": {\r\n      \"listOfAllowedLocations\": {\r\n        \"value\": [\r\n          \"West US\",\r\n          \"West US 2\"\r\n        ]\r\n      }\r\n    },\r\n    \"description\": \"Unit test junk: sorry for littering. Please delete me!\"\r\n  },\r\n  \"id\": \"/subscriptions/d0610b27-9663-4c05-89f8-5b4be01e86a5/resourceGroups/ps7866/providers/Microsoft.Authorization/policyAssignments/testPAWP\",\r\n  \"type\": \"Microsoft.Authorization/policyAssignments\",\r\n  \"name\": \"testPAWP\"\r\n}",
      "ResponseHeaders": {
        "Content-Length": [
          "624"
        ],
        "Content-Type": [
          "application/json; charset=utf-8"
        ],
        "Expires": [
          "-1"
        ],
        "Pragma": [
          "no-cache"
        ],
        "Vary": [
          "Accept-Encoding"
        ],
        "x-ms-request-id": [
          "westus2:fa802652-4a2d-4ef4-8df8-bf4773d6ae66"
        ],
        "x-ms-ratelimit-remaining-subscription-deletes": [
          "14999"
        ],
        "x-ms-correlation-request-id": [
          "8238e4ae-d591-4119-a1ab-f5fe1bb66ca9"
        ],
        "x-ms-routing-request-id": [
          "WESTUS2:20180616T005640Z:8238e4ae-d591-4119-a1ab-f5fe1bb66ca9"
        ],
        "Strict-Transport-Security": [
          "max-age=31536000; includeSubDomains"
        ],
        "X-Content-Type-Options": [
          "nosniff"
        ],
        "Cache-Control": [
          "no-cache"
        ],
        "Date": [
          "Sat, 16 Jun 2018 00:56:39 GMT"
        ],
        "Retry-After": [
          "0"
        ]
      },
      "StatusCode": 200
    },
    {
      "RequestUri": "/subscriptions/d0610b27-9663-4c05-89f8-5b4be01e86a5/resourceGroups/ps7866/providers/Microsoft.Authorization/policyassignments/testPAWP?api-version=2018-03-01",
      "EncodedRequestUri": "L3N1YnNjcmlwdGlvbnMvZDA2MTBiMjctOTY2My00YzA1LTg5ZjgtNWI0YmUwMWU4NmE1L3Jlc291cmNlR3JvdXBzL3BzNzg2Ni9wcm92aWRlcnMvTWljcm9zb2Z0LkF1dGhvcml6YXRpb24vcG9saWN5YXNzaWdubWVudHMvdGVzdFBBV1A/YXBpLXZlcnNpb249MjAxOC0wMy0wMQ==",
      "RequestMethod": "DELETE",
      "RequestBody": "",
      "RequestHeaders": {
        "User-Agent": [
          "AzurePowershell/v6.2.1",
          "PSVersion/v5.1.16299.431"
        ],
        "ParameterSetName": [
          "NameParameterSet"
        ],
        "CommandName": [
          "Remove-AzureRmPolicyAssignment"
        ]
      },
      "ResponseBody": "{\r\n  \"sku\": {\r\n    \"name\": \"A0\",\r\n    \"tier\": \"Free\"\r\n  },\r\n  \"properties\": {\r\n    \"policyDefinitionId\": \"/subscriptions/d0610b27-9663-4c05-89f8-5b4be01e86a5/providers/Microsoft.Authorization/policyDefinitions/ps6781\",\r\n    \"scope\": \"/subscriptions/d0610b27-9663-4c05-89f8-5b4be01e86a5/resourceGroups/ps7866\",\r\n    \"parameters\": {\r\n      \"listOfAllowedLocations\": {\r\n        \"value\": [\r\n          \"West US\",\r\n          \"West US 2\"\r\n        ]\r\n      }\r\n    },\r\n    \"description\": \"Unit test junk: sorry for littering. Please delete me!\"\r\n  },\r\n  \"id\": \"/subscriptions/d0610b27-9663-4c05-89f8-5b4be01e86a5/resourceGroups/ps7866/providers/Microsoft.Authorization/policyAssignments/testPAWP\",\r\n  \"type\": \"Microsoft.Authorization/policyAssignments\",\r\n  \"name\": \"testPAWP\"\r\n}",
      "ResponseHeaders": {
        "Content-Length": [
          "624"
        ],
        "Content-Type": [
          "application/json; charset=utf-8"
        ],
        "Expires": [
          "-1"
        ],
        "Pragma": [
          "no-cache"
        ],
        "Vary": [
          "Accept-Encoding"
        ],
        "x-ms-request-id": [
          "westus2:6e4b5d6e-1442-4ff5-9dc0-375cceddd1bc"
        ],
        "x-ms-ratelimit-remaining-subscription-deletes": [
          "14999"
        ],
        "x-ms-correlation-request-id": [
          "9ac8b108-4f2b-4c52-9517-2a329fa20704"
        ],
        "x-ms-routing-request-id": [
          "WESTUS2:20180616T005641Z:9ac8b108-4f2b-4c52-9517-2a329fa20704"
        ],
        "Strict-Transport-Security": [
          "max-age=31536000; includeSubDomains"
        ],
        "X-Content-Type-Options": [
          "nosniff"
        ],
        "Cache-Control": [
          "no-cache"
        ],
        "Date": [
          "Sat, 16 Jun 2018 00:56:40 GMT"
        ],
        "Retry-After": [
          "0"
        ]
      },
      "StatusCode": 200
    },
    {
      "RequestUri": "/subscriptions/d0610b27-9663-4c05-89f8-5b4be01e86a5/resourceGroups/ps7866/providers/Microsoft.Authorization/policyassignments/testPAWP?api-version=2018-03-01",
      "EncodedRequestUri": "L3N1YnNjcmlwdGlvbnMvZDA2MTBiMjctOTY2My00YzA1LTg5ZjgtNWI0YmUwMWU4NmE1L3Jlc291cmNlR3JvdXBzL3BzNzg2Ni9wcm92aWRlcnMvTWljcm9zb2Z0LkF1dGhvcml6YXRpb24vcG9saWN5YXNzaWdubWVudHMvdGVzdFBBV1A/YXBpLXZlcnNpb249MjAxOC0wMy0wMQ==",
      "RequestMethod": "DELETE",
      "RequestBody": "",
      "RequestHeaders": {
        "User-Agent": [
          "AzurePowershell/v6.2.1",
          "PSVersion/v5.1.16299.431"
        ],
        "ParameterSetName": [
          "NameParameterSet"
        ],
        "CommandName": [
          "Remove-AzureRmPolicyAssignment"
        ]
      },
      "ResponseBody": "{\r\n  \"sku\": {\r\n    \"name\": \"A0\",\r\n    \"tier\": \"Free\"\r\n  },\r\n  \"properties\": {\r\n    \"policyDefinitionId\": \"/subscriptions/d0610b27-9663-4c05-89f8-5b4be01e86a5/providers/Microsoft.Authorization/policyDefinitions/ps6781\",\r\n    \"scope\": \"/subscriptions/d0610b27-9663-4c05-89f8-5b4be01e86a5/resourceGroups/ps7866\",\r\n    \"parameters\": {\r\n      \"listOfAllowedLocations\": {\r\n        \"value\": [\r\n          \"West US\",\r\n          \"West US 2\"\r\n        ]\r\n      }\r\n    },\r\n    \"description\": \"Unit test junk: sorry for littering. Please delete me!\",\r\n    \"metadata\": {\r\n      \"testName\": \"testValue\"\r\n    }\r\n  },\r\n  \"id\": \"/subscriptions/d0610b27-9663-4c05-89f8-5b4be01e86a5/resourceGroups/ps7866/providers/Microsoft.Authorization/policyAssignments/testPAWP\",\r\n  \"type\": \"Microsoft.Authorization/policyAssignments\",\r\n  \"name\": \"testPAWP\"\r\n}",
      "ResponseHeaders": {
        "Content-Length": [
          "660"
        ],
        "Content-Type": [
          "application/json; charset=utf-8"
        ],
        "Expires": [
          "-1"
        ],
        "Pragma": [
          "no-cache"
        ],
        "Vary": [
          "Accept-Encoding"
        ],
        "x-ms-request-id": [
          "westus2:6afc1f9a-f09e-4a8b-ae30-5aee9c927894"
        ],
        "x-ms-ratelimit-remaining-subscription-deletes": [
          "14998"
        ],
        "x-ms-correlation-request-id": [
          "950f4942-2def-4b67-a7da-95864aeb5d61"
        ],
        "x-ms-routing-request-id": [
          "WESTUS2:20180616T005642Z:950f4942-2def-4b67-a7da-95864aeb5d61"
        ],
        "Strict-Transport-Security": [
          "max-age=31536000; includeSubDomains"
        ],
        "X-Content-Type-Options": [
          "nosniff"
        ],
        "Cache-Control": [
          "no-cache"
        ],
        "Date": [
          "Sat, 16 Jun 2018 00:56:42 GMT"
        ],
        "Retry-After": [
          "0"
        ]
      },
      "StatusCode": 200
    },
    {
      "RequestUri": "/subscriptions/d0610b27-9663-4c05-89f8-5b4be01e86a5/resourceGroups/ps7866/providers/Microsoft.Authorization/policyassignments/testPAWP?api-version=2018-03-01",
      "EncodedRequestUri": "L3N1YnNjcmlwdGlvbnMvZDA2MTBiMjctOTY2My00YzA1LTg5ZjgtNWI0YmUwMWU4NmE1L3Jlc291cmNlR3JvdXBzL3BzNzg2Ni9wcm92aWRlcnMvTWljcm9zb2Z0LkF1dGhvcml6YXRpb24vcG9saWN5YXNzaWdubWVudHMvdGVzdFBBV1A/YXBpLXZlcnNpb249MjAxOC0wMy0wMQ==",
      "RequestMethod": "DELETE",
      "RequestBody": "",
      "RequestHeaders": {
        "User-Agent": [
          "AzurePowershell/v6.2.1",
          "PSVersion/v5.1.16299.431"
        ],
        "ParameterSetName": [
          "NameParameterSet"
        ],
        "CommandName": [
          "Remove-AzureRmPolicyAssignment"
        ]
      },
      "ResponseBody": "{\r\n  \"sku\": {\r\n    \"name\": \"A0\",\r\n    \"tier\": \"Free\"\r\n  },\r\n  \"properties\": {\r\n    \"policyDefinitionId\": \"/subscriptions/d0610b27-9663-4c05-89f8-5b4be01e86a5/providers/Microsoft.Authorization/policyDefinitions/ps6781\",\r\n    \"scope\": \"/subscriptions/d0610b27-9663-4c05-89f8-5b4be01e86a5/resourceGroups/ps7866\",\r\n    \"parameters\": {\r\n      \"listOfAllowedLocations\": {\r\n        \"value\": [\r\n          \"West US\",\r\n          \"West US 2\"\r\n        ]\r\n      }\r\n    },\r\n    \"description\": \"Unit test junk: sorry for littering. Please delete me! - Updated\",\r\n    \"metadata\": {\r\n      \"Meta1\": \"Value1\",\r\n      \"Meta2\": {\r\n        \"Meta22\": \"Value22\"\r\n      }\r\n    }\r\n  },\r\n  \"id\": \"/subscriptions/d0610b27-9663-4c05-89f8-5b4be01e86a5/resourceGroups/ps7866/providers/Microsoft.Authorization/policyAssignments/testPAWP\",\r\n  \"type\": \"Microsoft.Authorization/policyAssignments\",\r\n  \"name\": \"testPAWP\"\r\n}",
      "ResponseHeaders": {
        "Content-Length": [
          "693"
        ],
        "Content-Type": [
          "application/json; charset=utf-8"
        ],
        "Expires": [
          "-1"
        ],
        "Pragma": [
          "no-cache"
        ],
        "Vary": [
          "Accept-Encoding"
        ],
        "x-ms-request-id": [
          "westus2:ad913b77-4a27-4ff5-85e5-56c4317fa7b4"
        ],
        "x-ms-ratelimit-remaining-subscription-deletes": [
          "14998"
        ],
        "x-ms-correlation-request-id": [
          "02c85216-70df-495a-865b-07dcccff0749"
        ],
        "x-ms-routing-request-id": [
          "WESTUS2:20180616T005645Z:02c85216-70df-495a-865b-07dcccff0749"
        ],
        "Strict-Transport-Security": [
          "max-age=31536000; includeSubDomains"
        ],
        "X-Content-Type-Options": [
          "nosniff"
        ],
        "Cache-Control": [
          "no-cache"
        ],
        "Date": [
          "Sat, 16 Jun 2018 00:56:44 GMT"
        ],
        "Retry-After": [
          "0"
        ]
      },
      "StatusCode": 200
    },
    {
      "RequestUri": "/subscriptions/d0610b27-9663-4c05-89f8-5b4be01e86a5/providers/Microsoft.Authorization/policydefinitions/ps6781?api-version=2018-03-01",
      "EncodedRequestUri": "L3N1YnNjcmlwdGlvbnMvZDA2MTBiMjctOTY2My00YzA1LTg5ZjgtNWI0YmUwMWU4NmE1L3Byb3ZpZGVycy9NaWNyb3NvZnQuQXV0aG9yaXphdGlvbi9wb2xpY3lkZWZpbml0aW9ucy9wczY3ODE/YXBpLXZlcnNpb249MjAxOC0wMy0wMQ==",
      "RequestMethod": "DELETE",
      "RequestBody": "",
      "RequestHeaders": {
        "User-Agent": [
          "AzurePowershell/v6.2.1",
          "PSVersion/v5.1.16299.431"
        ],
        "ParameterSetName": [
          "NameParameterSet"
        ],
        "CommandName": [
          "Remove-AzureRmPolicyDefinition"
        ]
      },
      "ResponseBody": "{\r\n  \"properties\": {\r\n    \"policyType\": \"Custom\",\r\n    \"mode\": \"All\",\r\n    \"description\": \"Unit test junk: sorry for littering. Please delete me!\",\r\n    \"parameters\": {\r\n      \"listOfAllowedLocations\": {\r\n        \"type\": \"Array\",\r\n        \"metadata\": {\r\n          \"description\": \"An array of permitted locations for resources.\",\r\n          \"strongType\": \"location\",\r\n          \"displayName\": \"List of locations\"\r\n        }\r\n      }\r\n    },\r\n    \"policyRule\": {\r\n      \"if\": {\r\n        \"not\": {\r\n          \"field\": \"location\",\r\n          \"in\": \"[parameters('listOfAllowedLocations')]\"\r\n        }\r\n      },\r\n      \"then\": {\r\n        \"effect\": \"deny\"\r\n      }\r\n    }\r\n  },\r\n  \"id\": \"/subscriptions/d0610b27-9663-4c05-89f8-5b4be01e86a5/providers/Microsoft.Authorization/policyDefinitions/ps6781\",\r\n  \"type\": \"Microsoft.Authorization/policyDefinitions\",\r\n  \"name\": \"ps6781\"\r\n}",
      "ResponseHeaders": {
        "Content-Length": [
          "618"
        ],
        "Content-Type": [
          "application/json; charset=utf-8"
        ],
        "Expires": [
          "-1"
        ],
        "Pragma": [
          "no-cache"
        ],
        "Vary": [
          "Accept-Encoding"
        ],
        "x-ms-request-id": [
          "westus2:a2a59bd2-3a30-4bba-9bb4-9abb6325727c"
        ],
        "x-ms-ratelimit-remaining-subscription-deletes": [
          "14998"
        ],
        "x-ms-correlation-request-id": [
          "65059a93-898f-4b6a-8fd9-a7d1b66fbe6d"
        ],
        "x-ms-routing-request-id": [
          "WESTUS2:20180616T005645Z:65059a93-898f-4b6a-8fd9-a7d1b66fbe6d"
        ],
        "Strict-Transport-Security": [
          "max-age=31536000; includeSubDomains"
        ],
        "X-Content-Type-Options": [
          "nosniff"
        ],
        "Cache-Control": [
          "no-cache"
        ],
        "Date": [
          "Sat, 16 Jun 2018 00:56:45 GMT"
        ],
        "Retry-After": [
          "0"
        ]
      },
      "StatusCode": 200
    },
    {
      "RequestUri": "/subscriptions/d0610b27-9663-4c05-89f8-5b4be01e86a5/resourcegroups/ps7866?api-version=2017-05-10",
      "EncodedRequestUri": "L3N1YnNjcmlwdGlvbnMvZDA2MTBiMjctOTY2My00YzA1LTg5ZjgtNWI0YmUwMWU4NmE1L3Jlc291cmNlZ3JvdXBzL3BzNzg2Nj9hcGktdmVyc2lvbj0yMDE3LTA1LTEw",
      "RequestMethod": "DELETE",
      "RequestBody": "",
      "RequestHeaders": {
        "x-ms-client-request-id": [
          "b08ccce4-6eae-4bba-ac4e-f21b45b86285"
        ],
        "accept-language": [
          "en-US"
        ],
        "User-Agent": [
          "FxVersion/4.7.2650.0",
          "OSName/Windows10Enterprise",
          "OSVersion/6.3.16299",
          "Microsoft.Azure.Management.ResourceManager.ResourceManagementClient/1.6.0.0"
        ]
      },
      "ResponseBody": "",
      "ResponseHeaders": {
        "Content-Length": [
          "0"
        ],
        "Expires": [
          "-1"
        ],
        "Pragma": [
          "no-cache"
        ],
        "Retry-After": [
          "0"
        ],
        "x-ms-ratelimit-remaining-subscription-deletes": [
          "14998"
        ],
        "x-ms-request-id": [
          "7f404199-9532-4b43-83a8-7b1376374f07"
        ],
        "x-ms-correlation-request-id": [
          "7f404199-9532-4b43-83a8-7b1376374f07"
        ],
        "x-ms-routing-request-id": [
          "WESTUS2:20180616T005646Z:7f404199-9532-4b43-83a8-7b1376374f07"
        ],
        "Strict-Transport-Security": [
          "max-age=31536000; includeSubDomains"
        ],
        "X-Content-Type-Options": [
          "nosniff"
        ],
        "Cache-Control": [
          "no-cache"
        ],
        "Date": [
          "Sat, 16 Jun 2018 00:56:45 GMT"
        ],
        "Location": [
          "https://management.azure.com/subscriptions/d0610b27-9663-4c05-89f8-5b4be01e86a5/operationresults/eyJqb2JJZCI6IlJFU09VUkNFR1JPVVBERUxFVElPTkpPQi1QUzc4NjYtV0VTVFVTIiwiam9iTG9jYXRpb24iOiJ3ZXN0dXMifQ?api-version=2017-05-10"
        ]
      },
      "StatusCode": 202
    },
    {
      "RequestUri": "/subscriptions/d0610b27-9663-4c05-89f8-5b4be01e86a5/operationresults/eyJqb2JJZCI6IlJFU09VUkNFR1JPVVBERUxFVElPTkpPQi1QUzc4NjYtV0VTVFVTIiwiam9iTG9jYXRpb24iOiJ3ZXN0dXMifQ?api-version=2017-05-10",
      "EncodedRequestUri": "L3N1YnNjcmlwdGlvbnMvZDA2MTBiMjctOTY2My00YzA1LTg5ZjgtNWI0YmUwMWU4NmE1L29wZXJhdGlvbnJlc3VsdHMvZXlKcWIySkpaQ0k2SWxKRlUwOVZVa05GUjFKUFZWQkVSVXhGVkVsUFRrcFBRaTFRVXpjNE5qWXRWMFZUVkZWVElpd2lhbTlpVEc5allYUnBiMjRpT2lKM1pYTjBkWE1pZlE/YXBpLXZlcnNpb249MjAxNy0wNS0xMA==",
      "RequestMethod": "GET",
      "RequestBody": "",
      "RequestHeaders": {
        "User-Agent": [
          "FxVersion/4.7.2650.0",
          "OSName/Windows10Enterprise",
          "OSVersion/6.3.16299",
          "Microsoft.Azure.Management.ResourceManager.ResourceManagementClient/1.6.0.0"
        ]
      },
      "ResponseBody": "",
      "ResponseHeaders": {
        "Content-Length": [
          "0"
        ],
        "Expires": [
          "-1"
        ],
        "Pragma": [
          "no-cache"
        ],
        "Retry-After": [
          "0"
        ],
        "x-ms-ratelimit-remaining-subscription-reads": [
          "14992"
        ],
        "x-ms-request-id": [
          "90d6787d-adf7-4968-89eb-472b46786c57"
        ],
        "x-ms-correlation-request-id": [
          "90d6787d-adf7-4968-89eb-472b46786c57"
        ],
        "x-ms-routing-request-id": [
          "WESTUS2:20180616T005701Z:90d6787d-adf7-4968-89eb-472b46786c57"
        ],
        "Strict-Transport-Security": [
          "max-age=31536000; includeSubDomains"
        ],
        "X-Content-Type-Options": [
          "nosniff"
        ],
        "Cache-Control": [
          "no-cache"
        ],
        "Date": [
          "Sat, 16 Jun 2018 00:57:01 GMT"
        ],
        "Location": [
          "https://management.azure.com/subscriptions/d0610b27-9663-4c05-89f8-5b4be01e86a5/operationresults/eyJqb2JJZCI6IlJFU09VUkNFR1JPVVBERUxFVElPTkpPQi1QUzc4NjYtV0VTVFVTIiwiam9iTG9jYXRpb24iOiJ3ZXN0dXMifQ?api-version=2017-05-10"
        ]
      },
      "StatusCode": 202
    },
    {
      "RequestUri": "/subscriptions/d0610b27-9663-4c05-89f8-5b4be01e86a5/operationresults/eyJqb2JJZCI6IlJFU09VUkNFR1JPVVBERUxFVElPTkpPQi1QUzc4NjYtV0VTVFVTIiwiam9iTG9jYXRpb24iOiJ3ZXN0dXMifQ?api-version=2017-05-10",
      "EncodedRequestUri": "L3N1YnNjcmlwdGlvbnMvZDA2MTBiMjctOTY2My00YzA1LTg5ZjgtNWI0YmUwMWU4NmE1L29wZXJhdGlvbnJlc3VsdHMvZXlKcWIySkpaQ0k2SWxKRlUwOVZVa05GUjFKUFZWQkVSVXhGVkVsUFRrcFBRaTFRVXpjNE5qWXRWMFZUVkZWVElpd2lhbTlpVEc5allYUnBiMjRpT2lKM1pYTjBkWE1pZlE/YXBpLXZlcnNpb249MjAxNy0wNS0xMA==",
      "RequestMethod": "GET",
      "RequestBody": "",
      "RequestHeaders": {
        "User-Agent": [
          "FxVersion/4.7.2650.0",
          "OSName/Windows10Enterprise",
          "OSVersion/6.3.16299",
          "Microsoft.Azure.Management.ResourceManager.ResourceManagementClient/1.6.0.0"
        ]
      },
      "ResponseBody": "",
      "ResponseHeaders": {
        "Content-Length": [
          "0"
        ],
        "Expires": [
          "-1"
        ],
        "Pragma": [
          "no-cache"
        ],
        "Retry-After": [
          "0"
        ],
        "x-ms-ratelimit-remaining-subscription-reads": [
          "14991"
        ],
        "x-ms-request-id": [
          "c40350d9-a648-415b-b22d-30fb10023d24"
        ],
        "x-ms-correlation-request-id": [
          "c40350d9-a648-415b-b22d-30fb10023d24"
        ],
        "x-ms-routing-request-id": [
          "WESTUS2:20180616T005716Z:c40350d9-a648-415b-b22d-30fb10023d24"
        ],
        "Strict-Transport-Security": [
          "max-age=31536000; includeSubDomains"
        ],
        "X-Content-Type-Options": [
          "nosniff"
        ],
        "Cache-Control": [
          "no-cache"
        ],
        "Date": [
          "Sat, 16 Jun 2018 00:57:16 GMT"
        ],
        "Location": [
          "https://management.azure.com/subscriptions/d0610b27-9663-4c05-89f8-5b4be01e86a5/operationresults/eyJqb2JJZCI6IlJFU09VUkNFR1JPVVBERUxFVElPTkpPQi1QUzc4NjYtV0VTVFVTIiwiam9iTG9jYXRpb24iOiJ3ZXN0dXMifQ?api-version=2017-05-10"
        ]
      },
      "StatusCode": 202
    },
    {
      "RequestUri": "/subscriptions/d0610b27-9663-4c05-89f8-5b4be01e86a5/operationresults/eyJqb2JJZCI6IlJFU09VUkNFR1JPVVBERUxFVElPTkpPQi1QUzc4NjYtV0VTVFVTIiwiam9iTG9jYXRpb24iOiJ3ZXN0dXMifQ?api-version=2017-05-10",
      "EncodedRequestUri": "L3N1YnNjcmlwdGlvbnMvZDA2MTBiMjctOTY2My00YzA1LTg5ZjgtNWI0YmUwMWU4NmE1L29wZXJhdGlvbnJlc3VsdHMvZXlKcWIySkpaQ0k2SWxKRlUwOVZVa05GUjFKUFZWQkVSVXhGVkVsUFRrcFBRaTFRVXpjNE5qWXRWMFZUVkZWVElpd2lhbTlpVEc5allYUnBiMjRpT2lKM1pYTjBkWE1pZlE/YXBpLXZlcnNpb249MjAxNy0wNS0xMA==",
      "RequestMethod": "GET",
      "RequestBody": "",
      "RequestHeaders": {
        "User-Agent": [
          "FxVersion/4.7.2650.0",
          "OSName/Windows10Enterprise",
          "OSVersion/6.3.16299",
          "Microsoft.Azure.Management.ResourceManager.ResourceManagementClient/1.6.0.0"
        ]
      },
      "ResponseBody": "",
      "ResponseHeaders": {
        "Content-Length": [
          "0"
        ],
        "Expires": [
          "-1"
        ],
        "Pragma": [
          "no-cache"
        ],
        "x-ms-ratelimit-remaining-subscription-reads": [
          "14990"
        ],
        "x-ms-request-id": [
          "f033970d-2106-4557-b048-23e1d393f33b"
        ],
        "x-ms-correlation-request-id": [
          "f033970d-2106-4557-b048-23e1d393f33b"
        ],
        "x-ms-routing-request-id": [
          "WESTUS2:20180616T005731Z:f033970d-2106-4557-b048-23e1d393f33b"
        ],
        "Strict-Transport-Security": [
          "max-age=31536000; includeSubDomains"
        ],
        "X-Content-Type-Options": [
          "nosniff"
        ],
        "Cache-Control": [
          "no-cache"
        ],
        "Date": [
          "Sat, 16 Jun 2018 00:57:30 GMT"
        ],
        "Retry-After": [
          "0"
        ]
      },
      "StatusCode": 200
    },
    {
      "RequestUri": "/subscriptions/d0610b27-9663-4c05-89f8-5b4be01e86a5/operationresults/eyJqb2JJZCI6IlJFU09VUkNFR1JPVVBERUxFVElPTkpPQi1QUzc4NjYtV0VTVFVTIiwiam9iTG9jYXRpb24iOiJ3ZXN0dXMifQ?api-version=2017-05-10",
      "EncodedRequestUri": "L3N1YnNjcmlwdGlvbnMvZDA2MTBiMjctOTY2My00YzA1LTg5ZjgtNWI0YmUwMWU4NmE1L29wZXJhdGlvbnJlc3VsdHMvZXlKcWIySkpaQ0k2SWxKRlUwOVZVa05GUjFKUFZWQkVSVXhGVkVsUFRrcFBRaTFRVXpjNE5qWXRWMFZUVkZWVElpd2lhbTlpVEc5allYUnBiMjRpT2lKM1pYTjBkWE1pZlE/YXBpLXZlcnNpb249MjAxNy0wNS0xMA==",
      "RequestMethod": "GET",
      "RequestBody": "",
      "RequestHeaders": {
        "User-Agent": [
          "FxVersion/4.7.2650.0",
          "OSName/Windows10Enterprise",
          "OSVersion/6.3.16299",
          "Microsoft.Azure.Management.ResourceManager.ResourceManagementClient/1.6.0.0"
        ]
      },
      "ResponseBody": "",
      "ResponseHeaders": {
        "Content-Length": [
          "0"
        ],
        "Expires": [
          "-1"
        ],
        "Pragma": [
          "no-cache"
        ],
        "x-ms-ratelimit-remaining-subscription-reads": [
          "14989"
        ],
        "x-ms-request-id": [
          "19ede080-535e-4212-9f9f-563828d49029"
        ],
        "x-ms-correlation-request-id": [
          "19ede080-535e-4212-9f9f-563828d49029"
        ],
        "x-ms-routing-request-id": [
          "WESTUS2:20180616T005731Z:19ede080-535e-4212-9f9f-563828d49029"
        ],
        "Strict-Transport-Security": [
          "max-age=31536000; includeSubDomains"
        ],
        "X-Content-Type-Options": [
          "nosniff"
        ],
        "Cache-Control": [
          "no-cache"
        ],
        "Date": [
          "Sat, 16 Jun 2018 00:57:31 GMT"
        ],
        "Retry-After": [
          "0"
        ]
      },
      "StatusCode": 200
    }
  ],
  "Names": {
    "Test-PolicyAssignmentWithParameters": [
      "ps7866",
      "ps6781"
    ]
  },
  "Variables": {
    "SubscriptionId": "d0610b27-9663-4c05-89f8-5b4be01e86a5",
    "TenantId": "72f988bf-86f1-41af-91ab-2d7cd011db47",
    "Domain": ""
  }
}