{
  "Entries": [
    {
      "RequestUri": "/subscriptions/18ba8369-92e4-4d70-8b1e-937660bde798/resourceGroups/MNCRG/providers/Microsoft.ManagedNetwork/managedNetworks/PowershellTestMNforPolicy?api-version=2019-06-01-preview",
      "EncodedRequestUri": "L3N1YnNjcmlwdGlvbnMvMThiYTgzNjktOTJlNC00ZDcwLThiMWUtOTM3NjYwYmRlNzk4L3Jlc291cmNlR3JvdXBzL01OQ1JHL3Byb3ZpZGVycy9NaWNyb3NvZnQuTWFuYWdlZE5ldHdvcmsvbWFuYWdlZE5ldHdvcmtzL1Bvd2Vyc2hlbGxUZXN0TU5mb3JQb2xpY3k/YXBpLXZlcnNpb249MjAxOS0wNi0wMS1wcmV2aWV3",
      "RequestMethod": "GET",
      "RequestBody": "",
      "RequestHeaders": {
        "x-ms-client-request-id": [
          "7455f4b1-e9b9-4ac4-a7c3-747d4925b7ac"
        ],
        "Accept-Language": [
          "en-US"
        ],
        "User-Agent": [
          "FxVersion/4.6.27817.01",
          "OSName/Windows",
          "OSVersion/Microsoft.Windows.10.0.18362.",
          "Microsoft.Azure.Management.ManagedNetwork.ManagedNetworkManagementClient/1.0.1.0"
        ]
      },
      "ResponseHeaders": {
        "Cache-Control": [
          "no-cache"
        ],
        "Pragma": [
          "no-cache"
        ],
        "x-ms-ratelimit-remaining-subscription-reads": [
          "11999"
        ],
        "Strict-Transport-Security": [
          "max-age=31536000; includeSubDomains"
        ],
        "Server": [
          "Kestrel"
        ],
        "x-ms-request-id": [
          "3827a5b1-350c-4a25-92df-36d0e0122f64"
        ],
        "x-ms-correlation-request-id": [
          "3827a5b1-350c-4a25-92df-36d0e0122f64"
        ],
        "x-ms-routing-request-id": [
          "WESTUS:20191008T224150Z:3827a5b1-350c-4a25-92df-36d0e0122f64"
        ],
        "X-Content-Type-Options": [
          "nosniff"
        ],
        "Date": [
          "Tue, 08 Oct 2019 22:41:50 GMT"
        ],
        "Content-Length": [
          "4440"
        ],
        "Content-Type": [
          "application/json; charset=utf-8"
        ],
        "Expires": [
          "-1"
        ]
      },
      "ResponseBody": "{\r\n  \"id\": \"subscriptions/18ba8369-92e4-4d70-8b1e-937660bde798/resourceGroups/MNCRG/providers/Microsoft.ManagedNetwork/managedNetworks/PowershellTestMNforPolicy\",\r\n  \"name\": \"PowershellTestMNforPolicy\",\r\n  \"type\": \"Microsoft.ManagedNetwork/managedNetworks\",\r\n  \"location\": \"West US 2\",\r\n  \"apiVersion\": \"\",\r\n  \"tags\": {},\r\n  \"resourceGuid\": \"759aea2c-a218-4d85-bcf5-9da1ec4344f2\",\r\n  \"provisioningState\": 0,\r\n  \"properties\": {\r\n    \"scope\": {\r\n      \"virtualNetworks\": [\r\n        {\r\n          \"id\": \"subscriptions/18ba8369-92e4-4d70-8b1e-937660bde798/resourceGroups/MNC-Portal/providers/Microsoft.Network/virtualNetworks/Spoke11\"\r\n        },\r\n        {\r\n          \"id\": \"subscriptions/18ba8369-92e4-4d70-8b1e-937660bde798/resourceGroups/MNC-Portal/providers/Microsoft.Network/virtualNetworks/Spoke12\"\r\n        },\r\n        {\r\n          \"id\": \"subscriptions/18ba8369-92e4-4d70-8b1e-937660bde798/resourceGroups/MNC-Portal/providers/Microsoft.Network/virtualNetworks/Hub\"\r\n        },\r\n        {\r\n          \"id\": \"subscriptions/18ba8369-92e4-4d70-8b1e-937660bde798/resourceGroups/MNC-Portal/providers/Microsoft.Network/virtualNetworks/Spoke4\"\r\n        },\r\n        {\r\n          \"id\": \"subscriptions/18ba8369-92e4-4d70-8b1e-937660bde798/resourceGroups/MNC-Portal/providers/Microsoft.Network/virtualNetworks/Spoke5\"\r\n        },\r\n        {\r\n          \"id\": \"subscriptions/18ba8369-92e4-4d70-8b1e-937660bde798/resourceGroups/MNC-Portal/providers/Microsoft.Network/virtualNetworks/Spoke6\"\r\n        }\r\n      ],\r\n      \"managementGroups\": [],\r\n      \"subscriptions\": [],\r\n      \"subNets\": []\r\n    },\r\n    \"connectivity\": {\r\n      \"peerings\": [\r\n        {\r\n          \"id\": \"subscriptions/18ba8369-92e4-4d70-8b1e-937660bde798/resourceGroups/MNCRG/providers/Microsoft.ManagedNetwork/managedNetworks/PowershellTestMNforPolicy/managedNetworkPeeringPolicies/TestPolicyHubSpoke\",\r\n          \"name\": \"TestPolicyHubSpoke\",\r\n          \"type\": \"Microsoft.ManagedNetwork/managedNetworkPeeringPolicies\",\r\n          \"location\": \"West US 2\",\r\n          \"apiVersion\": \"\",\r\n          \"tags\": {},\r\n          \"resourceGuid\": \"7144136a-fa26-4ee6-ab53-2ceaa8c1fd5b\",\r\n          \"provisioningState\": 0,\r\n          \"properties\": {\r\n            \"type\": 1,\r\n            \"hub\": {\r\n              \"id\": \"subscriptions/18ba8369-92e4-4d70-8b1e-937660bde798/resourceGroups/MNC-Portal/providers/Microsoft.Network/virtualNetworks/Hub\"\r\n            },\r\n            \"spokes\": [\r\n              {\r\n                \"id\": \"subscriptions/18ba8369-92e4-4d70-8b1e-937660bde798/resourceGroups/MNCRG/providers/Microsoft.ManagedNetwork/managedNetworks/PowershellTestMNforPolicy/managedNetworkGroups/TestGroup\"\r\n              }\r\n            ],\r\n            \"mesh\": []\r\n          }\r\n        },\r\n        {\r\n          \"id\": \"subscriptions/18ba8369-92e4-4d70-8b1e-937660bde798/resourceGroups/MNCRG/providers/Microsoft.ManagedNetwork/managedNetworks/PowershellTestMNforPolicy/managedNetworkPeeringPolicies/TestPolicyMesh\",\r\n          \"name\": \"TestPolicyMesh\",\r\n          \"type\": \"Microsoft.ManagedNetwork/managedNetworkPeeringPolicies\",\r\n          \"location\": \"West US 2\",\r\n          \"apiVersion\": \"\",\r\n          \"tags\": {},\r\n          \"resourceGuid\": \"46181b50-4208-4fa3-9a59-ed973042db86\",\r\n          \"provisioningState\": 0,\r\n          \"properties\": {\r\n            \"type\": 2,\r\n            \"hub\": null,\r\n            \"spokes\": [],\r\n            \"mesh\": [\r\n              {\r\n                \"id\": \"subscriptions/18ba8369-92e4-4d70-8b1e-937660bde798/resourceGroups/MNCRG/providers/Microsoft.ManagedNetwork/managedNetworks/PowershellTestMNforPolicy/managedNetworkGroups/TestGroupMesh\"\r\n              }\r\n            ]\r\n          }\r\n        }\r\n      ],\r\n      \"groups\": [\r\n        {\r\n          \"id\": \"subscriptions/18ba8369-92e4-4d70-8b1e-937660bde798/resourceGroups/MNCRG/providers/Microsoft.ManagedNetwork/managedNetworks/PowershellTestMNforPolicy/managedNetworkGroups/TestGroup\",\r\n          \"name\": \"TestGroup\",\r\n          \"type\": \"Microsoft.ManagedNetwork/managedNetworkGroups\",\r\n          \"location\": \"West US 2\",\r\n          \"apiVersion\": \"\",\r\n          \"tags\": {},\r\n          \"resourceGuid\": \"4f3dbd83-121d-491d-bf8a-aa528346ab18\",\r\n          \"provisioningState\": 0,\r\n          \"properties\": {\r\n            \"virtualNetworks\": [\r\n              {\r\n                \"id\": \"subscriptions/18ba8369-92e4-4d70-8b1e-937660bde798/resourceGroups/MNC-Portal/providers/Microsoft.Network/virtualNetworks/Spoke11\"\r\n              },\r\n              {\r\n                \"id\": \"subscriptions/18ba8369-92e4-4d70-8b1e-937660bde798/resourceGroups/MNC-Portal/providers/Microsoft.Network/virtualNetworks/Spoke12\"\r\n              }\r\n            ],\r\n            \"managementGroups\": [],\r\n            \"subscriptions\": [],\r\n            \"subNets\": []\r\n          }\r\n        },\r\n        {\r\n          \"id\": \"subscriptions/18ba8369-92e4-4d70-8b1e-937660bde798/resourceGroups/MNCRG/providers/Microsoft.ManagedNetwork/managedNetworks/PowershellTestMNforPolicy/managedNetworkGroups/TestGroupMesh\",\r\n          \"name\": \"TestGroupMesh\",\r\n          \"type\": \"Microsoft.ManagedNetwork/managedNetworkGroups\",\r\n          \"location\": \"West US 2\",\r\n          \"apiVersion\": \"\",\r\n          \"tags\": {},\r\n          \"resourceGuid\": \"33e34964-953b-4480-a2a1-bfc3f493ee77\",\r\n          \"provisioningState\": 0,\r\n          \"properties\": {\r\n            \"virtualNetworks\": [\r\n              {\r\n                \"id\": \"subscriptions/18ba8369-92e4-4d70-8b1e-937660bde798/resourceGroups/MNC-Portal/providers/Microsoft.Network/virtualNetworks/Spoke4\"\r\n              },\r\n              {\r\n                \"id\": \"subscriptions/18ba8369-92e4-4d70-8b1e-937660bde798/resourceGroups/MNC-Portal/providers/Microsoft.Network/virtualNetworks/Spoke5\"\r\n              },\r\n              {\r\n                \"id\": \"subscriptions/18ba8369-92e4-4d70-8b1e-937660bde798/resourceGroups/MNC-Portal/providers/Microsoft.Network/virtualNetworks/Spoke6\"\r\n              }\r\n            ],\r\n            \"managementGroups\": [],\r\n            \"subscriptions\": [],\r\n            \"subNets\": []\r\n          }\r\n        }\r\n      ]\r\n    }\r\n  }\r\n}",
      "StatusCode": 200
    },
    {
      "RequestUri": "/subscriptions/18ba8369-92e4-4d70-8b1e-937660bde798/resourceGroups/MNCRG/providers/Microsoft.ManagedNetwork/managedNetworks/PowershellTestMNforPolicy?api-version=2019-06-01-preview",
      "EncodedRequestUri": "L3N1YnNjcmlwdGlvbnMvMThiYTgzNjktOTJlNC00ZDcwLThiMWUtOTM3NjYwYmRlNzk4L3Jlc291cmNlR3JvdXBzL01OQ1JHL3Byb3ZpZGVycy9NaWNyb3NvZnQuTWFuYWdlZE5ldHdvcmsvbWFuYWdlZE5ldHdvcmtzL1Bvd2Vyc2hlbGxUZXN0TU5mb3JQb2xpY3k/YXBpLXZlcnNpb249MjAxOS0wNi0wMS1wcmV2aWV3",
      "RequestMethod": "GET",
      "RequestBody": "",
      "RequestHeaders": {
        "x-ms-client-request-id": [
          "5b491c90-5ce6-479c-98a6-b2b6070bcbd9"
        ],
        "Accept-Language": [
          "en-US"
        ],
        "User-Agent": [
          "FxVersion/4.6.27817.01",
          "OSName/Windows",
          "OSVersion/Microsoft.Windows.10.0.18362.",
          "Microsoft.Azure.Management.ManagedNetwork.ManagedNetworkManagementClient/1.0.1.0"
        ]
      },
      "ResponseHeaders": {
        "Cache-Control": [
          "no-cache"
        ],
        "Pragma": [
          "no-cache"
        ],
        "x-ms-ratelimit-remaining-subscription-reads": [
          "11998"
        ],
        "Strict-Transport-Security": [
          "max-age=31536000; includeSubDomains"
        ],
        "Server": [
          "Kestrel"
        ],
        "x-ms-request-id": [
          "afca048d-1c9e-4238-afcf-30ec62f14b7c"
        ],
        "x-ms-correlation-request-id": [
          "afca048d-1c9e-4238-afcf-30ec62f14b7c"
        ],
        "x-ms-routing-request-id": [
          "WESTUS:20191008T224151Z:afca048d-1c9e-4238-afcf-30ec62f14b7c"
        ],
        "X-Content-Type-Options": [
          "nosniff"
        ],
        "Date": [
          "Tue, 08 Oct 2019 22:41:51 GMT"
        ],
        "Content-Length": [
          "1330"
        ],
        "Content-Type": [
          "application/json; charset=utf-8"
        ],
        "Expires": [
          "-1"
        ]
      },
      "ResponseBody": "{\r\n  \"id\": \"subscriptions/18ba8369-92e4-4d70-8b1e-937660bde798/resourceGroups/MNCRG/providers/Microsoft.ManagedNetwork/managedNetworks/PowershellTestMNforPolicy\",\r\n  \"name\": \"PowershellTestMNforPolicy\",\r\n  \"type\": \"Microsoft.ManagedNetwork/managedNetworks\",\r\n  \"location\": \"West US 2\",\r\n  \"apiVersion\": \"\",\r\n  \"tags\": {},\r\n  \"resourceGuid\": \"759aea2c-a218-4d85-bcf5-9da1ec4344f2\",\r\n  \"provisioningState\": 0,\r\n  \"properties\": {\r\n    \"scope\": {\r\n      \"virtualNetworks\": [\r\n        {\r\n          \"id\": \"subscriptions/18ba8369-92e4-4d70-8b1e-937660bde798/resourceGroups/MNC-Portal/providers/Microsoft.Network/virtualNetworks/Spoke11\"\r\n        },\r\n        {\r\n          \"id\": \"subscriptions/18ba8369-92e4-4d70-8b1e-937660bde798/resourceGroups/MNC-Portal/providers/Microsoft.Network/virtualNetworks/Spoke12\"\r\n        },\r\n        {\r\n          \"id\": \"subscriptions/18ba8369-92e4-4d70-8b1e-937660bde798/resourceGroups/MNC-Portal/providers/Microsoft.Network/virtualNetworks/Hub\"\r\n        },\r\n        {\r\n          \"id\": \"subscriptions/18ba8369-92e4-4d70-8b1e-937660bde798/resourceGroups/MNC-Portal/providers/Microsoft.Network/virtualNetworks/Spoke4\"\r\n        },\r\n        {\r\n          \"id\": \"subscriptions/18ba8369-92e4-4d70-8b1e-937660bde798/resourceGroups/MNC-Portal/providers/Microsoft.Network/virtualNetworks/Spoke5\"\r\n        },\r\n        {\r\n          \"id\": \"subscriptions/18ba8369-92e4-4d70-8b1e-937660bde798/resourceGroups/MNC-Portal/providers/Microsoft.Network/virtualNetworks/Spoke6\"\r\n        }\r\n      ],\r\n      \"managementGroups\": [],\r\n      \"subscriptions\": [],\r\n      \"subNets\": []\r\n    },\r\n    \"connectivity\": {\r\n      \"peerings\": [],\r\n      \"groups\": []\r\n    }\r\n  }\r\n}",
      "StatusCode": 200
    },
    {
      "RequestUri": "/subscriptions/18ba8369-92e4-4d70-8b1e-937660bde798/resourceGroups/MNCRG/providers/Microsoft.ManagedNetwork/managedNetworks/PowershellTestMNforPolicy?api-version=2019-06-01-preview",
      "EncodedRequestUri": "L3N1YnNjcmlwdGlvbnMvMThiYTgzNjktOTJlNC00ZDcwLThiMWUtOTM3NjYwYmRlNzk4L3Jlc291cmNlR3JvdXBzL01OQ1JHL3Byb3ZpZGVycy9NaWNyb3NvZnQuTWFuYWdlZE5ldHdvcmsvbWFuYWdlZE5ldHdvcmtzL1Bvd2Vyc2hlbGxUZXN0TU5mb3JQb2xpY3k/YXBpLXZlcnNpb249MjAxOS0wNi0wMS1wcmV2aWV3",
      "RequestMethod": "PUT",
      "RequestBody": "{\r\n  \"properties\": {\r\n    \"scope\": {\r\n      \"managementGroups\": [],\r\n      \"subscriptions\": [],\r\n      \"virtualNetworks\": [\r\n        {\r\n          \"id\": \"subscriptions/18ba8369-92e4-4d70-8b1e-937660bde798/resourceGroups/MNC-Portal/providers/Microsoft.Network/virtualNetworks/Spoke11\"\r\n        },\r\n        {\r\n          \"id\": \"subscriptions/18ba8369-92e4-4d70-8b1e-937660bde798/resourceGroups/MNC-Portal/providers/Microsoft.Network/virtualNetworks/Spoke12\"\r\n        },\r\n        {\r\n          \"id\": \"subscriptions/18ba8369-92e4-4d70-8b1e-937660bde798/resourceGroups/MNC-Portal/providers/Microsoft.Network/virtualNetworks/Hub\"\r\n        },\r\n        {\r\n          \"id\": \"subscriptions/18ba8369-92e4-4d70-8b1e-937660bde798/resourceGroups/MNC-Portal/providers/Microsoft.Network/virtualNetworks/Spoke4\"\r\n        },\r\n        {\r\n          \"id\": \"subscriptions/18ba8369-92e4-4d70-8b1e-937660bde798/resourceGroups/MNC-Portal/providers/Microsoft.Network/virtualNetworks/Spoke5\"\r\n        },\r\n        {\r\n          \"id\": \"subscriptions/18ba8369-92e4-4d70-8b1e-937660bde798/resourceGroups/MNC-Portal/providers/Microsoft.Network/virtualNetworks/Spoke6\"\r\n        }\r\n      ],\r\n      \"subnets\": []\r\n    }\r\n  },\r\n  \"tags\": {},\r\n  \"location\": \"West US 2\"\r\n}",
      "RequestHeaders": {
        "x-ms-client-request-id": [
          "90a67381-31e8-4f96-825d-fb04af92f038"
        ],
        "Accept-Language": [
          "en-US"
        ],
        "User-Agent": [
          "FxVersion/4.6.27817.01",
          "OSName/Windows",
          "OSVersion/Microsoft.Windows.10.0.18362.",
          "Microsoft.Azure.Management.ManagedNetwork.ManagedNetworkManagementClient/1.0.1.0"
        ],
        "Content-Type": [
          "application/json; charset=utf-8"
        ],
        "Content-Length": [
          "1230"
        ]
      },
      "ResponseHeaders": {
        "Cache-Control": [
          "no-cache"
        ],
        "Pragma": [
          "no-cache"
        ],
        "x-ms-ratelimit-remaining-subscription-writes": [
          "1199"
        ],
        "Strict-Transport-Security": [
          "max-age=31536000; includeSubDomains"
        ],
        "Server": [
          "Kestrel"
        ],
        "x-ms-request-id": [
          "7b22f241-ec2f-4049-a136-2c494e203c7b"
        ],
        "x-ms-correlation-request-id": [
          "7b22f241-ec2f-4049-a136-2c494e203c7b"
        ],
        "x-ms-routing-request-id": [
          "WESTUS:20191008T224151Z:7b22f241-ec2f-4049-a136-2c494e203c7b"
        ],
        "X-Content-Type-Options": [
          "nosniff"
        ],
        "Date": [
          "Tue, 08 Oct 2019 22:41:51 GMT"
        ],
        "Content-Length": [
          "1294"
        ],
        "Content-Type": [
          "application/json; charset=utf-8"
        ],
        "Expires": [
          "-1"
        ]
      },
      "ResponseBody": "{\r\n  \"id\": \"subscriptions/18ba8369-92e4-4d70-8b1e-937660bde798/resourceGroups/MNCRG/providers/Microsoft.ManagedNetwork/managedNetworks/PowershellTestMNforPolicy\",\r\n  \"name\": \"PowershellTestMNforPolicy\",\r\n  \"type\": \"Microsoft.ManagedNetwork/managedNetworks\",\r\n  \"location\": \"West US 2\",\r\n  \"apiVersion\": \"\",\r\n  \"tags\": {},\r\n  \"resourceGuid\": \"\",\r\n  \"provisioningState\": 0,\r\n  \"properties\": {\r\n    \"scope\": {\r\n      \"virtualNetworks\": [\r\n        {\r\n          \"id\": \"subscriptions/18ba8369-92e4-4d70-8b1e-937660bde798/resourceGroups/MNC-Portal/providers/Microsoft.Network/virtualNetworks/Spoke11\"\r\n        },\r\n        {\r\n          \"id\": \"subscriptions/18ba8369-92e4-4d70-8b1e-937660bde798/resourceGroups/MNC-Portal/providers/Microsoft.Network/virtualNetworks/Spoke12\"\r\n        },\r\n        {\r\n          \"id\": \"subscriptions/18ba8369-92e4-4d70-8b1e-937660bde798/resourceGroups/MNC-Portal/providers/Microsoft.Network/virtualNetworks/Hub\"\r\n        },\r\n        {\r\n          \"id\": \"subscriptions/18ba8369-92e4-4d70-8b1e-937660bde798/resourceGroups/MNC-Portal/providers/Microsoft.Network/virtualNetworks/Spoke4\"\r\n        },\r\n        {\r\n          \"id\": \"subscriptions/18ba8369-92e4-4d70-8b1e-937660bde798/resourceGroups/MNC-Portal/providers/Microsoft.Network/virtualNetworks/Spoke5\"\r\n        },\r\n        {\r\n          \"id\": \"subscriptions/18ba8369-92e4-4d70-8b1e-937660bde798/resourceGroups/MNC-Portal/providers/Microsoft.Network/virtualNetworks/Spoke6\"\r\n        }\r\n      ],\r\n      \"managementGroups\": [],\r\n      \"subscriptions\": [],\r\n      \"subNets\": []\r\n    },\r\n    \"connectivity\": {\r\n      \"peerings\": [],\r\n      \"groups\": []\r\n    }\r\n  }\r\n}",
      "StatusCode": 200
    },
    {
      "RequestUri": "/subscriptions/18ba8369-92e4-4d70-8b1e-937660bde798/resourceGroups/MNCRG/providers/Microsoft.ManagedNetwork/managedNetworks/PowershellTestMNforPolicy/managedNetworkGroups/TestGroup?api-version=2019-06-01-preview",
      "EncodedRequestUri": "L3N1YnNjcmlwdGlvbnMvMThiYTgzNjktOTJlNC00ZDcwLThiMWUtOTM3NjYwYmRlNzk4L3Jlc291cmNlR3JvdXBzL01OQ1JHL3Byb3ZpZGVycy9NaWNyb3NvZnQuTWFuYWdlZE5ldHdvcmsvbWFuYWdlZE5ldHdvcmtzL1Bvd2Vyc2hlbGxUZXN0TU5mb3JQb2xpY3kvbWFuYWdlZE5ldHdvcmtHcm91cHMvVGVzdEdyb3VwP2FwaS12ZXJzaW9uPTIwMTktMDYtMDEtcHJldmlldw==",
      "RequestMethod": "GET",
      "RequestBody": "",
      "RequestHeaders": {
        "x-ms-client-request-id": [
          "0e917ca9-1439-4a65-a39e-a02b8e4b9fb7"
        ],
        "Accept-Language": [
          "en-US"
        ],
        "User-Agent": [
          "FxVersion/4.6.27817.01",
          "OSName/Windows",
          "OSVersion/Microsoft.Windows.10.0.18362.",
          "Microsoft.Azure.Management.ManagedNetwork.ManagedNetworkManagementClient/1.0.1.0"
        ]
      },
      "ResponseHeaders": {
        "Cache-Control": [
          "no-cache"
        ],
        "Pragma": [
          "no-cache"
        ],
        "Strict-Transport-Security": [
          "max-age=31536000; includeSubDomains"
        ],
        "Server": [
          "Kestrel"
        ],
        "x-ms-ratelimit-remaining-subscription-reads": [
          "11997"
        ],
        "x-ms-request-id": [
          "be558622-e9f7-451d-bc86-a4ca39784fe0"
        ],
        "x-ms-correlation-request-id": [
          "be558622-e9f7-451d-bc86-a4ca39784fe0"
        ],
        "x-ms-routing-request-id": [
          "WESTUS:20191008T224152Z:be558622-e9f7-451d-bc86-a4ca39784fe0"
        ],
        "X-Content-Type-Options": [
          "nosniff"
        ],
        "Date": [
          "Tue, 08 Oct 2019 22:41:51 GMT"
        ],
        "Expires": [
          "-1"
        ],
        "Content-Length": [
          "0"
        ]
      },
      "ResponseBody": "",
      "StatusCode": 400
    },
    {
      "RequestUri": "/subscriptions/18ba8369-92e4-4d70-8b1e-937660bde798/resourceGroups/MNCRG/providers/Microsoft.ManagedNetwork/managedNetworks/PowershellTestMNforPolicy/managedNetworkGroups/TestGroup?api-version=2019-06-01-preview",
      "EncodedRequestUri": "L3N1YnNjcmlwdGlvbnMvMThiYTgzNjktOTJlNC00ZDcwLThiMWUtOTM3NjYwYmRlNzk4L3Jlc291cmNlR3JvdXBzL01OQ1JHL3Byb3ZpZGVycy9NaWNyb3NvZnQuTWFuYWdlZE5ldHdvcmsvbWFuYWdlZE5ldHdvcmtzL1Bvd2Vyc2hlbGxUZXN0TU5mb3JQb2xpY3kvbWFuYWdlZE5ldHdvcmtHcm91cHMvVGVzdEdyb3VwP2FwaS12ZXJzaW9uPTIwMTktMDYtMDEtcHJldmlldw==",
      "RequestMethod": "GET",
      "RequestBody": "",
      "RequestHeaders": {
        "x-ms-client-request-id": [
          "76667722-0ae2-4f83-a21d-ad41f58dcd0f"
        ],
        "Accept-Language": [
          "en-US"
        ],
        "User-Agent": [
          "FxVersion/4.6.27817.01",
          "OSName/Windows",
          "OSVersion/Microsoft.Windows.10.0.18362.",
          "Microsoft.Azure.Management.ManagedNetwork.ManagedNetworkManagementClient/1.0.1.0"
        ]
      },
      "ResponseHeaders": {
        "Cache-Control": [
          "no-cache"
        ],
        "Pragma": [
          "no-cache"
        ],
        "x-ms-ratelimit-remaining-subscription-reads": [
          "11996"
        ],
        "Strict-Transport-Security": [
          "max-age=31536000; includeSubDomains"
        ],
        "Server": [
          "Kestrel"
        ],
        "x-ms-request-id": [
          "8606f039-3b3e-446b-b5e8-f1f7a588340a"
        ],
        "x-ms-correlation-request-id": [
          "8606f039-3b3e-446b-b5e8-f1f7a588340a"
        ],
        "x-ms-routing-request-id": [
          "WESTUS:20191008T224153Z:8606f039-3b3e-446b-b5e8-f1f7a588340a"
        ],
        "X-Content-Type-Options": [
          "nosniff"
        ],
        "Date": [
          "Tue, 08 Oct 2019 22:41:52 GMT"
        ],
        "Content-Length": [
          "752"
        ],
        "Content-Type": [
          "application/json; charset=utf-8"
        ],
        "Expires": [
          "-1"
        ]
      },
      "ResponseBody": "{\r\n  \"id\": \"subscriptions/18ba8369-92e4-4d70-8b1e-937660bde798/resourceGroups/MNCRG/providers/Microsoft.ManagedNetwork/managedNetworks/PowershellTestMNforPolicy/managedNetworkGroups/TestGroup\",\r\n  \"name\": \"TestGroup\",\r\n  \"type\": \"Microsoft.ManagedNetwork/managedNetworkGroups\",\r\n  \"location\": \"West US 2\",\r\n  \"apiVersion\": \"\",\r\n  \"tags\": {},\r\n  \"resourceGuid\": \"7ba97999-ff85-4ac8-a66b-09ed2185a490\",\r\n  \"provisioningState\": 0,\r\n  \"properties\": {\r\n    \"virtualNetworks\": [\r\n      {\r\n        \"id\": \"subscriptions/18ba8369-92e4-4d70-8b1e-937660bde798/resourceGroups/MNC-Portal/providers/Microsoft.Network/virtualNetworks/Spoke11\"\r\n      },\r\n      {\r\n        \"id\": \"subscriptions/18ba8369-92e4-4d70-8b1e-937660bde798/resourceGroups/MNC-Portal/providers/Microsoft.Network/virtualNetworks/Spoke12\"\r\n      }\r\n    ],\r\n    \"managementGroups\": [],\r\n    \"subscriptions\": [],\r\n    \"subNets\": []\r\n  }\r\n}",
      "StatusCode": 200
    },
    {
      "RequestUri": "/subscriptions/18ba8369-92e4-4d70-8b1e-937660bde798/resourceGroups/MNCRG/providers/Microsoft.ManagedNetwork/managedNetworks/PowershellTestMNforPolicy/managedNetworkGroups/TestGroup?api-version=2019-06-01-preview",
      "EncodedRequestUri": "L3N1YnNjcmlwdGlvbnMvMThiYTgzNjktOTJlNC00ZDcwLThiMWUtOTM3NjYwYmRlNzk4L3Jlc291cmNlR3JvdXBzL01OQ1JHL3Byb3ZpZGVycy9NaWNyb3NvZnQuTWFuYWdlZE5ldHdvcmsvbWFuYWdlZE5ldHdvcmtzL1Bvd2Vyc2hlbGxUZXN0TU5mb3JQb2xpY3kvbWFuYWdlZE5ldHdvcmtHcm91cHMvVGVzdEdyb3VwP2FwaS12ZXJzaW9uPTIwMTktMDYtMDEtcHJldmlldw==",
      "RequestMethod": "PUT",
      "RequestBody": "{\r\n  \"properties\": {\r\n    \"managementGroups\": [],\r\n    \"subscriptions\": [],\r\n    \"virtualNetworks\": [\r\n      {\r\n        \"id\": \"subscriptions/18ba8369-92e4-4d70-8b1e-937660bde798/resourceGroups/MNC-Portal/providers/Microsoft.Network/virtualNetworks/Spoke11\"\r\n      },\r\n      {\r\n        \"id\": \"subscriptions/18ba8369-92e4-4d70-8b1e-937660bde798/resourceGroups/MNC-Portal/providers/Microsoft.Network/virtualNetworks/Spoke12\"\r\n      }\r\n    ],\r\n    \"subnets\": []\r\n  },\r\n  \"location\": \"West US 2\"\r\n}",
      "RequestHeaders": {
        "x-ms-client-request-id": [
          "d09c18e2-1d9a-4b17-97ee-d2d4a3acdd03"
        ],
        "Accept-Language": [
          "en-US"
        ],
        "User-Agent": [
          "FxVersion/4.6.27817.01",
          "OSName/Windows",
          "OSVersion/Microsoft.Windows.10.0.18362.",
          "Microsoft.Azure.Management.ManagedNetwork.ManagedNetworkManagementClient/1.0.1.0"
        ],
        "Content-Type": [
          "application/json; charset=utf-8"
        ],
        "Content-Length": [
          "493"
        ]
      },
      "ResponseHeaders": {
        "Cache-Control": [
          "no-cache"
        ],
        "Pragma": [
          "no-cache"
        ],
        "x-ms-ratelimit-remaining-subscription-writes": [
          "1198"
        ],
        "Strict-Transport-Security": [
          "max-age=31536000; includeSubDomains"
        ],
        "Server": [
          "Kestrel"
        ],
        "x-ms-request-id": [
          "35051c40-c8ff-4bfb-b54a-7304a79ac4e8"
        ],
        "x-ms-correlation-request-id": [
          "35051c40-c8ff-4bfb-b54a-7304a79ac4e8"
        ],
        "x-ms-routing-request-id": [
          "WESTUS:20191008T224153Z:35051c40-c8ff-4bfb-b54a-7304a79ac4e8"
        ],
        "X-Content-Type-Options": [
          "nosniff"
        ],
        "Date": [
          "Tue, 08 Oct 2019 22:41:52 GMT"
        ],
        "Content-Length": [
          "716"
        ],
        "Content-Type": [
          "application/json; charset=utf-8"
        ],
        "Expires": [
          "-1"
        ]
      },
      "ResponseBody": "{\r\n  \"id\": \"subscriptions/18ba8369-92e4-4d70-8b1e-937660bde798/resourceGroups/MNCRG/providers/Microsoft.ManagedNetwork/managedNetworks/PowershellTestMNforPolicy/managedNetworkGroups/TestGroup\",\r\n  \"name\": \"TestGroup\",\r\n  \"type\": \"Microsoft.ManagedNetwork/managedNetworkGroups\",\r\n  \"location\": \"West US 2\",\r\n  \"apiVersion\": \"\",\r\n  \"tags\": {},\r\n  \"resourceGuid\": \"\",\r\n  \"provisioningState\": 0,\r\n  \"properties\": {\r\n    \"virtualNetworks\": [\r\n      {\r\n        \"id\": \"subscriptions/18ba8369-92e4-4d70-8b1e-937660bde798/resourceGroups/MNC-Portal/providers/Microsoft.Network/virtualNetworks/Spoke11\"\r\n      },\r\n      {\r\n        \"id\": \"subscriptions/18ba8369-92e4-4d70-8b1e-937660bde798/resourceGroups/MNC-Portal/providers/Microsoft.Network/virtualNetworks/Spoke12\"\r\n      }\r\n    ],\r\n    \"managementGroups\": [],\r\n    \"subscriptions\": [],\r\n    \"subNets\": []\r\n  }\r\n}",
      "StatusCode": 200
    },
    {
      "RequestUri": "/subscriptions/18ba8369-92e4-4d70-8b1e-937660bde798/resourceGroups/MNCRG/providers/Microsoft.ManagedNetwork/managedNetworks/PowershellTestMNforPolicy/managedNetworkGroups/TestGroupMesh?api-version=2019-06-01-preview",
      "EncodedRequestUri": "L3N1YnNjcmlwdGlvbnMvMThiYTgzNjktOTJlNC00ZDcwLThiMWUtOTM3NjYwYmRlNzk4L3Jlc291cmNlR3JvdXBzL01OQ1JHL3Byb3ZpZGVycy9NaWNyb3NvZnQuTWFuYWdlZE5ldHdvcmsvbWFuYWdlZE5ldHdvcmtzL1Bvd2Vyc2hlbGxUZXN0TU5mb3JQb2xpY3kvbWFuYWdlZE5ldHdvcmtHcm91cHMvVGVzdEdyb3VwTWVzaD9hcGktdmVyc2lvbj0yMDE5LTA2LTAxLXByZXZpZXc=",
      "RequestMethod": "GET",
      "RequestBody": "",
      "RequestHeaders": {
        "x-ms-client-request-id": [
          "71711f84-c3a4-4aef-bb0f-24501b6d2014"
        ],
        "Accept-Language": [
          "en-US"
        ],
        "User-Agent": [
          "FxVersion/4.6.27817.01",
          "OSName/Windows",
          "OSVersion/Microsoft.Windows.10.0.18362.",
          "Microsoft.Azure.Management.ManagedNetwork.ManagedNetworkManagementClient/1.0.1.0"
        ]
      },
      "ResponseHeaders": {
        "Cache-Control": [
          "no-cache"
        ],
        "Pragma": [
          "no-cache"
        ],
        "Strict-Transport-Security": [
          "max-age=31536000; includeSubDomains"
        ],
        "Server": [
          "Kestrel"
        ],
        "x-ms-ratelimit-remaining-subscription-reads": [
          "11995"
        ],
        "x-ms-request-id": [
          "69f4870f-937c-4c99-98ce-688fe47581c0"
        ],
        "x-ms-correlation-request-id": [
          "69f4870f-937c-4c99-98ce-688fe47581c0"
        ],
        "x-ms-routing-request-id": [
          "WESTUS:20191008T224153Z:69f4870f-937c-4c99-98ce-688fe47581c0"
        ],
        "X-Content-Type-Options": [
          "nosniff"
        ],
        "Date": [
          "Tue, 08 Oct 2019 22:41:53 GMT"
        ],
        "Expires": [
          "-1"
        ],
        "Content-Length": [
          "0"
        ]
      },
      "ResponseBody": "",
      "StatusCode": 400
    },
    {
      "RequestUri": "/subscriptions/18ba8369-92e4-4d70-8b1e-937660bde798/resourceGroups/MNCRG/providers/Microsoft.ManagedNetwork/managedNetworks/PowershellTestMNforPolicy/managedNetworkGroups/TestGroupMesh?api-version=2019-06-01-preview",
      "EncodedRequestUri": "L3N1YnNjcmlwdGlvbnMvMThiYTgzNjktOTJlNC00ZDcwLThiMWUtOTM3NjYwYmRlNzk4L3Jlc291cmNlR3JvdXBzL01OQ1JHL3Byb3ZpZGVycy9NaWNyb3NvZnQuTWFuYWdlZE5ldHdvcmsvbWFuYWdlZE5ldHdvcmtzL1Bvd2Vyc2hlbGxUZXN0TU5mb3JQb2xpY3kvbWFuYWdlZE5ldHdvcmtHcm91cHMvVGVzdEdyb3VwTWVzaD9hcGktdmVyc2lvbj0yMDE5LTA2LTAxLXByZXZpZXc=",
      "RequestMethod": "GET",
      "RequestBody": "",
      "RequestHeaders": {
        "x-ms-client-request-id": [
          "67af255f-8a39-4c85-ae06-e4df70bd1ec4"
        ],
        "Accept-Language": [
          "en-US"
        ],
        "User-Agent": [
          "FxVersion/4.6.27817.01",
          "OSName/Windows",
          "OSVersion/Microsoft.Windows.10.0.18362.",
          "Microsoft.Azure.Management.ManagedNetwork.ManagedNetworkManagementClient/1.0.1.0"
        ]
      },
      "ResponseHeaders": {
        "Cache-Control": [
          "no-cache"
        ],
        "Pragma": [
          "no-cache"
        ],
        "x-ms-ratelimit-remaining-subscription-reads": [
          "11994"
        ],
        "Strict-Transport-Security": [
          "max-age=31536000; includeSubDomains"
        ],
        "Server": [
          "Kestrel"
        ],
        "x-ms-request-id": [
          "a603b328-8a9e-4322-9173-253504fabc25"
        ],
        "x-ms-correlation-request-id": [
          "a603b328-8a9e-4322-9173-253504fabc25"
        ],
        "x-ms-routing-request-id": [
          "WESTUS:20191008T224154Z:a603b328-8a9e-4322-9173-253504fabc25"
        ],
        "X-Content-Type-Options": [
          "nosniff"
        ],
        "Date": [
          "Tue, 08 Oct 2019 22:41:53 GMT"
        ],
        "Content-Length": [
          "895"
        ],
        "Content-Type": [
          "application/json; charset=utf-8"
        ],
        "Expires": [
          "-1"
        ]
      },
      "ResponseBody": "{\r\n  \"id\": \"subscriptions/18ba8369-92e4-4d70-8b1e-937660bde798/resourceGroups/MNCRG/providers/Microsoft.ManagedNetwork/managedNetworks/PowershellTestMNforPolicy/managedNetworkGroups/TestGroupMesh\",\r\n  \"name\": \"TestGroupMesh\",\r\n  \"type\": \"Microsoft.ManagedNetwork/managedNetworkGroups\",\r\n  \"location\": \"West US 2\",\r\n  \"apiVersion\": \"\",\r\n  \"tags\": {},\r\n  \"resourceGuid\": \"669798c4-ffb4-4e73-82d0-45173127c64d\",\r\n  \"provisioningState\": 0,\r\n  \"properties\": {\r\n    \"virtualNetworks\": [\r\n      {\r\n        \"id\": \"subscriptions/18ba8369-92e4-4d70-8b1e-937660bde798/resourceGroups/MNC-Portal/providers/Microsoft.Network/virtualNetworks/Spoke4\"\r\n      },\r\n      {\r\n        \"id\": \"subscriptions/18ba8369-92e4-4d70-8b1e-937660bde798/resourceGroups/MNC-Portal/providers/Microsoft.Network/virtualNetworks/Spoke5\"\r\n      },\r\n      {\r\n        \"id\": \"subscriptions/18ba8369-92e4-4d70-8b1e-937660bde798/resourceGroups/MNC-Portal/providers/Microsoft.Network/virtualNetworks/Spoke6\"\r\n      }\r\n    ],\r\n    \"managementGroups\": [],\r\n    \"subscriptions\": [],\r\n    \"subNets\": []\r\n  }\r\n}",
      "StatusCode": 200
    },
    {
      "RequestUri": "/subscriptions/18ba8369-92e4-4d70-8b1e-937660bde798/resourceGroups/MNCRG/providers/Microsoft.ManagedNetwork/managedNetworks/PowershellTestMNforPolicy/managedNetworkGroups/TestGroupMesh?api-version=2019-06-01-preview",
      "EncodedRequestUri": "L3N1YnNjcmlwdGlvbnMvMThiYTgzNjktOTJlNC00ZDcwLThiMWUtOTM3NjYwYmRlNzk4L3Jlc291cmNlR3JvdXBzL01OQ1JHL3Byb3ZpZGVycy9NaWNyb3NvZnQuTWFuYWdlZE5ldHdvcmsvbWFuYWdlZE5ldHdvcmtzL1Bvd2Vyc2hlbGxUZXN0TU5mb3JQb2xpY3kvbWFuYWdlZE5ldHdvcmtHcm91cHMvVGVzdEdyb3VwTWVzaD9hcGktdmVyc2lvbj0yMDE5LTA2LTAxLXByZXZpZXc=",
      "RequestMethod": "PUT",
      "RequestBody": "{\r\n  \"properties\": {\r\n    \"managementGroups\": [],\r\n    \"subscriptions\": [],\r\n    \"virtualNetworks\": [\r\n      {\r\n        \"id\": \"subscriptions/18ba8369-92e4-4d70-8b1e-937660bde798/resourceGroups/MNC-Portal/providers/Microsoft.Network/virtualNetworks/Spoke4\"\r\n      },\r\n      {\r\n        \"id\": \"subscriptions/18ba8369-92e4-4d70-8b1e-937660bde798/resourceGroups/MNC-Portal/providers/Microsoft.Network/virtualNetworks/Spoke5\"\r\n      },\r\n      {\r\n        \"id\": \"subscriptions/18ba8369-92e4-4d70-8b1e-937660bde798/resourceGroups/MNC-Portal/providers/Microsoft.Network/virtualNetworks/Spoke6\"\r\n      }\r\n    ],\r\n    \"subnets\": []\r\n  },\r\n  \"location\": \"West US 2\"\r\n}",
      "RequestHeaders": {
        "x-ms-client-request-id": [
          "5edd7f83-cd59-47c7-810d-92e2b5202949"
        ],
        "Accept-Language": [
          "en-US"
        ],
        "User-Agent": [
          "FxVersion/4.6.27817.01",
          "OSName/Windows",
          "OSVersion/Microsoft.Windows.10.0.18362.",
          "Microsoft.Azure.Management.ManagedNetwork.ManagedNetworkManagementClient/1.0.1.0"
        ],
        "Content-Type": [
          "application/json; charset=utf-8"
        ],
        "Content-Length": [
          "655"
        ]
      },
      "ResponseHeaders": {
        "Cache-Control": [
          "no-cache"
        ],
        "Pragma": [
          "no-cache"
        ],
        "x-ms-ratelimit-remaining-subscription-writes": [
          "1197"
        ],
        "Strict-Transport-Security": [
          "max-age=31536000; includeSubDomains"
        ],
        "Server": [
          "Kestrel"
        ],
        "x-ms-request-id": [
          "2c6632ca-fa77-4523-8c6b-ca402156bc24"
        ],
        "x-ms-correlation-request-id": [
          "2c6632ca-fa77-4523-8c6b-ca402156bc24"
        ],
        "x-ms-routing-request-id": [
          "WESTUS:20191008T224154Z:2c6632ca-fa77-4523-8c6b-ca402156bc24"
        ],
        "X-Content-Type-Options": [
          "nosniff"
        ],
        "Date": [
          "Tue, 08 Oct 2019 22:41:53 GMT"
        ],
        "Content-Length": [
          "859"
        ],
        "Content-Type": [
          "application/json; charset=utf-8"
        ],
        "Expires": [
          "-1"
        ]
      },
      "ResponseBody": "{\r\n  \"id\": \"subscriptions/18ba8369-92e4-4d70-8b1e-937660bde798/resourceGroups/MNCRG/providers/Microsoft.ManagedNetwork/managedNetworks/PowershellTestMNforPolicy/managedNetworkGroups/TestGroupMesh\",\r\n  \"name\": \"TestGroupMesh\",\r\n  \"type\": \"Microsoft.ManagedNetwork/managedNetworkGroups\",\r\n  \"location\": \"West US 2\",\r\n  \"apiVersion\": \"\",\r\n  \"tags\": {},\r\n  \"resourceGuid\": \"\",\r\n  \"provisioningState\": 0,\r\n  \"properties\": {\r\n    \"virtualNetworks\": [\r\n      {\r\n        \"id\": \"subscriptions/18ba8369-92e4-4d70-8b1e-937660bde798/resourceGroups/MNC-Portal/providers/Microsoft.Network/virtualNetworks/Spoke4\"\r\n      },\r\n      {\r\n        \"id\": \"subscriptions/18ba8369-92e4-4d70-8b1e-937660bde798/resourceGroups/MNC-Portal/providers/Microsoft.Network/virtualNetworks/Spoke5\"\r\n      },\r\n      {\r\n        \"id\": \"subscriptions/18ba8369-92e4-4d70-8b1e-937660bde798/resourceGroups/MNC-Portal/providers/Microsoft.Network/virtualNetworks/Spoke6\"\r\n      }\r\n    ],\r\n    \"managementGroups\": [],\r\n    \"subscriptions\": [],\r\n    \"subNets\": []\r\n  }\r\n}",
      "StatusCode": 200
    },
    {
      "RequestUri": "/subscriptions/18ba8369-92e4-4d70-8b1e-937660bde798/resourceGroups/MNCRG/providers/Microsoft.ManagedNetwork/managedNetworks/PowershellTestMNforPolicy/managedNetworkPeeringPolicies/TestPolicyHubSpoke?api-version=2019-06-01-preview",
      "EncodedRequestUri": "L3N1YnNjcmlwdGlvbnMvMThiYTgzNjktOTJlNC00ZDcwLThiMWUtOTM3NjYwYmRlNzk4L3Jlc291cmNlR3JvdXBzL01OQ1JHL3Byb3ZpZGVycy9NaWNyb3NvZnQuTWFuYWdlZE5ldHdvcmsvbWFuYWdlZE5ldHdvcmtzL1Bvd2Vyc2hlbGxUZXN0TU5mb3JQb2xpY3kvbWFuYWdlZE5ldHdvcmtQZWVyaW5nUG9saWNpZXMvVGVzdFBvbGljeUh1YlNwb2tlP2FwaS12ZXJzaW9uPTIwMTktMDYtMDEtcHJldmlldw==",
      "RequestMethod": "GET",
      "RequestBody": "",
      "RequestHeaders": {
        "x-ms-client-request-id": [
          "e6ef566a-b0c0-4512-9308-19a30e5a3601"
        ],
        "Accept-Language": [
          "en-US"
        ],
        "User-Agent": [
          "FxVersion/4.6.27817.01",
          "OSName/Windows",
          "OSVersion/Microsoft.Windows.10.0.18362.",
          "Microsoft.Azure.Management.ManagedNetwork.ManagedNetworkManagementClient/1.0.1.0"
        ]
      },
      "ResponseHeaders": {
        "Cache-Control": [
          "no-cache"
        ],
        "Pragma": [
          "no-cache"
        ],
        "Strict-Transport-Security": [
          "max-age=31536000; includeSubDomains"
        ],
        "Server": [
          "Kestrel"
        ],
        "x-ms-ratelimit-remaining-subscription-reads": [
          "11993"
        ],
        "x-ms-request-id": [
          "078aa671-22cd-4c71-adb9-1d875d4f4e8e"
        ],
        "x-ms-correlation-request-id": [
          "078aa671-22cd-4c71-adb9-1d875d4f4e8e"
        ],
        "x-ms-routing-request-id": [
          "WESTUS:20191008T224154Z:078aa671-22cd-4c71-adb9-1d875d4f4e8e"
        ],
        "X-Content-Type-Options": [
          "nosniff"
        ],
        "Date": [
          "Tue, 08 Oct 2019 22:41:54 GMT"
        ],
        "Expires": [
          "-1"
        ],
        "Content-Length": [
          "0"
        ]
      },
      "ResponseBody": "",
      "StatusCode": 400
    },
    {
      "RequestUri": "/subscriptions/18ba8369-92e4-4d70-8b1e-937660bde798/resourceGroups/MNCRG/providers/Microsoft.ManagedNetwork/managedNetworks/PowershellTestMNforPolicy/managedNetworkPeeringPolicies/TestPolicyHubSpoke?api-version=2019-06-01-preview",
      "EncodedRequestUri": "L3N1YnNjcmlwdGlvbnMvMThiYTgzNjktOTJlNC00ZDcwLThiMWUtOTM3NjYwYmRlNzk4L3Jlc291cmNlR3JvdXBzL01OQ1JHL3Byb3ZpZGVycy9NaWNyb3NvZnQuTWFuYWdlZE5ldHdvcmsvbWFuYWdlZE5ldHdvcmtzL1Bvd2Vyc2hlbGxUZXN0TU5mb3JQb2xpY3kvbWFuYWdlZE5ldHdvcmtQZWVyaW5nUG9saWNpZXMvVGVzdFBvbGljeUh1YlNwb2tlP2FwaS12ZXJzaW9uPTIwMTktMDYtMDEtcHJldmlldw==",
      "RequestMethod": "GET",
      "RequestBody": "",
      "RequestHeaders": {
        "x-ms-client-request-id": [
          "b10c0409-505f-47da-ba61-f1ac5a9a2d4d"
        ],
        "Accept-Language": [
          "en-US"
        ],
        "User-Agent": [
          "FxVersion/4.6.27817.01",
          "OSName/Windows",
          "OSVersion/Microsoft.Windows.10.0.18362.",
          "Microsoft.Azure.Management.ManagedNetwork.ManagedNetworkManagementClient/1.0.1.0"
        ]
      },
      "ResponseHeaders": {
        "Cache-Control": [
          "no-cache"
        ],
        "Pragma": [
          "no-cache"
        ],
        "x-ms-ratelimit-remaining-subscription-reads": [
          "11992"
        ],
        "Strict-Transport-Security": [
          "max-age=31536000; includeSubDomains"
        ],
        "Server": [
          "Kestrel"
        ],
        "x-ms-request-id": [
          "23b08bb7-844f-4c27-8834-9f2395a9e7c0"
        ],
        "x-ms-correlation-request-id": [
          "23b08bb7-844f-4c27-8834-9f2395a9e7c0"
        ],
        "x-ms-routing-request-id": [
          "WESTUS:20191008T224155Z:23b08bb7-844f-4c27-8834-9f2395a9e7c0"
        ],
        "X-Content-Type-Options": [
          "nosniff"
        ],
        "Date": [
          "Tue, 08 Oct 2019 22:41:55 GMT"
        ],
        "Content-Length": [
          "797"
        ],
        "Content-Type": [
          "application/json; charset=utf-8"
        ],
        "Expires": [
          "-1"
        ]
      },
      "ResponseBody": "{\r\n  \"id\": \"subscriptions/18ba8369-92e4-4d70-8b1e-937660bde798/resourceGroups/MNCRG/providers/Microsoft.ManagedNetwork/managedNetworks/PowershellTestMNforPolicy/managedNetworkPeeringPolicies/TestPolicyHubSpoke\",\r\n  \"name\": \"TestPolicyHubSpoke\",\r\n  \"type\": \"Microsoft.ManagedNetwork/managedNetworkPeeringPolicies\",\r\n  \"location\": \"West US 2\",\r\n  \"apiVersion\": \"\",\r\n  \"tags\": {},\r\n  \"resourceGuid\": \"d555ceaa-ae9f-4a7f-aa2b-d25780996be1\",\r\n  \"provisioningState\": 0,\r\n  \"properties\": {\r\n    \"type\": 1,\r\n    \"hub\": {\r\n      \"id\": \"subscriptions/18ba8369-92e4-4d70-8b1e-937660bde798/resourceGroups/MNC-Portal/providers/Microsoft.Network/virtualNetworks/Hub\"\r\n    },\r\n    \"spokes\": [\r\n      {\r\n        \"id\": \"subscriptions/18ba8369-92e4-4d70-8b1e-937660bde798/resourceGroups/MNCRG/providers/Microsoft.ManagedNetwork/managedNetworks/PowershellTestMNforPolicy/managedNetworkGroups/TestGroup\"\r\n      }\r\n    ],\r\n    \"mesh\": []\r\n  }\r\n}",
      "StatusCode": 200
    },
    {
      "RequestUri": "/subscriptions/18ba8369-92e4-4d70-8b1e-937660bde798/resourceGroups/MNCRG/providers/Microsoft.ManagedNetwork/managedNetworks/PowershellTestMNforPolicy/managedNetworkPeeringPolicies/TestPolicyHubSpoke?api-version=2019-06-01-preview",
      "EncodedRequestUri": "L3N1YnNjcmlwdGlvbnMvMThiYTgzNjktOTJlNC00ZDcwLThiMWUtOTM3NjYwYmRlNzk4L3Jlc291cmNlR3JvdXBzL01OQ1JHL3Byb3ZpZGVycy9NaWNyb3NvZnQuTWFuYWdlZE5ldHdvcmsvbWFuYWdlZE5ldHdvcmtzL1Bvd2Vyc2hlbGxUZXN0TU5mb3JQb2xpY3kvbWFuYWdlZE5ldHdvcmtQZWVyaW5nUG9saWNpZXMvVGVzdFBvbGljeUh1YlNwb2tlP2FwaS12ZXJzaW9uPTIwMTktMDYtMDEtcHJldmlldw==",
      "RequestMethod": "PUT",
      "RequestBody": "{\r\n  \"properties\": {\r\n    \"type\": \"HubAndSpokeTopology\",\r\n    \"hub\": {\r\n      \"id\": \"subscriptions/18ba8369-92e4-4d70-8b1e-937660bde798/resourceGroups/MNC-Portal/providers/Microsoft.Network/virtualNetworks/Hub\"\r\n    },\r\n    \"spokes\": [\r\n      {\r\n        \"id\": \"subscriptions/18ba8369-92e4-4d70-8b1e-937660bde798/resourceGroups/MNCRG/providers/Microsoft.ManagedNetwork/managedNetworks/PowershellTestMNforPolicy/managedNetworkGroups/TestGroup\"\r\n      }\r\n    ],\r\n    \"mesh\": []\r\n  },\r\n  \"location\": \"West US 2\"\r\n}",
      "RequestHeaders": {
        "x-ms-client-request-id": [
          "dae48653-a622-4b15-9e04-f575957b226a"
        ],
        "Accept-Language": [
          "en-US"
        ],
        "User-Agent": [
          "FxVersion/4.6.27817.01",
          "OSName/Windows",
          "OSVersion/Microsoft.Windows.10.0.18362.",
          "Microsoft.Azure.Management.ManagedNetwork.ManagedNetworkManagementClient/1.0.1.0"
        ],
        "Content-Type": [
          "application/json; charset=utf-8"
        ],
        "Content-Length": [
          "510"
        ]
      },
      "ResponseHeaders": {
        "Cache-Control": [
          "no-cache"
        ],
        "Pragma": [
          "no-cache"
        ],
        "x-ms-ratelimit-remaining-subscription-writes": [
          "1196"
        ],
        "Strict-Transport-Security": [
          "max-age=31536000; includeSubDomains"
        ],
        "Server": [
          "Kestrel"
        ],
        "x-ms-request-id": [
          "01cfb0d7-7aba-48ee-929d-0d657db44388"
        ],
        "x-ms-correlation-request-id": [
          "01cfb0d7-7aba-48ee-929d-0d657db44388"
        ],
        "x-ms-routing-request-id": [
          "WESTUS:20191008T224155Z:01cfb0d7-7aba-48ee-929d-0d657db44388"
        ],
        "X-Content-Type-Options": [
          "nosniff"
        ],
        "Date": [
          "Tue, 08 Oct 2019 22:41:54 GMT"
        ],
        "Content-Length": [
          "761"
        ],
        "Content-Type": [
          "application/json; charset=utf-8"
        ],
        "Expires": [
          "-1"
        ]
      },
      "ResponseBody": "{\r\n  \"id\": \"subscriptions/18ba8369-92e4-4d70-8b1e-937660bde798/resourceGroups/MNCRG/providers/Microsoft.ManagedNetwork/managedNetworks/PowershellTestMNforPolicy/managedNetworkPeeringPolicies/TestPolicyHubSpoke\",\r\n  \"name\": \"TestPolicyHubSpoke\",\r\n  \"type\": \"Microsoft.ManagedNetwork/managedNetworkPeeringPolicies\",\r\n  \"location\": \"West US 2\",\r\n  \"apiVersion\": \"\",\r\n  \"tags\": {},\r\n  \"resourceGuid\": \"\",\r\n  \"provisioningState\": 0,\r\n  \"properties\": {\r\n    \"type\": 1,\r\n    \"hub\": {\r\n      \"id\": \"subscriptions/18ba8369-92e4-4d70-8b1e-937660bde798/resourceGroups/MNC-Portal/providers/Microsoft.Network/virtualNetworks/Hub\"\r\n    },\r\n    \"spokes\": [\r\n      {\r\n        \"id\": \"subscriptions/18ba8369-92e4-4d70-8b1e-937660bde798/resourceGroups/MNCRG/providers/Microsoft.ManagedNetwork/managedNetworks/PowershellTestMNforPolicy/managedNetworkGroups/TestGroup\"\r\n      }\r\n    ],\r\n    \"mesh\": []\r\n  }\r\n}",
      "StatusCode": 200
    },
    {
      "RequestUri": "/subscriptions/18ba8369-92e4-4d70-8b1e-937660bde798/resourceGroups/MNCRG/providers/Microsoft.ManagedNetwork/managedNetworks/PowershellTestMNforPolicy/managedNetworkPeeringPolicies/TestPolicyMesh?api-version=2019-06-01-preview",
      "EncodedRequestUri": "L3N1YnNjcmlwdGlvbnMvMThiYTgzNjktOTJlNC00ZDcwLThiMWUtOTM3NjYwYmRlNzk4L3Jlc291cmNlR3JvdXBzL01OQ1JHL3Byb3ZpZGVycy9NaWNyb3NvZnQuTWFuYWdlZE5ldHdvcmsvbWFuYWdlZE5ldHdvcmtzL1Bvd2Vyc2hlbGxUZXN0TU5mb3JQb2xpY3kvbWFuYWdlZE5ldHdvcmtQZWVyaW5nUG9saWNpZXMvVGVzdFBvbGljeU1lc2g/YXBpLXZlcnNpb249MjAxOS0wNi0wMS1wcmV2aWV3",
      "RequestMethod": "GET",
      "RequestBody": "",
      "RequestHeaders": {
        "x-ms-client-request-id": [
          "071df196-68ba-4775-b3b0-717f73bac066"
        ],
        "Accept-Language": [
          "en-US"
        ],
        "User-Agent": [
          "FxVersion/4.6.27817.01",
          "OSName/Windows",
          "OSVersion/Microsoft.Windows.10.0.18362.",
          "Microsoft.Azure.Management.ManagedNetwork.ManagedNetworkManagementClient/1.0.1.0"
        ]
      },
      "ResponseHeaders": {
        "Cache-Control": [
          "no-cache"
        ],
        "Pragma": [
          "no-cache"
        ],
        "Strict-Transport-Security": [
          "max-age=31536000; includeSubDomains"
        ],
        "Server": [
          "Kestrel"
        ],
        "x-ms-ratelimit-remaining-subscription-reads": [
          "11991"
        ],
        "x-ms-request-id": [
          "58f57380-3bba-4cee-aeba-34d422b882f8"
        ],
        "x-ms-correlation-request-id": [
          "58f57380-3bba-4cee-aeba-34d422b882f8"
        ],
        "x-ms-routing-request-id": [
          "WESTUS:20191008T224155Z:58f57380-3bba-4cee-aeba-34d422b882f8"
        ],
        "X-Content-Type-Options": [
          "nosniff"
        ],
        "Date": [
          "Tue, 08 Oct 2019 22:41:55 GMT"
        ],
        "Expires": [
          "-1"
        ],
        "Content-Length": [
          "0"
        ]
      },
      "ResponseBody": "",
      "StatusCode": 400
    },
    {
      "RequestUri": "/subscriptions/18ba8369-92e4-4d70-8b1e-937660bde798/resourceGroups/MNCRG/providers/Microsoft.ManagedNetwork/managedNetworks/PowershellTestMNforPolicy/managedNetworkPeeringPolicies/TestPolicyMesh?api-version=2019-06-01-preview",
      "EncodedRequestUri": "L3N1YnNjcmlwdGlvbnMvMThiYTgzNjktOTJlNC00ZDcwLThiMWUtOTM3NjYwYmRlNzk4L3Jlc291cmNlR3JvdXBzL01OQ1JHL3Byb3ZpZGVycy9NaWNyb3NvZnQuTWFuYWdlZE5ldHdvcmsvbWFuYWdlZE5ldHdvcmtzL1Bvd2Vyc2hlbGxUZXN0TU5mb3JQb2xpY3kvbWFuYWdlZE5ldHdvcmtQZWVyaW5nUG9saWNpZXMvVGVzdFBvbGljeU1lc2g/YXBpLXZlcnNpb249MjAxOS0wNi0wMS1wcmV2aWV3",
      "RequestMethod": "GET",
      "RequestBody": "",
      "RequestHeaders": {
        "x-ms-client-request-id": [
          "f769fe3e-8816-4d1e-aef8-cc09c3b1ea2c"
        ],
        "Accept-Language": [
          "en-US"
        ],
        "User-Agent": [
          "FxVersion/4.6.27817.01",
          "OSName/Windows",
          "OSVersion/Microsoft.Windows.10.0.18362.",
          "Microsoft.Azure.Management.ManagedNetwork.ManagedNetworkManagementClient/1.0.1.0"
        ]
      },
      "ResponseHeaders": {
        "Cache-Control": [
          "no-cache"
        ],
        "Pragma": [
          "no-cache"
        ],
        "x-ms-ratelimit-remaining-subscription-reads": [
          "11990"
        ],
        "Strict-Transport-Security": [
          "max-age=31536000; includeSubDomains"
        ],
        "Server": [
          "Kestrel"
        ],
        "x-ms-request-id": [
          "77c65741-0a9f-45b3-8a61-c827e42e40a4"
        ],
        "x-ms-correlation-request-id": [
          "77c65741-0a9f-45b3-8a61-c827e42e40a4"
        ],
        "x-ms-routing-request-id": [
          "WESTUS:20191008T224156Z:77c65741-0a9f-45b3-8a61-c827e42e40a4"
        ],
        "X-Content-Type-Options": [
          "nosniff"
        ],
        "Date": [
          "Tue, 08 Oct 2019 22:41:56 GMT"
        ],
        "Content-Length": [
          "664"
        ],
        "Content-Type": [
          "application/json; charset=utf-8"
        ],
        "Expires": [
          "-1"
        ]
      },
      "ResponseBody": "{\r\n  \"id\": \"subscriptions/18ba8369-92e4-4d70-8b1e-937660bde798/resourceGroups/MNCRG/providers/Microsoft.ManagedNetwork/managedNetworks/PowershellTestMNforPolicy/managedNetworkPeeringPolicies/TestPolicyMesh\",\r\n  \"name\": \"TestPolicyMesh\",\r\n  \"type\": \"Microsoft.ManagedNetwork/managedNetworkPeeringPolicies\",\r\n  \"location\": \"West US 2\",\r\n  \"apiVersion\": \"\",\r\n  \"tags\": {},\r\n  \"resourceGuid\": \"3935f078-1be1-4553-b0d0-6a1bff9f4242\",\r\n  \"provisioningState\": 0,\r\n  \"properties\": {\r\n    \"type\": 2,\r\n    \"hub\": null,\r\n    \"spokes\": [],\r\n    \"mesh\": [\r\n      {\r\n        \"id\": \"subscriptions/18ba8369-92e4-4d70-8b1e-937660bde798/resourceGroups/MNCRG/providers/Microsoft.ManagedNetwork/managedNetworks/PowershellTestMNforPolicy/managedNetworkGroups/TestGroupMesh\"\r\n      }\r\n    ]\r\n  }\r\n}",
      "StatusCode": 200
    },
    {
      "RequestUri": "/subscriptions/18ba8369-92e4-4d70-8b1e-937660bde798/resourceGroups/MNCRG/providers/Microsoft.ManagedNetwork/managedNetworks/PowershellTestMNforPolicy/managedNetworkPeeringPolicies/TestPolicyMesh?api-version=2019-06-01-preview",
      "EncodedRequestUri": "L3N1YnNjcmlwdGlvbnMvMThiYTgzNjktOTJlNC00ZDcwLThiMWUtOTM3NjYwYmRlNzk4L3Jlc291cmNlR3JvdXBzL01OQ1JHL3Byb3ZpZGVycy9NaWNyb3NvZnQuTWFuYWdlZE5ldHdvcmsvbWFuYWdlZE5ldHdvcmtzL1Bvd2Vyc2hlbGxUZXN0TU5mb3JQb2xpY3kvbWFuYWdlZE5ldHdvcmtQZWVyaW5nUG9saWNpZXMvVGVzdFBvbGljeU1lc2g/YXBpLXZlcnNpb249MjAxOS0wNi0wMS1wcmV2aWV3",
      "RequestMethod": "PUT",
      "RequestBody": "{\r\n  \"properties\": {\r\n    \"type\": \"MeshTopology\",\r\n    \"spokes\": [],\r\n    \"mesh\": [\r\n      {\r\n        \"id\": \"subscriptions/18ba8369-92e4-4d70-8b1e-937660bde798/resourceGroups/MNCRG/providers/Microsoft.ManagedNetwork/managedNetworks/PowershellTestMNforPolicy/managedNetworkGroups/TestGroupMesh\"\r\n      }\r\n    ]\r\n  },\r\n  \"location\": \"West US 2\"\r\n}",
      "RequestHeaders": {
        "x-ms-client-request-id": [
          "33e433f0-d954-4157-89de-d3582338e529"
        ],
        "Accept-Language": [
          "en-US"
        ],
        "User-Agent": [
          "FxVersion/4.6.27817.01",
          "OSName/Windows",
          "OSVersion/Microsoft.Windows.10.0.18362.",
          "Microsoft.Azure.Management.ManagedNetwork.ManagedNetworkManagementClient/1.0.1.0"
        ],
        "Content-Type": [
          "application/json; charset=utf-8"
        ],
        "Content-Length": [
          "345"
        ]
      },
      "ResponseHeaders": {
        "Cache-Control": [
          "no-cache"
        ],
        "Pragma": [
          "no-cache"
        ],
        "x-ms-ratelimit-remaining-subscription-writes": [
          "1195"
        ],
        "Strict-Transport-Security": [
          "max-age=31536000; includeSubDomains"
        ],
        "Server": [
          "Kestrel"
        ],
        "x-ms-request-id": [
          "2619cc36-ae18-4410-a335-19f85d27fa58"
        ],
        "x-ms-correlation-request-id": [
          "2619cc36-ae18-4410-a335-19f85d27fa58"
        ],
        "x-ms-routing-request-id": [
          "WESTUS:20191008T224156Z:2619cc36-ae18-4410-a335-19f85d27fa58"
        ],
        "X-Content-Type-Options": [
          "nosniff"
        ],
        "Date": [
          "Tue, 08 Oct 2019 22:41:56 GMT"
        ],
        "Content-Length": [
          "628"
        ],
        "Content-Type": [
          "application/json; charset=utf-8"
        ],
        "Expires": [
          "-1"
        ]
      },
      "ResponseBody": "{\r\n  \"id\": \"subscriptions/18ba8369-92e4-4d70-8b1e-937660bde798/resourceGroups/MNCRG/providers/Microsoft.ManagedNetwork/managedNetworks/PowershellTestMNforPolicy/managedNetworkPeeringPolicies/TestPolicyMesh\",\r\n  \"name\": \"TestPolicyMesh\",\r\n  \"type\": \"Microsoft.ManagedNetwork/managedNetworkPeeringPolicies\",\r\n  \"location\": \"West US 2\",\r\n  \"apiVersion\": \"\",\r\n  \"tags\": {},\r\n  \"resourceGuid\": \"\",\r\n  \"provisioningState\": 0,\r\n  \"properties\": {\r\n    \"type\": 2,\r\n    \"hub\": null,\r\n    \"spokes\": [],\r\n    \"mesh\": [\r\n      {\r\n        \"id\": \"subscriptions/18ba8369-92e4-4d70-8b1e-937660bde798/resourceGroups/MNCRG/providers/Microsoft.ManagedNetwork/managedNetworks/PowershellTestMNforPolicy/managedNetworkGroups/TestGroupMesh\"\r\n      }\r\n    ]\r\n  }\r\n}",
      "StatusCode": 200
    }
  ],
  "Names": {},
  "Variables": {
    "SubscriptionId": "18ba8369-92e4-4d70-8b1e-937660bde798"
  }
}