{
  "Entries": [
    {
      "RequestUri": "/subscriptions/b3ee3a7f-7614-4644-ad07-afa832620b4b/resourcegroups/onesdk5304?api-version=2016-02-01",
      "EncodedRequestUri": "L3N1YnNjcmlwdGlvbnMvYjNlZTNhN2YtNzYxNC00NjQ0LWFkMDctYWZhODMyNjIwYjRiL3Jlc291cmNlZ3JvdXBzL29uZXNkazUzMDQ/YXBpLXZlcnNpb249MjAxNi0wMi0wMQ==",
      "RequestMethod": "PUT",
      "RequestBody": "{\r\n  \"location\": \"Japan East\"\r\n}",
      "RequestHeaders": {
        "Content-Type": [
          "application/json; charset=utf-8"
        ],
        "Content-Length": [
          "32"
        ],
        "User-Agent": [
          "Microsoft.Azure.Management.Resources.ResourceManagementClient/2.0.0.0"
        ]
      },
      "ResponseBody": "{\r\n  \"id\": \"/subscriptions/b3ee3a7f-7614-4644-ad07-afa832620b4b/resourceGroups/onesdk5304\",\r\n  \"name\": \"onesdk5304\",\r\n  \"location\": \"japaneast\",\r\n  \"properties\": {\r\n    \"provisioningState\": \"Succeeded\"\r\n  }\r\n}",
      "ResponseHeaders": {
        "Content-Length": [
          "176"
        ],
        "Content-Type": [
          "application/json; charset=utf-8"
        ],
        "Expires": [
          "-1"
        ],
        "Pragma": [
          "no-cache"
        ],
        "x-ms-ratelimit-remaining-subscription-writes": [
          "1184"
        ],
        "x-ms-request-id": [
          "c74525d4-8c31-482f-8784-46703f8b3cc2"
        ],
        "x-ms-correlation-request-id": [
          "c74525d4-8c31-482f-8784-46703f8b3cc2"
        ],
        "x-ms-routing-request-id": [
          "WESTEUROPE:20170531T090803Z:c74525d4-8c31-482f-8784-46703f8b3cc2"
        ],
        "Strict-Transport-Security": [
          "max-age=31536000; includeSubDomains"
        ],
        "Cache-Control": [
          "no-cache"
        ],
        "Date": [
          "Wed, 31 May 2017 09:08:03 GMT"
        ]
      },
      "StatusCode": 201
    },
    {
      "RequestUri": "/subscriptions/b3ee3a7f-7614-4644-ad07-afa832620b4b/resourceGroups/onesdk5304/providers/Microsoft.Sql/servers/onesdk4950?api-version=2014-04-01",
      "EncodedRequestUri": "L3N1YnNjcmlwdGlvbnMvYjNlZTNhN2YtNzYxNC00NjQ0LWFkMDctYWZhODMyNjIwYjRiL3Jlc291cmNlR3JvdXBzL29uZXNkazUzMDQvcHJvdmlkZXJzL01pY3Jvc29mdC5TcWwvc2VydmVycy9vbmVzZGs0OTUwP2FwaS12ZXJzaW9uPTIwMTQtMDQtMDE=",
      "RequestMethod": "GET",
      "RequestBody": "",
      "RequestHeaders": {
        "x-ms-client-request-id": [
          "335faa0b-aca5-4cb0-8437-17dd64ffc494"
        ],
        "accept-language": [
          "en-US"
        ],
        "User-Agent": [
          "FxVersion/4.7.2046.0",
          "OSName/Windows10Enterprise",
          "OSVersion/6.3.15063",
          "Microsoft.Azure.Management.Sql.SqlManagementClient/1.3.0.0"
        ]
      },
      "ResponseBody": "{\r\n  \"error\": {\r\n    \"code\": \"ResourceNotFound\",\r\n    \"message\": \"The Resource 'Microsoft.Sql/servers/onesdk4950' under resource group 'onesdk5304' was not found.\"\r\n  }\r\n}",
      "ResponseHeaders": {
        "Content-Length": [
          "146"
        ],
        "Content-Type": [
          "application/json; charset=utf-8"
        ],
        "Expires": [
          "-1"
        ],
        "Pragma": [
          "no-cache"
        ],
        "x-ms-failure-cause": [
          "gateway"
        ],
        "x-ms-request-id": [
          "45c6c895-821d-4bbc-95fd-eca32c395111"
        ],
        "x-ms-correlation-request-id": [
          "45c6c895-821d-4bbc-95fd-eca32c395111"
        ],
        "x-ms-routing-request-id": [
          "WESTEUROPE:20170531T090804Z:45c6c895-821d-4bbc-95fd-eca32c395111"
        ],
        "Strict-Transport-Security": [
          "max-age=31536000; includeSubDomains"
        ],
        "Cache-Control": [
          "no-cache"
        ],
        "Date": [
          "Wed, 31 May 2017 09:08:04 GMT"
        ]
      },
      "StatusCode": 404
    },
    {
      "RequestUri": "/subscriptions/b3ee3a7f-7614-4644-ad07-afa832620b4b/resourceGroups/onesdk5304/providers/Microsoft.Sql/servers/onesdk4950?api-version=2014-04-01",
      "EncodedRequestUri": "L3N1YnNjcmlwdGlvbnMvYjNlZTNhN2YtNzYxNC00NjQ0LWFkMDctYWZhODMyNjIwYjRiL3Jlc291cmNlR3JvdXBzL29uZXNkazUzMDQvcHJvdmlkZXJzL01pY3Jvc29mdC5TcWwvc2VydmVycy9vbmVzZGs0OTUwP2FwaS12ZXJzaW9uPTIwMTQtMDQtMDE=",
      "RequestMethod": "GET",
      "RequestBody": "",
      "RequestHeaders": {
        "x-ms-client-request-id": [
          "72d3459a-8b92-4804-89ef-a443f52547be"
        ],
        "accept-language": [
          "en-US"
        ],
        "User-Agent": [
          "FxVersion/4.7.2046.0",
          "OSName/Windows10Enterprise",
          "OSVersion/6.3.15063",
          "Microsoft.Azure.Management.Sql.SqlManagementClient/1.3.0.0"
        ]
      },
      "ResponseBody": "{\r\n  \"id\": \"/subscriptions/b3ee3a7f-7614-4644-ad07-afa832620b4b/resourceGroups/onesdk5304/providers/Microsoft.Sql/servers/onesdk4950\",\r\n  \"name\": \"onesdk4950\",\r\n  \"type\": \"Microsoft.Sql/servers\",\r\n  \"location\": \"West US 2\",\r\n  \"kind\": \"v12.0\",\r\n  \"properties\": {\r\n    \"fullyQualifiedDomainName\": \"onesdk4950.sqltest-eg1.mscds.com\",\r\n    \"administratorLogin\": \"testusername\",\r\n    \"administratorLoginPassword\": null,\r\n    \"externalAdministratorLogin\": null,\r\n    \"externalAdministratorSid\": null,\r\n    \"version\": \"12.0\",\r\n    \"state\": \"Ready\"\r\n  }\r\n}",
      "ResponseHeaders": {
        "Content-Length": [
          "464"
        ],
        "Content-Type": [
          "application/json; odata=minimalmetadata; streaming=true; charset=utf-8"
        ],
        "x-ms-request-id": [
          "f62c3087-ba33-468e-96cf-def61362cff3"
        ],
        "X-Content-Type-Options": [
          "nosniff"
        ],
        "DataServiceVersion": [
          "3.0;"
        ],
        "Strict-Transport-Security": [
          "max-age=31536000; includeSubDomains"
        ],
        "x-ms-ratelimit-remaining-subscription-reads": [
          "14816"
        ],
        "x-ms-correlation-request-id": [
          "2d0a71a2-a161-4d03-8ef3-5b544950455b"
        ],
        "x-ms-routing-request-id": [
          "WESTEUROPE:20170531T090847Z:2d0a71a2-a161-4d03-8ef3-5b544950455b"
        ],
        "Cache-Control": [
          "no-store, no-cache"
        ],
        "Date": [
          "Wed, 31 May 2017 09:08:47 GMT"
        ],
        "Server": [
          "Microsoft-HTTPAPI/2.0"
        ]
      },
      "StatusCode": 200
    },
    {
      "RequestUri": "/subscriptions/b3ee3a7f-7614-4644-ad07-afa832620b4b/resourceGroups/onesdk5304/providers/Microsoft.Sql/servers/onesdk4950?api-version=2014-04-01",
      "EncodedRequestUri": "L3N1YnNjcmlwdGlvbnMvYjNlZTNhN2YtNzYxNC00NjQ0LWFkMDctYWZhODMyNjIwYjRiL3Jlc291cmNlR3JvdXBzL29uZXNkazUzMDQvcHJvdmlkZXJzL01pY3Jvc29mdC5TcWwvc2VydmVycy9vbmVzZGs0OTUwP2FwaS12ZXJzaW9uPTIwMTQtMDQtMDE=",
      "RequestMethod": "GET",
      "RequestBody": "",
      "RequestHeaders": {
        "x-ms-client-request-id": [
          "ef92797d-eb0d-4c42-ab24-388ddd85dfc4"
        ],
        "accept-language": [
          "en-US"
        ],
        "User-Agent": [
          "FxVersion/4.7.2046.0",
          "OSName/Windows10Enterprise",
          "OSVersion/6.3.15063",
          "Microsoft.Azure.Management.Sql.SqlManagementClient/1.3.0.0"
        ]
      },
      "ResponseBody": "{\r\n  \"id\": \"/subscriptions/b3ee3a7f-7614-4644-ad07-afa832620b4b/resourceGroups/onesdk5304/providers/Microsoft.Sql/servers/onesdk4950\",\r\n  \"name\": \"onesdk4950\",\r\n  \"type\": \"Microsoft.Sql/servers\",\r\n  \"location\": \"West US 2\",\r\n  \"kind\": \"v12.0\",\r\n  \"properties\": {\r\n    \"fullyQualifiedDomainName\": \"onesdk4950.sqltest-eg1.mscds.com\",\r\n    \"administratorLogin\": \"testusername\",\r\n    \"administratorLoginPassword\": null,\r\n    \"externalAdministratorLogin\": null,\r\n    \"externalAdministratorSid\": null,\r\n    \"version\": \"12.0\",\r\n    \"state\": \"Ready\"\r\n  }\r\n}",
      "ResponseHeaders": {
        "Content-Length": [
          "464"
        ],
        "Content-Type": [
          "application/json; odata=minimalmetadata; streaming=true; charset=utf-8"
        ],
        "x-ms-request-id": [
          "c312ae43-fdfc-4446-b0f3-351acb2da8d1"
        ],
        "X-Content-Type-Options": [
          "nosniff"
        ],
        "DataServiceVersion": [
          "3.0;"
        ],
        "Strict-Transport-Security": [
          "max-age=31536000; includeSubDomains"
        ],
        "x-ms-ratelimit-remaining-subscription-reads": [
          "14808"
        ],
        "x-ms-correlation-request-id": [
          "f40cf4c6-6e75-44da-9f3b-31089061128c"
        ],
        "x-ms-routing-request-id": [
          "WESTEUROPE:20170531T090937Z:f40cf4c6-6e75-44da-9f3b-31089061128c"
        ],
        "Cache-Control": [
          "no-store, no-cache"
        ],
        "Date": [
          "Wed, 31 May 2017 09:09:36 GMT"
        ],
        "Server": [
          "Microsoft-HTTPAPI/2.0"
        ]
      },
      "StatusCode": 200
    },
    {
      "RequestUri": "/subscriptions/b3ee3a7f-7614-4644-ad07-afa832620b4b/resourceGroups/onesdk5304/providers/Microsoft.Sql/servers/onesdk4950?api-version=2014-04-01",
      "EncodedRequestUri": "L3N1YnNjcmlwdGlvbnMvYjNlZTNhN2YtNzYxNC00NjQ0LWFkMDctYWZhODMyNjIwYjRiL3Jlc291cmNlR3JvdXBzL29uZXNkazUzMDQvcHJvdmlkZXJzL01pY3Jvc29mdC5TcWwvc2VydmVycy9vbmVzZGs0OTUwP2FwaS12ZXJzaW9uPTIwMTQtMDQtMDE=",
      "RequestMethod": "GET",
      "RequestBody": "",
      "RequestHeaders": {
        "x-ms-client-request-id": [
          "abef837c-a4d7-49b4-9ec7-648b3a396dd1"
        ],
        "accept-language": [
          "en-US"
        ],
        "User-Agent": [
          "FxVersion/4.7.2046.0",
          "OSName/Windows10Enterprise",
          "OSVersion/6.3.15063",
          "Microsoft.Azure.Management.Sql.SqlManagementClient/1.3.0.0"
        ]
      },
      "ResponseBody": "{\r\n  \"id\": \"/subscriptions/b3ee3a7f-7614-4644-ad07-afa832620b4b/resourceGroups/onesdk5304/providers/Microsoft.Sql/servers/onesdk4950\",\r\n  \"name\": \"onesdk4950\",\r\n  \"type\": \"Microsoft.Sql/servers\",\r\n  \"location\": \"West US 2\",\r\n  \"kind\": \"v12.0\",\r\n  \"properties\": {\r\n    \"fullyQualifiedDomainName\": \"onesdk4950.sqltest-eg1.mscds.com\",\r\n    \"administratorLogin\": \"testusername\",\r\n    \"administratorLoginPassword\": null,\r\n    \"externalAdministratorLogin\": null,\r\n    \"externalAdministratorSid\": null,\r\n    \"version\": \"12.0\",\r\n    \"state\": \"Ready\"\r\n  }\r\n}",
      "ResponseHeaders": {
        "Content-Length": [
          "464"
        ],
        "Content-Type": [
          "application/json; odata=minimalmetadata; streaming=true; charset=utf-8"
        ],
        "x-ms-request-id": [
          "1da40a8f-8092-4896-9ade-38c5e310270f"
        ],
        "X-Content-Type-Options": [
          "nosniff"
        ],
        "DataServiceVersion": [
          "3.0;"
        ],
        "Strict-Transport-Security": [
          "max-age=31536000; includeSubDomains"
        ],
        "x-ms-ratelimit-remaining-subscription-reads": [
          "14826"
        ],
        "x-ms-correlation-request-id": [
          "880c37c2-382a-4282-82ed-5b95242cc38a"
        ],
        "x-ms-routing-request-id": [
          "WESTEUROPE:20170531T091026Z:880c37c2-382a-4282-82ed-5b95242cc38a"
        ],
        "Cache-Control": [
          "no-store, no-cache"
        ],
        "Date": [
          "Wed, 31 May 2017 09:10:25 GMT"
        ],
        "Server": [
          "Microsoft-HTTPAPI/2.0"
        ]
      },
      "StatusCode": 200
    },
    {
      "RequestUri": "/subscriptions/b3ee3a7f-7614-4644-ad07-afa832620b4b/resourceGroups/onesdk5304/providers/Microsoft.Sql/servers/onesdk4950?api-version=2014-04-01",
      "EncodedRequestUri": "L3N1YnNjcmlwdGlvbnMvYjNlZTNhN2YtNzYxNC00NjQ0LWFkMDctYWZhODMyNjIwYjRiL3Jlc291cmNlR3JvdXBzL29uZXNkazUzMDQvcHJvdmlkZXJzL01pY3Jvc29mdC5TcWwvc2VydmVycy9vbmVzZGs0OTUwP2FwaS12ZXJzaW9uPTIwMTQtMDQtMDE=",
      "RequestMethod": "PUT",
      "RequestBody": "{\r\n  \"properties\": {\r\n    \"version\": \"12.0\",\r\n    \"administratorLogin\": \"testusername\",\r\n    \"administratorLoginPassword\": \"t357ingP@s5w0rd!\"\r\n  },\r\n  \"location\": \"West US 2\"\r\n}",
      "RequestHeaders": {
        "Content-Type": [
          "application/json; charset=utf-8"
        ],
        "Content-Length": [
          "177"
        ],
        "x-ms-client-request-id": [
          "a32ad6fc-4c7f-43a6-9ffb-7a01bec4f486"
        ],
        "accept-language": [
          "en-US"
        ],
        "User-Agent": [
          "FxVersion/4.7.2046.0",
          "OSName/Windows10Enterprise",
          "OSVersion/6.3.15063",
          "Microsoft.Azure.Management.Sql.SqlManagementClient/1.3.0.0"
        ]
      },
      "ResponseBody": "{\r\n  \"id\": \"/subscriptions/b3ee3a7f-7614-4644-ad07-afa832620b4b/resourceGroups/onesdk5304/providers/Microsoft.Sql/servers/onesdk4950\",\r\n  \"name\": \"onesdk4950\",\r\n  \"type\": \"Microsoft.Sql/servers\",\r\n  \"location\": \"West US 2\",\r\n  \"kind\": \"v12.0\",\r\n  \"properties\": {\r\n    \"fullyQualifiedDomainName\": \"onesdk4950.sqltest-eg1.mscds.com\",\r\n    \"administratorLogin\": \"testusername\",\r\n    \"administratorLoginPassword\": \"t357ingP@s5w0rd!\",\r\n    \"externalAdministratorLogin\": null,\r\n    \"externalAdministratorSid\": null,\r\n    \"version\": \"12.0\",\r\n    \"state\": \"Ready\"\r\n  }\r\n}",
      "ResponseHeaders": {
        "Content-Length": [
          "478"
        ],
        "Content-Type": [
          "application/json; odata=minimalmetadata; streaming=true; charset=utf-8"
        ],
        "x-ms-request-id": [
          "125e313e-8fff-4ed7-9735-f956ae913da0"
        ],
        "X-Content-Type-Options": [
          "nosniff"
        ],
        "Preference-Applied": [
          "return-content"
        ],
        "DataServiceVersion": [
          "3.0;"
        ],
        "Strict-Transport-Security": [
          "max-age=31536000; includeSubDomains"
        ],
        "x-ms-ratelimit-remaining-subscription-writes": [
          "1183"
        ],
        "x-ms-correlation-request-id": [
          "4841bbfa-f891-4c07-92ad-30706aa289b7"
        ],
        "x-ms-routing-request-id": [
          "WESTEUROPE:20170531T090846Z:4841bbfa-f891-4c07-92ad-30706aa289b7"
        ],
        "Cache-Control": [
          "no-store, no-cache"
        ],
        "Date": [
          "Wed, 31 May 2017 09:08:46 GMT"
        ],
        "Server": [
          "Microsoft-HTTPAPI/2.0"
        ]
      },
      "StatusCode": 201
    },
    {
      "RequestUri": "/subscriptions/b3ee3a7f-7614-4644-ad07-afa832620b4b/resourceGroups/onesdk5304/providers/Microsoft.Sql/servers/onesdk4950/databases/onesdk1681?api-version=2014-04-01",
      "EncodedRequestUri": "L3N1YnNjcmlwdGlvbnMvYjNlZTNhN2YtNzYxNC00NjQ0LWFkMDctYWZhODMyNjIwYjRiL3Jlc291cmNlR3JvdXBzL29uZXNkazUzMDQvcHJvdmlkZXJzL01pY3Jvc29mdC5TcWwvc2VydmVycy9vbmVzZGs0OTUwL2RhdGFiYXNlcy9vbmVzZGsxNjgxP2FwaS12ZXJzaW9uPTIwMTQtMDQtMDE=",
      "RequestMethod": "GET",
      "RequestBody": "",
      "RequestHeaders": {
        "User-Agent": [
          "Microsoft.Azure.Management.Sql.LegacySdk.SqlManagementClient/3.0.0.0"
        ],
        "x-ms-client-request-id": [
          "b21ea335-1dff-4414-8f20-cbeb206d0b5a"
        ]
      },
      "ResponseBody": "{\r\n  \"error\": {\r\n    \"code\": \"ResourceNotFound\",\r\n    \"message\": \"The Resource 'Microsoft.Sql/servers/onesdk4950/databases/onesdk1681' under resource group 'onesdk5304' was not found.\"\r\n  }\r\n}",
      "ResponseHeaders": {
        "Content-Length": [
          "167"
        ],
        "Content-Type": [
          "application/json; charset=utf-8"
        ],
        "Expires": [
          "-1"
        ],
        "Pragma": [
          "no-cache"
        ],
        "x-ms-failure-cause": [
          "gateway"
        ],
        "x-ms-request-id": [
          "22d85155-076f-4439-97da-c69b2ace4d12"
        ],
        "x-ms-correlation-request-id": [
          "22d85155-076f-4439-97da-c69b2ace4d12"
        ],
        "x-ms-routing-request-id": [
          "WESTEUROPE:20170531T090847Z:22d85155-076f-4439-97da-c69b2ace4d12"
        ],
        "Strict-Transport-Security": [
          "max-age=31536000; includeSubDomains"
        ],
        "Cache-Control": [
          "no-cache"
        ],
        "Date": [
          "Wed, 31 May 2017 09:08:47 GMT"
        ]
      },
      "StatusCode": 404
    },
    {
      "RequestUri": "/subscriptions/b3ee3a7f-7614-4644-ad07-afa832620b4b/resourceGroups/onesdk5304/providers/Microsoft.Sql/servers/onesdk4950/databases/onesdk1681?api-version=2014-04-01",
      "EncodedRequestUri": "L3N1YnNjcmlwdGlvbnMvYjNlZTNhN2YtNzYxNC00NjQ0LWFkMDctYWZhODMyNjIwYjRiL3Jlc291cmNlR3JvdXBzL29uZXNkazUzMDQvcHJvdmlkZXJzL01pY3Jvc29mdC5TcWwvc2VydmVycy9vbmVzZGs0OTUwL2RhdGFiYXNlcy9vbmVzZGsxNjgxP2FwaS12ZXJzaW9uPTIwMTQtMDQtMDE=",
      "RequestMethod": "PUT",
      "RequestBody": "{\r\n  \"properties\": {\r\n    \"maxSizeBytes\": \"0\",\r\n    \"readScale\": \"Disabled\"\r\n  },\r\n  \"location\": \"West US 2\"\r\n}",
      "RequestHeaders": {
        "Content-Type": [
          "application/json; charset=utf-8"
        ],
        "Content-Length": [
          "111"
        ],
        "User-Agent": [
          "Microsoft.Azure.Management.Sql.LegacySdk.SqlManagementClient/3.0.0.0"
        ],
        "x-ms-client-request-id": [
          "2c56f5d3-eff2-43e7-a10a-df7bf63f5bac"
        ]
      },
      "ResponseBody": "{\r\n  \"operation\": \"CreateLogicalDatabase\",\r\n  \"startTime\": \"2017-05-31T17:08:49.407+08:00\"\r\n}",
      "ResponseHeaders": {
        "Content-Length": [
          "80"
        ],
        "Content-Type": [
          "application/json; odata=minimalmetadata; streaming=true; charset=utf-8"
        ],
        "Retry-After": [
          "30"
        ],
        "x-ms-request-id": [
          "2ac573a0-7a02-4fc4-815a-90f497ae7a45"
        ],
        "X-Content-Type-Options": [
          "nosniff"
        ],
        "Preference-Applied": [
          "return-content"
        ],
        "DataServiceVersion": [
          "3.0;"
        ],
        "Strict-Transport-Security": [
          "max-age=31536000; includeSubDomains"
        ],
        "Azure-AsyncOperation": [
          "https://api-dogfood.resources.windows-int.net/subscriptions/b3ee3a7f-7614-4644-ad07-afa832620b4b/resourceGroups/onesdk5304/providers/Microsoft.Sql/servers/onesdk4950/databases/onesdk1681/azureAsyncOperation/2ac573a0-7a02-4fc4-815a-90f497ae7a45?api-version=2014-04-01-Preview"
        ],
        "x-ms-ratelimit-remaining-subscription-writes": [
          "1182"
        ],
        "x-ms-correlation-request-id": [
          "c968493d-8655-41eb-8e76-224bd15b806d"
        ],
        "x-ms-routing-request-id": [
          "WESTEUROPE:20170531T090849Z:c968493d-8655-41eb-8e76-224bd15b806d"
        ],
        "Cache-Control": [
          "no-store, no-cache"
        ],
        "Date": [
          "Wed, 31 May 2017 09:08:49 GMT"
        ],
        "Location": [
          "https://api-dogfood.resources.windows-int.net/subscriptions/b3ee3a7f-7614-4644-ad07-afa832620b4b/resourceGroups/onesdk5304/providers/Microsoft.Sql/servers/onesdk4950/databases/onesdk1681/operationResults/2ac573a0-7a02-4fc4-815a-90f497ae7a45?api-version=2014-04-01-Preview"
        ],
        "Server": [
          "Microsoft-HTTPAPI/2.0"
        ]
      },
      "StatusCode": 202
    },
    {
      "RequestUri": "/subscriptions/b3ee3a7f-7614-4644-ad07-afa832620b4b/resourceGroups/onesdk5304/providers/Microsoft.Sql/servers/onesdk4950/databases/onesdk1681/operationResults/2ac573a0-7a02-4fc4-815a-90f497ae7a45?api-version=2014-04-01-Preview",
      "EncodedRequestUri": "L3N1YnNjcmlwdGlvbnMvYjNlZTNhN2YtNzYxNC00NjQ0LWFkMDctYWZhODMyNjIwYjRiL3Jlc291cmNlR3JvdXBzL29uZXNkazUzMDQvcHJvdmlkZXJzL01pY3Jvc29mdC5TcWwvc2VydmVycy9vbmVzZGs0OTUwL2RhdGFiYXNlcy9vbmVzZGsxNjgxL29wZXJhdGlvblJlc3VsdHMvMmFjNTczYTAtN2EwMi00ZmM0LTgxNWEtOTBmNDk3YWU3YTQ1P2FwaS12ZXJzaW9uPTIwMTQtMDQtMDEtUHJldmlldw==",
      "RequestMethod": "GET",
      "RequestBody": "",
      "RequestHeaders": {
        "User-Agent": [
          "Microsoft.Azure.Management.Sql.LegacySdk.SqlManagementClient/3.0.0.0"
        ],
        "x-ms-client-request-id": [
          "2c56f5d3-eff2-43e7-a10a-df7bf63f5bac"
        ]
      },
      "ResponseBody": "{\r\n  \"operation\": \"CreateLogicalDatabase\",\r\n  \"startTime\": \"2017-05-31T09:08:49.387Z\"\r\n}",
      "ResponseHeaders": {
        "Content-Length": [
          "75"
        ],
        "Content-Type": [
          "application/json"
        ],
        "Retry-After": [
          "30"
        ],
        "x-ms-request-id": [
          "c2ac36d6-95d4-4509-b080-4c61c55c6c20"
        ],
        "X-Content-Type-Options": [
          "nosniff"
        ],
        "DataServiceVersion": [
          "3.0;"
        ],
        "Strict-Transport-Security": [
          "max-age=31536000; includeSubDomains"
        ],
        "Azure-AsyncOperation": [
          "https://api-dogfood.resources.windows-int.net/subscriptions/b3ee3a7f-7614-4644-ad07-afa832620b4b/resourceGroups/onesdk5304/providers/Microsoft.Sql/servers/onesdk4950/databases/onesdk1681/azureAsyncOperation/2ac573a0-7a02-4fc4-815a-90f497ae7a45?api-version=2014-04-01-Preview"
        ],
        "x-ms-ratelimit-remaining-subscription-reads": [
          "14815"
        ],
        "x-ms-correlation-request-id": [
          "adf426b8-3b8b-4014-87e8-b5a154ca5bb3"
        ],
        "x-ms-routing-request-id": [
          "WESTEUROPE:20170531T090850Z:adf426b8-3b8b-4014-87e8-b5a154ca5bb3"
        ],
        "Cache-Control": [
          "no-store, no-cache"
        ],
        "Date": [
          "Wed, 31 May 2017 09:08:50 GMT"
        ],
        "Location": [
          "https://api-dogfood.resources.windows-int.net/subscriptions/b3ee3a7f-7614-4644-ad07-afa832620b4b/resourceGroups/onesdk5304/providers/Microsoft.Sql/servers/onesdk4950/databases/onesdk1681/operationResults/2ac573a0-7a02-4fc4-815a-90f497ae7a45?api-version=2014-04-01-Preview"
        ],
        "Server": [
          "Microsoft-HTTPAPI/2.0"
        ]
      },
      "StatusCode": 202
    },
    {
      "RequestUri": "/subscriptions/b3ee3a7f-7614-4644-ad07-afa832620b4b/resourceGroups/onesdk5304/providers/Microsoft.Sql/servers/onesdk4950/databases/onesdk1681/operationResults/2ac573a0-7a02-4fc4-815a-90f497ae7a45?api-version=2014-04-01-Preview",
      "EncodedRequestUri": "L3N1YnNjcmlwdGlvbnMvYjNlZTNhN2YtNzYxNC00NjQ0LWFkMDctYWZhODMyNjIwYjRiL3Jlc291cmNlR3JvdXBzL29uZXNkazUzMDQvcHJvdmlkZXJzL01pY3Jvc29mdC5TcWwvc2VydmVycy9vbmVzZGs0OTUwL2RhdGFiYXNlcy9vbmVzZGsxNjgxL29wZXJhdGlvblJlc3VsdHMvMmFjNTczYTAtN2EwMi00ZmM0LTgxNWEtOTBmNDk3YWU3YTQ1P2FwaS12ZXJzaW9uPTIwMTQtMDQtMDEtUHJldmlldw==",
      "RequestMethod": "GET",
      "RequestBody": "",
      "RequestHeaders": {
        "User-Agent": [
          "Microsoft.Azure.Management.Sql.LegacySdk.SqlManagementClient/3.0.0.0"
        ],
        "x-ms-client-request-id": [
          "2c56f5d3-eff2-43e7-a10a-df7bf63f5bac"
        ]
      },
      "ResponseBody": "{\r\n  \"operation\": \"CreateLogicalDatabase\",\r\n  \"startTime\": \"2017-05-31T09:08:49.387Z\"\r\n}",
      "ResponseHeaders": {
        "Content-Length": [
          "75"
        ],
        "Content-Type": [
          "application/json"
        ],
        "Retry-After": [
          "30"
        ],
        "x-ms-request-id": [
          "1258b545-8cb2-4a27-9e95-340eb5f0cda8"
        ],
        "X-Content-Type-Options": [
          "nosniff"
        ],
        "DataServiceVersion": [
          "3.0;"
        ],
        "Strict-Transport-Security": [
          "max-age=31536000; includeSubDomains"
        ],
        "Azure-AsyncOperation": [
          "https://api-dogfood.resources.windows-int.net/subscriptions/b3ee3a7f-7614-4644-ad07-afa832620b4b/resourceGroups/onesdk5304/providers/Microsoft.Sql/servers/onesdk4950/databases/onesdk1681/azureAsyncOperation/2ac573a0-7a02-4fc4-815a-90f497ae7a45?api-version=2014-04-01-Preview"
        ],
        "x-ms-ratelimit-remaining-subscription-reads": [
          "14811"
        ],
        "x-ms-correlation-request-id": [
          "909e940d-b827-45c3-a112-d640f28fdf78"
        ],
        "x-ms-routing-request-id": [
          "WESTEUROPE:20170531T090921Z:909e940d-b827-45c3-a112-d640f28fdf78"
        ],
        "Cache-Control": [
          "no-store, no-cache"
        ],
        "Date": [
          "Wed, 31 May 2017 09:09:20 GMT"
        ],
        "Location": [
          "https://api-dogfood.resources.windows-int.net/subscriptions/b3ee3a7f-7614-4644-ad07-afa832620b4b/resourceGroups/onesdk5304/providers/Microsoft.Sql/servers/onesdk4950/databases/onesdk1681/operationResults/2ac573a0-7a02-4fc4-815a-90f497ae7a45?api-version=2014-04-01-Preview"
        ],
        "Server": [
          "Microsoft-HTTPAPI/2.0"
        ]
      },
      "StatusCode": 202
    },
    {
      "RequestUri": "/subscriptions/b3ee3a7f-7614-4644-ad07-afa832620b4b/resourceGroups/onesdk5304/providers/Microsoft.Sql/servers/onesdk4950/databases/onesdk1681/operationResults/2ac573a0-7a02-4fc4-815a-90f497ae7a45?api-version=2014-04-01-Preview",
      "EncodedRequestUri": "L3N1YnNjcmlwdGlvbnMvYjNlZTNhN2YtNzYxNC00NjQ0LWFkMDctYWZhODMyNjIwYjRiL3Jlc291cmNlR3JvdXBzL29uZXNkazUzMDQvcHJvdmlkZXJzL01pY3Jvc29mdC5TcWwvc2VydmVycy9vbmVzZGs0OTUwL2RhdGFiYXNlcy9vbmVzZGsxNjgxL29wZXJhdGlvblJlc3VsdHMvMmFjNTczYTAtN2EwMi00ZmM0LTgxNWEtOTBmNDk3YWU3YTQ1P2FwaS12ZXJzaW9uPTIwMTQtMDQtMDEtUHJldmlldw==",
      "RequestMethod": "GET",
      "RequestBody": "",
      "RequestHeaders": {
        "User-Agent": [
          "Microsoft.Azure.Management.Sql.LegacySdk.SqlManagementClient/3.0.0.0"
        ],
        "x-ms-client-request-id": [
          "2c56f5d3-eff2-43e7-a10a-df7bf63f5bac"
        ]
      },
      "ResponseBody": "{\r\n  \"id\": \"/subscriptions/b3ee3a7f-7614-4644-ad07-afa832620b4b/resourceGroups/onesdk5304/providers/Microsoft.Sql/servers/onesdk4950/databases/onesdk1681\",\r\n  \"name\": \"onesdk1681\",\r\n  \"type\": \"Microsoft.Sql/servers/databases\",\r\n  \"location\": \"West US 2\",\r\n  \"kind\": \"v12.0,user\",\r\n  \"properties\": {\r\n    \"databaseId\": \"7f51a82f-be00-4941-87ac-1660867904c7\",\r\n    \"edition\": \"Standard\",\r\n    \"status\": \"Online\",\r\n    \"serviceLevelObjective\": \"S0\",\r\n    \"collation\": \"SQL_Latin1_General_CP1_CI_AS\",\r\n    \"maxSizeBytes\": \"268435456000\",\r\n    \"creationDate\": \"2017-05-31T09:08:49.703Z\",\r\n    \"currentServiceObjectiveId\": \"f1173c43-91bd-4aaa-973c-54e79e15235b\",\r\n    \"requestedServiceObjectiveId\": \"f1173c43-91bd-4aaa-973c-54e79e15235b\",\r\n    \"requestedServiceObjectiveName\": \"S0\",\r\n    \"sampleName\": null,\r\n    \"defaultSecondaryLocation\": \"East US 2\",\r\n    \"earliestRestoreDate\": \"2017-05-31T09:19:22.9Z\",\r\n    \"elasticPoolName\": null,\r\n    \"containmentState\": 2,\r\n    \"readScale\": \"Disabled\",\r\n    \"failoverGroupId\": null\r\n  }\r\n}",
      "ResponseHeaders": {
        "Content-Length": [
          "871"
        ],
        "Content-Type": [
          "application/json; odata=minimalmetadata; streaming=true; charset=utf-8"
        ],
        "x-ms-request-id": [
          "66538a57-23ce-42cf-8e44-45f931bd872f"
        ],
        "X-Content-Type-Options": [
          "nosniff"
        ],
        "DataServiceVersion": [
          "3.0;"
        ],
        "Strict-Transport-Security": [
          "max-age=31536000; includeSubDomains"
        ],
        "x-ms-ratelimit-remaining-subscription-reads": [
          "14810"
        ],
        "x-ms-correlation-request-id": [
          "9b8cd0da-c8d8-4af8-9f02-a6f4f3368aac"
        ],
        "x-ms-routing-request-id": [
          "WESTEUROPE:20170531T090936Z:9b8cd0da-c8d8-4af8-9f02-a6f4f3368aac"
        ],
        "Cache-Control": [
          "no-store, no-cache"
        ],
        "Date": [
          "Wed, 31 May 2017 09:09:35 GMT"
        ],
        "Server": [
          "Microsoft-HTTPAPI/2.0"
        ]
      },
      "StatusCode": 201
    },
    {
      "RequestUri": "/subscriptions/b3ee3a7f-7614-4644-ad07-afa832620b4b/resourceGroups/onesdk5304/providers/Microsoft.Sql/servers/onesdk4950/databases/onesdk4387?api-version=2014-04-01",
      "EncodedRequestUri": "L3N1YnNjcmlwdGlvbnMvYjNlZTNhN2YtNzYxNC00NjQ0LWFkMDctYWZhODMyNjIwYjRiL3Jlc291cmNlR3JvdXBzL29uZXNkazUzMDQvcHJvdmlkZXJzL01pY3Jvc29mdC5TcWwvc2VydmVycy9vbmVzZGs0OTUwL2RhdGFiYXNlcy9vbmVzZGs0Mzg3P2FwaS12ZXJzaW9uPTIwMTQtMDQtMDE=",
      "RequestMethod": "GET",
      "RequestBody": "",
      "RequestHeaders": {
        "User-Agent": [
          "Microsoft.Azure.Management.Sql.LegacySdk.SqlManagementClient/3.0.0.0"
        ],
        "x-ms-client-request-id": [
          "20b08256-db8a-4488-bdf8-0f7bd0150309"
        ]
      },
      "ResponseBody": "{\r\n  \"error\": {\r\n    \"code\": \"ResourceNotFound\",\r\n    \"message\": \"The Resource 'Microsoft.Sql/servers/onesdk4950/databases/onesdk4387' under resource group 'onesdk5304' was not found.\"\r\n  }\r\n}",
      "ResponseHeaders": {
        "Content-Length": [
          "167"
        ],
        "Content-Type": [
          "application/json; charset=utf-8"
        ],
        "Expires": [
          "-1"
        ],
        "Pragma": [
          "no-cache"
        ],
        "x-ms-failure-cause": [
          "gateway"
        ],
        "x-ms-request-id": [
          "b09b5c42-5202-418d-9731-b8bb258983e6"
        ],
        "x-ms-correlation-request-id": [
          "b09b5c42-5202-418d-9731-b8bb258983e6"
        ],
        "x-ms-routing-request-id": [
          "WESTEUROPE:20170531T090937Z:b09b5c42-5202-418d-9731-b8bb258983e6"
        ],
        "Strict-Transport-Security": [
          "max-age=31536000; includeSubDomains"
        ],
        "Cache-Control": [
          "no-cache"
        ],
        "Date": [
          "Wed, 31 May 2017 09:09:36 GMT"
        ]
      },
      "StatusCode": 404
    },
    {
      "RequestUri": "/subscriptions/b3ee3a7f-7614-4644-ad07-afa832620b4b/resourceGroups/onesdk5304/providers/Microsoft.Sql/servers/onesdk4950/databases/onesdk4387?api-version=2014-04-01",
      "EncodedRequestUri": "L3N1YnNjcmlwdGlvbnMvYjNlZTNhN2YtNzYxNC00NjQ0LWFkMDctYWZhODMyNjIwYjRiL3Jlc291cmNlR3JvdXBzL29uZXNkazUzMDQvcHJvdmlkZXJzL01pY3Jvc29mdC5TcWwvc2VydmVycy9vbmVzZGs0OTUwL2RhdGFiYXNlcy9vbmVzZGs0Mzg3P2FwaS12ZXJzaW9uPTIwMTQtMDQtMDE=",
      "RequestMethod": "PUT",
      "RequestBody": "{\r\n  \"properties\": {\r\n    \"maxSizeBytes\": \"0\",\r\n    \"readScale\": \"Disabled\"\r\n  },\r\n  \"location\": \"West US 2\"\r\n}",
      "RequestHeaders": {
        "Content-Type": [
          "application/json; charset=utf-8"
        ],
        "Content-Length": [
          "111"
        ],
        "User-Agent": [
          "Microsoft.Azure.Management.Sql.LegacySdk.SqlManagementClient/3.0.0.0"
        ],
        "x-ms-client-request-id": [
          "dc3aa637-1a9a-46c3-a5ec-646ad4dd212a"
        ]
      },
      "ResponseBody": "{\r\n  \"operation\": \"CreateLogicalDatabase\",\r\n  \"startTime\": \"2017-05-31T17:09:38.458+08:00\"\r\n}",
      "ResponseHeaders": {
        "Content-Length": [
          "80"
        ],
        "Content-Type": [
          "application/json; odata=minimalmetadata; streaming=true; charset=utf-8"
        ],
        "Retry-After": [
          "30"
        ],
        "x-ms-request-id": [
          "a2f3f6c3-4276-4fe5-8315-b017b173de87"
        ],
        "X-Content-Type-Options": [
          "nosniff"
        ],
        "Preference-Applied": [
          "return-content"
        ],
        "DataServiceVersion": [
          "3.0;"
        ],
        "Strict-Transport-Security": [
          "max-age=31536000; includeSubDomains"
        ],
        "Azure-AsyncOperation": [
          "https://api-dogfood.resources.windows-int.net/subscriptions/b3ee3a7f-7614-4644-ad07-afa832620b4b/resourceGroups/onesdk5304/providers/Microsoft.Sql/servers/onesdk4950/databases/onesdk4387/azureAsyncOperation/a2f3f6c3-4276-4fe5-8315-b017b173de87?api-version=2014-04-01-Preview"
        ],
        "x-ms-ratelimit-remaining-subscription-writes": [
          "1181"
        ],
        "x-ms-correlation-request-id": [
          "c531527a-68d3-449a-89cb-4e4b95cab09a"
        ],
        "x-ms-routing-request-id": [
          "WESTEUROPE:20170531T090938Z:c531527a-68d3-449a-89cb-4e4b95cab09a"
        ],
        "Cache-Control": [
          "no-store, no-cache"
        ],
        "Date": [
          "Wed, 31 May 2017 09:09:38 GMT"
        ],
        "Location": [
          "https://api-dogfood.resources.windows-int.net/subscriptions/b3ee3a7f-7614-4644-ad07-afa832620b4b/resourceGroups/onesdk5304/providers/Microsoft.Sql/servers/onesdk4950/databases/onesdk4387/operationResults/a2f3f6c3-4276-4fe5-8315-b017b173de87?api-version=2014-04-01-Preview"
        ],
        "Server": [
          "Microsoft-HTTPAPI/2.0"
        ]
      },
      "StatusCode": 202
    },
    {
      "RequestUri": "/subscriptions/b3ee3a7f-7614-4644-ad07-afa832620b4b/resourceGroups/onesdk5304/providers/Microsoft.Sql/servers/onesdk4950/databases/onesdk4387/operationResults/a2f3f6c3-4276-4fe5-8315-b017b173de87?api-version=2014-04-01-Preview",
      "EncodedRequestUri": "L3N1YnNjcmlwdGlvbnMvYjNlZTNhN2YtNzYxNC00NjQ0LWFkMDctYWZhODMyNjIwYjRiL3Jlc291cmNlR3JvdXBzL29uZXNkazUzMDQvcHJvdmlkZXJzL01pY3Jvc29mdC5TcWwvc2VydmVycy9vbmVzZGs0OTUwL2RhdGFiYXNlcy9vbmVzZGs0Mzg3L29wZXJhdGlvblJlc3VsdHMvYTJmM2Y2YzMtNDI3Ni00ZmU1LTgzMTUtYjAxN2IxNzNkZTg3P2FwaS12ZXJzaW9uPTIwMTQtMDQtMDEtUHJldmlldw==",
      "RequestMethod": "GET",
      "RequestBody": "",
      "RequestHeaders": {
        "User-Agent": [
          "Microsoft.Azure.Management.Sql.LegacySdk.SqlManagementClient/3.0.0.0"
        ],
        "x-ms-client-request-id": [
          "dc3aa637-1a9a-46c3-a5ec-646ad4dd212a"
        ]
      },
      "ResponseBody": "{\r\n  \"operation\": \"CreateLogicalDatabase\",\r\n  \"startTime\": \"2017-05-31T09:09:38.443Z\"\r\n}",
      "ResponseHeaders": {
        "Content-Length": [
          "75"
        ],
        "Content-Type": [
          "application/json"
        ],
        "Retry-After": [
          "30"
        ],
        "x-ms-request-id": [
          "c82afc88-2540-4caa-b282-697470bd1bc3"
        ],
        "X-Content-Type-Options": [
          "nosniff"
        ],
        "DataServiceVersion": [
          "3.0;"
        ],
        "Strict-Transport-Security": [
          "max-age=31536000; includeSubDomains"
        ],
        "Azure-AsyncOperation": [
          "https://api-dogfood.resources.windows-int.net/subscriptions/b3ee3a7f-7614-4644-ad07-afa832620b4b/resourceGroups/onesdk5304/providers/Microsoft.Sql/servers/onesdk4950/databases/onesdk4387/azureAsyncOperation/a2f3f6c3-4276-4fe5-8315-b017b173de87?api-version=2014-04-01-Preview"
        ],
        "x-ms-ratelimit-remaining-subscription-reads": [
          "14807"
        ],
        "x-ms-correlation-request-id": [
          "823ef46d-ee0f-4250-8bfa-e2cbda0de121"
        ],
        "x-ms-routing-request-id": [
          "WESTEUROPE:20170531T090939Z:823ef46d-ee0f-4250-8bfa-e2cbda0de121"
        ],
        "Cache-Control": [
          "no-store, no-cache"
        ],
        "Date": [
          "Wed, 31 May 2017 09:09:39 GMT"
        ],
        "Location": [
          "https://api-dogfood.resources.windows-int.net/subscriptions/b3ee3a7f-7614-4644-ad07-afa832620b4b/resourceGroups/onesdk5304/providers/Microsoft.Sql/servers/onesdk4950/databases/onesdk4387/operationResults/a2f3f6c3-4276-4fe5-8315-b017b173de87?api-version=2014-04-01-Preview"
        ],
        "Server": [
          "Microsoft-HTTPAPI/2.0"
        ]
      },
      "StatusCode": 202
    },
    {
      "RequestUri": "/subscriptions/b3ee3a7f-7614-4644-ad07-afa832620b4b/resourceGroups/onesdk5304/providers/Microsoft.Sql/servers/onesdk4950/databases/onesdk4387/operationResults/a2f3f6c3-4276-4fe5-8315-b017b173de87?api-version=2014-04-01-Preview",
      "EncodedRequestUri": "L3N1YnNjcmlwdGlvbnMvYjNlZTNhN2YtNzYxNC00NjQ0LWFkMDctYWZhODMyNjIwYjRiL3Jlc291cmNlR3JvdXBzL29uZXNkazUzMDQvcHJvdmlkZXJzL01pY3Jvc29mdC5TcWwvc2VydmVycy9vbmVzZGs0OTUwL2RhdGFiYXNlcy9vbmVzZGs0Mzg3L29wZXJhdGlvblJlc3VsdHMvYTJmM2Y2YzMtNDI3Ni00ZmU1LTgzMTUtYjAxN2IxNzNkZTg3P2FwaS12ZXJzaW9uPTIwMTQtMDQtMDEtUHJldmlldw==",
      "RequestMethod": "GET",
      "RequestBody": "",
      "RequestHeaders": {
        "User-Agent": [
          "Microsoft.Azure.Management.Sql.LegacySdk.SqlManagementClient/3.0.0.0"
        ],
        "x-ms-client-request-id": [
          "dc3aa637-1a9a-46c3-a5ec-646ad4dd212a"
        ]
      },
      "ResponseBody": "{\r\n  \"operation\": \"CreateLogicalDatabase\",\r\n  \"startTime\": \"2017-05-31T09:09:38.443Z\"\r\n}",
      "ResponseHeaders": {
        "Content-Length": [
          "75"
        ],
        "Content-Type": [
          "application/json"
        ],
        "Retry-After": [
          "30"
        ],
        "x-ms-request-id": [
          "ae2d9fb6-999c-4eac-a9c0-ec3e6297cc99"
        ],
        "X-Content-Type-Options": [
          "nosniff"
        ],
        "DataServiceVersion": [
          "3.0;"
        ],
        "Strict-Transport-Security": [
          "max-age=31536000; includeSubDomains"
        ],
        "Azure-AsyncOperation": [
          "https://api-dogfood.resources.windows-int.net/subscriptions/b3ee3a7f-7614-4644-ad07-afa832620b4b/resourceGroups/onesdk5304/providers/Microsoft.Sql/servers/onesdk4950/databases/onesdk4387/azureAsyncOperation/a2f3f6c3-4276-4fe5-8315-b017b173de87?api-version=2014-04-01-Preview"
        ],
        "x-ms-ratelimit-remaining-subscription-reads": [
          "14829"
        ],
        "x-ms-correlation-request-id": [
          "9324f18a-2929-4ddd-b6e7-6b977801e8d4"
        ],
        "x-ms-routing-request-id": [
          "WESTEUROPE:20170531T091010Z:9324f18a-2929-4ddd-b6e7-6b977801e8d4"
        ],
        "Cache-Control": [
          "no-store, no-cache"
        ],
        "Date": [
          "Wed, 31 May 2017 09:10:09 GMT"
        ],
        "Location": [
          "https://api-dogfood.resources.windows-int.net/subscriptions/b3ee3a7f-7614-4644-ad07-afa832620b4b/resourceGroups/onesdk5304/providers/Microsoft.Sql/servers/onesdk4950/databases/onesdk4387/operationResults/a2f3f6c3-4276-4fe5-8315-b017b173de87?api-version=2014-04-01-Preview"
        ],
        "Server": [
          "Microsoft-HTTPAPI/2.0"
        ]
      },
      "StatusCode": 202
    },
    {
      "RequestUri": "/subscriptions/b3ee3a7f-7614-4644-ad07-afa832620b4b/resourceGroups/onesdk5304/providers/Microsoft.Sql/servers/onesdk4950/databases/onesdk4387/operationResults/a2f3f6c3-4276-4fe5-8315-b017b173de87?api-version=2014-04-01-Preview",
      "EncodedRequestUri": "L3N1YnNjcmlwdGlvbnMvYjNlZTNhN2YtNzYxNC00NjQ0LWFkMDctYWZhODMyNjIwYjRiL3Jlc291cmNlR3JvdXBzL29uZXNkazUzMDQvcHJvdmlkZXJzL01pY3Jvc29mdC5TcWwvc2VydmVycy9vbmVzZGs0OTUwL2RhdGFiYXNlcy9vbmVzZGs0Mzg3L29wZXJhdGlvblJlc3VsdHMvYTJmM2Y2YzMtNDI3Ni00ZmU1LTgzMTUtYjAxN2IxNzNkZTg3P2FwaS12ZXJzaW9uPTIwMTQtMDQtMDEtUHJldmlldw==",
      "RequestMethod": "GET",
      "RequestBody": "",
      "RequestHeaders": {
        "User-Agent": [
          "Microsoft.Azure.Management.Sql.LegacySdk.SqlManagementClient/3.0.0.0"
        ],
        "x-ms-client-request-id": [
          "dc3aa637-1a9a-46c3-a5ec-646ad4dd212a"
        ]
      },
      "ResponseBody": "{\r\n  \"id\": \"/subscriptions/b3ee3a7f-7614-4644-ad07-afa832620b4b/resourceGroups/onesdk5304/providers/Microsoft.Sql/servers/onesdk4950/databases/onesdk4387\",\r\n  \"name\": \"onesdk4387\",\r\n  \"type\": \"Microsoft.Sql/servers/databases\",\r\n  \"location\": \"West US 2\",\r\n  \"kind\": \"v12.0,user\",\r\n  \"properties\": {\r\n    \"databaseId\": \"083971e6-18ab-4ae3-bff9-12065b863627\",\r\n    \"edition\": \"Standard\",\r\n    \"status\": \"Online\",\r\n    \"serviceLevelObjective\": \"S0\",\r\n    \"collation\": \"SQL_Latin1_General_CP1_CI_AS\",\r\n    \"maxSizeBytes\": \"268435456000\",\r\n    \"creationDate\": \"2017-05-31T09:09:38.66Z\",\r\n    \"currentServiceObjectiveId\": \"f1173c43-91bd-4aaa-973c-54e79e15235b\",\r\n    \"requestedServiceObjectiveId\": \"f1173c43-91bd-4aaa-973c-54e79e15235b\",\r\n    \"requestedServiceObjectiveName\": \"S0\",\r\n    \"sampleName\": null,\r\n    \"defaultSecondaryLocation\": \"East US 2\",\r\n    \"earliestRestoreDate\": \"2017-05-31T09:20:12.43Z\",\r\n    \"elasticPoolName\": null,\r\n    \"containmentState\": 2,\r\n    \"readScale\": \"Disabled\",\r\n    \"failoverGroupId\": null\r\n  }\r\n}",
      "ResponseHeaders": {
        "Content-Length": [
          "871"
        ],
        "Content-Type": [
          "application/json; odata=minimalmetadata; streaming=true; charset=utf-8"
        ],
        "x-ms-request-id": [
          "50860883-5fd3-4f19-814e-17ef0a7edfc5"
        ],
        "X-Content-Type-Options": [
          "nosniff"
        ],
        "DataServiceVersion": [
          "3.0;"
        ],
        "Strict-Transport-Security": [
          "max-age=31536000; includeSubDomains"
        ],
        "x-ms-ratelimit-remaining-subscription-reads": [
          "14828"
        ],
        "x-ms-correlation-request-id": [
          "826ed828-86b6-46f9-a2b5-93e5a46e7a60"
        ],
        "x-ms-routing-request-id": [
          "WESTEUROPE:20170531T091025Z:826ed828-86b6-46f9-a2b5-93e5a46e7a60"
        ],
        "Cache-Control": [
          "no-store, no-cache"
        ],
        "Date": [
          "Wed, 31 May 2017 09:10:24 GMT"
        ],
        "Server": [
          "Microsoft-HTTPAPI/2.0"
        ]
      },
      "StatusCode": 201
    },
    {
      "RequestUri": "/subscriptions/b3ee3a7f-7614-4644-ad07-afa832620b4b/resourceGroups/onesdk5304/providers/Microsoft.Sql/servers/onesdk4950/databases/onesdk2562?api-version=2014-04-01",
      "EncodedRequestUri": "L3N1YnNjcmlwdGlvbnMvYjNlZTNhN2YtNzYxNC00NjQ0LWFkMDctYWZhODMyNjIwYjRiL3Jlc291cmNlR3JvdXBzL29uZXNkazUzMDQvcHJvdmlkZXJzL01pY3Jvc29mdC5TcWwvc2VydmVycy9vbmVzZGs0OTUwL2RhdGFiYXNlcy9vbmVzZGsyNTYyP2FwaS12ZXJzaW9uPTIwMTQtMDQtMDE=",
      "RequestMethod": "GET",
      "RequestBody": "",
      "RequestHeaders": {
        "User-Agent": [
          "Microsoft.Azure.Management.Sql.LegacySdk.SqlManagementClient/3.0.0.0"
        ],
        "x-ms-client-request-id": [
          "b12076b2-e923-4b5d-b512-3e38df06e2a4"
        ]
      },
      "ResponseBody": "{\r\n  \"error\": {\r\n    \"code\": \"ResourceNotFound\",\r\n    \"message\": \"The Resource 'Microsoft.Sql/servers/onesdk4950/databases/onesdk2562' under resource group 'onesdk5304' was not found.\"\r\n  }\r\n}",
      "ResponseHeaders": {
        "Content-Length": [
          "167"
        ],
        "Content-Type": [
          "application/json; charset=utf-8"
        ],
        "Expires": [
          "-1"
        ],
        "Pragma": [
          "no-cache"
        ],
        "x-ms-failure-cause": [
          "gateway"
        ],
        "x-ms-request-id": [
          "ecfc2c58-e3c4-4f27-89db-dbbfce89897f"
        ],
        "x-ms-correlation-request-id": [
          "ecfc2c58-e3c4-4f27-89db-dbbfce89897f"
        ],
        "x-ms-routing-request-id": [
          "WESTEUROPE:20170531T091026Z:ecfc2c58-e3c4-4f27-89db-dbbfce89897f"
        ],
        "Strict-Transport-Security": [
          "max-age=31536000; includeSubDomains"
        ],
        "Cache-Control": [
          "no-cache"
        ],
        "Date": [
          "Wed, 31 May 2017 09:10:25 GMT"
        ]
      },
      "StatusCode": 404
    },
    {
      "RequestUri": "/subscriptions/b3ee3a7f-7614-4644-ad07-afa832620b4b/resourceGroups/onesdk5304/providers/Microsoft.Sql/servers/onesdk4950/databases/onesdk2562?api-version=2014-04-01",
      "EncodedRequestUri": "L3N1YnNjcmlwdGlvbnMvYjNlZTNhN2YtNzYxNC00NjQ0LWFkMDctYWZhODMyNjIwYjRiL3Jlc291cmNlR3JvdXBzL29uZXNkazUzMDQvcHJvdmlkZXJzL01pY3Jvc29mdC5TcWwvc2VydmVycy9vbmVzZGs0OTUwL2RhdGFiYXNlcy9vbmVzZGsyNTYyP2FwaS12ZXJzaW9uPTIwMTQtMDQtMDE=",
      "RequestMethod": "PUT",
      "RequestBody": "{\r\n  \"properties\": {\r\n    \"maxSizeBytes\": \"0\",\r\n    \"readScale\": \"Disabled\"\r\n  },\r\n  \"location\": \"West US 2\"\r\n}",
      "RequestHeaders": {
        "Content-Type": [
          "application/json; charset=utf-8"
        ],
        "Content-Length": [
          "111"
        ],
        "User-Agent": [
          "Microsoft.Azure.Management.Sql.LegacySdk.SqlManagementClient/3.0.0.0"
        ],
        "x-ms-client-request-id": [
          "a247f522-b47b-4aa1-a3f3-6c58246ade7b"
        ]
      },
      "ResponseBody": "{\r\n  \"operation\": \"CreateLogicalDatabase\",\r\n  \"startTime\": \"2017-05-31T17:10:27.463+08:00\"\r\n}",
      "ResponseHeaders": {
        "Content-Length": [
          "80"
        ],
        "Content-Type": [
          "application/json; odata=minimalmetadata; streaming=true; charset=utf-8"
        ],
        "Retry-After": [
          "30"
        ],
        "x-ms-request-id": [
          "e8f5a627-c8fe-469d-ae20-ec3602685123"
        ],
        "X-Content-Type-Options": [
          "nosniff"
        ],
        "Preference-Applied": [
          "return-content"
        ],
        "DataServiceVersion": [
          "3.0;"
        ],
        "Strict-Transport-Security": [
          "max-age=31536000; includeSubDomains"
        ],
        "Azure-AsyncOperation": [
          "https://api-dogfood.resources.windows-int.net/subscriptions/b3ee3a7f-7614-4644-ad07-afa832620b4b/resourceGroups/onesdk5304/providers/Microsoft.Sql/servers/onesdk4950/databases/onesdk2562/azureAsyncOperation/e8f5a627-c8fe-469d-ae20-ec3602685123?api-version=2014-04-01-Preview"
        ],
        "x-ms-ratelimit-remaining-subscription-writes": [
          "1184"
        ],
        "x-ms-correlation-request-id": [
          "0166dcba-7992-4459-99fc-cf7b2f2fbdca"
        ],
        "x-ms-routing-request-id": [
          "WESTEUROPE:20170531T091027Z:0166dcba-7992-4459-99fc-cf7b2f2fbdca"
        ],
        "Cache-Control": [
          "no-store, no-cache"
        ],
        "Date": [
          "Wed, 31 May 2017 09:10:27 GMT"
        ],
        "Location": [
          "https://api-dogfood.resources.windows-int.net/subscriptions/b3ee3a7f-7614-4644-ad07-afa832620b4b/resourceGroups/onesdk5304/providers/Microsoft.Sql/servers/onesdk4950/databases/onesdk2562/operationResults/e8f5a627-c8fe-469d-ae20-ec3602685123?api-version=2014-04-01-Preview"
        ],
        "Server": [
          "Microsoft-HTTPAPI/2.0"
        ]
      },
      "StatusCode": 202
    },
    {
      "RequestUri": "/subscriptions/b3ee3a7f-7614-4644-ad07-afa832620b4b/resourceGroups/onesdk5304/providers/Microsoft.Sql/servers/onesdk4950/databases/onesdk2562/operationResults/e8f5a627-c8fe-469d-ae20-ec3602685123?api-version=2014-04-01-Preview",
      "EncodedRequestUri": "L3N1YnNjcmlwdGlvbnMvYjNlZTNhN2YtNzYxNC00NjQ0LWFkMDctYWZhODMyNjIwYjRiL3Jlc291cmNlR3JvdXBzL29uZXNkazUzMDQvcHJvdmlkZXJzL01pY3Jvc29mdC5TcWwvc2VydmVycy9vbmVzZGs0OTUwL2RhdGFiYXNlcy9vbmVzZGsyNTYyL29wZXJhdGlvblJlc3VsdHMvZThmNWE2MjctYzhmZS00NjlkLWFlMjAtZWMzNjAyNjg1MTIzP2FwaS12ZXJzaW9uPTIwMTQtMDQtMDEtUHJldmlldw==",
      "RequestMethod": "GET",
      "RequestBody": "",
      "RequestHeaders": {
        "User-Agent": [
          "Microsoft.Azure.Management.Sql.LegacySdk.SqlManagementClient/3.0.0.0"
        ],
        "x-ms-client-request-id": [
          "a247f522-b47b-4aa1-a3f3-6c58246ade7b"
        ]
      },
      "ResponseBody": "{\r\n  \"operation\": \"CreateLogicalDatabase\",\r\n  \"startTime\": \"2017-05-31T09:10:27.447Z\"\r\n}",
      "ResponseHeaders": {
        "Content-Length": [
          "75"
        ],
        "Content-Type": [
          "application/json"
        ],
        "Retry-After": [
          "30"
        ],
        "x-ms-request-id": [
          "8b67b8c1-14da-48c9-a5fc-5ac59c6ba1b2"
        ],
        "X-Content-Type-Options": [
          "nosniff"
        ],
        "DataServiceVersion": [
          "3.0;"
        ],
        "Strict-Transport-Security": [
          "max-age=31536000; includeSubDomains"
        ],
        "Azure-AsyncOperation": [
          "https://api-dogfood.resources.windows-int.net/subscriptions/b3ee3a7f-7614-4644-ad07-afa832620b4b/resourceGroups/onesdk5304/providers/Microsoft.Sql/servers/onesdk4950/databases/onesdk2562/azureAsyncOperation/e8f5a627-c8fe-469d-ae20-ec3602685123?api-version=2014-04-01-Preview"
        ],
        "x-ms-ratelimit-remaining-subscription-reads": [
          "14825"
        ],
        "x-ms-correlation-request-id": [
          "b8e08a04-cea1-4e3f-87cf-219a4e65bbc7"
        ],
        "x-ms-routing-request-id": [
          "WESTEUROPE:20170531T091028Z:b8e08a04-cea1-4e3f-87cf-219a4e65bbc7"
        ],
        "Cache-Control": [
          "no-store, no-cache"
        ],
        "Date": [
          "Wed, 31 May 2017 09:10:28 GMT"
        ],
        "Location": [
          "https://api-dogfood.resources.windows-int.net/subscriptions/b3ee3a7f-7614-4644-ad07-afa832620b4b/resourceGroups/onesdk5304/providers/Microsoft.Sql/servers/onesdk4950/databases/onesdk2562/operationResults/e8f5a627-c8fe-469d-ae20-ec3602685123?api-version=2014-04-01-Preview"
        ],
        "Server": [
          "Microsoft-HTTPAPI/2.0"
        ]
      },
      "StatusCode": 202
    },
    {
      "RequestUri": "/subscriptions/b3ee3a7f-7614-4644-ad07-afa832620b4b/resourceGroups/onesdk5304/providers/Microsoft.Sql/servers/onesdk4950/databases/onesdk2562/operationResults/e8f5a627-c8fe-469d-ae20-ec3602685123?api-version=2014-04-01-Preview",
      "EncodedRequestUri": "L3N1YnNjcmlwdGlvbnMvYjNlZTNhN2YtNzYxNC00NjQ0LWFkMDctYWZhODMyNjIwYjRiL3Jlc291cmNlR3JvdXBzL29uZXNkazUzMDQvcHJvdmlkZXJzL01pY3Jvc29mdC5TcWwvc2VydmVycy9vbmVzZGs0OTUwL2RhdGFiYXNlcy9vbmVzZGsyNTYyL29wZXJhdGlvblJlc3VsdHMvZThmNWE2MjctYzhmZS00NjlkLWFlMjAtZWMzNjAyNjg1MTIzP2FwaS12ZXJzaW9uPTIwMTQtMDQtMDEtUHJldmlldw==",
      "RequestMethod": "GET",
      "RequestBody": "",
      "RequestHeaders": {
        "User-Agent": [
          "Microsoft.Azure.Management.Sql.LegacySdk.SqlManagementClient/3.0.0.0"
        ],
        "x-ms-client-request-id": [
          "a247f522-b47b-4aa1-a3f3-6c58246ade7b"
        ]
      },
      "ResponseBody": "{\r\n  \"operation\": \"CreateLogicalDatabase\",\r\n  \"startTime\": \"2017-05-31T09:10:27.447Z\"\r\n}",
      "ResponseHeaders": {
        "Content-Length": [
          "75"
        ],
        "Content-Type": [
          "application/json"
        ],
        "Retry-After": [
          "30"
        ],
        "x-ms-request-id": [
          "e8200a6f-0766-4ad7-83b4-3375462f68e0"
        ],
        "X-Content-Type-Options": [
          "nosniff"
        ],
        "DataServiceVersion": [
          "3.0;"
        ],
        "Strict-Transport-Security": [
          "max-age=31536000; includeSubDomains"
        ],
        "Azure-AsyncOperation": [
          "https://api-dogfood.resources.windows-int.net/subscriptions/b3ee3a7f-7614-4644-ad07-afa832620b4b/resourceGroups/onesdk5304/providers/Microsoft.Sql/servers/onesdk4950/databases/onesdk2562/azureAsyncOperation/e8f5a627-c8fe-469d-ae20-ec3602685123?api-version=2014-04-01-Preview"
        ],
        "x-ms-ratelimit-remaining-subscription-reads": [
          "14821"
        ],
        "x-ms-correlation-request-id": [
          "13de0a5f-9fda-4c41-b470-ead1e9ba479f"
        ],
        "x-ms-routing-request-id": [
          "WESTEUROPE:20170531T091059Z:13de0a5f-9fda-4c41-b470-ead1e9ba479f"
        ],
        "Cache-Control": [
          "no-store, no-cache"
        ],
        "Date": [
          "Wed, 31 May 2017 09:10:59 GMT"
        ],
        "Location": [
          "https://api-dogfood.resources.windows-int.net/subscriptions/b3ee3a7f-7614-4644-ad07-afa832620b4b/resourceGroups/onesdk5304/providers/Microsoft.Sql/servers/onesdk4950/databases/onesdk2562/operationResults/e8f5a627-c8fe-469d-ae20-ec3602685123?api-version=2014-04-01-Preview"
        ],
        "Server": [
          "Microsoft-HTTPAPI/2.0"
        ]
      },
      "StatusCode": 202
    },
    {
      "RequestUri": "/subscriptions/b3ee3a7f-7614-4644-ad07-afa832620b4b/resourceGroups/onesdk5304/providers/Microsoft.Sql/servers/onesdk4950/databases/onesdk2562/operationResults/e8f5a627-c8fe-469d-ae20-ec3602685123?api-version=2014-04-01-Preview",
      "EncodedRequestUri": "L3N1YnNjcmlwdGlvbnMvYjNlZTNhN2YtNzYxNC00NjQ0LWFkMDctYWZhODMyNjIwYjRiL3Jlc291cmNlR3JvdXBzL29uZXNkazUzMDQvcHJvdmlkZXJzL01pY3Jvc29mdC5TcWwvc2VydmVycy9vbmVzZGs0OTUwL2RhdGFiYXNlcy9vbmVzZGsyNTYyL29wZXJhdGlvblJlc3VsdHMvZThmNWE2MjctYzhmZS00NjlkLWFlMjAtZWMzNjAyNjg1MTIzP2FwaS12ZXJzaW9uPTIwMTQtMDQtMDEtUHJldmlldw==",
      "RequestMethod": "GET",
      "RequestBody": "",
      "RequestHeaders": {
        "User-Agent": [
          "Microsoft.Azure.Management.Sql.LegacySdk.SqlManagementClient/3.0.0.0"
        ],
        "x-ms-client-request-id": [
          "a247f522-b47b-4aa1-a3f3-6c58246ade7b"
        ]
      },
      "ResponseBody": "{\r\n  \"id\": \"/subscriptions/b3ee3a7f-7614-4644-ad07-afa832620b4b/resourceGroups/onesdk5304/providers/Microsoft.Sql/servers/onesdk4950/databases/onesdk2562\",\r\n  \"name\": \"onesdk2562\",\r\n  \"type\": \"Microsoft.Sql/servers/databases\",\r\n  \"location\": \"West US 2\",\r\n  \"kind\": \"v12.0,user\",\r\n  \"properties\": {\r\n    \"databaseId\": \"18fe3aa5-bb58-4590-b716-c382201a9df5\",\r\n    \"edition\": \"Standard\",\r\n    \"status\": \"Online\",\r\n    \"serviceLevelObjective\": \"S0\",\r\n    \"collation\": \"SQL_Latin1_General_CP1_CI_AS\",\r\n    \"maxSizeBytes\": \"268435456000\",\r\n    \"creationDate\": \"2017-05-31T09:10:27.667Z\",\r\n    \"currentServiceObjectiveId\": \"f1173c43-91bd-4aaa-973c-54e79e15235b\",\r\n    \"requestedServiceObjectiveId\": \"f1173c43-91bd-4aaa-973c-54e79e15235b\",\r\n    \"requestedServiceObjectiveName\": \"S0\",\r\n    \"sampleName\": null,\r\n    \"defaultSecondaryLocation\": \"East US 2\",\r\n    \"earliestRestoreDate\": \"2017-05-31T09:21:00.343Z\",\r\n    \"elasticPoolName\": null,\r\n    \"containmentState\": 2,\r\n    \"readScale\": \"Disabled\",\r\n    \"failoverGroupId\": null\r\n  }\r\n}",
      "ResponseHeaders": {
        "Content-Length": [
          "873"
        ],
        "Content-Type": [
          "application/json; odata=minimalmetadata; streaming=true; charset=utf-8"
        ],
        "x-ms-request-id": [
          "72424bd2-1f8a-4b69-ac4f-a11933c6ea22"
        ],
        "X-Content-Type-Options": [
          "nosniff"
        ],
        "DataServiceVersion": [
          "3.0;"
        ],
        "Strict-Transport-Security": [
          "max-age=31536000; includeSubDomains"
        ],
        "x-ms-ratelimit-remaining-subscription-reads": [
          "14820"
        ],
        "x-ms-correlation-request-id": [
          "752ab07a-8980-45e7-8153-3d5c4c0ea9b8"
        ],
        "x-ms-routing-request-id": [
          "WESTEUROPE:20170531T091114Z:752ab07a-8980-45e7-8153-3d5c4c0ea9b8"
        ],
        "Cache-Control": [
          "no-store, no-cache"
        ],
        "Date": [
          "Wed, 31 May 2017 09:11:14 GMT"
        ],
        "Server": [
          "Microsoft-HTTPAPI/2.0"
        ]
      },
      "StatusCode": 201
    },
    {
      "RequestUri": "/subscriptions/b3ee3a7f-7614-4644-ad07-afa832620b4b/resourceGroups/onesdk5304/providers/Microsoft.Sql/servers/onesdk4950/databases/onesdk1681/syncGroups/onesdk1466?api-version=2015-05-01-preview",
      "EncodedRequestUri": "L3N1YnNjcmlwdGlvbnMvYjNlZTNhN2YtNzYxNC00NjQ0LWFkMDctYWZhODMyNjIwYjRiL3Jlc291cmNlR3JvdXBzL29uZXNkazUzMDQvcHJvdmlkZXJzL01pY3Jvc29mdC5TcWwvc2VydmVycy9vbmVzZGs0OTUwL2RhdGFiYXNlcy9vbmVzZGsxNjgxL3N5bmNHcm91cHMvb25lc2RrMTQ2Nj9hcGktdmVyc2lvbj0yMDE1LTA1LTAxLXByZXZpZXc=",
      "RequestMethod": "GET",
      "RequestBody": "",
      "RequestHeaders": {
        "User-Agent": [
          "Microsoft.Azure.Management.Sql.LegacySdk.SqlManagementClient/3.0.0.0"
        ],
        "x-ms-client-request-id": [
          "ba6930f1-ec35-44a2-8fe4-7a948a7395fa"
        ]
      },
      "ResponseBody": "{\r\n  \"error\": {\r\n    \"code\": \"ResourceNotFound\",\r\n    \"message\": \"The requested resource of type 'Microsoft.Sql/servers/databases/syncGroups' with name 'onesdk1466' was not found.\"\r\n  }\r\n}",
      "ResponseHeaders": {
        "Content-Length": [
          "163"
        ],
        "Content-Type": [
          "application/json; charset=utf-8"
        ],
        "Expires": [
          "-1"
        ],
        "Pragma": [
          "no-cache"
        ],
        "x-ms-request-id": [
          "b0fa2785-f295-4b84-9e44-3f2a188673fe"
        ],
        "x-ms-ratelimit-remaining-subscription-reads": [
          "14819"
        ],
        "x-ms-correlation-request-id": [
          "3819a846-e43a-4627-bef5-985ea4faabf2"
        ],
        "x-ms-routing-request-id": [
          "WESTEUROPE:20170531T091116Z:3819a846-e43a-4627-bef5-985ea4faabf2"
        ],
        "Strict-Transport-Security": [
          "max-age=31536000; includeSubDomains"
        ],
        "Cache-Control": [
          "no-cache"
        ],
        "Date": [
          "Wed, 31 May 2017 09:11:16 GMT"
        ],
        "Server": [
          "Microsoft-HTTPAPI/2.0"
        ]
      },
      "StatusCode": 404
    },
    {
      "RequestUri": "/subscriptions/b3ee3a7f-7614-4644-ad07-afa832620b4b/resourceGroups/onesdk5304/providers/Microsoft.Sql/servers/onesdk4950/databases/onesdk1681/syncGroups/onesdk1466?api-version=2015-05-01-preview",
      "EncodedRequestUri": "L3N1YnNjcmlwdGlvbnMvYjNlZTNhN2YtNzYxNC00NjQ0LWFkMDctYWZhODMyNjIwYjRiL3Jlc291cmNlR3JvdXBzL29uZXNkazUzMDQvcHJvdmlkZXJzL01pY3Jvc29mdC5TcWwvc2VydmVycy9vbmVzZGs0OTUwL2RhdGFiYXNlcy9vbmVzZGsxNjgxL3N5bmNHcm91cHMvb25lc2RrMTQ2Nj9hcGktdmVyc2lvbj0yMDE1LTA1LTAxLXByZXZpZXc=",
      "RequestMethod": "GET",
      "RequestBody": "",
      "RequestHeaders": {
        "User-Agent": [
          "Microsoft.Azure.Management.Sql.LegacySdk.SqlManagementClient/3.0.0.0"
        ],
        "x-ms-client-request-id": [
          "ef1d3815-745f-4a69-b594-7ec8be07df42"
        ]
      },
      "ResponseBody": "{\r\n  \"id\": \"/subscriptions/b3ee3a7f-7614-4644-ad07-afa832620b4b/resourceGroups/onesdk5304/providers/Microsoft.Sql/servers/onesdk4950/databases/onesdk1681/syncGroups/onesdk1466\",\r\n  \"name\": \"onesdk1466\",\r\n  \"type\": \"Microsoft.Sql/servers/databases/syncGroups\",\r\n  \"kind\": \"\",\r\n  \"properties\": {\r\n    \"interval\": 300,\r\n    \"lastSyncTime\": \"0001-01-01T00:00:00Z\",\r\n    \"conflictResolutionPolicy\": \"HubWin\",\r\n    \"syncDatabaseId\": \"/subscriptions/b3ee3a7f-7614-4644-ad07-afa832620b4b/resourceGroups/onesdk5304/providers/Microsoft.Sql/servers/onesdk4950/databases/onesdk2562\",\r\n    \"hubDatabaseUserName\": \"testusername\",\r\n    \"syncState\": \"NotReady\"\r\n  }\r\n}",
      "ResponseHeaders": {
        "Content-Length": [
          "579"
        ],
        "Content-Type": [
          "application/json; charset=utf-8"
        ],
        "Expires": [
          "-1"
        ],
        "Pragma": [
          "no-cache"
        ],
        "x-ms-request-id": [
          "b6808367-5ad1-4c94-adc5-f26c7fe4029c"
        ],
        "x-ms-ratelimit-remaining-subscription-reads": [
          "14811"
        ],
        "x-ms-correlation-request-id": [
          "64b158e7-48c9-41a7-9933-e79a8b15c70d"
        ],
        "x-ms-routing-request-id": [
          "WESTEUROPE:20170531T091205Z:64b158e7-48c9-41a7-9933-e79a8b15c70d"
        ],
        "Strict-Transport-Security": [
          "max-age=31536000; includeSubDomains"
        ],
        "Cache-Control": [
          "no-cache"
        ],
        "Date": [
          "Wed, 31 May 2017 09:12:05 GMT"
        ],
        "Server": [
          "Microsoft-HTTPAPI/2.0"
        ]
      },
      "StatusCode": 200
    },
    {
      "RequestUri": "/subscriptions/b3ee3a7f-7614-4644-ad07-afa832620b4b/resourceGroups/onesdk5304/providers/Microsoft.Sql/servers/onesdk4950/databases/onesdk1681/syncGroups/onesdk1466?api-version=2015-05-01-preview",
      "EncodedRequestUri": "L3N1YnNjcmlwdGlvbnMvYjNlZTNhN2YtNzYxNC00NjQ0LWFkMDctYWZhODMyNjIwYjRiL3Jlc291cmNlR3JvdXBzL29uZXNkazUzMDQvcHJvdmlkZXJzL01pY3Jvc29mdC5TcWwvc2VydmVycy9vbmVzZGs0OTUwL2RhdGFiYXNlcy9vbmVzZGsxNjgxL3N5bmNHcm91cHMvb25lc2RrMTQ2Nj9hcGktdmVyc2lvbj0yMDE1LTA1LTAxLXByZXZpZXc=",
      "RequestMethod": "GET",
      "RequestBody": "",
      "RequestHeaders": {
        "User-Agent": [
          "Microsoft.Azure.Management.Sql.LegacySdk.SqlManagementClient/3.0.0.0"
        ],
        "x-ms-client-request-id": [
          "fcf0ffd0-27e9-4aa8-92a6-b91fad3ce632"
        ]
      },
      "ResponseBody": "{\r\n  \"id\": \"/subscriptions/b3ee3a7f-7614-4644-ad07-afa832620b4b/resourceGroups/onesdk5304/providers/Microsoft.Sql/servers/onesdk4950/databases/onesdk1681/syncGroups/onesdk1466\",\r\n  \"name\": \"onesdk1466\",\r\n  \"type\": \"Microsoft.Sql/servers/databases/syncGroups\",\r\n  \"kind\": \"\",\r\n  \"properties\": {\r\n    \"interval\": 300,\r\n    \"lastSyncTime\": \"0001-01-01T00:00:00Z\",\r\n    \"conflictResolutionPolicy\": \"HubWin\",\r\n    \"syncDatabaseId\": \"/subscriptions/b3ee3a7f-7614-4644-ad07-afa832620b4b/resourceGroups/onesdk5304/providers/Microsoft.Sql/servers/onesdk4950/databases/onesdk2562\",\r\n    \"hubDatabaseUserName\": \"testusername\",\r\n    \"syncState\": \"NotReady\"\r\n  }\r\n}",
      "ResponseHeaders": {
        "Content-Length": [
          "579"
        ],
        "Content-Type": [
          "application/json; charset=utf-8"
        ],
        "Expires": [
          "-1"
        ],
        "Pragma": [
          "no-cache"
        ],
        "x-ms-request-id": [
          "d21413b4-5d83-4f8f-9097-736562059077"
        ],
        "x-ms-ratelimit-remaining-subscription-reads": [
          "14805"
        ],
        "x-ms-correlation-request-id": [
          "9296581b-0cf4-4e3b-848f-cd0501ac3650"
        ],
        "x-ms-routing-request-id": [
          "WESTEUROPE:20170531T091226Z:9296581b-0cf4-4e3b-848f-cd0501ac3650"
        ],
        "Strict-Transport-Security": [
          "max-age=31536000; includeSubDomains"
        ],
        "Cache-Control": [
          "no-cache"
        ],
        "Date": [
          "Wed, 31 May 2017 09:12:26 GMT"
        ],
        "Server": [
          "Microsoft-HTTPAPI/2.0"
        ]
      },
      "StatusCode": 200
    },
    {
      "RequestUri": "/subscriptions/b3ee3a7f-7614-4644-ad07-afa832620b4b/resourceGroups/onesdk5304/providers/Microsoft.Sql/servers/onesdk4950/databases/onesdk1681/syncGroups/onesdk1466?api-version=2015-05-01-preview",
      "EncodedRequestUri": "L3N1YnNjcmlwdGlvbnMvYjNlZTNhN2YtNzYxNC00NjQ0LWFkMDctYWZhODMyNjIwYjRiL3Jlc291cmNlR3JvdXBzL29uZXNkazUzMDQvcHJvdmlkZXJzL01pY3Jvc29mdC5TcWwvc2VydmVycy9vbmVzZGs0OTUwL2RhdGFiYXNlcy9vbmVzZGsxNjgxL3N5bmNHcm91cHMvb25lc2RrMTQ2Nj9hcGktdmVyc2lvbj0yMDE1LTA1LTAxLXByZXZpZXc=",
      "RequestMethod": "PUT",
      "RequestBody": "{\r\n  \"properties\": {\r\n    \"interval\": 300,\r\n    \"conflictResolutionPolicy\": \"HubWin\",\r\n    \"syncDatabaseId\": \"/subscriptions/b3ee3a7f-7614-4644-ad07-afa832620b4b/resourceGroups/onesdk5304/providers/Microsoft.Sql/servers/onesdk4950/databases/onesdk2562\",\r\n    \"hubDatabaseUserName\": \"testusername\",\r\n    \"hubDatabasePassword\": \"t357ingP@s5w0rd!\"\r\n  }\r\n}",
      "RequestHeaders": {
        "Content-Type": [
          "application/json; charset=utf-8"
        ],
        "Content-Length": [
          "352"
        ],
        "User-Agent": [
          "Microsoft.Azure.Management.Sql.LegacySdk.SqlManagementClient/3.0.0.0"
        ],
        "x-ms-client-request-id": [
          "81b30df3-d3b1-48f4-924e-6a645d1de397"
        ]
      },
      "ResponseBody": "{\r\n  \"operation\": \"UpsertSyncGroup\",\r\n  \"startTime\": \"2017-05-31T09:11:16.323Z\"\r\n}",
      "ResponseHeaders": {
        "Content-Length": [
          "70"
        ],
        "Content-Type": [
          "application/json; charset=utf-8"
        ],
        "Expires": [
          "-1"
        ],
        "Pragma": [
          "no-cache"
        ],
        "Retry-After": [
          "15"
        ],
        "x-ms-request-id": [
          "295da1ce-8d02-4586-910b-6bcd0f1ce21e"
        ],
        "x-ms-ratelimit-remaining-subscription-writes": [
          "1183"
        ],
        "x-ms-correlation-request-id": [
          "b98a61f1-0193-4182-9911-c65b2affeac7"
        ],
        "x-ms-routing-request-id": [
          "WESTEUROPE:20170531T091117Z:b98a61f1-0193-4182-9911-c65b2affeac7"
        ],
        "Strict-Transport-Security": [
          "max-age=31536000; includeSubDomains"
        ],
        "Cache-Control": [
          "no-cache"
        ],
        "Date": [
          "Wed, 31 May 2017 09:11:17 GMT"
        ],
        "Location": [
          "https://api-dogfood.resources.windows-int.net/subscriptions/b3ee3a7f-7614-4644-ad07-afa832620b4b/providers/Microsoft.Sql/locations/West%20US%202/syncGroupOperationResults/295da1ce-8d02-4586-910b-6bcd0f1ce21e?api-version=2015-05-01-preview"
        ],
        "Server": [
          "Microsoft-HTTPAPI/2.0"
        ]
      },
      "StatusCode": 202
    },
    {
      "RequestUri": "/subscriptions/b3ee3a7f-7614-4644-ad07-afa832620b4b/providers/Microsoft.Sql/locations/West%20US%202/syncGroupOperationResults/295da1ce-8d02-4586-910b-6bcd0f1ce21e?api-version=2015-05-01-preview",
      "EncodedRequestUri": "L3N1YnNjcmlwdGlvbnMvYjNlZTNhN2YtNzYxNC00NjQ0LWFkMDctYWZhODMyNjIwYjRiL3Byb3ZpZGVycy9NaWNyb3NvZnQuU3FsL2xvY2F0aW9ucy9XZXN0JTIwVVMlMjAyL3N5bmNHcm91cE9wZXJhdGlvblJlc3VsdHMvMjk1ZGExY2UtOGQwMi00NTg2LTkxMGItNmJjZDBmMWNlMjFlP2FwaS12ZXJzaW9uPTIwMTUtMDUtMDEtcHJldmlldw==",
      "RequestMethod": "GET",
      "RequestBody": "",
      "RequestHeaders": {
        "User-Agent": [
          "Microsoft.Azure.Management.Sql.LegacySdk.SqlManagementClient/3.0.0.0"
        ],
        "x-ms-client-request-id": [
          "81b30df3-d3b1-48f4-924e-6a645d1de397"
        ]
      },
      "ResponseBody": "{\r\n  \"operation\": \"UpsertSyncGroup\",\r\n  \"startTime\": \"2017-05-31T09:11:16.323Z\"\r\n}",
      "ResponseHeaders": {
        "Content-Length": [
          "70"
        ],
        "Content-Type": [
          "application/json; charset=utf-8"
        ],
        "Expires": [
          "-1"
        ],
        "Pragma": [
          "no-cache"
        ],
        "Retry-After": [
          "15"
        ],
        "x-ms-request-id": [
          "60757b5e-c9c8-4fae-a876-101b507402be"
        ],
        "x-ms-ratelimit-remaining-subscription-reads": [
          "14818"
        ],
        "x-ms-correlation-request-id": [
          "044239ee-8f6a-49a3-840c-8e0c884b5b36"
        ],
        "x-ms-routing-request-id": [
          "WESTEUROPE:20170531T091118Z:044239ee-8f6a-49a3-840c-8e0c884b5b36"
        ],
        "Strict-Transport-Security": [
          "max-age=31536000; includeSubDomains"
        ],
        "Cache-Control": [
          "no-cache"
        ],
        "Date": [
          "Wed, 31 May 2017 09:11:18 GMT"
        ],
        "Location": [
          "https://api-dogfood.resources.windows-int.net/subscriptions/b3ee3a7f-7614-4644-ad07-afa832620b4b/providers/Microsoft.Sql/locations/West%20US%202/syncGroupOperationResults/295da1ce-8d02-4586-910b-6bcd0f1ce21e?api-version=2015-05-01-preview"
        ],
        "Server": [
          "Microsoft-HTTPAPI/2.0"
        ]
      },
      "StatusCode": 202
    },
    {
      "RequestUri": "/subscriptions/b3ee3a7f-7614-4644-ad07-afa832620b4b/providers/Microsoft.Sql/locations/West%20US%202/syncGroupOperationResults/295da1ce-8d02-4586-910b-6bcd0f1ce21e?api-version=2015-05-01-preview",
      "EncodedRequestUri": "L3N1YnNjcmlwdGlvbnMvYjNlZTNhN2YtNzYxNC00NjQ0LWFkMDctYWZhODMyNjIwYjRiL3Byb3ZpZGVycy9NaWNyb3NvZnQuU3FsL2xvY2F0aW9ucy9XZXN0JTIwVVMlMjAyL3N5bmNHcm91cE9wZXJhdGlvblJlc3VsdHMvMjk1ZGExY2UtOGQwMi00NTg2LTkxMGItNmJjZDBmMWNlMjFlP2FwaS12ZXJzaW9uPTIwMTUtMDUtMDEtcHJldmlldw==",
      "RequestMethod": "GET",
      "RequestBody": "",
      "RequestHeaders": {
        "User-Agent": [
          "Microsoft.Azure.Management.Sql.LegacySdk.SqlManagementClient/3.0.0.0"
        ],
        "x-ms-client-request-id": [
          "81b30df3-d3b1-48f4-924e-6a645d1de397"
        ]
      },
      "ResponseBody": "{\r\n  \"operation\": \"UpsertSyncGroup\",\r\n  \"startTime\": \"2017-05-31T09:11:16.323Z\"\r\n}",
      "ResponseHeaders": {
        "Content-Length": [
          "70"
        ],
        "Content-Type": [
          "application/json; charset=utf-8"
        ],
        "Expires": [
          "-1"
        ],
        "Pragma": [
          "no-cache"
        ],
        "Retry-After": [
          "15"
        ],
        "x-ms-request-id": [
          "58b69a31-fece-4c2a-b5d9-5f521bd86411"
        ],
        "x-ms-ratelimit-remaining-subscription-reads": [
          "14817"
        ],
        "x-ms-correlation-request-id": [
          "5d6fc0ff-862a-45ce-b8d5-4ad886d7ba11"
        ],
        "x-ms-routing-request-id": [
          "WESTEUROPE:20170531T091134Z:5d6fc0ff-862a-45ce-b8d5-4ad886d7ba11"
        ],
        "Strict-Transport-Security": [
          "max-age=31536000; includeSubDomains"
        ],
        "Cache-Control": [
          "no-cache"
        ],
        "Date": [
          "Wed, 31 May 2017 09:11:33 GMT"
        ],
        "Location": [
          "https://api-dogfood.resources.windows-int.net/subscriptions/b3ee3a7f-7614-4644-ad07-afa832620b4b/providers/Microsoft.Sql/locations/West%20US%202/syncGroupOperationResults/295da1ce-8d02-4586-910b-6bcd0f1ce21e?api-version=2015-05-01-preview"
        ],
        "Server": [
          "Microsoft-HTTPAPI/2.0"
        ]
      },
      "StatusCode": 202
    },
    {
      "RequestUri": "/subscriptions/b3ee3a7f-7614-4644-ad07-afa832620b4b/providers/Microsoft.Sql/locations/West%20US%202/syncGroupOperationResults/295da1ce-8d02-4586-910b-6bcd0f1ce21e?api-version=2015-05-01-preview",
      "EncodedRequestUri": "L3N1YnNjcmlwdGlvbnMvYjNlZTNhN2YtNzYxNC00NjQ0LWFkMDctYWZhODMyNjIwYjRiL3Byb3ZpZGVycy9NaWNyb3NvZnQuU3FsL2xvY2F0aW9ucy9XZXN0JTIwVVMlMjAyL3N5bmNHcm91cE9wZXJhdGlvblJlc3VsdHMvMjk1ZGExY2UtOGQwMi00NTg2LTkxMGItNmJjZDBmMWNlMjFlP2FwaS12ZXJzaW9uPTIwMTUtMDUtMDEtcHJldmlldw==",
      "RequestMethod": "GET",
      "RequestBody": "",
      "RequestHeaders": {
        "User-Agent": [
          "Microsoft.Azure.Management.Sql.LegacySdk.SqlManagementClient/3.0.0.0"
        ],
        "x-ms-client-request-id": [
          "81b30df3-d3b1-48f4-924e-6a645d1de397"
        ]
      },
      "ResponseBody": "{\r\n  \"operation\": \"UpsertSyncGroup\",\r\n  \"startTime\": \"2017-05-31T09:11:16.323Z\"\r\n}",
      "ResponseHeaders": {
        "Content-Length": [
          "70"
        ],
        "Content-Type": [
          "application/json; charset=utf-8"
        ],
        "Expires": [
          "-1"
        ],
        "Pragma": [
          "no-cache"
        ],
        "Retry-After": [
          "15"
        ],
        "x-ms-request-id": [
          "1d3ec677-510f-406f-be2e-c16ca398cf80"
        ],
        "x-ms-ratelimit-remaining-subscription-reads": [
          "14813"
        ],
        "x-ms-correlation-request-id": [
          "dcc34e25-15ac-4847-b385-8df26dec9e3b"
        ],
        "x-ms-routing-request-id": [
          "WESTEUROPE:20170531T091149Z:dcc34e25-15ac-4847-b385-8df26dec9e3b"
        ],
        "Strict-Transport-Security": [
          "max-age=31536000; includeSubDomains"
        ],
        "Cache-Control": [
          "no-cache"
        ],
        "Date": [
          "Wed, 31 May 2017 09:11:48 GMT"
        ],
        "Location": [
          "https://api-dogfood.resources.windows-int.net/subscriptions/b3ee3a7f-7614-4644-ad07-afa832620b4b/providers/Microsoft.Sql/locations/West%20US%202/syncGroupOperationResults/295da1ce-8d02-4586-910b-6bcd0f1ce21e?api-version=2015-05-01-preview"
        ],
        "Server": [
          "Microsoft-HTTPAPI/2.0"
        ]
      },
      "StatusCode": 202
    },
    {
      "RequestUri": "/subscriptions/b3ee3a7f-7614-4644-ad07-afa832620b4b/providers/Microsoft.Sql/locations/West%20US%202/syncGroupOperationResults/295da1ce-8d02-4586-910b-6bcd0f1ce21e?api-version=2015-05-01-preview",
      "EncodedRequestUri": "L3N1YnNjcmlwdGlvbnMvYjNlZTNhN2YtNzYxNC00NjQ0LWFkMDctYWZhODMyNjIwYjRiL3Byb3ZpZGVycy9NaWNyb3NvZnQuU3FsL2xvY2F0aW9ucy9XZXN0JTIwVVMlMjAyL3N5bmNHcm91cE9wZXJhdGlvblJlc3VsdHMvMjk1ZGExY2UtOGQwMi00NTg2LTkxMGItNmJjZDBmMWNlMjFlP2FwaS12ZXJzaW9uPTIwMTUtMDUtMDEtcHJldmlldw==",
      "RequestMethod": "GET",
      "RequestBody": "",
      "RequestHeaders": {
        "User-Agent": [
          "Microsoft.Azure.Management.Sql.LegacySdk.SqlManagementClient/3.0.0.0"
        ],
        "x-ms-client-request-id": [
          "81b30df3-d3b1-48f4-924e-6a645d1de397"
        ]
      },
      "ResponseBody": "{\r\n  \"id\": \"/subscriptions/b3ee3a7f-7614-4644-ad07-afa832620b4b/resourceGroups/onesdk5304/providers/Microsoft.Sql/servers/onesdk4950/databases/onesdk1681/syncGroups/onesdk1466\",\r\n  \"name\": \"onesdk1466\",\r\n  \"type\": \"Microsoft.Sql/servers/databases/syncGroups\",\r\n  \"kind\": \"\",\r\n  \"properties\": {\r\n    \"interval\": 300,\r\n    \"lastSyncTime\": \"0001-01-01T00:00:00Z\",\r\n    \"conflictResolutionPolicy\": \"HubWin\",\r\n    \"syncDatabaseId\": \"/subscriptions/b3ee3a7f-7614-4644-ad07-afa832620b4b/resourceGroups/onesdk5304/providers/Microsoft.Sql/servers/onesdk4950/databases/onesdk2562\",\r\n    \"syncState\": \"Good\"\r\n  }\r\n}",
      "ResponseHeaders": {
        "Content-Length": [
          "538"
        ],
        "Content-Type": [
          "application/json; charset=utf-8"
        ],
        "Expires": [
          "-1"
        ],
        "Pragma": [
          "no-cache"
        ],
        "x-ms-request-id": [
          "f85ee907-4039-4244-aa6c-231157a69155"
        ],
        "x-ms-ratelimit-remaining-subscription-reads": [
          "14812"
        ],
        "x-ms-correlation-request-id": [
          "686af623-9302-4774-a71c-f4b25e38d9d2"
        ],
        "x-ms-routing-request-id": [
          "WESTEUROPE:20170531T091205Z:686af623-9302-4774-a71c-f4b25e38d9d2"
        ],
        "Strict-Transport-Security": [
          "max-age=31536000; includeSubDomains"
        ],
        "Cache-Control": [
          "no-cache"
        ],
        "Date": [
          "Wed, 31 May 2017 09:12:04 GMT"
        ],
        "Server": [
          "Microsoft-HTTPAPI/2.0"
        ]
      },
      "StatusCode": 201
    },
    {
      "RequestUri": "/subscriptions/b3ee3a7f-7614-4644-ad07-afa832620b4b/resourceGroups/onesdk5304/providers/Microsoft.Sql/servers/onesdk4950/databases/onesdk1681/syncGroups/onesdk1466/syncMembers/onesdk4057?api-version=2015-05-01-preview",
      "EncodedRequestUri": "L3N1YnNjcmlwdGlvbnMvYjNlZTNhN2YtNzYxNC00NjQ0LWFkMDctYWZhODMyNjIwYjRiL3Jlc291cmNlR3JvdXBzL29uZXNkazUzMDQvcHJvdmlkZXJzL01pY3Jvc29mdC5TcWwvc2VydmVycy9vbmVzZGs0OTUwL2RhdGFiYXNlcy9vbmVzZGsxNjgxL3N5bmNHcm91cHMvb25lc2RrMTQ2Ni9zeW5jTWVtYmVycy9vbmVzZGs0MDU3P2FwaS12ZXJzaW9uPTIwMTUtMDUtMDEtcHJldmlldw==",
      "RequestMethod": "GET",
      "RequestBody": "",
      "RequestHeaders": {
        "User-Agent": [
          "Microsoft.Azure.Management.Sql.LegacySdk.SqlManagementClient/3.0.0.0"
        ],
        "x-ms-client-request-id": [
          "a15d0e55-85ea-4c62-925a-95d2a0ea5f77"
        ]
      },
      "ResponseBody": "{\r\n  \"error\": {\r\n    \"code\": \"ResourceNotFound\",\r\n    \"message\": \"The requested resource of type 'Microsoft.Sql/servers/databases/syncGroups/syncMembers' with name 'onesdk4057' was not found.\"\r\n  }\r\n}",
      "ResponseHeaders": {
        "Content-Length": [
          "175"
        ],
        "Content-Type": [
          "application/json; charset=utf-8"
        ],
        "Expires": [
          "-1"
        ],
        "Pragma": [
          "no-cache"
        ],
        "x-ms-request-id": [
          "11bc126a-1540-45d4-931c-8e8de7c22df0"
        ],
        "x-ms-ratelimit-remaining-subscription-reads": [
          "14810"
        ],
        "x-ms-correlation-request-id": [
          "dd862aac-0b53-412c-a497-171a04e718e6"
        ],
        "x-ms-routing-request-id": [
          "WESTEUROPE:20170531T091207Z:dd862aac-0b53-412c-a497-171a04e718e6"
        ],
        "Strict-Transport-Security": [
          "max-age=31536000; includeSubDomains"
        ],
        "Cache-Control": [
          "no-cache"
        ],
        "Date": [
          "Wed, 31 May 2017 09:12:07 GMT"
        ],
        "Server": [
          "Microsoft-HTTPAPI/2.0"
        ]
      },
      "StatusCode": 404
    },
    {
      "RequestUri": "/subscriptions/b3ee3a7f-7614-4644-ad07-afa832620b4b/resourceGroups/onesdk5304/providers/Microsoft.Sql/servers/onesdk4950/databases/onesdk1681/syncGroups/onesdk1466/syncMembers/onesdk4057?api-version=2015-05-01-preview",
      "EncodedRequestUri": "L3N1YnNjcmlwdGlvbnMvYjNlZTNhN2YtNzYxNC00NjQ0LWFkMDctYWZhODMyNjIwYjRiL3Jlc291cmNlR3JvdXBzL29uZXNkazUzMDQvcHJvdmlkZXJzL01pY3Jvc29mdC5TcWwvc2VydmVycy9vbmVzZGs0OTUwL2RhdGFiYXNlcy9vbmVzZGsxNjgxL3N5bmNHcm91cHMvb25lc2RrMTQ2Ni9zeW5jTWVtYmVycy9vbmVzZGs0MDU3P2FwaS12ZXJzaW9uPTIwMTUtMDUtMDEtcHJldmlldw==",
      "RequestMethod": "GET",
      "RequestBody": "",
      "RequestHeaders": {
        "User-Agent": [
          "Microsoft.Azure.Management.Sql.LegacySdk.SqlManagementClient/3.0.0.0"
        ],
        "x-ms-client-request-id": [
          "1393400c-a1d4-414b-bec1-9ae8a030cc25"
        ]
      },
      "ResponseBody": "{\r\n  \"id\": \"/subscriptions/b3ee3a7f-7614-4644-ad07-afa832620b4b/resourceGroups/onesdk5304/providers/Microsoft.Sql/servers/onesdk4950/databases/onesdk1681/syncGroups/onesdk1466/syncMembers/onesdk4057\",\r\n  \"name\": \"onesdk4057\",\r\n  \"type\": \"Microsoft.Sql/servers/databases/syncGroups/syncMembers\",\r\n  \"kind\": \"\",\r\n  \"properties\": {\r\n    \"databaseType\": \"AzureSqlDatabase\",\r\n    \"serverName\": \"onesdk4950.sqltest-eg1.mscds.com\",\r\n    \"databaseName\": \"onesdk4387\",\r\n    \"userName\": \"testusername\",\r\n    \"syncDirection\": \"Bidirectional\",\r\n    \"syncState\": \"UnProvisioned\"\r\n  }\r\n}",
      "ResponseHeaders": {
        "Content-Length": [
          "500"
        ],
        "Content-Type": [
          "application/json; charset=utf-8"
        ],
        "Expires": [
          "-1"
        ],
        "Pragma": [
          "no-cache"
        ],
        "x-ms-request-id": [
          "f3ac65be-cf1f-4fa1-b88d-ed79eaa58a9e"
        ],
        "x-ms-ratelimit-remaining-subscription-reads": [
          "14807"
        ],
        "x-ms-correlation-request-id": [
          "a49903d8-6554-4f78-af29-41dcd3ce09f0"
        ],
        "x-ms-routing-request-id": [
          "WESTEUROPE:20170531T091225Z:a49903d8-6554-4f78-af29-41dcd3ce09f0"
        ],
        "Strict-Transport-Security": [
          "max-age=31536000; includeSubDomains"
        ],
        "Cache-Control": [
          "no-cache"
        ],
        "Date": [
          "Wed, 31 May 2017 09:12:25 GMT"
        ],
        "Server": [
          "Microsoft-HTTPAPI/2.0"
        ]
      },
      "StatusCode": 200
    },
    {
      "RequestUri": "/subscriptions/b3ee3a7f-7614-4644-ad07-afa832620b4b/resourceGroups/onesdk5304/providers/Microsoft.Sql/servers/onesdk4950/databases/onesdk1681/syncGroups/onesdk1466/syncMembers/onesdk4057?api-version=2015-05-01-preview",
      "EncodedRequestUri": "L3N1YnNjcmlwdGlvbnMvYjNlZTNhN2YtNzYxNC00NjQ0LWFkMDctYWZhODMyNjIwYjRiL3Jlc291cmNlR3JvdXBzL29uZXNkazUzMDQvcHJvdmlkZXJzL01pY3Jvc29mdC5TcWwvc2VydmVycy9vbmVzZGs0OTUwL2RhdGFiYXNlcy9vbmVzZGsxNjgxL3N5bmNHcm91cHMvb25lc2RrMTQ2Ni9zeW5jTWVtYmVycy9vbmVzZGs0MDU3P2FwaS12ZXJzaW9uPTIwMTUtMDUtMDEtcHJldmlldw==",
      "RequestMethod": "GET",
      "RequestBody": "",
      "RequestHeaders": {
        "User-Agent": [
          "Microsoft.Azure.Management.Sql.LegacySdk.SqlManagementClient/3.0.0.0"
        ],
        "x-ms-client-request-id": [
          "8bf4c649-f9d0-4fb9-a63a-a597c39abf57"
        ]
      },
      "ResponseBody": "{\r\n  \"id\": \"/subscriptions/b3ee3a7f-7614-4644-ad07-afa832620b4b/resourceGroups/onesdk5304/providers/Microsoft.Sql/servers/onesdk4950/databases/onesdk1681/syncGroups/onesdk1466/syncMembers/onesdk4057\",\r\n  \"name\": \"onesdk4057\",\r\n  \"type\": \"Microsoft.Sql/servers/databases/syncGroups/syncMembers\",\r\n  \"kind\": \"\",\r\n  \"properties\": {\r\n    \"databaseType\": \"AzureSqlDatabase\",\r\n    \"serverName\": \"onesdk4950.sqltest-eg1.mscds.com\",\r\n    \"databaseName\": \"onesdk4387\",\r\n    \"userName\": \"testusername\",\r\n    \"syncDirection\": \"Bidirectional\",\r\n    \"syncState\": \"UnProvisioned\"\r\n  }\r\n}",
      "ResponseHeaders": {
        "Content-Length": [
          "500"
        ],
        "Content-Type": [
          "application/json; charset=utf-8"
        ],
        "Expires": [
          "-1"
        ],
        "Pragma": [
          "no-cache"
        ],
        "x-ms-request-id": [
          "bd0954af-91c3-4c9e-9d5e-72601e3d179c"
        ],
        "x-ms-ratelimit-remaining-subscription-reads": [
          "14806"
        ],
        "x-ms-correlation-request-id": [
          "8b29aa4b-1488-4f08-9e27-a3ec73c7b52a"
        ],
        "x-ms-routing-request-id": [
          "WESTEUROPE:20170531T091226Z:8b29aa4b-1488-4f08-9e27-a3ec73c7b52a"
        ],
        "Strict-Transport-Security": [
          "max-age=31536000; includeSubDomains"
        ],
        "Cache-Control": [
          "no-cache"
        ],
        "Date": [
          "Wed, 31 May 2017 09:12:26 GMT"
        ],
        "Server": [
          "Microsoft-HTTPAPI/2.0"
        ]
      },
      "StatusCode": 200
    },
    {
      "RequestUri": "/subscriptions/b3ee3a7f-7614-4644-ad07-afa832620b4b/resourceGroups/onesdk5304/providers/Microsoft.Sql/servers/onesdk4950/databases/onesdk1681/syncGroups/onesdk1466/syncMembers/onesdk4057?api-version=2015-05-01-preview",
      "EncodedRequestUri": "L3N1YnNjcmlwdGlvbnMvYjNlZTNhN2YtNzYxNC00NjQ0LWFkMDctYWZhODMyNjIwYjRiL3Jlc291cmNlR3JvdXBzL29uZXNkazUzMDQvcHJvdmlkZXJzL01pY3Jvc29mdC5TcWwvc2VydmVycy9vbmVzZGs0OTUwL2RhdGFiYXNlcy9vbmVzZGsxNjgxL3N5bmNHcm91cHMvb25lc2RrMTQ2Ni9zeW5jTWVtYmVycy9vbmVzZGs0MDU3P2FwaS12ZXJzaW9uPTIwMTUtMDUtMDEtcHJldmlldw==",
      "RequestMethod": "PUT",
      "RequestBody": "{\r\n  \"properties\": {\r\n    \"syncDirection\": \"Bidirectional\",\r\n    \"serverName\": \"onesdk4950.sqltest-eg1.mscds.com\",\r\n    \"databaseName\": \"onesdk4387\",\r\n    \"userName\": \"testusername\",\r\n    \"password\": \"t357ingP@s5w0rd!\",\r\n    \"databaseType\": \"AzureSqlDatabase\"\r\n  }\r\n}",
      "RequestHeaders": {
        "Content-Type": [
          "application/json; charset=utf-8"
        ],
        "Content-Length": [
          "267"
        ],
        "User-Agent": [
          "Microsoft.Azure.Management.Sql.LegacySdk.SqlManagementClient/3.0.0.0"
        ],
        "x-ms-client-request-id": [
          "391bb54f-1d99-4a1e-9f40-774eaf48c5d3"
        ]
      },
      "ResponseBody": "{\r\n  \"operation\": \"UpsertSyncMember\",\r\n  \"startTime\": \"2017-05-31T09:12:07.757Z\"\r\n}",
      "ResponseHeaders": {
        "Content-Length": [
          "71"
        ],
        "Content-Type": [
          "application/json; charset=utf-8"
        ],
        "Expires": [
          "-1"
        ],
        "Pragma": [
          "no-cache"
        ],
        "Retry-After": [
          "15"
        ],
        "x-ms-request-id": [
          "99d95b45-18d8-43a4-a080-2f0353687dd4"
        ],
        "x-ms-ratelimit-remaining-subscription-writes": [
          "1182"
        ],
        "x-ms-correlation-request-id": [
          "473f3b9f-a836-44e6-bcea-25cb5dcb81bb"
        ],
        "x-ms-routing-request-id": [
          "WESTEUROPE:20170531T091208Z:473f3b9f-a836-44e6-bcea-25cb5dcb81bb"
        ],
        "Strict-Transport-Security": [
          "max-age=31536000; includeSubDomains"
        ],
        "Cache-Control": [
          "no-cache"
        ],
        "Date": [
          "Wed, 31 May 2017 09:12:08 GMT"
        ],
        "Location": [
          "https://api-dogfood.resources.windows-int.net/subscriptions/b3ee3a7f-7614-4644-ad07-afa832620b4b/providers/Microsoft.Sql/locations/West%20US%202/syncMemberOperationResults/99d95b45-18d8-43a4-a080-2f0353687dd4?api-version=2015-05-01-preview"
        ],
        "Server": [
          "Microsoft-HTTPAPI/2.0"
        ]
      },
      "StatusCode": 202
    },
    {
      "RequestUri": "/subscriptions/b3ee3a7f-7614-4644-ad07-afa832620b4b/providers/Microsoft.Sql/locations/West%20US%202/syncMemberOperationResults/99d95b45-18d8-43a4-a080-2f0353687dd4?api-version=2015-05-01-preview",
      "EncodedRequestUri": "L3N1YnNjcmlwdGlvbnMvYjNlZTNhN2YtNzYxNC00NjQ0LWFkMDctYWZhODMyNjIwYjRiL3Byb3ZpZGVycy9NaWNyb3NvZnQuU3FsL2xvY2F0aW9ucy9XZXN0JTIwVVMlMjAyL3N5bmNNZW1iZXJPcGVyYXRpb25SZXN1bHRzLzk5ZDk1YjQ1LTE4ZDgtNDNhNC1hMDgwLTJmMDM1MzY4N2RkND9hcGktdmVyc2lvbj0yMDE1LTA1LTAxLXByZXZpZXc=",
      "RequestMethod": "GET",
      "RequestBody": "",
      "RequestHeaders": {
        "User-Agent": [
          "Microsoft.Azure.Management.Sql.LegacySdk.SqlManagementClient/3.0.0.0"
        ],
        "x-ms-client-request-id": [
          "391bb54f-1d99-4a1e-9f40-774eaf48c5d3"
        ]
      },
      "ResponseBody": "{\r\n  \"operation\": \"UpsertSyncMember\",\r\n  \"startTime\": \"2017-05-31T09:12:07.757Z\"\r\n}",
      "ResponseHeaders": {
        "Content-Length": [
          "71"
        ],
        "Content-Type": [
          "application/json; charset=utf-8"
        ],
        "Expires": [
          "-1"
        ],
        "Pragma": [
          "no-cache"
        ],
        "Retry-After": [
          "15"
        ],
        "x-ms-request-id": [
          "ebffc1f9-7440-4786-b69e-1ecee6873067"
        ],
        "x-ms-ratelimit-remaining-subscription-reads": [
          "14809"
        ],
        "x-ms-correlation-request-id": [
          "d5012462-9adf-434f-90c2-18359f736a68"
        ],
        "x-ms-routing-request-id": [
          "WESTEUROPE:20170531T091209Z:d5012462-9adf-434f-90c2-18359f736a68"
        ],
        "Strict-Transport-Security": [
          "max-age=31536000; includeSubDomains"
        ],
        "Cache-Control": [
          "no-cache"
        ],
        "Date": [
          "Wed, 31 May 2017 09:12:09 GMT"
        ],
        "Location": [
          "https://api-dogfood.resources.windows-int.net/subscriptions/b3ee3a7f-7614-4644-ad07-afa832620b4b/providers/Microsoft.Sql/locations/West%20US%202/syncMemberOperationResults/99d95b45-18d8-43a4-a080-2f0353687dd4?api-version=2015-05-01-preview"
        ],
        "Server": [
          "Microsoft-HTTPAPI/2.0"
        ]
      },
      "StatusCode": 202
    },
    {
      "RequestUri": "/subscriptions/b3ee3a7f-7614-4644-ad07-afa832620b4b/providers/Microsoft.Sql/locations/West%20US%202/syncMemberOperationResults/99d95b45-18d8-43a4-a080-2f0353687dd4?api-version=2015-05-01-preview",
      "EncodedRequestUri": "L3N1YnNjcmlwdGlvbnMvYjNlZTNhN2YtNzYxNC00NjQ0LWFkMDctYWZhODMyNjIwYjRiL3Byb3ZpZGVycy9NaWNyb3NvZnQuU3FsL2xvY2F0aW9ucy9XZXN0JTIwVVMlMjAyL3N5bmNNZW1iZXJPcGVyYXRpb25SZXN1bHRzLzk5ZDk1YjQ1LTE4ZDgtNDNhNC1hMDgwLTJmMDM1MzY4N2RkND9hcGktdmVyc2lvbj0yMDE1LTA1LTAxLXByZXZpZXc=",
      "RequestMethod": "GET",
      "RequestBody": "",
      "RequestHeaders": {
        "User-Agent": [
          "Microsoft.Azure.Management.Sql.LegacySdk.SqlManagementClient/3.0.0.0"
        ],
        "x-ms-client-request-id": [
          "391bb54f-1d99-4a1e-9f40-774eaf48c5d3"
        ]
      },
      "ResponseBody": "{\r\n  \"id\": \"/subscriptions/b3ee3a7f-7614-4644-ad07-afa832620b4b/resourceGroups/onesdk5304/providers/Microsoft.Sql/servers/onesdk4950/databases/onesdk1681/syncGroups/onesdk1466/syncMembers/onesdk4057\",\r\n  \"name\": \"onesdk4057\",\r\n  \"type\": \"Microsoft.Sql/servers/databases/syncGroups/syncMembers\",\r\n  \"kind\": \"\",\r\n  \"properties\": {\r\n    \"databaseType\": \"AzureSqlDatabase\",\r\n    \"serverName\": \"onesdk4950.sqltest-eg1.mscds.com\",\r\n    \"databaseName\": \"onesdk4387\",\r\n    \"syncDirection\": \"Bidirectional\"\r\n  }\r\n}",
      "ResponseHeaders": {
        "Content-Length": [
          "446"
        ],
        "Content-Type": [
          "application/json; charset=utf-8"
        ],
        "Expires": [
          "-1"
        ],
        "Pragma": [
          "no-cache"
        ],
        "x-ms-request-id": [
          "5716c1b8-516d-476f-bc2f-59c1d26f161c"
        ],
        "x-ms-ratelimit-remaining-subscription-reads": [
          "14808"
        ],
        "x-ms-correlation-request-id": [
          "6166ed6d-3d00-4f58-a6f9-9109cee6742d"
        ],
        "x-ms-routing-request-id": [
          "WESTEUROPE:20170531T091225Z:6166ed6d-3d00-4f58-a6f9-9109cee6742d"
        ],
        "Strict-Transport-Security": [
          "max-age=31536000; includeSubDomains"
        ],
        "Cache-Control": [
          "no-cache"
        ],
        "Date": [
          "Wed, 31 May 2017 09:12:25 GMT"
        ],
        "Server": [
          "Microsoft-HTTPAPI/2.0"
        ]
      },
      "StatusCode": 201
    },
    {
      "RequestUri": "/subscriptions/b3ee3a7f-7614-4644-ad07-afa832620b4b/resourceGroups/onesdk5304/providers/Microsoft.Sql/servers/onesdk4950/databases/onesdk1681/syncGroups/onesdk1466/syncMembers/onesdk4057/refreshSchema?api-version=2015-05-01-preview",
      "EncodedRequestUri": "L3N1YnNjcmlwdGlvbnMvYjNlZTNhN2YtNzYxNC00NjQ0LWFkMDctYWZhODMyNjIwYjRiL3Jlc291cmNlR3JvdXBzL29uZXNkazUzMDQvcHJvdmlkZXJzL01pY3Jvc29mdC5TcWwvc2VydmVycy9vbmVzZGs0OTUwL2RhdGFiYXNlcy9vbmVzZGsxNjgxL3N5bmNHcm91cHMvb25lc2RrMTQ2Ni9zeW5jTWVtYmVycy9vbmVzZGs0MDU3L3JlZnJlc2hTY2hlbWE/YXBpLXZlcnNpb249MjAxNS0wNS0wMS1wcmV2aWV3",
      "RequestMethod": "POST",
      "RequestBody": "",
      "RequestHeaders": {
        "User-Agent": [
          "Microsoft.Azure.Management.Sql.LegacySdk.SqlManagementClient/3.0.0.0"
        ],
        "x-ms-client-request-id": [
          "bfae3dd8-d70a-4c1e-a213-c20a8143a912"
        ]
      },
      "ResponseBody": "{\r\n  \"operation\": \"RefrehSyncMemberSchema\",\r\n  \"startTime\": \"2017-05-31T09:12:27.15Z\"\r\n}",
      "ResponseHeaders": {
        "Content-Length": [
          "76"
        ],
        "Content-Type": [
          "application/json; charset=utf-8"
        ],
        "Expires": [
          "-1"
        ],
        "Pragma": [
          "no-cache"
        ],
        "Retry-After": [
          "15"
        ],
        "x-ms-request-id": [
          "0088561f-3805-4d14-8b79-c60d335203d3"
        ],
        "x-ms-ratelimit-remaining-subscription-writes": [
          "1181"
        ],
        "x-ms-correlation-request-id": [
          "01c2637c-c61b-4097-b7c4-47bf1922d989"
        ],
        "x-ms-routing-request-id": [
          "WESTEUROPE:20170531T091227Z:01c2637c-c61b-4097-b7c4-47bf1922d989"
        ],
        "Strict-Transport-Security": [
          "max-age=31536000; includeSubDomains"
        ],
        "Cache-Control": [
          "no-cache"
        ],
        "Date": [
          "Wed, 31 May 2017 09:12:27 GMT"
        ],
        "Location": [
          "https://api-dogfood.resources.windows-int.net/subscriptions/b3ee3a7f-7614-4644-ad07-afa832620b4b/resourceGroups/onesdk5304/providers/Microsoft.Sql/servers/onesdk4950/databases/onesdk1681/syncGroups/onesdk1466/syncMembers/onesdk4057/refreshSchemaOperationResults/0088561f-3805-4d14-8b79-c60d335203d3?api-version=2015-05-01-preview"
        ],
        "Server": [
          "Microsoft-HTTPAPI/2.0"
        ]
      },
      "StatusCode": 202
    },
    {
      "RequestUri": "/subscriptions/b3ee3a7f-7614-4644-ad07-afa832620b4b/resourceGroups/onesdk5304/providers/Microsoft.Sql/servers/onesdk4950/databases/onesdk1681/syncGroups/onesdk1466/syncMembers/onesdk4057/refreshSchemaOperationResults/0088561f-3805-4d14-8b79-c60d335203d3?api-version=2015-05-01-preview",
      "EncodedRequestUri": "L3N1YnNjcmlwdGlvbnMvYjNlZTNhN2YtNzYxNC00NjQ0LWFkMDctYWZhODMyNjIwYjRiL3Jlc291cmNlR3JvdXBzL29uZXNkazUzMDQvcHJvdmlkZXJzL01pY3Jvc29mdC5TcWwvc2VydmVycy9vbmVzZGs0OTUwL2RhdGFiYXNlcy9vbmVzZGsxNjgxL3N5bmNHcm91cHMvb25lc2RrMTQ2Ni9zeW5jTWVtYmVycy9vbmVzZGs0MDU3L3JlZnJlc2hTY2hlbWFPcGVyYXRpb25SZXN1bHRzLzAwODg1NjFmLTM4MDUtNGQxNC04Yjc5LWM2MGQzMzUyMDNkMz9hcGktdmVyc2lvbj0yMDE1LTA1LTAxLXByZXZpZXc=",
      "RequestMethod": "GET",
      "RequestBody": "",
      "RequestHeaders": {
        "User-Agent": [
          "Microsoft.Azure.Management.Sql.LegacySdk.SqlManagementClient/3.0.0.0"
        ],
        "x-ms-client-request-id": [
          "bfae3dd8-d70a-4c1e-a213-c20a8143a912"
        ]
      },
      "ResponseBody": "",
      "ResponseHeaders": {
        "Content-Length": [
          "0"
        ],
        "Expires": [
          "-1"
        ],
        "Pragma": [
          "no-cache"
        ],
        "x-ms-request-id": [
          "90622224-dd39-4656-b8f7-040260b39249"
        ],
        "x-ms-ratelimit-remaining-subscription-reads": [
          "14804"
        ],
        "x-ms-correlation-request-id": [
          "bd15bd48-9cfe-4f04-aaea-09d108d05a4d"
        ],
        "x-ms-routing-request-id": [
          "WESTEUROPE:20170531T091228Z:bd15bd48-9cfe-4f04-aaea-09d108d05a4d"
        ],
        "Strict-Transport-Security": [
          "max-age=31536000; includeSubDomains"
        ],
        "Cache-Control": [
          "no-cache"
        ],
        "Date": [
          "Wed, 31 May 2017 09:12:27 GMT"
        ],
        "Server": [
          "Microsoft-HTTPAPI/2.0"
        ]
      },
      "StatusCode": 200
    },
    {
      "RequestUri": "/subscriptions/b3ee3a7f-7614-4644-ad07-afa832620b4b/resourceGroups/onesdk5304/providers/Microsoft.Sql/servers/onesdk4950/databases/onesdk1681/syncGroups/onesdk1466/syncMembers/onesdk4057/schemas?api-version=2015-05-01-preview",
      "EncodedRequestUri": "L3N1YnNjcmlwdGlvbnMvYjNlZTNhN2YtNzYxNC00NjQ0LWFkMDctYWZhODMyNjIwYjRiL3Jlc291cmNlR3JvdXBzL29uZXNkazUzMDQvcHJvdmlkZXJzL01pY3Jvc29mdC5TcWwvc2VydmVycy9vbmVzZGs0OTUwL2RhdGFiYXNlcy9vbmVzZGsxNjgxL3N5bmNHcm91cHMvb25lc2RrMTQ2Ni9zeW5jTWVtYmVycy9vbmVzZGs0MDU3L3NjaGVtYXM/YXBpLXZlcnNpb249MjAxNS0wNS0wMS1wcmV2aWV3",
      "RequestMethod": "GET",
      "RequestBody": "",
      "RequestHeaders": {
        "User-Agent": [
          "Microsoft.Azure.Management.Sql.LegacySdk.SqlManagementClient/3.0.0.0"
        ],
        "x-ms-client-request-id": [
          "1024251a-9f94-4ce7-85a6-13e3e6769528"
        ]
      },
      "ResponseBody": "{\r\n  \"value\": []\r\n}",
      "ResponseHeaders": {
        "Content-Length": [
          "12"
        ],
        "Content-Type": [
          "application/json; charset=utf-8"
        ],
        "Expires": [
          "-1"
        ],
        "Pragma": [
          "no-cache"
        ],
        "x-ms-request-id": [
          "0ff40c65-73ef-46e4-b6c2-dd5b1d6995dd"
        ],
        "x-ms-ratelimit-remaining-subscription-reads": [
          "14803"
        ],
        "x-ms-correlation-request-id": [
          "6081706d-1858-41e0-91e0-a557b792b57e"
        ],
        "x-ms-routing-request-id": [
          "WESTEUROPE:20170531T091229Z:6081706d-1858-41e0-91e0-a557b792b57e"
        ],
        "Strict-Transport-Security": [
          "max-age=31536000; includeSubDomains"
        ],
        "Cache-Control": [
          "no-cache"
        ],
        "Date": [
          "Wed, 31 May 2017 09:12:28 GMT"
        ],
        "Server": [
          "Microsoft-HTTPAPI/2.0"
        ]
      },
      "StatusCode": 200
    },
    {
      "RequestUri": "/subscriptions/b3ee3a7f-7614-4644-ad07-afa832620b4b/resourcegroups/onesdk5304?api-version=2016-02-01",
      "EncodedRequestUri": "L3N1YnNjcmlwdGlvbnMvYjNlZTNhN2YtNzYxNC00NjQ0LWFkMDctYWZhODMyNjIwYjRiL3Jlc291cmNlZ3JvdXBzL29uZXNkazUzMDQ/YXBpLXZlcnNpb249MjAxNi0wMi0wMQ==",
      "RequestMethod": "DELETE",
      "RequestBody": "",
      "RequestHeaders": {
        "User-Agent": [
          "Microsoft.Azure.Management.Resources.ResourceManagementClient/2.0.0.0"
        ]
      },
      "ResponseBody": "",
      "ResponseHeaders": {
        "Content-Length": [
          "0"
        ],
        "Expires": [
          "-1"
        ],
        "Pragma": [
          "no-cache"
        ],
        "Retry-After": [
          "15"
        ],
        "x-ms-ratelimit-remaining-subscription-writes": [
          "1161"
        ],
        "x-ms-request-id": [
          "106331ef-efa9-4cb8-9a6b-422949b63e7f"
        ],
        "x-ms-correlation-request-id": [
          "106331ef-efa9-4cb8-9a6b-422949b63e7f"
        ],
        "x-ms-routing-request-id": [
          "CENTRALUS:20170531T091231Z:106331ef-efa9-4cb8-9a6b-422949b63e7f"
        ],
        "Strict-Transport-Security": [
          "max-age=31536000; includeSubDomains"
        ],
        "Cache-Control": [
          "no-cache"
        ],
        "Date": [
          "Wed, 31 May 2017 09:12:31 GMT"
        ],
        "Location": [
          "https://api-dogfood.resources.windows-int.net/subscriptions/b3ee3a7f-7614-4644-ad07-afa832620b4b/operationresults/eyJqb2JJZCI6IlJFU09VUkNFR1JPVVBERUxFVElPTkpPQi1PTkVTREs1MzA0LUpBUEFORUFTVCIsImpvYkxvY2F0aW9uIjoiamFwYW5lYXN0In0?api-version=2016-02-01"
        ]
      },
      "StatusCode": 202
    },
    {
      "RequestUri": "/subscriptions/b3ee3a7f-7614-4644-ad07-afa832620b4b/operationresults/eyJqb2JJZCI6IlJFU09VUkNFR1JPVVBERUxFVElPTkpPQi1PTkVTREs1MzA0LUpBUEFORUFTVCIsImpvYkxvY2F0aW9uIjoiamFwYW5lYXN0In0?api-version=2016-02-01",
      "EncodedRequestUri": "L3N1YnNjcmlwdGlvbnMvYjNlZTNhN2YtNzYxNC00NjQ0LWFkMDctYWZhODMyNjIwYjRiL29wZXJhdGlvbnJlc3VsdHMvZXlKcWIySkpaQ0k2SWxKRlUwOVZVa05GUjFKUFZWQkVSVXhGVkVsUFRrcFBRaTFQVGtWVFJFczFNekEwTFVwQlVFRk9SVUZUVkNJc0ltcHZZa3h2WTJGMGFXOXVJam9pYW1Gd1lXNWxZWE4wSW4wP2FwaS12ZXJzaW9uPTIwMTYtMDItMDE=",
      "RequestMethod": "GET",
      "RequestBody": "",
      "RequestHeaders": {
        "x-ms-version": [
          "2016-02-01"
        ],
        "User-Agent": [
          "Microsoft.Azure.Management.Resources.ResourceManagementClient/2.0.0.0"
        ]
      },
      "ResponseBody": "",
      "ResponseHeaders": {
        "Content-Length": [
          "0"
        ],
        "Expires": [
          "-1"
        ],
        "Pragma": [
          "no-cache"
        ],
        "Retry-After": [
          "15"
        ],
        "x-ms-ratelimit-remaining-subscription-reads": [
          "14620"
        ],
        "x-ms-request-id": [
          "261a2e0e-d24b-419d-8113-41beb93f74ec"
        ],
        "x-ms-correlation-request-id": [
          "261a2e0e-d24b-419d-8113-41beb93f74ec"
        ],
        "x-ms-routing-request-id": [
          "CENTRALUS:20170531T091232Z:261a2e0e-d24b-419d-8113-41beb93f74ec"
        ],
        "Strict-Transport-Security": [
          "max-age=31536000; includeSubDomains"
        ],
        "Cache-Control": [
          "no-cache"
        ],
        "Date": [
          "Wed, 31 May 2017 09:12:32 GMT"
        ],
        "Location": [
          "https://api-dogfood.resources.windows-int.net/subscriptions/b3ee3a7f-7614-4644-ad07-afa832620b4b/operationresults/eyJqb2JJZCI6IlJFU09VUkNFR1JPVVBERUxFVElPTkpPQi1PTkVTREs1MzA0LUpBUEFORUFTVCIsImpvYkxvY2F0aW9uIjoiamFwYW5lYXN0In0?api-version=2016-02-01"
        ]
      },
      "StatusCode": 202
    },
    {
      "RequestUri": "/subscriptions/b3ee3a7f-7614-4644-ad07-afa832620b4b/operationresults/eyJqb2JJZCI6IlJFU09VUkNFR1JPVVBERUxFVElPTkpPQi1PTkVTREs1MzA0LUpBUEFORUFTVCIsImpvYkxvY2F0aW9uIjoiamFwYW5lYXN0In0?api-version=2016-02-01",
      "EncodedRequestUri": "L3N1YnNjcmlwdGlvbnMvYjNlZTNhN2YtNzYxNC00NjQ0LWFkMDctYWZhODMyNjIwYjRiL29wZXJhdGlvbnJlc3VsdHMvZXlKcWIySkpaQ0k2SWxKRlUwOVZVa05GUjFKUFZWQkVSVXhGVkVsUFRrcFBRaTFQVGtWVFJFczFNekEwTFVwQlVFRk9SVUZUVkNJc0ltcHZZa3h2WTJGMGFXOXVJam9pYW1Gd1lXNWxZWE4wSW4wP2FwaS12ZXJzaW9uPTIwMTYtMDItMDE=",
      "RequestMethod": "GET",
      "RequestBody": "",
      "RequestHeaders": {
        "x-ms-version": [
          "2016-02-01"
        ],
        "User-Agent": [
          "Microsoft.Azure.Management.Resources.ResourceManagementClient/2.0.0.0"
        ]
      },
      "ResponseBody": "",
      "ResponseHeaders": {
        "Content-Length": [
          "0"
        ],
        "Expires": [
          "-1"
        ],
        "Pragma": [
          "no-cache"
        ],
        "Retry-After": [
          "15"
        ],
        "x-ms-ratelimit-remaining-subscription-reads": [
          "14618"
        ],
        "x-ms-request-id": [
          "6f5efcc6-500b-4a91-a3f1-9a85ce206e13"
        ],
        "x-ms-correlation-request-id": [
          "6f5efcc6-500b-4a91-a3f1-9a85ce206e13"
        ],
        "x-ms-routing-request-id": [
          "CENTRALUS:20170531T091248Z:6f5efcc6-500b-4a91-a3f1-9a85ce206e13"
        ],
        "Strict-Transport-Security": [
          "max-age=31536000; includeSubDomains"
        ],
        "Cache-Control": [
          "no-cache"
        ],
        "Date": [
          "Wed, 31 May 2017 09:12:47 GMT"
        ],
        "Location": [
          "https://api-dogfood.resources.windows-int.net/subscriptions/b3ee3a7f-7614-4644-ad07-afa832620b4b/operationresults/eyJqb2JJZCI6IlJFU09VUkNFR1JPVVBERUxFVElPTkpPQi1PTkVTREs1MzA0LUpBUEFORUFTVCIsImpvYkxvY2F0aW9uIjoiamFwYW5lYXN0In0?api-version=2016-02-01"
        ]
      },
      "StatusCode": 202
    },
    {
      "RequestUri": "/subscriptions/b3ee3a7f-7614-4644-ad07-afa832620b4b/operationresults/eyJqb2JJZCI6IlJFU09VUkNFR1JPVVBERUxFVElPTkpPQi1PTkVTREs1MzA0LUpBUEFORUFTVCIsImpvYkxvY2F0aW9uIjoiamFwYW5lYXN0In0?api-version=2016-02-01",
      "EncodedRequestUri": "L3N1YnNjcmlwdGlvbnMvYjNlZTNhN2YtNzYxNC00NjQ0LWFkMDctYWZhODMyNjIwYjRiL29wZXJhdGlvbnJlc3VsdHMvZXlKcWIySkpaQ0k2SWxKRlUwOVZVa05GUjFKUFZWQkVSVXhGVkVsUFRrcFBRaTFQVGtWVFJFczFNekEwTFVwQlVFRk9SVUZUVkNJc0ltcHZZa3h2WTJGMGFXOXVJam9pYW1Gd1lXNWxZWE4wSW4wP2FwaS12ZXJzaW9uPTIwMTYtMDItMDE=",
      "RequestMethod": "GET",
      "RequestBody": "",
      "RequestHeaders": {
        "x-ms-version": [
          "2016-02-01"
        ],
        "User-Agent": [
          "Microsoft.Azure.Management.Resources.ResourceManagementClient/2.0.0.0"
        ]
      },
      "ResponseBody": "",
      "ResponseHeaders": {
        "Content-Length": [
          "0"
        ],
        "Expires": [
          "-1"
        ],
        "Pragma": [
          "no-cache"
        ],
        "Retry-After": [
          "15"
        ],
        "x-ms-ratelimit-remaining-subscription-reads": [
          "14614"
        ],
        "x-ms-request-id": [
          "2586319f-488e-448d-918a-c7f2e844b29d"
        ],
        "x-ms-correlation-request-id": [
          "2586319f-488e-448d-918a-c7f2e844b29d"
        ],
        "x-ms-routing-request-id": [
          "CENTRALUS:20170531T091303Z:2586319f-488e-448d-918a-c7f2e844b29d"
        ],
        "Strict-Transport-Security": [
          "max-age=31536000; includeSubDomains"
        ],
        "Cache-Control": [
          "no-cache"
        ],
        "Date": [
          "Wed, 31 May 2017 09:13:03 GMT"
        ],
        "Location": [
          "https://api-dogfood.resources.windows-int.net/subscriptions/b3ee3a7f-7614-4644-ad07-afa832620b4b/operationresults/eyJqb2JJZCI6IlJFU09VUkNFR1JPVVBERUxFVElPTkpPQi1PTkVTREs1MzA0LUpBUEFORUFTVCIsImpvYkxvY2F0aW9uIjoiamFwYW5lYXN0In0?api-version=2016-02-01"
        ]
      },
      "StatusCode": 202
    },
    {
      "RequestUri": "/subscriptions/b3ee3a7f-7614-4644-ad07-afa832620b4b/operationresults/eyJqb2JJZCI6IlJFU09VUkNFR1JPVVBERUxFVElPTkpPQi1PTkVTREs1MzA0LUpBUEFORUFTVCIsImpvYkxvY2F0aW9uIjoiamFwYW5lYXN0In0?api-version=2016-02-01",
      "EncodedRequestUri": "L3N1YnNjcmlwdGlvbnMvYjNlZTNhN2YtNzYxNC00NjQ0LWFkMDctYWZhODMyNjIwYjRiL29wZXJhdGlvbnJlc3VsdHMvZXlKcWIySkpaQ0k2SWxKRlUwOVZVa05GUjFKUFZWQkVSVXhGVkVsUFRrcFBRaTFQVGtWVFJFczFNekEwTFVwQlVFRk9SVUZUVkNJc0ltcHZZa3h2WTJGMGFXOXVJam9pYW1Gd1lXNWxZWE4wSW4wP2FwaS12ZXJzaW9uPTIwMTYtMDItMDE=",
      "RequestMethod": "GET",
      "RequestBody": "",
      "RequestHeaders": {
        "x-ms-version": [
          "2016-02-01"
        ],
        "User-Agent": [
          "Microsoft.Azure.Management.Resources.ResourceManagementClient/2.0.0.0"
        ]
      },
      "ResponseBody": "",
      "ResponseHeaders": {
        "Content-Length": [
          "0"
        ],
        "Expires": [
          "-1"
        ],
        "Pragma": [
          "no-cache"
        ],
        "Retry-After": [
          "15"
        ],
        "x-ms-ratelimit-remaining-subscription-reads": [
          "14612"
        ],
        "x-ms-request-id": [
          "6fb21579-2a14-44e3-8c38-43bfbcda92d3"
        ],
        "x-ms-correlation-request-id": [
          "6fb21579-2a14-44e3-8c38-43bfbcda92d3"
        ],
        "x-ms-routing-request-id": [
          "CENTRALUS:20170531T091319Z:6fb21579-2a14-44e3-8c38-43bfbcda92d3"
        ],
        "Strict-Transport-Security": [
          "max-age=31536000; includeSubDomains"
        ],
        "Cache-Control": [
          "no-cache"
        ],
        "Date": [
          "Wed, 31 May 2017 09:13:19 GMT"
        ],
        "Location": [
          "https://api-dogfood.resources.windows-int.net/subscriptions/b3ee3a7f-7614-4644-ad07-afa832620b4b/operationresults/eyJqb2JJZCI6IlJFU09VUkNFR1JPVVBERUxFVElPTkpPQi1PTkVTREs1MzA0LUpBUEFORUFTVCIsImpvYkxvY2F0aW9uIjoiamFwYW5lYXN0In0?api-version=2016-02-01"
        ]
      },
      "StatusCode": 202
    },
    {
      "RequestUri": "/subscriptions/b3ee3a7f-7614-4644-ad07-afa832620b4b/operationresults/eyJqb2JJZCI6IlJFU09VUkNFR1JPVVBERUxFVElPTkpPQi1PTkVTREs1MzA0LUpBUEFORUFTVCIsImpvYkxvY2F0aW9uIjoiamFwYW5lYXN0In0?api-version=2016-02-01",
      "EncodedRequestUri": "L3N1YnNjcmlwdGlvbnMvYjNlZTNhN2YtNzYxNC00NjQ0LWFkMDctYWZhODMyNjIwYjRiL29wZXJhdGlvbnJlc3VsdHMvZXlKcWIySkpaQ0k2SWxKRlUwOVZVa05GUjFKUFZWQkVSVXhGVkVsUFRrcFBRaTFQVGtWVFJFczFNekEwTFVwQlVFRk9SVUZUVkNJc0ltcHZZa3h2WTJGMGFXOXVJam9pYW1Gd1lXNWxZWE4wSW4wP2FwaS12ZXJzaW9uPTIwMTYtMDItMDE=",
      "RequestMethod": "GET",
      "RequestBody": "",
      "RequestHeaders": {
        "x-ms-version": [
          "2016-02-01"
        ],
        "User-Agent": [
          "Microsoft.Azure.Management.Resources.ResourceManagementClient/2.0.0.0"
        ]
      },
      "ResponseBody": "",
      "ResponseHeaders": {
        "Content-Length": [
          "0"
        ],
        "Expires": [
          "-1"
        ],
        "Pragma": [
          "no-cache"
        ],
        "Retry-After": [
          "15"
        ],
        "x-ms-ratelimit-remaining-subscription-reads": [
          "14609"
        ],
        "x-ms-request-id": [
          "baa9de2d-ae5e-4259-b95a-2cfe8a49e71f"
        ],
        "x-ms-correlation-request-id": [
          "baa9de2d-ae5e-4259-b95a-2cfe8a49e71f"
        ],
        "x-ms-routing-request-id": [
          "CENTRALUS:20170531T091335Z:baa9de2d-ae5e-4259-b95a-2cfe8a49e71f"
        ],
        "Strict-Transport-Security": [
          "max-age=31536000; includeSubDomains"
        ],
        "Cache-Control": [
          "no-cache"
        ],
        "Date": [
          "Wed, 31 May 2017 09:13:35 GMT"
        ],
        "Location": [
          "https://api-dogfood.resources.windows-int.net/subscriptions/b3ee3a7f-7614-4644-ad07-afa832620b4b/operationresults/eyJqb2JJZCI6IlJFU09VUkNFR1JPVVBERUxFVElPTkpPQi1PTkVTREs1MzA0LUpBUEFORUFTVCIsImpvYkxvY2F0aW9uIjoiamFwYW5lYXN0In0?api-version=2016-02-01"
        ]
      },
      "StatusCode": 202
    },
    {
      "RequestUri": "/subscriptions/b3ee3a7f-7614-4644-ad07-afa832620b4b/operationresults/eyJqb2JJZCI6IlJFU09VUkNFR1JPVVBERUxFVElPTkpPQi1PTkVTREs1MzA0LUpBUEFORUFTVCIsImpvYkxvY2F0aW9uIjoiamFwYW5lYXN0In0?api-version=2016-02-01",
      "EncodedRequestUri": "L3N1YnNjcmlwdGlvbnMvYjNlZTNhN2YtNzYxNC00NjQ0LWFkMDctYWZhODMyNjIwYjRiL29wZXJhdGlvbnJlc3VsdHMvZXlKcWIySkpaQ0k2SWxKRlUwOVZVa05GUjFKUFZWQkVSVXhGVkVsUFRrcFBRaTFQVGtWVFJFczFNekEwTFVwQlVFRk9SVUZUVkNJc0ltcHZZa3h2WTJGMGFXOXVJam9pYW1Gd1lXNWxZWE4wSW4wP2FwaS12ZXJzaW9uPTIwMTYtMDItMDE=",
      "RequestMethod": "GET",
      "RequestBody": "",
      "RequestHeaders": {
        "x-ms-version": [
          "2016-02-01"
        ],
        "User-Agent": [
          "Microsoft.Azure.Management.Resources.ResourceManagementClient/2.0.0.0"
        ]
      },
      "ResponseBody": "",
      "ResponseHeaders": {
        "Content-Length": [
          "0"
        ],
        "Expires": [
          "-1"
        ],
        "Pragma": [
          "no-cache"
        ],
        "Retry-After": [
          "15"
        ],
        "x-ms-ratelimit-remaining-subscription-reads": [
          "14607"
        ],
        "x-ms-request-id": [
          "e394444d-21c7-4e56-bec2-412f5abb2da9"
        ],
        "x-ms-correlation-request-id": [
          "e394444d-21c7-4e56-bec2-412f5abb2da9"
        ],
        "x-ms-routing-request-id": [
          "CENTRALUS:20170531T091351Z:e394444d-21c7-4e56-bec2-412f5abb2da9"
        ],
        "Strict-Transport-Security": [
          "max-age=31536000; includeSubDomains"
        ],
        "Cache-Control": [
          "no-cache"
        ],
        "Date": [
          "Wed, 31 May 2017 09:13:51 GMT"
        ],
        "Location": [
          "https://api-dogfood.resources.windows-int.net/subscriptions/b3ee3a7f-7614-4644-ad07-afa832620b4b/operationresults/eyJqb2JJZCI6IlJFU09VUkNFR1JPVVBERUxFVElPTkpPQi1PTkVTREs1MzA0LUpBUEFORUFTVCIsImpvYkxvY2F0aW9uIjoiamFwYW5lYXN0In0?api-version=2016-02-01"
        ]
      },
      "StatusCode": 202
    },
    {
      "RequestUri": "/subscriptions/b3ee3a7f-7614-4644-ad07-afa832620b4b/operationresults/eyJqb2JJZCI6IlJFU09VUkNFR1JPVVBERUxFVElPTkpPQi1PTkVTREs1MzA0LUpBUEFORUFTVCIsImpvYkxvY2F0aW9uIjoiamFwYW5lYXN0In0?api-version=2016-02-01",
      "EncodedRequestUri": "L3N1YnNjcmlwdGlvbnMvYjNlZTNhN2YtNzYxNC00NjQ0LWFkMDctYWZhODMyNjIwYjRiL29wZXJhdGlvbnJlc3VsdHMvZXlKcWIySkpaQ0k2SWxKRlUwOVZVa05GUjFKUFZWQkVSVXhGVkVsUFRrcFBRaTFQVGtWVFJFczFNekEwTFVwQlVFRk9SVUZUVkNJc0ltcHZZa3h2WTJGMGFXOXVJam9pYW1Gd1lXNWxZWE4wSW4wP2FwaS12ZXJzaW9uPTIwMTYtMDItMDE=",
      "RequestMethod": "GET",
      "RequestBody": "",
      "RequestHeaders": {
        "x-ms-version": [
          "2016-02-01"
        ],
        "User-Agent": [
          "Microsoft.Azure.Management.Resources.ResourceManagementClient/2.0.0.0"
        ]
      },
      "ResponseBody": "",
      "ResponseHeaders": {
        "Content-Length": [
          "0"
        ],
        "Expires": [
          "-1"
        ],
        "Pragma": [
          "no-cache"
        ],
        "Retry-After": [
          "15"
        ],
        "x-ms-ratelimit-remaining-subscription-reads": [
          "14604"
        ],
        "x-ms-request-id": [
          "1fafc13a-7bf3-4fc8-b15c-f3a6d3053a59"
        ],
        "x-ms-correlation-request-id": [
          "1fafc13a-7bf3-4fc8-b15c-f3a6d3053a59"
        ],
        "x-ms-routing-request-id": [
          "CENTRALUS:20170531T091407Z:1fafc13a-7bf3-4fc8-b15c-f3a6d3053a59"
        ],
        "Strict-Transport-Security": [
          "max-age=31536000; includeSubDomains"
        ],
        "Cache-Control": [
          "no-cache"
        ],
        "Date": [
          "Wed, 31 May 2017 09:14:07 GMT"
        ],
        "Location": [
          "https://api-dogfood.resources.windows-int.net/subscriptions/b3ee3a7f-7614-4644-ad07-afa832620b4b/operationresults/eyJqb2JJZCI6IlJFU09VUkNFR1JPVVBERUxFVElPTkpPQi1PTkVTREs1MzA0LUpBUEFORUFTVCIsImpvYkxvY2F0aW9uIjoiamFwYW5lYXN0In0?api-version=2016-02-01"
        ]
      },
      "StatusCode": 202
    },
    {
      "RequestUri": "/subscriptions/b3ee3a7f-7614-4644-ad07-afa832620b4b/operationresults/eyJqb2JJZCI6IlJFU09VUkNFR1JPVVBERUxFVElPTkpPQi1PTkVTREs1MzA0LUpBUEFORUFTVCIsImpvYkxvY2F0aW9uIjoiamFwYW5lYXN0In0?api-version=2016-02-01",
      "EncodedRequestUri": "L3N1YnNjcmlwdGlvbnMvYjNlZTNhN2YtNzYxNC00NjQ0LWFkMDctYWZhODMyNjIwYjRiL29wZXJhdGlvbnJlc3VsdHMvZXlKcWIySkpaQ0k2SWxKRlUwOVZVa05GUjFKUFZWQkVSVXhGVkVsUFRrcFBRaTFQVGtWVFJFczFNekEwTFVwQlVFRk9SVUZUVkNJc0ltcHZZa3h2WTJGMGFXOXVJam9pYW1Gd1lXNWxZWE4wSW4wP2FwaS12ZXJzaW9uPTIwMTYtMDItMDE=",
      "RequestMethod": "GET",
      "RequestBody": "",
      "RequestHeaders": {
        "x-ms-version": [
          "2016-02-01"
        ],
        "User-Agent": [
          "Microsoft.Azure.Management.Resources.ResourceManagementClient/2.0.0.0"
        ]
      },
      "ResponseBody": "",
      "ResponseHeaders": {
        "Content-Length": [
          "0"
        ],
        "Expires": [
          "-1"
        ],
        "Pragma": [
          "no-cache"
        ],
        "Retry-After": [
          "15"
        ],
        "x-ms-ratelimit-remaining-subscription-reads": [
          "14601"
        ],
        "x-ms-request-id": [
          "fed7de02-8b52-46bf-9768-94e65b2c84b9"
        ],
        "x-ms-correlation-request-id": [
          "fed7de02-8b52-46bf-9768-94e65b2c84b9"
        ],
        "x-ms-routing-request-id": [
          "CENTRALUS:20170531T091423Z:fed7de02-8b52-46bf-9768-94e65b2c84b9"
        ],
        "Strict-Transport-Security": [
          "max-age=31536000; includeSubDomains"
        ],
        "Cache-Control": [
          "no-cache"
        ],
        "Date": [
          "Wed, 31 May 2017 09:14:23 GMT"
        ],
        "Location": [
          "https://api-dogfood.resources.windows-int.net/subscriptions/b3ee3a7f-7614-4644-ad07-afa832620b4b/operationresults/eyJqb2JJZCI6IlJFU09VUkNFR1JPVVBERUxFVElPTkpPQi1PTkVTREs1MzA0LUpBUEFORUFTVCIsImpvYkxvY2F0aW9uIjoiamFwYW5lYXN0In0?api-version=2016-02-01"
        ]
      },
      "StatusCode": 202
    },
    {
      "RequestUri": "/subscriptions/b3ee3a7f-7614-4644-ad07-afa832620b4b/operationresults/eyJqb2JJZCI6IlJFU09VUkNFR1JPVVBERUxFVElPTkpPQi1PTkVTREs1MzA0LUpBUEFORUFTVCIsImpvYkxvY2F0aW9uIjoiamFwYW5lYXN0In0?api-version=2016-02-01",
      "EncodedRequestUri": "L3N1YnNjcmlwdGlvbnMvYjNlZTNhN2YtNzYxNC00NjQ0LWFkMDctYWZhODMyNjIwYjRiL29wZXJhdGlvbnJlc3VsdHMvZXlKcWIySkpaQ0k2SWxKRlUwOVZVa05GUjFKUFZWQkVSVXhGVkVsUFRrcFBRaTFQVGtWVFJFczFNekEwTFVwQlVFRk9SVUZUVkNJc0ltcHZZa3h2WTJGMGFXOXVJam9pYW1Gd1lXNWxZWE4wSW4wP2FwaS12ZXJzaW9uPTIwMTYtMDItMDE=",
      "RequestMethod": "GET",
      "RequestBody": "",
      "RequestHeaders": {
        "x-ms-version": [
          "2016-02-01"
        ],
        "User-Agent": [
          "Microsoft.Azure.Management.Resources.ResourceManagementClient/2.0.0.0"
        ]
      },
      "ResponseBody": "",
      "ResponseHeaders": {
        "Content-Length": [
          "0"
        ],
        "Expires": [
          "-1"
        ],
        "Pragma": [
          "no-cache"
        ],
        "Retry-After": [
          "15"
        ],
        "x-ms-ratelimit-remaining-subscription-reads": [
          "14598"
        ],
        "x-ms-request-id": [
          "fa187365-57f4-463d-9d86-5a33bdbb798c"
        ],
        "x-ms-correlation-request-id": [
          "fa187365-57f4-463d-9d86-5a33bdbb798c"
        ],
        "x-ms-routing-request-id": [
          "CENTRALUS:20170531T091438Z:fa187365-57f4-463d-9d86-5a33bdbb798c"
        ],
        "Strict-Transport-Security": [
          "max-age=31536000; includeSubDomains"
        ],
        "Cache-Control": [
          "no-cache"
        ],
        "Date": [
          "Wed, 31 May 2017 09:14:38 GMT"
        ],
        "Location": [
          "https://api-dogfood.resources.windows-int.net/subscriptions/b3ee3a7f-7614-4644-ad07-afa832620b4b/operationresults/eyJqb2JJZCI6IlJFU09VUkNFR1JPVVBERUxFVElPTkpPQi1PTkVTREs1MzA0LUpBUEFORUFTVCIsImpvYkxvY2F0aW9uIjoiamFwYW5lYXN0In0?api-version=2016-02-01"
        ]
      },
      "StatusCode": 202
    },
    {
      "RequestUri": "/subscriptions/b3ee3a7f-7614-4644-ad07-afa832620b4b/operationresults/eyJqb2JJZCI6IlJFU09VUkNFR1JPVVBERUxFVElPTkpPQi1PTkVTREs1MzA0LUpBUEFORUFTVCIsImpvYkxvY2F0aW9uIjoiamFwYW5lYXN0In0?api-version=2016-02-01",
      "EncodedRequestUri": "L3N1YnNjcmlwdGlvbnMvYjNlZTNhN2YtNzYxNC00NjQ0LWFkMDctYWZhODMyNjIwYjRiL29wZXJhdGlvbnJlc3VsdHMvZXlKcWIySkpaQ0k2SWxKRlUwOVZVa05GUjFKUFZWQkVSVXhGVkVsUFRrcFBRaTFQVGtWVFJFczFNekEwTFVwQlVFRk9SVUZUVkNJc0ltcHZZa3h2WTJGMGFXOXVJam9pYW1Gd1lXNWxZWE4wSW4wP2FwaS12ZXJzaW9uPTIwMTYtMDItMDE=",
      "RequestMethod": "GET",
      "RequestBody": "",
      "RequestHeaders": {
        "x-ms-version": [
          "2016-02-01"
        ],
        "User-Agent": [
          "Microsoft.Azure.Management.Resources.ResourceManagementClient/2.0.0.0"
        ]
      },
      "ResponseBody": "",
      "ResponseHeaders": {
        "Content-Length": [
          "0"
        ],
        "Expires": [
          "-1"
        ],
        "Pragma": [
          "no-cache"
        ],
        "Retry-After": [
          "15"
        ],
        "x-ms-ratelimit-remaining-subscription-reads": [
          "14597"
        ],
        "x-ms-request-id": [
          "921186a2-cf4c-4951-aac4-2f1cf2d79346"
        ],
        "x-ms-correlation-request-id": [
          "921186a2-cf4c-4951-aac4-2f1cf2d79346"
        ],
        "x-ms-routing-request-id": [
          "CENTRALUS:20170531T091454Z:921186a2-cf4c-4951-aac4-2f1cf2d79346"
        ],
        "Strict-Transport-Security": [
          "max-age=31536000; includeSubDomains"
        ],
        "Cache-Control": [
          "no-cache"
        ],
        "Date": [
          "Wed, 31 May 2017 09:14:54 GMT"
        ],
        "Location": [
          "https://api-dogfood.resources.windows-int.net/subscriptions/b3ee3a7f-7614-4644-ad07-afa832620b4b/operationresults/eyJqb2JJZCI6IlJFU09VUkNFR1JPVVBERUxFVElPTkpPQi1PTkVTREs1MzA0LUpBUEFORUFTVCIsImpvYkxvY2F0aW9uIjoiamFwYW5lYXN0In0?api-version=2016-02-01"
        ]
      },
      "StatusCode": 202
    },
    {
      "RequestUri": "/subscriptions/b3ee3a7f-7614-4644-ad07-afa832620b4b/operationresults/eyJqb2JJZCI6IlJFU09VUkNFR1JPVVBERUxFVElPTkpPQi1PTkVTREs1MzA0LUpBUEFORUFTVCIsImpvYkxvY2F0aW9uIjoiamFwYW5lYXN0In0?api-version=2016-02-01",
      "EncodedRequestUri": "L3N1YnNjcmlwdGlvbnMvYjNlZTNhN2YtNzYxNC00NjQ0LWFkMDctYWZhODMyNjIwYjRiL29wZXJhdGlvbnJlc3VsdHMvZXlKcWIySkpaQ0k2SWxKRlUwOVZVa05GUjFKUFZWQkVSVXhGVkVsUFRrcFBRaTFQVGtWVFJFczFNekEwTFVwQlVFRk9SVUZUVkNJc0ltcHZZa3h2WTJGMGFXOXVJam9pYW1Gd1lXNWxZWE4wSW4wP2FwaS12ZXJzaW9uPTIwMTYtMDItMDE=",
      "RequestMethod": "GET",
      "RequestBody": "",
      "RequestHeaders": {
        "x-ms-version": [
          "2016-02-01"
        ],
        "User-Agent": [
          "Microsoft.Azure.Management.Resources.ResourceManagementClient/2.0.0.0"
        ]
      },
      "ResponseBody": "",
      "ResponseHeaders": {
        "Content-Length": [
          "0"
        ],
        "Expires": [
          "-1"
        ],
        "Pragma": [
          "no-cache"
        ],
        "x-ms-ratelimit-remaining-subscription-reads": [
          "14626"
        ],
        "x-ms-request-id": [
          "585b82f1-5723-4ecb-bd8c-ec521d484642"
        ],
        "x-ms-correlation-request-id": [
          "585b82f1-5723-4ecb-bd8c-ec521d484642"
        ],
        "x-ms-routing-request-id": [
          "CENTRALUS:20170531T091510Z:585b82f1-5723-4ecb-bd8c-ec521d484642"
        ],
        "Strict-Transport-Security": [
          "max-age=31536000; includeSubDomains"
        ],
        "Cache-Control": [
          "no-cache"
        ],
        "Date": [
          "Wed, 31 May 2017 09:15:10 GMT"
        ]
      },
      "StatusCode": 200
    }
  ],
  "Names": {
    "Test-RefreshAndGetSyncMemberSchema": [
      "onesdk5304",
      "onesdk4950",
      "onesdk1681",
      "onesdk4387",
      "onesdk2562",
      "onesdk1466",
      "onesdk4057"
    ]
  },
  "Variables": {
    "SubscriptionId": "b3ee3a7f-7614-4644-ad07-afa832620b4b",
    "User": "fangl@microsoft.com",
    "TenantId": "f686d426-8d16-42db-81b7-ab578e110ccd"
  }
}