{
  "Entries": [
    {
      "RequestUri": "/subscriptions/b3ee3a7f-7614-4644-ad07-afa832620b4b/resourcegroups/onesdk5469?api-version=2016-02-01",
      "EncodedRequestUri": "L3N1YnNjcmlwdGlvbnMvYjNlZTNhN2YtNzYxNC00NjQ0LWFkMDctYWZhODMyNjIwYjRiL3Jlc291cmNlZ3JvdXBzL29uZXNkazU0Njk/YXBpLXZlcnNpb249MjAxNi0wMi0wMQ==",
      "RequestMethod": "PUT",
      "RequestBody": "{\r\n  \"location\": \"Japan East\"\r\n}",
      "RequestHeaders": {
        "Content-Type": [
          "application/json; charset=utf-8"
        ],
        "Content-Length": [
          "32"
        ],
        "User-Agent": [
          "Microsoft.Azure.Management.Resources.ResourceManagementClient/2.0.0.0"
        ]
      },
      "ResponseBody": "{\r\n  \"id\": \"/subscriptions/b3ee3a7f-7614-4644-ad07-afa832620b4b/resourceGroups/onesdk5469\",\r\n  \"name\": \"onesdk5469\",\r\n  \"location\": \"japaneast\",\r\n  \"properties\": {\r\n    \"provisioningState\": \"Succeeded\"\r\n  }\r\n}",
      "ResponseHeaders": {
        "Content-Length": [
          "176"
        ],
        "Content-Type": [
          "application/json; charset=utf-8"
        ],
        "Expires": [
          "-1"
        ],
        "Pragma": [
          "no-cache"
        ],
        "x-ms-ratelimit-remaining-subscription-writes": [
          "1193"
        ],
        "x-ms-request-id": [
          "967d960a-4352-4ec1-a2e5-1766312d329c"
        ],
        "x-ms-correlation-request-id": [
          "967d960a-4352-4ec1-a2e5-1766312d329c"
        ],
        "x-ms-routing-request-id": [
          "WESTEUROPE:20170613T150044Z:967d960a-4352-4ec1-a2e5-1766312d329c"
        ],
        "Strict-Transport-Security": [
          "max-age=31536000; includeSubDomains"
        ],
        "Cache-Control": [
          "no-cache"
        ],
        "Date": [
          "Tue, 13 Jun 2017 15:00:44 GMT"
        ]
      },
      "StatusCode": 201
    },
    {
      "RequestUri": "/subscriptions/b3ee3a7f-7614-4644-ad07-afa832620b4b/resourceGroups/onesdk5469/providers/Microsoft.Sql/servers/onesdk3559?api-version=2014-04-01",
      "EncodedRequestUri": "L3N1YnNjcmlwdGlvbnMvYjNlZTNhN2YtNzYxNC00NjQ0LWFkMDctYWZhODMyNjIwYjRiL3Jlc291cmNlR3JvdXBzL29uZXNkazU0NjkvcHJvdmlkZXJzL01pY3Jvc29mdC5TcWwvc2VydmVycy9vbmVzZGszNTU5P2FwaS12ZXJzaW9uPTIwMTQtMDQtMDE=",
      "RequestMethod": "GET",
      "RequestBody": "",
      "RequestHeaders": {
        "x-ms-client-request-id": [
          "1ff9a06b-2f91-47cb-81c9-0614d9b62649"
        ],
        "accept-language": [
          "en-US"
        ],
        "User-Agent": [
          "FxVersion/4.7.2046.0",
          "OSName/Windows10Enterprise",
          "OSVersion/6.3.15063",
          "Microsoft.Azure.Management.Sql.SqlManagementClient/1.3.0.0"
        ]
      },
      "ResponseBody": "{\r\n  \"error\": {\r\n    \"code\": \"ResourceNotFound\",\r\n    \"message\": \"The Resource 'Microsoft.Sql/servers/onesdk3559' under resource group 'onesdk5469' was not found.\"\r\n  }\r\n}",
      "ResponseHeaders": {
        "Content-Length": [
          "146"
        ],
        "Content-Type": [
          "application/json; charset=utf-8"
        ],
        "Expires": [
          "-1"
        ],
        "Pragma": [
          "no-cache"
        ],
        "x-ms-failure-cause": [
          "gateway"
        ],
        "x-ms-request-id": [
          "6f2b53dd-2403-47b8-bb91-cb5ab4ebdfa0"
        ],
        "x-ms-correlation-request-id": [
          "6f2b53dd-2403-47b8-bb91-cb5ab4ebdfa0"
        ],
        "x-ms-routing-request-id": [
          "WESTEUROPE:20170613T150045Z:6f2b53dd-2403-47b8-bb91-cb5ab4ebdfa0"
        ],
        "Strict-Transport-Security": [
          "max-age=31536000; includeSubDomains"
        ],
        "Cache-Control": [
          "no-cache"
        ],
        "Date": [
          "Tue, 13 Jun 2017 15:00:44 GMT"
        ]
      },
      "StatusCode": 404
    },
    {
      "RequestUri": "/subscriptions/b3ee3a7f-7614-4644-ad07-afa832620b4b/resourceGroups/onesdk5469/providers/Microsoft.Sql/servers/onesdk3559?api-version=2014-04-01",
      "EncodedRequestUri": "L3N1YnNjcmlwdGlvbnMvYjNlZTNhN2YtNzYxNC00NjQ0LWFkMDctYWZhODMyNjIwYjRiL3Jlc291cmNlR3JvdXBzL29uZXNkazU0NjkvcHJvdmlkZXJzL01pY3Jvc29mdC5TcWwvc2VydmVycy9vbmVzZGszNTU5P2FwaS12ZXJzaW9uPTIwMTQtMDQtMDE=",
      "RequestMethod": "GET",
      "RequestBody": "",
      "RequestHeaders": {
        "x-ms-client-request-id": [
          "a5e58fb8-79db-491c-b8a8-fe018d4db6cf"
        ],
        "accept-language": [
          "en-US"
        ],
        "User-Agent": [
          "FxVersion/4.7.2046.0",
          "OSName/Windows10Enterprise",
          "OSVersion/6.3.15063",
          "Microsoft.Azure.Management.Sql.SqlManagementClient/1.3.0.0"
        ]
      },
      "ResponseBody": "{\r\n  \"id\": \"/subscriptions/b3ee3a7f-7614-4644-ad07-afa832620b4b/resourceGroups/onesdk5469/providers/Microsoft.Sql/servers/onesdk3559\",\r\n  \"name\": \"onesdk3559\",\r\n  \"type\": \"Microsoft.Sql/servers\",\r\n  \"location\": \"West US 2\",\r\n  \"kind\": \"v12.0\",\r\n  \"properties\": {\r\n    \"fullyQualifiedDomainName\": \"onesdk3559.sqltest-eg1.mscds.com\",\r\n    \"administratorLogin\": \"testusername\",\r\n    \"administratorLoginPassword\": null,\r\n    \"externalAdministratorLogin\": null,\r\n    \"externalAdministratorSid\": null,\r\n    \"version\": \"12.0\",\r\n    \"state\": \"Ready\"\r\n  }\r\n}",
      "ResponseHeaders": {
        "Content-Length": [
          "464"
        ],
        "Content-Type": [
          "application/json; odata=minimalmetadata; streaming=true; charset=utf-8"
        ],
        "x-ms-request-id": [
          "19e03242-b914-4276-b4d5-db143e7fc2a3"
        ],
        "X-Content-Type-Options": [
          "nosniff"
        ],
        "DataServiceVersion": [
          "3.0;"
        ],
        "Strict-Transport-Security": [
          "max-age=31536000; includeSubDomains"
        ],
        "x-ms-ratelimit-remaining-subscription-reads": [
          "14941"
        ],
        "x-ms-correlation-request-id": [
          "c4d0f621-21a8-4c8a-a7a1-615452d455f2"
        ],
        "x-ms-routing-request-id": [
          "WESTEUROPE:20170613T150135Z:c4d0f621-21a8-4c8a-a7a1-615452d455f2"
        ],
        "Cache-Control": [
          "no-store, no-cache"
        ],
        "Date": [
          "Tue, 13 Jun 2017 15:01:34 GMT"
        ],
        "Server": [
          "Microsoft-HTTPAPI/2.0"
        ]
      },
      "StatusCode": 200
    },
    {
      "RequestUri": "/subscriptions/b3ee3a7f-7614-4644-ad07-afa832620b4b/resourceGroups/onesdk5469/providers/Microsoft.Sql/servers/onesdk3559?api-version=2014-04-01",
      "EncodedRequestUri": "L3N1YnNjcmlwdGlvbnMvYjNlZTNhN2YtNzYxNC00NjQ0LWFkMDctYWZhODMyNjIwYjRiL3Jlc291cmNlR3JvdXBzL29uZXNkazU0NjkvcHJvdmlkZXJzL01pY3Jvc29mdC5TcWwvc2VydmVycy9vbmVzZGszNTU5P2FwaS12ZXJzaW9uPTIwMTQtMDQtMDE=",
      "RequestMethod": "GET",
      "RequestBody": "",
      "RequestHeaders": {
        "x-ms-client-request-id": [
          "dfd92dea-bb0a-4f13-b2f7-6e35d0f1dbb3"
        ],
        "accept-language": [
          "en-US"
        ],
        "User-Agent": [
          "FxVersion/4.7.2046.0",
          "OSName/Windows10Enterprise",
          "OSVersion/6.3.15063",
          "Microsoft.Azure.Management.Sql.SqlManagementClient/1.3.0.0"
        ]
      },
      "ResponseBody": "{\r\n  \"id\": \"/subscriptions/b3ee3a7f-7614-4644-ad07-afa832620b4b/resourceGroups/onesdk5469/providers/Microsoft.Sql/servers/onesdk3559\",\r\n  \"name\": \"onesdk3559\",\r\n  \"type\": \"Microsoft.Sql/servers\",\r\n  \"location\": \"West US 2\",\r\n  \"kind\": \"v12.0\",\r\n  \"properties\": {\r\n    \"fullyQualifiedDomainName\": \"onesdk3559.sqltest-eg1.mscds.com\",\r\n    \"administratorLogin\": \"testusername\",\r\n    \"administratorLoginPassword\": null,\r\n    \"externalAdministratorLogin\": null,\r\n    \"externalAdministratorSid\": null,\r\n    \"version\": \"12.0\",\r\n    \"state\": \"Ready\"\r\n  }\r\n}",
      "ResponseHeaders": {
        "Content-Length": [
          "464"
        ],
        "Content-Type": [
          "application/json; odata=minimalmetadata; streaming=true; charset=utf-8"
        ],
        "x-ms-request-id": [
          "fdd3978e-a490-4f18-80c1-3a70974febed"
        ],
        "X-Content-Type-Options": [
          "nosniff"
        ],
        "DataServiceVersion": [
          "3.0;"
        ],
        "Strict-Transport-Security": [
          "max-age=31536000; includeSubDomains"
        ],
        "x-ms-ratelimit-remaining-subscription-reads": [
          "14940"
        ],
        "x-ms-correlation-request-id": [
          "34163a8c-c1c2-4f43-ab7c-66568f73d5b8"
        ],
        "x-ms-routing-request-id": [
          "WESTEUROPE:20170613T150227Z:34163a8c-c1c2-4f43-ab7c-66568f73d5b8"
        ],
        "Cache-Control": [
          "no-store, no-cache"
        ],
        "Date": [
          "Tue, 13 Jun 2017 15:02:27 GMT"
        ],
        "Server": [
          "Microsoft-HTTPAPI/2.0"
        ]
      },
      "StatusCode": 200
    },
    {
      "RequestUri": "/subscriptions/b3ee3a7f-7614-4644-ad07-afa832620b4b/resourceGroups/onesdk5469/providers/Microsoft.Sql/servers/onesdk3559?api-version=2014-04-01",
      "EncodedRequestUri": "L3N1YnNjcmlwdGlvbnMvYjNlZTNhN2YtNzYxNC00NjQ0LWFkMDctYWZhODMyNjIwYjRiL3Jlc291cmNlR3JvdXBzL29uZXNkazU0NjkvcHJvdmlkZXJzL01pY3Jvc29mdC5TcWwvc2VydmVycy9vbmVzZGszNTU5P2FwaS12ZXJzaW9uPTIwMTQtMDQtMDE=",
      "RequestMethod": "PUT",
      "RequestBody": "{\r\n  \"properties\": {\r\n    \"version\": \"12.0\",\r\n    \"administratorLogin\": \"testusername\",\r\n    \"administratorLoginPassword\": \"t357ingP@s5w0rd!\"\r\n  },\r\n  \"location\": \"West US 2\"\r\n}",
      "RequestHeaders": {
        "Content-Type": [
          "application/json; charset=utf-8"
        ],
        "Content-Length": [
          "177"
        ],
        "x-ms-client-request-id": [
          "b28b40bf-4c7b-494e-b750-b0cd22210263"
        ],
        "accept-language": [
          "en-US"
        ],
        "User-Agent": [
          "FxVersion/4.7.2046.0",
          "OSName/Windows10Enterprise",
          "OSVersion/6.3.15063",
          "Microsoft.Azure.Management.Sql.SqlManagementClient/1.3.0.0"
        ]
      },
      "ResponseBody": "{\r\n  \"id\": \"/subscriptions/b3ee3a7f-7614-4644-ad07-afa832620b4b/resourceGroups/onesdk5469/providers/Microsoft.Sql/servers/onesdk3559\",\r\n  \"name\": \"onesdk3559\",\r\n  \"type\": \"Microsoft.Sql/servers\",\r\n  \"location\": \"West US 2\",\r\n  \"kind\": \"v12.0\",\r\n  \"properties\": {\r\n    \"fullyQualifiedDomainName\": \"onesdk3559.sqltest-eg1.mscds.com\",\r\n    \"administratorLogin\": \"testusername\",\r\n    \"administratorLoginPassword\": \"t357ingP@s5w0rd!\",\r\n    \"externalAdministratorLogin\": null,\r\n    \"externalAdministratorSid\": null,\r\n    \"version\": \"12.0\",\r\n    \"state\": \"Ready\"\r\n  }\r\n}",
      "ResponseHeaders": {
        "Content-Length": [
          "478"
        ],
        "Content-Type": [
          "application/json; odata=minimalmetadata; streaming=true; charset=utf-8"
        ],
        "x-ms-request-id": [
          "8d3f3d94-ca74-4578-9758-97a885426eac"
        ],
        "X-Content-Type-Options": [
          "nosniff"
        ],
        "Preference-Applied": [
          "return-content"
        ],
        "DataServiceVersion": [
          "3.0;"
        ],
        "Strict-Transport-Security": [
          "max-age=31536000; includeSubDomains"
        ],
        "x-ms-ratelimit-remaining-subscription-writes": [
          "1187"
        ],
        "x-ms-correlation-request-id": [
          "d3c0975a-8eb4-49a6-88c5-5ed975ad8e70"
        ],
        "x-ms-routing-request-id": [
          "WESTEUROPE:20170613T150133Z:d3c0975a-8eb4-49a6-88c5-5ed975ad8e70"
        ],
        "Cache-Control": [
          "no-store, no-cache"
        ],
        "Date": [
          "Tue, 13 Jun 2017 15:01:32 GMT"
        ],
        "Server": [
          "Microsoft-HTTPAPI/2.0"
        ]
      },
      "StatusCode": 201
    },
    {
      "RequestUri": "/subscriptions/b3ee3a7f-7614-4644-ad07-afa832620b4b/resourceGroups/onesdk5469/providers/Microsoft.Sql/servers/onesdk3559/databases/onesdk6187?api-version=2014-04-01",
      "EncodedRequestUri": "L3N1YnNjcmlwdGlvbnMvYjNlZTNhN2YtNzYxNC00NjQ0LWFkMDctYWZhODMyNjIwYjRiL3Jlc291cmNlR3JvdXBzL29uZXNkazU0NjkvcHJvdmlkZXJzL01pY3Jvc29mdC5TcWwvc2VydmVycy9vbmVzZGszNTU5L2RhdGFiYXNlcy9vbmVzZGs2MTg3P2FwaS12ZXJzaW9uPTIwMTQtMDQtMDE=",
      "RequestMethod": "GET",
      "RequestBody": "",
      "RequestHeaders": {
        "User-Agent": [
          "Microsoft.Azure.Management.Sql.LegacySdk.SqlManagementClient/3.0.0.0"
        ],
        "x-ms-client-request-id": [
          "9d5c3929-4395-45c0-8034-9ee2b78d1cd0"
        ]
      },
      "ResponseBody": "{\r\n  \"error\": {\r\n    \"code\": \"ResourceNotFound\",\r\n    \"message\": \"The Resource 'Microsoft.Sql/servers/onesdk3559/databases/onesdk6187' under resource group 'onesdk5469' was not found.\"\r\n  }\r\n}",
      "ResponseHeaders": {
        "Content-Length": [
          "167"
        ],
        "Content-Type": [
          "application/json; charset=utf-8"
        ],
        "Expires": [
          "-1"
        ],
        "Pragma": [
          "no-cache"
        ],
        "x-ms-failure-cause": [
          "gateway"
        ],
        "x-ms-request-id": [
          "c829edb5-0e70-44d2-a58c-f9a46fb90985"
        ],
        "x-ms-correlation-request-id": [
          "c829edb5-0e70-44d2-a58c-f9a46fb90985"
        ],
        "x-ms-routing-request-id": [
          "WESTEUROPE:20170613T150134Z:c829edb5-0e70-44d2-a58c-f9a46fb90985"
        ],
        "Strict-Transport-Security": [
          "max-age=31536000; includeSubDomains"
        ],
        "Cache-Control": [
          "no-cache"
        ],
        "Date": [
          "Tue, 13 Jun 2017 15:01:34 GMT"
        ]
      },
      "StatusCode": 404
    },
    {
      "RequestUri": "/subscriptions/b3ee3a7f-7614-4644-ad07-afa832620b4b/resourceGroups/onesdk5469/providers/Microsoft.Sql/servers/onesdk3559/databases/onesdk6187?api-version=2014-04-01",
      "EncodedRequestUri": "L3N1YnNjcmlwdGlvbnMvYjNlZTNhN2YtNzYxNC00NjQ0LWFkMDctYWZhODMyNjIwYjRiL3Jlc291cmNlR3JvdXBzL29uZXNkazU0NjkvcHJvdmlkZXJzL01pY3Jvc29mdC5TcWwvc2VydmVycy9vbmVzZGszNTU5L2RhdGFiYXNlcy9vbmVzZGs2MTg3P2FwaS12ZXJzaW9uPTIwMTQtMDQtMDE=",
      "RequestMethod": "PUT",
      "RequestBody": "{\r\n  \"properties\": {\r\n    \"maxSizeBytes\": \"0\",\r\n    \"readScale\": \"Disabled\"\r\n  },\r\n  \"location\": \"West US 2\"\r\n}",
      "RequestHeaders": {
        "Content-Type": [
          "application/json; charset=utf-8"
        ],
        "Content-Length": [
          "111"
        ],
        "User-Agent": [
          "Microsoft.Azure.Management.Sql.LegacySdk.SqlManagementClient/3.0.0.0"
        ],
        "x-ms-client-request-id": [
          "d4aabf02-1408-4b97-86c8-7c097ec1c6f1"
        ]
      },
      "ResponseBody": "{\r\n  \"operation\": \"CreateLogicalDatabase\",\r\n  \"startTime\": \"2017-06-13T23:01:38.956+08:00\"\r\n}",
      "ResponseHeaders": {
        "Content-Length": [
          "80"
        ],
        "Content-Type": [
          "application/json; odata=minimalmetadata; streaming=true; charset=utf-8"
        ],
        "Retry-After": [
          "30"
        ],
        "x-ms-request-id": [
          "ba009c65-a412-4fca-b948-db251422190b"
        ],
        "X-Content-Type-Options": [
          "nosniff"
        ],
        "Preference-Applied": [
          "return-content"
        ],
        "DataServiceVersion": [
          "3.0;"
        ],
        "Strict-Transport-Security": [
          "max-age=31536000; includeSubDomains"
        ],
        "Azure-AsyncOperation": [
          "https://api-dogfood.resources.windows-int.net/subscriptions/b3ee3a7f-7614-4644-ad07-afa832620b4b/resourceGroups/onesdk5469/providers/Microsoft.Sql/servers/onesdk3559/databases/onesdk6187/azureAsyncOperation/ba009c65-a412-4fca-b948-db251422190b?api-version=2014-04-01-Preview"
        ],
        "x-ms-ratelimit-remaining-subscription-writes": [
          "1192"
        ],
        "x-ms-correlation-request-id": [
          "cadf4b8c-6671-4a87-86a5-eca5baaf8257"
        ],
        "x-ms-routing-request-id": [
          "WESTEUROPE:20170613T150138Z:cadf4b8c-6671-4a87-86a5-eca5baaf8257"
        ],
        "Cache-Control": [
          "no-store, no-cache"
        ],
        "Date": [
          "Tue, 13 Jun 2017 15:01:37 GMT"
        ],
        "Location": [
          "https://api-dogfood.resources.windows-int.net/subscriptions/b3ee3a7f-7614-4644-ad07-afa832620b4b/resourceGroups/onesdk5469/providers/Microsoft.Sql/servers/onesdk3559/databases/onesdk6187/operationResults/ba009c65-a412-4fca-b948-db251422190b?api-version=2014-04-01-Preview"
        ],
        "Server": [
          "Microsoft-HTTPAPI/2.0"
        ]
      },
      "StatusCode": 202
    },
    {
      "RequestUri": "/subscriptions/b3ee3a7f-7614-4644-ad07-afa832620b4b/resourceGroups/onesdk5469/providers/Microsoft.Sql/servers/onesdk3559/databases/onesdk6187/operationResults/ba009c65-a412-4fca-b948-db251422190b?api-version=2014-04-01-Preview",
      "EncodedRequestUri": "L3N1YnNjcmlwdGlvbnMvYjNlZTNhN2YtNzYxNC00NjQ0LWFkMDctYWZhODMyNjIwYjRiL3Jlc291cmNlR3JvdXBzL29uZXNkazU0NjkvcHJvdmlkZXJzL01pY3Jvc29mdC5TcWwvc2VydmVycy9vbmVzZGszNTU5L2RhdGFiYXNlcy9vbmVzZGs2MTg3L29wZXJhdGlvblJlc3VsdHMvYmEwMDljNjUtYTQxMi00ZmNhLWI5NDgtZGIyNTE0MjIxOTBiP2FwaS12ZXJzaW9uPTIwMTQtMDQtMDEtUHJldmlldw==",
      "RequestMethod": "GET",
      "RequestBody": "",
      "RequestHeaders": {
        "User-Agent": [
          "Microsoft.Azure.Management.Sql.LegacySdk.SqlManagementClient/3.0.0.0"
        ],
        "x-ms-client-request-id": [
          "d4aabf02-1408-4b97-86c8-7c097ec1c6f1"
        ]
      },
      "ResponseBody": "{\r\n  \"operation\": \"CreateLogicalDatabase\",\r\n  \"startTime\": \"2017-06-13T15:01:38.94Z\"\r\n}",
      "ResponseHeaders": {
        "Content-Length": [
          "75"
        ],
        "Content-Type": [
          "application/json"
        ],
        "Retry-After": [
          "30"
        ],
        "x-ms-request-id": [
          "b0a6e314-ea05-4599-b229-8a1f195f1e16"
        ],
        "X-Content-Type-Options": [
          "nosniff"
        ],
        "DataServiceVersion": [
          "3.0;"
        ],
        "Strict-Transport-Security": [
          "max-age=31536000; includeSubDomains"
        ],
        "Azure-AsyncOperation": [
          "https://api-dogfood.resources.windows-int.net/subscriptions/b3ee3a7f-7614-4644-ad07-afa832620b4b/resourceGroups/onesdk5469/providers/Microsoft.Sql/servers/onesdk3559/databases/onesdk6187/azureAsyncOperation/ba009c65-a412-4fca-b948-db251422190b?api-version=2014-04-01-Preview"
        ],
        "x-ms-ratelimit-remaining-subscription-reads": [
          "14973"
        ],
        "x-ms-correlation-request-id": [
          "b5f4221b-2ea2-4b4a-99eb-842e66a1d8c2"
        ],
        "x-ms-routing-request-id": [
          "WESTEUROPE:20170613T150139Z:b5f4221b-2ea2-4b4a-99eb-842e66a1d8c2"
        ],
        "Cache-Control": [
          "no-store, no-cache"
        ],
        "Date": [
          "Tue, 13 Jun 2017 15:01:39 GMT"
        ],
        "Location": [
          "https://api-dogfood.resources.windows-int.net/subscriptions/b3ee3a7f-7614-4644-ad07-afa832620b4b/resourceGroups/onesdk5469/providers/Microsoft.Sql/servers/onesdk3559/databases/onesdk6187/operationResults/ba009c65-a412-4fca-b948-db251422190b?api-version=2014-04-01-Preview"
        ],
        "Server": [
          "Microsoft-HTTPAPI/2.0"
        ]
      },
      "StatusCode": 202
    },
    {
      "RequestUri": "/subscriptions/b3ee3a7f-7614-4644-ad07-afa832620b4b/resourceGroups/onesdk5469/providers/Microsoft.Sql/servers/onesdk3559/databases/onesdk6187/operationResults/ba009c65-a412-4fca-b948-db251422190b?api-version=2014-04-01-Preview",
      "EncodedRequestUri": "L3N1YnNjcmlwdGlvbnMvYjNlZTNhN2YtNzYxNC00NjQ0LWFkMDctYWZhODMyNjIwYjRiL3Jlc291cmNlR3JvdXBzL29uZXNkazU0NjkvcHJvdmlkZXJzL01pY3Jvc29mdC5TcWwvc2VydmVycy9vbmVzZGszNTU5L2RhdGFiYXNlcy9vbmVzZGs2MTg3L29wZXJhdGlvblJlc3VsdHMvYmEwMDljNjUtYTQxMi00ZmNhLWI5NDgtZGIyNTE0MjIxOTBiP2FwaS12ZXJzaW9uPTIwMTQtMDQtMDEtUHJldmlldw==",
      "RequestMethod": "GET",
      "RequestBody": "",
      "RequestHeaders": {
        "User-Agent": [
          "Microsoft.Azure.Management.Sql.LegacySdk.SqlManagementClient/3.0.0.0"
        ],
        "x-ms-client-request-id": [
          "d4aabf02-1408-4b97-86c8-7c097ec1c6f1"
        ]
      },
      "ResponseBody": "{\r\n  \"operation\": \"CreateLogicalDatabase\",\r\n  \"startTime\": \"2017-06-13T15:01:38.94Z\"\r\n}",
      "ResponseHeaders": {
        "Content-Length": [
          "75"
        ],
        "Content-Type": [
          "application/json"
        ],
        "Retry-After": [
          "30"
        ],
        "x-ms-request-id": [
          "8a62b7a7-1f11-4736-a237-aaf2eb326153"
        ],
        "X-Content-Type-Options": [
          "nosniff"
        ],
        "DataServiceVersion": [
          "3.0;"
        ],
        "Strict-Transport-Security": [
          "max-age=31536000; includeSubDomains"
        ],
        "Azure-AsyncOperation": [
          "https://api-dogfood.resources.windows-int.net/subscriptions/b3ee3a7f-7614-4644-ad07-afa832620b4b/resourceGroups/onesdk5469/providers/Microsoft.Sql/servers/onesdk3559/databases/onesdk6187/azureAsyncOperation/ba009c65-a412-4fca-b948-db251422190b?api-version=2014-04-01-Preview"
        ],
        "x-ms-ratelimit-remaining-subscription-reads": [
          "14972"
        ],
        "x-ms-correlation-request-id": [
          "50a54613-9541-4938-89b4-69f6fd4d75ce"
        ],
        "x-ms-routing-request-id": [
          "WESTEUROPE:20170613T150210Z:50a54613-9541-4938-89b4-69f6fd4d75ce"
        ],
        "Cache-Control": [
          "no-store, no-cache"
        ],
        "Date": [
          "Tue, 13 Jun 2017 15:02:09 GMT"
        ],
        "Location": [
          "https://api-dogfood.resources.windows-int.net/subscriptions/b3ee3a7f-7614-4644-ad07-afa832620b4b/resourceGroups/onesdk5469/providers/Microsoft.Sql/servers/onesdk3559/databases/onesdk6187/operationResults/ba009c65-a412-4fca-b948-db251422190b?api-version=2014-04-01-Preview"
        ],
        "Server": [
          "Microsoft-HTTPAPI/2.0"
        ]
      },
      "StatusCode": 202
    },
    {
      "RequestUri": "/subscriptions/b3ee3a7f-7614-4644-ad07-afa832620b4b/resourceGroups/onesdk5469/providers/Microsoft.Sql/servers/onesdk3559/databases/onesdk6187/operationResults/ba009c65-a412-4fca-b948-db251422190b?api-version=2014-04-01-Preview",
      "EncodedRequestUri": "L3N1YnNjcmlwdGlvbnMvYjNlZTNhN2YtNzYxNC00NjQ0LWFkMDctYWZhODMyNjIwYjRiL3Jlc291cmNlR3JvdXBzL29uZXNkazU0NjkvcHJvdmlkZXJzL01pY3Jvc29mdC5TcWwvc2VydmVycy9vbmVzZGszNTU5L2RhdGFiYXNlcy9vbmVzZGs2MTg3L29wZXJhdGlvblJlc3VsdHMvYmEwMDljNjUtYTQxMi00ZmNhLWI5NDgtZGIyNTE0MjIxOTBiP2FwaS12ZXJzaW9uPTIwMTQtMDQtMDEtUHJldmlldw==",
      "RequestMethod": "GET",
      "RequestBody": "",
      "RequestHeaders": {
        "User-Agent": [
          "Microsoft.Azure.Management.Sql.LegacySdk.SqlManagementClient/3.0.0.0"
        ],
        "x-ms-client-request-id": [
          "d4aabf02-1408-4b97-86c8-7c097ec1c6f1"
        ]
      },
      "ResponseBody": "{\r\n  \"id\": \"/subscriptions/b3ee3a7f-7614-4644-ad07-afa832620b4b/resourceGroups/onesdk5469/providers/Microsoft.Sql/servers/onesdk3559/databases/onesdk6187\",\r\n  \"name\": \"onesdk6187\",\r\n  \"type\": \"Microsoft.Sql/servers/databases\",\r\n  \"location\": \"West US 2\",\r\n  \"kind\": \"v12.0,user\",\r\n  \"properties\": {\r\n    \"databaseId\": \"39365f97-1872-4c5b-bafe-be8e26b201ea\",\r\n    \"edition\": \"Standard\",\r\n    \"status\": \"Online\",\r\n    \"serviceLevelObjective\": \"S0\",\r\n    \"collation\": \"SQL_Latin1_General_CP1_CI_AS\",\r\n    \"maxSizeBytes\": \"268435456000\",\r\n    \"creationDate\": \"2017-06-13T15:01:39.177Z\",\r\n    \"currentServiceObjectiveId\": \"f1173c43-91bd-4aaa-973c-54e79e15235b\",\r\n    \"requestedServiceObjectiveId\": \"f1173c43-91bd-4aaa-973c-54e79e15235b\",\r\n    \"requestedServiceObjectiveName\": \"S0\",\r\n    \"sampleName\": null,\r\n    \"defaultSecondaryLocation\": \"East US 2\",\r\n    \"earliestRestoreDate\": \"2017-06-13T15:12:14.113Z\",\r\n    \"elasticPoolName\": null,\r\n    \"containmentState\": 2,\r\n    \"readScale\": \"Disabled\",\r\n    \"failoverGroupId\": null\r\n  }\r\n}",
      "ResponseHeaders": {
        "Content-Length": [
          "873"
        ],
        "Content-Type": [
          "application/json; odata=minimalmetadata; streaming=true; charset=utf-8"
        ],
        "x-ms-request-id": [
          "05bd2c81-5e3c-494c-a033-ea6c4c4d3c9e"
        ],
        "X-Content-Type-Options": [
          "nosniff"
        ],
        "DataServiceVersion": [
          "3.0;"
        ],
        "Strict-Transport-Security": [
          "max-age=31536000; includeSubDomains"
        ],
        "x-ms-ratelimit-remaining-subscription-reads": [
          "14971"
        ],
        "x-ms-correlation-request-id": [
          "f52eadfa-f961-42a4-a037-ad3bc24c0d70"
        ],
        "x-ms-routing-request-id": [
          "WESTEUROPE:20170613T150225Z:f52eadfa-f961-42a4-a037-ad3bc24c0d70"
        ],
        "Cache-Control": [
          "no-store, no-cache"
        ],
        "Date": [
          "Tue, 13 Jun 2017 15:02:25 GMT"
        ],
        "Server": [
          "Microsoft-HTTPAPI/2.0"
        ]
      },
      "StatusCode": 201
    },
    {
      "RequestUri": "/subscriptions/b3ee3a7f-7614-4644-ad07-afa832620b4b/resourceGroups/onesdk5469/providers/Microsoft.Sql/servers/onesdk3559/databases/onesdk812?api-version=2014-04-01",
      "EncodedRequestUri": "L3N1YnNjcmlwdGlvbnMvYjNlZTNhN2YtNzYxNC00NjQ0LWFkMDctYWZhODMyNjIwYjRiL3Jlc291cmNlR3JvdXBzL29uZXNkazU0NjkvcHJvdmlkZXJzL01pY3Jvc29mdC5TcWwvc2VydmVycy9vbmVzZGszNTU5L2RhdGFiYXNlcy9vbmVzZGs4MTI/YXBpLXZlcnNpb249MjAxNC0wNC0wMQ==",
      "RequestMethod": "GET",
      "RequestBody": "",
      "RequestHeaders": {
        "User-Agent": [
          "Microsoft.Azure.Management.Sql.LegacySdk.SqlManagementClient/3.0.0.0"
        ],
        "x-ms-client-request-id": [
          "b2ff02fd-f1c8-4b56-b4d4-ab69942cb2ac"
        ]
      },
      "ResponseBody": "{\r\n  \"error\": {\r\n    \"code\": \"ResourceNotFound\",\r\n    \"message\": \"The Resource 'Microsoft.Sql/servers/onesdk3559/databases/onesdk812' under resource group 'onesdk5469' was not found.\"\r\n  }\r\n}",
      "ResponseHeaders": {
        "Content-Length": [
          "166"
        ],
        "Content-Type": [
          "application/json; charset=utf-8"
        ],
        "Expires": [
          "-1"
        ],
        "Pragma": [
          "no-cache"
        ],
        "x-ms-failure-cause": [
          "gateway"
        ],
        "x-ms-request-id": [
          "7103cdfc-bbac-41a3-afc7-7846819ba177"
        ],
        "x-ms-correlation-request-id": [
          "7103cdfc-bbac-41a3-afc7-7846819ba177"
        ],
        "x-ms-routing-request-id": [
          "WESTEUROPE:20170613T150226Z:7103cdfc-bbac-41a3-afc7-7846819ba177"
        ],
        "Strict-Transport-Security": [
          "max-age=31536000; includeSubDomains"
        ],
        "Cache-Control": [
          "no-cache"
        ],
        "Date": [
          "Tue, 13 Jun 2017 15:02:25 GMT"
        ]
      },
      "StatusCode": 404
    },
    {
      "RequestUri": "/subscriptions/b3ee3a7f-7614-4644-ad07-afa832620b4b/resourceGroups/onesdk5469/providers/Microsoft.Sql/servers/onesdk3559/databases/onesdk812?api-version=2014-04-01",
      "EncodedRequestUri": "L3N1YnNjcmlwdGlvbnMvYjNlZTNhN2YtNzYxNC00NjQ0LWFkMDctYWZhODMyNjIwYjRiL3Jlc291cmNlR3JvdXBzL29uZXNkazU0NjkvcHJvdmlkZXJzL01pY3Jvc29mdC5TcWwvc2VydmVycy9vbmVzZGszNTU5L2RhdGFiYXNlcy9vbmVzZGs4MTI/YXBpLXZlcnNpb249MjAxNC0wNC0wMQ==",
      "RequestMethod": "PUT",
      "RequestBody": "{\r\n  \"properties\": {\r\n    \"maxSizeBytes\": \"0\",\r\n    \"readScale\": \"Disabled\"\r\n  },\r\n  \"location\": \"West US 2\"\r\n}",
      "RequestHeaders": {
        "Content-Type": [
          "application/json; charset=utf-8"
        ],
        "Content-Length": [
          "111"
        ],
        "User-Agent": [
          "Microsoft.Azure.Management.Sql.LegacySdk.SqlManagementClient/3.0.0.0"
        ],
        "x-ms-client-request-id": [
          "5fbcad4a-70fb-4918-89f4-72b98a2d5b1b"
        ]
      },
      "ResponseBody": "{\r\n  \"operation\": \"CreateLogicalDatabase\",\r\n  \"startTime\": \"2017-06-13T23:02:30.292+08:00\"\r\n}",
      "ResponseHeaders": {
        "Content-Length": [
          "80"
        ],
        "Content-Type": [
          "application/json; odata=minimalmetadata; streaming=true; charset=utf-8"
        ],
        "Retry-After": [
          "30"
        ],
        "x-ms-request-id": [
          "01cfef5c-5dd3-4dd1-a84f-07e162e683e6"
        ],
        "X-Content-Type-Options": [
          "nosniff"
        ],
        "Preference-Applied": [
          "return-content"
        ],
        "DataServiceVersion": [
          "3.0;"
        ],
        "Strict-Transport-Security": [
          "max-age=31536000; includeSubDomains"
        ],
        "Azure-AsyncOperation": [
          "https://api-dogfood.resources.windows-int.net/subscriptions/b3ee3a7f-7614-4644-ad07-afa832620b4b/resourceGroups/onesdk5469/providers/Microsoft.Sql/servers/onesdk3559/databases/onesdk812/azureAsyncOperation/01cfef5c-5dd3-4dd1-a84f-07e162e683e6?api-version=2014-04-01-Preview"
        ],
        "x-ms-ratelimit-remaining-subscription-writes": [
          "1191"
        ],
        "x-ms-correlation-request-id": [
          "e1f96e12-fbbe-4c1b-9c01-0b6fd34e016a"
        ],
        "x-ms-routing-request-id": [
          "WESTEUROPE:20170613T150229Z:e1f96e12-fbbe-4c1b-9c01-0b6fd34e016a"
        ],
        "Cache-Control": [
          "no-store, no-cache"
        ],
        "Date": [
          "Tue, 13 Jun 2017 15:02:29 GMT"
        ],
        "Location": [
          "https://api-dogfood.resources.windows-int.net/subscriptions/b3ee3a7f-7614-4644-ad07-afa832620b4b/resourceGroups/onesdk5469/providers/Microsoft.Sql/servers/onesdk3559/databases/onesdk812/operationResults/01cfef5c-5dd3-4dd1-a84f-07e162e683e6?api-version=2014-04-01-Preview"
        ],
        "Server": [
          "Microsoft-HTTPAPI/2.0"
        ]
      },
      "StatusCode": 202
    },
    {
      "RequestUri": "/subscriptions/b3ee3a7f-7614-4644-ad07-afa832620b4b/resourceGroups/onesdk5469/providers/Microsoft.Sql/servers/onesdk3559/databases/onesdk812/operationResults/01cfef5c-5dd3-4dd1-a84f-07e162e683e6?api-version=2014-04-01-Preview",
      "EncodedRequestUri": "L3N1YnNjcmlwdGlvbnMvYjNlZTNhN2YtNzYxNC00NjQ0LWFkMDctYWZhODMyNjIwYjRiL3Jlc291cmNlR3JvdXBzL29uZXNkazU0NjkvcHJvdmlkZXJzL01pY3Jvc29mdC5TcWwvc2VydmVycy9vbmVzZGszNTU5L2RhdGFiYXNlcy9vbmVzZGs4MTIvb3BlcmF0aW9uUmVzdWx0cy8wMWNmZWY1Yy01ZGQzLTRkZDEtYTg0Zi0wN2UxNjJlNjgzZTY/YXBpLXZlcnNpb249MjAxNC0wNC0wMS1QcmV2aWV3",
      "RequestMethod": "GET",
      "RequestBody": "",
      "RequestHeaders": {
        "User-Agent": [
          "Microsoft.Azure.Management.Sql.LegacySdk.SqlManagementClient/3.0.0.0"
        ],
        "x-ms-client-request-id": [
          "5fbcad4a-70fb-4918-89f4-72b98a2d5b1b"
        ]
      },
      "ResponseBody": "{\r\n  \"operation\": \"CreateLogicalDatabase\",\r\n  \"startTime\": \"2017-06-13T15:02:30.277Z\"\r\n}",
      "ResponseHeaders": {
        "Content-Length": [
          "75"
        ],
        "Content-Type": [
          "application/json"
        ],
        "Retry-After": [
          "30"
        ],
        "x-ms-request-id": [
          "d6209397-16ea-4cb5-8b75-546104892fc8"
        ],
        "X-Content-Type-Options": [
          "nosniff"
        ],
        "DataServiceVersion": [
          "3.0;"
        ],
        "Strict-Transport-Security": [
          "max-age=31536000; includeSubDomains"
        ],
        "Azure-AsyncOperation": [
          "https://api-dogfood.resources.windows-int.net/subscriptions/b3ee3a7f-7614-4644-ad07-afa832620b4b/resourceGroups/onesdk5469/providers/Microsoft.Sql/servers/onesdk3559/databases/onesdk812/azureAsyncOperation/01cfef5c-5dd3-4dd1-a84f-07e162e683e6?api-version=2014-04-01-Preview"
        ],
        "x-ms-ratelimit-remaining-subscription-reads": [
          "14969"
        ],
        "x-ms-correlation-request-id": [
          "2d9d7c72-6c98-4e0e-8adb-eaca73eee4f4"
        ],
        "x-ms-routing-request-id": [
          "WESTEUROPE:20170613T150230Z:2d9d7c72-6c98-4e0e-8adb-eaca73eee4f4"
        ],
        "Cache-Control": [
          "no-store, no-cache"
        ],
        "Date": [
          "Tue, 13 Jun 2017 15:02:29 GMT"
        ],
        "Location": [
          "https://api-dogfood.resources.windows-int.net/subscriptions/b3ee3a7f-7614-4644-ad07-afa832620b4b/resourceGroups/onesdk5469/providers/Microsoft.Sql/servers/onesdk3559/databases/onesdk812/operationResults/01cfef5c-5dd3-4dd1-a84f-07e162e683e6?api-version=2014-04-01-Preview"
        ],
        "Server": [
          "Microsoft-HTTPAPI/2.0"
        ]
      },
      "StatusCode": 202
    },
    {
      "RequestUri": "/subscriptions/b3ee3a7f-7614-4644-ad07-afa832620b4b/resourceGroups/onesdk5469/providers/Microsoft.Sql/servers/onesdk3559/databases/onesdk812/operationResults/01cfef5c-5dd3-4dd1-a84f-07e162e683e6?api-version=2014-04-01-Preview",
      "EncodedRequestUri": "L3N1YnNjcmlwdGlvbnMvYjNlZTNhN2YtNzYxNC00NjQ0LWFkMDctYWZhODMyNjIwYjRiL3Jlc291cmNlR3JvdXBzL29uZXNkazU0NjkvcHJvdmlkZXJzL01pY3Jvc29mdC5TcWwvc2VydmVycy9vbmVzZGszNTU5L2RhdGFiYXNlcy9vbmVzZGs4MTIvb3BlcmF0aW9uUmVzdWx0cy8wMWNmZWY1Yy01ZGQzLTRkZDEtYTg0Zi0wN2UxNjJlNjgzZTY/YXBpLXZlcnNpb249MjAxNC0wNC0wMS1QcmV2aWV3",
      "RequestMethod": "GET",
      "RequestBody": "",
      "RequestHeaders": {
        "User-Agent": [
          "Microsoft.Azure.Management.Sql.LegacySdk.SqlManagementClient/3.0.0.0"
        ],
        "x-ms-client-request-id": [
          "5fbcad4a-70fb-4918-89f4-72b98a2d5b1b"
        ]
      },
      "ResponseBody": "{\r\n  \"operation\": \"CreateLogicalDatabase\",\r\n  \"startTime\": \"2017-06-13T15:02:30.277Z\"\r\n}",
      "ResponseHeaders": {
        "Content-Length": [
          "75"
        ],
        "Content-Type": [
          "application/json"
        ],
        "Retry-After": [
          "30"
        ],
        "x-ms-request-id": [
          "40242146-eba4-47a4-a2d3-42fcfdef70de"
        ],
        "X-Content-Type-Options": [
          "nosniff"
        ],
        "DataServiceVersion": [
          "3.0;"
        ],
        "Strict-Transport-Security": [
          "max-age=31536000; includeSubDomains"
        ],
        "Azure-AsyncOperation": [
          "https://api-dogfood.resources.windows-int.net/subscriptions/b3ee3a7f-7614-4644-ad07-afa832620b4b/resourceGroups/onesdk5469/providers/Microsoft.Sql/servers/onesdk3559/databases/onesdk812/azureAsyncOperation/01cfef5c-5dd3-4dd1-a84f-07e162e683e6?api-version=2014-04-01-Preview"
        ],
        "x-ms-ratelimit-remaining-subscription-reads": [
          "14968"
        ],
        "x-ms-correlation-request-id": [
          "ab4de2a4-e1df-4872-a00a-27e090a0c695"
        ],
        "x-ms-routing-request-id": [
          "WESTEUROPE:20170613T150300Z:ab4de2a4-e1df-4872-a00a-27e090a0c695"
        ],
        "Cache-Control": [
          "no-store, no-cache"
        ],
        "Date": [
          "Tue, 13 Jun 2017 15:03:00 GMT"
        ],
        "Location": [
          "https://api-dogfood.resources.windows-int.net/subscriptions/b3ee3a7f-7614-4644-ad07-afa832620b4b/resourceGroups/onesdk5469/providers/Microsoft.Sql/servers/onesdk3559/databases/onesdk812/operationResults/01cfef5c-5dd3-4dd1-a84f-07e162e683e6?api-version=2014-04-01-Preview"
        ],
        "Server": [
          "Microsoft-HTTPAPI/2.0"
        ]
      },
      "StatusCode": 202
    },
    {
      "RequestUri": "/subscriptions/b3ee3a7f-7614-4644-ad07-afa832620b4b/resourceGroups/onesdk5469/providers/Microsoft.Sql/servers/onesdk3559/databases/onesdk812/operationResults/01cfef5c-5dd3-4dd1-a84f-07e162e683e6?api-version=2014-04-01-Preview",
      "EncodedRequestUri": "L3N1YnNjcmlwdGlvbnMvYjNlZTNhN2YtNzYxNC00NjQ0LWFkMDctYWZhODMyNjIwYjRiL3Jlc291cmNlR3JvdXBzL29uZXNkazU0NjkvcHJvdmlkZXJzL01pY3Jvc29mdC5TcWwvc2VydmVycy9vbmVzZGszNTU5L2RhdGFiYXNlcy9vbmVzZGs4MTIvb3BlcmF0aW9uUmVzdWx0cy8wMWNmZWY1Yy01ZGQzLTRkZDEtYTg0Zi0wN2UxNjJlNjgzZTY/YXBpLXZlcnNpb249MjAxNC0wNC0wMS1QcmV2aWV3",
      "RequestMethod": "GET",
      "RequestBody": "",
      "RequestHeaders": {
        "User-Agent": [
          "Microsoft.Azure.Management.Sql.LegacySdk.SqlManagementClient/3.0.0.0"
        ],
        "x-ms-client-request-id": [
          "5fbcad4a-70fb-4918-89f4-72b98a2d5b1b"
        ]
      },
      "ResponseBody": "{\r\n  \"id\": \"/subscriptions/b3ee3a7f-7614-4644-ad07-afa832620b4b/resourceGroups/onesdk5469/providers/Microsoft.Sql/servers/onesdk3559/databases/onesdk812\",\r\n  \"name\": \"onesdk812\",\r\n  \"type\": \"Microsoft.Sql/servers/databases\",\r\n  \"location\": \"West US 2\",\r\n  \"kind\": \"v12.0,user\",\r\n  \"properties\": {\r\n    \"databaseId\": \"caddadf1-64df-47b7-bb85-b313f2a7ded6\",\r\n    \"edition\": \"Standard\",\r\n    \"status\": \"Online\",\r\n    \"serviceLevelObjective\": \"S0\",\r\n    \"collation\": \"SQL_Latin1_General_CP1_CI_AS\",\r\n    \"maxSizeBytes\": \"268435456000\",\r\n    \"creationDate\": \"2017-06-13T15:02:30.497Z\",\r\n    \"currentServiceObjectiveId\": \"f1173c43-91bd-4aaa-973c-54e79e15235b\",\r\n    \"requestedServiceObjectiveId\": \"f1173c43-91bd-4aaa-973c-54e79e15235b\",\r\n    \"requestedServiceObjectiveName\": \"S0\",\r\n    \"sampleName\": null,\r\n    \"defaultSecondaryLocation\": \"East US 2\",\r\n    \"earliestRestoreDate\": \"2017-06-13T15:13:01.71Z\",\r\n    \"elasticPoolName\": null,\r\n    \"containmentState\": 2,\r\n    \"readScale\": \"Disabled\",\r\n    \"failoverGroupId\": null\r\n  }\r\n}",
      "ResponseHeaders": {
        "Content-Length": [
          "870"
        ],
        "Content-Type": [
          "application/json; odata=minimalmetadata; streaming=true; charset=utf-8"
        ],
        "x-ms-request-id": [
          "fc5301a0-75bd-4b9c-911a-1d3b3f0540e2"
        ],
        "X-Content-Type-Options": [
          "nosniff"
        ],
        "DataServiceVersion": [
          "3.0;"
        ],
        "Strict-Transport-Security": [
          "max-age=31536000; includeSubDomains"
        ],
        "x-ms-ratelimit-remaining-subscription-reads": [
          "14967"
        ],
        "x-ms-correlation-request-id": [
          "96ee02e7-48ae-4d4a-80fb-2369fe979a42"
        ],
        "x-ms-routing-request-id": [
          "WESTEUROPE:20170613T150316Z:96ee02e7-48ae-4d4a-80fb-2369fe979a42"
        ],
        "Cache-Control": [
          "no-store, no-cache"
        ],
        "Date": [
          "Tue, 13 Jun 2017 15:03:15 GMT"
        ],
        "Server": [
          "Microsoft-HTTPAPI/2.0"
        ]
      },
      "StatusCode": 201
    },
    {
      "RequestUri": "/subscriptions/b3ee3a7f-7614-4644-ad07-afa832620b4b/resourceGroups/onesdk5469/providers/Microsoft.Sql/servers/onesdk3559/databases/onesdk6187/syncGroups/onesdk613?api-version=2015-05-01-preview",
      "EncodedRequestUri": "L3N1YnNjcmlwdGlvbnMvYjNlZTNhN2YtNzYxNC00NjQ0LWFkMDctYWZhODMyNjIwYjRiL3Jlc291cmNlR3JvdXBzL29uZXNkazU0NjkvcHJvdmlkZXJzL01pY3Jvc29mdC5TcWwvc2VydmVycy9vbmVzZGszNTU5L2RhdGFiYXNlcy9vbmVzZGs2MTg3L3N5bmNHcm91cHMvb25lc2RrNjEzP2FwaS12ZXJzaW9uPTIwMTUtMDUtMDEtcHJldmlldw==",
      "RequestMethod": "GET",
      "RequestBody": "",
      "RequestHeaders": {
        "User-Agent": [
          "Microsoft.Azure.Management.Sql.LegacySdk.SqlManagementClient/3.0.0.0"
        ],
        "x-ms-client-request-id": [
          "c86dfb7f-77a5-45fb-8258-3928cbb67010"
        ]
      },
      "ResponseBody": "{\r\n  \"error\": {\r\n    \"code\": \"ResourceNotFound\",\r\n    \"message\": \"The requested resource of type 'Microsoft.Sql/servers/databases/syncGroups' with name 'onesdk613' was not found.\"\r\n  }\r\n}",
      "ResponseHeaders": {
        "Content-Length": [
          "162"
        ],
        "Content-Type": [
          "application/json; charset=utf-8"
        ],
        "Expires": [
          "-1"
        ],
        "Pragma": [
          "no-cache"
        ],
        "x-ms-request-id": [
          "4aca6f6d-92f6-476e-9e31-762721599062"
        ],
        "x-ms-ratelimit-remaining-subscription-reads": [
          "14966"
        ],
        "x-ms-correlation-request-id": [
          "9c969f34-9cfa-4266-b326-2dfd415ae226"
        ],
        "x-ms-routing-request-id": [
          "WESTEUROPE:20170613T150317Z:9c969f34-9cfa-4266-b326-2dfd415ae226"
        ],
        "Strict-Transport-Security": [
          "max-age=31536000; includeSubDomains"
        ],
        "Cache-Control": [
          "no-cache"
        ],
        "Date": [
          "Tue, 13 Jun 2017 15:03:16 GMT"
        ],
        "Server": [
          "Microsoft-HTTPAPI/2.0"
        ]
      },
      "StatusCode": 404
    },
    {
      "RequestUri": "/subscriptions/b3ee3a7f-7614-4644-ad07-afa832620b4b/resourceGroups/onesdk5469/providers/Microsoft.Sql/servers/onesdk3559/databases/onesdk6187/syncGroups/onesdk613?api-version=2015-05-01-preview",
      "EncodedRequestUri": "L3N1YnNjcmlwdGlvbnMvYjNlZTNhN2YtNzYxNC00NjQ0LWFkMDctYWZhODMyNjIwYjRiL3Jlc291cmNlR3JvdXBzL29uZXNkazU0NjkvcHJvdmlkZXJzL01pY3Jvc29mdC5TcWwvc2VydmVycy9vbmVzZGszNTU5L2RhdGFiYXNlcy9vbmVzZGs2MTg3L3N5bmNHcm91cHMvb25lc2RrNjEzP2FwaS12ZXJzaW9uPTIwMTUtMDUtMDEtcHJldmlldw==",
      "RequestMethod": "GET",
      "RequestBody": "",
      "RequestHeaders": {
        "User-Agent": [
          "Microsoft.Azure.Management.Sql.LegacySdk.SqlManagementClient/3.0.0.0"
        ],
        "x-ms-client-request-id": [
          "7f476750-7b05-4e74-ae0e-d1dedfe60f8f"
        ]
      },
      "ResponseBody": "{\r\n  \"id\": \"/subscriptions/b3ee3a7f-7614-4644-ad07-afa832620b4b/resourceGroups/onesdk5469/providers/Microsoft.Sql/servers/onesdk3559/databases/onesdk6187/syncGroups/onesdk613\",\r\n  \"name\": \"onesdk613\",\r\n  \"type\": \"Microsoft.Sql/servers/databases/syncGroups\",\r\n  \"kind\": \"\",\r\n  \"properties\": {\r\n    \"interval\": 300,\r\n    \"lastSyncTime\": \"0001-01-01T00:00:00Z\",\r\n    \"conflictResolutionPolicy\": \"HubWin\",\r\n    \"syncDatabaseId\": \"/subscriptions/b3ee3a7f-7614-4644-ad07-afa832620b4b/resourceGroups/onesdk5469/providers/Microsoft.Sql/servers/onesdk3559/databases/onesdk812\",\r\n    \"hubDatabaseUserName\": \"testusername\",\r\n    \"syncState\": \"NotReady\"\r\n  }\r\n}",
      "ResponseHeaders": {
        "Content-Length": [
          "576"
        ],
        "Content-Type": [
          "application/json; charset=utf-8"
        ],
        "Expires": [
          "-1"
        ],
        "Pragma": [
          "no-cache"
        ],
        "x-ms-request-id": [
          "24406eec-c811-48d0-85cd-4368149279f7"
        ],
        "x-ms-ratelimit-remaining-subscription-reads": [
          "14961"
        ],
        "x-ms-correlation-request-id": [
          "cfc98b12-ab4c-4780-b536-e9a9778a794c"
        ],
        "x-ms-routing-request-id": [
          "WESTEUROPE:20170613T150406Z:cfc98b12-ab4c-4780-b536-e9a9778a794c"
        ],
        "Strict-Transport-Security": [
          "max-age=31536000; includeSubDomains"
        ],
        "Cache-Control": [
          "no-cache"
        ],
        "Date": [
          "Tue, 13 Jun 2017 15:04:06 GMT"
        ],
        "Server": [
          "Microsoft-HTTPAPI/2.0"
        ]
      },
      "StatusCode": 200
    },
    {
      "RequestUri": "/subscriptions/b3ee3a7f-7614-4644-ad07-afa832620b4b/resourceGroups/onesdk5469/providers/Microsoft.Sql/servers/onesdk3559/databases/onesdk6187/syncGroups/onesdk613?api-version=2015-05-01-preview",
      "EncodedRequestUri": "L3N1YnNjcmlwdGlvbnMvYjNlZTNhN2YtNzYxNC00NjQ0LWFkMDctYWZhODMyNjIwYjRiL3Jlc291cmNlR3JvdXBzL29uZXNkazU0NjkvcHJvdmlkZXJzL01pY3Jvc29mdC5TcWwvc2VydmVycy9vbmVzZGszNTU5L2RhdGFiYXNlcy9vbmVzZGs2MTg3L3N5bmNHcm91cHMvb25lc2RrNjEzP2FwaS12ZXJzaW9uPTIwMTUtMDUtMDEtcHJldmlldw==",
      "RequestMethod": "GET",
      "RequestBody": "",
      "RequestHeaders": {
        "User-Agent": [
          "Microsoft.Azure.Management.Sql.LegacySdk.SqlManagementClient/3.0.0.0"
        ],
        "x-ms-client-request-id": [
          "d626026b-bfb3-4019-bd0f-38a7d382249b"
        ]
      },
      "ResponseBody": "{\r\n  \"id\": \"/subscriptions/b3ee3a7f-7614-4644-ad07-afa832620b4b/resourceGroups/onesdk5469/providers/Microsoft.Sql/servers/onesdk3559/databases/onesdk6187/syncGroups/onesdk613\",\r\n  \"name\": \"onesdk613\",\r\n  \"type\": \"Microsoft.Sql/servers/databases/syncGroups\",\r\n  \"kind\": \"\",\r\n  \"properties\": {\r\n    \"interval\": 300,\r\n    \"lastSyncTime\": \"0001-01-01T00:00:00Z\",\r\n    \"conflictResolutionPolicy\": \"HubWin\",\r\n    \"syncDatabaseId\": \"/subscriptions/b3ee3a7f-7614-4644-ad07-afa832620b4b/resourceGroups/onesdk5469/providers/Microsoft.Sql/servers/onesdk3559/databases/onesdk812\",\r\n    \"hubDatabaseUserName\": \"testusername\",\r\n    \"syncState\": \"NotReady\"\r\n  }\r\n}",
      "ResponseHeaders": {
        "Content-Length": [
          "576"
        ],
        "Content-Type": [
          "application/json; charset=utf-8"
        ],
        "Expires": [
          "-1"
        ],
        "Pragma": [
          "no-cache"
        ],
        "x-ms-request-id": [
          "c8c74003-cbf1-4f93-83c9-4cfb6bb6fb62"
        ],
        "x-ms-ratelimit-remaining-subscription-reads": [
          "14960"
        ],
        "x-ms-correlation-request-id": [
          "be207fe1-725a-4c7b-8293-a7366b9b5fc4"
        ],
        "x-ms-routing-request-id": [
          "WESTEUROPE:20170613T150407Z:be207fe1-725a-4c7b-8293-a7366b9b5fc4"
        ],
        "Strict-Transport-Security": [
          "max-age=31536000; includeSubDomains"
        ],
        "Cache-Control": [
          "no-cache"
        ],
        "Date": [
          "Tue, 13 Jun 2017 15:04:07 GMT"
        ],
        "Server": [
          "Microsoft-HTTPAPI/2.0"
        ]
      },
      "StatusCode": 200
    },
    {
      "RequestUri": "/subscriptions/b3ee3a7f-7614-4644-ad07-afa832620b4b/resourceGroups/onesdk5469/providers/Microsoft.Sql/servers/onesdk3559/databases/onesdk6187/syncGroups/onesdk613?api-version=2015-05-01-preview",
      "EncodedRequestUri": "L3N1YnNjcmlwdGlvbnMvYjNlZTNhN2YtNzYxNC00NjQ0LWFkMDctYWZhODMyNjIwYjRiL3Jlc291cmNlR3JvdXBzL29uZXNkazU0NjkvcHJvdmlkZXJzL01pY3Jvc29mdC5TcWwvc2VydmVycy9vbmVzZGszNTU5L2RhdGFiYXNlcy9vbmVzZGs2MTg3L3N5bmNHcm91cHMvb25lc2RrNjEzP2FwaS12ZXJzaW9uPTIwMTUtMDUtMDEtcHJldmlldw==",
      "RequestMethod": "PUT",
      "RequestBody": "{\r\n  \"properties\": {\r\n    \"interval\": 300,\r\n    \"conflictResolutionPolicy\": \"HubWin\",\r\n    \"syncDatabaseId\": \"/subscriptions/b3ee3a7f-7614-4644-ad07-afa832620b4b/resourceGroups/onesdk5469/providers/Microsoft.Sql/servers/onesdk3559/databases/onesdk812\",\r\n    \"hubDatabaseUserName\": \"testusername\",\r\n    \"hubDatabasePassword\": \"t357ingP@s5w0rd!\"\r\n  }\r\n}",
      "RequestHeaders": {
        "Content-Type": [
          "application/json; charset=utf-8"
        ],
        "Content-Length": [
          "351"
        ],
        "User-Agent": [
          "Microsoft.Azure.Management.Sql.LegacySdk.SqlManagementClient/3.0.0.0"
        ],
        "x-ms-client-request-id": [
          "412d2f27-f844-43d2-ae48-4c010a45133d"
        ]
      },
      "ResponseBody": "{\r\n  \"operation\": \"UpsertSyncGroup\",\r\n  \"startTime\": \"2017-06-13T15:03:19.07Z\"\r\n}",
      "ResponseHeaders": {
        "Content-Length": [
          "69"
        ],
        "Content-Type": [
          "application/json; charset=utf-8"
        ],
        "Expires": [
          "-1"
        ],
        "Pragma": [
          "no-cache"
        ],
        "Retry-After": [
          "15"
        ],
        "x-ms-request-id": [
          "9a3e7381-d17a-4f86-9b0b-5d2030db0e89"
        ],
        "x-ms-ratelimit-remaining-subscription-writes": [
          "1190"
        ],
        "x-ms-correlation-request-id": [
          "ae4044b1-e81e-471f-a5dd-190793cc1169"
        ],
        "x-ms-routing-request-id": [
          "WESTEUROPE:20170613T150318Z:ae4044b1-e81e-471f-a5dd-190793cc1169"
        ],
        "Strict-Transport-Security": [
          "max-age=31536000; includeSubDomains"
        ],
        "Cache-Control": [
          "no-cache"
        ],
        "Date": [
          "Tue, 13 Jun 2017 15:03:17 GMT"
        ],
        "Location": [
          "https://api-dogfood.resources.windows-int.net/subscriptions/b3ee3a7f-7614-4644-ad07-afa832620b4b/providers/Microsoft.Sql/locations/West%20US%202/syncGroupOperationResults/9a3e7381-d17a-4f86-9b0b-5d2030db0e89?api-version=2015-05-01-preview"
        ],
        "Server": [
          "Microsoft-HTTPAPI/2.0"
        ]
      },
      "StatusCode": 202
    },
    {
      "RequestUri": "/subscriptions/b3ee3a7f-7614-4644-ad07-afa832620b4b/providers/Microsoft.Sql/locations/West%20US%202/syncGroupOperationResults/9a3e7381-d17a-4f86-9b0b-5d2030db0e89?api-version=2015-05-01-preview",
      "EncodedRequestUri": "L3N1YnNjcmlwdGlvbnMvYjNlZTNhN2YtNzYxNC00NjQ0LWFkMDctYWZhODMyNjIwYjRiL3Byb3ZpZGVycy9NaWNyb3NvZnQuU3FsL2xvY2F0aW9ucy9XZXN0JTIwVVMlMjAyL3N5bmNHcm91cE9wZXJhdGlvblJlc3VsdHMvOWEzZTczODEtZDE3YS00Zjg2LTliMGItNWQyMDMwZGIwZTg5P2FwaS12ZXJzaW9uPTIwMTUtMDUtMDEtcHJldmlldw==",
      "RequestMethod": "GET",
      "RequestBody": "",
      "RequestHeaders": {
        "User-Agent": [
          "Microsoft.Azure.Management.Sql.LegacySdk.SqlManagementClient/3.0.0.0"
        ],
        "x-ms-client-request-id": [
          "412d2f27-f844-43d2-ae48-4c010a45133d"
        ]
      },
      "ResponseBody": "{\r\n  \"operation\": \"UpsertSyncGroup\",\r\n  \"startTime\": \"2017-06-13T15:03:19.07Z\"\r\n}",
      "ResponseHeaders": {
        "Content-Length": [
          "69"
        ],
        "Content-Type": [
          "application/json; charset=utf-8"
        ],
        "Expires": [
          "-1"
        ],
        "Pragma": [
          "no-cache"
        ],
        "Retry-After": [
          "15"
        ],
        "x-ms-request-id": [
          "bbf4c7c3-3fd9-4f23-89b6-435d05593fa6"
        ],
        "x-ms-ratelimit-remaining-subscription-reads": [
          "14965"
        ],
        "x-ms-correlation-request-id": [
          "1e68172d-ab85-457d-b0b9-87fc1888dbb4"
        ],
        "x-ms-routing-request-id": [
          "WESTEUROPE:20170613T150319Z:1e68172d-ab85-457d-b0b9-87fc1888dbb4"
        ],
        "Strict-Transport-Security": [
          "max-age=31536000; includeSubDomains"
        ],
        "Cache-Control": [
          "no-cache"
        ],
        "Date": [
          "Tue, 13 Jun 2017 15:03:19 GMT"
        ],
        "Location": [
          "https://api-dogfood.resources.windows-int.net/subscriptions/b3ee3a7f-7614-4644-ad07-afa832620b4b/providers/Microsoft.Sql/locations/West%20US%202/syncGroupOperationResults/9a3e7381-d17a-4f86-9b0b-5d2030db0e89?api-version=2015-05-01-preview"
        ],
        "Server": [
          "Microsoft-HTTPAPI/2.0"
        ]
      },
      "StatusCode": 202
    },
    {
      "RequestUri": "/subscriptions/b3ee3a7f-7614-4644-ad07-afa832620b4b/providers/Microsoft.Sql/locations/West%20US%202/syncGroupOperationResults/9a3e7381-d17a-4f86-9b0b-5d2030db0e89?api-version=2015-05-01-preview",
      "EncodedRequestUri": "L3N1YnNjcmlwdGlvbnMvYjNlZTNhN2YtNzYxNC00NjQ0LWFkMDctYWZhODMyNjIwYjRiL3Byb3ZpZGVycy9NaWNyb3NvZnQuU3FsL2xvY2F0aW9ucy9XZXN0JTIwVVMlMjAyL3N5bmNHcm91cE9wZXJhdGlvblJlc3VsdHMvOWEzZTczODEtZDE3YS00Zjg2LTliMGItNWQyMDMwZGIwZTg5P2FwaS12ZXJzaW9uPTIwMTUtMDUtMDEtcHJldmlldw==",
      "RequestMethod": "GET",
      "RequestBody": "",
      "RequestHeaders": {
        "User-Agent": [
          "Microsoft.Azure.Management.Sql.LegacySdk.SqlManagementClient/3.0.0.0"
        ],
        "x-ms-client-request-id": [
          "412d2f27-f844-43d2-ae48-4c010a45133d"
        ]
      },
      "ResponseBody": "{\r\n  \"operation\": \"UpsertSyncGroup\",\r\n  \"startTime\": \"2017-06-13T15:03:19.07Z\"\r\n}",
      "ResponseHeaders": {
        "Content-Length": [
          "69"
        ],
        "Content-Type": [
          "application/json; charset=utf-8"
        ],
        "Expires": [
          "-1"
        ],
        "Pragma": [
          "no-cache"
        ],
        "Retry-After": [
          "15"
        ],
        "x-ms-request-id": [
          "dfa5b30d-6859-43a2-a115-4cb001c8bf11"
        ],
        "x-ms-ratelimit-remaining-subscription-reads": [
          "14964"
        ],
        "x-ms-correlation-request-id": [
          "2d9c7690-406c-48be-9436-8a08bc91cbc2"
        ],
        "x-ms-routing-request-id": [
          "WESTEUROPE:20170613T150335Z:2d9c7690-406c-48be-9436-8a08bc91cbc2"
        ],
        "Strict-Transport-Security": [
          "max-age=31536000; includeSubDomains"
        ],
        "Cache-Control": [
          "no-cache"
        ],
        "Date": [
          "Tue, 13 Jun 2017 15:03:34 GMT"
        ],
        "Location": [
          "https://api-dogfood.resources.windows-int.net/subscriptions/b3ee3a7f-7614-4644-ad07-afa832620b4b/providers/Microsoft.Sql/locations/West%20US%202/syncGroupOperationResults/9a3e7381-d17a-4f86-9b0b-5d2030db0e89?api-version=2015-05-01-preview"
        ],
        "Server": [
          "Microsoft-HTTPAPI/2.0"
        ]
      },
      "StatusCode": 202
    },
    {
      "RequestUri": "/subscriptions/b3ee3a7f-7614-4644-ad07-afa832620b4b/providers/Microsoft.Sql/locations/West%20US%202/syncGroupOperationResults/9a3e7381-d17a-4f86-9b0b-5d2030db0e89?api-version=2015-05-01-preview",
      "EncodedRequestUri": "L3N1YnNjcmlwdGlvbnMvYjNlZTNhN2YtNzYxNC00NjQ0LWFkMDctYWZhODMyNjIwYjRiL3Byb3ZpZGVycy9NaWNyb3NvZnQuU3FsL2xvY2F0aW9ucy9XZXN0JTIwVVMlMjAyL3N5bmNHcm91cE9wZXJhdGlvblJlc3VsdHMvOWEzZTczODEtZDE3YS00Zjg2LTliMGItNWQyMDMwZGIwZTg5P2FwaS12ZXJzaW9uPTIwMTUtMDUtMDEtcHJldmlldw==",
      "RequestMethod": "GET",
      "RequestBody": "",
      "RequestHeaders": {
        "User-Agent": [
          "Microsoft.Azure.Management.Sql.LegacySdk.SqlManagementClient/3.0.0.0"
        ],
        "x-ms-client-request-id": [
          "412d2f27-f844-43d2-ae48-4c010a45133d"
        ]
      },
      "ResponseBody": "{\r\n  \"operation\": \"UpsertSyncGroup\",\r\n  \"startTime\": \"2017-06-13T15:03:19.07Z\"\r\n}",
      "ResponseHeaders": {
        "Content-Length": [
          "69"
        ],
        "Content-Type": [
          "application/json; charset=utf-8"
        ],
        "Expires": [
          "-1"
        ],
        "Pragma": [
          "no-cache"
        ],
        "Retry-After": [
          "15"
        ],
        "x-ms-request-id": [
          "6467ea69-0bc1-48f4-9eb2-fffcc085f518"
        ],
        "x-ms-ratelimit-remaining-subscription-reads": [
          "14963"
        ],
        "x-ms-correlation-request-id": [
          "8580c7ef-efe5-43c0-a649-0e6b2b8593a6"
        ],
        "x-ms-routing-request-id": [
          "WESTEUROPE:20170613T150350Z:8580c7ef-efe5-43c0-a649-0e6b2b8593a6"
        ],
        "Strict-Transport-Security": [
          "max-age=31536000; includeSubDomains"
        ],
        "Cache-Control": [
          "no-cache"
        ],
        "Date": [
          "Tue, 13 Jun 2017 15:03:50 GMT"
        ],
        "Location": [
          "https://api-dogfood.resources.windows-int.net/subscriptions/b3ee3a7f-7614-4644-ad07-afa832620b4b/providers/Microsoft.Sql/locations/West%20US%202/syncGroupOperationResults/9a3e7381-d17a-4f86-9b0b-5d2030db0e89?api-version=2015-05-01-preview"
        ],
        "Server": [
          "Microsoft-HTTPAPI/2.0"
        ]
      },
      "StatusCode": 202
    },
    {
      "RequestUri": "/subscriptions/b3ee3a7f-7614-4644-ad07-afa832620b4b/providers/Microsoft.Sql/locations/West%20US%202/syncGroupOperationResults/9a3e7381-d17a-4f86-9b0b-5d2030db0e89?api-version=2015-05-01-preview",
      "EncodedRequestUri": "L3N1YnNjcmlwdGlvbnMvYjNlZTNhN2YtNzYxNC00NjQ0LWFkMDctYWZhODMyNjIwYjRiL3Byb3ZpZGVycy9NaWNyb3NvZnQuU3FsL2xvY2F0aW9ucy9XZXN0JTIwVVMlMjAyL3N5bmNHcm91cE9wZXJhdGlvblJlc3VsdHMvOWEzZTczODEtZDE3YS00Zjg2LTliMGItNWQyMDMwZGIwZTg5P2FwaS12ZXJzaW9uPTIwMTUtMDUtMDEtcHJldmlldw==",
      "RequestMethod": "GET",
      "RequestBody": "",
      "RequestHeaders": {
        "User-Agent": [
          "Microsoft.Azure.Management.Sql.LegacySdk.SqlManagementClient/3.0.0.0"
        ],
        "x-ms-client-request-id": [
          "412d2f27-f844-43d2-ae48-4c010a45133d"
        ]
      },
      "ResponseBody": "{\r\n  \"id\": \"/subscriptions/b3ee3a7f-7614-4644-ad07-afa832620b4b/resourceGroups/onesdk5469/providers/Microsoft.Sql/servers/onesdk3559/databases/onesdk6187/syncGroups/onesdk613\",\r\n  \"name\": \"onesdk613\",\r\n  \"type\": \"Microsoft.Sql/servers/databases/syncGroups\",\r\n  \"kind\": \"\",\r\n  \"properties\": {\r\n    \"interval\": 300,\r\n    \"lastSyncTime\": \"0001-01-01T00:00:00Z\",\r\n    \"conflictResolutionPolicy\": \"HubWin\",\r\n    \"syncDatabaseId\": \"/subscriptions/b3ee3a7f-7614-4644-ad07-afa832620b4b/resourceGroups/onesdk5469/providers/Microsoft.Sql/servers/onesdk3559/databases/onesdk812\",\r\n    \"syncState\": \"Good\"\r\n  }\r\n}",
      "ResponseHeaders": {
        "Content-Length": [
          "535"
        ],
        "Content-Type": [
          "application/json; charset=utf-8"
        ],
        "Expires": [
          "-1"
        ],
        "Pragma": [
          "no-cache"
        ],
        "x-ms-request-id": [
          "8beb176d-ca18-42d0-baf0-8da899ce3751"
        ],
        "x-ms-ratelimit-remaining-subscription-reads": [
          "14962"
        ],
        "x-ms-correlation-request-id": [
          "8cc307f9-8506-4598-8c10-7dd1a3814e2d"
        ],
        "x-ms-routing-request-id": [
          "WESTEUROPE:20170613T150406Z:8cc307f9-8506-4598-8c10-7dd1a3814e2d"
        ],
        "Strict-Transport-Security": [
          "max-age=31536000; includeSubDomains"
        ],
        "Cache-Control": [
          "no-cache"
        ],
        "Date": [
          "Tue, 13 Jun 2017 15:04:06 GMT"
        ],
        "Server": [
          "Microsoft-HTTPAPI/2.0"
        ]
      },
      "StatusCode": 201
    },
    {
      "RequestUri": "/subscriptions/b3ee3a7f-7614-4644-ad07-afa832620b4b/resourceGroups/onesdk5469/providers/Microsoft.Sql/servers/onesdk3559/databases/onesdk6187/syncGroups/onesdk613/refreshHubSchema?api-version=2015-05-01-preview",
      "EncodedRequestUri": "L3N1YnNjcmlwdGlvbnMvYjNlZTNhN2YtNzYxNC00NjQ0LWFkMDctYWZhODMyNjIwYjRiL3Jlc291cmNlR3JvdXBzL29uZXNkazU0NjkvcHJvdmlkZXJzL01pY3Jvc29mdC5TcWwvc2VydmVycy9vbmVzZGszNTU5L2RhdGFiYXNlcy9vbmVzZGs2MTg3L3N5bmNHcm91cHMvb25lc2RrNjEzL3JlZnJlc2hIdWJTY2hlbWE/YXBpLXZlcnNpb249MjAxNS0wNS0wMS1wcmV2aWV3",
      "RequestMethod": "POST",
      "RequestBody": "",
      "RequestHeaders": {
        "User-Agent": [
          "Microsoft.Azure.Management.Sql.LegacySdk.SqlManagementClient/3.0.0.0"
        ],
        "x-ms-client-request-id": [
          "6f725cd1-7d51-42d9-8a92-6109dab37bfa"
        ]
      },
      "ResponseBody": "{\r\n  \"operation\": \"RefrehSyncHubFullSchema\",\r\n  \"startTime\": \"2017-06-13T15:04:08.713Z\"\r\n}",
      "ResponseHeaders": {
        "Content-Length": [
          "78"
        ],
        "Content-Type": [
          "application/json; charset=utf-8"
        ],
        "Expires": [
          "-1"
        ],
        "Pragma": [
          "no-cache"
        ],
        "Retry-After": [
          "15"
        ],
        "x-ms-request-id": [
          "77b8a85f-b4d8-4a46-a7cf-15b93e05742f"
        ],
        "x-ms-ratelimit-remaining-subscription-writes": [
          "1189"
        ],
        "x-ms-correlation-request-id": [
          "c8f3842a-6950-405d-b693-e142908e4ae3"
        ],
        "x-ms-routing-request-id": [
          "WESTEUROPE:20170613T150408Z:c8f3842a-6950-405d-b693-e142908e4ae3"
        ],
        "Strict-Transport-Security": [
          "max-age=31536000; includeSubDomains"
        ],
        "Cache-Control": [
          "no-cache"
        ],
        "Date": [
          "Tue, 13 Jun 2017 15:04:07 GMT"
        ],
        "Location": [
          "https://api-dogfood.resources.windows-int.net/subscriptions/b3ee3a7f-7614-4644-ad07-afa832620b4b/resourceGroups/onesdk5469/providers/Microsoft.Sql/servers/onesdk3559/databases/onesdk6187/syncGroups/onesdk613/refreshHubSchemaOperationResults/77b8a85f-b4d8-4a46-a7cf-15b93e05742f?api-version=2015-05-01-preview"
        ],
        "Server": [
          "Microsoft-HTTPAPI/2.0"
        ]
      },
      "StatusCode": 202
    },
    {
      "RequestUri": "/subscriptions/b3ee3a7f-7614-4644-ad07-afa832620b4b/resourceGroups/onesdk5469/providers/Microsoft.Sql/servers/onesdk3559/databases/onesdk6187/syncGroups/onesdk613/refreshHubSchemaOperationResults/77b8a85f-b4d8-4a46-a7cf-15b93e05742f?api-version=2015-05-01-preview",
      "EncodedRequestUri": "L3N1YnNjcmlwdGlvbnMvYjNlZTNhN2YtNzYxNC00NjQ0LWFkMDctYWZhODMyNjIwYjRiL3Jlc291cmNlR3JvdXBzL29uZXNkazU0NjkvcHJvdmlkZXJzL01pY3Jvc29mdC5TcWwvc2VydmVycy9vbmVzZGszNTU5L2RhdGFiYXNlcy9vbmVzZGs2MTg3L3N5bmNHcm91cHMvb25lc2RrNjEzL3JlZnJlc2hIdWJTY2hlbWFPcGVyYXRpb25SZXN1bHRzLzc3YjhhODVmLWI0ZDgtNGE0Ni1hN2NmLTE1YjkzZTA1NzQyZj9hcGktdmVyc2lvbj0yMDE1LTA1LTAxLXByZXZpZXc=",
      "RequestMethod": "GET",
      "RequestBody": "",
      "RequestHeaders": {
        "User-Agent": [
          "Microsoft.Azure.Management.Sql.LegacySdk.SqlManagementClient/3.0.0.0"
        ],
        "x-ms-client-request-id": [
          "6f725cd1-7d51-42d9-8a92-6109dab37bfa"
        ]
      },
      "ResponseBody": "",
      "ResponseHeaders": {
        "Content-Length": [
          "0"
        ],
        "Expires": [
          "-1"
        ],
        "Pragma": [
          "no-cache"
        ],
        "x-ms-request-id": [
          "b677292c-52b2-476c-a00b-a2c5df3fee53"
        ],
        "x-ms-ratelimit-remaining-subscription-reads": [
          "14959"
        ],
        "x-ms-correlation-request-id": [
          "7c0dd266-1d96-4b17-84dd-361a14c32d85"
        ],
        "x-ms-routing-request-id": [
          "WESTEUROPE:20170613T150408Z:7c0dd266-1d96-4b17-84dd-361a14c32d85"
        ],
        "Strict-Transport-Security": [
          "max-age=31536000; includeSubDomains"
        ],
        "Cache-Control": [
          "no-cache"
        ],
        "Date": [
          "Tue, 13 Jun 2017 15:04:08 GMT"
        ],
        "Server": [
          "Microsoft-HTTPAPI/2.0"
        ]
      },
      "StatusCode": 200
    },
    {
      "RequestUri": "/subscriptions/b3ee3a7f-7614-4644-ad07-afa832620b4b/resourceGroups/onesdk5469/providers/Microsoft.Sql/servers/onesdk3559/databases/onesdk6187/syncGroups/onesdk613/hubSchemas?api-version=2015-05-01-preview",
      "EncodedRequestUri": "L3N1YnNjcmlwdGlvbnMvYjNlZTNhN2YtNzYxNC00NjQ0LWFkMDctYWZhODMyNjIwYjRiL3Jlc291cmNlR3JvdXBzL29uZXNkazU0NjkvcHJvdmlkZXJzL01pY3Jvc29mdC5TcWwvc2VydmVycy9vbmVzZGszNTU5L2RhdGFiYXNlcy9vbmVzZGs2MTg3L3N5bmNHcm91cHMvb25lc2RrNjEzL2h1YlNjaGVtYXM/YXBpLXZlcnNpb249MjAxNS0wNS0wMS1wcmV2aWV3",
      "RequestMethod": "GET",
      "RequestBody": "",
      "RequestHeaders": {
        "User-Agent": [
          "Microsoft.Azure.Management.Sql.LegacySdk.SqlManagementClient/3.0.0.0"
        ],
        "x-ms-client-request-id": [
          "89a0d81f-72e9-43d1-90b2-c53df6534944"
        ]
      },
      "ResponseBody": "{\r\n  \"value\": []\r\n}",
      "ResponseHeaders": {
        "Content-Length": [
          "12"
        ],
        "Content-Type": [
          "application/json; charset=utf-8"
        ],
        "Expires": [
          "-1"
        ],
        "Pragma": [
          "no-cache"
        ],
        "x-ms-request-id": [
          "a8f5dede-0c08-4e66-82be-e481941680ec"
        ],
        "x-ms-ratelimit-remaining-subscription-reads": [
          "14958"
        ],
        "x-ms-correlation-request-id": [
          "5fed183b-60c6-454b-9892-e6f973d41208"
        ],
        "x-ms-routing-request-id": [
          "WESTEUROPE:20170613T150409Z:5fed183b-60c6-454b-9892-e6f973d41208"
        ],
        "Strict-Transport-Security": [
          "max-age=31536000; includeSubDomains"
        ],
        "Cache-Control": [
          "no-cache"
        ],
        "Date": [
          "Tue, 13 Jun 2017 15:04:08 GMT"
        ],
        "Server": [
          "Microsoft-HTTPAPI/2.0"
        ]
      },
      "StatusCode": 200
    },
    {
      "RequestUri": "/subscriptions/b3ee3a7f-7614-4644-ad07-afa832620b4b/resourcegroups/onesdk5469?api-version=2016-02-01",
      "EncodedRequestUri": "L3N1YnNjcmlwdGlvbnMvYjNlZTNhN2YtNzYxNC00NjQ0LWFkMDctYWZhODMyNjIwYjRiL3Jlc291cmNlZ3JvdXBzL29uZXNkazU0Njk/YXBpLXZlcnNpb249MjAxNi0wMi0wMQ==",
      "RequestMethod": "DELETE",
      "RequestBody": "",
      "RequestHeaders": {
        "User-Agent": [
          "Microsoft.Azure.Management.Resources.ResourceManagementClient/2.0.0.0"
        ]
      },
      "ResponseBody": "",
      "ResponseHeaders": {
        "Content-Length": [
          "0"
        ],
        "Expires": [
          "-1"
        ],
        "Pragma": [
          "no-cache"
        ],
        "Retry-After": [
          "15"
        ],
        "x-ms-ratelimit-remaining-subscription-writes": [
          "1186"
        ],
        "x-ms-request-id": [
          "19a3f6bc-9f5f-47d3-ba82-276e5760e660"
        ],
        "x-ms-correlation-request-id": [
          "19a3f6bc-9f5f-47d3-ba82-276e5760e660"
        ],
        "x-ms-routing-request-id": [
          "WESTEUROPE:20170613T150411Z:19a3f6bc-9f5f-47d3-ba82-276e5760e660"
        ],
        "Strict-Transport-Security": [
          "max-age=31536000; includeSubDomains"
        ],
        "Cache-Control": [
          "no-cache"
        ],
        "Date": [
          "Tue, 13 Jun 2017 15:04:10 GMT"
        ],
        "Location": [
          "https://api-dogfood.resources.windows-int.net/subscriptions/b3ee3a7f-7614-4644-ad07-afa832620b4b/operationresults/eyJqb2JJZCI6IlJFU09VUkNFR1JPVVBERUxFVElPTkpPQi1PTkVTREs1NDY5LUpBUEFORUFTVCIsImpvYkxvY2F0aW9uIjoiamFwYW5lYXN0In0?api-version=2016-02-01"
        ]
      },
      "StatusCode": 202
    },
    {
      "RequestUri": "/subscriptions/b3ee3a7f-7614-4644-ad07-afa832620b4b/operationresults/eyJqb2JJZCI6IlJFU09VUkNFR1JPVVBERUxFVElPTkpPQi1PTkVTREs1NDY5LUpBUEFORUFTVCIsImpvYkxvY2F0aW9uIjoiamFwYW5lYXN0In0?api-version=2016-02-01",
      "EncodedRequestUri": "L3N1YnNjcmlwdGlvbnMvYjNlZTNhN2YtNzYxNC00NjQ0LWFkMDctYWZhODMyNjIwYjRiL29wZXJhdGlvbnJlc3VsdHMvZXlKcWIySkpaQ0k2SWxKRlUwOVZVa05GUjFKUFZWQkVSVXhGVkVsUFRrcFBRaTFQVGtWVFJFczFORFk1TFVwQlVFRk9SVUZUVkNJc0ltcHZZa3h2WTJGMGFXOXVJam9pYW1Gd1lXNWxZWE4wSW4wP2FwaS12ZXJzaW9uPTIwMTYtMDItMDE=",
      "RequestMethod": "GET",
      "RequestBody": "",
      "RequestHeaders": {
        "x-ms-version": [
          "2016-02-01"
        ],
        "User-Agent": [
          "Microsoft.Azure.Management.Resources.ResourceManagementClient/2.0.0.0"
        ]
      },
      "ResponseBody": "",
      "ResponseHeaders": {
        "Content-Length": [
          "0"
        ],
        "Expires": [
          "-1"
        ],
        "Pragma": [
          "no-cache"
        ],
        "Retry-After": [
          "15"
        ],
        "x-ms-ratelimit-remaining-subscription-reads": [
          "14939"
        ],
        "x-ms-request-id": [
          "80101389-b77c-4c1d-8c45-6f45ba97dab2"
        ],
        "x-ms-correlation-request-id": [
          "80101389-b77c-4c1d-8c45-6f45ba97dab2"
        ],
        "x-ms-routing-request-id": [
          "WESTEUROPE:20170613T150411Z:80101389-b77c-4c1d-8c45-6f45ba97dab2"
        ],
        "Strict-Transport-Security": [
          "max-age=31536000; includeSubDomains"
        ],
        "Cache-Control": [
          "no-cache"
        ],
        "Date": [
          "Tue, 13 Jun 2017 15:04:10 GMT"
        ],
        "Location": [
          "https://api-dogfood.resources.windows-int.net/subscriptions/b3ee3a7f-7614-4644-ad07-afa832620b4b/operationresults/eyJqb2JJZCI6IlJFU09VUkNFR1JPVVBERUxFVElPTkpPQi1PTkVTREs1NDY5LUpBUEFORUFTVCIsImpvYkxvY2F0aW9uIjoiamFwYW5lYXN0In0?api-version=2016-02-01"
        ]
      },
      "StatusCode": 202
    },
    {
      "RequestUri": "/subscriptions/b3ee3a7f-7614-4644-ad07-afa832620b4b/operationresults/eyJqb2JJZCI6IlJFU09VUkNFR1JPVVBERUxFVElPTkpPQi1PTkVTREs1NDY5LUpBUEFORUFTVCIsImpvYkxvY2F0aW9uIjoiamFwYW5lYXN0In0?api-version=2016-02-01",
      "EncodedRequestUri": "L3N1YnNjcmlwdGlvbnMvYjNlZTNhN2YtNzYxNC00NjQ0LWFkMDctYWZhODMyNjIwYjRiL29wZXJhdGlvbnJlc3VsdHMvZXlKcWIySkpaQ0k2SWxKRlUwOVZVa05GUjFKUFZWQkVSVXhGVkVsUFRrcFBRaTFQVGtWVFJFczFORFk1TFVwQlVFRk9SVUZUVkNJc0ltcHZZa3h2WTJGMGFXOXVJam9pYW1Gd1lXNWxZWE4wSW4wP2FwaS12ZXJzaW9uPTIwMTYtMDItMDE=",
      "RequestMethod": "GET",
      "RequestBody": "",
      "RequestHeaders": {
        "x-ms-version": [
          "2016-02-01"
        ],
        "User-Agent": [
          "Microsoft.Azure.Management.Resources.ResourceManagementClient/2.0.0.0"
        ]
      },
      "ResponseBody": "",
      "ResponseHeaders": {
        "Content-Length": [
          "0"
        ],
        "Expires": [
          "-1"
        ],
        "Pragma": [
          "no-cache"
        ],
        "Retry-After": [
          "15"
        ],
        "x-ms-ratelimit-remaining-subscription-reads": [
          "14938"
        ],
        "x-ms-request-id": [
          "cd8f1fba-2387-4b5f-93db-f409b599fc56"
        ],
        "x-ms-correlation-request-id": [
          "cd8f1fba-2387-4b5f-93db-f409b599fc56"
        ],
        "x-ms-routing-request-id": [
          "WESTEUROPE:20170613T150426Z:cd8f1fba-2387-4b5f-93db-f409b599fc56"
        ],
        "Strict-Transport-Security": [
          "max-age=31536000; includeSubDomains"
        ],
        "Cache-Control": [
          "no-cache"
        ],
        "Date": [
          "Tue, 13 Jun 2017 15:04:26 GMT"
        ],
        "Location": [
          "https://api-dogfood.resources.windows-int.net/subscriptions/b3ee3a7f-7614-4644-ad07-afa832620b4b/operationresults/eyJqb2JJZCI6IlJFU09VUkNFR1JPVVBERUxFVElPTkpPQi1PTkVTREs1NDY5LUpBUEFORUFTVCIsImpvYkxvY2F0aW9uIjoiamFwYW5lYXN0In0?api-version=2016-02-01"
        ]
      },
      "StatusCode": 202
    },
    {
      "RequestUri": "/subscriptions/b3ee3a7f-7614-4644-ad07-afa832620b4b/operationresults/eyJqb2JJZCI6IlJFU09VUkNFR1JPVVBERUxFVElPTkpPQi1PTkVTREs1NDY5LUpBUEFORUFTVCIsImpvYkxvY2F0aW9uIjoiamFwYW5lYXN0In0?api-version=2016-02-01",
      "EncodedRequestUri": "L3N1YnNjcmlwdGlvbnMvYjNlZTNhN2YtNzYxNC00NjQ0LWFkMDctYWZhODMyNjIwYjRiL29wZXJhdGlvbnJlc3VsdHMvZXlKcWIySkpaQ0k2SWxKRlUwOVZVa05GUjFKUFZWQkVSVXhGVkVsUFRrcFBRaTFQVGtWVFJFczFORFk1TFVwQlVFRk9SVUZUVkNJc0ltcHZZa3h2WTJGMGFXOXVJam9pYW1Gd1lXNWxZWE4wSW4wP2FwaS12ZXJzaW9uPTIwMTYtMDItMDE=",
      "RequestMethod": "GET",
      "RequestBody": "",
      "RequestHeaders": {
        "x-ms-version": [
          "2016-02-01"
        ],
        "User-Agent": [
          "Microsoft.Azure.Management.Resources.ResourceManagementClient/2.0.0.0"
        ]
      },
      "ResponseBody": "",
      "ResponseHeaders": {
        "Content-Length": [
          "0"
        ],
        "Expires": [
          "-1"
        ],
        "Pragma": [
          "no-cache"
        ],
        "Retry-After": [
          "15"
        ],
        "x-ms-ratelimit-remaining-subscription-reads": [
          "14937"
        ],
        "x-ms-request-id": [
          "f95e9ca9-095c-4fd9-bd62-723948f4083b"
        ],
        "x-ms-correlation-request-id": [
          "f95e9ca9-095c-4fd9-bd62-723948f4083b"
        ],
        "x-ms-routing-request-id": [
          "WESTEUROPE:20170613T150442Z:f95e9ca9-095c-4fd9-bd62-723948f4083b"
        ],
        "Strict-Transport-Security": [
          "max-age=31536000; includeSubDomains"
        ],
        "Cache-Control": [
          "no-cache"
        ],
        "Date": [
          "Tue, 13 Jun 2017 15:04:41 GMT"
        ],
        "Location": [
          "https://api-dogfood.resources.windows-int.net/subscriptions/b3ee3a7f-7614-4644-ad07-afa832620b4b/operationresults/eyJqb2JJZCI6IlJFU09VUkNFR1JPVVBERUxFVElPTkpPQi1PTkVTREs1NDY5LUpBUEFORUFTVCIsImpvYkxvY2F0aW9uIjoiamFwYW5lYXN0In0?api-version=2016-02-01"
        ]
      },
      "StatusCode": 202
    },
    {
      "RequestUri": "/subscriptions/b3ee3a7f-7614-4644-ad07-afa832620b4b/operationresults/eyJqb2JJZCI6IlJFU09VUkNFR1JPVVBERUxFVElPTkpPQi1PTkVTREs1NDY5LUpBUEFORUFTVCIsImpvYkxvY2F0aW9uIjoiamFwYW5lYXN0In0?api-version=2016-02-01",
      "EncodedRequestUri": "L3N1YnNjcmlwdGlvbnMvYjNlZTNhN2YtNzYxNC00NjQ0LWFkMDctYWZhODMyNjIwYjRiL29wZXJhdGlvbnJlc3VsdHMvZXlKcWIySkpaQ0k2SWxKRlUwOVZVa05GUjFKUFZWQkVSVXhGVkVsUFRrcFBRaTFQVGtWVFJFczFORFk1TFVwQlVFRk9SVUZUVkNJc0ltcHZZa3h2WTJGMGFXOXVJam9pYW1Gd1lXNWxZWE4wSW4wP2FwaS12ZXJzaW9uPTIwMTYtMDItMDE=",
      "RequestMethod": "GET",
      "RequestBody": "",
      "RequestHeaders": {
        "x-ms-version": [
          "2016-02-01"
        ],
        "User-Agent": [
          "Microsoft.Azure.Management.Resources.ResourceManagementClient/2.0.0.0"
        ]
      },
      "ResponseBody": "",
      "ResponseHeaders": {
        "Content-Length": [
          "0"
        ],
        "Expires": [
          "-1"
        ],
        "Pragma": [
          "no-cache"
        ],
        "Retry-After": [
          "15"
        ],
        "x-ms-ratelimit-remaining-subscription-reads": [
          "14936"
        ],
        "x-ms-request-id": [
          "5adfe05c-cd0c-4af0-b714-c6028e5bcd01"
        ],
        "x-ms-correlation-request-id": [
          "5adfe05c-cd0c-4af0-b714-c6028e5bcd01"
        ],
        "x-ms-routing-request-id": [
          "WESTEUROPE:20170613T150457Z:5adfe05c-cd0c-4af0-b714-c6028e5bcd01"
        ],
        "Strict-Transport-Security": [
          "max-age=31536000; includeSubDomains"
        ],
        "Cache-Control": [
          "no-cache"
        ],
        "Date": [
          "Tue, 13 Jun 2017 15:04:57 GMT"
        ],
        "Location": [
          "https://api-dogfood.resources.windows-int.net/subscriptions/b3ee3a7f-7614-4644-ad07-afa832620b4b/operationresults/eyJqb2JJZCI6IlJFU09VUkNFR1JPVVBERUxFVElPTkpPQi1PTkVTREs1NDY5LUpBUEFORUFTVCIsImpvYkxvY2F0aW9uIjoiamFwYW5lYXN0In0?api-version=2016-02-01"
        ]
      },
      "StatusCode": 202
    },
    {
      "RequestUri": "/subscriptions/b3ee3a7f-7614-4644-ad07-afa832620b4b/operationresults/eyJqb2JJZCI6IlJFU09VUkNFR1JPVVBERUxFVElPTkpPQi1PTkVTREs1NDY5LUpBUEFORUFTVCIsImpvYkxvY2F0aW9uIjoiamFwYW5lYXN0In0?api-version=2016-02-01",
      "EncodedRequestUri": "L3N1YnNjcmlwdGlvbnMvYjNlZTNhN2YtNzYxNC00NjQ0LWFkMDctYWZhODMyNjIwYjRiL29wZXJhdGlvbnJlc3VsdHMvZXlKcWIySkpaQ0k2SWxKRlUwOVZVa05GUjFKUFZWQkVSVXhGVkVsUFRrcFBRaTFQVGtWVFJFczFORFk1TFVwQlVFRk9SVUZUVkNJc0ltcHZZa3h2WTJGMGFXOXVJam9pYW1Gd1lXNWxZWE4wSW4wP2FwaS12ZXJzaW9uPTIwMTYtMDItMDE=",
      "RequestMethod": "GET",
      "RequestBody": "",
      "RequestHeaders": {
        "x-ms-version": [
          "2016-02-01"
        ],
        "User-Agent": [
          "Microsoft.Azure.Management.Resources.ResourceManagementClient/2.0.0.0"
        ]
      },
      "ResponseBody": "",
      "ResponseHeaders": {
        "Content-Length": [
          "0"
        ],
        "Expires": [
          "-1"
        ],
        "Pragma": [
          "no-cache"
        ],
        "Retry-After": [
          "15"
        ],
        "x-ms-ratelimit-remaining-subscription-reads": [
          "14951"
        ],
        "x-ms-request-id": [
          "1167a3cc-346e-4d47-835a-3b88b6b8590b"
        ],
        "x-ms-correlation-request-id": [
          "1167a3cc-346e-4d47-835a-3b88b6b8590b"
        ],
        "x-ms-routing-request-id": [
          "WESTEUROPE:20170613T150513Z:1167a3cc-346e-4d47-835a-3b88b6b8590b"
        ],
        "Strict-Transport-Security": [
          "max-age=31536000; includeSubDomains"
        ],
        "Cache-Control": [
          "no-cache"
        ],
        "Date": [
          "Tue, 13 Jun 2017 15:05:12 GMT"
        ],
        "Location": [
          "https://api-dogfood.resources.windows-int.net/subscriptions/b3ee3a7f-7614-4644-ad07-afa832620b4b/operationresults/eyJqb2JJZCI6IlJFU09VUkNFR1JPVVBERUxFVElPTkpPQi1PTkVTREs1NDY5LUpBUEFORUFTVCIsImpvYkxvY2F0aW9uIjoiamFwYW5lYXN0In0?api-version=2016-02-01"
        ]
      },
      "StatusCode": 202
    },
    {
      "RequestUri": "/subscriptions/b3ee3a7f-7614-4644-ad07-afa832620b4b/operationresults/eyJqb2JJZCI6IlJFU09VUkNFR1JPVVBERUxFVElPTkpPQi1PTkVTREs1NDY5LUpBUEFORUFTVCIsImpvYkxvY2F0aW9uIjoiamFwYW5lYXN0In0?api-version=2016-02-01",
      "EncodedRequestUri": "L3N1YnNjcmlwdGlvbnMvYjNlZTNhN2YtNzYxNC00NjQ0LWFkMDctYWZhODMyNjIwYjRiL29wZXJhdGlvbnJlc3VsdHMvZXlKcWIySkpaQ0k2SWxKRlUwOVZVa05GUjFKUFZWQkVSVXhGVkVsUFRrcFBRaTFQVGtWVFJFczFORFk1TFVwQlVFRk9SVUZUVkNJc0ltcHZZa3h2WTJGMGFXOXVJam9pYW1Gd1lXNWxZWE4wSW4wP2FwaS12ZXJzaW9uPTIwMTYtMDItMDE=",
      "RequestMethod": "GET",
      "RequestBody": "",
      "RequestHeaders": {
        "x-ms-version": [
          "2016-02-01"
        ],
        "User-Agent": [
          "Microsoft.Azure.Management.Resources.ResourceManagementClient/2.0.0.0"
        ]
      },
      "ResponseBody": "",
      "ResponseHeaders": {
        "Content-Length": [
          "0"
        ],
        "Expires": [
          "-1"
        ],
        "Pragma": [
          "no-cache"
        ],
        "Retry-After": [
          "15"
        ],
        "x-ms-ratelimit-remaining-subscription-reads": [
          "14950"
        ],
        "x-ms-request-id": [
          "4755e899-2ecd-4656-a1e7-103ecb056485"
        ],
        "x-ms-correlation-request-id": [
          "4755e899-2ecd-4656-a1e7-103ecb056485"
        ],
        "x-ms-routing-request-id": [
          "WESTEUROPE:20170613T150528Z:4755e899-2ecd-4656-a1e7-103ecb056485"
        ],
        "Strict-Transport-Security": [
          "max-age=31536000; includeSubDomains"
        ],
        "Cache-Control": [
          "no-cache"
        ],
        "Date": [
          "Tue, 13 Jun 2017 15:05:27 GMT"
        ],
        "Location": [
          "https://api-dogfood.resources.windows-int.net/subscriptions/b3ee3a7f-7614-4644-ad07-afa832620b4b/operationresults/eyJqb2JJZCI6IlJFU09VUkNFR1JPVVBERUxFVElPTkpPQi1PTkVTREs1NDY5LUpBUEFORUFTVCIsImpvYkxvY2F0aW9uIjoiamFwYW5lYXN0In0?api-version=2016-02-01"
        ]
      },
      "StatusCode": 202
    },
    {
      "RequestUri": "/subscriptions/b3ee3a7f-7614-4644-ad07-afa832620b4b/operationresults/eyJqb2JJZCI6IlJFU09VUkNFR1JPVVBERUxFVElPTkpPQi1PTkVTREs1NDY5LUpBUEFORUFTVCIsImpvYkxvY2F0aW9uIjoiamFwYW5lYXN0In0?api-version=2016-02-01",
      "EncodedRequestUri": "L3N1YnNjcmlwdGlvbnMvYjNlZTNhN2YtNzYxNC00NjQ0LWFkMDctYWZhODMyNjIwYjRiL29wZXJhdGlvbnJlc3VsdHMvZXlKcWIySkpaQ0k2SWxKRlUwOVZVa05GUjFKUFZWQkVSVXhGVkVsUFRrcFBRaTFQVGtWVFJFczFORFk1TFVwQlVFRk9SVUZUVkNJc0ltcHZZa3h2WTJGMGFXOXVJam9pYW1Gd1lXNWxZWE4wSW4wP2FwaS12ZXJzaW9uPTIwMTYtMDItMDE=",
      "RequestMethod": "GET",
      "RequestBody": "",
      "RequestHeaders": {
        "x-ms-version": [
          "2016-02-01"
        ],
        "User-Agent": [
          "Microsoft.Azure.Management.Resources.ResourceManagementClient/2.0.0.0"
        ]
      },
      "ResponseBody": "",
      "ResponseHeaders": {
        "Content-Length": [
          "0"
        ],
        "Expires": [
          "-1"
        ],
        "Pragma": [
          "no-cache"
        ],
        "Retry-After": [
          "15"
        ],
        "x-ms-ratelimit-remaining-subscription-reads": [
          "14949"
        ],
        "x-ms-request-id": [
          "91ed3ad0-a3fa-4ec0-97d2-8bedd8830a0d"
        ],
        "x-ms-correlation-request-id": [
          "91ed3ad0-a3fa-4ec0-97d2-8bedd8830a0d"
        ],
        "x-ms-routing-request-id": [
          "WESTEUROPE:20170613T150543Z:91ed3ad0-a3fa-4ec0-97d2-8bedd8830a0d"
        ],
        "Strict-Transport-Security": [
          "max-age=31536000; includeSubDomains"
        ],
        "Cache-Control": [
          "no-cache"
        ],
        "Date": [
          "Tue, 13 Jun 2017 15:05:43 GMT"
        ],
        "Location": [
          "https://api-dogfood.resources.windows-int.net/subscriptions/b3ee3a7f-7614-4644-ad07-afa832620b4b/operationresults/eyJqb2JJZCI6IlJFU09VUkNFR1JPVVBERUxFVElPTkpPQi1PTkVTREs1NDY5LUpBUEFORUFTVCIsImpvYkxvY2F0aW9uIjoiamFwYW5lYXN0In0?api-version=2016-02-01"
        ]
      },
      "StatusCode": 202
    },
    {
      "RequestUri": "/subscriptions/b3ee3a7f-7614-4644-ad07-afa832620b4b/operationresults/eyJqb2JJZCI6IlJFU09VUkNFR1JPVVBERUxFVElPTkpPQi1PTkVTREs1NDY5LUpBUEFORUFTVCIsImpvYkxvY2F0aW9uIjoiamFwYW5lYXN0In0?api-version=2016-02-01",
      "EncodedRequestUri": "L3N1YnNjcmlwdGlvbnMvYjNlZTNhN2YtNzYxNC00NjQ0LWFkMDctYWZhODMyNjIwYjRiL29wZXJhdGlvbnJlc3VsdHMvZXlKcWIySkpaQ0k2SWxKRlUwOVZVa05GUjFKUFZWQkVSVXhGVkVsUFRrcFBRaTFQVGtWVFJFczFORFk1TFVwQlVFRk9SVUZUVkNJc0ltcHZZa3h2WTJGMGFXOXVJam9pYW1Gd1lXNWxZWE4wSW4wP2FwaS12ZXJzaW9uPTIwMTYtMDItMDE=",
      "RequestMethod": "GET",
      "RequestBody": "",
      "RequestHeaders": {
        "x-ms-version": [
          "2016-02-01"
        ],
        "User-Agent": [
          "Microsoft.Azure.Management.Resources.ResourceManagementClient/2.0.0.0"
        ]
      },
      "ResponseBody": "",
      "ResponseHeaders": {
        "Content-Length": [
          "0"
        ],
        "Expires": [
          "-1"
        ],
        "Pragma": [
          "no-cache"
        ],
        "Retry-After": [
          "15"
        ],
        "x-ms-ratelimit-remaining-subscription-reads": [
          "14948"
        ],
        "x-ms-request-id": [
          "1a849d7d-b17e-4484-80b4-41d08eee8ab3"
        ],
        "x-ms-correlation-request-id": [
          "1a849d7d-b17e-4484-80b4-41d08eee8ab3"
        ],
        "x-ms-routing-request-id": [
          "WESTEUROPE:20170613T150559Z:1a849d7d-b17e-4484-80b4-41d08eee8ab3"
        ],
        "Strict-Transport-Security": [
          "max-age=31536000; includeSubDomains"
        ],
        "Cache-Control": [
          "no-cache"
        ],
        "Date": [
          "Tue, 13 Jun 2017 15:05:58 GMT"
        ],
        "Location": [
          "https://api-dogfood.resources.windows-int.net/subscriptions/b3ee3a7f-7614-4644-ad07-afa832620b4b/operationresults/eyJqb2JJZCI6IlJFU09VUkNFR1JPVVBERUxFVElPTkpPQi1PTkVTREs1NDY5LUpBUEFORUFTVCIsImpvYkxvY2F0aW9uIjoiamFwYW5lYXN0In0?api-version=2016-02-01"
        ]
      },
      "StatusCode": 202
    },
    {
      "RequestUri": "/subscriptions/b3ee3a7f-7614-4644-ad07-afa832620b4b/operationresults/eyJqb2JJZCI6IlJFU09VUkNFR1JPVVBERUxFVElPTkpPQi1PTkVTREs1NDY5LUpBUEFORUFTVCIsImpvYkxvY2F0aW9uIjoiamFwYW5lYXN0In0?api-version=2016-02-01",
      "EncodedRequestUri": "L3N1YnNjcmlwdGlvbnMvYjNlZTNhN2YtNzYxNC00NjQ0LWFkMDctYWZhODMyNjIwYjRiL29wZXJhdGlvbnJlc3VsdHMvZXlKcWIySkpaQ0k2SWxKRlUwOVZVa05GUjFKUFZWQkVSVXhGVkVsUFRrcFBRaTFQVGtWVFJFczFORFk1TFVwQlVFRk9SVUZUVkNJc0ltcHZZa3h2WTJGMGFXOXVJam9pYW1Gd1lXNWxZWE4wSW4wP2FwaS12ZXJzaW9uPTIwMTYtMDItMDE=",
      "RequestMethod": "GET",
      "RequestBody": "",
      "RequestHeaders": {
        "x-ms-version": [
          "2016-02-01"
        ],
        "User-Agent": [
          "Microsoft.Azure.Management.Resources.ResourceManagementClient/2.0.0.0"
        ]
      },
      "ResponseBody": "",
      "ResponseHeaders": {
        "Content-Length": [
          "0"
        ],
        "Expires": [
          "-1"
        ],
        "Pragma": [
          "no-cache"
        ],
        "Retry-After": [
          "15"
        ],
        "x-ms-ratelimit-remaining-subscription-reads": [
          "14947"
        ],
        "x-ms-request-id": [
          "6bbfe2ae-3824-4739-84a1-d7938b9e84af"
        ],
        "x-ms-correlation-request-id": [
          "6bbfe2ae-3824-4739-84a1-d7938b9e84af"
        ],
        "x-ms-routing-request-id": [
          "WESTEUROPE:20170613T150614Z:6bbfe2ae-3824-4739-84a1-d7938b9e84af"
        ],
        "Strict-Transport-Security": [
          "max-age=31536000; includeSubDomains"
        ],
        "Cache-Control": [
          "no-cache"
        ],
        "Date": [
          "Tue, 13 Jun 2017 15:06:13 GMT"
        ],
        "Location": [
          "https://api-dogfood.resources.windows-int.net/subscriptions/b3ee3a7f-7614-4644-ad07-afa832620b4b/operationresults/eyJqb2JJZCI6IlJFU09VUkNFR1JPVVBERUxFVElPTkpPQi1PTkVTREs1NDY5LUpBUEFORUFTVCIsImpvYkxvY2F0aW9uIjoiamFwYW5lYXN0In0?api-version=2016-02-01"
        ]
      },
      "StatusCode": 202
    },
    {
      "RequestUri": "/subscriptions/b3ee3a7f-7614-4644-ad07-afa832620b4b/operationresults/eyJqb2JJZCI6IlJFU09VUkNFR1JPVVBERUxFVElPTkpPQi1PTkVTREs1NDY5LUpBUEFORUFTVCIsImpvYkxvY2F0aW9uIjoiamFwYW5lYXN0In0?api-version=2016-02-01",
      "EncodedRequestUri": "L3N1YnNjcmlwdGlvbnMvYjNlZTNhN2YtNzYxNC00NjQ0LWFkMDctYWZhODMyNjIwYjRiL29wZXJhdGlvbnJlc3VsdHMvZXlKcWIySkpaQ0k2SWxKRlUwOVZVa05GUjFKUFZWQkVSVXhGVkVsUFRrcFBRaTFQVGtWVFJFczFORFk1TFVwQlVFRk9SVUZUVkNJc0ltcHZZa3h2WTJGMGFXOXVJam9pYW1Gd1lXNWxZWE4wSW4wP2FwaS12ZXJzaW9uPTIwMTYtMDItMDE=",
      "RequestMethod": "GET",
      "RequestBody": "",
      "RequestHeaders": {
        "x-ms-version": [
          "2016-02-01"
        ],
        "User-Agent": [
          "Microsoft.Azure.Management.Resources.ResourceManagementClient/2.0.0.0"
        ]
      },
      "ResponseBody": "",
      "ResponseHeaders": {
        "Content-Length": [
          "0"
        ],
        "Expires": [
          "-1"
        ],
        "Pragma": [
          "no-cache"
        ],
        "Retry-After": [
          "15"
        ],
        "x-ms-ratelimit-remaining-subscription-reads": [
          "14946"
        ],
        "x-ms-request-id": [
          "bb31cbc5-3de2-4ed5-aca3-eb94f51abe9b"
        ],
        "x-ms-correlation-request-id": [
          "bb31cbc5-3de2-4ed5-aca3-eb94f51abe9b"
        ],
        "x-ms-routing-request-id": [
          "WESTEUROPE:20170613T150629Z:bb31cbc5-3de2-4ed5-aca3-eb94f51abe9b"
        ],
        "Strict-Transport-Security": [
          "max-age=31536000; includeSubDomains"
        ],
        "Cache-Control": [
          "no-cache"
        ],
        "Date": [
          "Tue, 13 Jun 2017 15:06:29 GMT"
        ],
        "Location": [
          "https://api-dogfood.resources.windows-int.net/subscriptions/b3ee3a7f-7614-4644-ad07-afa832620b4b/operationresults/eyJqb2JJZCI6IlJFU09VUkNFR1JPVVBERUxFVElPTkpPQi1PTkVTREs1NDY5LUpBUEFORUFTVCIsImpvYkxvY2F0aW9uIjoiamFwYW5lYXN0In0?api-version=2016-02-01"
        ]
      },
      "StatusCode": 202
    },
    {
      "RequestUri": "/subscriptions/b3ee3a7f-7614-4644-ad07-afa832620b4b/operationresults/eyJqb2JJZCI6IlJFU09VUkNFR1JPVVBERUxFVElPTkpPQi1PTkVTREs1NDY5LUpBUEFORUFTVCIsImpvYkxvY2F0aW9uIjoiamFwYW5lYXN0In0?api-version=2016-02-01",
      "EncodedRequestUri": "L3N1YnNjcmlwdGlvbnMvYjNlZTNhN2YtNzYxNC00NjQ0LWFkMDctYWZhODMyNjIwYjRiL29wZXJhdGlvbnJlc3VsdHMvZXlKcWIySkpaQ0k2SWxKRlUwOVZVa05GUjFKUFZWQkVSVXhGVkVsUFRrcFBRaTFQVGtWVFJFczFORFk1TFVwQlVFRk9SVUZUVkNJc0ltcHZZa3h2WTJGMGFXOXVJam9pYW1Gd1lXNWxZWE4wSW4wP2FwaS12ZXJzaW9uPTIwMTYtMDItMDE=",
      "RequestMethod": "GET",
      "RequestBody": "",
      "RequestHeaders": {
        "x-ms-version": [
          "2016-02-01"
        ],
        "User-Agent": [
          "Microsoft.Azure.Management.Resources.ResourceManagementClient/2.0.0.0"
        ]
      },
      "ResponseBody": "",
      "ResponseHeaders": {
        "Content-Length": [
          "0"
        ],
        "Expires": [
          "-1"
        ],
        "Pragma": [
          "no-cache"
        ],
        "x-ms-ratelimit-remaining-subscription-reads": [
          "14945"
        ],
        "x-ms-request-id": [
          "d572938d-1f95-49ae-97a8-b2bc07e02071"
        ],
        "x-ms-correlation-request-id": [
          "d572938d-1f95-49ae-97a8-b2bc07e02071"
        ],
        "x-ms-routing-request-id": [
          "WESTEUROPE:20170613T150645Z:d572938d-1f95-49ae-97a8-b2bc07e02071"
        ],
        "Strict-Transport-Security": [
          "max-age=31536000; includeSubDomains"
        ],
        "Cache-Control": [
          "no-cache"
        ],
        "Date": [
          "Tue, 13 Jun 2017 15:06:44 GMT"
        ]
      },
      "StatusCode": 200
    }
  ],
  "Names": {
    "Test-RefreshAndGetSyncGroupHubSchema": [
      "onesdk5469",
      "onesdk3559",
      "onesdk6187",
      "onesdk812",
      "onesdk613"
    ]
  },
  "Variables": {
    "SubscriptionId": "b3ee3a7f-7614-4644-ad07-afa832620b4b",
    "User": "fangl@microsoft.com",
    "TenantId": "f686d426-8d16-42db-81b7-ab578e110ccd"
  }
}