{
  "Entries": [
    {
      "RequestUri": "/subscriptions/b3ee3a7f-7614-4644-ad07-afa832620b4b/resourcegroups/onesdk1297?api-version=2016-02-01",
      "EncodedRequestUri": "L3N1YnNjcmlwdGlvbnMvYjNlZTNhN2YtNzYxNC00NjQ0LWFkMDctYWZhODMyNjIwYjRiL3Jlc291cmNlZ3JvdXBzL29uZXNkazEyOTc/YXBpLXZlcnNpb249MjAxNi0wMi0wMQ==",
      "RequestMethod": "PUT",
      "RequestBody": "{\r\n  \"location\": \"Japan East\"\r\n}",
      "RequestHeaders": {
        "Content-Type": [
          "application/json; charset=utf-8"
        ],
        "Content-Length": [
          "32"
        ],
        "User-Agent": [
          "Microsoft.Azure.Management.Resources.ResourceManagementClient/2.0.0.0"
        ]
      },
      "ResponseBody": "{\r\n  \"id\": \"/subscriptions/b3ee3a7f-7614-4644-ad07-afa832620b4b/resourceGroups/onesdk1297\",\r\n  \"name\": \"onesdk1297\",\r\n  \"location\": \"japaneast\",\r\n  \"properties\": {\r\n    \"provisioningState\": \"Succeeded\"\r\n  }\r\n}",
      "ResponseHeaders": {
        "Content-Length": [
          "176"
        ],
        "Content-Type": [
          "application/json; charset=utf-8"
        ],
        "Expires": [
          "-1"
        ],
        "Pragma": [
          "no-cache"
        ],
        "x-ms-ratelimit-remaining-subscription-writes": [
          "1192"
        ],
        "x-ms-request-id": [
          "70ef7707-a9b0-4a42-90b0-8ad441315287"
        ],
        "x-ms-correlation-request-id": [
          "70ef7707-a9b0-4a42-90b0-8ad441315287"
        ],
        "x-ms-routing-request-id": [
          "CENTRALUS:20170527T093008Z:70ef7707-a9b0-4a42-90b0-8ad441315287"
        ],
        "Strict-Transport-Security": [
          "max-age=31536000; includeSubDomains"
        ],
        "Cache-Control": [
          "no-cache"
        ],
        "Date": [
          "Sat, 27 May 2017 09:30:08 GMT"
        ]
      },
      "StatusCode": 201
    },
    {
      "RequestUri": "/subscriptions/b3ee3a7f-7614-4644-ad07-afa832620b4b/resourceGroups/onesdk1297/providers/Microsoft.Sql/servers/onesdk6400?api-version=2014-04-01",
      "EncodedRequestUri": "L3N1YnNjcmlwdGlvbnMvYjNlZTNhN2YtNzYxNC00NjQ0LWFkMDctYWZhODMyNjIwYjRiL3Jlc291cmNlR3JvdXBzL29uZXNkazEyOTcvcHJvdmlkZXJzL01pY3Jvc29mdC5TcWwvc2VydmVycy9vbmVzZGs2NDAwP2FwaS12ZXJzaW9uPTIwMTQtMDQtMDE=",
      "RequestMethod": "GET",
      "RequestBody": "",
      "RequestHeaders": {
        "x-ms-client-request-id": [
          "bdfbd94a-1116-41c4-afe6-f016a9b57f1d"
        ],
        "accept-language": [
          "en-US"
        ],
        "User-Agent": [
          "FxVersion/4.7.2046.0",
          "OSName/Windows10Enterprise",
          "OSVersion/6.3.15063",
          "Microsoft.Azure.Management.Sql.SqlManagementClient/1.3.0.0"
        ]
      },
      "ResponseBody": "{\r\n  \"error\": {\r\n    \"code\": \"ResourceNotFound\",\r\n    \"message\": \"The Resource 'Microsoft.Sql/servers/onesdk6400' under resource group 'onesdk1297' was not found.\"\r\n  }\r\n}",
      "ResponseHeaders": {
        "Content-Length": [
          "146"
        ],
        "Content-Type": [
          "application/json; charset=utf-8"
        ],
        "Expires": [
          "-1"
        ],
        "Pragma": [
          "no-cache"
        ],
        "x-ms-failure-cause": [
          "gateway"
        ],
        "x-ms-request-id": [
          "cc7e0bee-dc35-4b41-8816-6e9d528c5ac7"
        ],
        "x-ms-correlation-request-id": [
          "cc7e0bee-dc35-4b41-8816-6e9d528c5ac7"
        ],
        "x-ms-routing-request-id": [
          "CENTRALUS:20170527T093009Z:cc7e0bee-dc35-4b41-8816-6e9d528c5ac7"
        ],
        "Strict-Transport-Security": [
          "max-age=31536000; includeSubDomains"
        ],
        "Cache-Control": [
          "no-cache"
        ],
        "Date": [
          "Sat, 27 May 2017 09:30:09 GMT"
        ]
      },
      "StatusCode": 404
    },
    {
      "RequestUri": "/subscriptions/b3ee3a7f-7614-4644-ad07-afa832620b4b/resourceGroups/onesdk1297/providers/Microsoft.Sql/servers/onesdk6400?api-version=2014-04-01",
      "EncodedRequestUri": "L3N1YnNjcmlwdGlvbnMvYjNlZTNhN2YtNzYxNC00NjQ0LWFkMDctYWZhODMyNjIwYjRiL3Jlc291cmNlR3JvdXBzL29uZXNkazEyOTcvcHJvdmlkZXJzL01pY3Jvc29mdC5TcWwvc2VydmVycy9vbmVzZGs2NDAwP2FwaS12ZXJzaW9uPTIwMTQtMDQtMDE=",
      "RequestMethod": "GET",
      "RequestBody": "",
      "RequestHeaders": {
        "x-ms-client-request-id": [
          "13aea69b-0b1c-410e-9f61-83a36bcec052"
        ],
        "accept-language": [
          "en-US"
        ],
        "User-Agent": [
          "FxVersion/4.7.2046.0",
          "OSName/Windows10Enterprise",
          "OSVersion/6.3.15063",
          "Microsoft.Azure.Management.Sql.SqlManagementClient/1.3.0.0"
        ]
      },
      "ResponseBody": "{\r\n  \"id\": \"/subscriptions/b3ee3a7f-7614-4644-ad07-afa832620b4b/resourceGroups/onesdk1297/providers/Microsoft.Sql/servers/onesdk6400\",\r\n  \"name\": \"onesdk6400\",\r\n  \"type\": \"Microsoft.Sql/servers\",\r\n  \"location\": \"West US 2\",\r\n  \"kind\": \"v12.0\",\r\n  \"properties\": {\r\n    \"fullyQualifiedDomainName\": \"onesdk6400.sqltest-eg1.mscds.com\",\r\n    \"administratorLogin\": \"testusername\",\r\n    \"administratorLoginPassword\": null,\r\n    \"externalAdministratorLogin\": null,\r\n    \"externalAdministratorSid\": null,\r\n    \"version\": \"12.0\",\r\n    \"state\": \"Ready\"\r\n  }\r\n}",
      "ResponseHeaders": {
        "Content-Length": [
          "464"
        ],
        "Content-Type": [
          "application/json; odata=minimalmetadata; streaming=true; charset=utf-8"
        ],
        "x-ms-request-id": [
          "00fbf461-d022-4894-b0d7-0e5d99e3d832"
        ],
        "X-Content-Type-Options": [
          "nosniff"
        ],
        "DataServiceVersion": [
          "3.0;"
        ],
        "Strict-Transport-Security": [
          "max-age=31536000; includeSubDomains"
        ],
        "x-ms-ratelimit-remaining-subscription-reads": [
          "14974"
        ],
        "x-ms-correlation-request-id": [
          "d0b5e64b-6e6b-4123-8939-d3ec28d83263"
        ],
        "x-ms-routing-request-id": [
          "CENTRALUS:20170527T093050Z:d0b5e64b-6e6b-4123-8939-d3ec28d83263"
        ],
        "Cache-Control": [
          "no-store, no-cache"
        ],
        "Date": [
          "Sat, 27 May 2017 09:30:49 GMT"
        ],
        "Server": [
          "Microsoft-HTTPAPI/2.0"
        ]
      },
      "StatusCode": 200
    },
    {
      "RequestUri": "/subscriptions/b3ee3a7f-7614-4644-ad07-afa832620b4b/resourceGroups/onesdk1297/providers/Microsoft.Sql/servers/onesdk6400?api-version=2014-04-01",
      "EncodedRequestUri": "L3N1YnNjcmlwdGlvbnMvYjNlZTNhN2YtNzYxNC00NjQ0LWFkMDctYWZhODMyNjIwYjRiL3Jlc291cmNlR3JvdXBzL29uZXNkazEyOTcvcHJvdmlkZXJzL01pY3Jvc29mdC5TcWwvc2VydmVycy9vbmVzZGs2NDAwP2FwaS12ZXJzaW9uPTIwMTQtMDQtMDE=",
      "RequestMethod": "PUT",
      "RequestBody": "{\r\n  \"properties\": {\r\n    \"version\": \"12.0\",\r\n    \"administratorLogin\": \"testusername\",\r\n    \"administratorLoginPassword\": \"t357ingP@s5w0rd!\"\r\n  },\r\n  \"location\": \"West US 2\"\r\n}",
      "RequestHeaders": {
        "Content-Type": [
          "application/json; charset=utf-8"
        ],
        "Content-Length": [
          "177"
        ],
        "x-ms-client-request-id": [
          "68b97612-93fb-424f-af8d-292a3085589e"
        ],
        "accept-language": [
          "en-US"
        ],
        "User-Agent": [
          "FxVersion/4.7.2046.0",
          "OSName/Windows10Enterprise",
          "OSVersion/6.3.15063",
          "Microsoft.Azure.Management.Sql.SqlManagementClient/1.3.0.0"
        ]
      },
      "ResponseBody": "{\r\n  \"id\": \"/subscriptions/b3ee3a7f-7614-4644-ad07-afa832620b4b/resourceGroups/onesdk1297/providers/Microsoft.Sql/servers/onesdk6400\",\r\n  \"name\": \"onesdk6400\",\r\n  \"type\": \"Microsoft.Sql/servers\",\r\n  \"location\": \"West US 2\",\r\n  \"kind\": \"v12.0\",\r\n  \"properties\": {\r\n    \"fullyQualifiedDomainName\": \"onesdk6400.sqltest-eg1.mscds.com\",\r\n    \"administratorLogin\": \"testusername\",\r\n    \"administratorLoginPassword\": \"t357ingP@s5w0rd!\",\r\n    \"externalAdministratorLogin\": null,\r\n    \"externalAdministratorSid\": null,\r\n    \"version\": \"12.0\",\r\n    \"state\": \"Ready\"\r\n  }\r\n}",
      "ResponseHeaders": {
        "Content-Length": [
          "478"
        ],
        "Content-Type": [
          "application/json; odata=minimalmetadata; streaming=true; charset=utf-8"
        ],
        "x-ms-request-id": [
          "b1945f07-dc18-4174-836a-f987a1fcd92a"
        ],
        "X-Content-Type-Options": [
          "nosniff"
        ],
        "Preference-Applied": [
          "return-content"
        ],
        "DataServiceVersion": [
          "3.0;"
        ],
        "Strict-Transport-Security": [
          "max-age=31536000; includeSubDomains"
        ],
        "x-ms-ratelimit-remaining-subscription-writes": [
          "1191"
        ],
        "x-ms-correlation-request-id": [
          "d14ed8be-7df3-423c-be74-feed564d61b1"
        ],
        "x-ms-routing-request-id": [
          "CENTRALUS:20170527T093047Z:d14ed8be-7df3-423c-be74-feed564d61b1"
        ],
        "Cache-Control": [
          "no-store, no-cache"
        ],
        "Date": [
          "Sat, 27 May 2017 09:30:47 GMT"
        ],
        "Server": [
          "Microsoft-HTTPAPI/2.0"
        ]
      },
      "StatusCode": 201
    },
    {
      "RequestUri": "/subscriptions/b3ee3a7f-7614-4644-ad07-afa832620b4b/resourceGroups/onesdk1297/providers/Microsoft.Sql/servers/onesdk6400/databases/onesdk1066?api-version=2014-04-01",
      "EncodedRequestUri": "L3N1YnNjcmlwdGlvbnMvYjNlZTNhN2YtNzYxNC00NjQ0LWFkMDctYWZhODMyNjIwYjRiL3Jlc291cmNlR3JvdXBzL29uZXNkazEyOTcvcHJvdmlkZXJzL01pY3Jvc29mdC5TcWwvc2VydmVycy9vbmVzZGs2NDAwL2RhdGFiYXNlcy9vbmVzZGsxMDY2P2FwaS12ZXJzaW9uPTIwMTQtMDQtMDE=",
      "RequestMethod": "GET",
      "RequestBody": "",
      "RequestHeaders": {
        "User-Agent": [
          "Microsoft.Azure.Management.Sql.LegacySdk.SqlManagementClient/3.0.0.0"
        ],
        "x-ms-client-request-id": [
          "e7de577c-93a3-463b-b8e1-869b5d2162fc"
        ]
      },
      "ResponseBody": "{\r\n  \"error\": {\r\n    \"code\": \"ResourceNotFound\",\r\n    \"message\": \"The Resource 'Microsoft.Sql/servers/onesdk6400/databases/onesdk1066' under resource group 'onesdk1297' was not found.\"\r\n  }\r\n}",
      "ResponseHeaders": {
        "Content-Length": [
          "167"
        ],
        "Content-Type": [
          "application/json; charset=utf-8"
        ],
        "Expires": [
          "-1"
        ],
        "Pragma": [
          "no-cache"
        ],
        "x-ms-failure-cause": [
          "gateway"
        ],
        "x-ms-request-id": [
          "e51d74dc-7a18-4de5-b8bb-89809db55fea"
        ],
        "x-ms-correlation-request-id": [
          "e51d74dc-7a18-4de5-b8bb-89809db55fea"
        ],
        "x-ms-routing-request-id": [
          "CENTRALUS:20170527T093050Z:e51d74dc-7a18-4de5-b8bb-89809db55fea"
        ],
        "Strict-Transport-Security": [
          "max-age=31536000; includeSubDomains"
        ],
        "Cache-Control": [
          "no-cache"
        ],
        "Date": [
          "Sat, 27 May 2017 09:30:49 GMT"
        ]
      },
      "StatusCode": 404
    },
    {
      "RequestUri": "/subscriptions/b3ee3a7f-7614-4644-ad07-afa832620b4b/resourceGroups/onesdk1297/providers/Microsoft.Sql/servers/onesdk6400/databases/onesdk1066?api-version=2014-04-01",
      "EncodedRequestUri": "L3N1YnNjcmlwdGlvbnMvYjNlZTNhN2YtNzYxNC00NjQ0LWFkMDctYWZhODMyNjIwYjRiL3Jlc291cmNlR3JvdXBzL29uZXNkazEyOTcvcHJvdmlkZXJzL01pY3Jvc29mdC5TcWwvc2VydmVycy9vbmVzZGs2NDAwL2RhdGFiYXNlcy9vbmVzZGsxMDY2P2FwaS12ZXJzaW9uPTIwMTQtMDQtMDE=",
      "RequestMethod": "PUT",
      "RequestBody": "{\r\n  \"properties\": {\r\n    \"maxSizeBytes\": \"0\",\r\n    \"readScale\": \"Disabled\"\r\n  },\r\n  \"location\": \"West US 2\"\r\n}",
      "RequestHeaders": {
        "Content-Type": [
          "application/json; charset=utf-8"
        ],
        "Content-Length": [
          "111"
        ],
        "User-Agent": [
          "Microsoft.Azure.Management.Sql.LegacySdk.SqlManagementClient/3.0.0.0"
        ],
        "x-ms-client-request-id": [
          "8efb1169-9f7b-474a-ab7e-60d042457514"
        ]
      },
      "ResponseBody": "{\r\n  \"operation\": \"CreateLogicalDatabase\",\r\n  \"startTime\": \"2017-05-27T17:30:53.646+08:00\"\r\n}",
      "ResponseHeaders": {
        "Content-Length": [
          "80"
        ],
        "Content-Type": [
          "application/json; odata=minimalmetadata; streaming=true; charset=utf-8"
        ],
        "Retry-After": [
          "30"
        ],
        "x-ms-request-id": [
          "61d31d4e-1453-4ab9-9c26-57cc9df73351"
        ],
        "X-Content-Type-Options": [
          "nosniff"
        ],
        "Preference-Applied": [
          "return-content"
        ],
        "DataServiceVersion": [
          "3.0;"
        ],
        "Strict-Transport-Security": [
          "max-age=31536000; includeSubDomains"
        ],
        "Azure-AsyncOperation": [
          "https://api-dogfood.resources.windows-int.net/subscriptions/b3ee3a7f-7614-4644-ad07-afa832620b4b/resourceGroups/onesdk1297/providers/Microsoft.Sql/servers/onesdk6400/databases/onesdk1066/azureAsyncOperation/61d31d4e-1453-4ab9-9c26-57cc9df73351?api-version=2014-04-01-Preview"
        ],
        "x-ms-ratelimit-remaining-subscription-writes": [
          "1199"
        ],
        "x-ms-correlation-request-id": [
          "9976893f-05e1-4bab-8286-30ad36283429"
        ],
        "x-ms-routing-request-id": [
          "CENTRALUS:20170527T093052Z:9976893f-05e1-4bab-8286-30ad36283429"
        ],
        "Cache-Control": [
          "no-store, no-cache"
        ],
        "Date": [
          "Sat, 27 May 2017 09:30:52 GMT"
        ],
        "Location": [
          "https://api-dogfood.resources.windows-int.net/subscriptions/b3ee3a7f-7614-4644-ad07-afa832620b4b/resourceGroups/onesdk1297/providers/Microsoft.Sql/servers/onesdk6400/databases/onesdk1066/operationResults/61d31d4e-1453-4ab9-9c26-57cc9df73351?api-version=2014-04-01-Preview"
        ],
        "Server": [
          "Microsoft-HTTPAPI/2.0"
        ]
      },
      "StatusCode": 202
    },
    {
      "RequestUri": "/subscriptions/b3ee3a7f-7614-4644-ad07-afa832620b4b/resourceGroups/onesdk1297/providers/Microsoft.Sql/servers/onesdk6400/databases/onesdk1066/operationResults/61d31d4e-1453-4ab9-9c26-57cc9df73351?api-version=2014-04-01-Preview",
      "EncodedRequestUri": "L3N1YnNjcmlwdGlvbnMvYjNlZTNhN2YtNzYxNC00NjQ0LWFkMDctYWZhODMyNjIwYjRiL3Jlc291cmNlR3JvdXBzL29uZXNkazEyOTcvcHJvdmlkZXJzL01pY3Jvc29mdC5TcWwvc2VydmVycy9vbmVzZGs2NDAwL2RhdGFiYXNlcy9vbmVzZGsxMDY2L29wZXJhdGlvblJlc3VsdHMvNjFkMzFkNGUtMTQ1My00YWI5LTljMjYtNTdjYzlkZjczMzUxP2FwaS12ZXJzaW9uPTIwMTQtMDQtMDEtUHJldmlldw==",
      "RequestMethod": "GET",
      "RequestBody": "",
      "RequestHeaders": {
        "User-Agent": [
          "Microsoft.Azure.Management.Sql.LegacySdk.SqlManagementClient/3.0.0.0"
        ],
        "x-ms-client-request-id": [
          "8efb1169-9f7b-474a-ab7e-60d042457514"
        ]
      },
      "ResponseBody": "{\r\n  \"operation\": \"CreateLogicalDatabase\",\r\n  \"startTime\": \"2017-05-27T09:30:53.63Z\"\r\n}",
      "ResponseHeaders": {
        "Content-Length": [
          "75"
        ],
        "Content-Type": [
          "application/json"
        ],
        "Retry-After": [
          "30"
        ],
        "x-ms-request-id": [
          "af3baff6-1cc9-4f1f-84b2-61cc511b948d"
        ],
        "X-Content-Type-Options": [
          "nosniff"
        ],
        "DataServiceVersion": [
          "3.0;"
        ],
        "Strict-Transport-Security": [
          "max-age=31536000; includeSubDomains"
        ],
        "Azure-AsyncOperation": [
          "https://api-dogfood.resources.windows-int.net/subscriptions/b3ee3a7f-7614-4644-ad07-afa832620b4b/resourceGroups/onesdk1297/providers/Microsoft.Sql/servers/onesdk6400/databases/onesdk1066/azureAsyncOperation/61d31d4e-1453-4ab9-9c26-57cc9df73351?api-version=2014-04-01-Preview"
        ],
        "x-ms-ratelimit-remaining-subscription-reads": [
          "14995"
        ],
        "x-ms-correlation-request-id": [
          "3a352a8d-44ef-48db-a796-1f0f9adcf286"
        ],
        "x-ms-routing-request-id": [
          "CENTRALUS:20170527T093053Z:3a352a8d-44ef-48db-a796-1f0f9adcf286"
        ],
        "Cache-Control": [
          "no-store, no-cache"
        ],
        "Date": [
          "Sat, 27 May 2017 09:30:53 GMT"
        ],
        "Location": [
          "https://api-dogfood.resources.windows-int.net/subscriptions/b3ee3a7f-7614-4644-ad07-afa832620b4b/resourceGroups/onesdk1297/providers/Microsoft.Sql/servers/onesdk6400/databases/onesdk1066/operationResults/61d31d4e-1453-4ab9-9c26-57cc9df73351?api-version=2014-04-01-Preview"
        ],
        "Server": [
          "Microsoft-HTTPAPI/2.0"
        ]
      },
      "StatusCode": 202
    },
    {
      "RequestUri": "/subscriptions/b3ee3a7f-7614-4644-ad07-afa832620b4b/resourceGroups/onesdk1297/providers/Microsoft.Sql/servers/onesdk6400/databases/onesdk1066/operationResults/61d31d4e-1453-4ab9-9c26-57cc9df73351?api-version=2014-04-01-Preview",
      "EncodedRequestUri": "L3N1YnNjcmlwdGlvbnMvYjNlZTNhN2YtNzYxNC00NjQ0LWFkMDctYWZhODMyNjIwYjRiL3Jlc291cmNlR3JvdXBzL29uZXNkazEyOTcvcHJvdmlkZXJzL01pY3Jvc29mdC5TcWwvc2VydmVycy9vbmVzZGs2NDAwL2RhdGFiYXNlcy9vbmVzZGsxMDY2L29wZXJhdGlvblJlc3VsdHMvNjFkMzFkNGUtMTQ1My00YWI5LTljMjYtNTdjYzlkZjczMzUxP2FwaS12ZXJzaW9uPTIwMTQtMDQtMDEtUHJldmlldw==",
      "RequestMethod": "GET",
      "RequestBody": "",
      "RequestHeaders": {
        "User-Agent": [
          "Microsoft.Azure.Management.Sql.LegacySdk.SqlManagementClient/3.0.0.0"
        ],
        "x-ms-client-request-id": [
          "8efb1169-9f7b-474a-ab7e-60d042457514"
        ]
      },
      "ResponseBody": "{\r\n  \"operation\": \"CreateLogicalDatabase\",\r\n  \"startTime\": \"2017-05-27T09:30:53.63Z\"\r\n}",
      "ResponseHeaders": {
        "Content-Length": [
          "75"
        ],
        "Content-Type": [
          "application/json"
        ],
        "Retry-After": [
          "30"
        ],
        "x-ms-request-id": [
          "8ad723f5-774a-410c-a1b5-ee56ac3ab944"
        ],
        "X-Content-Type-Options": [
          "nosniff"
        ],
        "DataServiceVersion": [
          "3.0;"
        ],
        "Strict-Transport-Security": [
          "max-age=31536000; includeSubDomains"
        ],
        "Azure-AsyncOperation": [
          "https://api-dogfood.resources.windows-int.net/subscriptions/b3ee3a7f-7614-4644-ad07-afa832620b4b/resourceGroups/onesdk1297/providers/Microsoft.Sql/servers/onesdk6400/databases/onesdk1066/azureAsyncOperation/61d31d4e-1453-4ab9-9c26-57cc9df73351?api-version=2014-04-01-Preview"
        ],
        "x-ms-ratelimit-remaining-subscription-reads": [
          "14994"
        ],
        "x-ms-correlation-request-id": [
          "f341c678-5d14-4232-9033-7e5fdec39f95"
        ],
        "x-ms-routing-request-id": [
          "CENTRALUS:20170527T093123Z:f341c678-5d14-4232-9033-7e5fdec39f95"
        ],
        "Cache-Control": [
          "no-store, no-cache"
        ],
        "Date": [
          "Sat, 27 May 2017 09:31:23 GMT"
        ],
        "Location": [
          "https://api-dogfood.resources.windows-int.net/subscriptions/b3ee3a7f-7614-4644-ad07-afa832620b4b/resourceGroups/onesdk1297/providers/Microsoft.Sql/servers/onesdk6400/databases/onesdk1066/operationResults/61d31d4e-1453-4ab9-9c26-57cc9df73351?api-version=2014-04-01-Preview"
        ],
        "Server": [
          "Microsoft-HTTPAPI/2.0"
        ]
      },
      "StatusCode": 202
    },
    {
      "RequestUri": "/subscriptions/b3ee3a7f-7614-4644-ad07-afa832620b4b/resourceGroups/onesdk1297/providers/Microsoft.Sql/servers/onesdk6400/databases/onesdk1066/operationResults/61d31d4e-1453-4ab9-9c26-57cc9df73351?api-version=2014-04-01-Preview",
      "EncodedRequestUri": "L3N1YnNjcmlwdGlvbnMvYjNlZTNhN2YtNzYxNC00NjQ0LWFkMDctYWZhODMyNjIwYjRiL3Jlc291cmNlR3JvdXBzL29uZXNkazEyOTcvcHJvdmlkZXJzL01pY3Jvc29mdC5TcWwvc2VydmVycy9vbmVzZGs2NDAwL2RhdGFiYXNlcy9vbmVzZGsxMDY2L29wZXJhdGlvblJlc3VsdHMvNjFkMzFkNGUtMTQ1My00YWI5LTljMjYtNTdjYzlkZjczMzUxP2FwaS12ZXJzaW9uPTIwMTQtMDQtMDEtUHJldmlldw==",
      "RequestMethod": "GET",
      "RequestBody": "",
      "RequestHeaders": {
        "User-Agent": [
          "Microsoft.Azure.Management.Sql.LegacySdk.SqlManagementClient/3.0.0.0"
        ],
        "x-ms-client-request-id": [
          "8efb1169-9f7b-474a-ab7e-60d042457514"
        ]
      },
      "ResponseBody": "{\r\n  \"id\": \"/subscriptions/b3ee3a7f-7614-4644-ad07-afa832620b4b/resourceGroups/onesdk1297/providers/Microsoft.Sql/servers/onesdk6400/databases/onesdk1066\",\r\n  \"name\": \"onesdk1066\",\r\n  \"type\": \"Microsoft.Sql/servers/databases\",\r\n  \"location\": \"West US 2\",\r\n  \"kind\": \"v12.0,user\",\r\n  \"properties\": {\r\n    \"databaseId\": \"82eed59a-9e47-47f1-a192-44145d073f94\",\r\n    \"edition\": \"Standard\",\r\n    \"status\": \"Online\",\r\n    \"serviceLevelObjective\": \"S0\",\r\n    \"collation\": \"SQL_Latin1_General_CP1_CI_AS\",\r\n    \"maxSizeBytes\": \"268435456000\",\r\n    \"creationDate\": \"2017-05-27T09:30:53.897Z\",\r\n    \"currentServiceObjectiveId\": \"f1173c43-91bd-4aaa-973c-54e79e15235b\",\r\n    \"requestedServiceObjectiveId\": \"f1173c43-91bd-4aaa-973c-54e79e15235b\",\r\n    \"requestedServiceObjectiveName\": \"S0\",\r\n    \"sampleName\": null,\r\n    \"defaultSecondaryLocation\": \"East US 2\",\r\n    \"earliestRestoreDate\": \"2017-05-27T09:41:29.953Z\",\r\n    \"elasticPoolName\": null,\r\n    \"containmentState\": 2,\r\n    \"readScale\": \"Disabled\",\r\n    \"failoverGroupId\": null\r\n  }\r\n}",
      "ResponseHeaders": {
        "Content-Length": [
          "873"
        ],
        "Content-Type": [
          "application/json; odata=minimalmetadata; streaming=true; charset=utf-8"
        ],
        "x-ms-request-id": [
          "c02883e9-3c14-4aad-b223-3a0051b5c204"
        ],
        "X-Content-Type-Options": [
          "nosniff"
        ],
        "DataServiceVersion": [
          "3.0;"
        ],
        "Strict-Transport-Security": [
          "max-age=31536000; includeSubDomains"
        ],
        "x-ms-ratelimit-remaining-subscription-reads": [
          "14993"
        ],
        "x-ms-correlation-request-id": [
          "07632a89-d5b4-4367-8566-d85d55787f91"
        ],
        "x-ms-routing-request-id": [
          "CENTRALUS:20170527T093139Z:07632a89-d5b4-4367-8566-d85d55787f91"
        ],
        "Cache-Control": [
          "no-store, no-cache"
        ],
        "Date": [
          "Sat, 27 May 2017 09:31:39 GMT"
        ],
        "Server": [
          "Microsoft-HTTPAPI/2.0"
        ]
      },
      "StatusCode": 201
    },
    {
      "RequestUri": "/subscriptions/b3ee3a7f-7614-4644-ad07-afa832620b4b/resourceGroups/onesdk1297/providers/Microsoft.Sql/servers/onesdk6400/syncAgents/onesdk1655?api-version=2015-05-01-preview",
      "EncodedRequestUri": "L3N1YnNjcmlwdGlvbnMvYjNlZTNhN2YtNzYxNC00NjQ0LWFkMDctYWZhODMyNjIwYjRiL3Jlc291cmNlR3JvdXBzL29uZXNkazEyOTcvcHJvdmlkZXJzL01pY3Jvc29mdC5TcWwvc2VydmVycy9vbmVzZGs2NDAwL3N5bmNBZ2VudHMvb25lc2RrMTY1NT9hcGktdmVyc2lvbj0yMDE1LTA1LTAxLXByZXZpZXc=",
      "RequestMethod": "GET",
      "RequestBody": "",
      "RequestHeaders": {
        "User-Agent": [
          "Microsoft.Azure.Management.Sql.LegacySdk.SqlManagementClient/3.0.0.0"
        ],
        "x-ms-client-request-id": [
          "65267644-f2c0-4abf-9d13-568c5cf6db47"
        ]
      },
      "ResponseBody": "{\r\n  \"error\": {\r\n    \"code\": \"ResourceNotFound\",\r\n    \"message\": \"The requested resource of type 'Microsoft.Sql/servers/syncAgents' with name 'onesdk1655' was not found.\"\r\n  }\r\n}",
      "ResponseHeaders": {
        "Content-Length": [
          "153"
        ],
        "Content-Type": [
          "application/json; charset=utf-8"
        ],
        "Expires": [
          "-1"
        ],
        "Pragma": [
          "no-cache"
        ],
        "x-ms-request-id": [
          "7f031b18-bea6-4bb6-a7c9-2b24395b93f3"
        ],
        "x-ms-ratelimit-remaining-subscription-reads": [
          "14992"
        ],
        "x-ms-correlation-request-id": [
          "81155aad-3c3c-4fa3-ab85-9d43fd26f4f2"
        ],
        "x-ms-routing-request-id": [
          "CENTRALUS:20170527T093140Z:81155aad-3c3c-4fa3-ab85-9d43fd26f4f2"
        ],
        "Strict-Transport-Security": [
          "max-age=31536000; includeSubDomains"
        ],
        "Cache-Control": [
          "no-cache"
        ],
        "Date": [
          "Sat, 27 May 2017 09:31:39 GMT"
        ],
        "Server": [
          "Microsoft-HTTPAPI/2.0"
        ]
      },
      "StatusCode": 404
    },
    {
      "RequestUri": "/subscriptions/b3ee3a7f-7614-4644-ad07-afa832620b4b/resourceGroups/onesdk1297/providers/Microsoft.Sql/servers/onesdk6400/syncAgents/onesdk1655?api-version=2015-05-01-preview",
      "EncodedRequestUri": "L3N1YnNjcmlwdGlvbnMvYjNlZTNhN2YtNzYxNC00NjQ0LWFkMDctYWZhODMyNjIwYjRiL3Jlc291cmNlR3JvdXBzL29uZXNkazEyOTcvcHJvdmlkZXJzL01pY3Jvc29mdC5TcWwvc2VydmVycy9vbmVzZGs2NDAwL3N5bmNBZ2VudHMvb25lc2RrMTY1NT9hcGktdmVyc2lvbj0yMDE1LTA1LTAxLXByZXZpZXc=",
      "RequestMethod": "GET",
      "RequestBody": "",
      "RequestHeaders": {
        "User-Agent": [
          "Microsoft.Azure.Management.Sql.LegacySdk.SqlManagementClient/3.0.0.0"
        ],
        "x-ms-client-request-id": [
          "7096c62a-8e71-4fc5-b197-ccb15edeaae6"
        ]
      },
      "ResponseBody": "{\r\n  \"id\": \"/subscriptions/b3ee3a7f-7614-4644-ad07-afa832620b4b/resourceGroups/onesdk1297/providers/Microsoft.Sql/servers/onesdk6400/syncAgents/onesdk1655\",\r\n  \"name\": \"onesdk1655\",\r\n  \"type\": \"Microsoft.Sql/servers/syncAgents\",\r\n  \"kind\": \"\",\r\n  \"properties\": {\r\n    \"syncDatabaseId\": \"/subscriptions/b3ee3a7f-7614-4644-ad07-afa832620b4b/resourceGroups/onesdk1297/providers/Microsoft.Sql/servers/onesdk6400/databases/onesdk1066\",\r\n    \"state\": \"NeverConnected\",\r\n    \"isUpToDate\": false,\r\n    \"version\": \"\"\r\n  }\r\n}",
      "ResponseHeaders": {
        "Content-Length": [
          "456"
        ],
        "Content-Type": [
          "application/json; charset=utf-8"
        ],
        "Expires": [
          "-1"
        ],
        "Pragma": [
          "no-cache"
        ],
        "x-ms-request-id": [
          "f3fc5a96-5713-491b-b32a-86fda4dc4ffc"
        ],
        "x-ms-ratelimit-remaining-subscription-reads": [
          "14989"
        ],
        "x-ms-correlation-request-id": [
          "5ed07126-f90f-47b7-b7a7-dc7296ef7066"
        ],
        "x-ms-routing-request-id": [
          "CENTRALUS:20170527T093157Z:5ed07126-f90f-47b7-b7a7-dc7296ef7066"
        ],
        "Strict-Transport-Security": [
          "max-age=31536000; includeSubDomains"
        ],
        "Cache-Control": [
          "no-cache"
        ],
        "Date": [
          "Sat, 27 May 2017 09:31:56 GMT"
        ],
        "Server": [
          "Microsoft-HTTPAPI/2.0"
        ]
      },
      "StatusCode": 200
    },
    {
      "RequestUri": "/subscriptions/b3ee3a7f-7614-4644-ad07-afa832620b4b/resourceGroups/onesdk1297/providers/Microsoft.Sql/servers/onesdk6400/syncAgents/onesdk1655?api-version=2015-05-01-preview",
      "EncodedRequestUri": "L3N1YnNjcmlwdGlvbnMvYjNlZTNhN2YtNzYxNC00NjQ0LWFkMDctYWZhODMyNjIwYjRiL3Jlc291cmNlR3JvdXBzL29uZXNkazEyOTcvcHJvdmlkZXJzL01pY3Jvc29mdC5TcWwvc2VydmVycy9vbmVzZGs2NDAwL3N5bmNBZ2VudHMvb25lc2RrMTY1NT9hcGktdmVyc2lvbj0yMDE1LTA1LTAxLXByZXZpZXc=",
      "RequestMethod": "GET",
      "RequestBody": "",
      "RequestHeaders": {
        "User-Agent": [
          "Microsoft.Azure.Management.Sql.LegacySdk.SqlManagementClient/3.0.0.0"
        ],
        "x-ms-client-request-id": [
          "4a92630c-a165-4cb1-9f6e-ca3905a5d756"
        ]
      },
      "ResponseBody": "{\r\n  \"id\": \"/subscriptions/b3ee3a7f-7614-4644-ad07-afa832620b4b/resourceGroups/onesdk1297/providers/Microsoft.Sql/servers/onesdk6400/syncAgents/onesdk1655\",\r\n  \"name\": \"onesdk1655\",\r\n  \"type\": \"Microsoft.Sql/servers/syncAgents\",\r\n  \"kind\": \"\",\r\n  \"properties\": {\r\n    \"syncDatabaseId\": \"/subscriptions/b3ee3a7f-7614-4644-ad07-afa832620b4b/resourceGroups/onesdk1297/providers/Microsoft.Sql/servers/onesdk6400/databases/onesdk1066\",\r\n    \"state\": \"NeverConnected\",\r\n    \"isUpToDate\": false,\r\n    \"version\": \"\"\r\n  }\r\n}",
      "ResponseHeaders": {
        "Content-Length": [
          "456"
        ],
        "Content-Type": [
          "application/json; charset=utf-8"
        ],
        "Expires": [
          "-1"
        ],
        "Pragma": [
          "no-cache"
        ],
        "x-ms-request-id": [
          "eb62abe4-2e9d-43e0-9da5-e303326d4b64"
        ],
        "x-ms-ratelimit-remaining-subscription-reads": [
          "14988"
        ],
        "x-ms-correlation-request-id": [
          "5351475d-74f6-453c-adc3-46a9657d863c"
        ],
        "x-ms-routing-request-id": [
          "CENTRALUS:20170527T093158Z:5351475d-74f6-453c-adc3-46a9657d863c"
        ],
        "Strict-Transport-Security": [
          "max-age=31536000; includeSubDomains"
        ],
        "Cache-Control": [
          "no-cache"
        ],
        "Date": [
          "Sat, 27 May 2017 09:31:58 GMT"
        ],
        "Server": [
          "Microsoft-HTTPAPI/2.0"
        ]
      },
      "StatusCode": 200
    },
    {
      "RequestUri": "/subscriptions/b3ee3a7f-7614-4644-ad07-afa832620b4b/resourceGroups/onesdk1297/providers/Microsoft.Sql/servers/onesdk6400/syncAgents/onesdk1655?api-version=2015-05-01-preview",
      "EncodedRequestUri": "L3N1YnNjcmlwdGlvbnMvYjNlZTNhN2YtNzYxNC00NjQ0LWFkMDctYWZhODMyNjIwYjRiL3Jlc291cmNlR3JvdXBzL29uZXNkazEyOTcvcHJvdmlkZXJzL01pY3Jvc29mdC5TcWwvc2VydmVycy9vbmVzZGs2NDAwL3N5bmNBZ2VudHMvb25lc2RrMTY1NT9hcGktdmVyc2lvbj0yMDE1LTA1LTAxLXByZXZpZXc=",
      "RequestMethod": "GET",
      "RequestBody": "",
      "RequestHeaders": {
        "User-Agent": [
          "Microsoft.Azure.Management.Sql.LegacySdk.SqlManagementClient/3.0.0.0"
        ],
        "x-ms-client-request-id": [
          "0bf64869-ac11-413a-8a91-96c1c5f305f1"
        ]
      },
      "ResponseBody": "{\r\n  \"id\": \"/subscriptions/b3ee3a7f-7614-4644-ad07-afa832620b4b/resourceGroups/onesdk1297/providers/Microsoft.Sql/servers/onesdk6400/syncAgents/onesdk1655\",\r\n  \"name\": \"onesdk1655\",\r\n  \"type\": \"Microsoft.Sql/servers/syncAgents\",\r\n  \"kind\": \"\",\r\n  \"properties\": {\r\n    \"syncDatabaseId\": \"/subscriptions/b3ee3a7f-7614-4644-ad07-afa832620b4b/resourceGroups/onesdk1297/providers/Microsoft.Sql/servers/onesdk6400/databases/onesdk1066\",\r\n    \"state\": \"NeverConnected\",\r\n    \"isUpToDate\": false,\r\n    \"version\": \"\"\r\n  }\r\n}",
      "ResponseHeaders": {
        "Content-Length": [
          "456"
        ],
        "Content-Type": [
          "application/json; charset=utf-8"
        ],
        "Expires": [
          "-1"
        ],
        "Pragma": [
          "no-cache"
        ],
        "x-ms-request-id": [
          "2bd37f33-02c9-4be9-b7f4-2323211c320a"
        ],
        "x-ms-ratelimit-remaining-subscription-reads": [
          "14986"
        ],
        "x-ms-correlation-request-id": [
          "0bc159c1-e046-4550-8502-c6d2c51b6f9d"
        ],
        "x-ms-routing-request-id": [
          "CENTRALUS:20170527T093159Z:0bc159c1-e046-4550-8502-c6d2c51b6f9d"
        ],
        "Strict-Transport-Security": [
          "max-age=31536000; includeSubDomains"
        ],
        "Cache-Control": [
          "no-cache"
        ],
        "Date": [
          "Sat, 27 May 2017 09:31:59 GMT"
        ],
        "Server": [
          "Microsoft-HTTPAPI/2.0"
        ]
      },
      "StatusCode": 200
    },
    {
      "RequestUri": "/subscriptions/b3ee3a7f-7614-4644-ad07-afa832620b4b/resourceGroups/onesdk1297/providers/Microsoft.Sql/servers/onesdk6400/syncAgents/onesdk1655?api-version=2015-05-01-preview",
      "EncodedRequestUri": "L3N1YnNjcmlwdGlvbnMvYjNlZTNhN2YtNzYxNC00NjQ0LWFkMDctYWZhODMyNjIwYjRiL3Jlc291cmNlR3JvdXBzL29uZXNkazEyOTcvcHJvdmlkZXJzL01pY3Jvc29mdC5TcWwvc2VydmVycy9vbmVzZGs2NDAwL3N5bmNBZ2VudHMvb25lc2RrMTY1NT9hcGktdmVyc2lvbj0yMDE1LTA1LTAxLXByZXZpZXc=",
      "RequestMethod": "GET",
      "RequestBody": "",
      "RequestHeaders": {
        "User-Agent": [
          "Microsoft.Azure.Management.Sql.LegacySdk.SqlManagementClient/3.0.0.0"
        ],
        "x-ms-client-request-id": [
          "b12f7fd4-ab3c-4e86-9af2-6bfad309bf6b"
        ]
      },
      "ResponseBody": "{\r\n  \"id\": \"/subscriptions/b3ee3a7f-7614-4644-ad07-afa832620b4b/resourceGroups/onesdk1297/providers/Microsoft.Sql/servers/onesdk6400/syncAgents/onesdk1655\",\r\n  \"name\": \"onesdk1655\",\r\n  \"type\": \"Microsoft.Sql/servers/syncAgents\",\r\n  \"kind\": \"\",\r\n  \"properties\": {\r\n    \"syncDatabaseId\": \"/subscriptions/b3ee3a7f-7614-4644-ad07-afa832620b4b/resourceGroups/onesdk1297/providers/Microsoft.Sql/servers/onesdk6400/databases/onesdk1066\",\r\n    \"state\": \"NeverConnected\",\r\n    \"isUpToDate\": false,\r\n    \"version\": \"\"\r\n  }\r\n}",
      "ResponseHeaders": {
        "Content-Length": [
          "456"
        ],
        "Content-Type": [
          "application/json; charset=utf-8"
        ],
        "Expires": [
          "-1"
        ],
        "Pragma": [
          "no-cache"
        ],
        "x-ms-request-id": [
          "bef98fd5-1816-4f3c-9a5f-7e5b395b9b8e"
        ],
        "x-ms-ratelimit-remaining-subscription-reads": [
          "14985"
        ],
        "x-ms-correlation-request-id": [
          "33166b36-e7a0-44ab-a6ba-f00325cb5d72"
        ],
        "x-ms-routing-request-id": [
          "CENTRALUS:20170527T093159Z:33166b36-e7a0-44ab-a6ba-f00325cb5d72"
        ],
        "Strict-Transport-Security": [
          "max-age=31536000; includeSubDomains"
        ],
        "Cache-Control": [
          "no-cache"
        ],
        "Date": [
          "Sat, 27 May 2017 09:31:59 GMT"
        ],
        "Server": [
          "Microsoft-HTTPAPI/2.0"
        ]
      },
      "StatusCode": 200
    },
    {
      "RequestUri": "/subscriptions/b3ee3a7f-7614-4644-ad07-afa832620b4b/resourceGroups/onesdk1297/providers/Microsoft.Sql/servers/onesdk6400/syncAgents/onesdk1655?api-version=2015-05-01-preview",
      "EncodedRequestUri": "L3N1YnNjcmlwdGlvbnMvYjNlZTNhN2YtNzYxNC00NjQ0LWFkMDctYWZhODMyNjIwYjRiL3Jlc291cmNlR3JvdXBzL29uZXNkazEyOTcvcHJvdmlkZXJzL01pY3Jvc29mdC5TcWwvc2VydmVycy9vbmVzZGs2NDAwL3N5bmNBZ2VudHMvb25lc2RrMTY1NT9hcGktdmVyc2lvbj0yMDE1LTA1LTAxLXByZXZpZXc=",
      "RequestMethod": "GET",
      "RequestBody": "",
      "RequestHeaders": {
        "User-Agent": [
          "Microsoft.Azure.Management.Sql.LegacySdk.SqlManagementClient/3.0.0.0"
        ],
        "x-ms-client-request-id": [
          "db8d4735-e6d2-4e7d-88af-fb1ff79f1e37"
        ]
      },
      "ResponseBody": "{\r\n  \"id\": \"/subscriptions/b3ee3a7f-7614-4644-ad07-afa832620b4b/resourceGroups/onesdk1297/providers/Microsoft.Sql/servers/onesdk6400/syncAgents/onesdk1655\",\r\n  \"name\": \"onesdk1655\",\r\n  \"type\": \"Microsoft.Sql/servers/syncAgents\",\r\n  \"kind\": \"\",\r\n  \"properties\": {\r\n    \"syncDatabaseId\": \"/subscriptions/b3ee3a7f-7614-4644-ad07-afa832620b4b/resourceGroups/onesdk1297/providers/Microsoft.Sql/servers/onesdk6400/databases/onesdk1066\",\r\n    \"state\": \"NeverConnected\",\r\n    \"isUpToDate\": false,\r\n    \"version\": \"\"\r\n  }\r\n}",
      "ResponseHeaders": {
        "Content-Length": [
          "456"
        ],
        "Content-Type": [
          "application/json; charset=utf-8"
        ],
        "Expires": [
          "-1"
        ],
        "Pragma": [
          "no-cache"
        ],
        "x-ms-request-id": [
          "86e352f7-1f03-46fa-9d57-7674d802e4a8"
        ],
        "x-ms-ratelimit-remaining-subscription-reads": [
          "14983"
        ],
        "x-ms-correlation-request-id": [
          "20016ba7-f554-4ea8-a870-a90f31bef531"
        ],
        "x-ms-routing-request-id": [
          "CENTRALUS:20170527T093200Z:20016ba7-f554-4ea8-a870-a90f31bef531"
        ],
        "Strict-Transport-Security": [
          "max-age=31536000; includeSubDomains"
        ],
        "Cache-Control": [
          "no-cache"
        ],
        "Date": [
          "Sat, 27 May 2017 09:32:00 GMT"
        ],
        "Server": [
          "Microsoft-HTTPAPI/2.0"
        ]
      },
      "StatusCode": 200
    },
    {
      "RequestUri": "/subscriptions/b3ee3a7f-7614-4644-ad07-afa832620b4b/resourceGroups/onesdk1297/providers/Microsoft.Sql/servers/onesdk6400/syncAgents/onesdk1655?api-version=2015-05-01-preview",
      "EncodedRequestUri": "L3N1YnNjcmlwdGlvbnMvYjNlZTNhN2YtNzYxNC00NjQ0LWFkMDctYWZhODMyNjIwYjRiL3Jlc291cmNlR3JvdXBzL29uZXNkazEyOTcvcHJvdmlkZXJzL01pY3Jvc29mdC5TcWwvc2VydmVycy9vbmVzZGs2NDAwL3N5bmNBZ2VudHMvb25lc2RrMTY1NT9hcGktdmVyc2lvbj0yMDE1LTA1LTAxLXByZXZpZXc=",
      "RequestMethod": "PUT",
      "RequestBody": "{\r\n  \"properties\": {\r\n    \"syncDatabaseId\": \"/subscriptions/b3ee3a7f-7614-4644-ad07-afa832620b4b/resourceGroups/onesdk1297/providers/Microsoft.Sql/servers/onesdk6400/databases/onesdk1066\"\r\n  }\r\n}",
      "RequestHeaders": {
        "Content-Type": [
          "application/json; charset=utf-8"
        ],
        "Content-Length": [
          "195"
        ],
        "User-Agent": [
          "Microsoft.Azure.Management.Sql.LegacySdk.SqlManagementClient/3.0.0.0"
        ],
        "x-ms-client-request-id": [
          "21e388c5-abfc-4358-8f62-4dcc2819c6ad"
        ]
      },
      "ResponseBody": "{\r\n  \"operation\": \"CreateSyncAgent\",\r\n  \"startTime\": \"2017-05-27T09:31:38.823Z\"\r\n}",
      "ResponseHeaders": {
        "Content-Length": [
          "70"
        ],
        "Content-Type": [
          "application/json; charset=utf-8"
        ],
        "Expires": [
          "-1"
        ],
        "Pragma": [
          "no-cache"
        ],
        "Retry-After": [
          "15"
        ],
        "x-ms-request-id": [
          "71700a7e-79ab-4181-b2e8-59712c9825b7"
        ],
        "x-ms-ratelimit-remaining-subscription-writes": [
          "1198"
        ],
        "x-ms-correlation-request-id": [
          "6ef98dee-56f6-45e4-8a76-d0e3e6f6acc9"
        ],
        "x-ms-routing-request-id": [
          "CENTRALUS:20170527T093141Z:6ef98dee-56f6-45e4-8a76-d0e3e6f6acc9"
        ],
        "Strict-Transport-Security": [
          "max-age=31536000; includeSubDomains"
        ],
        "Cache-Control": [
          "no-cache"
        ],
        "Date": [
          "Sat, 27 May 2017 09:31:40 GMT"
        ],
        "Location": [
          "https://api-dogfood.resources.windows-int.net/subscriptions/b3ee3a7f-7614-4644-ad07-afa832620b4b/providers/Microsoft.Sql/locations/West%20US%202/syncAgentOperationResults/71700a7e-79ab-4181-b2e8-59712c9825b7?api-version=2015-05-01-preview"
        ],
        "Server": [
          "Microsoft-HTTPAPI/2.0"
        ]
      },
      "StatusCode": 202
    },
    {
      "RequestUri": "/subscriptions/b3ee3a7f-7614-4644-ad07-afa832620b4b/providers/Microsoft.Sql/locations/West%20US%202/syncAgentOperationResults/71700a7e-79ab-4181-b2e8-59712c9825b7?api-version=2015-05-01-preview",
      "EncodedRequestUri": "L3N1YnNjcmlwdGlvbnMvYjNlZTNhN2YtNzYxNC00NjQ0LWFkMDctYWZhODMyNjIwYjRiL3Byb3ZpZGVycy9NaWNyb3NvZnQuU3FsL2xvY2F0aW9ucy9XZXN0JTIwVVMlMjAyL3N5bmNBZ2VudE9wZXJhdGlvblJlc3VsdHMvNzE3MDBhN2UtNzlhYi00MTgxLWIyZTgtNTk3MTJjOTgyNWI3P2FwaS12ZXJzaW9uPTIwMTUtMDUtMDEtcHJldmlldw==",
      "RequestMethod": "GET",
      "RequestBody": "",
      "RequestHeaders": {
        "User-Agent": [
          "Microsoft.Azure.Management.Sql.LegacySdk.SqlManagementClient/3.0.0.0"
        ],
        "x-ms-client-request-id": [
          "21e388c5-abfc-4358-8f62-4dcc2819c6ad"
        ]
      },
      "ResponseBody": "{\r\n  \"operation\": \"CreateSyncAgent\",\r\n  \"startTime\": \"2017-05-27T09:31:38.823Z\"\r\n}",
      "ResponseHeaders": {
        "Content-Length": [
          "70"
        ],
        "Content-Type": [
          "application/json; charset=utf-8"
        ],
        "Expires": [
          "-1"
        ],
        "Pragma": [
          "no-cache"
        ],
        "Retry-After": [
          "15"
        ],
        "x-ms-request-id": [
          "e7a22505-3339-481d-b8ee-77d20c80c28e"
        ],
        "x-ms-ratelimit-remaining-subscription-reads": [
          "14991"
        ],
        "x-ms-correlation-request-id": [
          "65019caa-b54a-4af6-9bb1-8952d3f3f023"
        ],
        "x-ms-routing-request-id": [
          "CENTRALUS:20170527T093141Z:65019caa-b54a-4af6-9bb1-8952d3f3f023"
        ],
        "Strict-Transport-Security": [
          "max-age=31536000; includeSubDomains"
        ],
        "Cache-Control": [
          "no-cache"
        ],
        "Date": [
          "Sat, 27 May 2017 09:31:41 GMT"
        ],
        "Location": [
          "https://api-dogfood.resources.windows-int.net/subscriptions/b3ee3a7f-7614-4644-ad07-afa832620b4b/providers/Microsoft.Sql/locations/West%20US%202/syncAgentOperationResults/71700a7e-79ab-4181-b2e8-59712c9825b7?api-version=2015-05-01-preview"
        ],
        "Server": [
          "Microsoft-HTTPAPI/2.0"
        ]
      },
      "StatusCode": 202
    },
    {
      "RequestUri": "/subscriptions/b3ee3a7f-7614-4644-ad07-afa832620b4b/providers/Microsoft.Sql/locations/West%20US%202/syncAgentOperationResults/71700a7e-79ab-4181-b2e8-59712c9825b7?api-version=2015-05-01-preview",
      "EncodedRequestUri": "L3N1YnNjcmlwdGlvbnMvYjNlZTNhN2YtNzYxNC00NjQ0LWFkMDctYWZhODMyNjIwYjRiL3Byb3ZpZGVycy9NaWNyb3NvZnQuU3FsL2xvY2F0aW9ucy9XZXN0JTIwVVMlMjAyL3N5bmNBZ2VudE9wZXJhdGlvblJlc3VsdHMvNzE3MDBhN2UtNzlhYi00MTgxLWIyZTgtNTk3MTJjOTgyNWI3P2FwaS12ZXJzaW9uPTIwMTUtMDUtMDEtcHJldmlldw==",
      "RequestMethod": "GET",
      "RequestBody": "",
      "RequestHeaders": {
        "User-Agent": [
          "Microsoft.Azure.Management.Sql.LegacySdk.SqlManagementClient/3.0.0.0"
        ],
        "x-ms-client-request-id": [
          "21e388c5-abfc-4358-8f62-4dcc2819c6ad"
        ]
      },
      "ResponseBody": "{\r\n  \"id\": \"/subscriptions/b3ee3a7f-7614-4644-ad07-afa832620b4b/resourceGroups/onesdk1297/providers/Microsoft.Sql/servers/onesdk6400/syncAgents/onesdk1655\",\r\n  \"name\": \"onesdk1655\",\r\n  \"type\": \"Microsoft.Sql/servers/syncAgents\",\r\n  \"kind\": \"\",\r\n  \"properties\": {\r\n    \"syncDatabaseId\": \"/subscriptions/b3ee3a7f-7614-4644-ad07-afa832620b4b/resourceGroups/onesdk1297/providers/Microsoft.Sql/servers/onesdk6400/databases/onesdk1066\"\r\n  }\r\n}",
      "ResponseHeaders": {
        "Content-Length": [
          "399"
        ],
        "Content-Type": [
          "application/json; charset=utf-8"
        ],
        "Expires": [
          "-1"
        ],
        "Pragma": [
          "no-cache"
        ],
        "x-ms-request-id": [
          "d6f1e12b-e1ab-4c82-a62f-b36c0cb98b6c"
        ],
        "x-ms-ratelimit-remaining-subscription-reads": [
          "14990"
        ],
        "x-ms-correlation-request-id": [
          "978ac915-64d5-4cf1-b0d0-6e0da849afd3"
        ],
        "x-ms-routing-request-id": [
          "CENTRALUS:20170527T093157Z:978ac915-64d5-4cf1-b0d0-6e0da849afd3"
        ],
        "Strict-Transport-Security": [
          "max-age=31536000; includeSubDomains"
        ],
        "Cache-Control": [
          "no-cache"
        ],
        "Date": [
          "Sat, 27 May 2017 09:31:56 GMT"
        ],
        "Server": [
          "Microsoft-HTTPAPI/2.0"
        ]
      },
      "StatusCode": 201
    },
    {
      "RequestUri": "/subscriptions/b3ee3a7f-7614-4644-ad07-afa832620b4b/resourceGroups/onesdk1297/providers/Microsoft.Sql/servers/onesdk6400/syncAgents?api-version=2015-05-01-preview",
      "EncodedRequestUri": "L3N1YnNjcmlwdGlvbnMvYjNlZTNhN2YtNzYxNC00NjQ0LWFkMDctYWZhODMyNjIwYjRiL3Jlc291cmNlR3JvdXBzL29uZXNkazEyOTcvcHJvdmlkZXJzL01pY3Jvc29mdC5TcWwvc2VydmVycy9vbmVzZGs2NDAwL3N5bmNBZ2VudHM/YXBpLXZlcnNpb249MjAxNS0wNS0wMS1wcmV2aWV3",
      "RequestMethod": "GET",
      "RequestBody": "",
      "RequestHeaders": {
        "User-Agent": [
          "Microsoft.Azure.Management.Sql.LegacySdk.SqlManagementClient/3.0.0.0"
        ],
        "x-ms-client-request-id": [
          "d6ddc0ae-4da6-42dc-8c0e-e4dccb2c67e1"
        ]
      },
      "ResponseBody": "{\r\n  \"value\": [\r\n    {\r\n      \"id\": \"/subscriptions/b3ee3a7f-7614-4644-ad07-afa832620b4b/resourceGroups/onesdk1297/providers/Microsoft.Sql/servers/onesdk6400/syncAgents/onesdk1655\",\r\n      \"name\": \"onesdk1655\",\r\n      \"type\": \"Microsoft.Sql/servers/syncAgents\",\r\n      \"kind\": \"\",\r\n      \"properties\": {\r\n        \"syncDatabaseId\": \"/subscriptions/b3ee3a7f-7614-4644-ad07-afa832620b4b/resourceGroups/onesdk1297/providers/Microsoft.Sql/servers/onesdk6400/databases/onesdk1066\",\r\n        \"state\": \"NeverConnected\",\r\n        \"isUpToDate\": false,\r\n        \"version\": \"\"\r\n      }\r\n    }\r\n  ]\r\n}",
      "ResponseHeaders": {
        "Content-Length": [
          "468"
        ],
        "Content-Type": [
          "application/json; charset=utf-8"
        ],
        "Expires": [
          "-1"
        ],
        "Pragma": [
          "no-cache"
        ],
        "x-ms-request-id": [
          "318d5c71-3cee-4ff9-83ff-d996a00123f5"
        ],
        "x-ms-ratelimit-remaining-subscription-reads": [
          "14987"
        ],
        "x-ms-correlation-request-id": [
          "8ff91320-8be0-4139-8aa2-df116d6d9293"
        ],
        "x-ms-routing-request-id": [
          "CENTRALUS:20170527T093158Z:8ff91320-8be0-4139-8aa2-df116d6d9293"
        ],
        "Strict-Transport-Security": [
          "max-age=31536000; includeSubDomains"
        ],
        "Cache-Control": [
          "no-cache"
        ],
        "Date": [
          "Sat, 27 May 2017 09:31:58 GMT"
        ],
        "Server": [
          "Microsoft-HTTPAPI/2.0"
        ]
      },
      "StatusCode": 200
    },
    {
      "RequestUri": "/subscriptions/b3ee3a7f-7614-4644-ad07-afa832620b4b/resourceGroups/onesdk1297/providers/Microsoft.Sql/servers/onesdk6400/syncAgents?api-version=2015-05-01-preview",
      "EncodedRequestUri": "L3N1YnNjcmlwdGlvbnMvYjNlZTNhN2YtNzYxNC00NjQ0LWFkMDctYWZhODMyNjIwYjRiL3Jlc291cmNlR3JvdXBzL29uZXNkazEyOTcvcHJvdmlkZXJzL01pY3Jvc29mdC5TcWwvc2VydmVycy9vbmVzZGs2NDAwL3N5bmNBZ2VudHM/YXBpLXZlcnNpb249MjAxNS0wNS0wMS1wcmV2aWV3",
      "RequestMethod": "GET",
      "RequestBody": "",
      "RequestHeaders": {
        "User-Agent": [
          "Microsoft.Azure.Management.Sql.LegacySdk.SqlManagementClient/3.0.0.0"
        ],
        "x-ms-client-request-id": [
          "64cc3cbc-ef21-476d-b19a-333b466e52ae"
        ]
      },
      "ResponseBody": "{\r\n  \"value\": []\r\n}",
      "ResponseHeaders": {
        "Content-Length": [
          "12"
        ],
        "Content-Type": [
          "application/json; charset=utf-8"
        ],
        "Expires": [
          "-1"
        ],
        "Pragma": [
          "no-cache"
        ],
        "x-ms-request-id": [
          "656f8725-a3d2-448e-bb37-4291ca7792ff"
        ],
        "x-ms-ratelimit-remaining-subscription-reads": [
          "14981"
        ],
        "x-ms-correlation-request-id": [
          "1cde8492-fc2d-44b5-8d9b-4ce3d5301359"
        ],
        "x-ms-routing-request-id": [
          "CENTRALUS:20170527T093202Z:1cde8492-fc2d-44b5-8d9b-4ce3d5301359"
        ],
        "Strict-Transport-Security": [
          "max-age=31536000; includeSubDomains"
        ],
        "Cache-Control": [
          "no-cache"
        ],
        "Date": [
          "Sat, 27 May 2017 09:32:01 GMT"
        ],
        "Server": [
          "Microsoft-HTTPAPI/2.0"
        ]
      },
      "StatusCode": 200
    },
    {
      "RequestUri": "/subscriptions/b3ee3a7f-7614-4644-ad07-afa832620b4b/resourceGroups/onesdk1297/providers/Microsoft.Sql/servers/onesdk6400/syncAgents/onesdk1655/generateKey?api-version=2015-05-01-preview",
      "EncodedRequestUri": "L3N1YnNjcmlwdGlvbnMvYjNlZTNhN2YtNzYxNC00NjQ0LWFkMDctYWZhODMyNjIwYjRiL3Jlc291cmNlR3JvdXBzL29uZXNkazEyOTcvcHJvdmlkZXJzL01pY3Jvc29mdC5TcWwvc2VydmVycy9vbmVzZGs2NDAwL3N5bmNBZ2VudHMvb25lc2RrMTY1NS9nZW5lcmF0ZUtleT9hcGktdmVyc2lvbj0yMDE1LTA1LTAxLXByZXZpZXc=",
      "RequestMethod": "POST",
      "RequestBody": "",
      "RequestHeaders": {
        "User-Agent": [
          "Microsoft.Azure.Management.Sql.LegacySdk.SqlManagementClient/3.0.0.0"
        ],
        "x-ms-client-request-id": [
          "52b506bb-749d-4c8f-a694-39095b2158b0"
        ]
      },
      "ResponseBody": "{\r\n  \"syncAgentKey\": \"3009843c-43a6-412c-a5ae-29bb6ce2ae28:3tQGdWC1ld+KBJFcTCTZDgB6G9d3wiffzjH+mFQFtH4=:b25lc2RrNjQwMC5zcWx0ZXN0LWVnMS5tc2Nkcy5jb23igYdvbmVzZGsxMDY2\"\r\n}",
      "ResponseHeaders": {
        "Content-Length": [
          "161"
        ],
        "Content-Type": [
          "application/json; charset=utf-8"
        ],
        "Expires": [
          "-1"
        ],
        "Pragma": [
          "no-cache"
        ],
        "x-ms-request-id": [
          "ecd01cfb-2930-42ef-bff5-08a2ecaffe84"
        ],
        "x-ms-ratelimit-remaining-subscription-writes": [
          "1197"
        ],
        "x-ms-correlation-request-id": [
          "9f2bb09a-7ffd-4223-a8b5-2b29d66c5bbc"
        ],
        "x-ms-routing-request-id": [
          "CENTRALUS:20170527T093159Z:9f2bb09a-7ffd-4223-a8b5-2b29d66c5bbc"
        ],
        "Strict-Transport-Security": [
          "max-age=31536000; includeSubDomains"
        ],
        "Cache-Control": [
          "no-cache"
        ],
        "Date": [
          "Sat, 27 May 2017 09:31:59 GMT"
        ],
        "Server": [
          "Microsoft-HTTPAPI/2.0"
        ]
      },
      "StatusCode": 200
    },
    {
      "RequestUri": "/subscriptions/b3ee3a7f-7614-4644-ad07-afa832620b4b/resourceGroups/onesdk1297/providers/Microsoft.Sql/servers/onesdk6400/syncAgents/onesdk1655/linkedDatabases?api-version=2015-05-01-preview",
      "EncodedRequestUri": "L3N1YnNjcmlwdGlvbnMvYjNlZTNhN2YtNzYxNC00NjQ0LWFkMDctYWZhODMyNjIwYjRiL3Jlc291cmNlR3JvdXBzL29uZXNkazEyOTcvcHJvdmlkZXJzL01pY3Jvc29mdC5TcWwvc2VydmVycy9vbmVzZGs2NDAwL3N5bmNBZ2VudHMvb25lc2RrMTY1NS9saW5rZWREYXRhYmFzZXM/YXBpLXZlcnNpb249MjAxNS0wNS0wMS1wcmV2aWV3",
      "RequestMethod": "GET",
      "RequestBody": "",
      "RequestHeaders": {
        "User-Agent": [
          "Microsoft.Azure.Management.Sql.LegacySdk.SqlManagementClient/3.0.0.0"
        ],
        "x-ms-client-request-id": [
          "5fa5b355-954f-455f-90e2-f5372f0dc0a6"
        ]
      },
      "ResponseBody": "{\r\n  \"value\": []\r\n}",
      "ResponseHeaders": {
        "Content-Length": [
          "12"
        ],
        "Content-Type": [
          "application/json; charset=utf-8"
        ],
        "Expires": [
          "-1"
        ],
        "Pragma": [
          "no-cache"
        ],
        "x-ms-request-id": [
          "542a4ad1-52b5-41b0-beed-dcf4c1410087"
        ],
        "x-ms-ratelimit-remaining-subscription-reads": [
          "14984"
        ],
        "x-ms-correlation-request-id": [
          "07d80242-939b-4253-923f-2720d6b9bad0"
        ],
        "x-ms-routing-request-id": [
          "CENTRALUS:20170527T093200Z:07d80242-939b-4253-923f-2720d6b9bad0"
        ],
        "Strict-Transport-Security": [
          "max-age=31536000; includeSubDomains"
        ],
        "Cache-Control": [
          "no-cache"
        ],
        "Date": [
          "Sat, 27 May 2017 09:32:00 GMT"
        ],
        "Server": [
          "Microsoft-HTTPAPI/2.0"
        ]
      },
      "StatusCode": 200
    },
    {
      "RequestUri": "/subscriptions/b3ee3a7f-7614-4644-ad07-afa832620b4b/resourceGroups/onesdk1297/providers/Microsoft.Sql/servers/onesdk6400/syncAgents/onesdk1655?api-version=2015-05-01-preview",
      "EncodedRequestUri": "L3N1YnNjcmlwdGlvbnMvYjNlZTNhN2YtNzYxNC00NjQ0LWFkMDctYWZhODMyNjIwYjRiL3Jlc291cmNlR3JvdXBzL29uZXNkazEyOTcvcHJvdmlkZXJzL01pY3Jvc29mdC5TcWwvc2VydmVycy9vbmVzZGs2NDAwL3N5bmNBZ2VudHMvb25lc2RrMTY1NT9hcGktdmVyc2lvbj0yMDE1LTA1LTAxLXByZXZpZXc=",
      "RequestMethod": "DELETE",
      "RequestBody": "",
      "RequestHeaders": {
        "User-Agent": [
          "Microsoft.Azure.Management.Sql.LegacySdk.SqlManagementClient/3.0.0.0"
        ],
        "x-ms-client-request-id": [
          "4f4f5295-685f-4426-8d91-e801dfaf2a53"
        ]
      },
      "ResponseBody": "{\r\n  \"operation\": \"DropSyncAgent\",\r\n  \"startTime\": \"2017-05-27T09:31:59.27Z\"\r\n}",
      "ResponseHeaders": {
        "Content-Length": [
          "67"
        ],
        "Content-Type": [
          "application/json; charset=utf-8"
        ],
        "Expires": [
          "-1"
        ],
        "Pragma": [
          "no-cache"
        ],
        "Retry-After": [
          "15"
        ],
        "x-ms-request-id": [
          "cd9ad029-6743-4377-8354-d32d3cd1ecfd"
        ],
        "x-ms-ratelimit-remaining-subscription-writes": [
          "1196"
        ],
        "x-ms-correlation-request-id": [
          "a3e898a6-d8d2-465a-938f-b00d897c493f"
        ],
        "x-ms-routing-request-id": [
          "CENTRALUS:20170527T093201Z:a3e898a6-d8d2-465a-938f-b00d897c493f"
        ],
        "Strict-Transport-Security": [
          "max-age=31536000; includeSubDomains"
        ],
        "Cache-Control": [
          "no-cache"
        ],
        "Date": [
          "Sat, 27 May 2017 09:32:01 GMT"
        ],
        "Location": [
          "https://api-dogfood.resources.windows-int.net/subscriptions/b3ee3a7f-7614-4644-ad07-afa832620b4b/providers/Microsoft.Sql/locations/West%20US%202/syncAgentOperationResults/cd9ad029-6743-4377-8354-d32d3cd1ecfd?api-version=2015-05-01-preview"
        ],
        "Server": [
          "Microsoft-HTTPAPI/2.0"
        ]
      },
      "StatusCode": 202
    },
    {
      "RequestUri": "/subscriptions/b3ee3a7f-7614-4644-ad07-afa832620b4b/providers/Microsoft.Sql/locations/West%20US%202/syncAgentOperationResults/cd9ad029-6743-4377-8354-d32d3cd1ecfd?api-version=2015-05-01-preview",
      "EncodedRequestUri": "L3N1YnNjcmlwdGlvbnMvYjNlZTNhN2YtNzYxNC00NjQ0LWFkMDctYWZhODMyNjIwYjRiL3Byb3ZpZGVycy9NaWNyb3NvZnQuU3FsL2xvY2F0aW9ucy9XZXN0JTIwVVMlMjAyL3N5bmNBZ2VudE9wZXJhdGlvblJlc3VsdHMvY2Q5YWQwMjktNjc0My00Mzc3LTgzNTQtZDMyZDNjZDFlY2ZkP2FwaS12ZXJzaW9uPTIwMTUtMDUtMDEtcHJldmlldw==",
      "RequestMethod": "GET",
      "RequestBody": "",
      "RequestHeaders": {
        "User-Agent": [
          "Microsoft.Azure.Management.Sql.LegacySdk.SqlManagementClient/3.0.0.0"
        ],
        "x-ms-client-request-id": [
          "4f4f5295-685f-4426-8d91-e801dfaf2a53"
        ]
      },
      "ResponseBody": "{\r\n  \"id\": \"/subscriptions/b3ee3a7f-7614-4644-ad07-afa832620b4b/resourceGroups/onesdk1297/providers/Microsoft.Sql/servers/onesdk6400/syncAgents/onesdk1655\",\r\n  \"name\": \"onesdk1655\",\r\n  \"type\": \"Microsoft.Sql/servers/syncAgents\",\r\n  \"kind\": \"\",\r\n  \"properties\": {}\r\n}",
      "ResponseHeaders": {
        "Content-Length": [
          "239"
        ],
        "Content-Type": [
          "application/json; charset=utf-8"
        ],
        "Expires": [
          "-1"
        ],
        "Pragma": [
          "no-cache"
        ],
        "x-ms-request-id": [
          "3025a941-79ba-439d-a8bd-2bf1714b4f5b"
        ],
        "x-ms-ratelimit-remaining-subscription-reads": [
          "14982"
        ],
        "x-ms-correlation-request-id": [
          "a37aa117-e3c4-4976-b6b1-edf552b04839"
        ],
        "x-ms-routing-request-id": [
          "CENTRALUS:20170527T093201Z:a37aa117-e3c4-4976-b6b1-edf552b04839"
        ],
        "Strict-Transport-Security": [
          "max-age=31536000; includeSubDomains"
        ],
        "Cache-Control": [
          "no-cache"
        ],
        "Date": [
          "Sat, 27 May 2017 09:32:01 GMT"
        ],
        "Server": [
          "Microsoft-HTTPAPI/2.0"
        ]
      },
      "StatusCode": 200
    },
    {
      "RequestUri": "/subscriptions/b3ee3a7f-7614-4644-ad07-afa832620b4b/resourcegroups/onesdk1297?api-version=2016-02-01",
      "EncodedRequestUri": "L3N1YnNjcmlwdGlvbnMvYjNlZTNhN2YtNzYxNC00NjQ0LWFkMDctYWZhODMyNjIwYjRiL3Jlc291cmNlZ3JvdXBzL29uZXNkazEyOTc/YXBpLXZlcnNpb249MjAxNi0wMi0wMQ==",
      "RequestMethod": "DELETE",
      "RequestBody": "",
      "RequestHeaders": {
        "User-Agent": [
          "Microsoft.Azure.Management.Resources.ResourceManagementClient/2.0.0.0"
        ]
      },
      "ResponseBody": "",
      "ResponseHeaders": {
        "Content-Length": [
          "0"
        ],
        "Expires": [
          "-1"
        ],
        "Pragma": [
          "no-cache"
        ],
        "Retry-After": [
          "15"
        ],
        "x-ms-ratelimit-remaining-subscription-writes": [
          "1197"
        ],
        "x-ms-request-id": [
          "aefae75d-2c49-4b10-a667-4ce0285f2aa2"
        ],
        "x-ms-correlation-request-id": [
          "aefae75d-2c49-4b10-a667-4ce0285f2aa2"
        ],
        "x-ms-routing-request-id": [
          "CENTRALUS:20170527T093205Z:aefae75d-2c49-4b10-a667-4ce0285f2aa2"
        ],
        "Strict-Transport-Security": [
          "max-age=31536000; includeSubDomains"
        ],
        "Cache-Control": [
          "no-cache"
        ],
        "Date": [
          "Sat, 27 May 2017 09:32:04 GMT"
        ],
        "Location": [
          "https://api-dogfood.resources.windows-int.net/subscriptions/b3ee3a7f-7614-4644-ad07-afa832620b4b/operationresults/eyJqb2JJZCI6IlJFU09VUkNFR1JPVVBERUxFVElPTkpPQi1PTkVTREsxMjk3LUpBUEFORUFTVCIsImpvYkxvY2F0aW9uIjoiamFwYW5lYXN0In0?api-version=2016-02-01"
        ]
      },
      "StatusCode": 202
    },
    {
      "RequestUri": "/subscriptions/b3ee3a7f-7614-4644-ad07-afa832620b4b/operationresults/eyJqb2JJZCI6IlJFU09VUkNFR1JPVVBERUxFVElPTkpPQi1PTkVTREsxMjk3LUpBUEFORUFTVCIsImpvYkxvY2F0aW9uIjoiamFwYW5lYXN0In0?api-version=2016-02-01",
      "EncodedRequestUri": "L3N1YnNjcmlwdGlvbnMvYjNlZTNhN2YtNzYxNC00NjQ0LWFkMDctYWZhODMyNjIwYjRiL29wZXJhdGlvbnJlc3VsdHMvZXlKcWIySkpaQ0k2SWxKRlUwOVZVa05GUjFKUFZWQkVSVXhGVkVsUFRrcFBRaTFQVGtWVFJFc3hNamszTFVwQlVFRk9SVUZUVkNJc0ltcHZZa3h2WTJGMGFXOXVJam9pYW1Gd1lXNWxZWE4wSW4wP2FwaS12ZXJzaW9uPTIwMTYtMDItMDE=",
      "RequestMethod": "GET",
      "RequestBody": "",
      "RequestHeaders": {
        "x-ms-version": [
          "2016-02-01"
        ],
        "User-Agent": [
          "Microsoft.Azure.Management.Resources.ResourceManagementClient/2.0.0.0"
        ]
      },
      "ResponseBody": "",
      "ResponseHeaders": {
        "Content-Length": [
          "0"
        ],
        "Expires": [
          "-1"
        ],
        "Pragma": [
          "no-cache"
        ],
        "Retry-After": [
          "15"
        ],
        "x-ms-ratelimit-remaining-subscription-reads": [
          "14985"
        ],
        "x-ms-request-id": [
          "3b0ea413-7caf-4b40-915f-611446fe49d1"
        ],
        "x-ms-correlation-request-id": [
          "3b0ea413-7caf-4b40-915f-611446fe49d1"
        ],
        "x-ms-routing-request-id": [
          "CENTRALUS:20170527T093205Z:3b0ea413-7caf-4b40-915f-611446fe49d1"
        ],
        "Strict-Transport-Security": [
          "max-age=31536000; includeSubDomains"
        ],
        "Cache-Control": [
          "no-cache"
        ],
        "Date": [
          "Sat, 27 May 2017 09:32:05 GMT"
        ],
        "Location": [
          "https://api-dogfood.resources.windows-int.net/subscriptions/b3ee3a7f-7614-4644-ad07-afa832620b4b/operationresults/eyJqb2JJZCI6IlJFU09VUkNFR1JPVVBERUxFVElPTkpPQi1PTkVTREsxMjk3LUpBUEFORUFTVCIsImpvYkxvY2F0aW9uIjoiamFwYW5lYXN0In0?api-version=2016-02-01"
        ]
      },
      "StatusCode": 202
    },
    {
      "RequestUri": "/subscriptions/b3ee3a7f-7614-4644-ad07-afa832620b4b/operationresults/eyJqb2JJZCI6IlJFU09VUkNFR1JPVVBERUxFVElPTkpPQi1PTkVTREsxMjk3LUpBUEFORUFTVCIsImpvYkxvY2F0aW9uIjoiamFwYW5lYXN0In0?api-version=2016-02-01",
      "EncodedRequestUri": "L3N1YnNjcmlwdGlvbnMvYjNlZTNhN2YtNzYxNC00NjQ0LWFkMDctYWZhODMyNjIwYjRiL29wZXJhdGlvbnJlc3VsdHMvZXlKcWIySkpaQ0k2SWxKRlUwOVZVa05GUjFKUFZWQkVSVXhGVkVsUFRrcFBRaTFQVGtWVFJFc3hNamszTFVwQlVFRk9SVUZUVkNJc0ltcHZZa3h2WTJGMGFXOXVJam9pYW1Gd1lXNWxZWE4wSW4wP2FwaS12ZXJzaW9uPTIwMTYtMDItMDE=",
      "RequestMethod": "GET",
      "RequestBody": "",
      "RequestHeaders": {
        "x-ms-version": [
          "2016-02-01"
        ],
        "User-Agent": [
          "Microsoft.Azure.Management.Resources.ResourceManagementClient/2.0.0.0"
        ]
      },
      "ResponseBody": "",
      "ResponseHeaders": {
        "Content-Length": [
          "0"
        ],
        "Expires": [
          "-1"
        ],
        "Pragma": [
          "no-cache"
        ],
        "Retry-After": [
          "15"
        ],
        "x-ms-ratelimit-remaining-subscription-reads": [
          "14984"
        ],
        "x-ms-request-id": [
          "55f806cf-7c77-4ba7-833a-7dcbb76cb18c"
        ],
        "x-ms-correlation-request-id": [
          "55f806cf-7c77-4ba7-833a-7dcbb76cb18c"
        ],
        "x-ms-routing-request-id": [
          "CENTRALUS:20170527T093221Z:55f806cf-7c77-4ba7-833a-7dcbb76cb18c"
        ],
        "Strict-Transport-Security": [
          "max-age=31536000; includeSubDomains"
        ],
        "Cache-Control": [
          "no-cache"
        ],
        "Date": [
          "Sat, 27 May 2017 09:32:21 GMT"
        ],
        "Location": [
          "https://api-dogfood.resources.windows-int.net/subscriptions/b3ee3a7f-7614-4644-ad07-afa832620b4b/operationresults/eyJqb2JJZCI6IlJFU09VUkNFR1JPVVBERUxFVElPTkpPQi1PTkVTREsxMjk3LUpBUEFORUFTVCIsImpvYkxvY2F0aW9uIjoiamFwYW5lYXN0In0?api-version=2016-02-01"
        ]
      },
      "StatusCode": 202
    },
    {
      "RequestUri": "/subscriptions/b3ee3a7f-7614-4644-ad07-afa832620b4b/operationresults/eyJqb2JJZCI6IlJFU09VUkNFR1JPVVBERUxFVElPTkpPQi1PTkVTREsxMjk3LUpBUEFORUFTVCIsImpvYkxvY2F0aW9uIjoiamFwYW5lYXN0In0?api-version=2016-02-01",
      "EncodedRequestUri": "L3N1YnNjcmlwdGlvbnMvYjNlZTNhN2YtNzYxNC00NjQ0LWFkMDctYWZhODMyNjIwYjRiL29wZXJhdGlvbnJlc3VsdHMvZXlKcWIySkpaQ0k2SWxKRlUwOVZVa05GUjFKUFZWQkVSVXhGVkVsUFRrcFBRaTFQVGtWVFJFc3hNamszTFVwQlVFRk9SVUZUVkNJc0ltcHZZa3h2WTJGMGFXOXVJam9pYW1Gd1lXNWxZWE4wSW4wP2FwaS12ZXJzaW9uPTIwMTYtMDItMDE=",
      "RequestMethod": "GET",
      "RequestBody": "",
      "RequestHeaders": {
        "x-ms-version": [
          "2016-02-01"
        ],
        "User-Agent": [
          "Microsoft.Azure.Management.Resources.ResourceManagementClient/2.0.0.0"
        ]
      },
      "ResponseBody": "",
      "ResponseHeaders": {
        "Content-Length": [
          "0"
        ],
        "Expires": [
          "-1"
        ],
        "Pragma": [
          "no-cache"
        ],
        "Retry-After": [
          "15"
        ],
        "x-ms-ratelimit-remaining-subscription-reads": [
          "14983"
        ],
        "x-ms-request-id": [
          "2ead63ab-3e17-497a-bdf6-73572426ff7c"
        ],
        "x-ms-correlation-request-id": [
          "2ead63ab-3e17-497a-bdf6-73572426ff7c"
        ],
        "x-ms-routing-request-id": [
          "CENTRALUS:20170527T093237Z:2ead63ab-3e17-497a-bdf6-73572426ff7c"
        ],
        "Strict-Transport-Security": [
          "max-age=31536000; includeSubDomains"
        ],
        "Cache-Control": [
          "no-cache"
        ],
        "Date": [
          "Sat, 27 May 2017 09:32:37 GMT"
        ],
        "Location": [
          "https://api-dogfood.resources.windows-int.net/subscriptions/b3ee3a7f-7614-4644-ad07-afa832620b4b/operationresults/eyJqb2JJZCI6IlJFU09VUkNFR1JPVVBERUxFVElPTkpPQi1PTkVTREsxMjk3LUpBUEFORUFTVCIsImpvYkxvY2F0aW9uIjoiamFwYW5lYXN0In0?api-version=2016-02-01"
        ]
      },
      "StatusCode": 202
    },
    {
      "RequestUri": "/subscriptions/b3ee3a7f-7614-4644-ad07-afa832620b4b/operationresults/eyJqb2JJZCI6IlJFU09VUkNFR1JPVVBERUxFVElPTkpPQi1PTkVTREsxMjk3LUpBUEFORUFTVCIsImpvYkxvY2F0aW9uIjoiamFwYW5lYXN0In0?api-version=2016-02-01",
      "EncodedRequestUri": "L3N1YnNjcmlwdGlvbnMvYjNlZTNhN2YtNzYxNC00NjQ0LWFkMDctYWZhODMyNjIwYjRiL29wZXJhdGlvbnJlc3VsdHMvZXlKcWIySkpaQ0k2SWxKRlUwOVZVa05GUjFKUFZWQkVSVXhGVkVsUFRrcFBRaTFQVGtWVFJFc3hNamszTFVwQlVFRk9SVUZUVkNJc0ltcHZZa3h2WTJGMGFXOXVJam9pYW1Gd1lXNWxZWE4wSW4wP2FwaS12ZXJzaW9uPTIwMTYtMDItMDE=",
      "RequestMethod": "GET",
      "RequestBody": "",
      "RequestHeaders": {
        "x-ms-version": [
          "2016-02-01"
        ],
        "User-Agent": [
          "Microsoft.Azure.Management.Resources.ResourceManagementClient/2.0.0.0"
        ]
      },
      "ResponseBody": "",
      "ResponseHeaders": {
        "Content-Length": [
          "0"
        ],
        "Expires": [
          "-1"
        ],
        "Pragma": [
          "no-cache"
        ],
        "Retry-After": [
          "15"
        ],
        "x-ms-ratelimit-remaining-subscription-reads": [
          "14982"
        ],
        "x-ms-request-id": [
          "6d21f9c6-53c9-48a6-a505-63cee12f4483"
        ],
        "x-ms-correlation-request-id": [
          "6d21f9c6-53c9-48a6-a505-63cee12f4483"
        ],
        "x-ms-routing-request-id": [
          "CENTRALUS:20170527T093253Z:6d21f9c6-53c9-48a6-a505-63cee12f4483"
        ],
        "Strict-Transport-Security": [
          "max-age=31536000; includeSubDomains"
        ],
        "Cache-Control": [
          "no-cache"
        ],
        "Date": [
          "Sat, 27 May 2017 09:32:53 GMT"
        ],
        "Location": [
          "https://api-dogfood.resources.windows-int.net/subscriptions/b3ee3a7f-7614-4644-ad07-afa832620b4b/operationresults/eyJqb2JJZCI6IlJFU09VUkNFR1JPVVBERUxFVElPTkpPQi1PTkVTREsxMjk3LUpBUEFORUFTVCIsImpvYkxvY2F0aW9uIjoiamFwYW5lYXN0In0?api-version=2016-02-01"
        ]
      },
      "StatusCode": 202
    },
    {
      "RequestUri": "/subscriptions/b3ee3a7f-7614-4644-ad07-afa832620b4b/operationresults/eyJqb2JJZCI6IlJFU09VUkNFR1JPVVBERUxFVElPTkpPQi1PTkVTREsxMjk3LUpBUEFORUFTVCIsImpvYkxvY2F0aW9uIjoiamFwYW5lYXN0In0?api-version=2016-02-01",
      "EncodedRequestUri": "L3N1YnNjcmlwdGlvbnMvYjNlZTNhN2YtNzYxNC00NjQ0LWFkMDctYWZhODMyNjIwYjRiL29wZXJhdGlvbnJlc3VsdHMvZXlKcWIySkpaQ0k2SWxKRlUwOVZVa05GUjFKUFZWQkVSVXhGVkVsUFRrcFBRaTFQVGtWVFJFc3hNamszTFVwQlVFRk9SVUZUVkNJc0ltcHZZa3h2WTJGMGFXOXVJam9pYW1Gd1lXNWxZWE4wSW4wP2FwaS12ZXJzaW9uPTIwMTYtMDItMDE=",
      "RequestMethod": "GET",
      "RequestBody": "",
      "RequestHeaders": {
        "x-ms-version": [
          "2016-02-01"
        ],
        "User-Agent": [
          "Microsoft.Azure.Management.Resources.ResourceManagementClient/2.0.0.0"
        ]
      },
      "ResponseBody": "",
      "ResponseHeaders": {
        "Content-Length": [
          "0"
        ],
        "Expires": [
          "-1"
        ],
        "Pragma": [
          "no-cache"
        ],
        "Retry-After": [
          "15"
        ],
        "x-ms-ratelimit-remaining-subscription-reads": [
          "14981"
        ],
        "x-ms-request-id": [
          "bbda7ea4-065f-47f6-8065-63d7b8f32a93"
        ],
        "x-ms-correlation-request-id": [
          "bbda7ea4-065f-47f6-8065-63d7b8f32a93"
        ],
        "x-ms-routing-request-id": [
          "CENTRALUS:20170527T093308Z:bbda7ea4-065f-47f6-8065-63d7b8f32a93"
        ],
        "Strict-Transport-Security": [
          "max-age=31536000; includeSubDomains"
        ],
        "Cache-Control": [
          "no-cache"
        ],
        "Date": [
          "Sat, 27 May 2017 09:33:07 GMT"
        ],
        "Location": [
          "https://api-dogfood.resources.windows-int.net/subscriptions/b3ee3a7f-7614-4644-ad07-afa832620b4b/operationresults/eyJqb2JJZCI6IlJFU09VUkNFR1JPVVBERUxFVElPTkpPQi1PTkVTREsxMjk3LUpBUEFORUFTVCIsImpvYkxvY2F0aW9uIjoiamFwYW5lYXN0In0?api-version=2016-02-01"
        ]
      },
      "StatusCode": 202
    },
    {
      "RequestUri": "/subscriptions/b3ee3a7f-7614-4644-ad07-afa832620b4b/operationresults/eyJqb2JJZCI6IlJFU09VUkNFR1JPVVBERUxFVElPTkpPQi1PTkVTREsxMjk3LUpBUEFORUFTVCIsImpvYkxvY2F0aW9uIjoiamFwYW5lYXN0In0?api-version=2016-02-01",
      "EncodedRequestUri": "L3N1YnNjcmlwdGlvbnMvYjNlZTNhN2YtNzYxNC00NjQ0LWFkMDctYWZhODMyNjIwYjRiL29wZXJhdGlvbnJlc3VsdHMvZXlKcWIySkpaQ0k2SWxKRlUwOVZVa05GUjFKUFZWQkVSVXhGVkVsUFRrcFBRaTFQVGtWVFJFc3hNamszTFVwQlVFRk9SVUZUVkNJc0ltcHZZa3h2WTJGMGFXOXVJam9pYW1Gd1lXNWxZWE4wSW4wP2FwaS12ZXJzaW9uPTIwMTYtMDItMDE=",
      "RequestMethod": "GET",
      "RequestBody": "",
      "RequestHeaders": {
        "x-ms-version": [
          "2016-02-01"
        ],
        "User-Agent": [
          "Microsoft.Azure.Management.Resources.ResourceManagementClient/2.0.0.0"
        ]
      },
      "ResponseBody": "",
      "ResponseHeaders": {
        "Content-Length": [
          "0"
        ],
        "Expires": [
          "-1"
        ],
        "Pragma": [
          "no-cache"
        ],
        "Retry-After": [
          "15"
        ],
        "x-ms-ratelimit-remaining-subscription-reads": [
          "14980"
        ],
        "x-ms-request-id": [
          "9f88025d-c628-488a-b16e-08100666c111"
        ],
        "x-ms-correlation-request-id": [
          "9f88025d-c628-488a-b16e-08100666c111"
        ],
        "x-ms-routing-request-id": [
          "CENTRALUS:20170527T093324Z:9f88025d-c628-488a-b16e-08100666c111"
        ],
        "Strict-Transport-Security": [
          "max-age=31536000; includeSubDomains"
        ],
        "Cache-Control": [
          "no-cache"
        ],
        "Date": [
          "Sat, 27 May 2017 09:33:23 GMT"
        ],
        "Location": [
          "https://api-dogfood.resources.windows-int.net/subscriptions/b3ee3a7f-7614-4644-ad07-afa832620b4b/operationresults/eyJqb2JJZCI6IlJFU09VUkNFR1JPVVBERUxFVElPTkpPQi1PTkVTREsxMjk3LUpBUEFORUFTVCIsImpvYkxvY2F0aW9uIjoiamFwYW5lYXN0In0?api-version=2016-02-01"
        ]
      },
      "StatusCode": 202
    },
    {
      "RequestUri": "/subscriptions/b3ee3a7f-7614-4644-ad07-afa832620b4b/operationresults/eyJqb2JJZCI6IlJFU09VUkNFR1JPVVBERUxFVElPTkpPQi1PTkVTREsxMjk3LUpBUEFORUFTVCIsImpvYkxvY2F0aW9uIjoiamFwYW5lYXN0In0?api-version=2016-02-01",
      "EncodedRequestUri": "L3N1YnNjcmlwdGlvbnMvYjNlZTNhN2YtNzYxNC00NjQ0LWFkMDctYWZhODMyNjIwYjRiL29wZXJhdGlvbnJlc3VsdHMvZXlKcWIySkpaQ0k2SWxKRlUwOVZVa05GUjFKUFZWQkVSVXhGVkVsUFRrcFBRaTFQVGtWVFJFc3hNamszTFVwQlVFRk9SVUZUVkNJc0ltcHZZa3h2WTJGMGFXOXVJam9pYW1Gd1lXNWxZWE4wSW4wP2FwaS12ZXJzaW9uPTIwMTYtMDItMDE=",
      "RequestMethod": "GET",
      "RequestBody": "",
      "RequestHeaders": {
        "x-ms-version": [
          "2016-02-01"
        ],
        "User-Agent": [
          "Microsoft.Azure.Management.Resources.ResourceManagementClient/2.0.0.0"
        ]
      },
      "ResponseBody": "",
      "ResponseHeaders": {
        "Content-Length": [
          "0"
        ],
        "Expires": [
          "-1"
        ],
        "Pragma": [
          "no-cache"
        ],
        "Retry-After": [
          "15"
        ],
        "x-ms-ratelimit-remaining-subscription-reads": [
          "14979"
        ],
        "x-ms-request-id": [
          "aa75f8c5-cb0f-496a-8741-40450507750e"
        ],
        "x-ms-correlation-request-id": [
          "aa75f8c5-cb0f-496a-8741-40450507750e"
        ],
        "x-ms-routing-request-id": [
          "CENTRALUS:20170527T093339Z:aa75f8c5-cb0f-496a-8741-40450507750e"
        ],
        "Strict-Transport-Security": [
          "max-age=31536000; includeSubDomains"
        ],
        "Cache-Control": [
          "no-cache"
        ],
        "Date": [
          "Sat, 27 May 2017 09:33:39 GMT"
        ],
        "Location": [
          "https://api-dogfood.resources.windows-int.net/subscriptions/b3ee3a7f-7614-4644-ad07-afa832620b4b/operationresults/eyJqb2JJZCI6IlJFU09VUkNFR1JPVVBERUxFVElPTkpPQi1PTkVTREsxMjk3LUpBUEFORUFTVCIsImpvYkxvY2F0aW9uIjoiamFwYW5lYXN0In0?api-version=2016-02-01"
        ]
      },
      "StatusCode": 202
    },
    {
      "RequestUri": "/subscriptions/b3ee3a7f-7614-4644-ad07-afa832620b4b/operationresults/eyJqb2JJZCI6IlJFU09VUkNFR1JPVVBERUxFVElPTkpPQi1PTkVTREsxMjk3LUpBUEFORUFTVCIsImpvYkxvY2F0aW9uIjoiamFwYW5lYXN0In0?api-version=2016-02-01",
      "EncodedRequestUri": "L3N1YnNjcmlwdGlvbnMvYjNlZTNhN2YtNzYxNC00NjQ0LWFkMDctYWZhODMyNjIwYjRiL29wZXJhdGlvbnJlc3VsdHMvZXlKcWIySkpaQ0k2SWxKRlUwOVZVa05GUjFKUFZWQkVSVXhGVkVsUFRrcFBRaTFQVGtWVFJFc3hNamszTFVwQlVFRk9SVUZUVkNJc0ltcHZZa3h2WTJGMGFXOXVJam9pYW1Gd1lXNWxZWE4wSW4wP2FwaS12ZXJzaW9uPTIwMTYtMDItMDE=",
      "RequestMethod": "GET",
      "RequestBody": "",
      "RequestHeaders": {
        "x-ms-version": [
          "2016-02-01"
        ],
        "User-Agent": [
          "Microsoft.Azure.Management.Resources.ResourceManagementClient/2.0.0.0"
        ]
      },
      "ResponseBody": "",
      "ResponseHeaders": {
        "Content-Length": [
          "0"
        ],
        "Expires": [
          "-1"
        ],
        "Pragma": [
          "no-cache"
        ],
        "Retry-After": [
          "15"
        ],
        "x-ms-ratelimit-remaining-subscription-reads": [
          "14978"
        ],
        "x-ms-request-id": [
          "d4b6eae7-eb47-4dd3-88cc-1261540ef08b"
        ],
        "x-ms-correlation-request-id": [
          "d4b6eae7-eb47-4dd3-88cc-1261540ef08b"
        ],
        "x-ms-routing-request-id": [
          "CENTRALUS:20170527T093355Z:d4b6eae7-eb47-4dd3-88cc-1261540ef08b"
        ],
        "Strict-Transport-Security": [
          "max-age=31536000; includeSubDomains"
        ],
        "Cache-Control": [
          "no-cache"
        ],
        "Date": [
          "Sat, 27 May 2017 09:33:55 GMT"
        ],
        "Location": [
          "https://api-dogfood.resources.windows-int.net/subscriptions/b3ee3a7f-7614-4644-ad07-afa832620b4b/operationresults/eyJqb2JJZCI6IlJFU09VUkNFR1JPVVBERUxFVElPTkpPQi1PTkVTREsxMjk3LUpBUEFORUFTVCIsImpvYkxvY2F0aW9uIjoiamFwYW5lYXN0In0?api-version=2016-02-01"
        ]
      },
      "StatusCode": 202
    },
    {
      "RequestUri": "/subscriptions/b3ee3a7f-7614-4644-ad07-afa832620b4b/operationresults/eyJqb2JJZCI6IlJFU09VUkNFR1JPVVBERUxFVElPTkpPQi1PTkVTREsxMjk3LUpBUEFORUFTVCIsImpvYkxvY2F0aW9uIjoiamFwYW5lYXN0In0?api-version=2016-02-01",
      "EncodedRequestUri": "L3N1YnNjcmlwdGlvbnMvYjNlZTNhN2YtNzYxNC00NjQ0LWFkMDctYWZhODMyNjIwYjRiL29wZXJhdGlvbnJlc3VsdHMvZXlKcWIySkpaQ0k2SWxKRlUwOVZVa05GUjFKUFZWQkVSVXhGVkVsUFRrcFBRaTFQVGtWVFJFc3hNamszTFVwQlVFRk9SVUZUVkNJc0ltcHZZa3h2WTJGMGFXOXVJam9pYW1Gd1lXNWxZWE4wSW4wP2FwaS12ZXJzaW9uPTIwMTYtMDItMDE=",
      "RequestMethod": "GET",
      "RequestBody": "",
      "RequestHeaders": {
        "x-ms-version": [
          "2016-02-01"
        ],
        "User-Agent": [
          "Microsoft.Azure.Management.Resources.ResourceManagementClient/2.0.0.0"
        ]
      },
      "ResponseBody": "",
      "ResponseHeaders": {
        "Content-Length": [
          "0"
        ],
        "Expires": [
          "-1"
        ],
        "Pragma": [
          "no-cache"
        ],
        "Retry-After": [
          "15"
        ],
        "x-ms-ratelimit-remaining-subscription-reads": [
          "14977"
        ],
        "x-ms-request-id": [
          "7c2c035a-44c1-49e0-bdfc-8a2974462695"
        ],
        "x-ms-correlation-request-id": [
          "7c2c035a-44c1-49e0-bdfc-8a2974462695"
        ],
        "x-ms-routing-request-id": [
          "CENTRALUS:20170527T093411Z:7c2c035a-44c1-49e0-bdfc-8a2974462695"
        ],
        "Strict-Transport-Security": [
          "max-age=31536000; includeSubDomains"
        ],
        "Cache-Control": [
          "no-cache"
        ],
        "Date": [
          "Sat, 27 May 2017 09:34:10 GMT"
        ],
        "Location": [
          "https://api-dogfood.resources.windows-int.net/subscriptions/b3ee3a7f-7614-4644-ad07-afa832620b4b/operationresults/eyJqb2JJZCI6IlJFU09VUkNFR1JPVVBERUxFVElPTkpPQi1PTkVTREsxMjk3LUpBUEFORUFTVCIsImpvYkxvY2F0aW9uIjoiamFwYW5lYXN0In0?api-version=2016-02-01"
        ]
      },
      "StatusCode": 202
    },
    {
      "RequestUri": "/subscriptions/b3ee3a7f-7614-4644-ad07-afa832620b4b/operationresults/eyJqb2JJZCI6IlJFU09VUkNFR1JPVVBERUxFVElPTkpPQi1PTkVTREsxMjk3LUpBUEFORUFTVCIsImpvYkxvY2F0aW9uIjoiamFwYW5lYXN0In0?api-version=2016-02-01",
      "EncodedRequestUri": "L3N1YnNjcmlwdGlvbnMvYjNlZTNhN2YtNzYxNC00NjQ0LWFkMDctYWZhODMyNjIwYjRiL29wZXJhdGlvbnJlc3VsdHMvZXlKcWIySkpaQ0k2SWxKRlUwOVZVa05GUjFKUFZWQkVSVXhGVkVsUFRrcFBRaTFQVGtWVFJFc3hNamszTFVwQlVFRk9SVUZUVkNJc0ltcHZZa3h2WTJGMGFXOXVJam9pYW1Gd1lXNWxZWE4wSW4wP2FwaS12ZXJzaW9uPTIwMTYtMDItMDE=",
      "RequestMethod": "GET",
      "RequestBody": "",
      "RequestHeaders": {
        "x-ms-version": [
          "2016-02-01"
        ],
        "User-Agent": [
          "Microsoft.Azure.Management.Resources.ResourceManagementClient/2.0.0.0"
        ]
      },
      "ResponseBody": "",
      "ResponseHeaders": {
        "Content-Length": [
          "0"
        ],
        "Expires": [
          "-1"
        ],
        "Pragma": [
          "no-cache"
        ],
        "Retry-After": [
          "15"
        ],
        "x-ms-ratelimit-remaining-subscription-reads": [
          "14976"
        ],
        "x-ms-request-id": [
          "acd1a978-5174-42da-bdb4-3a51056a2865"
        ],
        "x-ms-correlation-request-id": [
          "acd1a978-5174-42da-bdb4-3a51056a2865"
        ],
        "x-ms-routing-request-id": [
          "CENTRALUS:20170527T093426Z:acd1a978-5174-42da-bdb4-3a51056a2865"
        ],
        "Strict-Transport-Security": [
          "max-age=31536000; includeSubDomains"
        ],
        "Cache-Control": [
          "no-cache"
        ],
        "Date": [
          "Sat, 27 May 2017 09:34:25 GMT"
        ],
        "Location": [
          "https://api-dogfood.resources.windows-int.net/subscriptions/b3ee3a7f-7614-4644-ad07-afa832620b4b/operationresults/eyJqb2JJZCI6IlJFU09VUkNFR1JPVVBERUxFVElPTkpPQi1PTkVTREsxMjk3LUpBUEFORUFTVCIsImpvYkxvY2F0aW9uIjoiamFwYW5lYXN0In0?api-version=2016-02-01"
        ]
      },
      "StatusCode": 202
    },
    {
      "RequestUri": "/subscriptions/b3ee3a7f-7614-4644-ad07-afa832620b4b/operationresults/eyJqb2JJZCI6IlJFU09VUkNFR1JPVVBERUxFVElPTkpPQi1PTkVTREsxMjk3LUpBUEFORUFTVCIsImpvYkxvY2F0aW9uIjoiamFwYW5lYXN0In0?api-version=2016-02-01",
      "EncodedRequestUri": "L3N1YnNjcmlwdGlvbnMvYjNlZTNhN2YtNzYxNC00NjQ0LWFkMDctYWZhODMyNjIwYjRiL29wZXJhdGlvbnJlc3VsdHMvZXlKcWIySkpaQ0k2SWxKRlUwOVZVa05GUjFKUFZWQkVSVXhGVkVsUFRrcFBRaTFQVGtWVFJFc3hNamszTFVwQlVFRk9SVUZUVkNJc0ltcHZZa3h2WTJGMGFXOXVJam9pYW1Gd1lXNWxZWE4wSW4wP2FwaS12ZXJzaW9uPTIwMTYtMDItMDE=",
      "RequestMethod": "GET",
      "RequestBody": "",
      "RequestHeaders": {
        "x-ms-version": [
          "2016-02-01"
        ],
        "User-Agent": [
          "Microsoft.Azure.Management.Resources.ResourceManagementClient/2.0.0.0"
        ]
      },
      "ResponseBody": "",
      "ResponseHeaders": {
        "Content-Length": [
          "0"
        ],
        "Expires": [
          "-1"
        ],
        "Pragma": [
          "no-cache"
        ],
        "x-ms-ratelimit-remaining-subscription-reads": [
          "14975"
        ],
        "x-ms-request-id": [
          "cc9e2e9c-b982-4224-9dad-d06e2d848f0e"
        ],
        "x-ms-correlation-request-id": [
          "cc9e2e9c-b982-4224-9dad-d06e2d848f0e"
        ],
        "x-ms-routing-request-id": [
          "CENTRALUS:20170527T093442Z:cc9e2e9c-b982-4224-9dad-d06e2d848f0e"
        ],
        "Strict-Transport-Security": [
          "max-age=31536000; includeSubDomains"
        ],
        "Cache-Control": [
          "no-cache"
        ],
        "Date": [
          "Sat, 27 May 2017 09:34:42 GMT"
        ]
      },
      "StatusCode": 200
    }
  ],
  "Names": {
    "Test-CrudSyncAgent": [
      "onesdk1297",
      "onesdk6400",
      "onesdk1066",
      "onesdk1655"
    ]
  },
  "Variables": {
    "SubscriptionId": "b3ee3a7f-7614-4644-ad07-afa832620b4b",
    "User": "fangl@microsoft.com",
    "TenantId": "f686d426-8d16-42db-81b7-ab578e110ccd"
  }
}