{
  "Entries": [
    {
      "RequestUri": "/subscriptions/4d368445-cbb1-42a7-97a6-6850ab99f48e/resourcegroups/pstestrg91?api-version=2014-04-01-preview",
      "EncodedRequestUri": "L3N1YnNjcmlwdGlvbnMvNGQzNjg0NDUtY2JiMS00MmE3LTk3YTYtNjg1MGFiOTlmNDhlL3Jlc291cmNlZ3JvdXBzL3BzdGVzdHJnOTE/YXBpLXZlcnNpb249MjAxNC0wNC0wMS1wcmV2aWV3",
      "RequestMethod": "HEAD",
      "RequestBody": "",
      "RequestHeaders": {
        "User-Agent": [
          "Microsoft.Azure.Management.Resources.ResourceManagementClient/2.0.0.0"
        ]
      },
      "ResponseBody": "",
      "ResponseHeaders": {
        "Content-Length": [
          "102"
        ],
        "Content-Type": [
          "application/json; charset=utf-8"
        ],
        "Expires": [
          "-1"
        ],
        "Pragma": [
          "no-cache"
        ],
        "x-ms-failure-cause": [
          "gateway"
        ],
        "x-ms-ratelimit-remaining-subscription-reads": [
          "31944"
        ],
        "x-ms-request-id": [
          "1f3b8161-2467-4300-aaec-f493743f2a21"
        ],
        "x-ms-correlation-request-id": [
          "1f3b8161-2467-4300-aaec-f493743f2a21"
        ],
        "x-ms-routing-request-id": [
          "NORTHCENTRALUS:20150426T010240Z:1f3b8161-2467-4300-aaec-f493743f2a21"
        ],
        "Strict-Transport-Security": [
          "max-age=31536000; includeSubDomains"
        ],
        "Cache-Control": [
          "no-cache"
        ],
        "Date": [
          "Sun, 26 Apr 2015 01:02:40 GMT"
        ]
      },
      "StatusCode": 404
    },
    {
      "RequestUri": "/subscriptions/4d368445-cbb1-42a7-97a6-6850ab99f48e/resourcegroups/pstestrg91?api-version=2014-04-01-preview",
      "EncodedRequestUri": "L3N1YnNjcmlwdGlvbnMvNGQzNjg0NDUtY2JiMS00MmE3LTk3YTYtNjg1MGFiOTlmNDhlL3Jlc291cmNlZ3JvdXBzL3BzdGVzdHJnOTE/YXBpLXZlcnNpb249MjAxNC0wNC0wMS1wcmV2aWV3",
      "RequestMethod": "HEAD",
      "RequestBody": "",
      "RequestHeaders": {
        "User-Agent": [
          "Microsoft.Azure.Management.Resources.ResourceManagementClient/2.0.0.0"
        ]
      },
      "ResponseBody": "",
      "ResponseHeaders": {
        "Content-Length": [
          "0"
        ],
        "Expires": [
          "-1"
        ],
        "Pragma": [
          "no-cache"
        ],
        "x-ms-ratelimit-remaining-subscription-reads": [
          "31940"
        ],
        "x-ms-request-id": [
          "84b7598f-d9ac-4c7b-acf6-863b5c0999ac"
        ],
        "x-ms-correlation-request-id": [
          "84b7598f-d9ac-4c7b-acf6-863b5c0999ac"
        ],
        "x-ms-routing-request-id": [
          "NORTHCENTRALUS:20150426T010415Z:84b7598f-d9ac-4c7b-acf6-863b5c0999ac"
        ],
        "Strict-Transport-Security": [
          "max-age=31536000; includeSubDomains"
        ],
        "Cache-Control": [
          "no-cache"
        ],
        "Date": [
          "Sun, 26 Apr 2015 01:04:14 GMT"
        ]
      },
      "StatusCode": 204
    },
    {
      "RequestUri": "/subscriptions/4d368445-cbb1-42a7-97a6-6850ab99f48e/resourcegroups/pstestrg91?api-version=2014-04-01-preview",
      "EncodedRequestUri": "L3N1YnNjcmlwdGlvbnMvNGQzNjg0NDUtY2JiMS00MmE3LTk3YTYtNjg1MGFiOTlmNDhlL3Jlc291cmNlZ3JvdXBzL3BzdGVzdHJnOTE/YXBpLXZlcnNpb249MjAxNC0wNC0wMS1wcmV2aWV3",
      "RequestMethod": "PUT",
      "RequestBody": "{\r\n  \"location\": \"eastasia\"\r\n}",
      "RequestHeaders": {
        "Content-Type": [
          "application/json; charset=utf-8"
        ],
        "Content-Length": [
          "30"
        ],
        "User-Agent": [
          "Microsoft.Azure.Management.Resources.ResourceManagementClient/2.0.0.0"
        ]
      },
      "ResponseBody": "{\r\n  \"id\": \"/subscriptions/4d368445-cbb1-42a7-97a6-6850ab99f48e/resourceGroups/pstestrg91\",\r\n  \"name\": \"pstestrg91\",\r\n  \"location\": \"eastasia\",\r\n  \"properties\": {\r\n    \"provisioningState\": \"Succeeded\"\r\n  }\r\n}",
      "ResponseHeaders": {
        "Content-Length": [
          "175"
        ],
        "Content-Type": [
          "application/json; charset=utf-8"
        ],
        "Expires": [
          "-1"
        ],
        "Pragma": [
          "no-cache"
        ],
        "x-ms-ratelimit-remaining-subscription-writes": [
          "1196"
        ],
        "x-ms-request-id": [
          "98eade78-dd8f-498f-8e1b-2394e34311fc"
        ],
        "x-ms-correlation-request-id": [
          "98eade78-dd8f-498f-8e1b-2394e34311fc"
        ],
        "x-ms-routing-request-id": [
          "NORTHCENTRALUS:20150426T010243Z:98eade78-dd8f-498f-8e1b-2394e34311fc"
        ],
        "Strict-Transport-Security": [
          "max-age=31536000; includeSubDomains"
        ],
        "Cache-Control": [
          "no-cache"
        ],
        "Date": [
          "Sun, 26 Apr 2015 01:02:42 GMT"
        ]
      },
      "StatusCode": 201
    },
    {
      "RequestUri": "/subscriptions/4d368445-cbb1-42a7-97a6-6850ab99f48e/resourceGroups/pstestrg91/resources?api-version=2014-04-01-preview",
      "EncodedRequestUri": "L3N1YnNjcmlwdGlvbnMvNGQzNjg0NDUtY2JiMS00MmE3LTk3YTYtNjg1MGFiOTlmNDhlL3Jlc291cmNlR3JvdXBzL3BzdGVzdHJnOTEvcmVzb3VyY2VzP2FwaS12ZXJzaW9uPTIwMTQtMDQtMDEtcHJldmlldw==",
      "RequestMethod": "GET",
      "RequestBody": "",
      "RequestHeaders": {
        "User-Agent": [
          "Microsoft.Azure.Management.Resources.ResourceManagementClient/2.0.0.0"
        ]
      },
      "ResponseBody": "{\r\n  \"value\": []\r\n}",
      "ResponseHeaders": {
        "Content-Length": [
          "12"
        ],
        "Content-Type": [
          "application/json; charset=utf-8"
        ],
        "Expires": [
          "-1"
        ],
        "Pragma": [
          "no-cache"
        ],
        "x-ms-ratelimit-remaining-subscription-reads": [
          "31943"
        ],
        "x-ms-request-id": [
          "a741bf4e-3583-4926-addc-a7a8da0fdb9e"
        ],
        "x-ms-correlation-request-id": [
          "a741bf4e-3583-4926-addc-a7a8da0fdb9e"
        ],
        "x-ms-routing-request-id": [
          "NORTHCENTRALUS:20150426T010243Z:a741bf4e-3583-4926-addc-a7a8da0fdb9e"
        ],
        "Strict-Transport-Security": [
          "max-age=31536000; includeSubDomains"
        ],
        "Cache-Control": [
          "no-cache"
        ],
        "Date": [
          "Sun, 26 Apr 2015 01:02:42 GMT"
        ]
      },
      "StatusCode": 200
    },
    {
      "RequestUri": "/subscriptions/4d368445-cbb1-42a7-97a6-6850ab99f48e/resourcegroups/pstestrg91/providers/Microsoft.Authorization/permissions?api-version=2014-07-01-preview",
      "EncodedRequestUri": "L3N1YnNjcmlwdGlvbnMvNGQzNjg0NDUtY2JiMS00MmE3LTk3YTYtNjg1MGFiOTlmNDhlL3Jlc291cmNlZ3JvdXBzL3BzdGVzdHJnOTEvcHJvdmlkZXJzL01pY3Jvc29mdC5BdXRob3JpemF0aW9uL3Blcm1pc3Npb25zP2FwaS12ZXJzaW9uPTIwMTQtMDctMDEtcHJldmlldw==",
      "RequestMethod": "GET",
      "RequestBody": "",
      "RequestHeaders": {
        "User-Agent": [
          "Microsoft.Azure.Management.Authorization.AuthorizationManagementClient/0.9.0.0"
        ]
      },
      "ResponseBody": "{\r\n  \"value\": [\r\n    {\r\n      \"actions\": [\r\n        \"*\"\r\n      ],\r\n      \"notActions\": []\r\n    }\r\n  ]\r\n}",
      "ResponseHeaders": {
        "Content-Length": [
          "45"
        ],
        "Content-Type": [
          "application/json; charset=utf-8"
        ],
        "Expires": [
          "-1"
        ],
        "Pragma": [
          "no-cache"
        ],
        "Vary": [
          "Accept-Encoding"
        ],
        "x-ms-request-id": [
          "northcentralus:d20f0b6b-0262-444a-ae6d-6b594a7a1543"
        ],
        "x-ms-ratelimit-remaining-subscription-reads": [
          "31965"
        ],
        "x-ms-correlation-request-id": [
          "7ecfb0dc-cca4-4b00-80aa-729a4d29fe8a"
        ],
        "x-ms-routing-request-id": [
          "NORTHCENTRALUS:20150426T010244Z:7ecfb0dc-cca4-4b00-80aa-729a4d29fe8a"
        ],
        "Strict-Transport-Security": [
          "max-age=31536000; includeSubDomains"
        ],
        "Cache-Control": [
          "no-cache"
        ],
        "Date": [
          "Sun, 26 Apr 2015 01:02:43 GMT"
        ]
      },
      "StatusCode": 200
    },
    {
      "RequestUri": "/subscriptions/4d368445-cbb1-42a7-97a6-6850ab99f48e/resourceGroups/pstestrg91/providers/Microsoft.Network/virtualnetworks/vnetpstestrg91?api-version=2015-05-01-preview",
      "EncodedRequestUri": "L3N1YnNjcmlwdGlvbnMvNGQzNjg0NDUtY2JiMS00MmE3LTk3YTYtNjg1MGFiOTlmNDhlL3Jlc291cmNlR3JvdXBzL3BzdGVzdHJnOTEvcHJvdmlkZXJzL01pY3Jvc29mdC5OZXR3b3JrL3ZpcnR1YWxuZXR3b3Jrcy92bmV0cHN0ZXN0cmc5MT9hcGktdmVyc2lvbj0yMDE1LTA1LTAxLXByZXZpZXc=",
      "RequestMethod": "GET",
      "RequestBody": "",
      "RequestHeaders": {
        "User-Agent": [
          "Microsoft.Azure.Management.Network.NetworkResourceProviderClient/2.0.0.0"
        ]
      },
      "ResponseBody": "{\r\n  \"error\": {\r\n    \"code\": \"ResourceNotFound\",\r\n    \"message\": \"Resource not found.\"\r\n  }\r\n}",
      "ResponseHeaders": {
        "Content-Length": [
          "69"
        ],
        "Content-Type": [
          "application/json; charset=utf-8"
        ],
        "Expires": [
          "-1"
        ],
        "Pragma": [
          "no-cache"
        ],
        "x-ms-failure-cause": [
          "gateway"
        ],
        "x-ms-request-id": [
          "bb41376b-c52d-45ad-afe8-3dc5ce158330"
        ],
        "x-ms-correlation-request-id": [
          "bb41376b-c52d-45ad-afe8-3dc5ce158330"
        ],
        "x-ms-routing-request-id": [
          "NORTHCENTRALUS:20150426T010245Z:bb41376b-c52d-45ad-afe8-3dc5ce158330"
        ],
        "Strict-Transport-Security": [
          "max-age=31536000; includeSubDomains"
        ],
        "Cache-Control": [
          "no-cache"
        ],
        "Date": [
          "Sun, 26 Apr 2015 01:02:45 GMT"
        ]
      },
      "StatusCode": 404
    },
    {
      "RequestUri": "/subscriptions/4d368445-cbb1-42a7-97a6-6850ab99f48e/resourceGroups/pstestrg91/providers/Microsoft.Network/virtualnetworks/vnetpstestrg91?api-version=2015-05-01-preview",
      "EncodedRequestUri": "L3N1YnNjcmlwdGlvbnMvNGQzNjg0NDUtY2JiMS00MmE3LTk3YTYtNjg1MGFiOTlmNDhlL3Jlc291cmNlR3JvdXBzL3BzdGVzdHJnOTEvcHJvdmlkZXJzL01pY3Jvc29mdC5OZXR3b3JrL3ZpcnR1YWxuZXR3b3Jrcy92bmV0cHN0ZXN0cmc5MT9hcGktdmVyc2lvbj0yMDE1LTA1LTAxLXByZXZpZXc=",
      "RequestMethod": "GET",
      "RequestBody": "",
      "RequestHeaders": {
        "User-Agent": [
          "Microsoft.Azure.Management.Network.NetworkResourceProviderClient/2.0.0.0"
        ]
      },
      "ResponseBody": "{\r\n  \"name\": \"vnetpstestrg91\",\r\n  \"id\": \"/subscriptions/4d368445-cbb1-42a7-97a6-6850ab99f48e/resourceGroups/pstestrg91/providers/Microsoft.Network/virtualNetworks/vnetpstestrg91\",\r\n  \"etag\": \"W/\\\"3dcf4c52-afe2-4213-a283-2fd855c8f779\\\"\",\r\n  \"properties\": {\r\n    \"provisioningState\": \"Succeeded\",\r\n    \"addressSpace\": {\r\n      \"addressPrefixes\": [\r\n        \"10.0.0.0/16\"\r\n      ]\r\n    },\r\n    \"dhcpOptions\": {\r\n      \"dnsServers\": [\r\n        \"10.1.1.1\"\r\n      ]\r\n    },\r\n    \"subnets\": [\r\n      {\r\n        \"name\": \"subnetpstestrg91\",\r\n        \"id\": \"/subscriptions/4d368445-cbb1-42a7-97a6-6850ab99f48e/resourceGroups/pstestrg91/providers/Microsoft.Network/virtualNetworks/vnetpstestrg91/subnets/subnetpstestrg91\",\r\n        \"etag\": \"W/\\\"3dcf4c52-afe2-4213-a283-2fd855c8f779\\\"\",\r\n        \"properties\": {\r\n          \"provisioningState\": \"Succeeded\",\r\n          \"addressPrefix\": \"10.0.0.0/24\"\r\n        }\r\n      }\r\n    ]\r\n  },\r\n  \"location\": \"eastasia\"\r\n}",
      "ResponseHeaders": {
        "Content-Length": [
          "948"
        ],
        "Content-Type": [
          "application/json; charset=utf-8"
        ],
        "Expires": [
          "-1"
        ],
        "Pragma": [
          "no-cache"
        ],
        "x-ms-request-id": [
          "db7c98db-f9cf-480a-9814-d184d412ec2b"
        ],
        "Strict-Transport-Security": [
          "max-age=31536000; includeSubDomains"
        ],
        "Cache-Control": [
          "no-cache"
        ],
        "ETag": [
          "W/\"3dcf4c52-afe2-4213-a283-2fd855c8f779\""
        ],
        "Server": [
          "Microsoft-HTTPAPI/2.0",
          "Microsoft-HTTPAPI/2.0"
        ],
        "x-ms-ratelimit-remaining-subscription-reads": [
          "31972"
        ],
        "x-ms-correlation-request-id": [
          "ac2acf8a-2467-4a32-b6b9-ed7dd230a7ba"
        ],
        "x-ms-routing-request-id": [
          "NORTHCENTRALUS:20150426T010304Z:ac2acf8a-2467-4a32-b6b9-ed7dd230a7ba"
        ],
        "Date": [
          "Sun, 26 Apr 2015 01:03:03 GMT"
        ]
      },
      "StatusCode": 200
    },
    {
      "RequestUri": "/subscriptions/4d368445-cbb1-42a7-97a6-6850ab99f48e/resourceGroups/pstestrg91/providers/Microsoft.Network/virtualnetworks/vnetpstestrg91?api-version=2015-05-01-preview",
      "EncodedRequestUri": "L3N1YnNjcmlwdGlvbnMvNGQzNjg0NDUtY2JiMS00MmE3LTk3YTYtNjg1MGFiOTlmNDhlL3Jlc291cmNlR3JvdXBzL3BzdGVzdHJnOTEvcHJvdmlkZXJzL01pY3Jvc29mdC5OZXR3b3JrL3ZpcnR1YWxuZXR3b3Jrcy92bmV0cHN0ZXN0cmc5MT9hcGktdmVyc2lvbj0yMDE1LTA1LTAxLXByZXZpZXc=",
      "RequestMethod": "GET",
      "RequestBody": "",
      "RequestHeaders": {
        "User-Agent": [
          "Microsoft.Azure.Management.Network.NetworkResourceProviderClient/2.0.0.0"
        ]
      },
      "ResponseBody": "{\r\n  \"name\": \"vnetpstestrg91\",\r\n  \"id\": \"/subscriptions/4d368445-cbb1-42a7-97a6-6850ab99f48e/resourceGroups/pstestrg91/providers/Microsoft.Network/virtualNetworks/vnetpstestrg91\",\r\n  \"etag\": \"W/\\\"3dcf4c52-afe2-4213-a283-2fd855c8f779\\\"\",\r\n  \"properties\": {\r\n    \"provisioningState\": \"Succeeded\",\r\n    \"addressSpace\": {\r\n      \"addressPrefixes\": [\r\n        \"10.0.0.0/16\"\r\n      ]\r\n    },\r\n    \"dhcpOptions\": {\r\n      \"dnsServers\": [\r\n        \"10.1.1.1\"\r\n      ]\r\n    },\r\n    \"subnets\": [\r\n      {\r\n        \"name\": \"subnetpstestrg91\",\r\n        \"id\": \"/subscriptions/4d368445-cbb1-42a7-97a6-6850ab99f48e/resourceGroups/pstestrg91/providers/Microsoft.Network/virtualNetworks/vnetpstestrg91/subnets/subnetpstestrg91\",\r\n        \"etag\": \"W/\\\"3dcf4c52-afe2-4213-a283-2fd855c8f779\\\"\",\r\n        \"properties\": {\r\n          \"provisioningState\": \"Succeeded\",\r\n          \"addressPrefix\": \"10.0.0.0/24\"\r\n        }\r\n      }\r\n    ]\r\n  },\r\n  \"location\": \"eastasia\"\r\n}",
      "ResponseHeaders": {
        "Content-Length": [
          "948"
        ],
        "Content-Type": [
          "application/json; charset=utf-8"
        ],
        "Expires": [
          "-1"
        ],
        "Pragma": [
          "no-cache"
        ],
        "x-ms-request-id": [
          "1260b7ab-845f-4751-b82b-6c97bd18d720"
        ],
        "Strict-Transport-Security": [
          "max-age=31536000; includeSubDomains"
        ],
        "Cache-Control": [
          "no-cache"
        ],
        "ETag": [
          "W/\"3dcf4c52-afe2-4213-a283-2fd855c8f779\""
        ],
        "Server": [
          "Microsoft-HTTPAPI/2.0",
          "Microsoft-HTTPAPI/2.0"
        ],
        "x-ms-ratelimit-remaining-subscription-reads": [
          "31971"
        ],
        "x-ms-correlation-request-id": [
          "eea9006d-9080-4a5f-9d1e-a8874d8821be"
        ],
        "x-ms-routing-request-id": [
          "NORTHCENTRALUS:20150426T010304Z:eea9006d-9080-4a5f-9d1e-a8874d8821be"
        ],
        "Date": [
          "Sun, 26 Apr 2015 01:03:04 GMT"
        ]
      },
      "StatusCode": 200
    },
    {
      "RequestUri": "/subscriptions/4d368445-cbb1-42a7-97a6-6850ab99f48e/resourceGroups/pstestrg91/providers/Microsoft.Network/virtualnetworks/vnetpstestrg91?api-version=2015-05-01-preview",
      "EncodedRequestUri": "L3N1YnNjcmlwdGlvbnMvNGQzNjg0NDUtY2JiMS00MmE3LTk3YTYtNjg1MGFiOTlmNDhlL3Jlc291cmNlR3JvdXBzL3BzdGVzdHJnOTEvcHJvdmlkZXJzL01pY3Jvc29mdC5OZXR3b3JrL3ZpcnR1YWxuZXR3b3Jrcy92bmV0cHN0ZXN0cmc5MT9hcGktdmVyc2lvbj0yMDE1LTA1LTAxLXByZXZpZXc=",
      "RequestMethod": "PUT",
      "RequestBody": "{\r\n  \"properties\": {\r\n    \"addressSpace\": {\r\n      \"addressPrefixes\": [\r\n        \"10.0.0.0/16\"\r\n      ]\r\n    },\r\n    \"dhcpOptions\": {\r\n      \"dnsServers\": [\r\n        \"10.1.1.1\"\r\n      ]\r\n    },\r\n    \"subnets\": [\r\n      {\r\n        \"properties\": {\r\n          \"addressPrefix\": \"10.0.0.0/24\",\r\n          \"ipConfigurations\": []\r\n        },\r\n        \"name\": \"subnetpstestrg91\"\r\n      }\r\n    ]\r\n  },\r\n  \"name\": \"vnetpstestrg91\",\r\n  \"type\": \"microsoft.network/virtualNetworks\",\r\n  \"location\": \"eastasia\"\r\n}",
      "RequestHeaders": {
        "Content-Type": [
          "application/json"
        ],
        "Content-Length": [
          "498"
        ],
        "User-Agent": [
          "Microsoft.Azure.Management.Network.NetworkResourceProviderClient/2.0.0.0"
        ]
      },
      "ResponseBody": "{\r\n  \"name\": \"vnetpstestrg91\",\r\n  \"id\": \"/subscriptions/4d368445-cbb1-42a7-97a6-6850ab99f48e/resourceGroups/pstestrg91/providers/Microsoft.Network/virtualNetworks/vnetpstestrg91\",\r\n  \"etag\": \"W/\\\"9d8f424e-4593-4252-b934-c87d00134fca\\\"\",\r\n  \"properties\": {\r\n    \"provisioningState\": \"Updating\",\r\n    \"addressSpace\": {\r\n      \"addressPrefixes\": [\r\n        \"10.0.0.0/16\"\r\n      ]\r\n    },\r\n    \"dhcpOptions\": {\r\n      \"dnsServers\": [\r\n        \"10.1.1.1\"\r\n      ]\r\n    },\r\n    \"subnets\": [\r\n      {\r\n        \"name\": \"subnetpstestrg91\",\r\n        \"id\": \"/subscriptions/4d368445-cbb1-42a7-97a6-6850ab99f48e/resourceGroups/pstestrg91/providers/Microsoft.Network/virtualNetworks/vnetpstestrg91/subnets/subnetpstestrg91\",\r\n        \"etag\": \"W/\\\"9d8f424e-4593-4252-b934-c87d00134fca\\\"\",\r\n        \"properties\": {\r\n          \"provisioningState\": \"Updating\",\r\n          \"addressPrefix\": \"10.0.0.0/24\"\r\n        }\r\n      }\r\n    ]\r\n  },\r\n  \"location\": \"eastasia\"\r\n}",
      "ResponseHeaders": {
        "Content-Length": [
          "946"
        ],
        "Content-Type": [
          "application/json; charset=utf-8"
        ],
        "Expires": [
          "-1"
        ],
        "Pragma": [
          "no-cache"
        ],
        "Retry-After": [
          "10"
        ],
        "x-ms-request-id": [
          "ee1d110b-eed9-4c3b-8e49-f8e0ad90e813"
        ],
        "Azure-AsyncOperation": [
          "https://management.azure.com/subscriptions/4d368445-cbb1-42a7-97a6-6850ab99f48e/providers/Microsoft.Network/locations/westus/operations/ee1d110b-eed9-4c3b-8e49-f8e0ad90e813?api-version=2015-05-01-preview"
        ],
        "Strict-Transport-Security": [
          "max-age=31536000; includeSubDomains"
        ],
        "Cache-Control": [
          "no-cache"
        ],
        "Server": [
          "Microsoft-HTTPAPI/2.0",
          "Microsoft-HTTPAPI/2.0"
        ],
        "x-ms-ratelimit-remaining-subscription-writes": [
          "1198"
        ],
        "x-ms-correlation-request-id": [
          "1c86500d-9fc2-43ee-9744-be3315d18315"
        ],
        "x-ms-routing-request-id": [
          "NORTHCENTRALUS:20150426T010252Z:1c86500d-9fc2-43ee-9744-be3315d18315"
        ],
        "Date": [
          "Sun, 26 Apr 2015 01:02:51 GMT"
        ]
      },
      "StatusCode": 201
    },
    {
      "RequestUri": "/subscriptions/4d368445-cbb1-42a7-97a6-6850ab99f48e/providers/Microsoft.Network/locations/westus/operations/ee1d110b-eed9-4c3b-8e49-f8e0ad90e813?api-version=2015-05-01-preview",
      "EncodedRequestUri": "L3N1YnNjcmlwdGlvbnMvNGQzNjg0NDUtY2JiMS00MmE3LTk3YTYtNjg1MGFiOTlmNDhlL3Byb3ZpZGVycy9NaWNyb3NvZnQuTmV0d29yay9sb2NhdGlvbnMvd2VzdHVzL29wZXJhdGlvbnMvZWUxZDExMGItZWVkOS00YzNiLThlNDktZjhlMGFkOTBlODEzP2FwaS12ZXJzaW9uPTIwMTUtMDUtMDEtcHJldmlldw==",
      "RequestMethod": "GET",
      "RequestBody": "",
      "RequestHeaders": {
        "x-ms-version": [
          "2015-05-01-preview"
        ],
        "User-Agent": [
          "Microsoft.Azure.Management.Network.NetworkResourceProviderClient/2.0.0.0"
        ]
      },
      "ResponseBody": "{\r\n  \"status\": \"InProgress\"\r\n}",
      "ResponseHeaders": {
        "Content-Length": [
          "30"
        ],
        "Content-Type": [
          "application/json; charset=utf-8"
        ],
        "Expires": [
          "-1"
        ],
        "Pragma": [
          "no-cache"
        ],
        "x-ms-request-id": [
          "2e929b09-1976-4cbb-9ef3-385c042d1101"
        ],
        "Strict-Transport-Security": [
          "max-age=31536000; includeSubDomains"
        ],
        "Cache-Control": [
          "no-cache"
        ],
        "Server": [
          "Microsoft-HTTPAPI/2.0",
          "Microsoft-HTTPAPI/2.0"
        ],
        "x-ms-ratelimit-remaining-subscription-reads": [
          "31974"
        ],
        "x-ms-correlation-request-id": [
          "4c0f8ce2-38b0-479a-988b-61ab468072fb"
        ],
        "x-ms-routing-request-id": [
          "NORTHCENTRALUS:20150426T010253Z:4c0f8ce2-38b0-479a-988b-61ab468072fb"
        ],
        "Date": [
          "Sun, 26 Apr 2015 01:02:52 GMT"
        ]
      },
      "StatusCode": 200
    },
    {
      "RequestUri": "/subscriptions/4d368445-cbb1-42a7-97a6-6850ab99f48e/providers/Microsoft.Network/locations/westus/operations/ee1d110b-eed9-4c3b-8e49-f8e0ad90e813?api-version=2015-05-01-preview",
      "EncodedRequestUri": "L3N1YnNjcmlwdGlvbnMvNGQzNjg0NDUtY2JiMS00MmE3LTk3YTYtNjg1MGFiOTlmNDhlL3Byb3ZpZGVycy9NaWNyb3NvZnQuTmV0d29yay9sb2NhdGlvbnMvd2VzdHVzL29wZXJhdGlvbnMvZWUxZDExMGItZWVkOS00YzNiLThlNDktZjhlMGFkOTBlODEzP2FwaS12ZXJzaW9uPTIwMTUtMDUtMDEtcHJldmlldw==",
      "RequestMethod": "GET",
      "RequestBody": "",
      "RequestHeaders": {
        "x-ms-version": [
          "2015-05-01-preview"
        ],
        "User-Agent": [
          "Microsoft.Azure.Management.Network.NetworkResourceProviderClient/2.0.0.0"
        ]
      },
      "ResponseBody": "{\r\n  \"status\": \"Succeeded\"\r\n}",
      "ResponseHeaders": {
        "Content-Length": [
          "29"
        ],
        "Content-Type": [
          "application/json; charset=utf-8"
        ],
        "Expires": [
          "-1"
        ],
        "Pragma": [
          "no-cache"
        ],
        "x-ms-request-id": [
          "5d42aed8-7e0f-4756-bd93-0842e2e20dfc"
        ],
        "Strict-Transport-Security": [
          "max-age=31536000; includeSubDomains"
        ],
        "Cache-Control": [
          "no-cache"
        ],
        "Server": [
          "Microsoft-HTTPAPI/2.0",
          "Microsoft-HTTPAPI/2.0"
        ],
        "x-ms-ratelimit-remaining-subscription-reads": [
          "31973"
        ],
        "x-ms-correlation-request-id": [
          "c225e0c6-2e5a-4d44-ae9d-bedc0edbb794"
        ],
        "x-ms-routing-request-id": [
          "NORTHCENTRALUS:20150426T010304Z:c225e0c6-2e5a-4d44-ae9d-bedc0edbb794"
        ],
        "Date": [
          "Sun, 26 Apr 2015 01:03:03 GMT"
        ]
      },
      "StatusCode": 200
    },
    {
      "RequestUri": "/subscriptions/4d368445-cbb1-42a7-97a6-6850ab99f48e/resourceGroups/pstestrg91/providers/Microsoft.Network/publicIPAddresses/pubippstestrg91/?api-version=2015-05-01-preview",
      "EncodedRequestUri": "L3N1YnNjcmlwdGlvbnMvNGQzNjg0NDUtY2JiMS00MmE3LTk3YTYtNjg1MGFiOTlmNDhlL3Jlc291cmNlR3JvdXBzL3BzdGVzdHJnOTEvcHJvdmlkZXJzL01pY3Jvc29mdC5OZXR3b3JrL3B1YmxpY0lQQWRkcmVzc2VzL3B1YmlwcHN0ZXN0cmc5MS8/YXBpLXZlcnNpb249MjAxNS0wNS0wMS1wcmV2aWV3",
      "RequestMethod": "GET",
      "RequestBody": "",
      "RequestHeaders": {
        "User-Agent": [
          "Microsoft.Azure.Management.Network.NetworkResourceProviderClient/2.0.0.0"
        ]
      },
      "ResponseBody": "{\r\n  \"error\": {\r\n    \"code\": \"ResourceNotFound\",\r\n    \"message\": \"Resource not found.\"\r\n  }\r\n}",
      "ResponseHeaders": {
        "Content-Length": [
          "69"
        ],
        "Content-Type": [
          "application/json; charset=utf-8"
        ],
        "Expires": [
          "-1"
        ],
        "Pragma": [
          "no-cache"
        ],
        "x-ms-failure-cause": [
          "gateway"
        ],
        "x-ms-request-id": [
          "c26acbf2-e1cd-4a34-a160-688273186cb3"
        ],
        "x-ms-correlation-request-id": [
          "c26acbf2-e1cd-4a34-a160-688273186cb3"
        ],
        "x-ms-routing-request-id": [
          "NORTHCENTRALUS:20150426T010305Z:c26acbf2-e1cd-4a34-a160-688273186cb3"
        ],
        "Strict-Transport-Security": [
          "max-age=31536000; includeSubDomains"
        ],
        "Cache-Control": [
          "no-cache"
        ],
        "Date": [
          "Sun, 26 Apr 2015 01:03:04 GMT"
        ]
      },
      "StatusCode": 404
    },
    {
      "RequestUri": "/subscriptions/4d368445-cbb1-42a7-97a6-6850ab99f48e/resourceGroups/pstestrg91/providers/Microsoft.Network/publicIPAddresses/pubippstestrg91/?api-version=2015-05-01-preview",
      "EncodedRequestUri": "L3N1YnNjcmlwdGlvbnMvNGQzNjg0NDUtY2JiMS00MmE3LTk3YTYtNjg1MGFiOTlmNDhlL3Jlc291cmNlR3JvdXBzL3BzdGVzdHJnOTEvcHJvdmlkZXJzL01pY3Jvc29mdC5OZXR3b3JrL3B1YmxpY0lQQWRkcmVzc2VzL3B1YmlwcHN0ZXN0cmc5MS8/YXBpLXZlcnNpb249MjAxNS0wNS0wMS1wcmV2aWV3",
      "RequestMethod": "GET",
      "RequestBody": "",
      "RequestHeaders": {
        "User-Agent": [
          "Microsoft.Azure.Management.Network.NetworkResourceProviderClient/2.0.0.0"
        ]
      },
      "ResponseBody": "{\r\n  \"name\": \"pubippstestrg91\",\r\n  \"id\": \"/subscriptions/4d368445-cbb1-42a7-97a6-6850ab99f48e/resourceGroups/pstestrg91/providers/Microsoft.Network/publicIPAddresses/pubippstestrg91\",\r\n  \"etag\": \"W/\\\"eecffc8f-0540-4100-a4bd-84ee8b2d2c03\\\"\",\r\n  \"properties\": {\r\n    \"provisioningState\": \"Succeeded\",\r\n    \"publicIPAllocationMethod\": \"Dynamic\",\r\n    \"idleTimeoutInMinutes\": 4,\r\n    \"dnsSettings\": {\r\n      \"domainNameLabel\": \"pubippstestrg91\",\r\n      \"fqdn\": \"pubippstestrg91.eastasia.cloudapp.azure.com\"\r\n    }\r\n  },\r\n  \"location\": \"eastasia\"\r\n}",
      "ResponseHeaders": {
        "Content-Length": [
          "544"
        ],
        "Content-Type": [
          "application/json; charset=utf-8"
        ],
        "Expires": [
          "-1"
        ],
        "Pragma": [
          "no-cache"
        ],
        "x-ms-request-id": [
          "ef8c3297-a050-45d6-be80-409b51f5ed95"
        ],
        "Strict-Transport-Security": [
          "max-age=31536000; includeSubDomains"
        ],
        "Cache-Control": [
          "no-cache"
        ],
        "ETag": [
          "W/\"eecffc8f-0540-4100-a4bd-84ee8b2d2c03\""
        ],
        "Server": [
          "Microsoft-HTTPAPI/2.0",
          "Microsoft-HTTPAPI/2.0"
        ],
        "x-ms-ratelimit-remaining-subscription-reads": [
          "31968"
        ],
        "x-ms-correlation-request-id": [
          "24db4797-ecd3-465a-abab-fab2290c484e"
        ],
        "x-ms-routing-request-id": [
          "NORTHCENTRALUS:20150426T010313Z:24db4797-ecd3-465a-abab-fab2290c484e"
        ],
        "Date": [
          "Sun, 26 Apr 2015 01:03:12 GMT"
        ]
      },
      "StatusCode": 200
    },
    {
      "RequestUri": "/subscriptions/4d368445-cbb1-42a7-97a6-6850ab99f48e/resourceGroups/pstestrg91/providers/Microsoft.Network/publicIPAddresses/pubippstestrg91/?api-version=2015-05-01-preview",
      "EncodedRequestUri": "L3N1YnNjcmlwdGlvbnMvNGQzNjg0NDUtY2JiMS00MmE3LTk3YTYtNjg1MGFiOTlmNDhlL3Jlc291cmNlR3JvdXBzL3BzdGVzdHJnOTEvcHJvdmlkZXJzL01pY3Jvc29mdC5OZXR3b3JrL3B1YmxpY0lQQWRkcmVzc2VzL3B1YmlwcHN0ZXN0cmc5MS8/YXBpLXZlcnNpb249MjAxNS0wNS0wMS1wcmV2aWV3",
      "RequestMethod": "GET",
      "RequestBody": "",
      "RequestHeaders": {
        "User-Agent": [
          "Microsoft.Azure.Management.Network.NetworkResourceProviderClient/2.0.0.0"
        ]
      },
      "ResponseBody": "{\r\n  \"name\": \"pubippstestrg91\",\r\n  \"id\": \"/subscriptions/4d368445-cbb1-42a7-97a6-6850ab99f48e/resourceGroups/pstestrg91/providers/Microsoft.Network/publicIPAddresses/pubippstestrg91\",\r\n  \"etag\": \"W/\\\"eecffc8f-0540-4100-a4bd-84ee8b2d2c03\\\"\",\r\n  \"properties\": {\r\n    \"provisioningState\": \"Succeeded\",\r\n    \"publicIPAllocationMethod\": \"Dynamic\",\r\n    \"idleTimeoutInMinutes\": 4,\r\n    \"dnsSettings\": {\r\n      \"domainNameLabel\": \"pubippstestrg91\",\r\n      \"fqdn\": \"pubippstestrg91.eastasia.cloudapp.azure.com\"\r\n    }\r\n  },\r\n  \"location\": \"eastasia\"\r\n}",
      "ResponseHeaders": {
        "Content-Length": [
          "544"
        ],
        "Content-Type": [
          "application/json; charset=utf-8"
        ],
        "Expires": [
          "-1"
        ],
        "Pragma": [
          "no-cache"
        ],
        "x-ms-request-id": [
          "8237a2f5-3125-4dea-b756-4528ff78aff4"
        ],
        "Strict-Transport-Security": [
          "max-age=31536000; includeSubDomains"
        ],
        "Cache-Control": [
          "no-cache"
        ],
        "ETag": [
          "W/\"eecffc8f-0540-4100-a4bd-84ee8b2d2c03\""
        ],
        "Server": [
          "Microsoft-HTTPAPI/2.0",
          "Microsoft-HTTPAPI/2.0"
        ],
        "x-ms-ratelimit-remaining-subscription-reads": [
          "31967"
        ],
        "x-ms-correlation-request-id": [
          "86f885af-812a-4fe8-9383-966301d8d6bd"
        ],
        "x-ms-routing-request-id": [
          "NORTHCENTRALUS:20150426T010313Z:86f885af-812a-4fe8-9383-966301d8d6bd"
        ],
        "Date": [
          "Sun, 26 Apr 2015 01:03:12 GMT"
        ]
      },
      "StatusCode": 200
    },
    {
      "RequestUri": "/subscriptions/4d368445-cbb1-42a7-97a6-6850ab99f48e/resourceGroups/pstestrg91/providers/Microsoft.Network/publicIPAddresses/pubippstestrg91/?api-version=2015-05-01-preview",
      "EncodedRequestUri": "L3N1YnNjcmlwdGlvbnMvNGQzNjg0NDUtY2JiMS00MmE3LTk3YTYtNjg1MGFiOTlmNDhlL3Jlc291cmNlR3JvdXBzL3BzdGVzdHJnOTEvcHJvdmlkZXJzL01pY3Jvc29mdC5OZXR3b3JrL3B1YmxpY0lQQWRkcmVzc2VzL3B1YmlwcHN0ZXN0cmc5MS8/YXBpLXZlcnNpb249MjAxNS0wNS0wMS1wcmV2aWV3",
      "RequestMethod": "PUT",
      "RequestBody": "{\r\n  \"properties\": {\r\n    \"publicIPAllocationMethod\": \"Dynamic\",\r\n    \"dnsSettings\": {\r\n      \"domainNameLabel\": \"pubippstestrg91\"\r\n    }\r\n  },\r\n  \"name\": \"pubippstestrg91\",\r\n  \"type\": \"microsoft.network/publicIPAddresses\",\r\n  \"location\": \"eastasia\"\r\n}",
      "RequestHeaders": {
        "Content-Type": [
          "application/json"
        ],
        "Content-Length": [
          "252"
        ],
        "User-Agent": [
          "Microsoft.Azure.Management.Network.NetworkResourceProviderClient/2.0.0.0"
        ]
      },
      "ResponseBody": "{\r\n  \"name\": \"pubippstestrg91\",\r\n  \"id\": \"/subscriptions/4d368445-cbb1-42a7-97a6-6850ab99f48e/resourceGroups/pstestrg91/providers/Microsoft.Network/publicIPAddresses/pubippstestrg91\",\r\n  \"etag\": \"W/\\\"3d131d11-9dbd-4792-8e2b-f0d36c5cda08\\\"\",\r\n  \"properties\": {\r\n    \"provisioningState\": \"Updating\",\r\n    \"publicIPAllocationMethod\": \"Dynamic\",\r\n    \"idleTimeoutInMinutes\": 4,\r\n    \"dnsSettings\": {\r\n      \"domainNameLabel\": \"pubippstestrg91\",\r\n      \"fqdn\": \"pubippstestrg91.eastasia.cloudapp.azure.com\"\r\n    }\r\n  },\r\n  \"location\": \"eastasia\"\r\n}",
      "ResponseHeaders": {
        "Content-Length": [
          "543"
        ],
        "Content-Type": [
          "application/json; charset=utf-8"
        ],
        "Expires": [
          "-1"
        ],
        "Pragma": [
          "no-cache"
        ],
        "Retry-After": [
          "10"
        ],
        "x-ms-request-id": [
          "5f443adf-2270-4e1c-843a-e5c29e85e22d"
        ],
        "Azure-AsyncOperation": [
          "https://management.azure.com/subscriptions/4d368445-cbb1-42a7-97a6-6850ab99f48e/providers/Microsoft.Network/locations/westus/operations/5f443adf-2270-4e1c-843a-e5c29e85e22d?api-version=2015-05-01-preview"
        ],
        "Strict-Transport-Security": [
          "max-age=31536000; includeSubDomains"
        ],
        "Cache-Control": [
          "no-cache"
        ],
        "Server": [
          "Microsoft-HTTPAPI/2.0",
          "Microsoft-HTTPAPI/2.0"
        ],
        "x-ms-ratelimit-remaining-subscription-writes": [
          "1197"
        ],
        "x-ms-correlation-request-id": [
          "84b58b3e-8159-4172-a9f4-bad6c5db1da5"
        ],
        "x-ms-routing-request-id": [
          "NORTHCENTRALUS:20150426T010312Z:84b58b3e-8159-4172-a9f4-bad6c5db1da5"
        ],
        "Date": [
          "Sun, 26 Apr 2015 01:03:11 GMT"
        ]
      },
      "StatusCode": 201
    },
    {
      "RequestUri": "/subscriptions/4d368445-cbb1-42a7-97a6-6850ab99f48e/providers/Microsoft.Network/locations/westus/operations/5f443adf-2270-4e1c-843a-e5c29e85e22d?api-version=2015-05-01-preview",
      "EncodedRequestUri": "L3N1YnNjcmlwdGlvbnMvNGQzNjg0NDUtY2JiMS00MmE3LTk3YTYtNjg1MGFiOTlmNDhlL3Byb3ZpZGVycy9NaWNyb3NvZnQuTmV0d29yay9sb2NhdGlvbnMvd2VzdHVzL29wZXJhdGlvbnMvNWY0NDNhZGYtMjI3MC00ZTFjLTg0M2EtZTVjMjllODVlMjJkP2FwaS12ZXJzaW9uPTIwMTUtMDUtMDEtcHJldmlldw==",
      "RequestMethod": "GET",
      "RequestBody": "",
      "RequestHeaders": {
        "x-ms-version": [
          "2015-05-01-preview"
        ],
        "User-Agent": [
          "Microsoft.Azure.Management.Network.NetworkResourceProviderClient/2.0.0.0"
        ]
      },
      "ResponseBody": "{\r\n  \"status\": \"Succeeded\"\r\n}",
      "ResponseHeaders": {
        "Content-Length": [
          "29"
        ],
        "Content-Type": [
          "application/json; charset=utf-8"
        ],
        "Expires": [
          "-1"
        ],
        "Pragma": [
          "no-cache"
        ],
        "x-ms-request-id": [
          "9f28da95-d994-4b14-ab16-1818dd3a97c2"
        ],
        "Strict-Transport-Security": [
          "max-age=31536000; includeSubDomains"
        ],
        "Cache-Control": [
          "no-cache"
        ],
        "Server": [
          "Microsoft-HTTPAPI/2.0",
          "Microsoft-HTTPAPI/2.0"
        ],
        "x-ms-ratelimit-remaining-subscription-reads": [
          "31969"
        ],
        "x-ms-correlation-request-id": [
          "7809a627-2c79-41ed-be1a-2f4c4fe7fb54"
        ],
        "x-ms-routing-request-id": [
          "NORTHCENTRALUS:20150426T010312Z:7809a627-2c79-41ed-be1a-2f4c4fe7fb54"
        ],
        "Date": [
          "Sun, 26 Apr 2015 01:03:11 GMT"
        ]
      },
      "StatusCode": 200
    },
    {
      "RequestUri": "/subscriptions/4d368445-cbb1-42a7-97a6-6850ab99f48e/resourceGroups/pstestrg91/providers/Microsoft.Network/networkInterfaces/nicpstestrg91?api-version=2015-05-01-preview",
      "EncodedRequestUri": "L3N1YnNjcmlwdGlvbnMvNGQzNjg0NDUtY2JiMS00MmE3LTk3YTYtNjg1MGFiOTlmNDhlL3Jlc291cmNlR3JvdXBzL3BzdGVzdHJnOTEvcHJvdmlkZXJzL01pY3Jvc29mdC5OZXR3b3JrL25ldHdvcmtJbnRlcmZhY2VzL25pY3BzdGVzdHJnOTE/YXBpLXZlcnNpb249MjAxNS0wNS0wMS1wcmV2aWV3",
      "RequestMethod": "GET",
      "RequestBody": "",
      "RequestHeaders": {
        "User-Agent": [
          "Microsoft.Azure.Management.Network.NetworkResourceProviderClient/2.0.0.0"
        ]
      },
      "ResponseBody": "{\r\n  \"error\": {\r\n    \"code\": \"ResourceNotFound\",\r\n    \"message\": \"Resource not found.\"\r\n  }\r\n}",
      "ResponseHeaders": {
        "Content-Length": [
          "69"
        ],
        "Content-Type": [
          "application/json; charset=utf-8"
        ],
        "Expires": [
          "-1"
        ],
        "Pragma": [
          "no-cache"
        ],
        "x-ms-failure-cause": [
          "gateway"
        ],
        "x-ms-request-id": [
          "e15360f1-414e-43ae-a942-049e22ef6e64"
        ],
        "x-ms-correlation-request-id": [
          "e15360f1-414e-43ae-a942-049e22ef6e64"
        ],
        "x-ms-routing-request-id": [
          "NORTHCENTRALUS:20150426T010313Z:e15360f1-414e-43ae-a942-049e22ef6e64"
        ],
        "Strict-Transport-Security": [
          "max-age=31536000; includeSubDomains"
        ],
        "Cache-Control": [
          "no-cache"
        ],
        "Date": [
          "Sun, 26 Apr 2015 01:03:12 GMT"
        ]
      },
      "StatusCode": 404
    },
    {
      "RequestUri": "/subscriptions/4d368445-cbb1-42a7-97a6-6850ab99f48e/resourceGroups/pstestrg91/providers/Microsoft.Network/networkInterfaces/nicpstestrg91?api-version=2015-05-01-preview",
      "EncodedRequestUri": "L3N1YnNjcmlwdGlvbnMvNGQzNjg0NDUtY2JiMS00MmE3LTk3YTYtNjg1MGFiOTlmNDhlL3Jlc291cmNlR3JvdXBzL3BzdGVzdHJnOTEvcHJvdmlkZXJzL01pY3Jvc29mdC5OZXR3b3JrL25ldHdvcmtJbnRlcmZhY2VzL25pY3BzdGVzdHJnOTE/YXBpLXZlcnNpb249MjAxNS0wNS0wMS1wcmV2aWV3",
      "RequestMethod": "GET",
      "RequestBody": "",
      "RequestHeaders": {
        "User-Agent": [
          "Microsoft.Azure.Management.Network.NetworkResourceProviderClient/2.0.0.0"
        ]
      },
      "ResponseBody": "{\r\n  \"name\": \"nicpstestrg91\",\r\n  \"id\": \"/subscriptions/4d368445-cbb1-42a7-97a6-6850ab99f48e/resourceGroups/pstestrg91/providers/Microsoft.Network/networkInterfaces/nicpstestrg91\",\r\n  \"etag\": \"W/\\\"d3010f67-c985-44e2-bb44-420f1c7ef375\\\"\",\r\n  \"properties\": {\r\n    \"provisioningState\": \"Succeeded\",\r\n    \"ipConfigurations\": [\r\n      {\r\n        \"name\": \"ipconfig1\",\r\n        \"id\": \"/subscriptions/4d368445-cbb1-42a7-97a6-6850ab99f48e/resourceGroups/pstestrg91/providers/Microsoft.Network/networkInterfaces/nicpstestrg91/ipConfigurations/ipconfig1\",\r\n        \"etag\": \"W/\\\"d3010f67-c985-44e2-bb44-420f1c7ef375\\\"\",\r\n        \"properties\": {\r\n          \"provisioningState\": \"Succeeded\",\r\n          \"privateIPAddress\": \"10.0.0.4\",\r\n          \"privateIPAllocationMethod\": \"Dynamic\",\r\n          \"publicIPAddress\": {\r\n            \"id\": \"/subscriptions/4d368445-cbb1-42a7-97a6-6850ab99f48e/resourceGroups/pstestrg91/providers/Microsoft.Network/publicIPAddresses/pubippstestrg91\"\r\n          },\r\n          \"subnet\": {\r\n            \"id\": \"/subscriptions/4d368445-cbb1-42a7-97a6-6850ab99f48e/resourceGroups/pstestrg91/providers/Microsoft.Network/virtualNetworks/vnetpstestrg91/subnets/subnetpstestrg91\"\r\n          }\r\n        }\r\n      }\r\n    ],\r\n    \"dnsSettings\": {}\r\n  },\r\n  \"location\": \"eastasia\"\r\n}",
      "ResponseHeaders": {
        "Content-Length": [
          "1282"
        ],
        "Content-Type": [
          "application/json; charset=utf-8"
        ],
        "Expires": [
          "-1"
        ],
        "Pragma": [
          "no-cache"
        ],
        "x-ms-request-id": [
          "323a8b48-2f38-4fc9-81a2-114059338131"
        ],
        "Strict-Transport-Security": [
          "max-age=31536000; includeSubDomains"
        ],
        "Cache-Control": [
          "no-cache"
        ],
        "ETag": [
          "W/\"d3010f67-c985-44e2-bb44-420f1c7ef375\""
        ],
        "Server": [
          "Microsoft-HTTPAPI/2.0",
          "Microsoft-HTTPAPI/2.0"
        ],
        "x-ms-ratelimit-remaining-subscription-reads": [
          "31964"
        ],
        "x-ms-correlation-request-id": [
          "9e55855e-d0b3-49cb-afdf-0ea8bf4eec7c"
        ],
        "x-ms-routing-request-id": [
          "NORTHCENTRALUS:20150426T010321Z:9e55855e-d0b3-49cb-afdf-0ea8bf4eec7c"
        ],
        "Date": [
          "Sun, 26 Apr 2015 01:03:20 GMT"
        ]
      },
      "StatusCode": 200
    },
    {
      "RequestUri": "/subscriptions/4d368445-cbb1-42a7-97a6-6850ab99f48e/resourceGroups/pstestrg91/providers/Microsoft.Network/networkInterfaces/nicpstestrg91?api-version=2015-05-01-preview",
      "EncodedRequestUri": "L3N1YnNjcmlwdGlvbnMvNGQzNjg0NDUtY2JiMS00MmE3LTk3YTYtNjg1MGFiOTlmNDhlL3Jlc291cmNlR3JvdXBzL3BzdGVzdHJnOTEvcHJvdmlkZXJzL01pY3Jvc29mdC5OZXR3b3JrL25ldHdvcmtJbnRlcmZhY2VzL25pY3BzdGVzdHJnOTE/YXBpLXZlcnNpb249MjAxNS0wNS0wMS1wcmV2aWV3",
      "RequestMethod": "GET",
      "RequestBody": "",
      "RequestHeaders": {
        "User-Agent": [
          "Microsoft.Azure.Management.Network.NetworkResourceProviderClient/2.0.0.0"
        ]
      },
      "ResponseBody": "{\r\n  \"name\": \"nicpstestrg91\",\r\n  \"id\": \"/subscriptions/4d368445-cbb1-42a7-97a6-6850ab99f48e/resourceGroups/pstestrg91/providers/Microsoft.Network/networkInterfaces/nicpstestrg91\",\r\n  \"etag\": \"W/\\\"d3010f67-c985-44e2-bb44-420f1c7ef375\\\"\",\r\n  \"properties\": {\r\n    \"provisioningState\": \"Succeeded\",\r\n    \"ipConfigurations\": [\r\n      {\r\n        \"name\": \"ipconfig1\",\r\n        \"id\": \"/subscriptions/4d368445-cbb1-42a7-97a6-6850ab99f48e/resourceGroups/pstestrg91/providers/Microsoft.Network/networkInterfaces/nicpstestrg91/ipConfigurations/ipconfig1\",\r\n        \"etag\": \"W/\\\"d3010f67-c985-44e2-bb44-420f1c7ef375\\\"\",\r\n        \"properties\": {\r\n          \"provisioningState\": \"Succeeded\",\r\n          \"privateIPAddress\": \"10.0.0.4\",\r\n          \"privateIPAllocationMethod\": \"Dynamic\",\r\n          \"publicIPAddress\": {\r\n            \"id\": \"/subscriptions/4d368445-cbb1-42a7-97a6-6850ab99f48e/resourceGroups/pstestrg91/providers/Microsoft.Network/publicIPAddresses/pubippstestrg91\"\r\n          },\r\n          \"subnet\": {\r\n            \"id\": \"/subscriptions/4d368445-cbb1-42a7-97a6-6850ab99f48e/resourceGroups/pstestrg91/providers/Microsoft.Network/virtualNetworks/vnetpstestrg91/subnets/subnetpstestrg91\"\r\n          }\r\n        }\r\n      }\r\n    ],\r\n    \"dnsSettings\": {}\r\n  },\r\n  \"location\": \"eastasia\"\r\n}",
      "ResponseHeaders": {
        "Content-Length": [
          "1282"
        ],
        "Content-Type": [
          "application/json; charset=utf-8"
        ],
        "Expires": [
          "-1"
        ],
        "Pragma": [
          "no-cache"
        ],
        "x-ms-request-id": [
          "0095bda1-da5f-4c3c-bc2e-cc2b1b5d1337"
        ],
        "Strict-Transport-Security": [
          "max-age=31536000; includeSubDomains"
        ],
        "Cache-Control": [
          "no-cache"
        ],
        "ETag": [
          "W/\"d3010f67-c985-44e2-bb44-420f1c7ef375\""
        ],
        "Server": [
          "Microsoft-HTTPAPI/2.0",
          "Microsoft-HTTPAPI/2.0"
        ],
        "x-ms-ratelimit-remaining-subscription-reads": [
          "31963"
        ],
        "x-ms-correlation-request-id": [
          "c597ab5a-b187-445e-8e55-73c82eaba5ae"
        ],
        "x-ms-routing-request-id": [
          "NORTHCENTRALUS:20150426T010321Z:c597ab5a-b187-445e-8e55-73c82eaba5ae"
        ],
        "Date": [
          "Sun, 26 Apr 2015 01:03:21 GMT"
        ]
      },
      "StatusCode": 200
    },
    {
      "RequestUri": "/subscriptions/4d368445-cbb1-42a7-97a6-6850ab99f48e/resourceGroups/pstestrg91/providers/Microsoft.Network/networkInterfaces/nicpstestrg91?api-version=2015-05-01-preview",
      "EncodedRequestUri": "L3N1YnNjcmlwdGlvbnMvNGQzNjg0NDUtY2JiMS00MmE3LTk3YTYtNjg1MGFiOTlmNDhlL3Jlc291cmNlR3JvdXBzL3BzdGVzdHJnOTEvcHJvdmlkZXJzL01pY3Jvc29mdC5OZXR3b3JrL25ldHdvcmtJbnRlcmZhY2VzL25pY3BzdGVzdHJnOTE/YXBpLXZlcnNpb249MjAxNS0wNS0wMS1wcmV2aWV3",
      "RequestMethod": "PUT",
      "RequestBody": "{\r\n  \"properties\": {\r\n    \"ipConfigurations\": [\r\n      {\r\n        \"properties\": {\r\n          \"privateIPAllocationMethod\": \"Dynamic\",\r\n          \"subnet\": {\r\n            \"id\": \"/subscriptions/4d368445-cbb1-42a7-97a6-6850ab99f48e/resourceGroups/pstestrg91/providers/Microsoft.Network/virtualNetworks/vnetpstestrg91/subnets/subnetpstestrg91\"\r\n          },\r\n          \"publicIPAddress\": {\r\n            \"id\": \"/subscriptions/4d368445-cbb1-42a7-97a6-6850ab99f48e/resourceGroups/pstestrg91/providers/Microsoft.Network/publicIPAddresses/pubippstestrg91\"\r\n          },\r\n          \"loadBalancerBackendAddressPools\": [],\r\n          \"loadBalancerInboundNatRules\": []\r\n        },\r\n        \"name\": \"ipconfig1\"\r\n      }\r\n    ],\r\n    \"primary\": false\r\n  },\r\n  \"name\": \"nicpstestrg91\",\r\n  \"type\": \"microsoft.network/networkInterfaces\",\r\n  \"location\": \"eastasia\"\r\n}",
      "RequestHeaders": {
        "Content-Type": [
          "application/json"
        ],
        "Content-Length": [
          "847"
        ],
        "User-Agent": [
          "Microsoft.Azure.Management.Network.NetworkResourceProviderClient/2.0.0.0"
        ]
      },
      "ResponseBody": "{\r\n  \"name\": \"nicpstestrg91\",\r\n  \"id\": \"/subscriptions/4d368445-cbb1-42a7-97a6-6850ab99f48e/resourceGroups/pstestrg91/providers/Microsoft.Network/networkInterfaces/nicpstestrg91\",\r\n  \"etag\": \"W/\\\"d3010f67-c985-44e2-bb44-420f1c7ef375\\\"\",\r\n  \"properties\": {\r\n    \"provisioningState\": \"Succeeded\",\r\n    \"ipConfigurations\": [\r\n      {\r\n        \"name\": \"ipconfig1\",\r\n        \"id\": \"/subscriptions/4d368445-cbb1-42a7-97a6-6850ab99f48e/resourceGroups/pstestrg91/providers/Microsoft.Network/networkInterfaces/nicpstestrg91/ipConfigurations/ipconfig1\",\r\n        \"etag\": \"W/\\\"d3010f67-c985-44e2-bb44-420f1c7ef375\\\"\",\r\n        \"properties\": {\r\n          \"provisioningState\": \"Succeeded\",\r\n          \"privateIPAddress\": \"10.0.0.4\",\r\n          \"privateIPAllocationMethod\": \"Dynamic\",\r\n          \"publicIPAddress\": {\r\n            \"id\": \"/subscriptions/4d368445-cbb1-42a7-97a6-6850ab99f48e/resourceGroups/pstestrg91/providers/Microsoft.Network/publicIPAddresses/pubippstestrg91\"\r\n          },\r\n          \"subnet\": {\r\n            \"id\": \"/subscriptions/4d368445-cbb1-42a7-97a6-6850ab99f48e/resourceGroups/pstestrg91/providers/Microsoft.Network/virtualNetworks/vnetpstestrg91/subnets/subnetpstestrg91\"\r\n          }\r\n        }\r\n      }\r\n    ],\r\n    \"dnsSettings\": {}\r\n  },\r\n  \"location\": \"eastasia\"\r\n}",
      "ResponseHeaders": {
        "Content-Length": [
          "1282"
        ],
        "Content-Type": [
          "application/json; charset=utf-8"
        ],
        "Expires": [
          "-1"
        ],
        "Pragma": [
          "no-cache"
        ],
        "x-ms-request-id": [
          "279b6a83-80a4-402c-b4ac-11b91239ae0a"
        ],
        "Azure-AsyncOperation": [
          "https://management.azure.com/subscriptions/4d368445-cbb1-42a7-97a6-6850ab99f48e/providers/Microsoft.Network/locations/westus/operations/279b6a83-80a4-402c-b4ac-11b91239ae0a?api-version=2015-05-01-preview"
        ],
        "Strict-Transport-Security": [
          "max-age=31536000; includeSubDomains"
        ],
        "Cache-Control": [
          "no-cache"
        ],
        "Server": [
          "Microsoft-HTTPAPI/2.0",
          "Microsoft-HTTPAPI/2.0"
        ],
        "x-ms-ratelimit-remaining-subscription-writes": [
          "1196"
        ],
        "x-ms-correlation-request-id": [
          "fbb42c97-8ffc-440e-ada6-1c8821ce5474"
        ],
        "x-ms-routing-request-id": [
          "NORTHCENTRALUS:20150426T010319Z:fbb42c97-8ffc-440e-ada6-1c8821ce5474"
        ],
        "Date": [
          "Sun, 26 Apr 2015 01:03:19 GMT"
        ]
      },
      "StatusCode": 201
    },
    {
      "RequestUri": "/subscriptions/4d368445-cbb1-42a7-97a6-6850ab99f48e/providers/Microsoft.Network/locations/westus/operations/279b6a83-80a4-402c-b4ac-11b91239ae0a?api-version=2015-05-01-preview",
      "EncodedRequestUri": "L3N1YnNjcmlwdGlvbnMvNGQzNjg0NDUtY2JiMS00MmE3LTk3YTYtNjg1MGFiOTlmNDhlL3Byb3ZpZGVycy9NaWNyb3NvZnQuTmV0d29yay9sb2NhdGlvbnMvd2VzdHVzL29wZXJhdGlvbnMvMjc5YjZhODMtODBhNC00MDJjLWI0YWMtMTFiOTEyMzlhZTBhP2FwaS12ZXJzaW9uPTIwMTUtMDUtMDEtcHJldmlldw==",
      "RequestMethod": "GET",
      "RequestBody": "",
      "RequestHeaders": {
        "x-ms-version": [
          "2015-05-01-preview"
        ],
        "User-Agent": [
          "Microsoft.Azure.Management.Network.NetworkResourceProviderClient/2.0.0.0"
        ]
      },
      "ResponseBody": "{\r\n  \"status\": \"Succeeded\"\r\n}",
      "ResponseHeaders": {
        "Content-Length": [
          "29"
        ],
        "Content-Type": [
          "application/json; charset=utf-8"
        ],
        "Expires": [
          "-1"
        ],
        "Pragma": [
          "no-cache"
        ],
        "x-ms-request-id": [
          "fc769b88-998d-4637-a796-f047688d19e2"
        ],
        "Strict-Transport-Security": [
          "max-age=31536000; includeSubDomains"
        ],
        "Cache-Control": [
          "no-cache"
        ],
        "Server": [
          "Microsoft-HTTPAPI/2.0",
          "Microsoft-HTTPAPI/2.0"
        ],
        "x-ms-ratelimit-remaining-subscription-reads": [
          "31965"
        ],
        "x-ms-correlation-request-id": [
          "0c5c7b3b-cfa2-45ab-b5ba-7af2de9133dc"
        ],
        "x-ms-routing-request-id": [
          "NORTHCENTRALUS:20150426T010320Z:0c5c7b3b-cfa2-45ab-b5ba-7af2de9133dc"
        ],
        "Date": [
          "Sun, 26 Apr 2015 01:03:20 GMT"
        ]
      },
      "StatusCode": 200
    },
    {
      "RequestUri": "/subscriptions/4d368445-cbb1-42a7-97a6-6850ab99f48e/resourceGroups/pstestrg91/providers/Microsoft.Storage/storageAccounts/stopstestrg91?api-version=2015-05-01-preview",
      "EncodedRequestUri": "L3N1YnNjcmlwdGlvbnMvNGQzNjg0NDUtY2JiMS00MmE3LTk3YTYtNjg1MGFiOTlmNDhlL3Jlc291cmNlR3JvdXBzL3BzdGVzdHJnOTEvcHJvdmlkZXJzL01pY3Jvc29mdC5TdG9yYWdlL3N0b3JhZ2VBY2NvdW50cy9zdG9wc3Rlc3RyZzkxP2FwaS12ZXJzaW9uPTIwMTUtMDUtMDEtcHJldmlldw==",
      "RequestMethod": "PUT",
      "RequestBody": "{\r\n  \"location\": \"eastasia\",\r\n  \"properties\": {\r\n    \"accountType\": \"Standard_GRS\"\r\n  }\r\n}",
      "RequestHeaders": {
        "Content-Type": [
          "application/json"
        ],
        "Content-Length": [
          "90"
        ],
        "x-ms-client-request-id": [
          "ffd84a4a-6c9b-41fa-ac81-a4a9d1f26a53"
        ],
        "User-Agent": [
          "Microsoft.Azure.Management.Storage.StorageManagementClient/2.0.0.0"
        ]
      },
      "ResponseBody": "null",
      "ResponseHeaders": {
        "Content-Length": [
          "4"
        ],
        "Content-Type": [
          "application/json; charset=utf-8"
        ],
        "Expires": [
          "-1"
        ],
        "Pragma": [
          "no-cache"
        ],
        "Retry-After": [
          "25"
        ],
        "x-ms-request-id": [
          "e5e50b36-e41d-4558-85b8-d6a5942b8f55"
        ],
        "Cache-Control": [
          "no-cache"
        ],
        "Location": [
          "https://management.azure.com/subscriptions/4d368445-cbb1-42a7-97a6-6850ab99f48e/providers/Microsoft.Storage/operations/e5e50b36-e41d-4558-85b8-d6a5942b8f55?monitor=true&api-version=2015-05-01-preview"
        ],
        "Server": [
          "Microsoft-HTTPAPI/2.0",
          "Microsoft-HTTPAPI/2.0"
        ],
        "x-ms-ratelimit-remaining-subscription-writes": [
          "1195"
        ],
        "x-ms-correlation-request-id": [
          "38b9e877-c71f-43de-8a43-2261fd35c670"
        ],
        "x-ms-routing-request-id": [
          "NORTHCENTRALUS:20150426T010328Z:38b9e877-c71f-43de-8a43-2261fd35c670"
        ],
        "Strict-Transport-Security": [
          "max-age=31536000; includeSubDomains"
        ],
        "Date": [
          "Sun, 26 Apr 2015 01:03:27 GMT"
        ]
      },
      "StatusCode": 202
    },
    {
      "RequestUri": "/subscriptions/4d368445-cbb1-42a7-97a6-6850ab99f48e/providers/Microsoft.Storage/operations/e5e50b36-e41d-4558-85b8-d6a5942b8f55?monitor=true&api-version=2015-05-01-preview",
      "EncodedRequestUri": "L3N1YnNjcmlwdGlvbnMvNGQzNjg0NDUtY2JiMS00MmE3LTk3YTYtNjg1MGFiOTlmNDhlL3Byb3ZpZGVycy9NaWNyb3NvZnQuU3RvcmFnZS9vcGVyYXRpb25zL2U1ZTUwYjM2LWU0MWQtNDU1OC04NWI4LWQ2YTU5NDJiOGY1NT9tb25pdG9yPXRydWUmYXBpLXZlcnNpb249MjAxNS0wNS0wMS1wcmV2aWV3",
      "RequestMethod": "GET",
      "RequestBody": "",
      "RequestHeaders": {
        "x-ms-client-request-id": [
          "9f13a575-11cd-4ce1-8e8a-08c67a152825"
        ],
        "User-Agent": [
          "Microsoft.Azure.Management.Storage.StorageManagementClient/2.0.0.0"
        ]
      },
      "ResponseBody": "null",
      "ResponseHeaders": {
        "Content-Length": [
          "4"
        ],
        "Content-Type": [
          "application/json; charset=utf-8"
        ],
        "Expires": [
          "-1"
        ],
        "Pragma": [
          "no-cache"
        ],
        "Retry-After": [
          "25"
        ],
        "x-ms-request-id": [
          "ca1bc36a-59cd-445e-b412-f898e2724f24"
        ],
        "Cache-Control": [
          "no-cache"
        ],
        "Location": [
          "https://management.azure.com/subscriptions/4d368445-cbb1-42a7-97a6-6850ab99f48e/providers/Microsoft.Storage/operations/e5e50b36-e41d-4558-85b8-d6a5942b8f55?monitor=true&api-version=2015-05-01-preview"
        ],
        "Server": [
          "Microsoft-HTTPAPI/2.0",
          "Microsoft-HTTPAPI/2.0"
        ],
        "x-ms-ratelimit-remaining-subscription-reads": [
          "31962"
        ],
        "x-ms-correlation-request-id": [
          "2dc0af71-8fcb-4f08-a7ff-28213c7632fb"
        ],
        "x-ms-routing-request-id": [
          "NORTHCENTRALUS:20150426T010328Z:2dc0af71-8fcb-4f08-a7ff-28213c7632fb"
        ],
        "Strict-Transport-Security": [
          "max-age=31536000; includeSubDomains"
        ],
        "Date": [
          "Sun, 26 Apr 2015 01:03:27 GMT"
        ]
      },
      "StatusCode": 202
    },
    {
      "RequestUri": "/subscriptions/4d368445-cbb1-42a7-97a6-6850ab99f48e/providers/Microsoft.Storage/operations/e5e50b36-e41d-4558-85b8-d6a5942b8f55?monitor=true&api-version=2015-05-01-preview",
      "EncodedRequestUri": "L3N1YnNjcmlwdGlvbnMvNGQzNjg0NDUtY2JiMS00MmE3LTk3YTYtNjg1MGFiOTlmNDhlL3Byb3ZpZGVycy9NaWNyb3NvZnQuU3RvcmFnZS9vcGVyYXRpb25zL2U1ZTUwYjM2LWU0MWQtNDU1OC04NWI4LWQ2YTU5NDJiOGY1NT9tb25pdG9yPXRydWUmYXBpLXZlcnNpb249MjAxNS0wNS0wMS1wcmV2aWV3",
      "RequestMethod": "GET",
      "RequestBody": "",
      "RequestHeaders": {
        "x-ms-client-request-id": [
          "c4712e06-1ecc-4808-b993-41173b81d077"
        ],
        "User-Agent": [
          "Microsoft.Azure.Management.Storage.StorageManagementClient/2.0.0.0"
        ]
      },
      "ResponseBody": "{\r\n  \"properties\": {\r\n    \"accountType\": \"Standard_GRS\"\r\n  },\r\n  \"location\": \"East Asia\"\r\n}",
      "ResponseHeaders": {
        "Content-Length": [
          "68"
        ],
        "Content-Type": [
          "application/json; charset=utf-8"
        ],
        "Expires": [
          "-1"
        ],
        "Pragma": [
          "no-cache"
        ],
        "x-ms-request-id": [
          "b1729ab0-8f18-4247-95ac-ab6f7da9bbd6"
        ],
        "Cache-Control": [
          "no-cache"
        ],
        "Server": [
          "Microsoft-HTTPAPI/2.0",
          "Microsoft-HTTPAPI/2.0"
        ],
        "x-ms-ratelimit-remaining-subscription-reads": [
          "31961"
        ],
        "x-ms-correlation-request-id": [
          "2a30cb35-938f-4074-9a90-39b9b5775c1f"
        ],
        "x-ms-routing-request-id": [
          "NORTHCENTRALUS:20150426T010353Z:2a30cb35-938f-4074-9a90-39b9b5775c1f"
        ],
        "Strict-Transport-Security": [
          "max-age=31536000; includeSubDomains"
        ],
        "Date": [
          "Sun, 26 Apr 2015 01:03:53 GMT"
        ]
      },
      "StatusCode": 200
    },
    {
      "RequestUri": "/subscriptions/4d368445-cbb1-42a7-97a6-6850ab99f48e/resourceGroups/pstestrg91/providers/Microsoft.Storage/storageAccounts/stopstestrg91?api-version=2015-05-01-preview",
      "EncodedRequestUri": "L3N1YnNjcmlwdGlvbnMvNGQzNjg0NDUtY2JiMS00MmE3LTk3YTYtNjg1MGFiOTlmNDhlL3Jlc291cmNlR3JvdXBzL3BzdGVzdHJnOTEvcHJvdmlkZXJzL01pY3Jvc29mdC5TdG9yYWdlL3N0b3JhZ2VBY2NvdW50cy9zdG9wc3Rlc3RyZzkxP2FwaS12ZXJzaW9uPTIwMTUtMDUtMDEtcHJldmlldw==",
      "RequestMethod": "GET",
      "RequestBody": "",
      "RequestHeaders": {
        "x-ms-client-request-id": [
          "35ec3492-f2d8-4063-9da5-ffb4cd30564a"
        ],
        "User-Agent": [
          "Microsoft.Azure.Management.Storage.StorageManagementClient/2.0.0.0"
        ]
      },
      "ResponseBody": "{\r\n  \"id\": \"/subscriptions/4d368445-cbb1-42a7-97a6-6850ab99f48e/resourceGroups/pstestrg91/providers/Microsoft.Storage/storageAccounts/stopstestrg91\",\r\n  \"name\": \"stopstestrg91\",\r\n  \"location\": \"East Asia\",\r\n  \"type\": \"Microsoft.Storage/storageAccounts\",\r\n  \"properties\": {\r\n    \"provisioningState\": \"Succeeded\",\r\n    \"accountType\": \"Standard_GRS\",\r\n    \"primaryEndpoints\": {\r\n      \"blob\": \"https://stopstestrg91.blob.core.windows.net/\",\r\n      \"queue\": \"https://stopstestrg91.queue.core.windows.net/\",\r\n      \"table\": \"https://stopstestrg91.table.core.windows.net/\"\r\n    },\r\n    \"primaryLocation\": \"East Asia\",\r\n    \"statusOfPrimary\": \"Available\",\r\n    \"secondaryLocation\": \"Southeast Asia\",\r\n    \"statusOfSecondary\": \"Available\",\r\n    \"creationTime\": \"2015-04-26T01:03:25.4862315Z\"\r\n  }\r\n}",
      "ResponseHeaders": {
        "Content-Length": [
          "671"
        ],
        "Content-Type": [
          "application/json; charset=utf-8"
        ],
        "Expires": [
          "-1"
        ],
        "Pragma": [
          "no-cache"
        ],
        "x-ms-request-id": [
          "428f21b3-efeb-4c67-88c1-d9ac71c711c2"
        ],
        "Cache-Control": [
          "no-cache"
        ],
        "Server": [
          "Microsoft-HTTPAPI/2.0",
          "Microsoft-HTTPAPI/2.0"
        ],
        "x-ms-ratelimit-remaining-subscription-reads": [
          "31960"
        ],
        "x-ms-correlation-request-id": [
          "13c99bde-731a-40c1-8ad0-fe67a8f9e119"
        ],
        "x-ms-routing-request-id": [
          "NORTHCENTRALUS:20150426T010353Z:13c99bde-731a-40c1-8ad0-fe67a8f9e119"
        ],
        "Strict-Transport-Security": [
          "max-age=31536000; includeSubDomains"
        ],
        "Date": [
          "Sun, 26 Apr 2015 01:03:53 GMT"
        ]
      },
      "StatusCode": 200
    },
    {
      "RequestUri": "/subscriptions/4d368445-cbb1-42a7-97a6-6850ab99f48e/resourceGroups/pstestrg91/providers/Microsoft.Storage/storageAccounts/stopstestrg91?api-version=2015-05-01-preview",
      "EncodedRequestUri": "L3N1YnNjcmlwdGlvbnMvNGQzNjg0NDUtY2JiMS00MmE3LTk3YTYtNjg1MGFiOTlmNDhlL3Jlc291cmNlR3JvdXBzL3BzdGVzdHJnOTEvcHJvdmlkZXJzL01pY3Jvc29mdC5TdG9yYWdlL3N0b3JhZ2VBY2NvdW50cy9zdG9wc3Rlc3RyZzkxP2FwaS12ZXJzaW9uPTIwMTUtMDUtMDEtcHJldmlldw==",
      "RequestMethod": "GET",
      "RequestBody": "",
      "RequestHeaders": {
        "x-ms-client-request-id": [
          "a556af0d-e0d7-4c32-bd2a-2cab9dc9b8c1"
        ],
        "User-Agent": [
          "Microsoft.Azure.Management.Storage.StorageManagementClient/2.0.0.0"
        ]
      },
      "ResponseBody": "{\r\n  \"id\": \"/subscriptions/4d368445-cbb1-42a7-97a6-6850ab99f48e/resourceGroups/pstestrg91/providers/Microsoft.Storage/storageAccounts/stopstestrg91\",\r\n  \"name\": \"stopstestrg91\",\r\n  \"location\": \"East Asia\",\r\n  \"type\": \"Microsoft.Storage/storageAccounts\",\r\n  \"properties\": {\r\n    \"provisioningState\": \"Succeeded\",\r\n    \"accountType\": \"Standard_GRS\",\r\n    \"primaryEndpoints\": {\r\n      \"blob\": \"https://stopstestrg91.blob.core.windows.net/\",\r\n      \"queue\": \"https://stopstestrg91.queue.core.windows.net/\",\r\n      \"table\": \"https://stopstestrg91.table.core.windows.net/\"\r\n    },\r\n    \"primaryLocation\": \"East Asia\",\r\n    \"statusOfPrimary\": \"Available\",\r\n    \"secondaryLocation\": \"Southeast Asia\",\r\n    \"statusOfSecondary\": \"Available\",\r\n    \"creationTime\": \"2015-04-26T01:03:25.4862315Z\"\r\n  }\r\n}",
      "ResponseHeaders": {
        "Content-Length": [
          "671"
        ],
        "Content-Type": [
          "application/json; charset=utf-8"
        ],
        "Expires": [
          "-1"
        ],
        "Pragma": [
          "no-cache"
        ],
        "x-ms-request-id": [
          "1700ee8c-8657-4224-b0bd-37d82a818b62"
        ],
        "Cache-Control": [
          "no-cache"
        ],
        "Server": [
          "Microsoft-HTTPAPI/2.0",
          "Microsoft-HTTPAPI/2.0"
        ],
        "x-ms-ratelimit-remaining-subscription-reads": [
          "31959"
        ],
        "x-ms-correlation-request-id": [
          "14422747-f8cf-4a28-b90c-48d76d27766b"
        ],
        "x-ms-routing-request-id": [
          "NORTHCENTRALUS:20150426T010353Z:14422747-f8cf-4a28-b90c-48d76d27766b"
        ],
        "Strict-Transport-Security": [
          "max-age=31536000; includeSubDomains"
        ],
        "Date": [
          "Sun, 26 Apr 2015 01:03:53 GMT"
        ]
      },
      "StatusCode": 200
    },
    {
      "RequestUri": "/subscriptions/4d368445-cbb1-42a7-97a6-6850ab99f48e/providers/Microsoft.Compute/locations/westus/publishers?api-version=2015-05-01-preview",
      "EncodedRequestUri": "L3N1YnNjcmlwdGlvbnMvNGQzNjg0NDUtY2JiMS00MmE3LTk3YTYtNjg1MGFiOTlmNDhlL3Byb3ZpZGVycy9NaWNyb3NvZnQuQ29tcHV0ZS9sb2NhdGlvbnMvd2VzdHVzL3B1Ymxpc2hlcnM/YXBpLXZlcnNpb249MjAxNS0wNS0wMS1wcmV2aWV3",
      "RequestMethod": "GET",
      "RequestBody": "",
      "RequestHeaders": {
        "User-Agent": [
          "Microsoft.Azure.Management.Compute.ComputeManagementClient/5.0.0.0"
        ]
      },
      "ResponseBody": "[\r\n  {\r\n    \"location\": \"eastasia\",\r\n    \"name\": \"a10networks\",\r\n    \"id\": \"/Subscriptions/4d368445-cbb1-42a7-97a6-6850ab99f48e/Providers/Microsoft.Compute/Locations/eastasia/Publishers/a10networks\"\r\n  },\r\n  {\r\n    \"location\": \"eastasia\",\r\n    \"name\": \"aiscaler-cache-control-ddos-and-url-rewriting-\",\r\n    \"id\": \"/Subscriptions/4d368445-cbb1-42a7-97a6-6850ab99f48e/Providers/Microsoft.Compute/Locations/eastasia/Publishers/aiscaler-cache-control-ddos-and-url-rewriting-\"\r\n  },\r\n  {\r\n    \"location\": \"eastasia\",\r\n    \"name\": \"alertlogic\",\r\n    \"id\": \"/Subscriptions/4d368445-cbb1-42a7-97a6-6850ab99f48e/Providers/Microsoft.Compute/Locations/eastasia/Publishers/alertlogic\"\r\n  },\r\n  {\r\n    \"location\": \"eastasia\",\r\n    \"name\": \"AlertLogic.Extension\",\r\n    \"id\": \"/Subscriptions/4d368445-cbb1-42a7-97a6-6850ab99f48e/Providers/Microsoft.Compute/Locations/eastasia/Publishers/AlertLogic.Extension\"\r\n  },\r\n  {\r\n    \"location\": \"eastasia\",\r\n    \"name\": \"Barracuda.Azure.ConnectivityAgent\",\r\n    \"id\": \"/Subscriptions/4d368445-cbb1-42a7-97a6-6850ab99f48e/Providers/Microsoft.Compute/Locations/eastasia/Publishers/Barracuda.Azure.ConnectivityAgent\"\r\n  },\r\n  {\r\n    \"location\": \"eastasia\",\r\n    \"name\": \"barracudanetworks\",\r\n    \"id\": \"/Subscriptions/4d368445-cbb1-42a7-97a6-6850ab99f48e/Providers/Microsoft.Compute/Locations/eastasia/Publishers/barracudanetworks\"\r\n  },\r\n  {\r\n    \"location\": \"eastasia\",\r\n    \"name\": \"basho\",\r\n    \"id\": \"/Subscriptions/4d368445-cbb1-42a7-97a6-6850ab99f48e/Providers/Microsoft.Compute/Locations/eastasia/Publishers/basho\"\r\n  },\r\n  {\r\n    \"location\": \"eastasia\",\r\n    \"name\": \"boxless\",\r\n    \"id\": \"/Subscriptions/4d368445-cbb1-42a7-97a6-6850ab99f48e/Providers/Microsoft.Compute/Locations/eastasia/Publishers/boxless\"\r\n  },\r\n  {\r\n    \"location\": \"eastasia\",\r\n    \"name\": \"bssw\",\r\n    \"id\": \"/Subscriptions/4d368445-cbb1-42a7-97a6-6850ab99f48e/Providers/Microsoft.Compute/Locations/eastasia/Publishers/bssw\"\r\n  },\r\n  {\r\n    \"location\": \"eastasia\",\r\n    \"name\": \"Canonical\",\r\n    \"id\": \"/Subscriptions/4d368445-cbb1-42a7-97a6-6850ab99f48e/Providers/Microsoft.Compute/Locations/eastasia/Publishers/Canonical\"\r\n  },\r\n  {\r\n    \"location\": \"eastasia\",\r\n    \"name\": \"chef-software\",\r\n    \"id\": \"/Subscriptions/4d368445-cbb1-42a7-97a6-6850ab99f48e/Providers/Microsoft.Compute/Locations/eastasia/Publishers/chef-software\"\r\n  },\r\n  {\r\n    \"location\": \"eastasia\",\r\n    \"name\": \"Chef.Bootstrap.WindowsAzure\",\r\n    \"id\": \"/Subscriptions/4d368445-cbb1-42a7-97a6-6850ab99f48e/Providers/Microsoft.Compute/Locations/eastasia/Publishers/Chef.Bootstrap.WindowsAzure\"\r\n  },\r\n  {\r\n    \"location\": \"eastasia\",\r\n    \"name\": \"cires21\",\r\n    \"id\": \"/Subscriptions/4d368445-cbb1-42a7-97a6-6850ab99f48e/Providers/Microsoft.Compute/Locations/eastasia/Publishers/cires21\"\r\n  },\r\n  {\r\n    \"location\": \"eastasia\",\r\n    \"name\": \"cloudlink\",\r\n    \"id\": \"/Subscriptions/4d368445-cbb1-42a7-97a6-6850ab99f48e/Providers/Microsoft.Compute/Locations/eastasia/Publishers/cloudlink\"\r\n  },\r\n  {\r\n    \"location\": \"eastasia\",\r\n    \"name\": \"CloudLink.SecureVM\",\r\n    \"id\": \"/Subscriptions/4d368445-cbb1-42a7-97a6-6850ab99f48e/Providers/Microsoft.Compute/Locations/eastasia/Publishers/CloudLink.SecureVM\"\r\n  },\r\n  {\r\n    \"location\": \"eastasia\",\r\n    \"name\": \"commvault\",\r\n    \"id\": \"/Subscriptions/4d368445-cbb1-42a7-97a6-6850ab99f48e/Providers/Microsoft.Compute/Locations/eastasia/Publishers/commvault\"\r\n  },\r\n  {\r\n    \"location\": \"eastasia\",\r\n    \"name\": \"corent-technology-pvt\",\r\n    \"id\": \"/Subscriptions/4d368445-cbb1-42a7-97a6-6850ab99f48e/Providers/Microsoft.Compute/Locations/eastasia/Publishers/corent-technology-pvt\"\r\n  },\r\n  {\r\n    \"location\": \"eastasia\",\r\n    \"name\": \"CoreOS\",\r\n    \"id\": \"/Subscriptions/4d368445-cbb1-42a7-97a6-6850ab99f48e/Providers/Microsoft.Compute/Locations/eastasia/Publishers/CoreOS\"\r\n  },\r\n  {\r\n    \"location\": \"eastasia\",\r\n    \"name\": \"datastax\",\r\n    \"id\": \"/Subscriptions/4d368445-cbb1-42a7-97a6-6850ab99f48e/Providers/Microsoft.Compute/Locations/eastasia/Publishers/datastax\"\r\n  },\r\n  {\r\n    \"location\": \"eastasia\",\r\n    \"name\": \"dell_software\",\r\n    \"id\": \"/Subscriptions/4d368445-cbb1-42a7-97a6-6850ab99f48e/Providers/Microsoft.Compute/Locations/eastasia/Publishers/dell_software\"\r\n  },\r\n  {\r\n    \"location\": \"eastasia\",\r\n    \"name\": \"GitHub\",\r\n    \"id\": \"/Subscriptions/4d368445-cbb1-42a7-97a6-6850ab99f48e/Providers/Microsoft.Compute/Locations/eastasia/Publishers/GitHub\"\r\n  },\r\n  {\r\n    \"location\": \"eastasia\",\r\n    \"name\": \"hortonworks\",\r\n    \"id\": \"/Subscriptions/4d368445-cbb1-42a7-97a6-6850ab99f48e/Providers/Microsoft.Compute/Locations/eastasia/Publishers/hortonworks\"\r\n  },\r\n  {\r\n    \"location\": \"eastasia\",\r\n    \"name\": \"informatica-cloud\",\r\n    \"id\": \"/Subscriptions/4d368445-cbb1-42a7-97a6-6850ab99f48e/Providers/Microsoft.Compute/Locations/eastasia/Publishers/informatica-cloud\"\r\n  },\r\n  {\r\n    \"location\": \"eastasia\",\r\n    \"name\": \"intelligent-plant-ltd\",\r\n    \"id\": \"/Subscriptions/4d368445-cbb1-42a7-97a6-6850ab99f48e/Providers/Microsoft.Compute/Locations/eastasia/Publishers/intelligent-plant-ltd\"\r\n  },\r\n  {\r\n    \"location\": \"eastasia\",\r\n    \"name\": \"jetnexus\",\r\n    \"id\": \"/Subscriptions/4d368445-cbb1-42a7-97a6-6850ab99f48e/Providers/Microsoft.Compute/Locations/eastasia/Publishers/jetnexus\"\r\n  },\r\n  {\r\n    \"location\": \"eastasia\",\r\n    \"name\": \"logtrust\",\r\n    \"id\": \"/Subscriptions/4d368445-cbb1-42a7-97a6-6850ab99f48e/Providers/Microsoft.Compute/Locations/eastasia/Publishers/logtrust\"\r\n  },\r\n  {\r\n    \"location\": \"eastasia\",\r\n    \"name\": \"marketplace-test\",\r\n    \"id\": \"/Subscriptions/4d368445-cbb1-42a7-97a6-6850ab99f48e/Providers/Microsoft.Compute/Locations/eastasia/Publishers/marketplace-test\"\r\n  },\r\n  {\r\n    \"location\": \"eastasia\",\r\n    \"name\": \"McAfee.EndpointSecurity\",\r\n    \"id\": \"/Subscriptions/4d368445-cbb1-42a7-97a6-6850ab99f48e/Providers/Microsoft.Compute/Locations/eastasia/Publishers/McAfee.EndpointSecurity\"\r\n  },\r\n  {\r\n    \"location\": \"eastasia\",\r\n    \"name\": \"metavistech\",\r\n    \"id\": \"/Subscriptions/4d368445-cbb1-42a7-97a6-6850ab99f48e/Providers/Microsoft.Compute/Locations/eastasia/Publishers/metavistech\"\r\n  },\r\n  {\r\n    \"location\": \"eastasia\",\r\n    \"name\": \"Microsoft.Azure.Applications\",\r\n    \"id\": \"/Subscriptions/4d368445-cbb1-42a7-97a6-6850ab99f48e/Providers/Microsoft.Compute/Locations/eastasia/Publishers/Microsoft.Azure.Applications\"\r\n  },\r\n  {\r\n    \"location\": \"eastasia\",\r\n    \"name\": \"Microsoft.Azure.Diagnostics\",\r\n    \"id\": \"/Subscriptions/4d368445-cbb1-42a7-97a6-6850ab99f48e/Providers/Microsoft.Compute/Locations/eastasia/Publishers/Microsoft.Azure.Diagnostics\"\r\n  },\r\n  {\r\n    \"location\": \"eastasia\",\r\n    \"name\": \"Microsoft.Azure.RecoveryServices\",\r\n    \"id\": \"/Subscriptions/4d368445-cbb1-42a7-97a6-6850ab99f48e/Providers/Microsoft.Compute/Locations/eastasia/Publishers/Microsoft.Azure.RecoveryServices\"\r\n  },\r\n  {\r\n    \"location\": \"eastasia\",\r\n    \"name\": \"Microsoft.Azure.Security\",\r\n    \"id\": \"/Subscriptions/4d368445-cbb1-42a7-97a6-6850ab99f48e/Providers/Microsoft.Compute/Locations/eastasia/Publishers/Microsoft.Azure.Security\"\r\n  },\r\n  {\r\n    \"location\": \"eastasia\",\r\n    \"name\": \"Microsoft.AzureCAT.AzureEnhancedMonitoring\",\r\n    \"id\": \"/Subscriptions/4d368445-cbb1-42a7-97a6-6850ab99f48e/Providers/Microsoft.Compute/Locations/eastasia/Publishers/Microsoft.AzureCAT.AzureEnhancedMonitoring\"\r\n  },\r\n  {\r\n    \"location\": \"eastasia\",\r\n    \"name\": \"Microsoft.Compute\",\r\n    \"id\": \"/Subscriptions/4d368445-cbb1-42a7-97a6-6850ab99f48e/Providers/Microsoft.Compute/Locations/eastasia/Publishers/Microsoft.Compute\"\r\n  },\r\n  {\r\n    \"location\": \"eastasia\",\r\n    \"name\": \"Microsoft.EnterpriseCloud.Monitoring\",\r\n    \"id\": \"/Subscriptions/4d368445-cbb1-42a7-97a6-6850ab99f48e/Providers/Microsoft.Compute/Locations/eastasia/Publishers/Microsoft.EnterpriseCloud.Monitoring\"\r\n  },\r\n  {\r\n    \"location\": \"eastasia\",\r\n    \"name\": \"Microsoft.HpcCompute\",\r\n    \"id\": \"/Subscriptions/4d368445-cbb1-42a7-97a6-6850ab99f48e/Providers/Microsoft.Compute/Locations/eastasia/Publishers/Microsoft.HpcCompute\"\r\n  },\r\n  {\r\n    \"location\": \"eastasia\",\r\n    \"name\": \"Microsoft.HpcPack\",\r\n    \"id\": \"/Subscriptions/4d368445-cbb1-42a7-97a6-6850ab99f48e/Providers/Microsoft.Compute/Locations/eastasia/Publishers/Microsoft.HpcPack\"\r\n  },\r\n  {\r\n    \"location\": \"eastasia\",\r\n    \"name\": \"Microsoft.OSTCExtensions\",\r\n    \"id\": \"/Subscriptions/4d368445-cbb1-42a7-97a6-6850ab99f48e/Providers/Microsoft.Compute/Locations/eastasia/Publishers/Microsoft.OSTCExtensions\"\r\n  },\r\n  {\r\n    \"location\": \"eastasia\",\r\n    \"name\": \"Microsoft.Powershell\",\r\n    \"id\": \"/Subscriptions/4d368445-cbb1-42a7-97a6-6850ab99f48e/Providers/Microsoft.Compute/Locations/eastasia/Publishers/Microsoft.Powershell\"\r\n  },\r\n  {\r\n    \"location\": \"eastasia\",\r\n    \"name\": \"Microsoft.SqlServer.Management\",\r\n    \"id\": \"/Subscriptions/4d368445-cbb1-42a7-97a6-6850ab99f48e/Providers/Microsoft.Compute/Locations/eastasia/Publishers/Microsoft.SqlServer.Management\"\r\n  },\r\n  {\r\n    \"location\": \"eastasia\",\r\n    \"name\": \"Microsoft.SystemCenter\",\r\n    \"id\": \"/Subscriptions/4d368445-cbb1-42a7-97a6-6850ab99f48e/Providers/Microsoft.Compute/Locations/eastasia/Publishers/Microsoft.SystemCenter\"\r\n  },\r\n  {\r\n    \"location\": \"eastasia\",\r\n    \"name\": \"Microsoft.WindowsAzure.Compute\",\r\n    \"id\": \"/Subscriptions/4d368445-cbb1-42a7-97a6-6850ab99f48e/Providers/Microsoft.Compute/Locations/eastasia/Publishers/Microsoft.WindowsAzure.Compute\"\r\n  },\r\n  {\r\n    \"location\": \"eastasia\",\r\n    \"name\": \"MicrosoftAzureSiteRecovery\",\r\n    \"id\": \"/Subscriptions/4d368445-cbb1-42a7-97a6-6850ab99f48e/Providers/Microsoft.Compute/Locations/eastasia/Publishers/MicrosoftAzureSiteRecovery\"\r\n  },\r\n  {\r\n    \"location\": \"eastasia\",\r\n    \"name\": \"MicrosoftDynamicsAX\",\r\n    \"id\": \"/Subscriptions/4d368445-cbb1-42a7-97a6-6850ab99f48e/Providers/Microsoft.Compute/Locations/eastasia/Publishers/MicrosoftDynamicsAX\"\r\n  },\r\n  {\r\n    \"location\": \"eastasia\",\r\n    \"name\": \"MicrosoftDynamicsNAV\",\r\n    \"id\": \"/Subscriptions/4d368445-cbb1-42a7-97a6-6850ab99f48e/Providers/Microsoft.Compute/Locations/eastasia/Publishers/MicrosoftDynamicsNAV\"\r\n  },\r\n  {\r\n    \"location\": \"eastasia\",\r\n    \"name\": \"MicrosoftHybridCloudStorage\",\r\n    \"id\": \"/Subscriptions/4d368445-cbb1-42a7-97a6-6850ab99f48e/Providers/Microsoft.Compute/Locations/eastasia/Publishers/MicrosoftHybridCloudStorage\"\r\n  },\r\n  {\r\n    \"location\": \"eastasia\",\r\n    \"name\": \"MicrosoftSharePoint\",\r\n    \"id\": \"/Subscriptions/4d368445-cbb1-42a7-97a6-6850ab99f48e/Providers/Microsoft.Compute/Locations/eastasia/Publishers/MicrosoftSharePoint\"\r\n  },\r\n  {\r\n    \"location\": \"eastasia\",\r\n    \"name\": \"MicrosoftSQLServer\",\r\n    \"id\": \"/Subscriptions/4d368445-cbb1-42a7-97a6-6850ab99f48e/Providers/Microsoft.Compute/Locations/eastasia/Publishers/MicrosoftSQLServer\"\r\n  },\r\n  {\r\n    \"location\": \"eastasia\",\r\n    \"name\": \"MicrosoftVisualStudio\",\r\n    \"id\": \"/Subscriptions/4d368445-cbb1-42a7-97a6-6850ab99f48e/Providers/Microsoft.Compute/Locations/eastasia/Publishers/MicrosoftVisualStudio\"\r\n  },\r\n  {\r\n    \"location\": \"eastasia\",\r\n    \"name\": \"MicrosoftWindowsServer\",\r\n    \"id\": \"/Subscriptions/4d368445-cbb1-42a7-97a6-6850ab99f48e/Providers/Microsoft.Compute/Locations/eastasia/Publishers/MicrosoftWindowsServer\"\r\n  },\r\n  {\r\n    \"location\": \"eastasia\",\r\n    \"name\": \"MicrosoftWindowsServerEssentials\",\r\n    \"id\": \"/Subscriptions/4d368445-cbb1-42a7-97a6-6850ab99f48e/Providers/Microsoft.Compute/Locations/eastasia/Publishers/MicrosoftWindowsServerEssentials\"\r\n  },\r\n  {\r\n    \"location\": \"eastasia\",\r\n    \"name\": \"MicrosoftWindowsServerHPCPack\",\r\n    \"id\": \"/Subscriptions/4d368445-cbb1-42a7-97a6-6850ab99f48e/Providers/Microsoft.Compute/Locations/eastasia/Publishers/MicrosoftWindowsServerHPCPack\"\r\n  },\r\n  {\r\n    \"location\": \"eastasia\",\r\n    \"name\": \"msopentech\",\r\n    \"id\": \"/Subscriptions/4d368445-cbb1-42a7-97a6-6850ab99f48e/Providers/Microsoft.Compute/Locations/eastasia/Publishers/msopentech\"\r\n  },\r\n  {\r\n    \"location\": \"eastasia\",\r\n    \"name\": \"MSOpenTech.Extensions\",\r\n    \"id\": \"/Subscriptions/4d368445-cbb1-42a7-97a6-6850ab99f48e/Providers/Microsoft.Compute/Locations/eastasia/Publishers/MSOpenTech.Extensions\"\r\n  },\r\n  {\r\n    \"location\": \"eastasia\",\r\n    \"name\": \"OpenLogic\",\r\n    \"id\": \"/Subscriptions/4d368445-cbb1-42a7-97a6-6850ab99f48e/Providers/Microsoft.Compute/Locations/eastasia/Publishers/OpenLogic\"\r\n  },\r\n  {\r\n    \"location\": \"eastasia\",\r\n    \"name\": \"PuppetLabs\",\r\n    \"id\": \"/Subscriptions/4d368445-cbb1-42a7-97a6-6850ab99f48e/Providers/Microsoft.Compute/Locations/eastasia/Publishers/PuppetLabs\"\r\n  },\r\n  {\r\n    \"location\": \"eastasia\",\r\n    \"name\": \"RightScaleLinux\",\r\n    \"id\": \"/Subscriptions/4d368445-cbb1-42a7-97a6-6850ab99f48e/Providers/Microsoft.Compute/Locations/eastasia/Publishers/RightScaleLinux\"\r\n  },\r\n  {\r\n    \"location\": \"eastasia\",\r\n    \"name\": \"RightScaleWindowsServer\",\r\n    \"id\": \"/Subscriptions/4d368445-cbb1-42a7-97a6-6850ab99f48e/Providers/Microsoft.Compute/Locations/eastasia/Publishers/RightScaleWindowsServer\"\r\n  },\r\n  {\r\n    \"location\": \"eastasia\",\r\n    \"name\": \"riverbed\",\r\n    \"id\": \"/Subscriptions/4d368445-cbb1-42a7-97a6-6850ab99f48e/Providers/Microsoft.Compute/Locations/eastasia/Publishers/riverbed\"\r\n  },\r\n  {\r\n    \"location\": \"eastasia\",\r\n    \"name\": \"RiverbedTechnology\",\r\n    \"id\": \"/Subscriptions/4d368445-cbb1-42a7-97a6-6850ab99f48e/Providers/Microsoft.Compute/Locations/eastasia/Publishers/RiverbedTechnology\"\r\n  },\r\n  {\r\n    \"location\": \"eastasia\",\r\n    \"name\": \"saltstack\",\r\n    \"id\": \"/Subscriptions/4d368445-cbb1-42a7-97a6-6850ab99f48e/Providers/Microsoft.Compute/Locations/eastasia/Publishers/saltstack\"\r\n  },\r\n  {\r\n    \"location\": \"eastasia\",\r\n    \"name\": \"scalearc\",\r\n    \"id\": \"/Subscriptions/4d368445-cbb1-42a7-97a6-6850ab99f48e/Providers/Microsoft.Compute/Locations/eastasia/Publishers/scalearc\"\r\n  },\r\n  {\r\n    \"location\": \"eastasia\",\r\n    \"name\": \"seagate\",\r\n    \"id\": \"/Subscriptions/4d368445-cbb1-42a7-97a6-6850ab99f48e/Providers/Microsoft.Compute/Locations/eastasia/Publishers/seagate\"\r\n  },\r\n  {\r\n    \"location\": \"eastasia\",\r\n    \"name\": \"sharefile\",\r\n    \"id\": \"/Subscriptions/4d368445-cbb1-42a7-97a6-6850ab99f48e/Providers/Microsoft.Compute/Locations/eastasia/Publishers/sharefile\"\r\n  },\r\n  {\r\n    \"location\": \"eastasia\",\r\n    \"name\": \"sios_datakeeper\",\r\n    \"id\": \"/Subscriptions/4d368445-cbb1-42a7-97a6-6850ab99f48e/Providers/Microsoft.Compute/Locations/eastasia/Publishers/sios_datakeeper\"\r\n  },\r\n  {\r\n    \"location\": \"eastasia\",\r\n    \"name\": \"sisense\",\r\n    \"id\": \"/Subscriptions/4d368445-cbb1-42a7-97a6-6850ab99f48e/Providers/Microsoft.Compute/Locations/eastasia/Publishers/sisense\"\r\n  },\r\n  {\r\n    \"location\": \"eastasia\",\r\n    \"name\": \"softnas\",\r\n    \"id\": \"/Subscriptions/4d368445-cbb1-42a7-97a6-6850ab99f48e/Providers/Microsoft.Compute/Locations/eastasia/Publishers/softnas\"\r\n  },\r\n  {\r\n    \"location\": \"eastasia\",\r\n    \"name\": \"Symantec\",\r\n    \"id\": \"/Subscriptions/4d368445-cbb1-42a7-97a6-6850ab99f48e/Providers/Microsoft.Compute/Locations/eastasia/Publishers/Symantec\"\r\n  },\r\n  {\r\n    \"location\": \"eastasia\",\r\n    \"name\": \"tavendo\",\r\n    \"id\": \"/Subscriptions/4d368445-cbb1-42a7-97a6-6850ab99f48e/Providers/Microsoft.Compute/Locations/eastasia/Publishers/tavendo\"\r\n  },\r\n  {\r\n    \"location\": \"eastasia\",\r\n    \"name\": \"trendmicro\",\r\n    \"id\": \"/Subscriptions/4d368445-cbb1-42a7-97a6-6850ab99f48e/Providers/Microsoft.Compute/Locations/eastasia/Publishers/trendmicro\"\r\n  },\r\n  {\r\n    \"location\": \"eastasia\",\r\n    \"name\": \"TrendMicro.DeepSecurity\",\r\n    \"id\": \"/Subscriptions/4d368445-cbb1-42a7-97a6-6850ab99f48e/Providers/Microsoft.Compute/Locations/eastasia/Publishers/TrendMicro.DeepSecurity\"\r\n  },\r\n  {\r\n    \"location\": \"eastasia\",\r\n    \"name\": \"TrendMicro.PortalProtect\",\r\n    \"id\": \"/Subscriptions/4d368445-cbb1-42a7-97a6-6850ab99f48e/Providers/Microsoft.Compute/Locations/eastasia/Publishers/TrendMicro.PortalProtect\"\r\n  },\r\n  {\r\n    \"location\": \"eastasia\",\r\n    \"name\": \"veeam\",\r\n    \"id\": \"/Subscriptions/4d368445-cbb1-42a7-97a6-6850ab99f48e/Providers/Microsoft.Compute/Locations/eastasia/Publishers/veeam\"\r\n  },\r\n  {\r\n    \"location\": \"eastasia\",\r\n    \"name\": \"vision_solutions\",\r\n    \"id\": \"/Subscriptions/4d368445-cbb1-42a7-97a6-6850ab99f48e/Providers/Microsoft.Compute/Locations/eastasia/Publishers/vision_solutions\"\r\n  },\r\n  {\r\n    \"location\": \"eastasia\",\r\n    \"name\": \"wowza\",\r\n    \"id\": \"/Subscriptions/4d368445-cbb1-42a7-97a6-6850ab99f48e/Providers/Microsoft.Compute/Locations/eastasia/Publishers/wowza\"\r\n  }\r\n]",
      "ResponseHeaders": {
        "Content-Length": [
          "14133"
        ],
        "Content-Type": [
          "application/json; charset=utf-8"
        ],
        "Expires": [
          "-1"
        ],
        "Pragma": [
          "no-cache"
        ],
        "Strict-Transport-Security": [
          "max-age=31536000; includeSubDomains"
        ],
        "x-ms-request-id": [
          "f9566a71-60be-44e9-9f97-3f6ca885139d"
        ],
        "Cache-Control": [
          "no-cache"
        ],
        "Server": [
          "Microsoft-HTTPAPI/2.0",
          "Microsoft-HTTPAPI/2.0"
        ],
        "x-ms-ratelimit-remaining-subscription-reads": [
          "31981"
        ],
        "x-ms-correlation-request-id": [
          "13a9eb09-7cbd-41be-96ab-40ac89b4aa4d"
        ],
        "x-ms-routing-request-id": [
          "NORTHCENTRALUS:20150426T010354Z:13a9eb09-7cbd-41be-96ab-40ac89b4aa4d"
        ],
        "Date": [
          "Sun, 26 Apr 2015 01:03:54 GMT"
        ]
      },
      "StatusCode": 200
    },
    {
      "RequestUri": "/subscriptions/4d368445-cbb1-42a7-97a6-6850ab99f48e/providers/Microsoft.Compute/locations/westus/publishers/MicrosoftWindowsServer/artifacttypes/vmimage/offers?api-version=2015-05-01-preview",
      "EncodedRequestUri": "L3N1YnNjcmlwdGlvbnMvNGQzNjg0NDUtY2JiMS00MmE3LTk3YTYtNjg1MGFiOTlmNDhlL3Byb3ZpZGVycy9NaWNyb3NvZnQuQ29tcHV0ZS9sb2NhdGlvbnMvd2VzdHVzL3B1Ymxpc2hlcnMvTWljcm9zb2Z0V2luZG93c1NlcnZlci9hcnRpZmFjdHR5cGVzL3ZtaW1hZ2Uvb2ZmZXJzP2FwaS12ZXJzaW9uPTIwMTUtMDUtMDEtcHJldmlldw==",
      "RequestMethod": "GET",
      "RequestBody": "",
      "RequestHeaders": {
        "User-Agent": [
          "Microsoft.Azure.Management.Compute.ComputeManagementClient/5.0.0.0"
        ]
      },
      "ResponseBody": "[\r\n  {\r\n    \"location\": \"eastasia\",\r\n    \"name\": \"WindowsServer\",\r\n    \"id\": \"/Subscriptions/4d368445-cbb1-42a7-97a6-6850ab99f48e/Providers/Microsoft.Compute/Locations/eastasia/Publishers/MicrosoftWindowsServer/ArtifactTypes/VMImage/Offers/WindowsServer\"\r\n  }\r\n]",
      "ResponseHeaders": {
        "Content-Length": [
          "262"
        ],
        "Content-Type": [
          "application/json; charset=utf-8"
        ],
        "Expires": [
          "-1"
        ],
        "Pragma": [
          "no-cache"
        ],
        "Strict-Transport-Security": [
          "max-age=31536000; includeSubDomains"
        ],
        "x-ms-request-id": [
          "f379cba2-0990-4640-abf0-11f6309a124a"
        ],
        "Cache-Control": [
          "no-cache"
        ],
        "Server": [
          "Microsoft-HTTPAPI/2.0",
          "Microsoft-HTTPAPI/2.0"
        ],
        "x-ms-ratelimit-remaining-subscription-reads": [
          "31980"
        ],
        "x-ms-correlation-request-id": [
          "f2031910-6172-46b3-99b4-1dacf937b9a4"
        ],
        "x-ms-routing-request-id": [
          "NORTHCENTRALUS:20150426T010355Z:f2031910-6172-46b3-99b4-1dacf937b9a4"
        ],
        "Date": [
          "Sun, 26 Apr 2015 01:03:55 GMT"
        ]
      },
      "StatusCode": 200
    },
    {
      "RequestUri": "/subscriptions/4d368445-cbb1-42a7-97a6-6850ab99f48e/providers/Microsoft.Compute/locations/westus/publishers/MicrosoftWindowsServer/artifacttypes/vmimage/offers/WindowsServer/skus?api-version=2015-05-01-preview",
      "EncodedRequestUri": "L3N1YnNjcmlwdGlvbnMvNGQzNjg0NDUtY2JiMS00MmE3LTk3YTYtNjg1MGFiOTlmNDhlL3Byb3ZpZGVycy9NaWNyb3NvZnQuQ29tcHV0ZS9sb2NhdGlvbnMvd2VzdHVzL3B1Ymxpc2hlcnMvTWljcm9zb2Z0V2luZG93c1NlcnZlci9hcnRpZmFjdHR5cGVzL3ZtaW1hZ2Uvb2ZmZXJzL1dpbmRvd3NTZXJ2ZXIvc2t1cz9hcGktdmVyc2lvbj0yMDE1LTA1LTAxLXByZXZpZXc=",
      "RequestMethod": "GET",
      "RequestBody": "",
      "RequestHeaders": {
        "User-Agent": [
          "Microsoft.Azure.Management.Compute.ComputeManagementClient/5.0.0.0"
        ]
      },
      "ResponseBody": "[\r\n  {\r\n    \"location\": \"eastasia\",\r\n    \"name\": \"2008-R2-SP1\",\r\n    \"id\": \"/Subscriptions/4d368445-cbb1-42a7-97a6-6850ab99f48e/Providers/Microsoft.Compute/Locations/eastasia/Publishers/MicrosoftWindowsServer/ArtifactTypes/VMImage/Offers/WindowsServer/Skus/2008-R2-SP1\"\r\n  },\r\n  {\r\n    \"location\": \"eastasia\",\r\n    \"name\": \"2012-Datacenter\",\r\n    \"id\": \"/Subscriptions/4d368445-cbb1-42a7-97a6-6850ab99f48e/Providers/Microsoft.Compute/Locations/eastasia/Publishers/MicrosoftWindowsServer/ArtifactTypes/VMImage/Offers/WindowsServer/Skus/2012-Datacenter\"\r\n  },\r\n  {\r\n    \"location\": \"eastasia\",\r\n    \"name\": \"2012-R2-Datacenter\",\r\n    \"id\": \"/Subscriptions/4d368445-cbb1-42a7-97a6-6850ab99f48e/Providers/Microsoft.Compute/Locations/eastasia/Publishers/MicrosoftWindowsServer/ArtifactTypes/VMImage/Offers/WindowsServer/Skus/2012-R2-Datacenter\"\r\n  },\r\n  {\r\n    \"location\": \"eastasia\",\r\n    \"name\": \"Windows-Server-Technical-Preview\",\r\n    \"id\": \"/Subscriptions/4d368445-cbb1-42a7-97a6-6850ab99f48e/Providers/Microsoft.Compute/Locations/eastasia/Publishers/MicrosoftWindowsServer/ArtifactTypes/VMImage/Offers/WindowsServer/Skus/Windows-Server-Technical-Preview\"\r\n  }\r\n]",
      "ResponseHeaders": {
        "Content-Length": [
          "1163"
        ],
        "Content-Type": [
          "application/json; charset=utf-8"
        ],
        "Expires": [
          "-1"
        ],
        "Pragma": [
          "no-cache"
        ],
        "Strict-Transport-Security": [
          "max-age=31536000; includeSubDomains"
        ],
        "x-ms-request-id": [
          "4345dec4-b2e3-4819-8bad-c4e4830e41c3"
        ],
        "Cache-Control": [
          "no-cache"
        ],
        "Server": [
          "Microsoft-HTTPAPI/2.0",
          "Microsoft-HTTPAPI/2.0"
        ],
        "x-ms-ratelimit-remaining-subscription-reads": [
          "31979"
        ],
        "x-ms-correlation-request-id": [
          "e87c5b25-7e99-4b75-bbf0-e128a5903aa3"
        ],
        "x-ms-routing-request-id": [
          "NORTHCENTRALUS:20150426T010356Z:e87c5b25-7e99-4b75-bbf0-e128a5903aa3"
        ],
        "Date": [
          "Sun, 26 Apr 2015 01:03:56 GMT"
        ]
      },
      "StatusCode": 200
    },
    {
      "RequestUri": "/subscriptions/4d368445-cbb1-42a7-97a6-6850ab99f48e/providers/Microsoft.Compute/locations/westus/publishers/MicrosoftWindowsServer/artifacttypes/vmimage/offers/WindowsServer/skus/2008-R2-SP1/versions?api-version=2015-05-01-preview",
      "EncodedRequestUri": "L3N1YnNjcmlwdGlvbnMvNGQzNjg0NDUtY2JiMS00MmE3LTk3YTYtNjg1MGFiOTlmNDhlL3Byb3ZpZGVycy9NaWNyb3NvZnQuQ29tcHV0ZS9sb2NhdGlvbnMvd2VzdHVzL3B1Ymxpc2hlcnMvTWljcm9zb2Z0V2luZG93c1NlcnZlci9hcnRpZmFjdHR5cGVzL3ZtaW1hZ2Uvb2ZmZXJzL1dpbmRvd3NTZXJ2ZXIvc2t1cy8yMDA4LVIyLVNQMS92ZXJzaW9ucz9hcGktdmVyc2lvbj0yMDE1LTA1LTAxLXByZXZpZXc=",
      "RequestMethod": "GET",
      "RequestBody": "",
      "RequestHeaders": {
        "User-Agent": [
          "Microsoft.Azure.Management.Compute.ComputeManagementClient/5.0.0.0"
        ]
      },
      "ResponseBody": "[\r\n  {\r\n    \"location\": \"eastasia\",\r\n    \"name\": \"2.0.201502\",\r\n    \"id\": \"/Subscriptions/4d368445-cbb1-42a7-97a6-6850ab99f48e/Providers/Microsoft.Compute/Locations/eastasia/Publishers/MicrosoftWindowsServer/ArtifactTypes/VMImage/Offers/WindowsServer/Skus/2008-R2-SP1/Versions/2.0.201502\"\r\n  },\r\n  {\r\n    \"location\": \"eastasia\",\r\n    \"name\": \"2.0.201503\",\r\n    \"id\": \"/Subscriptions/4d368445-cbb1-42a7-97a6-6850ab99f48e/Providers/Microsoft.Compute/Locations/eastasia/Publishers/MicrosoftWindowsServer/ArtifactTypes/VMImage/Offers/WindowsServer/Skus/2008-R2-SP1/Versions/2.0.201503\"\r\n  }\r\n]",
      "ResponseHeaders": {
        "Content-Length": [
          "589"
        ],
        "Content-Type": [
          "application/json; charset=utf-8"
        ],
        "Expires": [
          "-1"
        ],
        "Pragma": [
          "no-cache"
        ],
        "Strict-Transport-Security": [
          "max-age=31536000; includeSubDomains"
        ],
        "x-ms-request-id": [
          "78ebe56f-818b-4fca-ae65-04af5b0c8cd4"
        ],
        "Cache-Control": [
          "no-cache"
        ],
        "Server": [
          "Microsoft-HTTPAPI/2.0",
          "Microsoft-HTTPAPI/2.0"
        ],
        "x-ms-ratelimit-remaining-subscription-reads": [
          "31978"
        ],
        "x-ms-correlation-request-id": [
          "30d207c8-de9d-43c5-ac21-93a8b9cbc6e9"
        ],
        "x-ms-routing-request-id": [
          "NORTHCENTRALUS:20150426T010357Z:30d207c8-de9d-43c5-ac21-93a8b9cbc6e9"
        ],
        "Date": [
          "Sun, 26 Apr 2015 01:03:57 GMT"
        ]
      },
      "StatusCode": 200
    },
    {
      "RequestUri": "/subscriptions/4d368445-cbb1-42a7-97a6-6850ab99f48e/providers/Microsoft.Compute/locations/westus/publishers/MicrosoftWindowsServer/artifacttypes/vmimage/offers/WindowsServer/skus/2008-R2-SP1/versions/2.0.201502?api-version=2015-05-01-preview",
      "EncodedRequestUri": "L3N1YnNjcmlwdGlvbnMvNGQzNjg0NDUtY2JiMS00MmE3LTk3YTYtNjg1MGFiOTlmNDhlL3Byb3ZpZGVycy9NaWNyb3NvZnQuQ29tcHV0ZS9sb2NhdGlvbnMvd2VzdHVzL3B1Ymxpc2hlcnMvTWljcm9zb2Z0V2luZG93c1NlcnZlci9hcnRpZmFjdHR5cGVzL3ZtaW1hZ2Uvb2ZmZXJzL1dpbmRvd3NTZXJ2ZXIvc2t1cy8yMDA4LVIyLVNQMS92ZXJzaW9ucy8yLjAuMjAxNTAyP2FwaS12ZXJzaW9uPTIwMTUtMDUtMDEtcHJldmlldw==",
      "RequestMethod": "GET",
      "RequestBody": "",
      "RequestHeaders": {
        "User-Agent": [
          "Microsoft.Azure.Management.Compute.ComputeManagementClient/5.0.0.0"
        ]
      },
      "ResponseBody": "{\r\n  \"properties\": {\r\n    \"osDiskImage\": {\r\n      \"operatingSystem\": \"Windows\"\r\n    },\r\n    \"dataDiskImages\": []\r\n  },\r\n  \"location\": \"eastasia\",\r\n  \"name\": \"2.0.201502\",\r\n  \"id\": \"/Subscriptions/4d368445-cbb1-42a7-97a6-6850ab99f48e/Providers/Microsoft.Compute/Locations/eastasia/Publishers/MicrosoftWindowsServer/ArtifactTypes/VMImage/Offers/WindowsServer/Skus/2008-R2-SP1/Versions/2.0.201502\"\r\n}",
      "ResponseHeaders": {
        "Content-Length": [
          "397"
        ],
        "Content-Type": [
          "application/json; charset=utf-8"
        ],
        "Expires": [
          "-1"
        ],
        "Pragma": [
          "no-cache"
        ],
        "Strict-Transport-Security": [
          "max-age=31536000; includeSubDomains"
        ],
        "x-ms-request-id": [
          "e097f012-7b31-4fba-91b7-fd72caf70d9a"
        ],
        "Cache-Control": [
          "no-cache"
        ],
        "Server": [
          "Microsoft-HTTPAPI/2.0",
          "Microsoft-HTTPAPI/2.0"
        ],
        "x-ms-ratelimit-remaining-subscription-reads": [
          "31977"
        ],
        "x-ms-correlation-request-id": [
          "066d5e96-2544-4c97-ac6e-f5ff5675721c"
        ],
        "x-ms-routing-request-id": [
          "NORTHCENTRALUS:20150426T010358Z:066d5e96-2544-4c97-ac6e-f5ff5675721c"
        ],
        "Date": [
          "Sun, 26 Apr 2015 01:03:58 GMT"
        ]
      },
      "StatusCode": 200
    },
    {
      "RequestUri": "/subscriptions/4d368445-cbb1-42a7-97a6-6850ab99f48e/resourceGroups/pstestrg91/providers/Microsoft.Compute/virtualMachines/vmpstestrg91?api-version=2015-05-01-preview",
      "EncodedRequestUri": "L3N1YnNjcmlwdGlvbnMvNGQzNjg0NDUtY2JiMS00MmE3LTk3YTYtNjg1MGFiOTlmNDhlL3Jlc291cmNlR3JvdXBzL3BzdGVzdHJnOTEvcHJvdmlkZXJzL01pY3Jvc29mdC5Db21wdXRlL3ZpcnR1YWxNYWNoaW5lcy92bXBzdGVzdHJnOTE/YXBpLXZlcnNpb249MjAxNS0wNS0wMS1wcmV2aWV3",
      "RequestMethod": "PUT",
      "RequestBody": "{\r\n  \"plan\": {\r\n    \"name\": \"pstestrg7138\",\r\n    \"publisher\": \"pstestrg7138\",\r\n    \"product\": \"pstestrg7138\",\r\n    \"promotionCode\": \"pstestrg7138\"\r\n  },\r\n  \"properties\": {\r\n    \"hardwareProfile\": {\r\n      \"vmSize\": \"Standard_A0\"\r\n    },\r\n    \"storageProfile\": {\r\n      \"imageReference\": {\r\n        \"publisher\": \"MicrosoftWindowsServer\",\r\n        \"offer\": \"WindowsServer\",\r\n        \"sku\": \"2008-R2-SP1\",\r\n        \"version\": \"2.0.201502\"\r\n      },\r\n      \"osDisk\": {\r\n        \"name\": \"osDisk\",\r\n        \"vhd\": {\r\n          \"uri\": \"https://stopstestrg91.blob.core.windows.net/test/os.vhd\"\r\n        },\r\n        \"caching\": \"ReadWrite\",\r\n        \"createOption\": \"FromImage\"\r\n      },\r\n      \"dataDisks\": []\r\n    },\r\n    \"osProfile\": {\r\n      \"computerName\": \"test\",\r\n      \"adminUsername\": \"Foo12\",\r\n      \"adminPassword\": \"BaR@123pstestrg91\",\r\n      \"windowsConfiguration\": {}\r\n    },\r\n    \"networkProfile\": {\r\n      \"networkInterfaces\": [\r\n        {\r\n          \"properties\": {},\r\n          \"id\": \"/subscriptions/4d368445-cbb1-42a7-97a6-6850ab99f48e/resourceGroups/pstestrg91/providers/Microsoft.Network/networkInterfaces/nicpstestrg91\"\r\n        }\r\n      ]\r\n    }\r\n  },\r\n  \"name\": \"vmpstestrg91\",\r\n  \"location\": \"eastasia\",\r\n  \"tags\": {}\r\n}",
      "RequestHeaders": {
        "Content-Type": [
          "application/json"
        ],
        "Content-Length": [
          "1235"
        ],
        "User-Agent": [
          "Microsoft.Azure.Management.Compute.ComputeManagementClient/5.0.0.0"
        ]
      },
      "ResponseBody": "{\r\n  \"error\": {\r\n    \"code\": \"ResourcePurchaseValidationFailed\",\r\n    \"message\": \"User failed validation to purchase resources. Error message: 'Invalid Request Parameters'\"\r\n  }\r\n}",
      "ResponseHeaders": {
        "Content-Length": [
          "155"
        ],
        "Content-Type": [
          "application/json; charset=utf-8"
        ],
        "Expires": [
          "-1"
        ],
        "Pragma": [
          "no-cache"
        ],
        "x-ms-failure-cause": [
          "gateway"
        ],
        "x-ms-request-id": [
          "d091abb4-fd22-45be-8828-4abde5eb8129"
        ],
        "x-ms-correlation-request-id": [
          "d091abb4-fd22-45be-8828-4abde5eb8129"
        ],
        "x-ms-routing-request-id": [
          "NORTHCENTRALUS:20150426T010414Z:d091abb4-fd22-45be-8828-4abde5eb8129"
        ],
        "Strict-Transport-Security": [
          "max-age=31536000; includeSubDomains"
        ],
        "Cache-Control": [
          "no-cache"
        ],
        "Date": [
          "Sun, 26 Apr 2015 01:04:13 GMT"
        ]
      },
      "StatusCode": 400
    },
    {
      "RequestUri": "/subscriptions/4d368445-cbb1-42a7-97a6-6850ab99f48e/resourcegroups/pstestrg91?api-version=2014-04-01-preview",
      "EncodedRequestUri": "L3N1YnNjcmlwdGlvbnMvNGQzNjg0NDUtY2JiMS00MmE3LTk3YTYtNjg1MGFiOTlmNDhlL3Jlc291cmNlZ3JvdXBzL3BzdGVzdHJnOTE/YXBpLXZlcnNpb249MjAxNC0wNC0wMS1wcmV2aWV3",
      "RequestMethod": "DELETE",
      "RequestBody": "",
      "RequestHeaders": {
        "User-Agent": [
          "Microsoft.Azure.Management.Resources.ResourceManagementClient/2.0.0.0"
        ]
      },
      "ResponseBody": "",
      "ResponseHeaders": {
        "Content-Length": [
          "0"
        ],
        "Expires": [
          "-1"
        ],
        "Pragma": [
          "no-cache"
        ],
        "Retry-After": [
          "15"
        ],
        "x-ms-ratelimit-remaining-subscription-writes": [
          "1195"
        ],
        "x-ms-request-id": [
          "357afc13-dbb8-4ca6-a1da-6b73cbe2c79e"
        ],
        "x-ms-correlation-request-id": [
          "357afc13-dbb8-4ca6-a1da-6b73cbe2c79e"
        ],
        "x-ms-routing-request-id": [
          "NORTHCENTRALUS:20150426T010419Z:357afc13-dbb8-4ca6-a1da-6b73cbe2c79e"
        ],
        "Strict-Transport-Security": [
          "max-age=31536000; includeSubDomains"
        ],
        "Cache-Control": [
          "no-cache"
        ],
        "Date": [
          "Sun, 26 Apr 2015 01:04:18 GMT"
        ],
        "Location": [
          "https://management.azure.com/subscriptions/4d368445-cbb1-42a7-97a6-6850ab99f48e/operationresults/eyJqb2JJZCI6IlJFU09VUkNFR1JPVVBERUxFVElPTkpPQi1QU1RFU1RSRzkxLUVBU1RBU0lBIiwiam9iTG9jYXRpb24iOiJlYXN0YXNpYSJ9?api-version=2014-04-01-preview"
        ]
      },
      "StatusCode": 202
    },
    {
      "RequestUri": "/subscriptions/4d368445-cbb1-42a7-97a6-6850ab99f48e/operationresults/eyJqb2JJZCI6IlJFU09VUkNFR1JPVVBERUxFVElPTkpPQi1QU1RFU1RSRzkxLUVBU1RBU0lBIiwiam9iTG9jYXRpb24iOiJlYXN0YXNpYSJ9?api-version=2014-04-01-preview",
      "EncodedRequestUri": "L3N1YnNjcmlwdGlvbnMvNGQzNjg0NDUtY2JiMS00MmE3LTk3YTYtNjg1MGFiOTlmNDhlL29wZXJhdGlvbnJlc3VsdHMvZXlKcWIySkpaQ0k2SWxKRlUwOVZVa05GUjFKUFZWQkVSVXhGVkVsUFRrcFBRaTFRVTFSRlUxUlNSemt4TFVWQlUxUkJVMGxCSWl3aWFtOWlURzlqWVhScGIyNGlPaUpsWVhOMFlYTnBZU0o5P2FwaS12ZXJzaW9uPTIwMTQtMDQtMDEtcHJldmlldw==",
      "RequestMethod": "GET",
      "RequestBody": "",
      "RequestHeaders": {
        "x-ms-version": [
          "2014-04-01-preview"
        ],
        "User-Agent": [
          "Microsoft.Azure.Management.Resources.ResourceManagementClient/2.0.0.0"
        ]
      },
      "ResponseBody": "",
      "ResponseHeaders": {
        "Content-Length": [
          "0"
        ],
        "Expires": [
          "-1"
        ],
        "Pragma": [
          "no-cache"
        ],
        "Retry-After": [
          "15"
        ],
        "x-ms-ratelimit-remaining-subscription-reads": [
          "31939"
        ],
        "x-ms-request-id": [
          "605f4edf-6141-4da7-9f97-69e916dd956b"
        ],
        "x-ms-correlation-request-id": [
          "605f4edf-6141-4da7-9f97-69e916dd956b"
        ],
        "x-ms-routing-request-id": [
          "NORTHCENTRALUS:20150426T010419Z:605f4edf-6141-4da7-9f97-69e916dd956b"
        ],
        "Strict-Transport-Security": [
          "max-age=31536000; includeSubDomains"
        ],
        "Cache-Control": [
          "no-cache"
        ],
        "Date": [
          "Sun, 26 Apr 2015 01:04:19 GMT"
        ],
        "Location": [
          "https://management.azure.com/subscriptions/4d368445-cbb1-42a7-97a6-6850ab99f48e/operationresults/eyJqb2JJZCI6IlJFU09VUkNFR1JPVVBERUxFVElPTkpPQi1QU1RFU1RSRzkxLUVBU1RBU0lBIiwiam9iTG9jYXRpb24iOiJlYXN0YXNpYSJ9?api-version=2014-04-01-preview"
        ]
      },
      "StatusCode": 202
    },
    {
      "RequestUri": "/subscriptions/4d368445-cbb1-42a7-97a6-6850ab99f48e/operationresults/eyJqb2JJZCI6IlJFU09VUkNFR1JPVVBERUxFVElPTkpPQi1QU1RFU1RSRzkxLUVBU1RBU0lBIiwiam9iTG9jYXRpb24iOiJlYXN0YXNpYSJ9?api-version=2014-04-01-preview",
      "EncodedRequestUri": "L3N1YnNjcmlwdGlvbnMvNGQzNjg0NDUtY2JiMS00MmE3LTk3YTYtNjg1MGFiOTlmNDhlL29wZXJhdGlvbnJlc3VsdHMvZXlKcWIySkpaQ0k2SWxKRlUwOVZVa05GUjFKUFZWQkVSVXhGVkVsUFRrcFBRaTFRVTFSRlUxUlNSemt4TFVWQlUxUkJVMGxCSWl3aWFtOWlURzlqWVhScGIyNGlPaUpsWVhOMFlYTnBZU0o5P2FwaS12ZXJzaW9uPTIwMTQtMDQtMDEtcHJldmlldw==",
      "RequestMethod": "GET",
      "RequestBody": "",
      "RequestHeaders": {
        "x-ms-version": [
          "2014-04-01-preview"
        ],
        "User-Agent": [
          "Microsoft.Azure.Management.Resources.ResourceManagementClient/2.0.0.0"
        ]
      },
      "ResponseBody": "",
      "ResponseHeaders": {
        "Content-Length": [
          "0"
        ],
        "Expires": [
          "-1"
        ],
        "Pragma": [
          "no-cache"
        ],
        "Retry-After": [
          "15"
        ],
        "x-ms-ratelimit-remaining-subscription-reads": [
          "31936"
        ],
        "x-ms-request-id": [
          "587ca786-2a98-4408-85fb-19409290d62f"
        ],
        "x-ms-correlation-request-id": [
          "587ca786-2a98-4408-85fb-19409290d62f"
        ],
        "x-ms-routing-request-id": [
          "NORTHCENTRALUS:20150426T010435Z:587ca786-2a98-4408-85fb-19409290d62f"
        ],
        "Strict-Transport-Security": [
          "max-age=31536000; includeSubDomains"
        ],
        "Cache-Control": [
          "no-cache"
        ],
        "Date": [
          "Sun, 26 Apr 2015 01:04:35 GMT"
        ],
        "Location": [
          "https://management.azure.com/subscriptions/4d368445-cbb1-42a7-97a6-6850ab99f48e/operationresults/eyJqb2JJZCI6IlJFU09VUkNFR1JPVVBERUxFVElPTkpPQi1QU1RFU1RSRzkxLUVBU1RBU0lBIiwiam9iTG9jYXRpb24iOiJlYXN0YXNpYSJ9?api-version=2014-04-01-preview"
        ]
      },
      "StatusCode": 202
    },
    {
      "RequestUri": "/subscriptions/4d368445-cbb1-42a7-97a6-6850ab99f48e/operationresults/eyJqb2JJZCI6IlJFU09VUkNFR1JPVVBERUxFVElPTkpPQi1QU1RFU1RSRzkxLUVBU1RBU0lBIiwiam9iTG9jYXRpb24iOiJlYXN0YXNpYSJ9?api-version=2014-04-01-preview",
      "EncodedRequestUri": "L3N1YnNjcmlwdGlvbnMvNGQzNjg0NDUtY2JiMS00MmE3LTk3YTYtNjg1MGFiOTlmNDhlL29wZXJhdGlvbnJlc3VsdHMvZXlKcWIySkpaQ0k2SWxKRlUwOVZVa05GUjFKUFZWQkVSVXhGVkVsUFRrcFBRaTFRVTFSRlUxUlNSemt4TFVWQlUxUkJVMGxCSWl3aWFtOWlURzlqWVhScGIyNGlPaUpsWVhOMFlYTnBZU0o5P2FwaS12ZXJzaW9uPTIwMTQtMDQtMDEtcHJldmlldw==",
      "RequestMethod": "GET",
      "RequestBody": "",
      "RequestHeaders": {
        "x-ms-version": [
          "2014-04-01-preview"
        ],
        "User-Agent": [
          "Microsoft.Azure.Management.Resources.ResourceManagementClient/2.0.0.0"
        ]
      },
      "ResponseBody": "",
      "ResponseHeaders": {
        "Content-Length": [
          "0"
        ],
        "Expires": [
          "-1"
        ],
        "Pragma": [
          "no-cache"
        ],
        "Retry-After": [
          "15"
        ],
        "x-ms-ratelimit-remaining-subscription-reads": [
          "31935"
        ],
        "x-ms-request-id": [
          "696a3348-f951-4843-9ffd-47ec085dd3b9"
        ],
        "x-ms-correlation-request-id": [
          "696a3348-f951-4843-9ffd-47ec085dd3b9"
        ],
        "x-ms-routing-request-id": [
          "NORTHCENTRALUS:20150426T010450Z:696a3348-f951-4843-9ffd-47ec085dd3b9"
        ],
        "Strict-Transport-Security": [
          "max-age=31536000; includeSubDomains"
        ],
        "Cache-Control": [
          "no-cache"
        ],
        "Date": [
          "Sun, 26 Apr 2015 01:04:50 GMT"
        ],
        "Location": [
          "https://management.azure.com/subscriptions/4d368445-cbb1-42a7-97a6-6850ab99f48e/operationresults/eyJqb2JJZCI6IlJFU09VUkNFR1JPVVBERUxFVElPTkpPQi1QU1RFU1RSRzkxLUVBU1RBU0lBIiwiam9iTG9jYXRpb24iOiJlYXN0YXNpYSJ9?api-version=2014-04-01-preview"
        ]
      },
      "StatusCode": 202
    },
    {
      "RequestUri": "/subscriptions/4d368445-cbb1-42a7-97a6-6850ab99f48e/operationresults/eyJqb2JJZCI6IlJFU09VUkNFR1JPVVBERUxFVElPTkpPQi1QU1RFU1RSRzkxLUVBU1RBU0lBIiwiam9iTG9jYXRpb24iOiJlYXN0YXNpYSJ9?api-version=2014-04-01-preview",
      "EncodedRequestUri": "L3N1YnNjcmlwdGlvbnMvNGQzNjg0NDUtY2JiMS00MmE3LTk3YTYtNjg1MGFiOTlmNDhlL29wZXJhdGlvbnJlc3VsdHMvZXlKcWIySkpaQ0k2SWxKRlUwOVZVa05GUjFKUFZWQkVSVXhGVkVsUFRrcFBRaTFRVTFSRlUxUlNSemt4TFVWQlUxUkJVMGxCSWl3aWFtOWlURzlqWVhScGIyNGlPaUpsWVhOMFlYTnBZU0o5P2FwaS12ZXJzaW9uPTIwMTQtMDQtMDEtcHJldmlldw==",
      "RequestMethod": "GET",
      "RequestBody": "",
      "RequestHeaders": {
        "x-ms-version": [
          "2014-04-01-preview"
        ],
        "User-Agent": [
          "Microsoft.Azure.Management.Resources.ResourceManagementClient/2.0.0.0"
        ]
      },
      "ResponseBody": "",
      "ResponseHeaders": {
        "Content-Length": [
          "0"
        ],
        "Expires": [
          "-1"
        ],
        "Pragma": [
          "no-cache"
        ],
        "Retry-After": [
          "15"
        ],
        "x-ms-ratelimit-remaining-subscription-reads": [
          "31938"
        ],
        "x-ms-request-id": [
          "dc03d34c-f698-4e09-bbe3-fa8ff9bffe97"
        ],
        "x-ms-correlation-request-id": [
          "dc03d34c-f698-4e09-bbe3-fa8ff9bffe97"
        ],
        "x-ms-routing-request-id": [
          "NORTHCENTRALUS:20150426T010506Z:dc03d34c-f698-4e09-bbe3-fa8ff9bffe97"
        ],
        "Strict-Transport-Security": [
          "max-age=31536000; includeSubDomains"
        ],
        "Cache-Control": [
          "no-cache"
        ],
        "Date": [
          "Sun, 26 Apr 2015 01:05:06 GMT"
        ],
        "Location": [
          "https://management.azure.com/subscriptions/4d368445-cbb1-42a7-97a6-6850ab99f48e/operationresults/eyJqb2JJZCI6IlJFU09VUkNFR1JPVVBERUxFVElPTkpPQi1QU1RFU1RSRzkxLUVBU1RBU0lBIiwiam9iTG9jYXRpb24iOiJlYXN0YXNpYSJ9?api-version=2014-04-01-preview"
        ]
      },
      "StatusCode": 202
    },
    {
      "RequestUri": "/subscriptions/4d368445-cbb1-42a7-97a6-6850ab99f48e/operationresults/eyJqb2JJZCI6IlJFU09VUkNFR1JPVVBERUxFVElPTkpPQi1QU1RFU1RSRzkxLUVBU1RBU0lBIiwiam9iTG9jYXRpb24iOiJlYXN0YXNpYSJ9?api-version=2014-04-01-preview",
      "EncodedRequestUri": "L3N1YnNjcmlwdGlvbnMvNGQzNjg0NDUtY2JiMS00MmE3LTk3YTYtNjg1MGFiOTlmNDhlL29wZXJhdGlvbnJlc3VsdHMvZXlKcWIySkpaQ0k2SWxKRlUwOVZVa05GUjFKUFZWQkVSVXhGVkVsUFRrcFBRaTFRVTFSRlUxUlNSemt4TFVWQlUxUkJVMGxCSWl3aWFtOWlURzlqWVhScGIyNGlPaUpsWVhOMFlYTnBZU0o5P2FwaS12ZXJzaW9uPTIwMTQtMDQtMDEtcHJldmlldw==",
      "RequestMethod": "GET",
      "RequestBody": "",
      "RequestHeaders": {
        "x-ms-version": [
          "2014-04-01-preview"
        ],
        "User-Agent": [
          "Microsoft.Azure.Management.Resources.ResourceManagementClient/2.0.0.0"
        ]
      },
      "ResponseBody": "",
      "ResponseHeaders": {
        "Content-Length": [
          "0"
        ],
        "Expires": [
          "-1"
        ],
        "Pragma": [
          "no-cache"
        ],
        "Retry-After": [
          "15"
        ],
        "x-ms-ratelimit-remaining-subscription-reads": [
          "31937"
        ],
        "x-ms-request-id": [
          "654afebb-d27d-4208-ae85-2452972ef09a"
        ],
        "x-ms-correlation-request-id": [
          "654afebb-d27d-4208-ae85-2452972ef09a"
        ],
        "x-ms-routing-request-id": [
          "NORTHCENTRALUS:20150426T010521Z:654afebb-d27d-4208-ae85-2452972ef09a"
        ],
        "Strict-Transport-Security": [
          "max-age=31536000; includeSubDomains"
        ],
        "Cache-Control": [
          "no-cache"
        ],
        "Date": [
          "Sun, 26 Apr 2015 01:05:21 GMT"
        ],
        "Location": [
          "https://management.azure.com/subscriptions/4d368445-cbb1-42a7-97a6-6850ab99f48e/operationresults/eyJqb2JJZCI6IlJFU09VUkNFR1JPVVBERUxFVElPTkpPQi1QU1RFU1RSRzkxLUVBU1RBU0lBIiwiam9iTG9jYXRpb24iOiJlYXN0YXNpYSJ9?api-version=2014-04-01-preview"
        ]
      },
      "StatusCode": 202
    },
    {
      "RequestUri": "/subscriptions/4d368445-cbb1-42a7-97a6-6850ab99f48e/operationresults/eyJqb2JJZCI6IlJFU09VUkNFR1JPVVBERUxFVElPTkpPQi1QU1RFU1RSRzkxLUVBU1RBU0lBIiwiam9iTG9jYXRpb24iOiJlYXN0YXNpYSJ9?api-version=2014-04-01-preview",
      "EncodedRequestUri": "L3N1YnNjcmlwdGlvbnMvNGQzNjg0NDUtY2JiMS00MmE3LTk3YTYtNjg1MGFiOTlmNDhlL29wZXJhdGlvbnJlc3VsdHMvZXlKcWIySkpaQ0k2SWxKRlUwOVZVa05GUjFKUFZWQkVSVXhGVkVsUFRrcFBRaTFRVTFSRlUxUlNSemt4TFVWQlUxUkJVMGxCSWl3aWFtOWlURzlqWVhScGIyNGlPaUpsWVhOMFlYTnBZU0o5P2FwaS12ZXJzaW9uPTIwMTQtMDQtMDEtcHJldmlldw==",
      "RequestMethod": "GET",
      "RequestBody": "",
      "RequestHeaders": {
        "x-ms-version": [
          "2014-04-01-preview"
        ],
        "User-Agent": [
          "Microsoft.Azure.Management.Resources.ResourceManagementClient/2.0.0.0"
        ]
      },
      "ResponseBody": "",
      "ResponseHeaders": {
        "Content-Length": [
          "0"
        ],
        "Expires": [
          "-1"
        ],
        "Pragma": [
          "no-cache"
        ],
        "Retry-After": [
          "15"
        ],
        "x-ms-ratelimit-remaining-subscription-reads": [
          "31936"
        ],
        "x-ms-request-id": [
          "ed629fa1-033f-47a2-b30e-b2ab9bf99f1d"
        ],
        "x-ms-correlation-request-id": [
          "ed629fa1-033f-47a2-b30e-b2ab9bf99f1d"
        ],
        "x-ms-routing-request-id": [
          "NORTHCENTRALUS:20150426T010537Z:ed629fa1-033f-47a2-b30e-b2ab9bf99f1d"
        ],
        "Strict-Transport-Security": [
          "max-age=31536000; includeSubDomains"
        ],
        "Cache-Control": [
          "no-cache"
        ],
        "Date": [
          "Sun, 26 Apr 2015 01:05:36 GMT"
        ],
        "Location": [
          "https://management.azure.com/subscriptions/4d368445-cbb1-42a7-97a6-6850ab99f48e/operationresults/eyJqb2JJZCI6IlJFU09VUkNFR1JPVVBERUxFVElPTkpPQi1QU1RFU1RSRzkxLUVBU1RBU0lBIiwiam9iTG9jYXRpb24iOiJlYXN0YXNpYSJ9?api-version=2014-04-01-preview"
        ]
      },
      "StatusCode": 202
    },
    {
      "RequestUri": "/subscriptions/4d368445-cbb1-42a7-97a6-6850ab99f48e/operationresults/eyJqb2JJZCI6IlJFU09VUkNFR1JPVVBERUxFVElPTkpPQi1QU1RFU1RSRzkxLUVBU1RBU0lBIiwiam9iTG9jYXRpb24iOiJlYXN0YXNpYSJ9?api-version=2014-04-01-preview",
      "EncodedRequestUri": "L3N1YnNjcmlwdGlvbnMvNGQzNjg0NDUtY2JiMS00MmE3LTk3YTYtNjg1MGFiOTlmNDhlL29wZXJhdGlvbnJlc3VsdHMvZXlKcWIySkpaQ0k2SWxKRlUwOVZVa05GUjFKUFZWQkVSVXhGVkVsUFRrcFBRaTFRVTFSRlUxUlNSemt4TFVWQlUxUkJVMGxCSWl3aWFtOWlURzlqWVhScGIyNGlPaUpsWVhOMFlYTnBZU0o5P2FwaS12ZXJzaW9uPTIwMTQtMDQtMDEtcHJldmlldw==",
      "RequestMethod": "GET",
      "RequestBody": "",
      "RequestHeaders": {
        "x-ms-version": [
          "2014-04-01-preview"
        ],
        "User-Agent": [
          "Microsoft.Azure.Management.Resources.ResourceManagementClient/2.0.0.0"
        ]
      },
      "ResponseBody": "",
      "ResponseHeaders": {
        "Content-Length": [
          "0"
        ],
        "Expires": [
          "-1"
        ],
        "Pragma": [
          "no-cache"
        ],
        "Retry-After": [
          "15"
        ],
        "x-ms-ratelimit-remaining-subscription-reads": [
          "31935"
        ],
        "x-ms-request-id": [
          "bc8b16fd-0eed-4668-a2fd-58dff930344e"
        ],
        "x-ms-correlation-request-id": [
          "bc8b16fd-0eed-4668-a2fd-58dff930344e"
        ],
        "x-ms-routing-request-id": [
          "NORTHCENTRALUS:20150426T010552Z:bc8b16fd-0eed-4668-a2fd-58dff930344e"
        ],
        "Strict-Transport-Security": [
          "max-age=31536000; includeSubDomains"
        ],
        "Cache-Control": [
          "no-cache"
        ],
        "Date": [
          "Sun, 26 Apr 2015 01:05:52 GMT"
        ],
        "Location": [
          "https://management.azure.com/subscriptions/4d368445-cbb1-42a7-97a6-6850ab99f48e/operationresults/eyJqb2JJZCI6IlJFU09VUkNFR1JPVVBERUxFVElPTkpPQi1QU1RFU1RSRzkxLUVBU1RBU0lBIiwiam9iTG9jYXRpb24iOiJlYXN0YXNpYSJ9?api-version=2014-04-01-preview"
        ]
      },
      "StatusCode": 202
    },
    {
      "RequestUri": "/subscriptions/4d368445-cbb1-42a7-97a6-6850ab99f48e/operationresults/eyJqb2JJZCI6IlJFU09VUkNFR1JPVVBERUxFVElPTkpPQi1QU1RFU1RSRzkxLUVBU1RBU0lBIiwiam9iTG9jYXRpb24iOiJlYXN0YXNpYSJ9?api-version=2014-04-01-preview",
      "EncodedRequestUri": "L3N1YnNjcmlwdGlvbnMvNGQzNjg0NDUtY2JiMS00MmE3LTk3YTYtNjg1MGFiOTlmNDhlL29wZXJhdGlvbnJlc3VsdHMvZXlKcWIySkpaQ0k2SWxKRlUwOVZVa05GUjFKUFZWQkVSVXhGVkVsUFRrcFBRaTFRVTFSRlUxUlNSemt4TFVWQlUxUkJVMGxCSWl3aWFtOWlURzlqWVhScGIyNGlPaUpsWVhOMFlYTnBZU0o5P2FwaS12ZXJzaW9uPTIwMTQtMDQtMDEtcHJldmlldw==",
      "RequestMethod": "GET",
      "RequestBody": "",
      "RequestHeaders": {
        "x-ms-version": [
          "2014-04-01-preview"
        ],
        "User-Agent": [
          "Microsoft.Azure.Management.Resources.ResourceManagementClient/2.0.0.0"
        ]
      },
      "ResponseBody": "",
      "ResponseHeaders": {
        "Content-Length": [
          "0"
        ],
        "Expires": [
          "-1"
        ],
        "Pragma": [
          "no-cache"
        ],
        "x-ms-ratelimit-remaining-subscription-reads": [
          "31934"
        ],
        "x-ms-request-id": [
          "e96b400f-7365-4b6d-a553-56864e3a81f2"
        ],
        "x-ms-correlation-request-id": [
          "e96b400f-7365-4b6d-a553-56864e3a81f2"
        ],
        "x-ms-routing-request-id": [
          "NORTHCENTRALUS:20150426T010608Z:e96b400f-7365-4b6d-a553-56864e3a81f2"
        ],
        "Strict-Transport-Security": [
          "max-age=31536000; includeSubDomains"
        ],
        "Cache-Control": [
          "no-cache"
        ],
        "Date": [
          "Sun, 26 Apr 2015 01:06:07 GMT"
        ]
      },
      "StatusCode": 200
    }
  ],
  "Names": {
    "Test-VirtualMachinePlan": [
      "pstestrg91",
      "pstestrg7138"
    ]
  },
  "Variables": {
    "SubscriptionId": "4d368445-cbb1-42a7-97a6-6850ab99f48e",
    "TenantId": "72f988bf-86f1-41af-91ab-2d7cd011db47",
    "Domain": "microsoft.com"
  }
}
