{
  "Entries": [
    {
      "RequestUri": "/subscriptions/3cfb1b34-e5a9-4f98-bf9c-e4d69a6b170c/resourcegroups/ps4597?api-version=2016-09-01",
      "EncodedRequestUri": "L3N1YnNjcmlwdGlvbnMvM2NmYjFiMzQtZTVhOS00Zjk4LWJmOWMtZTRkNjlhNmIxNzBjL3Jlc291cmNlZ3JvdXBzL3BzNDU5Nz9hcGktdmVyc2lvbj0yMDE2LTA5LTAx",
      "RequestMethod": "PUT",
      "RequestBody": "{\r\n  \"location\": \"West US\"\r\n}",
      "RequestHeaders": {
        "Content-Type": [
          "application/json; charset=utf-8"
        ],
        "Content-Length": [
          "29"
        ],
        "x-ms-client-request-id": [
          "cec44091-59f5-4227-a39b-f99e98faa3e6"
        ],
        "accept-language": [
          "en-US"
        ],
        "User-Agent": [
          "FxVersion/4.7.3132.0",
          "OSName/Windows10Enterprise",
          "OSVersion/6.3.17134",
          "Microsoft.Azure.Management.Internal.Resources.ResourceManagementClient/4.1.0"
        ]
      },
      "ResponseBody": "{\r\n  \"id\": \"/subscriptions/3cfb1b34-e5a9-4f98-bf9c-e4d69a6b170c/resourceGroups/ps4597\",\r\n  \"name\": \"ps4597\",\r\n  \"location\": \"westus\",\r\n  \"properties\": {\r\n    \"provisioningState\": \"Succeeded\"\r\n  }\r\n}",
      "ResponseHeaders": {
        "Content-Length": [
          "165"
        ],
        "Content-Type": [
          "application/json; charset=utf-8"
        ],
        "Expires": [
          "-1"
        ],
        "Pragma": [
          "no-cache"
        ],
        "x-ms-ratelimit-remaining-subscription-writes": [
          "1190"
        ],
        "x-ms-request-id": [
          "5d775d13-ab6c-46e9-8c43-e279db864908"
        ],
        "x-ms-correlation-request-id": [
          "5d775d13-ab6c-46e9-8c43-e279db864908"
        ],
        "x-ms-routing-request-id": [
          "WESTEUROPE:20180910T190548Z:5d775d13-ab6c-46e9-8c43-e279db864908"
        ],
        "Strict-Transport-Security": [
          "max-age=31536000; includeSubDomains"
        ],
        "X-Content-Type-Options": [
          "nosniff"
        ],
        "Cache-Control": [
          "no-cache"
        ],
        "Date": [
          "Mon, 10 Sep 2018 19:05:47 GMT"
        ]
      },
      "StatusCode": 201
    },
    {
      "RequestUri": "/subscriptions/3cfb1b34-e5a9-4f98-bf9c-e4d69a6b170c/resourceGroups/ps4597/providers/Microsoft.Network/dnsZones/ps9237.pstest.test?api-version=2018-05-01",
      "EncodedRequestUri": "L3N1YnNjcmlwdGlvbnMvM2NmYjFiMzQtZTVhOS00Zjk4LWJmOWMtZTRkNjlhNmIxNzBjL3Jlc291cmNlR3JvdXBzL3BzNDU5Ny9wcm92aWRlcnMvTWljcm9zb2Z0Lk5ldHdvcmsvZG5zWm9uZXMvcHM5MjM3LnBzdGVzdC50ZXN0P2FwaS12ZXJzaW9uPTIwMTgtMDUtMDE=",
      "RequestMethod": "PUT",
      "RequestBody": "{\r\n  \"properties\": {\r\n    \"zoneType\": \"Public\",\r\n    \"registrationVirtualNetworks\": [],\r\n    \"resolutionVirtualNetworks\": []\r\n  },\r\n  \"location\": \"global\"\r\n}",
      "RequestHeaders": {
        "Content-Type": [
          "application/json; charset=utf-8"
        ],
        "Content-Length": [
          "157"
        ],
        "x-ms-client-request-id": [
          "20ac2bd2-0050-4038-a51f-3277f525b80c"
        ],
        "If-None-Match": [
          "*"
        ],
        "accept-language": [
          "en-US"
        ],
        "User-Agent": [
          "FxVersion/4.7.3132.0",
          "OSName/Windows10Enterprise",
          "OSVersion/6.3.17134",
          "Microsoft.Azure.Management.Dns.DnsManagementClient/3.0.0.0"
        ]
      },
      "ResponseBody": "{\r\n  \"id\": \"/subscriptions/3cfb1b34-e5a9-4f98-bf9c-e4d69a6b170c/resourceGroups/ps4597/providers/Microsoft.Network/dnszones/ps9237.pstest.test\",\r\n  \"name\": \"ps9237.pstest.test\",\r\n  \"type\": \"Microsoft.Network/dnszones\",\r\n  \"etag\": \"00000002-0000-0000-0acc-b8493949d401\",\r\n  \"location\": \"global\",\r\n  \"tags\": {},\r\n  \"properties\": {\r\n    \"maxNumberOfRecordSets\": 10000000,\r\n    \"maxNumberOfRecordsPerRecordSet\": null,\r\n    \"nameServers\": [\r\n      \"ns1-01.daily.azure-dns.com.\",\r\n      \"ns2-01.daily.azure-dns.net.\",\r\n      \"ns3-01.daily.azure-dns.org.\",\r\n      \"ns4-01.daily.azure-dns.info.\"\r\n    ],\r\n    \"numberOfRecordSets\": 2,\r\n    \"zoneType\": \"Public\"\r\n  }\r\n}",
      "ResponseHeaders": {
        "Content-Length": [
          "553"
        ],
        "Content-Type": [
          "application/json; charset=utf-8"
        ],
        "X-Content-Type-Options": [
          "nosniff"
        ],
        "Strict-Transport-Security": [
          "max-age=31536000; includeSubDomains"
        ],
        "x-ms-request-id": [
          "20ac2bd2-0050-4038-a51f-3277f525b80c"
        ],
        "x-ms-ratelimit-remaining-subscription-resource-requests": [
          "5998"
        ],
        "x-ms-correlation-request-id": [
          "7c9a9ff5-0e14-4f2c-b301-14b5579aac93"
        ],
        "x-ms-routing-request-id": [
          "WESTEUROPE:20180910T190550Z:7c9a9ff5-0e14-4f2c-b301-14b5579aac93"
        ],
        "Cache-Control": [
          "private"
        ],
        "Date": [
          "Mon, 10 Sep 2018 19:05:50 GMT"
        ],
        "ETag": [
          "00000002-0000-0000-0acc-b8493949d401"
        ],
        "Server": [
          "Microsoft-IIS/8.5"
        ],
        "X-AspNet-Version": [
          "4.0.30319"
        ],
        "X-Powered-By": [
          "ASP.NET"
        ]
      },
      "StatusCode": 201
    },
    {
      "RequestUri": "/subscriptions/3cfb1b34-e5a9-4f98-bf9c-e4d69a6b170c/resourceGroups/ps4597/providers/Microsoft.Network/dnsZones/ps9237.pstest.test/NS/ps8775?api-version=2018-05-01",
      "EncodedRequestUri": "L3N1YnNjcmlwdGlvbnMvM2NmYjFiMzQtZTVhOS00Zjk4LWJmOWMtZTRkNjlhNmIxNzBjL3Jlc291cmNlR3JvdXBzL3BzNDU5Ny9wcm92aWRlcnMvTWljcm9zb2Z0Lk5ldHdvcmsvZG5zWm9uZXMvcHM5MjM3LnBzdGVzdC50ZXN0L05TL3BzODc3NT9hcGktdmVyc2lvbj0yMDE4LTA1LTAx",
      "RequestMethod": "PUT",
      "RequestBody": "{\r\n  \"properties\": {\r\n    \"TTL\": 100,\r\n    \"NSRecords\": []\r\n  }\r\n}",
      "RequestHeaders": {
        "Content-Type": [
          "application/json; charset=utf-8"
        ],
        "Content-Length": [
          "66"
        ],
        "x-ms-client-request-id": [
          "bc120c0b-0bd6-477e-96a2-9a51eeffa4e7"
        ],
        "If-None-Match": [
          "*"
        ],
        "accept-language": [
          "en-US"
        ],
        "User-Agent": [
          "FxVersion/4.7.3132.0",
          "OSName/Windows10Enterprise",
          "OSVersion/6.3.17134",
          "Microsoft.Azure.Management.Dns.DnsManagementClient/3.0.0.0"
        ]
      },
      "ResponseBody": "{\r\n  \"id\": \"/subscriptions/3cfb1b34-e5a9-4f98-bf9c-e4d69a6b170c/resourceGroups/ps4597/providers/Microsoft.Network/dnszones/ps9237.pstest.test/NS/ps8775\",\r\n  \"name\": \"ps8775\",\r\n  \"type\": \"Microsoft.Network/dnszones/NS\",\r\n  \"etag\": \"6b8fd804-390a-4ef7-ba22-f79da4b20865\",\r\n  \"properties\": {\r\n    \"fqdn\": \"ps8775.ps9237.pstest.test.\",\r\n    \"TTL\": 100,\r\n    \"NSRecords\": [],\r\n    \"targetResource\": {},\r\n    \"provisioningState\": \"Succeeded\"\r\n  }\r\n}",
      "ResponseHeaders": {
        "Content-Length": [
          "389"
        ],
        "Content-Type": [
          "application/json; charset=utf-8"
        ],
        "X-Content-Type-Options": [
          "nosniff"
        ],
        "Strict-Transport-Security": [
          "max-age=31536000; includeSubDomains"
        ],
        "x-ms-request-id": [
          "bc120c0b-0bd6-477e-96a2-9a51eeffa4e7"
        ],
        "x-ms-ratelimit-remaining-subscription-resource-requests": [
          "5999"
        ],
        "x-ms-correlation-request-id": [
          "39707921-55e1-4b8d-8f89-0d9f5675328f"
        ],
        "x-ms-routing-request-id": [
          "WESTEUROPE:20180910T190551Z:39707921-55e1-4b8d-8f89-0d9f5675328f"
        ],
        "Cache-Control": [
          "private"
        ],
        "Date": [
          "Mon, 10 Sep 2018 19:05:51 GMT"
        ],
        "ETag": [
          "6b8fd804-390a-4ef7-ba22-f79da4b20865"
        ],
        "Server": [
          "Microsoft-IIS/8.5"
        ],
        "X-AspNet-Version": [
          "4.0.30319"
        ],
        "X-Powered-By": [
          "ASP.NET"
        ]
      },
      "StatusCode": 201
    },
    {
      "RequestUri": "/subscriptions/3cfb1b34-e5a9-4f98-bf9c-e4d69a6b170c/resourceGroups/ps4597/providers/Microsoft.Network/dnsZones/ps9237.pstest.test/NS/ps8775?api-version=2018-05-01",
      "EncodedRequestUri": "L3N1YnNjcmlwdGlvbnMvM2NmYjFiMzQtZTVhOS00Zjk4LWJmOWMtZTRkNjlhNmIxNzBjL3Jlc291cmNlR3JvdXBzL3BzNDU5Ny9wcm92aWRlcnMvTWljcm9zb2Z0Lk5ldHdvcmsvZG5zWm9uZXMvcHM5MjM3LnBzdGVzdC50ZXN0L05TL3BzODc3NT9hcGktdmVyc2lvbj0yMDE4LTA1LTAx",
      "RequestMethod": "PUT",
      "RequestBody": "{\r\n  \"properties\": {\r\n    \"TTL\": 100,\r\n    \"NSRecords\": [\r\n      {\r\n        \"nsdname\": \"ns1.example.com\"\r\n      },\r\n      {\r\n        \"nsdname\": \"ns2.example.com\"\r\n      }\r\n    ]\r\n  }\r\n}",
      "RequestHeaders": {
        "Content-Type": [
          "application/json; charset=utf-8"
        ],
        "Content-Length": [
          "185"
        ],
        "x-ms-client-request-id": [
          "49cda292-a6a2-458e-8832-006eb546746f"
        ],
        "If-Match": [
          "6b8fd804-390a-4ef7-ba22-f79da4b20865"
        ],
        "accept-language": [
          "en-US"
        ],
        "User-Agent": [
          "FxVersion/4.7.3132.0",
          "OSName/Windows10Enterprise",
          "OSVersion/6.3.17134",
          "Microsoft.Azure.Management.Dns.DnsManagementClient/3.0.0.0"
        ]
      },
      "ResponseBody": "{\r\n  \"id\": \"/subscriptions/3cfb1b34-e5a9-4f98-bf9c-e4d69a6b170c/resourceGroups/ps4597/providers/Microsoft.Network/dnszones/ps9237.pstest.test/NS/ps8775\",\r\n  \"name\": \"ps8775\",\r\n  \"type\": \"Microsoft.Network/dnszones/NS\",\r\n  \"etag\": \"ff8b3e20-2b46-4a3d-91c5-e04df705b654\",\r\n  \"properties\": {\r\n    \"fqdn\": \"ps8775.ps9237.pstest.test.\",\r\n    \"TTL\": 100,\r\n    \"NSRecords\": [\r\n      {\r\n        \"nsdname\": \"ns1.example.com\"\r\n      },\r\n      {\r\n        \"nsdname\": \"ns2.example.com\"\r\n      }\r\n    ],\r\n    \"targetResource\": {},\r\n    \"provisioningState\": \"Succeeded\"\r\n  }\r\n}",
      "ResponseHeaders": {
        "Content-Length": [
          "448"
        ],
        "Content-Type": [
          "application/json; charset=utf-8"
        ],
        "X-Content-Type-Options": [
          "nosniff"
        ],
        "Strict-Transport-Security": [
          "max-age=31536000; includeSubDomains"
        ],
        "x-ms-request-id": [
          "49cda292-a6a2-458e-8832-006eb546746f"
        ],
        "x-ms-ratelimit-remaining-subscription-resource-requests": [
          "5998"
        ],
        "x-ms-correlation-request-id": [
          "f58a151a-5d27-4f8b-b09a-37c0eb32ef74"
        ],
        "x-ms-routing-request-id": [
          "WESTEUROPE:20180910T190552Z:f58a151a-5d27-4f8b-b09a-37c0eb32ef74"
        ],
        "Cache-Control": [
          "private"
        ],
        "Date": [
          "Mon, 10 Sep 2018 19:05:52 GMT"
        ],
        "ETag": [
          "ff8b3e20-2b46-4a3d-91c5-e04df705b654"
        ],
        "Server": [
          "Microsoft-IIS/8.5"
        ],
        "X-AspNet-Version": [
          "4.0.30319"
        ],
        "X-Powered-By": [
          "ASP.NET"
        ]
      },
      "StatusCode": 200
    },
    {
      "RequestUri": "/subscriptions/3cfb1b34-e5a9-4f98-bf9c-e4d69a6b170c/resourceGroups/ps4597/providers/Microsoft.Network/dnsZones/ps9237.pstest.test/NS/ps8775?api-version=2018-05-01",
      "EncodedRequestUri": "L3N1YnNjcmlwdGlvbnMvM2NmYjFiMzQtZTVhOS00Zjk4LWJmOWMtZTRkNjlhNmIxNzBjL3Jlc291cmNlR3JvdXBzL3BzNDU5Ny9wcm92aWRlcnMvTWljcm9zb2Z0Lk5ldHdvcmsvZG5zWm9uZXMvcHM5MjM3LnBzdGVzdC50ZXN0L05TL3BzODc3NT9hcGktdmVyc2lvbj0yMDE4LTA1LTAx",
      "RequestMethod": "GET",
      "RequestBody": "",
      "RequestHeaders": {
        "x-ms-client-request-id": [
          "22cace56-49cc-4b36-a7de-ef238eb85d12"
        ],
        "accept-language": [
          "en-US"
        ],
        "User-Agent": [
          "FxVersion/4.7.3132.0",
          "OSName/Windows10Enterprise",
          "OSVersion/6.3.17134",
          "Microsoft.Azure.Management.Dns.DnsManagementClient/3.0.0.0"
        ]
      },
      "ResponseBody": "{\r\n  \"id\": \"/subscriptions/3cfb1b34-e5a9-4f98-bf9c-e4d69a6b170c/resourceGroups/ps4597/providers/Microsoft.Network/dnszones/ps9237.pstest.test/NS/ps8775\",\r\n  \"name\": \"ps8775\",\r\n  \"type\": \"Microsoft.Network/dnszones/NS\",\r\n  \"etag\": \"ff8b3e20-2b46-4a3d-91c5-e04df705b654\",\r\n  \"properties\": {\r\n    \"fqdn\": \"ps8775.ps9237.pstest.test.\",\r\n    \"TTL\": 100,\r\n    \"NSRecords\": [\r\n      {\r\n        \"nsdname\": \"ns1.example.com\"\r\n      },\r\n      {\r\n        \"nsdname\": \"ns2.example.com\"\r\n      }\r\n    ],\r\n    \"targetResource\": {},\r\n    \"provisioningState\": \"Succeeded\"\r\n  }\r\n}",
      "ResponseHeaders": {
        "Content-Length": [
          "448"
        ],
        "Content-Type": [
          "application/json; charset=utf-8"
        ],
        "X-Content-Type-Options": [
          "nosniff"
        ],
        "Strict-Transport-Security": [
          "max-age=31536000; includeSubDomains"
        ],
        "x-ms-request-id": [
          "22cace56-49cc-4b36-a7de-ef238eb85d12"
        ],
        "x-ms-ratelimit-remaining-subscription-resource-requests": [
          "5999"
        ],
        "x-ms-correlation-request-id": [
          "99215b4f-ea5a-4e60-8102-f80077a6a038"
        ],
        "x-ms-routing-request-id": [
          "WESTEUROPE:20180910T190553Z:99215b4f-ea5a-4e60-8102-f80077a6a038"
        ],
        "Cache-Control": [
          "private"
        ],
        "Date": [
          "Mon, 10 Sep 2018 19:05:52 GMT"
        ],
        "ETag": [
          "ff8b3e20-2b46-4a3d-91c5-e04df705b654"
        ],
        "Server": [
          "Microsoft-IIS/8.5"
        ],
        "X-AspNet-Version": [
          "4.0.30319"
        ],
        "X-Powered-By": [
          "ASP.NET"
        ]
      },
      "StatusCode": 200
    },
    {
      "RequestUri": "/subscriptions/3cfb1b34-e5a9-4f98-bf9c-e4d69a6b170c/resourceGroups/ps4597/providers/Microsoft.Network/dnsZones/ps9237.pstest.test/NS?api-version=2018-05-01",
      "EncodedRequestUri": "L3N1YnNjcmlwdGlvbnMvM2NmYjFiMzQtZTVhOS00Zjk4LWJmOWMtZTRkNjlhNmIxNzBjL3Jlc291cmNlR3JvdXBzL3BzNDU5Ny9wcm92aWRlcnMvTWljcm9zb2Z0Lk5ldHdvcmsvZG5zWm9uZXMvcHM5MjM3LnBzdGVzdC50ZXN0L05TP2FwaS12ZXJzaW9uPTIwMTgtMDUtMDE=",
      "RequestMethod": "GET",
      "RequestBody": "",
      "RequestHeaders": {
        "x-ms-client-request-id": [
          "98126b51-ee51-4188-8d20-2ee4fc83eeca"
        ],
        "accept-language": [
          "en-US"
        ],
        "User-Agent": [
          "FxVersion/4.7.3132.0",
          "OSName/Windows10Enterprise",
          "OSVersion/6.3.17134",
          "Microsoft.Azure.Management.Dns.DnsManagementClient/3.0.0.0"
        ]
      },
      "ResponseBody": "{\r\n  \"value\": [\r\n    {\r\n      \"id\": \"/subscriptions/3cfb1b34-e5a9-4f98-bf9c-e4d69a6b170c/resourceGroups/ps4597/providers/Microsoft.Network/dnszones/ps9237.pstest.test/NS/@\",\r\n      \"name\": \"@\",\r\n      \"type\": \"Microsoft.Network/dnszones/NS\",\r\n      \"etag\": \"7409b398-22ab-449b-ae1f-feee19eb2461\",\r\n      \"properties\": {\r\n        \"fqdn\": \"ps9237.pstest.test.\",\r\n        \"TTL\": 172800,\r\n        \"NSRecords\": [\r\n          {\r\n            \"nsdname\": \"ns1-01.daily.azure-dns.com.\"\r\n          },\r\n          {\r\n            \"nsdname\": \"ns2-01.daily.azure-dns.net.\"\r\n          },\r\n          {\r\n            \"nsdname\": \"ns3-01.daily.azure-dns.org.\"\r\n          },\r\n          {\r\n            \"nsdname\": \"ns4-01.daily.azure-dns.info.\"\r\n          }\r\n        ],\r\n        \"targetResource\": {},\r\n        \"provisioningState\": \"Succeeded\"\r\n      }\r\n    },\r\n    {\r\n      \"id\": \"/subscriptions/3cfb1b34-e5a9-4f98-bf9c-e4d69a6b170c/resourceGroups/ps4597/providers/Microsoft.Network/dnszones/ps9237.pstest.test/NS/ps8775\",\r\n      \"name\": \"ps8775\",\r\n      \"type\": \"Microsoft.Network/dnszones/NS\",\r\n      \"etag\": \"ff8b3e20-2b46-4a3d-91c5-e04df705b654\",\r\n      \"properties\": {\r\n        \"fqdn\": \"ps8775.ps9237.pstest.test.\",\r\n        \"TTL\": 100,\r\n        \"NSRecords\": [\r\n          {\r\n            \"nsdname\": \"ns1.example.com\"\r\n          },\r\n          {\r\n            \"nsdname\": \"ns2.example.com\"\r\n          }\r\n        ],\r\n        \"targetResource\": {},\r\n        \"provisioningState\": \"Succeeded\"\r\n      }\r\n    }\r\n  ]\r\n}",
      "ResponseHeaders": {
        "Content-Length": [
          "1004"
        ],
        "Content-Type": [
          "application/json; charset=utf-8"
        ],
        "X-Content-Type-Options": [
          "nosniff"
        ],
        "Strict-Transport-Security": [
          "max-age=31536000; includeSubDomains"
        ],
        "x-ms-request-id": [
          "98126b51-ee51-4188-8d20-2ee4fc83eeca"
        ],
        "x-ms-ratelimit-remaining-subscription-resource-requests": [
          "5998"
        ],
        "x-ms-correlation-request-id": [
          "db5be902-ed06-406f-a81b-4566b311ae9a"
        ],
        "x-ms-routing-request-id": [
          "WESTEUROPE:20180910T190553Z:db5be902-ed06-406f-a81b-4566b311ae9a"
        ],
        "Cache-Control": [
          "private"
        ],
        "Date": [
          "Mon, 10 Sep 2018 19:05:52 GMT"
        ],
        "Server": [
          "Microsoft-IIS/8.5"
        ],
        "X-AspNet-Version": [
          "4.0.30319"
        ],
        "X-Powered-By": [
          "ASP.NET"
        ]
      },
      "StatusCode": 200
    },
    {
      "RequestUri": "/subscriptions/3cfb1b34-e5a9-4f98-bf9c-e4d69a6b170c/resourceGroups/ps4597/providers/Microsoft.Network/dnsZones/ps9237.pstest.test/NS/ps8775?api-version=2018-05-01",
      "EncodedRequestUri": "L3N1YnNjcmlwdGlvbnMvM2NmYjFiMzQtZTVhOS00Zjk4LWJmOWMtZTRkNjlhNmIxNzBjL3Jlc291cmNlR3JvdXBzL3BzNDU5Ny9wcm92aWRlcnMvTWljcm9zb2Z0Lk5ldHdvcmsvZG5zWm9uZXMvcHM5MjM3LnBzdGVzdC50ZXN0L05TL3BzODc3NT9hcGktdmVyc2lvbj0yMDE4LTA1LTAx",
      "RequestMethod": "DELETE",
      "RequestBody": "",
      "RequestHeaders": {
        "x-ms-client-request-id": [
          "8e6ace73-1ac3-4004-b6dc-7ad85c9945af"
        ],
        "If-Match": [
          "ff8b3e20-2b46-4a3d-91c5-e04df705b654"
        ],
        "accept-language": [
          "en-US"
        ],
        "User-Agent": [
          "FxVersion/4.7.3132.0",
          "OSName/Windows10Enterprise",
          "OSVersion/6.3.17134",
          "Microsoft.Azure.Management.Dns.DnsManagementClient/3.0.0.0"
        ]
      },
      "ResponseBody": "",
      "ResponseHeaders": {
        "Content-Length": [
          "0"
        ],
        "X-Content-Type-Options": [
          "nosniff"
        ],
        "Strict-Transport-Security": [
          "max-age=31536000; includeSubDomains"
        ],
        "x-ms-request-id": [
          "8e6ace73-1ac3-4004-b6dc-7ad85c9945af"
        ],
        "x-ms-ratelimit-remaining-subscription-resource-requests": [
          "5999"
        ],
        "x-ms-correlation-request-id": [
          "28d737a4-a3fb-42b7-98f7-aca4083b0d80"
        ],
        "x-ms-routing-request-id": [
          "WESTEUROPE:20180910T190554Z:28d737a4-a3fb-42b7-98f7-aca4083b0d80"
        ],
        "Cache-Control": [
          "private"
        ],
        "Date": [
          "Mon, 10 Sep 2018 19:05:53 GMT"
        ],
        "Server": [
          "Microsoft-IIS/8.5"
        ],
        "X-AspNet-Version": [
          "4.0.30319"
        ],
        "X-Powered-By": [
          "ASP.NET"
        ]
      },
      "StatusCode": 200
    },
    {
      "RequestUri": "/subscriptions/3cfb1b34-e5a9-4f98-bf9c-e4d69a6b170c/resourceGroups/ps4597/providers/Microsoft.Network/dnsZones/ps9237.pstest.test?api-version=2018-05-01",
      "EncodedRequestUri": "L3N1YnNjcmlwdGlvbnMvM2NmYjFiMzQtZTVhOS00Zjk4LWJmOWMtZTRkNjlhNmIxNzBjL3Jlc291cmNlR3JvdXBzL3BzNDU5Ny9wcm92aWRlcnMvTWljcm9zb2Z0Lk5ldHdvcmsvZG5zWm9uZXMvcHM5MjM3LnBzdGVzdC50ZXN0P2FwaS12ZXJzaW9uPTIwMTgtMDUtMDE=",
      "RequestMethod": "GET",
      "RequestBody": "",
      "RequestHeaders": {
        "x-ms-client-request-id": [
          "60d9e204-da6a-428e-b5e8-411172341ba7"
        ],
        "accept-language": [
          "en-US"
        ],
        "User-Agent": [
          "FxVersion/4.7.3132.0",
          "OSName/Windows10Enterprise",
          "OSVersion/6.3.17134",
          "Microsoft.Azure.Management.Dns.DnsManagementClient/3.0.0.0"
        ]
      },
      "ResponseBody": "{\r\n  \"id\": \"/subscriptions/3cfb1b34-e5a9-4f98-bf9c-e4d69a6b170c/resourceGroups/ps4597/providers/Microsoft.Network/dnszones/ps9237.pstest.test\",\r\n  \"name\": \"ps9237.pstest.test\",\r\n  \"type\": \"Microsoft.Network/dnszones\",\r\n  \"etag\": \"00000002-0000-0000-0acc-b8493949d401\",\r\n  \"location\": \"global\",\r\n  \"tags\": {},\r\n  \"properties\": {\r\n    \"maxNumberOfRecordSets\": 10000000,\r\n    \"maxNumberOfRecordsPerRecordSet\": null,\r\n    \"nameServers\": [\r\n      \"ns1-01.daily.azure-dns.com.\",\r\n      \"ns2-01.daily.azure-dns.net.\",\r\n      \"ns3-01.daily.azure-dns.org.\",\r\n      \"ns4-01.daily.azure-dns.info.\"\r\n    ],\r\n    \"numberOfRecordSets\": 2,\r\n    \"zoneType\": \"Public\"\r\n  }\r\n}",
      "ResponseHeaders": {
        "Content-Length": [
          "553"
        ],
        "Content-Type": [
          "application/json; charset=utf-8"
        ],
        "X-Content-Type-Options": [
          "nosniff"
        ],
        "Strict-Transport-Security": [
          "max-age=31536000; includeSubDomains"
        ],
        "x-ms-request-id": [
          "60d9e204-da6a-428e-b5e8-411172341ba7"
        ],
        "x-ms-ratelimit-remaining-subscription-resource-requests": [
          "5998"
        ],
        "x-ms-correlation-request-id": [
          "c50a8217-7efa-4409-9e51-d825ccfe679a"
        ],
        "x-ms-routing-request-id": [
          "WESTEUROPE:20180910T190554Z:c50a8217-7efa-4409-9e51-d825ccfe679a"
        ],
        "Cache-Control": [
          "private"
        ],
        "Date": [
          "Mon, 10 Sep 2018 19:05:54 GMT"
        ],
        "ETag": [
          "00000002-0000-0000-0acc-b8493949d401"
        ],
        "Server": [
          "Microsoft-IIS/8.5"
        ],
        "X-AspNet-Version": [
          "4.0.30319"
        ],
        "X-Powered-By": [
          "ASP.NET"
        ]
      },
      "StatusCode": 200
    },
    {
      "RequestUri": "/subscriptions/3cfb1b34-e5a9-4f98-bf9c-e4d69a6b170c/resourceGroups/ps4597/providers/Microsoft.Network/dnsZones/ps9237.pstest.test?api-version=2018-05-01",
      "EncodedRequestUri": "L3N1YnNjcmlwdGlvbnMvM2NmYjFiMzQtZTVhOS00Zjk4LWJmOWMtZTRkNjlhNmIxNzBjL3Jlc291cmNlR3JvdXBzL3BzNDU5Ny9wcm92aWRlcnMvTWljcm9zb2Z0Lk5ldHdvcmsvZG5zWm9uZXMvcHM5MjM3LnBzdGVzdC50ZXN0P2FwaS12ZXJzaW9uPTIwMTgtMDUtMDE=",
      "RequestMethod": "DELETE",
      "RequestBody": "",
      "RequestHeaders": {
        "x-ms-client-request-id": [
          "9cccf6d8-dc94-434c-a9b6-716ed5266973"
        ],
        "If-Match": [
          "*"
        ],
        "accept-language": [
          "en-US"
        ],
        "User-Agent": [
          "FxVersion/4.7.3132.0",
          "OSName/Windows10Enterprise",
          "OSVersion/6.3.17134",
          "Microsoft.Azure.Management.Dns.DnsManagementClient/3.0.0.0"
        ]
      },
      "ResponseBody": "",
      "ResponseHeaders": {
        "Content-Length": [
          "0"
        ],
        "Retry-After": [
          "3"
        ],
        "X-Content-Type-Options": [
          "nosniff"
        ],
        "Strict-Transport-Security": [
          "max-age=31536000; includeSubDomains"
        ],
        "Azure-AsyncOperation": [
          "https://api-dogfood.resources.windows-int.net:443/subscriptions/3cfb1b34-e5a9-4f98-bf9c-e4d69a6b170c/resourceGroups/ps4597/providers/Microsoft.Network/dnsOperationStatuses/delzone6367220315524733486363c27e?api-version=2018-05-01"
        ],
        "x-ms-request-id": [
          "9cccf6d8-dc94-434c-a9b6-716ed5266973"
        ],
        "x-ms-ratelimit-remaining-subscription-resource-requests": [
          "5998"
        ],
        "x-ms-correlation-request-id": [
          "6a0211f4-4397-4a0f-b9e4-e6144c71c882"
        ],
        "x-ms-routing-request-id": [
          "WESTEUROPE:20180910T190555Z:6a0211f4-4397-4a0f-b9e4-e6144c71c882"
        ],
        "Cache-Control": [
          "private"
        ],
        "Date": [
          "Mon, 10 Sep 2018 19:05:54 GMT"
        ],
        "Location": [
          "https://api-dogfood.resources.windows-int.net/subscriptions/3cfb1b34-e5a9-4f98-bf9c-e4d69a6b170c/resourceGroups/ps4597/providers/Microsoft.Network/dnsOperationResults/delzone6367220315524733486363c27e?api-version=2018-05-01"
        ],
        "Server": [
          "Microsoft-IIS/8.5"
        ],
        "X-AspNet-Version": [
          "4.0.30319"
        ],
        "X-Powered-By": [
          "ASP.NET"
        ]
      },
      "StatusCode": 202
    },
    {
      "RequestUri": "/subscriptions/3cfb1b34-e5a9-4f98-bf9c-e4d69a6b170c/resourceGroups/ps4597/providers/Microsoft.Network/dnsOperationStatuses/delzone6367220315524733486363c27e?api-version=2018-05-01",
      "EncodedRequestUri": "L3N1YnNjcmlwdGlvbnMvM2NmYjFiMzQtZTVhOS00Zjk4LWJmOWMtZTRkNjlhNmIxNzBjL3Jlc291cmNlR3JvdXBzL3BzNDU5Ny9wcm92aWRlcnMvTWljcm9zb2Z0Lk5ldHdvcmsvZG5zT3BlcmF0aW9uU3RhdHVzZXMvZGVsem9uZTYzNjcyMjAzMTU1MjQ3MzM0ODYzNjNjMjdlP2FwaS12ZXJzaW9uPTIwMTgtMDUtMDE=",
      "RequestMethod": "GET",
      "RequestBody": "",
      "RequestHeaders": {
        "User-Agent": [
          "FxVersion/4.7.3132.0",
          "OSName/Windows10Enterprise",
          "OSVersion/6.3.17134",
          "Microsoft.Azure.Management.Dns.DnsManagementClient/3.0.0.0"
        ]
      },
      "ResponseBody": "{\r\n  \"status\": \"Succeeded\"\r\n}",
      "ResponseHeaders": {
        "Content-Length": [
          "22"
        ],
        "Content-Type": [
          "application/json; charset=utf-8"
        ],
        "X-Content-Type-Options": [
          "nosniff"
        ],
        "Strict-Transport-Security": [
          "max-age=31536000; includeSubDomains"
        ],
        "x-ms-request-id": [
          "db0f009e-f415-42dc-a86c-e9df40a7c83d"
        ],
        "x-ms-ratelimit-remaining-subscription-resource-requests": [
          "5998"
        ],
        "x-ms-correlation-request-id": [
          "e4ff1a1b-b9fc-4947-923c-10b2459251cd"
        ],
        "x-ms-routing-request-id": [
          "WESTEUROPE:20180910T190605Z:e4ff1a1b-b9fc-4947-923c-10b2459251cd"
        ],
        "Cache-Control": [
          "private"
        ],
        "Date": [
          "Mon, 10 Sep 2018 19:06:05 GMT"
        ],
        "Server": [
          "Microsoft-IIS/8.5"
        ],
        "X-AspNet-Version": [
          "4.0.30319"
        ],
        "X-Powered-By": [
          "ASP.NET"
        ]
      },
      "StatusCode": 200
    },
    {
      "RequestUri": "/subscriptions/3cfb1b34-e5a9-4f98-bf9c-e4d69a6b170c/resourceGroups/ps4597/providers/Microsoft.Network/dnsOperationResults/delzone6367220315524733486363c27e?api-version=2018-05-01",
      "EncodedRequestUri": "L3N1YnNjcmlwdGlvbnMvM2NmYjFiMzQtZTVhOS00Zjk4LWJmOWMtZTRkNjlhNmIxNzBjL3Jlc291cmNlR3JvdXBzL3BzNDU5Ny9wcm92aWRlcnMvTWljcm9zb2Z0Lk5ldHdvcmsvZG5zT3BlcmF0aW9uUmVzdWx0cy9kZWx6b25lNjM2NzIyMDMxNTUyNDczMzQ4NjM2M2MyN2U/YXBpLXZlcnNpb249MjAxOC0wNS0wMQ==",
      "RequestMethod": "GET",
      "RequestBody": "",
      "RequestHeaders": {
        "User-Agent": [
          "FxVersion/4.7.3132.0",
          "OSName/Windows10Enterprise",
          "OSVersion/6.3.17134",
          "Microsoft.Azure.Management.Dns.DnsManagementClient/3.0.0.0"
        ]
      },
      "ResponseBody": "true",
      "ResponseHeaders": {
        "Content-Length": [
          "4"
        ],
        "Content-Type": [
          "application/json; charset=utf-8"
        ],
        "X-Content-Type-Options": [
          "nosniff"
        ],
        "Strict-Transport-Security": [
          "max-age=31536000; includeSubDomains"
        ],
        "x-ms-request-id": [
          "cc245d79-fa9c-4449-8ce0-762ad295c653"
        ],
        "x-ms-ratelimit-remaining-subscription-resource-requests": [
          "5998"
        ],
        "x-ms-correlation-request-id": [
          "b08c357c-f4ee-4531-b10a-6ffdb4b791cb"
        ],
        "x-ms-routing-request-id": [
          "WESTEUROPE:20180910T190606Z:b08c357c-f4ee-4531-b10a-6ffdb4b791cb"
        ],
        "Cache-Control": [
          "private"
        ],
        "Date": [
          "Mon, 10 Sep 2018 19:06:05 GMT"
        ],
        "Server": [
          "Microsoft-IIS/8.5"
        ],
        "X-AspNet-Version": [
          "4.0.30319"
        ],
        "X-Powered-By": [
          "ASP.NET"
        ]
      },
      "StatusCode": 200
    },
    {
      "RequestUri": "/subscriptions/3cfb1b34-e5a9-4f98-bf9c-e4d69a6b170c/resourcegroups/ps4597?api-version=2016-09-01",
      "EncodedRequestUri": "L3N1YnNjcmlwdGlvbnMvM2NmYjFiMzQtZTVhOS00Zjk4LWJmOWMtZTRkNjlhNmIxNzBjL3Jlc291cmNlZ3JvdXBzL3BzNDU5Nz9hcGktdmVyc2lvbj0yMDE2LTA5LTAx",
      "RequestMethod": "DELETE",
      "RequestBody": "",
      "RequestHeaders": {
        "x-ms-client-request-id": [
          "8d8ed5bf-9cf4-4583-bdba-1790e5263485"
        ],
        "accept-language": [
          "en-US"
        ],
        "User-Agent": [
          "FxVersion/4.7.3132.0",
          "OSName/Windows10Enterprise",
          "OSVersion/6.3.17134",
          "Microsoft.Azure.Management.Internal.Resources.ResourceManagementClient/4.1.0"
        ]
      },
      "ResponseBody": "",
      "ResponseHeaders": {
        "Content-Length": [
          "0"
        ],
        "Expires": [
          "-1"
        ],
        "Pragma": [
          "no-cache"
        ],
        "Retry-After": [
          "15"
        ],
        "x-ms-ratelimit-remaining-subscription-deletes": [
          "14988"
        ],
        "x-ms-request-id": [
          "0126d044-f4be-4637-a2e3-fd7758634ec3"
        ],
        "x-ms-correlation-request-id": [
          "0126d044-f4be-4637-a2e3-fd7758634ec3"
        ],
        "x-ms-routing-request-id": [
          "WESTEUROPE:20180910T190607Z:0126d044-f4be-4637-a2e3-fd7758634ec3"
        ],
        "Strict-Transport-Security": [
          "max-age=31536000; includeSubDomains"
        ],
        "X-Content-Type-Options": [
          "nosniff"
        ],
        "Cache-Control": [
          "no-cache"
        ],
        "Date": [
          "Mon, 10 Sep 2018 19:06:07 GMT"
        ],
        "Location": [
          "https://api-dogfood.resources.windows-int.net/subscriptions/3cfb1b34-e5a9-4f98-bf9c-e4d69a6b170c/operationresults/eyJqb2JJZCI6IlJFU09VUkNFR1JPVVBERUxFVElPTkpPQi1QUzQ1OTctV0VTVFVTIiwiam9iTG9jYXRpb24iOiJ3ZXN0dXMifQ?api-version=2016-09-01"
        ]
      },
      "StatusCode": 202
    },
    {
      "RequestUri": "/subscriptions/3cfb1b34-e5a9-4f98-bf9c-e4d69a6b170c/operationresults/eyJqb2JJZCI6IlJFU09VUkNFR1JPVVBERUxFVElPTkpPQi1QUzQ1OTctV0VTVFVTIiwiam9iTG9jYXRpb24iOiJ3ZXN0dXMifQ?api-version=2016-09-01",
      "EncodedRequestUri": "L3N1YnNjcmlwdGlvbnMvM2NmYjFiMzQtZTVhOS00Zjk4LWJmOWMtZTRkNjlhNmIxNzBjL29wZXJhdGlvbnJlc3VsdHMvZXlKcWIySkpaQ0k2SWxKRlUwOVZVa05GUjFKUFZWQkVSVXhGVkVsUFRrcFBRaTFRVXpRMU9UY3RWMFZUVkZWVElpd2lhbTlpVEc5allYUnBiMjRpT2lKM1pYTjBkWE1pZlE/YXBpLXZlcnNpb249MjAxNi0wOS0wMQ==",
      "RequestMethod": "GET",
      "RequestBody": "",
      "RequestHeaders": {
        "User-Agent": [
          "FxVersion/4.7.3132.0",
          "OSName/Windows10Enterprise",
          "OSVersion/6.3.17134",
          "Microsoft.Azure.Management.Internal.Resources.ResourceManagementClient/4.1.0"
        ]
      },
      "ResponseBody": "",
      "ResponseHeaders": {
        "Content-Length": [
          "0"
        ],
        "Expires": [
          "-1"
        ],
        "Pragma": [
          "no-cache"
        ],
        "Retry-After": [
          "15"
        ],
        "x-ms-ratelimit-remaining-subscription-reads": [
          "14961"
        ],
        "x-ms-request-id": [
          "a0311daa-5f83-4fe6-9eec-6d1c12795817"
        ],
        "x-ms-correlation-request-id": [
          "a0311daa-5f83-4fe6-9eec-6d1c12795817"
        ],
        "x-ms-routing-request-id": [
          "WESTEUROPE:20180910T190623Z:a0311daa-5f83-4fe6-9eec-6d1c12795817"
        ],
        "Strict-Transport-Security": [
          "max-age=31536000; includeSubDomains"
        ],
        "X-Content-Type-Options": [
          "nosniff"
        ],
        "Cache-Control": [
          "no-cache"
        ],
        "Date": [
          "Mon, 10 Sep 2018 19:06:22 GMT"
        ],
        "Location": [
          "https://api-dogfood.resources.windows-int.net/subscriptions/3cfb1b34-e5a9-4f98-bf9c-e4d69a6b170c/operationresults/eyJqb2JJZCI6IlJFU09VUkNFR1JPVVBERUxFVElPTkpPQi1QUzQ1OTctV0VTVFVTIiwiam9iTG9jYXRpb24iOiJ3ZXN0dXMifQ?api-version=2016-09-01"
        ]
      },
      "StatusCode": 202
    },
    {
      "RequestUri": "/subscriptions/3cfb1b34-e5a9-4f98-bf9c-e4d69a6b170c/operationresults/eyJqb2JJZCI6IlJFU09VUkNFR1JPVVBERUxFVElPTkpPQi1QUzQ1OTctV0VTVFVTIiwiam9iTG9jYXRpb24iOiJ3ZXN0dXMifQ?api-version=2016-09-01",
      "EncodedRequestUri": "L3N1YnNjcmlwdGlvbnMvM2NmYjFiMzQtZTVhOS00Zjk4LWJmOWMtZTRkNjlhNmIxNzBjL29wZXJhdGlvbnJlc3VsdHMvZXlKcWIySkpaQ0k2SWxKRlUwOVZVa05GUjFKUFZWQkVSVXhGVkVsUFRrcFBRaTFRVXpRMU9UY3RWMFZUVkZWVElpd2lhbTlpVEc5allYUnBiMjRpT2lKM1pYTjBkWE1pZlE/YXBpLXZlcnNpb249MjAxNi0wOS0wMQ==",
      "RequestMethod": "GET",
      "RequestBody": "",
      "RequestHeaders": {
        "User-Agent": [
          "FxVersion/4.7.3132.0",
          "OSName/Windows10Enterprise",
          "OSVersion/6.3.17134",
          "Microsoft.Azure.Management.Internal.Resources.ResourceManagementClient/4.1.0"
        ]
      },
      "ResponseBody": "",
      "ResponseHeaders": {
        "Content-Length": [
          "0"
        ],
        "Expires": [
          "-1"
        ],
        "Pragma": [
          "no-cache"
        ],
        "Retry-After": [
          "15"
        ],
        "x-ms-ratelimit-remaining-subscription-reads": [
          "14960"
        ],
        "x-ms-request-id": [
          "b71d5ffd-c261-4c03-824e-1affd35731d8"
        ],
        "x-ms-correlation-request-id": [
          "b71d5ffd-c261-4c03-824e-1affd35731d8"
        ],
        "x-ms-routing-request-id": [
          "WESTEUROPE:20180910T190638Z:b71d5ffd-c261-4c03-824e-1affd35731d8"
        ],
        "Strict-Transport-Security": [
          "max-age=31536000; includeSubDomains"
        ],
        "X-Content-Type-Options": [
          "nosniff"
        ],
        "Cache-Control": [
          "no-cache"
        ],
        "Date": [
          "Mon, 10 Sep 2018 19:06:38 GMT"
        ],
        "Location": [
          "https://api-dogfood.resources.windows-int.net/subscriptions/3cfb1b34-e5a9-4f98-bf9c-e4d69a6b170c/operationresults/eyJqb2JJZCI6IlJFU09VUkNFR1JPVVBERUxFVElPTkpPQi1QUzQ1OTctV0VTVFVTIiwiam9iTG9jYXRpb24iOiJ3ZXN0dXMifQ?api-version=2016-09-01"
        ]
      },
      "StatusCode": 202
    },
    {
      "RequestUri": "/subscriptions/3cfb1b34-e5a9-4f98-bf9c-e4d69a6b170c/operationresults/eyJqb2JJZCI6IlJFU09VUkNFR1JPVVBERUxFVElPTkpPQi1QUzQ1OTctV0VTVFVTIiwiam9iTG9jYXRpb24iOiJ3ZXN0dXMifQ?api-version=2016-09-01",
      "EncodedRequestUri": "L3N1YnNjcmlwdGlvbnMvM2NmYjFiMzQtZTVhOS00Zjk4LWJmOWMtZTRkNjlhNmIxNzBjL29wZXJhdGlvbnJlc3VsdHMvZXlKcWIySkpaQ0k2SWxKRlUwOVZVa05GUjFKUFZWQkVSVXhGVkVsUFRrcFBRaTFRVXpRMU9UY3RWMFZUVkZWVElpd2lhbTlpVEc5allYUnBiMjRpT2lKM1pYTjBkWE1pZlE/YXBpLXZlcnNpb249MjAxNi0wOS0wMQ==",
      "RequestMethod": "GET",
      "RequestBody": "",
      "RequestHeaders": {
        "User-Agent": [
          "FxVersion/4.7.3132.0",
          "OSName/Windows10Enterprise",
          "OSVersion/6.3.17134",
          "Microsoft.Azure.Management.Internal.Resources.ResourceManagementClient/4.1.0"
        ]
      },
      "ResponseBody": "",
      "ResponseHeaders": {
        "Content-Length": [
          "0"
        ],
        "Expires": [
          "-1"
        ],
        "Pragma": [
          "no-cache"
        ],
        "x-ms-ratelimit-remaining-subscription-reads": [
          "14959"
        ],
        "x-ms-request-id": [
          "77135258-c486-472b-843b-f2166e2502bf"
        ],
        "x-ms-correlation-request-id": [
          "77135258-c486-472b-843b-f2166e2502bf"
        ],
        "x-ms-routing-request-id": [
          "WESTEUROPE:20180910T190654Z:77135258-c486-472b-843b-f2166e2502bf"
        ],
        "Strict-Transport-Security": [
          "max-age=31536000; includeSubDomains"
        ],
        "X-Content-Type-Options": [
          "nosniff"
        ],
        "Cache-Control": [
          "no-cache"
        ],
        "Date": [
          "Mon, 10 Sep 2018 19:06:53 GMT"
        ]
      },
      "StatusCode": 200
    },
    {
      "RequestUri": "/subscriptions/3cfb1b34-e5a9-4f98-bf9c-e4d69a6b170c/operationresults/eyJqb2JJZCI6IlJFU09VUkNFR1JPVVBERUxFVElPTkpPQi1QUzQ1OTctV0VTVFVTIiwiam9iTG9jYXRpb24iOiJ3ZXN0dXMifQ?api-version=2016-09-01",
      "EncodedRequestUri": "L3N1YnNjcmlwdGlvbnMvM2NmYjFiMzQtZTVhOS00Zjk4LWJmOWMtZTRkNjlhNmIxNzBjL29wZXJhdGlvbnJlc3VsdHMvZXlKcWIySkpaQ0k2SWxKRlUwOVZVa05GUjFKUFZWQkVSVXhGVkVsUFRrcFBRaTFRVXpRMU9UY3RWMFZUVkZWVElpd2lhbTlpVEc5allYUnBiMjRpT2lKM1pYTjBkWE1pZlE/YXBpLXZlcnNpb249MjAxNi0wOS0wMQ==",
      "RequestMethod": "GET",
      "RequestBody": "",
      "RequestHeaders": {
        "User-Agent": [
          "FxVersion/4.7.3132.0",
          "OSName/Windows10Enterprise",
          "OSVersion/6.3.17134",
          "Microsoft.Azure.Management.Internal.Resources.ResourceManagementClient/4.1.0"
        ]
      },
      "ResponseBody": "",
      "ResponseHeaders": {
        "Content-Length": [
          "0"
        ],
        "Expires": [
          "-1"
        ],
        "Pragma": [
          "no-cache"
        ],
        "x-ms-ratelimit-remaining-subscription-reads": [
          "14958"
        ],
        "x-ms-request-id": [
          "dab18fce-7d14-4f73-879e-04f662327c93"
        ],
        "x-ms-correlation-request-id": [
          "dab18fce-7d14-4f73-879e-04f662327c93"
        ],
        "x-ms-routing-request-id": [
          "WESTEUROPE:20180910T190654Z:dab18fce-7d14-4f73-879e-04f662327c93"
        ],
        "Strict-Transport-Security": [
          "max-age=31536000; includeSubDomains"
        ],
        "X-Content-Type-Options": [
          "nosniff"
        ],
        "Cache-Control": [
          "no-cache"
        ],
        "Date": [
          "Mon, 10 Sep 2018 19:06:53 GMT"
        ]
      },
      "StatusCode": 200
    }
  ],
  "Names": {
    "Test-RecordSetNS": [
      "ps9237",
      "ps8775",
      "ps4597"
    ]
  },
  "Variables": {
    "SubscriptionId": "3cfb1b34-e5a9-4f98-bf9c-e4d69a6b170c"
  }
}