{
  "Entries": [
    {
      "RequestUri": "/subscriptions/3cfb1b34-e5a9-4f98-bf9c-e4d69a6b170c/resourcegroups/ps7041?api-version=2016-09-01",
      "EncodedRequestUri": "L3N1YnNjcmlwdGlvbnMvM2NmYjFiMzQtZTVhOS00Zjk4LWJmOWMtZTRkNjlhNmIxNzBjL3Jlc291cmNlZ3JvdXBzL3BzNzA0MT9hcGktdmVyc2lvbj0yMDE2LTA5LTAx",
      "RequestMethod": "PUT",
      "RequestBody": "{\r\n  \"location\": \"West US\"\r\n}",
      "RequestHeaders": {
        "Content-Type": [
          "application/json; charset=utf-8"
        ],
        "Content-Length": [
          "29"
        ],
        "x-ms-client-request-id": [
          "22d6f403-0cf6-4cc2-a56a-63ea372f8390"
        ],
        "accept-language": [
          "en-US"
        ],
        "User-Agent": [
          "FxVersion/4.7.3132.0",
          "OSName/Windows10Enterprise",
          "OSVersion/6.3.17134",
          "Microsoft.Azure.Management.Internal.Resources.ResourceManagementClient/4.1.0"
        ]
      },
      "ResponseBody": "{\r\n  \"id\": \"/subscriptions/3cfb1b34-e5a9-4f98-bf9c-e4d69a6b170c/resourceGroups/ps7041\",\r\n  \"name\": \"ps7041\",\r\n  \"location\": \"westus\",\r\n  \"properties\": {\r\n    \"provisioningState\": \"Succeeded\"\r\n  }\r\n}",
      "ResponseHeaders": {
        "Content-Length": [
          "165"
        ],
        "Content-Type": [
          "application/json; charset=utf-8"
        ],
        "Expires": [
          "-1"
        ],
        "Pragma": [
          "no-cache"
        ],
        "x-ms-ratelimit-remaining-subscription-writes": [
          "1192"
        ],
        "x-ms-request-id": [
          "9d1f6205-92af-4a9c-9685-421e6fc70899"
        ],
        "x-ms-correlation-request-id": [
          "9d1f6205-92af-4a9c-9685-421e6fc70899"
        ],
        "x-ms-routing-request-id": [
          "WESTEUROPE:20180910T185502Z:9d1f6205-92af-4a9c-9685-421e6fc70899"
        ],
        "Strict-Transport-Security": [
          "max-age=31536000; includeSubDomains"
        ],
        "X-Content-Type-Options": [
          "nosniff"
        ],
        "Cache-Control": [
          "no-cache"
        ],
        "Date": [
          "Mon, 10 Sep 2018 18:55:02 GMT"
        ]
      },
      "StatusCode": 201
    },
    {
      "RequestUri": "/subscriptions/3cfb1b34-e5a9-4f98-bf9c-e4d69a6b170c/resourceGroups/ps7041/providers/Microsoft.Network/dnsZones/ps4776.pstest.test?api-version=2018-05-01",
      "EncodedRequestUri": "L3N1YnNjcmlwdGlvbnMvM2NmYjFiMzQtZTVhOS00Zjk4LWJmOWMtZTRkNjlhNmIxNzBjL3Jlc291cmNlR3JvdXBzL3BzNzA0MS9wcm92aWRlcnMvTWljcm9zb2Z0Lk5ldHdvcmsvZG5zWm9uZXMvcHM0Nzc2LnBzdGVzdC50ZXN0P2FwaS12ZXJzaW9uPTIwMTgtMDUtMDE=",
      "RequestMethod": "PUT",
      "RequestBody": "{\r\n  \"properties\": {\r\n    \"zoneType\": \"Public\",\r\n    \"registrationVirtualNetworks\": [],\r\n    \"resolutionVirtualNetworks\": []\r\n  },\r\n  \"location\": \"global\"\r\n}",
      "RequestHeaders": {
        "Content-Type": [
          "application/json; charset=utf-8"
        ],
        "Content-Length": [
          "157"
        ],
        "x-ms-client-request-id": [
          "31589e93-fe4f-4926-875e-e8d929c1adb6"
        ],
        "If-None-Match": [
          "*"
        ],
        "accept-language": [
          "en-US"
        ],
        "User-Agent": [
          "FxVersion/4.7.3132.0",
          "OSName/Windows10Enterprise",
          "OSVersion/6.3.17134",
          "Microsoft.Azure.Management.Dns.DnsManagementClient/3.0.0.0"
        ]
      },
      "ResponseBody": "{\r\n  \"id\": \"/subscriptions/3cfb1b34-e5a9-4f98-bf9c-e4d69a6b170c/resourceGroups/ps7041/providers/Microsoft.Network/dnszones/ps4776.pstest.test\",\r\n  \"name\": \"ps4776.pstest.test\",\r\n  \"type\": \"Microsoft.Network/dnszones\",\r\n  \"etag\": \"00000002-0000-0000-f89f-14c93749d401\",\r\n  \"location\": \"global\",\r\n  \"tags\": {},\r\n  \"properties\": {\r\n    \"maxNumberOfRecordSets\": 10000000,\r\n    \"maxNumberOfRecordsPerRecordSet\": null,\r\n    \"nameServers\": [\r\n      \"ns1-03.daily.azure-dns.com.\",\r\n      \"ns2-03.daily.azure-dns.net.\",\r\n      \"ns3-03.daily.azure-dns.org.\",\r\n      \"ns4-03.daily.azure-dns.info.\"\r\n    ],\r\n    \"numberOfRecordSets\": 2,\r\n    \"zoneType\": \"Public\"\r\n  }\r\n}",
      "ResponseHeaders": {
        "Content-Length": [
          "553"
        ],
        "Content-Type": [
          "application/json; charset=utf-8"
        ],
        "X-Content-Type-Options": [
          "nosniff"
        ],
        "Strict-Transport-Security": [
          "max-age=31536000; includeSubDomains"
        ],
        "x-ms-request-id": [
          "31589e93-fe4f-4926-875e-e8d929c1adb6"
        ],
        "x-ms-ratelimit-remaining-subscription-resource-requests": [
          "5997"
        ],
        "x-ms-correlation-request-id": [
          "f86a83d3-706d-4b0b-9cd6-0bf2516a0f72"
        ],
        "x-ms-routing-request-id": [
          "WESTEUROPE:20180910T185505Z:f86a83d3-706d-4b0b-9cd6-0bf2516a0f72"
        ],
        "Cache-Control": [
          "private"
        ],
        "Date": [
          "Mon, 10 Sep 2018 18:55:05 GMT"
        ],
        "ETag": [
          "00000002-0000-0000-f89f-14c93749d401"
        ],
        "Server": [
          "Microsoft-IIS/8.5"
        ],
        "X-AspNet-Version": [
          "4.0.30319"
        ],
        "X-Powered-By": [
          "ASP.NET"
        ]
      },
      "StatusCode": 201
    },
    {
      "RequestUri": "/subscriptions/3cfb1b34-e5a9-4f98-bf9c-e4d69a6b170c/resourceGroups/ps7041/providers/Microsoft.Network/dnsZones/ps4776.pstest.test/MX/ps5255?api-version=2018-05-01",
      "EncodedRequestUri": "L3N1YnNjcmlwdGlvbnMvM2NmYjFiMzQtZTVhOS00Zjk4LWJmOWMtZTRkNjlhNmIxNzBjL3Jlc291cmNlR3JvdXBzL3BzNzA0MS9wcm92aWRlcnMvTWljcm9zb2Z0Lk5ldHdvcmsvZG5zWm9uZXMvcHM0Nzc2LnBzdGVzdC50ZXN0L01YL3BzNTI1NT9hcGktdmVyc2lvbj0yMDE4LTA1LTAx",
      "RequestMethod": "PUT",
      "RequestBody": "{\r\n  \"properties\": {\r\n    \"TTL\": 100,\r\n    \"MXRecords\": []\r\n  }\r\n}",
      "RequestHeaders": {
        "Content-Type": [
          "application/json; charset=utf-8"
        ],
        "Content-Length": [
          "66"
        ],
        "x-ms-client-request-id": [
          "22da11cc-552b-4ca1-b3b2-d14eda3009c7"
        ],
        "If-None-Match": [
          "*"
        ],
        "accept-language": [
          "en-US"
        ],
        "User-Agent": [
          "FxVersion/4.7.3132.0",
          "OSName/Windows10Enterprise",
          "OSVersion/6.3.17134",
          "Microsoft.Azure.Management.Dns.DnsManagementClient/3.0.0.0"
        ]
      },
      "ResponseBody": "{\r\n  \"id\": \"/subscriptions/3cfb1b34-e5a9-4f98-bf9c-e4d69a6b170c/resourceGroups/ps7041/providers/Microsoft.Network/dnszones/ps4776.pstest.test/MX/ps5255\",\r\n  \"name\": \"ps5255\",\r\n  \"type\": \"Microsoft.Network/dnszones/MX\",\r\n  \"etag\": \"dc181b6f-ad3f-4cc5-b07e-5ec288201f98\",\r\n  \"properties\": {\r\n    \"fqdn\": \"ps5255.ps4776.pstest.test.\",\r\n    \"TTL\": 100,\r\n    \"MXRecords\": [],\r\n    \"targetResource\": {},\r\n    \"provisioningState\": \"Succeeded\"\r\n  }\r\n}",
      "ResponseHeaders": {
        "Content-Length": [
          "389"
        ],
        "Content-Type": [
          "application/json; charset=utf-8"
        ],
        "X-Content-Type-Options": [
          "nosniff"
        ],
        "Strict-Transport-Security": [
          "max-age=31536000; includeSubDomains"
        ],
        "x-ms-request-id": [
          "22da11cc-552b-4ca1-b3b2-d14eda3009c7"
        ],
        "x-ms-ratelimit-remaining-subscription-resource-requests": [
          "5999"
        ],
        "x-ms-correlation-request-id": [
          "ba5af5d2-abc8-4d98-92ca-8acf50432881"
        ],
        "x-ms-routing-request-id": [
          "WESTEUROPE:20180910T185506Z:ba5af5d2-abc8-4d98-92ca-8acf50432881"
        ],
        "Cache-Control": [
          "private"
        ],
        "Date": [
          "Mon, 10 Sep 2018 18:55:06 GMT"
        ],
        "ETag": [
          "dc181b6f-ad3f-4cc5-b07e-5ec288201f98"
        ],
        "Server": [
          "Microsoft-IIS/8.5"
        ],
        "X-AspNet-Version": [
          "4.0.30319"
        ],
        "X-Powered-By": [
          "ASP.NET"
        ]
      },
      "StatusCode": 201
    },
    {
      "RequestUri": "/subscriptions/3cfb1b34-e5a9-4f98-bf9c-e4d69a6b170c/resourceGroups/ps7041/providers/Microsoft.Network/dnsZones/ps4776.pstest.test/MX/ps5255?api-version=2018-05-01",
      "EncodedRequestUri": "L3N1YnNjcmlwdGlvbnMvM2NmYjFiMzQtZTVhOS00Zjk4LWJmOWMtZTRkNjlhNmIxNzBjL3Jlc291cmNlR3JvdXBzL3BzNzA0MS9wcm92aWRlcnMvTWljcm9zb2Z0Lk5ldHdvcmsvZG5zWm9uZXMvcHM0Nzc2LnBzdGVzdC50ZXN0L01YL3BzNTI1NT9hcGktdmVyc2lvbj0yMDE4LTA1LTAx",
      "RequestMethod": "DELETE",
      "RequestBody": "",
      "RequestHeaders": {
        "x-ms-client-request-id": [
          "38ca7c42-1d1f-4e43-be76-92604f71f393"
        ],
        "If-Match": [
          "dc181b6f-ad3f-4cc5-b07e-5ec288201f98"
        ],
        "accept-language": [
          "en-US"
        ],
        "User-Agent": [
          "FxVersion/4.7.3132.0",
          "OSName/Windows10Enterprise",
          "OSVersion/6.3.17134",
          "Microsoft.Azure.Management.Dns.DnsManagementClient/3.0.0.0"
        ]
      },
      "ResponseBody": "",
      "ResponseHeaders": {
        "Content-Length": [
          "0"
        ],
        "X-Content-Type-Options": [
          "nosniff"
        ],
        "Strict-Transport-Security": [
          "max-age=31536000; includeSubDomains"
        ],
        "x-ms-request-id": [
          "38ca7c42-1d1f-4e43-be76-92604f71f393"
        ],
        "x-ms-ratelimit-remaining-subscription-resource-requests": [
          "5999"
        ],
        "x-ms-correlation-request-id": [
          "526fcd4c-278d-42a9-b00b-75da89af5fab"
        ],
        "x-ms-routing-request-id": [
          "WESTEUROPE:20180910T185506Z:526fcd4c-278d-42a9-b00b-75da89af5fab"
        ],
        "Cache-Control": [
          "private"
        ],
        "Date": [
          "Mon, 10 Sep 2018 18:55:06 GMT"
        ],
        "Server": [
          "Microsoft-IIS/8.5"
        ],
        "X-AspNet-Version": [
          "4.0.30319"
        ],
        "X-Powered-By": [
          "ASP.NET"
        ]
      },
      "StatusCode": 200
    },
    {
      "RequestUri": "/subscriptions/3cfb1b34-e5a9-4f98-bf9c-e4d69a6b170c/resourceGroups/ps7041/providers/Microsoft.Network/dnsZones/ps4776.pstest.test?api-version=2018-05-01",
      "EncodedRequestUri": "L3N1YnNjcmlwdGlvbnMvM2NmYjFiMzQtZTVhOS00Zjk4LWJmOWMtZTRkNjlhNmIxNzBjL3Jlc291cmNlR3JvdXBzL3BzNzA0MS9wcm92aWRlcnMvTWljcm9zb2Z0Lk5ldHdvcmsvZG5zWm9uZXMvcHM0Nzc2LnBzdGVzdC50ZXN0P2FwaS12ZXJzaW9uPTIwMTgtMDUtMDE=",
      "RequestMethod": "GET",
      "RequestBody": "",
      "RequestHeaders": {
        "x-ms-client-request-id": [
          "07ae4081-6f32-432f-bc05-b9f913845e0b"
        ],
        "accept-language": [
          "en-US"
        ],
        "User-Agent": [
          "FxVersion/4.7.3132.0",
          "OSName/Windows10Enterprise",
          "OSVersion/6.3.17134",
          "Microsoft.Azure.Management.Dns.DnsManagementClient/3.0.0.0"
        ]
      },
      "ResponseBody": "{\r\n  \"id\": \"/subscriptions/3cfb1b34-e5a9-4f98-bf9c-e4d69a6b170c/resourceGroups/ps7041/providers/Microsoft.Network/dnszones/ps4776.pstest.test\",\r\n  \"name\": \"ps4776.pstest.test\",\r\n  \"type\": \"Microsoft.Network/dnszones\",\r\n  \"etag\": \"00000002-0000-0000-f89f-14c93749d401\",\r\n  \"location\": \"global\",\r\n  \"tags\": {},\r\n  \"properties\": {\r\n    \"maxNumberOfRecordSets\": 10000000,\r\n    \"maxNumberOfRecordsPerRecordSet\": null,\r\n    \"nameServers\": [\r\n      \"ns1-03.daily.azure-dns.com.\",\r\n      \"ns2-03.daily.azure-dns.net.\",\r\n      \"ns3-03.daily.azure-dns.org.\",\r\n      \"ns4-03.daily.azure-dns.info.\"\r\n    ],\r\n    \"numberOfRecordSets\": 2,\r\n    \"zoneType\": \"Public\"\r\n  }\r\n}",
      "ResponseHeaders": {
        "Content-Length": [
          "553"
        ],
        "Content-Type": [
          "application/json; charset=utf-8"
        ],
        "X-Content-Type-Options": [
          "nosniff"
        ],
        "Strict-Transport-Security": [
          "max-age=31536000; includeSubDomains"
        ],
        "x-ms-request-id": [
          "07ae4081-6f32-432f-bc05-b9f913845e0b"
        ],
        "x-ms-ratelimit-remaining-subscription-resource-requests": [
          "5997"
        ],
        "x-ms-correlation-request-id": [
          "e9cbf754-7dab-406b-9538-4be3d2c6ee2a"
        ],
        "x-ms-routing-request-id": [
          "WESTEUROPE:20180910T185507Z:e9cbf754-7dab-406b-9538-4be3d2c6ee2a"
        ],
        "Cache-Control": [
          "private"
        ],
        "Date": [
          "Mon, 10 Sep 2018 18:55:07 GMT"
        ],
        "ETag": [
          "00000002-0000-0000-f89f-14c93749d401"
        ],
        "Server": [
          "Microsoft-IIS/8.5"
        ],
        "X-AspNet-Version": [
          "4.0.30319"
        ],
        "X-Powered-By": [
          "ASP.NET"
        ]
      },
      "StatusCode": 200
    },
    {
      "RequestUri": "/subscriptions/3cfb1b34-e5a9-4f98-bf9c-e4d69a6b170c/resourceGroups/ps7041/providers/Microsoft.Network/dnsZones/ps4776.pstest.test?api-version=2018-05-01",
      "EncodedRequestUri": "L3N1YnNjcmlwdGlvbnMvM2NmYjFiMzQtZTVhOS00Zjk4LWJmOWMtZTRkNjlhNmIxNzBjL3Jlc291cmNlR3JvdXBzL3BzNzA0MS9wcm92aWRlcnMvTWljcm9zb2Z0Lk5ldHdvcmsvZG5zWm9uZXMvcHM0Nzc2LnBzdGVzdC50ZXN0P2FwaS12ZXJzaW9uPTIwMTgtMDUtMDE=",
      "RequestMethod": "DELETE",
      "RequestBody": "",
      "RequestHeaders": {
        "x-ms-client-request-id": [
          "8fb83d9b-de01-45b9-8690-cc5c7d35c257"
        ],
        "If-Match": [
          "*"
        ],
        "accept-language": [
          "en-US"
        ],
        "User-Agent": [
          "FxVersion/4.7.3132.0",
          "OSName/Windows10Enterprise",
          "OSVersion/6.3.17134",
          "Microsoft.Azure.Management.Dns.DnsManagementClient/3.0.0.0"
        ]
      },
      "ResponseBody": "",
      "ResponseHeaders": {
        "Content-Length": [
          "0"
        ],
        "Retry-After": [
          "3"
        ],
        "X-Content-Type-Options": [
          "nosniff"
        ],
        "Strict-Transport-Security": [
          "max-age=31536000; includeSubDomains"
        ],
        "Azure-AsyncOperation": [
          "https://api-dogfood.resources.windows-int.net:443/subscriptions/3cfb1b34-e5a9-4f98-bf9c-e4d69a6b170c/resourceGroups/ps7041/providers/Microsoft.Network/dnsOperationStatuses/delzone636722025078842310af867e1a?api-version=2018-05-01"
        ],
        "x-ms-request-id": [
          "8fb83d9b-de01-45b9-8690-cc5c7d35c257"
        ],
        "x-ms-ratelimit-remaining-subscription-resource-requests": [
          "5997"
        ],
        "x-ms-correlation-request-id": [
          "41646a4b-3334-48d0-91ce-611c7311ae86"
        ],
        "x-ms-routing-request-id": [
          "WESTEUROPE:20180910T185508Z:41646a4b-3334-48d0-91ce-611c7311ae86"
        ],
        "Cache-Control": [
          "private"
        ],
        "Date": [
          "Mon, 10 Sep 2018 18:55:07 GMT"
        ],
        "Location": [
          "https://api-dogfood.resources.windows-int.net/subscriptions/3cfb1b34-e5a9-4f98-bf9c-e4d69a6b170c/resourceGroups/ps7041/providers/Microsoft.Network/dnsOperationResults/delzone636722025078842310af867e1a?api-version=2018-05-01"
        ],
        "Server": [
          "Microsoft-IIS/8.5"
        ],
        "X-AspNet-Version": [
          "4.0.30319"
        ],
        "X-Powered-By": [
          "ASP.NET"
        ]
      },
      "StatusCode": 202
    },
    {
      "RequestUri": "/subscriptions/3cfb1b34-e5a9-4f98-bf9c-e4d69a6b170c/resourceGroups/ps7041/providers/Microsoft.Network/dnsOperationStatuses/delzone636722025078842310af867e1a?api-version=2018-05-01",
      "EncodedRequestUri": "L3N1YnNjcmlwdGlvbnMvM2NmYjFiMzQtZTVhOS00Zjk4LWJmOWMtZTRkNjlhNmIxNzBjL3Jlc291cmNlR3JvdXBzL3BzNzA0MS9wcm92aWRlcnMvTWljcm9zb2Z0Lk5ldHdvcmsvZG5zT3BlcmF0aW9uU3RhdHVzZXMvZGVsem9uZTYzNjcyMjAyNTA3ODg0MjMxMGFmODY3ZTFhP2FwaS12ZXJzaW9uPTIwMTgtMDUtMDE=",
      "RequestMethod": "GET",
      "RequestBody": "",
      "RequestHeaders": {
        "User-Agent": [
          "FxVersion/4.7.3132.0",
          "OSName/Windows10Enterprise",
          "OSVersion/6.3.17134",
          "Microsoft.Azure.Management.Dns.DnsManagementClient/3.0.0.0"
        ]
      },
      "ResponseBody": "{\r\n  \"status\": \"Succeeded\"\r\n}",
      "ResponseHeaders": {
        "Content-Length": [
          "22"
        ],
        "Content-Type": [
          "application/json; charset=utf-8"
        ],
        "X-Content-Type-Options": [
          "nosniff"
        ],
        "Strict-Transport-Security": [
          "max-age=31536000; includeSubDomains"
        ],
        "x-ms-request-id": [
          "065dc827-9a24-4ff3-b8f2-257ef9c4a9b6"
        ],
        "x-ms-ratelimit-remaining-subscription-resource-requests": [
          "5996"
        ],
        "x-ms-correlation-request-id": [
          "80f52f1f-efe9-41ab-8794-d2a258e85501"
        ],
        "x-ms-routing-request-id": [
          "WESTEUROPE:20180910T185518Z:80f52f1f-efe9-41ab-8794-d2a258e85501"
        ],
        "Cache-Control": [
          "private"
        ],
        "Date": [
          "Mon, 10 Sep 2018 18:55:18 GMT"
        ],
        "Server": [
          "Microsoft-IIS/8.5"
        ],
        "X-AspNet-Version": [
          "4.0.30319"
        ],
        "X-Powered-By": [
          "ASP.NET"
        ]
      },
      "StatusCode": 200
    },
    {
      "RequestUri": "/subscriptions/3cfb1b34-e5a9-4f98-bf9c-e4d69a6b170c/resourceGroups/ps7041/providers/Microsoft.Network/dnsOperationResults/delzone636722025078842310af867e1a?api-version=2018-05-01",
      "EncodedRequestUri": "L3N1YnNjcmlwdGlvbnMvM2NmYjFiMzQtZTVhOS00Zjk4LWJmOWMtZTRkNjlhNmIxNzBjL3Jlc291cmNlR3JvdXBzL3BzNzA0MS9wcm92aWRlcnMvTWljcm9zb2Z0Lk5ldHdvcmsvZG5zT3BlcmF0aW9uUmVzdWx0cy9kZWx6b25lNjM2NzIyMDI1MDc4ODQyMzEwYWY4NjdlMWE/YXBpLXZlcnNpb249MjAxOC0wNS0wMQ==",
      "RequestMethod": "GET",
      "RequestBody": "",
      "RequestHeaders": {
        "User-Agent": [
          "FxVersion/4.7.3132.0",
          "OSName/Windows10Enterprise",
          "OSVersion/6.3.17134",
          "Microsoft.Azure.Management.Dns.DnsManagementClient/3.0.0.0"
        ]
      },
      "ResponseBody": "true",
      "ResponseHeaders": {
        "Content-Length": [
          "4"
        ],
        "Content-Type": [
          "application/json; charset=utf-8"
        ],
        "X-Content-Type-Options": [
          "nosniff"
        ],
        "Strict-Transport-Security": [
          "max-age=31536000; includeSubDomains"
        ],
        "x-ms-request-id": [
          "1a9cc7aa-04fa-47fb-b5c1-b9bf7cb3bdfa"
        ],
        "x-ms-ratelimit-remaining-subscription-resource-requests": [
          "5996"
        ],
        "x-ms-correlation-request-id": [
          "31397f9b-8253-4b50-8895-5c9d0d8e415e"
        ],
        "x-ms-routing-request-id": [
          "WESTEUROPE:20180910T185518Z:31397f9b-8253-4b50-8895-5c9d0d8e415e"
        ],
        "Cache-Control": [
          "private"
        ],
        "Date": [
          "Mon, 10 Sep 2018 18:55:18 GMT"
        ],
        "Server": [
          "Microsoft-IIS/8.5"
        ],
        "X-AspNet-Version": [
          "4.0.30319"
        ],
        "X-Powered-By": [
          "ASP.NET"
        ]
      },
      "StatusCode": 200
    }
  ],
  "Names": {
    "Test-RecordSetAddRecordTypeMismatch": [
      "ps4776",
      "ps5255",
      "ps7041"
    ]
  },
  "Variables": {
    "SubscriptionId": "3cfb1b34-e5a9-4f98-bf9c-e4d69a6b170c"
  }
}