{
  "Entries": [
    {
      "RequestUri": "/subscriptions/3cfb1b34-e5a9-4f98-bf9c-e4d69a6b170c/resourcegroups/ps7981?api-version=2016-09-01",
      "EncodedRequestUri": "L3N1YnNjcmlwdGlvbnMvM2NmYjFiMzQtZTVhOS00Zjk4LWJmOWMtZTRkNjlhNmIxNzBjL3Jlc291cmNlZ3JvdXBzL3BzNzk4MT9hcGktdmVyc2lvbj0yMDE2LTA5LTAx",
      "RequestMethod": "PUT",
      "RequestBody": "{\r\n  \"location\": \"West US\"\r\n}",
      "RequestHeaders": {
        "Content-Type": [
          "application/json; charset=utf-8"
        ],
        "Content-Length": [
          "29"
        ],
        "x-ms-client-request-id": [
          "5c2276fd-4d84-4258-b6be-aef429d76b18"
        ],
        "accept-language": [
          "en-US"
        ],
        "User-Agent": [
          "FxVersion/4.7.3132.0",
          "OSName/Windows10Enterprise",
          "OSVersion/6.3.17134",
          "Microsoft.Azure.Management.Internal.Resources.ResourceManagementClient/4.1.0"
        ]
      },
      "ResponseBody": "{\r\n  \"id\": \"/subscriptions/3cfb1b34-e5a9-4f98-bf9c-e4d69a6b170c/resourceGroups/ps7981\",\r\n  \"name\": \"ps7981\",\r\n  \"location\": \"westus\",\r\n  \"properties\": {\r\n    \"provisioningState\": \"Succeeded\"\r\n  }\r\n}",
      "ResponseHeaders": {
        "Content-Length": [
          "165"
        ],
        "Content-Type": [
          "application/json; charset=utf-8"
        ],
        "Expires": [
          "-1"
        ],
        "Pragma": [
          "no-cache"
        ],
        "x-ms-ratelimit-remaining-subscription-writes": [
          "1187"
        ],
        "x-ms-request-id": [
          "8de13b54-a517-4252-ac0c-b983700a411c"
        ],
        "x-ms-correlation-request-id": [
          "8de13b54-a517-4252-ac0c-b983700a411c"
        ],
        "x-ms-routing-request-id": [
          "WESTEUROPE:20180910T190313Z:8de13b54-a517-4252-ac0c-b983700a411c"
        ],
        "Strict-Transport-Security": [
          "max-age=31536000; includeSubDomains"
        ],
        "X-Content-Type-Options": [
          "nosniff"
        ],
        "Cache-Control": [
          "no-cache"
        ],
        "Date": [
          "Mon, 10 Sep 2018 19:03:13 GMT"
        ]
      },
      "StatusCode": 201
    },
    {
      "RequestUri": "/subscriptions/3cfb1b34-e5a9-4f98-bf9c-e4d69a6b170c/resourceGroups/ps7981/providers/Microsoft.Network/dnsZones/ps7451.pstest.test?api-version=2018-05-01",
      "EncodedRequestUri": "L3N1YnNjcmlwdGlvbnMvM2NmYjFiMzQtZTVhOS00Zjk4LWJmOWMtZTRkNjlhNmIxNzBjL3Jlc291cmNlR3JvdXBzL3BzNzk4MS9wcm92aWRlcnMvTWljcm9zb2Z0Lk5ldHdvcmsvZG5zWm9uZXMvcHM3NDUxLnBzdGVzdC50ZXN0P2FwaS12ZXJzaW9uPTIwMTgtMDUtMDE=",
      "RequestMethod": "PUT",
      "RequestBody": "{\r\n  \"properties\": {\r\n    \"zoneType\": \"Public\",\r\n    \"registrationVirtualNetworks\": [],\r\n    \"resolutionVirtualNetworks\": []\r\n  },\r\n  \"location\": \"global\"\r\n}",
      "RequestHeaders": {
        "Content-Type": [
          "application/json; charset=utf-8"
        ],
        "Content-Length": [
          "157"
        ],
        "x-ms-client-request-id": [
          "bad1102d-562b-4fa8-930e-65c872dbfd9b"
        ],
        "If-None-Match": [
          "*"
        ],
        "accept-language": [
          "en-US"
        ],
        "User-Agent": [
          "FxVersion/4.7.3132.0",
          "OSName/Windows10Enterprise",
          "OSVersion/6.3.17134",
          "Microsoft.Azure.Management.Dns.DnsManagementClient/3.0.0.0"
        ]
      },
      "ResponseBody": "{\r\n  \"id\": \"/subscriptions/3cfb1b34-e5a9-4f98-bf9c-e4d69a6b170c/resourceGroups/ps7981/providers/Microsoft.Network/dnszones/ps7451.pstest.test\",\r\n  \"name\": \"ps7451.pstest.test\",\r\n  \"type\": \"Microsoft.Network/dnszones\",\r\n  \"etag\": \"00000002-0000-0000-66ce-f8ed3849d401\",\r\n  \"location\": \"global\",\r\n  \"tags\": {},\r\n  \"properties\": {\r\n    \"maxNumberOfRecordSets\": 10000000,\r\n    \"maxNumberOfRecordsPerRecordSet\": null,\r\n    \"nameServers\": [\r\n      \"ns1-06.daily.azure-dns.com.\",\r\n      \"ns2-06.daily.azure-dns.net.\",\r\n      \"ns3-06.daily.azure-dns.org.\",\r\n      \"ns4-06.daily.azure-dns.info.\"\r\n    ],\r\n    \"numberOfRecordSets\": 2,\r\n    \"zoneType\": \"Public\"\r\n  }\r\n}",
      "ResponseHeaders": {
        "Content-Length": [
          "553"
        ],
        "Content-Type": [
          "application/json; charset=utf-8"
        ],
        "X-Content-Type-Options": [
          "nosniff"
        ],
        "Strict-Transport-Security": [
          "max-age=31536000; includeSubDomains"
        ],
        "x-ms-request-id": [
          "bad1102d-562b-4fa8-930e-65c872dbfd9b"
        ],
        "x-ms-ratelimit-remaining-subscription-resource-requests": [
          "5997"
        ],
        "x-ms-correlation-request-id": [
          "01b296cb-b3fd-467b-a910-03e974761792"
        ],
        "x-ms-routing-request-id": [
          "WESTEUROPE:20180910T190316Z:01b296cb-b3fd-467b-a910-03e974761792"
        ],
        "Cache-Control": [
          "private"
        ],
        "Date": [
          "Mon, 10 Sep 2018 19:03:15 GMT"
        ],
        "ETag": [
          "00000002-0000-0000-66ce-f8ed3849d401"
        ],
        "Server": [
          "Microsoft-IIS/8.5"
        ],
        "X-AspNet-Version": [
          "4.0.30319"
        ],
        "X-Powered-By": [
          "ASP.NET"
        ]
      },
      "StatusCode": 201
    },
    {
      "RequestUri": "/subscriptions/3cfb1b34-e5a9-4f98-bf9c-e4d69a6b170c/resourceGroups/ps7981/providers/Microsoft.Network/dnsZones/ps7451.pstest.test/MX/ps1518?api-version=2018-05-01",
      "EncodedRequestUri": "L3N1YnNjcmlwdGlvbnMvM2NmYjFiMzQtZTVhOS00Zjk4LWJmOWMtZTRkNjlhNmIxNzBjL3Jlc291cmNlR3JvdXBzL3BzNzk4MS9wcm92aWRlcnMvTWljcm9zb2Z0Lk5ldHdvcmsvZG5zWm9uZXMvcHM3NDUxLnBzdGVzdC50ZXN0L01YL3BzMTUxOD9hcGktdmVyc2lvbj0yMDE4LTA1LTAx",
      "RequestMethod": "PUT",
      "RequestBody": "{\r\n  \"properties\": {\r\n    \"TTL\": 100,\r\n    \"MXRecords\": []\r\n  }\r\n}",
      "RequestHeaders": {
        "Content-Type": [
          "application/json; charset=utf-8"
        ],
        "Content-Length": [
          "66"
        ],
        "x-ms-client-request-id": [
          "45e97850-7181-467f-8643-30fa9ae3d2fc"
        ],
        "If-None-Match": [
          "*"
        ],
        "accept-language": [
          "en-US"
        ],
        "User-Agent": [
          "FxVersion/4.7.3132.0",
          "OSName/Windows10Enterprise",
          "OSVersion/6.3.17134",
          "Microsoft.Azure.Management.Dns.DnsManagementClient/3.0.0.0"
        ]
      },
      "ResponseBody": "{\r\n  \"id\": \"/subscriptions/3cfb1b34-e5a9-4f98-bf9c-e4d69a6b170c/resourceGroups/ps7981/providers/Microsoft.Network/dnszones/ps7451.pstest.test/MX/ps1518\",\r\n  \"name\": \"ps1518\",\r\n  \"type\": \"Microsoft.Network/dnszones/MX\",\r\n  \"etag\": \"393c321b-3598-4b8b-8e54-82e8444cef74\",\r\n  \"properties\": {\r\n    \"fqdn\": \"ps1518.ps7451.pstest.test.\",\r\n    \"TTL\": 100,\r\n    \"MXRecords\": [],\r\n    \"targetResource\": {},\r\n    \"provisioningState\": \"Succeeded\"\r\n  }\r\n}",
      "ResponseHeaders": {
        "Content-Length": [
          "389"
        ],
        "Content-Type": [
          "application/json; charset=utf-8"
        ],
        "X-Content-Type-Options": [
          "nosniff"
        ],
        "Strict-Transport-Security": [
          "max-age=31536000; includeSubDomains"
        ],
        "x-ms-request-id": [
          "45e97850-7181-467f-8643-30fa9ae3d2fc"
        ],
        "x-ms-ratelimit-remaining-subscription-resource-requests": [
          "5996"
        ],
        "x-ms-correlation-request-id": [
          "994a486b-0787-4822-91b7-adc95297b400"
        ],
        "x-ms-routing-request-id": [
          "WESTEUROPE:20180910T190317Z:994a486b-0787-4822-91b7-adc95297b400"
        ],
        "Cache-Control": [
          "private"
        ],
        "Date": [
          "Mon, 10 Sep 2018 19:03:17 GMT"
        ],
        "ETag": [
          "393c321b-3598-4b8b-8e54-82e8444cef74"
        ],
        "Server": [
          "Microsoft-IIS/8.5"
        ],
        "X-AspNet-Version": [
          "4.0.30319"
        ],
        "X-Powered-By": [
          "ASP.NET"
        ]
      },
      "StatusCode": 201
    },
    {
      "RequestUri": "/subscriptions/3cfb1b34-e5a9-4f98-bf9c-e4d69a6b170c/resourceGroups/ps7981/providers/Microsoft.Network/dnsZones/ps7451.pstest.test/MX/ps1518?api-version=2018-05-01",
      "EncodedRequestUri": "L3N1YnNjcmlwdGlvbnMvM2NmYjFiMzQtZTVhOS00Zjk4LWJmOWMtZTRkNjlhNmIxNzBjL3Jlc291cmNlR3JvdXBzL3BzNzk4MS9wcm92aWRlcnMvTWljcm9zb2Z0Lk5ldHdvcmsvZG5zWm9uZXMvcHM3NDUxLnBzdGVzdC50ZXN0L01YL3BzMTUxOD9hcGktdmVyc2lvbj0yMDE4LTA1LTAx",
      "RequestMethod": "PUT",
      "RequestBody": "{\r\n  \"properties\": {\r\n    \"TTL\": 100,\r\n    \"MXRecords\": [\r\n      {\r\n        \"preference\": 10,\r\n        \"exchange\": \"mail2.theg.com\"\r\n      }\r\n    ]\r\n  }\r\n}",
      "RequestHeaders": {
        "Content-Type": [
          "application/json; charset=utf-8"
        ],
        "Content-Length": [
          "155"
        ],
        "x-ms-client-request-id": [
          "b90f0ced-3ff3-49a5-b230-e97138ca54cf"
        ],
        "If-Match": [
          "393c321b-3598-4b8b-8e54-82e8444cef74"
        ],
        "accept-language": [
          "en-US"
        ],
        "User-Agent": [
          "FxVersion/4.7.3132.0",
          "OSName/Windows10Enterprise",
          "OSVersion/6.3.17134",
          "Microsoft.Azure.Management.Dns.DnsManagementClient/3.0.0.0"
        ]
      },
      "ResponseBody": "{\r\n  \"id\": \"/subscriptions/3cfb1b34-e5a9-4f98-bf9c-e4d69a6b170c/resourceGroups/ps7981/providers/Microsoft.Network/dnszones/ps7451.pstest.test/MX/ps1518\",\r\n  \"name\": \"ps1518\",\r\n  \"type\": \"Microsoft.Network/dnszones/MX\",\r\n  \"etag\": \"69f2c590-3774-49fc-b78d-88d8a7eda2b7\",\r\n  \"properties\": {\r\n    \"fqdn\": \"ps1518.ps7451.pstest.test.\",\r\n    \"TTL\": 100,\r\n    \"MXRecords\": [\r\n      {\r\n        \"exchange\": \"mail2.theg.com\",\r\n        \"preference\": 10\r\n      }\r\n    ],\r\n    \"targetResource\": {},\r\n    \"provisioningState\": \"Succeeded\"\r\n  }\r\n}",
      "ResponseHeaders": {
        "Content-Length": [
          "434"
        ],
        "Content-Type": [
          "application/json; charset=utf-8"
        ],
        "X-Content-Type-Options": [
          "nosniff"
        ],
        "Strict-Transport-Security": [
          "max-age=31536000; includeSubDomains"
        ],
        "x-ms-request-id": [
          "b90f0ced-3ff3-49a5-b230-e97138ca54cf"
        ],
        "x-ms-ratelimit-remaining-subscription-resource-requests": [
          "5995"
        ],
        "x-ms-correlation-request-id": [
          "8b4abd88-fb1e-46ef-b0af-135ee1dc67bc"
        ],
        "x-ms-routing-request-id": [
          "WESTEUROPE:20180910T190318Z:8b4abd88-fb1e-46ef-b0af-135ee1dc67bc"
        ],
        "Cache-Control": [
          "private"
        ],
        "Date": [
          "Mon, 10 Sep 2018 19:03:18 GMT"
        ],
        "ETag": [
          "69f2c590-3774-49fc-b78d-88d8a7eda2b7"
        ],
        "Server": [
          "Microsoft-IIS/8.5"
        ],
        "X-AspNet-Version": [
          "4.0.30319"
        ],
        "X-Powered-By": [
          "ASP.NET"
        ]
      },
      "StatusCode": 200
    },
    {
      "RequestUri": "/subscriptions/3cfb1b34-e5a9-4f98-bf9c-e4d69a6b170c/resourceGroups/ps7981/providers/Microsoft.Network/dnsZones/ps7451.pstest.test/MX/ps1518?api-version=2018-05-01",
      "EncodedRequestUri": "L3N1YnNjcmlwdGlvbnMvM2NmYjFiMzQtZTVhOS00Zjk4LWJmOWMtZTRkNjlhNmIxNzBjL3Jlc291cmNlR3JvdXBzL3BzNzk4MS9wcm92aWRlcnMvTWljcm9zb2Z0Lk5ldHdvcmsvZG5zWm9uZXMvcHM3NDUxLnBzdGVzdC50ZXN0L01YL3BzMTUxOD9hcGktdmVyc2lvbj0yMDE4LTA1LTAx",
      "RequestMethod": "GET",
      "RequestBody": "",
      "RequestHeaders": {
        "x-ms-client-request-id": [
          "5122d5bd-76f1-47f9-b5da-63a4acd82c99"
        ],
        "accept-language": [
          "en-US"
        ],
        "User-Agent": [
          "FxVersion/4.7.3132.0",
          "OSName/Windows10Enterprise",
          "OSVersion/6.3.17134",
          "Microsoft.Azure.Management.Dns.DnsManagementClient/3.0.0.0"
        ]
      },
      "ResponseBody": "{\r\n  \"id\": \"/subscriptions/3cfb1b34-e5a9-4f98-bf9c-e4d69a6b170c/resourceGroups/ps7981/providers/Microsoft.Network/dnszones/ps7451.pstest.test/MX/ps1518\",\r\n  \"name\": \"ps1518\",\r\n  \"type\": \"Microsoft.Network/dnszones/MX\",\r\n  \"etag\": \"69f2c590-3774-49fc-b78d-88d8a7eda2b7\",\r\n  \"properties\": {\r\n    \"fqdn\": \"ps1518.ps7451.pstest.test.\",\r\n    \"TTL\": 100,\r\n    \"MXRecords\": [\r\n      {\r\n        \"exchange\": \"mail2.theg.com\",\r\n        \"preference\": 10\r\n      }\r\n    ],\r\n    \"targetResource\": {},\r\n    \"provisioningState\": \"Succeeded\"\r\n  }\r\n}",
      "ResponseHeaders": {
        "Content-Length": [
          "434"
        ],
        "Content-Type": [
          "application/json; charset=utf-8"
        ],
        "X-Content-Type-Options": [
          "nosniff"
        ],
        "Strict-Transport-Security": [
          "max-age=31536000; includeSubDomains"
        ],
        "x-ms-request-id": [
          "5122d5bd-76f1-47f9-b5da-63a4acd82c99"
        ],
        "x-ms-ratelimit-remaining-subscription-resource-requests": [
          "5996"
        ],
        "x-ms-correlation-request-id": [
          "5ae59abf-608c-4ba8-839c-f7d911ce4aef"
        ],
        "x-ms-routing-request-id": [
          "WESTEUROPE:20180910T190319Z:5ae59abf-608c-4ba8-839c-f7d911ce4aef"
        ],
        "Cache-Control": [
          "private"
        ],
        "Date": [
          "Mon, 10 Sep 2018 19:03:19 GMT"
        ],
        "ETag": [
          "69f2c590-3774-49fc-b78d-88d8a7eda2b7"
        ],
        "Server": [
          "Microsoft-IIS/8.5"
        ],
        "X-AspNet-Version": [
          "4.0.30319"
        ],
        "X-Powered-By": [
          "ASP.NET"
        ]
      },
      "StatusCode": 200
    },
    {
      "RequestUri": "/subscriptions/3cfb1b34-e5a9-4f98-bf9c-e4d69a6b170c/resourceGroups/ps7981/providers/Microsoft.Network/dnsZones/ps7451.pstest.test/MX?api-version=2018-05-01",
      "EncodedRequestUri": "L3N1YnNjcmlwdGlvbnMvM2NmYjFiMzQtZTVhOS00Zjk4LWJmOWMtZTRkNjlhNmIxNzBjL3Jlc291cmNlR3JvdXBzL3BzNzk4MS9wcm92aWRlcnMvTWljcm9zb2Z0Lk5ldHdvcmsvZG5zWm9uZXMvcHM3NDUxLnBzdGVzdC50ZXN0L01YP2FwaS12ZXJzaW9uPTIwMTgtMDUtMDE=",
      "RequestMethod": "GET",
      "RequestBody": "",
      "RequestHeaders": {
        "x-ms-client-request-id": [
          "932bf53d-35c0-4339-a828-71396d4c4a10"
        ],
        "accept-language": [
          "en-US"
        ],
        "User-Agent": [
          "FxVersion/4.7.3132.0",
          "OSName/Windows10Enterprise",
          "OSVersion/6.3.17134",
          "Microsoft.Azure.Management.Dns.DnsManagementClient/3.0.0.0"
        ]
      },
      "ResponseBody": "{\r\n  \"value\": [\r\n    {\r\n      \"id\": \"/subscriptions/3cfb1b34-e5a9-4f98-bf9c-e4d69a6b170c/resourceGroups/ps7981/providers/Microsoft.Network/dnszones/ps7451.pstest.test/MX/ps1518\",\r\n      \"name\": \"ps1518\",\r\n      \"type\": \"Microsoft.Network/dnszones/MX\",\r\n      \"etag\": \"69f2c590-3774-49fc-b78d-88d8a7eda2b7\",\r\n      \"properties\": {\r\n        \"fqdn\": \"ps1518.ps7451.pstest.test.\",\r\n        \"TTL\": 100,\r\n        \"MXRecords\": [\r\n          {\r\n            \"exchange\": \"mail2.theg.com\",\r\n            \"preference\": 10\r\n          }\r\n        ],\r\n        \"targetResource\": {},\r\n        \"provisioningState\": \"Succeeded\"\r\n      }\r\n    }\r\n  ]\r\n}",
      "ResponseHeaders": {
        "Content-Length": [
          "446"
        ],
        "Content-Type": [
          "application/json; charset=utf-8"
        ],
        "X-Content-Type-Options": [
          "nosniff"
        ],
        "Strict-Transport-Security": [
          "max-age=31536000; includeSubDomains"
        ],
        "x-ms-request-id": [
          "932bf53d-35c0-4339-a828-71396d4c4a10"
        ],
        "x-ms-ratelimit-remaining-subscription-resource-requests": [
          "5995"
        ],
        "x-ms-correlation-request-id": [
          "2351f7d8-45e9-40f9-9451-8a3f251b90b9"
        ],
        "x-ms-routing-request-id": [
          "WESTEUROPE:20180910T190319Z:2351f7d8-45e9-40f9-9451-8a3f251b90b9"
        ],
        "Cache-Control": [
          "private"
        ],
        "Date": [
          "Mon, 10 Sep 2018 19:03:19 GMT"
        ],
        "Server": [
          "Microsoft-IIS/8.5"
        ],
        "X-AspNet-Version": [
          "4.0.30319"
        ],
        "X-Powered-By": [
          "ASP.NET"
        ]
      },
      "StatusCode": 200
    },
    {
      "RequestUri": "/subscriptions/3cfb1b34-e5a9-4f98-bf9c-e4d69a6b170c/resourceGroups/ps7981/providers/Microsoft.Network/dnsZones/ps7451.pstest.test/MX/ps1518?api-version=2018-05-01",
      "EncodedRequestUri": "L3N1YnNjcmlwdGlvbnMvM2NmYjFiMzQtZTVhOS00Zjk4LWJmOWMtZTRkNjlhNmIxNzBjL3Jlc291cmNlR3JvdXBzL3BzNzk4MS9wcm92aWRlcnMvTWljcm9zb2Z0Lk5ldHdvcmsvZG5zWm9uZXMvcHM3NDUxLnBzdGVzdC50ZXN0L01YL3BzMTUxOD9hcGktdmVyc2lvbj0yMDE4LTA1LTAx",
      "RequestMethod": "DELETE",
      "RequestBody": "",
      "RequestHeaders": {
        "x-ms-client-request-id": [
          "d41b63b5-32b4-47c0-a558-ba63d664be83"
        ],
        "If-Match": [
          "69f2c590-3774-49fc-b78d-88d8a7eda2b7"
        ],
        "accept-language": [
          "en-US"
        ],
        "User-Agent": [
          "FxVersion/4.7.3132.0",
          "OSName/Windows10Enterprise",
          "OSVersion/6.3.17134",
          "Microsoft.Azure.Management.Dns.DnsManagementClient/3.0.0.0"
        ]
      },
      "ResponseBody": "",
      "ResponseHeaders": {
        "Content-Length": [
          "0"
        ],
        "X-Content-Type-Options": [
          "nosniff"
        ],
        "Strict-Transport-Security": [
          "max-age=31536000; includeSubDomains"
        ],
        "x-ms-request-id": [
          "d41b63b5-32b4-47c0-a558-ba63d664be83"
        ],
        "x-ms-ratelimit-remaining-subscription-resource-requests": [
          "5998"
        ],
        "x-ms-correlation-request-id": [
          "6f16d3ff-f008-4752-b9d2-4a20a0a9c8f9"
        ],
        "x-ms-routing-request-id": [
          "WESTEUROPE:20180910T190320Z:6f16d3ff-f008-4752-b9d2-4a20a0a9c8f9"
        ],
        "Cache-Control": [
          "private"
        ],
        "Date": [
          "Mon, 10 Sep 2018 19:03:20 GMT"
        ],
        "Server": [
          "Microsoft-IIS/8.5"
        ],
        "X-AspNet-Version": [
          "4.0.30319"
        ],
        "X-Powered-By": [
          "ASP.NET"
        ]
      },
      "StatusCode": 200
    },
    {
      "RequestUri": "/subscriptions/3cfb1b34-e5a9-4f98-bf9c-e4d69a6b170c/resourceGroups/ps7981/providers/Microsoft.Network/dnsZones/ps7451.pstest.test?api-version=2018-05-01",
      "EncodedRequestUri": "L3N1YnNjcmlwdGlvbnMvM2NmYjFiMzQtZTVhOS00Zjk4LWJmOWMtZTRkNjlhNmIxNzBjL3Jlc291cmNlR3JvdXBzL3BzNzk4MS9wcm92aWRlcnMvTWljcm9zb2Z0Lk5ldHdvcmsvZG5zWm9uZXMvcHM3NDUxLnBzdGVzdC50ZXN0P2FwaS12ZXJzaW9uPTIwMTgtMDUtMDE=",
      "RequestMethod": "GET",
      "RequestBody": "",
      "RequestHeaders": {
        "x-ms-client-request-id": [
          "9cfc60d1-a9b5-4c06-87a7-999d71592059"
        ],
        "accept-language": [
          "en-US"
        ],
        "User-Agent": [
          "FxVersion/4.7.3132.0",
          "OSName/Windows10Enterprise",
          "OSVersion/6.3.17134",
          "Microsoft.Azure.Management.Dns.DnsManagementClient/3.0.0.0"
        ]
      },
      "ResponseBody": "{\r\n  \"id\": \"/subscriptions/3cfb1b34-e5a9-4f98-bf9c-e4d69a6b170c/resourceGroups/ps7981/providers/Microsoft.Network/dnszones/ps7451.pstest.test\",\r\n  \"name\": \"ps7451.pstest.test\",\r\n  \"type\": \"Microsoft.Network/dnszones\",\r\n  \"etag\": \"00000002-0000-0000-66ce-f8ed3849d401\",\r\n  \"location\": \"global\",\r\n  \"tags\": {},\r\n  \"properties\": {\r\n    \"maxNumberOfRecordSets\": 10000000,\r\n    \"maxNumberOfRecordsPerRecordSet\": null,\r\n    \"nameServers\": [\r\n      \"ns1-06.daily.azure-dns.com.\",\r\n      \"ns2-06.daily.azure-dns.net.\",\r\n      \"ns3-06.daily.azure-dns.org.\",\r\n      \"ns4-06.daily.azure-dns.info.\"\r\n    ],\r\n    \"numberOfRecordSets\": 2,\r\n    \"zoneType\": \"Public\"\r\n  }\r\n}",
      "ResponseHeaders": {
        "Content-Length": [
          "553"
        ],
        "Content-Type": [
          "application/json; charset=utf-8"
        ],
        "X-Content-Type-Options": [
          "nosniff"
        ],
        "Strict-Transport-Security": [
          "max-age=31536000; includeSubDomains"
        ],
        "x-ms-request-id": [
          "9cfc60d1-a9b5-4c06-87a7-999d71592059"
        ],
        "x-ms-ratelimit-remaining-subscription-resource-requests": [
          "5997"
        ],
        "x-ms-correlation-request-id": [
          "5238b967-def2-478c-b0b4-e88998a1f8d3"
        ],
        "x-ms-routing-request-id": [
          "WESTEUROPE:20180910T190320Z:5238b967-def2-478c-b0b4-e88998a1f8d3"
        ],
        "Cache-Control": [
          "private"
        ],
        "Date": [
          "Mon, 10 Sep 2018 19:03:20 GMT"
        ],
        "ETag": [
          "00000002-0000-0000-66ce-f8ed3849d401"
        ],
        "Server": [
          "Microsoft-IIS/8.5"
        ],
        "X-AspNet-Version": [
          "4.0.30319"
        ],
        "X-Powered-By": [
          "ASP.NET"
        ]
      },
      "StatusCode": 200
    },
    {
      "RequestUri": "/subscriptions/3cfb1b34-e5a9-4f98-bf9c-e4d69a6b170c/resourceGroups/ps7981/providers/Microsoft.Network/dnsZones/ps7451.pstest.test?api-version=2018-05-01",
      "EncodedRequestUri": "L3N1YnNjcmlwdGlvbnMvM2NmYjFiMzQtZTVhOS00Zjk4LWJmOWMtZTRkNjlhNmIxNzBjL3Jlc291cmNlR3JvdXBzL3BzNzk4MS9wcm92aWRlcnMvTWljcm9zb2Z0Lk5ldHdvcmsvZG5zWm9uZXMvcHM3NDUxLnBzdGVzdC50ZXN0P2FwaS12ZXJzaW9uPTIwMTgtMDUtMDE=",
      "RequestMethod": "DELETE",
      "RequestBody": "",
      "RequestHeaders": {
        "x-ms-client-request-id": [
          "0622240b-67cd-4cdc-ba12-8fa6157954e1"
        ],
        "If-Match": [
          "*"
        ],
        "accept-language": [
          "en-US"
        ],
        "User-Agent": [
          "FxVersion/4.7.3132.0",
          "OSName/Windows10Enterprise",
          "OSVersion/6.3.17134",
          "Microsoft.Azure.Management.Dns.DnsManagementClient/3.0.0.0"
        ]
      },
      "ResponseBody": "",
      "ResponseHeaders": {
        "Content-Length": [
          "0"
        ],
        "Retry-After": [
          "3"
        ],
        "X-Content-Type-Options": [
          "nosniff"
        ],
        "Strict-Transport-Security": [
          "max-age=31536000; includeSubDomains"
        ],
        "Azure-AsyncOperation": [
          "https://api-dogfood.resources.windows-int.net:443/subscriptions/3cfb1b34-e5a9-4f98-bf9c-e4d69a6b170c/resourceGroups/ps7981/providers/Microsoft.Network/dnsOperationStatuses/delzone6367220300099837834e36f426?api-version=2018-05-01"
        ],
        "x-ms-request-id": [
          "0622240b-67cd-4cdc-ba12-8fa6157954e1"
        ],
        "x-ms-ratelimit-remaining-subscription-resource-requests": [
          "5997"
        ],
        "x-ms-correlation-request-id": [
          "6395c007-6dd4-4703-bea1-a2a517afd20e"
        ],
        "x-ms-routing-request-id": [
          "WESTEUROPE:20180910T190321Z:6395c007-6dd4-4703-bea1-a2a517afd20e"
        ],
        "Cache-Control": [
          "private"
        ],
        "Date": [
          "Mon, 10 Sep 2018 19:03:21 GMT"
        ],
        "Location": [
          "https://api-dogfood.resources.windows-int.net/subscriptions/3cfb1b34-e5a9-4f98-bf9c-e4d69a6b170c/resourceGroups/ps7981/providers/Microsoft.Network/dnsOperationResults/delzone6367220300099837834e36f426?api-version=2018-05-01"
        ],
        "Server": [
          "Microsoft-IIS/8.5"
        ],
        "X-AspNet-Version": [
          "4.0.30319"
        ],
        "X-Powered-By": [
          "ASP.NET"
        ]
      },
      "StatusCode": 202
    },
    {
      "RequestUri": "/subscriptions/3cfb1b34-e5a9-4f98-bf9c-e4d69a6b170c/resourceGroups/ps7981/providers/Microsoft.Network/dnsOperationStatuses/delzone6367220300099837834e36f426?api-version=2018-05-01",
      "EncodedRequestUri": "L3N1YnNjcmlwdGlvbnMvM2NmYjFiMzQtZTVhOS00Zjk4LWJmOWMtZTRkNjlhNmIxNzBjL3Jlc291cmNlR3JvdXBzL3BzNzk4MS9wcm92aWRlcnMvTWljcm9zb2Z0Lk5ldHdvcmsvZG5zT3BlcmF0aW9uU3RhdHVzZXMvZGVsem9uZTYzNjcyMjAzMDAwOTk4Mzc4MzRlMzZmNDI2P2FwaS12ZXJzaW9uPTIwMTgtMDUtMDE=",
      "RequestMethod": "GET",
      "RequestBody": "",
      "RequestHeaders": {
        "User-Agent": [
          "FxVersion/4.7.3132.0",
          "OSName/Windows10Enterprise",
          "OSVersion/6.3.17134",
          "Microsoft.Azure.Management.Dns.DnsManagementClient/3.0.0.0"
        ]
      },
      "ResponseBody": "{\r\n  \"status\": \"Succeeded\"\r\n}",
      "ResponseHeaders": {
        "Content-Length": [
          "22"
        ],
        "Content-Type": [
          "application/json; charset=utf-8"
        ],
        "X-Content-Type-Options": [
          "nosniff"
        ],
        "Strict-Transport-Security": [
          "max-age=31536000; includeSubDomains"
        ],
        "x-ms-request-id": [
          "dde859e2-9ca2-41b5-89c1-82d07cba2271"
        ],
        "x-ms-ratelimit-remaining-subscription-resource-requests": [
          "5997"
        ],
        "x-ms-correlation-request-id": [
          "6781eea5-cb2c-456d-be34-fbb6c19b0ab3"
        ],
        "x-ms-routing-request-id": [
          "WESTEUROPE:20180910T190331Z:6781eea5-cb2c-456d-be34-fbb6c19b0ab3"
        ],
        "Cache-Control": [
          "private"
        ],
        "Date": [
          "Mon, 10 Sep 2018 19:03:31 GMT"
        ],
        "Server": [
          "Microsoft-IIS/8.5"
        ],
        "X-AspNet-Version": [
          "4.0.30319"
        ],
        "X-Powered-By": [
          "ASP.NET"
        ]
      },
      "StatusCode": 200
    },
    {
      "RequestUri": "/subscriptions/3cfb1b34-e5a9-4f98-bf9c-e4d69a6b170c/resourceGroups/ps7981/providers/Microsoft.Network/dnsOperationResults/delzone6367220300099837834e36f426?api-version=2018-05-01",
      "EncodedRequestUri": "L3N1YnNjcmlwdGlvbnMvM2NmYjFiMzQtZTVhOS00Zjk4LWJmOWMtZTRkNjlhNmIxNzBjL3Jlc291cmNlR3JvdXBzL3BzNzk4MS9wcm92aWRlcnMvTWljcm9zb2Z0Lk5ldHdvcmsvZG5zT3BlcmF0aW9uUmVzdWx0cy9kZWx6b25lNjM2NzIyMDMwMDA5OTgzNzgzNGUzNmY0MjY/YXBpLXZlcnNpb249MjAxOC0wNS0wMQ==",
      "RequestMethod": "GET",
      "RequestBody": "",
      "RequestHeaders": {
        "User-Agent": [
          "FxVersion/4.7.3132.0",
          "OSName/Windows10Enterprise",
          "OSVersion/6.3.17134",
          "Microsoft.Azure.Management.Dns.DnsManagementClient/3.0.0.0"
        ]
      },
      "ResponseBody": "true",
      "ResponseHeaders": {
        "Content-Length": [
          "4"
        ],
        "Content-Type": [
          "application/json; charset=utf-8"
        ],
        "X-Content-Type-Options": [
          "nosniff"
        ],
        "Strict-Transport-Security": [
          "max-age=31536000; includeSubDomains"
        ],
        "x-ms-request-id": [
          "60345d77-b07a-44d8-b459-2b330cc02e01"
        ],
        "x-ms-ratelimit-remaining-subscription-resource-requests": [
          "5997"
        ],
        "x-ms-correlation-request-id": [
          "f1521520-0b4e-45c2-81e9-00b637911e10"
        ],
        "x-ms-routing-request-id": [
          "WESTEUROPE:20180910T190331Z:f1521520-0b4e-45c2-81e9-00b637911e10"
        ],
        "Cache-Control": [
          "private"
        ],
        "Date": [
          "Mon, 10 Sep 2018 19:03:31 GMT"
        ],
        "Server": [
          "Microsoft-IIS/8.5"
        ],
        "X-AspNet-Version": [
          "4.0.30319"
        ],
        "X-Powered-By": [
          "ASP.NET"
        ]
      },
      "StatusCode": 200
    },
    {
      "RequestUri": "/subscriptions/3cfb1b34-e5a9-4f98-bf9c-e4d69a6b170c/resourcegroups/ps7981?api-version=2016-09-01",
      "EncodedRequestUri": "L3N1YnNjcmlwdGlvbnMvM2NmYjFiMzQtZTVhOS00Zjk4LWJmOWMtZTRkNjlhNmIxNzBjL3Jlc291cmNlZ3JvdXBzL3BzNzk4MT9hcGktdmVyc2lvbj0yMDE2LTA5LTAx",
      "RequestMethod": "DELETE",
      "RequestBody": "",
      "RequestHeaders": {
        "x-ms-client-request-id": [
          "a13d7646-a8dd-4065-b9a2-3ca88c5c8125"
        ],
        "accept-language": [
          "en-US"
        ],
        "User-Agent": [
          "FxVersion/4.7.3132.0",
          "OSName/Windows10Enterprise",
          "OSVersion/6.3.17134",
          "Microsoft.Azure.Management.Internal.Resources.ResourceManagementClient/4.1.0"
        ]
      },
      "ResponseBody": "",
      "ResponseHeaders": {
        "Content-Length": [
          "0"
        ],
        "Expires": [
          "-1"
        ],
        "Pragma": [
          "no-cache"
        ],
        "Retry-After": [
          "15"
        ],
        "x-ms-ratelimit-remaining-subscription-deletes": [
          "14982"
        ],
        "x-ms-request-id": [
          "932c499f-7576-4f31-ad69-fd85e4beeb3b"
        ],
        "x-ms-correlation-request-id": [
          "932c499f-7576-4f31-ad69-fd85e4beeb3b"
        ],
        "x-ms-routing-request-id": [
          "WESTEUROPE:20180910T190333Z:932c499f-7576-4f31-ad69-fd85e4beeb3b"
        ],
        "Strict-Transport-Security": [
          "max-age=31536000; includeSubDomains"
        ],
        "X-Content-Type-Options": [
          "nosniff"
        ],
        "Cache-Control": [
          "no-cache"
        ],
        "Date": [
          "Mon, 10 Sep 2018 19:03:33 GMT"
        ],
        "Location": [
          "https://api-dogfood.resources.windows-int.net/subscriptions/3cfb1b34-e5a9-4f98-bf9c-e4d69a6b170c/operationresults/eyJqb2JJZCI6IlJFU09VUkNFR1JPVVBERUxFVElPTkpPQi1QUzc5ODEtV0VTVFVTIiwiam9iTG9jYXRpb24iOiJ3ZXN0dXMifQ?api-version=2016-09-01"
        ]
      },
      "StatusCode": 202
    },
    {
      "RequestUri": "/subscriptions/3cfb1b34-e5a9-4f98-bf9c-e4d69a6b170c/operationresults/eyJqb2JJZCI6IlJFU09VUkNFR1JPVVBERUxFVElPTkpPQi1QUzc5ODEtV0VTVFVTIiwiam9iTG9jYXRpb24iOiJ3ZXN0dXMifQ?api-version=2016-09-01",
      "EncodedRequestUri": "L3N1YnNjcmlwdGlvbnMvM2NmYjFiMzQtZTVhOS00Zjk4LWJmOWMtZTRkNjlhNmIxNzBjL29wZXJhdGlvbnJlc3VsdHMvZXlKcWIySkpaQ0k2SWxKRlUwOVZVa05GUjFKUFZWQkVSVXhGVkVsUFRrcFBRaTFRVXpjNU9ERXRWMFZUVkZWVElpd2lhbTlpVEc5allYUnBiMjRpT2lKM1pYTjBkWE1pZlE/YXBpLXZlcnNpb249MjAxNi0wOS0wMQ==",
      "RequestMethod": "GET",
      "RequestBody": "",
      "RequestHeaders": {
        "User-Agent": [
          "FxVersion/4.7.3132.0",
          "OSName/Windows10Enterprise",
          "OSVersion/6.3.17134",
          "Microsoft.Azure.Management.Internal.Resources.ResourceManagementClient/4.1.0"
        ]
      },
      "ResponseBody": "",
      "ResponseHeaders": {
        "Content-Length": [
          "0"
        ],
        "Expires": [
          "-1"
        ],
        "Pragma": [
          "no-cache"
        ],
        "Retry-After": [
          "15"
        ],
        "x-ms-ratelimit-remaining-subscription-reads": [
          "14947"
        ],
        "x-ms-request-id": [
          "f8a46cc7-7b87-4b27-8262-d5d99aefb15a"
        ],
        "x-ms-correlation-request-id": [
          "f8a46cc7-7b87-4b27-8262-d5d99aefb15a"
        ],
        "x-ms-routing-request-id": [
          "WESTEUROPE:20180910T190348Z:f8a46cc7-7b87-4b27-8262-d5d99aefb15a"
        ],
        "Strict-Transport-Security": [
          "max-age=31536000; includeSubDomains"
        ],
        "X-Content-Type-Options": [
          "nosniff"
        ],
        "Cache-Control": [
          "no-cache"
        ],
        "Date": [
          "Mon, 10 Sep 2018 19:03:48 GMT"
        ],
        "Location": [
          "https://api-dogfood.resources.windows-int.net/subscriptions/3cfb1b34-e5a9-4f98-bf9c-e4d69a6b170c/operationresults/eyJqb2JJZCI6IlJFU09VUkNFR1JPVVBERUxFVElPTkpPQi1QUzc5ODEtV0VTVFVTIiwiam9iTG9jYXRpb24iOiJ3ZXN0dXMifQ?api-version=2016-09-01"
        ]
      },
      "StatusCode": 202
    },
    {
      "RequestUri": "/subscriptions/3cfb1b34-e5a9-4f98-bf9c-e4d69a6b170c/operationresults/eyJqb2JJZCI6IlJFU09VUkNFR1JPVVBERUxFVElPTkpPQi1QUzc5ODEtV0VTVFVTIiwiam9iTG9jYXRpb24iOiJ3ZXN0dXMifQ?api-version=2016-09-01",
      "EncodedRequestUri": "L3N1YnNjcmlwdGlvbnMvM2NmYjFiMzQtZTVhOS00Zjk4LWJmOWMtZTRkNjlhNmIxNzBjL29wZXJhdGlvbnJlc3VsdHMvZXlKcWIySkpaQ0k2SWxKRlUwOVZVa05GUjFKUFZWQkVSVXhGVkVsUFRrcFBRaTFRVXpjNU9ERXRWMFZUVkZWVElpd2lhbTlpVEc5allYUnBiMjRpT2lKM1pYTjBkWE1pZlE/YXBpLXZlcnNpb249MjAxNi0wOS0wMQ==",
      "RequestMethod": "GET",
      "RequestBody": "",
      "RequestHeaders": {
        "User-Agent": [
          "FxVersion/4.7.3132.0",
          "OSName/Windows10Enterprise",
          "OSVersion/6.3.17134",
          "Microsoft.Azure.Management.Internal.Resources.ResourceManagementClient/4.1.0"
        ]
      },
      "ResponseBody": "",
      "ResponseHeaders": {
        "Content-Length": [
          "0"
        ],
        "Expires": [
          "-1"
        ],
        "Pragma": [
          "no-cache"
        ],
        "Retry-After": [
          "15"
        ],
        "x-ms-ratelimit-remaining-subscription-reads": [
          "14946"
        ],
        "x-ms-request-id": [
          "a66c8020-45cd-427a-8d29-d32a2fae38e0"
        ],
        "x-ms-correlation-request-id": [
          "a66c8020-45cd-427a-8d29-d32a2fae38e0"
        ],
        "x-ms-routing-request-id": [
          "WESTEUROPE:20180910T190404Z:a66c8020-45cd-427a-8d29-d32a2fae38e0"
        ],
        "Strict-Transport-Security": [
          "max-age=31536000; includeSubDomains"
        ],
        "X-Content-Type-Options": [
          "nosniff"
        ],
        "Cache-Control": [
          "no-cache"
        ],
        "Date": [
          "Mon, 10 Sep 2018 19:04:03 GMT"
        ],
        "Location": [
          "https://api-dogfood.resources.windows-int.net/subscriptions/3cfb1b34-e5a9-4f98-bf9c-e4d69a6b170c/operationresults/eyJqb2JJZCI6IlJFU09VUkNFR1JPVVBERUxFVElPTkpPQi1QUzc5ODEtV0VTVFVTIiwiam9iTG9jYXRpb24iOiJ3ZXN0dXMifQ?api-version=2016-09-01"
        ]
      },
      "StatusCode": 202
    },
    {
      "RequestUri": "/subscriptions/3cfb1b34-e5a9-4f98-bf9c-e4d69a6b170c/operationresults/eyJqb2JJZCI6IlJFU09VUkNFR1JPVVBERUxFVElPTkpPQi1QUzc5ODEtV0VTVFVTIiwiam9iTG9jYXRpb24iOiJ3ZXN0dXMifQ?api-version=2016-09-01",
      "EncodedRequestUri": "L3N1YnNjcmlwdGlvbnMvM2NmYjFiMzQtZTVhOS00Zjk4LWJmOWMtZTRkNjlhNmIxNzBjL29wZXJhdGlvbnJlc3VsdHMvZXlKcWIySkpaQ0k2SWxKRlUwOVZVa05GUjFKUFZWQkVSVXhGVkVsUFRrcFBRaTFRVXpjNU9ERXRWMFZUVkZWVElpd2lhbTlpVEc5allYUnBiMjRpT2lKM1pYTjBkWE1pZlE/YXBpLXZlcnNpb249MjAxNi0wOS0wMQ==",
      "RequestMethod": "GET",
      "RequestBody": "",
      "RequestHeaders": {
        "User-Agent": [
          "FxVersion/4.7.3132.0",
          "OSName/Windows10Enterprise",
          "OSVersion/6.3.17134",
          "Microsoft.Azure.Management.Internal.Resources.ResourceManagementClient/4.1.0"
        ]
      },
      "ResponseBody": "",
      "ResponseHeaders": {
        "Content-Length": [
          "0"
        ],
        "Expires": [
          "-1"
        ],
        "Pragma": [
          "no-cache"
        ],
        "x-ms-ratelimit-remaining-subscription-reads": [
          "14945"
        ],
        "x-ms-request-id": [
          "8cf81b98-d64e-4c15-9372-c349ea62e4a9"
        ],
        "x-ms-correlation-request-id": [
          "8cf81b98-d64e-4c15-9372-c349ea62e4a9"
        ],
        "x-ms-routing-request-id": [
          "WESTEUROPE:20180910T190419Z:8cf81b98-d64e-4c15-9372-c349ea62e4a9"
        ],
        "Strict-Transport-Security": [
          "max-age=31536000; includeSubDomains"
        ],
        "X-Content-Type-Options": [
          "nosniff"
        ],
        "Cache-Control": [
          "no-cache"
        ],
        "Date": [
          "Mon, 10 Sep 2018 19:04:19 GMT"
        ]
      },
      "StatusCode": 200
    },
    {
      "RequestUri": "/subscriptions/3cfb1b34-e5a9-4f98-bf9c-e4d69a6b170c/operationresults/eyJqb2JJZCI6IlJFU09VUkNFR1JPVVBERUxFVElPTkpPQi1QUzc5ODEtV0VTVFVTIiwiam9iTG9jYXRpb24iOiJ3ZXN0dXMifQ?api-version=2016-09-01",
      "EncodedRequestUri": "L3N1YnNjcmlwdGlvbnMvM2NmYjFiMzQtZTVhOS00Zjk4LWJmOWMtZTRkNjlhNmIxNzBjL29wZXJhdGlvbnJlc3VsdHMvZXlKcWIySkpaQ0k2SWxKRlUwOVZVa05GUjFKUFZWQkVSVXhGVkVsUFRrcFBRaTFRVXpjNU9ERXRWMFZUVkZWVElpd2lhbTlpVEc5allYUnBiMjRpT2lKM1pYTjBkWE1pZlE/YXBpLXZlcnNpb249MjAxNi0wOS0wMQ==",
      "RequestMethod": "GET",
      "RequestBody": "",
      "RequestHeaders": {
        "User-Agent": [
          "FxVersion/4.7.3132.0",
          "OSName/Windows10Enterprise",
          "OSVersion/6.3.17134",
          "Microsoft.Azure.Management.Internal.Resources.ResourceManagementClient/4.1.0"
        ]
      },
      "ResponseBody": "",
      "ResponseHeaders": {
        "Content-Length": [
          "0"
        ],
        "Expires": [
          "-1"
        ],
        "Pragma": [
          "no-cache"
        ],
        "x-ms-ratelimit-remaining-subscription-reads": [
          "14944"
        ],
        "x-ms-request-id": [
          "8c728ba1-48b7-4f3d-a023-25026bf9f0b5"
        ],
        "x-ms-correlation-request-id": [
          "8c728ba1-48b7-4f3d-a023-25026bf9f0b5"
        ],
        "x-ms-routing-request-id": [
          "WESTEUROPE:20180910T190420Z:8c728ba1-48b7-4f3d-a023-25026bf9f0b5"
        ],
        "Strict-Transport-Security": [
          "max-age=31536000; includeSubDomains"
        ],
        "X-Content-Type-Options": [
          "nosniff"
        ],
        "Cache-Control": [
          "no-cache"
        ],
        "Date": [
          "Mon, 10 Sep 2018 19:04:19 GMT"
        ]
      },
      "StatusCode": 200
    }
  ],
  "Names": {
    "Test-RecordSetMX": [
      "ps7451",
      "ps1518",
      "ps7981"
    ]
  },
  "Variables": {
    "SubscriptionId": "3cfb1b34-e5a9-4f98-bf9c-e4d69a6b170c"
  }
}