{
  "Entries": [
    {
      "RequestUri": "/subscriptions/57b7034d-72d4-433d-ace2-a7460aed6a99/resourcegroups/onesdk1801?api-version=2014-04-01-preview",
      "EncodedRequestUri": "L3N1YnNjcmlwdGlvbnMvNTdiNzAzNGQtNzJkNC00MzNkLWFjZTItYTc0NjBhZWQ2YTk5L3Jlc291cmNlZ3JvdXBzL29uZXNkazE4MDE/YXBpLXZlcnNpb249MjAxNC0wNC0wMS1wcmV2aWV3",
      "RequestMethod": "HEAD",
      "RequestBody": "",
      "RequestHeaders": {
        "User-Agent": [
          "Microsoft.Azure.Management.Resources.ResourceManagementClient/2.0.0.0"
        ]
      },
      "ResponseBody": "",
      "ResponseHeaders": {
        "Content-Length": [
          "102"
        ],
        "Content-Type": [
          "application/json; charset=utf-8"
        ],
        "Expires": [
          "-1"
        ],
        "Pragma": [
          "no-cache"
        ],
        "x-ms-failure-cause": [
          "gateway"
        ],
        "x-ms-ratelimit-remaining-subscription-reads": [
          "14941"
        ],
        "x-ms-request-id": [
          "2c0524e7-96af-48dd-b001-91068740ae6c"
        ],
        "x-ms-correlation-request-id": [
          "2c0524e7-96af-48dd-b001-91068740ae6c"
        ],
        "x-ms-routing-request-id": [
          "WESTUS:20160129T231814Z:2c0524e7-96af-48dd-b001-91068740ae6c"
        ],
        "Strict-Transport-Security": [
          "max-age=31536000; includeSubDomains"
        ],
        "Cache-Control": [
          "no-cache"
        ],
        "Date": [
          "Fri, 29 Jan 2016 23:18:13 GMT"
        ]
      },
      "StatusCode": 404
    },
    {
      "RequestUri": "/subscriptions/57b7034d-72d4-433d-ace2-a7460aed6a99/resourcegroups/onesdk1801?api-version=2014-04-01-preview",
      "EncodedRequestUri": "L3N1YnNjcmlwdGlvbnMvNTdiNzAzNGQtNzJkNC00MzNkLWFjZTItYTc0NjBhZWQ2YTk5L3Jlc291cmNlZ3JvdXBzL29uZXNkazE4MDE/YXBpLXZlcnNpb249MjAxNC0wNC0wMS1wcmV2aWV3",
      "RequestMethod": "PUT",
      "RequestBody": "{\r\n  \"location\": \"West US\"\r\n}",
      "RequestHeaders": {
        "Content-Type": [
          "application/json; charset=utf-8"
        ],
        "Content-Length": [
          "29"
        ],
        "User-Agent": [
          "Microsoft.Azure.Management.Resources.ResourceManagementClient/2.0.0.0"
        ]
      },
      "ResponseBody": "{\r\n  \"id\": \"/subscriptions/57b7034d-72d4-433d-ace2-a7460aed6a99/resourceGroups/onesdk1801\",\r\n  \"name\": \"onesdk1801\",\r\n  \"location\": \"westus\",\r\n  \"properties\": {\r\n    \"provisioningState\": \"Succeeded\"\r\n  }\r\n}",
      "ResponseHeaders": {
        "Content-Length": [
          "173"
        ],
        "Content-Type": [
          "application/json; charset=utf-8"
        ],
        "Expires": [
          "-1"
        ],
        "Pragma": [
          "no-cache"
        ],
        "x-ms-ratelimit-remaining-subscription-writes": [
          "1194"
        ],
        "x-ms-request-id": [
          "e02de697-bf9f-41cf-97ba-3901502b13f1"
        ],
        "x-ms-correlation-request-id": [
          "e02de697-bf9f-41cf-97ba-3901502b13f1"
        ],
        "x-ms-routing-request-id": [
          "WESTUS:20160129T231815Z:e02de697-bf9f-41cf-97ba-3901502b13f1"
        ],
        "Strict-Transport-Security": [
          "max-age=31536000; includeSubDomains"
        ],
        "Cache-Control": [
          "no-cache"
        ],
        "Date": [
          "Fri, 29 Jan 2016 23:18:14 GMT"
        ]
      },
      "StatusCode": 201
    },
    {
      "RequestUri": "/subscriptions/57b7034d-72d4-433d-ace2-a7460aed6a99/resourceGroups/onesdk1801/resources?api-version=2014-04-01-preview",
      "EncodedRequestUri": "L3N1YnNjcmlwdGlvbnMvNTdiNzAzNGQtNzJkNC00MzNkLWFjZTItYTc0NjBhZWQ2YTk5L3Jlc291cmNlR3JvdXBzL29uZXNkazE4MDEvcmVzb3VyY2VzP2FwaS12ZXJzaW9uPTIwMTQtMDQtMDEtcHJldmlldw==",
      "RequestMethod": "GET",
      "RequestBody": "",
      "RequestHeaders": {
        "User-Agent": [
          "Microsoft.Azure.Management.Resources.ResourceManagementClient/2.0.0.0"
        ]
      },
      "ResponseBody": "{\r\n  \"value\": []\r\n}",
      "ResponseHeaders": {
        "Content-Length": [
          "12"
        ],
        "Content-Type": [
          "application/json; charset=utf-8"
        ],
        "Expires": [
          "-1"
        ],
        "Pragma": [
          "no-cache"
        ],
        "x-ms-ratelimit-remaining-subscription-reads": [
          "14940"
        ],
        "x-ms-request-id": [
          "a385c328-49ce-4f66-aae9-f46638e26c3c"
        ],
        "x-ms-correlation-request-id": [
          "a385c328-49ce-4f66-aae9-f46638e26c3c"
        ],
        "x-ms-routing-request-id": [
          "WESTUS:20160129T231815Z:a385c328-49ce-4f66-aae9-f46638e26c3c"
        ],
        "Strict-Transport-Security": [
          "max-age=31536000; includeSubDomains"
        ],
        "Cache-Control": [
          "no-cache"
        ],
        "Date": [
          "Fri, 29 Jan 2016 23:18:14 GMT"
        ]
      },
      "StatusCode": 200
    },
    {
      "RequestUri": "/subscriptions/57b7034d-72d4-433d-ace2-a7460aed6a99/resourceGroups/onesdk1801/providers/Microsoft.Web/serverfarms/StandardServicePlan?api-version=2015-08-01",
      "EncodedRequestUri": "L3N1YnNjcmlwdGlvbnMvNTdiNzAzNGQtNzJkNC00MzNkLWFjZTItYTc0NjBhZWQ2YTk5L3Jlc291cmNlR3JvdXBzL29uZXNkazE4MDEvcHJvdmlkZXJzL01pY3Jvc29mdC5XZWIvc2VydmVyZmFybXMvU3RhbmRhcmRTZXJ2aWNlUGxhbj9hcGktdmVyc2lvbj0yMDE1LTA4LTAx",
      "RequestMethod": "GET",
      "RequestBody": "",
      "RequestHeaders": {
        "x-ms-client-request-id": [
          "694df554-3a92-438d-98ef-4ebcc47edd7f"
        ],
        "accept-language": [
          "en-US"
        ],
        "User-Agent": [
          "Microsoft.Azure.Management.WebSites.WebSiteManagementClient/0.9.0.0"
        ],
        "Accept": [
          "application/json"
        ]
      },
      "ResponseBody": "{\r\n  \"id\": \"/subscriptions/57b7034d-72d4-433d-ace2-a7460aed6a99/resourceGroups/onesdk1801/providers/Microsoft.Web/serverfarms/StandardServicePlan\",\r\n  \"name\": \"StandardServicePlan\",\r\n  \"type\": \"Microsoft.Web/serverfarms\",\r\n  \"location\": \"West US\",\r\n  \"tags\": null,\r\n  \"properties\": {\r\n    \"serverFarmId\": 0,\r\n    \"name\": \"StandardServicePlan\",\r\n    \"workerSize\": 0,\r\n    \"workerSizeId\": 0,\r\n    \"numberOfWorkers\": 1,\r\n    \"currentWorkerSize\": 0,\r\n    \"currentWorkerSizeId\": 0,\r\n    \"currentNumberOfWorkers\": 1,\r\n    \"status\": 0,\r\n    \"webSpace\": \"onesdk1801-WestUSwebspace\",\r\n    \"subscription\": \"57b7034d-72d4-433d-ace2-a7460aed6a99\",\r\n    \"adminSiteName\": null,\r\n    \"hostingEnvironment\": null,\r\n    \"hostingEnvironmentProfile\": null,\r\n    \"maximumNumberOfWorkers\": 10,\r\n    \"planName\": \"VirtualDedicatedPlan\",\r\n    \"adminRuntimeSiteName\": null,\r\n    \"computeMode\": 0,\r\n    \"siteMode\": null,\r\n    \"geoRegion\": \"West US\",\r\n    \"perSiteScaling\": false,\r\n    \"numberOfSites\": 0,\r\n    \"hostingEnvironmentId\": null,\r\n    \"tags\": null,\r\n    \"kind\": null,\r\n    \"resourceGroup\": \"onesdk1801\"\r\n  },\r\n  \"sku\": {\r\n    \"name\": \"S1\",\r\n    \"tier\": \"Standard\",\r\n    \"size\": \"S1\",\r\n    \"family\": \"S\",\r\n    \"capacity\": 1\r\n  }\r\n}",
      "ResponseHeaders": {
        "Content-Length": [
          "951"
        ],
        "Content-Type": [
          "application/json"
        ],
        "Expires": [
          "-1"
        ],
        "Pragma": [
          "no-cache"
        ],
        "Strict-Transport-Security": [
          "max-age=31536000; includeSubDomains"
        ],
        "x-ms-request-id": [
          "35cee21c-f25c-4650-a830-fb8a4c7ef147"
        ],
        "x-ms-ratelimit-remaining-subscription-reads": [
          "14900"
        ],
        "x-ms-correlation-request-id": [
          "7451d161-9052-46bf-b53b-04c37dbf9bfb"
        ],
        "x-ms-routing-request-id": [
          "WESTUS:20160129T231822Z:7451d161-9052-46bf-b53b-04c37dbf9bfb"
        ],
        "Cache-Control": [
          "no-cache"
        ],
        "Date": [
          "Fri, 29 Jan 2016 23:18:21 GMT"
        ],
        "Server": [
          "Microsoft-IIS/8.0"
        ],
        "X-AspNet-Version": [
          "4.0.30319"
        ],
        "X-Powered-By": [
          "ASP.NET"
        ]
      },
      "StatusCode": 200
    },
    {
      "RequestUri": "/subscriptions/57b7034d-72d4-433d-ace2-a7460aed6a99/resourceGroups/onesdk1801/providers/Microsoft.Logic/workflows/onesdk9125?api-version=2015-02-01-preview",
      "EncodedRequestUri": "L3N1YnNjcmlwdGlvbnMvNTdiNzAzNGQtNzJkNC00MzNkLWFjZTItYTc0NjBhZWQ2YTk5L3Jlc291cmNlR3JvdXBzL29uZXNkazE4MDEvcHJvdmlkZXJzL01pY3Jvc29mdC5Mb2dpYy93b3JrZmxvd3Mvb25lc2RrOTEyNT9hcGktdmVyc2lvbj0yMDE1LTAyLTAxLXByZXZpZXc=",
      "RequestMethod": "GET",
      "RequestBody": "",
      "RequestHeaders": {
        "x-ms-client-request-id": [
          "ed0eb3bc-e7cf-45e4-b29d-8ea9b9c1480f"
        ],
        "accept-language": [
          "en-US"
        ],
        "User-Agent": [
          "Microsoft.Azure.Management.Logic.LogicManagementClient/0.1.0.0"
        ]
      },
      "ResponseBody": "{\r\n  \"error\": {\r\n    \"code\": \"ResourceNotFound\",\r\n    \"message\": \"The Resource 'Microsoft.Logic/workflows/onesdk9125' under resource group 'onesdk1801' was not found.\"\r\n  }\r\n}",
      "ResponseHeaders": {
        "Content-Length": [
          "150"
        ],
        "Content-Type": [
          "application/json; charset=utf-8"
        ],
        "Expires": [
          "-1"
        ],
        "Pragma": [
          "no-cache"
        ],
        "x-ms-failure-cause": [
          "gateway"
        ],
        "x-ms-request-id": [
          "6f28fb7c-4b86-4152-a88b-4f0c04a401a1"
        ],
        "x-ms-correlation-request-id": [
          "6f28fb7c-4b86-4152-a88b-4f0c04a401a1"
        ],
        "x-ms-routing-request-id": [
          "WESTUS:20160129T231822Z:6f28fb7c-4b86-4152-a88b-4f0c04a401a1"
        ],
        "Strict-Transport-Security": [
          "max-age=31536000; includeSubDomains"
        ],
        "Cache-Control": [
          "no-cache"
        ],
        "Date": [
          "Fri, 29 Jan 2016 23:18:22 GMT"
        ]
      },
      "StatusCode": 404
    },
    {
      "RequestUri": "/subscriptions/57b7034d-72d4-433d-ace2-a7460aed6a99/resourceGroups/onesdk1801/providers/Microsoft.Logic/workflows/onesdk9125?api-version=2015-02-01-preview",
      "EncodedRequestUri": "L3N1YnNjcmlwdGlvbnMvNTdiNzAzNGQtNzJkNC00MzNkLWFjZTItYTc0NjBhZWQ2YTk5L3Jlc291cmNlR3JvdXBzL29uZXNkazE4MDEvcHJvdmlkZXJzL01pY3Jvc29mdC5Mb2dpYy93b3JrZmxvd3Mvb25lc2RrOTEyNT9hcGktdmVyc2lvbj0yMDE1LTAyLTAxLXByZXZpZXc=",
      "RequestMethod": "GET",
      "RequestBody": "",
      "RequestHeaders": {
        "x-ms-client-request-id": [
          "d5f83e01-424e-48e8-96e0-7df39fd87849"
        ],
        "accept-language": [
          "en-US"
        ],
        "User-Agent": [
          "Microsoft.Azure.Management.Logic.LogicManagementClient/0.1.0.0"
        ]
      },
      "ResponseBody": "{\r\n  \"properties\": {\r\n    \"provisioningState\": \"Succeeded\",\r\n    \"createdTime\": \"2016-01-29T23:18:23.7835521Z\",\r\n    \"changedTime\": \"2016-01-29T23:18:23.7840706Z\",\r\n    \"state\": \"Enabled\",\r\n    \"version\": \"08587474973818156248\",\r\n    \"accessEndpoint\": \"https://westus.logic.azure.com:443/subscriptions/57b7034d-72d4-433d-ace2-a7460aed6a99/resourcegroups/onesdk1801/providers/Microsoft.Logic/workflows/onesdk9125\",\r\n    \"sku\": {\r\n      \"name\": \"Standard\",\r\n      \"plan\": {\r\n        \"id\": \"/subscriptions/57b7034d-72d4-433d-ace2-a7460aed6a99/resourceGroups/onesdk1801/providers/Microsoft.Web/serverfarms/StandardServicePlan\",\r\n        \"type\": \"Microsoft.Web/ServerFarms\",\r\n        \"name\": \"StandardServicePlan\"\r\n      }\r\n    },\r\n    \"definition\": {\r\n      \"$schema\": \"https://schema.management.azure.com/providers/Microsoft.Logic/schemas/2014-12-01-preview/workflowdefinition.json#\",\r\n      \"contentVersion\": \"1.0.0.0\",\r\n      \"parameters\": {\r\n        \"runworkflowmanually\": {\r\n          \"defaultValue\": true,\r\n          \"type\": \"Bool\"\r\n        },\r\n        \"destinationUri\": {\r\n          \"defaultValue\": \"http://tempuri.org\",\r\n          \"type\": \"String\"\r\n        }\r\n      },\r\n      \"triggers\": {},\r\n      \"actions\": {\r\n        \"http\": {\r\n          \"type\": \"Http\",\r\n          \"inputs\": {\r\n            \"method\": \"POST\",\r\n            \"uri\": \"@parameters('destinationUri')\",\r\n            \"body\": \"Test\"\r\n          },\r\n          \"conditions\": []\r\n        }\r\n      },\r\n      \"outputs\": {}\r\n    },\r\n    \"parameters\": {\r\n      \"destinationUri\": {\r\n        \"value\": \"http://requestb.in/1kj7g8e1\"\r\n      }\r\n    }\r\n  },\r\n  \"id\": \"/subscriptions/57b7034d-72d4-433d-ace2-a7460aed6a99/resourceGroups/onesdk1801/providers/Microsoft.Logic/workflows/onesdk9125\",\r\n  \"name\": \"onesdk9125\",\r\n  \"type\": \"Microsoft.Logic/workflows\",\r\n  \"location\": \"westus\"\r\n}",
      "ResponseHeaders": {
        "Content-Length": [
          "1355"
        ],
        "Content-Type": [
          "application/json; charset=utf-8"
        ],
        "Expires": [
          "-1"
        ],
        "Pragma": [
          "no-cache"
        ],
        "Vary": [
          "Accept-Encoding"
        ],
        "x-ms-request-id": [
          "westus:f6ee937a-71bf-4c46-b15e-253eb335b6c0"
        ],
        "x-ms-ratelimit-remaining-subscription-reads": [
          "14902"
        ],
        "x-ms-correlation-request-id": [
          "131eac99-6ad2-46e5-9125-5731622820a4"
        ],
        "x-ms-routing-request-id": [
          "WESTUS:20160129T231824Z:131eac99-6ad2-46e5-9125-5731622820a4"
        ],
        "Strict-Transport-Security": [
          "max-age=31536000; includeSubDomains"
        ],
        "Cache-Control": [
          "no-cache"
        ],
        "Date": [
          "Fri, 29 Jan 2016 23:18:24 GMT"
        ]
      },
      "StatusCode": 200
    },
    {
      "RequestUri": "/subscriptions/57b7034d-72d4-433d-ace2-a7460aed6a99/resourceGroups/onesdk1801/providers/Microsoft.Logic/workflows/onesdk9125?api-version=2015-02-01-preview",
      "EncodedRequestUri": "L3N1YnNjcmlwdGlvbnMvNTdiNzAzNGQtNzJkNC00MzNkLWFjZTItYTc0NjBhZWQ2YTk5L3Jlc291cmNlR3JvdXBzL29uZXNkazE4MDEvcHJvdmlkZXJzL01pY3Jvc29mdC5Mb2dpYy93b3JrZmxvd3Mvb25lc2RrOTEyNT9hcGktdmVyc2lvbj0yMDE1LTAyLTAxLXByZXZpZXc=",
      "RequestMethod": "GET",
      "RequestBody": "",
      "RequestHeaders": {
        "x-ms-client-request-id": [
          "18a0fbce-fe72-4dc1-8af1-029a2cfab604"
        ],
        "accept-language": [
          "en-US"
        ],
        "User-Agent": [
          "Microsoft.Azure.Management.Logic.LogicManagementClient/0.1.0.0"
        ]
      },
      "ResponseBody": "{\r\n  \"properties\": {\r\n    \"provisioningState\": \"Succeeded\",\r\n    \"createdTime\": \"2016-01-29T23:18:23.7835521Z\",\r\n    \"changedTime\": \"2016-01-29T23:18:24.7894582Z\",\r\n    \"state\": \"Disabled\",\r\n    \"version\": \"08587474973807399163\",\r\n    \"accessEndpoint\": \"https://westus.logic.azure.com:443/subscriptions/57b7034d-72d4-433d-ace2-a7460aed6a99/resourcegroups/onesdk1801/providers/Microsoft.Logic/workflows/onesdk9125\",\r\n    \"sku\": {\r\n      \"name\": \"Standard\",\r\n      \"plan\": {\r\n        \"id\": \"/subscriptions/57b7034d-72d4-433d-ace2-a7460aed6a99/resourceGroups/onesdk1801/providers/Microsoft.Web/serverfarms/StandardServicePlan\",\r\n        \"type\": \"Microsoft.Web/ServerFarms\",\r\n        \"name\": \"StandardServicePlan\"\r\n      }\r\n    },\r\n    \"definition\": {\r\n      \"$schema\": \"http://schema.management.azure.com/providers/Microsoft.Logic/schemas/2014-12-01-preview/workflowdefinition.json#\",\r\n      \"contentVersion\": \"1.0.0.0\",\r\n      \"parameters\": {\r\n        \"runworkflowmanually\": {\r\n          \"defaultValue\": false,\r\n          \"type\": \"Bool\"\r\n        }\r\n      },\r\n      \"triggers\": {\r\n        \"httpTrigger\": {\r\n          \"recurrence\": {\r\n            \"frequency\": \"Hour\",\r\n            \"interval\": 1\r\n          },\r\n          \"type\": \"Http\",\r\n          \"inputs\": {\r\n            \"method\": \"GET\",\r\n            \"uri\": \"http://www.bing.com\"\r\n          },\r\n          \"conditions\": [\r\n            {\r\n              \"expression\": \"@bool('true')\"\r\n            }\r\n          ]\r\n        }\r\n      },\r\n      \"actions\": {\r\n        \"http\": {\r\n          \"type\": \"Http\",\r\n          \"inputs\": {\r\n            \"method\": \"GET\",\r\n            \"uri\": \"http://www.bing.com\"\r\n          },\r\n          \"conditions\": [\r\n            {\r\n              \"expression\": \"@bool('true')\"\r\n            }\r\n          ]\r\n        },\r\n        \"http1\": {\r\n          \"type\": \"Http\",\r\n          \"inputs\": {\r\n            \"method\": \"GET\",\r\n            \"uri\": \"http://www.bing.com\"\r\n          },\r\n          \"conditions\": [\r\n            {\r\n              \"expression\": \"@bool('true')\"\r\n            }\r\n          ]\r\n        }\r\n      },\r\n      \"outputs\": {\r\n        \"output1\": {\r\n          \"type\": \"String\",\r\n          \"value\": \"true\"\r\n        }\r\n      }\r\n    },\r\n    \"parameters\": {}\r\n  },\r\n  \"id\": \"/subscriptions/57b7034d-72d4-433d-ace2-a7460aed6a99/resourceGroups/onesdk1801/providers/Microsoft.Logic/workflows/onesdk9125\",\r\n  \"name\": \"onesdk9125\",\r\n  \"type\": \"Microsoft.Logic/workflows\",\r\n  \"location\": \"westus\"\r\n}",
      "ResponseHeaders": {
        "Content-Length": [
          "1576"
        ],
        "Content-Type": [
          "application/json; charset=utf-8"
        ],
        "Expires": [
          "-1"
        ],
        "Pragma": [
          "no-cache"
        ],
        "Vary": [
          "Accept-Encoding"
        ],
        "x-ms-request-id": [
          "westus:6a7991e2-b82c-42f4-b813-0be66861c7cc"
        ],
        "x-ms-ratelimit-remaining-subscription-reads": [
          "14901"
        ],
        "x-ms-correlation-request-id": [
          "bd4c0381-3cac-4a10-81b3-c35559aef70b"
        ],
        "x-ms-routing-request-id": [
          "WESTUS:20160129T231824Z:bd4c0381-3cac-4a10-81b3-c35559aef70b"
        ],
        "Strict-Transport-Security": [
          "max-age=31536000; includeSubDomains"
        ],
        "Cache-Control": [
          "no-cache"
        ],
        "Date": [
          "Fri, 29 Jan 2016 23:18:24 GMT"
        ]
      },
      "StatusCode": 200
    },
    {
      "RequestUri": "/subscriptions/57b7034d-72d4-433d-ace2-a7460aed6a99/resourceGroups/onesdk1801/providers/Microsoft.Logic/workflows/onesdk9125?api-version=2015-02-01-preview",
      "EncodedRequestUri": "L3N1YnNjcmlwdGlvbnMvNTdiNzAzNGQtNzJkNC00MzNkLWFjZTItYTc0NjBhZWQ2YTk5L3Jlc291cmNlR3JvdXBzL29uZXNkazE4MDEvcHJvdmlkZXJzL01pY3Jvc29mdC5Mb2dpYy93b3JrZmxvd3Mvb25lc2RrOTEyNT9hcGktdmVyc2lvbj0yMDE1LTAyLTAxLXByZXZpZXc=",
      "RequestMethod": "GET",
      "RequestBody": "",
      "RequestHeaders": {
        "x-ms-client-request-id": [
          "f5a1e5ea-4df5-43eb-9707-e826665e0149"
        ],
        "accept-language": [
          "en-US"
        ],
        "User-Agent": [
          "Microsoft.Azure.Management.Logic.LogicManagementClient/0.1.0.0"
        ]
      },
      "ResponseBody": "{\r\n  \"properties\": {\r\n    \"provisioningState\": \"Succeeded\",\r\n    \"createdTime\": \"2016-01-29T23:18:23.7835521Z\",\r\n    \"changedTime\": \"2016-01-29T23:18:25.2204798Z\",\r\n    \"state\": \"Enabled\",\r\n    \"version\": \"08587474973803074745\",\r\n    \"accessEndpoint\": \"https://westus.logic.azure.com:443/subscriptions/57b7034d-72d4-433d-ace2-a7460aed6a99/resourcegroups/onesdk1801/providers/Microsoft.Logic/workflows/onesdk9125\",\r\n    \"sku\": {\r\n      \"name\": \"Standard\",\r\n      \"plan\": {\r\n        \"id\": \"/subscriptions/57b7034d-72d4-433d-ace2-a7460aed6a99/resourceGroups/onesdk1801/providers/Microsoft.Web/serverfarms/StandardServicePlan\",\r\n        \"type\": \"Microsoft.Web/ServerFarms\",\r\n        \"name\": \"StandardServicePlan\"\r\n      }\r\n    },\r\n    \"definition\": {\r\n      \"$schema\": \"https://schema.management.azure.com/providers/Microsoft.Logic/schemas/2014-12-01-preview/workflowdefinition.json#\",\r\n      \"contentVersion\": \"1.0.0.0\",\r\n      \"parameters\": {\r\n        \"runworkflowmanually\": {\r\n          \"defaultValue\": true,\r\n          \"type\": \"Bool\"\r\n        },\r\n        \"destinationUri\": {\r\n          \"defaultValue\": \"http://tempuri.org\",\r\n          \"type\": \"String\"\r\n        }\r\n      },\r\n      \"triggers\": {},\r\n      \"actions\": {\r\n        \"http\": {\r\n          \"type\": \"Http\",\r\n          \"inputs\": {\r\n            \"method\": \"POST\",\r\n            \"uri\": \"@parameters('destinationUri')\",\r\n            \"body\": \"Test\"\r\n          },\r\n          \"conditions\": []\r\n        }\r\n      },\r\n      \"outputs\": {}\r\n    },\r\n    \"parameters\": {\r\n      \"destinationUri\": {\r\n        \"value\": \"http://requestb.in/1kj7g8e1\"\r\n      }\r\n    }\r\n  },\r\n  \"id\": \"/subscriptions/57b7034d-72d4-433d-ace2-a7460aed6a99/resourceGroups/onesdk1801/providers/Microsoft.Logic/workflows/onesdk9125\",\r\n  \"name\": \"onesdk9125\",\r\n  \"type\": \"Microsoft.Logic/workflows\",\r\n  \"location\": \"westus\"\r\n}",
      "ResponseHeaders": {
        "Content-Length": [
          "1355"
        ],
        "Content-Type": [
          "application/json; charset=utf-8"
        ],
        "Expires": [
          "-1"
        ],
        "Pragma": [
          "no-cache"
        ],
        "Vary": [
          "Accept-Encoding"
        ],
        "x-ms-request-id": [
          "westus:da39f083-9440-454e-85af-fe50a743ce34"
        ],
        "x-ms-ratelimit-remaining-subscription-reads": [
          "14900"
        ],
        "x-ms-correlation-request-id": [
          "bc7fba21-24b9-469b-baaa-b25e8d851ec8"
        ],
        "x-ms-routing-request-id": [
          "WESTUS:20160129T231825Z:bc7fba21-24b9-469b-baaa-b25e8d851ec8"
        ],
        "Strict-Transport-Security": [
          "max-age=31536000; includeSubDomains"
        ],
        "Cache-Control": [
          "no-cache"
        ],
        "Date": [
          "Fri, 29 Jan 2016 23:18:25 GMT"
        ]
      },
      "StatusCode": 200
    },
    {
      "RequestUri": "/subscriptions/57b7034d-72d4-433d-ace2-a7460aed6a99/resourceGroups/onesdk1801/providers/Microsoft.Logic/workflows/onesdk9125?api-version=2015-02-01-preview",
      "EncodedRequestUri": "L3N1YnNjcmlwdGlvbnMvNTdiNzAzNGQtNzJkNC00MzNkLWFjZTItYTc0NjBhZWQ2YTk5L3Jlc291cmNlR3JvdXBzL29uZXNkazE4MDEvcHJvdmlkZXJzL01pY3Jvc29mdC5Mb2dpYy93b3JrZmxvd3Mvb25lc2RrOTEyNT9hcGktdmVyc2lvbj0yMDE1LTAyLTAxLXByZXZpZXc=",
      "RequestMethod": "GET",
      "RequestBody": "",
      "RequestHeaders": {
        "x-ms-client-request-id": [
          "260624eb-507c-4382-a7a8-76a9b683273e"
        ],
        "accept-language": [
          "en-US"
        ],
        "User-Agent": [
          "Microsoft.Azure.Management.Logic.LogicManagementClient/0.1.0.0"
        ]
      },
      "ResponseBody": "{\r\n  \"properties\": {\r\n    \"provisioningState\": \"Succeeded\",\r\n    \"createdTime\": \"2016-01-29T23:18:23.7835521Z\",\r\n    \"changedTime\": \"2016-01-29T23:18:26.2102882Z\",\r\n    \"state\": \"Enabled\",\r\n    \"version\": \"08587474973793081561\",\r\n    \"accessEndpoint\": \"https://westus.logic.azure.com:443/subscriptions/57b7034d-72d4-433d-ace2-a7460aed6a99/resourcegroups/onesdk1801/providers/Microsoft.Logic/workflows/onesdk9125\",\r\n    \"sku\": {\r\n      \"name\": \"Standard\",\r\n      \"plan\": {\r\n        \"id\": \"/subscriptions/57b7034d-72d4-433d-ace2-a7460aed6a99/resourceGroups/onesdk1801/providers/Microsoft.Web/serverfarms/StandardServicePlan\",\r\n        \"type\": \"Microsoft.Web/ServerFarms\",\r\n        \"name\": \"StandardServicePlan\"\r\n      }\r\n    },\r\n    \"definition\": {\r\n      \"$schema\": \"https://schema.management.azure.com/providers/Microsoft.Logic/schemas/2014-12-01-preview/workflowdefinition.json#\",\r\n      \"contentVersion\": \"1.0.0.0\",\r\n      \"parameters\": {\r\n        \"runworkflowmanually\": {\r\n          \"defaultValue\": true,\r\n          \"type\": \"Bool\"\r\n        },\r\n        \"destinationUri\": {\r\n          \"defaultValue\": \"http://tempuri.org\",\r\n          \"type\": \"String\"\r\n        }\r\n      },\r\n      \"triggers\": {},\r\n      \"actions\": {\r\n        \"http\": {\r\n          \"type\": \"Http\",\r\n          \"inputs\": {\r\n            \"method\": \"POST\",\r\n            \"uri\": \"@parameters('destinationUri')\",\r\n            \"body\": \"Test\"\r\n          },\r\n          \"conditions\": []\r\n        }\r\n      },\r\n      \"outputs\": {}\r\n    },\r\n    \"parameters\": {\r\n      \"destinationUri\": {\r\n        \"value\": \"http://requestb.in/1kj7g8e1\"\r\n      }\r\n    }\r\n  },\r\n  \"id\": \"/subscriptions/57b7034d-72d4-433d-ace2-a7460aed6a99/resourceGroups/onesdk1801/providers/Microsoft.Logic/workflows/onesdk9125\",\r\n  \"name\": \"onesdk9125\",\r\n  \"type\": \"Microsoft.Logic/workflows\",\r\n  \"location\": \"westus\"\r\n}",
      "ResponseHeaders": {
        "Content-Length": [
          "1355"
        ],
        "Content-Type": [
          "application/json; charset=utf-8"
        ],
        "Expires": [
          "-1"
        ],
        "Pragma": [
          "no-cache"
        ],
        "Vary": [
          "Accept-Encoding"
        ],
        "x-ms-request-id": [
          "westus:78b3ae3e-867d-4758-9344-216b4c20cc13"
        ],
        "x-ms-ratelimit-remaining-subscription-reads": [
          "14899"
        ],
        "x-ms-correlation-request-id": [
          "4f5f743b-3a4d-415a-b72c-6c83b4c69df3"
        ],
        "x-ms-routing-request-id": [
          "WESTUS:20160129T231826Z:4f5f743b-3a4d-415a-b72c-6c83b4c69df3"
        ],
        "Strict-Transport-Security": [
          "max-age=31536000; includeSubDomains"
        ],
        "Cache-Control": [
          "no-cache"
        ],
        "Date": [
          "Fri, 29 Jan 2016 23:18:26 GMT"
        ]
      },
      "StatusCode": 200
    },
    {
      "RequestUri": "/subscriptions/57b7034d-72d4-433d-ace2-a7460aed6a99/resourceGroups/onesdk1801/providers/Microsoft.Logic/workflows/onesdk9125?api-version=2015-02-01-preview",
      "EncodedRequestUri": "L3N1YnNjcmlwdGlvbnMvNTdiNzAzNGQtNzJkNC00MzNkLWFjZTItYTc0NjBhZWQ2YTk5L3Jlc291cmNlR3JvdXBzL29uZXNkazE4MDEvcHJvdmlkZXJzL01pY3Jvc29mdC5Mb2dpYy93b3JrZmxvd3Mvb25lc2RrOTEyNT9hcGktdmVyc2lvbj0yMDE1LTAyLTAxLXByZXZpZXc=",
      "RequestMethod": "PUT",
      "RequestBody": "{\r\n  \"location\": \"westus\",\r\n  \"properties\": {\r\n    \"state\": \"Enabled\",\r\n    \"sku\": {\r\n      \"name\": \"Standard\",\r\n      \"plan\": {\r\n        \"id\": \"/subscriptions/57b7034d-72d4-433d-ace2-a7460aed6a99/resourceGroups/onesdk1801/providers/Microsoft.Web/serverfarms/StandardServicePlan\"\r\n      }\r\n    },\r\n    \"definition\": {\r\n      \"$schema\": \"https://schema.management.azure.com/providers/Microsoft.Logic/schemas/2014-12-01-preview/workflowdefinition.json#\",\r\n      \"contentVersion\": \"1.0.0.0\",\r\n      \"parameters\": {\r\n        \"runworkflowmanually\": {\r\n          \"type\": \"bool\",\r\n          \"defaultValue\": true\r\n        },\r\n        \"destinationUri\": {\r\n          \"type\": \"string\",\r\n          \"defaultValue\": \"http://tempuri.org\"\r\n        }\r\n      },\r\n      \"triggers\": {},\r\n      \"actions\": {\r\n        \"http\": {\r\n          \"type\": \"Http\",\r\n          \"inputs\": {\r\n            \"method\": \"POST\",\r\n            \"uri\": \"@parameters('destinationUri')\",\r\n            \"body\": \"Test\"\r\n          },\r\n          \"conditions\": []\r\n        }\r\n      },\r\n      \"outputs\": {}\r\n    },\r\n    \"parameters\": {\r\n      \"destinationUri\": {\r\n        \"value\": \"http://requestb.in/1kj7g8e1\"\r\n      }\r\n    }\r\n  }\r\n}",
      "RequestHeaders": {
        "Content-Type": [
          "application/json; charset=utf-8"
        ],
        "Content-Length": [
          "1179"
        ],
        "x-ms-client-request-id": [
          "5c080e44-725b-4374-ac81-acd51570edfc"
        ],
        "accept-language": [
          "en-US"
        ],
        "User-Agent": [
          "Microsoft.Azure.Management.Logic.LogicManagementClient/0.1.0.0"
        ]
      },
      "ResponseBody": "{\r\n  \"properties\": {\r\n    \"provisioningState\": \"Succeeded\",\r\n    \"createdTime\": \"2016-01-29T23:18:23.7835521Z\",\r\n    \"changedTime\": \"2016-01-29T23:18:23.7835521Z\",\r\n    \"state\": \"Enabled\",\r\n    \"version\": \"08587474973818156248\",\r\n    \"accessEndpoint\": \"https://westus.logic.azure.com:443/subscriptions/57b7034d-72d4-433d-ace2-a7460aed6a99/resourcegroups/onesdk1801/providers/Microsoft.Logic/workflows/onesdk9125\",\r\n    \"sku\": {\r\n      \"name\": \"Standard\",\r\n      \"plan\": {\r\n        \"id\": \"/subscriptions/57b7034d-72d4-433d-ace2-a7460aed6a99/resourceGroups/onesdk1801/providers/Microsoft.Web/serverfarms/StandardServicePlan\",\r\n        \"type\": \"Microsoft.Web/ServerFarms\",\r\n        \"name\": \"StandardServicePlan\"\r\n      }\r\n    },\r\n    \"definition\": {\r\n      \"$schema\": \"https://schema.management.azure.com/providers/Microsoft.Logic/schemas/2014-12-01-preview/workflowdefinition.json#\",\r\n      \"contentVersion\": \"1.0.0.0\",\r\n      \"parameters\": {\r\n        \"runworkflowmanually\": {\r\n          \"defaultValue\": true,\r\n          \"type\": \"Bool\"\r\n        },\r\n        \"destinationUri\": {\r\n          \"defaultValue\": \"http://tempuri.org\",\r\n          \"type\": \"String\"\r\n        }\r\n      },\r\n      \"triggers\": {},\r\n      \"actions\": {\r\n        \"http\": {\r\n          \"type\": \"Http\",\r\n          \"inputs\": {\r\n            \"method\": \"POST\",\r\n            \"uri\": \"@parameters('destinationUri')\",\r\n            \"body\": \"Test\"\r\n          },\r\n          \"conditions\": []\r\n        }\r\n      },\r\n      \"outputs\": {}\r\n    },\r\n    \"parameters\": {\r\n      \"destinationUri\": {\r\n        \"value\": \"http://requestb.in/1kj7g8e1\"\r\n      }\r\n    }\r\n  },\r\n  \"id\": \"/subscriptions/57b7034d-72d4-433d-ace2-a7460aed6a99/resourceGroups/onesdk1801/providers/Microsoft.Logic/workflows/onesdk9125\",\r\n  \"name\": \"onesdk9125\",\r\n  \"type\": \"Microsoft.Logic/workflows\",\r\n  \"location\": \"westus\"\r\n}",
      "ResponseHeaders": {
        "Content-Length": [
          "1355"
        ],
        "Content-Type": [
          "application/json; charset=utf-8"
        ],
        "Expires": [
          "-1"
        ],
        "Pragma": [
          "no-cache"
        ],
        "x-ms-request-id": [
          "westus:b82f7e4a-99a7-4eed-8ac8-618a3278fb19"
        ],
        "x-ms-ratelimit-remaining-subscription-writes": [
          "1195"
        ],
        "x-ms-correlation-request-id": [
          "0299b252-2c6c-4cdd-93af-cbdb6643ad3d"
        ],
        "x-ms-routing-request-id": [
          "WESTUS:20160129T231824Z:0299b252-2c6c-4cdd-93af-cbdb6643ad3d"
        ],
        "Strict-Transport-Security": [
          "max-age=31536000; includeSubDomains"
        ],
        "Cache-Control": [
          "no-cache"
        ],
        "Date": [
          "Fri, 29 Jan 2016 23:18:23 GMT"
        ]
      },
      "StatusCode": 201
    },
    {
      "RequestUri": "/subscriptions/57b7034d-72d4-433d-ace2-a7460aed6a99/resourceGroups/onesdk1801/providers/Microsoft.Logic/workflows/onesdk9125?api-version=2015-02-01-preview",
      "EncodedRequestUri": "L3N1YnNjcmlwdGlvbnMvNTdiNzAzNGQtNzJkNC00MzNkLWFjZTItYTc0NjBhZWQ2YTk5L3Jlc291cmNlR3JvdXBzL29uZXNkazE4MDEvcHJvdmlkZXJzL01pY3Jvc29mdC5Mb2dpYy93b3JrZmxvd3Mvb25lc2RrOTEyNT9hcGktdmVyc2lvbj0yMDE1LTAyLTAxLXByZXZpZXc=",
      "RequestMethod": "PUT",
      "RequestBody": "{\r\n  \"location\": \"westus\",\r\n  \"properties\": {\r\n    \"state\": \"Disabled\",\r\n    \"sku\": {\r\n      \"name\": \"Standard\",\r\n      \"plan\": {\r\n        \"id\": \"/subscriptions/57b7034d-72d4-433d-ace2-a7460aed6a99/resourceGroups/onesdk1801/providers/Microsoft.Web/serverfarms/StandardServicePlan\"\r\n      }\r\n    },\r\n    \"definition\": {\r\n      \"$schema\": \"http://schema.management.azure.com/providers/Microsoft.Logic/schemas/2014-12-01-preview/workflowdefinition.json#\",\r\n      \"contentVersion\": \"1.0.0.0\",\r\n      \"parameters\": {\r\n        \"runworkflowmanually\": {\r\n          \"defaultValue\": false,\r\n          \"type\": \"bool\"\r\n        }\r\n      },\r\n      \"triggers\": {\r\n        \"httpTrigger\": {\r\n          \"type\": \"Http\",\r\n          \"inputs\": {\r\n            \"method\": \"GET\",\r\n            \"uri\": \"http://www.bing.com\"\r\n          },\r\n          \"recurrence\": {\r\n            \"frequency\": \"Hour\",\r\n            \"interval\": 1\r\n          },\r\n          \"conditions\": [\r\n            {\r\n              \"expression\": \"@bool('true')\"\r\n            }\r\n          ]\r\n        }\r\n      },\r\n      \"actions\": {\r\n        \"http\": {\r\n          \"type\": \"Http\",\r\n          \"inputs\": {\r\n            \"method\": \"GET\",\r\n            \"uri\": \"http://www.bing.com\"\r\n          },\r\n          \"conditions\": [\r\n            {\r\n              \"expression\": \"@bool('true')\"\r\n            }\r\n          ]\r\n        },\r\n        \"http1\": {\r\n          \"type\": \"Http\",\r\n          \"inputs\": {\r\n            \"method\": \"GET\",\r\n            \"uri\": \"http://www.bing.com\"\r\n          },\r\n          \"conditions\": [\r\n            {\r\n              \"expression\": \"@bool('true')\"\r\n            }\r\n          ]\r\n        }\r\n      },\r\n      \"outputs\": {\r\n        \"output1\": {\r\n          \"type\": \"string\",\r\n          \"value\": \"true\"\r\n        }\r\n      }\r\n    }\r\n  }\r\n}",
      "RequestHeaders": {
        "Content-Type": [
          "application/json; charset=utf-8"
        ],
        "Content-Length": [
          "1774"
        ],
        "x-ms-client-request-id": [
          "bb717011-0769-487f-9887-675583b6e187"
        ],
        "accept-language": [
          "en-US"
        ],
        "User-Agent": [
          "Microsoft.Azure.Management.Logic.LogicManagementClient/0.1.0.0"
        ]
      },
      "ResponseBody": "{\r\n  \"properties\": {\r\n    \"provisioningState\": \"Succeeded\",\r\n    \"createdTime\": \"2016-01-29T23:18:24.7890764Z\",\r\n    \"changedTime\": \"2016-01-29T23:18:24.7894582Z\",\r\n    \"state\": \"Disabled\",\r\n    \"version\": \"08587474973807399163\",\r\n    \"accessEndpoint\": \"https://westus.logic.azure.com:443/subscriptions/57b7034d-72d4-433d-ace2-a7460aed6a99/resourcegroups/onesdk1801/providers/Microsoft.Logic/workflows/onesdk9125\",\r\n    \"sku\": {\r\n      \"name\": \"Standard\",\r\n      \"plan\": {\r\n        \"id\": \"/subscriptions/57b7034d-72d4-433d-ace2-a7460aed6a99/resourceGroups/onesdk1801/providers/Microsoft.Web/serverfarms/StandardServicePlan\",\r\n        \"type\": \"Microsoft.Web/ServerFarms\",\r\n        \"name\": \"StandardServicePlan\"\r\n      }\r\n    },\r\n    \"definition\": {\r\n      \"$schema\": \"http://schema.management.azure.com/providers/Microsoft.Logic/schemas/2014-12-01-preview/workflowdefinition.json#\",\r\n      \"contentVersion\": \"1.0.0.0\",\r\n      \"parameters\": {\r\n        \"runworkflowmanually\": {\r\n          \"defaultValue\": false,\r\n          \"type\": \"Bool\"\r\n        }\r\n      },\r\n      \"triggers\": {\r\n        \"httpTrigger\": {\r\n          \"recurrence\": {\r\n            \"frequency\": \"Hour\",\r\n            \"interval\": 1\r\n          },\r\n          \"type\": \"Http\",\r\n          \"inputs\": {\r\n            \"method\": \"GET\",\r\n            \"uri\": \"http://www.bing.com\"\r\n          },\r\n          \"conditions\": [\r\n            {\r\n              \"expression\": \"@bool('true')\"\r\n            }\r\n          ]\r\n        }\r\n      },\r\n      \"actions\": {\r\n        \"http\": {\r\n          \"type\": \"Http\",\r\n          \"inputs\": {\r\n            \"method\": \"GET\",\r\n            \"uri\": \"http://www.bing.com\"\r\n          },\r\n          \"conditions\": [\r\n            {\r\n              \"expression\": \"@bool('true')\"\r\n            }\r\n          ]\r\n        },\r\n        \"http1\": {\r\n          \"type\": \"Http\",\r\n          \"inputs\": {\r\n            \"method\": \"GET\",\r\n            \"uri\": \"http://www.bing.com\"\r\n          },\r\n          \"conditions\": [\r\n            {\r\n              \"expression\": \"@bool('true')\"\r\n            }\r\n          ]\r\n        }\r\n      },\r\n      \"outputs\": {\r\n        \"output1\": {\r\n          \"type\": \"String\",\r\n          \"value\": \"true\"\r\n        }\r\n      }\r\n    },\r\n    \"parameters\": {}\r\n  },\r\n  \"id\": \"/subscriptions/57b7034d-72d4-433d-ace2-a7460aed6a99/resourceGroups/onesdk1801/providers/Microsoft.Logic/workflows/onesdk9125\",\r\n  \"name\": \"onesdk9125\",\r\n  \"type\": \"Microsoft.Logic/workflows\",\r\n  \"location\": \"westus\"\r\n}",
      "ResponseHeaders": {
        "Content-Length": [
          "1576"
        ],
        "Content-Type": [
          "application/json; charset=utf-8"
        ],
        "Expires": [
          "-1"
        ],
        "Pragma": [
          "no-cache"
        ],
        "Vary": [
          "Accept-Encoding"
        ],
        "x-ms-request-id": [
          "westus:96335f3e-5226-4824-8f38-4e869616a6e0"
        ],
        "x-ms-ratelimit-remaining-subscription-writes": [
          "1194"
        ],
        "x-ms-correlation-request-id": [
          "b3640724-be3d-49dd-8b7b-8f594fb1b339"
        ],
        "x-ms-routing-request-id": [
          "WESTUS:20160129T231824Z:b3640724-be3d-49dd-8b7b-8f594fb1b339"
        ],
        "Strict-Transport-Security": [
          "max-age=31536000; includeSubDomains"
        ],
        "Cache-Control": [
          "no-cache"
        ],
        "Date": [
          "Fri, 29 Jan 2016 23:18:24 GMT"
        ]
      },
      "StatusCode": 200
    },
    {
      "RequestUri": "/subscriptions/57b7034d-72d4-433d-ace2-a7460aed6a99/resourceGroups/onesdk1801/providers/Microsoft.Logic/workflows/onesdk9125?api-version=2015-02-01-preview",
      "EncodedRequestUri": "L3N1YnNjcmlwdGlvbnMvNTdiNzAzNGQtNzJkNC00MzNkLWFjZTItYTc0NjBhZWQ2YTk5L3Jlc291cmNlR3JvdXBzL29uZXNkazE4MDEvcHJvdmlkZXJzL01pY3Jvc29mdC5Mb2dpYy93b3JrZmxvd3Mvb25lc2RrOTEyNT9hcGktdmVyc2lvbj0yMDE1LTAyLTAxLXByZXZpZXc=",
      "RequestMethod": "PUT",
      "RequestBody": "{\r\n  \"location\": \"westus\",\r\n  \"properties\": {\r\n    \"state\": \"Enabled\",\r\n    \"sku\": {\r\n      \"name\": \"Standard\",\r\n      \"plan\": {\r\n        \"id\": \"/subscriptions/57b7034d-72d4-433d-ace2-a7460aed6a99/resourceGroups/onesdk1801/providers/Microsoft.Web/serverfarms/StandardServicePlan\"\r\n      }\r\n    },\r\n    \"definition\": {\r\n      \"$schema\": \"https://schema.management.azure.com/providers/Microsoft.Logic/schemas/2014-12-01-preview/workflowdefinition.json#\",\r\n      \"contentVersion\": \"1.0.0.0\",\r\n      \"parameters\": {\r\n        \"runworkflowmanually\": {\r\n          \"type\": \"bool\",\r\n          \"defaultValue\": true\r\n        },\r\n        \"destinationUri\": {\r\n          \"type\": \"string\",\r\n          \"defaultValue\": \"http://tempuri.org\"\r\n        }\r\n      },\r\n      \"triggers\": {},\r\n      \"actions\": {\r\n        \"http\": {\r\n          \"type\": \"Http\",\r\n          \"inputs\": {\r\n            \"method\": \"POST\",\r\n            \"uri\": \"@parameters('destinationUri')\",\r\n            \"body\": \"Test\"\r\n          },\r\n          \"conditions\": []\r\n        }\r\n      },\r\n      \"outputs\": {}\r\n    },\r\n    \"parameters\": {\r\n      \"destinationUri\": {\r\n        \"value\": \"http://requestb.in/1kj7g8e1\"\r\n      }\r\n    }\r\n  }\r\n}",
      "RequestHeaders": {
        "Content-Type": [
          "application/json; charset=utf-8"
        ],
        "Content-Length": [
          "1179"
        ],
        "x-ms-client-request-id": [
          "9136c04f-cb76-4d98-afde-0e34b4317654"
        ],
        "accept-language": [
          "en-US"
        ],
        "User-Agent": [
          "Microsoft.Azure.Management.Logic.LogicManagementClient/0.1.0.0"
        ]
      },
      "ResponseBody": "{\r\n  \"properties\": {\r\n    \"provisioningState\": \"Succeeded\",\r\n    \"createdTime\": \"2016-01-29T23:18:25.2200429Z\",\r\n    \"changedTime\": \"2016-01-29T23:18:25.2204798Z\",\r\n    \"state\": \"Enabled\",\r\n    \"version\": \"08587474973803074745\",\r\n    \"accessEndpoint\": \"https://westus.logic.azure.com:443/subscriptions/57b7034d-72d4-433d-ace2-a7460aed6a99/resourcegroups/onesdk1801/providers/Microsoft.Logic/workflows/onesdk9125\",\r\n    \"sku\": {\r\n      \"name\": \"Standard\",\r\n      \"plan\": {\r\n        \"id\": \"/subscriptions/57b7034d-72d4-433d-ace2-a7460aed6a99/resourceGroups/onesdk1801/providers/Microsoft.Web/serverfarms/StandardServicePlan\",\r\n        \"type\": \"Microsoft.Web/ServerFarms\",\r\n        \"name\": \"StandardServicePlan\"\r\n      }\r\n    },\r\n    \"definition\": {\r\n      \"$schema\": \"https://schema.management.azure.com/providers/Microsoft.Logic/schemas/2014-12-01-preview/workflowdefinition.json#\",\r\n      \"contentVersion\": \"1.0.0.0\",\r\n      \"parameters\": {\r\n        \"runworkflowmanually\": {\r\n          \"defaultValue\": true,\r\n          \"type\": \"Bool\"\r\n        },\r\n        \"destinationUri\": {\r\n          \"defaultValue\": \"http://tempuri.org\",\r\n          \"type\": \"String\"\r\n        }\r\n      },\r\n      \"triggers\": {},\r\n      \"actions\": {\r\n        \"http\": {\r\n          \"type\": \"Http\",\r\n          \"inputs\": {\r\n            \"method\": \"POST\",\r\n            \"uri\": \"@parameters('destinationUri')\",\r\n            \"body\": \"Test\"\r\n          },\r\n          \"conditions\": []\r\n        }\r\n      },\r\n      \"outputs\": {}\r\n    },\r\n    \"parameters\": {\r\n      \"destinationUri\": {\r\n        \"value\": \"http://requestb.in/1kj7g8e1\"\r\n      }\r\n    }\r\n  },\r\n  \"id\": \"/subscriptions/57b7034d-72d4-433d-ace2-a7460aed6a99/resourceGroups/onesdk1801/providers/Microsoft.Logic/workflows/onesdk9125\",\r\n  \"name\": \"onesdk9125\",\r\n  \"type\": \"Microsoft.Logic/workflows\",\r\n  \"location\": \"westus\"\r\n}",
      "ResponseHeaders": {
        "Content-Length": [
          "1355"
        ],
        "Content-Type": [
          "application/json; charset=utf-8"
        ],
        "Expires": [
          "-1"
        ],
        "Pragma": [
          "no-cache"
        ],
        "Vary": [
          "Accept-Encoding"
        ],
        "x-ms-request-id": [
          "westus:586eba3f-5a98-4df1-83e0-1aa405408243"
        ],
        "x-ms-ratelimit-remaining-subscription-writes": [
          "1193"
        ],
        "x-ms-correlation-request-id": [
          "ed1283bb-56bc-484f-955d-2cc30e4e2467"
        ],
        "x-ms-routing-request-id": [
          "WESTUS:20160129T231825Z:ed1283bb-56bc-484f-955d-2cc30e4e2467"
        ],
        "Strict-Transport-Security": [
          "max-age=31536000; includeSubDomains"
        ],
        "Cache-Control": [
          "no-cache"
        ],
        "Date": [
          "Fri, 29 Jan 2016 23:18:25 GMT"
        ]
      },
      "StatusCode": 200
    },
    {
      "RequestUri": "/subscriptions/57b7034d-72d4-433d-ace2-a7460aed6a99/resourceGroups/onesdk1801/providers/Microsoft.Logic/workflows/onesdk9125?api-version=2015-02-01-preview",
      "EncodedRequestUri": "L3N1YnNjcmlwdGlvbnMvNTdiNzAzNGQtNzJkNC00MzNkLWFjZTItYTc0NjBhZWQ2YTk5L3Jlc291cmNlR3JvdXBzL29uZXNkazE4MDEvcHJvdmlkZXJzL01pY3Jvc29mdC5Mb2dpYy93b3JrZmxvd3Mvb25lc2RrOTEyNT9hcGktdmVyc2lvbj0yMDE1LTAyLTAxLXByZXZpZXc=",
      "RequestMethod": "PUT",
      "RequestBody": "{\r\n  \"location\": \"westus\",\r\n  \"properties\": {\r\n    \"state\": \"Enabled\",\r\n    \"sku\": {\r\n      \"name\": \"Standard\",\r\n      \"plan\": {\r\n        \"id\": \"/subscriptions/57b7034d-72d4-433d-ace2-a7460aed6a99/resourceGroups/onesdk1801/providers/Microsoft.Web/serverfarms/StandardServicePlan\"\r\n      }\r\n    },\r\n    \"definition\": {\r\n      \"$schema\": \"https://schema.management.azure.com/providers/Microsoft.Logic/schemas/2014-12-01-preview/workflowdefinition.json#\",\r\n      \"contentVersion\": \"1.0.0.0\",\r\n      \"parameters\": {\r\n        \"runworkflowmanually\": {\r\n          \"defaultValue\": true,\r\n          \"type\": \"Bool\"\r\n        },\r\n        \"destinationUri\": {\r\n          \"defaultValue\": \"http://tempuri.org\",\r\n          \"type\": \"String\"\r\n        }\r\n      },\r\n      \"triggers\": {},\r\n      \"actions\": {\r\n        \"http\": {\r\n          \"type\": \"Http\",\r\n          \"inputs\": {\r\n            \"method\": \"POST\",\r\n            \"uri\": \"@parameters('destinationUri')\",\r\n            \"body\": \"Test\"\r\n          },\r\n          \"conditions\": []\r\n        }\r\n      },\r\n      \"outputs\": {}\r\n    },\r\n    \"parameters\": {\r\n      \"destinationUri\": {\r\n        \"value\": \"http://requestb.in/1kj7g8e1\"\r\n      }\r\n    }\r\n  }\r\n}",
      "RequestHeaders": {
        "Content-Type": [
          "application/json; charset=utf-8"
        ],
        "Content-Length": [
          "1179"
        ],
        "x-ms-client-request-id": [
          "ca856370-dfe6-4da4-b499-ef9aa13d37e8"
        ],
        "accept-language": [
          "en-US"
        ],
        "User-Agent": [
          "Microsoft.Azure.Management.Logic.LogicManagementClient/0.1.0.0"
        ]
      },
      "ResponseBody": "{\r\n  \"properties\": {\r\n    \"provisioningState\": \"Succeeded\",\r\n    \"createdTime\": \"2016-01-29T23:18:26.2097313Z\",\r\n    \"changedTime\": \"2016-01-29T23:18:26.2102882Z\",\r\n    \"state\": \"Enabled\",\r\n    \"version\": \"08587474973793081561\",\r\n    \"accessEndpoint\": \"https://westus.logic.azure.com:443/subscriptions/57b7034d-72d4-433d-ace2-a7460aed6a99/resourcegroups/onesdk1801/providers/Microsoft.Logic/workflows/onesdk9125\",\r\n    \"sku\": {\r\n      \"name\": \"Standard\",\r\n      \"plan\": {\r\n        \"id\": \"/subscriptions/57b7034d-72d4-433d-ace2-a7460aed6a99/resourceGroups/onesdk1801/providers/Microsoft.Web/serverfarms/StandardServicePlan\",\r\n        \"type\": \"Microsoft.Web/ServerFarms\",\r\n        \"name\": \"StandardServicePlan\"\r\n      }\r\n    },\r\n    \"definition\": {\r\n      \"$schema\": \"https://schema.management.azure.com/providers/Microsoft.Logic/schemas/2014-12-01-preview/workflowdefinition.json#\",\r\n      \"contentVersion\": \"1.0.0.0\",\r\n      \"parameters\": {\r\n        \"runworkflowmanually\": {\r\n          \"defaultValue\": true,\r\n          \"type\": \"Bool\"\r\n        },\r\n        \"destinationUri\": {\r\n          \"defaultValue\": \"http://tempuri.org\",\r\n          \"type\": \"String\"\r\n        }\r\n      },\r\n      \"triggers\": {},\r\n      \"actions\": {\r\n        \"http\": {\r\n          \"type\": \"Http\",\r\n          \"inputs\": {\r\n            \"method\": \"POST\",\r\n            \"uri\": \"@parameters('destinationUri')\",\r\n            \"body\": \"Test\"\r\n          },\r\n          \"conditions\": []\r\n        }\r\n      },\r\n      \"outputs\": {}\r\n    },\r\n    \"parameters\": {\r\n      \"destinationUri\": {\r\n        \"value\": \"http://requestb.in/1kj7g8e1\"\r\n      }\r\n    }\r\n  },\r\n  \"id\": \"/subscriptions/57b7034d-72d4-433d-ace2-a7460aed6a99/resourceGroups/onesdk1801/providers/Microsoft.Logic/workflows/onesdk9125\",\r\n  \"name\": \"onesdk9125\",\r\n  \"type\": \"Microsoft.Logic/workflows\",\r\n  \"location\": \"westus\"\r\n}",
      "ResponseHeaders": {
        "Content-Length": [
          "1355"
        ],
        "Content-Type": [
          "application/json; charset=utf-8"
        ],
        "Expires": [
          "-1"
        ],
        "Pragma": [
          "no-cache"
        ],
        "Vary": [
          "Accept-Encoding"
        ],
        "x-ms-request-id": [
          "westus:1e5bf9eb-cc9a-49ca-a1d1-71c1cc4b005c"
        ],
        "x-ms-ratelimit-remaining-subscription-writes": [
          "1192"
        ],
        "x-ms-correlation-request-id": [
          "a5b1adb5-708b-44fe-a34c-6d5c34dbeef4"
        ],
        "x-ms-routing-request-id": [
          "WESTUS:20160129T231826Z:a5b1adb5-708b-44fe-a34c-6d5c34dbeef4"
        ],
        "Strict-Transport-Security": [
          "max-age=31536000; includeSubDomains"
        ],
        "Cache-Control": [
          "no-cache"
        ],
        "Date": [
          "Fri, 29 Jan 2016 23:18:26 GMT"
        ]
      },
      "StatusCode": 200
    },
    {
      "RequestUri": "/subscriptions/57b7034d-72d4-433d-ace2-a7460aed6a99/resourceGroups/onesdk1801/providers/Microsoft.Logic/workflows/82D2D842-C312-445C-8A4D-E3EE9542436D?api-version=2015-02-01-preview",
      "EncodedRequestUri": "L3N1YnNjcmlwdGlvbnMvNTdiNzAzNGQtNzJkNC00MzNkLWFjZTItYTc0NjBhZWQ2YTk5L3Jlc291cmNlR3JvdXBzL29uZXNkazE4MDEvcHJvdmlkZXJzL01pY3Jvc29mdC5Mb2dpYy93b3JrZmxvd3MvODJEMkQ4NDItQzMxMi00NDVDLThBNEQtRTNFRTk1NDI0MzZEP2FwaS12ZXJzaW9uPTIwMTUtMDItMDEtcHJldmlldw==",
      "RequestMethod": "GET",
      "RequestBody": "",
      "RequestHeaders": {
        "x-ms-client-request-id": [
          "9168f1e5-17db-4a20-ab08-3ecd9d76d846"
        ],
        "accept-language": [
          "en-US"
        ],
        "User-Agent": [
          "Microsoft.Azure.Management.Logic.LogicManagementClient/0.1.0.0"
        ]
      },
      "ResponseBody": "{\r\n  \"error\": {\r\n    \"code\": \"ResourceNotFound\",\r\n    \"message\": \"The Resource 'Microsoft.Logic/workflows/82D2D842-C312-445C-8A4D-E3EE9542436D' under resource group 'onesdk1801' was not found.\"\r\n  }\r\n}",
      "ResponseHeaders": {
        "Content-Length": [
          "176"
        ],
        "Content-Type": [
          "application/json; charset=utf-8"
        ],
        "Expires": [
          "-1"
        ],
        "Pragma": [
          "no-cache"
        ],
        "x-ms-failure-cause": [
          "gateway"
        ],
        "x-ms-request-id": [
          "9aeef4e6-3712-4bb2-81ee-dbd2898f1718"
        ],
        "x-ms-correlation-request-id": [
          "9aeef4e6-3712-4bb2-81ee-dbd2898f1718"
        ],
        "x-ms-routing-request-id": [
          "WESTUS:20160129T231826Z:9aeef4e6-3712-4bb2-81ee-dbd2898f1718"
        ],
        "Strict-Transport-Security": [
          "max-age=31536000; includeSubDomains"
        ],
        "Cache-Control": [
          "no-cache"
        ],
        "Date": [
          "Fri, 29 Jan 2016 23:18:26 GMT"
        ]
      },
      "StatusCode": 404
    }
  ],
  "Names": {
    "Test-UpdateLogicApp": [
      "onesdk1801",
      "onesdk9125"
    ]
  },
  "Variables": {
    "SubscriptionId": "57b7034d-72d4-433d-ace2-a7460aed6a99"
  }
}