{
  "Entries": [
    {
      "RequestUri": "/subscriptions/57b7034d-72d4-433d-ace2-a7460aed6a99/resourcegroups/onesdk1801?api-version=2014-04-01-preview",
      "EncodedRequestUri": "L3N1YnNjcmlwdGlvbnMvNTdiNzAzNGQtNzJkNC00MzNkLWFjZTItYTc0NjBhZWQ2YTk5L3Jlc291cmNlZ3JvdXBzL29uZXNkazE4MDE/YXBpLXZlcnNpb249MjAxNC0wNC0wMS1wcmV2aWV3",
      "RequestMethod": "HEAD",
      "RequestBody": "",
      "RequestHeaders": {
        "User-Agent": [
          "Microsoft.Azure.Management.Resources.ResourceManagementClient/2.0.0.0"
        ]
      },
      "ResponseBody": "",
      "ResponseHeaders": {
        "Content-Length": [
          "102"
        ],
        "Content-Type": [
          "application/json; charset=utf-8"
        ],
        "Expires": [
          "-1"
        ],
        "Pragma": [
          "no-cache"
        ],
        "x-ms-failure-cause": [
          "gateway"
        ],
        "x-ms-ratelimit-remaining-subscription-reads": [
          "14995"
        ],
        "x-ms-request-id": [
          "b48a91b4-efa9-4471-a19b-b55698e6605a"
        ],
        "x-ms-correlation-request-id": [
          "b48a91b4-efa9-4471-a19b-b55698e6605a"
        ],
        "x-ms-routing-request-id": [
          "CENTRALUS:20151224T010746Z:b48a91b4-efa9-4471-a19b-b55698e6605a"
        ],
        "Strict-Transport-Security": [
          "max-age=31536000; includeSubDomains"
        ],
        "Cache-Control": [
          "no-cache"
        ],
        "Date": [
          "Thu, 24 Dec 2015 01:07:46 GMT"
        ]
      },
      "StatusCode": 404
    },
    {
      "RequestUri": "/subscriptions/57b7034d-72d4-433d-ace2-a7460aed6a99/resourcegroups/onesdk1801?api-version=2014-04-01-preview",
      "EncodedRequestUri": "L3N1YnNjcmlwdGlvbnMvNTdiNzAzNGQtNzJkNC00MzNkLWFjZTItYTc0NjBhZWQ2YTk5L3Jlc291cmNlZ3JvdXBzL29uZXNkazE4MDE/YXBpLXZlcnNpb249MjAxNC0wNC0wMS1wcmV2aWV3",
      "RequestMethod": "PUT",
      "RequestBody": "{\r\n  \"location\": \"West US\"\r\n}",
      "RequestHeaders": {
        "Content-Type": [
          "application/json; charset=utf-8"
        ],
        "Content-Length": [
          "29"
        ],
        "User-Agent": [
          "Microsoft.Azure.Management.Resources.ResourceManagementClient/2.0.0.0"
        ]
      },
      "ResponseBody": "{\r\n  \"id\": \"/subscriptions/57b7034d-72d4-433d-ace2-a7460aed6a99/resourceGroups/onesdk1801\",\r\n  \"name\": \"onesdk1801\",\r\n  \"location\": \"westus\",\r\n  \"properties\": {\r\n    \"provisioningState\": \"Succeeded\"\r\n  }\r\n}",
      "ResponseHeaders": {
        "Content-Length": [
          "173"
        ],
        "Content-Type": [
          "application/json; charset=utf-8"
        ],
        "Expires": [
          "-1"
        ],
        "Pragma": [
          "no-cache"
        ],
        "x-ms-ratelimit-remaining-subscription-writes": [
          "1199"
        ],
        "x-ms-request-id": [
          "99235574-72ce-45ee-b010-5ce04d9d65b1"
        ],
        "x-ms-correlation-request-id": [
          "99235574-72ce-45ee-b010-5ce04d9d65b1"
        ],
        "x-ms-routing-request-id": [
          "CENTRALUS:20151224T010748Z:99235574-72ce-45ee-b010-5ce04d9d65b1"
        ],
        "Strict-Transport-Security": [
          "max-age=31536000; includeSubDomains"
        ],
        "Cache-Control": [
          "no-cache"
        ],
        "Date": [
          "Thu, 24 Dec 2015 01:07:47 GMT"
        ]
      },
      "StatusCode": 201
    },
    {
      "RequestUri": "/subscriptions/57b7034d-72d4-433d-ace2-a7460aed6a99/resourceGroups/onesdk1801/resources?api-version=2014-04-01-preview",
      "EncodedRequestUri": "L3N1YnNjcmlwdGlvbnMvNTdiNzAzNGQtNzJkNC00MzNkLWFjZTItYTc0NjBhZWQ2YTk5L3Jlc291cmNlR3JvdXBzL29uZXNkazE4MDEvcmVzb3VyY2VzP2FwaS12ZXJzaW9uPTIwMTQtMDQtMDEtcHJldmlldw==",
      "RequestMethod": "GET",
      "RequestBody": "",
      "RequestHeaders": {
        "User-Agent": [
          "Microsoft.Azure.Management.Resources.ResourceManagementClient/2.0.0.0"
        ]
      },
      "ResponseBody": "{\r\n  \"value\": []\r\n}",
      "ResponseHeaders": {
        "Content-Length": [
          "12"
        ],
        "Content-Type": [
          "application/json; charset=utf-8"
        ],
        "Expires": [
          "-1"
        ],
        "Pragma": [
          "no-cache"
        ],
        "x-ms-ratelimit-remaining-subscription-reads": [
          "14994"
        ],
        "x-ms-request-id": [
          "e466172a-57e4-4b59-8975-20e6e30ddc98"
        ],
        "x-ms-correlation-request-id": [
          "e466172a-57e4-4b59-8975-20e6e30ddc98"
        ],
        "x-ms-routing-request-id": [
          "CENTRALUS:20151224T010748Z:e466172a-57e4-4b59-8975-20e6e30ddc98"
        ],
        "Strict-Transport-Security": [
          "max-age=31536000; includeSubDomains"
        ],
        "Cache-Control": [
          "no-cache"
        ],
        "Date": [
          "Thu, 24 Dec 2015 01:07:47 GMT"
        ]
      },
      "StatusCode": 200
    },
    {
      "RequestUri": "/subscriptions/57b7034d-72d4-433d-ace2-a7460aed6a99/resourceGroups/onesdk1801/providers/Microsoft.Logic/workflows/onesdk8889?api-version=2015-02-01-preview",
      "EncodedRequestUri": "L3N1YnNjcmlwdGlvbnMvNTdiNzAzNGQtNzJkNC00MzNkLWFjZTItYTc0NjBhZWQ2YTk5L3Jlc291cmNlR3JvdXBzL29uZXNkazE4MDEvcHJvdmlkZXJzL01pY3Jvc29mdC5Mb2dpYy93b3JrZmxvd3Mvb25lc2RrODg4OT9hcGktdmVyc2lvbj0yMDE1LTAyLTAxLXByZXZpZXc=",
      "RequestMethod": "GET",
      "RequestBody": "",
      "RequestHeaders": {
        "x-ms-client-request-id": [
          "5e1d9294-f5a9-4344-ba19-2c595f85abed"
        ],
        "accept-language": [
          "en-US"
        ],
        "User-Agent": [
          "Microsoft.Azure.Management.Logic.LogicManagementClient/0.1.0.0"
        ]
      },
      "ResponseBody": "{\r\n  \"error\": {\r\n    \"code\": \"ResourceNotFound\",\r\n    \"message\": \"The Resource 'Microsoft.Logic/workflows/onesdk8889' under resource group 'onesdk1801' was not found.\"\r\n  }\r\n}",
      "ResponseHeaders": {
        "Content-Length": [
          "150"
        ],
        "Content-Type": [
          "application/json; charset=utf-8"
        ],
        "Expires": [
          "-1"
        ],
        "Pragma": [
          "no-cache"
        ],
        "x-ms-failure-cause": [
          "gateway"
        ],
        "x-ms-request-id": [
          "ebd89158-08ab-4fb3-a432-ccba09d68f61"
        ],
        "x-ms-correlation-request-id": [
          "ebd89158-08ab-4fb3-a432-ccba09d68f61"
        ],
        "x-ms-routing-request-id": [
          "CENTRALUS:20151224T010748Z:ebd89158-08ab-4fb3-a432-ccba09d68f61"
        ],
        "Strict-Transport-Security": [
          "max-age=31536000; includeSubDomains"
        ],
        "Cache-Control": [
          "no-cache"
        ],
        "Date": [
          "Thu, 24 Dec 2015 01:07:48 GMT"
        ]
      },
      "StatusCode": 404
    },
    {
      "RequestUri": "/subscriptions/57b7034d-72d4-433d-ace2-a7460aed6a99/resourceGroups/onesdk1801/providers/Microsoft.Logic/workflows/onesdk8889?api-version=2015-02-01-preview",
      "EncodedRequestUri": "L3N1YnNjcmlwdGlvbnMvNTdiNzAzNGQtNzJkNC00MzNkLWFjZTItYTc0NjBhZWQ2YTk5L3Jlc291cmNlR3JvdXBzL29uZXNkazE4MDEvcHJvdmlkZXJzL01pY3Jvc29mdC5Mb2dpYy93b3JrZmxvd3Mvb25lc2RrODg4OT9hcGktdmVyc2lvbj0yMDE1LTAyLTAxLXByZXZpZXc=",
      "RequestMethod": "PUT",
      "RequestBody": "{\r\n  \"location\": \"westus\",\r\n  \"properties\": {\r\n    \"state\": \"Enabled\",\r\n    \"sku\": {\r\n      \"name\": \"Standard\",\r\n      \"plan\": {\r\n        \"id\": \"/subscriptions/57b7034d-72d4-433d-ace2-a7460aed6a99/resourceGroups/onesdk1801/providers/Microsoft.Web/serverfarms/StandardServicePlan\"\r\n      }\r\n    },\r\n    \"definition\": {\r\n      \"$schema\": \"https://schema.management.azure.com/providers/Microsoft.Logic/schemas/2014-12-01-preview/workflowdefinition.json#\",\r\n      \"contentVersion\": \"1.0.0.0\",\r\n      \"parameters\": {\r\n        \"runworkflowmanually\": {\r\n          \"type\": \"bool\",\r\n          \"defaultValue\": true\r\n        },\r\n        \"destinationUri\": {\r\n          \"type\": \"string\",\r\n          \"defaultValue\": \"http://tempuri.org\"\r\n        }\r\n      },\r\n      \"triggers\": {},\r\n      \"actions\": {\r\n        \"http\": {\r\n          \"type\": \"Http\",\r\n          \"inputs\": {\r\n            \"method\": \"POST\",\r\n            \"uri\": \"@parameters('destinationUri')\",\r\n            \"body\": \"Test\"\r\n          },\r\n          \"conditions\": []\r\n        }\r\n      },\r\n      \"outputs\": {}\r\n    },\r\n    \"parameters\": {\r\n      \"destinationUri\": {\r\n        \"value\": \"http://requestb.in/1kj7g8e1\"\r\n      }\r\n    }\r\n  }\r\n}",
      "RequestHeaders": {
        "Content-Type": [
          "application/json; charset=utf-8"
        ],
        "Content-Length": [
          "1179"
        ],
        "x-ms-client-request-id": [
          "dce4551f-efbb-49ec-a5ec-505f7a9c9880"
        ],
        "accept-language": [
          "en-US"
        ],
        "User-Agent": [
          "Microsoft.Azure.Management.Logic.LogicManagementClient/0.1.0.0"
        ]
      },
      "ResponseBody": "{\r\n  \"properties\": {\r\n    \"provisioningState\": \"Succeeded\",\r\n    \"createdTime\": \"2015-12-24T01:07:49.555997Z\",\r\n    \"changedTime\": \"2015-12-24T01:07:49.555997Z\",\r\n    \"state\": \"Enabled\",\r\n    \"version\": \"08587506876162267003\",\r\n    \"accessEndpoint\": \"https://westus.logic.azure.com:443/subscriptions/57b7034d-72d4-433d-ace2-a7460aed6a99/resourcegroups/onesdk1801/providers/Microsoft.Logic/workflows/onesdk8889\",\r\n    \"sku\": {\r\n      \"name\": \"Standard\",\r\n      \"plan\": {\r\n        \"id\": \"/subscriptions/57b7034d-72d4-433d-ace2-a7460aed6a99/resourceGroups/onesdk1801/providers/Microsoft.Web/serverfarms/StandardServicePlan\",\r\n        \"type\": \"Microsoft.Web/ServerFarms\",\r\n        \"name\": \"StandardServicePlan\"\r\n      }\r\n    },\r\n    \"definition\": {\r\n      \"$schema\": \"https://schema.management.azure.com/providers/Microsoft.Logic/schemas/2014-12-01-preview/workflowdefinition.json#\",\r\n      \"contentVersion\": \"1.0.0.0\",\r\n      \"parameters\": {\r\n        \"runworkflowmanually\": {\r\n          \"defaultValue\": true,\r\n          \"type\": \"Bool\"\r\n        },\r\n        \"destinationUri\": {\r\n          \"defaultValue\": \"http://tempuri.org\",\r\n          \"type\": \"String\"\r\n        }\r\n      },\r\n      \"triggers\": {},\r\n      \"actions\": {\r\n        \"http\": {\r\n          \"type\": \"Http\",\r\n          \"inputs\": {\r\n            \"method\": \"POST\",\r\n            \"uri\": \"@parameters('destinationUri')\",\r\n            \"body\": \"Test\"\r\n          },\r\n          \"conditions\": []\r\n        }\r\n      },\r\n      \"outputs\": {}\r\n    },\r\n    \"parameters\": {\r\n      \"destinationUri\": {\r\n        \"value\": \"http://requestb.in/1kj7g8e1\"\r\n      }\r\n    }\r\n  },\r\n  \"id\": \"/subscriptions/57b7034d-72d4-433d-ace2-a7460aed6a99/resourceGroups/onesdk1801/providers/Microsoft.Logic/workflows/onesdk8889\",\r\n  \"name\": \"onesdk8889\",\r\n  \"type\": \"Microsoft.Logic/workflows\",\r\n  \"location\": \"westus\"\r\n}",
      "ResponseHeaders": {
        "Content-Length": [
          "1353"
        ],
        "Content-Type": [
          "application/json; charset=utf-8"
        ],
        "Expires": [
          "-1"
        ],
        "Pragma": [
          "no-cache"
        ],
        "x-ms-request-id": [
          "westus:8e4c2081-ef54-48fa-8802-b784d6dfff1b"
        ],
        "x-ms-ratelimit-remaining-subscription-writes": [
          "1199"
        ],
        "x-ms-correlation-request-id": [
          "694c4b0a-e440-4055-a561-79b71ba7f8bb"
        ],
        "x-ms-routing-request-id": [
          "CENTRALUS:20151224T010750Z:694c4b0a-e440-4055-a561-79b71ba7f8bb"
        ],
        "Strict-Transport-Security": [
          "max-age=31536000; includeSubDomains"
        ],
        "Cache-Control": [
          "no-cache"
        ],
        "Date": [
          "Thu, 24 Dec 2015 01:07:49 GMT"
        ]
      },
      "StatusCode": 201
    }
  ],
  "Names": {
    "Test-NewLogicAppUsingInputParameterAsHashTable": [
      "onesdk7119",
      "onesdk1801",
      "onesdk8889"
    ]
  },
  "Variables": {
    "SubscriptionId": "57b7034d-72d4-433d-ace2-a7460aed6a99"
  }
}