{
  "Entries": [
    {
      "RequestUri": "/subscriptions/57b7034d-72d4-433d-ace2-a7460aed6a99/resourcegroups/onesdk7840?api-version=2014-04-01-preview",
      "EncodedRequestUri": "L3N1YnNjcmlwdGlvbnMvNTdiNzAzNGQtNzJkNC00MzNkLWFjZTItYTc0NjBhZWQ2YTk5L3Jlc291cmNlZ3JvdXBzL29uZXNkazc4NDA/YXBpLXZlcnNpb249MjAxNC0wNC0wMS1wcmV2aWV3",
      "RequestMethod": "HEAD",
      "RequestBody": "",
      "RequestHeaders": {
        "User-Agent": [
          "Microsoft.Azure.Management.Resources.ResourceManagementClient/2.0.0.0"
        ]
      },
      "ResponseBody": "",
      "ResponseHeaders": {
        "Content-Length": [
          "0"
        ],
        "Expires": [
          "-1"
        ],
        "Pragma": [
          "no-cache"
        ],
        "x-ms-ratelimit-remaining-subscription-reads": [
          "14767"
        ],
        "x-ms-request-id": [
          "7d8604a3-0d4f-4e8b-af0b-2f35315141c7"
        ],
        "x-ms-correlation-request-id": [
          "7d8604a3-0d4f-4e8b-af0b-2f35315141c7"
        ],
        "x-ms-routing-request-id": [
          "CENTRALUS:20160126T210912Z:7d8604a3-0d4f-4e8b-af0b-2f35315141c7"
        ],
        "Strict-Transport-Security": [
          "max-age=31536000; includeSubDomains"
        ],
        "Cache-Control": [
          "no-cache"
        ],
        "Date": [
          "Tue, 26 Jan 2016 21:09:12 GMT"
        ]
      },
      "StatusCode": 204
    },
    {
      "RequestUri": "/subscriptions/57b7034d-72d4-433d-ace2-a7460aed6a99/resourcegroups/onesdk7840?api-version=2014-04-01-preview",
      "EncodedRequestUri": "L3N1YnNjcmlwdGlvbnMvNTdiNzAzNGQtNzJkNC00MzNkLWFjZTItYTc0NjBhZWQ2YTk5L3Jlc291cmNlZ3JvdXBzL29uZXNkazc4NDA/YXBpLXZlcnNpb249MjAxNC0wNC0wMS1wcmV2aWV3",
      "RequestMethod": "PUT",
      "RequestBody": "{\r\n  \"location\": \"West US\"\r\n}",
      "RequestHeaders": {
        "Content-Type": [
          "application/json; charset=utf-8"
        ],
        "Content-Length": [
          "29"
        ],
        "User-Agent": [
          "Microsoft.Azure.Management.Resources.ResourceManagementClient/2.0.0.0"
        ]
      },
      "ResponseBody": "{\r\n  \"id\": \"/subscriptions/57b7034d-72d4-433d-ace2-a7460aed6a99/resourceGroups/onesdk7840\",\r\n  \"name\": \"onesdk7840\",\r\n  \"location\": \"westus\",\r\n  \"properties\": {\r\n    \"provisioningState\": \"Succeeded\"\r\n  }\r\n}",
      "ResponseHeaders": {
        "Content-Length": [
          "173"
        ],
        "Content-Type": [
          "application/json; charset=utf-8"
        ],
        "Expires": [
          "-1"
        ],
        "Pragma": [
          "no-cache"
        ],
        "x-ms-ratelimit-remaining-subscription-writes": [
          "1197"
        ],
        "x-ms-request-id": [
          "83be6208-ceda-43d1-ae0b-da973174d031"
        ],
        "x-ms-correlation-request-id": [
          "83be6208-ceda-43d1-ae0b-da973174d031"
        ],
        "x-ms-routing-request-id": [
          "CENTRALUS:20160126T210913Z:83be6208-ceda-43d1-ae0b-da973174d031"
        ],
        "Strict-Transport-Security": [
          "max-age=31536000; includeSubDomains"
        ],
        "Cache-Control": [
          "no-cache"
        ],
        "Date": [
          "Tue, 26 Jan 2016 21:09:13 GMT"
        ]
      },
      "StatusCode": 200
    },
    {
      "RequestUri": "/subscriptions/57b7034d-72d4-433d-ace2-a7460aed6a99/resourceGroups/onesdk7840/resources?api-version=2014-04-01-preview",
      "EncodedRequestUri": "L3N1YnNjcmlwdGlvbnMvNTdiNzAzNGQtNzJkNC00MzNkLWFjZTItYTc0NjBhZWQ2YTk5L3Jlc291cmNlR3JvdXBzL29uZXNkazc4NDAvcmVzb3VyY2VzP2FwaS12ZXJzaW9uPTIwMTQtMDQtMDEtcHJldmlldw==",
      "RequestMethod": "GET",
      "RequestBody": "",
      "RequestHeaders": {
        "User-Agent": [
          "Microsoft.Azure.Management.Resources.ResourceManagementClient/2.0.0.0"
        ]
      },
      "ResponseBody": "{\r\n  \"value\": [\r\n    {\r\n      \"id\": \"/subscriptions/57b7034d-72d4-433d-ace2-a7460aed6a99/resourceGroups/onesdk7840/providers/Microsoft.Logic/workflows/onesdk6678\",\r\n      \"name\": \"onesdk6678\",\r\n      \"type\": \"Microsoft.Logic/workflows\",\r\n      \"location\": \"westus\"\r\n    }\r\n  ]\r\n}",
      "ResponseHeaders": {
        "Content-Length": [
          "220"
        ],
        "Content-Type": [
          "application/json; charset=utf-8"
        ],
        "Expires": [
          "-1"
        ],
        "Pragma": [
          "no-cache"
        ],
        "x-ms-ratelimit-remaining-subscription-reads": [
          "14766"
        ],
        "x-ms-request-id": [
          "79a89f3c-71d1-4afb-a5bd-12fe187b8b2f"
        ],
        "x-ms-correlation-request-id": [
          "79a89f3c-71d1-4afb-a5bd-12fe187b8b2f"
        ],
        "x-ms-routing-request-id": [
          "CENTRALUS:20160126T210913Z:79a89f3c-71d1-4afb-a5bd-12fe187b8b2f"
        ],
        "Strict-Transport-Security": [
          "max-age=31536000; includeSubDomains"
        ],
        "Cache-Control": [
          "no-cache"
        ],
        "Date": [
          "Tue, 26 Jan 2016 21:09:13 GMT"
        ]
      },
      "StatusCode": 200
    },
    {
      "RequestUri": "/subscriptions/57b7034d-72d4-433d-ace2-a7460aed6a99/resourceGroups/onesdk7840/providers/Microsoft.Web/serverfarms/B9F87338CAE4470F9116F3D685365748?api-version=2015-08-01",
      "EncodedRequestUri": "L3N1YnNjcmlwdGlvbnMvNTdiNzAzNGQtNzJkNC00MzNkLWFjZTItYTc0NjBhZWQ2YTk5L3Jlc291cmNlR3JvdXBzL29uZXNkazc4NDAvcHJvdmlkZXJzL01pY3Jvc29mdC5XZWIvc2VydmVyZmFybXMvQjlGODczMzhDQUU0NDcwRjkxMTZGM0Q2ODUzNjU3NDg/YXBpLXZlcnNpb249MjAxNS0wOC0wMQ==",
      "RequestMethod": "GET",
      "RequestBody": "",
      "RequestHeaders": {
        "x-ms-client-request-id": [
          "b4dfa667-d294-4809-b024-399852592049"
        ],
        "accept-language": [
          "en-US"
        ],
        "User-Agent": [
          "Microsoft.Azure.Management.WebSites.WebSiteManagementClient/0.9.0.0"
        ],
        "Accept": [
          "application/json"
        ]
      },
      "ResponseBody": "{\r\n  \"error\": {\r\n    \"code\": \"ResourceNotFound\",\r\n    \"message\": \"The Resource 'Microsoft.Web/serverFarms/B9F87338CAE4470F9116F3D685365748' under resource group 'onesdk7840' was not found.\"\r\n  }\r\n}",
      "ResponseHeaders": {
        "Content-Length": [
          "172"
        ],
        "Content-Type": [
          "application/json; charset=utf-8"
        ],
        "Expires": [
          "-1"
        ],
        "Pragma": [
          "no-cache"
        ],
        "x-ms-failure-cause": [
          "gateway"
        ],
        "x-ms-request-id": [
          "defdda90-6e0c-4d89-a182-fa385d4dc58f"
        ],
        "x-ms-correlation-request-id": [
          "defdda90-6e0c-4d89-a182-fa385d4dc58f"
        ],
        "x-ms-routing-request-id": [
          "CENTRALUS:20160126T210914Z:defdda90-6e0c-4d89-a182-fa385d4dc58f"
        ],
        "Strict-Transport-Security": [
          "max-age=31536000; includeSubDomains"
        ],
        "Cache-Control": [
          "no-cache"
        ],
        "Date": [
          "Tue, 26 Jan 2016 21:09:13 GMT"
        ]
      },
      "StatusCode": 404
    }
  ],
  "Names": {
    "Test-CreateLogicAppWithNonExistingAppServicePlan": [
      "onesdk7840",
      "onesdk3648"
    ]
  },
  "Variables": {
    "SubscriptionId": "57b7034d-72d4-433d-ace2-a7460aed6a99"
  }
}