{
  "Entries": [
    {
      "RequestUri": "/subscriptions/3a4b538a-6e25-4888-a12a-70024fd747de/resourcegroups/ps6210?api-version=2016-02-01",
      "EncodedRequestUri": "L3N1YnNjcmlwdGlvbnMvM2E0YjUzOGEtNmUyNS00ODg4LWExMmEtNzAwMjRmZDc0N2RlL3Jlc291cmNlZ3JvdXBzL3BzNjIxMD9hcGktdmVyc2lvbj0yMDE2LTAyLTAx",
      "RequestMethod": "PUT",
      "RequestBody": "{\r\n  \"location\": \"westcentralus\"\r\n}",
      "RequestHeaders": {
        "Content-Type": [
          "application/json; charset=utf-8"
        ],
        "Content-Length": [
          "35"
        ],
        "User-Agent": [
          "Microsoft.Azure.Management.Resources.ResourceManagementClient/2.0.0.0"
        ]
      },
      "ResponseBody": "{\r\n  \"id\": \"/subscriptions/3a4b538a-6e25-4888-a12a-70024fd747de/resourceGroups/ps6210\",\r\n  \"name\": \"ps6210\",\r\n  \"location\": \"westcentralus\",\r\n  \"properties\": {\r\n    \"provisioningState\": \"Succeeded\"\r\n  }\r\n}",
      "ResponseHeaders": {
        "Content-Length": [
          "172"
        ],
        "Content-Type": [
          "application/json; charset=utf-8"
        ],
        "Expires": [
          "-1"
        ],
        "Pragma": [
          "no-cache"
        ],
        "x-ms-ratelimit-remaining-subscription-writes": [
          "1199"
        ],
        "x-ms-request-id": [
          "74f26840-01b1-4dfd-9032-37d280f364e3"
        ],
        "x-ms-correlation-request-id": [
          "74f26840-01b1-4dfd-9032-37d280f364e3"
        ],
        "x-ms-routing-request-id": [
          "WESTUS2:20180327T202226Z:74f26840-01b1-4dfd-9032-37d280f364e3"
        ],
        "Strict-Transport-Security": [
          "max-age=31536000; includeSubDomains"
        ],
        "X-Content-Type-Options": [
          "nosniff"
        ],
        "Cache-Control": [
          "no-cache"
        ],
        "Date": [
          "Tue, 27 Mar 2018 20:22:26 GMT"
        ]
      },
      "StatusCode": 201
    },
    {
      "RequestUri": "/subscriptions/3a4b538a-6e25-4888-a12a-70024fd747de/resourceGroups/ps6210/providers/Microsoft.Sql/servers/ps8152?api-version=2015-05-01-preview",
      "EncodedRequestUri": "L3N1YnNjcmlwdGlvbnMvM2E0YjUzOGEtNmUyNS00ODg4LWExMmEtNzAwMjRmZDc0N2RlL3Jlc291cmNlR3JvdXBzL3BzNjIxMC9wcm92aWRlcnMvTWljcm9zb2Z0LlNxbC9zZXJ2ZXJzL3BzODE1Mj9hcGktdmVyc2lvbj0yMDE1LTA1LTAxLXByZXZpZXc=",
      "RequestMethod": "GET",
      "RequestBody": "",
      "RequestHeaders": {
        "x-ms-client-request-id": [
          "c63e15b1-9a2e-47bc-9653-b3f783833969"
        ],
        "accept-language": [
          "en-US"
        ],
        "User-Agent": [
          "FxVersion/4.7.2633.0",
          "OSName/Windows10Enterprise",
          "OSVersion/6.3.16299",
          "Microsoft.Azure.Management.Sql.SqlManagementClient/1.13.0.0"
        ]
      },
      "ResponseBody": "{\r\n  \"error\": {\r\n    \"code\": \"ResourceNotFound\",\r\n    \"message\": \"The Resource 'Microsoft.Sql/servers/ps8152' under resource group 'ps6210' was not found.\"\r\n  }\r\n}",
      "ResponseHeaders": {
        "Content-Length": [
          "138"
        ],
        "Content-Type": [
          "application/json; charset=utf-8"
        ],
        "Expires": [
          "-1"
        ],
        "Pragma": [
          "no-cache"
        ],
        "x-ms-failure-cause": [
          "gateway"
        ],
        "x-ms-request-id": [
          "af951dc8-1e57-45e7-892c-a122c5f8b47d"
        ],
        "x-ms-correlation-request-id": [
          "af951dc8-1e57-45e7-892c-a122c5f8b47d"
        ],
        "x-ms-routing-request-id": [
          "WESTUS2:20180327T202227Z:af951dc8-1e57-45e7-892c-a122c5f8b47d"
        ],
        "Strict-Transport-Security": [
          "max-age=31536000; includeSubDomains"
        ],
        "X-Content-Type-Options": [
          "nosniff"
        ],
        "Cache-Control": [
          "no-cache"
        ],
        "Date": [
          "Tue, 27 Mar 2018 20:22:26 GMT"
        ]
      },
      "StatusCode": 404
    },
    {
      "RequestUri": "/subscriptions/3a4b538a-6e25-4888-a12a-70024fd747de/resourceGroups/ps6210/providers/Microsoft.Sql/servers/ps8152?api-version=2015-05-01-preview",
      "EncodedRequestUri": "L3N1YnNjcmlwdGlvbnMvM2E0YjUzOGEtNmUyNS00ODg4LWExMmEtNzAwMjRmZDc0N2RlL3Jlc291cmNlR3JvdXBzL3BzNjIxMC9wcm92aWRlcnMvTWljcm9zb2Z0LlNxbC9zZXJ2ZXJzL3BzODE1Mj9hcGktdmVyc2lvbj0yMDE1LTA1LTAxLXByZXZpZXc=",
      "RequestMethod": "GET",
      "RequestBody": "",
      "RequestHeaders": {
        "User-Agent": [
          "FxVersion/4.7.2633.0",
          "OSName/Windows10Enterprise",
          "OSVersion/6.3.16299",
          "Microsoft.Azure.Management.Sql.SqlManagementClient/1.13.0.0"
        ]
      },
      "ResponseBody": "{\r\n  \"kind\": \"v12.0\",\r\n  \"properties\": {\r\n    \"administratorLogin\": \"testusername\",\r\n    \"version\": \"12.0\",\r\n    \"state\": \"Ready\",\r\n    \"fullyQualifiedDomainName\": \"ps8152.database.windows.net\"\r\n  },\r\n  \"location\": \"japaneast\",\r\n  \"id\": \"/subscriptions/3a4b538a-6e25-4888-a12a-70024fd747de/resourceGroups/ps6210/providers/Microsoft.Sql/servers/ps8152\",\r\n  \"name\": \"ps8152\",\r\n  \"type\": \"Microsoft.Sql/servers\"\r\n}",
      "ResponseHeaders": {
        "Content-Length": [
          "347"
        ],
        "Content-Type": [
          "application/json; charset=utf-8"
        ],
        "Expires": [
          "-1"
        ],
        "Pragma": [
          "no-cache"
        ],
        "x-ms-request-id": [
          "8310b21d-1ab0-481c-a3ec-4deb326ac499"
        ],
        "x-ms-ratelimit-remaining-subscription-reads": [
          "14995"
        ],
        "x-ms-correlation-request-id": [
          "4fbc8ef3-c1f7-43d4-9880-31a737b61d5a"
        ],
        "x-ms-routing-request-id": [
          "WESTUS2:20180327T202320Z:4fbc8ef3-c1f7-43d4-9880-31a737b61d5a"
        ],
        "Strict-Transport-Security": [
          "max-age=31536000; includeSubDomains"
        ],
        "X-Content-Type-Options": [
          "nosniff"
        ],
        "Cache-Control": [
          "no-cache"
        ],
        "Date": [
          "Tue, 27 Mar 2018 20:23:20 GMT"
        ],
        "Server": [
          "Microsoft-HTTPAPI/2.0"
        ]
      },
      "StatusCode": 200
    },
    {
      "RequestUri": "/subscriptions/3a4b538a-6e25-4888-a12a-70024fd747de/resourceGroups/ps6210/providers/Microsoft.Sql/servers/ps8152?api-version=2015-05-01-preview",
      "EncodedRequestUri": "L3N1YnNjcmlwdGlvbnMvM2E0YjUzOGEtNmUyNS00ODg4LWExMmEtNzAwMjRmZDc0N2RlL3Jlc291cmNlR3JvdXBzL3BzNjIxMC9wcm92aWRlcnMvTWljcm9zb2Z0LlNxbC9zZXJ2ZXJzL3BzODE1Mj9hcGktdmVyc2lvbj0yMDE1LTA1LTAxLXByZXZpZXc=",
      "RequestMethod": "GET",
      "RequestBody": "",
      "RequestHeaders": {
        "x-ms-client-request-id": [
          "6551571d-b78d-4e50-b9e3-76c5bd0ea10d"
        ],
        "accept-language": [
          "en-US"
        ],
        "User-Agent": [
          "FxVersion/4.7.2633.0",
          "OSName/Windows10Enterprise",
          "OSVersion/6.3.16299",
          "Microsoft.Azure.Management.Sql.SqlManagementClient/1.13.0.0"
        ]
      },
      "ResponseBody": "{\r\n  \"kind\": \"v12.0\",\r\n  \"properties\": {\r\n    \"administratorLogin\": \"testusername\",\r\n    \"version\": \"12.0\",\r\n    \"state\": \"Ready\",\r\n    \"fullyQualifiedDomainName\": \"ps8152.database.windows.net\"\r\n  },\r\n  \"location\": \"japaneast\",\r\n  \"id\": \"/subscriptions/3a4b538a-6e25-4888-a12a-70024fd747de/resourceGroups/ps6210/providers/Microsoft.Sql/servers/ps8152\",\r\n  \"name\": \"ps8152\",\r\n  \"type\": \"Microsoft.Sql/servers\"\r\n}",
      "ResponseHeaders": {
        "Content-Length": [
          "347"
        ],
        "Content-Type": [
          "application/json; charset=utf-8"
        ],
        "Expires": [
          "-1"
        ],
        "Pragma": [
          "no-cache"
        ],
        "x-ms-request-id": [
          "d72d10f7-cd64-4b07-87c0-b5cb886429ae"
        ],
        "x-ms-ratelimit-remaining-subscription-reads": [
          "14993"
        ],
        "x-ms-correlation-request-id": [
          "8c1a2979-95a2-4e90-9375-3934c9bdeb06"
        ],
        "x-ms-routing-request-id": [
          "WESTUS2:20180327T202320Z:8c1a2979-95a2-4e90-9375-3934c9bdeb06"
        ],
        "Strict-Transport-Security": [
          "max-age=31536000; includeSubDomains"
        ],
        "X-Content-Type-Options": [
          "nosniff"
        ],
        "Cache-Control": [
          "no-cache"
        ],
        "Date": [
          "Tue, 27 Mar 2018 20:23:20 GMT"
        ],
        "Server": [
          "Microsoft-HTTPAPI/2.0"
        ]
      },
      "StatusCode": 200
    },
    {
      "RequestUri": "/subscriptions/3a4b538a-6e25-4888-a12a-70024fd747de/resourceGroups/ps6210/providers/Microsoft.Sql/servers/ps8152?api-version=2015-05-01-preview",
      "EncodedRequestUri": "L3N1YnNjcmlwdGlvbnMvM2E0YjUzOGEtNmUyNS00ODg4LWExMmEtNzAwMjRmZDc0N2RlL3Jlc291cmNlR3JvdXBzL3BzNjIxMC9wcm92aWRlcnMvTWljcm9zb2Z0LlNxbC9zZXJ2ZXJzL3BzODE1Mj9hcGktdmVyc2lvbj0yMDE1LTA1LTAxLXByZXZpZXc=",
      "RequestMethod": "GET",
      "RequestBody": "",
      "RequestHeaders": {
        "x-ms-client-request-id": [
          "b49f0a4a-a93c-4cf6-8c77-30809ac93052"
        ],
        "accept-language": [
          "en-US"
        ],
        "User-Agent": [
          "FxVersion/4.7.2633.0",
          "OSName/Windows10Enterprise",
          "OSVersion/6.3.16299",
          "Microsoft.Azure.Management.Sql.SqlManagementClient/1.13.0.0"
        ]
      },
      "ResponseBody": "{\r\n  \"kind\": \"v12.0\",\r\n  \"properties\": {\r\n    \"administratorLogin\": \"testusername\",\r\n    \"version\": \"12.0\",\r\n    \"state\": \"Ready\",\r\n    \"fullyQualifiedDomainName\": \"ps8152.database.windows.net\"\r\n  },\r\n  \"location\": \"japaneast\",\r\n  \"id\": \"/subscriptions/3a4b538a-6e25-4888-a12a-70024fd747de/resourceGroups/ps6210/providers/Microsoft.Sql/servers/ps8152\",\r\n  \"name\": \"ps8152\",\r\n  \"type\": \"Microsoft.Sql/servers\"\r\n}",
      "ResponseHeaders": {
        "Content-Length": [
          "347"
        ],
        "Content-Type": [
          "application/json; charset=utf-8"
        ],
        "Expires": [
          "-1"
        ],
        "Pragma": [
          "no-cache"
        ],
        "x-ms-request-id": [
          "f1e481bd-2525-4816-8a13-daeb1c87f738"
        ],
        "x-ms-ratelimit-remaining-subscription-reads": [
          "14985"
        ],
        "x-ms-correlation-request-id": [
          "f1217302-2c81-46b9-83ec-d41501a8c016"
        ],
        "x-ms-routing-request-id": [
          "WESTUS2:20180327T202633Z:f1217302-2c81-46b9-83ec-d41501a8c016"
        ],
        "Strict-Transport-Security": [
          "max-age=31536000; includeSubDomains"
        ],
        "X-Content-Type-Options": [
          "nosniff"
        ],
        "Cache-Control": [
          "no-cache"
        ],
        "Date": [
          "Tue, 27 Mar 2018 20:26:33 GMT"
        ],
        "Server": [
          "Microsoft-HTTPAPI/2.0"
        ]
      },
      "StatusCode": 200
    },
    {
      "RequestUri": "/subscriptions/3a4b538a-6e25-4888-a12a-70024fd747de/resourceGroups/ps6210/providers/Microsoft.Sql/servers/ps8152?api-version=2015-05-01-preview",
      "EncodedRequestUri": "L3N1YnNjcmlwdGlvbnMvM2E0YjUzOGEtNmUyNS00ODg4LWExMmEtNzAwMjRmZDc0N2RlL3Jlc291cmNlR3JvdXBzL3BzNjIxMC9wcm92aWRlcnMvTWljcm9zb2Z0LlNxbC9zZXJ2ZXJzL3BzODE1Mj9hcGktdmVyc2lvbj0yMDE1LTA1LTAxLXByZXZpZXc=",
      "RequestMethod": "PUT",
      "RequestBody": "{\r\n  \"properties\": {\r\n    \"administratorLogin\": \"testusername\",\r\n    \"administratorLoginPassword\": \"t357ingP@s5w0rd!\"\r\n  },\r\n  \"location\": \"Japan East\"\r\n}",
      "RequestHeaders": {
        "Content-Type": [
          "application/json; charset=utf-8"
        ],
        "Content-Length": [
          "154"
        ],
        "x-ms-client-request-id": [
          "3a6e5ac9-fd5d-4791-aef5-141451bec653"
        ],
        "accept-language": [
          "en-US"
        ],
        "User-Agent": [
          "FxVersion/4.7.2633.0",
          "OSName/Windows10Enterprise",
          "OSVersion/6.3.16299",
          "Microsoft.Azure.Management.Sql.SqlManagementClient/1.13.0.0"
        ]
      },
      "ResponseBody": "{\r\n  \"operation\": \"UpsertLogicalServer\",\r\n  \"startTime\": \"2018-03-27T20:22:28.66Z\"\r\n}",
      "ResponseHeaders": {
        "Content-Length": [
          "73"
        ],
        "Content-Type": [
          "application/json; charset=utf-8"
        ],
        "Expires": [
          "-1"
        ],
        "Pragma": [
          "no-cache"
        ],
        "Retry-After": [
          "1"
        ],
        "Azure-AsyncOperation": [
          "https://management.azure.com/subscriptions/3a4b538a-6e25-4888-a12a-70024fd747de/resourceGroups/ps6210/providers/Microsoft.Sql/locations/japaneast/serverAzureAsyncOperation/e02766a9-90c5-477a-a624-4c15da24db6f?api-version=2015-05-01-preview"
        ],
        "x-ms-request-id": [
          "e02766a9-90c5-477a-a624-4c15da24db6f"
        ],
        "x-ms-ratelimit-remaining-subscription-writes": [
          "1199"
        ],
        "x-ms-correlation-request-id": [
          "aed563ea-ea8d-49b3-b71e-f8d9bc718f5e"
        ],
        "x-ms-routing-request-id": [
          "WESTUS2:20180327T202229Z:aed563ea-ea8d-49b3-b71e-f8d9bc718f5e"
        ],
        "Strict-Transport-Security": [
          "max-age=31536000; includeSubDomains"
        ],
        "X-Content-Type-Options": [
          "nosniff"
        ],
        "Cache-Control": [
          "no-cache"
        ],
        "Date": [
          "Tue, 27 Mar 2018 20:22:28 GMT"
        ],
        "Location": [
          "https://management.azure.com/subscriptions/3a4b538a-6e25-4888-a12a-70024fd747de/resourceGroups/ps6210/providers/Microsoft.Sql/locations/japaneast/serverOperationResults/e02766a9-90c5-477a-a624-4c15da24db6f?api-version=2015-05-01-preview"
        ],
        "Server": [
          "Microsoft-HTTPAPI/2.0"
        ]
      },
      "StatusCode": 202
    },
    {
      "RequestUri": "/subscriptions/3a4b538a-6e25-4888-a12a-70024fd747de/resourceGroups/ps6210/providers/Microsoft.Sql/locations/japaneast/serverAzureAsyncOperation/e02766a9-90c5-477a-a624-4c15da24db6f?api-version=2015-05-01-preview",
      "EncodedRequestUri": "L3N1YnNjcmlwdGlvbnMvM2E0YjUzOGEtNmUyNS00ODg4LWExMmEtNzAwMjRmZDc0N2RlL3Jlc291cmNlR3JvdXBzL3BzNjIxMC9wcm92aWRlcnMvTWljcm9zb2Z0LlNxbC9sb2NhdGlvbnMvamFwYW5lYXN0L3NlcnZlckF6dXJlQXN5bmNPcGVyYXRpb24vZTAyNzY2YTktOTBjNS00NzdhLWE2MjQtNGMxNWRhMjRkYjZmP2FwaS12ZXJzaW9uPTIwMTUtMDUtMDEtcHJldmlldw==",
      "RequestMethod": "GET",
      "RequestBody": "",
      "RequestHeaders": {
        "User-Agent": [
          "FxVersion/4.7.2633.0",
          "OSName/Windows10Enterprise",
          "OSVersion/6.3.16299",
          "Microsoft.Azure.Management.Sql.SqlManagementClient/1.13.0.0"
        ]
      },
      "ResponseBody": "{\r\n  \"name\": \"e02766a9-90c5-477a-a624-4c15da24db6f\",\r\n  \"status\": \"InProgress\",\r\n  \"startTime\": \"2018-03-27T20:22:28.66Z\"\r\n}",
      "ResponseHeaders": {
        "Content-Length": [
          "107"
        ],
        "Content-Type": [
          "application/json; charset=utf-8"
        ],
        "Expires": [
          "-1"
        ],
        "Pragma": [
          "no-cache"
        ],
        "Retry-After": [
          "20"
        ],
        "x-ms-request-id": [
          "ade75b8e-a769-4702-8911-6d4688090d96"
        ],
        "x-ms-ratelimit-remaining-subscription-reads": [
          "14998"
        ],
        "x-ms-correlation-request-id": [
          "516b0d95-57cd-47b9-9b2e-db0b63cc9ab7"
        ],
        "x-ms-routing-request-id": [
          "WESTUS2:20180327T202239Z:516b0d95-57cd-47b9-9b2e-db0b63cc9ab7"
        ],
        "Strict-Transport-Security": [
          "max-age=31536000; includeSubDomains"
        ],
        "X-Content-Type-Options": [
          "nosniff"
        ],
        "Cache-Control": [
          "no-cache"
        ],
        "Date": [
          "Tue, 27 Mar 2018 20:22:38 GMT"
        ],
        "Server": [
          "Microsoft-HTTPAPI/2.0"
        ]
      },
      "StatusCode": 200
    },
    {
      "RequestUri": "/subscriptions/3a4b538a-6e25-4888-a12a-70024fd747de/resourceGroups/ps6210/providers/Microsoft.Sql/locations/japaneast/serverAzureAsyncOperation/e02766a9-90c5-477a-a624-4c15da24db6f?api-version=2015-05-01-preview",
      "EncodedRequestUri": "L3N1YnNjcmlwdGlvbnMvM2E0YjUzOGEtNmUyNS00ODg4LWExMmEtNzAwMjRmZDc0N2RlL3Jlc291cmNlR3JvdXBzL3BzNjIxMC9wcm92aWRlcnMvTWljcm9zb2Z0LlNxbC9sb2NhdGlvbnMvamFwYW5lYXN0L3NlcnZlckF6dXJlQXN5bmNPcGVyYXRpb24vZTAyNzY2YTktOTBjNS00NzdhLWE2MjQtNGMxNWRhMjRkYjZmP2FwaS12ZXJzaW9uPTIwMTUtMDUtMDEtcHJldmlldw==",
      "RequestMethod": "GET",
      "RequestBody": "",
      "RequestHeaders": {
        "User-Agent": [
          "FxVersion/4.7.2633.0",
          "OSName/Windows10Enterprise",
          "OSVersion/6.3.16299",
          "Microsoft.Azure.Management.Sql.SqlManagementClient/1.13.0.0"
        ]
      },
      "ResponseBody": "{\r\n  \"name\": \"e02766a9-90c5-477a-a624-4c15da24db6f\",\r\n  \"status\": \"InProgress\",\r\n  \"startTime\": \"2018-03-27T20:22:28.66Z\"\r\n}",
      "ResponseHeaders": {
        "Content-Length": [
          "107"
        ],
        "Content-Type": [
          "application/json; charset=utf-8"
        ],
        "Expires": [
          "-1"
        ],
        "Pragma": [
          "no-cache"
        ],
        "Retry-After": [
          "20"
        ],
        "x-ms-request-id": [
          "59c2e1c1-01f4-474f-b8e9-cfcca6604049"
        ],
        "x-ms-ratelimit-remaining-subscription-reads": [
          "14997"
        ],
        "x-ms-correlation-request-id": [
          "e88eee8e-dede-46f2-9820-1a936000b14d"
        ],
        "x-ms-routing-request-id": [
          "WESTUS2:20180327T202259Z:e88eee8e-dede-46f2-9820-1a936000b14d"
        ],
        "Strict-Transport-Security": [
          "max-age=31536000; includeSubDomains"
        ],
        "X-Content-Type-Options": [
          "nosniff"
        ],
        "Cache-Control": [
          "no-cache"
        ],
        "Date": [
          "Tue, 27 Mar 2018 20:22:59 GMT"
        ],
        "Server": [
          "Microsoft-HTTPAPI/2.0"
        ]
      },
      "StatusCode": 200
    },
    {
      "RequestUri": "/subscriptions/3a4b538a-6e25-4888-a12a-70024fd747de/resourceGroups/ps6210/providers/Microsoft.Sql/locations/japaneast/serverAzureAsyncOperation/e02766a9-90c5-477a-a624-4c15da24db6f?api-version=2015-05-01-preview",
      "EncodedRequestUri": "L3N1YnNjcmlwdGlvbnMvM2E0YjUzOGEtNmUyNS00ODg4LWExMmEtNzAwMjRmZDc0N2RlL3Jlc291cmNlR3JvdXBzL3BzNjIxMC9wcm92aWRlcnMvTWljcm9zb2Z0LlNxbC9sb2NhdGlvbnMvamFwYW5lYXN0L3NlcnZlckF6dXJlQXN5bmNPcGVyYXRpb24vZTAyNzY2YTktOTBjNS00NzdhLWE2MjQtNGMxNWRhMjRkYjZmP2FwaS12ZXJzaW9uPTIwMTUtMDUtMDEtcHJldmlldw==",
      "RequestMethod": "GET",
      "RequestBody": "",
      "RequestHeaders": {
        "User-Agent": [
          "FxVersion/4.7.2633.0",
          "OSName/Windows10Enterprise",
          "OSVersion/6.3.16299",
          "Microsoft.Azure.Management.Sql.SqlManagementClient/1.13.0.0"
        ]
      },
      "ResponseBody": "{\r\n  \"name\": \"e02766a9-90c5-477a-a624-4c15da24db6f\",\r\n  \"status\": \"Succeeded\",\r\n  \"startTime\": \"2018-03-27T20:22:28.66Z\"\r\n}",
      "ResponseHeaders": {
        "Content-Length": [
          "106"
        ],
        "Content-Type": [
          "application/json; charset=utf-8"
        ],
        "Expires": [
          "-1"
        ],
        "Pragma": [
          "no-cache"
        ],
        "Retry-After": [
          "15"
        ],
        "x-ms-request-id": [
          "abc0bccd-d093-435f-8f10-999a0aa074da"
        ],
        "x-ms-ratelimit-remaining-subscription-reads": [
          "14996"
        ],
        "x-ms-correlation-request-id": [
          "1bcac806-d7c6-4c7f-bc20-c64a56e5d572"
        ],
        "x-ms-routing-request-id": [
          "WESTUS2:20180327T202319Z:1bcac806-d7c6-4c7f-bc20-c64a56e5d572"
        ],
        "Strict-Transport-Security": [
          "max-age=31536000; includeSubDomains"
        ],
        "X-Content-Type-Options": [
          "nosniff"
        ],
        "Cache-Control": [
          "no-cache"
        ],
        "Date": [
          "Tue, 27 Mar 2018 20:23:18 GMT"
        ],
        "Server": [
          "Microsoft-HTTPAPI/2.0"
        ]
      },
      "StatusCode": 200
    },
    {
      "RequestUri": "/subscriptions/3a4b538a-6e25-4888-a12a-70024fd747de/resourceGroups/ps6210/providers/Microsoft.Sql/servers/ps8152/databases/ps9550?api-version=2014-04-01",
      "EncodedRequestUri": "L3N1YnNjcmlwdGlvbnMvM2E0YjUzOGEtNmUyNS00ODg4LWExMmEtNzAwMjRmZDc0N2RlL3Jlc291cmNlR3JvdXBzL3BzNjIxMC9wcm92aWRlcnMvTWljcm9zb2Z0LlNxbC9zZXJ2ZXJzL3BzODE1Mi9kYXRhYmFzZXMvcHM5NTUwP2FwaS12ZXJzaW9uPTIwMTQtMDQtMDE=",
      "RequestMethod": "GET",
      "RequestBody": "",
      "RequestHeaders": {
        "x-ms-client-request-id": [
          "b310855b-052c-430a-8336-6b8c57a04c41"
        ],
        "accept-language": [
          "en-US"
        ],
        "User-Agent": [
          "FxVersion/4.7.2633.0",
          "OSName/Windows10Enterprise",
          "OSVersion/6.3.16299",
          "Microsoft.Azure.Management.Sql.SqlManagementClient/1.13.0.0"
        ]
      },
      "ResponseBody": "{\r\n  \"error\": {\r\n    \"code\": \"ResourceNotFound\",\r\n    \"message\": \"The Resource 'Microsoft.Sql/servers/ps8152/databases/ps9550' under resource group 'ps6210' was not found.\"\r\n  }\r\n}",
      "ResponseHeaders": {
        "Content-Length": [
          "155"
        ],
        "Content-Type": [
          "application/json; charset=utf-8"
        ],
        "Expires": [
          "-1"
        ],
        "Pragma": [
          "no-cache"
        ],
        "x-ms-failure-cause": [
          "gateway"
        ],
        "x-ms-request-id": [
          "bbb88e9f-3e35-4f25-a274-e5c5aab6102f"
        ],
        "x-ms-correlation-request-id": [
          "bbb88e9f-3e35-4f25-a274-e5c5aab6102f"
        ],
        "x-ms-routing-request-id": [
          "WESTUS2:20180327T202320Z:bbb88e9f-3e35-4f25-a274-e5c5aab6102f"
        ],
        "Strict-Transport-Security": [
          "max-age=31536000; includeSubDomains"
        ],
        "X-Content-Type-Options": [
          "nosniff"
        ],
        "Cache-Control": [
          "no-cache"
        ],
        "Date": [
          "Tue, 27 Mar 2018 20:23:20 GMT"
        ]
      },
      "StatusCode": 404
    },
    {
      "RequestUri": "/subscriptions/3a4b538a-6e25-4888-a12a-70024fd747de/resourceGroups/ps6210/providers/Microsoft.Sql/servers/ps8152/databases/ps9550?api-version=2014-04-01",
      "EncodedRequestUri": "L3N1YnNjcmlwdGlvbnMvM2E0YjUzOGEtNmUyNS00ODg4LWExMmEtNzAwMjRmZDc0N2RlL3Jlc291cmNlR3JvdXBzL3BzNjIxMC9wcm92aWRlcnMvTWljcm9zb2Z0LlNxbC9zZXJ2ZXJzL3BzODE1Mi9kYXRhYmFzZXMvcHM5NTUwP2FwaS12ZXJzaW9uPTIwMTQtMDQtMDE=",
      "RequestMethod": "PUT",
      "RequestBody": "{\r\n  \"properties\": {\r\n    \"edition\": \"DataWarehouse\",\r\n    \"maxSizeBytes\": \"0\",\r\n    \"requestedServiceObjectiveName\": \"DW100\",\r\n    \"readScale\": \"Disabled\"\r\n  },\r\n  \"location\": \"japaneast\"\r\n}",
      "RequestHeaders": {
        "Content-Type": [
          "application/json; charset=utf-8"
        ],
        "Content-Length": [
          "191"
        ],
        "User-Agent": [
          "Microsoft.Azure.Management.Sql.LegacySdk.SqlManagementClient/4.3.0.0"
        ]
      },
      "ResponseBody": "{\r\n  \"operation\": \"CreateLogicalDatabase\",\r\n  \"startTime\": \"2018-03-27T13:23:22.047-07:00\"\r\n}",
      "ResponseHeaders": {
        "Content-Length": [
          "80"
        ],
        "Content-Type": [
          "application/json; odata=minimalmetadata; streaming=true; charset=utf-8"
        ],
        "Retry-After": [
          "30"
        ],
        "x-ms-request-id": [
          "886ff0d2-4b12-4da8-ba1f-49d3e0a85092"
        ],
        "X-Content-Type-Options": [
          "nosniff"
        ],
        "Preference-Applied": [
          "return-content"
        ],
        "DataServiceVersion": [
          "3.0;"
        ],
        "Strict-Transport-Security": [
          "max-age=31536000; includeSubDomains"
        ],
        "Azure-AsyncOperation": [
          "https://management.azure.com/subscriptions/3a4b538a-6e25-4888-a12a-70024fd747de/resourceGroups/ps6210/providers/Microsoft.Sql/servers/ps8152/databases/ps9550/azureAsyncOperation/886ff0d2-4b12-4da8-ba1f-49d3e0a85092?api-version=2014-04-01-Preview"
        ],
        "x-ms-ratelimit-remaining-subscription-writes": [
          "1199"
        ],
        "x-ms-correlation-request-id": [
          "a33fbdcb-1a2d-4a22-a10e-025ff56bf3a2"
        ],
        "x-ms-routing-request-id": [
          "WESTUS2:20180327T202322Z:a33fbdcb-1a2d-4a22-a10e-025ff56bf3a2"
        ],
        "Cache-Control": [
          "no-store, no-cache"
        ],
        "Date": [
          "Tue, 27 Mar 2018 20:23:22 GMT"
        ],
        "Location": [
          "https://management.azure.com/subscriptions/3a4b538a-6e25-4888-a12a-70024fd747de/resourceGroups/ps6210/providers/Microsoft.Sql/servers/ps8152/databases/ps9550/operationResults/886ff0d2-4b12-4da8-ba1f-49d3e0a85092?api-version=2014-04-01-Preview"
        ],
        "Server": [
          "Microsoft-HTTPAPI/2.0"
        ]
      },
      "StatusCode": 202
    },
    {
      "RequestUri": "/subscriptions/3a4b538a-6e25-4888-a12a-70024fd747de/resourceGroups/ps6210/providers/Microsoft.Sql/servers/ps8152/databases/ps9550/operationResults/886ff0d2-4b12-4da8-ba1f-49d3e0a85092?api-version=2014-04-01-Preview",
      "EncodedRequestUri": "L3N1YnNjcmlwdGlvbnMvM2E0YjUzOGEtNmUyNS00ODg4LWExMmEtNzAwMjRmZDc0N2RlL3Jlc291cmNlR3JvdXBzL3BzNjIxMC9wcm92aWRlcnMvTWljcm9zb2Z0LlNxbC9zZXJ2ZXJzL3BzODE1Mi9kYXRhYmFzZXMvcHM5NTUwL29wZXJhdGlvblJlc3VsdHMvODg2ZmYwZDItNGIxMi00ZGE4LWJhMWYtNDlkM2UwYTg1MDkyP2FwaS12ZXJzaW9uPTIwMTQtMDQtMDEtUHJldmlldw==",
      "RequestMethod": "GET",
      "RequestBody": "",
      "RequestHeaders": {
        "User-Agent": [
          "Microsoft.Azure.Management.Sql.LegacySdk.SqlManagementClient/4.3.0.0"
        ]
      },
      "ResponseBody": "{\r\n  \"operation\": \"CreateLogicalDatabase\",\r\n  \"startTime\": \"2018-03-27T20:23:22.033Z\"\r\n}",
      "ResponseHeaders": {
        "Content-Length": [
          "75"
        ],
        "Content-Type": [
          "application/json"
        ],
        "Retry-After": [
          "30"
        ],
        "x-ms-request-id": [
          "0dd1109d-41a7-4c50-a4f6-bd5ce548204e"
        ],
        "X-Content-Type-Options": [
          "nosniff"
        ],
        "DataServiceVersion": [
          "3.0;"
        ],
        "Strict-Transport-Security": [
          "max-age=31536000; includeSubDomains"
        ],
        "Azure-AsyncOperation": [
          "https://management.azure.com/subscriptions/3a4b538a-6e25-4888-a12a-70024fd747de/resourceGroups/ps6210/providers/Microsoft.Sql/servers/ps8152/databases/ps9550/azureAsyncOperation/886ff0d2-4b12-4da8-ba1f-49d3e0a85092?api-version=2014-04-01-Preview"
        ],
        "x-ms-ratelimit-remaining-subscription-reads": [
          "14999"
        ],
        "x-ms-correlation-request-id": [
          "2c7bd0aa-75be-4fc1-ba14-0b28199d78dc"
        ],
        "x-ms-routing-request-id": [
          "WESTUS2:20180327T202322Z:2c7bd0aa-75be-4fc1-ba14-0b28199d78dc"
        ],
        "Cache-Control": [
          "no-store, no-cache"
        ],
        "Date": [
          "Tue, 27 Mar 2018 20:23:22 GMT"
        ],
        "Location": [
          "https://management.azure.com/subscriptions/3a4b538a-6e25-4888-a12a-70024fd747de/resourceGroups/ps6210/providers/Microsoft.Sql/servers/ps8152/databases/ps9550/operationResults/886ff0d2-4b12-4da8-ba1f-49d3e0a85092?api-version=2014-04-01-Preview"
        ],
        "Server": [
          "Microsoft-HTTPAPI/2.0"
        ]
      },
      "StatusCode": 202
    },
    {
      "RequestUri": "/subscriptions/3a4b538a-6e25-4888-a12a-70024fd747de/resourceGroups/ps6210/providers/Microsoft.Sql/servers/ps8152/databases/ps9550/operationResults/886ff0d2-4b12-4da8-ba1f-49d3e0a85092?api-version=2014-04-01-Preview",
      "EncodedRequestUri": "L3N1YnNjcmlwdGlvbnMvM2E0YjUzOGEtNmUyNS00ODg4LWExMmEtNzAwMjRmZDc0N2RlL3Jlc291cmNlR3JvdXBzL3BzNjIxMC9wcm92aWRlcnMvTWljcm9zb2Z0LlNxbC9zZXJ2ZXJzL3BzODE1Mi9kYXRhYmFzZXMvcHM5NTUwL29wZXJhdGlvblJlc3VsdHMvODg2ZmYwZDItNGIxMi00ZGE4LWJhMWYtNDlkM2UwYTg1MDkyP2FwaS12ZXJzaW9uPTIwMTQtMDQtMDEtUHJldmlldw==",
      "RequestMethod": "GET",
      "RequestBody": "",
      "RequestHeaders": {
        "User-Agent": [
          "Microsoft.Azure.Management.Sql.LegacySdk.SqlManagementClient/4.3.0.0"
        ]
      },
      "ResponseBody": "{\r\n  \"operation\": \"CreateLogicalDatabase\",\r\n  \"startTime\": \"2018-03-27T20:23:22.033Z\"\r\n}",
      "ResponseHeaders": {
        "Content-Length": [
          "75"
        ],
        "Content-Type": [
          "application/json"
        ],
        "Retry-After": [
          "30"
        ],
        "x-ms-request-id": [
          "d592da0c-97bd-4786-9e77-3904ec0e7f2d"
        ],
        "X-Content-Type-Options": [
          "nosniff"
        ],
        "DataServiceVersion": [
          "3.0;"
        ],
        "Strict-Transport-Security": [
          "max-age=31536000; includeSubDomains"
        ],
        "Azure-AsyncOperation": [
          "https://management.azure.com/subscriptions/3a4b538a-6e25-4888-a12a-70024fd747de/resourceGroups/ps6210/providers/Microsoft.Sql/servers/ps8152/databases/ps9550/azureAsyncOperation/886ff0d2-4b12-4da8-ba1f-49d3e0a85092?api-version=2014-04-01-Preview"
        ],
        "x-ms-ratelimit-remaining-subscription-reads": [
          "14998"
        ],
        "x-ms-correlation-request-id": [
          "e9178a78-59ce-4d7d-95e0-05c05de9b095"
        ],
        "x-ms-routing-request-id": [
          "WESTUS2:20180327T202353Z:e9178a78-59ce-4d7d-95e0-05c05de9b095"
        ],
        "Cache-Control": [
          "no-store, no-cache"
        ],
        "Date": [
          "Tue, 27 Mar 2018 20:23:52 GMT"
        ],
        "Location": [
          "https://management.azure.com/subscriptions/3a4b538a-6e25-4888-a12a-70024fd747de/resourceGroups/ps6210/providers/Microsoft.Sql/servers/ps8152/databases/ps9550/operationResults/886ff0d2-4b12-4da8-ba1f-49d3e0a85092?api-version=2014-04-01-Preview"
        ],
        "Server": [
          "Microsoft-HTTPAPI/2.0"
        ]
      },
      "StatusCode": 202
    },
    {
      "RequestUri": "/subscriptions/3a4b538a-6e25-4888-a12a-70024fd747de/resourceGroups/ps6210/providers/Microsoft.Sql/servers/ps8152/databases/ps9550/operationResults/886ff0d2-4b12-4da8-ba1f-49d3e0a85092?api-version=2014-04-01-Preview",
      "EncodedRequestUri": "L3N1YnNjcmlwdGlvbnMvM2E0YjUzOGEtNmUyNS00ODg4LWExMmEtNzAwMjRmZDc0N2RlL3Jlc291cmNlR3JvdXBzL3BzNjIxMC9wcm92aWRlcnMvTWljcm9zb2Z0LlNxbC9zZXJ2ZXJzL3BzODE1Mi9kYXRhYmFzZXMvcHM5NTUwL29wZXJhdGlvblJlc3VsdHMvODg2ZmYwZDItNGIxMi00ZGE4LWJhMWYtNDlkM2UwYTg1MDkyP2FwaS12ZXJzaW9uPTIwMTQtMDQtMDEtUHJldmlldw==",
      "RequestMethod": "GET",
      "RequestBody": "",
      "RequestHeaders": {
        "User-Agent": [
          "Microsoft.Azure.Management.Sql.LegacySdk.SqlManagementClient/4.3.0.0"
        ]
      },
      "ResponseBody": "{\r\n  \"operation\": \"CreateLogicalDatabase\",\r\n  \"startTime\": \"2018-03-27T20:23:22.033Z\"\r\n}",
      "ResponseHeaders": {
        "Content-Length": [
          "75"
        ],
        "Content-Type": [
          "application/json"
        ],
        "Retry-After": [
          "30"
        ],
        "x-ms-request-id": [
          "9649a529-9d15-49f7-a14f-0a18e7c631b2"
        ],
        "X-Content-Type-Options": [
          "nosniff"
        ],
        "DataServiceVersion": [
          "3.0;"
        ],
        "Strict-Transport-Security": [
          "max-age=31536000; includeSubDomains"
        ],
        "Azure-AsyncOperation": [
          "https://management.azure.com/subscriptions/3a4b538a-6e25-4888-a12a-70024fd747de/resourceGroups/ps6210/providers/Microsoft.Sql/servers/ps8152/databases/ps9550/azureAsyncOperation/886ff0d2-4b12-4da8-ba1f-49d3e0a85092?api-version=2014-04-01-Preview"
        ],
        "x-ms-ratelimit-remaining-subscription-reads": [
          "14997"
        ],
        "x-ms-correlation-request-id": [
          "70ac73b8-c4a7-4689-a197-bbc1b84e41cf"
        ],
        "x-ms-routing-request-id": [
          "WESTUS2:20180327T202408Z:70ac73b8-c4a7-4689-a197-bbc1b84e41cf"
        ],
        "Cache-Control": [
          "no-store, no-cache"
        ],
        "Date": [
          "Tue, 27 Mar 2018 20:24:08 GMT"
        ],
        "Location": [
          "https://management.azure.com/subscriptions/3a4b538a-6e25-4888-a12a-70024fd747de/resourceGroups/ps6210/providers/Microsoft.Sql/servers/ps8152/databases/ps9550/operationResults/886ff0d2-4b12-4da8-ba1f-49d3e0a85092?api-version=2014-04-01-Preview"
        ],
        "Server": [
          "Microsoft-HTTPAPI/2.0"
        ]
      },
      "StatusCode": 202
    },
    {
      "RequestUri": "/subscriptions/3a4b538a-6e25-4888-a12a-70024fd747de/resourceGroups/ps6210/providers/Microsoft.Sql/servers/ps8152/databases/ps9550/operationResults/886ff0d2-4b12-4da8-ba1f-49d3e0a85092?api-version=2014-04-01-Preview",
      "EncodedRequestUri": "L3N1YnNjcmlwdGlvbnMvM2E0YjUzOGEtNmUyNS00ODg4LWExMmEtNzAwMjRmZDc0N2RlL3Jlc291cmNlR3JvdXBzL3BzNjIxMC9wcm92aWRlcnMvTWljcm9zb2Z0LlNxbC9zZXJ2ZXJzL3BzODE1Mi9kYXRhYmFzZXMvcHM5NTUwL29wZXJhdGlvblJlc3VsdHMvODg2ZmYwZDItNGIxMi00ZGE4LWJhMWYtNDlkM2UwYTg1MDkyP2FwaS12ZXJzaW9uPTIwMTQtMDQtMDEtUHJldmlldw==",
      "RequestMethod": "GET",
      "RequestBody": "",
      "RequestHeaders": {
        "User-Agent": [
          "Microsoft.Azure.Management.Sql.LegacySdk.SqlManagementClient/4.3.0.0"
        ]
      },
      "ResponseBody": "{\r\n  \"operation\": \"CreateLogicalDatabase\",\r\n  \"startTime\": \"2018-03-27T20:23:22.033Z\"\r\n}",
      "ResponseHeaders": {
        "Content-Length": [
          "75"
        ],
        "Content-Type": [
          "application/json"
        ],
        "Retry-After": [
          "30"
        ],
        "x-ms-request-id": [
          "417da8cb-575f-4d75-b667-b780a8ab2488"
        ],
        "X-Content-Type-Options": [
          "nosniff"
        ],
        "DataServiceVersion": [
          "3.0;"
        ],
        "Strict-Transport-Security": [
          "max-age=31536000; includeSubDomains"
        ],
        "Azure-AsyncOperation": [
          "https://management.azure.com/subscriptions/3a4b538a-6e25-4888-a12a-70024fd747de/resourceGroups/ps6210/providers/Microsoft.Sql/servers/ps8152/databases/ps9550/azureAsyncOperation/886ff0d2-4b12-4da8-ba1f-49d3e0a85092?api-version=2014-04-01-Preview"
        ],
        "x-ms-ratelimit-remaining-subscription-reads": [
          "14996"
        ],
        "x-ms-correlation-request-id": [
          "5abc10c4-e64b-4c07-befb-9d9aad918e8d"
        ],
        "x-ms-routing-request-id": [
          "WESTUS2:20180327T202423Z:5abc10c4-e64b-4c07-befb-9d9aad918e8d"
        ],
        "Cache-Control": [
          "no-store, no-cache"
        ],
        "Date": [
          "Tue, 27 Mar 2018 20:24:23 GMT"
        ],
        "Location": [
          "https://management.azure.com/subscriptions/3a4b538a-6e25-4888-a12a-70024fd747de/resourceGroups/ps6210/providers/Microsoft.Sql/servers/ps8152/databases/ps9550/operationResults/886ff0d2-4b12-4da8-ba1f-49d3e0a85092?api-version=2014-04-01-Preview"
        ],
        "Server": [
          "Microsoft-HTTPAPI/2.0"
        ]
      },
      "StatusCode": 202
    },
    {
      "RequestUri": "/subscriptions/3a4b538a-6e25-4888-a12a-70024fd747de/resourceGroups/ps6210/providers/Microsoft.Sql/servers/ps8152/databases/ps9550/operationResults/886ff0d2-4b12-4da8-ba1f-49d3e0a85092?api-version=2014-04-01-Preview",
      "EncodedRequestUri": "L3N1YnNjcmlwdGlvbnMvM2E0YjUzOGEtNmUyNS00ODg4LWExMmEtNzAwMjRmZDc0N2RlL3Jlc291cmNlR3JvdXBzL3BzNjIxMC9wcm92aWRlcnMvTWljcm9zb2Z0LlNxbC9zZXJ2ZXJzL3BzODE1Mi9kYXRhYmFzZXMvcHM5NTUwL29wZXJhdGlvblJlc3VsdHMvODg2ZmYwZDItNGIxMi00ZGE4LWJhMWYtNDlkM2UwYTg1MDkyP2FwaS12ZXJzaW9uPTIwMTQtMDQtMDEtUHJldmlldw==",
      "RequestMethod": "GET",
      "RequestBody": "",
      "RequestHeaders": {
        "User-Agent": [
          "Microsoft.Azure.Management.Sql.LegacySdk.SqlManagementClient/4.3.0.0"
        ]
      },
      "ResponseBody": "{\r\n  \"operation\": \"CreateLogicalDatabase\",\r\n  \"startTime\": \"2018-03-27T20:23:22.033Z\"\r\n}",
      "ResponseHeaders": {
        "Content-Length": [
          "75"
        ],
        "Content-Type": [
          "application/json"
        ],
        "Retry-After": [
          "30"
        ],
        "x-ms-request-id": [
          "5a867df8-da80-4928-8107-ab94a1414728"
        ],
        "X-Content-Type-Options": [
          "nosniff"
        ],
        "DataServiceVersion": [
          "3.0;"
        ],
        "Strict-Transport-Security": [
          "max-age=31536000; includeSubDomains"
        ],
        "Azure-AsyncOperation": [
          "https://management.azure.com/subscriptions/3a4b538a-6e25-4888-a12a-70024fd747de/resourceGroups/ps6210/providers/Microsoft.Sql/servers/ps8152/databases/ps9550/azureAsyncOperation/886ff0d2-4b12-4da8-ba1f-49d3e0a85092?api-version=2014-04-01-Preview"
        ],
        "x-ms-ratelimit-remaining-subscription-reads": [
          "14995"
        ],
        "x-ms-correlation-request-id": [
          "5563f1aa-a783-4f6d-9253-930cf5d49128"
        ],
        "x-ms-routing-request-id": [
          "WESTUS2:20180327T202439Z:5563f1aa-a783-4f6d-9253-930cf5d49128"
        ],
        "Cache-Control": [
          "no-store, no-cache"
        ],
        "Date": [
          "Tue, 27 Mar 2018 20:24:38 GMT"
        ],
        "Location": [
          "https://management.azure.com/subscriptions/3a4b538a-6e25-4888-a12a-70024fd747de/resourceGroups/ps6210/providers/Microsoft.Sql/servers/ps8152/databases/ps9550/operationResults/886ff0d2-4b12-4da8-ba1f-49d3e0a85092?api-version=2014-04-01-Preview"
        ],
        "Server": [
          "Microsoft-HTTPAPI/2.0"
        ]
      },
      "StatusCode": 202
    },
    {
      "RequestUri": "/subscriptions/3a4b538a-6e25-4888-a12a-70024fd747de/resourceGroups/ps6210/providers/Microsoft.Sql/servers/ps8152/databases/ps9550/operationResults/886ff0d2-4b12-4da8-ba1f-49d3e0a85092?api-version=2014-04-01-Preview",
      "EncodedRequestUri": "L3N1YnNjcmlwdGlvbnMvM2E0YjUzOGEtNmUyNS00ODg4LWExMmEtNzAwMjRmZDc0N2RlL3Jlc291cmNlR3JvdXBzL3BzNjIxMC9wcm92aWRlcnMvTWljcm9zb2Z0LlNxbC9zZXJ2ZXJzL3BzODE1Mi9kYXRhYmFzZXMvcHM5NTUwL29wZXJhdGlvblJlc3VsdHMvODg2ZmYwZDItNGIxMi00ZGE4LWJhMWYtNDlkM2UwYTg1MDkyP2FwaS12ZXJzaW9uPTIwMTQtMDQtMDEtUHJldmlldw==",
      "RequestMethod": "GET",
      "RequestBody": "",
      "RequestHeaders": {
        "User-Agent": [
          "Microsoft.Azure.Management.Sql.LegacySdk.SqlManagementClient/4.3.0.0"
        ]
      },
      "ResponseBody": "{\r\n  \"operation\": \"CreateLogicalDatabase\",\r\n  \"startTime\": \"2018-03-27T20:23:22.033Z\"\r\n}",
      "ResponseHeaders": {
        "Content-Length": [
          "75"
        ],
        "Content-Type": [
          "application/json"
        ],
        "Retry-After": [
          "30"
        ],
        "x-ms-request-id": [
          "9c7d1f0c-79b9-4ef1-9eb8-a95c8312e4c9"
        ],
        "X-Content-Type-Options": [
          "nosniff"
        ],
        "DataServiceVersion": [
          "3.0;"
        ],
        "Strict-Transport-Security": [
          "max-age=31536000; includeSubDomains"
        ],
        "Azure-AsyncOperation": [
          "https://management.azure.com/subscriptions/3a4b538a-6e25-4888-a12a-70024fd747de/resourceGroups/ps6210/providers/Microsoft.Sql/servers/ps8152/databases/ps9550/azureAsyncOperation/886ff0d2-4b12-4da8-ba1f-49d3e0a85092?api-version=2014-04-01-Preview"
        ],
        "x-ms-ratelimit-remaining-subscription-reads": [
          "14994"
        ],
        "x-ms-correlation-request-id": [
          "7617e25f-fc4a-493b-9da4-298490afca83"
        ],
        "x-ms-routing-request-id": [
          "WESTUS2:20180327T202459Z:7617e25f-fc4a-493b-9da4-298490afca83"
        ],
        "Cache-Control": [
          "no-store, no-cache"
        ],
        "Date": [
          "Tue, 27 Mar 2018 20:24:59 GMT"
        ],
        "Location": [
          "https://management.azure.com/subscriptions/3a4b538a-6e25-4888-a12a-70024fd747de/resourceGroups/ps6210/providers/Microsoft.Sql/servers/ps8152/databases/ps9550/operationResults/886ff0d2-4b12-4da8-ba1f-49d3e0a85092?api-version=2014-04-01-Preview"
        ],
        "Server": [
          "Microsoft-HTTPAPI/2.0"
        ]
      },
      "StatusCode": 202
    },
    {
      "RequestUri": "/subscriptions/3a4b538a-6e25-4888-a12a-70024fd747de/resourceGroups/ps6210/providers/Microsoft.Sql/servers/ps8152/databases/ps9550/operationResults/886ff0d2-4b12-4da8-ba1f-49d3e0a85092?api-version=2014-04-01-Preview",
      "EncodedRequestUri": "L3N1YnNjcmlwdGlvbnMvM2E0YjUzOGEtNmUyNS00ODg4LWExMmEtNzAwMjRmZDc0N2RlL3Jlc291cmNlR3JvdXBzL3BzNjIxMC9wcm92aWRlcnMvTWljcm9zb2Z0LlNxbC9zZXJ2ZXJzL3BzODE1Mi9kYXRhYmFzZXMvcHM5NTUwL29wZXJhdGlvblJlc3VsdHMvODg2ZmYwZDItNGIxMi00ZGE4LWJhMWYtNDlkM2UwYTg1MDkyP2FwaS12ZXJzaW9uPTIwMTQtMDQtMDEtUHJldmlldw==",
      "RequestMethod": "GET",
      "RequestBody": "",
      "RequestHeaders": {
        "User-Agent": [
          "Microsoft.Azure.Management.Sql.LegacySdk.SqlManagementClient/4.3.0.0"
        ]
      },
      "ResponseBody": "{\r\n  \"operation\": \"CreateLogicalDatabase\",\r\n  \"startTime\": \"2018-03-27T20:23:22.033Z\"\r\n}",
      "ResponseHeaders": {
        "Content-Length": [
          "75"
        ],
        "Content-Type": [
          "application/json"
        ],
        "Retry-After": [
          "30"
        ],
        "x-ms-request-id": [
          "b261dbc3-00e3-4258-8242-6edbcb2ec9b6"
        ],
        "X-Content-Type-Options": [
          "nosniff"
        ],
        "DataServiceVersion": [
          "3.0;"
        ],
        "Strict-Transport-Security": [
          "max-age=31536000; includeSubDomains"
        ],
        "Azure-AsyncOperation": [
          "https://management.azure.com/subscriptions/3a4b538a-6e25-4888-a12a-70024fd747de/resourceGroups/ps6210/providers/Microsoft.Sql/servers/ps8152/databases/ps9550/azureAsyncOperation/886ff0d2-4b12-4da8-ba1f-49d3e0a85092?api-version=2014-04-01-Preview"
        ],
        "x-ms-ratelimit-remaining-subscription-reads": [
          "14993"
        ],
        "x-ms-correlation-request-id": [
          "060f3f0a-e660-4b6e-ba31-f6f00c6d9924"
        ],
        "x-ms-routing-request-id": [
          "WESTUS2:20180327T202515Z:060f3f0a-e660-4b6e-ba31-f6f00c6d9924"
        ],
        "Cache-Control": [
          "no-store, no-cache"
        ],
        "Date": [
          "Tue, 27 Mar 2018 20:25:14 GMT"
        ],
        "Location": [
          "https://management.azure.com/subscriptions/3a4b538a-6e25-4888-a12a-70024fd747de/resourceGroups/ps6210/providers/Microsoft.Sql/servers/ps8152/databases/ps9550/operationResults/886ff0d2-4b12-4da8-ba1f-49d3e0a85092?api-version=2014-04-01-Preview"
        ],
        "Server": [
          "Microsoft-HTTPAPI/2.0"
        ]
      },
      "StatusCode": 202
    },
    {
      "RequestUri": "/subscriptions/3a4b538a-6e25-4888-a12a-70024fd747de/resourceGroups/ps6210/providers/Microsoft.Sql/servers/ps8152/databases/ps9550/operationResults/886ff0d2-4b12-4da8-ba1f-49d3e0a85092?api-version=2014-04-01-Preview",
      "EncodedRequestUri": "L3N1YnNjcmlwdGlvbnMvM2E0YjUzOGEtNmUyNS00ODg4LWExMmEtNzAwMjRmZDc0N2RlL3Jlc291cmNlR3JvdXBzL3BzNjIxMC9wcm92aWRlcnMvTWljcm9zb2Z0LlNxbC9zZXJ2ZXJzL3BzODE1Mi9kYXRhYmFzZXMvcHM5NTUwL29wZXJhdGlvblJlc3VsdHMvODg2ZmYwZDItNGIxMi00ZGE4LWJhMWYtNDlkM2UwYTg1MDkyP2FwaS12ZXJzaW9uPTIwMTQtMDQtMDEtUHJldmlldw==",
      "RequestMethod": "GET",
      "RequestBody": "",
      "RequestHeaders": {
        "User-Agent": [
          "Microsoft.Azure.Management.Sql.LegacySdk.SqlManagementClient/4.3.0.0"
        ]
      },
      "ResponseBody": "{\r\n  \"operation\": \"CreateLogicalDatabase\",\r\n  \"startTime\": \"2018-03-27T20:23:22.033Z\"\r\n}",
      "ResponseHeaders": {
        "Content-Length": [
          "75"
        ],
        "Content-Type": [
          "application/json"
        ],
        "Retry-After": [
          "30"
        ],
        "x-ms-request-id": [
          "9cd1d2e4-f564-468f-9ee9-6ee2accfacca"
        ],
        "X-Content-Type-Options": [
          "nosniff"
        ],
        "DataServiceVersion": [
          "3.0;"
        ],
        "Strict-Transport-Security": [
          "max-age=31536000; includeSubDomains"
        ],
        "Azure-AsyncOperation": [
          "https://management.azure.com/subscriptions/3a4b538a-6e25-4888-a12a-70024fd747de/resourceGroups/ps6210/providers/Microsoft.Sql/servers/ps8152/databases/ps9550/azureAsyncOperation/886ff0d2-4b12-4da8-ba1f-49d3e0a85092?api-version=2014-04-01-Preview"
        ],
        "x-ms-ratelimit-remaining-subscription-reads": [
          "14992"
        ],
        "x-ms-correlation-request-id": [
          "eff51c1b-6a4d-4e97-84bb-42bfbaccf783"
        ],
        "x-ms-routing-request-id": [
          "WESTUS2:20180327T202530Z:eff51c1b-6a4d-4e97-84bb-42bfbaccf783"
        ],
        "Cache-Control": [
          "no-store, no-cache"
        ],
        "Date": [
          "Tue, 27 Mar 2018 20:25:30 GMT"
        ],
        "Location": [
          "https://management.azure.com/subscriptions/3a4b538a-6e25-4888-a12a-70024fd747de/resourceGroups/ps6210/providers/Microsoft.Sql/servers/ps8152/databases/ps9550/operationResults/886ff0d2-4b12-4da8-ba1f-49d3e0a85092?api-version=2014-04-01-Preview"
        ],
        "Server": [
          "Microsoft-HTTPAPI/2.0"
        ]
      },
      "StatusCode": 202
    },
    {
      "RequestUri": "/subscriptions/3a4b538a-6e25-4888-a12a-70024fd747de/resourceGroups/ps6210/providers/Microsoft.Sql/servers/ps8152/databases/ps9550/operationResults/886ff0d2-4b12-4da8-ba1f-49d3e0a85092?api-version=2014-04-01-Preview",
      "EncodedRequestUri": "L3N1YnNjcmlwdGlvbnMvM2E0YjUzOGEtNmUyNS00ODg4LWExMmEtNzAwMjRmZDc0N2RlL3Jlc291cmNlR3JvdXBzL3BzNjIxMC9wcm92aWRlcnMvTWljcm9zb2Z0LlNxbC9zZXJ2ZXJzL3BzODE1Mi9kYXRhYmFzZXMvcHM5NTUwL29wZXJhdGlvblJlc3VsdHMvODg2ZmYwZDItNGIxMi00ZGE4LWJhMWYtNDlkM2UwYTg1MDkyP2FwaS12ZXJzaW9uPTIwMTQtMDQtMDEtUHJldmlldw==",
      "RequestMethod": "GET",
      "RequestBody": "",
      "RequestHeaders": {
        "User-Agent": [
          "Microsoft.Azure.Management.Sql.LegacySdk.SqlManagementClient/4.3.0.0"
        ]
      },
      "ResponseBody": "{\r\n  \"operation\": \"CreateLogicalDatabase\",\r\n  \"startTime\": \"2018-03-27T20:23:22.033Z\"\r\n}",
      "ResponseHeaders": {
        "Content-Length": [
          "75"
        ],
        "Content-Type": [
          "application/json"
        ],
        "Retry-After": [
          "30"
        ],
        "x-ms-request-id": [
          "a07ea0de-2b0c-43e4-a020-f88be08a868b"
        ],
        "X-Content-Type-Options": [
          "nosniff"
        ],
        "DataServiceVersion": [
          "3.0;"
        ],
        "Strict-Transport-Security": [
          "max-age=31536000; includeSubDomains"
        ],
        "Azure-AsyncOperation": [
          "https://management.azure.com/subscriptions/3a4b538a-6e25-4888-a12a-70024fd747de/resourceGroups/ps6210/providers/Microsoft.Sql/servers/ps8152/databases/ps9550/azureAsyncOperation/886ff0d2-4b12-4da8-ba1f-49d3e0a85092?api-version=2014-04-01-Preview"
        ],
        "x-ms-ratelimit-remaining-subscription-reads": [
          "14991"
        ],
        "x-ms-correlation-request-id": [
          "787367b9-b934-4bfb-b50c-7b8841a88d3c"
        ],
        "x-ms-routing-request-id": [
          "WESTUS2:20180327T202546Z:787367b9-b934-4bfb-b50c-7b8841a88d3c"
        ],
        "Cache-Control": [
          "no-store, no-cache"
        ],
        "Date": [
          "Tue, 27 Mar 2018 20:25:45 GMT"
        ],
        "Location": [
          "https://management.azure.com/subscriptions/3a4b538a-6e25-4888-a12a-70024fd747de/resourceGroups/ps6210/providers/Microsoft.Sql/servers/ps8152/databases/ps9550/operationResults/886ff0d2-4b12-4da8-ba1f-49d3e0a85092?api-version=2014-04-01-Preview"
        ],
        "Server": [
          "Microsoft-HTTPAPI/2.0"
        ]
      },
      "StatusCode": 202
    },
    {
      "RequestUri": "/subscriptions/3a4b538a-6e25-4888-a12a-70024fd747de/resourceGroups/ps6210/providers/Microsoft.Sql/servers/ps8152/databases/ps9550/operationResults/886ff0d2-4b12-4da8-ba1f-49d3e0a85092?api-version=2014-04-01-Preview",
      "EncodedRequestUri": "L3N1YnNjcmlwdGlvbnMvM2E0YjUzOGEtNmUyNS00ODg4LWExMmEtNzAwMjRmZDc0N2RlL3Jlc291cmNlR3JvdXBzL3BzNjIxMC9wcm92aWRlcnMvTWljcm9zb2Z0LlNxbC9zZXJ2ZXJzL3BzODE1Mi9kYXRhYmFzZXMvcHM5NTUwL29wZXJhdGlvblJlc3VsdHMvODg2ZmYwZDItNGIxMi00ZGE4LWJhMWYtNDlkM2UwYTg1MDkyP2FwaS12ZXJzaW9uPTIwMTQtMDQtMDEtUHJldmlldw==",
      "RequestMethod": "GET",
      "RequestBody": "",
      "RequestHeaders": {
        "User-Agent": [
          "Microsoft.Azure.Management.Sql.LegacySdk.SqlManagementClient/4.3.0.0"
        ]
      },
      "ResponseBody": "{\r\n  \"operation\": \"CreateLogicalDatabase\",\r\n  \"startTime\": \"2018-03-27T20:23:22.033Z\"\r\n}",
      "ResponseHeaders": {
        "Content-Length": [
          "75"
        ],
        "Content-Type": [
          "application/json"
        ],
        "Retry-After": [
          "30"
        ],
        "x-ms-request-id": [
          "1853b797-23c7-4e83-8c6a-7f67ad14d831"
        ],
        "X-Content-Type-Options": [
          "nosniff"
        ],
        "DataServiceVersion": [
          "3.0;"
        ],
        "Strict-Transport-Security": [
          "max-age=31536000; includeSubDomains"
        ],
        "Azure-AsyncOperation": [
          "https://management.azure.com/subscriptions/3a4b538a-6e25-4888-a12a-70024fd747de/resourceGroups/ps6210/providers/Microsoft.Sql/servers/ps8152/databases/ps9550/azureAsyncOperation/886ff0d2-4b12-4da8-ba1f-49d3e0a85092?api-version=2014-04-01-Preview"
        ],
        "x-ms-ratelimit-remaining-subscription-reads": [
          "14990"
        ],
        "x-ms-correlation-request-id": [
          "a29c391b-c06c-4292-bb6c-9b34c7a9a21a"
        ],
        "x-ms-routing-request-id": [
          "WESTUS2:20180327T202601Z:a29c391b-c06c-4292-bb6c-9b34c7a9a21a"
        ],
        "Cache-Control": [
          "no-store, no-cache"
        ],
        "Date": [
          "Tue, 27 Mar 2018 20:26:00 GMT"
        ],
        "Location": [
          "https://management.azure.com/subscriptions/3a4b538a-6e25-4888-a12a-70024fd747de/resourceGroups/ps6210/providers/Microsoft.Sql/servers/ps8152/databases/ps9550/operationResults/886ff0d2-4b12-4da8-ba1f-49d3e0a85092?api-version=2014-04-01-Preview"
        ],
        "Server": [
          "Microsoft-HTTPAPI/2.0"
        ]
      },
      "StatusCode": 202
    },
    {
      "RequestUri": "/subscriptions/3a4b538a-6e25-4888-a12a-70024fd747de/resourceGroups/ps6210/providers/Microsoft.Sql/servers/ps8152/databases/ps9550/operationResults/886ff0d2-4b12-4da8-ba1f-49d3e0a85092?api-version=2014-04-01-Preview",
      "EncodedRequestUri": "L3N1YnNjcmlwdGlvbnMvM2E0YjUzOGEtNmUyNS00ODg4LWExMmEtNzAwMjRmZDc0N2RlL3Jlc291cmNlR3JvdXBzL3BzNjIxMC9wcm92aWRlcnMvTWljcm9zb2Z0LlNxbC9zZXJ2ZXJzL3BzODE1Mi9kYXRhYmFzZXMvcHM5NTUwL29wZXJhdGlvblJlc3VsdHMvODg2ZmYwZDItNGIxMi00ZGE4LWJhMWYtNDlkM2UwYTg1MDkyP2FwaS12ZXJzaW9uPTIwMTQtMDQtMDEtUHJldmlldw==",
      "RequestMethod": "GET",
      "RequestBody": "",
      "RequestHeaders": {
        "User-Agent": [
          "Microsoft.Azure.Management.Sql.LegacySdk.SqlManagementClient/4.3.0.0"
        ]
      },
      "ResponseBody": "{\r\n  \"operation\": \"CreateLogicalDatabase\",\r\n  \"startTime\": \"2018-03-27T20:23:22.033Z\"\r\n}",
      "ResponseHeaders": {
        "Content-Length": [
          "75"
        ],
        "Content-Type": [
          "application/json"
        ],
        "Retry-After": [
          "30"
        ],
        "x-ms-request-id": [
          "9f5e5cbd-558f-42c6-ac15-3597406d2f27"
        ],
        "X-Content-Type-Options": [
          "nosniff"
        ],
        "DataServiceVersion": [
          "3.0;"
        ],
        "Strict-Transport-Security": [
          "max-age=31536000; includeSubDomains"
        ],
        "Azure-AsyncOperation": [
          "https://management.azure.com/subscriptions/3a4b538a-6e25-4888-a12a-70024fd747de/resourceGroups/ps6210/providers/Microsoft.Sql/servers/ps8152/databases/ps9550/azureAsyncOperation/886ff0d2-4b12-4da8-ba1f-49d3e0a85092?api-version=2014-04-01-Preview"
        ],
        "x-ms-ratelimit-remaining-subscription-reads": [
          "14989"
        ],
        "x-ms-correlation-request-id": [
          "d8e116be-b555-4197-a172-2d914102ec69"
        ],
        "x-ms-routing-request-id": [
          "WESTUS2:20180327T202616Z:d8e116be-b555-4197-a172-2d914102ec69"
        ],
        "Cache-Control": [
          "no-store, no-cache"
        ],
        "Date": [
          "Tue, 27 Mar 2018 20:26:16 GMT"
        ],
        "Location": [
          "https://management.azure.com/subscriptions/3a4b538a-6e25-4888-a12a-70024fd747de/resourceGroups/ps6210/providers/Microsoft.Sql/servers/ps8152/databases/ps9550/operationResults/886ff0d2-4b12-4da8-ba1f-49d3e0a85092?api-version=2014-04-01-Preview"
        ],
        "Server": [
          "Microsoft-HTTPAPI/2.0"
        ]
      },
      "StatusCode": 202
    },
    {
      "RequestUri": "/subscriptions/3a4b538a-6e25-4888-a12a-70024fd747de/resourceGroups/ps6210/providers/Microsoft.Sql/servers/ps8152/databases/ps9550/operationResults/886ff0d2-4b12-4da8-ba1f-49d3e0a85092?api-version=2014-04-01-Preview",
      "EncodedRequestUri": "L3N1YnNjcmlwdGlvbnMvM2E0YjUzOGEtNmUyNS00ODg4LWExMmEtNzAwMjRmZDc0N2RlL3Jlc291cmNlR3JvdXBzL3BzNjIxMC9wcm92aWRlcnMvTWljcm9zb2Z0LlNxbC9zZXJ2ZXJzL3BzODE1Mi9kYXRhYmFzZXMvcHM5NTUwL29wZXJhdGlvblJlc3VsdHMvODg2ZmYwZDItNGIxMi00ZGE4LWJhMWYtNDlkM2UwYTg1MDkyP2FwaS12ZXJzaW9uPTIwMTQtMDQtMDEtUHJldmlldw==",
      "RequestMethod": "GET",
      "RequestBody": "",
      "RequestHeaders": {
        "User-Agent": [
          "Microsoft.Azure.Management.Sql.LegacySdk.SqlManagementClient/4.3.0.0"
        ]
      },
      "ResponseBody": "{\r\n  \"id\": \"/subscriptions/3a4b538a-6e25-4888-a12a-70024fd747de/resourceGroups/ps6210/providers/Microsoft.Sql/servers/ps8152/databases/ps9550\",\r\n  \"name\": \"ps9550\",\r\n  \"type\": \"Microsoft.Sql/servers/databases\",\r\n  \"location\": \"Japan East\",\r\n  \"kind\": \"v12.0,user,datawarehouse\",\r\n  \"properties\": {\r\n    \"databaseId\": \"eee99bb8-d66c-47a7-95dc-389a5a2bbfde\",\r\n    \"edition\": \"DataWarehouse\",\r\n    \"status\": \"Online\",\r\n    \"serviceLevelObjective\": \"DW100\",\r\n    \"collation\": \"SQL_Latin1_General_CP1_CI_AS\",\r\n    \"maxSizeBytes\": \"263882790666240\",\r\n    \"creationDate\": \"2018-03-27T20:23:22.22Z\",\r\n    \"currentServiceObjectiveId\": \"4e63cb0e-91b9-46fd-b05c-51fdd2367618\",\r\n    \"requestedServiceObjectiveId\": \"4e63cb0e-91b9-46fd-b05c-51fdd2367618\",\r\n    \"requestedServiceObjectiveName\": \"DW100\",\r\n    \"sampleName\": null,\r\n    \"defaultSecondaryLocation\": \"Japan West\",\r\n    \"earliestRestoreDate\": null,\r\n    \"elasticPoolName\": null,\r\n    \"containmentState\": 2,\r\n    \"readScale\": \"Disabled\",\r\n    \"failoverGroupId\": null,\r\n    \"zoneRedundant\": false,\r\n    \"isUpgradeRequested\": false\r\n  }\r\n}",
      "ResponseHeaders": {
        "Content-Length": [
          "913"
        ],
        "Content-Type": [
          "application/json; odata=minimalmetadata; streaming=true; charset=utf-8"
        ],
        "x-ms-request-id": [
          "e4e9ded6-a10e-4563-b569-e02eac1e7854"
        ],
        "X-Content-Type-Options": [
          "nosniff"
        ],
        "DataServiceVersion": [
          "3.0;"
        ],
        "Strict-Transport-Security": [
          "max-age=31536000; includeSubDomains"
        ],
        "x-ms-ratelimit-remaining-subscription-reads": [
          "14988"
        ],
        "x-ms-correlation-request-id": [
          "47495ec4-cb57-4461-b9f4-6a28c75c1c46"
        ],
        "x-ms-routing-request-id": [
          "WESTUS2:20180327T202632Z:47495ec4-cb57-4461-b9f4-6a28c75c1c46"
        ],
        "Cache-Control": [
          "no-store, no-cache"
        ],
        "Date": [
          "Tue, 27 Mar 2018 20:26:31 GMT"
        ],
        "Server": [
          "Microsoft-HTTPAPI/2.0"
        ]
      },
      "StatusCode": 201
    },
    {
      "RequestUri": "/subscriptions/3a4b538a-6e25-4888-a12a-70024fd747de/resourceGroups/ps6210/providers/Microsoft.Sql/servers/ps8152/databases/ps501?api-version=2014-04-01",
      "EncodedRequestUri": "L3N1YnNjcmlwdGlvbnMvM2E0YjUzOGEtNmUyNS00ODg4LWExMmEtNzAwMjRmZDc0N2RlL3Jlc291cmNlR3JvdXBzL3BzNjIxMC9wcm92aWRlcnMvTWljcm9zb2Z0LlNxbC9zZXJ2ZXJzL3BzODE1Mi9kYXRhYmFzZXMvcHM1MDE/YXBpLXZlcnNpb249MjAxNC0wNC0wMQ==",
      "RequestMethod": "GET",
      "RequestBody": "",
      "RequestHeaders": {
        "x-ms-client-request-id": [
          "e1673a3a-fad2-4660-9d93-fee81f157474"
        ],
        "accept-language": [
          "en-US"
        ],
        "User-Agent": [
          "FxVersion/4.7.2633.0",
          "OSName/Windows10Enterprise",
          "OSVersion/6.3.16299",
          "Microsoft.Azure.Management.Sql.SqlManagementClient/1.13.0.0"
        ]
      },
      "ResponseBody": "{\r\n  \"error\": {\r\n    \"code\": \"ResourceNotFound\",\r\n    \"message\": \"The Resource 'Microsoft.Sql/servers/ps8152/databases/ps501' under resource group 'ps6210' was not found.\"\r\n  }\r\n}",
      "ResponseHeaders": {
        "Content-Length": [
          "154"
        ],
        "Content-Type": [
          "application/json; charset=utf-8"
        ],
        "Expires": [
          "-1"
        ],
        "Pragma": [
          "no-cache"
        ],
        "x-ms-failure-cause": [
          "gateway"
        ],
        "x-ms-request-id": [
          "4819656f-154b-4018-ac5d-bb11c659ef9e"
        ],
        "x-ms-correlation-request-id": [
          "4819656f-154b-4018-ac5d-bb11c659ef9e"
        ],
        "x-ms-routing-request-id": [
          "WESTUS2:20180327T202632Z:4819656f-154b-4018-ac5d-bb11c659ef9e"
        ],
        "Strict-Transport-Security": [
          "max-age=31536000; includeSubDomains"
        ],
        "X-Content-Type-Options": [
          "nosniff"
        ],
        "Cache-Control": [
          "no-cache"
        ],
        "Date": [
          "Tue, 27 Mar 2018 20:26:32 GMT"
        ]
      },
      "StatusCode": 404
    },
    {
      "RequestUri": "/subscriptions/3a4b538a-6e25-4888-a12a-70024fd747de/resourceGroups/ps6210/providers/Microsoft.Sql/servers/ps8152/databases/ps501?api-version=2014-04-01",
      "EncodedRequestUri": "L3N1YnNjcmlwdGlvbnMvM2E0YjUzOGEtNmUyNS00ODg4LWExMmEtNzAwMjRmZDc0N2RlL3Jlc291cmNlR3JvdXBzL3BzNjIxMC9wcm92aWRlcnMvTWljcm9zb2Z0LlNxbC9zZXJ2ZXJzL3BzODE1Mi9kYXRhYmFzZXMvcHM1MDE/YXBpLXZlcnNpb249MjAxNC0wNC0wMQ==",
      "RequestMethod": "PUT",
      "RequestBody": "{\r\n  \"properties\": {\r\n    \"edition\": \"Standard\",\r\n    \"maxSizeBytes\": \"0\",\r\n    \"requestedServiceObjectiveName\": \"S0\",\r\n    \"readScale\": \"Disabled\"\r\n  },\r\n  \"location\": \"japaneast\"\r\n}",
      "RequestHeaders": {
        "Content-Type": [
          "application/json; charset=utf-8"
        ],
        "Content-Length": [
          "183"
        ],
        "User-Agent": [
          "Microsoft.Azure.Management.Sql.LegacySdk.SqlManagementClient/4.3.0.0"
        ]
      },
      "ResponseBody": "{\r\n  \"operation\": \"CreateLogicalDatabase\",\r\n  \"startTime\": \"2018-03-27T13:26:34.113-07:00\"\r\n}",
      "ResponseHeaders": {
        "Content-Length": [
          "80"
        ],
        "Content-Type": [
          "application/json; odata=minimalmetadata; streaming=true; charset=utf-8"
        ],
        "Retry-After": [
          "30"
        ],
        "x-ms-request-id": [
          "0fe4831f-9915-4271-b4ab-5aa57c12d23e"
        ],
        "X-Content-Type-Options": [
          "nosniff"
        ],
        "Preference-Applied": [
          "return-content"
        ],
        "DataServiceVersion": [
          "3.0;"
        ],
        "Strict-Transport-Security": [
          "max-age=31536000; includeSubDomains"
        ],
        "Azure-AsyncOperation": [
          "https://management.azure.com/subscriptions/3a4b538a-6e25-4888-a12a-70024fd747de/resourceGroups/ps6210/providers/Microsoft.Sql/servers/ps8152/databases/ps501/azureAsyncOperation/0fe4831f-9915-4271-b4ab-5aa57c12d23e?api-version=2014-04-01-Preview"
        ],
        "x-ms-ratelimit-remaining-subscription-writes": [
          "1198"
        ],
        "x-ms-correlation-request-id": [
          "98abc3b6-a486-4c42-a906-0ef3b4f83460"
        ],
        "x-ms-routing-request-id": [
          "WESTUS2:20180327T202634Z:98abc3b6-a486-4c42-a906-0ef3b4f83460"
        ],
        "Cache-Control": [
          "no-store, no-cache"
        ],
        "Date": [
          "Tue, 27 Mar 2018 20:26:33 GMT"
        ],
        "Location": [
          "https://management.azure.com/subscriptions/3a4b538a-6e25-4888-a12a-70024fd747de/resourceGroups/ps6210/providers/Microsoft.Sql/servers/ps8152/databases/ps501/operationResults/0fe4831f-9915-4271-b4ab-5aa57c12d23e?api-version=2014-04-01-Preview"
        ],
        "Server": [
          "Microsoft-HTTPAPI/2.0"
        ]
      },
      "StatusCode": 202
    },
    {
      "RequestUri": "/subscriptions/3a4b538a-6e25-4888-a12a-70024fd747de/resourceGroups/ps6210/providers/Microsoft.Sql/servers/ps8152/databases/ps501/operationResults/0fe4831f-9915-4271-b4ab-5aa57c12d23e?api-version=2014-04-01-Preview",
      "EncodedRequestUri": "L3N1YnNjcmlwdGlvbnMvM2E0YjUzOGEtNmUyNS00ODg4LWExMmEtNzAwMjRmZDc0N2RlL3Jlc291cmNlR3JvdXBzL3BzNjIxMC9wcm92aWRlcnMvTWljcm9zb2Z0LlNxbC9zZXJ2ZXJzL3BzODE1Mi9kYXRhYmFzZXMvcHM1MDEvb3BlcmF0aW9uUmVzdWx0cy8wZmU0ODMxZi05OTE1LTQyNzEtYjRhYi01YWE1N2MxMmQyM2U/YXBpLXZlcnNpb249MjAxNC0wNC0wMS1QcmV2aWV3",
      "RequestMethod": "GET",
      "RequestBody": "",
      "RequestHeaders": {
        "User-Agent": [
          "Microsoft.Azure.Management.Sql.LegacySdk.SqlManagementClient/4.3.0.0"
        ]
      },
      "ResponseBody": "{\r\n  \"operation\": \"CreateLogicalDatabase\",\r\n  \"startTime\": \"2018-03-27T20:26:34.097Z\"\r\n}",
      "ResponseHeaders": {
        "Content-Length": [
          "75"
        ],
        "Content-Type": [
          "application/json"
        ],
        "Retry-After": [
          "30"
        ],
        "x-ms-request-id": [
          "19f6a641-9d2f-4dd1-b001-fe9bdd7ef38d"
        ],
        "X-Content-Type-Options": [
          "nosniff"
        ],
        "DataServiceVersion": [
          "3.0;"
        ],
        "Strict-Transport-Security": [
          "max-age=31536000; includeSubDomains"
        ],
        "Azure-AsyncOperation": [
          "https://management.azure.com/subscriptions/3a4b538a-6e25-4888-a12a-70024fd747de/resourceGroups/ps6210/providers/Microsoft.Sql/servers/ps8152/databases/ps501/azureAsyncOperation/0fe4831f-9915-4271-b4ab-5aa57c12d23e?api-version=2014-04-01-Preview"
        ],
        "x-ms-ratelimit-remaining-subscription-reads": [
          "14987"
        ],
        "x-ms-correlation-request-id": [
          "b9ba3468-b006-431f-9d94-680f0249a87d"
        ],
        "x-ms-routing-request-id": [
          "WESTUS2:20180327T202634Z:b9ba3468-b006-431f-9d94-680f0249a87d"
        ],
        "Cache-Control": [
          "no-store, no-cache"
        ],
        "Date": [
          "Tue, 27 Mar 2018 20:26:33 GMT"
        ],
        "Location": [
          "https://management.azure.com/subscriptions/3a4b538a-6e25-4888-a12a-70024fd747de/resourceGroups/ps6210/providers/Microsoft.Sql/servers/ps8152/databases/ps501/operationResults/0fe4831f-9915-4271-b4ab-5aa57c12d23e?api-version=2014-04-01-Preview"
        ],
        "Server": [
          "Microsoft-HTTPAPI/2.0"
        ]
      },
      "StatusCode": 202
    },
    {
      "RequestUri": "/subscriptions/3a4b538a-6e25-4888-a12a-70024fd747de/resourceGroups/ps6210/providers/Microsoft.Sql/servers/ps8152/databases/ps501/operationResults/0fe4831f-9915-4271-b4ab-5aa57c12d23e?api-version=2014-04-01-Preview",
      "EncodedRequestUri": "L3N1YnNjcmlwdGlvbnMvM2E0YjUzOGEtNmUyNS00ODg4LWExMmEtNzAwMjRmZDc0N2RlL3Jlc291cmNlR3JvdXBzL3BzNjIxMC9wcm92aWRlcnMvTWljcm9zb2Z0LlNxbC9zZXJ2ZXJzL3BzODE1Mi9kYXRhYmFzZXMvcHM1MDEvb3BlcmF0aW9uUmVzdWx0cy8wZmU0ODMxZi05OTE1LTQyNzEtYjRhYi01YWE1N2MxMmQyM2U/YXBpLXZlcnNpb249MjAxNC0wNC0wMS1QcmV2aWV3",
      "RequestMethod": "GET",
      "RequestBody": "",
      "RequestHeaders": {
        "User-Agent": [
          "Microsoft.Azure.Management.Sql.LegacySdk.SqlManagementClient/4.3.0.0"
        ]
      },
      "ResponseBody": "{\r\n  \"operation\": \"CreateLogicalDatabase\",\r\n  \"startTime\": \"2018-03-27T20:26:34.097Z\"\r\n}",
      "ResponseHeaders": {
        "Content-Length": [
          "75"
        ],
        "Content-Type": [
          "application/json"
        ],
        "Retry-After": [
          "30"
        ],
        "x-ms-request-id": [
          "b5545bd7-f702-43c6-afdf-a26fd531c3d1"
        ],
        "X-Content-Type-Options": [
          "nosniff"
        ],
        "DataServiceVersion": [
          "3.0;"
        ],
        "Strict-Transport-Security": [
          "max-age=31536000; includeSubDomains"
        ],
        "Azure-AsyncOperation": [
          "https://management.azure.com/subscriptions/3a4b538a-6e25-4888-a12a-70024fd747de/resourceGroups/ps6210/providers/Microsoft.Sql/servers/ps8152/databases/ps501/azureAsyncOperation/0fe4831f-9915-4271-b4ab-5aa57c12d23e?api-version=2014-04-01-Preview"
        ],
        "x-ms-ratelimit-remaining-subscription-reads": [
          "14986"
        ],
        "x-ms-correlation-request-id": [
          "089a7254-b42a-4814-8beb-ea2809eb64dd"
        ],
        "x-ms-routing-request-id": [
          "WESTUS2:20180327T202705Z:089a7254-b42a-4814-8beb-ea2809eb64dd"
        ],
        "Cache-Control": [
          "no-store, no-cache"
        ],
        "Date": [
          "Tue, 27 Mar 2018 20:27:04 GMT"
        ],
        "Location": [
          "https://management.azure.com/subscriptions/3a4b538a-6e25-4888-a12a-70024fd747de/resourceGroups/ps6210/providers/Microsoft.Sql/servers/ps8152/databases/ps501/operationResults/0fe4831f-9915-4271-b4ab-5aa57c12d23e?api-version=2014-04-01-Preview"
        ],
        "Server": [
          "Microsoft-HTTPAPI/2.0"
        ]
      },
      "StatusCode": 202
    },
    {
      "RequestUri": "/subscriptions/3a4b538a-6e25-4888-a12a-70024fd747de/resourceGroups/ps6210/providers/Microsoft.Sql/servers/ps8152/databases/ps501/operationResults/0fe4831f-9915-4271-b4ab-5aa57c12d23e?api-version=2014-04-01-Preview",
      "EncodedRequestUri": "L3N1YnNjcmlwdGlvbnMvM2E0YjUzOGEtNmUyNS00ODg4LWExMmEtNzAwMjRmZDc0N2RlL3Jlc291cmNlR3JvdXBzL3BzNjIxMC9wcm92aWRlcnMvTWljcm9zb2Z0LlNxbC9zZXJ2ZXJzL3BzODE1Mi9kYXRhYmFzZXMvcHM1MDEvb3BlcmF0aW9uUmVzdWx0cy8wZmU0ODMxZi05OTE1LTQyNzEtYjRhYi01YWE1N2MxMmQyM2U/YXBpLXZlcnNpb249MjAxNC0wNC0wMS1QcmV2aWV3",
      "RequestMethod": "GET",
      "RequestBody": "",
      "RequestHeaders": {
        "User-Agent": [
          "Microsoft.Azure.Management.Sql.LegacySdk.SqlManagementClient/4.3.0.0"
        ]
      },
      "ResponseBody": "{\r\n  \"id\": \"/subscriptions/3a4b538a-6e25-4888-a12a-70024fd747de/resourceGroups/ps6210/providers/Microsoft.Sql/servers/ps8152/databases/ps501\",\r\n  \"name\": \"ps501\",\r\n  \"type\": \"Microsoft.Sql/servers/databases\",\r\n  \"location\": \"Japan East\",\r\n  \"kind\": \"v12.0,user\",\r\n  \"properties\": {\r\n    \"databaseId\": \"5e14a9b3-7ef9-4101-9515-72df825c87a3\",\r\n    \"edition\": \"Standard\",\r\n    \"status\": \"Online\",\r\n    \"serviceLevelObjective\": \"S0\",\r\n    \"collation\": \"SQL_Latin1_General_CP1_CI_AS\",\r\n    \"maxSizeBytes\": \"268435456000\",\r\n    \"creationDate\": \"2018-03-27T20:26:34.41Z\",\r\n    \"currentServiceObjectiveId\": \"f1173c43-91bd-4aaa-973c-54e79e15235b\",\r\n    \"requestedServiceObjectiveId\": \"f1173c43-91bd-4aaa-973c-54e79e15235b\",\r\n    \"requestedServiceObjectiveName\": \"S0\",\r\n    \"sampleName\": null,\r\n    \"defaultSecondaryLocation\": \"Japan West\",\r\n    \"earliestRestoreDate\": \"2018-03-27T20:57:16.16Z\",\r\n    \"elasticPoolName\": null,\r\n    \"containmentState\": 2,\r\n    \"readScale\": \"Disabled\",\r\n    \"failoverGroupId\": null,\r\n    \"zoneRedundant\": false,\r\n    \"isUpgradeRequested\": false\r\n  }\r\n}",
      "ResponseHeaders": {
        "Content-Length": [
          "904"
        ],
        "Content-Type": [
          "application/json; odata=minimalmetadata; streaming=true; charset=utf-8"
        ],
        "x-ms-request-id": [
          "cf1161e8-bac2-4309-908f-ff39165453e1"
        ],
        "X-Content-Type-Options": [
          "nosniff"
        ],
        "DataServiceVersion": [
          "3.0;"
        ],
        "Strict-Transport-Security": [
          "max-age=31536000; includeSubDomains"
        ],
        "x-ms-ratelimit-remaining-subscription-reads": [
          "14985"
        ],
        "x-ms-correlation-request-id": [
          "d7633053-083d-4327-aed1-df0b023da15d"
        ],
        "x-ms-routing-request-id": [
          "WESTUS2:20180327T202720Z:d7633053-083d-4327-aed1-df0b023da15d"
        ],
        "Cache-Control": [
          "no-store, no-cache"
        ],
        "Date": [
          "Tue, 27 Mar 2018 20:27:20 GMT"
        ],
        "Server": [
          "Microsoft-HTTPAPI/2.0"
        ]
      },
      "StatusCode": 201
    },
    {
      "RequestUri": "/subscriptions/3a4b538a-6e25-4888-a12a-70024fd747de/resourceGroups/ps6210/providers/Microsoft.Sql/servers/ps8152/databases/ps9550/restorePoints?api-version=2017-03-01-preview",
      "EncodedRequestUri": "L3N1YnNjcmlwdGlvbnMvM2E0YjUzOGEtNmUyNS00ODg4LWExMmEtNzAwMjRmZDc0N2RlL3Jlc291cmNlR3JvdXBzL3BzNjIxMC9wcm92aWRlcnMvTWljcm9zb2Z0LlNxbC9zZXJ2ZXJzL3BzODE1Mi9kYXRhYmFzZXMvcHM5NTUwL3Jlc3RvcmVQb2ludHM/YXBpLXZlcnNpb249MjAxNy0wMy0wMS1wcmV2aWV3",
      "RequestMethod": "GET",
      "RequestBody": "",
      "RequestHeaders": {
        "x-ms-client-request-id": [
          "9cff736d-1fc1-4f32-87ca-767a54a654e7"
        ],
        "accept-language": [
          "en-US"
        ],
        "User-Agent": [
          "FxVersion/4.7.2633.0",
          "OSName/Windows10Enterprise",
          "OSVersion/6.3.16299",
          "Microsoft.Azure.Management.Sql.SqlManagementClient/1.13.0.0"
        ]
      },
      "ResponseBody": "{\r\n  \"value\": []\r\n}",
      "ResponseHeaders": {
        "Content-Length": [
          "12"
        ],
        "Content-Type": [
          "application/json; charset=utf-8"
        ],
        "Expires": [
          "-1"
        ],
        "Pragma": [
          "no-cache"
        ],
        "x-ms-request-id": [
          "f4309f77-f824-4b85-b6a1-3f2a07a8fbff"
        ],
        "x-ms-ratelimit-remaining-subscription-reads": [
          "14984"
        ],
        "x-ms-correlation-request-id": [
          "32c8474d-9354-4395-85c7-080bd7f3b47c"
        ],
        "x-ms-routing-request-id": [
          "WESTUS2:20180327T202720Z:32c8474d-9354-4395-85c7-080bd7f3b47c"
        ],
        "Strict-Transport-Security": [
          "max-age=31536000; includeSubDomains"
        ],
        "X-Content-Type-Options": [
          "nosniff"
        ],
        "Cache-Control": [
          "no-cache"
        ],
        "Date": [
          "Tue, 27 Mar 2018 20:27:20 GMT"
        ],
        "Server": [
          "Microsoft-HTTPAPI/2.0"
        ]
      },
      "StatusCode": 200
    },
    {
      "RequestUri": "/subscriptions/3a4b538a-6e25-4888-a12a-70024fd747de/resourceGroups/ps6210/providers/Microsoft.Sql/servers/ps8152/databases/ps501/restorePoints?api-version=2017-03-01-preview",
      "EncodedRequestUri": "L3N1YnNjcmlwdGlvbnMvM2E0YjUzOGEtNmUyNS00ODg4LWExMmEtNzAwMjRmZDc0N2RlL3Jlc291cmNlR3JvdXBzL3BzNjIxMC9wcm92aWRlcnMvTWljcm9zb2Z0LlNxbC9zZXJ2ZXJzL3BzODE1Mi9kYXRhYmFzZXMvcHM1MDEvcmVzdG9yZVBvaW50cz9hcGktdmVyc2lvbj0yMDE3LTAzLTAxLXByZXZpZXc=",
      "RequestMethod": "GET",
      "RequestBody": "",
      "RequestHeaders": {
        "x-ms-client-request-id": [
          "8bbba410-916a-4fc9-8d3d-6314f6d4720a"
        ],
        "accept-language": [
          "en-US"
        ],
        "User-Agent": [
          "FxVersion/4.7.2633.0",
          "OSName/Windows10Enterprise",
          "OSVersion/6.3.16299",
          "Microsoft.Azure.Management.Sql.SqlManagementClient/1.13.0.0"
        ]
      },
      "ResponseBody": "{\r\n  \"value\": [\r\n    {\r\n      \"location\": \"Japan East\",\r\n      \"properties\": {\r\n        \"restorePointType\": \"CONTINUOUS\",\r\n        \"earliestRestoreDate\": \"2018-03-27T20:57:16.16Z\"\r\n      },\r\n      \"id\": \"/subscriptions/3a4b538a-6e25-4888-a12a-70024fd747de/resourceGroups/ps6210/providers/Microsoft.Sql/servers/ps8152/databases/ps501/restorePoints/ContinuousRestorePoint\",\r\n      \"name\": \"ContinuousRestorePoint\",\r\n      \"type\": \"Microsoft.Sql/servers/databases/restorePoints\"\r\n    }\r\n  ]\r\n}",
      "ResponseHeaders": {
        "Content-Length": [
          "392"
        ],
        "Content-Type": [
          "application/json; charset=utf-8"
        ],
        "Expires": [
          "-1"
        ],
        "Pragma": [
          "no-cache"
        ],
        "x-ms-request-id": [
          "e672502b-53b7-4152-b538-dfc2edb97ddb"
        ],
        "x-ms-ratelimit-remaining-subscription-reads": [
          "14983"
        ],
        "x-ms-correlation-request-id": [
          "4a76068b-b788-4390-8f95-5fbaaef4b5d1"
        ],
        "x-ms-routing-request-id": [
          "WESTUS2:20180327T202721Z:4a76068b-b788-4390-8f95-5fbaaef4b5d1"
        ],
        "Strict-Transport-Security": [
          "max-age=31536000; includeSubDomains"
        ],
        "X-Content-Type-Options": [
          "nosniff"
        ],
        "Cache-Control": [
          "no-cache"
        ],
        "Date": [
          "Tue, 27 Mar 2018 20:27:20 GMT"
        ],
        "Server": [
          "Microsoft-HTTPAPI/2.0"
        ]
      },
      "StatusCode": 200
    },
    {
      "RequestUri": "/subscriptions/3a4b538a-6e25-4888-a12a-70024fd747de/resourcegroups/ps6210?api-version=2016-02-01",
      "EncodedRequestUri": "L3N1YnNjcmlwdGlvbnMvM2E0YjUzOGEtNmUyNS00ODg4LWExMmEtNzAwMjRmZDc0N2RlL3Jlc291cmNlZ3JvdXBzL3BzNjIxMD9hcGktdmVyc2lvbj0yMDE2LTAyLTAx",
      "RequestMethod": "DELETE",
      "RequestBody": "",
      "RequestHeaders": {
        "User-Agent": [
          "Microsoft.Azure.Management.Resources.ResourceManagementClient/2.0.0.0"
        ]
      },
      "ResponseBody": "",
      "ResponseHeaders": {
        "Content-Length": [
          "0"
        ],
        "Expires": [
          "-1"
        ],
        "Pragma": [
          "no-cache"
        ],
        "Retry-After": [
          "15"
        ],
        "x-ms-ratelimit-remaining-subscription-writes": [
          "1199"
        ],
        "x-ms-request-id": [
          "2dd5c548-9dd5-4bbe-be82-2742ddd5b309"
        ],
        "x-ms-correlation-request-id": [
          "2dd5c548-9dd5-4bbe-be82-2742ddd5b309"
        ],
        "x-ms-routing-request-id": [
          "WESTUS2:20180327T202722Z:2dd5c548-9dd5-4bbe-be82-2742ddd5b309"
        ],
        "Strict-Transport-Security": [
          "max-age=31536000; includeSubDomains"
        ],
        "X-Content-Type-Options": [
          "nosniff"
        ],
        "Cache-Control": [
          "no-cache"
        ],
        "Date": [
          "Tue, 27 Mar 2018 20:27:21 GMT"
        ],
        "Location": [
          "https://management.azure.com/subscriptions/3a4b538a-6e25-4888-a12a-70024fd747de/operationresults/eyJqb2JJZCI6IlJFU09VUkNFR1JPVVBERUxFVElPTkpPQi1QUzYyMTAtV0VTVENFTlRSQUxVUyIsImpvYkxvY2F0aW9uIjoid2VzdGNlbnRyYWx1cyJ9?api-version=2016-02-01"
        ]
      },
      "StatusCode": 202
    },
    {
      "RequestUri": "/subscriptions/3a4b538a-6e25-4888-a12a-70024fd747de/operationresults/eyJqb2JJZCI6IlJFU09VUkNFR1JPVVBERUxFVElPTkpPQi1QUzYyMTAtV0VTVENFTlRSQUxVUyIsImpvYkxvY2F0aW9uIjoid2VzdGNlbnRyYWx1cyJ9?api-version=2016-02-01",
      "EncodedRequestUri": "L3N1YnNjcmlwdGlvbnMvM2E0YjUzOGEtNmUyNS00ODg4LWExMmEtNzAwMjRmZDc0N2RlL29wZXJhdGlvbnJlc3VsdHMvZXlKcWIySkpaQ0k2SWxKRlUwOVZVa05GUjFKUFZWQkVSVXhGVkVsUFRrcFBRaTFRVXpZeU1UQXRWMFZUVkVORlRsUlNRVXhWVXlJc0ltcHZZa3h2WTJGMGFXOXVJam9pZDJWemRHTmxiblJ5WVd4MWN5Sjk/YXBpLXZlcnNpb249MjAxNi0wMi0wMQ==",
      "RequestMethod": "GET",
      "RequestBody": "",
      "RequestHeaders": {
        "x-ms-version": [
          "2016-02-01"
        ],
        "User-Agent": [
          "Microsoft.Azure.Management.Resources.ResourceManagementClient/2.0.0.0"
        ]
      },
      "ResponseBody": "",
      "ResponseHeaders": {
        "Content-Length": [
          "0"
        ],
        "Expires": [
          "-1"
        ],
        "Pragma": [
          "no-cache"
        ],
        "Retry-After": [
          "15"
        ],
        "x-ms-ratelimit-remaining-subscription-reads": [
          "14999"
        ],
        "x-ms-request-id": [
          "89cc226e-c283-4163-a085-91aa05d0cdc8"
        ],
        "x-ms-correlation-request-id": [
          "89cc226e-c283-4163-a085-91aa05d0cdc8"
        ],
        "x-ms-routing-request-id": [
          "WESTUS2:20180327T202722Z:89cc226e-c283-4163-a085-91aa05d0cdc8"
        ],
        "Strict-Transport-Security": [
          "max-age=31536000; includeSubDomains"
        ],
        "X-Content-Type-Options": [
          "nosniff"
        ],
        "Cache-Control": [
          "no-cache"
        ],
        "Date": [
          "Tue, 27 Mar 2018 20:27:22 GMT"
        ],
        "Location": [
          "https://management.azure.com/subscriptions/3a4b538a-6e25-4888-a12a-70024fd747de/operationresults/eyJqb2JJZCI6IlJFU09VUkNFR1JPVVBERUxFVElPTkpPQi1QUzYyMTAtV0VTVENFTlRSQUxVUyIsImpvYkxvY2F0aW9uIjoid2VzdGNlbnRyYWx1cyJ9?api-version=2016-02-01"
        ]
      },
      "StatusCode": 202
    },
    {
      "RequestUri": "/subscriptions/3a4b538a-6e25-4888-a12a-70024fd747de/operationresults/eyJqb2JJZCI6IlJFU09VUkNFR1JPVVBERUxFVElPTkpPQi1QUzYyMTAtV0VTVENFTlRSQUxVUyIsImpvYkxvY2F0aW9uIjoid2VzdGNlbnRyYWx1cyJ9?api-version=2016-02-01",
      "EncodedRequestUri": "L3N1YnNjcmlwdGlvbnMvM2E0YjUzOGEtNmUyNS00ODg4LWExMmEtNzAwMjRmZDc0N2RlL29wZXJhdGlvbnJlc3VsdHMvZXlKcWIySkpaQ0k2SWxKRlUwOVZVa05GUjFKUFZWQkVSVXhGVkVsUFRrcFBRaTFRVXpZeU1UQXRWMFZUVkVORlRsUlNRVXhWVXlJc0ltcHZZa3h2WTJGMGFXOXVJam9pZDJWemRHTmxiblJ5WVd4MWN5Sjk/YXBpLXZlcnNpb249MjAxNi0wMi0wMQ==",
      "RequestMethod": "GET",
      "RequestBody": "",
      "RequestHeaders": {
        "x-ms-version": [
          "2016-02-01"
        ],
        "User-Agent": [
          "Microsoft.Azure.Management.Resources.ResourceManagementClient/2.0.0.0"
        ]
      },
      "ResponseBody": "",
      "ResponseHeaders": {
        "Content-Length": [
          "0"
        ],
        "Expires": [
          "-1"
        ],
        "Pragma": [
          "no-cache"
        ],
        "Retry-After": [
          "15"
        ],
        "x-ms-ratelimit-remaining-subscription-reads": [
          "14998"
        ],
        "x-ms-request-id": [
          "4ed9fea7-d6c5-46d2-b5b1-dbd5ece64bd9"
        ],
        "x-ms-correlation-request-id": [
          "4ed9fea7-d6c5-46d2-b5b1-dbd5ece64bd9"
        ],
        "x-ms-routing-request-id": [
          "WESTUS2:20180327T202738Z:4ed9fea7-d6c5-46d2-b5b1-dbd5ece64bd9"
        ],
        "Strict-Transport-Security": [
          "max-age=31536000; includeSubDomains"
        ],
        "X-Content-Type-Options": [
          "nosniff"
        ],
        "Cache-Control": [
          "no-cache"
        ],
        "Date": [
          "Tue, 27 Mar 2018 20:27:37 GMT"
        ],
        "Location": [
          "https://management.azure.com/subscriptions/3a4b538a-6e25-4888-a12a-70024fd747de/operationresults/eyJqb2JJZCI6IlJFU09VUkNFR1JPVVBERUxFVElPTkpPQi1QUzYyMTAtV0VTVENFTlRSQUxVUyIsImpvYkxvY2F0aW9uIjoid2VzdGNlbnRyYWx1cyJ9?api-version=2016-02-01"
        ]
      },
      "StatusCode": 202
    },
    {
      "RequestUri": "/subscriptions/3a4b538a-6e25-4888-a12a-70024fd747de/operationresults/eyJqb2JJZCI6IlJFU09VUkNFR1JPVVBERUxFVElPTkpPQi1QUzYyMTAtV0VTVENFTlRSQUxVUyIsImpvYkxvY2F0aW9uIjoid2VzdGNlbnRyYWx1cyJ9?api-version=2016-02-01",
      "EncodedRequestUri": "L3N1YnNjcmlwdGlvbnMvM2E0YjUzOGEtNmUyNS00ODg4LWExMmEtNzAwMjRmZDc0N2RlL29wZXJhdGlvbnJlc3VsdHMvZXlKcWIySkpaQ0k2SWxKRlUwOVZVa05GUjFKUFZWQkVSVXhGVkVsUFRrcFBRaTFRVXpZeU1UQXRWMFZUVkVORlRsUlNRVXhWVXlJc0ltcHZZa3h2WTJGMGFXOXVJam9pZDJWemRHTmxiblJ5WVd4MWN5Sjk/YXBpLXZlcnNpb249MjAxNi0wMi0wMQ==",
      "RequestMethod": "GET",
      "RequestBody": "",
      "RequestHeaders": {
        "x-ms-version": [
          "2016-02-01"
        ],
        "User-Agent": [
          "Microsoft.Azure.Management.Resources.ResourceManagementClient/2.0.0.0"
        ]
      },
      "ResponseBody": "",
      "ResponseHeaders": {
        "Content-Length": [
          "0"
        ],
        "Expires": [
          "-1"
        ],
        "Pragma": [
          "no-cache"
        ],
        "Retry-After": [
          "15"
        ],
        "x-ms-ratelimit-remaining-subscription-reads": [
          "14997"
        ],
        "x-ms-request-id": [
          "d29fe0c0-befe-4351-85c4-4b28c28a925d"
        ],
        "x-ms-correlation-request-id": [
          "d29fe0c0-befe-4351-85c4-4b28c28a925d"
        ],
        "x-ms-routing-request-id": [
          "WESTUS2:20180327T202754Z:d29fe0c0-befe-4351-85c4-4b28c28a925d"
        ],
        "Strict-Transport-Security": [
          "max-age=31536000; includeSubDomains"
        ],
        "X-Content-Type-Options": [
          "nosniff"
        ],
        "Cache-Control": [
          "no-cache"
        ],
        "Date": [
          "Tue, 27 Mar 2018 20:27:53 GMT"
        ],
        "Location": [
          "https://management.azure.com/subscriptions/3a4b538a-6e25-4888-a12a-70024fd747de/operationresults/eyJqb2JJZCI6IlJFU09VUkNFR1JPVVBERUxFVElPTkpPQi1QUzYyMTAtV0VTVENFTlRSQUxVUyIsImpvYkxvY2F0aW9uIjoid2VzdGNlbnRyYWx1cyJ9?api-version=2016-02-01"
        ]
      },
      "StatusCode": 202
    },
    {
      "RequestUri": "/subscriptions/3a4b538a-6e25-4888-a12a-70024fd747de/operationresults/eyJqb2JJZCI6IlJFU09VUkNFR1JPVVBERUxFVElPTkpPQi1QUzYyMTAtV0VTVENFTlRSQUxVUyIsImpvYkxvY2F0aW9uIjoid2VzdGNlbnRyYWx1cyJ9?api-version=2016-02-01",
      "EncodedRequestUri": "L3N1YnNjcmlwdGlvbnMvM2E0YjUzOGEtNmUyNS00ODg4LWExMmEtNzAwMjRmZDc0N2RlL29wZXJhdGlvbnJlc3VsdHMvZXlKcWIySkpaQ0k2SWxKRlUwOVZVa05GUjFKUFZWQkVSVXhGVkVsUFRrcFBRaTFRVXpZeU1UQXRWMFZUVkVORlRsUlNRVXhWVXlJc0ltcHZZa3h2WTJGMGFXOXVJam9pZDJWemRHTmxiblJ5WVd4MWN5Sjk/YXBpLXZlcnNpb249MjAxNi0wMi0wMQ==",
      "RequestMethod": "GET",
      "RequestBody": "",
      "RequestHeaders": {
        "x-ms-version": [
          "2016-02-01"
        ],
        "User-Agent": [
          "Microsoft.Azure.Management.Resources.ResourceManagementClient/2.0.0.0"
        ]
      },
      "ResponseBody": "",
      "ResponseHeaders": {
        "Content-Length": [
          "0"
        ],
        "Expires": [
          "-1"
        ],
        "Pragma": [
          "no-cache"
        ],
        "Retry-After": [
          "15"
        ],
        "x-ms-ratelimit-remaining-subscription-reads": [
          "14996"
        ],
        "x-ms-request-id": [
          "b9396101-2c8c-4b2b-890e-d8de4138edd1"
        ],
        "x-ms-correlation-request-id": [
          "b9396101-2c8c-4b2b-890e-d8de4138edd1"
        ],
        "x-ms-routing-request-id": [
          "WESTUS2:20180327T202809Z:b9396101-2c8c-4b2b-890e-d8de4138edd1"
        ],
        "Strict-Transport-Security": [
          "max-age=31536000; includeSubDomains"
        ],
        "X-Content-Type-Options": [
          "nosniff"
        ],
        "Cache-Control": [
          "no-cache"
        ],
        "Date": [
          "Tue, 27 Mar 2018 20:28:09 GMT"
        ],
        "Location": [
          "https://management.azure.com/subscriptions/3a4b538a-6e25-4888-a12a-70024fd747de/operationresults/eyJqb2JJZCI6IlJFU09VUkNFR1JPVVBERUxFVElPTkpPQi1QUzYyMTAtV0VTVENFTlRSQUxVUyIsImpvYkxvY2F0aW9uIjoid2VzdGNlbnRyYWx1cyJ9?api-version=2016-02-01"
        ]
      },
      "StatusCode": 202
    },
    {
      "RequestUri": "/subscriptions/3a4b538a-6e25-4888-a12a-70024fd747de/operationresults/eyJqb2JJZCI6IlJFU09VUkNFR1JPVVBERUxFVElPTkpPQi1QUzYyMTAtV0VTVENFTlRSQUxVUyIsImpvYkxvY2F0aW9uIjoid2VzdGNlbnRyYWx1cyJ9?api-version=2016-02-01",
      "EncodedRequestUri": "L3N1YnNjcmlwdGlvbnMvM2E0YjUzOGEtNmUyNS00ODg4LWExMmEtNzAwMjRmZDc0N2RlL29wZXJhdGlvbnJlc3VsdHMvZXlKcWIySkpaQ0k2SWxKRlUwOVZVa05GUjFKUFZWQkVSVXhGVkVsUFRrcFBRaTFRVXpZeU1UQXRWMFZUVkVORlRsUlNRVXhWVXlJc0ltcHZZa3h2WTJGMGFXOXVJam9pZDJWemRHTmxiblJ5WVd4MWN5Sjk/YXBpLXZlcnNpb249MjAxNi0wMi0wMQ==",
      "RequestMethod": "GET",
      "RequestBody": "",
      "RequestHeaders": {
        "x-ms-version": [
          "2016-02-01"
        ],
        "User-Agent": [
          "Microsoft.Azure.Management.Resources.ResourceManagementClient/2.0.0.0"
        ]
      },
      "ResponseBody": "",
      "ResponseHeaders": {
        "Content-Length": [
          "0"
        ],
        "Expires": [
          "-1"
        ],
        "Pragma": [
          "no-cache"
        ],
        "Retry-After": [
          "15"
        ],
        "x-ms-ratelimit-remaining-subscription-reads": [
          "14995"
        ],
        "x-ms-request-id": [
          "4d82ba10-0849-4814-933d-e141b35a7dbe"
        ],
        "x-ms-correlation-request-id": [
          "4d82ba10-0849-4814-933d-e141b35a7dbe"
        ],
        "x-ms-routing-request-id": [
          "WESTUS2:20180327T202825Z:4d82ba10-0849-4814-933d-e141b35a7dbe"
        ],
        "Strict-Transport-Security": [
          "max-age=31536000; includeSubDomains"
        ],
        "X-Content-Type-Options": [
          "nosniff"
        ],
        "Cache-Control": [
          "no-cache"
        ],
        "Date": [
          "Tue, 27 Mar 2018 20:28:25 GMT"
        ],
        "Location": [
          "https://management.azure.com/subscriptions/3a4b538a-6e25-4888-a12a-70024fd747de/operationresults/eyJqb2JJZCI6IlJFU09VUkNFR1JPVVBERUxFVElPTkpPQi1QUzYyMTAtV0VTVENFTlRSQUxVUyIsImpvYkxvY2F0aW9uIjoid2VzdGNlbnRyYWx1cyJ9?api-version=2016-02-01"
        ]
      },
      "StatusCode": 202
    },
    {
      "RequestUri": "/subscriptions/3a4b538a-6e25-4888-a12a-70024fd747de/operationresults/eyJqb2JJZCI6IlJFU09VUkNFR1JPVVBERUxFVElPTkpPQi1QUzYyMTAtV0VTVENFTlRSQUxVUyIsImpvYkxvY2F0aW9uIjoid2VzdGNlbnRyYWx1cyJ9?api-version=2016-02-01",
      "EncodedRequestUri": "L3N1YnNjcmlwdGlvbnMvM2E0YjUzOGEtNmUyNS00ODg4LWExMmEtNzAwMjRmZDc0N2RlL29wZXJhdGlvbnJlc3VsdHMvZXlKcWIySkpaQ0k2SWxKRlUwOVZVa05GUjFKUFZWQkVSVXhGVkVsUFRrcFBRaTFRVXpZeU1UQXRWMFZUVkVORlRsUlNRVXhWVXlJc0ltcHZZa3h2WTJGMGFXOXVJam9pZDJWemRHTmxiblJ5WVd4MWN5Sjk/YXBpLXZlcnNpb249MjAxNi0wMi0wMQ==",
      "RequestMethod": "GET",
      "RequestBody": "",
      "RequestHeaders": {
        "x-ms-version": [
          "2016-02-01"
        ],
        "User-Agent": [
          "Microsoft.Azure.Management.Resources.ResourceManagementClient/2.0.0.0"
        ]
      },
      "ResponseBody": "",
      "ResponseHeaders": {
        "Content-Length": [
          "0"
        ],
        "Expires": [
          "-1"
        ],
        "Pragma": [
          "no-cache"
        ],
        "Retry-After": [
          "15"
        ],
        "x-ms-ratelimit-remaining-subscription-reads": [
          "14994"
        ],
        "x-ms-request-id": [
          "45ce7c8d-01b2-49ae-a2aa-f9ed1f0088b6"
        ],
        "x-ms-correlation-request-id": [
          "45ce7c8d-01b2-49ae-a2aa-f9ed1f0088b6"
        ],
        "x-ms-routing-request-id": [
          "WESTUS2:20180327T202841Z:45ce7c8d-01b2-49ae-a2aa-f9ed1f0088b6"
        ],
        "Strict-Transport-Security": [
          "max-age=31536000; includeSubDomains"
        ],
        "X-Content-Type-Options": [
          "nosniff"
        ],
        "Cache-Control": [
          "no-cache"
        ],
        "Date": [
          "Tue, 27 Mar 2018 20:28:40 GMT"
        ],
        "Location": [
          "https://management.azure.com/subscriptions/3a4b538a-6e25-4888-a12a-70024fd747de/operationresults/eyJqb2JJZCI6IlJFU09VUkNFR1JPVVBERUxFVElPTkpPQi1QUzYyMTAtV0VTVENFTlRSQUxVUyIsImpvYkxvY2F0aW9uIjoid2VzdGNlbnRyYWx1cyJ9?api-version=2016-02-01"
        ]
      },
      "StatusCode": 202
    },
    {
      "RequestUri": "/subscriptions/3a4b538a-6e25-4888-a12a-70024fd747de/operationresults/eyJqb2JJZCI6IlJFU09VUkNFR1JPVVBERUxFVElPTkpPQi1QUzYyMTAtV0VTVENFTlRSQUxVUyIsImpvYkxvY2F0aW9uIjoid2VzdGNlbnRyYWx1cyJ9?api-version=2016-02-01",
      "EncodedRequestUri": "L3N1YnNjcmlwdGlvbnMvM2E0YjUzOGEtNmUyNS00ODg4LWExMmEtNzAwMjRmZDc0N2RlL29wZXJhdGlvbnJlc3VsdHMvZXlKcWIySkpaQ0k2SWxKRlUwOVZVa05GUjFKUFZWQkVSVXhGVkVsUFRrcFBRaTFRVXpZeU1UQXRWMFZUVkVORlRsUlNRVXhWVXlJc0ltcHZZa3h2WTJGMGFXOXVJam9pZDJWemRHTmxiblJ5WVd4MWN5Sjk/YXBpLXZlcnNpb249MjAxNi0wMi0wMQ==",
      "RequestMethod": "GET",
      "RequestBody": "",
      "RequestHeaders": {
        "x-ms-version": [
          "2016-02-01"
        ],
        "User-Agent": [
          "Microsoft.Azure.Management.Resources.ResourceManagementClient/2.0.0.0"
        ]
      },
      "ResponseBody": "",
      "ResponseHeaders": {
        "Content-Length": [
          "0"
        ],
        "Expires": [
          "-1"
        ],
        "Pragma": [
          "no-cache"
        ],
        "Retry-After": [
          "15"
        ],
        "x-ms-ratelimit-remaining-subscription-reads": [
          "14993"
        ],
        "x-ms-request-id": [
          "517c6fa0-e7f6-4439-b020-4287e8a50b43"
        ],
        "x-ms-correlation-request-id": [
          "517c6fa0-e7f6-4439-b020-4287e8a50b43"
        ],
        "x-ms-routing-request-id": [
          "WESTUS2:20180327T202856Z:517c6fa0-e7f6-4439-b020-4287e8a50b43"
        ],
        "Strict-Transport-Security": [
          "max-age=31536000; includeSubDomains"
        ],
        "X-Content-Type-Options": [
          "nosniff"
        ],
        "Cache-Control": [
          "no-cache"
        ],
        "Date": [
          "Tue, 27 Mar 2018 20:28:55 GMT"
        ],
        "Location": [
          "https://management.azure.com/subscriptions/3a4b538a-6e25-4888-a12a-70024fd747de/operationresults/eyJqb2JJZCI6IlJFU09VUkNFR1JPVVBERUxFVElPTkpPQi1QUzYyMTAtV0VTVENFTlRSQUxVUyIsImpvYkxvY2F0aW9uIjoid2VzdGNlbnRyYWx1cyJ9?api-version=2016-02-01"
        ]
      },
      "StatusCode": 202
    },
    {
      "RequestUri": "/subscriptions/3a4b538a-6e25-4888-a12a-70024fd747de/operationresults/eyJqb2JJZCI6IlJFU09VUkNFR1JPVVBERUxFVElPTkpPQi1QUzYyMTAtV0VTVENFTlRSQUxVUyIsImpvYkxvY2F0aW9uIjoid2VzdGNlbnRyYWx1cyJ9?api-version=2016-02-01",
      "EncodedRequestUri": "L3N1YnNjcmlwdGlvbnMvM2E0YjUzOGEtNmUyNS00ODg4LWExMmEtNzAwMjRmZDc0N2RlL29wZXJhdGlvbnJlc3VsdHMvZXlKcWIySkpaQ0k2SWxKRlUwOVZVa05GUjFKUFZWQkVSVXhGVkVsUFRrcFBRaTFRVXpZeU1UQXRWMFZUVkVORlRsUlNRVXhWVXlJc0ltcHZZa3h2WTJGMGFXOXVJam9pZDJWemRHTmxiblJ5WVd4MWN5Sjk/YXBpLXZlcnNpb249MjAxNi0wMi0wMQ==",
      "RequestMethod": "GET",
      "RequestBody": "",
      "RequestHeaders": {
        "x-ms-version": [
          "2016-02-01"
        ],
        "User-Agent": [
          "Microsoft.Azure.Management.Resources.ResourceManagementClient/2.0.0.0"
        ]
      },
      "ResponseBody": "",
      "ResponseHeaders": {
        "Content-Length": [
          "0"
        ],
        "Expires": [
          "-1"
        ],
        "Pragma": [
          "no-cache"
        ],
        "Retry-After": [
          "15"
        ],
        "x-ms-ratelimit-remaining-subscription-reads": [
          "14992"
        ],
        "x-ms-request-id": [
          "cb53246a-6dee-4b5a-9b13-b7db5b8b3d0c"
        ],
        "x-ms-correlation-request-id": [
          "cb53246a-6dee-4b5a-9b13-b7db5b8b3d0c"
        ],
        "x-ms-routing-request-id": [
          "WESTUS2:20180327T202912Z:cb53246a-6dee-4b5a-9b13-b7db5b8b3d0c"
        ],
        "Strict-Transport-Security": [
          "max-age=31536000; includeSubDomains"
        ],
        "X-Content-Type-Options": [
          "nosniff"
        ],
        "Cache-Control": [
          "no-cache"
        ],
        "Date": [
          "Tue, 27 Mar 2018 20:29:12 GMT"
        ],
        "Location": [
          "https://management.azure.com/subscriptions/3a4b538a-6e25-4888-a12a-70024fd747de/operationresults/eyJqb2JJZCI6IlJFU09VUkNFR1JPVVBERUxFVElPTkpPQi1QUzYyMTAtV0VTVENFTlRSQUxVUyIsImpvYkxvY2F0aW9uIjoid2VzdGNlbnRyYWx1cyJ9?api-version=2016-02-01"
        ]
      },
      "StatusCode": 202
    },
    {
      "RequestUri": "/subscriptions/3a4b538a-6e25-4888-a12a-70024fd747de/operationresults/eyJqb2JJZCI6IlJFU09VUkNFR1JPVVBERUxFVElPTkpPQi1QUzYyMTAtV0VTVENFTlRSQUxVUyIsImpvYkxvY2F0aW9uIjoid2VzdGNlbnRyYWx1cyJ9?api-version=2016-02-01",
      "EncodedRequestUri": "L3N1YnNjcmlwdGlvbnMvM2E0YjUzOGEtNmUyNS00ODg4LWExMmEtNzAwMjRmZDc0N2RlL29wZXJhdGlvbnJlc3VsdHMvZXlKcWIySkpaQ0k2SWxKRlUwOVZVa05GUjFKUFZWQkVSVXhGVkVsUFRrcFBRaTFRVXpZeU1UQXRWMFZUVkVORlRsUlNRVXhWVXlJc0ltcHZZa3h2WTJGMGFXOXVJam9pZDJWemRHTmxiblJ5WVd4MWN5Sjk/YXBpLXZlcnNpb249MjAxNi0wMi0wMQ==",
      "RequestMethod": "GET",
      "RequestBody": "",
      "RequestHeaders": {
        "x-ms-version": [
          "2016-02-01"
        ],
        "User-Agent": [
          "Microsoft.Azure.Management.Resources.ResourceManagementClient/2.0.0.0"
        ]
      },
      "ResponseBody": "",
      "ResponseHeaders": {
        "Content-Length": [
          "0"
        ],
        "Expires": [
          "-1"
        ],
        "Pragma": [
          "no-cache"
        ],
        "Retry-After": [
          "15"
        ],
        "x-ms-ratelimit-remaining-subscription-reads": [
          "14991"
        ],
        "x-ms-request-id": [
          "9cd69dac-b98c-4c0c-a9eb-99ebba2f4aea"
        ],
        "x-ms-correlation-request-id": [
          "9cd69dac-b98c-4c0c-a9eb-99ebba2f4aea"
        ],
        "x-ms-routing-request-id": [
          "WESTUS2:20180327T202927Z:9cd69dac-b98c-4c0c-a9eb-99ebba2f4aea"
        ],
        "Strict-Transport-Security": [
          "max-age=31536000; includeSubDomains"
        ],
        "X-Content-Type-Options": [
          "nosniff"
        ],
        "Cache-Control": [
          "no-cache"
        ],
        "Date": [
          "Tue, 27 Mar 2018 20:29:27 GMT"
        ],
        "Location": [
          "https://management.azure.com/subscriptions/3a4b538a-6e25-4888-a12a-70024fd747de/operationresults/eyJqb2JJZCI6IlJFU09VUkNFR1JPVVBERUxFVElPTkpPQi1QUzYyMTAtV0VTVENFTlRSQUxVUyIsImpvYkxvY2F0aW9uIjoid2VzdGNlbnRyYWx1cyJ9?api-version=2016-02-01"
        ]
      },
      "StatusCode": 202
    },
    {
      "RequestUri": "/subscriptions/3a4b538a-6e25-4888-a12a-70024fd747de/operationresults/eyJqb2JJZCI6IlJFU09VUkNFR1JPVVBERUxFVElPTkpPQi1QUzYyMTAtV0VTVENFTlRSQUxVUyIsImpvYkxvY2F0aW9uIjoid2VzdGNlbnRyYWx1cyJ9?api-version=2016-02-01",
      "EncodedRequestUri": "L3N1YnNjcmlwdGlvbnMvM2E0YjUzOGEtNmUyNS00ODg4LWExMmEtNzAwMjRmZDc0N2RlL29wZXJhdGlvbnJlc3VsdHMvZXlKcWIySkpaQ0k2SWxKRlUwOVZVa05GUjFKUFZWQkVSVXhGVkVsUFRrcFBRaTFRVXpZeU1UQXRWMFZUVkVORlRsUlNRVXhWVXlJc0ltcHZZa3h2WTJGMGFXOXVJam9pZDJWemRHTmxiblJ5WVd4MWN5Sjk/YXBpLXZlcnNpb249MjAxNi0wMi0wMQ==",
      "RequestMethod": "GET",
      "RequestBody": "",
      "RequestHeaders": {
        "x-ms-version": [
          "2016-02-01"
        ],
        "User-Agent": [
          "Microsoft.Azure.Management.Resources.ResourceManagementClient/2.0.0.0"
        ]
      },
      "ResponseBody": "",
      "ResponseHeaders": {
        "Content-Length": [
          "0"
        ],
        "Expires": [
          "-1"
        ],
        "Pragma": [
          "no-cache"
        ],
        "Retry-After": [
          "15"
        ],
        "x-ms-ratelimit-remaining-subscription-reads": [
          "14990"
        ],
        "x-ms-request-id": [
          "6a637d91-fd30-4af1-8d13-bbbbefef57a9"
        ],
        "x-ms-correlation-request-id": [
          "6a637d91-fd30-4af1-8d13-bbbbefef57a9"
        ],
        "x-ms-routing-request-id": [
          "WESTUS2:20180327T202943Z:6a637d91-fd30-4af1-8d13-bbbbefef57a9"
        ],
        "Strict-Transport-Security": [
          "max-age=31536000; includeSubDomains"
        ],
        "X-Content-Type-Options": [
          "nosniff"
        ],
        "Cache-Control": [
          "no-cache"
        ],
        "Date": [
          "Tue, 27 Mar 2018 20:29:43 GMT"
        ],
        "Location": [
          "https://management.azure.com/subscriptions/3a4b538a-6e25-4888-a12a-70024fd747de/operationresults/eyJqb2JJZCI6IlJFU09VUkNFR1JPVVBERUxFVElPTkpPQi1QUzYyMTAtV0VTVENFTlRSQUxVUyIsImpvYkxvY2F0aW9uIjoid2VzdGNlbnRyYWx1cyJ9?api-version=2016-02-01"
        ]
      },
      "StatusCode": 202
    },
    {
      "RequestUri": "/subscriptions/3a4b538a-6e25-4888-a12a-70024fd747de/operationresults/eyJqb2JJZCI6IlJFU09VUkNFR1JPVVBERUxFVElPTkpPQi1QUzYyMTAtV0VTVENFTlRSQUxVUyIsImpvYkxvY2F0aW9uIjoid2VzdGNlbnRyYWx1cyJ9?api-version=2016-02-01",
      "EncodedRequestUri": "L3N1YnNjcmlwdGlvbnMvM2E0YjUzOGEtNmUyNS00ODg4LWExMmEtNzAwMjRmZDc0N2RlL29wZXJhdGlvbnJlc3VsdHMvZXlKcWIySkpaQ0k2SWxKRlUwOVZVa05GUjFKUFZWQkVSVXhGVkVsUFRrcFBRaTFRVXpZeU1UQXRWMFZUVkVORlRsUlNRVXhWVXlJc0ltcHZZa3h2WTJGMGFXOXVJam9pZDJWemRHTmxiblJ5WVd4MWN5Sjk/YXBpLXZlcnNpb249MjAxNi0wMi0wMQ==",
      "RequestMethod": "GET",
      "RequestBody": "",
      "RequestHeaders": {
        "x-ms-version": [
          "2016-02-01"
        ],
        "User-Agent": [
          "Microsoft.Azure.Management.Resources.ResourceManagementClient/2.0.0.0"
        ]
      },
      "ResponseBody": "",
      "ResponseHeaders": {
        "Content-Length": [
          "0"
        ],
        "Expires": [
          "-1"
        ],
        "Pragma": [
          "no-cache"
        ],
        "x-ms-ratelimit-remaining-subscription-reads": [
          "14989"
        ],
        "x-ms-request-id": [
          "cdbbc02e-6bce-4fce-9a8c-c58013c054dd"
        ],
        "x-ms-correlation-request-id": [
          "cdbbc02e-6bce-4fce-9a8c-c58013c054dd"
        ],
        "x-ms-routing-request-id": [
          "WESTUS2:20180327T202959Z:cdbbc02e-6bce-4fce-9a8c-c58013c054dd"
        ],
        "Strict-Transport-Security": [
          "max-age=31536000; includeSubDomains"
        ],
        "X-Content-Type-Options": [
          "nosniff"
        ],
        "Cache-Control": [
          "no-cache"
        ],
        "Date": [
          "Tue, 27 Mar 2018 20:29:58 GMT"
        ]
      },
      "StatusCode": 200
    }
  ],
  "Names": {
    "Test-ListDatabaseRestorePoints": [
      "ps6210",
      "ps8152",
      "ps9550",
      "ps501"
    ]
  },
  "Variables": {
    "SubscriptionId": "3a4b538a-6e25-4888-a12a-70024fd747de",
    "User": "sksingh@microsoft.com",
    "TenantId": "72f988bf-86f1-41af-91ab-2d7cd011db47"
  }
}