{
  "Entries": [
    {
      "RequestUri": "/subscriptions/7c943c1b-5122-4097-90c8-861411bdd574/resourceGroups/A2APowershellTestRg/providers/Microsoft.RecoveryServices/vaults?api-version=2016-06-01",
      "EncodedRequestUri": "L3N1YnNjcmlwdGlvbnMvN2M5NDNjMWItNTEyMi00MDk3LTkwYzgtODYxNDExYmRkNTc0L3Jlc291cmNlR3JvdXBzL0EyQVBvd2Vyc2hlbGxUZXN0UmcvcHJvdmlkZXJzL01pY3Jvc29mdC5SZWNvdmVyeVNlcnZpY2VzL3ZhdWx0cz9hcGktdmVyc2lvbj0yMDE2LTA2LTAx",
      "RequestMethod": "GET",
      "RequestBody": "",
      "RequestHeaders": {
        "x-ms-client-request-id": [
          "1c74a477-e2ea-4645-b18a-c8c041eadb8c"
        ],
        "accept-language": [
          "en-US"
        ],
        "User-Agent": [
          "FxVersion/4.7.2633.0",
          "OSName/Windows10Enterprise",
          "OSVersion/6.3.16299",
          "Microsoft.Azure.Management.RecoveryServices.RecoveryServicesClient/4.2.0.0"
        ]
      },
      "ResponseBody": "{\r\n  \"value\": [\r\n    {\r\n      \"location\": \"centraluseuap\",\r\n      \"name\": \"A2APowershellTest\",\r\n      \"etag\": \"W/\\\"datetime'2018-02-01T11%3A19%3A00.6967232Z'\\\"\",\r\n      \"properties\": {\r\n        \"provisioningState\": \"Succeeded\"\r\n      },\r\n      \"id\": \"/subscriptions/7c943c1b-5122-4097-90c8-861411bdd574/resourceGroups/A2APowershellTestRg/providers/Microsoft.RecoveryServices/vaults/A2APowershellTest\",\r\n      \"type\": \"Microsoft.RecoveryServices/vaults\",\r\n      \"sku\": {\r\n        \"name\": \"RS0\",\r\n        \"tier\": \"Standard\"\r\n      }\r\n    }\r\n  ]\r\n}",
      "ResponseHeaders": {
        "Content-Length": [
          "410"
        ],
        "Content-Type": [
          "application/json"
        ],
        "Expires": [
          "-1"
        ],
        "Pragma": [
          "no-cache"
        ],
        "x-content-type-options": [
          "nosniff"
        ],
        "x-ms-request-id": [
          "98465f6d-20e8-46fc-9504-b089060f33e3"
        ],
        "x-ms-client-request-id": [
          "1c74a477-e2ea-4645-b18a-c8c041eadb8c"
        ],
        "Strict-Transport-Security": [
          "max-age=31536000; includeSubDomains"
        ],
        "x-ms-ratelimit-remaining-subscription-reads": [
          "14776"
        ],
        "x-ms-correlation-request-id": [
          "98465f6d-20e8-46fc-9504-b089060f33e3"
        ],
        "x-ms-routing-request-id": [
          "SOUTHINDIA:20180222T181321Z:98465f6d-20e8-46fc-9504-b089060f33e3"
        ],
        "Cache-Control": [
          "no-cache"
        ],
        "Date": [
          "Thu, 22 Feb 2018 18:13:21 GMT"
        ],
        "Server": [
          "Microsoft-IIS/8.0"
        ]
      },
      "StatusCode": 200
    },
    {
      "RequestUri": "/Subscriptions/7c943c1b-5122-4097-90c8-861411bdd574/resourceGroups/A2APowershellTestRg/providers/Microsoft.RecoveryServices/vaults/A2APowershellTest/replicationPolicies?api-version=2016-08-10",
      "EncodedRequestUri": "L1N1YnNjcmlwdGlvbnMvN2M5NDNjMWItNTEyMi00MDk3LTkwYzgtODYxNDExYmRkNTc0L3Jlc291cmNlR3JvdXBzL0EyQVBvd2Vyc2hlbGxUZXN0UmcvcHJvdmlkZXJzL01pY3Jvc29mdC5SZWNvdmVyeVNlcnZpY2VzL3ZhdWx0cy9BMkFQb3dlcnNoZWxsVGVzdC9yZXBsaWNhdGlvblBvbGljaWVzP2FwaS12ZXJzaW9uPTIwMTYtMDgtMTA=",
      "RequestMethod": "GET",
      "RequestBody": "",
      "RequestHeaders": {
        "x-ms-client-request-id": [
          "838f88f5-ff84-44a9-8bad-3b84235ab74d-2018-02-22 18:13:22Z-Ps"
        ],
        "accept-language": [
          "en-US"
        ],
        "Agent-Authentication": [
          "{\"NotBeforeTimestamp\":\"\\/Date(1519319602113)\\/\",\"NotAfterTimestamp\":\"\\/Date(1519924402113)\\/\",\"ClientRequestId\":\"838f88f5-ff84-44a9-8bad-3b84235ab74d-2018-02-22 18:13:22Z-Ps\",\"HashFunction\":\"HMACSHA256\",\"Hmac\":\"IyRdgqQKFvF7cRuH5mreZMx1SG8qC1xmLtpPX5r7+Y4=\",\"Version\":{\"Major\":1,\"Minor\":2,\"Build\":-1,\"Revision\":-1,\"MajorRevision\":-1,\"MinorRevision\":-1},\"PropertyBag\":{}}"
        ],
        "User-Agent": [
          "FxVersion/4.7.2633.0",
          "OSName/Windows10Enterprise",
          "OSVersion/6.3.16299",
          "Microsoft.Azure.Management.RecoveryServices.SiteRecovery.SiteRecoveryManagementClient/1.0.3.0"
        ]
      },
      "ResponseBody": "{\r\n  \"value\": [\r\n    {\r\n      \"id\": \"/Subscriptions/7c943c1b-5122-4097-90c8-861411bdd574/resourceGroups/A2APowershellTestRg/providers/Microsoft.RecoveryServices/vaults/A2APowershellTest/replicationPolicies/wesUsToeastUs\",\r\n      \"name\": \"wesUsToeastUs\",\r\n      \"type\": \"Microsoft.RecoveryServices/vaults/replicationPolicies\",\r\n      \"properties\": {\r\n        \"friendlyName\": \"wesUsToeastUs\",\r\n        \"providerSpecificDetails\": {\r\n          \"instanceType\": \"A2A\",\r\n          \"recoveryPointThresholdInMinutes\": 0,\r\n          \"recoveryPointHistory\": 600,\r\n          \"appConsistentFrequencyInMinutes\": 300,\r\n          \"multiVmSyncStatus\": \"Enabled\",\r\n          \"crashConsistentFrequencyInMinutes\": 5\r\n        }\r\n      }\r\n    },\r\n    {\r\n      \"id\": \"/Subscriptions/7c943c1b-5122-4097-90c8-861411bdd574/resourceGroups/A2APowershellTestRg/providers/Microsoft.RecoveryServices/vaults/A2APowershellTest/replicationPolicies/policy1\",\r\n      \"name\": \"policy1\",\r\n      \"type\": \"Microsoft.RecoveryServices/vaults/replicationPolicies\",\r\n      \"properties\": {\r\n        \"friendlyName\": \"policy1\",\r\n        \"providerSpecificDetails\": {\r\n          \"instanceType\": \"A2A\",\r\n          \"recoveryPointThresholdInMinutes\": 0,\r\n          \"recoveryPointHistory\": 600,\r\n          \"appConsistentFrequencyInMinutes\": 300,\r\n          \"multiVmSyncStatus\": \"Enabled\",\r\n          \"crashConsistentFrequencyInMinutes\": 5\r\n        }\r\n      }\r\n    },\r\n    {\r\n      \"id\": \"/Subscriptions/7c943c1b-5122-4097-90c8-861411bdd574/resourceGroups/A2APowershellTestRg/providers/Microsoft.RecoveryServices/vaults/A2APowershellTest/replicationPolicies/TestPCMPolicy2\",\r\n      \"name\": \"TestPCMPolicy2\",\r\n      \"type\": \"Microsoft.RecoveryServices/vaults/replicationPolicies\",\r\n      \"properties\": {\r\n        \"friendlyName\": \"TestPCMPolicy2\",\r\n        \"providerSpecificDetails\": {\r\n          \"instanceType\": \"A2A\",\r\n          \"recoveryPointThresholdInMinutes\": 0,\r\n          \"recoveryPointHistory\": 600,\r\n          \"appConsistentFrequencyInMinutes\": 300,\r\n          \"multiVmSyncStatus\": \"Enabled\",\r\n          \"crashConsistentFrequencyInMinutes\": 5\r\n        }\r\n      }\r\n    },\r\n    {\r\n      \"id\": \"/Subscriptions/7c943c1b-5122-4097-90c8-861411bdd574/resourceGroups/A2APowershellTestRg/providers/Microsoft.RecoveryServices/vaults/A2APowershellTest/replicationPolicies/policy2\",\r\n      \"name\": \"policy2\",\r\n      \"type\": \"Microsoft.RecoveryServices/vaults/replicationPolicies\",\r\n      \"properties\": {\r\n        \"friendlyName\": \"policy2\",\r\n        \"providerSpecificDetails\": {\r\n          \"instanceType\": \"A2A\",\r\n          \"recoveryPointThresholdInMinutes\": 0,\r\n          \"recoveryPointHistory\": 600,\r\n          \"appConsistentFrequencyInMinutes\": 300,\r\n          \"multiVmSyncStatus\": \"Enabled\",\r\n          \"crashConsistentFrequencyInMinutes\": 5\r\n        }\r\n      }\r\n    },\r\n    {\r\n      \"id\": \"/Subscriptions/7c943c1b-5122-4097-90c8-861411bdd574/resourceGroups/A2APowershellTestRg/providers/Microsoft.RecoveryServices/vaults/A2APowershellTest/replicationPolicies/TestPCMPolicy1\",\r\n      \"name\": \"TestPCMPolicy1\",\r\n      \"type\": \"Microsoft.RecoveryServices/vaults/replicationPolicies\",\r\n      \"properties\": {\r\n        \"friendlyName\": \"TestPCMPolicy1\",\r\n        \"providerSpecificDetails\": {\r\n          \"instanceType\": \"A2A\",\r\n          \"recoveryPointThresholdInMinutes\": 0,\r\n          \"recoveryPointHistory\": 600,\r\n          \"appConsistentFrequencyInMinutes\": 300,\r\n          \"multiVmSyncStatus\": \"Enabled\",\r\n          \"crashConsistentFrequencyInMinutes\": 5\r\n        }\r\n      }\r\n    },\r\n    {\r\n      \"id\": \"/Subscriptions/7c943c1b-5122-4097-90c8-861411bdd574/resourceGroups/A2APowershellTestRg/providers/Microsoft.RecoveryServices/vaults/A2APowershellTest/replicationPolicies/eastUsToWestUs\",\r\n      \"name\": \"eastUsToWestUs\",\r\n      \"type\": \"Microsoft.RecoveryServices/vaults/replicationPolicies\",\r\n      \"properties\": {\r\n        \"friendlyName\": \"eastUsToWestUs\",\r\n        \"providerSpecificDetails\": {\r\n          \"instanceType\": \"A2A\",\r\n          \"recoveryPointThresholdInMinutes\": 0,\r\n          \"recoveryPointHistory\": 600,\r\n          \"appConsistentFrequencyInMinutes\": 300,\r\n          \"multiVmSyncStatus\": \"Enabled\",\r\n          \"crashConsistentFrequencyInMinutes\": 5\r\n        }\r\n      }\r\n    }\r\n  ],\r\n  \"nextLink\": null\r\n}",
      "ResponseHeaders": {
        "Content-Length": [
          "3252"
        ],
        "Content-Type": [
          "application/json"
        ],
        "Expires": [
          "-1"
        ],
        "Pragma": [
          "no-cache"
        ],
        "x-ms-request-id": [
          "838f88f5-ff84-44a9-8bad-3b84235ab74d-2018-02-22 18:13:22Z-Ps 2/22/2018 6:13:22 PM"
        ],
        "Strict-Transport-Security": [
          "max-age=31536000; includeSubDomains"
        ],
        "Cache-Control": [
          "no-cache"
        ],
        "Server": [
          "Microsoft-IIS/8.0",
          "Microsoft-IIS/10.0"
        ],
        "X-AspNet-Version": [
          "4.0.30319"
        ],
        "X-Powered-By": [
          "ASP.NET"
        ],
        "x-content-type-options": [
          "nosniff"
        ],
        "x-ms-client-request-id": [
          "838f88f5-ff84-44a9-8bad-3b84235ab74d-2018-02-22 18:13:22Z-Ps"
        ],
        "x-ms-ratelimit-remaining-subscription-reads": [
          "14747"
        ],
        "x-ms-correlation-request-id": [
          "86acc87a-261e-4fba-adfe-33bf0382a98b"
        ],
        "x-ms-routing-request-id": [
          "SOUTHINDIA:20180222T181322Z:86acc87a-261e-4fba-adfe-33bf0382a98b"
        ],
        "Date": [
          "Thu, 22 Feb 2018 18:13:21 GMT"
        ]
      },
      "StatusCode": 200
    },
    {
      "RequestUri": "/Subscriptions/7c943c1b-5122-4097-90c8-861411bdd574/resourceGroups/A2APowershellTestRg/providers/Microsoft.RecoveryServices/vaults/A2APowershellTest/replicationPolicies?api-version=2016-08-10",
      "EncodedRequestUri": "L1N1YnNjcmlwdGlvbnMvN2M5NDNjMWItNTEyMi00MDk3LTkwYzgtODYxNDExYmRkNTc0L3Jlc291cmNlR3JvdXBzL0EyQVBvd2Vyc2hlbGxUZXN0UmcvcHJvdmlkZXJzL01pY3Jvc29mdC5SZWNvdmVyeVNlcnZpY2VzL3ZhdWx0cy9BMkFQb3dlcnNoZWxsVGVzdC9yZXBsaWNhdGlvblBvbGljaWVzP2FwaS12ZXJzaW9uPTIwMTYtMDgtMTA=",
      "RequestMethod": "GET",
      "RequestBody": "",
      "RequestHeaders": {
        "x-ms-client-request-id": [
          "716f2085-0844-44d3-b833-8dec4b76a24f-2018-02-22 18:13:34Z-Ps"
        ],
        "accept-language": [
          "en-US"
        ],
        "Agent-Authentication": [
          "{\"NotBeforeTimestamp\":\"\\/Date(1519319614955)\\/\",\"NotAfterTimestamp\":\"\\/Date(1519924414955)\\/\",\"ClientRequestId\":\"716f2085-0844-44d3-b833-8dec4b76a24f-2018-02-22 18:13:34Z-Ps\",\"HashFunction\":\"HMACSHA256\",\"Hmac\":\"2vM3wLAItO6P1uBh57+mf+eLpluGjtLWeZA/Y+6uJYM=\",\"Version\":{\"Major\":1,\"Minor\":2,\"Build\":-1,\"Revision\":-1,\"MajorRevision\":-1,\"MinorRevision\":-1},\"PropertyBag\":{}}"
        ],
        "User-Agent": [
          "FxVersion/4.7.2633.0",
          "OSName/Windows10Enterprise",
          "OSVersion/6.3.16299",
          "Microsoft.Azure.Management.RecoveryServices.SiteRecovery.SiteRecoveryManagementClient/1.0.3.0"
        ]
      },
      "ResponseBody": "{\r\n  \"value\": [\r\n    {\r\n      \"id\": \"/Subscriptions/7c943c1b-5122-4097-90c8-861411bdd574/resourceGroups/A2APowershellTestRg/providers/Microsoft.RecoveryServices/vaults/A2APowershellTest/replicationPolicies/wesUsToeastUs\",\r\n      \"name\": \"wesUsToeastUs\",\r\n      \"type\": \"Microsoft.RecoveryServices/vaults/replicationPolicies\",\r\n      \"properties\": {\r\n        \"friendlyName\": \"wesUsToeastUs\",\r\n        \"providerSpecificDetails\": {\r\n          \"instanceType\": \"A2A\",\r\n          \"recoveryPointThresholdInMinutes\": 0,\r\n          \"recoveryPointHistory\": 600,\r\n          \"appConsistentFrequencyInMinutes\": 300,\r\n          \"multiVmSyncStatus\": \"Enabled\",\r\n          \"crashConsistentFrequencyInMinutes\": 5\r\n        }\r\n      }\r\n    },\r\n    {\r\n      \"id\": \"/Subscriptions/7c943c1b-5122-4097-90c8-861411bdd574/resourceGroups/A2APowershellTestRg/providers/Microsoft.RecoveryServices/vaults/A2APowershellTest/replicationPolicies/policy1\",\r\n      \"name\": \"policy1\",\r\n      \"type\": \"Microsoft.RecoveryServices/vaults/replicationPolicies\",\r\n      \"properties\": {\r\n        \"friendlyName\": \"policy1\",\r\n        \"providerSpecificDetails\": {\r\n          \"instanceType\": \"A2A\",\r\n          \"recoveryPointThresholdInMinutes\": 0,\r\n          \"recoveryPointHistory\": 600,\r\n          \"appConsistentFrequencyInMinutes\": 300,\r\n          \"multiVmSyncStatus\": \"Enabled\",\r\n          \"crashConsistentFrequencyInMinutes\": 5\r\n        }\r\n      }\r\n    },\r\n    {\r\n      \"id\": \"/Subscriptions/7c943c1b-5122-4097-90c8-861411bdd574/resourceGroups/A2APowershellTestRg/providers/Microsoft.RecoveryServices/vaults/A2APowershellTest/replicationPolicies/policy2\",\r\n      \"name\": \"policy2\",\r\n      \"type\": \"Microsoft.RecoveryServices/vaults/replicationPolicies\",\r\n      \"properties\": {\r\n        \"friendlyName\": \"policy2\",\r\n        \"providerSpecificDetails\": {\r\n          \"instanceType\": \"A2A\",\r\n          \"recoveryPointThresholdInMinutes\": 0,\r\n          \"recoveryPointHistory\": 600,\r\n          \"appConsistentFrequencyInMinutes\": 300,\r\n          \"multiVmSyncStatus\": \"Enabled\",\r\n          \"crashConsistentFrequencyInMinutes\": 5\r\n        }\r\n      }\r\n    },\r\n    {\r\n      \"id\": \"/Subscriptions/7c943c1b-5122-4097-90c8-861411bdd574/resourceGroups/A2APowershellTestRg/providers/Microsoft.RecoveryServices/vaults/A2APowershellTest/replicationPolicies/eastUsToWestUs\",\r\n      \"name\": \"eastUsToWestUs\",\r\n      \"type\": \"Microsoft.RecoveryServices/vaults/replicationPolicies\",\r\n      \"properties\": {\r\n        \"friendlyName\": \"eastUsToWestUs\",\r\n        \"providerSpecificDetails\": {\r\n          \"instanceType\": \"A2A\",\r\n          \"recoveryPointThresholdInMinutes\": 0,\r\n          \"recoveryPointHistory\": 600,\r\n          \"appConsistentFrequencyInMinutes\": 300,\r\n          \"multiVmSyncStatus\": \"Enabled\",\r\n          \"crashConsistentFrequencyInMinutes\": 5\r\n        }\r\n      }\r\n    }\r\n  ],\r\n  \"nextLink\": null\r\n}",
      "ResponseHeaders": {
        "Content-Length": [
          "2162"
        ],
        "Content-Type": [
          "application/json"
        ],
        "Expires": [
          "-1"
        ],
        "Pragma": [
          "no-cache"
        ],
        "x-ms-request-id": [
          "716f2085-0844-44d3-b833-8dec4b76a24f-2018-02-22 18:13:34Z-Ps 2/22/2018 6:13:35 PM"
        ],
        "Strict-Transport-Security": [
          "max-age=31536000; includeSubDomains"
        ],
        "Cache-Control": [
          "no-cache"
        ],
        "Server": [
          "Microsoft-IIS/8.0",
          "Microsoft-IIS/10.0"
        ],
        "X-AspNet-Version": [
          "4.0.30319"
        ],
        "X-Powered-By": [
          "ASP.NET"
        ],
        "x-content-type-options": [
          "nosniff"
        ],
        "x-ms-client-request-id": [
          "716f2085-0844-44d3-b833-8dec4b76a24f-2018-02-22 18:13:34Z-Ps"
        ],
        "x-ms-ratelimit-remaining-subscription-reads": [
          "14729"
        ],
        "x-ms-correlation-request-id": [
          "6a04448d-9a73-4179-ac37-b8ca5756865c"
        ],
        "x-ms-routing-request-id": [
          "SOUTHINDIA:20180222T181335Z:6a04448d-9a73-4179-ac37-b8ca5756865c"
        ],
        "Date": [
          "Thu, 22 Feb 2018 18:13:35 GMT"
        ]
      },
      "StatusCode": 200
    },
    {
      "RequestUri": "/Subscriptions/7c943c1b-5122-4097-90c8-861411bdd574/resourceGroups/A2APowershellTestRg/providers/Microsoft.RecoveryServices/vaults/A2APowershellTest/replicationPolicies/wesUsToeastUs?api-version=2016-08-10",
      "EncodedRequestUri": "L1N1YnNjcmlwdGlvbnMvN2M5NDNjMWItNTEyMi00MDk3LTkwYzgtODYxNDExYmRkNTc0L3Jlc291cmNlR3JvdXBzL0EyQVBvd2Vyc2hlbGxUZXN0UmcvcHJvdmlkZXJzL01pY3Jvc29mdC5SZWNvdmVyeVNlcnZpY2VzL3ZhdWx0cy9BMkFQb3dlcnNoZWxsVGVzdC9yZXBsaWNhdGlvblBvbGljaWVzL3dlc1VzVG9lYXN0VXM/YXBpLXZlcnNpb249MjAxNi0wOC0xMA==",
      "RequestMethod": "DELETE",
      "RequestBody": "",
      "RequestHeaders": {
        "x-ms-client-request-id": [
          "e8b2fbce-26f9-48ef-9194-e3ace2b9bcf9-2018-02-22 18:13:22Z-Ps"
        ],
        "accept-language": [
          "en-US"
        ],
        "Agent-Authentication": [
          "{\"NotBeforeTimestamp\":\"\\/Date(1519319602750)\\/\",\"NotAfterTimestamp\":\"\\/Date(1519924402750)\\/\",\"ClientRequestId\":\"e8b2fbce-26f9-48ef-9194-e3ace2b9bcf9-2018-02-22 18:13:22Z-Ps\",\"HashFunction\":\"HMACSHA256\",\"Hmac\":\"ii+JGxfriddRSZtScZP4YT+jrB+BI1fygsU2OZGvOLk=\",\"Version\":{\"Major\":1,\"Minor\":2,\"Build\":-1,\"Revision\":-1,\"MajorRevision\":-1,\"MinorRevision\":-1},\"PropertyBag\":{}}"
        ],
        "User-Agent": [
          "FxVersion/4.7.2633.0",
          "OSName/Windows10Enterprise",
          "OSVersion/6.3.16299",
          "Microsoft.Azure.Management.RecoveryServices.SiteRecovery.SiteRecoveryManagementClient/1.0.3.0"
        ]
      },
      "ResponseBody": "",
      "ResponseHeaders": {
        "Content-Length": [
          "0"
        ],
        "Expires": [
          "-1"
        ],
        "Pragma": [
          "no-cache"
        ],
        "Retry-After": [
          "30"
        ],
        "Azure-AsyncOperation": [
          "https://management.azure.com/Subscriptions/7c943c1b-5122-4097-90c8-861411bdd574/resourceGroups/A2APowershellTestRg/providers/Microsoft.RecoveryServices/vaults/A2APowershellTest/replicationJobs/9c91b3dc-6fca-466e-ab6e-9f8a16c09624?api-version=2016-08-10"
        ],
        "x-ms-request-id": [
          "e8b2fbce-26f9-48ef-9194-e3ace2b9bcf9-2018-02-22 18:13:22Z-Ps 2/22/2018 6:13:23 PM"
        ],
        "Strict-Transport-Security": [
          "max-age=31536000; includeSubDomains"
        ],
        "x-content-type-options": [
          "nosniff"
        ],
        "x-ms-client-request-id": [
          "e8b2fbce-26f9-48ef-9194-e3ace2b9bcf9-2018-02-22 18:13:22Z-Ps"
        ],
        "x-ms-ratelimit-remaining-subscription-writes": [
          "1197"
        ],
        "x-ms-correlation-request-id": [
          "568bc3b0-76ad-4548-8bf4-becccea1081d"
        ],
        "x-ms-routing-request-id": [
          "SOUTHINDIA:20180222T181323Z:568bc3b0-76ad-4548-8bf4-becccea1081d"
        ],
        "Cache-Control": [
          "no-cache"
        ],
        "Date": [
          "Thu, 22 Feb 2018 18:13:22 GMT"
        ],
        "Location": [
          "https://management.azure.com/Subscriptions/7c943c1b-5122-4097-90c8-861411bdd574/resourceGroups/A2APowershellTestRg/providers/Microsoft.RecoveryServices/vaults/A2APowershellTest/replicationPolicies/wesUsToeastUs/operationresults/9c91b3dc-6fca-466e-ab6e-9f8a16c09624?api-version=2016-08-10"
        ],
        "X-Powered-By": [
          "ASP.NET"
        ]
      },
      "StatusCode": 202
    },
    {
      "RequestUri": "/Subscriptions/7c943c1b-5122-4097-90c8-861411bdd574/resourceGroups/A2APowershellTestRg/providers/Microsoft.RecoveryServices/vaults/A2APowershellTest/replicationJobs/9c91b3dc-6fca-466e-ab6e-9f8a16c09624?api-version=2016-08-10",
      "EncodedRequestUri": "L1N1YnNjcmlwdGlvbnMvN2M5NDNjMWItNTEyMi00MDk3LTkwYzgtODYxNDExYmRkNTc0L3Jlc291cmNlR3JvdXBzL0EyQVBvd2Vyc2hlbGxUZXN0UmcvcHJvdmlkZXJzL01pY3Jvc29mdC5SZWNvdmVyeVNlcnZpY2VzL3ZhdWx0cy9BMkFQb3dlcnNoZWxsVGVzdC9yZXBsaWNhdGlvbkpvYnMvOWM5MWIzZGMtNmZjYS00NjZlLWFiNmUtOWY4YTE2YzA5NjI0P2FwaS12ZXJzaW9uPTIwMTYtMDgtMTA=",
      "RequestMethod": "GET",
      "RequestBody": "",
      "RequestHeaders": {
        "x-ms-client-request-id": [
          "c441a4f8-f4f1-4142-9cef-d4c0ee075f2b-2018-02-22 18:13:24Z-Ps"
        ],
        "accept-language": [
          "en-US"
        ],
        "Agent-Authentication": [
          "{\"NotBeforeTimestamp\":\"\\/Date(1519319604153)\\/\",\"NotAfterTimestamp\":\"\\/Date(1519924404153)\\/\",\"ClientRequestId\":\"c441a4f8-f4f1-4142-9cef-d4c0ee075f2b-2018-02-22 18:13:24Z-Ps\",\"HashFunction\":\"HMACSHA256\",\"Hmac\":\"T+uzUMqCSqXd1HbgqbFj6RM3k73VDKudRo478fQXPPw=\",\"Version\":{\"Major\":1,\"Minor\":2,\"Build\":-1,\"Revision\":-1,\"MajorRevision\":-1,\"MinorRevision\":-1},\"PropertyBag\":{}}"
        ],
        "User-Agent": [
          "FxVersion/4.7.2633.0",
          "OSName/Windows10Enterprise",
          "OSVersion/6.3.16299",
          "Microsoft.Azure.Management.RecoveryServices.SiteRecovery.SiteRecoveryManagementClient/1.0.3.0"
        ]
      },
      "ResponseBody": "{\r\n  \"id\": \"/Subscriptions/7c943c1b-5122-4097-90c8-861411bdd574/resourceGroups/A2APowershellTestRg/providers/Microsoft.RecoveryServices/vaults/A2APowershellTest/replicationJobs/9c91b3dc-6fca-466e-ab6e-9f8a16c09624\",\r\n  \"name\": \"9c91b3dc-6fca-466e-ab6e-9f8a16c09624\",\r\n  \"properties\": {\r\n    \"activityId\": \"e8b2fbce-26f9-48ef-9194-e3ace2b9bcf9-2018-02-22 18:13:22Z-Ps ActivityId: 568bc3b0-76ad-4548-8bf4-becccea1081d\",\r\n    \"scenarioName\": \"RemoveProtectionProfile\",\r\n    \"friendlyName\": \"Remove the replication policy\",\r\n    \"state\": \"Failed\",\r\n    \"stateDescription\": \"Failed\",\r\n    \"tasks\": [\r\n      {\r\n        \"taskId\": \"RemoveProtectionProfilePreflightsCheckTask\",\r\n        \"name\": \"RemoveProtectionProfilePreflightsCheckTask\",\r\n        \"startTime\": \"2018-02-22T18:13:24.0868981Z\",\r\n        \"endTime\": \"2018-02-22T18:13:24.0868981Z\",\r\n        \"allowedActions\": [],\r\n        \"friendlyName\": \"Checking prerequisites for replication policy removal\",\r\n        \"state\": \"Failed\",\r\n        \"stateDescription\": \"Failed\",\r\n        \"taskType\": \"TaskDetails\",\r\n        \"customDetails\": {\r\n          \"instanceType\": \"TaskDetails\"\r\n        },\r\n        \"groupTaskCustomDetails\": null,\r\n        \"errors\": [\r\n          {\r\n            \"serviceErrorDetails\": {\r\n              \"code\": \"15023\",\r\n              \"message\": \"The protection group could not be  deleted.\",\r\n              \"possibleCauses\": \"There are protection units configured for protection using this profile.\",\r\n              \"recommendedAction\": \"Remove the protection unit configurations which are using this profile, then retry the operation.\",\r\n              \"activityId\": \"e8b2fbce-26f9-48ef-9194-e3ace2b9bcf9-2018-02-22 18:13:22Z-Ps ActivityId: 568bc3b0-76ad-4548-8bf4-becccea1081d\"\r\n            },\r\n            \"providerErrorDetails\": {\r\n              \"errorCode\": 0,\r\n              \"errorMessage\": null,\r\n              \"errorId\": \"452a70c3-1433-4436-8f6a-e3e790760414\",\r\n              \"possibleCauses\": \"\",\r\n              \"recommendedAction\": \"\"\r\n            },\r\n            \"errorLevel\": \"Error\",\r\n            \"creationTime\": \"2018-02-22T18:13:23.961879Z\",\r\n            \"taskId\": \"RemoveProtectionProfilePreflightsCheckTask\"\r\n          }\r\n        ]\r\n      },\r\n      {\r\n        \"taskId\": \"RemoveProtectionProfileTask\",\r\n        \"name\": \"RemoveProtectionProfileTask\",\r\n        \"startTime\": \"0001-01-01T00:00:00\",\r\n        \"endTime\": \"0001-01-01T00:00:00\",\r\n        \"allowedActions\": [],\r\n        \"friendlyName\": \"Removing the replication policy\",\r\n        \"state\": \"Other\",\r\n        \"stateDescription\": \"Skipped\",\r\n        \"taskType\": \"TaskDetails\",\r\n        \"customDetails\": {\r\n          \"instanceType\": \"TaskDetails\"\r\n        },\r\n        \"groupTaskCustomDetails\": null,\r\n        \"errors\": []\r\n      }\r\n    ],\r\n    \"errors\": [\r\n      {\r\n        \"serviceErrorDetails\": {\r\n          \"code\": \"15023\",\r\n          \"message\": \"The protection group could not be  deleted.\",\r\n          \"possibleCauses\": \"There are protection units configured for protection using this profile.\",\r\n          \"recommendedAction\": \"Remove the protection unit configurations which are using this profile, then retry the operation.\",\r\n          \"activityId\": \"e8b2fbce-26f9-48ef-9194-e3ace2b9bcf9-2018-02-22 18:13:22Z-Ps ActivityId: 568bc3b0-76ad-4548-8bf4-becccea1081d\"\r\n        },\r\n        \"providerErrorDetails\": {\r\n          \"errorCode\": 0,\r\n          \"errorMessage\": null,\r\n          \"errorId\": \"452a70c3-1433-4436-8f6a-e3e790760414\",\r\n          \"possibleCauses\": \"\",\r\n          \"recommendedAction\": \"\"\r\n        },\r\n        \"errorLevel\": \"Error\",\r\n        \"creationTime\": \"2018-02-22T18:13:23.961879Z\",\r\n        \"taskId\": \"RemoveProtectionProfilePreflightsCheckTask\"\r\n      }\r\n    ],\r\n    \"startTime\": \"2018-02-22T18:13:23.6503564Z\",\r\n    \"endTime\": \"2018-02-22T18:13:23Z\",\r\n    \"allowedActions\": [\r\n      \"Restart\"\r\n    ],\r\n    \"targetObjectId\": \"2c432247-c8a4-592a-b833-1fa5ddf8a833\",\r\n    \"targetObjectName\": \"wesUsToeastUs\",\r\n    \"targetInstanceType\": \"ProtectionProfile\",\r\n    \"customDetails\": {\r\n      \"instanceType\": \"AsrJobDetails\",\r\n      \"affectedObjectDetails\": {}\r\n    }\r\n  }\r\n}",
      "ResponseHeaders": {
        "Content-Length": [
          "3086"
        ],
        "Content-Type": [
          "application/json"
        ],
        "Expires": [
          "-1"
        ],
        "Pragma": [
          "no-cache"
        ],
        "x-ms-request-id": [
          "/Subscriptions/7c943c1b-5122-4097-90c8-861411bdd574/resourceGroups/A2APowershellTestRg/providers/Microsoft.RecoveryServices/vaults/A2APowershellTest/replicationJobs/9c91b3dc-6fca-466e-ab6e-9f8a16c09624"
        ],
        "Strict-Transport-Security": [
          "max-age=31536000; includeSubDomains"
        ],
        "Cache-Control": [
          "no-cache"
        ],
        "Server": [
          "Microsoft-IIS/8.0",
          "Microsoft-IIS/10.0"
        ],
        "X-AspNet-Version": [
          "4.0.30319"
        ],
        "X-Powered-By": [
          "ASP.NET"
        ],
        "x-content-type-options": [
          "nosniff"
        ],
        "x-ms-client-request-id": [
          "c441a4f8-f4f1-4142-9cef-d4c0ee075f2b-2018-02-22 18:13:24Z-Ps"
        ],
        "x-ms-ratelimit-remaining-subscription-reads": [
          "14746"
        ],
        "x-ms-correlation-request-id": [
          "8026cf15-cb57-47c2-9a37-212992f4747b"
        ],
        "x-ms-routing-request-id": [
          "SOUTHINDIA:20180222T181324Z:8026cf15-cb57-47c2-9a37-212992f4747b"
        ],
        "Date": [
          "Thu, 22 Feb 2018 18:13:23 GMT"
        ]
      },
      "StatusCode": 200
    },
    {
      "RequestUri": "/Subscriptions/7c943c1b-5122-4097-90c8-861411bdd574/resourceGroups/A2APowershellTestRg/providers/Microsoft.RecoveryServices/vaults/A2APowershellTest/replicationPolicies/policy1?api-version=2016-08-10",
      "EncodedRequestUri": "L1N1YnNjcmlwdGlvbnMvN2M5NDNjMWItNTEyMi00MDk3LTkwYzgtODYxNDExYmRkNTc0L3Jlc291cmNlR3JvdXBzL0EyQVBvd2Vyc2hlbGxUZXN0UmcvcHJvdmlkZXJzL01pY3Jvc29mdC5SZWNvdmVyeVNlcnZpY2VzL3ZhdWx0cy9BMkFQb3dlcnNoZWxsVGVzdC9yZXBsaWNhdGlvblBvbGljaWVzL3BvbGljeTE/YXBpLXZlcnNpb249MjAxNi0wOC0xMA==",
      "RequestMethod": "DELETE",
      "RequestBody": "",
      "RequestHeaders": {
        "x-ms-client-request-id": [
          "03792c76-0f3b-4c62-a0d8-f11a959e5e02-2018-02-22 18:13:24Z-Ps"
        ],
        "accept-language": [
          "en-US"
        ],
        "Agent-Authentication": [
          "{\"NotBeforeTimestamp\":\"\\/Date(1519319604566)\\/\",\"NotAfterTimestamp\":\"\\/Date(1519924404566)\\/\",\"ClientRequestId\":\"03792c76-0f3b-4c62-a0d8-f11a959e5e02-2018-02-22 18:13:24Z-Ps\",\"HashFunction\":\"HMACSHA256\",\"Hmac\":\"GH7G+lQSoGl/Ym3ru/+gzMJkhY+TbwJSf1O6tCaJrS4=\",\"Version\":{\"Major\":1,\"Minor\":2,\"Build\":-1,\"Revision\":-1,\"MajorRevision\":-1,\"MinorRevision\":-1},\"PropertyBag\":{}}"
        ],
        "User-Agent": [
          "FxVersion/4.7.2633.0",
          "OSName/Windows10Enterprise",
          "OSVersion/6.3.16299",
          "Microsoft.Azure.Management.RecoveryServices.SiteRecovery.SiteRecoveryManagementClient/1.0.3.0"
        ]
      },
      "ResponseBody": "",
      "ResponseHeaders": {
        "Content-Length": [
          "0"
        ],
        "Expires": [
          "-1"
        ],
        "Pragma": [
          "no-cache"
        ],
        "Retry-After": [
          "30"
        ],
        "Azure-AsyncOperation": [
          "https://management.azure.com/Subscriptions/7c943c1b-5122-4097-90c8-861411bdd574/resourceGroups/A2APowershellTestRg/providers/Microsoft.RecoveryServices/vaults/A2APowershellTest/replicationJobs/53fab2c0-dde9-4b25-86b8-2787de92693f?api-version=2016-08-10"
        ],
        "x-ms-request-id": [
          "03792c76-0f3b-4c62-a0d8-f11a959e5e02-2018-02-22 18:13:24Z-Ps 2/22/2018 6:13:24 PM"
        ],
        "Strict-Transport-Security": [
          "max-age=31536000; includeSubDomains"
        ],
        "x-content-type-options": [
          "nosniff"
        ],
        "x-ms-client-request-id": [
          "03792c76-0f3b-4c62-a0d8-f11a959e5e02-2018-02-22 18:13:24Z-Ps"
        ],
        "x-ms-ratelimit-remaining-subscription-writes": [
          "1196"
        ],
        "x-ms-correlation-request-id": [
          "f5611ec1-a7b3-4bd3-b86c-796c93c893cc"
        ],
        "x-ms-routing-request-id": [
          "SOUTHINDIA:20180222T181325Z:f5611ec1-a7b3-4bd3-b86c-796c93c893cc"
        ],
        "Cache-Control": [
          "no-cache"
        ],
        "Date": [
          "Thu, 22 Feb 2018 18:13:24 GMT"
        ],
        "Location": [
          "https://management.azure.com/Subscriptions/7c943c1b-5122-4097-90c8-861411bdd574/resourceGroups/A2APowershellTestRg/providers/Microsoft.RecoveryServices/vaults/A2APowershellTest/replicationPolicies/policy1/operationresults/53fab2c0-dde9-4b25-86b8-2787de92693f?api-version=2016-08-10"
        ],
        "X-Powered-By": [
          "ASP.NET"
        ]
      },
      "StatusCode": 202
    },
    {
      "RequestUri": "/Subscriptions/7c943c1b-5122-4097-90c8-861411bdd574/resourceGroups/A2APowershellTestRg/providers/Microsoft.RecoveryServices/vaults/A2APowershellTest/replicationJobs/53fab2c0-dde9-4b25-86b8-2787de92693f?api-version=2016-08-10",
      "EncodedRequestUri": "L1N1YnNjcmlwdGlvbnMvN2M5NDNjMWItNTEyMi00MDk3LTkwYzgtODYxNDExYmRkNTc0L3Jlc291cmNlR3JvdXBzL0EyQVBvd2Vyc2hlbGxUZXN0UmcvcHJvdmlkZXJzL01pY3Jvc29mdC5SZWNvdmVyeVNlcnZpY2VzL3ZhdWx0cy9BMkFQb3dlcnNoZWxsVGVzdC9yZXBsaWNhdGlvbkpvYnMvNTNmYWIyYzAtZGRlOS00YjI1LTg2YjgtMjc4N2RlOTI2OTNmP2FwaS12ZXJzaW9uPTIwMTYtMDgtMTA=",
      "RequestMethod": "GET",
      "RequestBody": "",
      "RequestHeaders": {
        "x-ms-client-request-id": [
          "3035369e-1b02-4571-809a-df0484424ae5-2018-02-22 18:13:25Z-Ps"
        ],
        "accept-language": [
          "en-US"
        ],
        "Agent-Authentication": [
          "{\"NotBeforeTimestamp\":\"\\/Date(1519319605065)\\/\",\"NotAfterTimestamp\":\"\\/Date(1519924405065)\\/\",\"ClientRequestId\":\"3035369e-1b02-4571-809a-df0484424ae5-2018-02-22 18:13:25Z-Ps\",\"HashFunction\":\"HMACSHA256\",\"Hmac\":\"tFQSyYiX+68ADl75na+FKhQdHITcWz8ign18wNUfHQk=\",\"Version\":{\"Major\":1,\"Minor\":2,\"Build\":-1,\"Revision\":-1,\"MajorRevision\":-1,\"MinorRevision\":-1},\"PropertyBag\":{}}"
        ],
        "User-Agent": [
          "FxVersion/4.7.2633.0",
          "OSName/Windows10Enterprise",
          "OSVersion/6.3.16299",
          "Microsoft.Azure.Management.RecoveryServices.SiteRecovery.SiteRecoveryManagementClient/1.0.3.0"
        ]
      },
      "ResponseBody": "{\r\n  \"id\": \"/Subscriptions/7c943c1b-5122-4097-90c8-861411bdd574/resourceGroups/A2APowershellTestRg/providers/Microsoft.RecoveryServices/vaults/A2APowershellTest/replicationJobs/53fab2c0-dde9-4b25-86b8-2787de92693f\",\r\n  \"name\": \"53fab2c0-dde9-4b25-86b8-2787de92693f\",\r\n  \"properties\": {\r\n    \"activityId\": \"03792c76-0f3b-4c62-a0d8-f11a959e5e02-2018-02-22 18:13:24Z-Ps ActivityId: f5611ec1-a7b3-4bd3-b86c-796c93c893cc\",\r\n    \"scenarioName\": \"RemoveProtectionProfile\",\r\n    \"friendlyName\": \"Remove the replication policy\",\r\n    \"state\": \"Failed\",\r\n    \"stateDescription\": \"Failed\",\r\n    \"tasks\": [\r\n      {\r\n        \"taskId\": \"RemoveProtectionProfilePreflightsCheckTask\",\r\n        \"name\": \"RemoveProtectionProfilePreflightsCheckTask\",\r\n        \"startTime\": \"2018-02-22T18:13:25.1104041Z\",\r\n        \"endTime\": \"2018-02-22T18:13:25.1104041Z\",\r\n        \"allowedActions\": [],\r\n        \"friendlyName\": \"Checking prerequisites for replication policy removal\",\r\n        \"state\": \"Failed\",\r\n        \"stateDescription\": \"Failed\",\r\n        \"taskType\": \"TaskDetails\",\r\n        \"customDetails\": {\r\n          \"instanceType\": \"TaskDetails\"\r\n        },\r\n        \"groupTaskCustomDetails\": null,\r\n        \"errors\": [\r\n          {\r\n            \"serviceErrorDetails\": {\r\n              \"code\": \"15023\",\r\n              \"message\": \"The protection group could not be  deleted.\",\r\n              \"possibleCauses\": \"There are protection units configured for protection using this profile.\",\r\n              \"recommendedAction\": \"Remove the protection unit configurations which are using this profile, then retry the operation.\",\r\n              \"activityId\": \"03792c76-0f3b-4c62-a0d8-f11a959e5e02-2018-02-22 18:13:24Z-Ps ActivityId: f5611ec1-a7b3-4bd3-b86c-796c93c893cc\"\r\n            },\r\n            \"providerErrorDetails\": {\r\n              \"errorCode\": 0,\r\n              \"errorMessage\": null,\r\n              \"errorId\": \"08ae329f-9094-4733-ae96-867411207cc2\",\r\n              \"possibleCauses\": \"\",\r\n              \"recommendedAction\": \"\"\r\n            },\r\n            \"errorLevel\": \"Error\",\r\n            \"creationTime\": \"2018-02-22T18:13:25.0322312Z\",\r\n            \"taskId\": \"RemoveProtectionProfilePreflightsCheckTask\"\r\n          }\r\n        ]\r\n      },\r\n      {\r\n        \"taskId\": \"RemoveProtectionProfileTask\",\r\n        \"name\": \"RemoveProtectionProfileTask\",\r\n        \"startTime\": \"0001-01-01T00:00:00\",\r\n        \"endTime\": \"0001-01-01T00:00:00\",\r\n        \"allowedActions\": [],\r\n        \"friendlyName\": \"Removing the replication policy\",\r\n        \"state\": \"Other\",\r\n        \"stateDescription\": \"Skipped\",\r\n        \"taskType\": \"TaskDetails\",\r\n        \"customDetails\": {\r\n          \"instanceType\": \"TaskDetails\"\r\n        },\r\n        \"groupTaskCustomDetails\": null,\r\n        \"errors\": []\r\n      }\r\n    ],\r\n    \"errors\": [\r\n      {\r\n        \"serviceErrorDetails\": {\r\n          \"code\": \"15023\",\r\n          \"message\": \"The protection group could not be  deleted.\",\r\n          \"possibleCauses\": \"There are protection units configured for protection using this profile.\",\r\n          \"recommendedAction\": \"Remove the protection unit configurations which are using this profile, then retry the operation.\",\r\n          \"activityId\": \"03792c76-0f3b-4c62-a0d8-f11a959e5e02-2018-02-22 18:13:24Z-Ps ActivityId: f5611ec1-a7b3-4bd3-b86c-796c93c893cc\"\r\n        },\r\n        \"providerErrorDetails\": {\r\n          \"errorCode\": 0,\r\n          \"errorMessage\": null,\r\n          \"errorId\": \"08ae329f-9094-4733-ae96-867411207cc2\",\r\n          \"possibleCauses\": \"\",\r\n          \"recommendedAction\": \"\"\r\n        },\r\n        \"errorLevel\": \"Error\",\r\n        \"creationTime\": \"2018-02-22T18:13:25.0322312Z\",\r\n        \"taskId\": \"RemoveProtectionProfilePreflightsCheckTask\"\r\n      }\r\n    ],\r\n    \"startTime\": \"2018-02-22T18:13:24.8472667Z\",\r\n    \"endTime\": \"2018-02-22T18:13:25Z\",\r\n    \"allowedActions\": [\r\n      \"Restart\"\r\n    ],\r\n    \"targetObjectId\": \"31c99d65-0404-5996-a522-3405079108c3\",\r\n    \"targetObjectName\": \"policy1\",\r\n    \"targetInstanceType\": \"ProtectionProfile\",\r\n    \"customDetails\": {\r\n      \"instanceType\": \"AsrJobDetails\",\r\n      \"affectedObjectDetails\": {}\r\n    }\r\n  }\r\n}",
      "ResponseHeaders": {
        "Content-Length": [
          "3082"
        ],
        "Content-Type": [
          "application/json"
        ],
        "Expires": [
          "-1"
        ],
        "Pragma": [
          "no-cache"
        ],
        "x-ms-request-id": [
          "/Subscriptions/7c943c1b-5122-4097-90c8-861411bdd574/resourceGroups/A2APowershellTestRg/providers/Microsoft.RecoveryServices/vaults/A2APowershellTest/replicationJobs/53fab2c0-dde9-4b25-86b8-2787de92693f"
        ],
        "Strict-Transport-Security": [
          "max-age=31536000; includeSubDomains"
        ],
        "Cache-Control": [
          "no-cache"
        ],
        "Server": [
          "Microsoft-IIS/8.0",
          "Microsoft-IIS/10.0"
        ],
        "X-AspNet-Version": [
          "4.0.30319"
        ],
        "X-Powered-By": [
          "ASP.NET"
        ],
        "x-content-type-options": [
          "nosniff"
        ],
        "x-ms-client-request-id": [
          "3035369e-1b02-4571-809a-df0484424ae5-2018-02-22 18:13:25Z-Ps"
        ],
        "x-ms-ratelimit-remaining-subscription-reads": [
          "14745"
        ],
        "x-ms-correlation-request-id": [
          "a8e8d324-21b1-4caa-91a1-df4ee3eb8cfb"
        ],
        "x-ms-routing-request-id": [
          "SOUTHINDIA:20180222T181325Z:a8e8d324-21b1-4caa-91a1-df4ee3eb8cfb"
        ],
        "Date": [
          "Thu, 22 Feb 2018 18:13:24 GMT"
        ]
      },
      "StatusCode": 200
    },
    {
      "RequestUri": "/Subscriptions/7c943c1b-5122-4097-90c8-861411bdd574/resourceGroups/A2APowershellTestRg/providers/Microsoft.RecoveryServices/vaults/A2APowershellTest/replicationPolicies/TestPCMPolicy2?api-version=2016-08-10",
      "EncodedRequestUri": "L1N1YnNjcmlwdGlvbnMvN2M5NDNjMWItNTEyMi00MDk3LTkwYzgtODYxNDExYmRkNTc0L3Jlc291cmNlR3JvdXBzL0EyQVBvd2Vyc2hlbGxUZXN0UmcvcHJvdmlkZXJzL01pY3Jvc29mdC5SZWNvdmVyeVNlcnZpY2VzL3ZhdWx0cy9BMkFQb3dlcnNoZWxsVGVzdC9yZXBsaWNhdGlvblBvbGljaWVzL1Rlc3RQQ01Qb2xpY3kyP2FwaS12ZXJzaW9uPTIwMTYtMDgtMTA=",
      "RequestMethod": "DELETE",
      "RequestBody": "",
      "RequestHeaders": {
        "x-ms-client-request-id": [
          "d1519d07-6a1d-426e-aa71-d6cebb8fb2e6-2018-02-22 18:13:25Z-Ps"
        ],
        "accept-language": [
          "en-US"
        ],
        "Agent-Authentication": [
          "{\"NotBeforeTimestamp\":\"\\/Date(1519319605441)\\/\",\"NotAfterTimestamp\":\"\\/Date(1519924405441)\\/\",\"ClientRequestId\":\"d1519d07-6a1d-426e-aa71-d6cebb8fb2e6-2018-02-22 18:13:25Z-Ps\",\"HashFunction\":\"HMACSHA256\",\"Hmac\":\"RpEDSfyTxRk2Nj03DDDLMMmF5x6cagc0xcM/U0/NhRc=\",\"Version\":{\"Major\":1,\"Minor\":2,\"Build\":-1,\"Revision\":-1,\"MajorRevision\":-1,\"MinorRevision\":-1},\"PropertyBag\":{}}"
        ],
        "User-Agent": [
          "FxVersion/4.7.2633.0",
          "OSName/Windows10Enterprise",
          "OSVersion/6.3.16299",
          "Microsoft.Azure.Management.RecoveryServices.SiteRecovery.SiteRecoveryManagementClient/1.0.3.0"
        ]
      },
      "ResponseBody": "",
      "ResponseHeaders": {
        "Content-Length": [
          "0"
        ],
        "Expires": [
          "-1"
        ],
        "Pragma": [
          "no-cache"
        ],
        "Retry-After": [
          "30"
        ],
        "Azure-AsyncOperation": [
          "https://management.azure.com/Subscriptions/7c943c1b-5122-4097-90c8-861411bdd574/resourceGroups/A2APowershellTestRg/providers/Microsoft.RecoveryServices/vaults/A2APowershellTest/replicationJobs/2d0bfedc-f3cf-4e06-88a9-7f49d9028944?api-version=2016-08-10"
        ],
        "x-ms-request-id": [
          "d1519d07-6a1d-426e-aa71-d6cebb8fb2e6-2018-02-22 18:13:25Z-Ps 2/22/2018 6:13:25 PM"
        ],
        "Strict-Transport-Security": [
          "max-age=31536000; includeSubDomains"
        ],
        "x-content-type-options": [
          "nosniff"
        ],
        "x-ms-client-request-id": [
          "d1519d07-6a1d-426e-aa71-d6cebb8fb2e6-2018-02-22 18:13:25Z-Ps"
        ],
        "x-ms-ratelimit-remaining-subscription-writes": [
          "1195"
        ],
        "x-ms-correlation-request-id": [
          "a04bcdeb-f59c-4848-922a-dee601351408"
        ],
        "x-ms-routing-request-id": [
          "SOUTHINDIA:20180222T181325Z:a04bcdeb-f59c-4848-922a-dee601351408"
        ],
        "Cache-Control": [
          "no-cache"
        ],
        "Date": [
          "Thu, 22 Feb 2018 18:13:24 GMT"
        ],
        "Location": [
          "https://management.azure.com/Subscriptions/7c943c1b-5122-4097-90c8-861411bdd574/resourceGroups/A2APowershellTestRg/providers/Microsoft.RecoveryServices/vaults/A2APowershellTest/replicationPolicies/TestPCMPolicy2/operationresults/2d0bfedc-f3cf-4e06-88a9-7f49d9028944?api-version=2016-08-10"
        ],
        "X-Powered-By": [
          "ASP.NET"
        ]
      },
      "StatusCode": 202
    },
    {
      "RequestUri": "/Subscriptions/7c943c1b-5122-4097-90c8-861411bdd574/resourceGroups/A2APowershellTestRg/providers/Microsoft.RecoveryServices/vaults/A2APowershellTest/replicationJobs/2d0bfedc-f3cf-4e06-88a9-7f49d9028944?api-version=2016-08-10",
      "EncodedRequestUri": "L1N1YnNjcmlwdGlvbnMvN2M5NDNjMWItNTEyMi00MDk3LTkwYzgtODYxNDExYmRkNTc0L3Jlc291cmNlR3JvdXBzL0EyQVBvd2Vyc2hlbGxUZXN0UmcvcHJvdmlkZXJzL01pY3Jvc29mdC5SZWNvdmVyeVNlcnZpY2VzL3ZhdWx0cy9BMkFQb3dlcnNoZWxsVGVzdC9yZXBsaWNhdGlvbkpvYnMvMmQwYmZlZGMtZjNjZi00ZTA2LTg4YTktN2Y0OWQ5MDI4OTQ0P2FwaS12ZXJzaW9uPTIwMTYtMDgtMTA=",
      "RequestMethod": "GET",
      "RequestBody": "",
      "RequestHeaders": {
        "x-ms-client-request-id": [
          "f6a49929-a5ae-4b91-91cd-07e76a8bdc28-2018-02-22 18:13:25Z-Ps"
        ],
        "accept-language": [
          "en-US"
        ],
        "Agent-Authentication": [
          "{\"NotBeforeTimestamp\":\"\\/Date(1519319605920)\\/\",\"NotAfterTimestamp\":\"\\/Date(1519924405920)\\/\",\"ClientRequestId\":\"f6a49929-a5ae-4b91-91cd-07e76a8bdc28-2018-02-22 18:13:25Z-Ps\",\"HashFunction\":\"HMACSHA256\",\"Hmac\":\"FR7f/VXZiJ+YOCUbRO1PJgulb8CnWc/X09WFhVPgM6E=\",\"Version\":{\"Major\":1,\"Minor\":2,\"Build\":-1,\"Revision\":-1,\"MajorRevision\":-1,\"MinorRevision\":-1},\"PropertyBag\":{}}"
        ],
        "User-Agent": [
          "FxVersion/4.7.2633.0",
          "OSName/Windows10Enterprise",
          "OSVersion/6.3.16299",
          "Microsoft.Azure.Management.RecoveryServices.SiteRecovery.SiteRecoveryManagementClient/1.0.3.0"
        ]
      },
      "ResponseBody": "{\r\n  \"id\": \"/Subscriptions/7c943c1b-5122-4097-90c8-861411bdd574/resourceGroups/A2APowershellTestRg/providers/Microsoft.RecoveryServices/vaults/A2APowershellTest/replicationJobs/2d0bfedc-f3cf-4e06-88a9-7f49d9028944\",\r\n  \"name\": \"2d0bfedc-f3cf-4e06-88a9-7f49d9028944\",\r\n  \"properties\": {\r\n    \"activityId\": \"d1519d07-6a1d-426e-aa71-d6cebb8fb2e6-2018-02-22 18:13:25Z-Ps ActivityId: a04bcdeb-f59c-4848-922a-dee601351408\",\r\n    \"scenarioName\": \"RemoveProtectionProfile\",\r\n    \"friendlyName\": \"Remove the replication policy\",\r\n    \"state\": \"InProgress\",\r\n    \"stateDescription\": \"InProgress\",\r\n    \"tasks\": [\r\n      {\r\n        \"taskId\": \"RemoveProtectionProfilePreflightsCheckTask\",\r\n        \"name\": \"RemoveProtectionProfilePreflightsCheckTask\",\r\n        \"startTime\": \"2018-02-22T18:13:26.0682756Z\",\r\n        \"endTime\": \"2018-02-22T18:13:26.0995181Z\",\r\n        \"allowedActions\": [],\r\n        \"friendlyName\": \"Checking prerequisites for replication policy removal\",\r\n        \"state\": \"Succeeded\",\r\n        \"stateDescription\": \"Completed\",\r\n        \"taskType\": \"TaskDetails\",\r\n        \"customDetails\": {\r\n          \"instanceType\": \"TaskDetails\"\r\n        },\r\n        \"groupTaskCustomDetails\": null,\r\n        \"errors\": []\r\n      },\r\n      {\r\n        \"taskId\": \"RemoveProtectionProfileTask\",\r\n        \"name\": \"RemoveProtectionProfileTask\",\r\n        \"startTime\": \"2018-02-22T18:13:26.0995181Z\",\r\n        \"endTime\": \"0001-01-01T00:00:00\",\r\n        \"allowedActions\": [],\r\n        \"friendlyName\": \"Removing the replication policy\",\r\n        \"state\": \"InProgress\",\r\n        \"stateDescription\": \"InProgress\",\r\n        \"taskType\": \"TaskDetails\",\r\n        \"customDetails\": {\r\n          \"instanceType\": \"TaskDetails\"\r\n        },\r\n        \"groupTaskCustomDetails\": null,\r\n        \"errors\": []\r\n      }\r\n    ],\r\n    \"errors\": [],\r\n    \"startTime\": \"2018-02-22T18:13:25.6998476Z\",\r\n    \"allowedActions\": [\r\n      \"Cancel\"\r\n    ],\r\n    \"targetObjectId\": \"67ddf3bf-975b-5cc5-93ad-3d6fa999fb3e\",\r\n    \"targetObjectName\": \"TestPCMPolicy2\",\r\n    \"targetInstanceType\": \"ProtectionProfile\",\r\n    \"customDetails\": {\r\n      \"instanceType\": \"AsrJobDetails\",\r\n      \"affectedObjectDetails\": {}\r\n    }\r\n  }\r\n}",
      "ResponseHeaders": {
        "Content-Length": [
          "1676"
        ],
        "Content-Type": [
          "application/json"
        ],
        "Expires": [
          "-1"
        ],
        "Pragma": [
          "no-cache"
        ],
        "x-ms-request-id": [
          "/Subscriptions/7c943c1b-5122-4097-90c8-861411bdd574/resourceGroups/A2APowershellTestRg/providers/Microsoft.RecoveryServices/vaults/A2APowershellTest/replicationJobs/2d0bfedc-f3cf-4e06-88a9-7f49d9028944"
        ],
        "Strict-Transport-Security": [
          "max-age=31536000; includeSubDomains"
        ],
        "Cache-Control": [
          "no-cache"
        ],
        "Server": [
          "Microsoft-IIS/8.0",
          "Microsoft-IIS/10.0"
        ],
        "X-AspNet-Version": [
          "4.0.30319"
        ],
        "X-Powered-By": [
          "ASP.NET"
        ],
        "x-content-type-options": [
          "nosniff"
        ],
        "x-ms-client-request-id": [
          "f6a49929-a5ae-4b91-91cd-07e76a8bdc28-2018-02-22 18:13:25Z-Ps"
        ],
        "x-ms-ratelimit-remaining-subscription-reads": [
          "14744"
        ],
        "x-ms-correlation-request-id": [
          "ed02e691-aa1c-44d3-9fce-aaeb9a721e71"
        ],
        "x-ms-routing-request-id": [
          "SOUTHINDIA:20180222T181326Z:ed02e691-aa1c-44d3-9fce-aaeb9a721e71"
        ],
        "Date": [
          "Thu, 22 Feb 2018 18:13:25 GMT"
        ]
      },
      "StatusCode": 200
    },
    {
      "RequestUri": "/Subscriptions/7c943c1b-5122-4097-90c8-861411bdd574/resourceGroups/A2APowershellTestRg/providers/Microsoft.RecoveryServices/vaults/A2APowershellTest/replicationPolicies/policy2?api-version=2016-08-10",
      "EncodedRequestUri": "L1N1YnNjcmlwdGlvbnMvN2M5NDNjMWItNTEyMi00MDk3LTkwYzgtODYxNDExYmRkNTc0L3Jlc291cmNlR3JvdXBzL0EyQVBvd2Vyc2hlbGxUZXN0UmcvcHJvdmlkZXJzL01pY3Jvc29mdC5SZWNvdmVyeVNlcnZpY2VzL3ZhdWx0cy9BMkFQb3dlcnNoZWxsVGVzdC9yZXBsaWNhdGlvblBvbGljaWVzL3BvbGljeTI/YXBpLXZlcnNpb249MjAxNi0wOC0xMA==",
      "RequestMethod": "DELETE",
      "RequestBody": "",
      "RequestHeaders": {
        "x-ms-client-request-id": [
          "a9262958-e1ea-43b0-97b9-6c97560916e0-2018-02-22 18:13:26Z-Ps"
        ],
        "accept-language": [
          "en-US"
        ],
        "Agent-Authentication": [
          "{\"NotBeforeTimestamp\":\"\\/Date(1519319606309)\\/\",\"NotAfterTimestamp\":\"\\/Date(1519924406309)\\/\",\"ClientRequestId\":\"a9262958-e1ea-43b0-97b9-6c97560916e0-2018-02-22 18:13:26Z-Ps\",\"HashFunction\":\"HMACSHA256\",\"Hmac\":\"Hcertm7SwZVNKHvrnzhELC2LX9punRmSKg4Ad44wZxE=\",\"Version\":{\"Major\":1,\"Minor\":2,\"Build\":-1,\"Revision\":-1,\"MajorRevision\":-1,\"MinorRevision\":-1},\"PropertyBag\":{}}"
        ],
        "User-Agent": [
          "FxVersion/4.7.2633.0",
          "OSName/Windows10Enterprise",
          "OSVersion/6.3.16299",
          "Microsoft.Azure.Management.RecoveryServices.SiteRecovery.SiteRecoveryManagementClient/1.0.3.0"
        ]
      },
      "ResponseBody": "",
      "ResponseHeaders": {
        "Content-Length": [
          "0"
        ],
        "Expires": [
          "-1"
        ],
        "Pragma": [
          "no-cache"
        ],
        "Retry-After": [
          "30"
        ],
        "Azure-AsyncOperation": [
          "https://management.azure.com/Subscriptions/7c943c1b-5122-4097-90c8-861411bdd574/resourceGroups/A2APowershellTestRg/providers/Microsoft.RecoveryServices/vaults/A2APowershellTest/replicationJobs/4af85a09-43e2-46bc-bb5f-6325e0f1d283?api-version=2016-08-10"
        ],
        "x-ms-request-id": [
          "a9262958-e1ea-43b0-97b9-6c97560916e0-2018-02-22 18:13:26Z-Ps 2/22/2018 6:13:26 PM"
        ],
        "Strict-Transport-Security": [
          "max-age=31536000; includeSubDomains"
        ],
        "x-content-type-options": [
          "nosniff"
        ],
        "x-ms-client-request-id": [
          "a9262958-e1ea-43b0-97b9-6c97560916e0-2018-02-22 18:13:26Z-Ps"
        ],
        "x-ms-ratelimit-remaining-subscription-writes": [
          "1194"
        ],
        "x-ms-correlation-request-id": [
          "01efa262-691f-48ad-a6b1-04d665ed8f50"
        ],
        "x-ms-routing-request-id": [
          "SOUTHINDIA:20180222T181326Z:01efa262-691f-48ad-a6b1-04d665ed8f50"
        ],
        "Cache-Control": [
          "no-cache"
        ],
        "Date": [
          "Thu, 22 Feb 2018 18:13:25 GMT"
        ],
        "Location": [
          "https://management.azure.com/Subscriptions/7c943c1b-5122-4097-90c8-861411bdd574/resourceGroups/A2APowershellTestRg/providers/Microsoft.RecoveryServices/vaults/A2APowershellTest/replicationPolicies/policy2/operationresults/4af85a09-43e2-46bc-bb5f-6325e0f1d283?api-version=2016-08-10"
        ],
        "X-Powered-By": [
          "ASP.NET"
        ]
      },
      "StatusCode": 202
    },
    {
      "RequestUri": "/Subscriptions/7c943c1b-5122-4097-90c8-861411bdd574/resourceGroups/A2APowershellTestRg/providers/Microsoft.RecoveryServices/vaults/A2APowershellTest/replicationJobs/4af85a09-43e2-46bc-bb5f-6325e0f1d283?api-version=2016-08-10",
      "EncodedRequestUri": "L1N1YnNjcmlwdGlvbnMvN2M5NDNjMWItNTEyMi00MDk3LTkwYzgtODYxNDExYmRkNTc0L3Jlc291cmNlR3JvdXBzL0EyQVBvd2Vyc2hlbGxUZXN0UmcvcHJvdmlkZXJzL01pY3Jvc29mdC5SZWNvdmVyeVNlcnZpY2VzL3ZhdWx0cy9BMkFQb3dlcnNoZWxsVGVzdC9yZXBsaWNhdGlvbkpvYnMvNGFmODVhMDktNDNlMi00NmJjLWJiNWYtNjMyNWUwZjFkMjgzP2FwaS12ZXJzaW9uPTIwMTYtMDgtMTA=",
      "RequestMethod": "GET",
      "RequestBody": "",
      "RequestHeaders": {
        "x-ms-client-request-id": [
          "06ecd9fd-da7f-47f5-9e81-ed56d8fb2a65-2018-02-22 18:13:26Z-Ps"
        ],
        "accept-language": [
          "en-US"
        ],
        "Agent-Authentication": [
          "{\"NotBeforeTimestamp\":\"\\/Date(1519319606820)\\/\",\"NotAfterTimestamp\":\"\\/Date(1519924406820)\\/\",\"ClientRequestId\":\"06ecd9fd-da7f-47f5-9e81-ed56d8fb2a65-2018-02-22 18:13:26Z-Ps\",\"HashFunction\":\"HMACSHA256\",\"Hmac\":\"8F6lJoa9LAr500kmUf9mEU5IFLNOl3M02KFdOSHlUcE=\",\"Version\":{\"Major\":1,\"Minor\":2,\"Build\":-1,\"Revision\":-1,\"MajorRevision\":-1,\"MinorRevision\":-1},\"PropertyBag\":{}}"
        ],
        "User-Agent": [
          "FxVersion/4.7.2633.0",
          "OSName/Windows10Enterprise",
          "OSVersion/6.3.16299",
          "Microsoft.Azure.Management.RecoveryServices.SiteRecovery.SiteRecoveryManagementClient/1.0.3.0"
        ]
      },
      "ResponseBody": "{\r\n  \"id\": \"/Subscriptions/7c943c1b-5122-4097-90c8-861411bdd574/resourceGroups/A2APowershellTestRg/providers/Microsoft.RecoveryServices/vaults/A2APowershellTest/replicationJobs/4af85a09-43e2-46bc-bb5f-6325e0f1d283\",\r\n  \"name\": \"4af85a09-43e2-46bc-bb5f-6325e0f1d283\",\r\n  \"properties\": {\r\n    \"activityId\": \"a9262958-e1ea-43b0-97b9-6c97560916e0-2018-02-22 18:13:26Z-Ps ActivityId: 01efa262-691f-48ad-a6b1-04d665ed8f50\",\r\n    \"scenarioName\": null,\r\n    \"friendlyName\": null,\r\n    \"state\": \"NotStarted\",\r\n    \"stateDescription\": \"NotStarted\",\r\n    \"tasks\": [],\r\n    \"errors\": [],\r\n    \"allowedActions\": [],\r\n    \"targetObjectId\": null,\r\n    \"targetObjectName\": null,\r\n    \"targetInstanceType\": \"ProtectionEntity\",\r\n    \"customDetails\": {\r\n      \"instanceType\": \"AsrJobDetails\",\r\n      \"affectedObjectDetails\": {}\r\n    }\r\n  }\r\n}",
      "ResponseHeaders": {
        "Content-Length": [
          "694"
        ],
        "Content-Type": [
          "application/json"
        ],
        "Expires": [
          "-1"
        ],
        "Pragma": [
          "no-cache"
        ],
        "x-ms-request-id": [
          "/Subscriptions/7c943c1b-5122-4097-90c8-861411bdd574/resourceGroups/A2APowershellTestRg/providers/Microsoft.RecoveryServices/vaults/A2APowershellTest/replicationJobs/4af85a09-43e2-46bc-bb5f-6325e0f1d283"
        ],
        "Strict-Transport-Security": [
          "max-age=31536000; includeSubDomains"
        ],
        "Cache-Control": [
          "no-cache"
        ],
        "Server": [
          "Microsoft-IIS/8.0",
          "Microsoft-IIS/10.0"
        ],
        "X-AspNet-Version": [
          "4.0.30319"
        ],
        "X-Powered-By": [
          "ASP.NET"
        ],
        "x-content-type-options": [
          "nosniff"
        ],
        "x-ms-client-request-id": [
          "06ecd9fd-da7f-47f5-9e81-ed56d8fb2a65-2018-02-22 18:13:26Z-Ps"
        ],
        "x-ms-ratelimit-remaining-subscription-reads": [
          "14743"
        ],
        "x-ms-correlation-request-id": [
          "c861d77d-8fd4-4c67-b84a-a58a978ef620"
        ],
        "x-ms-routing-request-id": [
          "SOUTHINDIA:20180222T181327Z:c861d77d-8fd4-4c67-b84a-a58a978ef620"
        ],
        "Date": [
          "Thu, 22 Feb 2018 18:13:27 GMT"
        ]
      },
      "StatusCode": 200
    },
    {
      "RequestUri": "/Subscriptions/7c943c1b-5122-4097-90c8-861411bdd574/resourceGroups/A2APowershellTestRg/providers/Microsoft.RecoveryServices/vaults/A2APowershellTest/replicationPolicies/TestPCMPolicy1?api-version=2016-08-10",
      "EncodedRequestUri": "L1N1YnNjcmlwdGlvbnMvN2M5NDNjMWItNTEyMi00MDk3LTkwYzgtODYxNDExYmRkNTc0L3Jlc291cmNlR3JvdXBzL0EyQVBvd2Vyc2hlbGxUZXN0UmcvcHJvdmlkZXJzL01pY3Jvc29mdC5SZWNvdmVyeVNlcnZpY2VzL3ZhdWx0cy9BMkFQb3dlcnNoZWxsVGVzdC9yZXBsaWNhdGlvblBvbGljaWVzL1Rlc3RQQ01Qb2xpY3kxP2FwaS12ZXJzaW9uPTIwMTYtMDgtMTA=",
      "RequestMethod": "DELETE",
      "RequestBody": "",
      "RequestHeaders": {
        "x-ms-client-request-id": [
          "2d260d79-ffed-415a-93d7-7389c6817733-2018-02-22 18:13:27Z-Ps"
        ],
        "accept-language": [
          "en-US"
        ],
        "Agent-Authentication": [
          "{\"NotBeforeTimestamp\":\"\\/Date(1519319607167)\\/\",\"NotAfterTimestamp\":\"\\/Date(1519924407167)\\/\",\"ClientRequestId\":\"2d260d79-ffed-415a-93d7-7389c6817733-2018-02-22 18:13:27Z-Ps\",\"HashFunction\":\"HMACSHA256\",\"Hmac\":\"hY8E7mJH1YbwY2WmzS3+R+KnaY4Lbvn0VJHCb8bTeGw=\",\"Version\":{\"Major\":1,\"Minor\":2,\"Build\":-1,\"Revision\":-1,\"MajorRevision\":-1,\"MinorRevision\":-1},\"PropertyBag\":{}}"
        ],
        "User-Agent": [
          "FxVersion/4.7.2633.0",
          "OSName/Windows10Enterprise",
          "OSVersion/6.3.16299",
          "Microsoft.Azure.Management.RecoveryServices.SiteRecovery.SiteRecoveryManagementClient/1.0.3.0"
        ]
      },
      "ResponseBody": "",
      "ResponseHeaders": {
        "Content-Length": [
          "0"
        ],
        "Expires": [
          "-1"
        ],
        "Pragma": [
          "no-cache"
        ],
        "Retry-After": [
          "30"
        ],
        "Azure-AsyncOperation": [
          "https://management.azure.com/Subscriptions/7c943c1b-5122-4097-90c8-861411bdd574/resourceGroups/A2APowershellTestRg/providers/Microsoft.RecoveryServices/vaults/A2APowershellTest/replicationJobs/4407579a-cd6d-4456-ba86-7c7b29c2deaa?api-version=2016-08-10"
        ],
        "x-ms-request-id": [
          "2d260d79-ffed-415a-93d7-7389c6817733-2018-02-22 18:13:27Z-Ps 2/22/2018 6:13:27 PM"
        ],
        "Strict-Transport-Security": [
          "max-age=31536000; includeSubDomains"
        ],
        "x-content-type-options": [
          "nosniff"
        ],
        "x-ms-client-request-id": [
          "2d260d79-ffed-415a-93d7-7389c6817733-2018-02-22 18:13:27Z-Ps"
        ],
        "x-ms-ratelimit-remaining-subscription-writes": [
          "1193"
        ],
        "x-ms-correlation-request-id": [
          "536af6c2-6b24-4bd0-9f5d-d07d510e8378"
        ],
        "x-ms-routing-request-id": [
          "SOUTHINDIA:20180222T181327Z:536af6c2-6b24-4bd0-9f5d-d07d510e8378"
        ],
        "Cache-Control": [
          "no-cache"
        ],
        "Date": [
          "Thu, 22 Feb 2018 18:13:27 GMT"
        ],
        "Location": [
          "https://management.azure.com/Subscriptions/7c943c1b-5122-4097-90c8-861411bdd574/resourceGroups/A2APowershellTestRg/providers/Microsoft.RecoveryServices/vaults/A2APowershellTest/replicationPolicies/TestPCMPolicy1/operationresults/4407579a-cd6d-4456-ba86-7c7b29c2deaa?api-version=2016-08-10"
        ],
        "X-Powered-By": [
          "ASP.NET"
        ]
      },
      "StatusCode": 202
    },
    {
      "RequestUri": "/Subscriptions/7c943c1b-5122-4097-90c8-861411bdd574/resourceGroups/A2APowershellTestRg/providers/Microsoft.RecoveryServices/vaults/A2APowershellTest/replicationJobs/4407579a-cd6d-4456-ba86-7c7b29c2deaa?api-version=2016-08-10",
      "EncodedRequestUri": "L1N1YnNjcmlwdGlvbnMvN2M5NDNjMWItNTEyMi00MDk3LTkwYzgtODYxNDExYmRkNTc0L3Jlc291cmNlR3JvdXBzL0EyQVBvd2Vyc2hlbGxUZXN0UmcvcHJvdmlkZXJzL01pY3Jvc29mdC5SZWNvdmVyeVNlcnZpY2VzL3ZhdWx0cy9BMkFQb3dlcnNoZWxsVGVzdC9yZXBsaWNhdGlvbkpvYnMvNDQwNzU3OWEtY2Q2ZC00NDU2LWJhODYtN2M3YjI5YzJkZWFhP2FwaS12ZXJzaW9uPTIwMTYtMDgtMTA=",
      "RequestMethod": "GET",
      "RequestBody": "",
      "RequestHeaders": {
        "x-ms-client-request-id": [
          "2b90c870-785c-4781-9af4-d06f294bab46-2018-02-22 18:13:27Z-Ps"
        ],
        "accept-language": [
          "en-US"
        ],
        "Agent-Authentication": [
          "{\"NotBeforeTimestamp\":\"\\/Date(1519319607633)\\/\",\"NotAfterTimestamp\":\"\\/Date(1519924407633)\\/\",\"ClientRequestId\":\"2b90c870-785c-4781-9af4-d06f294bab46-2018-02-22 18:13:27Z-Ps\",\"HashFunction\":\"HMACSHA256\",\"Hmac\":\"+t4v015e+lYW2uhBPmIHdNHDSg4ZQ2rHEx6y5IfsDF4=\",\"Version\":{\"Major\":1,\"Minor\":2,\"Build\":-1,\"Revision\":-1,\"MajorRevision\":-1,\"MinorRevision\":-1},\"PropertyBag\":{}}"
        ],
        "User-Agent": [
          "FxVersion/4.7.2633.0",
          "OSName/Windows10Enterprise",
          "OSVersion/6.3.16299",
          "Microsoft.Azure.Management.RecoveryServices.SiteRecovery.SiteRecoveryManagementClient/1.0.3.0"
        ]
      },
      "ResponseBody": "{\r\n  \"id\": \"/Subscriptions/7c943c1b-5122-4097-90c8-861411bdd574/resourceGroups/A2APowershellTestRg/providers/Microsoft.RecoveryServices/vaults/A2APowershellTest/replicationJobs/4407579a-cd6d-4456-ba86-7c7b29c2deaa\",\r\n  \"name\": \"4407579a-cd6d-4456-ba86-7c7b29c2deaa\",\r\n  \"properties\": {\r\n    \"activityId\": \"2d260d79-ffed-415a-93d7-7389c6817733-2018-02-22 18:13:27Z-Ps ActivityId: 536af6c2-6b24-4bd0-9f5d-d07d510e8378\",\r\n    \"scenarioName\": \"RemoveProtectionProfile\",\r\n    \"friendlyName\": \"Remove the replication policy\",\r\n    \"state\": \"Succeeded\",\r\n    \"stateDescription\": \"Completed\",\r\n    \"tasks\": [\r\n      {\r\n        \"taskId\": \"RemoveProtectionProfilePreflightsCheckTask\",\r\n        \"name\": \"RemoveProtectionProfilePreflightsCheckTask\",\r\n        \"startTime\": \"2018-02-22T18:13:27.7051626Z\",\r\n        \"endTime\": \"2018-02-22T18:13:27.7364603Z\",\r\n        \"allowedActions\": [],\r\n        \"friendlyName\": \"Checking prerequisites for replication policy removal\",\r\n        \"state\": \"Succeeded\",\r\n        \"stateDescription\": \"Completed\",\r\n        \"taskType\": \"TaskDetails\",\r\n        \"customDetails\": {\r\n          \"instanceType\": \"TaskDetails\"\r\n        },\r\n        \"groupTaskCustomDetails\": null,\r\n        \"errors\": []\r\n      },\r\n      {\r\n        \"taskId\": \"RemoveProtectionProfileTask\",\r\n        \"name\": \"RemoveProtectionProfileTask\",\r\n        \"startTime\": \"2018-02-22T18:13:27.7364603Z\",\r\n        \"endTime\": \"0001-01-01T00:00:00\",\r\n        \"allowedActions\": [],\r\n        \"friendlyName\": \"Removing the replication policy\",\r\n        \"state\": \"InProgress\",\r\n        \"stateDescription\": \"InProgress\",\r\n        \"taskType\": \"TaskDetails\",\r\n        \"customDetails\": {\r\n          \"instanceType\": \"TaskDetails\"\r\n        },\r\n        \"groupTaskCustomDetails\": null,\r\n        \"errors\": []\r\n      }\r\n    ],\r\n    \"errors\": [],\r\n    \"startTime\": \"2018-02-22T18:13:27.4299802Z\",\r\n    \"endTime\": \"2018-02-22T18:13:27Z\",\r\n    \"allowedActions\": [],\r\n    \"targetObjectId\": \"95a7cf60-81d3-5c3f-91a2-0d1c9c9e2910\",\r\n    \"targetObjectName\": \"TestPCMPolicy1\",\r\n    \"targetInstanceType\": \"ProtectionProfile\",\r\n    \"customDetails\": {\r\n      \"instanceType\": \"AsrJobDetails\",\r\n      \"affectedObjectDetails\": {}\r\n    }\r\n  }\r\n}",
      "ResponseHeaders": {
        "Content-Length": [
          "1699"
        ],
        "Content-Type": [
          "application/json"
        ],
        "Expires": [
          "-1"
        ],
        "Pragma": [
          "no-cache"
        ],
        "x-ms-request-id": [
          "/Subscriptions/7c943c1b-5122-4097-90c8-861411bdd574/resourceGroups/A2APowershellTestRg/providers/Microsoft.RecoveryServices/vaults/A2APowershellTest/replicationJobs/4407579a-cd6d-4456-ba86-7c7b29c2deaa"
        ],
        "Strict-Transport-Security": [
          "max-age=31536000; includeSubDomains"
        ],
        "Cache-Control": [
          "no-cache"
        ],
        "Server": [
          "Microsoft-IIS/8.0",
          "Microsoft-IIS/10.0"
        ],
        "X-AspNet-Version": [
          "4.0.30319"
        ],
        "X-Powered-By": [
          "ASP.NET"
        ],
        "x-content-type-options": [
          "nosniff"
        ],
        "x-ms-client-request-id": [
          "2b90c870-785c-4781-9af4-d06f294bab46-2018-02-22 18:13:27Z-Ps"
        ],
        "x-ms-ratelimit-remaining-subscription-reads": [
          "14742"
        ],
        "x-ms-correlation-request-id": [
          "9ad864f5-7dec-4f11-bcf9-4aa3773714d8"
        ],
        "x-ms-routing-request-id": [
          "SOUTHINDIA:20180222T181328Z:9ad864f5-7dec-4f11-bcf9-4aa3773714d8"
        ],
        "Date": [
          "Thu, 22 Feb 2018 18:13:28 GMT"
        ]
      },
      "StatusCode": 200
    },
    {
      "RequestUri": "/Subscriptions/7c943c1b-5122-4097-90c8-861411bdd574/resourceGroups/A2APowershellTestRg/providers/Microsoft.RecoveryServices/vaults/A2APowershellTest/replicationPolicies/eastUsToWestUs?api-version=2016-08-10",
      "EncodedRequestUri": "L1N1YnNjcmlwdGlvbnMvN2M5NDNjMWItNTEyMi00MDk3LTkwYzgtODYxNDExYmRkNTc0L3Jlc291cmNlR3JvdXBzL0EyQVBvd2Vyc2hlbGxUZXN0UmcvcHJvdmlkZXJzL01pY3Jvc29mdC5SZWNvdmVyeVNlcnZpY2VzL3ZhdWx0cy9BMkFQb3dlcnNoZWxsVGVzdC9yZXBsaWNhdGlvblBvbGljaWVzL2Vhc3RVc1RvV2VzdFVzP2FwaS12ZXJzaW9uPTIwMTYtMDgtMTA=",
      "RequestMethod": "DELETE",
      "RequestBody": "",
      "RequestHeaders": {
        "x-ms-client-request-id": [
          "068c6cb2-4409-442f-bc5b-df2d3c515e15-2018-02-22 18:13:28Z-Ps"
        ],
        "accept-language": [
          "en-US"
        ],
        "Agent-Authentication": [
          "{\"NotBeforeTimestamp\":\"\\/Date(1519319608042)\\/\",\"NotAfterTimestamp\":\"\\/Date(1519924408042)\\/\",\"ClientRequestId\":\"068c6cb2-4409-442f-bc5b-df2d3c515e15-2018-02-22 18:13:28Z-Ps\",\"HashFunction\":\"HMACSHA256\",\"Hmac\":\"gkynDExVxG45H6BpCqjtU4e2ESJiikXjwgO6IkLdJnI=\",\"Version\":{\"Major\":1,\"Minor\":2,\"Build\":-1,\"Revision\":-1,\"MajorRevision\":-1,\"MinorRevision\":-1},\"PropertyBag\":{}}"
        ],
        "User-Agent": [
          "FxVersion/4.7.2633.0",
          "OSName/Windows10Enterprise",
          "OSVersion/6.3.16299",
          "Microsoft.Azure.Management.RecoveryServices.SiteRecovery.SiteRecoveryManagementClient/1.0.3.0"
        ]
      },
      "ResponseBody": "",
      "ResponseHeaders": {
        "Content-Length": [
          "0"
        ],
        "Expires": [
          "-1"
        ],
        "Pragma": [
          "no-cache"
        ],
        "Retry-After": [
          "30"
        ],
        "Azure-AsyncOperation": [
          "https://management.azure.com/Subscriptions/7c943c1b-5122-4097-90c8-861411bdd574/resourceGroups/A2APowershellTestRg/providers/Microsoft.RecoveryServices/vaults/A2APowershellTest/replicationJobs/eff3ad04-149e-4240-8239-b40edbfcf6d7?api-version=2016-08-10"
        ],
        "x-ms-request-id": [
          "068c6cb2-4409-442f-bc5b-df2d3c515e15-2018-02-22 18:13:28Z-Ps 2/22/2018 6:13:28 PM"
        ],
        "Strict-Transport-Security": [
          "max-age=31536000; includeSubDomains"
        ],
        "x-content-type-options": [
          "nosniff"
        ],
        "x-ms-client-request-id": [
          "068c6cb2-4409-442f-bc5b-df2d3c515e15-2018-02-22 18:13:28Z-Ps"
        ],
        "x-ms-ratelimit-remaining-subscription-writes": [
          "1192"
        ],
        "x-ms-correlation-request-id": [
          "af31fe85-2fbb-4ccb-92c0-3ca0708bd4bc"
        ],
        "x-ms-routing-request-id": [
          "SOUTHINDIA:20180222T181328Z:af31fe85-2fbb-4ccb-92c0-3ca0708bd4bc"
        ],
        "Cache-Control": [
          "no-cache"
        ],
        "Date": [
          "Thu, 22 Feb 2018 18:13:28 GMT"
        ],
        "Location": [
          "https://management.azure.com/Subscriptions/7c943c1b-5122-4097-90c8-861411bdd574/resourceGroups/A2APowershellTestRg/providers/Microsoft.RecoveryServices/vaults/A2APowershellTest/replicationPolicies/eastUsToWestUs/operationresults/eff3ad04-149e-4240-8239-b40edbfcf6d7?api-version=2016-08-10"
        ],
        "X-Powered-By": [
          "ASP.NET"
        ]
      },
      "StatusCode": 202
    },
    {
      "RequestUri": "/Subscriptions/7c943c1b-5122-4097-90c8-861411bdd574/resourceGroups/A2APowershellTestRg/providers/Microsoft.RecoveryServices/vaults/A2APowershellTest/replicationJobs/eff3ad04-149e-4240-8239-b40edbfcf6d7?api-version=2016-08-10",
      "EncodedRequestUri": "L1N1YnNjcmlwdGlvbnMvN2M5NDNjMWItNTEyMi00MDk3LTkwYzgtODYxNDExYmRkNTc0L3Jlc291cmNlR3JvdXBzL0EyQVBvd2Vyc2hlbGxUZXN0UmcvcHJvdmlkZXJzL01pY3Jvc29mdC5SZWNvdmVyeVNlcnZpY2VzL3ZhdWx0cy9BMkFQb3dlcnNoZWxsVGVzdC9yZXBsaWNhdGlvbkpvYnMvZWZmM2FkMDQtMTQ5ZS00MjQwLTgyMzktYjQwZWRiZmNmNmQ3P2FwaS12ZXJzaW9uPTIwMTYtMDgtMTA=",
      "RequestMethod": "GET",
      "RequestBody": "",
      "RequestHeaders": {
        "x-ms-client-request-id": [
          "bb1dec61-321a-491d-939c-ff8910a82a8e-2018-02-22 18:13:28Z-Ps"
        ],
        "accept-language": [
          "en-US"
        ],
        "Agent-Authentication": [
          "{\"NotBeforeTimestamp\":\"\\/Date(1519319608632)\\/\",\"NotAfterTimestamp\":\"\\/Date(1519924408632)\\/\",\"ClientRequestId\":\"bb1dec61-321a-491d-939c-ff8910a82a8e-2018-02-22 18:13:28Z-Ps\",\"HashFunction\":\"HMACSHA256\",\"Hmac\":\"7Hw5vyhw7ZKQt2gKDuUj8TvGx84dCLuE8f6SPwIlMn4=\",\"Version\":{\"Major\":1,\"Minor\":2,\"Build\":-1,\"Revision\":-1,\"MajorRevision\":-1,\"MinorRevision\":-1},\"PropertyBag\":{}}"
        ],
        "User-Agent": [
          "FxVersion/4.7.2633.0",
          "OSName/Windows10Enterprise",
          "OSVersion/6.3.16299",
          "Microsoft.Azure.Management.RecoveryServices.SiteRecovery.SiteRecoveryManagementClient/1.0.3.0"
        ]
      },
      "ResponseBody": "{\r\n  \"id\": \"/Subscriptions/7c943c1b-5122-4097-90c8-861411bdd574/resourceGroups/A2APowershellTestRg/providers/Microsoft.RecoveryServices/vaults/A2APowershellTest/replicationJobs/eff3ad04-149e-4240-8239-b40edbfcf6d7\",\r\n  \"name\": \"eff3ad04-149e-4240-8239-b40edbfcf6d7\",\r\n  \"properties\": {\r\n    \"activityId\": \"068c6cb2-4409-442f-bc5b-df2d3c515e15-2018-02-22 18:13:28Z-Ps ActivityId: af31fe85-2fbb-4ccb-92c0-3ca0708bd4bc\",\r\n    \"scenarioName\": \"RemoveProtectionProfile\",\r\n    \"friendlyName\": \"Remove the replication policy\",\r\n    \"state\": \"InProgress\",\r\n    \"stateDescription\": \"InProgress\",\r\n    \"tasks\": [\r\n      {\r\n        \"taskId\": \"RemoveProtectionProfilePreflightsCheckTask\",\r\n        \"name\": \"RemoveProtectionProfilePreflightsCheckTask\",\r\n        \"startTime\": \"2018-02-22T18:13:28.7354165Z\",\r\n        \"endTime\": \"0001-01-01T00:00:00\",\r\n        \"allowedActions\": [],\r\n        \"friendlyName\": \"Checking prerequisites for replication policy removal\",\r\n        \"state\": \"InProgress\",\r\n        \"stateDescription\": \"InProgress\",\r\n        \"taskType\": \"TaskDetails\",\r\n        \"customDetails\": {\r\n          \"instanceType\": \"TaskDetails\"\r\n        },\r\n        \"groupTaskCustomDetails\": null,\r\n        \"errors\": [\r\n          {\r\n            \"serviceErrorDetails\": {\r\n              \"code\": \"15023\",\r\n              \"message\": \"The protection group could not be  deleted.\",\r\n              \"possibleCauses\": \"There are protection units configured for protection using this profile.\",\r\n              \"recommendedAction\": \"Remove the protection unit configurations which are using this profile, then retry the operation.\",\r\n              \"activityId\": \"068c6cb2-4409-442f-bc5b-df2d3c515e15-2018-02-22 18:13:28Z-Ps ActivityId: af31fe85-2fbb-4ccb-92c0-3ca0708bd4bc\"\r\n            },\r\n            \"providerErrorDetails\": {\r\n              \"errorCode\": 0,\r\n              \"errorMessage\": null,\r\n              \"errorId\": \"2e16e279-2b09-4398-8256-beca708e09b8\",\r\n              \"possibleCauses\": \"\",\r\n              \"recommendedAction\": \"\"\r\n            },\r\n            \"errorLevel\": \"Error\",\r\n            \"creationTime\": \"2018-02-22T18:13:28.7547247Z\",\r\n            \"taskId\": \"RemoveProtectionProfilePreflightsCheckTask\"\r\n          }\r\n        ]\r\n      },\r\n      {\r\n        \"taskId\": \"RemoveProtectionProfileTask\",\r\n        \"name\": \"RemoveProtectionProfileTask\",\r\n        \"startTime\": \"0001-01-01T00:00:00\",\r\n        \"endTime\": \"0001-01-01T00:00:00\",\r\n        \"allowedActions\": [],\r\n        \"friendlyName\": \"Removing the replication policy\",\r\n        \"state\": \"NotStarted\",\r\n        \"stateDescription\": \"NotStarted\",\r\n        \"taskType\": \"TaskDetails\",\r\n        \"customDetails\": {\r\n          \"instanceType\": \"TaskDetails\"\r\n        },\r\n        \"groupTaskCustomDetails\": null,\r\n        \"errors\": []\r\n      }\r\n    ],\r\n    \"errors\": [\r\n      {\r\n        \"serviceErrorDetails\": {\r\n          \"code\": \"15023\",\r\n          \"message\": \"The protection group could not be  deleted.\",\r\n          \"possibleCauses\": \"There are protection units configured for protection using this profile.\",\r\n          \"recommendedAction\": \"Remove the protection unit configurations which are using this profile, then retry the operation.\",\r\n          \"activityId\": \"068c6cb2-4409-442f-bc5b-df2d3c515e15-2018-02-22 18:13:28Z-Ps ActivityId: af31fe85-2fbb-4ccb-92c0-3ca0708bd4bc\"\r\n        },\r\n        \"providerErrorDetails\": {\r\n          \"errorCode\": 0,\r\n          \"errorMessage\": null,\r\n          \"errorId\": \"2e16e279-2b09-4398-8256-beca708e09b8\",\r\n          \"possibleCauses\": \"\",\r\n          \"recommendedAction\": \"\"\r\n        },\r\n        \"errorLevel\": \"Error\",\r\n        \"creationTime\": \"2018-02-22T18:13:28.7547247Z\",\r\n        \"taskId\": \"RemoveProtectionProfilePreflightsCheckTask\"\r\n      }\r\n    ],\r\n    \"startTime\": \"2018-02-22T18:13:28.339266Z\",\r\n    \"allowedActions\": [\r\n      \"Cancel\"\r\n    ],\r\n    \"targetObjectId\": \"f38a654f-3974-5e7e-b4c6-a8d2ab6719b6\",\r\n    \"targetObjectName\": \"eastUsToWestUs\",\r\n    \"targetInstanceType\": \"ProtectionProfile\",\r\n    \"customDetails\": {\r\n      \"instanceType\": \"AsrJobDetails\",\r\n      \"affectedObjectDetails\": {}\r\n    }\r\n  }\r\n}",
      "ResponseHeaders": {
        "Content-Length": [
          "3069"
        ],
        "Content-Type": [
          "application/json"
        ],
        "Expires": [
          "-1"
        ],
        "Pragma": [
          "no-cache"
        ],
        "x-ms-request-id": [
          "/Subscriptions/7c943c1b-5122-4097-90c8-861411bdd574/resourceGroups/A2APowershellTestRg/providers/Microsoft.RecoveryServices/vaults/A2APowershellTest/replicationJobs/eff3ad04-149e-4240-8239-b40edbfcf6d7"
        ],
        "Strict-Transport-Security": [
          "max-age=31536000; includeSubDomains"
        ],
        "Cache-Control": [
          "no-cache"
        ],
        "Server": [
          "Microsoft-IIS/8.0",
          "Microsoft-IIS/10.0"
        ],
        "X-AspNet-Version": [
          "4.0.30319"
        ],
        "X-Powered-By": [
          "ASP.NET"
        ],
        "x-content-type-options": [
          "nosniff"
        ],
        "x-ms-client-request-id": [
          "bb1dec61-321a-491d-939c-ff8910a82a8e-2018-02-22 18:13:28Z-Ps"
        ],
        "x-ms-ratelimit-remaining-subscription-reads": [
          "14741"
        ],
        "x-ms-correlation-request-id": [
          "ea8fcf00-87ca-44b7-90a6-0563b2bf3c8c"
        ],
        "x-ms-routing-request-id": [
          "SOUTHINDIA:20180222T181329Z:ea8fcf00-87ca-44b7-90a6-0563b2bf3c8c"
        ],
        "Date": [
          "Thu, 22 Feb 2018 18:13:28 GMT"
        ]
      },
      "StatusCode": 200
    },
    {
      "RequestUri": "/Subscriptions/7c943c1b-5122-4097-90c8-861411bdd574/resourceGroups/A2APowershellTestRg/providers/Microsoft.RecoveryServices/vaults/A2APowershellTest/replicationPolicies/TestPolicy?api-version=2016-08-10",
      "EncodedRequestUri": "L1N1YnNjcmlwdGlvbnMvN2M5NDNjMWItNTEyMi00MDk3LTkwYzgtODYxNDExYmRkNTc0L3Jlc291cmNlR3JvdXBzL0EyQVBvd2Vyc2hlbGxUZXN0UmcvcHJvdmlkZXJzL01pY3Jvc29mdC5SZWNvdmVyeVNlcnZpY2VzL3ZhdWx0cy9BMkFQb3dlcnNoZWxsVGVzdC9yZXBsaWNhdGlvblBvbGljaWVzL1Rlc3RQb2xpY3k/YXBpLXZlcnNpb249MjAxNi0wOC0xMA==",
      "RequestMethod": "PUT",
      "RequestBody": "{\r\n  \"properties\": {\r\n    \"providerSpecificInput\": {\r\n      \"instanceType\": \"A2A\",\r\n      \"recoveryPointHistory\": 600,\r\n      \"crashConsistentFrequencyInMinutes\": 5,\r\n      \"appConsistentFrequencyInMinutes\": 300,\r\n      \"multiVmSyncStatus\": \"Enable\"\r\n    }\r\n  }\r\n}",
      "RequestHeaders": {
        "Content-Type": [
          "application/json; charset=utf-8"
        ],
        "Content-Length": [
          "264"
        ],
        "x-ms-client-request-id": [
          "43b8a8d4-da82-4a95-8893-846d3c7ddf7d-2018-02-22 18:13:29Z-Ps"
        ],
        "accept-language": [
          "en-US"
        ],
        "Agent-Authentication": [
          "{\"NotBeforeTimestamp\":\"\\/Date(1519319609047)\\/\",\"NotAfterTimestamp\":\"\\/Date(1519924409047)\\/\",\"ClientRequestId\":\"43b8a8d4-da82-4a95-8893-846d3c7ddf7d-2018-02-22 18:13:29Z-Ps\",\"HashFunction\":\"HMACSHA256\",\"Hmac\":\"cpAKstBkD4Zlj9KiL63lnCAxGlWdjBPpPCZtL9EE1MY=\",\"Version\":{\"Major\":1,\"Minor\":2,\"Build\":-1,\"Revision\":-1,\"MajorRevision\":-1,\"MinorRevision\":-1},\"PropertyBag\":{}}"
        ],
        "User-Agent": [
          "FxVersion/4.7.2633.0",
          "OSName/Windows10Enterprise",
          "OSVersion/6.3.16299",
          "Microsoft.Azure.Management.RecoveryServices.SiteRecovery.SiteRecoveryManagementClient/1.0.3.0"
        ]
      },
      "ResponseBody": "",
      "ResponseHeaders": {
        "Content-Length": [
          "0"
        ],
        "Expires": [
          "-1"
        ],
        "Pragma": [
          "no-cache"
        ],
        "Retry-After": [
          "30"
        ],
        "Azure-AsyncOperation": [
          "https://management.azure.com/Subscriptions/7c943c1b-5122-4097-90c8-861411bdd574/resourceGroups/A2APowershellTestRg/providers/Microsoft.RecoveryServices/vaults/A2APowershellTest/replicationJobs/65020ecd-b4d0-4086-8c8c-e5ce776c764a?api-version=2016-08-10"
        ],
        "x-ms-request-id": [
          "43b8a8d4-da82-4a95-8893-846d3c7ddf7d-2018-02-22 18:13:29Z-Ps 2/22/2018 6:13:29 PM"
        ],
        "Strict-Transport-Security": [
          "max-age=31536000; includeSubDomains"
        ],
        "x-content-type-options": [
          "nosniff"
        ],
        "x-ms-client-request-id": [
          "43b8a8d4-da82-4a95-8893-846d3c7ddf7d-2018-02-22 18:13:29Z-Ps"
        ],
        "x-ms-ratelimit-remaining-subscription-writes": [
          "1191"
        ],
        "x-ms-correlation-request-id": [
          "25048a75-7d14-485d-8318-8dfdb145632c"
        ],
        "x-ms-routing-request-id": [
          "SOUTHINDIA:20180222T181330Z:25048a75-7d14-485d-8318-8dfdb145632c"
        ],
        "Cache-Control": [
          "no-cache"
        ],
        "Date": [
          "Thu, 22 Feb 2018 18:13:29 GMT"
        ],
        "Location": [
          "https://management.azure.com/Subscriptions/7c943c1b-5122-4097-90c8-861411bdd574/resourceGroups/A2APowershellTestRg/providers/Microsoft.RecoveryServices/vaults/A2APowershellTest/replicationPolicies/TestPolicy/operationresults/65020ecd-b4d0-4086-8c8c-e5ce776c764a?api-version=2016-08-10"
        ],
        "X-Powered-By": [
          "ASP.NET"
        ]
      },
      "StatusCode": 202
    },
    {
      "RequestUri": "/Subscriptions/7c943c1b-5122-4097-90c8-861411bdd574/resourceGroups/A2APowershellTestRg/providers/Microsoft.RecoveryServices/vaults/A2APowershellTest/replicationJobs/65020ecd-b4d0-4086-8c8c-e5ce776c764a?api-version=2016-08-10",
      "EncodedRequestUri": "L1N1YnNjcmlwdGlvbnMvN2M5NDNjMWItNTEyMi00MDk3LTkwYzgtODYxNDExYmRkNTc0L3Jlc291cmNlR3JvdXBzL0EyQVBvd2Vyc2hlbGxUZXN0UmcvcHJvdmlkZXJzL01pY3Jvc29mdC5SZWNvdmVyeVNlcnZpY2VzL3ZhdWx0cy9BMkFQb3dlcnNoZWxsVGVzdC9yZXBsaWNhdGlvbkpvYnMvNjUwMjBlY2QtYjRkMC00MDg2LThjOGMtZTVjZTc3NmM3NjRhP2FwaS12ZXJzaW9uPTIwMTYtMDgtMTA=",
      "RequestMethod": "GET",
      "RequestBody": "",
      "RequestHeaders": {
        "x-ms-client-request-id": [
          "c9eaf4a8-6d0d-4456-84e3-e3b473d021fb-2018-02-22 18:13:30Z-Ps"
        ],
        "accept-language": [
          "en-US"
        ],
        "Agent-Authentication": [
          "{\"NotBeforeTimestamp\":\"\\/Date(1519319610028)\\/\",\"NotAfterTimestamp\":\"\\/Date(1519924410028)\\/\",\"ClientRequestId\":\"c9eaf4a8-6d0d-4456-84e3-e3b473d021fb-2018-02-22 18:13:30Z-Ps\",\"HashFunction\":\"HMACSHA256\",\"Hmac\":\"skJY7BALE/A0W6iPziX1NEpfkZazZBO/zzb8qRWjUR4=\",\"Version\":{\"Major\":1,\"Minor\":2,\"Build\":-1,\"Revision\":-1,\"MajorRevision\":-1,\"MinorRevision\":-1},\"PropertyBag\":{}}"
        ],
        "User-Agent": [
          "FxVersion/4.7.2633.0",
          "OSName/Windows10Enterprise",
          "OSVersion/6.3.16299",
          "Microsoft.Azure.Management.RecoveryServices.SiteRecovery.SiteRecoveryManagementClient/1.0.3.0"
        ]
      },
      "ResponseBody": "{\r\n  \"id\": \"/Subscriptions/7c943c1b-5122-4097-90c8-861411bdd574/resourceGroups/A2APowershellTestRg/providers/Microsoft.RecoveryServices/vaults/A2APowershellTest/replicationJobs/65020ecd-b4d0-4086-8c8c-e5ce776c764a\",\r\n  \"name\": \"65020ecd-b4d0-4086-8c8c-e5ce776c764a\",\r\n  \"properties\": {\r\n    \"activityId\": \"43b8a8d4-da82-4a95-8893-846d3c7ddf7d-2018-02-22 18:13:29Z-Ps ActivityId: 25048a75-7d14-485d-8318-8dfdb145632c\",\r\n    \"scenarioName\": \"AddProtectionProfile\",\r\n    \"friendlyName\": \"Create replication policy\",\r\n    \"state\": \"InProgress\",\r\n    \"stateDescription\": \"InProgress\",\r\n    \"tasks\": [\r\n      {\r\n        \"taskId\": \"AddProtectionProfilePreflightsCheckTask\",\r\n        \"name\": \"AddProtectionProfilePreflightsCheckTask\",\r\n        \"startTime\": \"2018-02-22T18:13:30.1572434Z\",\r\n        \"endTime\": \"2018-02-22T18:13:30.1884929Z\",\r\n        \"allowedActions\": [],\r\n        \"friendlyName\": \"Prerequisites check for creating the replication policy\",\r\n        \"state\": \"Succeeded\",\r\n        \"stateDescription\": \"Completed\",\r\n        \"taskType\": \"TaskDetails\",\r\n        \"customDetails\": {\r\n          \"instanceType\": \"TaskDetails\"\r\n        },\r\n        \"groupTaskCustomDetails\": null,\r\n        \"errors\": []\r\n      },\r\n      {\r\n        \"taskId\": \"AddProtectionProfileTask\",\r\n        \"name\": \"AddProtectionProfileTask\",\r\n        \"startTime\": \"2018-02-22T18:13:30.1884929Z\",\r\n        \"endTime\": \"0001-01-01T00:00:00\",\r\n        \"allowedActions\": [],\r\n        \"friendlyName\": \"Creating the replication policy\",\r\n        \"state\": \"InProgress\",\r\n        \"stateDescription\": \"InProgress\",\r\n        \"taskType\": \"TaskDetails\",\r\n        \"customDetails\": {\r\n          \"instanceType\": \"TaskDetails\"\r\n        },\r\n        \"groupTaskCustomDetails\": null,\r\n        \"errors\": []\r\n      }\r\n    ],\r\n    \"errors\": [],\r\n    \"startTime\": \"2018-02-22T18:13:29.8277186Z\",\r\n    \"allowedActions\": [\r\n      \"Cancel\"\r\n    ],\r\n    \"targetObjectId\": \"9ba0ac1f-63e7-5c43-b1d6-9550cc9ae833\",\r\n    \"targetObjectName\": \"TestPolicy\",\r\n    \"targetInstanceType\": \"ProtectionProfile\",\r\n    \"customDetails\": {\r\n      \"instanceType\": \"AsrJobDetails\",\r\n      \"affectedObjectDetails\": {}\r\n    }\r\n  }\r\n}",
      "ResponseHeaders": {
        "Content-Length": [
          "1655"
        ],
        "Content-Type": [
          "application/json"
        ],
        "Expires": [
          "-1"
        ],
        "Pragma": [
          "no-cache"
        ],
        "x-ms-request-id": [
          "/Subscriptions/7c943c1b-5122-4097-90c8-861411bdd574/resourceGroups/A2APowershellTestRg/providers/Microsoft.RecoveryServices/vaults/A2APowershellTest/replicationJobs/65020ecd-b4d0-4086-8c8c-e5ce776c764a"
        ],
        "Strict-Transport-Security": [
          "max-age=31536000; includeSubDomains"
        ],
        "Cache-Control": [
          "no-cache"
        ],
        "Server": [
          "Microsoft-IIS/8.0",
          "Microsoft-IIS/10.0"
        ],
        "X-AspNet-Version": [
          "4.0.30319"
        ],
        "X-Powered-By": [
          "ASP.NET"
        ],
        "x-content-type-options": [
          "nosniff"
        ],
        "x-ms-client-request-id": [
          "c9eaf4a8-6d0d-4456-84e3-e3b473d021fb-2018-02-22 18:13:30Z-Ps"
        ],
        "x-ms-ratelimit-remaining-subscription-reads": [
          "14740"
        ],
        "x-ms-correlation-request-id": [
          "0657a02e-e6c5-4ad6-b1e4-bb3b56739b30"
        ],
        "x-ms-routing-request-id": [
          "SOUTHINDIA:20180222T181330Z:0657a02e-e6c5-4ad6-b1e4-bb3b56739b30"
        ],
        "Date": [
          "Thu, 22 Feb 2018 18:13:30 GMT"
        ]
      },
      "StatusCode": 200
    },
    {
      "RequestUri": "/Subscriptions/7c943c1b-5122-4097-90c8-861411bdd574/resourceGroups/A2APowershellTestRg/providers/Microsoft.RecoveryServices/vaults/A2APowershellTest/replicationJobs/65020ecd-b4d0-4086-8c8c-e5ce776c764a?api-version=2016-08-10",
      "EncodedRequestUri": "L1N1YnNjcmlwdGlvbnMvN2M5NDNjMWItNTEyMi00MDk3LTkwYzgtODYxNDExYmRkNTc0L3Jlc291cmNlR3JvdXBzL0EyQVBvd2Vyc2hlbGxUZXN0UmcvcHJvdmlkZXJzL01pY3Jvc29mdC5SZWNvdmVyeVNlcnZpY2VzL3ZhdWx0cy9BMkFQb3dlcnNoZWxsVGVzdC9yZXBsaWNhdGlvbkpvYnMvNjUwMjBlY2QtYjRkMC00MDg2LThjOGMtZTVjZTc3NmM3NjRhP2FwaS12ZXJzaW9uPTIwMTYtMDgtMTA=",
      "RequestMethod": "GET",
      "RequestBody": "",
      "RequestHeaders": {
        "x-ms-client-request-id": [
          "f88beeb5-e257-4be5-b293-4cc462573ecd-2018-02-22 18:13:30Z-Ps"
        ],
        "accept-language": [
          "en-US"
        ],
        "Agent-Authentication": [
          "{\"NotBeforeTimestamp\":\"\\/Date(1519319610413)\\/\",\"NotAfterTimestamp\":\"\\/Date(1519924410413)\\/\",\"ClientRequestId\":\"f88beeb5-e257-4be5-b293-4cc462573ecd-2018-02-22 18:13:30Z-Ps\",\"HashFunction\":\"HMACSHA256\",\"Hmac\":\"z2x/plSnFp6WlBlrrxS7pHWyCkaf3IMrxCMigIif3p8=\",\"Version\":{\"Major\":1,\"Minor\":2,\"Build\":-1,\"Revision\":-1,\"MajorRevision\":-1,\"MinorRevision\":-1},\"PropertyBag\":{}}"
        ],
        "User-Agent": [
          "FxVersion/4.7.2633.0",
          "OSName/Windows10Enterprise",
          "OSVersion/6.3.16299",
          "Microsoft.Azure.Management.RecoveryServices.SiteRecovery.SiteRecoveryManagementClient/1.0.3.0"
        ]
      },
      "ResponseBody": "{\r\n  \"id\": \"/Subscriptions/7c943c1b-5122-4097-90c8-861411bdd574/resourceGroups/A2APowershellTestRg/providers/Microsoft.RecoveryServices/vaults/A2APowershellTest/replicationJobs/65020ecd-b4d0-4086-8c8c-e5ce776c764a\",\r\n  \"name\": \"65020ecd-b4d0-4086-8c8c-e5ce776c764a\",\r\n  \"properties\": {\r\n    \"activityId\": \"43b8a8d4-da82-4a95-8893-846d3c7ddf7d-2018-02-22 18:13:29Z-Ps ActivityId: 25048a75-7d14-485d-8318-8dfdb145632c\",\r\n    \"scenarioName\": \"AddProtectionProfile\",\r\n    \"friendlyName\": \"Create replication policy\",\r\n    \"state\": \"Succeeded\",\r\n    \"stateDescription\": \"Completed\",\r\n    \"tasks\": [\r\n      {\r\n        \"taskId\": \"AddProtectionProfilePreflightsCheckTask\",\r\n        \"name\": \"AddProtectionProfilePreflightsCheckTask\",\r\n        \"startTime\": \"2018-02-22T18:13:30.1572434Z\",\r\n        \"endTime\": \"2018-02-22T18:13:30.2509698Z\",\r\n        \"allowedActions\": [],\r\n        \"friendlyName\": \"Prerequisites check for creating the replication policy\",\r\n        \"state\": \"Succeeded\",\r\n        \"stateDescription\": \"Completed\",\r\n        \"taskType\": \"TaskDetails\",\r\n        \"customDetails\": {\r\n          \"instanceType\": \"TaskDetails\"\r\n        },\r\n        \"groupTaskCustomDetails\": null,\r\n        \"errors\": []\r\n      },\r\n      {\r\n        \"taskId\": \"AddProtectionProfileTask\",\r\n        \"name\": \"AddProtectionProfileTask\",\r\n        \"startTime\": \"2018-02-22T18:13:30.2509698Z\",\r\n        \"endTime\": \"2018-02-22T18:13:30.2509698Z\",\r\n        \"allowedActions\": [],\r\n        \"friendlyName\": \"Creating the replication policy\",\r\n        \"state\": \"Succeeded\",\r\n        \"stateDescription\": \"Completed\",\r\n        \"taskType\": \"TaskDetails\",\r\n        \"customDetails\": {\r\n          \"instanceType\": \"TaskDetails\"\r\n        },\r\n        \"groupTaskCustomDetails\": null,\r\n        \"errors\": []\r\n      }\r\n    ],\r\n    \"errors\": [],\r\n    \"startTime\": \"2018-02-22T18:13:29.8277186Z\",\r\n    \"endTime\": \"2018-02-22T18:13:30Z\",\r\n    \"allowedActions\": [],\r\n    \"targetObjectId\": \"9ba0ac1f-63e7-5c43-b1d6-9550cc9ae833\",\r\n    \"targetObjectName\": \"TestPolicy\",\r\n    \"targetInstanceType\": \"ProtectionProfile\",\r\n    \"customDetails\": {\r\n      \"instanceType\": \"AsrJobDetails\",\r\n      \"affectedObjectDetails\": {}\r\n    }\r\n  }\r\n}",
      "ResponseHeaders": {
        "Content-Length": [
          "1685"
        ],
        "Content-Type": [
          "application/json"
        ],
        "Expires": [
          "-1"
        ],
        "Pragma": [
          "no-cache"
        ],
        "x-ms-request-id": [
          "/Subscriptions/7c943c1b-5122-4097-90c8-861411bdd574/resourceGroups/A2APowershellTestRg/providers/Microsoft.RecoveryServices/vaults/A2APowershellTest/replicationJobs/65020ecd-b4d0-4086-8c8c-e5ce776c764a"
        ],
        "Strict-Transport-Security": [
          "max-age=31536000; includeSubDomains"
        ],
        "Cache-Control": [
          "no-cache"
        ],
        "Server": [
          "Microsoft-IIS/8.0",
          "Microsoft-IIS/10.0"
        ],
        "X-AspNet-Version": [
          "4.0.30319"
        ],
        "X-Powered-By": [
          "ASP.NET"
        ],
        "x-content-type-options": [
          "nosniff"
        ],
        "x-ms-client-request-id": [
          "f88beeb5-e257-4be5-b293-4cc462573ecd-2018-02-22 18:13:30Z-Ps"
        ],
        "x-ms-ratelimit-remaining-subscription-reads": [
          "14739"
        ],
        "x-ms-correlation-request-id": [
          "97b3b0a5-5335-4de6-9752-24415498ff6b"
        ],
        "x-ms-routing-request-id": [
          "SOUTHINDIA:20180222T181330Z:97b3b0a5-5335-4de6-9752-24415498ff6b"
        ],
        "Date": [
          "Thu, 22 Feb 2018 18:13:30 GMT"
        ]
      },
      "StatusCode": 200
    },
    {
      "RequestUri": "/Subscriptions/7c943c1b-5122-4097-90c8-861411bdd574/resourceGroups/A2APowershellTestRg/providers/Microsoft.RecoveryServices/vaults/A2APowershellTest/replicationPolicies/TestPolicy?api-version=2016-08-10",
      "EncodedRequestUri": "L1N1YnNjcmlwdGlvbnMvN2M5NDNjMWItNTEyMi00MDk3LTkwYzgtODYxNDExYmRkNTc0L3Jlc291cmNlR3JvdXBzL0EyQVBvd2Vyc2hlbGxUZXN0UmcvcHJvdmlkZXJzL01pY3Jvc29mdC5SZWNvdmVyeVNlcnZpY2VzL3ZhdWx0cy9BMkFQb3dlcnNoZWxsVGVzdC9yZXBsaWNhdGlvblBvbGljaWVzL1Rlc3RQb2xpY3k/YXBpLXZlcnNpb249MjAxNi0wOC0xMA==",
      "RequestMethod": "GET",
      "RequestBody": "",
      "RequestHeaders": {
        "x-ms-client-request-id": [
          "011cd108-4c9f-4eaf-9d64-4497c19c2bdc-2018-02-22 18:13:30Z-Ps"
        ],
        "accept-language": [
          "en-US"
        ],
        "Agent-Authentication": [
          "{\"NotBeforeTimestamp\":\"\\/Date(1519319610787)\\/\",\"NotAfterTimestamp\":\"\\/Date(1519924410787)\\/\",\"ClientRequestId\":\"011cd108-4c9f-4eaf-9d64-4497c19c2bdc-2018-02-22 18:13:30Z-Ps\",\"HashFunction\":\"HMACSHA256\",\"Hmac\":\"CqJjOXYwuwEYDl0qGJ1r16gCntZlsutIK5E8Idqmy9o=\",\"Version\":{\"Major\":1,\"Minor\":2,\"Build\":-1,\"Revision\":-1,\"MajorRevision\":-1,\"MinorRevision\":-1},\"PropertyBag\":{}}"
        ],
        "User-Agent": [
          "FxVersion/4.7.2633.0",
          "OSName/Windows10Enterprise",
          "OSVersion/6.3.16299",
          "Microsoft.Azure.Management.RecoveryServices.SiteRecovery.SiteRecoveryManagementClient/1.0.3.0"
        ]
      },
      "ResponseBody": "{\r\n  \"id\": \"/Subscriptions/7c943c1b-5122-4097-90c8-861411bdd574/resourceGroups/A2APowershellTestRg/providers/Microsoft.RecoveryServices/vaults/A2APowershellTest/replicationPolicies/TestPolicy\",\r\n  \"name\": \"TestPolicy\",\r\n  \"type\": \"Microsoft.RecoveryServices/vaults/replicationPolicies\",\r\n  \"properties\": {\r\n    \"friendlyName\": \"TestPolicy\",\r\n    \"providerSpecificDetails\": {\r\n      \"instanceType\": \"A2A\",\r\n      \"recoveryPointThresholdInMinutes\": 0,\r\n      \"recoveryPointHistory\": 600,\r\n      \"appConsistentFrequencyInMinutes\": 300,\r\n      \"multiVmSyncStatus\": \"Enabled\",\r\n      \"crashConsistentFrequencyInMinutes\": 5\r\n    }\r\n  }\r\n}",
      "ResponseHeaders": {
        "Content-Length": [
          "532"
        ],
        "Content-Type": [
          "application/json"
        ],
        "Expires": [
          "-1"
        ],
        "Pragma": [
          "no-cache"
        ],
        "x-ms-request-id": [
          "011cd108-4c9f-4eaf-9d64-4497c19c2bdc-2018-02-22 18:13:30Z-Ps 2/22/2018 6:13:30 PM"
        ],
        "Strict-Transport-Security": [
          "max-age=31536000; includeSubDomains"
        ],
        "Cache-Control": [
          "no-cache"
        ],
        "Server": [
          "Microsoft-IIS/8.0",
          "Microsoft-IIS/10.0"
        ],
        "X-AspNet-Version": [
          "4.0.30319"
        ],
        "X-Powered-By": [
          "ASP.NET"
        ],
        "x-content-type-options": [
          "nosniff"
        ],
        "x-ms-client-request-id": [
          "011cd108-4c9f-4eaf-9d64-4497c19c2bdc-2018-02-22 18:13:30Z-Ps"
        ],
        "x-ms-ratelimit-remaining-subscription-reads": [
          "14738"
        ],
        "x-ms-correlation-request-id": [
          "c15f5ec1-3d0e-4bec-9fb7-06320265d674"
        ],
        "x-ms-routing-request-id": [
          "SOUTHINDIA:20180222T181331Z:c15f5ec1-3d0e-4bec-9fb7-06320265d674"
        ],
        "Date": [
          "Thu, 22 Feb 2018 18:13:31 GMT"
        ]
      },
      "StatusCode": 200
    },
    {
      "RequestUri": "/Subscriptions/7c943c1b-5122-4097-90c8-861411bdd574/resourceGroups/A2APowershellTestRg/providers/Microsoft.RecoveryServices/vaults/A2APowershellTest/replicationPolicies/TestPolicy?api-version=2016-08-10",
      "EncodedRequestUri": "L1N1YnNjcmlwdGlvbnMvN2M5NDNjMWItNTEyMi00MDk3LTkwYzgtODYxNDExYmRkNTc0L3Jlc291cmNlR3JvdXBzL0EyQVBvd2Vyc2hlbGxUZXN0UmcvcHJvdmlkZXJzL01pY3Jvc29mdC5SZWNvdmVyeVNlcnZpY2VzL3ZhdWx0cy9BMkFQb3dlcnNoZWxsVGVzdC9yZXBsaWNhdGlvblBvbGljaWVzL1Rlc3RQb2xpY3k/YXBpLXZlcnNpb249MjAxNi0wOC0xMA==",
      "RequestMethod": "GET",
      "RequestBody": "",
      "RequestHeaders": {
        "x-ms-client-request-id": [
          "3fed928a-0322-411c-99aa-bb37d754f784-2018-02-22 18:13:31Z-Ps"
        ],
        "accept-language": [
          "en-US"
        ],
        "Agent-Authentication": [
          "{\"NotBeforeTimestamp\":\"\\/Date(1519319611180)\\/\",\"NotAfterTimestamp\":\"\\/Date(1519924411180)\\/\",\"ClientRequestId\":\"3fed928a-0322-411c-99aa-bb37d754f784-2018-02-22 18:13:31Z-Ps\",\"HashFunction\":\"HMACSHA256\",\"Hmac\":\"Ey4aY113sGKbUzozSjLlMIGb0bi10SuroDzNJde1bwI=\",\"Version\":{\"Major\":1,\"Minor\":2,\"Build\":-1,\"Revision\":-1,\"MajorRevision\":-1,\"MinorRevision\":-1},\"PropertyBag\":{}}"
        ],
        "User-Agent": [
          "FxVersion/4.7.2633.0",
          "OSName/Windows10Enterprise",
          "OSVersion/6.3.16299",
          "Microsoft.Azure.Management.RecoveryServices.SiteRecovery.SiteRecoveryManagementClient/1.0.3.0"
        ]
      },
      "ResponseBody": "{\r\n  \"id\": \"/Subscriptions/7c943c1b-5122-4097-90c8-861411bdd574/resourceGroups/A2APowershellTestRg/providers/Microsoft.RecoveryServices/vaults/A2APowershellTest/replicationPolicies/TestPolicy\",\r\n  \"name\": \"TestPolicy\",\r\n  \"type\": \"Microsoft.RecoveryServices/vaults/replicationPolicies\",\r\n  \"properties\": {\r\n    \"friendlyName\": \"TestPolicy\",\r\n    \"providerSpecificDetails\": {\r\n      \"instanceType\": \"A2A\",\r\n      \"recoveryPointThresholdInMinutes\": 0,\r\n      \"recoveryPointHistory\": 600,\r\n      \"appConsistentFrequencyInMinutes\": 300,\r\n      \"multiVmSyncStatus\": \"Enabled\",\r\n      \"crashConsistentFrequencyInMinutes\": 5\r\n    }\r\n  }\r\n}",
      "ResponseHeaders": {
        "Content-Length": [
          "532"
        ],
        "Content-Type": [
          "application/json"
        ],
        "Expires": [
          "-1"
        ],
        "Pragma": [
          "no-cache"
        ],
        "x-ms-request-id": [
          "3fed928a-0322-411c-99aa-bb37d754f784-2018-02-22 18:13:31Z-Ps 2/22/2018 6:13:31 PM"
        ],
        "Strict-Transport-Security": [
          "max-age=31536000; includeSubDomains"
        ],
        "Cache-Control": [
          "no-cache"
        ],
        "Server": [
          "Microsoft-IIS/8.0",
          "Microsoft-IIS/10.0"
        ],
        "X-AspNet-Version": [
          "4.0.30319"
        ],
        "X-Powered-By": [
          "ASP.NET"
        ],
        "x-content-type-options": [
          "nosniff"
        ],
        "x-ms-client-request-id": [
          "3fed928a-0322-411c-99aa-bb37d754f784-2018-02-22 18:13:31Z-Ps"
        ],
        "x-ms-ratelimit-remaining-subscription-reads": [
          "14737"
        ],
        "x-ms-correlation-request-id": [
          "19d3b1c7-ec72-4f17-b181-4c3db1325424"
        ],
        "x-ms-routing-request-id": [
          "SOUTHINDIA:20180222T181331Z:19d3b1c7-ec72-4f17-b181-4c3db1325424"
        ],
        "Date": [
          "Thu, 22 Feb 2018 18:13:31 GMT"
        ]
      },
      "StatusCode": 200
    },
    {
      "RequestUri": "/Subscriptions/7c943c1b-5122-4097-90c8-861411bdd574/resourceGroups/A2APowershellTestRg/providers/Microsoft.RecoveryServices/vaults/A2APowershellTest/replicationPolicies/TestPolicy?api-version=2016-08-10",
      "EncodedRequestUri": "L1N1YnNjcmlwdGlvbnMvN2M5NDNjMWItNTEyMi00MDk3LTkwYzgtODYxNDExYmRkNTc0L3Jlc291cmNlR3JvdXBzL0EyQVBvd2Vyc2hlbGxUZXN0UmcvcHJvdmlkZXJzL01pY3Jvc29mdC5SZWNvdmVyeVNlcnZpY2VzL3ZhdWx0cy9BMkFQb3dlcnNoZWxsVGVzdC9yZXBsaWNhdGlvblBvbGljaWVzL1Rlc3RQb2xpY3k/YXBpLXZlcnNpb249MjAxNi0wOC0xMA==",
      "RequestMethod": "GET",
      "RequestBody": "",
      "RequestHeaders": {
        "x-ms-client-request-id": [
          "c41fa6bf-a453-4746-abaa-5dd2a7382f09-2018-02-22 18:13:33Z-Ps"
        ],
        "accept-language": [
          "en-US"
        ],
        "Agent-Authentication": [
          "{\"NotBeforeTimestamp\":\"\\/Date(1519319613319)\\/\",\"NotAfterTimestamp\":\"\\/Date(1519924413319)\\/\",\"ClientRequestId\":\"c41fa6bf-a453-4746-abaa-5dd2a7382f09-2018-02-22 18:13:33Z-Ps\",\"HashFunction\":\"HMACSHA256\",\"Hmac\":\"Yb9pHYXHB27y3NViiQk3vdGZtRHbHsg+4VINJbVCJJ8=\",\"Version\":{\"Major\":1,\"Minor\":2,\"Build\":-1,\"Revision\":-1,\"MajorRevision\":-1,\"MinorRevision\":-1},\"PropertyBag\":{}}"
        ],
        "User-Agent": [
          "FxVersion/4.7.2633.0",
          "OSName/Windows10Enterprise",
          "OSVersion/6.3.16299",
          "Microsoft.Azure.Management.RecoveryServices.SiteRecovery.SiteRecoveryManagementClient/1.0.3.0"
        ]
      },
      "ResponseBody": "{\r\n  \"id\": \"/Subscriptions/7c943c1b-5122-4097-90c8-861411bdd574/resourceGroups/A2APowershellTestRg/providers/Microsoft.RecoveryServices/vaults/A2APowershellTest/replicationPolicies/TestPolicy\",\r\n  \"name\": \"TestPolicy\",\r\n  \"type\": \"Microsoft.RecoveryServices/vaults/replicationPolicies\",\r\n  \"properties\": {\r\n    \"friendlyName\": \"TestPolicy\",\r\n    \"providerSpecificDetails\": {\r\n      \"instanceType\": \"A2A\",\r\n      \"recoveryPointThresholdInMinutes\": 0,\r\n      \"recoveryPointHistory\": 900,\r\n      \"appConsistentFrequencyInMinutes\": 300,\r\n      \"multiVmSyncStatus\": \"Enabled\",\r\n      \"crashConsistentFrequencyInMinutes\": 5\r\n    }\r\n  }\r\n}",
      "ResponseHeaders": {
        "Content-Length": [
          "532"
        ],
        "Content-Type": [
          "application/json"
        ],
        "Expires": [
          "-1"
        ],
        "Pragma": [
          "no-cache"
        ],
        "x-ms-request-id": [
          "c41fa6bf-a453-4746-abaa-5dd2a7382f09-2018-02-22 18:13:33Z-Ps 2/22/2018 6:13:33 PM"
        ],
        "Strict-Transport-Security": [
          "max-age=31536000; includeSubDomains"
        ],
        "Cache-Control": [
          "no-cache"
        ],
        "Server": [
          "Microsoft-IIS/8.0",
          "Microsoft-IIS/10.0"
        ],
        "X-AspNet-Version": [
          "4.0.30319"
        ],
        "X-Powered-By": [
          "ASP.NET"
        ],
        "x-content-type-options": [
          "nosniff"
        ],
        "x-ms-client-request-id": [
          "c41fa6bf-a453-4746-abaa-5dd2a7382f09-2018-02-22 18:13:33Z-Ps"
        ],
        "x-ms-ratelimit-remaining-subscription-reads": [
          "14732"
        ],
        "x-ms-correlation-request-id": [
          "610eb886-c7f4-4315-a20e-4e68c1387ca3"
        ],
        "x-ms-routing-request-id": [
          "SOUTHINDIA:20180222T181333Z:610eb886-c7f4-4315-a20e-4e68c1387ca3"
        ],
        "Date": [
          "Thu, 22 Feb 2018 18:13:33 GMT"
        ]
      },
      "StatusCode": 200
    },
    {
      "RequestUri": "/Subscriptions/7c943c1b-5122-4097-90c8-861411bdd574/resourceGroups/A2APowershellTestRg/providers/Microsoft.RecoveryServices/vaults/A2APowershellTest/replicationPolicies/TestPolicy?api-version=2016-08-10",
      "EncodedRequestUri": "L1N1YnNjcmlwdGlvbnMvN2M5NDNjMWItNTEyMi00MDk3LTkwYzgtODYxNDExYmRkNTc0L3Jlc291cmNlR3JvdXBzL0EyQVBvd2Vyc2hlbGxUZXN0UmcvcHJvdmlkZXJzL01pY3Jvc29mdC5SZWNvdmVyeVNlcnZpY2VzL3ZhdWx0cy9BMkFQb3dlcnNoZWxsVGVzdC9yZXBsaWNhdGlvblBvbGljaWVzL1Rlc3RQb2xpY3k/YXBpLXZlcnNpb249MjAxNi0wOC0xMA==",
      "RequestMethod": "PATCH",
      "RequestBody": "{\r\n  \"properties\": {\r\n    \"replicationProviderSettings\": {\r\n      \"instanceType\": \"A2A\",\r\n      \"recoveryPointHistory\": 900,\r\n      \"crashConsistentFrequencyInMinutes\": 5,\r\n      \"appConsistentFrequencyInMinutes\": 300,\r\n      \"multiVmSyncStatus\": \"Enable\"\r\n    }\r\n  }\r\n}",
      "RequestHeaders": {
        "Content-Type": [
          "application/json; charset=utf-8"
        ],
        "Content-Length": [
          "270"
        ],
        "x-ms-client-request-id": [
          "d45e28ca-3fae-4bf7-974e-6eaf365fd048-2018-02-22 18:13:31Z-Ps"
        ],
        "accept-language": [
          "en-US"
        ],
        "Agent-Authentication": [
          "{\"NotBeforeTimestamp\":\"\\/Date(1519319611536)\\/\",\"NotAfterTimestamp\":\"\\/Date(1519924411536)\\/\",\"ClientRequestId\":\"d45e28ca-3fae-4bf7-974e-6eaf365fd048-2018-02-22 18:13:31Z-Ps\",\"HashFunction\":\"HMACSHA256\",\"Hmac\":\"z+iqGRu5AxyZWY0JlaWspdHXJCQAVxJk8j9570nCzuA=\",\"Version\":{\"Major\":1,\"Minor\":2,\"Build\":-1,\"Revision\":-1,\"MajorRevision\":-1,\"MinorRevision\":-1},\"PropertyBag\":{}}"
        ],
        "User-Agent": [
          "FxVersion/4.7.2633.0",
          "OSName/Windows10Enterprise",
          "OSVersion/6.3.16299",
          "Microsoft.Azure.Management.RecoveryServices.SiteRecovery.SiteRecoveryManagementClient/1.0.3.0"
        ]
      },
      "ResponseBody": "",
      "ResponseHeaders": {
        "Content-Length": [
          "0"
        ],
        "Expires": [
          "-1"
        ],
        "Pragma": [
          "no-cache"
        ],
        "Retry-After": [
          "30"
        ],
        "x-ms-request-id": [
          "/Subscriptions/7c943c1b-5122-4097-90c8-861411bdd574/resourceGroups/A2APowershellTestRg/providers/Microsoft.RecoveryServices/vaults/A2APowershellTest/replicationJobs/5a606132-c322-48fc-8bce-62ad714d4f73",
          "d45e28ca-3fae-4bf7-974e-6eaf365fd048-2018-02-22 18:13:31Z-Ps 2/22/2018 6:13:32 PM"
        ],
        "Azure-AsyncOperation": [
          "https://management.azure.com/Subscriptions/7c943c1b-5122-4097-90c8-861411bdd574/resourceGroups/A2APowershellTestRg/providers/Microsoft.RecoveryServices/vaults/A2APowershellTest/replicationJobs/5a606132-c322-48fc-8bce-62ad714d4f73?api-version=2016-08-10"
        ],
        "Strict-Transport-Security": [
          "max-age=31536000; includeSubDomains"
        ],
        "x-content-type-options": [
          "nosniff"
        ],
        "x-ms-client-request-id": [
          "d45e28ca-3fae-4bf7-974e-6eaf365fd048-2018-02-22 18:13:31Z-Ps"
        ],
        "x-ms-ratelimit-remaining-subscription-writes": [
          "1190"
        ],
        "x-ms-correlation-request-id": [
          "5aec19b0-f734-49f5-a939-434eb0698275"
        ],
        "x-ms-routing-request-id": [
          "SOUTHINDIA:20180222T181332Z:5aec19b0-f734-49f5-a939-434eb0698275"
        ],
        "Cache-Control": [
          "no-cache"
        ],
        "Date": [
          "Thu, 22 Feb 2018 18:13:32 GMT"
        ],
        "Location": [
          "https://management.azure.com/Subscriptions/7c943c1b-5122-4097-90c8-861411bdd574/resourceGroups/A2APowershellTestRg/providers/Microsoft.RecoveryServices/vaults/A2APowershellTest/replicationPolicies/TestPolicy/operationresults/5a606132-c322-48fc-8bce-62ad714d4f73?api-version=2016-08-10"
        ],
        "X-Powered-By": [
          "ASP.NET"
        ]
      },
      "StatusCode": 202
    },
    {
      "RequestUri": "/Subscriptions/7c943c1b-5122-4097-90c8-861411bdd574/resourceGroups/A2APowershellTestRg/providers/Microsoft.RecoveryServices/vaults/A2APowershellTest/replicationJobs/5a606132-c322-48fc-8bce-62ad714d4f73?api-version=2016-08-10",
      "EncodedRequestUri": "L1N1YnNjcmlwdGlvbnMvN2M5NDNjMWItNTEyMi00MDk3LTkwYzgtODYxNDExYmRkNTc0L3Jlc291cmNlR3JvdXBzL0EyQVBvd2Vyc2hlbGxUZXN0UmcvcHJvdmlkZXJzL01pY3Jvc29mdC5SZWNvdmVyeVNlcnZpY2VzL3ZhdWx0cy9BMkFQb3dlcnNoZWxsVGVzdC9yZXBsaWNhdGlvbkpvYnMvNWE2MDYxMzItYzMyMi00OGZjLThiY2UtNjJhZDcxNGQ0ZjczP2FwaS12ZXJzaW9uPTIwMTYtMDgtMTA=",
      "RequestMethod": "GET",
      "RequestBody": "",
      "RequestHeaders": {
        "x-ms-client-request-id": [
          "a6b4ddfc-03ee-4929-a157-ad10ad551a3e-2018-02-22 18:13:32Z-Ps"
        ],
        "accept-language": [
          "en-US"
        ],
        "Agent-Authentication": [
          "{\"NotBeforeTimestamp\":\"\\/Date(1519319612569)\\/\",\"NotAfterTimestamp\":\"\\/Date(1519924412569)\\/\",\"ClientRequestId\":\"a6b4ddfc-03ee-4929-a157-ad10ad551a3e-2018-02-22 18:13:32Z-Ps\",\"HashFunction\":\"HMACSHA256\",\"Hmac\":\"GlIUqDBQGULyeHjmjaOEc01uBgGwznn3FxDZKZ5r3eE=\",\"Version\":{\"Major\":1,\"Minor\":2,\"Build\":-1,\"Revision\":-1,\"MajorRevision\":-1,\"MinorRevision\":-1},\"PropertyBag\":{}}"
        ],
        "User-Agent": [
          "FxVersion/4.7.2633.0",
          "OSName/Windows10Enterprise",
          "OSVersion/6.3.16299",
          "Microsoft.Azure.Management.RecoveryServices.SiteRecovery.SiteRecoveryManagementClient/1.0.3.0"
        ]
      },
      "ResponseBody": "{\r\n  \"id\": \"/Subscriptions/7c943c1b-5122-4097-90c8-861411bdd574/resourceGroups/A2APowershellTestRg/providers/Microsoft.RecoveryServices/vaults/A2APowershellTest/replicationJobs/5a606132-c322-48fc-8bce-62ad714d4f73\",\r\n  \"name\": \"5a606132-c322-48fc-8bce-62ad714d4f73\",\r\n  \"properties\": {\r\n    \"activityId\": \"d45e28ca-3fae-4bf7-974e-6eaf365fd048-2018-02-22 18:13:31Z-Ps ActivityId: 5aec19b0-f734-49f5-a939-434eb0698275\",\r\n    \"scenarioName\": \"ModifyProtectionProfile\",\r\n    \"friendlyName\": \"Modify settings of the replication policy\",\r\n    \"state\": \"InProgress\",\r\n    \"stateDescription\": \"InProgress\",\r\n    \"tasks\": [\r\n      {\r\n        \"taskId\": \"ModifyProtectionProfilePreflightChecksTask\",\r\n        \"name\": \"ModifyProtectionProfilePreflightChecksTask\",\r\n        \"startTime\": \"0001-01-01T00:00:00\",\r\n        \"endTime\": \"0001-01-01T00:00:00\",\r\n        \"allowedActions\": [],\r\n        \"friendlyName\": \"Prerequisites check for updating the replication policy\",\r\n        \"state\": \"NotStarted\",\r\n        \"stateDescription\": \"NotStarted\",\r\n        \"taskType\": \"TaskDetails\",\r\n        \"customDetails\": {\r\n          \"instanceType\": \"TaskDetails\"\r\n        },\r\n        \"groupTaskCustomDetails\": null,\r\n        \"errors\": []\r\n      },\r\n      {\r\n        \"taskId\": \"ModifyProtectionProfileAssociationParentTask\",\r\n        \"name\": \"ModifyProtectionProfileAssociationParentTask\",\r\n        \"startTime\": \"0001-01-01T00:00:00\",\r\n        \"endTime\": \"0001-01-01T00:00:00\",\r\n        \"allowedActions\": [],\r\n        \"friendlyName\": \"Updating replication configuration\",\r\n        \"state\": \"NotStarted\",\r\n        \"stateDescription\": \"NotStarted\",\r\n        \"taskType\": \"TaskDetails\",\r\n        \"customDetails\": {\r\n          \"instanceType\": \"TaskDetails\"\r\n        },\r\n        \"groupTaskCustomDetails\": null,\r\n        \"errors\": []\r\n      },\r\n      {\r\n        \"taskId\": \"ModifyProtectionProfileTask\",\r\n        \"name\": \"ModifyProtectionProfileTask\",\r\n        \"startTime\": \"0001-01-01T00:00:00\",\r\n        \"endTime\": \"0001-01-01T00:00:00\",\r\n        \"allowedActions\": [],\r\n        \"friendlyName\": \"Updating the replication policy settings\",\r\n        \"state\": \"NotStarted\",\r\n        \"stateDescription\": \"NotStarted\",\r\n        \"taskType\": \"TaskDetails\",\r\n        \"customDetails\": {\r\n          \"instanceType\": \"TaskDetails\"\r\n        },\r\n        \"groupTaskCustomDetails\": null,\r\n        \"errors\": []\r\n      }\r\n    ],\r\n    \"errors\": [],\r\n    \"startTime\": \"2018-02-22T18:13:32.354523Z\",\r\n    \"allowedActions\": [\r\n      \"Cancel\"\r\n    ],\r\n    \"targetObjectId\": \"9ba0ac1f-63e7-5c43-b1d6-9550cc9ae833\",\r\n    \"targetObjectName\": \"TestPolicy\",\r\n    \"targetInstanceType\": \"ProtectionProfile\",\r\n    \"customDetails\": {\r\n      \"instanceType\": \"AsrJobDetails\",\r\n      \"affectedObjectDetails\": {}\r\n    }\r\n  }\r\n}",
      "ResponseHeaders": {
        "Content-Length": [
          "2086"
        ],
        "Content-Type": [
          "application/json"
        ],
        "Expires": [
          "-1"
        ],
        "Pragma": [
          "no-cache"
        ],
        "x-ms-request-id": [
          "/Subscriptions/7c943c1b-5122-4097-90c8-861411bdd574/resourceGroups/A2APowershellTestRg/providers/Microsoft.RecoveryServices/vaults/A2APowershellTest/replicationJobs/5a606132-c322-48fc-8bce-62ad714d4f73"
        ],
        "Strict-Transport-Security": [
          "max-age=31536000; includeSubDomains"
        ],
        "Cache-Control": [
          "no-cache"
        ],
        "Server": [
          "Microsoft-IIS/8.0",
          "Microsoft-IIS/10.0"
        ],
        "X-AspNet-Version": [
          "4.0.30319"
        ],
        "X-Powered-By": [
          "ASP.NET"
        ],
        "x-content-type-options": [
          "nosniff"
        ],
        "x-ms-client-request-id": [
          "a6b4ddfc-03ee-4929-a157-ad10ad551a3e-2018-02-22 18:13:32Z-Ps"
        ],
        "x-ms-ratelimit-remaining-subscription-reads": [
          "14735"
        ],
        "x-ms-correlation-request-id": [
          "8e4e5723-7499-44b8-8220-b3cdfae716bd"
        ],
        "x-ms-routing-request-id": [
          "SOUTHINDIA:20180222T181332Z:8e4e5723-7499-44b8-8220-b3cdfae716bd"
        ],
        "Date": [
          "Thu, 22 Feb 2018 18:13:32 GMT"
        ]
      },
      "StatusCode": 200
    },
    {
      "RequestUri": "/Subscriptions/7c943c1b-5122-4097-90c8-861411bdd574/resourceGroups/A2APowershellTestRg/providers/Microsoft.RecoveryServices/vaults/A2APowershellTest/replicationJobs/5a606132-c322-48fc-8bce-62ad714d4f73?api-version=2016-08-10",
      "EncodedRequestUri": "L1N1YnNjcmlwdGlvbnMvN2M5NDNjMWItNTEyMi00MDk3LTkwYzgtODYxNDExYmRkNTc0L3Jlc291cmNlR3JvdXBzL0EyQVBvd2Vyc2hlbGxUZXN0UmcvcHJvdmlkZXJzL01pY3Jvc29mdC5SZWNvdmVyeVNlcnZpY2VzL3ZhdWx0cy9BMkFQb3dlcnNoZWxsVGVzdC9yZXBsaWNhdGlvbkpvYnMvNWE2MDYxMzItYzMyMi00OGZjLThiY2UtNjJhZDcxNGQ0ZjczP2FwaS12ZXJzaW9uPTIwMTYtMDgtMTA=",
      "RequestMethod": "GET",
      "RequestBody": "",
      "RequestHeaders": {
        "x-ms-client-request-id": [
          "93fdbdbd-3b7a-4fcc-9f9f-2b3ccfe40af6-2018-02-22 18:13:32Z-Ps"
        ],
        "accept-language": [
          "en-US"
        ],
        "Agent-Authentication": [
          "{\"NotBeforeTimestamp\":\"\\/Date(1519319612930)\\/\",\"NotAfterTimestamp\":\"\\/Date(1519924412930)\\/\",\"ClientRequestId\":\"93fdbdbd-3b7a-4fcc-9f9f-2b3ccfe40af6-2018-02-22 18:13:32Z-Ps\",\"HashFunction\":\"HMACSHA256\",\"Hmac\":\"WRXukS4+B74I50HPR6YoXjbPdcF0zzm3ZXVWlTN4kkQ=\",\"Version\":{\"Major\":1,\"Minor\":2,\"Build\":-1,\"Revision\":-1,\"MajorRevision\":-1,\"MinorRevision\":-1},\"PropertyBag\":{}}"
        ],
        "User-Agent": [
          "FxVersion/4.7.2633.0",
          "OSName/Windows10Enterprise",
          "OSVersion/6.3.16299",
          "Microsoft.Azure.Management.RecoveryServices.SiteRecovery.SiteRecoveryManagementClient/1.0.3.0"
        ]
      },
      "ResponseBody": "{\r\n  \"id\": \"/Subscriptions/7c943c1b-5122-4097-90c8-861411bdd574/resourceGroups/A2APowershellTestRg/providers/Microsoft.RecoveryServices/vaults/A2APowershellTest/replicationJobs/5a606132-c322-48fc-8bce-62ad714d4f73\",\r\n  \"name\": \"5a606132-c322-48fc-8bce-62ad714d4f73\",\r\n  \"properties\": {\r\n    \"activityId\": \"d45e28ca-3fae-4bf7-974e-6eaf365fd048-2018-02-22 18:13:31Z-Ps ActivityId: 5aec19b0-f734-49f5-a939-434eb0698275\",\r\n    \"scenarioName\": \"ModifyProtectionProfile\",\r\n    \"friendlyName\": \"Modify settings of the replication policy\",\r\n    \"state\": \"Succeeded\",\r\n    \"stateDescription\": \"Completed\",\r\n    \"tasks\": [\r\n      {\r\n        \"taskId\": \"ModifyProtectionProfilePreflightChecksTask\",\r\n        \"name\": \"ModifyProtectionProfilePreflightChecksTask\",\r\n        \"startTime\": \"2018-02-22T18:13:32.8088621Z\",\r\n        \"endTime\": \"2018-02-22T18:13:32.8713406Z\",\r\n        \"allowedActions\": [],\r\n        \"friendlyName\": \"Prerequisites check for updating the replication policy\",\r\n        \"state\": \"Succeeded\",\r\n        \"stateDescription\": \"Completed\",\r\n        \"taskType\": \"TaskDetails\",\r\n        \"customDetails\": {\r\n          \"instanceType\": \"TaskDetails\"\r\n        },\r\n        \"groupTaskCustomDetails\": null,\r\n        \"errors\": []\r\n      },\r\n      {\r\n        \"taskId\": \"ModifyProtectionProfileAssociationParentTask\",\r\n        \"name\": \"ModifyProtectionProfileAssociationParentTask\",\r\n        \"startTime\": \"0001-01-01T00:00:00\",\r\n        \"endTime\": \"0001-01-01T00:00:00\",\r\n        \"allowedActions\": [],\r\n        \"friendlyName\": \"Updating replication configuration\",\r\n        \"state\": \"Other\",\r\n        \"stateDescription\": \"Skipped\",\r\n        \"taskType\": \"TaskDetails\",\r\n        \"customDetails\": {\r\n          \"instanceType\": \"TaskDetails\"\r\n        },\r\n        \"groupTaskCustomDetails\": null,\r\n        \"errors\": []\r\n      },\r\n      {\r\n        \"taskId\": \"ModifyProtectionProfileTask\",\r\n        \"name\": \"ModifyProtectionProfileTask\",\r\n        \"startTime\": \"2018-02-22T18:13:32.8713406Z\",\r\n        \"endTime\": \"2018-02-22T18:13:32.8713406Z\",\r\n        \"allowedActions\": [],\r\n        \"friendlyName\": \"Updating the replication policy settings\",\r\n        \"state\": \"Succeeded\",\r\n        \"stateDescription\": \"Completed\",\r\n        \"taskType\": \"TaskDetails\",\r\n        \"customDetails\": {\r\n          \"instanceType\": \"TaskDetails\"\r\n        },\r\n        \"groupTaskCustomDetails\": null,\r\n        \"errors\": []\r\n      }\r\n    ],\r\n    \"errors\": [],\r\n    \"startTime\": \"2018-02-22T18:13:32.354523Z\",\r\n    \"endTime\": \"2018-02-22T18:13:32Z\",\r\n    \"allowedActions\": [],\r\n    \"targetObjectId\": \"9ba0ac1f-63e7-5c43-b1d6-9550cc9ae833\",\r\n    \"targetObjectName\": \"TestPolicy\",\r\n    \"targetInstanceType\": \"ProtectionProfile\",\r\n    \"customDetails\": {\r\n      \"instanceType\": \"AsrJobDetails\",\r\n      \"affectedObjectDetails\": {}\r\n    }\r\n  }\r\n}",
      "ResponseHeaders": {
        "Content-Length": [
          "2133"
        ],
        "Content-Type": [
          "application/json"
        ],
        "Expires": [
          "-1"
        ],
        "Pragma": [
          "no-cache"
        ],
        "x-ms-request-id": [
          "/Subscriptions/7c943c1b-5122-4097-90c8-861411bdd574/resourceGroups/A2APowershellTestRg/providers/Microsoft.RecoveryServices/vaults/A2APowershellTest/replicationJobs/5a606132-c322-48fc-8bce-62ad714d4f73"
        ],
        "Strict-Transport-Security": [
          "max-age=31536000; includeSubDomains"
        ],
        "Cache-Control": [
          "no-cache"
        ],
        "Server": [
          "Microsoft-IIS/8.0",
          "Microsoft-IIS/10.0"
        ],
        "X-AspNet-Version": [
          "4.0.30319"
        ],
        "X-Powered-By": [
          "ASP.NET"
        ],
        "x-content-type-options": [
          "nosniff"
        ],
        "x-ms-client-request-id": [
          "93fdbdbd-3b7a-4fcc-9f9f-2b3ccfe40af6-2018-02-22 18:13:32Z-Ps"
        ],
        "x-ms-ratelimit-remaining-subscription-reads": [
          "14734"
        ],
        "x-ms-correlation-request-id": [
          "53f70a38-fd4a-4301-8883-5c0f867bd83f"
        ],
        "x-ms-routing-request-id": [
          "SOUTHINDIA:20180222T181333Z:53f70a38-fd4a-4301-8883-5c0f867bd83f"
        ],
        "Date": [
          "Thu, 22 Feb 2018 18:13:33 GMT"
        ]
      },
      "StatusCode": 200
    },
    {
      "RequestUri": "/Subscriptions/7c943c1b-5122-4097-90c8-861411bdd574/resourceGroups/A2APowershellTestRg/providers/Microsoft.RecoveryServices/vaults/A2APowershellTest/replicationPolicies/TestPolicy?api-version=2016-08-10",
      "EncodedRequestUri": "L1N1YnNjcmlwdGlvbnMvN2M5NDNjMWItNTEyMi00MDk3LTkwYzgtODYxNDExYmRkNTc0L3Jlc291cmNlR3JvdXBzL0EyQVBvd2Vyc2hlbGxUZXN0UmcvcHJvdmlkZXJzL01pY3Jvc29mdC5SZWNvdmVyeVNlcnZpY2VzL3ZhdWx0cy9BMkFQb3dlcnNoZWxsVGVzdC9yZXBsaWNhdGlvblBvbGljaWVzL1Rlc3RQb2xpY3k/YXBpLXZlcnNpb249MjAxNi0wOC0xMA==",
      "RequestMethod": "DELETE",
      "RequestBody": "",
      "RequestHeaders": {
        "x-ms-client-request-id": [
          "a56286e1-0a9a-437e-a5a6-e30e96b75989-2018-02-22 18:13:33Z-Ps"
        ],
        "accept-language": [
          "en-US"
        ],
        "Agent-Authentication": [
          "{\"NotBeforeTimestamp\":\"\\/Date(1519319613682)\\/\",\"NotAfterTimestamp\":\"\\/Date(1519924413682)\\/\",\"ClientRequestId\":\"a56286e1-0a9a-437e-a5a6-e30e96b75989-2018-02-22 18:13:33Z-Ps\",\"HashFunction\":\"HMACSHA256\",\"Hmac\":\"g4lmEot0q3WS7DbB2b9XaUBAU9u3UWa2E281XF90W1o=\",\"Version\":{\"Major\":1,\"Minor\":2,\"Build\":-1,\"Revision\":-1,\"MajorRevision\":-1,\"MinorRevision\":-1},\"PropertyBag\":{}}"
        ],
        "User-Agent": [
          "FxVersion/4.7.2633.0",
          "OSName/Windows10Enterprise",
          "OSVersion/6.3.16299",
          "Microsoft.Azure.Management.RecoveryServices.SiteRecovery.SiteRecoveryManagementClient/1.0.3.0"
        ]
      },
      "ResponseBody": "",
      "ResponseHeaders": {
        "Content-Length": [
          "0"
        ],
        "Expires": [
          "-1"
        ],
        "Pragma": [
          "no-cache"
        ],
        "Retry-After": [
          "30"
        ],
        "Azure-AsyncOperation": [
          "https://management.azure.com/Subscriptions/7c943c1b-5122-4097-90c8-861411bdd574/resourceGroups/A2APowershellTestRg/providers/Microsoft.RecoveryServices/vaults/A2APowershellTest/replicationJobs/3aa0ccf6-67d9-48cc-9b26-4dff5dc8fb34?api-version=2016-08-10"
        ],
        "x-ms-request-id": [
          "a56286e1-0a9a-437e-a5a6-e30e96b75989-2018-02-22 18:13:33Z-Ps 2/22/2018 6:13:34 PM"
        ],
        "Strict-Transport-Security": [
          "max-age=31536000; includeSubDomains"
        ],
        "x-content-type-options": [
          "nosniff"
        ],
        "x-ms-client-request-id": [
          "a56286e1-0a9a-437e-a5a6-e30e96b75989-2018-02-22 18:13:33Z-Ps"
        ],
        "x-ms-ratelimit-remaining-subscription-writes": [
          "1189"
        ],
        "x-ms-correlation-request-id": [
          "28f7b80c-9f21-4b6d-9b2a-b103956ad482"
        ],
        "x-ms-routing-request-id": [
          "SOUTHINDIA:20180222T181334Z:28f7b80c-9f21-4b6d-9b2a-b103956ad482"
        ],
        "Cache-Control": [
          "no-cache"
        ],
        "Date": [
          "Thu, 22 Feb 2018 18:13:34 GMT"
        ],
        "Location": [
          "https://management.azure.com/Subscriptions/7c943c1b-5122-4097-90c8-861411bdd574/resourceGroups/A2APowershellTestRg/providers/Microsoft.RecoveryServices/vaults/A2APowershellTest/replicationPolicies/TestPolicy/operationresults/3aa0ccf6-67d9-48cc-9b26-4dff5dc8fb34?api-version=2016-08-10"
        ],
        "X-Powered-By": [
          "ASP.NET"
        ]
      },
      "StatusCode": 202
    },
    {
      "RequestUri": "/Subscriptions/7c943c1b-5122-4097-90c8-861411bdd574/resourceGroups/A2APowershellTestRg/providers/Microsoft.RecoveryServices/vaults/A2APowershellTest/replicationJobs/3aa0ccf6-67d9-48cc-9b26-4dff5dc8fb34?api-version=2016-08-10",
      "EncodedRequestUri": "L1N1YnNjcmlwdGlvbnMvN2M5NDNjMWItNTEyMi00MDk3LTkwYzgtODYxNDExYmRkNTc0L3Jlc291cmNlR3JvdXBzL0EyQVBvd2Vyc2hlbGxUZXN0UmcvcHJvdmlkZXJzL01pY3Jvc29mdC5SZWNvdmVyeVNlcnZpY2VzL3ZhdWx0cy9BMkFQb3dlcnNoZWxsVGVzdC9yZXBsaWNhdGlvbkpvYnMvM2FhMGNjZjYtNjdkOS00OGNjLTliMjYtNGRmZjVkYzhmYjM0P2FwaS12ZXJzaW9uPTIwMTYtMDgtMTA=",
      "RequestMethod": "GET",
      "RequestBody": "",
      "RequestHeaders": {
        "x-ms-client-request-id": [
          "98965f48-b84b-4420-a325-4d84d3f236f8-2018-02-22 18:13:34Z-Ps"
        ],
        "accept-language": [
          "en-US"
        ],
        "Agent-Authentication": [
          "{\"NotBeforeTimestamp\":\"\\/Date(1519319614175)\\/\",\"NotAfterTimestamp\":\"\\/Date(1519924414175)\\/\",\"ClientRequestId\":\"98965f48-b84b-4420-a325-4d84d3f236f8-2018-02-22 18:13:34Z-Ps\",\"HashFunction\":\"HMACSHA256\",\"Hmac\":\"ZlodGT6kjUUPjJ4wUYXYDhCMy4/djEcnNwOCJIMu/KU=\",\"Version\":{\"Major\":1,\"Minor\":2,\"Build\":-1,\"Revision\":-1,\"MajorRevision\":-1,\"MinorRevision\":-1},\"PropertyBag\":{}}"
        ],
        "User-Agent": [
          "FxVersion/4.7.2633.0",
          "OSName/Windows10Enterprise",
          "OSVersion/6.3.16299",
          "Microsoft.Azure.Management.RecoveryServices.SiteRecovery.SiteRecoveryManagementClient/1.0.3.0"
        ]
      },
      "ResponseBody": "{\r\n  \"id\": \"/Subscriptions/7c943c1b-5122-4097-90c8-861411bdd574/resourceGroups/A2APowershellTestRg/providers/Microsoft.RecoveryServices/vaults/A2APowershellTest/replicationJobs/3aa0ccf6-67d9-48cc-9b26-4dff5dc8fb34\",\r\n  \"name\": \"3aa0ccf6-67d9-48cc-9b26-4dff5dc8fb34\",\r\n  \"properties\": {\r\n    \"activityId\": \"a56286e1-0a9a-437e-a5a6-e30e96b75989-2018-02-22 18:13:33Z-Ps ActivityId: 28f7b80c-9f21-4b6d-9b2a-b103956ad482\",\r\n    \"scenarioName\": \"RemoveProtectionProfile\",\r\n    \"friendlyName\": \"Remove the replication policy\",\r\n    \"state\": \"InProgress\",\r\n    \"stateDescription\": \"InProgress\",\r\n    \"tasks\": [\r\n      {\r\n        \"taskId\": \"RemoveProtectionProfilePreflightsCheckTask\",\r\n        \"name\": \"RemoveProtectionProfilePreflightsCheckTask\",\r\n        \"startTime\": \"2018-02-22T18:13:34.2498432Z\",\r\n        \"endTime\": \"2018-02-22T18:13:34.2811185Z\",\r\n        \"allowedActions\": [],\r\n        \"friendlyName\": \"Checking prerequisites for replication policy removal\",\r\n        \"state\": \"Succeeded\",\r\n        \"stateDescription\": \"Completed\",\r\n        \"taskType\": \"TaskDetails\",\r\n        \"customDetails\": {\r\n          \"instanceType\": \"TaskDetails\"\r\n        },\r\n        \"groupTaskCustomDetails\": null,\r\n        \"errors\": []\r\n      },\r\n      {\r\n        \"taskId\": \"RemoveProtectionProfileTask\",\r\n        \"name\": \"RemoveProtectionProfileTask\",\r\n        \"startTime\": \"2018-02-22T18:13:34.2811185Z\",\r\n        \"endTime\": \"0001-01-01T00:00:00\",\r\n        \"allowedActions\": [],\r\n        \"friendlyName\": \"Removing the replication policy\",\r\n        \"state\": \"InProgress\",\r\n        \"stateDescription\": \"InProgress\",\r\n        \"taskType\": \"TaskDetails\",\r\n        \"customDetails\": {\r\n          \"instanceType\": \"TaskDetails\"\r\n        },\r\n        \"groupTaskCustomDetails\": null,\r\n        \"errors\": []\r\n      }\r\n    ],\r\n    \"errors\": [],\r\n    \"startTime\": \"2018-02-22T18:13:33.9639722Z\",\r\n    \"allowedActions\": [\r\n      \"Cancel\"\r\n    ],\r\n    \"targetObjectId\": \"9ba0ac1f-63e7-5c43-b1d6-9550cc9ae833\",\r\n    \"targetObjectName\": \"TestPolicy\",\r\n    \"targetInstanceType\": \"ProtectionProfile\",\r\n    \"customDetails\": {\r\n      \"instanceType\": \"AsrJobDetails\",\r\n      \"affectedObjectDetails\": {}\r\n    }\r\n  }\r\n}",
      "ResponseHeaders": {
        "Content-Length": [
          "1672"
        ],
        "Content-Type": [
          "application/json"
        ],
        "Expires": [
          "-1"
        ],
        "Pragma": [
          "no-cache"
        ],
        "x-ms-request-id": [
          "/Subscriptions/7c943c1b-5122-4097-90c8-861411bdd574/resourceGroups/A2APowershellTestRg/providers/Microsoft.RecoveryServices/vaults/A2APowershellTest/replicationJobs/3aa0ccf6-67d9-48cc-9b26-4dff5dc8fb34"
        ],
        "Strict-Transport-Security": [
          "max-age=31536000; includeSubDomains"
        ],
        "Cache-Control": [
          "no-cache"
        ],
        "Server": [
          "Microsoft-IIS/8.0",
          "Microsoft-IIS/10.0"
        ],
        "X-AspNet-Version": [
          "4.0.30319"
        ],
        "X-Powered-By": [
          "ASP.NET"
        ],
        "x-content-type-options": [
          "nosniff"
        ],
        "x-ms-client-request-id": [
          "98965f48-b84b-4420-a325-4d84d3f236f8-2018-02-22 18:13:34Z-Ps"
        ],
        "x-ms-ratelimit-remaining-subscription-reads": [
          "14731"
        ],
        "x-ms-correlation-request-id": [
          "f724b374-8705-432f-8d20-ae5ee70d321d"
        ],
        "x-ms-routing-request-id": [
          "SOUTHINDIA:20180222T181334Z:f724b374-8705-432f-8d20-ae5ee70d321d"
        ],
        "Date": [
          "Thu, 22 Feb 2018 18:13:34 GMT"
        ]
      },
      "StatusCode": 200
    },
    {
      "RequestUri": "/Subscriptions/7c943c1b-5122-4097-90c8-861411bdd574/resourceGroups/A2APowershellTestRg/providers/Microsoft.RecoveryServices/vaults/A2APowershellTest/replicationJobs/3aa0ccf6-67d9-48cc-9b26-4dff5dc8fb34?api-version=2016-08-10",
      "EncodedRequestUri": "L1N1YnNjcmlwdGlvbnMvN2M5NDNjMWItNTEyMi00MDk3LTkwYzgtODYxNDExYmRkNTc0L3Jlc291cmNlR3JvdXBzL0EyQVBvd2Vyc2hlbGxUZXN0UmcvcHJvdmlkZXJzL01pY3Jvc29mdC5SZWNvdmVyeVNlcnZpY2VzL3ZhdWx0cy9BMkFQb3dlcnNoZWxsVGVzdC9yZXBsaWNhdGlvbkpvYnMvM2FhMGNjZjYtNjdkOS00OGNjLTliMjYtNGRmZjVkYzhmYjM0P2FwaS12ZXJzaW9uPTIwMTYtMDgtMTA=",
      "RequestMethod": "GET",
      "RequestBody": "",
      "RequestHeaders": {
        "x-ms-client-request-id": [
          "2edd0984-31f4-4dc5-906a-0ee7e199db24-2018-02-22 18:13:34Z-Ps"
        ],
        "accept-language": [
          "en-US"
        ],
        "Agent-Authentication": [
          "{\"NotBeforeTimestamp\":\"\\/Date(1519319614566)\\/\",\"NotAfterTimestamp\":\"\\/Date(1519924414566)\\/\",\"ClientRequestId\":\"2edd0984-31f4-4dc5-906a-0ee7e199db24-2018-02-22 18:13:34Z-Ps\",\"HashFunction\":\"HMACSHA256\",\"Hmac\":\"wcMIycuLzfC1vjBsyJxhlf7/2+r4f+9PkzAe04Gd+Xc=\",\"Version\":{\"Major\":1,\"Minor\":2,\"Build\":-1,\"Revision\":-1,\"MajorRevision\":-1,\"MinorRevision\":-1},\"PropertyBag\":{}}"
        ],
        "User-Agent": [
          "FxVersion/4.7.2633.0",
          "OSName/Windows10Enterprise",
          "OSVersion/6.3.16299",
          "Microsoft.Azure.Management.RecoveryServices.SiteRecovery.SiteRecoveryManagementClient/1.0.3.0"
        ]
      },
      "ResponseBody": "{\r\n  \"id\": \"/Subscriptions/7c943c1b-5122-4097-90c8-861411bdd574/resourceGroups/A2APowershellTestRg/providers/Microsoft.RecoveryServices/vaults/A2APowershellTest/replicationJobs/3aa0ccf6-67d9-48cc-9b26-4dff5dc8fb34\",\r\n  \"name\": \"3aa0ccf6-67d9-48cc-9b26-4dff5dc8fb34\",\r\n  \"properties\": {\r\n    \"activityId\": \"a56286e1-0a9a-437e-a5a6-e30e96b75989-2018-02-22 18:13:33Z-Ps ActivityId: 28f7b80c-9f21-4b6d-9b2a-b103956ad482\",\r\n    \"scenarioName\": \"RemoveProtectionProfile\",\r\n    \"friendlyName\": \"Remove the replication policy\",\r\n    \"state\": \"Succeeded\",\r\n    \"stateDescription\": \"Completed\",\r\n    \"tasks\": [\r\n      {\r\n        \"taskId\": \"RemoveProtectionProfilePreflightsCheckTask\",\r\n        \"name\": \"RemoveProtectionProfilePreflightsCheckTask\",\r\n        \"startTime\": \"2018-02-22T18:13:34.2498432Z\",\r\n        \"endTime\": \"2018-02-22T18:13:34.3435883Z\",\r\n        \"allowedActions\": [],\r\n        \"friendlyName\": \"Checking prerequisites for replication policy removal\",\r\n        \"state\": \"Succeeded\",\r\n        \"stateDescription\": \"Completed\",\r\n        \"taskType\": \"TaskDetails\",\r\n        \"customDetails\": {\r\n          \"instanceType\": \"TaskDetails\"\r\n        },\r\n        \"groupTaskCustomDetails\": null,\r\n        \"errors\": []\r\n      },\r\n      {\r\n        \"taskId\": \"RemoveProtectionProfileTask\",\r\n        \"name\": \"RemoveProtectionProfileTask\",\r\n        \"startTime\": \"2018-02-22T18:13:34.3435883Z\",\r\n        \"endTime\": \"2018-02-22T18:13:34.3435883Z\",\r\n        \"allowedActions\": [],\r\n        \"friendlyName\": \"Removing the replication policy\",\r\n        \"state\": \"Succeeded\",\r\n        \"stateDescription\": \"Completed\",\r\n        \"taskType\": \"TaskDetails\",\r\n        \"customDetails\": {\r\n          \"instanceType\": \"TaskDetails\"\r\n        },\r\n        \"groupTaskCustomDetails\": null,\r\n        \"errors\": []\r\n      }\r\n    ],\r\n    \"errors\": [],\r\n    \"startTime\": \"2018-02-22T18:13:33.9639722Z\",\r\n    \"endTime\": \"2018-02-22T18:13:34Z\",\r\n    \"allowedActions\": [],\r\n    \"targetObjectId\": \"9ba0ac1f-63e7-5c43-b1d6-9550cc9ae833\",\r\n    \"targetObjectName\": \"TestPolicy\",\r\n    \"targetInstanceType\": \"ProtectionProfile\",\r\n    \"customDetails\": {\r\n      \"instanceType\": \"AsrJobDetails\",\r\n      \"affectedObjectDetails\": {}\r\n    }\r\n  }\r\n}",
      "ResponseHeaders": {
        "Content-Length": [
          "1702"
        ],
        "Content-Type": [
          "application/json"
        ],
        "Expires": [
          "-1"
        ],
        "Pragma": [
          "no-cache"
        ],
        "x-ms-request-id": [
          "/Subscriptions/7c943c1b-5122-4097-90c8-861411bdd574/resourceGroups/A2APowershellTestRg/providers/Microsoft.RecoveryServices/vaults/A2APowershellTest/replicationJobs/3aa0ccf6-67d9-48cc-9b26-4dff5dc8fb34"
        ],
        "Strict-Transport-Security": [
          "max-age=31536000; includeSubDomains"
        ],
        "Cache-Control": [
          "no-cache"
        ],
        "Server": [
          "Microsoft-IIS/8.0",
          "Microsoft-IIS/10.0"
        ],
        "X-AspNet-Version": [
          "4.0.30319"
        ],
        "X-Powered-By": [
          "ASP.NET"
        ],
        "x-content-type-options": [
          "nosniff"
        ],
        "x-ms-client-request-id": [
          "2edd0984-31f4-4dc5-906a-0ee7e199db24-2018-02-22 18:13:34Z-Ps"
        ],
        "x-ms-ratelimit-remaining-subscription-reads": [
          "14730"
        ],
        "x-ms-correlation-request-id": [
          "b3de4f1c-ff95-47f0-b1a3-a06dd3d0ed6b"
        ],
        "x-ms-routing-request-id": [
          "SOUTHINDIA:20180222T181334Z:b3de4f1c-ff95-47f0-b1a3-a06dd3d0ed6b"
        ],
        "Date": [
          "Thu, 22 Feb 2018 18:13:34 GMT"
        ]
      },
      "StatusCode": 200
    }
  ],
  "Names": {},
  "Variables": {
    "SubscriptionId": "7c943c1b-5122-4097-90c8-861411bdd574"
  }
}