{
  "Entries": [
    {
      "RequestUri": "/subscriptions/91d12660-3dec-467a-be2a-213b5544ddc0/providers/Microsoft.Devices?api-version=2016-02-01",
      "EncodedRequestUri": "L3N1YnNjcmlwdGlvbnMvOTFkMTI2NjAtM2RlYy00NjdhLWJlMmEtMjEzYjU1NDRkZGMwL3Byb3ZpZGVycy9NaWNyb3NvZnQuRGV2aWNlcz9hcGktdmVyc2lvbj0yMDE2LTAyLTAx",
      "RequestMethod": "GET",
      "RequestBody": "",
      "RequestHeaders": {
        "User-Agent": [
          "Microsoft.Azure.Management.Resources.ResourceManagementClient/2.0.0.0"
        ]
      },
      "ResponseBody": "{\r\n  \"id\": \"/subscriptions/91d12660-3dec-467a-be2a-213b5544ddc0/providers/Microsoft.Devices\",\r\n  \"namespace\": \"Microsoft.Devices\",\r\n  \"resourceTypes\": [\r\n    {\r\n      \"resourceType\": \"checkNameAvailability\",\r\n      \"locations\": [],\r\n      \"apiVersions\": [\r\n        \"2018-01-22\",\r\n        \"2017-07-01\",\r\n        \"2017-01-19\",\r\n        \"2016-02-03\",\r\n        \"2015-08-15-preview\"\r\n      ]\r\n    },\r\n    {\r\n      \"resourceType\": \"checkProvisioningServiceNameAvailability\",\r\n      \"locations\": [],\r\n      \"apiVersions\": [\r\n        \"2018-01-22\",\r\n        \"2017-11-15\",\r\n        \"2017-08-21-preview\"\r\n      ]\r\n    },\r\n    {\r\n      \"resourceType\": \"usages\",\r\n      \"locations\": [],\r\n      \"apiVersions\": [\r\n        \"2018-01-22\",\r\n        \"2017-07-01\",\r\n        \"2017-01-19\",\r\n        \"2016-02-03\",\r\n        \"2015-08-15-preview\"\r\n      ]\r\n    },\r\n    {\r\n      \"resourceType\": \"operations\",\r\n      \"locations\": [],\r\n      \"apiVersions\": [\r\n        \"2018-01-22\",\r\n        \"2017-07-01\",\r\n        \"2017-01-19\",\r\n        \"2016-02-03\",\r\n        \"2015-08-15-preview\"\r\n      ]\r\n    },\r\n    {\r\n      \"resourceType\": \"operationResults\",\r\n      \"locations\": [],\r\n      \"apiVersions\": [\r\n        \"2018-01-22-preview\",\r\n        \"2018-01-22\",\r\n        \"2017-11-15\",\r\n        \"2017-09-25-preview\",\r\n        \"2017-08-21-preview\",\r\n        \"2017-07-01\",\r\n        \"2017-01-19\",\r\n        \"2016-02-03\",\r\n        \"2015-08-15-preview\"\r\n      ]\r\n    },\r\n    {\r\n      \"resourceType\": \"IotHubs\",\r\n      \"locations\": [\r\n        \"West US\",\r\n        \"North Europe\",\r\n        \"East Asia\",\r\n        \"East US\",\r\n        \"West Europe\",\r\n        \"Southeast Asia\",\r\n        \"Japan East\",\r\n        \"Japan West\",\r\n        \"Australia East\",\r\n        \"Australia Southeast\",\r\n        \"West US 2\",\r\n        \"West Central US\",\r\n        \"East US 2\",\r\n        \"Central US\",\r\n        \"UK South\",\r\n        \"UK West\",\r\n        \"South India\",\r\n        \"Central India\",\r\n        \"Canada Central\",\r\n        \"Canada East\",\r\n        \"Brazil South\",\r\n        \"South Central US\",\r\n        \"Korea South\",\r\n        \"Korea Central\",\r\n        \"Central US EUAP\"\r\n      ],\r\n      \"apiVersions\": [\r\n        \"2018-01-22\",\r\n        \"2017-07-01\",\r\n        \"2017-01-19\",\r\n        \"2016-02-03\",\r\n        \"2015-08-15-preview\"\r\n      ],\r\n      \"capabilities\": \"CrossResourceGroupResourceMove, CrossSubscriptionResourceMove\"\r\n    },\r\n    {\r\n      \"resourceType\": \"IotHubs/eventGridFilters\",\r\n      \"locations\": [\r\n        \"West US\",\r\n        \"East US\",\r\n        \"West US 2\",\r\n        \"West Central US\",\r\n        \"East US 2\",\r\n        \"Central US\",\r\n        \"North Europe\",\r\n        \"West Europe\",\r\n        \"East Asia\",\r\n        \"Southeast Asia\"\r\n      ],\r\n      \"apiVersions\": [\r\n        \"2018-01-15-preview\"\r\n      ]\r\n    },\r\n    {\r\n      \"resourceType\": \"ProvisioningServices\",\r\n      \"locations\": [\r\n        \"East US\",\r\n        \"West US\",\r\n        \"West Europe\",\r\n        \"North Europe\",\r\n        \"Southeast Asia\",\r\n        \"East Asia\"\r\n      ],\r\n      \"apiVersions\": [\r\n        \"2018-01-22\",\r\n        \"2017-11-15\",\r\n        \"2017-08-21-preview\"\r\n      ],\r\n      \"capabilities\": \"CrossResourceGroupResourceMove, CrossSubscriptionResourceMove\"\r\n    },\r\n    {\r\n      \"resourceType\": \"ElasticPools\",\r\n      \"locations\": [\r\n        \"Central US EUAP\",\r\n        \"East US\",\r\n        \"East US 2\",\r\n        \"West US\",\r\n        \"West US 2\",\r\n        \"North Europe\",\r\n        \"West Europe\",\r\n        \"West Central US\"\r\n      ],\r\n      \"apiVersions\": [\r\n        \"2018-01-22-preview\",\r\n        \"2017-09-25-preview\",\r\n        \"2017-07-01\"\r\n      ],\r\n      \"capabilities\": \"CrossResourceGroupResourceMove, CrossSubscriptionResourceMove\"\r\n    },\r\n    {\r\n      \"resourceType\": \"ElasticPools/IotHubTenants\",\r\n      \"locations\": [\r\n        \"Central US EUAP\",\r\n        \"East US\",\r\n        \"East US 2\",\r\n        \"West US\",\r\n        \"West US 2\",\r\n        \"North Europe\",\r\n        \"West Europe\",\r\n        \"West Central US\"\r\n      ],\r\n      \"apiVersions\": [\r\n        \"2018-01-22-preview\",\r\n        \"2017-09-25-preview\",\r\n        \"2017-07-01\"\r\n      ],\r\n      \"capabilities\": \"CrossResourceGroupResourceMove, CrossSubscriptionResourceMove\"\r\n    }\r\n  ],\r\n  \"registrationState\": \"Registered\"\r\n}",
      "ResponseHeaders": {
        "Content-Length": [
          "2631"
        ],
        "Content-Type": [
          "application/json; charset=utf-8"
        ],
        "Expires": [
          "-1"
        ],
        "Pragma": [
          "no-cache"
        ],
        "x-ms-ratelimit-remaining-subscription-reads": [
          "14974"
        ],
        "x-ms-request-id": [
          "4e1f0035-ec65-4740-b4f4-e6345708db51"
        ],
        "x-ms-correlation-request-id": [
          "4e1f0035-ec65-4740-b4f4-e6345708db51"
        ],
        "x-ms-routing-request-id": [
          "WESTUS2:20180323T220818Z:4e1f0035-ec65-4740-b4f4-e6345708db51"
        ],
        "Strict-Transport-Security": [
          "max-age=31536000; includeSubDomains"
        ],
        "X-Content-Type-Options": [
          "nosniff"
        ],
        "Cache-Control": [
          "no-cache"
        ],
        "Date": [
          "Fri, 23 Mar 2018 22:08:18 GMT"
        ]
      },
      "StatusCode": 200
    },
    {
      "RequestUri": "/subscriptions/91d12660-3dec-467a-be2a-213b5544ddc0/resourcegroups/ps2154?api-version=2016-02-01",
      "EncodedRequestUri": "L3N1YnNjcmlwdGlvbnMvOTFkMTI2NjAtM2RlYy00NjdhLWJlMmEtMjEzYjU1NDRkZGMwL3Jlc291cmNlZ3JvdXBzL3BzMjE1ND9hcGktdmVyc2lvbj0yMDE2LTAyLTAx",
      "RequestMethod": "PUT",
      "RequestBody": "{\r\n  \"location\": \"West US\"\r\n}",
      "RequestHeaders": {
        "Content-Type": [
          "application/json; charset=utf-8"
        ],
        "Content-Length": [
          "29"
        ],
        "User-Agent": [
          "Microsoft.Azure.Management.Resources.ResourceManagementClient/2.0.0.0"
        ]
      },
      "ResponseBody": "{\r\n  \"id\": \"/subscriptions/91d12660-3dec-467a-be2a-213b5544ddc0/resourceGroups/ps2154\",\r\n  \"name\": \"ps2154\",\r\n  \"location\": \"westus\",\r\n  \"properties\": {\r\n    \"provisioningState\": \"Succeeded\"\r\n  }\r\n}",
      "ResponseHeaders": {
        "Content-Length": [
          "165"
        ],
        "Content-Type": [
          "application/json; charset=utf-8"
        ],
        "Expires": [
          "-1"
        ],
        "Pragma": [
          "no-cache"
        ],
        "x-ms-ratelimit-remaining-subscription-writes": [
          "1192"
        ],
        "x-ms-request-id": [
          "a08bcd39-0873-45e8-819d-0e0476f5da69"
        ],
        "x-ms-correlation-request-id": [
          "a08bcd39-0873-45e8-819d-0e0476f5da69"
        ],
        "x-ms-routing-request-id": [
          "WESTUS2:20180323T220819Z:a08bcd39-0873-45e8-819d-0e0476f5da69"
        ],
        "Strict-Transport-Security": [
          "max-age=31536000; includeSubDomains"
        ],
        "X-Content-Type-Options": [
          "nosniff"
        ],
        "Cache-Control": [
          "no-cache"
        ],
        "Date": [
          "Fri, 23 Mar 2018 22:08:19 GMT"
        ]
      },
      "StatusCode": 201
    },
    {
      "RequestUri": "/subscriptions/91d12660-3dec-467a-be2a-213b5544ddc0/resourceGroups/ps2154/providers/Microsoft.Devices/provisioningServices/ps9266?api-version=2017-11-15",
      "EncodedRequestUri": "L3N1YnNjcmlwdGlvbnMvOTFkMTI2NjAtM2RlYy00NjdhLWJlMmEtMjEzYjU1NDRkZGMwL3Jlc291cmNlR3JvdXBzL3BzMjE1NC9wcm92aWRlcnMvTWljcm9zb2Z0LkRldmljZXMvcHJvdmlzaW9uaW5nU2VydmljZXMvcHM5MjY2P2FwaS12ZXJzaW9uPTIwMTctMTEtMTU=",
      "RequestMethod": "PUT",
      "RequestBody": "{\r\n  \"properties\": {},\r\n  \"sku\": {\r\n    \"name\": \"S1\"\r\n  },\r\n  \"location\": \"West US\"\r\n}",
      "RequestHeaders": {
        "Content-Type": [
          "application/json; charset=utf-8"
        ],
        "Content-Length": [
          "86"
        ],
        "x-ms-client-request-id": [
          "207cc5f1-b9e2-4713-a3f9-5bd998eaa786"
        ],
        "accept-language": [
          "en-US"
        ],
        "User-Agent": [
          "FxVersion/4.7.2633.0",
          "OSName/Windows10Enterprise",
          "OSVersion/6.3.16299",
          "Microsoft.Azure.Management.DeviceProvisioningServices.IotDpsClient/0.9.0.0"
        ]
      },
      "ResponseBody": "{\r\n  \"name\": \"ps9266\",\r\n  \"location\": \"West US\",\r\n  \"properties\": {\r\n    \"state\": \"Activating\",\r\n    \"provisioningState\": \"Accepted\",\r\n    \"allocationPolicy\": \"Hashed\",\r\n    \"idScope\": null\r\n  },\r\n  \"resourcegroup\": \"ps2154\",\r\n  \"type\": \"Microsoft.Devices/provisioningServices\",\r\n  \"id\": \"/subscriptions/91d12660-3dec-467a-be2a-213b5544ddc0/resourceGroups/ps2154/providers/Microsoft.Devices/provisioningServices/ps9266\",\r\n  \"subscriptionid\": \"91d12660-3dec-467a-be2a-213b5544ddc0\",\r\n  \"tags\": {},\r\n  \"sku\": {\r\n    \"name\": \"S1\",\r\n    \"tier\": \"Standard\"\r\n  }\r\n}",
      "ResponseHeaders": {
        "Content-Length": [
          "462"
        ],
        "Content-Type": [
          "application/json; charset=utf-8"
        ],
        "Expires": [
          "-1"
        ],
        "Pragma": [
          "no-cache"
        ],
        "Azure-AsyncOperation": [
          "https://management.azure.com/subscriptions/91d12660-3dec-467a-be2a-213b5544ddc0/resourceGroups/ps2154/providers/Microsoft.Devices/provisioningServices/ps9266/operationResults/b3NfaWRfMTFkOGMxZjYtNGJkMi00NjY5LTg4OTAtZWVlNjNmZmFmZGQ5?api-version=2017-11-15&asyncinfo"
        ],
        "x-ms-ratelimit-remaining-subscription-resource-requests": [
          "4999"
        ],
        "x-ms-request-id": [
          "dd9db3da-b441-47f0-ae42-9a5630ae1b14"
        ],
        "x-ms-correlation-request-id": [
          "dd9db3da-b441-47f0-ae42-9a5630ae1b14"
        ],
        "x-ms-routing-request-id": [
          "WESTUS2:20180323T220821Z:dd9db3da-b441-47f0-ae42-9a5630ae1b14"
        ],
        "Strict-Transport-Security": [
          "max-age=31536000; includeSubDomains"
        ],
        "X-Content-Type-Options": [
          "nosniff"
        ],
        "Cache-Control": [
          "no-cache"
        ],
        "Date": [
          "Fri, 23 Mar 2018 22:08:20 GMT"
        ],
        "Server": [
          "Microsoft-HTTPAPI/2.0"
        ]
      },
      "StatusCode": 201
    },
    {
      "RequestUri": "/subscriptions/91d12660-3dec-467a-be2a-213b5544ddc0/resourceGroups/ps2154/providers/Microsoft.Devices/provisioningServices/ps9266?api-version=2017-11-15",
      "EncodedRequestUri": "L3N1YnNjcmlwdGlvbnMvOTFkMTI2NjAtM2RlYy00NjdhLWJlMmEtMjEzYjU1NDRkZGMwL3Jlc291cmNlR3JvdXBzL3BzMjE1NC9wcm92aWRlcnMvTWljcm9zb2Z0LkRldmljZXMvcHJvdmlzaW9uaW5nU2VydmljZXMvcHM5MjY2P2FwaS12ZXJzaW9uPTIwMTctMTEtMTU=",
      "RequestMethod": "PUT",
      "RequestBody": "{\r\n  \"etag\": \"AAAAAAAXH7g=\",\r\n  \"properties\": {\r\n    \"state\": \"Active\",\r\n    \"iotHubs\": [\r\n      {\r\n        \"connectionString\": \"HostName=ps3825.azure-devices.net;SharedAccessKeyName=iothubowner;SharedAccessKey=SuV1LIImp2wXSRmGCZYUNUQO51xSbPVq+Y7FFjUo9HI=\",\r\n        \"location\": \"West US\"\r\n      }\r\n    ],\r\n    \"allocationPolicy\": \"Hashed\"\r\n  },\r\n  \"sku\": {\r\n    \"name\": \"S1\"\r\n  },\r\n  \"location\": \"West US\",\r\n  \"tags\": {}\r\n}",
      "RequestHeaders": {
        "Content-Type": [
          "application/json; charset=utf-8"
        ],
        "Content-Length": [
          "424"
        ],
        "x-ms-client-request-id": [
          "7b3ac774-449f-454d-9956-5b3a03de8de1"
        ],
        "accept-language": [
          "en-US"
        ],
        "User-Agent": [
          "FxVersion/4.7.2633.0",
          "OSName/Windows10Enterprise",
          "OSVersion/6.3.16299",
          "Microsoft.Azure.Management.DeviceProvisioningServices.IotDpsClient/0.9.0.0"
        ]
      },
      "ResponseBody": "{\r\n  \"etag\": \"AAAAAAAXH7g=\",\r\n  \"name\": \"ps9266\",\r\n  \"location\": \"West US\",\r\n  \"properties\": {\r\n    \"state\": \"Transitioning\",\r\n    \"provisioningState\": \"Accepted\",\r\n    \"iotHubs\": [\r\n      {\r\n        \"connectionString\": \"HostName=ps3825.azure-devices.net;SharedAccessKeyName=iothubowner;SharedAccessKey=SuV1LIImp2wXSRmGCZYUNUQO51xSbPVq+Y7FFjUo9HI=\",\r\n        \"location\": \"West US\"\r\n      }\r\n    ],\r\n    \"allocationPolicy\": \"Hashed\",\r\n    \"idScope\": null\r\n  },\r\n  \"resourcegroup\": \"ps2154\",\r\n  \"type\": \"Microsoft.Devices/provisioningServices\",\r\n  \"id\": \"/subscriptions/91d12660-3dec-467a-be2a-213b5544ddc0/resourceGroups/ps2154/providers/Microsoft.Devices/provisioningServices/ps9266\",\r\n  \"subscriptionid\": \"91d12660-3dec-467a-be2a-213b5544ddc0\",\r\n  \"tags\": {},\r\n  \"sku\": {\r\n    \"name\": \"S1\",\r\n    \"tier\": \"Standard\"\r\n  }\r\n}",
      "ResponseHeaders": {
        "Content-Length": [
          "670"
        ],
        "Content-Type": [
          "application/json; charset=utf-8"
        ],
        "Expires": [
          "-1"
        ],
        "Pragma": [
          "no-cache"
        ],
        "Azure-AsyncOperation": [
          "https://management.azure.com/subscriptions/91d12660-3dec-467a-be2a-213b5544ddc0/resourceGroups/ps2154/providers/Microsoft.Devices/provisioningServices/ps9266/operationResults/b3NfaWRfZmYxM2ZhM2EtYWI1ZS00NTVlLTkwMzEtYWM4ODM2YjI0YmQ1?api-version=2017-11-15&asyncinfo"
        ],
        "x-ms-ratelimit-remaining-subscription-resource-requests": [
          "4998"
        ],
        "x-ms-request-id": [
          "b082379b-fdbb-4e1c-ad0a-e1797502cd7f"
        ],
        "x-ms-correlation-request-id": [
          "b082379b-fdbb-4e1c-ad0a-e1797502cd7f"
        ],
        "x-ms-routing-request-id": [
          "WESTUS2:20180323T221059Z:b082379b-fdbb-4e1c-ad0a-e1797502cd7f"
        ],
        "Strict-Transport-Security": [
          "max-age=31536000; includeSubDomains"
        ],
        "X-Content-Type-Options": [
          "nosniff"
        ],
        "Cache-Control": [
          "no-cache"
        ],
        "Date": [
          "Fri, 23 Mar 2018 22:10:58 GMT"
        ],
        "Server": [
          "Microsoft-HTTPAPI/2.0"
        ]
      },
      "StatusCode": 201
    },
    {
      "RequestUri": "/subscriptions/91d12660-3dec-467a-be2a-213b5544ddc0/resourceGroups/ps2154/providers/Microsoft.Devices/provisioningServices/ps9266?api-version=2017-11-15",
      "EncodedRequestUri": "L3N1YnNjcmlwdGlvbnMvOTFkMTI2NjAtM2RlYy00NjdhLWJlMmEtMjEzYjU1NDRkZGMwL3Jlc291cmNlR3JvdXBzL3BzMjE1NC9wcm92aWRlcnMvTWljcm9zb2Z0LkRldmljZXMvcHJvdmlzaW9uaW5nU2VydmljZXMvcHM5MjY2P2FwaS12ZXJzaW9uPTIwMTctMTEtMTU=",
      "RequestMethod": "PUT",
      "RequestBody": "{\r\n  \"etag\": \"AAAAAAAXH+k=\",\r\n  \"properties\": {\r\n    \"state\": \"Active\",\r\n    \"iotHubs\": [\r\n      {\r\n        \"applyAllocationPolicy\": false,\r\n        \"allocationWeight\": 10,\r\n        \"connectionString\": \"HostName=ps3825.azure-devices.net;SharedAccessKeyName=iothubowner;SharedAccessKey=****\",\r\n        \"location\": \"West US\"\r\n      }\r\n    ],\r\n    \"allocationPolicy\": \"Hashed\"\r\n  },\r\n  \"sku\": {\r\n    \"name\": \"S1\"\r\n  },\r\n  \"location\": \"West US\",\r\n  \"tags\": {}\r\n}",
      "RequestHeaders": {
        "Content-Type": [
          "application/json; charset=utf-8"
        ],
        "Content-Length": [
          "458"
        ],
        "x-ms-client-request-id": [
          "c0e39325-70f9-432e-819d-0c707088ae92"
        ],
        "accept-language": [
          "en-US"
        ],
        "User-Agent": [
          "FxVersion/4.7.2633.0",
          "OSName/Windows10Enterprise",
          "OSVersion/6.3.16299",
          "Microsoft.Azure.Management.DeviceProvisioningServices.IotDpsClient/0.9.0.0"
        ]
      },
      "ResponseBody": "{\r\n  \"etag\": \"AAAAAAAXH+k=\",\r\n  \"name\": \"ps9266\",\r\n  \"location\": \"West US\",\r\n  \"properties\": {\r\n    \"state\": \"Transitioning\",\r\n    \"provisioningState\": \"Accepted\",\r\n    \"iotHubs\": [\r\n      {\r\n        \"applyAllocationPolicy\": false,\r\n        \"allocationWeight\": 10,\r\n        \"connectionString\": \"HostName=ps3825.azure-devices.net;SharedAccessKeyName=iothubowner;SharedAccessKey=****\",\r\n        \"location\": \"West US\"\r\n      }\r\n    ],\r\n    \"allocationPolicy\": \"Hashed\",\r\n    \"idScope\": null\r\n  },\r\n  \"resourcegroup\": \"ps2154\",\r\n  \"type\": \"Microsoft.Devices/provisioningServices\",\r\n  \"id\": \"/subscriptions/91d12660-3dec-467a-be2a-213b5544ddc0/resourceGroups/ps2154/providers/Microsoft.Devices/provisioningServices/ps9266\",\r\n  \"subscriptionid\": \"91d12660-3dec-467a-be2a-213b5544ddc0\",\r\n  \"tags\": {},\r\n  \"sku\": {\r\n    \"name\": \"S1\",\r\n    \"tier\": \"Standard\"\r\n  }\r\n}",
      "ResponseHeaders": {
        "Content-Length": [
          "682"
        ],
        "Content-Type": [
          "application/json; charset=utf-8"
        ],
        "Expires": [
          "-1"
        ],
        "Pragma": [
          "no-cache"
        ],
        "Azure-AsyncOperation": [
          "https://management.azure.com/subscriptions/91d12660-3dec-467a-be2a-213b5544ddc0/resourceGroups/ps2154/providers/Microsoft.Devices/provisioningServices/ps9266/operationResults/b3NfaWRfZWVlNzU5NjktZWZjNS00MTM2LWExYjMtMWQ0YzA2YTM2ODQz?api-version=2017-11-15&asyncinfo"
        ],
        "x-ms-ratelimit-remaining-subscription-resource-requests": [
          "4997"
        ],
        "x-ms-request-id": [
          "92a78d18-84a1-4702-becf-33bd584e51da"
        ],
        "x-ms-correlation-request-id": [
          "92a78d18-84a1-4702-becf-33bd584e51da"
        ],
        "x-ms-routing-request-id": [
          "WESTUS2:20180323T221130Z:92a78d18-84a1-4702-becf-33bd584e51da"
        ],
        "Strict-Transport-Security": [
          "max-age=31536000; includeSubDomains"
        ],
        "X-Content-Type-Options": [
          "nosniff"
        ],
        "Cache-Control": [
          "no-cache"
        ],
        "Date": [
          "Fri, 23 Mar 2018 22:11:30 GMT"
        ],
        "Server": [
          "Microsoft-HTTPAPI/2.0"
        ]
      },
      "StatusCode": 201
    },
    {
      "RequestUri": "/subscriptions/91d12660-3dec-467a-be2a-213b5544ddc0/resourceGroups/ps2154/providers/Microsoft.Devices/provisioningServices/ps9266?api-version=2017-11-15",
      "EncodedRequestUri": "L3N1YnNjcmlwdGlvbnMvOTFkMTI2NjAtM2RlYy00NjdhLWJlMmEtMjEzYjU1NDRkZGMwL3Jlc291cmNlR3JvdXBzL3BzMjE1NC9wcm92aWRlcnMvTWljcm9zb2Z0LkRldmljZXMvcHJvdmlzaW9uaW5nU2VydmljZXMvcHM5MjY2P2FwaS12ZXJzaW9uPTIwMTctMTEtMTU=",
      "RequestMethod": "PUT",
      "RequestBody": "{\r\n  \"etag\": \"AAAAAAAXH+8=\",\r\n  \"properties\": {\r\n    \"state\": \"Active\",\r\n    \"iotHubs\": [],\r\n    \"allocationPolicy\": \"Hashed\"\r\n  },\r\n  \"sku\": {\r\n    \"name\": \"S1\"\r\n  },\r\n  \"location\": \"West US\",\r\n  \"tags\": {}\r\n}",
      "RequestHeaders": {
        "Content-Type": [
          "application/json; charset=utf-8"
        ],
        "Content-Length": [
          "210"
        ],
        "x-ms-client-request-id": [
          "1ba96323-73c8-431c-b43a-e457bad27fc7"
        ],
        "accept-language": [
          "en-US"
        ],
        "User-Agent": [
          "FxVersion/4.7.2633.0",
          "OSName/Windows10Enterprise",
          "OSVersion/6.3.16299",
          "Microsoft.Azure.Management.DeviceProvisioningServices.IotDpsClient/0.9.0.0"
        ]
      },
      "ResponseBody": "{\r\n  \"etag\": \"AAAAAAAXH+8=\",\r\n  \"name\": \"ps9266\",\r\n  \"location\": \"West US\",\r\n  \"properties\": {\r\n    \"state\": \"Transitioning\",\r\n    \"provisioningState\": \"Accepted\",\r\n    \"iotHubs\": [],\r\n    \"allocationPolicy\": \"Hashed\",\r\n    \"idScope\": null\r\n  },\r\n  \"resourcegroup\": \"ps2154\",\r\n  \"type\": \"Microsoft.Devices/provisioningServices\",\r\n  \"id\": \"/subscriptions/91d12660-3dec-467a-be2a-213b5544ddc0/resourceGroups/ps2154/providers/Microsoft.Devices/provisioningServices/ps9266\",\r\n  \"subscriptionid\": \"91d12660-3dec-467a-be2a-213b5544ddc0\",\r\n  \"tags\": {},\r\n  \"sku\": {\r\n    \"name\": \"S1\",\r\n    \"tier\": \"Standard\"\r\n  }\r\n}",
      "ResponseHeaders": {
        "Content-Length": [
          "500"
        ],
        "Content-Type": [
          "application/json; charset=utf-8"
        ],
        "Expires": [
          "-1"
        ],
        "Pragma": [
          "no-cache"
        ],
        "Azure-AsyncOperation": [
          "https://management.azure.com/subscriptions/91d12660-3dec-467a-be2a-213b5544ddc0/resourceGroups/ps2154/providers/Microsoft.Devices/provisioningServices/ps9266/operationResults/b3NfaWRfMmM5NDEyMjUtMDk0NS00NDExLTk4NWQtZjhjMjE3NWNmMWVk?api-version=2017-11-15&asyncinfo"
        ],
        "x-ms-ratelimit-remaining-subscription-resource-requests": [
          "4996"
        ],
        "x-ms-request-id": [
          "2b0b0d36-9649-4ae6-ae22-9752900c34d1"
        ],
        "x-ms-correlation-request-id": [
          "2b0b0d36-9649-4ae6-ae22-9752900c34d1"
        ],
        "x-ms-routing-request-id": [
          "WESTUS2:20180323T221202Z:2b0b0d36-9649-4ae6-ae22-9752900c34d1"
        ],
        "Strict-Transport-Security": [
          "max-age=31536000; includeSubDomains"
        ],
        "X-Content-Type-Options": [
          "nosniff"
        ],
        "Cache-Control": [
          "no-cache"
        ],
        "Date": [
          "Fri, 23 Mar 2018 22:12:02 GMT"
        ],
        "Server": [
          "Microsoft-HTTPAPI/2.0"
        ]
      },
      "StatusCode": 201
    },
    {
      "RequestUri": "/subscriptions/91d12660-3dec-467a-be2a-213b5544ddc0/resourceGroups/ps2154/providers/Microsoft.Devices/provisioningServices/ps9266/operationResults/b3NfaWRfMTFkOGMxZjYtNGJkMi00NjY5LTg4OTAtZWVlNjNmZmFmZGQ5?api-version=2017-11-15&asyncinfo",
      "EncodedRequestUri": "L3N1YnNjcmlwdGlvbnMvOTFkMTI2NjAtM2RlYy00NjdhLWJlMmEtMjEzYjU1NDRkZGMwL3Jlc291cmNlR3JvdXBzL3BzMjE1NC9wcm92aWRlcnMvTWljcm9zb2Z0LkRldmljZXMvcHJvdmlzaW9uaW5nU2VydmljZXMvcHM5MjY2L29wZXJhdGlvblJlc3VsdHMvYjNOZmFXUmZNVEZrT0dNeFpqWXROR0prTWkwME5qWTVMVGc0T1RBdFpXVmxOak5tWm1GbVpHUTU/YXBpLXZlcnNpb249MjAxNy0xMS0xNSZhc3luY2luZm8=",
      "RequestMethod": "GET",
      "RequestBody": "",
      "RequestHeaders": {
        "User-Agent": [
          "FxVersion/4.7.2633.0",
          "OSName/Windows10Enterprise",
          "OSVersion/6.3.16299",
          "Microsoft.Azure.Management.DeviceProvisioningServices.IotDpsClient/0.9.0.0"
        ]
      },
      "ResponseBody": "{\r\n  \"status\": \"Succeeded\"\r\n}",
      "ResponseHeaders": {
        "Content-Length": [
          "22"
        ],
        "Content-Type": [
          "application/json; charset=utf-8"
        ],
        "Expires": [
          "-1"
        ],
        "Pragma": [
          "no-cache"
        ],
        "x-ms-ratelimit-remaining-subscription-reads": [
          "14980"
        ],
        "x-ms-request-id": [
          "cc21943d-e9e2-4f68-832d-8019976600c9"
        ],
        "x-ms-correlation-request-id": [
          "cc21943d-e9e2-4f68-832d-8019976600c9"
        ],
        "x-ms-routing-request-id": [
          "WESTUS2:20180323T220851Z:cc21943d-e9e2-4f68-832d-8019976600c9"
        ],
        "Strict-Transport-Security": [
          "max-age=31536000; includeSubDomains"
        ],
        "X-Content-Type-Options": [
          "nosniff"
        ],
        "Cache-Control": [
          "no-cache"
        ],
        "Date": [
          "Fri, 23 Mar 2018 22:08:51 GMT"
        ],
        "Server": [
          "Microsoft-HTTPAPI/2.0"
        ]
      },
      "StatusCode": 200
    },
    {
      "RequestUri": "/subscriptions/91d12660-3dec-467a-be2a-213b5544ddc0/resourceGroups/ps2154/providers/Microsoft.Devices/provisioningServices/ps9266?api-version=2017-11-15",
      "EncodedRequestUri": "L3N1YnNjcmlwdGlvbnMvOTFkMTI2NjAtM2RlYy00NjdhLWJlMmEtMjEzYjU1NDRkZGMwL3Jlc291cmNlR3JvdXBzL3BzMjE1NC9wcm92aWRlcnMvTWljcm9zb2Z0LkRldmljZXMvcHJvdmlzaW9uaW5nU2VydmljZXMvcHM5MjY2P2FwaS12ZXJzaW9uPTIwMTctMTEtMTU=",
      "RequestMethod": "GET",
      "RequestBody": "",
      "RequestHeaders": {
        "User-Agent": [
          "FxVersion/4.7.2633.0",
          "OSName/Windows10Enterprise",
          "OSVersion/6.3.16299",
          "Microsoft.Azure.Management.DeviceProvisioningServices.IotDpsClient/0.9.0.0"
        ]
      },
      "ResponseBody": "{\r\n  \"etag\": \"AAAAAAAXH7g=\",\r\n  \"name\": \"ps9266\",\r\n  \"location\": \"West US\",\r\n  \"properties\": {\r\n    \"state\": \"Active\",\r\n    \"iotHubs\": [],\r\n    \"allocationPolicy\": \"Hashed\",\r\n    \"serviceOperationsHostName\": \"ps9266.azure-devices-provisioning.net\",\r\n    \"deviceProvisioningHostName\": \"global.azure-devices-provisioning.net\",\r\n    \"idScope\": \"0ne00012564\"\r\n  },\r\n  \"resourcegroup\": \"ps2154\",\r\n  \"type\": \"Microsoft.Devices/provisioningServices\",\r\n  \"id\": \"/subscriptions/91d12660-3dec-467a-be2a-213b5544ddc0/resourceGroups/ps2154/providers/Microsoft.Devices/provisioningServices/ps9266\",\r\n  \"subscriptionid\": \"91d12660-3dec-467a-be2a-213b5544ddc0\",\r\n  \"tags\": {},\r\n  \"sku\": {\r\n    \"name\": \"S1\",\r\n    \"tier\": \"Standard\"\r\n  }\r\n}",
      "ResponseHeaders": {
        "Content-Length": [
          "608"
        ],
        "Content-Type": [
          "application/json; charset=utf-8"
        ],
        "Expires": [
          "-1"
        ],
        "Pragma": [
          "no-cache"
        ],
        "x-ms-ratelimit-remaining-subscription-reads": [
          "14979"
        ],
        "x-ms-request-id": [
          "8f24daae-c4cd-4869-9e36-0a8d305824b9"
        ],
        "x-ms-correlation-request-id": [
          "8f24daae-c4cd-4869-9e36-0a8d305824b9"
        ],
        "x-ms-routing-request-id": [
          "WESTUS2:20180323T220851Z:8f24daae-c4cd-4869-9e36-0a8d305824b9"
        ],
        "Strict-Transport-Security": [
          "max-age=31536000; includeSubDomains"
        ],
        "X-Content-Type-Options": [
          "nosniff"
        ],
        "Cache-Control": [
          "no-cache"
        ],
        "Date": [
          "Fri, 23 Mar 2018 22:08:51 GMT"
        ],
        "Server": [
          "Microsoft-HTTPAPI/2.0"
        ]
      },
      "StatusCode": 200
    },
    {
      "RequestUri": "/subscriptions/91d12660-3dec-467a-be2a-213b5544ddc0/resourceGroups/ps2154/providers/Microsoft.Devices/provisioningServices/ps9266?api-version=2017-11-15",
      "EncodedRequestUri": "L3N1YnNjcmlwdGlvbnMvOTFkMTI2NjAtM2RlYy00NjdhLWJlMmEtMjEzYjU1NDRkZGMwL3Jlc291cmNlR3JvdXBzL3BzMjE1NC9wcm92aWRlcnMvTWljcm9zb2Z0LkRldmljZXMvcHJvdmlzaW9uaW5nU2VydmljZXMvcHM5MjY2P2FwaS12ZXJzaW9uPTIwMTctMTEtMTU=",
      "RequestMethod": "GET",
      "RequestBody": "",
      "RequestHeaders": {
        "x-ms-client-request-id": [
          "8b6abcf2-927b-4650-bb9a-d5ef1d2a185c"
        ],
        "accept-language": [
          "en-US"
        ],
        "User-Agent": [
          "FxVersion/4.7.2633.0",
          "OSName/Windows10Enterprise",
          "OSVersion/6.3.16299",
          "Microsoft.Azure.Management.DeviceProvisioningServices.IotDpsClient/0.9.0.0"
        ]
      },
      "ResponseBody": "{\r\n  \"etag\": \"AAAAAAAXH7g=\",\r\n  \"name\": \"ps9266\",\r\n  \"location\": \"West US\",\r\n  \"properties\": {\r\n    \"state\": \"Active\",\r\n    \"iotHubs\": [],\r\n    \"allocationPolicy\": \"Hashed\",\r\n    \"serviceOperationsHostName\": \"ps9266.azure-devices-provisioning.net\",\r\n    \"deviceProvisioningHostName\": \"global.azure-devices-provisioning.net\",\r\n    \"idScope\": \"0ne00012564\"\r\n  },\r\n  \"resourcegroup\": \"ps2154\",\r\n  \"type\": \"Microsoft.Devices/provisioningServices\",\r\n  \"id\": \"/subscriptions/91d12660-3dec-467a-be2a-213b5544ddc0/resourceGroups/ps2154/providers/Microsoft.Devices/provisioningServices/ps9266\",\r\n  \"subscriptionid\": \"91d12660-3dec-467a-be2a-213b5544ddc0\",\r\n  \"tags\": {},\r\n  \"sku\": {\r\n    \"name\": \"S1\",\r\n    \"tier\": \"Standard\"\r\n  }\r\n}",
      "ResponseHeaders": {
        "Content-Length": [
          "608"
        ],
        "Content-Type": [
          "application/json; charset=utf-8"
        ],
        "Expires": [
          "-1"
        ],
        "Pragma": [
          "no-cache"
        ],
        "x-ms-ratelimit-remaining-subscription-reads": [
          "14978"
        ],
        "x-ms-request-id": [
          "38f0f99b-cb15-431b-95f1-40c5a2cf2ac0"
        ],
        "x-ms-correlation-request-id": [
          "38f0f99b-cb15-431b-95f1-40c5a2cf2ac0"
        ],
        "x-ms-routing-request-id": [
          "WESTUS2:20180323T220851Z:38f0f99b-cb15-431b-95f1-40c5a2cf2ac0"
        ],
        "Strict-Transport-Security": [
          "max-age=31536000; includeSubDomains"
        ],
        "X-Content-Type-Options": [
          "nosniff"
        ],
        "Cache-Control": [
          "no-cache"
        ],
        "Date": [
          "Fri, 23 Mar 2018 22:08:51 GMT"
        ],
        "Server": [
          "Microsoft-HTTPAPI/2.0"
        ]
      },
      "StatusCode": 200
    },
    {
      "RequestUri": "/subscriptions/91d12660-3dec-467a-be2a-213b5544ddc0/resourceGroups/ps2154/providers/Microsoft.Devices/provisioningServices/ps9266?api-version=2017-11-15",
      "EncodedRequestUri": "L3N1YnNjcmlwdGlvbnMvOTFkMTI2NjAtM2RlYy00NjdhLWJlMmEtMjEzYjU1NDRkZGMwL3Jlc291cmNlR3JvdXBzL3BzMjE1NC9wcm92aWRlcnMvTWljcm9zb2Z0LkRldmljZXMvcHJvdmlzaW9uaW5nU2VydmljZXMvcHM5MjY2P2FwaS12ZXJzaW9uPTIwMTctMTEtMTU=",
      "RequestMethod": "GET",
      "RequestBody": "",
      "RequestHeaders": {
        "x-ms-client-request-id": [
          "0646ae14-a2a6-4d8d-9681-a3942c89ae73"
        ],
        "accept-language": [
          "en-US"
        ],
        "User-Agent": [
          "FxVersion/4.7.2633.0",
          "OSName/Windows10Enterprise",
          "OSVersion/6.3.16299",
          "Microsoft.Azure.Management.DeviceProvisioningServices.IotDpsClient/0.9.0.0"
        ]
      },
      "ResponseBody": "{\r\n  \"etag\": \"AAAAAAAXH7g=\",\r\n  \"name\": \"ps9266\",\r\n  \"location\": \"West US\",\r\n  \"properties\": {\r\n    \"state\": \"Active\",\r\n    \"iotHubs\": [],\r\n    \"allocationPolicy\": \"Hashed\",\r\n    \"serviceOperationsHostName\": \"ps9266.azure-devices-provisioning.net\",\r\n    \"deviceProvisioningHostName\": \"global.azure-devices-provisioning.net\",\r\n    \"idScope\": \"0ne00012564\"\r\n  },\r\n  \"resourcegroup\": \"ps2154\",\r\n  \"type\": \"Microsoft.Devices/provisioningServices\",\r\n  \"id\": \"/subscriptions/91d12660-3dec-467a-be2a-213b5544ddc0/resourceGroups/ps2154/providers/Microsoft.Devices/provisioningServices/ps9266\",\r\n  \"subscriptionid\": \"91d12660-3dec-467a-be2a-213b5544ddc0\",\r\n  \"tags\": {},\r\n  \"sku\": {\r\n    \"name\": \"S1\",\r\n    \"tier\": \"Standard\"\r\n  }\r\n}",
      "ResponseHeaders": {
        "Content-Length": [
          "608"
        ],
        "Content-Type": [
          "application/json; charset=utf-8"
        ],
        "Expires": [
          "-1"
        ],
        "Pragma": [
          "no-cache"
        ],
        "x-ms-ratelimit-remaining-subscription-reads": [
          "14980"
        ],
        "x-ms-request-id": [
          "43fcc383-6662-49c2-9836-87bb4d232a25"
        ],
        "x-ms-correlation-request-id": [
          "43fcc383-6662-49c2-9836-87bb4d232a25"
        ],
        "x-ms-routing-request-id": [
          "WESTUS2:20180323T221057Z:43fcc383-6662-49c2-9836-87bb4d232a25"
        ],
        "Strict-Transport-Security": [
          "max-age=31536000; includeSubDomains"
        ],
        "X-Content-Type-Options": [
          "nosniff"
        ],
        "Cache-Control": [
          "no-cache"
        ],
        "Date": [
          "Fri, 23 Mar 2018 22:10:57 GMT"
        ],
        "Server": [
          "Microsoft-HTTPAPI/2.0"
        ]
      },
      "StatusCode": 200
    },
    {
      "RequestUri": "/subscriptions/91d12660-3dec-467a-be2a-213b5544ddc0/resourceGroups/ps2154/providers/Microsoft.Devices/provisioningServices/ps9266?api-version=2017-11-15",
      "EncodedRequestUri": "L3N1YnNjcmlwdGlvbnMvOTFkMTI2NjAtM2RlYy00NjdhLWJlMmEtMjEzYjU1NDRkZGMwL3Jlc291cmNlR3JvdXBzL3BzMjE1NC9wcm92aWRlcnMvTWljcm9zb2Z0LkRldmljZXMvcHJvdmlzaW9uaW5nU2VydmljZXMvcHM5MjY2P2FwaS12ZXJzaW9uPTIwMTctMTEtMTU=",
      "RequestMethod": "GET",
      "RequestBody": "",
      "RequestHeaders": {
        "User-Agent": [
          "FxVersion/4.7.2633.0",
          "OSName/Windows10Enterprise",
          "OSVersion/6.3.16299",
          "Microsoft.Azure.Management.DeviceProvisioningServices.IotDpsClient/0.9.0.0"
        ]
      },
      "ResponseBody": "{\r\n  \"etag\": \"AAAAAAAXH+k=\",\r\n  \"name\": \"ps9266\",\r\n  \"location\": \"West US\",\r\n  \"properties\": {\r\n    \"state\": \"Active\",\r\n    \"iotHubs\": [\r\n      {\r\n        \"name\": \"ps3825.azure-devices.net\",\r\n        \"connectionString\": \"HostName=ps3825.azure-devices.net;SharedAccessKeyName=iothubowner;SharedAccessKey=****\",\r\n        \"location\": \"West US\"\r\n      }\r\n    ],\r\n    \"allocationPolicy\": \"Hashed\",\r\n    \"serviceOperationsHostName\": \"ps9266.azure-devices-provisioning.net\",\r\n    \"deviceProvisioningHostName\": \"global.azure-devices-provisioning.net\",\r\n    \"idScope\": \"0ne00012564\"\r\n  },\r\n  \"resourcegroup\": \"ps2154\",\r\n  \"type\": \"Microsoft.Devices/provisioningServices\",\r\n  \"id\": \"/subscriptions/91d12660-3dec-467a-be2a-213b5544ddc0/resourceGroups/ps2154/providers/Microsoft.Devices/provisioningServices/ps9266\",\r\n  \"subscriptionid\": \"91d12660-3dec-467a-be2a-213b5544ddc0\",\r\n  \"tags\": {},\r\n  \"sku\": {\r\n    \"name\": \"S1\",\r\n    \"tier\": \"Standard\"\r\n  }\r\n}",
      "ResponseHeaders": {
        "Content-Length": [
          "772"
        ],
        "Content-Type": [
          "application/json; charset=utf-8"
        ],
        "Expires": [
          "-1"
        ],
        "Pragma": [
          "no-cache"
        ],
        "x-ms-ratelimit-remaining-subscription-reads": [
          "14978"
        ],
        "x-ms-request-id": [
          "270a7eea-ea81-479d-98ac-3b3734275753"
        ],
        "x-ms-correlation-request-id": [
          "270a7eea-ea81-479d-98ac-3b3734275753"
        ],
        "x-ms-routing-request-id": [
          "WESTUS2:20180323T221129Z:270a7eea-ea81-479d-98ac-3b3734275753"
        ],
        "Strict-Transport-Security": [
          "max-age=31536000; includeSubDomains"
        ],
        "X-Content-Type-Options": [
          "nosniff"
        ],
        "Cache-Control": [
          "no-cache"
        ],
        "Date": [
          "Fri, 23 Mar 2018 22:11:29 GMT"
        ],
        "Server": [
          "Microsoft-HTTPAPI/2.0"
        ]
      },
      "StatusCode": 200
    },
    {
      "RequestUri": "/subscriptions/91d12660-3dec-467a-be2a-213b5544ddc0/resourceGroups/ps2154/providers/Microsoft.Devices/provisioningServices/ps9266?api-version=2017-11-15",
      "EncodedRequestUri": "L3N1YnNjcmlwdGlvbnMvOTFkMTI2NjAtM2RlYy00NjdhLWJlMmEtMjEzYjU1NDRkZGMwL3Jlc291cmNlR3JvdXBzL3BzMjE1NC9wcm92aWRlcnMvTWljcm9zb2Z0LkRldmljZXMvcHJvdmlzaW9uaW5nU2VydmljZXMvcHM5MjY2P2FwaS12ZXJzaW9uPTIwMTctMTEtMTU=",
      "RequestMethod": "GET",
      "RequestBody": "",
      "RequestHeaders": {
        "x-ms-client-request-id": [
          "59bac710-6c2c-4c4a-98de-7b0a66e1b67f"
        ],
        "accept-language": [
          "en-US"
        ],
        "User-Agent": [
          "FxVersion/4.7.2633.0",
          "OSName/Windows10Enterprise",
          "OSVersion/6.3.16299",
          "Microsoft.Azure.Management.DeviceProvisioningServices.IotDpsClient/0.9.0.0"
        ]
      },
      "ResponseBody": "{\r\n  \"etag\": \"AAAAAAAXH+k=\",\r\n  \"name\": \"ps9266\",\r\n  \"location\": \"West US\",\r\n  \"properties\": {\r\n    \"state\": \"Active\",\r\n    \"iotHubs\": [\r\n      {\r\n        \"name\": \"ps3825.azure-devices.net\",\r\n        \"connectionString\": \"HostName=ps3825.azure-devices.net;SharedAccessKeyName=iothubowner;SharedAccessKey=****\",\r\n        \"location\": \"West US\"\r\n      }\r\n    ],\r\n    \"allocationPolicy\": \"Hashed\",\r\n    \"serviceOperationsHostName\": \"ps9266.azure-devices-provisioning.net\",\r\n    \"deviceProvisioningHostName\": \"global.azure-devices-provisioning.net\",\r\n    \"idScope\": \"0ne00012564\"\r\n  },\r\n  \"resourcegroup\": \"ps2154\",\r\n  \"type\": \"Microsoft.Devices/provisioningServices\",\r\n  \"id\": \"/subscriptions/91d12660-3dec-467a-be2a-213b5544ddc0/resourceGroups/ps2154/providers/Microsoft.Devices/provisioningServices/ps9266\",\r\n  \"subscriptionid\": \"91d12660-3dec-467a-be2a-213b5544ddc0\",\r\n  \"tags\": {},\r\n  \"sku\": {\r\n    \"name\": \"S1\",\r\n    \"tier\": \"Standard\"\r\n  }\r\n}",
      "ResponseHeaders": {
        "Content-Length": [
          "772"
        ],
        "Content-Type": [
          "application/json; charset=utf-8"
        ],
        "Expires": [
          "-1"
        ],
        "Pragma": [
          "no-cache"
        ],
        "x-ms-ratelimit-remaining-subscription-reads": [
          "14977"
        ],
        "x-ms-request-id": [
          "68f62e88-3b58-4d9d-8119-689396200e83"
        ],
        "x-ms-correlation-request-id": [
          "68f62e88-3b58-4d9d-8119-689396200e83"
        ],
        "x-ms-routing-request-id": [
          "WESTUS2:20180323T221129Z:68f62e88-3b58-4d9d-8119-689396200e83"
        ],
        "Strict-Transport-Security": [
          "max-age=31536000; includeSubDomains"
        ],
        "X-Content-Type-Options": [
          "nosniff"
        ],
        "Cache-Control": [
          "no-cache"
        ],
        "Date": [
          "Fri, 23 Mar 2018 22:11:29 GMT"
        ],
        "Server": [
          "Microsoft-HTTPAPI/2.0"
        ]
      },
      "StatusCode": 200
    },
    {
      "RequestUri": "/subscriptions/91d12660-3dec-467a-be2a-213b5544ddc0/resourceGroups/ps2154/providers/Microsoft.Devices/provisioningServices/ps9266?api-version=2017-11-15",
      "EncodedRequestUri": "L3N1YnNjcmlwdGlvbnMvOTFkMTI2NjAtM2RlYy00NjdhLWJlMmEtMjEzYjU1NDRkZGMwL3Jlc291cmNlR3JvdXBzL3BzMjE1NC9wcm92aWRlcnMvTWljcm9zb2Z0LkRldmljZXMvcHJvdmlzaW9uaW5nU2VydmljZXMvcHM5MjY2P2FwaS12ZXJzaW9uPTIwMTctMTEtMTU=",
      "RequestMethod": "GET",
      "RequestBody": "",
      "RequestHeaders": {
        "x-ms-client-request-id": [
          "b900e9a2-bb02-4533-baff-b9ed0edb813f"
        ],
        "accept-language": [
          "en-US"
        ],
        "User-Agent": [
          "FxVersion/4.7.2633.0",
          "OSName/Windows10Enterprise",
          "OSVersion/6.3.16299",
          "Microsoft.Azure.Management.DeviceProvisioningServices.IotDpsClient/0.9.0.0"
        ]
      },
      "ResponseBody": "{\r\n  \"etag\": \"AAAAAAAXH+k=\",\r\n  \"name\": \"ps9266\",\r\n  \"location\": \"West US\",\r\n  \"properties\": {\r\n    \"state\": \"Active\",\r\n    \"iotHubs\": [\r\n      {\r\n        \"name\": \"ps3825.azure-devices.net\",\r\n        \"connectionString\": \"HostName=ps3825.azure-devices.net;SharedAccessKeyName=iothubowner;SharedAccessKey=****\",\r\n        \"location\": \"West US\"\r\n      }\r\n    ],\r\n    \"allocationPolicy\": \"Hashed\",\r\n    \"serviceOperationsHostName\": \"ps9266.azure-devices-provisioning.net\",\r\n    \"deviceProvisioningHostName\": \"global.azure-devices-provisioning.net\",\r\n    \"idScope\": \"0ne00012564\"\r\n  },\r\n  \"resourcegroup\": \"ps2154\",\r\n  \"type\": \"Microsoft.Devices/provisioningServices\",\r\n  \"id\": \"/subscriptions/91d12660-3dec-467a-be2a-213b5544ddc0/resourceGroups/ps2154/providers/Microsoft.Devices/provisioningServices/ps9266\",\r\n  \"subscriptionid\": \"91d12660-3dec-467a-be2a-213b5544ddc0\",\r\n  \"tags\": {},\r\n  \"sku\": {\r\n    \"name\": \"S1\",\r\n    \"tier\": \"Standard\"\r\n  }\r\n}",
      "ResponseHeaders": {
        "Content-Length": [
          "772"
        ],
        "Content-Type": [
          "application/json; charset=utf-8"
        ],
        "Expires": [
          "-1"
        ],
        "Pragma": [
          "no-cache"
        ],
        "x-ms-ratelimit-remaining-subscription-reads": [
          "14976"
        ],
        "x-ms-request-id": [
          "06f9f021-e3d0-40c3-ba92-3cb7dd6fe75e"
        ],
        "x-ms-correlation-request-id": [
          "06f9f021-e3d0-40c3-ba92-3cb7dd6fe75e"
        ],
        "x-ms-routing-request-id": [
          "WESTUS2:20180323T221129Z:06f9f021-e3d0-40c3-ba92-3cb7dd6fe75e"
        ],
        "Strict-Transport-Security": [
          "max-age=31536000; includeSubDomains"
        ],
        "X-Content-Type-Options": [
          "nosniff"
        ],
        "Cache-Control": [
          "no-cache"
        ],
        "Date": [
          "Fri, 23 Mar 2018 22:11:29 GMT"
        ],
        "Server": [
          "Microsoft-HTTPAPI/2.0"
        ]
      },
      "StatusCode": 200
    },
    {
      "RequestUri": "/subscriptions/91d12660-3dec-467a-be2a-213b5544ddc0/resourceGroups/ps2154/providers/Microsoft.Devices/provisioningServices/ps9266?api-version=2017-11-15",
      "EncodedRequestUri": "L3N1YnNjcmlwdGlvbnMvOTFkMTI2NjAtM2RlYy00NjdhLWJlMmEtMjEzYjU1NDRkZGMwL3Jlc291cmNlR3JvdXBzL3BzMjE1NC9wcm92aWRlcnMvTWljcm9zb2Z0LkRldmljZXMvcHJvdmlzaW9uaW5nU2VydmljZXMvcHM5MjY2P2FwaS12ZXJzaW9uPTIwMTctMTEtMTU=",
      "RequestMethod": "GET",
      "RequestBody": "",
      "RequestHeaders": {
        "User-Agent": [
          "FxVersion/4.7.2633.0",
          "OSName/Windows10Enterprise",
          "OSVersion/6.3.16299",
          "Microsoft.Azure.Management.DeviceProvisioningServices.IotDpsClient/0.9.0.0"
        ]
      },
      "ResponseBody": "{\r\n  \"etag\": \"AAAAAAAXH+8=\",\r\n  \"name\": \"ps9266\",\r\n  \"location\": \"West US\",\r\n  \"properties\": {\r\n    \"state\": \"Active\",\r\n    \"iotHubs\": [\r\n      {\r\n        \"applyAllocationPolicy\": false,\r\n        \"allocationWeight\": 10,\r\n        \"name\": \"ps3825.azure-devices.net\",\r\n        \"connectionString\": \"HostName=ps3825.azure-devices.net;SharedAccessKeyName=iothubowner;SharedAccessKey=****\",\r\n        \"location\": \"West US\"\r\n      }\r\n    ],\r\n    \"allocationPolicy\": \"Hashed\",\r\n    \"serviceOperationsHostName\": \"ps9266.azure-devices-provisioning.net\",\r\n    \"deviceProvisioningHostName\": \"global.azure-devices-provisioning.net\",\r\n    \"idScope\": \"0ne00012564\"\r\n  },\r\n  \"resourcegroup\": \"ps2154\",\r\n  \"type\": \"Microsoft.Devices/provisioningServices\",\r\n  \"id\": \"/subscriptions/91d12660-3dec-467a-be2a-213b5544ddc0/resourceGroups/ps2154/providers/Microsoft.Devices/provisioningServices/ps9266\",\r\n  \"subscriptionid\": \"91d12660-3dec-467a-be2a-213b5544ddc0\",\r\n  \"tags\": {},\r\n  \"sku\": {\r\n    \"name\": \"S1\",\r\n    \"tier\": \"Standard\"\r\n  }\r\n}",
      "ResponseHeaders": {
        "Content-Length": [
          "824"
        ],
        "Content-Type": [
          "application/json; charset=utf-8"
        ],
        "Expires": [
          "-1"
        ],
        "Pragma": [
          "no-cache"
        ],
        "x-ms-ratelimit-remaining-subscription-reads": [
          "14974"
        ],
        "x-ms-request-id": [
          "e9334343-22a6-4101-99fe-8e449fc8346e"
        ],
        "x-ms-correlation-request-id": [
          "e9334343-22a6-4101-99fe-8e449fc8346e"
        ],
        "x-ms-routing-request-id": [
          "WESTUS2:20180323T221201Z:e9334343-22a6-4101-99fe-8e449fc8346e"
        ],
        "Strict-Transport-Security": [
          "max-age=31536000; includeSubDomains"
        ],
        "X-Content-Type-Options": [
          "nosniff"
        ],
        "Cache-Control": [
          "no-cache"
        ],
        "Date": [
          "Fri, 23 Mar 2018 22:12:00 GMT"
        ],
        "Server": [
          "Microsoft-HTTPAPI/2.0"
        ]
      },
      "StatusCode": 200
    },
    {
      "RequestUri": "/subscriptions/91d12660-3dec-467a-be2a-213b5544ddc0/resourceGroups/ps2154/providers/Microsoft.Devices/provisioningServices/ps9266?api-version=2017-11-15",
      "EncodedRequestUri": "L3N1YnNjcmlwdGlvbnMvOTFkMTI2NjAtM2RlYy00NjdhLWJlMmEtMjEzYjU1NDRkZGMwL3Jlc291cmNlR3JvdXBzL3BzMjE1NC9wcm92aWRlcnMvTWljcm9zb2Z0LkRldmljZXMvcHJvdmlzaW9uaW5nU2VydmljZXMvcHM5MjY2P2FwaS12ZXJzaW9uPTIwMTctMTEtMTU=",
      "RequestMethod": "GET",
      "RequestBody": "",
      "RequestHeaders": {
        "x-ms-client-request-id": [
          "384dd3a5-4b35-4144-a55b-0ddddfc3f1cc"
        ],
        "accept-language": [
          "en-US"
        ],
        "User-Agent": [
          "FxVersion/4.7.2633.0",
          "OSName/Windows10Enterprise",
          "OSVersion/6.3.16299",
          "Microsoft.Azure.Management.DeviceProvisioningServices.IotDpsClient/0.9.0.0"
        ]
      },
      "ResponseBody": "{\r\n  \"etag\": \"AAAAAAAXH+8=\",\r\n  \"name\": \"ps9266\",\r\n  \"location\": \"West US\",\r\n  \"properties\": {\r\n    \"state\": \"Active\",\r\n    \"iotHubs\": [\r\n      {\r\n        \"applyAllocationPolicy\": false,\r\n        \"allocationWeight\": 10,\r\n        \"name\": \"ps3825.azure-devices.net\",\r\n        \"connectionString\": \"HostName=ps3825.azure-devices.net;SharedAccessKeyName=iothubowner;SharedAccessKey=****\",\r\n        \"location\": \"West US\"\r\n      }\r\n    ],\r\n    \"allocationPolicy\": \"Hashed\",\r\n    \"serviceOperationsHostName\": \"ps9266.azure-devices-provisioning.net\",\r\n    \"deviceProvisioningHostName\": \"global.azure-devices-provisioning.net\",\r\n    \"idScope\": \"0ne00012564\"\r\n  },\r\n  \"resourcegroup\": \"ps2154\",\r\n  \"type\": \"Microsoft.Devices/provisioningServices\",\r\n  \"id\": \"/subscriptions/91d12660-3dec-467a-be2a-213b5544ddc0/resourceGroups/ps2154/providers/Microsoft.Devices/provisioningServices/ps9266\",\r\n  \"subscriptionid\": \"91d12660-3dec-467a-be2a-213b5544ddc0\",\r\n  \"tags\": {},\r\n  \"sku\": {\r\n    \"name\": \"S1\",\r\n    \"tier\": \"Standard\"\r\n  }\r\n}",
      "ResponseHeaders": {
        "Content-Length": [
          "824"
        ],
        "Content-Type": [
          "application/json; charset=utf-8"
        ],
        "Expires": [
          "-1"
        ],
        "Pragma": [
          "no-cache"
        ],
        "x-ms-ratelimit-remaining-subscription-reads": [
          "14973"
        ],
        "x-ms-request-id": [
          "b695bb07-6a38-4fea-8686-80ab19cc21fc"
        ],
        "x-ms-correlation-request-id": [
          "b695bb07-6a38-4fea-8686-80ab19cc21fc"
        ],
        "x-ms-routing-request-id": [
          "WESTUS2:20180323T221201Z:b695bb07-6a38-4fea-8686-80ab19cc21fc"
        ],
        "Strict-Transport-Security": [
          "max-age=31536000; includeSubDomains"
        ],
        "X-Content-Type-Options": [
          "nosniff"
        ],
        "Cache-Control": [
          "no-cache"
        ],
        "Date": [
          "Fri, 23 Mar 2018 22:12:00 GMT"
        ],
        "Server": [
          "Microsoft-HTTPAPI/2.0"
        ]
      },
      "StatusCode": 200
    },
    {
      "RequestUri": "/subscriptions/91d12660-3dec-467a-be2a-213b5544ddc0/resourceGroups/ps2154/providers/Microsoft.Devices/provisioningServices/ps9266?api-version=2017-11-15",
      "EncodedRequestUri": "L3N1YnNjcmlwdGlvbnMvOTFkMTI2NjAtM2RlYy00NjdhLWJlMmEtMjEzYjU1NDRkZGMwL3Jlc291cmNlR3JvdXBzL3BzMjE1NC9wcm92aWRlcnMvTWljcm9zb2Z0LkRldmljZXMvcHJvdmlzaW9uaW5nU2VydmljZXMvcHM5MjY2P2FwaS12ZXJzaW9uPTIwMTctMTEtMTU=",
      "RequestMethod": "GET",
      "RequestBody": "",
      "RequestHeaders": {
        "x-ms-client-request-id": [
          "825ff759-5dc5-4aef-9fac-407c77d262e6"
        ],
        "accept-language": [
          "en-US"
        ],
        "User-Agent": [
          "FxVersion/4.7.2633.0",
          "OSName/Windows10Enterprise",
          "OSVersion/6.3.16299",
          "Microsoft.Azure.Management.DeviceProvisioningServices.IotDpsClient/0.9.0.0"
        ]
      },
      "ResponseBody": "{\r\n  \"etag\": \"AAAAAAAXH+8=\",\r\n  \"name\": \"ps9266\",\r\n  \"location\": \"West US\",\r\n  \"properties\": {\r\n    \"state\": \"Active\",\r\n    \"iotHubs\": [\r\n      {\r\n        \"applyAllocationPolicy\": false,\r\n        \"allocationWeight\": 10,\r\n        \"name\": \"ps3825.azure-devices.net\",\r\n        \"connectionString\": \"HostName=ps3825.azure-devices.net;SharedAccessKeyName=iothubowner;SharedAccessKey=****\",\r\n        \"location\": \"West US\"\r\n      }\r\n    ],\r\n    \"allocationPolicy\": \"Hashed\",\r\n    \"serviceOperationsHostName\": \"ps9266.azure-devices-provisioning.net\",\r\n    \"deviceProvisioningHostName\": \"global.azure-devices-provisioning.net\",\r\n    \"idScope\": \"0ne00012564\"\r\n  },\r\n  \"resourcegroup\": \"ps2154\",\r\n  \"type\": \"Microsoft.Devices/provisioningServices\",\r\n  \"id\": \"/subscriptions/91d12660-3dec-467a-be2a-213b5544ddc0/resourceGroups/ps2154/providers/Microsoft.Devices/provisioningServices/ps9266\",\r\n  \"subscriptionid\": \"91d12660-3dec-467a-be2a-213b5544ddc0\",\r\n  \"tags\": {},\r\n  \"sku\": {\r\n    \"name\": \"S1\",\r\n    \"tier\": \"Standard\"\r\n  }\r\n}",
      "ResponseHeaders": {
        "Content-Length": [
          "824"
        ],
        "Content-Type": [
          "application/json; charset=utf-8"
        ],
        "Expires": [
          "-1"
        ],
        "Pragma": [
          "no-cache"
        ],
        "x-ms-ratelimit-remaining-subscription-reads": [
          "14972"
        ],
        "x-ms-request-id": [
          "6de9c2f5-04f8-405f-b550-82f5838e5168"
        ],
        "x-ms-correlation-request-id": [
          "6de9c2f5-04f8-405f-b550-82f5838e5168"
        ],
        "x-ms-routing-request-id": [
          "WESTUS2:20180323T221201Z:6de9c2f5-04f8-405f-b550-82f5838e5168"
        ],
        "Strict-Transport-Security": [
          "max-age=31536000; includeSubDomains"
        ],
        "X-Content-Type-Options": [
          "nosniff"
        ],
        "Cache-Control": [
          "no-cache"
        ],
        "Date": [
          "Fri, 23 Mar 2018 22:12:01 GMT"
        ],
        "Server": [
          "Microsoft-HTTPAPI/2.0"
        ]
      },
      "StatusCode": 200
    },
    {
      "RequestUri": "/subscriptions/91d12660-3dec-467a-be2a-213b5544ddc0/resourceGroups/ps2154/providers/Microsoft.Devices/provisioningServices/ps9266?api-version=2017-11-15",
      "EncodedRequestUri": "L3N1YnNjcmlwdGlvbnMvOTFkMTI2NjAtM2RlYy00NjdhLWJlMmEtMjEzYjU1NDRkZGMwL3Jlc291cmNlR3JvdXBzL3BzMjE1NC9wcm92aWRlcnMvTWljcm9zb2Z0LkRldmljZXMvcHJvdmlzaW9uaW5nU2VydmljZXMvcHM5MjY2P2FwaS12ZXJzaW9uPTIwMTctMTEtMTU=",
      "RequestMethod": "GET",
      "RequestBody": "",
      "RequestHeaders": {
        "x-ms-client-request-id": [
          "a5804999-12f1-4a21-8b6f-74b3adb71a71"
        ],
        "accept-language": [
          "en-US"
        ],
        "User-Agent": [
          "FxVersion/4.7.2633.0",
          "OSName/Windows10Enterprise",
          "OSVersion/6.3.16299",
          "Microsoft.Azure.Management.DeviceProvisioningServices.IotDpsClient/0.9.0.0"
        ]
      },
      "ResponseBody": "{\r\n  \"etag\": \"AAAAAAAXH+8=\",\r\n  \"name\": \"ps9266\",\r\n  \"location\": \"West US\",\r\n  \"properties\": {\r\n    \"state\": \"Active\",\r\n    \"iotHubs\": [\r\n      {\r\n        \"applyAllocationPolicy\": false,\r\n        \"allocationWeight\": 10,\r\n        \"name\": \"ps3825.azure-devices.net\",\r\n        \"connectionString\": \"HostName=ps3825.azure-devices.net;SharedAccessKeyName=iothubowner;SharedAccessKey=****\",\r\n        \"location\": \"West US\"\r\n      }\r\n    ],\r\n    \"allocationPolicy\": \"Hashed\",\r\n    \"serviceOperationsHostName\": \"ps9266.azure-devices-provisioning.net\",\r\n    \"deviceProvisioningHostName\": \"global.azure-devices-provisioning.net\",\r\n    \"idScope\": \"0ne00012564\"\r\n  },\r\n  \"resourcegroup\": \"ps2154\",\r\n  \"type\": \"Microsoft.Devices/provisioningServices\",\r\n  \"id\": \"/subscriptions/91d12660-3dec-467a-be2a-213b5544ddc0/resourceGroups/ps2154/providers/Microsoft.Devices/provisioningServices/ps9266\",\r\n  \"subscriptionid\": \"91d12660-3dec-467a-be2a-213b5544ddc0\",\r\n  \"tags\": {},\r\n  \"sku\": {\r\n    \"name\": \"S1\",\r\n    \"tier\": \"Standard\"\r\n  }\r\n}",
      "ResponseHeaders": {
        "Content-Length": [
          "824"
        ],
        "Content-Type": [
          "application/json; charset=utf-8"
        ],
        "Expires": [
          "-1"
        ],
        "Pragma": [
          "no-cache"
        ],
        "x-ms-ratelimit-remaining-subscription-reads": [
          "14971"
        ],
        "x-ms-request-id": [
          "05209581-4680-47cd-852a-7015b96e9aef"
        ],
        "x-ms-correlation-request-id": [
          "05209581-4680-47cd-852a-7015b96e9aef"
        ],
        "x-ms-routing-request-id": [
          "WESTUS2:20180323T221201Z:05209581-4680-47cd-852a-7015b96e9aef"
        ],
        "Strict-Transport-Security": [
          "max-age=31536000; includeSubDomains"
        ],
        "X-Content-Type-Options": [
          "nosniff"
        ],
        "Cache-Control": [
          "no-cache"
        ],
        "Date": [
          "Fri, 23 Mar 2018 22:12:01 GMT"
        ],
        "Server": [
          "Microsoft-HTTPAPI/2.0"
        ]
      },
      "StatusCode": 200
    },
    {
      "RequestUri": "/subscriptions/91d12660-3dec-467a-be2a-213b5544ddc0/resourceGroups/ps2154/providers/Microsoft.Devices/provisioningServices/ps9266?api-version=2017-11-15",
      "EncodedRequestUri": "L3N1YnNjcmlwdGlvbnMvOTFkMTI2NjAtM2RlYy00NjdhLWJlMmEtMjEzYjU1NDRkZGMwL3Jlc291cmNlR3JvdXBzL3BzMjE1NC9wcm92aWRlcnMvTWljcm9zb2Z0LkRldmljZXMvcHJvdmlzaW9uaW5nU2VydmljZXMvcHM5MjY2P2FwaS12ZXJzaW9uPTIwMTctMTEtMTU=",
      "RequestMethod": "GET",
      "RequestBody": "",
      "RequestHeaders": {
        "x-ms-client-request-id": [
          "644ef9ce-4a98-4c4f-ad7f-bccd55b77873"
        ],
        "accept-language": [
          "en-US"
        ],
        "User-Agent": [
          "FxVersion/4.7.2633.0",
          "OSName/Windows10Enterprise",
          "OSVersion/6.3.16299",
          "Microsoft.Azure.Management.DeviceProvisioningServices.IotDpsClient/0.9.0.0"
        ]
      },
      "ResponseBody": "{\r\n  \"etag\": \"AAAAAAAXH+8=\",\r\n  \"name\": \"ps9266\",\r\n  \"location\": \"West US\",\r\n  \"properties\": {\r\n    \"state\": \"Active\",\r\n    \"iotHubs\": [\r\n      {\r\n        \"applyAllocationPolicy\": false,\r\n        \"allocationWeight\": 10,\r\n        \"name\": \"ps3825.azure-devices.net\",\r\n        \"connectionString\": \"HostName=ps3825.azure-devices.net;SharedAccessKeyName=iothubowner;SharedAccessKey=****\",\r\n        \"location\": \"West US\"\r\n      }\r\n    ],\r\n    \"allocationPolicy\": \"Hashed\",\r\n    \"serviceOperationsHostName\": \"ps9266.azure-devices-provisioning.net\",\r\n    \"deviceProvisioningHostName\": \"global.azure-devices-provisioning.net\",\r\n    \"idScope\": \"0ne00012564\"\r\n  },\r\n  \"resourcegroup\": \"ps2154\",\r\n  \"type\": \"Microsoft.Devices/provisioningServices\",\r\n  \"id\": \"/subscriptions/91d12660-3dec-467a-be2a-213b5544ddc0/resourceGroups/ps2154/providers/Microsoft.Devices/provisioningServices/ps9266\",\r\n  \"subscriptionid\": \"91d12660-3dec-467a-be2a-213b5544ddc0\",\r\n  \"tags\": {},\r\n  \"sku\": {\r\n    \"name\": \"S1\",\r\n    \"tier\": \"Standard\"\r\n  }\r\n}",
      "ResponseHeaders": {
        "Content-Length": [
          "824"
        ],
        "Content-Type": [
          "application/json; charset=utf-8"
        ],
        "Expires": [
          "-1"
        ],
        "Pragma": [
          "no-cache"
        ],
        "x-ms-ratelimit-remaining-subscription-reads": [
          "14970"
        ],
        "x-ms-request-id": [
          "e534419a-830c-4deb-aaa0-7233392e0546"
        ],
        "x-ms-correlation-request-id": [
          "e534419a-830c-4deb-aaa0-7233392e0546"
        ],
        "x-ms-routing-request-id": [
          "WESTUS2:20180323T221201Z:e534419a-830c-4deb-aaa0-7233392e0546"
        ],
        "Strict-Transport-Security": [
          "max-age=31536000; includeSubDomains"
        ],
        "X-Content-Type-Options": [
          "nosniff"
        ],
        "Cache-Control": [
          "no-cache"
        ],
        "Date": [
          "Fri, 23 Mar 2018 22:12:01 GMT"
        ],
        "Server": [
          "Microsoft-HTTPAPI/2.0"
        ]
      },
      "StatusCode": 200
    },
    {
      "RequestUri": "/subscriptions/91d12660-3dec-467a-be2a-213b5544ddc0/resourceGroups/ps2154/providers/Microsoft.Devices/provisioningServices/ps9266?api-version=2017-11-15",
      "EncodedRequestUri": "L3N1YnNjcmlwdGlvbnMvOTFkMTI2NjAtM2RlYy00NjdhLWJlMmEtMjEzYjU1NDRkZGMwL3Jlc291cmNlR3JvdXBzL3BzMjE1NC9wcm92aWRlcnMvTWljcm9zb2Z0LkRldmljZXMvcHJvdmlzaW9uaW5nU2VydmljZXMvcHM5MjY2P2FwaS12ZXJzaW9uPTIwMTctMTEtMTU=",
      "RequestMethod": "GET",
      "RequestBody": "",
      "RequestHeaders": {
        "User-Agent": [
          "FxVersion/4.7.2633.0",
          "OSName/Windows10Enterprise",
          "OSVersion/6.3.16299",
          "Microsoft.Azure.Management.DeviceProvisioningServices.IotDpsClient/0.9.0.0"
        ]
      },
      "ResponseBody": "{\r\n  \"etag\": \"AAAAAAAXIAE=\",\r\n  \"name\": \"ps9266\",\r\n  \"location\": \"West US\",\r\n  \"properties\": {\r\n    \"state\": \"Active\",\r\n    \"iotHubs\": [],\r\n    \"allocationPolicy\": \"Hashed\",\r\n    \"serviceOperationsHostName\": \"ps9266.azure-devices-provisioning.net\",\r\n    \"deviceProvisioningHostName\": \"global.azure-devices-provisioning.net\",\r\n    \"idScope\": \"0ne00012564\"\r\n  },\r\n  \"resourcegroup\": \"ps2154\",\r\n  \"type\": \"Microsoft.Devices/provisioningServices\",\r\n  \"id\": \"/subscriptions/91d12660-3dec-467a-be2a-213b5544ddc0/resourceGroups/ps2154/providers/Microsoft.Devices/provisioningServices/ps9266\",\r\n  \"subscriptionid\": \"91d12660-3dec-467a-be2a-213b5544ddc0\",\r\n  \"tags\": {},\r\n  \"sku\": {\r\n    \"name\": \"S1\",\r\n    \"tier\": \"Standard\"\r\n  }\r\n}",
      "ResponseHeaders": {
        "Content-Length": [
          "608"
        ],
        "Content-Type": [
          "application/json; charset=utf-8"
        ],
        "Expires": [
          "-1"
        ],
        "Pragma": [
          "no-cache"
        ],
        "x-ms-ratelimit-remaining-subscription-reads": [
          "14968"
        ],
        "x-ms-request-id": [
          "c6e11b00-95bf-47e2-b6c3-eb8c0707a6b3"
        ],
        "x-ms-correlation-request-id": [
          "c6e11b00-95bf-47e2-b6c3-eb8c0707a6b3"
        ],
        "x-ms-routing-request-id": [
          "WESTUS2:20180323T221232Z:c6e11b00-95bf-47e2-b6c3-eb8c0707a6b3"
        ],
        "Strict-Transport-Security": [
          "max-age=31536000; includeSubDomains"
        ],
        "X-Content-Type-Options": [
          "nosniff"
        ],
        "Cache-Control": [
          "no-cache"
        ],
        "Date": [
          "Fri, 23 Mar 2018 22:12:32 GMT"
        ],
        "Server": [
          "Microsoft-HTTPAPI/2.0"
        ]
      },
      "StatusCode": 200
    },
    {
      "RequestUri": "/subscriptions/91d12660-3dec-467a-be2a-213b5544ddc0/resourceGroups/ps2154/providers/Microsoft.Devices/IotHubs/ps3825?api-version=2017-07-01",
      "EncodedRequestUri": "L3N1YnNjcmlwdGlvbnMvOTFkMTI2NjAtM2RlYy00NjdhLWJlMmEtMjEzYjU1NDRkZGMwL3Jlc291cmNlR3JvdXBzL3BzMjE1NC9wcm92aWRlcnMvTWljcm9zb2Z0LkRldmljZXMvSW90SHVicy9wczM4MjU/YXBpLXZlcnNpb249MjAxNy0wNy0wMQ==",
      "RequestMethod": "PUT",
      "RequestBody": "{\r\n  \"subscriptionid\": \"91d12660-3dec-467a-be2a-213b5544ddc0\",\r\n  \"resourcegroup\": \"ps2154\",\r\n  \"sku\": {\r\n    \"name\": \"S1\",\r\n    \"capacity\": 1\r\n  },\r\n  \"location\": \"West US\"\r\n}",
      "RequestHeaders": {
        "Content-Type": [
          "application/json; charset=utf-8"
        ],
        "Content-Length": [
          "176"
        ],
        "x-ms-client-request-id": [
          "a472ad9b-a0af-43df-9186-b5d57cd7c133"
        ],
        "accept-language": [
          "en-US"
        ],
        "User-Agent": [
          "FxVersion/4.7.2633.0",
          "OSName/Windows10Enterprise",
          "OSVersion/6.3.16299",
          "Microsoft.Azure.Management.IotHub.IotHubClient/1.1.3.0"
        ]
      },
      "ResponseBody": "{\r\n  \"id\": \"/subscriptions/91d12660-3dec-467a-be2a-213b5544ddc0/resourceGroups/ps2154/providers/Microsoft.Devices/IotHubs/ps3825\",\r\n  \"name\": \"ps3825\",\r\n  \"type\": \"Microsoft.Devices/IotHubs\",\r\n  \"location\": \"West US\",\r\n  \"tags\": {},\r\n  \"subscriptionid\": \"91d12660-3dec-467a-be2a-213b5544ddc0\",\r\n  \"resourcegroup\": \"ps2154\",\r\n  \"properties\": {\r\n    \"state\": \"Activating\",\r\n    \"provisioningState\": \"Accepted\",\r\n    \"enableFileUploadNotifications\": false,\r\n    \"cloudToDevice\": {\r\n      \"maxDeliveryCount\": 10,\r\n      \"defaultTtlAsIso8601\": \"PT1H\",\r\n      \"feedback\": {\r\n        \"lockDurationAsIso8601\": \"PT1M\",\r\n        \"ttlAsIso8601\": \"PT1H\",\r\n        \"maxDeliveryCount\": 10\r\n      }\r\n    },\r\n    \"features\": \"None\"\r\n  },\r\n  \"sku\": {\r\n    \"name\": \"S1\",\r\n    \"tier\": \"Standard\",\r\n    \"capacity\": 1\r\n  }\r\n}",
      "ResponseHeaders": {
        "Content-Length": [
          "619"
        ],
        "Content-Type": [
          "application/json; charset=utf-8"
        ],
        "Expires": [
          "-1"
        ],
        "Pragma": [
          "no-cache"
        ],
        "Azure-AsyncOperation": [
          "https://management.azure.com/subscriptions/91d12660-3dec-467a-be2a-213b5544ddc0/resourceGroups/ps2154/providers/Microsoft.Devices/IotHubs/ps3825/operationResults/b3NfaWhfZWViZDFlMzQtY2VmZi00YmNjLTk0ODAtNjNiNDZlMjlhMmE0?api-version=2017-07-01&asyncinfo"
        ],
        "x-ms-ratelimit-remaining-subscription-resource-requests": [
          "4999"
        ],
        "x-ms-request-id": [
          "a2088776-fbb6-46c3-b6e1-943f8aa72c9c"
        ],
        "x-ms-correlation-request-id": [
          "a2088776-fbb6-46c3-b6e1-943f8aa72c9c"
        ],
        "x-ms-routing-request-id": [
          "WESTUS2:20180323T220855Z:a2088776-fbb6-46c3-b6e1-943f8aa72c9c"
        ],
        "Strict-Transport-Security": [
          "max-age=31536000; includeSubDomains"
        ],
        "X-Content-Type-Options": [
          "nosniff"
        ],
        "Cache-Control": [
          "no-cache"
        ],
        "Date": [
          "Fri, 23 Mar 2018 22:08:55 GMT"
        ],
        "Server": [
          "Microsoft-HTTPAPI/2.0"
        ]
      },
      "StatusCode": 201
    },
    {
      "RequestUri": "/subscriptions/91d12660-3dec-467a-be2a-213b5544ddc0/resourceGroups/ps2154/providers/Microsoft.Devices/IotHubs/ps3825/operationResults/b3NfaWhfZWViZDFlMzQtY2VmZi00YmNjLTk0ODAtNjNiNDZlMjlhMmE0?api-version=2017-07-01&asyncinfo",
      "EncodedRequestUri": "L3N1YnNjcmlwdGlvbnMvOTFkMTI2NjAtM2RlYy00NjdhLWJlMmEtMjEzYjU1NDRkZGMwL3Jlc291cmNlR3JvdXBzL3BzMjE1NC9wcm92aWRlcnMvTWljcm9zb2Z0LkRldmljZXMvSW90SHVicy9wczM4MjUvb3BlcmF0aW9uUmVzdWx0cy9iM05mYVdoZlpXVmlaREZsTXpRdFkyVm1aaTAwWW1OakxUazBPREF0TmpOaU5EWmxNamxoTW1FMD9hcGktdmVyc2lvbj0yMDE3LTA3LTAxJmFzeW5jaW5mbw==",
      "RequestMethod": "GET",
      "RequestBody": "",
      "RequestHeaders": {
        "User-Agent": [
          "FxVersion/4.7.2633.0",
          "OSName/Windows10Enterprise",
          "OSVersion/6.3.16299",
          "Microsoft.Azure.Management.IotHub.IotHubClient/1.1.3.0"
        ]
      },
      "ResponseBody": "{\r\n  \"status\": \"Running\"\r\n}",
      "ResponseHeaders": {
        "Content-Length": [
          "20"
        ],
        "Content-Type": [
          "application/json; charset=utf-8"
        ],
        "Expires": [
          "-1"
        ],
        "Pragma": [
          "no-cache"
        ],
        "x-ms-ratelimit-remaining-subscription-reads": [
          "14978"
        ],
        "x-ms-request-id": [
          "cfefa9e7-2431-49ae-82f2-c9e12a42d094"
        ],
        "x-ms-correlation-request-id": [
          "cfefa9e7-2431-49ae-82f2-c9e12a42d094"
        ],
        "x-ms-routing-request-id": [
          "WESTUS2:20180323T220926Z:cfefa9e7-2431-49ae-82f2-c9e12a42d094"
        ],
        "Strict-Transport-Security": [
          "max-age=31536000; includeSubDomains"
        ],
        "X-Content-Type-Options": [
          "nosniff"
        ],
        "Cache-Control": [
          "no-cache"
        ],
        "Date": [
          "Fri, 23 Mar 2018 22:09:25 GMT"
        ],
        "Server": [
          "Microsoft-HTTPAPI/2.0"
        ]
      },
      "StatusCode": 200
    },
    {
      "RequestUri": "/subscriptions/91d12660-3dec-467a-be2a-213b5544ddc0/resourceGroups/ps2154/providers/Microsoft.Devices/IotHubs/ps3825/operationResults/b3NfaWhfZWViZDFlMzQtY2VmZi00YmNjLTk0ODAtNjNiNDZlMjlhMmE0?api-version=2017-07-01&asyncinfo",
      "EncodedRequestUri": "L3N1YnNjcmlwdGlvbnMvOTFkMTI2NjAtM2RlYy00NjdhLWJlMmEtMjEzYjU1NDRkZGMwL3Jlc291cmNlR3JvdXBzL3BzMjE1NC9wcm92aWRlcnMvTWljcm9zb2Z0LkRldmljZXMvSW90SHVicy9wczM4MjUvb3BlcmF0aW9uUmVzdWx0cy9iM05mYVdoZlpXVmlaREZsTXpRdFkyVm1aaTAwWW1OakxUazBPREF0TmpOaU5EWmxNamxoTW1FMD9hcGktdmVyc2lvbj0yMDE3LTA3LTAxJmFzeW5jaW5mbw==",
      "RequestMethod": "GET",
      "RequestBody": "",
      "RequestHeaders": {
        "User-Agent": [
          "FxVersion/4.7.2633.0",
          "OSName/Windows10Enterprise",
          "OSVersion/6.3.16299",
          "Microsoft.Azure.Management.IotHub.IotHubClient/1.1.3.0"
        ]
      },
      "ResponseBody": "{\r\n  \"status\": \"Running\"\r\n}",
      "ResponseHeaders": {
        "Content-Length": [
          "20"
        ],
        "Content-Type": [
          "application/json; charset=utf-8"
        ],
        "Expires": [
          "-1"
        ],
        "Pragma": [
          "no-cache"
        ],
        "x-ms-ratelimit-remaining-subscription-reads": [
          "14976"
        ],
        "x-ms-request-id": [
          "bd986ad6-620e-43ba-a0be-c2b4b2012e0c"
        ],
        "x-ms-correlation-request-id": [
          "bd986ad6-620e-43ba-a0be-c2b4b2012e0c"
        ],
        "x-ms-routing-request-id": [
          "WESTUS2:20180323T220956Z:bd986ad6-620e-43ba-a0be-c2b4b2012e0c"
        ],
        "Strict-Transport-Security": [
          "max-age=31536000; includeSubDomains"
        ],
        "X-Content-Type-Options": [
          "nosniff"
        ],
        "Cache-Control": [
          "no-cache"
        ],
        "Date": [
          "Fri, 23 Mar 2018 22:09:55 GMT"
        ],
        "Server": [
          "Microsoft-HTTPAPI/2.0"
        ]
      },
      "StatusCode": 200
    },
    {
      "RequestUri": "/subscriptions/91d12660-3dec-467a-be2a-213b5544ddc0/resourceGroups/ps2154/providers/Microsoft.Devices/IotHubs/ps3825/operationResults/b3NfaWhfZWViZDFlMzQtY2VmZi00YmNjLTk0ODAtNjNiNDZlMjlhMmE0?api-version=2017-07-01&asyncinfo",
      "EncodedRequestUri": "L3N1YnNjcmlwdGlvbnMvOTFkMTI2NjAtM2RlYy00NjdhLWJlMmEtMjEzYjU1NDRkZGMwL3Jlc291cmNlR3JvdXBzL3BzMjE1NC9wcm92aWRlcnMvTWljcm9zb2Z0LkRldmljZXMvSW90SHVicy9wczM4MjUvb3BlcmF0aW9uUmVzdWx0cy9iM05mYVdoZlpXVmlaREZsTXpRdFkyVm1aaTAwWW1OakxUazBPREF0TmpOaU5EWmxNamxoTW1FMD9hcGktdmVyc2lvbj0yMDE3LTA3LTAxJmFzeW5jaW5mbw==",
      "RequestMethod": "GET",
      "RequestBody": "",
      "RequestHeaders": {
        "User-Agent": [
          "FxVersion/4.7.2633.0",
          "OSName/Windows10Enterprise",
          "OSVersion/6.3.16299",
          "Microsoft.Azure.Management.IotHub.IotHubClient/1.1.3.0"
        ]
      },
      "ResponseBody": "{\r\n  \"status\": \"Running\"\r\n}",
      "ResponseHeaders": {
        "Content-Length": [
          "20"
        ],
        "Content-Type": [
          "application/json; charset=utf-8"
        ],
        "Expires": [
          "-1"
        ],
        "Pragma": [
          "no-cache"
        ],
        "x-ms-ratelimit-remaining-subscription-reads": [
          "14975"
        ],
        "x-ms-request-id": [
          "a15402c1-3a29-44a7-951c-e05caf82fb78"
        ],
        "x-ms-correlation-request-id": [
          "a15402c1-3a29-44a7-951c-e05caf82fb78"
        ],
        "x-ms-routing-request-id": [
          "WESTUS2:20180323T221026Z:a15402c1-3a29-44a7-951c-e05caf82fb78"
        ],
        "Strict-Transport-Security": [
          "max-age=31536000; includeSubDomains"
        ],
        "X-Content-Type-Options": [
          "nosniff"
        ],
        "Cache-Control": [
          "no-cache"
        ],
        "Date": [
          "Fri, 23 Mar 2018 22:10:26 GMT"
        ],
        "Server": [
          "Microsoft-HTTPAPI/2.0"
        ]
      },
      "StatusCode": 200
    },
    {
      "RequestUri": "/subscriptions/91d12660-3dec-467a-be2a-213b5544ddc0/resourceGroups/ps2154/providers/Microsoft.Devices/IotHubs/ps3825/operationResults/b3NfaWhfZWViZDFlMzQtY2VmZi00YmNjLTk0ODAtNjNiNDZlMjlhMmE0?api-version=2017-07-01&asyncinfo",
      "EncodedRequestUri": "L3N1YnNjcmlwdGlvbnMvOTFkMTI2NjAtM2RlYy00NjdhLWJlMmEtMjEzYjU1NDRkZGMwL3Jlc291cmNlR3JvdXBzL3BzMjE1NC9wcm92aWRlcnMvTWljcm9zb2Z0LkRldmljZXMvSW90SHVicy9wczM4MjUvb3BlcmF0aW9uUmVzdWx0cy9iM05mYVdoZlpXVmlaREZsTXpRdFkyVm1aaTAwWW1OakxUazBPREF0TmpOaU5EWmxNamxoTW1FMD9hcGktdmVyc2lvbj0yMDE3LTA3LTAxJmFzeW5jaW5mbw==",
      "RequestMethod": "GET",
      "RequestBody": "",
      "RequestHeaders": {
        "User-Agent": [
          "FxVersion/4.7.2633.0",
          "OSName/Windows10Enterprise",
          "OSVersion/6.3.16299",
          "Microsoft.Azure.Management.IotHub.IotHubClient/1.1.3.0"
        ]
      },
      "ResponseBody": "{\r\n  \"status\": \"Succeeded\"\r\n}",
      "ResponseHeaders": {
        "Content-Length": [
          "22"
        ],
        "Content-Type": [
          "application/json; charset=utf-8"
        ],
        "Expires": [
          "-1"
        ],
        "Pragma": [
          "no-cache"
        ],
        "x-ms-ratelimit-remaining-subscription-reads": [
          "14974"
        ],
        "x-ms-request-id": [
          "64048fa3-6118-4905-b284-30c3a4dbe741"
        ],
        "x-ms-correlation-request-id": [
          "64048fa3-6118-4905-b284-30c3a4dbe741"
        ],
        "x-ms-routing-request-id": [
          "WESTUS2:20180323T221056Z:64048fa3-6118-4905-b284-30c3a4dbe741"
        ],
        "Strict-Transport-Security": [
          "max-age=31536000; includeSubDomains"
        ],
        "X-Content-Type-Options": [
          "nosniff"
        ],
        "Cache-Control": [
          "no-cache"
        ],
        "Date": [
          "Fri, 23 Mar 2018 22:10:55 GMT"
        ],
        "Server": [
          "Microsoft-HTTPAPI/2.0"
        ]
      },
      "StatusCode": 200
    },
    {
      "RequestUri": "/subscriptions/91d12660-3dec-467a-be2a-213b5544ddc0/resourceGroups/ps2154/providers/Microsoft.Devices/IotHubs/ps3825?api-version=2017-07-01",
      "EncodedRequestUri": "L3N1YnNjcmlwdGlvbnMvOTFkMTI2NjAtM2RlYy00NjdhLWJlMmEtMjEzYjU1NDRkZGMwL3Jlc291cmNlR3JvdXBzL3BzMjE1NC9wcm92aWRlcnMvTWljcm9zb2Z0LkRldmljZXMvSW90SHVicy9wczM4MjU/YXBpLXZlcnNpb249MjAxNy0wNy0wMQ==",
      "RequestMethod": "GET",
      "RequestBody": "",
      "RequestHeaders": {
        "User-Agent": [
          "FxVersion/4.7.2633.0",
          "OSName/Windows10Enterprise",
          "OSVersion/6.3.16299",
          "Microsoft.Azure.Management.IotHub.IotHubClient/1.1.3.0"
        ]
      },
      "ResponseBody": "{\r\n  \"id\": \"/subscriptions/91d12660-3dec-467a-be2a-213b5544ddc0/resourceGroups/ps2154/providers/Microsoft.Devices/IotHubs/ps3825\",\r\n  \"name\": \"ps3825\",\r\n  \"type\": \"Microsoft.Devices/IotHubs\",\r\n  \"location\": \"West US\",\r\n  \"tags\": {},\r\n  \"subscriptionid\": \"91d12660-3dec-467a-be2a-213b5544ddc0\",\r\n  \"resourcegroup\": \"ps2154\",\r\n  \"etag\": \"AAAAAAGxh1A=\",\r\n  \"properties\": {\r\n    \"operationsMonitoringProperties\": {\r\n      \"events\": {\r\n        \"None\": \"None\",\r\n        \"Connections\": \"None\",\r\n        \"DeviceTelemetry\": \"None\",\r\n        \"C2DCommands\": \"None\",\r\n        \"DeviceIdentityOperations\": \"None\",\r\n        \"FileUploadOperations\": \"None\",\r\n        \"Routes\": \"None\"\r\n      }\r\n    },\r\n    \"state\": \"Active\",\r\n    \"provisioningState\": \"Succeeded\",\r\n    \"ipFilterRules\": [],\r\n    \"hostName\": \"ps3825.azure-devices.net\",\r\n    \"eventHubEndpoints\": {\r\n      \"events\": {\r\n        \"retentionTimeInDays\": 1,\r\n        \"partitionCount\": 4,\r\n        \"partitionIds\": [\r\n          \"0\",\r\n          \"1\",\r\n          \"2\",\r\n          \"3\"\r\n        ],\r\n        \"path\": \"ps3825\",\r\n        \"endpoint\": \"sb://iothub-ns-ps3825-397637-cf59980777.servicebus.windows.net/\"\r\n      },\r\n      \"operationsMonitoringEvents\": {\r\n        \"retentionTimeInDays\": 1,\r\n        \"partitionCount\": 4,\r\n        \"partitionIds\": [\r\n          \"0\",\r\n          \"1\",\r\n          \"2\",\r\n          \"3\"\r\n        ],\r\n        \"path\": \"ps3825-operationmonitoring\",\r\n        \"endpoint\": \"sb://iothub-ns-ps3825-397637-cf59980777.servicebus.windows.net/\"\r\n      }\r\n    },\r\n    \"routing\": {\r\n      \"endpoints\": {\r\n        \"serviceBusQueues\": [],\r\n        \"serviceBusTopics\": [],\r\n        \"eventHubs\": [],\r\n        \"storageContainers\": []\r\n      },\r\n      \"routes\": [],\r\n      \"fallbackRoute\": {\r\n        \"name\": \"$fallback\",\r\n        \"source\": \"DeviceMessages\",\r\n        \"condition\": \"true\",\r\n        \"endpointNames\": [\r\n          \"events\"\r\n        ],\r\n        \"isEnabled\": true\r\n      }\r\n    },\r\n    \"storageEndpoints\": {\r\n      \"$default\": {\r\n        \"sasTtlAsIso8601\": \"PT1H\",\r\n        \"connectionString\": \"\",\r\n        \"containerName\": \"\"\r\n      }\r\n    },\r\n    \"messagingEndpoints\": {\r\n      \"fileNotifications\": {\r\n        \"lockDurationAsIso8601\": \"PT1M\",\r\n        \"ttlAsIso8601\": \"PT1H\",\r\n        \"maxDeliveryCount\": 10\r\n      }\r\n    },\r\n    \"enableFileUploadNotifications\": false,\r\n    \"cloudToDevice\": {\r\n      \"maxDeliveryCount\": 10,\r\n      \"defaultTtlAsIso8601\": \"PT1H\",\r\n      \"feedback\": {\r\n        \"lockDurationAsIso8601\": \"PT1M\",\r\n        \"ttlAsIso8601\": \"PT1H\",\r\n        \"maxDeliveryCount\": 10\r\n      }\r\n    },\r\n    \"features\": \"None\"\r\n  },\r\n  \"sku\": {\r\n    \"name\": \"S1\",\r\n    \"tier\": \"Standard\",\r\n    \"capacity\": 1\r\n  }\r\n}",
      "ResponseHeaders": {
        "Content-Length": [
          "1790"
        ],
        "Content-Type": [
          "application/json; charset=utf-8"
        ],
        "Expires": [
          "-1"
        ],
        "Pragma": [
          "no-cache"
        ],
        "x-ms-ratelimit-remaining-subscription-reads": [
          "14973"
        ],
        "x-ms-request-id": [
          "cd795ca4-0af8-4ac0-9946-98b4ad7da876"
        ],
        "x-ms-correlation-request-id": [
          "cd795ca4-0af8-4ac0-9946-98b4ad7da876"
        ],
        "x-ms-routing-request-id": [
          "WESTUS2:20180323T221056Z:cd795ca4-0af8-4ac0-9946-98b4ad7da876"
        ],
        "Strict-Transport-Security": [
          "max-age=31536000; includeSubDomains"
        ],
        "X-Content-Type-Options": [
          "nosniff"
        ],
        "Cache-Control": [
          "no-cache"
        ],
        "Date": [
          "Fri, 23 Mar 2018 22:10:55 GMT"
        ],
        "Server": [
          "Microsoft-HTTPAPI/2.0"
        ]
      },
      "StatusCode": 200
    },
    {
      "RequestUri": "/subscriptions/91d12660-3dec-467a-be2a-213b5544ddc0/resourceGroups/ps2154/providers/Microsoft.Devices/IotHubs/ps3825?api-version=2017-07-01",
      "EncodedRequestUri": "L3N1YnNjcmlwdGlvbnMvOTFkMTI2NjAtM2RlYy00NjdhLWJlMmEtMjEzYjU1NDRkZGMwL3Jlc291cmNlR3JvdXBzL3BzMjE1NC9wcm92aWRlcnMvTWljcm9zb2Z0LkRldmljZXMvSW90SHVicy9wczM4MjU/YXBpLXZlcnNpb249MjAxNy0wNy0wMQ==",
      "RequestMethod": "GET",
      "RequestBody": "",
      "RequestHeaders": {
        "x-ms-client-request-id": [
          "ab080b90-04e1-45d8-b7d3-e0ac99e274a9"
        ],
        "accept-language": [
          "en-US"
        ],
        "User-Agent": [
          "FxVersion/4.7.2633.0",
          "OSName/Windows10Enterprise",
          "OSVersion/6.3.16299",
          "Microsoft.Azure.Management.IotHub.IotHubClient/1.1.3.0"
        ]
      },
      "ResponseBody": "{\r\n  \"id\": \"/subscriptions/91d12660-3dec-467a-be2a-213b5544ddc0/resourceGroups/ps2154/providers/Microsoft.Devices/IotHubs/ps3825\",\r\n  \"name\": \"ps3825\",\r\n  \"type\": \"Microsoft.Devices/IotHubs\",\r\n  \"location\": \"West US\",\r\n  \"tags\": {},\r\n  \"subscriptionid\": \"91d12660-3dec-467a-be2a-213b5544ddc0\",\r\n  \"resourcegroup\": \"ps2154\",\r\n  \"etag\": \"AAAAAAGxh1A=\",\r\n  \"properties\": {\r\n    \"operationsMonitoringProperties\": {\r\n      \"events\": {\r\n        \"None\": \"None\",\r\n        \"Connections\": \"None\",\r\n        \"DeviceTelemetry\": \"None\",\r\n        \"C2DCommands\": \"None\",\r\n        \"DeviceIdentityOperations\": \"None\",\r\n        \"FileUploadOperations\": \"None\",\r\n        \"Routes\": \"None\"\r\n      }\r\n    },\r\n    \"state\": \"Active\",\r\n    \"provisioningState\": \"Succeeded\",\r\n    \"ipFilterRules\": [],\r\n    \"hostName\": \"ps3825.azure-devices.net\",\r\n    \"eventHubEndpoints\": {\r\n      \"events\": {\r\n        \"retentionTimeInDays\": 1,\r\n        \"partitionCount\": 4,\r\n        \"partitionIds\": [\r\n          \"0\",\r\n          \"1\",\r\n          \"2\",\r\n          \"3\"\r\n        ],\r\n        \"path\": \"ps3825\",\r\n        \"endpoint\": \"sb://iothub-ns-ps3825-397637-cf59980777.servicebus.windows.net/\"\r\n      },\r\n      \"operationsMonitoringEvents\": {\r\n        \"retentionTimeInDays\": 1,\r\n        \"partitionCount\": 4,\r\n        \"partitionIds\": [\r\n          \"0\",\r\n          \"1\",\r\n          \"2\",\r\n          \"3\"\r\n        ],\r\n        \"path\": \"ps3825-operationmonitoring\",\r\n        \"endpoint\": \"sb://iothub-ns-ps3825-397637-cf59980777.servicebus.windows.net/\"\r\n      }\r\n    },\r\n    \"routing\": {\r\n      \"endpoints\": {\r\n        \"serviceBusQueues\": [],\r\n        \"serviceBusTopics\": [],\r\n        \"eventHubs\": [],\r\n        \"storageContainers\": []\r\n      },\r\n      \"routes\": [],\r\n      \"fallbackRoute\": {\r\n        \"name\": \"$fallback\",\r\n        \"source\": \"DeviceMessages\",\r\n        \"condition\": \"true\",\r\n        \"endpointNames\": [\r\n          \"events\"\r\n        ],\r\n        \"isEnabled\": true\r\n      }\r\n    },\r\n    \"storageEndpoints\": {\r\n      \"$default\": {\r\n        \"sasTtlAsIso8601\": \"PT1H\",\r\n        \"connectionString\": \"\",\r\n        \"containerName\": \"\"\r\n      }\r\n    },\r\n    \"messagingEndpoints\": {\r\n      \"fileNotifications\": {\r\n        \"lockDurationAsIso8601\": \"PT1M\",\r\n        \"ttlAsIso8601\": \"PT1H\",\r\n        \"maxDeliveryCount\": 10\r\n      }\r\n    },\r\n    \"enableFileUploadNotifications\": false,\r\n    \"cloudToDevice\": {\r\n      \"maxDeliveryCount\": 10,\r\n      \"defaultTtlAsIso8601\": \"PT1H\",\r\n      \"feedback\": {\r\n        \"lockDurationAsIso8601\": \"PT1M\",\r\n        \"ttlAsIso8601\": \"PT1H\",\r\n        \"maxDeliveryCount\": 10\r\n      }\r\n    },\r\n    \"features\": \"None\"\r\n  },\r\n  \"sku\": {\r\n    \"name\": \"S1\",\r\n    \"tier\": \"Standard\",\r\n    \"capacity\": 1\r\n  }\r\n}",
      "ResponseHeaders": {
        "Content-Length": [
          "1790"
        ],
        "Content-Type": [
          "application/json; charset=utf-8"
        ],
        "Expires": [
          "-1"
        ],
        "Pragma": [
          "no-cache"
        ],
        "x-ms-ratelimit-remaining-subscription-reads": [
          "14972"
        ],
        "x-ms-request-id": [
          "572e2bf3-0d97-4665-87de-1fc9329ffbba"
        ],
        "x-ms-correlation-request-id": [
          "572e2bf3-0d97-4665-87de-1fc9329ffbba"
        ],
        "x-ms-routing-request-id": [
          "WESTUS2:20180323T221056Z:572e2bf3-0d97-4665-87de-1fc9329ffbba"
        ],
        "Strict-Transport-Security": [
          "max-age=31536000; includeSubDomains"
        ],
        "X-Content-Type-Options": [
          "nosniff"
        ],
        "Cache-Control": [
          "no-cache"
        ],
        "Date": [
          "Fri, 23 Mar 2018 22:10:55 GMT"
        ],
        "Server": [
          "Microsoft-HTTPAPI/2.0"
        ]
      },
      "StatusCode": 200
    },
    {
      "RequestUri": "/subscriptions/91d12660-3dec-467a-be2a-213b5544ddc0/resourceGroups/ps2154/providers/Microsoft.Devices/IotHubs/ps3825?api-version=2017-07-01",
      "EncodedRequestUri": "L3N1YnNjcmlwdGlvbnMvOTFkMTI2NjAtM2RlYy00NjdhLWJlMmEtMjEzYjU1NDRkZGMwL3Jlc291cmNlR3JvdXBzL3BzMjE1NC9wcm92aWRlcnMvTWljcm9zb2Z0LkRldmljZXMvSW90SHVicy9wczM4MjU/YXBpLXZlcnNpb249MjAxNy0wNy0wMQ==",
      "RequestMethod": "GET",
      "RequestBody": "",
      "RequestHeaders": {
        "x-ms-client-request-id": [
          "7f7d9817-d1f2-44f2-bf23-656c3373c9ec"
        ],
        "accept-language": [
          "en-US"
        ],
        "User-Agent": [
          "FxVersion/4.7.2633.0",
          "OSName/Windows10Enterprise",
          "OSVersion/6.3.16299",
          "Microsoft.Azure.Management.IotHub.IotHubClient/1.1.3.0"
        ]
      },
      "ResponseBody": "{\r\n  \"id\": \"/subscriptions/91d12660-3dec-467a-be2a-213b5544ddc0/resourceGroups/ps2154/providers/Microsoft.Devices/IotHubs/ps3825\",\r\n  \"name\": \"ps3825\",\r\n  \"type\": \"Microsoft.Devices/IotHubs\",\r\n  \"location\": \"West US\",\r\n  \"tags\": {},\r\n  \"subscriptionid\": \"91d12660-3dec-467a-be2a-213b5544ddc0\",\r\n  \"resourcegroup\": \"ps2154\",\r\n  \"etag\": \"AAAAAAGxh1A=\",\r\n  \"properties\": {\r\n    \"operationsMonitoringProperties\": {\r\n      \"events\": {\r\n        \"None\": \"None\",\r\n        \"Connections\": \"None\",\r\n        \"DeviceTelemetry\": \"None\",\r\n        \"C2DCommands\": \"None\",\r\n        \"DeviceIdentityOperations\": \"None\",\r\n        \"FileUploadOperations\": \"None\",\r\n        \"Routes\": \"None\"\r\n      }\r\n    },\r\n    \"state\": \"Active\",\r\n    \"provisioningState\": \"Succeeded\",\r\n    \"ipFilterRules\": [],\r\n    \"hostName\": \"ps3825.azure-devices.net\",\r\n    \"eventHubEndpoints\": {\r\n      \"events\": {\r\n        \"retentionTimeInDays\": 1,\r\n        \"partitionCount\": 4,\r\n        \"partitionIds\": [\r\n          \"0\",\r\n          \"1\",\r\n          \"2\",\r\n          \"3\"\r\n        ],\r\n        \"path\": \"ps3825\",\r\n        \"endpoint\": \"sb://iothub-ns-ps3825-397637-cf59980777.servicebus.windows.net/\"\r\n      },\r\n      \"operationsMonitoringEvents\": {\r\n        \"retentionTimeInDays\": 1,\r\n        \"partitionCount\": 4,\r\n        \"partitionIds\": [\r\n          \"0\",\r\n          \"1\",\r\n          \"2\",\r\n          \"3\"\r\n        ],\r\n        \"path\": \"ps3825-operationmonitoring\",\r\n        \"endpoint\": \"sb://iothub-ns-ps3825-397637-cf59980777.servicebus.windows.net/\"\r\n      }\r\n    },\r\n    \"routing\": {\r\n      \"endpoints\": {\r\n        \"serviceBusQueues\": [],\r\n        \"serviceBusTopics\": [],\r\n        \"eventHubs\": [],\r\n        \"storageContainers\": []\r\n      },\r\n      \"routes\": [],\r\n      \"fallbackRoute\": {\r\n        \"name\": \"$fallback\",\r\n        \"source\": \"DeviceMessages\",\r\n        \"condition\": \"true\",\r\n        \"endpointNames\": [\r\n          \"events\"\r\n        ],\r\n        \"isEnabled\": true\r\n      }\r\n    },\r\n    \"storageEndpoints\": {\r\n      \"$default\": {\r\n        \"sasTtlAsIso8601\": \"PT1H\",\r\n        \"connectionString\": \"\",\r\n        \"containerName\": \"\"\r\n      }\r\n    },\r\n    \"messagingEndpoints\": {\r\n      \"fileNotifications\": {\r\n        \"lockDurationAsIso8601\": \"PT1M\",\r\n        \"ttlAsIso8601\": \"PT1H\",\r\n        \"maxDeliveryCount\": 10\r\n      }\r\n    },\r\n    \"enableFileUploadNotifications\": false,\r\n    \"cloudToDevice\": {\r\n      \"maxDeliveryCount\": 10,\r\n      \"defaultTtlAsIso8601\": \"PT1H\",\r\n      \"feedback\": {\r\n        \"lockDurationAsIso8601\": \"PT1M\",\r\n        \"ttlAsIso8601\": \"PT1H\",\r\n        \"maxDeliveryCount\": 10\r\n      }\r\n    },\r\n    \"features\": \"None\"\r\n  },\r\n  \"sku\": {\r\n    \"name\": \"S1\",\r\n    \"tier\": \"Standard\",\r\n    \"capacity\": 1\r\n  }\r\n}",
      "ResponseHeaders": {
        "Content-Length": [
          "1790"
        ],
        "Content-Type": [
          "application/json; charset=utf-8"
        ],
        "Expires": [
          "-1"
        ],
        "Pragma": [
          "no-cache"
        ],
        "x-ms-ratelimit-remaining-subscription-reads": [
          "14971"
        ],
        "x-ms-request-id": [
          "0e1ef35f-ffbc-457f-bb49-4690ca66b12d"
        ],
        "x-ms-correlation-request-id": [
          "0e1ef35f-ffbc-457f-bb49-4690ca66b12d"
        ],
        "x-ms-routing-request-id": [
          "WESTUS2:20180323T221057Z:0e1ef35f-ffbc-457f-bb49-4690ca66b12d"
        ],
        "Strict-Transport-Security": [
          "max-age=31536000; includeSubDomains"
        ],
        "X-Content-Type-Options": [
          "nosniff"
        ],
        "Cache-Control": [
          "no-cache"
        ],
        "Date": [
          "Fri, 23 Mar 2018 22:10:56 GMT"
        ],
        "Server": [
          "Microsoft-HTTPAPI/2.0"
        ]
      },
      "StatusCode": 200
    },
    {
      "RequestUri": "/subscriptions/91d12660-3dec-467a-be2a-213b5544ddc0/resourceGroups/ps2154/providers/Microsoft.Devices/IotHubs/ps3825/listkeys?api-version=2017-07-01",
      "EncodedRequestUri": "L3N1YnNjcmlwdGlvbnMvOTFkMTI2NjAtM2RlYy00NjdhLWJlMmEtMjEzYjU1NDRkZGMwL3Jlc291cmNlR3JvdXBzL3BzMjE1NC9wcm92aWRlcnMvTWljcm9zb2Z0LkRldmljZXMvSW90SHVicy9wczM4MjUvbGlzdGtleXM/YXBpLXZlcnNpb249MjAxNy0wNy0wMQ==",
      "RequestMethod": "POST",
      "RequestBody": "",
      "RequestHeaders": {
        "x-ms-client-request-id": [
          "4b152f4b-f607-4c7a-a741-0c549ed8519a"
        ],
        "accept-language": [
          "en-US"
        ],
        "User-Agent": [
          "FxVersion/4.7.2633.0",
          "OSName/Windows10Enterprise",
          "OSVersion/6.3.16299",
          "Microsoft.Azure.Management.IotHub.IotHubClient/1.1.3.0"
        ]
      },
      "ResponseBody": "{\r\n  \"value\": [\r\n    {\r\n      \"keyName\": \"iothubowner\",\r\n      \"primaryKey\": \"SuV1LIImp2wXSRmGCZYUNUQO51xSbPVq+Y7FFjUo9HI=\",\r\n      \"secondaryKey\": \"78puCb2vldPOPHmG4rxAEzG7W3c5e4P0wWLATvf3SN8=\",\r\n      \"rights\": \"RegistryWrite, ServiceConnect, DeviceConnect\"\r\n    },\r\n    {\r\n      \"keyName\": \"service\",\r\n      \"primaryKey\": \"WcNUVLF/8kma3PFB19ajTMGT+OYlhIbZXiKCTjBRRss=\",\r\n      \"secondaryKey\": \"m7S87Dkd4d8/TNCFJW1N5ZR1PvZLNa+KNBwNMF2aMjo=\",\r\n      \"rights\": \"ServiceConnect\"\r\n    },\r\n    {\r\n      \"keyName\": \"device\",\r\n      \"primaryKey\": \"jB0pR+Nip2x89JwU/rOh9tI+BAZ0L0ccEHjo9xXmlKg=\",\r\n      \"secondaryKey\": \"52AG57Xsn+bYWWjNWAY1X6299I79Roxf22U/pJcZvZg=\",\r\n      \"rights\": \"DeviceConnect\"\r\n    },\r\n    {\r\n      \"keyName\": \"registryRead\",\r\n      \"primaryKey\": \"FCAtBpBwYLFpV3bpKqPEQGzM5ba6FSFZrl+4Frp9sfw=\",\r\n      \"secondaryKey\": \"lrHMC9LmbhOoPkfxgwwRKNT4E9n6TUSK7/mY6vDi56I=\",\r\n      \"rights\": \"RegistryRead\"\r\n    },\r\n    {\r\n      \"keyName\": \"registryReadWrite\",\r\n      \"primaryKey\": \"CaI0Ib7cAaUccAbt5VyZCi1rysndjyBJ6w/YP3S8ApA=\",\r\n      \"secondaryKey\": \"XTlUe/u4RLfmgGV+MNG4VX0vL0LT5i/xfkjV6ImD8KA=\",\r\n      \"rights\": \"RegistryWrite\"\r\n    }\r\n  ]\r\n}",
      "ResponseHeaders": {
        "Content-Length": [
          "905"
        ],
        "Content-Type": [
          "application/json; charset=utf-8"
        ],
        "Expires": [
          "-1"
        ],
        "Pragma": [
          "no-cache"
        ],
        "x-ms-ratelimit-remaining-subscription-writes": [
          "1191"
        ],
        "x-ms-request-id": [
          "ef218a9e-4f61-4f63-92de-0b02879fc6c3"
        ],
        "x-ms-correlation-request-id": [
          "ef218a9e-4f61-4f63-92de-0b02879fc6c3"
        ],
        "x-ms-routing-request-id": [
          "WESTUS2:20180323T221057Z:ef218a9e-4f61-4f63-92de-0b02879fc6c3"
        ],
        "Strict-Transport-Security": [
          "max-age=31536000; includeSubDomains"
        ],
        "X-Content-Type-Options": [
          "nosniff"
        ],
        "Cache-Control": [
          "no-cache"
        ],
        "Date": [
          "Fri, 23 Mar 2018 22:10:56 GMT"
        ],
        "Server": [
          "Microsoft-HTTPAPI/2.0"
        ]
      },
      "StatusCode": 200
    },
    {
      "RequestUri": "/subscriptions/91d12660-3dec-467a-be2a-213b5544ddc0/resourceGroups/ps2154/providers/Microsoft.Devices/provisioningServices/ps9266/operationResults/b3NfaWRfZmYxM2ZhM2EtYWI1ZS00NTVlLTkwMzEtYWM4ODM2YjI0YmQ1?api-version=2017-11-15&asyncinfo",
      "EncodedRequestUri": "L3N1YnNjcmlwdGlvbnMvOTFkMTI2NjAtM2RlYy00NjdhLWJlMmEtMjEzYjU1NDRkZGMwL3Jlc291cmNlR3JvdXBzL3BzMjE1NC9wcm92aWRlcnMvTWljcm9zb2Z0LkRldmljZXMvcHJvdmlzaW9uaW5nU2VydmljZXMvcHM5MjY2L29wZXJhdGlvblJlc3VsdHMvYjNOZmFXUmZabVl4TTJaaE0yRXRZV0kxWlMwME5UVmxMVGt3TXpFdFlXTTRPRE0yWWpJMFltUTE/YXBpLXZlcnNpb249MjAxNy0xMS0xNSZhc3luY2luZm8=",
      "RequestMethod": "GET",
      "RequestBody": "",
      "RequestHeaders": {
        "User-Agent": [
          "FxVersion/4.7.2633.0",
          "OSName/Windows10Enterprise",
          "OSVersion/6.3.16299",
          "Microsoft.Azure.Management.DeviceProvisioningServices.IotDpsClient/0.9.0.0"
        ]
      },
      "ResponseBody": "{\r\n  \"status\": \"Succeeded\"\r\n}",
      "ResponseHeaders": {
        "Content-Length": [
          "22"
        ],
        "Content-Type": [
          "application/json; charset=utf-8"
        ],
        "Expires": [
          "-1"
        ],
        "Pragma": [
          "no-cache"
        ],
        "x-ms-ratelimit-remaining-subscription-reads": [
          "14979"
        ],
        "x-ms-request-id": [
          "d6661cac-00bc-48a3-b970-f9915db7c7d8"
        ],
        "x-ms-correlation-request-id": [
          "d6661cac-00bc-48a3-b970-f9915db7c7d8"
        ],
        "x-ms-routing-request-id": [
          "WESTUS2:20180323T221129Z:d6661cac-00bc-48a3-b970-f9915db7c7d8"
        ],
        "Strict-Transport-Security": [
          "max-age=31536000; includeSubDomains"
        ],
        "X-Content-Type-Options": [
          "nosniff"
        ],
        "Cache-Control": [
          "no-cache"
        ],
        "Date": [
          "Fri, 23 Mar 2018 22:11:29 GMT"
        ],
        "Server": [
          "Microsoft-HTTPAPI/2.0"
        ]
      },
      "StatusCode": 200
    },
    {
      "RequestUri": "/subscriptions/91d12660-3dec-467a-be2a-213b5544ddc0/resourceGroups/ps2154/providers/Microsoft.Devices/provisioningServices/ps9266/operationResults/b3NfaWRfZWVlNzU5NjktZWZjNS00MTM2LWExYjMtMWQ0YzA2YTM2ODQz?api-version=2017-11-15&asyncinfo",
      "EncodedRequestUri": "L3N1YnNjcmlwdGlvbnMvOTFkMTI2NjAtM2RlYy00NjdhLWJlMmEtMjEzYjU1NDRkZGMwL3Jlc291cmNlR3JvdXBzL3BzMjE1NC9wcm92aWRlcnMvTWljcm9zb2Z0LkRldmljZXMvcHJvdmlzaW9uaW5nU2VydmljZXMvcHM5MjY2L29wZXJhdGlvblJlc3VsdHMvYjNOZmFXUmZaV1ZsTnpVNU5qa3RaV1pqTlMwME1UTTJMV0V4WWpNdE1XUTBZekEyWVRNMk9EUXo/YXBpLXZlcnNpb249MjAxNy0xMS0xNSZhc3luY2luZm8=",
      "RequestMethod": "GET",
      "RequestBody": "",
      "RequestHeaders": {
        "User-Agent": [
          "FxVersion/4.7.2633.0",
          "OSName/Windows10Enterprise",
          "OSVersion/6.3.16299",
          "Microsoft.Azure.Management.DeviceProvisioningServices.IotDpsClient/0.9.0.0"
        ]
      },
      "ResponseBody": "{\r\n  \"status\": \"Succeeded\"\r\n}",
      "ResponseHeaders": {
        "Content-Length": [
          "22"
        ],
        "Content-Type": [
          "application/json; charset=utf-8"
        ],
        "Expires": [
          "-1"
        ],
        "Pragma": [
          "no-cache"
        ],
        "x-ms-ratelimit-remaining-subscription-reads": [
          "14975"
        ],
        "x-ms-request-id": [
          "a813a423-59e6-4aef-bdc9-91c80669a93f"
        ],
        "x-ms-correlation-request-id": [
          "a813a423-59e6-4aef-bdc9-91c80669a93f"
        ],
        "x-ms-routing-request-id": [
          "WESTUS2:20180323T221200Z:a813a423-59e6-4aef-bdc9-91c80669a93f"
        ],
        "Strict-Transport-Security": [
          "max-age=31536000; includeSubDomains"
        ],
        "X-Content-Type-Options": [
          "nosniff"
        ],
        "Cache-Control": [
          "no-cache"
        ],
        "Date": [
          "Fri, 23 Mar 2018 22:12:00 GMT"
        ],
        "Server": [
          "Microsoft-HTTPAPI/2.0"
        ]
      },
      "StatusCode": 200
    },
    {
      "RequestUri": "/subscriptions/91d12660-3dec-467a-be2a-213b5544ddc0/resourceGroups/ps2154/providers/Microsoft.Devices/provisioningServices/ps9266/operationResults/b3NfaWRfMmM5NDEyMjUtMDk0NS00NDExLTk4NWQtZjhjMjE3NWNmMWVk?api-version=2017-11-15&asyncinfo",
      "EncodedRequestUri": "L3N1YnNjcmlwdGlvbnMvOTFkMTI2NjAtM2RlYy00NjdhLWJlMmEtMjEzYjU1NDRkZGMwL3Jlc291cmNlR3JvdXBzL3BzMjE1NC9wcm92aWRlcnMvTWljcm9zb2Z0LkRldmljZXMvcHJvdmlzaW9uaW5nU2VydmljZXMvcHM5MjY2L29wZXJhdGlvblJlc3VsdHMvYjNOZmFXUmZNbU01TkRFeU1qVXRNRGswTlMwME5ERXhMVGs0TldRdFpqaGpNakUzTldObU1XVms/YXBpLXZlcnNpb249MjAxNy0xMS0xNSZhc3luY2luZm8=",
      "RequestMethod": "GET",
      "RequestBody": "",
      "RequestHeaders": {
        "User-Agent": [
          "FxVersion/4.7.2633.0",
          "OSName/Windows10Enterprise",
          "OSVersion/6.3.16299",
          "Microsoft.Azure.Management.DeviceProvisioningServices.IotDpsClient/0.9.0.0"
        ]
      },
      "ResponseBody": "{\r\n  \"status\": \"Succeeded\"\r\n}",
      "ResponseHeaders": {
        "Content-Length": [
          "22"
        ],
        "Content-Type": [
          "application/json; charset=utf-8"
        ],
        "Expires": [
          "-1"
        ],
        "Pragma": [
          "no-cache"
        ],
        "x-ms-ratelimit-remaining-subscription-reads": [
          "14969"
        ],
        "x-ms-request-id": [
          "1058dda3-b707-4769-8d26-af00a5d43c0a"
        ],
        "x-ms-correlation-request-id": [
          "1058dda3-b707-4769-8d26-af00a5d43c0a"
        ],
        "x-ms-routing-request-id": [
          "WESTUS2:20180323T221232Z:1058dda3-b707-4769-8d26-af00a5d43c0a"
        ],
        "Strict-Transport-Security": [
          "max-age=31536000; includeSubDomains"
        ],
        "X-Content-Type-Options": [
          "nosniff"
        ],
        "Cache-Control": [
          "no-cache"
        ],
        "Date": [
          "Fri, 23 Mar 2018 22:12:31 GMT"
        ],
        "Server": [
          "Microsoft-HTTPAPI/2.0"
        ]
      },
      "StatusCode": 200
    },
    {
      "RequestUri": "/subscriptions/91d12660-3dec-467a-be2a-213b5544ddc0/resourcegroups/ps2154?api-version=2016-02-01",
      "EncodedRequestUri": "L3N1YnNjcmlwdGlvbnMvOTFkMTI2NjAtM2RlYy00NjdhLWJlMmEtMjEzYjU1NDRkZGMwL3Jlc291cmNlZ3JvdXBzL3BzMjE1ND9hcGktdmVyc2lvbj0yMDE2LTAyLTAx",
      "RequestMethod": "DELETE",
      "RequestBody": "",
      "RequestHeaders": {
        "User-Agent": [
          "Microsoft.Azure.Management.Resources.ResourceManagementClient/2.0.0.0"
        ]
      },
      "ResponseBody": "",
      "ResponseHeaders": {
        "Content-Length": [
          "0"
        ],
        "Expires": [
          "-1"
        ],
        "Pragma": [
          "no-cache"
        ],
        "Retry-After": [
          "15"
        ],
        "x-ms-ratelimit-remaining-subscription-writes": [
          "1196"
        ],
        "x-ms-request-id": [
          "f172b216-d93d-4afe-bc12-fe59afce9a69"
        ],
        "x-ms-correlation-request-id": [
          "f172b216-d93d-4afe-bc12-fe59afce9a69"
        ],
        "x-ms-routing-request-id": [
          "WESTUS2:20180323T221233Z:f172b216-d93d-4afe-bc12-fe59afce9a69"
        ],
        "Strict-Transport-Security": [
          "max-age=31536000; includeSubDomains"
        ],
        "X-Content-Type-Options": [
          "nosniff"
        ],
        "Cache-Control": [
          "no-cache"
        ],
        "Date": [
          "Fri, 23 Mar 2018 22:12:33 GMT"
        ],
        "Location": [
          "https://management.azure.com/subscriptions/91d12660-3dec-467a-be2a-213b5544ddc0/operationresults/eyJqb2JJZCI6IlJFU09VUkNFR1JPVVBERUxFVElPTkpPQi1QUzIxNTQtV0VTVFVTIiwiam9iTG9jYXRpb24iOiJ3ZXN0dXMifQ?api-version=2016-02-01"
        ]
      },
      "StatusCode": 202
    },
    {
      "RequestUri": "/subscriptions/91d12660-3dec-467a-be2a-213b5544ddc0/operationresults/eyJqb2JJZCI6IlJFU09VUkNFR1JPVVBERUxFVElPTkpPQi1QUzIxNTQtV0VTVFVTIiwiam9iTG9jYXRpb24iOiJ3ZXN0dXMifQ?api-version=2016-02-01",
      "EncodedRequestUri": "L3N1YnNjcmlwdGlvbnMvOTFkMTI2NjAtM2RlYy00NjdhLWJlMmEtMjEzYjU1NDRkZGMwL29wZXJhdGlvbnJlc3VsdHMvZXlKcWIySkpaQ0k2SWxKRlUwOVZVa05GUjFKUFZWQkVSVXhGVkVsUFRrcFBRaTFRVXpJeE5UUXRWMFZUVkZWVElpd2lhbTlpVEc5allYUnBiMjRpT2lKM1pYTjBkWE1pZlE/YXBpLXZlcnNpb249MjAxNi0wMi0wMQ==",
      "RequestMethod": "GET",
      "RequestBody": "",
      "RequestHeaders": {
        "x-ms-version": [
          "2016-02-01"
        ],
        "User-Agent": [
          "Microsoft.Azure.Management.Resources.ResourceManagementClient/2.0.0.0"
        ]
      },
      "ResponseBody": "",
      "ResponseHeaders": {
        "Content-Length": [
          "0"
        ],
        "Expires": [
          "-1"
        ],
        "Pragma": [
          "no-cache"
        ],
        "Retry-After": [
          "15"
        ],
        "x-ms-ratelimit-remaining-subscription-reads": [
          "14950"
        ],
        "x-ms-request-id": [
          "f741339d-8ad3-42b2-adf9-b9a8276d8838"
        ],
        "x-ms-correlation-request-id": [
          "f741339d-8ad3-42b2-adf9-b9a8276d8838"
        ],
        "x-ms-routing-request-id": [
          "WESTUS2:20180323T221233Z:f741339d-8ad3-42b2-adf9-b9a8276d8838"
        ],
        "Strict-Transport-Security": [
          "max-age=31536000; includeSubDomains"
        ],
        "X-Content-Type-Options": [
          "nosniff"
        ],
        "Cache-Control": [
          "no-cache"
        ],
        "Date": [
          "Fri, 23 Mar 2018 22:12:33 GMT"
        ],
        "Location": [
          "https://management.azure.com/subscriptions/91d12660-3dec-467a-be2a-213b5544ddc0/operationresults/eyJqb2JJZCI6IlJFU09VUkNFR1JPVVBERUxFVElPTkpPQi1QUzIxNTQtV0VTVFVTIiwiam9iTG9jYXRpb24iOiJ3ZXN0dXMifQ?api-version=2016-02-01"
        ]
      },
      "StatusCode": 202
    },
    {
      "RequestUri": "/subscriptions/91d12660-3dec-467a-be2a-213b5544ddc0/operationresults/eyJqb2JJZCI6IlJFU09VUkNFR1JPVVBERUxFVElPTkpPQi1QUzIxNTQtV0VTVFVTIiwiam9iTG9jYXRpb24iOiJ3ZXN0dXMifQ?api-version=2016-02-01",
      "EncodedRequestUri": "L3N1YnNjcmlwdGlvbnMvOTFkMTI2NjAtM2RlYy00NjdhLWJlMmEtMjEzYjU1NDRkZGMwL29wZXJhdGlvbnJlc3VsdHMvZXlKcWIySkpaQ0k2SWxKRlUwOVZVa05GUjFKUFZWQkVSVXhGVkVsUFRrcFBRaTFRVXpJeE5UUXRWMFZUVkZWVElpd2lhbTlpVEc5allYUnBiMjRpT2lKM1pYTjBkWE1pZlE/YXBpLXZlcnNpb249MjAxNi0wMi0wMQ==",
      "RequestMethod": "GET",
      "RequestBody": "",
      "RequestHeaders": {
        "x-ms-version": [
          "2016-02-01"
        ],
        "User-Agent": [
          "Microsoft.Azure.Management.Resources.ResourceManagementClient/2.0.0.0"
        ]
      },
      "ResponseBody": "",
      "ResponseHeaders": {
        "Content-Length": [
          "0"
        ],
        "Expires": [
          "-1"
        ],
        "Pragma": [
          "no-cache"
        ],
        "Retry-After": [
          "15"
        ],
        "x-ms-ratelimit-remaining-subscription-reads": [
          "14947"
        ],
        "x-ms-request-id": [
          "bf71583e-16e6-422d-b0d3-528e688d1437"
        ],
        "x-ms-correlation-request-id": [
          "bf71583e-16e6-422d-b0d3-528e688d1437"
        ],
        "x-ms-routing-request-id": [
          "WESTUS2:20180323T221248Z:bf71583e-16e6-422d-b0d3-528e688d1437"
        ],
        "Strict-Transport-Security": [
          "max-age=31536000; includeSubDomains"
        ],
        "X-Content-Type-Options": [
          "nosniff"
        ],
        "Cache-Control": [
          "no-cache"
        ],
        "Date": [
          "Fri, 23 Mar 2018 22:12:48 GMT"
        ],
        "Location": [
          "https://management.azure.com/subscriptions/91d12660-3dec-467a-be2a-213b5544ddc0/operationresults/eyJqb2JJZCI6IlJFU09VUkNFR1JPVVBERUxFVElPTkpPQi1QUzIxNTQtV0VTVFVTIiwiam9iTG9jYXRpb24iOiJ3ZXN0dXMifQ?api-version=2016-02-01"
        ]
      },
      "StatusCode": 202
    },
    {
      "RequestUri": "/subscriptions/91d12660-3dec-467a-be2a-213b5544ddc0/operationresults/eyJqb2JJZCI6IlJFU09VUkNFR1JPVVBERUxFVElPTkpPQi1QUzIxNTQtV0VTVFVTIiwiam9iTG9jYXRpb24iOiJ3ZXN0dXMifQ?api-version=2016-02-01",
      "EncodedRequestUri": "L3N1YnNjcmlwdGlvbnMvOTFkMTI2NjAtM2RlYy00NjdhLWJlMmEtMjEzYjU1NDRkZGMwL29wZXJhdGlvbnJlc3VsdHMvZXlKcWIySkpaQ0k2SWxKRlUwOVZVa05GUjFKUFZWQkVSVXhGVkVsUFRrcFBRaTFRVXpJeE5UUXRWMFZUVkZWVElpd2lhbTlpVEc5allYUnBiMjRpT2lKM1pYTjBkWE1pZlE/YXBpLXZlcnNpb249MjAxNi0wMi0wMQ==",
      "RequestMethod": "GET",
      "RequestBody": "",
      "RequestHeaders": {
        "x-ms-version": [
          "2016-02-01"
        ],
        "User-Agent": [
          "Microsoft.Azure.Management.Resources.ResourceManagementClient/2.0.0.0"
        ]
      },
      "ResponseBody": "",
      "ResponseHeaders": {
        "Content-Length": [
          "0"
        ],
        "Expires": [
          "-1"
        ],
        "Pragma": [
          "no-cache"
        ],
        "Retry-After": [
          "15"
        ],
        "x-ms-ratelimit-remaining-subscription-reads": [
          "14946"
        ],
        "x-ms-request-id": [
          "e3f27e6d-fd24-4ae6-a925-a372953fff8c"
        ],
        "x-ms-correlation-request-id": [
          "e3f27e6d-fd24-4ae6-a925-a372953fff8c"
        ],
        "x-ms-routing-request-id": [
          "WESTUS2:20180323T221304Z:e3f27e6d-fd24-4ae6-a925-a372953fff8c"
        ],
        "Strict-Transport-Security": [
          "max-age=31536000; includeSubDomains"
        ],
        "X-Content-Type-Options": [
          "nosniff"
        ],
        "Cache-Control": [
          "no-cache"
        ],
        "Date": [
          "Fri, 23 Mar 2018 22:13:03 GMT"
        ],
        "Location": [
          "https://management.azure.com/subscriptions/91d12660-3dec-467a-be2a-213b5544ddc0/operationresults/eyJqb2JJZCI6IlJFU09VUkNFR1JPVVBERUxFVElPTkpPQi1QUzIxNTQtV0VTVFVTIiwiam9iTG9jYXRpb24iOiJ3ZXN0dXMifQ?api-version=2016-02-01"
        ]
      },
      "StatusCode": 202
    },
    {
      "RequestUri": "/subscriptions/91d12660-3dec-467a-be2a-213b5544ddc0/operationresults/eyJqb2JJZCI6IlJFU09VUkNFR1JPVVBERUxFVElPTkpPQi1QUzIxNTQtV0VTVFVTIiwiam9iTG9jYXRpb24iOiJ3ZXN0dXMifQ?api-version=2016-02-01",
      "EncodedRequestUri": "L3N1YnNjcmlwdGlvbnMvOTFkMTI2NjAtM2RlYy00NjdhLWJlMmEtMjEzYjU1NDRkZGMwL29wZXJhdGlvbnJlc3VsdHMvZXlKcWIySkpaQ0k2SWxKRlUwOVZVa05GUjFKUFZWQkVSVXhGVkVsUFRrcFBRaTFRVXpJeE5UUXRWMFZUVkZWVElpd2lhbTlpVEc5allYUnBiMjRpT2lKM1pYTjBkWE1pZlE/YXBpLXZlcnNpb249MjAxNi0wMi0wMQ==",
      "RequestMethod": "GET",
      "RequestBody": "",
      "RequestHeaders": {
        "x-ms-version": [
          "2016-02-01"
        ],
        "User-Agent": [
          "Microsoft.Azure.Management.Resources.ResourceManagementClient/2.0.0.0"
        ]
      },
      "ResponseBody": "",
      "ResponseHeaders": {
        "Content-Length": [
          "0"
        ],
        "Expires": [
          "-1"
        ],
        "Pragma": [
          "no-cache"
        ],
        "Retry-After": [
          "15"
        ],
        "x-ms-ratelimit-remaining-subscription-reads": [
          "14945"
        ],
        "x-ms-request-id": [
          "2bfe44eb-73ba-4220-b995-acfa73bc7963"
        ],
        "x-ms-correlation-request-id": [
          "2bfe44eb-73ba-4220-b995-acfa73bc7963"
        ],
        "x-ms-routing-request-id": [
          "WESTUS2:20180323T221319Z:2bfe44eb-73ba-4220-b995-acfa73bc7963"
        ],
        "Strict-Transport-Security": [
          "max-age=31536000; includeSubDomains"
        ],
        "X-Content-Type-Options": [
          "nosniff"
        ],
        "Cache-Control": [
          "no-cache"
        ],
        "Date": [
          "Fri, 23 Mar 2018 22:13:18 GMT"
        ],
        "Location": [
          "https://management.azure.com/subscriptions/91d12660-3dec-467a-be2a-213b5544ddc0/operationresults/eyJqb2JJZCI6IlJFU09VUkNFR1JPVVBERUxFVElPTkpPQi1QUzIxNTQtV0VTVFVTIiwiam9iTG9jYXRpb24iOiJ3ZXN0dXMifQ?api-version=2016-02-01"
        ]
      },
      "StatusCode": 202
    },
    {
      "RequestUri": "/subscriptions/91d12660-3dec-467a-be2a-213b5544ddc0/operationresults/eyJqb2JJZCI6IlJFU09VUkNFR1JPVVBERUxFVElPTkpPQi1QUzIxNTQtV0VTVFVTIiwiam9iTG9jYXRpb24iOiJ3ZXN0dXMifQ?api-version=2016-02-01",
      "EncodedRequestUri": "L3N1YnNjcmlwdGlvbnMvOTFkMTI2NjAtM2RlYy00NjdhLWJlMmEtMjEzYjU1NDRkZGMwL29wZXJhdGlvbnJlc3VsdHMvZXlKcWIySkpaQ0k2SWxKRlUwOVZVa05GUjFKUFZWQkVSVXhGVkVsUFRrcFBRaTFRVXpJeE5UUXRWMFZUVkZWVElpd2lhbTlpVEc5allYUnBiMjRpT2lKM1pYTjBkWE1pZlE/YXBpLXZlcnNpb249MjAxNi0wMi0wMQ==",
      "RequestMethod": "GET",
      "RequestBody": "",
      "RequestHeaders": {
        "x-ms-version": [
          "2016-02-01"
        ],
        "User-Agent": [
          "Microsoft.Azure.Management.Resources.ResourceManagementClient/2.0.0.0"
        ]
      },
      "ResponseBody": "",
      "ResponseHeaders": {
        "Content-Length": [
          "0"
        ],
        "Expires": [
          "-1"
        ],
        "Pragma": [
          "no-cache"
        ],
        "Retry-After": [
          "15"
        ],
        "x-ms-ratelimit-remaining-subscription-reads": [
          "14944"
        ],
        "x-ms-request-id": [
          "13b56a98-c459-4404-8d95-59b967e4eff5"
        ],
        "x-ms-correlation-request-id": [
          "13b56a98-c459-4404-8d95-59b967e4eff5"
        ],
        "x-ms-routing-request-id": [
          "WESTUS2:20180323T221334Z:13b56a98-c459-4404-8d95-59b967e4eff5"
        ],
        "Strict-Transport-Security": [
          "max-age=31536000; includeSubDomains"
        ],
        "X-Content-Type-Options": [
          "nosniff"
        ],
        "Cache-Control": [
          "no-cache"
        ],
        "Date": [
          "Fri, 23 Mar 2018 22:13:34 GMT"
        ],
        "Location": [
          "https://management.azure.com/subscriptions/91d12660-3dec-467a-be2a-213b5544ddc0/operationresults/eyJqb2JJZCI6IlJFU09VUkNFR1JPVVBERUxFVElPTkpPQi1QUzIxNTQtV0VTVFVTIiwiam9iTG9jYXRpb24iOiJ3ZXN0dXMifQ?api-version=2016-02-01"
        ]
      },
      "StatusCode": 202
    },
    {
      "RequestUri": "/subscriptions/91d12660-3dec-467a-be2a-213b5544ddc0/operationresults/eyJqb2JJZCI6IlJFU09VUkNFR1JPVVBERUxFVElPTkpPQi1QUzIxNTQtV0VTVFVTIiwiam9iTG9jYXRpb24iOiJ3ZXN0dXMifQ?api-version=2016-02-01",
      "EncodedRequestUri": "L3N1YnNjcmlwdGlvbnMvOTFkMTI2NjAtM2RlYy00NjdhLWJlMmEtMjEzYjU1NDRkZGMwL29wZXJhdGlvbnJlc3VsdHMvZXlKcWIySkpaQ0k2SWxKRlUwOVZVa05GUjFKUFZWQkVSVXhGVkVsUFRrcFBRaTFRVXpJeE5UUXRWMFZUVkZWVElpd2lhbTlpVEc5allYUnBiMjRpT2lKM1pYTjBkWE1pZlE/YXBpLXZlcnNpb249MjAxNi0wMi0wMQ==",
      "RequestMethod": "GET",
      "RequestBody": "",
      "RequestHeaders": {
        "x-ms-version": [
          "2016-02-01"
        ],
        "User-Agent": [
          "Microsoft.Azure.Management.Resources.ResourceManagementClient/2.0.0.0"
        ]
      },
      "ResponseBody": "",
      "ResponseHeaders": {
        "Content-Length": [
          "0"
        ],
        "Expires": [
          "-1"
        ],
        "Pragma": [
          "no-cache"
        ],
        "Retry-After": [
          "15"
        ],
        "x-ms-ratelimit-remaining-subscription-reads": [
          "14942"
        ],
        "x-ms-request-id": [
          "293f84bb-d149-4a3b-8be7-5181a4b75be6"
        ],
        "x-ms-correlation-request-id": [
          "293f84bb-d149-4a3b-8be7-5181a4b75be6"
        ],
        "x-ms-routing-request-id": [
          "WESTUS2:20180323T221349Z:293f84bb-d149-4a3b-8be7-5181a4b75be6"
        ],
        "Strict-Transport-Security": [
          "max-age=31536000; includeSubDomains"
        ],
        "X-Content-Type-Options": [
          "nosniff"
        ],
        "Cache-Control": [
          "no-cache"
        ],
        "Date": [
          "Fri, 23 Mar 2018 22:13:48 GMT"
        ],
        "Location": [
          "https://management.azure.com/subscriptions/91d12660-3dec-467a-be2a-213b5544ddc0/operationresults/eyJqb2JJZCI6IlJFU09VUkNFR1JPVVBERUxFVElPTkpPQi1QUzIxNTQtV0VTVFVTIiwiam9iTG9jYXRpb24iOiJ3ZXN0dXMifQ?api-version=2016-02-01"
        ]
      },
      "StatusCode": 202
    },
    {
      "RequestUri": "/subscriptions/91d12660-3dec-467a-be2a-213b5544ddc0/operationresults/eyJqb2JJZCI6IlJFU09VUkNFR1JPVVBERUxFVElPTkpPQi1QUzIxNTQtV0VTVFVTIiwiam9iTG9jYXRpb24iOiJ3ZXN0dXMifQ?api-version=2016-02-01",
      "EncodedRequestUri": "L3N1YnNjcmlwdGlvbnMvOTFkMTI2NjAtM2RlYy00NjdhLWJlMmEtMjEzYjU1NDRkZGMwL29wZXJhdGlvbnJlc3VsdHMvZXlKcWIySkpaQ0k2SWxKRlUwOVZVa05GUjFKUFZWQkVSVXhGVkVsUFRrcFBRaTFRVXpJeE5UUXRWMFZUVkZWVElpd2lhbTlpVEc5allYUnBiMjRpT2lKM1pYTjBkWE1pZlE/YXBpLXZlcnNpb249MjAxNi0wMi0wMQ==",
      "RequestMethod": "GET",
      "RequestBody": "",
      "RequestHeaders": {
        "x-ms-version": [
          "2016-02-01"
        ],
        "User-Agent": [
          "Microsoft.Azure.Management.Resources.ResourceManagementClient/2.0.0.0"
        ]
      },
      "ResponseBody": "",
      "ResponseHeaders": {
        "Content-Length": [
          "0"
        ],
        "Expires": [
          "-1"
        ],
        "Pragma": [
          "no-cache"
        ],
        "Retry-After": [
          "15"
        ],
        "x-ms-ratelimit-remaining-subscription-reads": [
          "14941"
        ],
        "x-ms-request-id": [
          "c0a9c5ca-8121-4e78-9bcf-b42b0e2ffcbf"
        ],
        "x-ms-correlation-request-id": [
          "c0a9c5ca-8121-4e78-9bcf-b42b0e2ffcbf"
        ],
        "x-ms-routing-request-id": [
          "WESTUS2:20180323T221404Z:c0a9c5ca-8121-4e78-9bcf-b42b0e2ffcbf"
        ],
        "Strict-Transport-Security": [
          "max-age=31536000; includeSubDomains"
        ],
        "X-Content-Type-Options": [
          "nosniff"
        ],
        "Cache-Control": [
          "no-cache"
        ],
        "Date": [
          "Fri, 23 Mar 2018 22:14:03 GMT"
        ],
        "Location": [
          "https://management.azure.com/subscriptions/91d12660-3dec-467a-be2a-213b5544ddc0/operationresults/eyJqb2JJZCI6IlJFU09VUkNFR1JPVVBERUxFVElPTkpPQi1QUzIxNTQtV0VTVFVTIiwiam9iTG9jYXRpb24iOiJ3ZXN0dXMifQ?api-version=2016-02-01"
        ]
      },
      "StatusCode": 202
    },
    {
      "RequestUri": "/subscriptions/91d12660-3dec-467a-be2a-213b5544ddc0/operationresults/eyJqb2JJZCI6IlJFU09VUkNFR1JPVVBERUxFVElPTkpPQi1QUzIxNTQtV0VTVFVTIiwiam9iTG9jYXRpb24iOiJ3ZXN0dXMifQ?api-version=2016-02-01",
      "EncodedRequestUri": "L3N1YnNjcmlwdGlvbnMvOTFkMTI2NjAtM2RlYy00NjdhLWJlMmEtMjEzYjU1NDRkZGMwL29wZXJhdGlvbnJlc3VsdHMvZXlKcWIySkpaQ0k2SWxKRlUwOVZVa05GUjFKUFZWQkVSVXhGVkVsUFRrcFBRaTFRVXpJeE5UUXRWMFZUVkZWVElpd2lhbTlpVEc5allYUnBiMjRpT2lKM1pYTjBkWE1pZlE/YXBpLXZlcnNpb249MjAxNi0wMi0wMQ==",
      "RequestMethod": "GET",
      "RequestBody": "",
      "RequestHeaders": {
        "x-ms-version": [
          "2016-02-01"
        ],
        "User-Agent": [
          "Microsoft.Azure.Management.Resources.ResourceManagementClient/2.0.0.0"
        ]
      },
      "ResponseBody": "",
      "ResponseHeaders": {
        "Content-Length": [
          "0"
        ],
        "Expires": [
          "-1"
        ],
        "Pragma": [
          "no-cache"
        ],
        "x-ms-ratelimit-remaining-subscription-reads": [
          "14940"
        ],
        "x-ms-request-id": [
          "581e6f18-ecde-4d51-8a04-c601bc311154"
        ],
        "x-ms-correlation-request-id": [
          "581e6f18-ecde-4d51-8a04-c601bc311154"
        ],
        "x-ms-routing-request-id": [
          "WESTUS2:20180323T221419Z:581e6f18-ecde-4d51-8a04-c601bc311154"
        ],
        "Strict-Transport-Security": [
          "max-age=31536000; includeSubDomains"
        ],
        "X-Content-Type-Options": [
          "nosniff"
        ],
        "Cache-Control": [
          "no-cache"
        ],
        "Date": [
          "Fri, 23 Mar 2018 22:14:19 GMT"
        ]
      },
      "StatusCode": 200
    }
  ],
  "Names": {
    "Test-AzureIotDpsLinkedHubLifeCycle": [
      "ps9266",
      "ps2154",
      "ps3825"
    ]
  },
  "Variables": {
    "SubscriptionId": "91d12660-3dec-467a-be2a-213b5544ddc0"
  }
}