{
  "Entries": [
    {
      "RequestUri": "/subscriptions/5b4b650e-28b9-4790-b3ab-ddbd88d727c4/resourcegroups/RGName-ps7776?api-version=2016-09-01",
      "EncodedRequestUri": "L3N1YnNjcmlwdGlvbnMvNWI0YjY1MGUtMjhiOS00NzkwLWIzYWItZGRiZDg4ZDcyN2M0L3Jlc291cmNlZ3JvdXBzL1JHTmFtZS1wczc3NzY/YXBpLXZlcnNpb249MjAxNi0wOS0wMQ==",
      "RequestMethod": "PUT",
      "RequestBody": "{\r\n  \"location\": \"centraluseuap\"\r\n}",
      "RequestHeaders": {
        "x-ms-client-request-id": [
          "a81f7c76-8d54-4284-a470-14b423153438"
        ],
        "Accept-Language": [
          "en-US"
        ],
        "User-Agent": [
          "FxVersion/4.6.27617.04",
          "OSName/Windows",
          "OSVersion/Microsoft.Windows.10.0.18362.",
          "Microsoft.Azure.Management.Internal.Resources.ResourceManagementClient/1.2.0"
        ],
        "Content-Type": [
          "application/json; charset=utf-8"
        ],
        "Content-Length": [
          "35"
        ]
      },
      "ResponseHeaders": {
        "Cache-Control": [
          "no-cache"
        ],
        "Pragma": [
          "no-cache"
        ],
        "x-ms-ratelimit-remaining-subscription-writes": [
          "1199"
        ],
        "x-ms-request-id": [
          "92ef1b49-4b26-4f55-8c6e-aec235b01ab6"
        ],
        "x-ms-correlation-request-id": [
          "92ef1b49-4b26-4f55-8c6e-aec235b01ab6"
        ],
        "x-ms-routing-request-id": [
          "CENTRALUS:20190523T185920Z:92ef1b49-4b26-4f55-8c6e-aec235b01ab6"
        ],
        "Strict-Transport-Security": [
          "max-age=31536000; includeSubDomains"
        ],
        "X-Content-Type-Options": [
          "nosniff"
        ],
        "Date": [
          "Thu, 23 May 2019 18:59:19 GMT"
        ],
        "Content-Length": [
          "186"
        ],
        "Content-Type": [
          "application/json; charset=utf-8"
        ],
        "Expires": [
          "-1"
        ]
      },
      "ResponseBody": "{\r\n  \"id\": \"/subscriptions/5b4b650e-28b9-4790-b3ab-ddbd88d727c4/resourceGroups/RGName-ps7776\",\r\n  \"name\": \"RGName-ps7776\",\r\n  \"location\": \"centraluseuap\",\r\n  \"properties\": {\r\n    \"provisioningState\": \"Succeeded\"\r\n  }\r\n}",
      "StatusCode": 201
    },
    {
      "RequestUri": "/subscriptions/5b4b650e-28b9-4790-b3ab-ddbd88d727c4/resourceGroups/RGName-ps7776/providers/Microsoft.EventGrid/domains/PSTestDomain-ps388?api-version=2019-06-01",
      "EncodedRequestUri": "L3N1YnNjcmlwdGlvbnMvNWI0YjY1MGUtMjhiOS00NzkwLWIzYWItZGRiZDg4ZDcyN2M0L3Jlc291cmNlR3JvdXBzL1JHTmFtZS1wczc3NzYvcHJvdmlkZXJzL01pY3Jvc29mdC5FdmVudEdyaWQvZG9tYWlucy9QU1Rlc3REb21haW4tcHMzODg/YXBpLXZlcnNpb249MjAxOS0wNi0wMQ==",
      "RequestMethod": "PUT",
      "RequestBody": "{\r\n  \"location\": \"centraluseuap\"\r\n}",
      "RequestHeaders": {
        "x-ms-client-request-id": [
          "5cea896b-4376-498e-aa30-2b9fb7a416a1"
        ],
        "Accept-Language": [
          "en-US"
        ],
        "User-Agent": [
          "FxVersion/4.6.27617.04",
          "OSName/Windows",
          "OSVersion/Microsoft.Windows.10.0.18362.",
          "Microsoft.Azure.Management.EventGrid.EventGridManagementClient/5.0.0.0"
        ],
        "Content-Type": [
          "application/json; charset=utf-8"
        ],
        "Content-Length": [
          "35"
        ]
      },
      "ResponseHeaders": {
        "Cache-Control": [
          "no-cache"
        ],
        "Pragma": [
          "no-cache"
        ],
        "Retry-After": [
          "10"
        ],
        "Strict-Transport-Security": [
          "max-age=31536000; includeSubDomains"
        ],
        "Azure-AsyncOperation": [
          "https://management.azure.com:443/subscriptions/5b4b650e-28b9-4790-b3ab-ddbd88d727c4/providers/Microsoft.EventGrid/locations/centraluseuap/operationsStatus/01AD10C7-2A41-4961-B0EE-FFCB1BE9F8B8?api-version=2019-06-01"
        ],
        "x-ms-request-id": [
          "f14f2a63-c71c-45a3-806a-ce6cab5168bc"
        ],
        "Server": [
          "Microsoft-HTTPAPI/2.0"
        ],
        "x-ms-ratelimit-remaining-subscription-writes": [
          "1199"
        ],
        "x-ms-correlation-request-id": [
          "eee1c588-cb81-49d8-8b4a-5a666943d2ca"
        ],
        "x-ms-routing-request-id": [
          "CENTRALUS:20190523T185921Z:eee1c588-cb81-49d8-8b4a-5a666943d2ca"
        ],
        "X-Content-Type-Options": [
          "nosniff"
        ],
        "Date": [
          "Thu, 23 May 2019 18:59:20 GMT"
        ],
        "Content-Length": [
          "312"
        ],
        "Content-Type": [
          "application/json; charset=utf-8"
        ],
        "Expires": [
          "-1"
        ]
      },
      "ResponseBody": "{\r\n  \"properties\": {\r\n    \"provisioningState\": \"Creating\",\r\n    \"endpoint\": null\r\n  },\r\n  \"location\": \"centraluseuap\",\r\n  \"tags\": null,\r\n  \"id\": \"/subscriptions/5b4b650e-28b9-4790-b3ab-ddbd88d727c4/resourceGroups/RGName-ps7776/providers/Microsoft.EventGrid/domains/PSTestDomain-ps388\",\r\n  \"name\": \"PSTestDomain-ps388\",\r\n  \"type\": \"Microsoft.EventGrid/domains\"\r\n}",
      "StatusCode": 201
    },
    {
      "RequestUri": "/subscriptions/5b4b650e-28b9-4790-b3ab-ddbd88d727c4/providers/Microsoft.EventGrid/locations/centraluseuap/operationsStatus/01AD10C7-2A41-4961-B0EE-FFCB1BE9F8B8?api-version=2019-06-01",
      "EncodedRequestUri": "L3N1YnNjcmlwdGlvbnMvNWI0YjY1MGUtMjhiOS00NzkwLWIzYWItZGRiZDg4ZDcyN2M0L3Byb3ZpZGVycy9NaWNyb3NvZnQuRXZlbnRHcmlkL2xvY2F0aW9ucy9jZW50cmFsdXNldWFwL29wZXJhdGlvbnNTdGF0dXMvMDFBRDEwQzctMkE0MS00OTYxLUIwRUUtRkZDQjFCRTlGOEI4P2FwaS12ZXJzaW9uPTIwMTktMDYtMDE=",
      "RequestMethod": "GET",
      "RequestBody": "",
      "RequestHeaders": {
        "User-Agent": [
          "FxVersion/4.6.27617.04",
          "OSName/Windows",
          "OSVersion/Microsoft.Windows.10.0.18362.",
          "Microsoft.Azure.Management.EventGrid.EventGridManagementClient/5.0.0.0"
        ]
      },
      "ResponseHeaders": {
        "Cache-Control": [
          "no-cache"
        ],
        "Pragma": [
          "no-cache"
        ],
        "Strict-Transport-Security": [
          "max-age=31536000; includeSubDomains"
        ],
        "x-ms-request-id": [
          "bed6071c-9be1-4d50-9b3b-4e1161bcfc5d"
        ],
        "Server": [
          "Microsoft-HTTPAPI/2.0"
        ],
        "x-ms-ratelimit-remaining-subscription-reads": [
          "11998"
        ],
        "x-ms-correlation-request-id": [
          "8395de28-8f0d-4ce9-9e0c-7ad996bae558"
        ],
        "x-ms-routing-request-id": [
          "CENTRALUS:20190523T185931Z:8395de28-8f0d-4ce9-9e0c-7ad996bae558"
        ],
        "X-Content-Type-Options": [
          "nosniff"
        ],
        "Date": [
          "Thu, 23 May 2019 18:59:30 GMT"
        ],
        "Content-Length": [
          "286"
        ],
        "Content-Type": [
          "application/json; charset=utf-8"
        ],
        "Expires": [
          "-1"
        ]
      },
      "ResponseBody": "{\r\n  \"id\": \"https://management.azure.com/subscriptions/5b4b650e-28b9-4790-b3ab-ddbd88d727c4/providers/Microsoft.EventGrid/locations/centraluseuap/operationsStatus/01AD10C7-2A41-4961-B0EE-FFCB1BE9F8B8?api-version=2019-06-01\",\r\n  \"name\": \"01ad10c7-2a41-4961-b0ee-ffcb1be9f8b8\",\r\n  \"status\": \"Succeeded\"\r\n}",
      "StatusCode": 200
    },
    {
      "RequestUri": "/subscriptions/5b4b650e-28b9-4790-b3ab-ddbd88d727c4/resourceGroups/RGName-ps7776/providers/Microsoft.EventGrid/domains/PSTestDomain-ps388?api-version=2019-06-01",
      "EncodedRequestUri": "L3N1YnNjcmlwdGlvbnMvNWI0YjY1MGUtMjhiOS00NzkwLWIzYWItZGRiZDg4ZDcyN2M0L3Jlc291cmNlR3JvdXBzL1JHTmFtZS1wczc3NzYvcHJvdmlkZXJzL01pY3Jvc29mdC5FdmVudEdyaWQvZG9tYWlucy9QU1Rlc3REb21haW4tcHMzODg/YXBpLXZlcnNpb249MjAxOS0wNi0wMQ==",
      "RequestMethod": "GET",
      "RequestBody": "",
      "RequestHeaders": {
        "User-Agent": [
          "FxVersion/4.6.27617.04",
          "OSName/Windows",
          "OSVersion/Microsoft.Windows.10.0.18362.",
          "Microsoft.Azure.Management.EventGrid.EventGridManagementClient/5.0.0.0"
        ]
      },
      "ResponseHeaders": {
        "Cache-Control": [
          "no-cache"
        ],
        "Pragma": [
          "no-cache"
        ],
        "Strict-Transport-Security": [
          "max-age=31536000; includeSubDomains"
        ],
        "x-ms-request-id": [
          "e1dac6fa-b691-4484-8f06-83b808247638"
        ],
        "Server": [
          "Microsoft-HTTPAPI/2.0"
        ],
        "x-ms-ratelimit-remaining-subscription-reads": [
          "11997"
        ],
        "x-ms-correlation-request-id": [
          "51d536b2-2f6e-4454-b290-3ca0adda365c"
        ],
        "x-ms-routing-request-id": [
          "CENTRALUS:20190523T185931Z:51d536b2-2f6e-4454-b290-3ca0adda365c"
        ],
        "X-Content-Type-Options": [
          "nosniff"
        ],
        "Date": [
          "Thu, 23 May 2019 18:59:30 GMT"
        ],
        "Content-Length": [
          "384"
        ],
        "Content-Type": [
          "application/json; charset=utf-8"
        ],
        "Expires": [
          "-1"
        ]
      },
      "ResponseBody": "{\r\n  \"properties\": {\r\n    \"provisioningState\": \"Succeeded\",\r\n    \"endpoint\": \"https://pstestdomain-ps388.centraluseuap-1.eventgrid.azure.net/api/events\"\r\n  },\r\n  \"location\": \"centraluseuap\",\r\n  \"tags\": null,\r\n  \"id\": \"/subscriptions/5b4b650e-28b9-4790-b3ab-ddbd88d727c4/resourceGroups/RGName-ps7776/providers/Microsoft.EventGrid/domains/PSTestDomain-ps388\",\r\n  \"name\": \"PSTestDomain-ps388\",\r\n  \"type\": \"Microsoft.EventGrid/domains\"\r\n}",
      "StatusCode": 200
    },
    {
      "RequestUri": "//subscriptions/5b4b650e-28b9-4790-b3ab-ddbd88d727c4/resourceGroups/RGName-ps7776/providers/Microsoft.EventGrid/domains/PSTestDomain-ps388/topics/PSTestDomainTopic-ps3299/providers/Microsoft.EventGrid/eventSubscriptions/EventSubscription-ps8715?api-version=2019-06-01",
      "EncodedRequestUri": "Ly9zdWJzY3JpcHRpb25zLzViNGI2NTBlLTI4YjktNDc5MC1iM2FiLWRkYmQ4OGQ3MjdjNC9yZXNvdXJjZUdyb3Vwcy9SR05hbWUtcHM3Nzc2L3Byb3ZpZGVycy9NaWNyb3NvZnQuRXZlbnRHcmlkL2RvbWFpbnMvUFNUZXN0RG9tYWluLXBzMzg4L3RvcGljcy9QU1Rlc3REb21haW5Ub3BpYy1wczMyOTkvcHJvdmlkZXJzL01pY3Jvc29mdC5FdmVudEdyaWQvZXZlbnRTdWJzY3JpcHRpb25zL0V2ZW50U3Vic2NyaXB0aW9uLXBzODcxNT9hcGktdmVyc2lvbj0yMDE5LTA2LTAx",
      "RequestMethod": "PUT",
      "RequestBody": "{\r\n  \"properties\": {\r\n    \"destination\": {\r\n      \"endpointType\": \"WebHook\",\r\n      \"properties\": {\r\n        \"endpointUrl\": \"https://devexpfuncappdestination.azurewebsites.net/runtime/webhooks/EventGrid?functionName=EventGridTrigger1&code=<HIDDEN>\"\r\n      }\r\n    },\r\n    \"filter\": {\r\n      \"isSubjectCaseSensitive\": false\r\n    }\r\n  }\r\n}",
      "RequestHeaders": {
        "x-ms-client-request-id": [
          "c71171db-dfeb-44a3-b44a-2d08c93d4049"
        ],
        "Accept-Language": [
          "en-US"
        ],
        "User-Agent": [
          "FxVersion/4.6.27617.04",
          "OSName/Windows",
          "OSVersion/Microsoft.Windows.10.0.18362.",
          "Microsoft.Azure.Management.EventGrid.EventGridManagementClient/5.0.0.0"
        ],
        "Content-Type": [
          "application/json; charset=utf-8"
        ],
        "Content-Length": [
          "384"
        ]
      },
      "ResponseHeaders": {
        "Cache-Control": [
          "no-cache"
        ],
        "Pragma": [
          "no-cache"
        ],
        "Retry-After": [
          "10"
        ],
        "Strict-Transport-Security": [
          "max-age=31536000; includeSubDomains"
        ],
        "Azure-AsyncOperation": [
          "https://management.azure.com:443/subscriptions/5b4b650e-28b9-4790-b3ab-ddbd88d727c4/providers/Microsoft.EventGrid/locations/centraluseuap/operationsStatus/8A91F878-BE00-4994-B538-0BC34116ACDF?api-version=2019-06-01"
        ],
        "x-ms-request-id": [
          "490ef1de-771d-4bff-abc1-92839dc01bad"
        ],
        "Server": [
          "Microsoft-HTTPAPI/2.0"
        ],
        "x-ms-ratelimit-remaining-subscription-writes": [
          "1198"
        ],
        "x-ms-correlation-request-id": [
          "69c18d6a-9be9-4287-bce7-2d6a650b52cc"
        ],
        "x-ms-routing-request-id": [
          "CENTRALUS:20190523T185932Z:69c18d6a-9be9-4287-bce7-2d6a650b52cc"
        ],
        "X-Content-Type-Options": [
          "nosniff"
        ],
        "Date": [
          "Thu, 23 May 2019 18:59:31 GMT"
        ],
        "Content-Length": [
          "759"
        ],
        "Content-Type": [
          "application/json; charset=utf-8"
        ],
        "Expires": [
          "-1"
        ]
      },
      "ResponseBody": "{\r\n  \"properties\": {\r\n    \"topic\": \"/subscriptions/5b4b650e-28b9-4790-b3ab-ddbd88d727c4/resourceGroups/rgname-ps7776/providers/microsoft.eventgrid/domains/pstestdomain-ps388/topics/pstestdomaintopic-ps3299\",\r\n    \"provisioningState\": \"Creating\",\r\n    \"destination\": {\r\n      \"properties\": {\r\n        \"endpointUrl\": null,\r\n        \"endpointBaseUrl\": \"https://devexpfuncappdestination.azurewebsites.net/runtime/webhooks/EventGrid\"\r\n      },\r\n      \"endpointType\": \"WebHook\"\r\n    },\r\n    \"filter\": {},\r\n    \"labels\": null\r\n  },\r\n  \"id\": \"/subscriptions/5b4b650e-28b9-4790-b3ab-ddbd88d727c4/resourceGroups/RGName-ps7776/providers/Microsoft.EventGrid/domains/PSTestDomain-ps388/topics/PSTestDomainTopic-ps3299/providers/Microsoft.EventGrid/eventSubscriptions/EventSubscription-ps8715\",\r\n  \"name\": \"EventSubscription-ps8715\",\r\n  \"type\": \"Microsoft.EventGrid/eventSubscriptions\"\r\n}",
      "StatusCode": 201
    },
    {
      "RequestUri": "/subscriptions/5b4b650e-28b9-4790-b3ab-ddbd88d727c4/providers/Microsoft.EventGrid/locations/centraluseuap/operationsStatus/8A91F878-BE00-4994-B538-0BC34116ACDF?api-version=2019-06-01",
      "EncodedRequestUri": "L3N1YnNjcmlwdGlvbnMvNWI0YjY1MGUtMjhiOS00NzkwLWIzYWItZGRiZDg4ZDcyN2M0L3Byb3ZpZGVycy9NaWNyb3NvZnQuRXZlbnRHcmlkL2xvY2F0aW9ucy9jZW50cmFsdXNldWFwL29wZXJhdGlvbnNTdGF0dXMvOEE5MUY4NzgtQkUwMC00OTk0LUI1MzgtMEJDMzQxMTZBQ0RGP2FwaS12ZXJzaW9uPTIwMTktMDYtMDE=",
      "RequestMethod": "GET",
      "RequestBody": "",
      "RequestHeaders": {
        "User-Agent": [
          "FxVersion/4.6.27617.04",
          "OSName/Windows",
          "OSVersion/Microsoft.Windows.10.0.18362.",
          "Microsoft.Azure.Management.EventGrid.EventGridManagementClient/5.0.0.0"
        ]
      },
      "ResponseHeaders": {
        "Cache-Control": [
          "no-cache"
        ],
        "Pragma": [
          "no-cache"
        ],
        "Strict-Transport-Security": [
          "max-age=31536000; includeSubDomains"
        ],
        "x-ms-request-id": [
          "ba8d79cb-e4a1-461c-a0f5-8ba3d3c3672b"
        ],
        "Server": [
          "Microsoft-HTTPAPI/2.0"
        ],
        "x-ms-ratelimit-remaining-subscription-reads": [
          "11996"
        ],
        "x-ms-correlation-request-id": [
          "64efaa5b-67be-449f-986f-efa458ba109d"
        ],
        "x-ms-routing-request-id": [
          "CENTRALUS:20190523T185942Z:64efaa5b-67be-449f-986f-efa458ba109d"
        ],
        "X-Content-Type-Options": [
          "nosniff"
        ],
        "Date": [
          "Thu, 23 May 2019 18:59:41 GMT"
        ],
        "Content-Length": [
          "286"
        ],
        "Content-Type": [
          "application/json; charset=utf-8"
        ],
        "Expires": [
          "-1"
        ]
      },
      "ResponseBody": "{\r\n  \"id\": \"https://management.azure.com/subscriptions/5b4b650e-28b9-4790-b3ab-ddbd88d727c4/providers/Microsoft.EventGrid/locations/centraluseuap/operationsStatus/8A91F878-BE00-4994-B538-0BC34116ACDF?api-version=2019-06-01\",\r\n  \"name\": \"8a91f878-be00-4994-b538-0bc34116acdf\",\r\n  \"status\": \"Succeeded\"\r\n}",
      "StatusCode": 200
    },
    {
      "RequestUri": "//subscriptions/5b4b650e-28b9-4790-b3ab-ddbd88d727c4/resourceGroups/RGName-ps7776/providers/Microsoft.EventGrid/domains/PSTestDomain-ps388/topics/PSTestDomainTopic-ps3299/providers/Microsoft.EventGrid/eventSubscriptions/EventSubscription-ps8715?api-version=2019-06-01",
      "EncodedRequestUri": "Ly9zdWJzY3JpcHRpb25zLzViNGI2NTBlLTI4YjktNDc5MC1iM2FiLWRkYmQ4OGQ3MjdjNC9yZXNvdXJjZUdyb3Vwcy9SR05hbWUtcHM3Nzc2L3Byb3ZpZGVycy9NaWNyb3NvZnQuRXZlbnRHcmlkL2RvbWFpbnMvUFNUZXN0RG9tYWluLXBzMzg4L3RvcGljcy9QU1Rlc3REb21haW5Ub3BpYy1wczMyOTkvcHJvdmlkZXJzL01pY3Jvc29mdC5FdmVudEdyaWQvZXZlbnRTdWJzY3JpcHRpb25zL0V2ZW50U3Vic2NyaXB0aW9uLXBzODcxNT9hcGktdmVyc2lvbj0yMDE5LTA2LTAx",
      "RequestMethod": "GET",
      "RequestBody": "",
      "RequestHeaders": {
        "User-Agent": [
          "FxVersion/4.6.27617.04",
          "OSName/Windows",
          "OSVersion/Microsoft.Windows.10.0.18362.",
          "Microsoft.Azure.Management.EventGrid.EventGridManagementClient/5.0.0.0"
        ]
      },
      "ResponseHeaders": {
        "Cache-Control": [
          "no-cache"
        ],
        "Pragma": [
          "no-cache"
        ],
        "Strict-Transport-Security": [
          "max-age=31536000; includeSubDomains"
        ],
        "x-ms-request-id": [
          "e5392d52-c80c-48e6-b41b-c87697633c15"
        ],
        "Server": [
          "Microsoft-HTTPAPI/2.0"
        ],
        "x-ms-ratelimit-remaining-subscription-reads": [
          "11995"
        ],
        "x-ms-correlation-request-id": [
          "966554c0-42d6-4463-b888-1b21051e2a8c"
        ],
        "x-ms-routing-request-id": [
          "CENTRALUS:20190523T185942Z:966554c0-42d6-4463-b888-1b21051e2a8c"
        ],
        "X-Content-Type-Options": [
          "nosniff"
        ],
        "Date": [
          "Thu, 23 May 2019 18:59:41 GMT"
        ],
        "Content-Length": [
          "876"
        ],
        "Content-Type": [
          "application/json; charset=utf-8"
        ],
        "Expires": [
          "-1"
        ]
      },
      "ResponseBody": "{\r\n  \"properties\": {\r\n    \"topic\": \"/subscriptions/5b4b650e-28b9-4790-b3ab-ddbd88d727c4/resourceGroups/rgname-ps7776/providers/microsoft.eventgrid/domains/pstestdomain-ps388/topics/pstestdomaintopic-ps3299\",\r\n    \"provisioningState\": \"Succeeded\",\r\n    \"destination\": {\r\n      \"properties\": {\r\n        \"endpointUrl\": null,\r\n        \"endpointBaseUrl\": \"https://devexpfuncappdestination.azurewebsites.net/runtime/webhooks/EventGrid\"\r\n      },\r\n      \"endpointType\": \"WebHook\"\r\n    },\r\n    \"filter\": {\r\n      \"subjectBeginsWith\": \"\",\r\n      \"subjectEndsWith\": \"\"\r\n    },\r\n    \"labels\": null,\r\n    \"retryPolicy\": {\r\n      \"maxDeliveryAttempts\": 30,\r\n      \"eventTimeToLiveInMinutes\": 1440\r\n    }\r\n  },\r\n  \"id\": \"/subscriptions/5b4b650e-28b9-4790-b3ab-ddbd88d727c4/resourceGroups/RGName-ps7776/providers/Microsoft.EventGrid/domains/PSTestDomain-ps388/topics/PSTestDomainTopic-ps3299/providers/Microsoft.EventGrid/eventSubscriptions/EventSubscription-ps8715\",\r\n  \"name\": \"EventSubscription-ps8715\",\r\n  \"type\": \"Microsoft.EventGrid/eventSubscriptions\"\r\n}",
      "StatusCode": 200
    },
    {
      "RequestUri": "//subscriptions/5b4b650e-28b9-4790-b3ab-ddbd88d727c4/resourceGroups/RGName-ps7776/providers/Microsoft.EventGrid/domains/PSTestDomain-ps388/topics/PSTestDomainTopic-ps3299/providers/Microsoft.EventGrid/eventSubscriptions/EventSubscription-ps5260?api-version=2019-06-01",
      "EncodedRequestUri": "Ly9zdWJzY3JpcHRpb25zLzViNGI2NTBlLTI4YjktNDc5MC1iM2FiLWRkYmQ4OGQ3MjdjNC9yZXNvdXJjZUdyb3Vwcy9SR05hbWUtcHM3Nzc2L3Byb3ZpZGVycy9NaWNyb3NvZnQuRXZlbnRHcmlkL2RvbWFpbnMvUFNUZXN0RG9tYWluLXBzMzg4L3RvcGljcy9QU1Rlc3REb21haW5Ub3BpYy1wczMyOTkvcHJvdmlkZXJzL01pY3Jvc29mdC5FdmVudEdyaWQvZXZlbnRTdWJzY3JpcHRpb25zL0V2ZW50U3Vic2NyaXB0aW9uLXBzNTI2MD9hcGktdmVyc2lvbj0yMDE5LTA2LTAx",
      "RequestMethod": "PUT",
      "RequestBody": "{\r\n  \"properties\": {\r\n    \"destination\": {\r\n      \"endpointType\": \"WebHook\",\r\n      \"properties\": {\r\n        \"endpointUrl\": \"https://devexpfuncappdestination.azurewebsites.net/runtime/webhooks/EventGrid?functionName=EventGridTrigger1&code=<HIDDEN>\"\r\n      }\r\n    },\r\n    \"filter\": {\r\n      \"isSubjectCaseSensitive\": false\r\n    }\r\n  }\r\n}",
      "RequestHeaders": {
        "x-ms-client-request-id": [
          "32cd82b6-9b4f-402e-870b-f8696b2a4776"
        ],
        "Accept-Language": [
          "en-US"
        ],
        "User-Agent": [
          "FxVersion/4.6.27617.04",
          "OSName/Windows",
          "OSVersion/Microsoft.Windows.10.0.18362.",
          "Microsoft.Azure.Management.EventGrid.EventGridManagementClient/5.0.0.0"
        ],
        "Content-Type": [
          "application/json; charset=utf-8"
        ],
        "Content-Length": [
          "384"
        ]
      },
      "ResponseHeaders": {
        "Cache-Control": [
          "no-cache"
        ],
        "Pragma": [
          "no-cache"
        ],
        "Retry-After": [
          "10"
        ],
        "Strict-Transport-Security": [
          "max-age=31536000; includeSubDomains"
        ],
        "Azure-AsyncOperation": [
          "https://management.azure.com:443/subscriptions/5b4b650e-28b9-4790-b3ab-ddbd88d727c4/providers/Microsoft.EventGrid/locations/centraluseuap/operationsStatus/285DA8BB-2444-4CAD-B595-298A7B59A792?api-version=2019-06-01"
        ],
        "x-ms-request-id": [
          "8ced50c2-52b4-4ee2-b889-f98197218664"
        ],
        "Server": [
          "Microsoft-HTTPAPI/2.0"
        ],
        "x-ms-ratelimit-remaining-subscription-writes": [
          "1197"
        ],
        "x-ms-correlation-request-id": [
          "b4cdedd2-05b0-448d-929b-83c9cf4d4cfb"
        ],
        "x-ms-routing-request-id": [
          "CENTRALUS:20190523T185942Z:b4cdedd2-05b0-448d-929b-83c9cf4d4cfb"
        ],
        "X-Content-Type-Options": [
          "nosniff"
        ],
        "Date": [
          "Thu, 23 May 2019 18:59:41 GMT"
        ],
        "Content-Length": [
          "759"
        ],
        "Content-Type": [
          "application/json; charset=utf-8"
        ],
        "Expires": [
          "-1"
        ]
      },
      "ResponseBody": "{\r\n  \"properties\": {\r\n    \"topic\": \"/subscriptions/5b4b650e-28b9-4790-b3ab-ddbd88d727c4/resourceGroups/rgname-ps7776/providers/microsoft.eventgrid/domains/pstestdomain-ps388/topics/pstestdomaintopic-ps3299\",\r\n    \"provisioningState\": \"Creating\",\r\n    \"destination\": {\r\n      \"properties\": {\r\n        \"endpointUrl\": null,\r\n        \"endpointBaseUrl\": \"https://devexpfuncappdestination.azurewebsites.net/runtime/webhooks/EventGrid\"\r\n      },\r\n      \"endpointType\": \"WebHook\"\r\n    },\r\n    \"filter\": {},\r\n    \"labels\": null\r\n  },\r\n  \"id\": \"/subscriptions/5b4b650e-28b9-4790-b3ab-ddbd88d727c4/resourceGroups/RGName-ps7776/providers/Microsoft.EventGrid/domains/PSTestDomain-ps388/topics/PSTestDomainTopic-ps3299/providers/Microsoft.EventGrid/eventSubscriptions/EventSubscription-ps5260\",\r\n  \"name\": \"EventSubscription-ps5260\",\r\n  \"type\": \"Microsoft.EventGrid/eventSubscriptions\"\r\n}",
      "StatusCode": 201
    },
    {
      "RequestUri": "/subscriptions/5b4b650e-28b9-4790-b3ab-ddbd88d727c4/providers/Microsoft.EventGrid/locations/centraluseuap/operationsStatus/285DA8BB-2444-4CAD-B595-298A7B59A792?api-version=2019-06-01",
      "EncodedRequestUri": "L3N1YnNjcmlwdGlvbnMvNWI0YjY1MGUtMjhiOS00NzkwLWIzYWItZGRiZDg4ZDcyN2M0L3Byb3ZpZGVycy9NaWNyb3NvZnQuRXZlbnRHcmlkL2xvY2F0aW9ucy9jZW50cmFsdXNldWFwL29wZXJhdGlvbnNTdGF0dXMvMjg1REE4QkItMjQ0NC00Q0FELUI1OTUtMjk4QTdCNTlBNzkyP2FwaS12ZXJzaW9uPTIwMTktMDYtMDE=",
      "RequestMethod": "GET",
      "RequestBody": "",
      "RequestHeaders": {
        "User-Agent": [
          "FxVersion/4.6.27617.04",
          "OSName/Windows",
          "OSVersion/Microsoft.Windows.10.0.18362.",
          "Microsoft.Azure.Management.EventGrid.EventGridManagementClient/5.0.0.0"
        ]
      },
      "ResponseHeaders": {
        "Cache-Control": [
          "no-cache"
        ],
        "Pragma": [
          "no-cache"
        ],
        "Strict-Transport-Security": [
          "max-age=31536000; includeSubDomains"
        ],
        "x-ms-request-id": [
          "fc5334a3-15bc-4ad9-a8f8-d11488b36feb"
        ],
        "Server": [
          "Microsoft-HTTPAPI/2.0"
        ],
        "x-ms-ratelimit-remaining-subscription-reads": [
          "11994"
        ],
        "x-ms-correlation-request-id": [
          "9c3af10d-cb6b-49b6-b9c6-1b71cc0b5179"
        ],
        "x-ms-routing-request-id": [
          "CENTRALUS:20190523T185952Z:9c3af10d-cb6b-49b6-b9c6-1b71cc0b5179"
        ],
        "X-Content-Type-Options": [
          "nosniff"
        ],
        "Date": [
          "Thu, 23 May 2019 18:59:52 GMT"
        ],
        "Content-Length": [
          "286"
        ],
        "Content-Type": [
          "application/json; charset=utf-8"
        ],
        "Expires": [
          "-1"
        ]
      },
      "ResponseBody": "{\r\n  \"id\": \"https://management.azure.com/subscriptions/5b4b650e-28b9-4790-b3ab-ddbd88d727c4/providers/Microsoft.EventGrid/locations/centraluseuap/operationsStatus/285DA8BB-2444-4CAD-B595-298A7B59A792?api-version=2019-06-01\",\r\n  \"name\": \"285da8bb-2444-4cad-b595-298a7b59a792\",\r\n  \"status\": \"Succeeded\"\r\n}",
      "StatusCode": 200
    },
    {
      "RequestUri": "//subscriptions/5b4b650e-28b9-4790-b3ab-ddbd88d727c4/resourceGroups/RGName-ps7776/providers/Microsoft.EventGrid/domains/PSTestDomain-ps388/topics/PSTestDomainTopic-ps3299/providers/Microsoft.EventGrid/eventSubscriptions/EventSubscription-ps5260?api-version=2019-06-01",
      "EncodedRequestUri": "Ly9zdWJzY3JpcHRpb25zLzViNGI2NTBlLTI4YjktNDc5MC1iM2FiLWRkYmQ4OGQ3MjdjNC9yZXNvdXJjZUdyb3Vwcy9SR05hbWUtcHM3Nzc2L3Byb3ZpZGVycy9NaWNyb3NvZnQuRXZlbnRHcmlkL2RvbWFpbnMvUFNUZXN0RG9tYWluLXBzMzg4L3RvcGljcy9QU1Rlc3REb21haW5Ub3BpYy1wczMyOTkvcHJvdmlkZXJzL01pY3Jvc29mdC5FdmVudEdyaWQvZXZlbnRTdWJzY3JpcHRpb25zL0V2ZW50U3Vic2NyaXB0aW9uLXBzNTI2MD9hcGktdmVyc2lvbj0yMDE5LTA2LTAx",
      "RequestMethod": "GET",
      "RequestBody": "",
      "RequestHeaders": {
        "User-Agent": [
          "FxVersion/4.6.27617.04",
          "OSName/Windows",
          "OSVersion/Microsoft.Windows.10.0.18362.",
          "Microsoft.Azure.Management.EventGrid.EventGridManagementClient/5.0.0.0"
        ]
      },
      "ResponseHeaders": {
        "Cache-Control": [
          "no-cache"
        ],
        "Pragma": [
          "no-cache"
        ],
        "Strict-Transport-Security": [
          "max-age=31536000; includeSubDomains"
        ],
        "x-ms-request-id": [
          "d48d995e-ea08-4d06-89e8-887b5a2bc6b9"
        ],
        "Server": [
          "Microsoft-HTTPAPI/2.0"
        ],
        "x-ms-ratelimit-remaining-subscription-reads": [
          "11993"
        ],
        "x-ms-correlation-request-id": [
          "c971f3fe-4dbf-415a-a8fa-5cc557128b47"
        ],
        "x-ms-routing-request-id": [
          "CENTRALUS:20190523T185952Z:c971f3fe-4dbf-415a-a8fa-5cc557128b47"
        ],
        "X-Content-Type-Options": [
          "nosniff"
        ],
        "Date": [
          "Thu, 23 May 2019 18:59:52 GMT"
        ],
        "Content-Length": [
          "876"
        ],
        "Content-Type": [
          "application/json; charset=utf-8"
        ],
        "Expires": [
          "-1"
        ]
      },
      "ResponseBody": "{\r\n  \"properties\": {\r\n    \"topic\": \"/subscriptions/5b4b650e-28b9-4790-b3ab-ddbd88d727c4/resourceGroups/rgname-ps7776/providers/microsoft.eventgrid/domains/pstestdomain-ps388/topics/pstestdomaintopic-ps3299\",\r\n    \"provisioningState\": \"Succeeded\",\r\n    \"destination\": {\r\n      \"properties\": {\r\n        \"endpointUrl\": null,\r\n        \"endpointBaseUrl\": \"https://devexpfuncappdestination.azurewebsites.net/runtime/webhooks/EventGrid\"\r\n      },\r\n      \"endpointType\": \"WebHook\"\r\n    },\r\n    \"filter\": {\r\n      \"subjectBeginsWith\": \"\",\r\n      \"subjectEndsWith\": \"\"\r\n    },\r\n    \"labels\": null,\r\n    \"retryPolicy\": {\r\n      \"maxDeliveryAttempts\": 30,\r\n      \"eventTimeToLiveInMinutes\": 1440\r\n    }\r\n  },\r\n  \"id\": \"/subscriptions/5b4b650e-28b9-4790-b3ab-ddbd88d727c4/resourceGroups/RGName-ps7776/providers/Microsoft.EventGrid/domains/PSTestDomain-ps388/topics/PSTestDomainTopic-ps3299/providers/Microsoft.EventGrid/eventSubscriptions/EventSubscription-ps5260\",\r\n  \"name\": \"EventSubscription-ps5260\",\r\n  \"type\": \"Microsoft.EventGrid/eventSubscriptions\"\r\n}",
      "StatusCode": 200
    },
    {
      "RequestUri": "/subscriptions/5b4b650e-28b9-4790-b3ab-ddbd88d727c4/resourceGroups/RGName-ps7776/providers/Microsoft.EventGrid/domains/PSTestDomain-ps388/topics/PSTestDomainTopic-ps3299?api-version=2019-06-01",
      "EncodedRequestUri": "L3N1YnNjcmlwdGlvbnMvNWI0YjY1MGUtMjhiOS00NzkwLWIzYWItZGRiZDg4ZDcyN2M0L3Jlc291cmNlR3JvdXBzL1JHTmFtZS1wczc3NzYvcHJvdmlkZXJzL01pY3Jvc29mdC5FdmVudEdyaWQvZG9tYWlucy9QU1Rlc3REb21haW4tcHMzODgvdG9waWNzL1BTVGVzdERvbWFpblRvcGljLXBzMzI5OT9hcGktdmVyc2lvbj0yMDE5LTA2LTAx",
      "RequestMethod": "GET",
      "RequestBody": "",
      "RequestHeaders": {
        "x-ms-client-request-id": [
          "3de89623-0aab-4f4d-b086-788394a63dda"
        ],
        "Accept-Language": [
          "en-US"
        ],
        "User-Agent": [
          "FxVersion/4.6.27617.04",
          "OSName/Windows",
          "OSVersion/Microsoft.Windows.10.0.18362.",
          "Microsoft.Azure.Management.EventGrid.EventGridManagementClient/5.0.0.0"
        ]
      },
      "ResponseHeaders": {
        "Cache-Control": [
          "no-cache"
        ],
        "Pragma": [
          "no-cache"
        ],
        "Strict-Transport-Security": [
          "max-age=31536000; includeSubDomains"
        ],
        "x-ms-request-id": [
          "3b071a7f-1cf0-4faf-be17-abf29686e0ce"
        ],
        "Server": [
          "Microsoft-HTTPAPI/2.0"
        ],
        "x-ms-ratelimit-remaining-subscription-reads": [
          "11992"
        ],
        "x-ms-correlation-request-id": [
          "09416dd1-6afd-4d35-a51b-e0e831cccc79"
        ],
        "x-ms-routing-request-id": [
          "CENTRALUS:20190523T185952Z:09416dd1-6afd-4d35-a51b-e0e831cccc79"
        ],
        "X-Content-Type-Options": [
          "nosniff"
        ],
        "Date": [
          "Thu, 23 May 2019 18:59:52 GMT"
        ],
        "Content-Length": [
          "303"
        ],
        "Content-Type": [
          "application/json; charset=utf-8"
        ],
        "Expires": [
          "-1"
        ]
      },
      "ResponseBody": "{\r\n  \"properties\": {\r\n    \"provisioningState\": \"Succeeded\"\r\n  },\r\n  \"id\": \"/subscriptions/5b4b650e-28b9-4790-b3ab-ddbd88d727c4/resourceGroups/rgname-ps7776/providers/Microsoft.EventGrid/domains/pstestdomain-ps388/topics/pstestdomaintopic-ps3299\",\r\n  \"name\": \"pstestdomaintopic-ps3299\",\r\n  \"type\": \"Microsoft.EventGrid/domains/topics\"\r\n}",
      "StatusCode": 200
    },
    {
      "RequestUri": "/subscriptions/5b4b650e-28b9-4790-b3ab-ddbd88d727c4/resourceGroups/RGName-ps7776/providers/Microsoft.EventGrid/domains/PSTestDomain-ps388/topics/PSTestDomainTopic-ps3299?api-version=2019-06-01",
      "EncodedRequestUri": "L3N1YnNjcmlwdGlvbnMvNWI0YjY1MGUtMjhiOS00NzkwLWIzYWItZGRiZDg4ZDcyN2M0L3Jlc291cmNlR3JvdXBzL1JHTmFtZS1wczc3NzYvcHJvdmlkZXJzL01pY3Jvc29mdC5FdmVudEdyaWQvZG9tYWlucy9QU1Rlc3REb21haW4tcHMzODgvdG9waWNzL1BTVGVzdERvbWFpblRvcGljLXBzMzI5OT9hcGktdmVyc2lvbj0yMDE5LTA2LTAx",
      "RequestMethod": "GET",
      "RequestBody": "",
      "RequestHeaders": {
        "x-ms-client-request-id": [
          "d4178fbc-56b1-4a9c-bced-94f51f8cc23f"
        ],
        "Accept-Language": [
          "en-US"
        ],
        "User-Agent": [
          "FxVersion/4.6.27617.04",
          "OSName/Windows",
          "OSVersion/Microsoft.Windows.10.0.18362.",
          "Microsoft.Azure.Management.EventGrid.EventGridManagementClient/5.0.0.0"
        ]
      },
      "ResponseHeaders": {
        "Cache-Control": [
          "no-cache"
        ],
        "Pragma": [
          "no-cache"
        ],
        "Strict-Transport-Security": [
          "max-age=31536000; includeSubDomains"
        ],
        "x-ms-request-id": [
          "0e29f2d4-816f-4494-bb5b-12670b384fe2"
        ],
        "Server": [
          "Microsoft-HTTPAPI/2.0"
        ],
        "x-ms-ratelimit-remaining-subscription-reads": [
          "11974"
        ],
        "x-ms-correlation-request-id": [
          "1d8f8eae-627e-4dab-8384-6b7ac61ca155"
        ],
        "x-ms-routing-request-id": [
          "CENTRALUS:20190523T190046Z:1d8f8eae-627e-4dab-8384-6b7ac61ca155"
        ],
        "X-Content-Type-Options": [
          "nosniff"
        ],
        "Date": [
          "Thu, 23 May 2019 19:00:46 GMT"
        ],
        "Content-Length": [
          "303"
        ],
        "Content-Type": [
          "application/json; charset=utf-8"
        ],
        "Expires": [
          "-1"
        ]
      },
      "ResponseBody": "{\r\n  \"properties\": {\r\n    \"provisioningState\": \"Succeeded\"\r\n  },\r\n  \"id\": \"/subscriptions/5b4b650e-28b9-4790-b3ab-ddbd88d727c4/resourceGroups/rgname-ps7776/providers/Microsoft.EventGrid/domains/pstestdomain-ps388/topics/pstestdomaintopic-ps3299\",\r\n  \"name\": \"pstestdomaintopic-ps3299\",\r\n  \"type\": \"Microsoft.EventGrid/domains/topics\"\r\n}",
      "StatusCode": 200
    },
    {
      "RequestUri": "/subscriptions/5b4b650e-28b9-4790-b3ab-ddbd88d727c4/resourceGroups/RGName-ps7776/providers/Microsoft.EventGrid/domains/PSTestDomain-ps388/topics/PSTestDomainTopic-ps3299?api-version=2019-06-01",
      "EncodedRequestUri": "L3N1YnNjcmlwdGlvbnMvNWI0YjY1MGUtMjhiOS00NzkwLWIzYWItZGRiZDg4ZDcyN2M0L3Jlc291cmNlR3JvdXBzL1JHTmFtZS1wczc3NzYvcHJvdmlkZXJzL01pY3Jvc29mdC5FdmVudEdyaWQvZG9tYWlucy9QU1Rlc3REb21haW4tcHMzODgvdG9waWNzL1BTVGVzdERvbWFpblRvcGljLXBzMzI5OT9hcGktdmVyc2lvbj0yMDE5LTA2LTAx",
      "RequestMethod": "GET",
      "RequestBody": "",
      "RequestHeaders": {
        "x-ms-client-request-id": [
          "15ee7797-c1d6-4376-9745-ece9130de046"
        ],
        "Accept-Language": [
          "en-US"
        ],
        "User-Agent": [
          "FxVersion/4.6.27617.04",
          "OSName/Windows",
          "OSVersion/Microsoft.Windows.10.0.18362.",
          "Microsoft.Azure.Management.EventGrid.EventGridManagementClient/5.0.0.0"
        ]
      },
      "ResponseHeaders": {
        "Cache-Control": [
          "no-cache"
        ],
        "Pragma": [
          "no-cache"
        ],
        "Strict-Transport-Security": [
          "max-age=31536000; includeSubDomains"
        ],
        "x-ms-request-id": [
          "6d8bdbf3-e83a-4176-a46c-5e36fe50d45f"
        ],
        "Server": [
          "Microsoft-HTTPAPI/2.0"
        ],
        "x-ms-ratelimit-remaining-subscription-reads": [
          "11968"
        ],
        "x-ms-correlation-request-id": [
          "a59a63be-a604-4938-8070-8cfc9f75e2d5"
        ],
        "x-ms-routing-request-id": [
          "CENTRALUS:20190523T190107Z:a59a63be-a604-4938-8070-8cfc9f75e2d5"
        ],
        "X-Content-Type-Options": [
          "nosniff"
        ],
        "Date": [
          "Thu, 23 May 2019 19:01:07 GMT"
        ],
        "Content-Length": [
          "303"
        ],
        "Content-Type": [
          "application/json; charset=utf-8"
        ],
        "Expires": [
          "-1"
        ]
      },
      "ResponseBody": "{\r\n  \"properties\": {\r\n    \"provisioningState\": \"Succeeded\"\r\n  },\r\n  \"id\": \"/subscriptions/5b4b650e-28b9-4790-b3ab-ddbd88d727c4/resourceGroups/rgname-ps7776/providers/Microsoft.EventGrid/domains/pstestdomain-ps388/topics/pstestdomaintopic-ps3299\",\r\n  \"name\": \"pstestdomaintopic-ps3299\",\r\n  \"type\": \"Microsoft.EventGrid/domains/topics\"\r\n}",
      "StatusCode": 200
    },
    {
      "RequestUri": "/subscriptions/5b4b650e-28b9-4790-b3ab-ddbd88d727c4/resourceGroups/RGName-ps7776/providers/Microsoft.EventGrid/domains/PSTestDomain-ps388/topics/PSTestDomainTopic-ps3299?api-version=2019-06-01",
      "EncodedRequestUri": "L3N1YnNjcmlwdGlvbnMvNWI0YjY1MGUtMjhiOS00NzkwLWIzYWItZGRiZDg4ZDcyN2M0L3Jlc291cmNlR3JvdXBzL1JHTmFtZS1wczc3NzYvcHJvdmlkZXJzL01pY3Jvc29mdC5FdmVudEdyaWQvZG9tYWlucy9QU1Rlc3REb21haW4tcHMzODgvdG9waWNzL1BTVGVzdERvbWFpblRvcGljLXBzMzI5OT9hcGktdmVyc2lvbj0yMDE5LTA2LTAx",
      "RequestMethod": "GET",
      "RequestBody": "",
      "RequestHeaders": {
        "x-ms-client-request-id": [
          "9988d7ac-45d5-4896-bcfd-cf4ad38bb869"
        ],
        "Accept-Language": [
          "en-US"
        ],
        "User-Agent": [
          "FxVersion/4.6.27617.04",
          "OSName/Windows",
          "OSVersion/Microsoft.Windows.10.0.18362.",
          "Microsoft.Azure.Management.EventGrid.EventGridManagementClient/5.0.0.0"
        ]
      },
      "ResponseHeaders": {
        "Cache-Control": [
          "no-cache"
        ],
        "Pragma": [
          "no-cache"
        ],
        "Strict-Transport-Security": [
          "max-age=31536000; includeSubDomains"
        ],
        "x-ms-request-id": [
          "9a2533a7-e62d-4e5d-a65f-9a839e5658de"
        ],
        "Server": [
          "Microsoft-HTTPAPI/2.0"
        ],
        "x-ms-ratelimit-remaining-subscription-reads": [
          "11966"
        ],
        "x-ms-correlation-request-id": [
          "f2715721-74bb-491c-a8ee-83d619dcb3d2"
        ],
        "x-ms-routing-request-id": [
          "CENTRALUS:20190523T190108Z:f2715721-74bb-491c-a8ee-83d619dcb3d2"
        ],
        "X-Content-Type-Options": [
          "nosniff"
        ],
        "Date": [
          "Thu, 23 May 2019 19:01:07 GMT"
        ],
        "Content-Length": [
          "303"
        ],
        "Content-Type": [
          "application/json; charset=utf-8"
        ],
        "Expires": [
          "-1"
        ]
      },
      "ResponseBody": "{\r\n  \"properties\": {\r\n    \"provisioningState\": \"Succeeded\"\r\n  },\r\n  \"id\": \"/subscriptions/5b4b650e-28b9-4790-b3ab-ddbd88d727c4/resourceGroups/rgname-ps7776/providers/Microsoft.EventGrid/domains/pstestdomain-ps388/topics/pstestdomaintopic-ps3299\",\r\n  \"name\": \"pstestdomaintopic-ps3299\",\r\n  \"type\": \"Microsoft.EventGrid/domains/topics\"\r\n}",
      "StatusCode": 200
    },
    {
      "RequestUri": "/subscriptions/5b4b650e-28b9-4790-b3ab-ddbd88d727c4/resourceGroups/RGName-ps7776/providers/Microsoft.EventGrid/domains/PSTestDomain-ps388/topics/PSTestDomainTopic-ps3299?api-version=2019-06-01",
      "EncodedRequestUri": "L3N1YnNjcmlwdGlvbnMvNWI0YjY1MGUtMjhiOS00NzkwLWIzYWItZGRiZDg4ZDcyN2M0L3Jlc291cmNlR3JvdXBzL1JHTmFtZS1wczc3NzYvcHJvdmlkZXJzL01pY3Jvc29mdC5FdmVudEdyaWQvZG9tYWlucy9QU1Rlc3REb21haW4tcHMzODgvdG9waWNzL1BTVGVzdERvbWFpblRvcGljLXBzMzI5OT9hcGktdmVyc2lvbj0yMDE5LTA2LTAx",
      "RequestMethod": "GET",
      "RequestBody": "",
      "RequestHeaders": {
        "x-ms-client-request-id": [
          "cfdf393c-ff00-4cbb-98a5-ae895a9fa489"
        ],
        "Accept-Language": [
          "en-US"
        ],
        "User-Agent": [
          "FxVersion/4.6.27617.04",
          "OSName/Windows",
          "OSVersion/Microsoft.Windows.10.0.18362.",
          "Microsoft.Azure.Management.EventGrid.EventGridManagementClient/5.0.0.0"
        ]
      },
      "ResponseHeaders": {
        "Cache-Control": [
          "no-cache"
        ],
        "Pragma": [
          "no-cache"
        ],
        "Strict-Transport-Security": [
          "max-age=31536000; includeSubDomains"
        ],
        "x-ms-request-id": [
          "56de2a69-2dda-41d5-b894-7f1cb7a76330"
        ],
        "Server": [
          "Microsoft-HTTPAPI/2.0"
        ],
        "x-ms-ratelimit-remaining-subscription-reads": [
          "11961"
        ],
        "x-ms-correlation-request-id": [
          "cac57bbf-2e0c-4167-8c78-9d59f34b3ef3"
        ],
        "x-ms-routing-request-id": [
          "CENTRALUS:20190523T190129Z:cac57bbf-2e0c-4167-8c78-9d59f34b3ef3"
        ],
        "X-Content-Type-Options": [
          "nosniff"
        ],
        "Date": [
          "Thu, 23 May 2019 19:01:28 GMT"
        ],
        "Content-Length": [
          "50"
        ],
        "Content-Type": [
          "application/json; charset=utf-8"
        ],
        "Expires": [
          "-1"
        ]
      },
      "ResponseBody": "{\r\n  \"error\": {\r\n    \"code\": \"ResourceNotFound\",\r\n    \"message\": \"\"\r\n  }\r\n}",
      "StatusCode": 404
    },
    {
      "RequestUri": "//subscriptions/5b4b650e-28b9-4790-b3ab-ddbd88d727c4/resourceGroups/rgname-ps7776/providers/Microsoft.EventGrid/domains/pstestdomain-ps388/topics/pstestdomaintopic-ps3299/providers/Microsoft.EventGrid/eventSubscriptions/EventSubscription-ps4460?api-version=2019-06-01",
      "EncodedRequestUri": "Ly9zdWJzY3JpcHRpb25zLzViNGI2NTBlLTI4YjktNDc5MC1iM2FiLWRkYmQ4OGQ3MjdjNC9yZXNvdXJjZUdyb3Vwcy9yZ25hbWUtcHM3Nzc2L3Byb3ZpZGVycy9NaWNyb3NvZnQuRXZlbnRHcmlkL2RvbWFpbnMvcHN0ZXN0ZG9tYWluLXBzMzg4L3RvcGljcy9wc3Rlc3Rkb21haW50b3BpYy1wczMyOTkvcHJvdmlkZXJzL01pY3Jvc29mdC5FdmVudEdyaWQvZXZlbnRTdWJzY3JpcHRpb25zL0V2ZW50U3Vic2NyaXB0aW9uLXBzNDQ2MD9hcGktdmVyc2lvbj0yMDE5LTA2LTAx",
      "RequestMethod": "PUT",
      "RequestBody": "{\r\n  \"properties\": {\r\n    \"destination\": {\r\n      \"endpointType\": \"WebHook\",\r\n      \"properties\": {\r\n        \"endpointUrl\": \"https://devexpfuncappdestination.azurewebsites.net/runtime/webhooks/EventGrid?functionName=EventGridTrigger1&code=<HIDDEN>\"\r\n      }\r\n    },\r\n    \"filter\": {\r\n      \"isSubjectCaseSensitive\": false\r\n    }\r\n  }\r\n}",
      "RequestHeaders": {
        "x-ms-client-request-id": [
          "b4ed89a7-1c60-4719-a882-b8444fd7d0bb"
        ],
        "Accept-Language": [
          "en-US"
        ],
        "User-Agent": [
          "FxVersion/4.6.27617.04",
          "OSName/Windows",
          "OSVersion/Microsoft.Windows.10.0.18362.",
          "Microsoft.Azure.Management.EventGrid.EventGridManagementClient/5.0.0.0"
        ],
        "Content-Type": [
          "application/json; charset=utf-8"
        ],
        "Content-Length": [
          "384"
        ]
      },
      "ResponseHeaders": {
        "Cache-Control": [
          "no-cache"
        ],
        "Pragma": [
          "no-cache"
        ],
        "Retry-After": [
          "10"
        ],
        "Strict-Transport-Security": [
          "max-age=31536000; includeSubDomains"
        ],
        "Azure-AsyncOperation": [
          "https://management.azure.com:443/subscriptions/5b4b650e-28b9-4790-b3ab-ddbd88d727c4/providers/Microsoft.EventGrid/locations/centraluseuap/operationsStatus/472143D6-B659-49BB-BCA0-5E4841AAF5B1?api-version=2019-06-01"
        ],
        "x-ms-request-id": [
          "aa34bb2b-c354-4e37-ab3f-e15b97df733d"
        ],
        "Server": [
          "Microsoft-HTTPAPI/2.0"
        ],
        "x-ms-ratelimit-remaining-subscription-writes": [
          "1196"
        ],
        "x-ms-correlation-request-id": [
          "19a74dee-d170-457e-95df-f522cf30c57a"
        ],
        "x-ms-routing-request-id": [
          "CENTRALUS:20190523T185953Z:19a74dee-d170-457e-95df-f522cf30c57a"
        ],
        "X-Content-Type-Options": [
          "nosniff"
        ],
        "Date": [
          "Thu, 23 May 2019 18:59:53 GMT"
        ],
        "Content-Length": [
          "759"
        ],
        "Content-Type": [
          "application/json; charset=utf-8"
        ],
        "Expires": [
          "-1"
        ]
      },
      "ResponseBody": "{\r\n  \"properties\": {\r\n    \"topic\": \"/subscriptions/5b4b650e-28b9-4790-b3ab-ddbd88d727c4/resourceGroups/rgname-ps7776/providers/microsoft.eventgrid/domains/pstestdomain-ps388/topics/pstestdomaintopic-ps3299\",\r\n    \"provisioningState\": \"Creating\",\r\n    \"destination\": {\r\n      \"properties\": {\r\n        \"endpointUrl\": null,\r\n        \"endpointBaseUrl\": \"https://devexpfuncappdestination.azurewebsites.net/runtime/webhooks/EventGrid\"\r\n      },\r\n      \"endpointType\": \"WebHook\"\r\n    },\r\n    \"filter\": {},\r\n    \"labels\": null\r\n  },\r\n  \"id\": \"/subscriptions/5b4b650e-28b9-4790-b3ab-ddbd88d727c4/resourceGroups/rgname-ps7776/providers/Microsoft.EventGrid/domains/pstestdomain-ps388/topics/pstestdomaintopic-ps3299/providers/Microsoft.EventGrid/eventSubscriptions/EventSubscription-ps4460\",\r\n  \"name\": \"EventSubscription-ps4460\",\r\n  \"type\": \"Microsoft.EventGrid/eventSubscriptions\"\r\n}",
      "StatusCode": 201
    },
    {
      "RequestUri": "/subscriptions/5b4b650e-28b9-4790-b3ab-ddbd88d727c4/providers/Microsoft.EventGrid/locations/centraluseuap/operationsStatus/472143D6-B659-49BB-BCA0-5E4841AAF5B1?api-version=2019-06-01",
      "EncodedRequestUri": "L3N1YnNjcmlwdGlvbnMvNWI0YjY1MGUtMjhiOS00NzkwLWIzYWItZGRiZDg4ZDcyN2M0L3Byb3ZpZGVycy9NaWNyb3NvZnQuRXZlbnRHcmlkL2xvY2F0aW9ucy9jZW50cmFsdXNldWFwL29wZXJhdGlvbnNTdGF0dXMvNDcyMTQzRDYtQjY1OS00OUJCLUJDQTAtNUU0ODQxQUFGNUIxP2FwaS12ZXJzaW9uPTIwMTktMDYtMDE=",
      "RequestMethod": "GET",
      "RequestBody": "",
      "RequestHeaders": {
        "User-Agent": [
          "FxVersion/4.6.27617.04",
          "OSName/Windows",
          "OSVersion/Microsoft.Windows.10.0.18362.",
          "Microsoft.Azure.Management.EventGrid.EventGridManagementClient/5.0.0.0"
        ]
      },
      "ResponseHeaders": {
        "Cache-Control": [
          "no-cache"
        ],
        "Pragma": [
          "no-cache"
        ],
        "Strict-Transport-Security": [
          "max-age=31536000; includeSubDomains"
        ],
        "x-ms-request-id": [
          "0861c1a7-b9c0-4394-b338-ed7708849ffe"
        ],
        "Server": [
          "Microsoft-HTTPAPI/2.0"
        ],
        "x-ms-ratelimit-remaining-subscription-reads": [
          "11991"
        ],
        "x-ms-correlation-request-id": [
          "7d767440-b641-495d-aae5-5bab15eaa67e"
        ],
        "x-ms-routing-request-id": [
          "CENTRALUS:20190523T190003Z:7d767440-b641-495d-aae5-5bab15eaa67e"
        ],
        "X-Content-Type-Options": [
          "nosniff"
        ],
        "Date": [
          "Thu, 23 May 2019 19:00:02 GMT"
        ],
        "Content-Length": [
          "286"
        ],
        "Content-Type": [
          "application/json; charset=utf-8"
        ],
        "Expires": [
          "-1"
        ]
      },
      "ResponseBody": "{\r\n  \"id\": \"https://management.azure.com/subscriptions/5b4b650e-28b9-4790-b3ab-ddbd88d727c4/providers/Microsoft.EventGrid/locations/centraluseuap/operationsStatus/472143D6-B659-49BB-BCA0-5E4841AAF5B1?api-version=2019-06-01\",\r\n  \"name\": \"472143d6-b659-49bb-bca0-5e4841aaf5b1\",\r\n  \"status\": \"Succeeded\"\r\n}",
      "StatusCode": 200
    },
    {
      "RequestUri": "//subscriptions/5b4b650e-28b9-4790-b3ab-ddbd88d727c4/resourceGroups/rgname-ps7776/providers/Microsoft.EventGrid/domains/pstestdomain-ps388/topics/pstestdomaintopic-ps3299/providers/Microsoft.EventGrid/eventSubscriptions/EventSubscription-ps4460?api-version=2019-06-01",
      "EncodedRequestUri": "Ly9zdWJzY3JpcHRpb25zLzViNGI2NTBlLTI4YjktNDc5MC1iM2FiLWRkYmQ4OGQ3MjdjNC9yZXNvdXJjZUdyb3Vwcy9yZ25hbWUtcHM3Nzc2L3Byb3ZpZGVycy9NaWNyb3NvZnQuRXZlbnRHcmlkL2RvbWFpbnMvcHN0ZXN0ZG9tYWluLXBzMzg4L3RvcGljcy9wc3Rlc3Rkb21haW50b3BpYy1wczMyOTkvcHJvdmlkZXJzL01pY3Jvc29mdC5FdmVudEdyaWQvZXZlbnRTdWJzY3JpcHRpb25zL0V2ZW50U3Vic2NyaXB0aW9uLXBzNDQ2MD9hcGktdmVyc2lvbj0yMDE5LTA2LTAx",
      "RequestMethod": "GET",
      "RequestBody": "",
      "RequestHeaders": {
        "User-Agent": [
          "FxVersion/4.6.27617.04",
          "OSName/Windows",
          "OSVersion/Microsoft.Windows.10.0.18362.",
          "Microsoft.Azure.Management.EventGrid.EventGridManagementClient/5.0.0.0"
        ]
      },
      "ResponseHeaders": {
        "Cache-Control": [
          "no-cache"
        ],
        "Pragma": [
          "no-cache"
        ],
        "Strict-Transport-Security": [
          "max-age=31536000; includeSubDomains"
        ],
        "x-ms-request-id": [
          "fd8dc34c-e9f3-488b-8359-9f7b7b265c5e"
        ],
        "Server": [
          "Microsoft-HTTPAPI/2.0"
        ],
        "x-ms-ratelimit-remaining-subscription-reads": [
          "11990"
        ],
        "x-ms-correlation-request-id": [
          "624639b5-7376-419c-9833-7fcb34335065"
        ],
        "x-ms-routing-request-id": [
          "CENTRALUS:20190523T190003Z:624639b5-7376-419c-9833-7fcb34335065"
        ],
        "X-Content-Type-Options": [
          "nosniff"
        ],
        "Date": [
          "Thu, 23 May 2019 19:00:02 GMT"
        ],
        "Content-Length": [
          "876"
        ],
        "Content-Type": [
          "application/json; charset=utf-8"
        ],
        "Expires": [
          "-1"
        ]
      },
      "ResponseBody": "{\r\n  \"properties\": {\r\n    \"topic\": \"/subscriptions/5b4b650e-28b9-4790-b3ab-ddbd88d727c4/resourceGroups/rgname-ps7776/providers/microsoft.eventgrid/domains/pstestdomain-ps388/topics/pstestdomaintopic-ps3299\",\r\n    \"provisioningState\": \"Succeeded\",\r\n    \"destination\": {\r\n      \"properties\": {\r\n        \"endpointUrl\": null,\r\n        \"endpointBaseUrl\": \"https://devexpfuncappdestination.azurewebsites.net/runtime/webhooks/EventGrid\"\r\n      },\r\n      \"endpointType\": \"WebHook\"\r\n    },\r\n    \"filter\": {\r\n      \"subjectBeginsWith\": \"\",\r\n      \"subjectEndsWith\": \"\"\r\n    },\r\n    \"labels\": null,\r\n    \"retryPolicy\": {\r\n      \"maxDeliveryAttempts\": 30,\r\n      \"eventTimeToLiveInMinutes\": 1440\r\n    }\r\n  },\r\n  \"id\": \"/subscriptions/5b4b650e-28b9-4790-b3ab-ddbd88d727c4/resourceGroups/rgname-ps7776/providers/Microsoft.EventGrid/domains/pstestdomain-ps388/topics/pstestdomaintopic-ps3299/providers/Microsoft.EventGrid/eventSubscriptions/EventSubscription-ps4460\",\r\n  \"name\": \"EventSubscription-ps4460\",\r\n  \"type\": \"Microsoft.EventGrid/eventSubscriptions\"\r\n}",
      "StatusCode": 200
    },
    {
      "RequestUri": "//subscriptions/5b4b650e-28b9-4790-b3ab-ddbd88d727c4/resourceGroups/RGName-ps7776/providers/Microsoft.EventGrid/domains/PSTestDomain-ps388/topics/PSTestDomainTopic-ps3299/providers/Microsoft.EventGrid/eventSubscriptions/EventSubscription-ps9713?api-version=2019-06-01",
      "EncodedRequestUri": "Ly9zdWJzY3JpcHRpb25zLzViNGI2NTBlLTI4YjktNDc5MC1iM2FiLWRkYmQ4OGQ3MjdjNC9yZXNvdXJjZUdyb3Vwcy9SR05hbWUtcHM3Nzc2L3Byb3ZpZGVycy9NaWNyb3NvZnQuRXZlbnRHcmlkL2RvbWFpbnMvUFNUZXN0RG9tYWluLXBzMzg4L3RvcGljcy9QU1Rlc3REb21haW5Ub3BpYy1wczMyOTkvcHJvdmlkZXJzL01pY3Jvc29mdC5FdmVudEdyaWQvZXZlbnRTdWJzY3JpcHRpb25zL0V2ZW50U3Vic2NyaXB0aW9uLXBzOTcxMz9hcGktdmVyc2lvbj0yMDE5LTA2LTAx",
      "RequestMethod": "PUT",
      "RequestBody": "{\r\n  \"properties\": {\r\n    \"destination\": {\r\n      \"endpointType\": \"WebHook\",\r\n      \"properties\": {\r\n        \"endpointUrl\": \"https://devexpfuncappdestination.azurewebsites.net/runtime/webhooks/EventGrid?functionName=EventGridTrigger1&code=<HIDDEN>\"\r\n      }\r\n    },\r\n    \"filter\": {\r\n      \"subjectBeginsWith\": \"Text1\",\r\n      \"subjectEndsWith\": \"text2\",\r\n      \"isSubjectCaseSensitive\": false,\r\n      \"advancedFilters\": [\r\n        {\r\n          \"operatorType\": \"NumberIn\",\r\n          \"values\": [\r\n            1.0,\r\n            2.0\r\n          ],\r\n          \"key\": \"Data.Key1\"\r\n        },\r\n        {\r\n          \"operatorType\": \"StringBeginsWith\",\r\n          \"values\": [\r\n            \"vv\",\r\n            \"xx\"\r\n          ],\r\n          \"key\": \"Subject\"\r\n        },\r\n        {\r\n          \"operatorType\": \"NumberLessThan\",\r\n          \"value\": 5.12,\r\n          \"key\": \"Data.Key12\"\r\n        },\r\n        {\r\n          \"operatorType\": \"BoolEquals\",\r\n          \"value\": false,\r\n          \"key\": \"Data.Key6\"\r\n        }\r\n      ]\r\n    },\r\n    \"expirationTimeUtc\": \"2019-05-25T19:00:03.2776796Z\",\r\n    \"retryPolicy\": {\r\n      \"maxDeliveryAttempts\": 20,\r\n      \"eventTimeToLiveInMinutes\": 50\r\n    }\r\n  }\r\n}",
      "RequestHeaders": {
        "x-ms-client-request-id": [
          "ea189085-04a1-4acb-9f05-5b38e5c731b9"
        ],
        "Accept-Language": [
          "en-US"
        ],
        "User-Agent": [
          "FxVersion/4.6.27617.04",
          "OSName/Windows",
          "OSVersion/Microsoft.Windows.10.0.18362.",
          "Microsoft.Azure.Management.EventGrid.EventGridManagementClient/5.0.0.0"
        ],
        "Content-Type": [
          "application/json; charset=utf-8"
        ],
        "Content-Length": [
          "1235"
        ]
      },
      "ResponseHeaders": {
        "Cache-Control": [
          "no-cache"
        ],
        "Pragma": [
          "no-cache"
        ],
        "Retry-After": [
          "10"
        ],
        "Strict-Transport-Security": [
          "max-age=31536000; includeSubDomains"
        ],
        "Azure-AsyncOperation": [
          "https://management.azure.com:443/subscriptions/5b4b650e-28b9-4790-b3ab-ddbd88d727c4/providers/Microsoft.EventGrid/locations/centraluseuap/operationsStatus/875CE50A-F645-40FE-B94B-62E58BAB58EE?api-version=2019-06-01"
        ],
        "x-ms-request-id": [
          "d3478bd0-ee1c-4123-92aa-dc2d70eb7bdd"
        ],
        "Server": [
          "Microsoft-HTTPAPI/2.0"
        ],
        "x-ms-ratelimit-remaining-subscription-writes": [
          "1195"
        ],
        "x-ms-correlation-request-id": [
          "08a0ce2e-5e30-4977-9f84-567a68181728"
        ],
        "x-ms-routing-request-id": [
          "CENTRALUS:20190523T190003Z:08a0ce2e-5e30-4977-9f84-567a68181728"
        ],
        "X-Content-Type-Options": [
          "nosniff"
        ],
        "Date": [
          "Thu, 23 May 2019 19:00:03 GMT"
        ],
        "Content-Length": [
          "1220"
        ],
        "Content-Type": [
          "application/json; charset=utf-8"
        ],
        "Expires": [
          "-1"
        ]
      },
      "ResponseBody": "{\r\n  \"properties\": {\r\n    \"topic\": \"/subscriptions/5b4b650e-28b9-4790-b3ab-ddbd88d727c4/resourceGroups/rgname-ps7776/providers/microsoft.eventgrid/domains/pstestdomain-ps388/topics/pstestdomaintopic-ps3299\",\r\n    \"provisioningState\": \"Creating\",\r\n    \"destination\": {\r\n      \"properties\": {\r\n        \"endpointUrl\": null,\r\n        \"endpointBaseUrl\": \"https://devexpfuncappdestination.azurewebsites.net/runtime/webhooks/EventGrid\"\r\n      },\r\n      \"endpointType\": \"WebHook\"\r\n    },\r\n    \"filter\": {\r\n      \"subjectBeginsWith\": \"Text1\",\r\n      \"subjectEndsWith\": \"text2\",\r\n      \"advancedFilters\": [\r\n        {\r\n          \"values\": [\r\n            1.0,\r\n            2.0\r\n          ],\r\n          \"operatorType\": \"NumberIn\",\r\n          \"key\": \"Data.Key1\"\r\n        },\r\n        {\r\n          \"values\": [\r\n            \"vv\",\r\n            \"xx\"\r\n          ],\r\n          \"operatorType\": \"StringBeginsWith\",\r\n          \"key\": \"Subject\"\r\n        },\r\n        {\r\n          \"value\": 5.12,\r\n          \"operatorType\": \"NumberLessThan\",\r\n          \"key\": \"Data.Key12\"\r\n        },\r\n        {\r\n          \"value\": false,\r\n          \"operatorType\": \"BoolEquals\",\r\n          \"key\": \"Data.Key6\"\r\n        }\r\n      ]\r\n    },\r\n    \"labels\": null,\r\n    \"expirationTimeUtc\": \"2019-05-25T19:00:03.2776796Z\",\r\n    \"retryPolicy\": {\r\n      \"maxDeliveryAttempts\": 20,\r\n      \"eventTimeToLiveInMinutes\": 50\r\n    }\r\n  },\r\n  \"id\": \"/subscriptions/5b4b650e-28b9-4790-b3ab-ddbd88d727c4/resourceGroups/RGName-ps7776/providers/Microsoft.EventGrid/domains/PSTestDomain-ps388/topics/PSTestDomainTopic-ps3299/providers/Microsoft.EventGrid/eventSubscriptions/EventSubscription-ps9713\",\r\n  \"name\": \"EventSubscription-ps9713\",\r\n  \"type\": \"Microsoft.EventGrid/eventSubscriptions\"\r\n}",
      "StatusCode": 201
    },
    {
      "RequestUri": "/subscriptions/5b4b650e-28b9-4790-b3ab-ddbd88d727c4/providers/Microsoft.EventGrid/locations/centraluseuap/operationsStatus/875CE50A-F645-40FE-B94B-62E58BAB58EE?api-version=2019-06-01",
      "EncodedRequestUri": "L3N1YnNjcmlwdGlvbnMvNWI0YjY1MGUtMjhiOS00NzkwLWIzYWItZGRiZDg4ZDcyN2M0L3Byb3ZpZGVycy9NaWNyb3NvZnQuRXZlbnRHcmlkL2xvY2F0aW9ucy9jZW50cmFsdXNldWFwL29wZXJhdGlvbnNTdGF0dXMvODc1Q0U1MEEtRjY0NS00MEZFLUI5NEItNjJFNThCQUI1OEVFP2FwaS12ZXJzaW9uPTIwMTktMDYtMDE=",
      "RequestMethod": "GET",
      "RequestBody": "",
      "RequestHeaders": {
        "User-Agent": [
          "FxVersion/4.6.27617.04",
          "OSName/Windows",
          "OSVersion/Microsoft.Windows.10.0.18362.",
          "Microsoft.Azure.Management.EventGrid.EventGridManagementClient/5.0.0.0"
        ]
      },
      "ResponseHeaders": {
        "Cache-Control": [
          "no-cache"
        ],
        "Pragma": [
          "no-cache"
        ],
        "Strict-Transport-Security": [
          "max-age=31536000; includeSubDomains"
        ],
        "x-ms-request-id": [
          "f90e256d-7015-4cc4-8b36-7c470dc27278"
        ],
        "Server": [
          "Microsoft-HTTPAPI/2.0"
        ],
        "x-ms-ratelimit-remaining-subscription-reads": [
          "11989"
        ],
        "x-ms-correlation-request-id": [
          "83284604-a3f9-4882-80b6-8d4a1b04d9eb"
        ],
        "x-ms-routing-request-id": [
          "CENTRALUS:20190523T190013Z:83284604-a3f9-4882-80b6-8d4a1b04d9eb"
        ],
        "X-Content-Type-Options": [
          "nosniff"
        ],
        "Date": [
          "Thu, 23 May 2019 19:00:13 GMT"
        ],
        "Content-Length": [
          "286"
        ],
        "Content-Type": [
          "application/json; charset=utf-8"
        ],
        "Expires": [
          "-1"
        ]
      },
      "ResponseBody": "{\r\n  \"id\": \"https://management.azure.com/subscriptions/5b4b650e-28b9-4790-b3ab-ddbd88d727c4/providers/Microsoft.EventGrid/locations/centraluseuap/operationsStatus/875CE50A-F645-40FE-B94B-62E58BAB58EE?api-version=2019-06-01\",\r\n  \"name\": \"875ce50a-f645-40fe-b94b-62e58bab58ee\",\r\n  \"status\": \"Succeeded\"\r\n}",
      "StatusCode": 200
    },
    {
      "RequestUri": "//subscriptions/5b4b650e-28b9-4790-b3ab-ddbd88d727c4/resourceGroups/RGName-ps7776/providers/Microsoft.EventGrid/domains/PSTestDomain-ps388/topics/PSTestDomainTopic-ps3299/providers/Microsoft.EventGrid/eventSubscriptions/EventSubscription-ps9713?api-version=2019-06-01",
      "EncodedRequestUri": "Ly9zdWJzY3JpcHRpb25zLzViNGI2NTBlLTI4YjktNDc5MC1iM2FiLWRkYmQ4OGQ3MjdjNC9yZXNvdXJjZUdyb3Vwcy9SR05hbWUtcHM3Nzc2L3Byb3ZpZGVycy9NaWNyb3NvZnQuRXZlbnRHcmlkL2RvbWFpbnMvUFNUZXN0RG9tYWluLXBzMzg4L3RvcGljcy9QU1Rlc3REb21haW5Ub3BpYy1wczMyOTkvcHJvdmlkZXJzL01pY3Jvc29mdC5FdmVudEdyaWQvZXZlbnRTdWJzY3JpcHRpb25zL0V2ZW50U3Vic2NyaXB0aW9uLXBzOTcxMz9hcGktdmVyc2lvbj0yMDE5LTA2LTAx",
      "RequestMethod": "GET",
      "RequestBody": "",
      "RequestHeaders": {
        "User-Agent": [
          "FxVersion/4.6.27617.04",
          "OSName/Windows",
          "OSVersion/Microsoft.Windows.10.0.18362.",
          "Microsoft.Azure.Management.EventGrid.EventGridManagementClient/5.0.0.0"
        ]
      },
      "ResponseHeaders": {
        "Cache-Control": [
          "no-cache"
        ],
        "Pragma": [
          "no-cache"
        ],
        "Strict-Transport-Security": [
          "max-age=31536000; includeSubDomains"
        ],
        "x-ms-request-id": [
          "6c95fb1d-4fd2-458d-bd3d-b33e8c4c4bd0"
        ],
        "Server": [
          "Microsoft-HTTPAPI/2.0"
        ],
        "x-ms-ratelimit-remaining-subscription-reads": [
          "11988"
        ],
        "x-ms-correlation-request-id": [
          "b997e4aa-62d7-4404-9ac9-37b300950ecb"
        ],
        "x-ms-routing-request-id": [
          "CENTRALUS:20190523T190013Z:b997e4aa-62d7-4404-9ac9-37b300950ecb"
        ],
        "X-Content-Type-Options": [
          "nosniff"
        ],
        "Date": [
          "Thu, 23 May 2019 19:00:13 GMT"
        ],
        "Content-Length": [
          "1221"
        ],
        "Content-Type": [
          "application/json; charset=utf-8"
        ],
        "Expires": [
          "-1"
        ]
      },
      "ResponseBody": "{\r\n  \"properties\": {\r\n    \"topic\": \"/subscriptions/5b4b650e-28b9-4790-b3ab-ddbd88d727c4/resourceGroups/rgname-ps7776/providers/microsoft.eventgrid/domains/pstestdomain-ps388/topics/pstestdomaintopic-ps3299\",\r\n    \"provisioningState\": \"Succeeded\",\r\n    \"destination\": {\r\n      \"properties\": {\r\n        \"endpointUrl\": null,\r\n        \"endpointBaseUrl\": \"https://devexpfuncappdestination.azurewebsites.net/runtime/webhooks/EventGrid\"\r\n      },\r\n      \"endpointType\": \"WebHook\"\r\n    },\r\n    \"filter\": {\r\n      \"subjectBeginsWith\": \"Text1\",\r\n      \"subjectEndsWith\": \"text2\",\r\n      \"advancedFilters\": [\r\n        {\r\n          \"values\": [\r\n            1.0,\r\n            2.0\r\n          ],\r\n          \"operatorType\": \"NumberIn\",\r\n          \"key\": \"Data.Key1\"\r\n        },\r\n        {\r\n          \"values\": [\r\n            \"vv\",\r\n            \"xx\"\r\n          ],\r\n          \"operatorType\": \"StringBeginsWith\",\r\n          \"key\": \"Subject\"\r\n        },\r\n        {\r\n          \"value\": 5.12,\r\n          \"operatorType\": \"NumberLessThan\",\r\n          \"key\": \"Data.Key12\"\r\n        },\r\n        {\r\n          \"value\": false,\r\n          \"operatorType\": \"BoolEquals\",\r\n          \"key\": \"Data.Key6\"\r\n        }\r\n      ]\r\n    },\r\n    \"labels\": null,\r\n    \"expirationTimeUtc\": \"2019-05-25T19:00:03.2776796Z\",\r\n    \"retryPolicy\": {\r\n      \"maxDeliveryAttempts\": 20,\r\n      \"eventTimeToLiveInMinutes\": 50\r\n    }\r\n  },\r\n  \"id\": \"/subscriptions/5b4b650e-28b9-4790-b3ab-ddbd88d727c4/resourceGroups/RGName-ps7776/providers/Microsoft.EventGrid/domains/PSTestDomain-ps388/topics/PSTestDomainTopic-ps3299/providers/Microsoft.EventGrid/eventSubscriptions/EventSubscription-ps9713\",\r\n  \"name\": \"EventSubscription-ps9713\",\r\n  \"type\": \"Microsoft.EventGrid/eventSubscriptions\"\r\n}",
      "StatusCode": 200
    },
    {
      "RequestUri": "//subscriptions/5b4b650e-28b9-4790-b3ab-ddbd88d727c4/resourceGroups/RGName-ps7776/providers/Microsoft.EventGrid/domains/PSTestDomain-ps388/topics/PSTestDomainTopic-ps3299/providers/Microsoft.EventGrid/eventSubscriptions/EventSubscription-ps9713?api-version=2019-06-01",
      "EncodedRequestUri": "Ly9zdWJzY3JpcHRpb25zLzViNGI2NTBlLTI4YjktNDc5MC1iM2FiLWRkYmQ4OGQ3MjdjNC9yZXNvdXJjZUdyb3Vwcy9SR05hbWUtcHM3Nzc2L3Byb3ZpZGVycy9NaWNyb3NvZnQuRXZlbnRHcmlkL2RvbWFpbnMvUFNUZXN0RG9tYWluLXBzMzg4L3RvcGljcy9QU1Rlc3REb21haW5Ub3BpYy1wczMyOTkvcHJvdmlkZXJzL01pY3Jvc29mdC5FdmVudEdyaWQvZXZlbnRTdWJzY3JpcHRpb25zL0V2ZW50U3Vic2NyaXB0aW9uLXBzOTcxMz9hcGktdmVyc2lvbj0yMDE5LTA2LTAx",
      "RequestMethod": "GET",
      "RequestBody": "",
      "RequestHeaders": {
        "x-ms-client-request-id": [
          "180cf3b0-7b24-433b-8cda-d9864238bc36"
        ],
        "Accept-Language": [
          "en-US"
        ],
        "User-Agent": [
          "FxVersion/4.6.27617.04",
          "OSName/Windows",
          "OSVersion/Microsoft.Windows.10.0.18362.",
          "Microsoft.Azure.Management.EventGrid.EventGridManagementClient/5.0.0.0"
        ]
      },
      "ResponseHeaders": {
        "Cache-Control": [
          "no-cache"
        ],
        "Pragma": [
          "no-cache"
        ],
        "Strict-Transport-Security": [
          "max-age=31536000; includeSubDomains"
        ],
        "x-ms-request-id": [
          "e24f93b1-d25d-4598-9848-4acf83e403af"
        ],
        "Server": [
          "Microsoft-HTTPAPI/2.0"
        ],
        "x-ms-ratelimit-remaining-subscription-reads": [
          "11987"
        ],
        "x-ms-correlation-request-id": [
          "bbc8a4cd-b693-4d98-9005-030cbf886810"
        ],
        "x-ms-routing-request-id": [
          "CENTRALUS:20190523T190013Z:bbc8a4cd-b693-4d98-9005-030cbf886810"
        ],
        "X-Content-Type-Options": [
          "nosniff"
        ],
        "Date": [
          "Thu, 23 May 2019 19:00:13 GMT"
        ],
        "Content-Length": [
          "1221"
        ],
        "Content-Type": [
          "application/json; charset=utf-8"
        ],
        "Expires": [
          "-1"
        ]
      },
      "ResponseBody": "{\r\n  \"properties\": {\r\n    \"topic\": \"/subscriptions/5b4b650e-28b9-4790-b3ab-ddbd88d727c4/resourceGroups/rgname-ps7776/providers/microsoft.eventgrid/domains/pstestdomain-ps388/topics/pstestdomaintopic-ps3299\",\r\n    \"provisioningState\": \"Succeeded\",\r\n    \"destination\": {\r\n      \"properties\": {\r\n        \"endpointUrl\": null,\r\n        \"endpointBaseUrl\": \"https://devexpfuncappdestination.azurewebsites.net/runtime/webhooks/EventGrid\"\r\n      },\r\n      \"endpointType\": \"WebHook\"\r\n    },\r\n    \"filter\": {\r\n      \"subjectBeginsWith\": \"Text1\",\r\n      \"subjectEndsWith\": \"text2\",\r\n      \"advancedFilters\": [\r\n        {\r\n          \"values\": [\r\n            1.0,\r\n            2.0\r\n          ],\r\n          \"operatorType\": \"NumberIn\",\r\n          \"key\": \"Data.Key1\"\r\n        },\r\n        {\r\n          \"values\": [\r\n            \"vv\",\r\n            \"xx\"\r\n          ],\r\n          \"operatorType\": \"StringBeginsWith\",\r\n          \"key\": \"Subject\"\r\n        },\r\n        {\r\n          \"value\": 5.12,\r\n          \"operatorType\": \"NumberLessThan\",\r\n          \"key\": \"Data.Key12\"\r\n        },\r\n        {\r\n          \"value\": false,\r\n          \"operatorType\": \"BoolEquals\",\r\n          \"key\": \"Data.Key6\"\r\n        }\r\n      ]\r\n    },\r\n    \"labels\": null,\r\n    \"expirationTimeUtc\": \"2019-05-25T19:00:03.2776796Z\",\r\n    \"retryPolicy\": {\r\n      \"maxDeliveryAttempts\": 20,\r\n      \"eventTimeToLiveInMinutes\": 50\r\n    }\r\n  },\r\n  \"id\": \"/subscriptions/5b4b650e-28b9-4790-b3ab-ddbd88d727c4/resourceGroups/RGName-ps7776/providers/Microsoft.EventGrid/domains/PSTestDomain-ps388/topics/PSTestDomainTopic-ps3299/providers/Microsoft.EventGrid/eventSubscriptions/EventSubscription-ps9713\",\r\n  \"name\": \"EventSubscription-ps9713\",\r\n  \"type\": \"Microsoft.EventGrid/eventSubscriptions\"\r\n}",
      "StatusCode": 200
    },
    {
      "RequestUri": "//subscriptions/5b4b650e-28b9-4790-b3ab-ddbd88d727c4/resourceGroups/RGName-ps7776/providers/Microsoft.EventGrid/domains/PSTestDomain-ps388/topics/PSTestDomainTopic-ps3299/providers/Microsoft.EventGrid/eventSubscriptions/EventSubscription-ps9713?api-version=2019-06-01",
      "EncodedRequestUri": "Ly9zdWJzY3JpcHRpb25zLzViNGI2NTBlLTI4YjktNDc5MC1iM2FiLWRkYmQ4OGQ3MjdjNC9yZXNvdXJjZUdyb3Vwcy9SR05hbWUtcHM3Nzc2L3Byb3ZpZGVycy9NaWNyb3NvZnQuRXZlbnRHcmlkL2RvbWFpbnMvUFNUZXN0RG9tYWluLXBzMzg4L3RvcGljcy9QU1Rlc3REb21haW5Ub3BpYy1wczMyOTkvcHJvdmlkZXJzL01pY3Jvc29mdC5FdmVudEdyaWQvZXZlbnRTdWJzY3JpcHRpb25zL0V2ZW50U3Vic2NyaXB0aW9uLXBzOTcxMz9hcGktdmVyc2lvbj0yMDE5LTA2LTAx",
      "RequestMethod": "GET",
      "RequestBody": "",
      "RequestHeaders": {
        "x-ms-client-request-id": [
          "7686c5a3-5e48-4a59-95b9-1599d5ab95c7"
        ],
        "Accept-Language": [
          "en-US"
        ],
        "User-Agent": [
          "FxVersion/4.6.27617.04",
          "OSName/Windows",
          "OSVersion/Microsoft.Windows.10.0.18362.",
          "Microsoft.Azure.Management.EventGrid.EventGridManagementClient/5.0.0.0"
        ]
      },
      "ResponseHeaders": {
        "Cache-Control": [
          "no-cache"
        ],
        "Pragma": [
          "no-cache"
        ],
        "Strict-Transport-Security": [
          "max-age=31536000; includeSubDomains"
        ],
        "x-ms-request-id": [
          "383290b3-a7b5-47a7-bd19-06b32116fb06"
        ],
        "Server": [
          "Microsoft-HTTPAPI/2.0"
        ],
        "x-ms-ratelimit-remaining-subscription-reads": [
          "11986"
        ],
        "x-ms-correlation-request-id": [
          "46db1c71-7fcb-4fb8-b26b-00f322c24f4b"
        ],
        "x-ms-routing-request-id": [
          "CENTRALUS:20190523T190014Z:46db1c71-7fcb-4fb8-b26b-00f322c24f4b"
        ],
        "X-Content-Type-Options": [
          "nosniff"
        ],
        "Date": [
          "Thu, 23 May 2019 19:00:13 GMT"
        ],
        "Content-Length": [
          "1221"
        ],
        "Content-Type": [
          "application/json; charset=utf-8"
        ],
        "Expires": [
          "-1"
        ]
      },
      "ResponseBody": "{\r\n  \"properties\": {\r\n    \"topic\": \"/subscriptions/5b4b650e-28b9-4790-b3ab-ddbd88d727c4/resourceGroups/rgname-ps7776/providers/microsoft.eventgrid/domains/pstestdomain-ps388/topics/pstestdomaintopic-ps3299\",\r\n    \"provisioningState\": \"Succeeded\",\r\n    \"destination\": {\r\n      \"properties\": {\r\n        \"endpointUrl\": null,\r\n        \"endpointBaseUrl\": \"https://devexpfuncappdestination.azurewebsites.net/runtime/webhooks/EventGrid\"\r\n      },\r\n      \"endpointType\": \"WebHook\"\r\n    },\r\n    \"filter\": {\r\n      \"subjectBeginsWith\": \"Text1\",\r\n      \"subjectEndsWith\": \"text2\",\r\n      \"advancedFilters\": [\r\n        {\r\n          \"values\": [\r\n            1.0,\r\n            2.0\r\n          ],\r\n          \"operatorType\": \"NumberIn\",\r\n          \"key\": \"Data.Key1\"\r\n        },\r\n        {\r\n          \"values\": [\r\n            \"vv\",\r\n            \"xx\"\r\n          ],\r\n          \"operatorType\": \"StringBeginsWith\",\r\n          \"key\": \"Subject\"\r\n        },\r\n        {\r\n          \"value\": 5.12,\r\n          \"operatorType\": \"NumberLessThan\",\r\n          \"key\": \"Data.Key12\"\r\n        },\r\n        {\r\n          \"value\": false,\r\n          \"operatorType\": \"BoolEquals\",\r\n          \"key\": \"Data.Key6\"\r\n        }\r\n      ]\r\n    },\r\n    \"labels\": null,\r\n    \"expirationTimeUtc\": \"2019-05-25T19:00:03.2776796Z\",\r\n    \"retryPolicy\": {\r\n      \"maxDeliveryAttempts\": 20,\r\n      \"eventTimeToLiveInMinutes\": 50\r\n    }\r\n  },\r\n  \"id\": \"/subscriptions/5b4b650e-28b9-4790-b3ab-ddbd88d727c4/resourceGroups/RGName-ps7776/providers/Microsoft.EventGrid/domains/PSTestDomain-ps388/topics/PSTestDomainTopic-ps3299/providers/Microsoft.EventGrid/eventSubscriptions/EventSubscription-ps9713\",\r\n  \"name\": \"EventSubscription-ps9713\",\r\n  \"type\": \"Microsoft.EventGrid/eventSubscriptions\"\r\n}",
      "StatusCode": 200
    },
    {
      "RequestUri": "//subscriptions/5b4b650e-28b9-4790-b3ab-ddbd88d727c4/resourceGroups/RGName-ps7776/providers/Microsoft.EventGrid/domains/PSTestDomain-ps388/topics/PSTestDomainTopic-ps3299/providers/Microsoft.EventGrid/eventSubscriptions/EventSubscription-ps9713?api-version=2019-06-01",
      "EncodedRequestUri": "Ly9zdWJzY3JpcHRpb25zLzViNGI2NTBlLTI4YjktNDc5MC1iM2FiLWRkYmQ4OGQ3MjdjNC9yZXNvdXJjZUdyb3Vwcy9SR05hbWUtcHM3Nzc2L3Byb3ZpZGVycy9NaWNyb3NvZnQuRXZlbnRHcmlkL2RvbWFpbnMvUFNUZXN0RG9tYWluLXBzMzg4L3RvcGljcy9QU1Rlc3REb21haW5Ub3BpYy1wczMyOTkvcHJvdmlkZXJzL01pY3Jvc29mdC5FdmVudEdyaWQvZXZlbnRTdWJzY3JpcHRpb25zL0V2ZW50U3Vic2NyaXB0aW9uLXBzOTcxMz9hcGktdmVyc2lvbj0yMDE5LTA2LTAx",
      "RequestMethod": "GET",
      "RequestBody": "",
      "RequestHeaders": {
        "User-Agent": [
          "FxVersion/4.6.27617.04",
          "OSName/Windows",
          "OSVersion/Microsoft.Windows.10.0.18362.",
          "Microsoft.Azure.Management.EventGrid.EventGridManagementClient/5.0.0.0"
        ]
      },
      "ResponseHeaders": {
        "Cache-Control": [
          "no-cache"
        ],
        "Pragma": [
          "no-cache"
        ],
        "Strict-Transport-Security": [
          "max-age=31536000; includeSubDomains"
        ],
        "x-ms-request-id": [
          "16804e3c-cfd8-4a7f-854e-7673be539706"
        ],
        "Server": [
          "Microsoft-HTTPAPI/2.0"
        ],
        "x-ms-ratelimit-remaining-subscription-reads": [
          "11984"
        ],
        "x-ms-correlation-request-id": [
          "4b924246-ce19-4e72-ab3d-c0ca50190cd1"
        ],
        "x-ms-routing-request-id": [
          "CENTRALUS:20190523T190024Z:4b924246-ce19-4e72-ab3d-c0ca50190cd1"
        ],
        "X-Content-Type-Options": [
          "nosniff"
        ],
        "Date": [
          "Thu, 23 May 2019 19:00:24 GMT"
        ],
        "Content-Length": [
          "949"
        ],
        "Content-Type": [
          "application/json; charset=utf-8"
        ],
        "Expires": [
          "-1"
        ]
      },
      "ResponseBody": "{\r\n  \"properties\": {\r\n    \"topic\": \"/subscriptions/5b4b650e-28b9-4790-b3ab-ddbd88d727c4/resourceGroups/rgname-ps7776/providers/microsoft.eventgrid/domains/pstestdomain-ps388/topics/pstestdomaintopic-ps3299\",\r\n    \"provisioningState\": \"Succeeded\",\r\n    \"destination\": {\r\n      \"properties\": {\r\n        \"endpointUrl\": null,\r\n        \"endpointBaseUrl\": \"https://devexpfuncappdestination.azurewebsites.net/runtime/webhooks/EventGrid\"\r\n      },\r\n      \"endpointType\": \"WebHook\"\r\n    },\r\n    \"filter\": {\r\n      \"subjectBeginsWith\": \"UpdatedText1\",\r\n      \"subjectEndsWith\": \"Updatedtext2\"\r\n    },\r\n    \"labels\": null,\r\n    \"expirationTimeUtc\": \"2019-06-02T19:00:14.0263907Z\",\r\n    \"retryPolicy\": {\r\n      \"maxDeliveryAttempts\": 12,\r\n      \"eventTimeToLiveInMinutes\": 20\r\n    }\r\n  },\r\n  \"id\": \"/subscriptions/5b4b650e-28b9-4790-b3ab-ddbd88d727c4/resourceGroups/RGName-ps7776/providers/Microsoft.EventGrid/domains/PSTestDomain-ps388/topics/PSTestDomainTopic-ps3299/providers/Microsoft.EventGrid/eventSubscriptions/EventSubscription-ps9713\",\r\n  \"name\": \"EventSubscription-ps9713\",\r\n  \"type\": \"Microsoft.EventGrid/eventSubscriptions\"\r\n}",
      "StatusCode": 200
    },
    {
      "RequestUri": "//subscriptions/5b4b650e-28b9-4790-b3ab-ddbd88d727c4/resourceGroups/RGName-ps7776/providers/Microsoft.EventGrid/domains/PSTestDomain-ps388/topics/PSTestDomainTopic-ps3299/providers/Microsoft.EventGrid/eventSubscriptions/EventSubscription-ps9713?api-version=2019-06-01",
      "EncodedRequestUri": "Ly9zdWJzY3JpcHRpb25zLzViNGI2NTBlLTI4YjktNDc5MC1iM2FiLWRkYmQ4OGQ3MjdjNC9yZXNvdXJjZUdyb3Vwcy9SR05hbWUtcHM3Nzc2L3Byb3ZpZGVycy9NaWNyb3NvZnQuRXZlbnRHcmlkL2RvbWFpbnMvUFNUZXN0RG9tYWluLXBzMzg4L3RvcGljcy9QU1Rlc3REb21haW5Ub3BpYy1wczMyOTkvcHJvdmlkZXJzL01pY3Jvc29mdC5FdmVudEdyaWQvZXZlbnRTdWJzY3JpcHRpb25zL0V2ZW50U3Vic2NyaXB0aW9uLXBzOTcxMz9hcGktdmVyc2lvbj0yMDE5LTA2LTAx",
      "RequestMethod": "GET",
      "RequestBody": "",
      "RequestHeaders": {
        "x-ms-client-request-id": [
          "f6a50b8a-20f9-46bc-901d-9dd7feaf2f98"
        ],
        "Accept-Language": [
          "en-US"
        ],
        "User-Agent": [
          "FxVersion/4.6.27617.04",
          "OSName/Windows",
          "OSVersion/Microsoft.Windows.10.0.18362.",
          "Microsoft.Azure.Management.EventGrid.EventGridManagementClient/5.0.0.0"
        ]
      },
      "ResponseHeaders": {
        "Cache-Control": [
          "no-cache"
        ],
        "Pragma": [
          "no-cache"
        ],
        "Strict-Transport-Security": [
          "max-age=31536000; includeSubDomains"
        ],
        "x-ms-request-id": [
          "4a207187-0e8c-4f28-b0c1-614b1bf66423"
        ],
        "Server": [
          "Microsoft-HTTPAPI/2.0"
        ],
        "x-ms-ratelimit-remaining-subscription-reads": [
          "11983"
        ],
        "x-ms-correlation-request-id": [
          "3c653cf5-9ace-4dc9-baa9-b61ae324fe28"
        ],
        "x-ms-routing-request-id": [
          "CENTRALUS:20190523T190024Z:3c653cf5-9ace-4dc9-baa9-b61ae324fe28"
        ],
        "X-Content-Type-Options": [
          "nosniff"
        ],
        "Date": [
          "Thu, 23 May 2019 19:00:24 GMT"
        ],
        "Content-Length": [
          "949"
        ],
        "Content-Type": [
          "application/json; charset=utf-8"
        ],
        "Expires": [
          "-1"
        ]
      },
      "ResponseBody": "{\r\n  \"properties\": {\r\n    \"topic\": \"/subscriptions/5b4b650e-28b9-4790-b3ab-ddbd88d727c4/resourceGroups/rgname-ps7776/providers/microsoft.eventgrid/domains/pstestdomain-ps388/topics/pstestdomaintopic-ps3299\",\r\n    \"provisioningState\": \"Succeeded\",\r\n    \"destination\": {\r\n      \"properties\": {\r\n        \"endpointUrl\": null,\r\n        \"endpointBaseUrl\": \"https://devexpfuncappdestination.azurewebsites.net/runtime/webhooks/EventGrid\"\r\n      },\r\n      \"endpointType\": \"WebHook\"\r\n    },\r\n    \"filter\": {\r\n      \"subjectBeginsWith\": \"UpdatedText1\",\r\n      \"subjectEndsWith\": \"Updatedtext2\"\r\n    },\r\n    \"labels\": null,\r\n    \"expirationTimeUtc\": \"2019-06-02T19:00:14.0263907Z\",\r\n    \"retryPolicy\": {\r\n      \"maxDeliveryAttempts\": 12,\r\n      \"eventTimeToLiveInMinutes\": 20\r\n    }\r\n  },\r\n  \"id\": \"/subscriptions/5b4b650e-28b9-4790-b3ab-ddbd88d727c4/resourceGroups/RGName-ps7776/providers/Microsoft.EventGrid/domains/PSTestDomain-ps388/topics/PSTestDomainTopic-ps3299/providers/Microsoft.EventGrid/eventSubscriptions/EventSubscription-ps9713\",\r\n  \"name\": \"EventSubscription-ps9713\",\r\n  \"type\": \"Microsoft.EventGrid/eventSubscriptions\"\r\n}",
      "StatusCode": 200
    },
    {
      "RequestUri": "//subscriptions/5b4b650e-28b9-4790-b3ab-ddbd88d727c4/resourceGroups/RGName-ps7776/providers/Microsoft.EventGrid/domains/PSTestDomain-ps388/topics/PSTestDomainTopic-ps3299/providers/Microsoft.EventGrid/eventSubscriptions/EventSubscription-ps9713?api-version=2019-06-01",
      "EncodedRequestUri": "Ly9zdWJzY3JpcHRpb25zLzViNGI2NTBlLTI4YjktNDc5MC1iM2FiLWRkYmQ4OGQ3MjdjNC9yZXNvdXJjZUdyb3Vwcy9SR05hbWUtcHM3Nzc2L3Byb3ZpZGVycy9NaWNyb3NvZnQuRXZlbnRHcmlkL2RvbWFpbnMvUFNUZXN0RG9tYWluLXBzMzg4L3RvcGljcy9QU1Rlc3REb21haW5Ub3BpYy1wczMyOTkvcHJvdmlkZXJzL01pY3Jvc29mdC5FdmVudEdyaWQvZXZlbnRTdWJzY3JpcHRpb25zL0V2ZW50U3Vic2NyaXB0aW9uLXBzOTcxMz9hcGktdmVyc2lvbj0yMDE5LTA2LTAx",
      "RequestMethod": "GET",
      "RequestBody": "",
      "RequestHeaders": {
        "x-ms-client-request-id": [
          "f7079f4e-66e0-46fd-95fb-2a2a7a3ae01a"
        ],
        "Accept-Language": [
          "en-US"
        ],
        "User-Agent": [
          "FxVersion/4.6.27617.04",
          "OSName/Windows",
          "OSVersion/Microsoft.Windows.10.0.18362.",
          "Microsoft.Azure.Management.EventGrid.EventGridManagementClient/5.0.0.0"
        ]
      },
      "ResponseHeaders": {
        "Cache-Control": [
          "no-cache"
        ],
        "Pragma": [
          "no-cache"
        ],
        "Strict-Transport-Security": [
          "max-age=31536000; includeSubDomains"
        ],
        "x-ms-request-id": [
          "71333f1e-bac9-4395-b084-e4cbf312e07d"
        ],
        "Server": [
          "Microsoft-HTTPAPI/2.0"
        ],
        "x-ms-ratelimit-remaining-subscription-reads": [
          "11979"
        ],
        "x-ms-correlation-request-id": [
          "22e00acd-367b-4fe6-8f04-20c4e552a346"
        ],
        "x-ms-routing-request-id": [
          "CENTRALUS:20190523T190035Z:22e00acd-367b-4fe6-8f04-20c4e552a346"
        ],
        "X-Content-Type-Options": [
          "nosniff"
        ],
        "Date": [
          "Thu, 23 May 2019 19:00:34 GMT"
        ],
        "Content-Length": [
          "1037"
        ],
        "Content-Type": [
          "application/json; charset=utf-8"
        ],
        "Expires": [
          "-1"
        ]
      },
      "ResponseBody": "{\r\n  \"properties\": {\r\n    \"topic\": \"/subscriptions/5b4b650e-28b9-4790-b3ab-ddbd88d727c4/resourceGroups/rgname-ps7776/providers/microsoft.eventgrid/domains/pstestdomain-ps388/topics/pstestdomaintopic-ps3299\",\r\n    \"provisioningState\": \"Succeeded\",\r\n    \"destination\": {\r\n      \"properties\": {\r\n        \"endpointUrl\": null,\r\n        \"endpointBaseUrl\": \"https://devexpfuncappdestination.azurewebsites.net/runtime/webhooks/EventGrid\"\r\n      },\r\n      \"endpointType\": \"WebHook\"\r\n    },\r\n    \"filter\": {\r\n      \"subjectBeginsWith\": \"UpdatedText1\",\r\n      \"subjectEndsWith\": \"Updatedtext2\",\r\n      \"advancedFilters\": [\r\n        {\r\n          \"value\": 205.12,\r\n          \"operatorType\": \"NumberLessThan\",\r\n          \"key\": \"Data.Key12\"\r\n        }\r\n      ]\r\n    },\r\n    \"labels\": null,\r\n    \"expirationTimeUtc\": \"2019-06-02T19:00:14.0263907Z\",\r\n    \"retryPolicy\": {\r\n      \"maxDeliveryAttempts\": 12,\r\n      \"eventTimeToLiveInMinutes\": 20\r\n    }\r\n  },\r\n  \"id\": \"/subscriptions/5b4b650e-28b9-4790-b3ab-ddbd88d727c4/resourceGroups/RGName-ps7776/providers/Microsoft.EventGrid/domains/PSTestDomain-ps388/topics/PSTestDomainTopic-ps3299/providers/Microsoft.EventGrid/eventSubscriptions/EventSubscription-ps9713\",\r\n  \"name\": \"EventSubscription-ps9713\",\r\n  \"type\": \"Microsoft.EventGrid/eventSubscriptions\"\r\n}",
      "StatusCode": 200
    },
    {
      "RequestUri": "//subscriptions/5b4b650e-28b9-4790-b3ab-ddbd88d727c4/resourceGroups/RGName-ps7776/providers/Microsoft.EventGrid/domains/PSTestDomain-ps388/topics/PSTestDomainTopic-ps3299/providers/Microsoft.EventGrid/eventSubscriptions/EventSubscription-ps9713?api-version=2019-06-01",
      "EncodedRequestUri": "Ly9zdWJzY3JpcHRpb25zLzViNGI2NTBlLTI4YjktNDc5MC1iM2FiLWRkYmQ4OGQ3MjdjNC9yZXNvdXJjZUdyb3Vwcy9SR05hbWUtcHM3Nzc2L3Byb3ZpZGVycy9NaWNyb3NvZnQuRXZlbnRHcmlkL2RvbWFpbnMvUFNUZXN0RG9tYWluLXBzMzg4L3RvcGljcy9QU1Rlc3REb21haW5Ub3BpYy1wczMyOTkvcHJvdmlkZXJzL01pY3Jvc29mdC5FdmVudEdyaWQvZXZlbnRTdWJzY3JpcHRpb25zL0V2ZW50U3Vic2NyaXB0aW9uLXBzOTcxMz9hcGktdmVyc2lvbj0yMDE5LTA2LTAx",
      "RequestMethod": "GET",
      "RequestBody": "",
      "RequestHeaders": {
        "x-ms-client-request-id": [
          "78c64688-4923-478a-83cf-4a8c5c8be663"
        ],
        "Accept-Language": [
          "en-US"
        ],
        "User-Agent": [
          "FxVersion/4.6.27617.04",
          "OSName/Windows",
          "OSVersion/Microsoft.Windows.10.0.18362.",
          "Microsoft.Azure.Management.EventGrid.EventGridManagementClient/5.0.0.0"
        ]
      },
      "ResponseHeaders": {
        "Cache-Control": [
          "no-cache"
        ],
        "Pragma": [
          "no-cache"
        ],
        "Strict-Transport-Security": [
          "max-age=31536000; includeSubDomains"
        ],
        "x-ms-request-id": [
          "5e955e7b-0e56-4a0f-9c70-115a1b971149"
        ],
        "Server": [
          "Microsoft-HTTPAPI/2.0"
        ],
        "x-ms-ratelimit-remaining-subscription-reads": [
          "11978"
        ],
        "x-ms-correlation-request-id": [
          "072b7adb-b34e-4bd9-85dd-c3fe8bcaa1b4"
        ],
        "x-ms-routing-request-id": [
          "CENTRALUS:20190523T190035Z:072b7adb-b34e-4bd9-85dd-c3fe8bcaa1b4"
        ],
        "X-Content-Type-Options": [
          "nosniff"
        ],
        "Date": [
          "Thu, 23 May 2019 19:00:35 GMT"
        ],
        "Content-Length": [
          "1037"
        ],
        "Content-Type": [
          "application/json; charset=utf-8"
        ],
        "Expires": [
          "-1"
        ]
      },
      "ResponseBody": "{\r\n  \"properties\": {\r\n    \"topic\": \"/subscriptions/5b4b650e-28b9-4790-b3ab-ddbd88d727c4/resourceGroups/rgname-ps7776/providers/microsoft.eventgrid/domains/pstestdomain-ps388/topics/pstestdomaintopic-ps3299\",\r\n    \"provisioningState\": \"Succeeded\",\r\n    \"destination\": {\r\n      \"properties\": {\r\n        \"endpointUrl\": null,\r\n        \"endpointBaseUrl\": \"https://devexpfuncappdestination.azurewebsites.net/runtime/webhooks/EventGrid\"\r\n      },\r\n      \"endpointType\": \"WebHook\"\r\n    },\r\n    \"filter\": {\r\n      \"subjectBeginsWith\": \"UpdatedText1\",\r\n      \"subjectEndsWith\": \"Updatedtext2\",\r\n      \"advancedFilters\": [\r\n        {\r\n          \"value\": 205.12,\r\n          \"operatorType\": \"NumberLessThan\",\r\n          \"key\": \"Data.Key12\"\r\n        }\r\n      ]\r\n    },\r\n    \"labels\": null,\r\n    \"expirationTimeUtc\": \"2019-06-02T19:00:14.0263907Z\",\r\n    \"retryPolicy\": {\r\n      \"maxDeliveryAttempts\": 12,\r\n      \"eventTimeToLiveInMinutes\": 20\r\n    }\r\n  },\r\n  \"id\": \"/subscriptions/5b4b650e-28b9-4790-b3ab-ddbd88d727c4/resourceGroups/RGName-ps7776/providers/Microsoft.EventGrid/domains/PSTestDomain-ps388/topics/PSTestDomainTopic-ps3299/providers/Microsoft.EventGrid/eventSubscriptions/EventSubscription-ps9713\",\r\n  \"name\": \"EventSubscription-ps9713\",\r\n  \"type\": \"Microsoft.EventGrid/eventSubscriptions\"\r\n}",
      "StatusCode": 200
    },
    {
      "RequestUri": "//subscriptions/5b4b650e-28b9-4790-b3ab-ddbd88d727c4/resourceGroups/RGName-ps7776/providers/Microsoft.EventGrid/domains/PSTestDomain-ps388/topics/PSTestDomainTopic-ps3299/providers/Microsoft.EventGrid/eventSubscriptions/EventSubscription-ps9713?api-version=2019-06-01",
      "EncodedRequestUri": "Ly9zdWJzY3JpcHRpb25zLzViNGI2NTBlLTI4YjktNDc5MC1iM2FiLWRkYmQ4OGQ3MjdjNC9yZXNvdXJjZUdyb3Vwcy9SR05hbWUtcHM3Nzc2L3Byb3ZpZGVycy9NaWNyb3NvZnQuRXZlbnRHcmlkL2RvbWFpbnMvUFNUZXN0RG9tYWluLXBzMzg4L3RvcGljcy9QU1Rlc3REb21haW5Ub3BpYy1wczMyOTkvcHJvdmlkZXJzL01pY3Jvc29mdC5FdmVudEdyaWQvZXZlbnRTdWJzY3JpcHRpb25zL0V2ZW50U3Vic2NyaXB0aW9uLXBzOTcxMz9hcGktdmVyc2lvbj0yMDE5LTA2LTAx",
      "RequestMethod": "GET",
      "RequestBody": "",
      "RequestHeaders": {
        "User-Agent": [
          "FxVersion/4.6.27617.04",
          "OSName/Windows",
          "OSVersion/Microsoft.Windows.10.0.18362.",
          "Microsoft.Azure.Management.EventGrid.EventGridManagementClient/5.0.0.0"
        ]
      },
      "ResponseHeaders": {
        "Cache-Control": [
          "no-cache"
        ],
        "Pragma": [
          "no-cache"
        ],
        "Strict-Transport-Security": [
          "max-age=31536000; includeSubDomains"
        ],
        "x-ms-request-id": [
          "fbc588d1-8d80-49b2-b26a-832ce293f1c8"
        ],
        "Server": [
          "Microsoft-HTTPAPI/2.0"
        ],
        "x-ms-ratelimit-remaining-subscription-reads": [
          "11976"
        ],
        "x-ms-correlation-request-id": [
          "aceda875-8040-4921-bc95-4a68e5794e2f"
        ],
        "x-ms-routing-request-id": [
          "CENTRALUS:20190523T190046Z:aceda875-8040-4921-bc95-4a68e5794e2f"
        ],
        "X-Content-Type-Options": [
          "nosniff"
        ],
        "Date": [
          "Thu, 23 May 2019 19:00:46 GMT"
        ],
        "Content-Length": [
          "1104"
        ],
        "Content-Type": [
          "application/json; charset=utf-8"
        ],
        "Expires": [
          "-1"
        ]
      },
      "ResponseBody": "{\r\n  \"properties\": {\r\n    \"topic\": \"/subscriptions/5b4b650e-28b9-4790-b3ab-ddbd88d727c4/resourceGroups/rgname-ps7776/providers/microsoft.eventgrid/domains/pstestdomain-ps388/topics/pstestdomaintopic-ps3299\",\r\n    \"provisioningState\": \"Succeeded\",\r\n    \"destination\": {\r\n      \"properties\": {\r\n        \"endpointUrl\": null,\r\n        \"endpointBaseUrl\": \"https://devexpfuncappdestination.azurewebsites.net/runtime/webhooks/EventGrid\"\r\n      },\r\n      \"endpointType\": \"WebHook\"\r\n    },\r\n    \"filter\": {\r\n      \"subjectBeginsWith\": \"UpdatedText1\",\r\n      \"subjectEndsWith\": \"Updatedtext2\",\r\n      \"advancedFilters\": [\r\n        {\r\n          \"values\": [\r\n            1.0,\r\n            2.0\r\n          ],\r\n          \"operatorType\": \"NumberIn\",\r\n          \"key\": \"Data.Key1\"\r\n        },\r\n        {\r\n          \"value\": 12.1,\r\n          \"operatorType\": \"NumberGreaterThan\",\r\n          \"key\": \"Data.Key122\"\r\n        }\r\n      ]\r\n    },\r\n    \"labels\": null,\r\n    \"expirationTimeUtc\": \"2019-06-02T19:00:14.0263907Z\",\r\n    \"retryPolicy\": {\r\n      \"maxDeliveryAttempts\": 12,\r\n      \"eventTimeToLiveInMinutes\": 20\r\n    }\r\n  },\r\n  \"id\": \"/subscriptions/5b4b650e-28b9-4790-b3ab-ddbd88d727c4/resourceGroups/RGName-ps7776/providers/Microsoft.EventGrid/domains/PSTestDomain-ps388/topics/PSTestDomainTopic-ps3299/providers/Microsoft.EventGrid/eventSubscriptions/EventSubscription-ps9713\",\r\n  \"name\": \"EventSubscription-ps9713\",\r\n  \"type\": \"Microsoft.EventGrid/eventSubscriptions\"\r\n}",
      "StatusCode": 200
    },
    {
      "RequestUri": "//subscriptions/5b4b650e-28b9-4790-b3ab-ddbd88d727c4/resourceGroups/RGName-ps7776/providers/Microsoft.EventGrid/domains/PSTestDomain-ps388/topics/PSTestDomainTopic-ps3299/providers/Microsoft.EventGrid/eventSubscriptions/EventSubscription-ps9713/getFullUrl?api-version=2019-06-01",
      "EncodedRequestUri": "Ly9zdWJzY3JpcHRpb25zLzViNGI2NTBlLTI4YjktNDc5MC1iM2FiLWRkYmQ4OGQ3MjdjNC9yZXNvdXJjZUdyb3Vwcy9SR05hbWUtcHM3Nzc2L3Byb3ZpZGVycy9NaWNyb3NvZnQuRXZlbnRHcmlkL2RvbWFpbnMvUFNUZXN0RG9tYWluLXBzMzg4L3RvcGljcy9QU1Rlc3REb21haW5Ub3BpYy1wczMyOTkvcHJvdmlkZXJzL01pY3Jvc29mdC5FdmVudEdyaWQvZXZlbnRTdWJzY3JpcHRpb25zL0V2ZW50U3Vic2NyaXB0aW9uLXBzOTcxMy9nZXRGdWxsVXJsP2FwaS12ZXJzaW9uPTIwMTktMDYtMDE=",
      "RequestMethod": "POST",
      "RequestBody": "",
      "RequestHeaders": {
        "x-ms-client-request-id": [
          "7e7c7f8b-9a74-4973-b4c3-7ea02e758fa7"
        ],
        "Accept-Language": [
          "en-US"
        ],
        "User-Agent": [
          "FxVersion/4.6.27617.04",
          "OSName/Windows",
          "OSVersion/Microsoft.Windows.10.0.18362.",
          "Microsoft.Azure.Management.EventGrid.EventGridManagementClient/5.0.0.0"
        ]
      },
      "ResponseHeaders": {
        "Cache-Control": [
          "no-cache"
        ],
        "Pragma": [
          "no-cache"
        ],
        "Strict-Transport-Security": [
          "max-age=31536000; includeSubDomains"
        ],
        "x-ms-request-id": [
          "14bd5d58-27ec-46b2-9663-4227a73a8875"
        ],
        "Server": [
          "Microsoft-HTTPAPI/2.0"
        ],
        "x-ms-ratelimit-remaining-subscription-writes": [
          "1199"
        ],
        "x-ms-correlation-request-id": [
          "147574ff-30c8-41e7-851b-44d0b6bd1a65"
        ],
        "x-ms-routing-request-id": [
          "CENTRALUS:20190523T190013Z:147574ff-30c8-41e7-851b-44d0b6bd1a65"
        ],
        "X-Content-Type-Options": [
          "nosniff"
        ],
        "Date": [
          "Thu, 23 May 2019 19:00:13 GMT"
        ],
        "Content-Length": [
          "188"
        ],
        "Content-Type": [
          "application/json; charset=utf-8"
        ],
        "Expires": [
          "-1"
        ]
      },
      "ResponseBody": "{\r\n  \"endpointUrl\": \"https://devexpfuncappdestination.azurewebsites.net/runtime/webhooks/EventGrid?functionName=EventGridTrigger1&code=<HIDDEN>\"\r\n}",
      "StatusCode": 200
    },
    {
      "RequestUri": "//subscriptions/5b4b650e-28b9-4790-b3ab-ddbd88d727c4/resourceGroups/RGName-ps7776/providers/Microsoft.EventGrid/domains/PSTestDomain-ps388/topics/PSTestDomainTopic-ps3299/providers/Microsoft.EventGrid/eventSubscriptions/EventSubscription-ps9713/getFullUrl?api-version=2019-06-01",
      "EncodedRequestUri": "Ly9zdWJzY3JpcHRpb25zLzViNGI2NTBlLTI4YjktNDc5MC1iM2FiLWRkYmQ4OGQ3MjdjNC9yZXNvdXJjZUdyb3Vwcy9SR05hbWUtcHM3Nzc2L3Byb3ZpZGVycy9NaWNyb3NvZnQuRXZlbnRHcmlkL2RvbWFpbnMvUFNUZXN0RG9tYWluLXBzMzg4L3RvcGljcy9QU1Rlc3REb21haW5Ub3BpYy1wczMyOTkvcHJvdmlkZXJzL01pY3Jvc29mdC5FdmVudEdyaWQvZXZlbnRTdWJzY3JpcHRpb25zL0V2ZW50U3Vic2NyaXB0aW9uLXBzOTcxMy9nZXRGdWxsVXJsP2FwaS12ZXJzaW9uPTIwMTktMDYtMDE=",
      "RequestMethod": "POST",
      "RequestBody": "",
      "RequestHeaders": {
        "x-ms-client-request-id": [
          "de5986e5-0658-4646-b65b-732b94eb3f9d"
        ],
        "Accept-Language": [
          "en-US"
        ],
        "User-Agent": [
          "FxVersion/4.6.27617.04",
          "OSName/Windows",
          "OSVersion/Microsoft.Windows.10.0.18362.",
          "Microsoft.Azure.Management.EventGrid.EventGridManagementClient/5.0.0.0"
        ]
      },
      "ResponseHeaders": {
        "Cache-Control": [
          "no-cache"
        ],
        "Pragma": [
          "no-cache"
        ],
        "Strict-Transport-Security": [
          "max-age=31536000; includeSubDomains"
        ],
        "x-ms-request-id": [
          "16073f5f-30ab-4645-9b2a-570a0c7d8ff5"
        ],
        "Server": [
          "Microsoft-HTTPAPI/2.0"
        ],
        "x-ms-ratelimit-remaining-subscription-writes": [
          "1198"
        ],
        "x-ms-correlation-request-id": [
          "e0f0d1db-20bb-466b-9826-7eee1c22c06f"
        ],
        "x-ms-routing-request-id": [
          "CENTRALUS:20190523T190035Z:e0f0d1db-20bb-466b-9826-7eee1c22c06f"
        ],
        "X-Content-Type-Options": [
          "nosniff"
        ],
        "Date": [
          "Thu, 23 May 2019 19:00:34 GMT"
        ],
        "Content-Length": [
          "188"
        ],
        "Content-Type": [
          "application/json; charset=utf-8"
        ],
        "Expires": [
          "-1"
        ]
      },
      "ResponseBody": "{\r\n  \"endpointUrl\": \"https://devexpfuncappdestination.azurewebsites.net/runtime/webhooks/EventGrid?functionName=EventGridTrigger1&code=<HIDDEN>\"\r\n}",
      "StatusCode": 200
    },
    {
      "RequestUri": "//subscriptions/5b4b650e-28b9-4790-b3ab-ddbd88d727c4/resourceGroups/RGName-ps7776/providers/Microsoft.EventGrid/domains/PSTestDomain-ps388/topics/PSTestDomainTopic-ps3299/providers/Microsoft.EventGrid/eventSubscriptions/EventSubscription-ps9713?api-version=2019-06-01",
      "EncodedRequestUri": "Ly9zdWJzY3JpcHRpb25zLzViNGI2NTBlLTI4YjktNDc5MC1iM2FiLWRkYmQ4OGQ3MjdjNC9yZXNvdXJjZUdyb3Vwcy9SR05hbWUtcHM3Nzc2L3Byb3ZpZGVycy9NaWNyb3NvZnQuRXZlbnRHcmlkL2RvbWFpbnMvUFNUZXN0RG9tYWluLXBzMzg4L3RvcGljcy9QU1Rlc3REb21haW5Ub3BpYy1wczMyOTkvcHJvdmlkZXJzL01pY3Jvc29mdC5FdmVudEdyaWQvZXZlbnRTdWJzY3JpcHRpb25zL0V2ZW50U3Vic2NyaXB0aW9uLXBzOTcxMz9hcGktdmVyc2lvbj0yMDE5LTA2LTAx",
      "RequestMethod": "PATCH",
      "RequestBody": "{\r\n  \"filter\": {\r\n    \"subjectBeginsWith\": \"UpdatedText1\",\r\n    \"subjectEndsWith\": \"Updatedtext2\"\r\n  },\r\n  \"expirationTimeUtc\": \"2019-06-02T19:00:14.0263907Z\",\r\n  \"retryPolicy\": {\r\n    \"maxDeliveryAttempts\": 12,\r\n    \"eventTimeToLiveInMinutes\": 20\r\n  }\r\n}",
      "RequestHeaders": {
        "x-ms-client-request-id": [
          "83bb7ade-ff0b-46db-901a-03f799739a0f"
        ],
        "Accept-Language": [
          "en-US"
        ],
        "User-Agent": [
          "FxVersion/4.6.27617.04",
          "OSName/Windows",
          "OSVersion/Microsoft.Windows.10.0.18362.",
          "Microsoft.Azure.Management.EventGrid.EventGridManagementClient/5.0.0.0"
        ],
        "Content-Type": [
          "application/json; charset=utf-8"
        ],
        "Content-Length": [
          "255"
        ]
      },
      "ResponseHeaders": {
        "Cache-Control": [
          "no-cache"
        ],
        "Pragma": [
          "no-cache"
        ],
        "Retry-After": [
          "10"
        ],
        "Strict-Transport-Security": [
          "max-age=31536000; includeSubDomains"
        ],
        "Azure-AsyncOperation": [
          "https://management.azure.com:443/subscriptions/5b4b650e-28b9-4790-b3ab-ddbd88d727c4/providers/Microsoft.EventGrid/locations/centraluseuap/operationsStatus/D266124C-D3E6-4C3D-8939-1F29ED5E319E?api-version=2019-06-01"
        ],
        "x-ms-request-id": [
          "2a6a5dd6-1848-4141-9a48-5dc145864733"
        ],
        "Server": [
          "Microsoft-HTTPAPI/2.0"
        ],
        "x-ms-ratelimit-remaining-subscription-writes": [
          "1194"
        ],
        "x-ms-correlation-request-id": [
          "8d81f68f-abee-4d7c-93cd-86446b6d1c9f"
        ],
        "x-ms-routing-request-id": [
          "CENTRALUS:20190523T190014Z:8d81f68f-abee-4d7c-93cd-86446b6d1c9f"
        ],
        "X-Content-Type-Options": [
          "nosniff"
        ],
        "Date": [
          "Thu, 23 May 2019 19:00:14 GMT"
        ],
        "Content-Length": [
          "988"
        ],
        "Content-Type": [
          "application/json; charset=utf-8"
        ],
        "Expires": [
          "-1"
        ]
      },
      "ResponseBody": "{\r\n  \"properties\": {\r\n    \"topic\": \"/subscriptions/5b4b650e-28b9-4790-b3ab-ddbd88d727c4/resourceGroups/rgname-ps7776/providers/microsoft.eventgrid/domains/pstestdomain-ps388/topics/pstestdomaintopic-ps3299\",\r\n    \"provisioningState\": \"Updating\",\r\n    \"destination\": {\r\n      \"properties\": {\r\n        \"endpointUrl\": null,\r\n        \"endpointBaseUrl\": \"https://devexpfuncappdestination.azurewebsites.net/runtime/webhooks/EventGrid\"\r\n      },\r\n      \"endpointType\": \"WebHook\"\r\n    },\r\n    \"filter\": {\r\n      \"subjectBeginsWith\": \"UpdatedText1\",\r\n      \"subjectEndsWith\": \"Updatedtext2\"\r\n    },\r\n    \"labels\": null,\r\n    \"expirationTimeUtc\": \"2019-06-02T19:00:14.0263907Z\",\r\n    \"eventDeliverySchema\": \"EventGridSchema\",\r\n    \"retryPolicy\": {\r\n      \"maxDeliveryAttempts\": 12,\r\n      \"eventTimeToLiveInMinutes\": 20\r\n    }\r\n  },\r\n  \"id\": \"/subscriptions/5b4b650e-28b9-4790-b3ab-ddbd88d727c4/resourceGroups/RGName-ps7776/providers/Microsoft.EventGrid/domains/PSTestDomain-ps388/topics/PSTestDomainTopic-ps3299/providers/Microsoft.EventGrid/eventSubscriptions/EventSubscription-ps9713\",\r\n  \"name\": \"EventSubscription-ps9713\",\r\n  \"type\": \"Microsoft.EventGrid/eventSubscriptions\"\r\n}",
      "StatusCode": 201
    },
    {
      "RequestUri": "//subscriptions/5b4b650e-28b9-4790-b3ab-ddbd88d727c4/resourceGroups/RGName-ps7776/providers/Microsoft.EventGrid/domains/PSTestDomain-ps388/topics/PSTestDomainTopic-ps3299/providers/Microsoft.EventGrid/eventSubscriptions/EventSubscription-ps9713?api-version=2019-06-01",
      "EncodedRequestUri": "Ly9zdWJzY3JpcHRpb25zLzViNGI2NTBlLTI4YjktNDc5MC1iM2FiLWRkYmQ4OGQ3MjdjNC9yZXNvdXJjZUdyb3Vwcy9SR05hbWUtcHM3Nzc2L3Byb3ZpZGVycy9NaWNyb3NvZnQuRXZlbnRHcmlkL2RvbWFpbnMvUFNUZXN0RG9tYWluLXBzMzg4L3RvcGljcy9QU1Rlc3REb21haW5Ub3BpYy1wczMyOTkvcHJvdmlkZXJzL01pY3Jvc29mdC5FdmVudEdyaWQvZXZlbnRTdWJzY3JpcHRpb25zL0V2ZW50U3Vic2NyaXB0aW9uLXBzOTcxMz9hcGktdmVyc2lvbj0yMDE5LTA2LTAx",
      "RequestMethod": "PATCH",
      "RequestBody": "{\r\n  \"filter\": {\r\n    \"subjectBeginsWith\": \"UpdatedText1\",\r\n    \"subjectEndsWith\": \"Updatedtext2\",\r\n    \"advancedFilters\": [\r\n      {\r\n        \"operatorType\": \"NumberIn\",\r\n        \"values\": [\r\n          1.0,\r\n          2.0\r\n        ],\r\n        \"key\": \"Data.Key1\"\r\n      },\r\n      {\r\n        \"operatorType\": \"NumberGreaterThan\",\r\n        \"value\": 12.1,\r\n        \"key\": \"Data.Key122\"\r\n      }\r\n    ]\r\n  },\r\n  \"retryPolicy\": {\r\n    \"maxDeliveryAttempts\": 12,\r\n    \"eventTimeToLiveInMinutes\": 20\r\n  }\r\n}",
      "RequestHeaders": {
        "x-ms-client-request-id": [
          "25a2629f-d7a5-4173-9321-b0662f7d78a2"
        ],
        "Accept-Language": [
          "en-US"
        ],
        "User-Agent": [
          "FxVersion/4.6.27617.04",
          "OSName/Windows",
          "OSVersion/Microsoft.Windows.10.0.18362.",
          "Microsoft.Azure.Management.EventGrid.EventGridManagementClient/5.0.0.0"
        ],
        "Content-Type": [
          "application/json; charset=utf-8"
        ],
        "Content-Length": [
          "499"
        ]
      },
      "ResponseHeaders": {
        "Cache-Control": [
          "no-cache"
        ],
        "Pragma": [
          "no-cache"
        ],
        "Retry-After": [
          "10"
        ],
        "Strict-Transport-Security": [
          "max-age=31536000; includeSubDomains"
        ],
        "Azure-AsyncOperation": [
          "https://management.azure.com:443/subscriptions/5b4b650e-28b9-4790-b3ab-ddbd88d727c4/providers/Microsoft.EventGrid/locations/centraluseuap/operationsStatus/6A065B78-A5FA-4572-BA1E-E66E06240045?api-version=2019-06-01"
        ],
        "x-ms-request-id": [
          "c3f08dcc-857d-4402-85a7-63d374b73a2f"
        ],
        "Server": [
          "Microsoft-HTTPAPI/2.0"
        ],
        "x-ms-ratelimit-remaining-subscription-writes": [
          "1192"
        ],
        "x-ms-correlation-request-id": [
          "cf46a0bd-cc88-4044-b312-d860b0b0cfc6"
        ],
        "x-ms-routing-request-id": [
          "CENTRALUS:20190523T190036Z:cf46a0bd-cc88-4044-b312-d860b0b0cfc6"
        ],
        "X-Content-Type-Options": [
          "nosniff"
        ],
        "Date": [
          "Thu, 23 May 2019 19:00:35 GMT"
        ],
        "Content-Length": [
          "1143"
        ],
        "Content-Type": [
          "application/json; charset=utf-8"
        ],
        "Expires": [
          "-1"
        ]
      },
      "ResponseBody": "{\r\n  \"properties\": {\r\n    \"topic\": \"/subscriptions/5b4b650e-28b9-4790-b3ab-ddbd88d727c4/resourceGroups/rgname-ps7776/providers/microsoft.eventgrid/domains/pstestdomain-ps388/topics/pstestdomaintopic-ps3299\",\r\n    \"provisioningState\": \"Updating\",\r\n    \"destination\": {\r\n      \"properties\": {\r\n        \"endpointUrl\": null,\r\n        \"endpointBaseUrl\": \"https://devexpfuncappdestination.azurewebsites.net/runtime/webhooks/EventGrid\"\r\n      },\r\n      \"endpointType\": \"WebHook\"\r\n    },\r\n    \"filter\": {\r\n      \"subjectBeginsWith\": \"UpdatedText1\",\r\n      \"subjectEndsWith\": \"Updatedtext2\",\r\n      \"advancedFilters\": [\r\n        {\r\n          \"values\": [\r\n            1.0,\r\n            2.0\r\n          ],\r\n          \"operatorType\": \"NumberIn\",\r\n          \"key\": \"Data.Key1\"\r\n        },\r\n        {\r\n          \"value\": 12.1,\r\n          \"operatorType\": \"NumberGreaterThan\",\r\n          \"key\": \"Data.Key122\"\r\n        }\r\n      ]\r\n    },\r\n    \"labels\": null,\r\n    \"expirationTimeUtc\": \"2019-06-02T19:00:14.0263907Z\",\r\n    \"eventDeliverySchema\": \"EventGridSchema\",\r\n    \"retryPolicy\": {\r\n      \"maxDeliveryAttempts\": 12,\r\n      \"eventTimeToLiveInMinutes\": 20\r\n    }\r\n  },\r\n  \"id\": \"/subscriptions/5b4b650e-28b9-4790-b3ab-ddbd88d727c4/resourceGroups/RGName-ps7776/providers/Microsoft.EventGrid/domains/PSTestDomain-ps388/topics/PSTestDomainTopic-ps3299/providers/Microsoft.EventGrid/eventSubscriptions/EventSubscription-ps9713\",\r\n  \"name\": \"EventSubscription-ps9713\",\r\n  \"type\": \"Microsoft.EventGrid/eventSubscriptions\"\r\n}",
      "StatusCode": 201
    },
    {
      "RequestUri": "/subscriptions/5b4b650e-28b9-4790-b3ab-ddbd88d727c4/providers/Microsoft.EventGrid/locations/centraluseuap/operationsStatus/D266124C-D3E6-4C3D-8939-1F29ED5E319E?api-version=2019-06-01",
      "EncodedRequestUri": "L3N1YnNjcmlwdGlvbnMvNWI0YjY1MGUtMjhiOS00NzkwLWIzYWItZGRiZDg4ZDcyN2M0L3Byb3ZpZGVycy9NaWNyb3NvZnQuRXZlbnRHcmlkL2xvY2F0aW9ucy9jZW50cmFsdXNldWFwL29wZXJhdGlvbnNTdGF0dXMvRDI2NjEyNEMtRDNFNi00QzNELTg5MzktMUYyOUVENUUzMTlFP2FwaS12ZXJzaW9uPTIwMTktMDYtMDE=",
      "RequestMethod": "GET",
      "RequestBody": "",
      "RequestHeaders": {
        "User-Agent": [
          "FxVersion/4.6.27617.04",
          "OSName/Windows",
          "OSVersion/Microsoft.Windows.10.0.18362.",
          "Microsoft.Azure.Management.EventGrid.EventGridManagementClient/5.0.0.0"
        ]
      },
      "ResponseHeaders": {
        "Cache-Control": [
          "no-cache"
        ],
        "Pragma": [
          "no-cache"
        ],
        "Strict-Transport-Security": [
          "max-age=31536000; includeSubDomains"
        ],
        "x-ms-request-id": [
          "1d1cec7d-7b66-4b35-ab23-3d720c05845c"
        ],
        "Server": [
          "Microsoft-HTTPAPI/2.0"
        ],
        "x-ms-ratelimit-remaining-subscription-reads": [
          "11985"
        ],
        "x-ms-correlation-request-id": [
          "6b74e781-a17c-4c5c-8aaa-48b5c79ff88b"
        ],
        "x-ms-routing-request-id": [
          "CENTRALUS:20190523T190024Z:6b74e781-a17c-4c5c-8aaa-48b5c79ff88b"
        ],
        "X-Content-Type-Options": [
          "nosniff"
        ],
        "Date": [
          "Thu, 23 May 2019 19:00:24 GMT"
        ],
        "Content-Length": [
          "286"
        ],
        "Content-Type": [
          "application/json; charset=utf-8"
        ],
        "Expires": [
          "-1"
        ]
      },
      "ResponseBody": "{\r\n  \"id\": \"https://management.azure.com/subscriptions/5b4b650e-28b9-4790-b3ab-ddbd88d727c4/providers/Microsoft.EventGrid/locations/centraluseuap/operationsStatus/D266124C-D3E6-4C3D-8939-1F29ED5E319E?api-version=2019-06-01\",\r\n  \"name\": \"d266124c-d3e6-4c3d-8939-1f29ed5e319e\",\r\n  \"status\": \"Succeeded\"\r\n}",
      "StatusCode": 200
    },
    {
      "RequestUri": "//subscriptions/5b4b650e-28b9-4790-b3ab-ddbd88d727c4/resourceGroups/rgname-ps7776/providers/microsoft.eventgrid/domains/pstestdomain-ps388/topics/pstestdomaintopic-ps3299/providers/Microsoft.EventGrid/eventSubscriptions/EventSubscription-ps9713?api-version=2019-06-01",
      "EncodedRequestUri": "Ly9zdWJzY3JpcHRpb25zLzViNGI2NTBlLTI4YjktNDc5MC1iM2FiLWRkYmQ4OGQ3MjdjNC9yZXNvdXJjZUdyb3Vwcy9yZ25hbWUtcHM3Nzc2L3Byb3ZpZGVycy9taWNyb3NvZnQuZXZlbnRncmlkL2RvbWFpbnMvcHN0ZXN0ZG9tYWluLXBzMzg4L3RvcGljcy9wc3Rlc3Rkb21haW50b3BpYy1wczMyOTkvcHJvdmlkZXJzL01pY3Jvc29mdC5FdmVudEdyaWQvZXZlbnRTdWJzY3JpcHRpb25zL0V2ZW50U3Vic2NyaXB0aW9uLXBzOTcxMz9hcGktdmVyc2lvbj0yMDE5LTA2LTAx",
      "RequestMethod": "GET",
      "RequestBody": "",
      "RequestHeaders": {
        "x-ms-client-request-id": [
          "3416a1ec-c757-4281-bd46-4a81a045b79e"
        ],
        "Accept-Language": [
          "en-US"
        ],
        "User-Agent": [
          "FxVersion/4.6.27617.04",
          "OSName/Windows",
          "OSVersion/Microsoft.Windows.10.0.18362.",
          "Microsoft.Azure.Management.EventGrid.EventGridManagementClient/5.0.0.0"
        ]
      },
      "ResponseHeaders": {
        "Cache-Control": [
          "no-cache"
        ],
        "Pragma": [
          "no-cache"
        ],
        "Strict-Transport-Security": [
          "max-age=31536000; includeSubDomains"
        ],
        "x-ms-request-id": [
          "9d3e54e9-a998-4386-a62e-708d1bd4c612"
        ],
        "x-ms-ratelimit-remaining-subscription-reads": [
          "11982"
        ],
        "Server": [
          "Microsoft-HTTPAPI/2.0"
        ],
        "x-ms-correlation-request-id": [
          "228f321c-a272-41ae-a023-3a0607a12889"
        ],
        "x-ms-routing-request-id": [
          "CENTRALUS:20190523T190024Z:228f321c-a272-41ae-a023-3a0607a12889"
        ],
        "X-Content-Type-Options": [
          "nosniff"
        ],
        "Date": [
          "Thu, 23 May 2019 19:00:24 GMT"
        ],
        "Content-Length": [
          "949"
        ],
        "Content-Type": [
          "application/json; charset=utf-8"
        ],
        "Expires": [
          "-1"
        ]
      },
      "ResponseBody": "{\r\n  \"properties\": {\r\n    \"topic\": \"/subscriptions/5b4b650e-28b9-4790-b3ab-ddbd88d727c4/resourceGroups/rgname-ps7776/providers/microsoft.eventgrid/domains/pstestdomain-ps388/topics/pstestdomaintopic-ps3299\",\r\n    \"provisioningState\": \"Succeeded\",\r\n    \"destination\": {\r\n      \"properties\": {\r\n        \"endpointUrl\": null,\r\n        \"endpointBaseUrl\": \"https://devexpfuncappdestination.azurewebsites.net/runtime/webhooks/EventGrid\"\r\n      },\r\n      \"endpointType\": \"WebHook\"\r\n    },\r\n    \"filter\": {\r\n      \"subjectBeginsWith\": \"UpdatedText1\",\r\n      \"subjectEndsWith\": \"Updatedtext2\"\r\n    },\r\n    \"labels\": null,\r\n    \"expirationTimeUtc\": \"2019-06-02T19:00:14.0263907Z\",\r\n    \"retryPolicy\": {\r\n      \"maxDeliveryAttempts\": 12,\r\n      \"eventTimeToLiveInMinutes\": 20\r\n    }\r\n  },\r\n  \"id\": \"/subscriptions/5b4b650e-28b9-4790-b3ab-ddbd88d727c4/resourceGroups/RGName-ps7776/providers/Microsoft.EventGrid/domains/PSTestDomain-ps388/topics/PSTestDomainTopic-ps3299/providers/Microsoft.EventGrid/eventSubscriptions/EventSubscription-ps9713\",\r\n  \"name\": \"EventSubscription-ps9713\",\r\n  \"type\": \"Microsoft.EventGrid/eventSubscriptions\"\r\n}",
      "StatusCode": 200
    },
    {
      "RequestUri": "//subscriptions/5b4b650e-28b9-4790-b3ab-ddbd88d727c4/resourceGroups/rgname-ps7776/providers/microsoft.eventgrid/domains/pstestdomain-ps388/topics/pstestdomaintopic-ps3299/providers/Microsoft.EventGrid/eventSubscriptions/EventSubscription-ps9713?api-version=2019-06-01",
      "EncodedRequestUri": "Ly9zdWJzY3JpcHRpb25zLzViNGI2NTBlLTI4YjktNDc5MC1iM2FiLWRkYmQ4OGQ3MjdjNC9yZXNvdXJjZUdyb3Vwcy9yZ25hbWUtcHM3Nzc2L3Byb3ZpZGVycy9taWNyb3NvZnQuZXZlbnRncmlkL2RvbWFpbnMvcHN0ZXN0ZG9tYWluLXBzMzg4L3RvcGljcy9wc3Rlc3Rkb21haW50b3BpYy1wczMyOTkvcHJvdmlkZXJzL01pY3Jvc29mdC5FdmVudEdyaWQvZXZlbnRTdWJzY3JpcHRpb25zL0V2ZW50U3Vic2NyaXB0aW9uLXBzOTcxMz9hcGktdmVyc2lvbj0yMDE5LTA2LTAx",
      "RequestMethod": "GET",
      "RequestBody": "",
      "RequestHeaders": {
        "User-Agent": [
          "FxVersion/4.6.27617.04",
          "OSName/Windows",
          "OSVersion/Microsoft.Windows.10.0.18362.",
          "Microsoft.Azure.Management.EventGrid.EventGridManagementClient/5.0.0.0"
        ]
      },
      "ResponseHeaders": {
        "Cache-Control": [
          "no-cache"
        ],
        "Pragma": [
          "no-cache"
        ],
        "Strict-Transport-Security": [
          "max-age=31536000; includeSubDomains"
        ],
        "x-ms-request-id": [
          "5b25e3a3-a75d-4e14-9a90-41099e780cf0"
        ],
        "Server": [
          "Microsoft-HTTPAPI/2.0"
        ],
        "x-ms-ratelimit-remaining-subscription-reads": [
          "11980"
        ],
        "x-ms-correlation-request-id": [
          "7a0fe118-7800-41e2-98c8-3e611826a205"
        ],
        "x-ms-routing-request-id": [
          "CENTRALUS:20190523T190035Z:7a0fe118-7800-41e2-98c8-3e611826a205"
        ],
        "X-Content-Type-Options": [
          "nosniff"
        ],
        "Date": [
          "Thu, 23 May 2019 19:00:34 GMT"
        ],
        "Content-Length": [
          "1037"
        ],
        "Content-Type": [
          "application/json; charset=utf-8"
        ],
        "Expires": [
          "-1"
        ]
      },
      "ResponseBody": "{\r\n  \"properties\": {\r\n    \"topic\": \"/subscriptions/5b4b650e-28b9-4790-b3ab-ddbd88d727c4/resourceGroups/rgname-ps7776/providers/microsoft.eventgrid/domains/pstestdomain-ps388/topics/pstestdomaintopic-ps3299\",\r\n    \"provisioningState\": \"Succeeded\",\r\n    \"destination\": {\r\n      \"properties\": {\r\n        \"endpointUrl\": null,\r\n        \"endpointBaseUrl\": \"https://devexpfuncappdestination.azurewebsites.net/runtime/webhooks/EventGrid\"\r\n      },\r\n      \"endpointType\": \"WebHook\"\r\n    },\r\n    \"filter\": {\r\n      \"subjectBeginsWith\": \"UpdatedText1\",\r\n      \"subjectEndsWith\": \"Updatedtext2\",\r\n      \"advancedFilters\": [\r\n        {\r\n          \"value\": 205.12,\r\n          \"operatorType\": \"NumberLessThan\",\r\n          \"key\": \"Data.Key12\"\r\n        }\r\n      ]\r\n    },\r\n    \"labels\": null,\r\n    \"expirationTimeUtc\": \"2019-06-02T19:00:14.0263907Z\",\r\n    \"retryPolicy\": {\r\n      \"maxDeliveryAttempts\": 12,\r\n      \"eventTimeToLiveInMinutes\": 20\r\n    }\r\n  },\r\n  \"id\": \"/subscriptions/5b4b650e-28b9-4790-b3ab-ddbd88d727c4/resourceGroups/RGName-ps7776/providers/Microsoft.EventGrid/domains/PSTestDomain-ps388/topics/PSTestDomainTopic-ps3299/providers/Microsoft.EventGrid/eventSubscriptions/EventSubscription-ps9713\",\r\n  \"name\": \"EventSubscription-ps9713\",\r\n  \"type\": \"Microsoft.EventGrid/eventSubscriptions\"\r\n}",
      "StatusCode": 200
    },
    {
      "RequestUri": "//subscriptions/5b4b650e-28b9-4790-b3ab-ddbd88d727c4/resourceGroups/rgname-ps7776/providers/microsoft.eventgrid/domains/pstestdomain-ps388/topics/pstestdomaintopic-ps3299/providers/Microsoft.EventGrid/eventSubscriptions/EventSubscription-ps9713?api-version=2019-06-01",
      "EncodedRequestUri": "Ly9zdWJzY3JpcHRpb25zLzViNGI2NTBlLTI4YjktNDc5MC1iM2FiLWRkYmQ4OGQ3MjdjNC9yZXNvdXJjZUdyb3Vwcy9yZ25hbWUtcHM3Nzc2L3Byb3ZpZGVycy9taWNyb3NvZnQuZXZlbnRncmlkL2RvbWFpbnMvcHN0ZXN0ZG9tYWluLXBzMzg4L3RvcGljcy9wc3Rlc3Rkb21haW50b3BpYy1wczMyOTkvcHJvdmlkZXJzL01pY3Jvc29mdC5FdmVudEdyaWQvZXZlbnRTdWJzY3JpcHRpb25zL0V2ZW50U3Vic2NyaXB0aW9uLXBzOTcxMz9hcGktdmVyc2lvbj0yMDE5LTA2LTAx",
      "RequestMethod": "PATCH",
      "RequestBody": "{\r\n  \"filter\": {\r\n    \"subjectBeginsWith\": \"UpdatedText1\",\r\n    \"subjectEndsWith\": \"Updatedtext2\",\r\n    \"advancedFilters\": [\r\n      {\r\n        \"operatorType\": \"NumberLessThan\",\r\n        \"value\": 205.12,\r\n        \"key\": \"Data.Key12\"\r\n      }\r\n    ]\r\n  },\r\n  \"retryPolicy\": {\r\n    \"maxDeliveryAttempts\": 12,\r\n    \"eventTimeToLiveInMinutes\": 20\r\n  }\r\n}",
      "RequestHeaders": {
        "x-ms-client-request-id": [
          "7defb885-6105-48e1-a22c-0bea12b91ec2"
        ],
        "Accept-Language": [
          "en-US"
        ],
        "User-Agent": [
          "FxVersion/4.6.27617.04",
          "OSName/Windows",
          "OSVersion/Microsoft.Windows.10.0.18362.",
          "Microsoft.Azure.Management.EventGrid.EventGridManagementClient/5.0.0.0"
        ],
        "Content-Type": [
          "application/json; charset=utf-8"
        ],
        "Content-Length": [
          "349"
        ]
      },
      "ResponseHeaders": {
        "Cache-Control": [
          "no-cache"
        ],
        "Pragma": [
          "no-cache"
        ],
        "Retry-After": [
          "10"
        ],
        "Strict-Transport-Security": [
          "max-age=31536000; includeSubDomains"
        ],
        "Azure-AsyncOperation": [
          "https://management.azure.com:443/subscriptions/5b4b650e-28b9-4790-b3ab-ddbd88d727c4/providers/Microsoft.EventGrid/locations/centraluseuap/operationsStatus/A3DE2945-FFA4-4312-81BF-7B05798950F7?api-version=2019-06-01"
        ],
        "x-ms-request-id": [
          "3b0b861e-6d9a-4856-b975-a246657ca442"
        ],
        "Server": [
          "Microsoft-HTTPAPI/2.0"
        ],
        "x-ms-ratelimit-remaining-subscription-writes": [
          "1193"
        ],
        "x-ms-correlation-request-id": [
          "11787ae8-be36-4233-9ea5-678862ec1832"
        ],
        "x-ms-routing-request-id": [
          "CENTRALUS:20190523T190025Z:11787ae8-be36-4233-9ea5-678862ec1832"
        ],
        "X-Content-Type-Options": [
          "nosniff"
        ],
        "Date": [
          "Thu, 23 May 2019 19:00:24 GMT"
        ],
        "Content-Length": [
          "1076"
        ],
        "Content-Type": [
          "application/json; charset=utf-8"
        ],
        "Expires": [
          "-1"
        ]
      },
      "ResponseBody": "{\r\n  \"properties\": {\r\n    \"topic\": \"/subscriptions/5b4b650e-28b9-4790-b3ab-ddbd88d727c4/resourceGroups/rgname-ps7776/providers/microsoft.eventgrid/domains/pstestdomain-ps388/topics/pstestdomaintopic-ps3299\",\r\n    \"provisioningState\": \"Updating\",\r\n    \"destination\": {\r\n      \"properties\": {\r\n        \"endpointUrl\": null,\r\n        \"endpointBaseUrl\": \"https://devexpfuncappdestination.azurewebsites.net/runtime/webhooks/EventGrid\"\r\n      },\r\n      \"endpointType\": \"WebHook\"\r\n    },\r\n    \"filter\": {\r\n      \"subjectBeginsWith\": \"UpdatedText1\",\r\n      \"subjectEndsWith\": \"Updatedtext2\",\r\n      \"advancedFilters\": [\r\n        {\r\n          \"value\": 205.12,\r\n          \"operatorType\": \"NumberLessThan\",\r\n          \"key\": \"Data.Key12\"\r\n        }\r\n      ]\r\n    },\r\n    \"labels\": null,\r\n    \"expirationTimeUtc\": \"2019-06-02T19:00:14.0263907Z\",\r\n    \"eventDeliverySchema\": \"EventGridSchema\",\r\n    \"retryPolicy\": {\r\n      \"maxDeliveryAttempts\": 12,\r\n      \"eventTimeToLiveInMinutes\": 20\r\n    }\r\n  },\r\n  \"id\": \"/subscriptions/5b4b650e-28b9-4790-b3ab-ddbd88d727c4/resourceGroups/RGName-ps7776/providers/Microsoft.EventGrid/domains/PSTestDomain-ps388/topics/PSTestDomainTopic-ps3299/providers/Microsoft.EventGrid/eventSubscriptions/EventSubscription-ps9713\",\r\n  \"name\": \"EventSubscription-ps9713\",\r\n  \"type\": \"Microsoft.EventGrid/eventSubscriptions\"\r\n}",
      "StatusCode": 201
    },
    {
      "RequestUri": "/subscriptions/5b4b650e-28b9-4790-b3ab-ddbd88d727c4/providers/Microsoft.EventGrid/locations/centraluseuap/operationsStatus/A3DE2945-FFA4-4312-81BF-7B05798950F7?api-version=2019-06-01",
      "EncodedRequestUri": "L3N1YnNjcmlwdGlvbnMvNWI0YjY1MGUtMjhiOS00NzkwLWIzYWItZGRiZDg4ZDcyN2M0L3Byb3ZpZGVycy9NaWNyb3NvZnQuRXZlbnRHcmlkL2xvY2F0aW9ucy9jZW50cmFsdXNldWFwL29wZXJhdGlvbnNTdGF0dXMvQTNERTI5NDUtRkZBNC00MzEyLTgxQkYtN0IwNTc5ODk1MEY3P2FwaS12ZXJzaW9uPTIwMTktMDYtMDE=",
      "RequestMethod": "GET",
      "RequestBody": "",
      "RequestHeaders": {
        "User-Agent": [
          "FxVersion/4.6.27617.04",
          "OSName/Windows",
          "OSVersion/Microsoft.Windows.10.0.18362.",
          "Microsoft.Azure.Management.EventGrid.EventGridManagementClient/5.0.0.0"
        ]
      },
      "ResponseHeaders": {
        "Cache-Control": [
          "no-cache"
        ],
        "Pragma": [
          "no-cache"
        ],
        "Strict-Transport-Security": [
          "max-age=31536000; includeSubDomains"
        ],
        "x-ms-request-id": [
          "f818f1fb-96ae-4554-9904-66aac9a50d0d"
        ],
        "Server": [
          "Microsoft-HTTPAPI/2.0"
        ],
        "x-ms-ratelimit-remaining-subscription-reads": [
          "11981"
        ],
        "x-ms-correlation-request-id": [
          "4ab7c35d-6a5e-4282-a502-91b317e8eb50"
        ],
        "x-ms-routing-request-id": [
          "CENTRALUS:20190523T190035Z:4ab7c35d-6a5e-4282-a502-91b317e8eb50"
        ],
        "X-Content-Type-Options": [
          "nosniff"
        ],
        "Date": [
          "Thu, 23 May 2019 19:00:34 GMT"
        ],
        "Content-Length": [
          "286"
        ],
        "Content-Type": [
          "application/json; charset=utf-8"
        ],
        "Expires": [
          "-1"
        ]
      },
      "ResponseBody": "{\r\n  \"id\": \"https://management.azure.com/subscriptions/5b4b650e-28b9-4790-b3ab-ddbd88d727c4/providers/Microsoft.EventGrid/locations/centraluseuap/operationsStatus/A3DE2945-FFA4-4312-81BF-7B05798950F7?api-version=2019-06-01\",\r\n  \"name\": \"a3de2945-ffa4-4312-81bf-7b05798950f7\",\r\n  \"status\": \"Succeeded\"\r\n}",
      "StatusCode": 200
    },
    {
      "RequestUri": "/subscriptions/5b4b650e-28b9-4790-b3ab-ddbd88d727c4/providers/Microsoft.EventGrid/locations/centraluseuap/operationsStatus/6A065B78-A5FA-4572-BA1E-E66E06240045?api-version=2019-06-01",
      "EncodedRequestUri": "L3N1YnNjcmlwdGlvbnMvNWI0YjY1MGUtMjhiOS00NzkwLWIzYWItZGRiZDg4ZDcyN2M0L3Byb3ZpZGVycy9NaWNyb3NvZnQuRXZlbnRHcmlkL2xvY2F0aW9ucy9jZW50cmFsdXNldWFwL29wZXJhdGlvbnNTdGF0dXMvNkEwNjVCNzgtQTVGQS00NTcyLUJBMUUtRTY2RTA2MjQwMDQ1P2FwaS12ZXJzaW9uPTIwMTktMDYtMDE=",
      "RequestMethod": "GET",
      "RequestBody": "",
      "RequestHeaders": {
        "User-Agent": [
          "FxVersion/4.6.27617.04",
          "OSName/Windows",
          "OSVersion/Microsoft.Windows.10.0.18362.",
          "Microsoft.Azure.Management.EventGrid.EventGridManagementClient/5.0.0.0"
        ]
      },
      "ResponseHeaders": {
        "Cache-Control": [
          "no-cache"
        ],
        "Pragma": [
          "no-cache"
        ],
        "Strict-Transport-Security": [
          "max-age=31536000; includeSubDomains"
        ],
        "x-ms-request-id": [
          "cf53cd02-9f71-4dbd-9c10-ce8fc4ff4d2b"
        ],
        "Server": [
          "Microsoft-HTTPAPI/2.0"
        ],
        "x-ms-ratelimit-remaining-subscription-reads": [
          "11977"
        ],
        "x-ms-correlation-request-id": [
          "d35f5b98-4d4f-4699-a8b9-82b93c048d8a"
        ],
        "x-ms-routing-request-id": [
          "CENTRALUS:20190523T190046Z:d35f5b98-4d4f-4699-a8b9-82b93c048d8a"
        ],
        "X-Content-Type-Options": [
          "nosniff"
        ],
        "Date": [
          "Thu, 23 May 2019 19:00:46 GMT"
        ],
        "Content-Length": [
          "286"
        ],
        "Content-Type": [
          "application/json; charset=utf-8"
        ],
        "Expires": [
          "-1"
        ]
      },
      "ResponseBody": "{\r\n  \"id\": \"https://management.azure.com/subscriptions/5b4b650e-28b9-4790-b3ab-ddbd88d727c4/providers/Microsoft.EventGrid/locations/centraluseuap/operationsStatus/6A065B78-A5FA-4572-BA1E-E66E06240045?api-version=2019-06-01\",\r\n  \"name\": \"6a065b78-a5fa-4572-ba1e-e66e06240045\",\r\n  \"status\": \"Succeeded\"\r\n}",
      "StatusCode": 200
    },
    {
      "RequestUri": "/subscriptions/5b4b650e-28b9-4790-b3ab-ddbd88d727c4/resourceGroups/RGName-ps7776/providers/Microsoft.EventGrid/domains/PSTestDomain-ps388/topics/PSTestDomainTopic-ps3299/providers/Microsoft.EventGrid/eventSubscriptions?api-version=2019-06-01",
      "EncodedRequestUri": "L3N1YnNjcmlwdGlvbnMvNWI0YjY1MGUtMjhiOS00NzkwLWIzYWItZGRiZDg4ZDcyN2M0L3Jlc291cmNlR3JvdXBzL1JHTmFtZS1wczc3NzYvcHJvdmlkZXJzL01pY3Jvc29mdC5FdmVudEdyaWQvZG9tYWlucy9QU1Rlc3REb21haW4tcHMzODgvdG9waWNzL1BTVGVzdERvbWFpblRvcGljLXBzMzI5OS9wcm92aWRlcnMvTWljcm9zb2Z0LkV2ZW50R3JpZC9ldmVudFN1YnNjcmlwdGlvbnM/YXBpLXZlcnNpb249MjAxOS0wNi0wMQ==",
      "RequestMethod": "GET",
      "RequestBody": "",
      "RequestHeaders": {
        "x-ms-client-request-id": [
          "d3b20f19-e5cb-4f37-bbd7-3396210d1a06"
        ],
        "Accept-Language": [
          "en-US"
        ],
        "User-Agent": [
          "FxVersion/4.6.27617.04",
          "OSName/Windows",
          "OSVersion/Microsoft.Windows.10.0.18362.",
          "Microsoft.Azure.Management.EventGrid.EventGridManagementClient/5.0.0.0"
        ]
      },
      "ResponseHeaders": {
        "Cache-Control": [
          "no-cache"
        ],
        "Pragma": [
          "no-cache"
        ],
        "Strict-Transport-Security": [
          "max-age=31536000; includeSubDomains"
        ],
        "x-ms-request-id": [
          "dcfdaf1f-019f-4ff4-bd65-740cc5ee5022"
        ],
        "Server": [
          "Microsoft-HTTPAPI/2.0"
        ],
        "x-ms-ratelimit-remaining-subscription-reads": [
          "11975"
        ],
        "x-ms-correlation-request-id": [
          "dd99c6a3-84c8-4898-9f60-27242f2a3aaf"
        ],
        "x-ms-routing-request-id": [
          "CENTRALUS:20190523T190046Z:dd99c6a3-84c8-4898-9f60-27242f2a3aaf"
        ],
        "X-Content-Type-Options": [
          "nosniff"
        ],
        "Date": [
          "Thu, 23 May 2019 19:00:46 GMT"
        ],
        "Content-Length": [
          "3747"
        ],
        "Content-Type": [
          "application/json; charset=utf-8"
        ],
        "Expires": [
          "-1"
        ]
      },
      "ResponseBody": "{\r\n  \"value\": [\r\n    {\r\n      \"properties\": {\r\n        \"topic\": \"/subscriptions/5b4b650e-28b9-4790-b3ab-ddbd88d727c4/resourceGroups/rgname-ps7776/providers/microsoft.eventgrid/domains/pstestdomain-ps388/topics/pstestdomaintopic-ps3299\",\r\n        \"provisioningState\": \"Succeeded\",\r\n        \"destination\": {\r\n          \"properties\": {\r\n            \"endpointUrl\": null,\r\n            \"endpointBaseUrl\": \"https://devexpfuncappdestination.azurewebsites.net/runtime/webhooks/EventGrid\"\r\n          },\r\n          \"endpointType\": \"WebHook\"\r\n        },\r\n        \"filter\": {\r\n          \"subjectBeginsWith\": \"\",\r\n          \"subjectEndsWith\": \"\"\r\n        },\r\n        \"labels\": null,\r\n        \"retryPolicy\": {\r\n          \"maxDeliveryAttempts\": 30,\r\n          \"eventTimeToLiveInMinutes\": 1440\r\n        }\r\n      },\r\n      \"id\": \"/subscriptions/5b4b650e-28b9-4790-b3ab-ddbd88d727c4/resourceGroups/RGName-ps7776/providers/Microsoft.EventGrid/domains/PSTestDomain-ps388/topics/PSTestDomainTopic-ps3299/providers/Microsoft.EventGrid/eventSubscriptions/EventSubscription-ps8715\",\r\n      \"name\": \"EventSubscription-ps8715\",\r\n      \"type\": \"Microsoft.EventGrid/eventSubscriptions\"\r\n    },\r\n    {\r\n      \"properties\": {\r\n        \"topic\": \"/subscriptions/5b4b650e-28b9-4790-b3ab-ddbd88d727c4/resourceGroups/rgname-ps7776/providers/microsoft.eventgrid/domains/pstestdomain-ps388/topics/pstestdomaintopic-ps3299\",\r\n        \"provisioningState\": \"Succeeded\",\r\n        \"destination\": {\r\n          \"properties\": {\r\n            \"endpointUrl\": null,\r\n            \"endpointBaseUrl\": \"https://devexpfuncappdestination.azurewebsites.net/runtime/webhooks/EventGrid\"\r\n          },\r\n          \"endpointType\": \"WebHook\"\r\n        },\r\n        \"filter\": {\r\n          \"subjectBeginsWith\": \"\",\r\n          \"subjectEndsWith\": \"\"\r\n        },\r\n        \"labels\": null,\r\n        \"retryPolicy\": {\r\n          \"maxDeliveryAttempts\": 30,\r\n          \"eventTimeToLiveInMinutes\": 1440\r\n        }\r\n      },\r\n      \"id\": \"/subscriptions/5b4b650e-28b9-4790-b3ab-ddbd88d727c4/resourceGroups/RGName-ps7776/providers/Microsoft.EventGrid/domains/PSTestDomain-ps388/topics/PSTestDomainTopic-ps3299/providers/Microsoft.EventGrid/eventSubscriptions/EventSubscription-ps5260\",\r\n      \"name\": \"EventSubscription-ps5260\",\r\n      \"type\": \"Microsoft.EventGrid/eventSubscriptions\"\r\n    },\r\n    {\r\n      \"properties\": {\r\n        \"topic\": \"/subscriptions/5b4b650e-28b9-4790-b3ab-ddbd88d727c4/resourceGroups/rgname-ps7776/providers/microsoft.eventgrid/domains/pstestdomain-ps388/topics/pstestdomaintopic-ps3299\",\r\n        \"provisioningState\": \"Succeeded\",\r\n        \"destination\": {\r\n          \"properties\": {\r\n            \"endpointUrl\": null,\r\n            \"endpointBaseUrl\": \"https://devexpfuncappdestination.azurewebsites.net/runtime/webhooks/EventGrid\"\r\n          },\r\n          \"endpointType\": \"WebHook\"\r\n        },\r\n        \"filter\": {\r\n          \"subjectBeginsWith\": \"\",\r\n          \"subjectEndsWith\": \"\"\r\n        },\r\n        \"labels\": null,\r\n        \"retryPolicy\": {\r\n          \"maxDeliveryAttempts\": 30,\r\n          \"eventTimeToLiveInMinutes\": 1440\r\n        }\r\n      },\r\n      \"id\": \"/subscriptions/5b4b650e-28b9-4790-b3ab-ddbd88d727c4/resourceGroups/rgname-ps7776/providers/Microsoft.EventGrid/domains/pstestdomain-ps388/topics/pstestdomaintopic-ps3299/providers/Microsoft.EventGrid/eventSubscriptions/EventSubscription-ps4460\",\r\n      \"name\": \"EventSubscription-ps4460\",\r\n      \"type\": \"Microsoft.EventGrid/eventSubscriptions\"\r\n    },\r\n    {\r\n      \"properties\": {\r\n        \"topic\": \"/subscriptions/5b4b650e-28b9-4790-b3ab-ddbd88d727c4/resourceGroups/rgname-ps7776/providers/microsoft.eventgrid/domains/pstestdomain-ps388/topics/pstestdomaintopic-ps3299\",\r\n        \"provisioningState\": \"Succeeded\",\r\n        \"destination\": {\r\n          \"properties\": {\r\n            \"endpointUrl\": null,\r\n            \"endpointBaseUrl\": \"https://devexpfuncappdestination.azurewebsites.net/runtime/webhooks/EventGrid\"\r\n          },\r\n          \"endpointType\": \"WebHook\"\r\n        },\r\n        \"filter\": {\r\n          \"subjectBeginsWith\": \"UpdatedText1\",\r\n          \"subjectEndsWith\": \"Updatedtext2\",\r\n          \"advancedFilters\": [\r\n            {\r\n              \"values\": [\r\n                1.0,\r\n                2.0\r\n              ],\r\n              \"operatorType\": \"NumberIn\",\r\n              \"key\": \"Data.Key1\"\r\n            },\r\n            {\r\n              \"value\": 12.1,\r\n              \"operatorType\": \"NumberGreaterThan\",\r\n              \"key\": \"Data.Key122\"\r\n            }\r\n          ]\r\n        },\r\n        \"labels\": null,\r\n        \"expirationTimeUtc\": \"2019-06-02T19:00:14.0263907Z\",\r\n        \"retryPolicy\": {\r\n          \"maxDeliveryAttempts\": 12,\r\n          \"eventTimeToLiveInMinutes\": 20\r\n        }\r\n      },\r\n      \"id\": \"/subscriptions/5b4b650e-28b9-4790-b3ab-ddbd88d727c4/resourceGroups/RGName-ps7776/providers/Microsoft.EventGrid/domains/PSTestDomain-ps388/topics/PSTestDomainTopic-ps3299/providers/Microsoft.EventGrid/eventSubscriptions/EventSubscription-ps9713\",\r\n      \"name\": \"EventSubscription-ps9713\",\r\n      \"type\": \"Microsoft.EventGrid/eventSubscriptions\"\r\n    }\r\n  ]\r\n}",
      "StatusCode": 200
    },
    {
      "RequestUri": "//subscriptions/5b4b650e-28b9-4790-b3ab-ddbd88d727c4/resourceGroups/rgname-ps7776/providers/microsoft.eventgrid/domains/pstestdomain-ps388/topics/pstestdomaintopic-ps3299/providers/Microsoft.EventGrid/eventSubscriptions/EventSubscription-ps8715/getFullUrl?api-version=2019-06-01",
      "EncodedRequestUri": "Ly9zdWJzY3JpcHRpb25zLzViNGI2NTBlLTI4YjktNDc5MC1iM2FiLWRkYmQ4OGQ3MjdjNC9yZXNvdXJjZUdyb3Vwcy9yZ25hbWUtcHM3Nzc2L3Byb3ZpZGVycy9taWNyb3NvZnQuZXZlbnRncmlkL2RvbWFpbnMvcHN0ZXN0ZG9tYWluLXBzMzg4L3RvcGljcy9wc3Rlc3Rkb21haW50b3BpYy1wczMyOTkvcHJvdmlkZXJzL01pY3Jvc29mdC5FdmVudEdyaWQvZXZlbnRTdWJzY3JpcHRpb25zL0V2ZW50U3Vic2NyaXB0aW9uLXBzODcxNS9nZXRGdWxsVXJsP2FwaS12ZXJzaW9uPTIwMTktMDYtMDE=",
      "RequestMethod": "POST",
      "RequestBody": "",
      "RequestHeaders": {
        "x-ms-client-request-id": [
          "d9ed72b5-fb75-49d4-a891-0a4826d504c8"
        ],
        "Accept-Language": [
          "en-US"
        ],
        "User-Agent": [
          "FxVersion/4.6.27617.04",
          "OSName/Windows",
          "OSVersion/Microsoft.Windows.10.0.18362.",
          "Microsoft.Azure.Management.EventGrid.EventGridManagementClient/5.0.0.0"
        ]
      },
      "ResponseHeaders": {
        "Cache-Control": [
          "no-cache"
        ],
        "Pragma": [
          "no-cache"
        ],
        "Strict-Transport-Security": [
          "max-age=31536000; includeSubDomains"
        ],
        "x-ms-request-id": [
          "f1b9782c-a011-4f29-8c20-de6d535647e5"
        ],
        "Server": [
          "Microsoft-HTTPAPI/2.0"
        ],
        "x-ms-ratelimit-remaining-subscription-writes": [
          "1197"
        ],
        "x-ms-correlation-request-id": [
          "576b1304-e04f-4e82-972e-693857442e53"
        ],
        "x-ms-routing-request-id": [
          "CENTRALUS:20190523T190046Z:576b1304-e04f-4e82-972e-693857442e53"
        ],
        "X-Content-Type-Options": [
          "nosniff"
        ],
        "Date": [
          "Thu, 23 May 2019 19:00:46 GMT"
        ],
        "Content-Length": [
          "188"
        ],
        "Content-Type": [
          "application/json; charset=utf-8"
        ],
        "Expires": [
          "-1"
        ]
      },
      "ResponseBody": "{\r\n  \"endpointUrl\": \"https://devexpfuncappdestination.azurewebsites.net/runtime/webhooks/EventGrid?functionName=EventGridTrigger1&code=<HIDDEN>\"\r\n}",
      "StatusCode": 200
    },
    {
      "RequestUri": "//subscriptions/5b4b650e-28b9-4790-b3ab-ddbd88d727c4/resourceGroups/rgname-ps7776/providers/microsoft.eventgrid/domains/pstestdomain-ps388/topics/pstestdomaintopic-ps3299/providers/Microsoft.EventGrid/eventSubscriptions/EventSubscription-ps5260/getFullUrl?api-version=2019-06-01",
      "EncodedRequestUri": "Ly9zdWJzY3JpcHRpb25zLzViNGI2NTBlLTI4YjktNDc5MC1iM2FiLWRkYmQ4OGQ3MjdjNC9yZXNvdXJjZUdyb3Vwcy9yZ25hbWUtcHM3Nzc2L3Byb3ZpZGVycy9taWNyb3NvZnQuZXZlbnRncmlkL2RvbWFpbnMvcHN0ZXN0ZG9tYWluLXBzMzg4L3RvcGljcy9wc3Rlc3Rkb21haW50b3BpYy1wczMyOTkvcHJvdmlkZXJzL01pY3Jvc29mdC5FdmVudEdyaWQvZXZlbnRTdWJzY3JpcHRpb25zL0V2ZW50U3Vic2NyaXB0aW9uLXBzNTI2MC9nZXRGdWxsVXJsP2FwaS12ZXJzaW9uPTIwMTktMDYtMDE=",
      "RequestMethod": "POST",
      "RequestBody": "",
      "RequestHeaders": {
        "x-ms-client-request-id": [
          "b7124f9e-8ad4-485e-9d03-792e7d0b79af"
        ],
        "Accept-Language": [
          "en-US"
        ],
        "User-Agent": [
          "FxVersion/4.6.27617.04",
          "OSName/Windows",
          "OSVersion/Microsoft.Windows.10.0.18362.",
          "Microsoft.Azure.Management.EventGrid.EventGridManagementClient/5.0.0.0"
        ]
      },
      "ResponseHeaders": {
        "Cache-Control": [
          "no-cache"
        ],
        "Pragma": [
          "no-cache"
        ],
        "Strict-Transport-Security": [
          "max-age=31536000; includeSubDomains"
        ],
        "x-ms-request-id": [
          "cd8b2322-c1b5-4457-a5e8-851fca9d23e5"
        ],
        "Server": [
          "Microsoft-HTTPAPI/2.0"
        ],
        "x-ms-ratelimit-remaining-subscription-writes": [
          "1196"
        ],
        "x-ms-correlation-request-id": [
          "05449075-845a-4779-b804-1f534561dcb7"
        ],
        "x-ms-routing-request-id": [
          "CENTRALUS:20190523T190046Z:05449075-845a-4779-b804-1f534561dcb7"
        ],
        "X-Content-Type-Options": [
          "nosniff"
        ],
        "Date": [
          "Thu, 23 May 2019 19:00:46 GMT"
        ],
        "Content-Length": [
          "188"
        ],
        "Content-Type": [
          "application/json; charset=utf-8"
        ],
        "Expires": [
          "-1"
        ]
      },
      "ResponseBody": "{\r\n  \"endpointUrl\": \"https://devexpfuncappdestination.azurewebsites.net/runtime/webhooks/EventGrid?functionName=EventGridTrigger1&code=<HIDDEN>\"\r\n}",
      "StatusCode": 200
    },
    {
      "RequestUri": "//subscriptions/5b4b650e-28b9-4790-b3ab-ddbd88d727c4/resourceGroups/rgname-ps7776/providers/microsoft.eventgrid/domains/pstestdomain-ps388/topics/pstestdomaintopic-ps3299/providers/Microsoft.EventGrid/eventSubscriptions/EventSubscription-ps4460/getFullUrl?api-version=2019-06-01",
      "EncodedRequestUri": "Ly9zdWJzY3JpcHRpb25zLzViNGI2NTBlLTI4YjktNDc5MC1iM2FiLWRkYmQ4OGQ3MjdjNC9yZXNvdXJjZUdyb3Vwcy9yZ25hbWUtcHM3Nzc2L3Byb3ZpZGVycy9taWNyb3NvZnQuZXZlbnRncmlkL2RvbWFpbnMvcHN0ZXN0ZG9tYWluLXBzMzg4L3RvcGljcy9wc3Rlc3Rkb21haW50b3BpYy1wczMyOTkvcHJvdmlkZXJzL01pY3Jvc29mdC5FdmVudEdyaWQvZXZlbnRTdWJzY3JpcHRpb25zL0V2ZW50U3Vic2NyaXB0aW9uLXBzNDQ2MC9nZXRGdWxsVXJsP2FwaS12ZXJzaW9uPTIwMTktMDYtMDE=",
      "RequestMethod": "POST",
      "RequestBody": "",
      "RequestHeaders": {
        "x-ms-client-request-id": [
          "d549180f-3807-4b65-b834-46baa4fb9e70"
        ],
        "Accept-Language": [
          "en-US"
        ],
        "User-Agent": [
          "FxVersion/4.6.27617.04",
          "OSName/Windows",
          "OSVersion/Microsoft.Windows.10.0.18362.",
          "Microsoft.Azure.Management.EventGrid.EventGridManagementClient/5.0.0.0"
        ]
      },
      "ResponseHeaders": {
        "Cache-Control": [
          "no-cache"
        ],
        "Pragma": [
          "no-cache"
        ],
        "Strict-Transport-Security": [
          "max-age=31536000; includeSubDomains"
        ],
        "x-ms-request-id": [
          "1232c692-1f04-4d23-8f2c-1ccba4b2c22b"
        ],
        "Server": [
          "Microsoft-HTTPAPI/2.0"
        ],
        "x-ms-ratelimit-remaining-subscription-writes": [
          "1195"
        ],
        "x-ms-correlation-request-id": [
          "cd798c57-2f8a-4550-8b6b-ce8e03dc5385"
        ],
        "x-ms-routing-request-id": [
          "CENTRALUS:20190523T190046Z:cd798c57-2f8a-4550-8b6b-ce8e03dc5385"
        ],
        "X-Content-Type-Options": [
          "nosniff"
        ],
        "Date": [
          "Thu, 23 May 2019 19:00:46 GMT"
        ],
        "Content-Length": [
          "188"
        ],
        "Content-Type": [
          "application/json; charset=utf-8"
        ],
        "Expires": [
          "-1"
        ]
      },
      "ResponseBody": "{\r\n  \"endpointUrl\": \"https://devexpfuncappdestination.azurewebsites.net/runtime/webhooks/EventGrid?functionName=EventGridTrigger1&code=<HIDDEN>\"\r\n}",
      "StatusCode": 200
    },
    {
      "RequestUri": "//subscriptions/5b4b650e-28b9-4790-b3ab-ddbd88d727c4/resourceGroups/rgname-ps7776/providers/microsoft.eventgrid/domains/pstestdomain-ps388/topics/pstestdomaintopic-ps3299/providers/Microsoft.EventGrid/eventSubscriptions/EventSubscription-ps9713/getFullUrl?api-version=2019-06-01",
      "EncodedRequestUri": "Ly9zdWJzY3JpcHRpb25zLzViNGI2NTBlLTI4YjktNDc5MC1iM2FiLWRkYmQ4OGQ3MjdjNC9yZXNvdXJjZUdyb3Vwcy9yZ25hbWUtcHM3Nzc2L3Byb3ZpZGVycy9taWNyb3NvZnQuZXZlbnRncmlkL2RvbWFpbnMvcHN0ZXN0ZG9tYWluLXBzMzg4L3RvcGljcy9wc3Rlc3Rkb21haW50b3BpYy1wczMyOTkvcHJvdmlkZXJzL01pY3Jvc29mdC5FdmVudEdyaWQvZXZlbnRTdWJzY3JpcHRpb25zL0V2ZW50U3Vic2NyaXB0aW9uLXBzOTcxMy9nZXRGdWxsVXJsP2FwaS12ZXJzaW9uPTIwMTktMDYtMDE=",
      "RequestMethod": "POST",
      "RequestBody": "",
      "RequestHeaders": {
        "x-ms-client-request-id": [
          "04af2a73-3928-4b54-8f07-ef824fa60b7a"
        ],
        "Accept-Language": [
          "en-US"
        ],
        "User-Agent": [
          "FxVersion/4.6.27617.04",
          "OSName/Windows",
          "OSVersion/Microsoft.Windows.10.0.18362.",
          "Microsoft.Azure.Management.EventGrid.EventGridManagementClient/5.0.0.0"
        ]
      },
      "ResponseHeaders": {
        "Cache-Control": [
          "no-cache"
        ],
        "Pragma": [
          "no-cache"
        ],
        "Strict-Transport-Security": [
          "max-age=31536000; includeSubDomains"
        ],
        "x-ms-request-id": [
          "83df6eb8-a594-4cf8-b308-cadb66f98efd"
        ],
        "Server": [
          "Microsoft-HTTPAPI/2.0"
        ],
        "x-ms-ratelimit-remaining-subscription-writes": [
          "1194"
        ],
        "x-ms-correlation-request-id": [
          "a1ac48c1-e992-42cb-903a-45903ba4eb1e"
        ],
        "x-ms-routing-request-id": [
          "CENTRALUS:20190523T190046Z:a1ac48c1-e992-42cb-903a-45903ba4eb1e"
        ],
        "X-Content-Type-Options": [
          "nosniff"
        ],
        "Date": [
          "Thu, 23 May 2019 19:00:46 GMT"
        ],
        "Content-Length": [
          "188"
        ],
        "Content-Type": [
          "application/json; charset=utf-8"
        ],
        "Expires": [
          "-1"
        ]
      },
      "ResponseBody": "{\r\n  \"endpointUrl\": \"https://devexpfuncappdestination.azurewebsites.net/runtime/webhooks/EventGrid?functionName=EventGridTrigger1&code=<HIDDEN>\"\r\n}",
      "StatusCode": 200
    },
    {
      "RequestUri": "/subscriptions/5b4b650e-28b9-4790-b3ab-ddbd88d727c4/resourceGroups/rgname-ps7776/providers/Microsoft.EventGrid/domains/pstestdomain-ps388/topics/pstestdomaintopic-ps3299/providers/Microsoft.EventGrid/eventSubscriptions?api-version=2019-06-01",
      "EncodedRequestUri": "L3N1YnNjcmlwdGlvbnMvNWI0YjY1MGUtMjhiOS00NzkwLWIzYWItZGRiZDg4ZDcyN2M0L3Jlc291cmNlR3JvdXBzL3JnbmFtZS1wczc3NzYvcHJvdmlkZXJzL01pY3Jvc29mdC5FdmVudEdyaWQvZG9tYWlucy9wc3Rlc3Rkb21haW4tcHMzODgvdG9waWNzL3BzdGVzdGRvbWFpbnRvcGljLXBzMzI5OS9wcm92aWRlcnMvTWljcm9zb2Z0LkV2ZW50R3JpZC9ldmVudFN1YnNjcmlwdGlvbnM/YXBpLXZlcnNpb249MjAxOS0wNi0wMQ==",
      "RequestMethod": "GET",
      "RequestBody": "",
      "RequestHeaders": {
        "x-ms-client-request-id": [
          "e9b87078-6371-4686-9dbe-43aeeb6ecfb7"
        ],
        "Accept-Language": [
          "en-US"
        ],
        "User-Agent": [
          "FxVersion/4.6.27617.04",
          "OSName/Windows",
          "OSVersion/Microsoft.Windows.10.0.18362.",
          "Microsoft.Azure.Management.EventGrid.EventGridManagementClient/5.0.0.0"
        ]
      },
      "ResponseHeaders": {
        "Cache-Control": [
          "no-cache"
        ],
        "Pragma": [
          "no-cache"
        ],
        "Strict-Transport-Security": [
          "max-age=31536000; includeSubDomains"
        ],
        "x-ms-request-id": [
          "a8616763-feb7-43f8-af48-c6871c65299d"
        ],
        "Server": [
          "Microsoft-HTTPAPI/2.0"
        ],
        "x-ms-ratelimit-remaining-subscription-reads": [
          "11973"
        ],
        "x-ms-correlation-request-id": [
          "dcd57a06-40b6-4439-85d0-a4e9395adffb"
        ],
        "x-ms-routing-request-id": [
          "CENTRALUS:20190523T190046Z:dcd57a06-40b6-4439-85d0-a4e9395adffb"
        ],
        "X-Content-Type-Options": [
          "nosniff"
        ],
        "Date": [
          "Thu, 23 May 2019 19:00:46 GMT"
        ],
        "Content-Length": [
          "3747"
        ],
        "Content-Type": [
          "application/json; charset=utf-8"
        ],
        "Expires": [
          "-1"
        ]
      },
      "ResponseBody": "{\r\n  \"value\": [\r\n    {\r\n      \"properties\": {\r\n        \"topic\": \"/subscriptions/5b4b650e-28b9-4790-b3ab-ddbd88d727c4/resourceGroups/rgname-ps7776/providers/microsoft.eventgrid/domains/pstestdomain-ps388/topics/pstestdomaintopic-ps3299\",\r\n        \"provisioningState\": \"Succeeded\",\r\n        \"destination\": {\r\n          \"properties\": {\r\n            \"endpointUrl\": null,\r\n            \"endpointBaseUrl\": \"https://devexpfuncappdestination.azurewebsites.net/runtime/webhooks/EventGrid\"\r\n          },\r\n          \"endpointType\": \"WebHook\"\r\n        },\r\n        \"filter\": {\r\n          \"subjectBeginsWith\": \"\",\r\n          \"subjectEndsWith\": \"\"\r\n        },\r\n        \"labels\": null,\r\n        \"retryPolicy\": {\r\n          \"maxDeliveryAttempts\": 30,\r\n          \"eventTimeToLiveInMinutes\": 1440\r\n        }\r\n      },\r\n      \"id\": \"/subscriptions/5b4b650e-28b9-4790-b3ab-ddbd88d727c4/resourceGroups/RGName-ps7776/providers/Microsoft.EventGrid/domains/PSTestDomain-ps388/topics/PSTestDomainTopic-ps3299/providers/Microsoft.EventGrid/eventSubscriptions/EventSubscription-ps8715\",\r\n      \"name\": \"EventSubscription-ps8715\",\r\n      \"type\": \"Microsoft.EventGrid/eventSubscriptions\"\r\n    },\r\n    {\r\n      \"properties\": {\r\n        \"topic\": \"/subscriptions/5b4b650e-28b9-4790-b3ab-ddbd88d727c4/resourceGroups/rgname-ps7776/providers/microsoft.eventgrid/domains/pstestdomain-ps388/topics/pstestdomaintopic-ps3299\",\r\n        \"provisioningState\": \"Succeeded\",\r\n        \"destination\": {\r\n          \"properties\": {\r\n            \"endpointUrl\": null,\r\n            \"endpointBaseUrl\": \"https://devexpfuncappdestination.azurewebsites.net/runtime/webhooks/EventGrid\"\r\n          },\r\n          \"endpointType\": \"WebHook\"\r\n        },\r\n        \"filter\": {\r\n          \"subjectBeginsWith\": \"\",\r\n          \"subjectEndsWith\": \"\"\r\n        },\r\n        \"labels\": null,\r\n        \"retryPolicy\": {\r\n          \"maxDeliveryAttempts\": 30,\r\n          \"eventTimeToLiveInMinutes\": 1440\r\n        }\r\n      },\r\n      \"id\": \"/subscriptions/5b4b650e-28b9-4790-b3ab-ddbd88d727c4/resourceGroups/RGName-ps7776/providers/Microsoft.EventGrid/domains/PSTestDomain-ps388/topics/PSTestDomainTopic-ps3299/providers/Microsoft.EventGrid/eventSubscriptions/EventSubscription-ps5260\",\r\n      \"name\": \"EventSubscription-ps5260\",\r\n      \"type\": \"Microsoft.EventGrid/eventSubscriptions\"\r\n    },\r\n    {\r\n      \"properties\": {\r\n        \"topic\": \"/subscriptions/5b4b650e-28b9-4790-b3ab-ddbd88d727c4/resourceGroups/rgname-ps7776/providers/microsoft.eventgrid/domains/pstestdomain-ps388/topics/pstestdomaintopic-ps3299\",\r\n        \"provisioningState\": \"Succeeded\",\r\n        \"destination\": {\r\n          \"properties\": {\r\n            \"endpointUrl\": null,\r\n            \"endpointBaseUrl\": \"https://devexpfuncappdestination.azurewebsites.net/runtime/webhooks/EventGrid\"\r\n          },\r\n          \"endpointType\": \"WebHook\"\r\n        },\r\n        \"filter\": {\r\n          \"subjectBeginsWith\": \"\",\r\n          \"subjectEndsWith\": \"\"\r\n        },\r\n        \"labels\": null,\r\n        \"retryPolicy\": {\r\n          \"maxDeliveryAttempts\": 30,\r\n          \"eventTimeToLiveInMinutes\": 1440\r\n        }\r\n      },\r\n      \"id\": \"/subscriptions/5b4b650e-28b9-4790-b3ab-ddbd88d727c4/resourceGroups/rgname-ps7776/providers/Microsoft.EventGrid/domains/pstestdomain-ps388/topics/pstestdomaintopic-ps3299/providers/Microsoft.EventGrid/eventSubscriptions/EventSubscription-ps4460\",\r\n      \"name\": \"EventSubscription-ps4460\",\r\n      \"type\": \"Microsoft.EventGrid/eventSubscriptions\"\r\n    },\r\n    {\r\n      \"properties\": {\r\n        \"topic\": \"/subscriptions/5b4b650e-28b9-4790-b3ab-ddbd88d727c4/resourceGroups/rgname-ps7776/providers/microsoft.eventgrid/domains/pstestdomain-ps388/topics/pstestdomaintopic-ps3299\",\r\n        \"provisioningState\": \"Succeeded\",\r\n        \"destination\": {\r\n          \"properties\": {\r\n            \"endpointUrl\": null,\r\n            \"endpointBaseUrl\": \"https://devexpfuncappdestination.azurewebsites.net/runtime/webhooks/EventGrid\"\r\n          },\r\n          \"endpointType\": \"WebHook\"\r\n        },\r\n        \"filter\": {\r\n          \"subjectBeginsWith\": \"UpdatedText1\",\r\n          \"subjectEndsWith\": \"Updatedtext2\",\r\n          \"advancedFilters\": [\r\n            {\r\n              \"values\": [\r\n                1.0,\r\n                2.0\r\n              ],\r\n              \"operatorType\": \"NumberIn\",\r\n              \"key\": \"Data.Key1\"\r\n            },\r\n            {\r\n              \"value\": 12.1,\r\n              \"operatorType\": \"NumberGreaterThan\",\r\n              \"key\": \"Data.Key122\"\r\n            }\r\n          ]\r\n        },\r\n        \"labels\": null,\r\n        \"expirationTimeUtc\": \"2019-06-02T19:00:14.0263907Z\",\r\n        \"retryPolicy\": {\r\n          \"maxDeliveryAttempts\": 12,\r\n          \"eventTimeToLiveInMinutes\": 20\r\n        }\r\n      },\r\n      \"id\": \"/subscriptions/5b4b650e-28b9-4790-b3ab-ddbd88d727c4/resourceGroups/RGName-ps7776/providers/Microsoft.EventGrid/domains/PSTestDomain-ps388/topics/PSTestDomainTopic-ps3299/providers/Microsoft.EventGrid/eventSubscriptions/EventSubscription-ps9713\",\r\n      \"name\": \"EventSubscription-ps9713\",\r\n      \"type\": \"Microsoft.EventGrid/eventSubscriptions\"\r\n    }\r\n  ]\r\n}",
      "StatusCode": 200
    },
    {
      "RequestUri": "/subscriptions/5b4b650e-28b9-4790-b3ab-ddbd88d727c4/resourceGroups/rgname-ps7776/providers/Microsoft.EventGrid/domains/pstestdomain-ps388/topics/pstestdomaintopic-ps3299/providers/Microsoft.EventGrid/eventSubscriptions?api-version=2019-06-01",
      "EncodedRequestUri": "L3N1YnNjcmlwdGlvbnMvNWI0YjY1MGUtMjhiOS00NzkwLWIzYWItZGRiZDg4ZDcyN2M0L3Jlc291cmNlR3JvdXBzL3JnbmFtZS1wczc3NzYvcHJvdmlkZXJzL01pY3Jvc29mdC5FdmVudEdyaWQvZG9tYWlucy9wc3Rlc3Rkb21haW4tcHMzODgvdG9waWNzL3BzdGVzdGRvbWFpbnRvcGljLXBzMzI5OS9wcm92aWRlcnMvTWljcm9zb2Z0LkV2ZW50R3JpZC9ldmVudFN1YnNjcmlwdGlvbnM/YXBpLXZlcnNpb249MjAxOS0wNi0wMQ==",
      "RequestMethod": "GET",
      "RequestBody": "",
      "RequestHeaders": {
        "x-ms-client-request-id": [
          "167a9850-6ec1-4d64-960a-7b45501feede"
        ],
        "Accept-Language": [
          "en-US"
        ],
        "User-Agent": [
          "FxVersion/4.6.27617.04",
          "OSName/Windows",
          "OSVersion/Microsoft.Windows.10.0.18362.",
          "Microsoft.Azure.Management.EventGrid.EventGridManagementClient/5.0.0.0"
        ]
      },
      "ResponseHeaders": {
        "Cache-Control": [
          "no-cache"
        ],
        "Pragma": [
          "no-cache"
        ],
        "Strict-Transport-Security": [
          "max-age=31536000; includeSubDomains"
        ],
        "x-ms-request-id": [
          "5af00cf6-be62-4dc4-b7b5-cbfc4947be9d"
        ],
        "Server": [
          "Microsoft-HTTPAPI/2.0"
        ],
        "x-ms-ratelimit-remaining-subscription-reads": [
          "11967"
        ],
        "x-ms-correlation-request-id": [
          "d7c8393e-d602-4163-a278-1976e17b1a51"
        ],
        "x-ms-routing-request-id": [
          "CENTRALUS:20190523T190108Z:d7c8393e-d602-4163-a278-1976e17b1a51"
        ],
        "X-Content-Type-Options": [
          "nosniff"
        ],
        "Date": [
          "Thu, 23 May 2019 19:01:07 GMT"
        ],
        "Content-Length": [
          "1993"
        ],
        "Content-Type": [
          "application/json; charset=utf-8"
        ],
        "Expires": [
          "-1"
        ]
      },
      "ResponseBody": "{\r\n  \"value\": [\r\n    {\r\n      \"properties\": {\r\n        \"topic\": \"/subscriptions/5b4b650e-28b9-4790-b3ab-ddbd88d727c4/resourceGroups/rgname-ps7776/providers/microsoft.eventgrid/domains/pstestdomain-ps388/topics/pstestdomaintopic-ps3299\",\r\n        \"provisioningState\": \"Succeeded\",\r\n        \"destination\": {\r\n          \"properties\": {\r\n            \"endpointUrl\": null,\r\n            \"endpointBaseUrl\": \"https://devexpfuncappdestination.azurewebsites.net/runtime/webhooks/EventGrid\"\r\n          },\r\n          \"endpointType\": \"WebHook\"\r\n        },\r\n        \"filter\": {\r\n          \"subjectBeginsWith\": \"\",\r\n          \"subjectEndsWith\": \"\"\r\n        },\r\n        \"labels\": null,\r\n        \"retryPolicy\": {\r\n          \"maxDeliveryAttempts\": 30,\r\n          \"eventTimeToLiveInMinutes\": 1440\r\n        }\r\n      },\r\n      \"id\": \"/subscriptions/5b4b650e-28b9-4790-b3ab-ddbd88d727c4/resourceGroups/rgname-ps7776/providers/Microsoft.EventGrid/domains/pstestdomain-ps388/topics/pstestdomaintopic-ps3299/providers/Microsoft.EventGrid/eventSubscriptions/EventSubscription-ps4460\",\r\n      \"name\": \"EventSubscription-ps4460\",\r\n      \"type\": \"Microsoft.EventGrid/eventSubscriptions\"\r\n    },\r\n    {\r\n      \"properties\": {\r\n        \"topic\": \"/subscriptions/5b4b650e-28b9-4790-b3ab-ddbd88d727c4/resourceGroups/rgname-ps7776/providers/microsoft.eventgrid/domains/pstestdomain-ps388/topics/pstestdomaintopic-ps3299\",\r\n        \"provisioningState\": \"Succeeded\",\r\n        \"destination\": {\r\n          \"properties\": {\r\n            \"endpointUrl\": null,\r\n            \"endpointBaseUrl\": \"https://devexpfuncappdestination.azurewebsites.net/runtime/webhooks/EventGrid\"\r\n          },\r\n          \"endpointType\": \"WebHook\"\r\n        },\r\n        \"filter\": {\r\n          \"subjectBeginsWith\": \"UpdatedText1\",\r\n          \"subjectEndsWith\": \"Updatedtext2\",\r\n          \"advancedFilters\": [\r\n            {\r\n              \"values\": [\r\n                1.0,\r\n                2.0\r\n              ],\r\n              \"operatorType\": \"NumberIn\",\r\n              \"key\": \"Data.Key1\"\r\n            },\r\n            {\r\n              \"value\": 12.1,\r\n              \"operatorType\": \"NumberGreaterThan\",\r\n              \"key\": \"Data.Key122\"\r\n            }\r\n          ]\r\n        },\r\n        \"labels\": null,\r\n        \"expirationTimeUtc\": \"2019-06-02T19:00:14.0263907Z\",\r\n        \"retryPolicy\": {\r\n          \"maxDeliveryAttempts\": 12,\r\n          \"eventTimeToLiveInMinutes\": 20\r\n        }\r\n      },\r\n      \"id\": \"/subscriptions/5b4b650e-28b9-4790-b3ab-ddbd88d727c4/resourceGroups/RGName-ps7776/providers/Microsoft.EventGrid/domains/PSTestDomain-ps388/topics/PSTestDomainTopic-ps3299/providers/Microsoft.EventGrid/eventSubscriptions/EventSubscription-ps9713\",\r\n      \"name\": \"EventSubscription-ps9713\",\r\n      \"type\": \"Microsoft.EventGrid/eventSubscriptions\"\r\n    }\r\n  ]\r\n}",
      "StatusCode": 200
    },
    {
      "RequestUri": "//subscriptions/5b4b650e-28b9-4790-b3ab-ddbd88d727c4/resourceGroups/RGName-ps7776/providers/Microsoft.EventGrid/domains/PSTestDomain-ps388/topics/PSTestDomainTopic-ps3299/providers/Microsoft.EventGrid/eventSubscriptions/EventSubscription-ps8715?api-version=2019-06-01",
      "EncodedRequestUri": "Ly9zdWJzY3JpcHRpb25zLzViNGI2NTBlLTI4YjktNDc5MC1iM2FiLWRkYmQ4OGQ3MjdjNC9yZXNvdXJjZUdyb3Vwcy9SR05hbWUtcHM3Nzc2L3Byb3ZpZGVycy9NaWNyb3NvZnQuRXZlbnRHcmlkL2RvbWFpbnMvUFNUZXN0RG9tYWluLXBzMzg4L3RvcGljcy9QU1Rlc3REb21haW5Ub3BpYy1wczMyOTkvcHJvdmlkZXJzL01pY3Jvc29mdC5FdmVudEdyaWQvZXZlbnRTdWJzY3JpcHRpb25zL0V2ZW50U3Vic2NyaXB0aW9uLXBzODcxNT9hcGktdmVyc2lvbj0yMDE5LTA2LTAx",
      "RequestMethod": "DELETE",
      "RequestBody": "",
      "RequestHeaders": {
        "x-ms-client-request-id": [
          "b9f4931a-cde2-45a2-89fd-6d1bbd6759f4"
        ],
        "Accept-Language": [
          "en-US"
        ],
        "User-Agent": [
          "FxVersion/4.6.27617.04",
          "OSName/Windows",
          "OSVersion/Microsoft.Windows.10.0.18362.",
          "Microsoft.Azure.Management.EventGrid.EventGridManagementClient/5.0.0.0"
        ]
      },
      "ResponseHeaders": {
        "Cache-Control": [
          "no-cache"
        ],
        "Pragma": [
          "no-cache"
        ],
        "Location": [
          "https://management.azure.com/subscriptions/5b4b650e-28b9-4790-b3ab-ddbd88d727c4/providers/Microsoft.EventGrid/locations/centraluseuap/operationResults/BDC9D191-614D-46D4-9C95-CF74097D74B1?api-version=2019-06-01"
        ],
        "Retry-After": [
          "10"
        ],
        "Strict-Transport-Security": [
          "max-age=31536000; includeSubDomains"
        ],
        "Server": [
          "Microsoft-HTTPAPI/2.0"
        ],
        "x-ms-ratelimit-remaining-subscription-deletes": [
          "14999"
        ],
        "x-ms-request-id": [
          "2f3f60f7-7e87-46ad-85c0-a5063be94946"
        ],
        "x-ms-correlation-request-id": [
          "2f3f60f7-7e87-46ad-85c0-a5063be94946"
        ],
        "x-ms-routing-request-id": [
          "CENTRALUS:20190523T190047Z:2f3f60f7-7e87-46ad-85c0-a5063be94946"
        ],
        "X-Content-Type-Options": [
          "nosniff"
        ],
        "Date": [
          "Thu, 23 May 2019 19:00:47 GMT"
        ],
        "Expires": [
          "-1"
        ],
        "Content-Length": [
          "0"
        ]
      },
      "ResponseBody": "",
      "StatusCode": 202
    },
    {
      "RequestUri": "/subscriptions/5b4b650e-28b9-4790-b3ab-ddbd88d727c4/providers/Microsoft.EventGrid/locations/centraluseuap/operationResults/BDC9D191-614D-46D4-9C95-CF74097D74B1?api-version=2019-06-01",
      "EncodedRequestUri": "L3N1YnNjcmlwdGlvbnMvNWI0YjY1MGUtMjhiOS00NzkwLWIzYWItZGRiZDg4ZDcyN2M0L3Byb3ZpZGVycy9NaWNyb3NvZnQuRXZlbnRHcmlkL2xvY2F0aW9ucy9jZW50cmFsdXNldWFwL29wZXJhdGlvblJlc3VsdHMvQkRDOUQxOTEtNjE0RC00NkQ0LTlDOTUtQ0Y3NDA5N0Q3NEIxP2FwaS12ZXJzaW9uPTIwMTktMDYtMDE=",
      "RequestMethod": "GET",
      "RequestBody": "",
      "RequestHeaders": {
        "User-Agent": [
          "FxVersion/4.6.27617.04",
          "OSName/Windows",
          "OSVersion/Microsoft.Windows.10.0.18362.",
          "Microsoft.Azure.Management.EventGrid.EventGridManagementClient/5.0.0.0"
        ]
      },
      "ResponseHeaders": {
        "Cache-Control": [
          "no-cache"
        ],
        "Pragma": [
          "no-cache"
        ],
        "Strict-Transport-Security": [
          "max-age=31536000; includeSubDomains"
        ],
        "x-ms-request-id": [
          "00241c49-72d6-4bde-88ec-c19f2d406434"
        ],
        "Server": [
          "Microsoft-HTTPAPI/2.0"
        ],
        "x-ms-ratelimit-remaining-subscription-reads": [
          "11972"
        ],
        "x-ms-correlation-request-id": [
          "06864fe7-e54d-4851-8452-301a5df3ac5f"
        ],
        "x-ms-routing-request-id": [
          "CENTRALUS:20190523T190057Z:06864fe7-e54d-4851-8452-301a5df3ac5f"
        ],
        "X-Content-Type-Options": [
          "nosniff"
        ],
        "Date": [
          "Thu, 23 May 2019 19:00:57 GMT"
        ],
        "Expires": [
          "-1"
        ],
        "Content-Length": [
          "0"
        ]
      },
      "ResponseBody": "",
      "StatusCode": 200
    },
    {
      "RequestUri": "/subscriptions/5b4b650e-28b9-4790-b3ab-ddbd88d727c4/providers/Microsoft.EventGrid/locations/centraluseuap/operationResults/BDC9D191-614D-46D4-9C95-CF74097D74B1?api-version=2019-06-01",
      "EncodedRequestUri": "L3N1YnNjcmlwdGlvbnMvNWI0YjY1MGUtMjhiOS00NzkwLWIzYWItZGRiZDg4ZDcyN2M0L3Byb3ZpZGVycy9NaWNyb3NvZnQuRXZlbnRHcmlkL2xvY2F0aW9ucy9jZW50cmFsdXNldWFwL29wZXJhdGlvblJlc3VsdHMvQkRDOUQxOTEtNjE0RC00NkQ0LTlDOTUtQ0Y3NDA5N0Q3NEIxP2FwaS12ZXJzaW9uPTIwMTktMDYtMDE=",
      "RequestMethod": "GET",
      "RequestBody": "",
      "RequestHeaders": {
        "User-Agent": [
          "FxVersion/4.6.27617.04",
          "OSName/Windows",
          "OSVersion/Microsoft.Windows.10.0.18362.",
          "Microsoft.Azure.Management.EventGrid.EventGridManagementClient/5.0.0.0"
        ]
      },
      "ResponseHeaders": {
        "Cache-Control": [
          "no-cache"
        ],
        "Pragma": [
          "no-cache"
        ],
        "Strict-Transport-Security": [
          "max-age=31536000; includeSubDomains"
        ],
        "x-ms-request-id": [
          "bd2f70a8-c5db-47e1-b65f-e68bd0d55bba"
        ],
        "Server": [
          "Microsoft-HTTPAPI/2.0"
        ],
        "x-ms-ratelimit-remaining-subscription-reads": [
          "11971"
        ],
        "x-ms-correlation-request-id": [
          "588407b6-bbe8-48c7-ade7-496b5d1955e6"
        ],
        "x-ms-routing-request-id": [
          "CENTRALUS:20190523T190057Z:588407b6-bbe8-48c7-ade7-496b5d1955e6"
        ],
        "X-Content-Type-Options": [
          "nosniff"
        ],
        "Date": [
          "Thu, 23 May 2019 19:00:57 GMT"
        ],
        "Expires": [
          "-1"
        ],
        "Content-Length": [
          "0"
        ]
      },
      "ResponseBody": "",
      "StatusCode": 200
    },
    {
      "RequestUri": "//subscriptions/5b4b650e-28b9-4790-b3ab-ddbd88d727c4/resourceGroups/RGName-ps7776/providers/Microsoft.EventGrid/domains/PSTestDomain-ps388/topics/PSTestDomainTopic-ps3299/providers/Microsoft.EventGrid/eventSubscriptions/EventSubscription-ps5260?api-version=2019-06-01",
      "EncodedRequestUri": "Ly9zdWJzY3JpcHRpb25zLzViNGI2NTBlLTI4YjktNDc5MC1iM2FiLWRkYmQ4OGQ3MjdjNC9yZXNvdXJjZUdyb3Vwcy9SR05hbWUtcHM3Nzc2L3Byb3ZpZGVycy9NaWNyb3NvZnQuRXZlbnRHcmlkL2RvbWFpbnMvUFNUZXN0RG9tYWluLXBzMzg4L3RvcGljcy9QU1Rlc3REb21haW5Ub3BpYy1wczMyOTkvcHJvdmlkZXJzL01pY3Jvc29mdC5FdmVudEdyaWQvZXZlbnRTdWJzY3JpcHRpb25zL0V2ZW50U3Vic2NyaXB0aW9uLXBzNTI2MD9hcGktdmVyc2lvbj0yMDE5LTA2LTAx",
      "RequestMethod": "DELETE",
      "RequestBody": "",
      "RequestHeaders": {
        "x-ms-client-request-id": [
          "e5e244bd-0210-468a-9322-70e2026e3e2f"
        ],
        "Accept-Language": [
          "en-US"
        ],
        "User-Agent": [
          "FxVersion/4.6.27617.04",
          "OSName/Windows",
          "OSVersion/Microsoft.Windows.10.0.18362.",
          "Microsoft.Azure.Management.EventGrid.EventGridManagementClient/5.0.0.0"
        ]
      },
      "ResponseHeaders": {
        "Cache-Control": [
          "no-cache"
        ],
        "Pragma": [
          "no-cache"
        ],
        "Location": [
          "https://management.azure.com/subscriptions/5b4b650e-28b9-4790-b3ab-ddbd88d727c4/providers/Microsoft.EventGrid/locations/centraluseuap/operationResults/43773103-33B6-4AA5-AA9E-EAEB1B7C458A?api-version=2019-06-01"
        ],
        "Retry-After": [
          "10"
        ],
        "Strict-Transport-Security": [
          "max-age=31536000; includeSubDomains"
        ],
        "Server": [
          "Microsoft-HTTPAPI/2.0"
        ],
        "x-ms-ratelimit-remaining-subscription-deletes": [
          "14998"
        ],
        "x-ms-request-id": [
          "d2fd8242-ca8b-47ad-8a01-fb31eadfe05a"
        ],
        "x-ms-correlation-request-id": [
          "d2fd8242-ca8b-47ad-8a01-fb31eadfe05a"
        ],
        "x-ms-routing-request-id": [
          "CENTRALUS:20190523T190057Z:d2fd8242-ca8b-47ad-8a01-fb31eadfe05a"
        ],
        "X-Content-Type-Options": [
          "nosniff"
        ],
        "Date": [
          "Thu, 23 May 2019 19:00:57 GMT"
        ],
        "Expires": [
          "-1"
        ],
        "Content-Length": [
          "0"
        ]
      },
      "ResponseBody": "",
      "StatusCode": 202
    },
    {
      "RequestUri": "/subscriptions/5b4b650e-28b9-4790-b3ab-ddbd88d727c4/providers/Microsoft.EventGrid/locations/centraluseuap/operationResults/43773103-33B6-4AA5-AA9E-EAEB1B7C458A?api-version=2019-06-01",
      "EncodedRequestUri": "L3N1YnNjcmlwdGlvbnMvNWI0YjY1MGUtMjhiOS00NzkwLWIzYWItZGRiZDg4ZDcyN2M0L3Byb3ZpZGVycy9NaWNyb3NvZnQuRXZlbnRHcmlkL2xvY2F0aW9ucy9jZW50cmFsdXNldWFwL29wZXJhdGlvblJlc3VsdHMvNDM3NzMxMDMtMzNCNi00QUE1LUFBOUUtRUFFQjFCN0M0NThBP2FwaS12ZXJzaW9uPTIwMTktMDYtMDE=",
      "RequestMethod": "GET",
      "RequestBody": "",
      "RequestHeaders": {
        "User-Agent": [
          "FxVersion/4.6.27617.04",
          "OSName/Windows",
          "OSVersion/Microsoft.Windows.10.0.18362.",
          "Microsoft.Azure.Management.EventGrid.EventGridManagementClient/5.0.0.0"
        ]
      },
      "ResponseHeaders": {
        "Cache-Control": [
          "no-cache"
        ],
        "Pragma": [
          "no-cache"
        ],
        "Strict-Transport-Security": [
          "max-age=31536000; includeSubDomains"
        ],
        "x-ms-request-id": [
          "efa0102a-95be-465e-a2d3-c43a65e5dab4"
        ],
        "Server": [
          "Microsoft-HTTPAPI/2.0"
        ],
        "x-ms-ratelimit-remaining-subscription-reads": [
          "11970"
        ],
        "x-ms-correlation-request-id": [
          "87f483de-c07a-4c92-819a-8245d578ffe3"
        ],
        "x-ms-routing-request-id": [
          "CENTRALUS:20190523T190107Z:87f483de-c07a-4c92-819a-8245d578ffe3"
        ],
        "X-Content-Type-Options": [
          "nosniff"
        ],
        "Date": [
          "Thu, 23 May 2019 19:01:07 GMT"
        ],
        "Expires": [
          "-1"
        ],
        "Content-Length": [
          "0"
        ]
      },
      "ResponseBody": "",
      "StatusCode": 200
    },
    {
      "RequestUri": "/subscriptions/5b4b650e-28b9-4790-b3ab-ddbd88d727c4/providers/Microsoft.EventGrid/locations/centraluseuap/operationResults/43773103-33B6-4AA5-AA9E-EAEB1B7C458A?api-version=2019-06-01",
      "EncodedRequestUri": "L3N1YnNjcmlwdGlvbnMvNWI0YjY1MGUtMjhiOS00NzkwLWIzYWItZGRiZDg4ZDcyN2M0L3Byb3ZpZGVycy9NaWNyb3NvZnQuRXZlbnRHcmlkL2xvY2F0aW9ucy9jZW50cmFsdXNldWFwL29wZXJhdGlvblJlc3VsdHMvNDM3NzMxMDMtMzNCNi00QUE1LUFBOUUtRUFFQjFCN0M0NThBP2FwaS12ZXJzaW9uPTIwMTktMDYtMDE=",
      "RequestMethod": "GET",
      "RequestBody": "",
      "RequestHeaders": {
        "User-Agent": [
          "FxVersion/4.6.27617.04",
          "OSName/Windows",
          "OSVersion/Microsoft.Windows.10.0.18362.",
          "Microsoft.Azure.Management.EventGrid.EventGridManagementClient/5.0.0.0"
        ]
      },
      "ResponseHeaders": {
        "Cache-Control": [
          "no-cache"
        ],
        "Pragma": [
          "no-cache"
        ],
        "Strict-Transport-Security": [
          "max-age=31536000; includeSubDomains"
        ],
        "x-ms-request-id": [
          "adb6c984-1f83-49e3-a2e7-3fca6f457ea5"
        ],
        "Server": [
          "Microsoft-HTTPAPI/2.0"
        ],
        "x-ms-ratelimit-remaining-subscription-reads": [
          "11969"
        ],
        "x-ms-correlation-request-id": [
          "7976ddfa-83bf-4eb7-9bec-2266e76cedeb"
        ],
        "x-ms-routing-request-id": [
          "CENTRALUS:20190523T190107Z:7976ddfa-83bf-4eb7-9bec-2266e76cedeb"
        ],
        "X-Content-Type-Options": [
          "nosniff"
        ],
        "Date": [
          "Thu, 23 May 2019 19:01:07 GMT"
        ],
        "Expires": [
          "-1"
        ],
        "Content-Length": [
          "0"
        ]
      },
      "ResponseBody": "",
      "StatusCode": 200
    },
    {
      "RequestUri": "//subscriptions/5b4b650e-28b9-4790-b3ab-ddbd88d727c4/resourceGroups/rgname-ps7776/providers/Microsoft.EventGrid/domains/pstestdomain-ps388/topics/pstestdomaintopic-ps3299/providers/Microsoft.EventGrid/eventSubscriptions/EventSubscription-ps4460?api-version=2019-06-01",
      "EncodedRequestUri": "Ly9zdWJzY3JpcHRpb25zLzViNGI2NTBlLTI4YjktNDc5MC1iM2FiLWRkYmQ4OGQ3MjdjNC9yZXNvdXJjZUdyb3Vwcy9yZ25hbWUtcHM3Nzc2L3Byb3ZpZGVycy9NaWNyb3NvZnQuRXZlbnRHcmlkL2RvbWFpbnMvcHN0ZXN0ZG9tYWluLXBzMzg4L3RvcGljcy9wc3Rlc3Rkb21haW50b3BpYy1wczMyOTkvcHJvdmlkZXJzL01pY3Jvc29mdC5FdmVudEdyaWQvZXZlbnRTdWJzY3JpcHRpb25zL0V2ZW50U3Vic2NyaXB0aW9uLXBzNDQ2MD9hcGktdmVyc2lvbj0yMDE5LTA2LTAx",
      "RequestMethod": "DELETE",
      "RequestBody": "",
      "RequestHeaders": {
        "x-ms-client-request-id": [
          "db77e36f-c70a-44b1-8149-467979efd38f"
        ],
        "Accept-Language": [
          "en-US"
        ],
        "User-Agent": [
          "FxVersion/4.6.27617.04",
          "OSName/Windows",
          "OSVersion/Microsoft.Windows.10.0.18362.",
          "Microsoft.Azure.Management.EventGrid.EventGridManagementClient/5.0.0.0"
        ]
      },
      "ResponseHeaders": {
        "Cache-Control": [
          "no-cache"
        ],
        "Pragma": [
          "no-cache"
        ],
        "Location": [
          "https://management.azure.com/subscriptions/5b4b650e-28b9-4790-b3ab-ddbd88d727c4/providers/Microsoft.EventGrid/locations/centraluseuap/operationResults/0B069108-9B14-4916-A895-9C9A9CAB1FFE?api-version=2019-06-01"
        ],
        "Retry-After": [
          "10"
        ],
        "Strict-Transport-Security": [
          "max-age=31536000; includeSubDomains"
        ],
        "Server": [
          "Microsoft-HTTPAPI/2.0"
        ],
        "x-ms-ratelimit-remaining-subscription-deletes": [
          "14997"
        ],
        "x-ms-request-id": [
          "ee6f2850-e97d-4a56-832a-48a464fcaceb"
        ],
        "x-ms-correlation-request-id": [
          "ee6f2850-e97d-4a56-832a-48a464fcaceb"
        ],
        "x-ms-routing-request-id": [
          "CENTRALUS:20190523T190108Z:ee6f2850-e97d-4a56-832a-48a464fcaceb"
        ],
        "X-Content-Type-Options": [
          "nosniff"
        ],
        "Date": [
          "Thu, 23 May 2019 19:01:08 GMT"
        ],
        "Expires": [
          "-1"
        ],
        "Content-Length": [
          "0"
        ]
      },
      "ResponseBody": "",
      "StatusCode": 202
    },
    {
      "RequestUri": "/subscriptions/5b4b650e-28b9-4790-b3ab-ddbd88d727c4/providers/Microsoft.EventGrid/locations/centraluseuap/operationResults/0B069108-9B14-4916-A895-9C9A9CAB1FFE?api-version=2019-06-01",
      "EncodedRequestUri": "L3N1YnNjcmlwdGlvbnMvNWI0YjY1MGUtMjhiOS00NzkwLWIzYWItZGRiZDg4ZDcyN2M0L3Byb3ZpZGVycy9NaWNyb3NvZnQuRXZlbnRHcmlkL2xvY2F0aW9ucy9jZW50cmFsdXNldWFwL29wZXJhdGlvblJlc3VsdHMvMEIwNjkxMDgtOUIxNC00OTE2LUE4OTUtOUM5QTlDQUIxRkZFP2FwaS12ZXJzaW9uPTIwMTktMDYtMDE=",
      "RequestMethod": "GET",
      "RequestBody": "",
      "RequestHeaders": {
        "User-Agent": [
          "FxVersion/4.6.27617.04",
          "OSName/Windows",
          "OSVersion/Microsoft.Windows.10.0.18362.",
          "Microsoft.Azure.Management.EventGrid.EventGridManagementClient/5.0.0.0"
        ]
      },
      "ResponseHeaders": {
        "Cache-Control": [
          "no-cache"
        ],
        "Pragma": [
          "no-cache"
        ],
        "Strict-Transport-Security": [
          "max-age=31536000; includeSubDomains"
        ],
        "x-ms-request-id": [
          "17e55db1-6834-4ced-9f66-8cc71a4186fd"
        ],
        "Server": [
          "Microsoft-HTTPAPI/2.0"
        ],
        "x-ms-ratelimit-remaining-subscription-reads": [
          "11965"
        ],
        "x-ms-correlation-request-id": [
          "0e3ab8b2-b455-4ec5-93ad-cc9ea06bd164"
        ],
        "x-ms-routing-request-id": [
          "CENTRALUS:20190523T190118Z:0e3ab8b2-b455-4ec5-93ad-cc9ea06bd164"
        ],
        "X-Content-Type-Options": [
          "nosniff"
        ],
        "Date": [
          "Thu, 23 May 2019 19:01:18 GMT"
        ],
        "Expires": [
          "-1"
        ],
        "Content-Length": [
          "0"
        ]
      },
      "ResponseBody": "",
      "StatusCode": 200
    },
    {
      "RequestUri": "/subscriptions/5b4b650e-28b9-4790-b3ab-ddbd88d727c4/providers/Microsoft.EventGrid/locations/centraluseuap/operationResults/0B069108-9B14-4916-A895-9C9A9CAB1FFE?api-version=2019-06-01",
      "EncodedRequestUri": "L3N1YnNjcmlwdGlvbnMvNWI0YjY1MGUtMjhiOS00NzkwLWIzYWItZGRiZDg4ZDcyN2M0L3Byb3ZpZGVycy9NaWNyb3NvZnQuRXZlbnRHcmlkL2xvY2F0aW9ucy9jZW50cmFsdXNldWFwL29wZXJhdGlvblJlc3VsdHMvMEIwNjkxMDgtOUIxNC00OTE2LUE4OTUtOUM5QTlDQUIxRkZFP2FwaS12ZXJzaW9uPTIwMTktMDYtMDE=",
      "RequestMethod": "GET",
      "RequestBody": "",
      "RequestHeaders": {
        "User-Agent": [
          "FxVersion/4.6.27617.04",
          "OSName/Windows",
          "OSVersion/Microsoft.Windows.10.0.18362.",
          "Microsoft.Azure.Management.EventGrid.EventGridManagementClient/5.0.0.0"
        ]
      },
      "ResponseHeaders": {
        "Cache-Control": [
          "no-cache"
        ],
        "Pragma": [
          "no-cache"
        ],
        "Strict-Transport-Security": [
          "max-age=31536000; includeSubDomains"
        ],
        "x-ms-request-id": [
          "b1876eda-a40e-4ade-a4bc-84168474a913"
        ],
        "Server": [
          "Microsoft-HTTPAPI/2.0"
        ],
        "x-ms-ratelimit-remaining-subscription-reads": [
          "11964"
        ],
        "x-ms-correlation-request-id": [
          "29e0cc30-5ef3-4df3-b1aa-257d02359c26"
        ],
        "x-ms-routing-request-id": [
          "CENTRALUS:20190523T190118Z:29e0cc30-5ef3-4df3-b1aa-257d02359c26"
        ],
        "X-Content-Type-Options": [
          "nosniff"
        ],
        "Date": [
          "Thu, 23 May 2019 19:01:18 GMT"
        ],
        "Expires": [
          "-1"
        ],
        "Content-Length": [
          "0"
        ]
      },
      "ResponseBody": "",
      "StatusCode": 200
    },
    {
      "RequestUri": "//subscriptions/5b4b650e-28b9-4790-b3ab-ddbd88d727c4/resourceGroups/RGName-ps7776/providers/Microsoft.EventGrid/domains/PSTestDomain-ps388/topics/PSTestDomainTopic-ps3299/providers/Microsoft.EventGrid/eventSubscriptions/EventSubscription-ps9713?api-version=2019-06-01",
      "EncodedRequestUri": "Ly9zdWJzY3JpcHRpb25zLzViNGI2NTBlLTI4YjktNDc5MC1iM2FiLWRkYmQ4OGQ3MjdjNC9yZXNvdXJjZUdyb3Vwcy9SR05hbWUtcHM3Nzc2L3Byb3ZpZGVycy9NaWNyb3NvZnQuRXZlbnRHcmlkL2RvbWFpbnMvUFNUZXN0RG9tYWluLXBzMzg4L3RvcGljcy9QU1Rlc3REb21haW5Ub3BpYy1wczMyOTkvcHJvdmlkZXJzL01pY3Jvc29mdC5FdmVudEdyaWQvZXZlbnRTdWJzY3JpcHRpb25zL0V2ZW50U3Vic2NyaXB0aW9uLXBzOTcxMz9hcGktdmVyc2lvbj0yMDE5LTA2LTAx",
      "RequestMethod": "DELETE",
      "RequestBody": "",
      "RequestHeaders": {
        "x-ms-client-request-id": [
          "66171d66-00ea-4a08-b72d-4a399f8342d0"
        ],
        "Accept-Language": [
          "en-US"
        ],
        "User-Agent": [
          "FxVersion/4.6.27617.04",
          "OSName/Windows",
          "OSVersion/Microsoft.Windows.10.0.18362.",
          "Microsoft.Azure.Management.EventGrid.EventGridManagementClient/5.0.0.0"
        ]
      },
      "ResponseHeaders": {
        "Cache-Control": [
          "no-cache"
        ],
        "Pragma": [
          "no-cache"
        ],
        "Location": [
          "https://management.azure.com/subscriptions/5b4b650e-28b9-4790-b3ab-ddbd88d727c4/providers/Microsoft.EventGrid/locations/centraluseuap/operationResults/05CBC163-0C7A-404B-867B-BBD64044363E?api-version=2019-06-01"
        ],
        "Retry-After": [
          "10"
        ],
        "Strict-Transport-Security": [
          "max-age=31536000; includeSubDomains"
        ],
        "Server": [
          "Microsoft-HTTPAPI/2.0"
        ],
        "x-ms-ratelimit-remaining-subscription-deletes": [
          "14996"
        ],
        "x-ms-request-id": [
          "097e34bf-fed3-4043-9c8b-82d8830ef6da"
        ],
        "x-ms-correlation-request-id": [
          "097e34bf-fed3-4043-9c8b-82d8830ef6da"
        ],
        "x-ms-routing-request-id": [
          "CENTRALUS:20190523T190118Z:097e34bf-fed3-4043-9c8b-82d8830ef6da"
        ],
        "X-Content-Type-Options": [
          "nosniff"
        ],
        "Date": [
          "Thu, 23 May 2019 19:01:18 GMT"
        ],
        "Expires": [
          "-1"
        ],
        "Content-Length": [
          "0"
        ]
      },
      "ResponseBody": "",
      "StatusCode": 202
    },
    {
      "RequestUri": "/subscriptions/5b4b650e-28b9-4790-b3ab-ddbd88d727c4/providers/Microsoft.EventGrid/locations/centraluseuap/operationResults/05CBC163-0C7A-404B-867B-BBD64044363E?api-version=2019-06-01",
      "EncodedRequestUri": "L3N1YnNjcmlwdGlvbnMvNWI0YjY1MGUtMjhiOS00NzkwLWIzYWItZGRiZDg4ZDcyN2M0L3Byb3ZpZGVycy9NaWNyb3NvZnQuRXZlbnRHcmlkL2xvY2F0aW9ucy9jZW50cmFsdXNldWFwL29wZXJhdGlvblJlc3VsdHMvMDVDQkMxNjMtMEM3QS00MDRCLTg2N0ItQkJENjQwNDQzNjNFP2FwaS12ZXJzaW9uPTIwMTktMDYtMDE=",
      "RequestMethod": "GET",
      "RequestBody": "",
      "RequestHeaders": {
        "User-Agent": [
          "FxVersion/4.6.27617.04",
          "OSName/Windows",
          "OSVersion/Microsoft.Windows.10.0.18362.",
          "Microsoft.Azure.Management.EventGrid.EventGridManagementClient/5.0.0.0"
        ]
      },
      "ResponseHeaders": {
        "Cache-Control": [
          "no-cache"
        ],
        "Pragma": [
          "no-cache"
        ],
        "Strict-Transport-Security": [
          "max-age=31536000; includeSubDomains"
        ],
        "x-ms-request-id": [
          "26dd1941-8a45-431c-a4a3-d9683fcf9cee"
        ],
        "Server": [
          "Microsoft-HTTPAPI/2.0"
        ],
        "x-ms-ratelimit-remaining-subscription-reads": [
          "11963"
        ],
        "x-ms-correlation-request-id": [
          "8c7fcd50-e447-483a-84f7-133c33a420c4"
        ],
        "x-ms-routing-request-id": [
          "CENTRALUS:20190523T190128Z:8c7fcd50-e447-483a-84f7-133c33a420c4"
        ],
        "X-Content-Type-Options": [
          "nosniff"
        ],
        "Date": [
          "Thu, 23 May 2019 19:01:28 GMT"
        ],
        "Expires": [
          "-1"
        ],
        "Content-Length": [
          "0"
        ]
      },
      "ResponseBody": "",
      "StatusCode": 200
    },
    {
      "RequestUri": "/subscriptions/5b4b650e-28b9-4790-b3ab-ddbd88d727c4/providers/Microsoft.EventGrid/locations/centraluseuap/operationResults/05CBC163-0C7A-404B-867B-BBD64044363E?api-version=2019-06-01",
      "EncodedRequestUri": "L3N1YnNjcmlwdGlvbnMvNWI0YjY1MGUtMjhiOS00NzkwLWIzYWItZGRiZDg4ZDcyN2M0L3Byb3ZpZGVycy9NaWNyb3NvZnQuRXZlbnRHcmlkL2xvY2F0aW9ucy9jZW50cmFsdXNldWFwL29wZXJhdGlvblJlc3VsdHMvMDVDQkMxNjMtMEM3QS00MDRCLTg2N0ItQkJENjQwNDQzNjNFP2FwaS12ZXJzaW9uPTIwMTktMDYtMDE=",
      "RequestMethod": "GET",
      "RequestBody": "",
      "RequestHeaders": {
        "User-Agent": [
          "FxVersion/4.6.27617.04",
          "OSName/Windows",
          "OSVersion/Microsoft.Windows.10.0.18362.",
          "Microsoft.Azure.Management.EventGrid.EventGridManagementClient/5.0.0.0"
        ]
      },
      "ResponseHeaders": {
        "Cache-Control": [
          "no-cache"
        ],
        "Pragma": [
          "no-cache"
        ],
        "Strict-Transport-Security": [
          "max-age=31536000; includeSubDomains"
        ],
        "x-ms-request-id": [
          "ee2f6a42-8ea9-4ba4-98ec-ed3b9162016e"
        ],
        "x-ms-ratelimit-remaining-subscription-reads": [
          "11962"
        ],
        "Server": [
          "Microsoft-HTTPAPI/2.0"
        ],
        "x-ms-correlation-request-id": [
          "f14d74e8-6f19-415e-9e6b-0b0a67122cff"
        ],
        "x-ms-routing-request-id": [
          "CENTRALUS:20190523T190129Z:f14d74e8-6f19-415e-9e6b-0b0a67122cff"
        ],
        "X-Content-Type-Options": [
          "nosniff"
        ],
        "Date": [
          "Thu, 23 May 2019 19:01:28 GMT"
        ],
        "Expires": [
          "-1"
        ],
        "Content-Length": [
          "0"
        ]
      },
      "ResponseBody": "",
      "StatusCode": 200
    },
    {
      "RequestUri": "/subscriptions/5b4b650e-28b9-4790-b3ab-ddbd88d727c4/resourceGroups/RGName-ps7776/providers/Microsoft.EventGrid/domains/PSTestDomain-ps388?api-version=2019-06-01",
      "EncodedRequestUri": "L3N1YnNjcmlwdGlvbnMvNWI0YjY1MGUtMjhiOS00NzkwLWIzYWItZGRiZDg4ZDcyN2M0L3Jlc291cmNlR3JvdXBzL1JHTmFtZS1wczc3NzYvcHJvdmlkZXJzL01pY3Jvc29mdC5FdmVudEdyaWQvZG9tYWlucy9QU1Rlc3REb21haW4tcHMzODg/YXBpLXZlcnNpb249MjAxOS0wNi0wMQ==",
      "RequestMethod": "DELETE",
      "RequestBody": "",
      "RequestHeaders": {
        "x-ms-client-request-id": [
          "b77697fc-404e-4daf-85ad-626d50a1ed8c"
        ],
        "Accept-Language": [
          "en-US"
        ],
        "User-Agent": [
          "FxVersion/4.6.27617.04",
          "OSName/Windows",
          "OSVersion/Microsoft.Windows.10.0.18362.",
          "Microsoft.Azure.Management.EventGrid.EventGridManagementClient/5.0.0.0"
        ]
      },
      "ResponseHeaders": {
        "Cache-Control": [
          "no-cache"
        ],
        "Pragma": [
          "no-cache"
        ],
        "Location": [
          "https://management.azure.com/subscriptions/5b4b650e-28b9-4790-b3ab-ddbd88d727c4/providers/Microsoft.EventGrid/locations/centraluseuap/operationResults/A76A5353-74BE-472D-BC91-D64A0A0D2F0B?api-version=2019-06-01"
        ],
        "Retry-After": [
          "10"
        ],
        "Strict-Transport-Security": [
          "max-age=31536000; includeSubDomains"
        ],
        "Server": [
          "Microsoft-HTTPAPI/2.0"
        ],
        "x-ms-ratelimit-remaining-subscription-deletes": [
          "14995"
        ],
        "x-ms-request-id": [
          "0bfe8944-8ebb-43d4-ad17-f0e55533fc95"
        ],
        "x-ms-correlation-request-id": [
          "0bfe8944-8ebb-43d4-ad17-f0e55533fc95"
        ],
        "x-ms-routing-request-id": [
          "CENTRALUS:20190523T190129Z:0bfe8944-8ebb-43d4-ad17-f0e55533fc95"
        ],
        "X-Content-Type-Options": [
          "nosniff"
        ],
        "Date": [
          "Thu, 23 May 2019 19:01:28 GMT"
        ],
        "Expires": [
          "-1"
        ],
        "Content-Length": [
          "0"
        ]
      },
      "ResponseBody": "",
      "StatusCode": 202
    },
    {
      "RequestUri": "/subscriptions/5b4b650e-28b9-4790-b3ab-ddbd88d727c4/providers/Microsoft.EventGrid/locations/centraluseuap/operationResults/A76A5353-74BE-472D-BC91-D64A0A0D2F0B?api-version=2019-06-01",
      "EncodedRequestUri": "L3N1YnNjcmlwdGlvbnMvNWI0YjY1MGUtMjhiOS00NzkwLWIzYWItZGRiZDg4ZDcyN2M0L3Byb3ZpZGVycy9NaWNyb3NvZnQuRXZlbnRHcmlkL2xvY2F0aW9ucy9jZW50cmFsdXNldWFwL29wZXJhdGlvblJlc3VsdHMvQTc2QTUzNTMtNzRCRS00NzJELUJDOTEtRDY0QTBBMEQyRjBCP2FwaS12ZXJzaW9uPTIwMTktMDYtMDE=",
      "RequestMethod": "GET",
      "RequestBody": "",
      "RequestHeaders": {
        "User-Agent": [
          "FxVersion/4.6.27617.04",
          "OSName/Windows",
          "OSVersion/Microsoft.Windows.10.0.18362.",
          "Microsoft.Azure.Management.EventGrid.EventGridManagementClient/5.0.0.0"
        ]
      },
      "ResponseHeaders": {
        "Cache-Control": [
          "no-cache"
        ],
        "Pragma": [
          "no-cache"
        ],
        "Strict-Transport-Security": [
          "max-age=31536000; includeSubDomains"
        ],
        "x-ms-request-id": [
          "081ea681-06df-4e37-a965-9ae47cb08b2a"
        ],
        "Server": [
          "Microsoft-HTTPAPI/2.0"
        ],
        "x-ms-ratelimit-remaining-subscription-reads": [
          "11960"
        ],
        "x-ms-correlation-request-id": [
          "8a84a37b-e601-455f-bee7-17e3a7de8a41"
        ],
        "x-ms-routing-request-id": [
          "CENTRALUS:20190523T190139Z:8a84a37b-e601-455f-bee7-17e3a7de8a41"
        ],
        "X-Content-Type-Options": [
          "nosniff"
        ],
        "Date": [
          "Thu, 23 May 2019 19:01:38 GMT"
        ],
        "Expires": [
          "-1"
        ],
        "Content-Length": [
          "0"
        ]
      },
      "ResponseBody": "",
      "StatusCode": 200
    },
    {
      "RequestUri": "/subscriptions/5b4b650e-28b9-4790-b3ab-ddbd88d727c4/providers/Microsoft.EventGrid/locations/centraluseuap/operationResults/A76A5353-74BE-472D-BC91-D64A0A0D2F0B?api-version=2019-06-01",
      "EncodedRequestUri": "L3N1YnNjcmlwdGlvbnMvNWI0YjY1MGUtMjhiOS00NzkwLWIzYWItZGRiZDg4ZDcyN2M0L3Byb3ZpZGVycy9NaWNyb3NvZnQuRXZlbnRHcmlkL2xvY2F0aW9ucy9jZW50cmFsdXNldWFwL29wZXJhdGlvblJlc3VsdHMvQTc2QTUzNTMtNzRCRS00NzJELUJDOTEtRDY0QTBBMEQyRjBCP2FwaS12ZXJzaW9uPTIwMTktMDYtMDE=",
      "RequestMethod": "GET",
      "RequestBody": "",
      "RequestHeaders": {
        "User-Agent": [
          "FxVersion/4.6.27617.04",
          "OSName/Windows",
          "OSVersion/Microsoft.Windows.10.0.18362.",
          "Microsoft.Azure.Management.EventGrid.EventGridManagementClient/5.0.0.0"
        ]
      },
      "ResponseHeaders": {
        "Cache-Control": [
          "no-cache"
        ],
        "Pragma": [
          "no-cache"
        ],
        "Strict-Transport-Security": [
          "max-age=31536000; includeSubDomains"
        ],
        "x-ms-request-id": [
          "158426ea-6f8f-4a4c-855b-94f53a7663ef"
        ],
        "Server": [
          "Microsoft-HTTPAPI/2.0"
        ],
        "x-ms-ratelimit-remaining-subscription-reads": [
          "11959"
        ],
        "x-ms-correlation-request-id": [
          "07c4a866-c358-48a7-8f55-58335ed10956"
        ],
        "x-ms-routing-request-id": [
          "CENTRALUS:20190523T190139Z:07c4a866-c358-48a7-8f55-58335ed10956"
        ],
        "X-Content-Type-Options": [
          "nosniff"
        ],
        "Date": [
          "Thu, 23 May 2019 19:01:38 GMT"
        ],
        "Expires": [
          "-1"
        ],
        "Content-Length": [
          "0"
        ]
      },
      "ResponseBody": "",
      "StatusCode": 200
    },
    {
      "RequestUri": "/subscriptions/5b4b650e-28b9-4790-b3ab-ddbd88d727c4/resourcegroups/RGName-ps7776?api-version=2016-09-01",
      "EncodedRequestUri": "L3N1YnNjcmlwdGlvbnMvNWI0YjY1MGUtMjhiOS00NzkwLWIzYWItZGRiZDg4ZDcyN2M0L3Jlc291cmNlZ3JvdXBzL1JHTmFtZS1wczc3NzY/YXBpLXZlcnNpb249MjAxNi0wOS0wMQ==",
      "RequestMethod": "DELETE",
      "RequestBody": "",
      "RequestHeaders": {
        "x-ms-client-request-id": [
          "4c137301-f601-476d-9372-fd491f9fe482"
        ],
        "Accept-Language": [
          "en-US"
        ],
        "User-Agent": [
          "FxVersion/4.6.27617.04",
          "OSName/Windows",
          "OSVersion/Microsoft.Windows.10.0.18362.",
          "Microsoft.Azure.Management.Internal.Resources.ResourceManagementClient/1.2.0"
        ]
      },
      "ResponseHeaders": {
        "Cache-Control": [
          "no-cache"
        ],
        "Pragma": [
          "no-cache"
        ],
        "Location": [
          "https://management.azure.com/subscriptions/5b4b650e-28b9-4790-b3ab-ddbd88d727c4/operationresults/eyJqb2JJZCI6IlJFU09VUkNFR1JPVVBERUxFVElPTkpPQi1SR05BTUU6MkRQUzc3NzYtQ0VOVFJBTFVTRVVBUCIsImpvYkxvY2F0aW9uIjoiY2VudHJhbHVzZXVhcCJ9?api-version=2016-09-01"
        ],
        "Retry-After": [
          "15"
        ],
        "x-ms-ratelimit-remaining-subscription-deletes": [
          "14999"
        ],
        "x-ms-request-id": [
          "a09f25ed-33ed-4140-8fe2-c38815a76b9d"
        ],
        "x-ms-correlation-request-id": [
          "a09f25ed-33ed-4140-8fe2-c38815a76b9d"
        ],
        "x-ms-routing-request-id": [
          "WESTUS2:20190523T190140Z:a09f25ed-33ed-4140-8fe2-c38815a76b9d"
        ],
        "Strict-Transport-Security": [
          "max-age=31536000; includeSubDomains"
        ],
        "X-Content-Type-Options": [
          "nosniff"
        ],
        "Date": [
          "Thu, 23 May 2019 19:01:40 GMT"
        ],
        "Expires": [
          "-1"
        ],
        "Content-Length": [
          "0"
        ]
      },
      "ResponseBody": "",
      "StatusCode": 202
    },
    {
      "RequestUri": "/subscriptions/5b4b650e-28b9-4790-b3ab-ddbd88d727c4/operationresults/eyJqb2JJZCI6IlJFU09VUkNFR1JPVVBERUxFVElPTkpPQi1SR05BTUU6MkRQUzc3NzYtQ0VOVFJBTFVTRVVBUCIsImpvYkxvY2F0aW9uIjoiY2VudHJhbHVzZXVhcCJ9?api-version=2016-09-01",
      "EncodedRequestUri": "L3N1YnNjcmlwdGlvbnMvNWI0YjY1MGUtMjhiOS00NzkwLWIzYWItZGRiZDg4ZDcyN2M0L29wZXJhdGlvbnJlc3VsdHMvZXlKcWIySkpaQ0k2SWxKRlUwOVZVa05GUjFKUFZWQkVSVXhGVkVsUFRrcFBRaTFTUjA1QlRVVTZNa1JRVXpjM056WXRRMFZPVkZKQlRGVlRSVlZCVUNJc0ltcHZZa3h2WTJGMGFXOXVJam9pWTJWdWRISmhiSFZ6WlhWaGNDSjk/YXBpLXZlcnNpb249MjAxNi0wOS0wMQ==",
      "RequestMethod": "GET",
      "RequestBody": "",
      "RequestHeaders": {
        "User-Agent": [
          "FxVersion/4.6.27617.04",
          "OSName/Windows",
          "OSVersion/Microsoft.Windows.10.0.18362.",
          "Microsoft.Azure.Management.Internal.Resources.ResourceManagementClient/1.2.0"
        ]
      },
      "ResponseHeaders": {
        "Cache-Control": [
          "no-cache"
        ],
        "Pragma": [
          "no-cache"
        ],
        "Location": [
          "https://management.azure.com/subscriptions/5b4b650e-28b9-4790-b3ab-ddbd88d727c4/operationresults/eyJqb2JJZCI6IlJFU09VUkNFR1JPVVBERUxFVElPTkpPQi1SR05BTUU6MkRQUzc3NzYtQ0VOVFJBTFVTRVVBUCIsImpvYkxvY2F0aW9uIjoiY2VudHJhbHVzZXVhcCJ9?api-version=2016-09-01"
        ],
        "Retry-After": [
          "15"
        ],
        "x-ms-ratelimit-remaining-subscription-reads": [
          "11999"
        ],
        "x-ms-request-id": [
          "ddc0bdd1-85a1-4059-86d8-afebc866c150"
        ],
        "x-ms-correlation-request-id": [
          "ddc0bdd1-85a1-4059-86d8-afebc866c150"
        ],
        "x-ms-routing-request-id": [
          "WESTUS2:20190523T190155Z:ddc0bdd1-85a1-4059-86d8-afebc866c150"
        ],
        "Strict-Transport-Security": [
          "max-age=31536000; includeSubDomains"
        ],
        "X-Content-Type-Options": [
          "nosniff"
        ],
        "Date": [
          "Thu, 23 May 2019 19:01:55 GMT"
        ],
        "Expires": [
          "-1"
        ],
        "Content-Length": [
          "0"
        ]
      },
      "ResponseBody": "",
      "StatusCode": 202
    },
    {
      "RequestUri": "/subscriptions/5b4b650e-28b9-4790-b3ab-ddbd88d727c4/operationresults/eyJqb2JJZCI6IlJFU09VUkNFR1JPVVBERUxFVElPTkpPQi1SR05BTUU6MkRQUzc3NzYtQ0VOVFJBTFVTRVVBUCIsImpvYkxvY2F0aW9uIjoiY2VudHJhbHVzZXVhcCJ9?api-version=2016-09-01",
      "EncodedRequestUri": "L3N1YnNjcmlwdGlvbnMvNWI0YjY1MGUtMjhiOS00NzkwLWIzYWItZGRiZDg4ZDcyN2M0L29wZXJhdGlvbnJlc3VsdHMvZXlKcWIySkpaQ0k2SWxKRlUwOVZVa05GUjFKUFZWQkVSVXhGVkVsUFRrcFBRaTFTUjA1QlRVVTZNa1JRVXpjM056WXRRMFZPVkZKQlRGVlRSVlZCVUNJc0ltcHZZa3h2WTJGMGFXOXVJam9pWTJWdWRISmhiSFZ6WlhWaGNDSjk/YXBpLXZlcnNpb249MjAxNi0wOS0wMQ==",
      "RequestMethod": "GET",
      "RequestBody": "",
      "RequestHeaders": {
        "User-Agent": [
          "FxVersion/4.6.27617.04",
          "OSName/Windows",
          "OSVersion/Microsoft.Windows.10.0.18362.",
          "Microsoft.Azure.Management.Internal.Resources.ResourceManagementClient/1.2.0"
        ]
      },
      "ResponseHeaders": {
        "Cache-Control": [
          "no-cache"
        ],
        "Pragma": [
          "no-cache"
        ],
        "Location": [
          "https://management.azure.com/subscriptions/5b4b650e-28b9-4790-b3ab-ddbd88d727c4/operationresults/eyJqb2JJZCI6IlJFU09VUkNFR1JPVVBERUxFVElPTkpPQi1SR05BTUU6MkRQUzc3NzYtQ0VOVFJBTFVTRVVBUCIsImpvYkxvY2F0aW9uIjoiY2VudHJhbHVzZXVhcCJ9?api-version=2016-09-01"
        ],
        "Retry-After": [
          "15"
        ],
        "x-ms-ratelimit-remaining-subscription-reads": [
          "11998"
        ],
        "x-ms-request-id": [
          "1fd5528e-4868-4235-96b5-427449a1befe"
        ],
        "x-ms-correlation-request-id": [
          "1fd5528e-4868-4235-96b5-427449a1befe"
        ],
        "x-ms-routing-request-id": [
          "WESTUS2:20190523T190210Z:1fd5528e-4868-4235-96b5-427449a1befe"
        ],
        "Strict-Transport-Security": [
          "max-age=31536000; includeSubDomains"
        ],
        "X-Content-Type-Options": [
          "nosniff"
        ],
        "Date": [
          "Thu, 23 May 2019 19:02:10 GMT"
        ],
        "Expires": [
          "-1"
        ],
        "Content-Length": [
          "0"
        ]
      },
      "ResponseBody": "",
      "StatusCode": 202
    },
    {
      "RequestUri": "/subscriptions/5b4b650e-28b9-4790-b3ab-ddbd88d727c4/operationresults/eyJqb2JJZCI6IlJFU09VUkNFR1JPVVBERUxFVElPTkpPQi1SR05BTUU6MkRQUzc3NzYtQ0VOVFJBTFVTRVVBUCIsImpvYkxvY2F0aW9uIjoiY2VudHJhbHVzZXVhcCJ9?api-version=2016-09-01",
      "EncodedRequestUri": "L3N1YnNjcmlwdGlvbnMvNWI0YjY1MGUtMjhiOS00NzkwLWIzYWItZGRiZDg4ZDcyN2M0L29wZXJhdGlvbnJlc3VsdHMvZXlKcWIySkpaQ0k2SWxKRlUwOVZVa05GUjFKUFZWQkVSVXhGVkVsUFRrcFBRaTFTUjA1QlRVVTZNa1JRVXpjM056WXRRMFZPVkZKQlRGVlRSVlZCVUNJc0ltcHZZa3h2WTJGMGFXOXVJam9pWTJWdWRISmhiSFZ6WlhWaGNDSjk/YXBpLXZlcnNpb249MjAxNi0wOS0wMQ==",
      "RequestMethod": "GET",
      "RequestBody": "",
      "RequestHeaders": {
        "User-Agent": [
          "FxVersion/4.6.27617.04",
          "OSName/Windows",
          "OSVersion/Microsoft.Windows.10.0.18362.",
          "Microsoft.Azure.Management.Internal.Resources.ResourceManagementClient/1.2.0"
        ]
      },
      "ResponseHeaders": {
        "Cache-Control": [
          "no-cache"
        ],
        "Pragma": [
          "no-cache"
        ],
        "x-ms-ratelimit-remaining-subscription-reads": [
          "11997"
        ],
        "x-ms-request-id": [
          "20870965-93fb-4740-80c0-f02fec0f0b0c"
        ],
        "x-ms-correlation-request-id": [
          "20870965-93fb-4740-80c0-f02fec0f0b0c"
        ],
        "x-ms-routing-request-id": [
          "WESTUS2:20190523T190226Z:20870965-93fb-4740-80c0-f02fec0f0b0c"
        ],
        "Strict-Transport-Security": [
          "max-age=31536000; includeSubDomains"
        ],
        "X-Content-Type-Options": [
          "nosniff"
        ],
        "Date": [
          "Thu, 23 May 2019 19:02:25 GMT"
        ],
        "Expires": [
          "-1"
        ],
        "Content-Length": [
          "0"
        ]
      },
      "ResponseBody": "",
      "StatusCode": 200
    },
    {
      "RequestUri": "/subscriptions/5b4b650e-28b9-4790-b3ab-ddbd88d727c4/operationresults/eyJqb2JJZCI6IlJFU09VUkNFR1JPVVBERUxFVElPTkpPQi1SR05BTUU6MkRQUzc3NzYtQ0VOVFJBTFVTRVVBUCIsImpvYkxvY2F0aW9uIjoiY2VudHJhbHVzZXVhcCJ9?api-version=2016-09-01",
      "EncodedRequestUri": "L3N1YnNjcmlwdGlvbnMvNWI0YjY1MGUtMjhiOS00NzkwLWIzYWItZGRiZDg4ZDcyN2M0L29wZXJhdGlvbnJlc3VsdHMvZXlKcWIySkpaQ0k2SWxKRlUwOVZVa05GUjFKUFZWQkVSVXhGVkVsUFRrcFBRaTFTUjA1QlRVVTZNa1JRVXpjM056WXRRMFZPVkZKQlRGVlRSVlZCVUNJc0ltcHZZa3h2WTJGMGFXOXVJam9pWTJWdWRISmhiSFZ6WlhWaGNDSjk/YXBpLXZlcnNpb249MjAxNi0wOS0wMQ==",
      "RequestMethod": "GET",
      "RequestBody": "",
      "RequestHeaders": {
        "User-Agent": [
          "FxVersion/4.6.27617.04",
          "OSName/Windows",
          "OSVersion/Microsoft.Windows.10.0.18362.",
          "Microsoft.Azure.Management.Internal.Resources.ResourceManagementClient/1.2.0"
        ]
      },
      "ResponseHeaders": {
        "Cache-Control": [
          "no-cache"
        ],
        "Pragma": [
          "no-cache"
        ],
        "x-ms-ratelimit-remaining-subscription-reads": [
          "11996"
        ],
        "x-ms-request-id": [
          "94955bef-9bee-4bb1-ade0-26c5a0bba798"
        ],
        "x-ms-correlation-request-id": [
          "94955bef-9bee-4bb1-ade0-26c5a0bba798"
        ],
        "x-ms-routing-request-id": [
          "WESTUS2:20190523T190226Z:94955bef-9bee-4bb1-ade0-26c5a0bba798"
        ],
        "Strict-Transport-Security": [
          "max-age=31536000; includeSubDomains"
        ],
        "X-Content-Type-Options": [
          "nosniff"
        ],
        "Date": [
          "Thu, 23 May 2019 19:02:25 GMT"
        ],
        "Expires": [
          "-1"
        ],
        "Content-Length": [
          "0"
        ]
      },
      "ResponseBody": "",
      "StatusCode": 200
    }
  ],
  "Names": {
    "": [
      "ps7776",
      "ps388",
      "ps3299",
      "ps8715",
      "ps5260",
      "ps4460",
      "ps9713"
    ]
  },
  "Variables": {
    "SubscriptionId": "5b4b650e-28b9-4790-b3ab-ddbd88d727c4"
  }
}