{
  "Entries": [
    {
      "RequestUri": "/subscriptions/709b4d09-b251-4ae8-8998-e1954ee45cf9/resourceGroups/ps-test-rg/providers/Microsoft.Sql/locations/southeastasia/longTermRetentionManagedInstanceBackups?onlyLatestPerDatabase=false&api-version=2018-06-01-preview",
      "EncodedRequestUri": "L3N1YnNjcmlwdGlvbnMvOGNmYjhiNjItYmNkNi00NzEzLTg5YWQtMTgwOTdmNzVjYzViL3Jlc291cmNlR3JvdXBzL2NsX3N0YWdlX3NlYV9jdi9wcm92aWRlcnMvTWljcm9zb2Z0LlNxbC9sb2NhdGlvbnMvc291dGhlYXN0YXNpYS9sb25nVGVybVJldGVudGlvbk1hbmFnZWRJbnN0YW5jZUJhY2t1cHM/b25seUxhdGVzdFBlckRhdGFiYXNlPWZhbHNlJmFwaS12ZXJzaW9uPTIwMTgtMDYtMDEtcHJldmlldw==",
      "RequestMethod": "GET",
      "RequestBody": "",
      "RequestHeaders": {
        "x-ms-client-request-id": [
          "2a9b863f-bb88-43f4-83f5-1bdb3a53e71a"
        ],
        "Accept-Language": [
          "en-US"
        ],
        "User-Agent": [
          "FxVersion/4.6.28207.03",
          "OSName/Windows",
          "OSVersion/Microsoft.Windows.10.0.14393.",
          "Microsoft.Azure.Management.Sql.SqlManagementClient/1.39.0.0"
        ]
      },
      "ResponseHeaders": {
        "Cache-Control": [
          "no-cache"
        ],
        "Pragma": [
          "no-cache"
        ],
        "x-ms-request-id": [
          "ebde37ae-40e3-49b0-bf74-e089e5509579"
        ],
        "Server": [
          "Microsoft-HTTPAPI/2.0"
        ],
        "x-ms-ratelimit-remaining-subscription-reads": [
          "14999"
        ],
        "x-ms-correlation-request-id": [
          "b23f3a14-d49d-4e28-95a0-fe15a288bb1f"
        ],
        "x-ms-routing-request-id": [
          "NORTHEUROPE:20200304T013206Z:b23f3a14-d49d-4e28-95a0-fe15a288bb1f"
        ],
        "Strict-Transport-Security": [
          "max-age=31536000; includeSubDomains"
        ],
        "X-Content-Type-Options": [
          "nosniff"
        ],
        "Date": [
          "Wed, 04 Mar 2020 01:32:06 GMT"
        ],
        "Content-Length": [
          "11378"
        ],
        "Content-Type": [
          "application/json; charset=utf-8"
        ],
        "Expires": [
          "-1"
        ]
      },
      "ResponseBody": "{\r\n  \"value\": [\r\n    {\r\n      \"properties\": {\r\n        \"managedInstanceName\": \"ps-test-mi\",\r\n        \"managedInstanceCreateTime\": \"2019-10-17T16:52:10.627Z\",\r\n        \"databaseName\": \"test-e18652d0-99a7-4bc7-9eb3-733ae3dae337\",\r\n        \"backupTime\": \"2020-03-03T07:01:59Z\",\r\n        \"backupExpirationTime\": \"2020-03-10T07:01:59Z\"\r\n      },\r\n      \"id\": \"/subscriptions/709b4d09-b251-4ae8-8998-e1954ee45cf9/resourceGroups/ps-test-rg/providers/Microsoft.Sql/locations/southeastasia/longTermRetentionManagedInstances/ps-test-mi/longTermRetentionDatabases/test-e18652d0-99a7-4bc7-9eb3-733ae3dae337/longTermRetentionManagedInstanceBackups/378455bf-dba5-4948-bfee-072c9223a4ed;132276925190000000\",\r\n      \"name\": \"378455bf-dba5-4948-bfee-072c9223a4ed;132276925190000000\",\r\n      \"type\": \"Microsoft.Sql/locations/longTermRetentionManagedInstances/longTermRetentionDatabases/longTermRetentionManagedInstanceBackups\"\r\n    },\r\n    {\r\n      \"properties\": {\r\n        \"managedInstanceName\": \"ps-test-mi\",\r\n        \"managedInstanceCreateTime\": \"2019-10-17T16:52:10.627Z\",\r\n        \"databaseName\": \"target1\",\r\n        \"backupTime\": \"2020-02-25T00:33:48Z\",\r\n        \"backupExpirationTime\": \"2020-03-10T00:33:48Z\"\r\n      },\r\n      \"id\": \"/subscriptions/709b4d09-b251-4ae8-8998-e1954ee45cf9/resourceGroups/ps-test-rg/providers/Microsoft.Sql/locations/southeastasia/longTermRetentionManagedInstances/ps-test-mi/longTermRetentionDatabases/target1/longTermRetentionManagedInstanceBackups/ae1ea149-d5ff-4554-9333-33debe0b92ff;132270644280000000\",\r\n      \"name\": \"ae1ea149-d5ff-4554-9333-33debe0b92ff;132270644280000000\",\r\n      \"type\": \"Microsoft.Sql/locations/longTermRetentionManagedInstances/longTermRetentionDatabases/longTermRetentionManagedInstanceBackups\"\r\n    },\r\n    {\r\n      \"properties\": {\r\n        \"managedInstanceName\": \"ps-test-mi\",\r\n        \"managedInstanceCreateTime\": \"2019-10-17T16:52:10.627Z\",\r\n        \"databaseName\": \"target1\",\r\n        \"backupTime\": \"2020-03-02T20:01:47Z\",\r\n        \"backupExpirationTime\": \"2020-03-16T20:01:47Z\"\r\n      },\r\n      \"id\": \"/subscriptions/709b4d09-b251-4ae8-8998-e1954ee45cf9/resourceGroups/ps-test-rg/providers/Microsoft.Sql/locations/southeastasia/longTermRetentionManagedInstances/ps-test-mi/longTermRetentionDatabases/target1/longTermRetentionManagedInstanceBackups/ae1ea149-d5ff-4554-9333-33debe0b92ff;132276529070000000\",\r\n      \"name\": \"ae1ea149-d5ff-4554-9333-33debe0b92ff;132276529070000000\",\r\n      \"type\": \"Microsoft.Sql/locations/longTermRetentionManagedInstances/longTermRetentionDatabases/longTermRetentionManagedInstanceBackups\"\r\n    },\r\n    {\r\n      \"properties\": {\r\n        \"managedInstanceName\": \"ps-test-mi\",\r\n        \"managedInstanceCreateTime\": \"2019-10-17T16:52:10.627Z\",\r\n        \"databaseName\": \"ps-test-5\",\r\n        \"backupTime\": \"2020-03-03T14:16:38Z\",\r\n        \"backupExpirationTime\": \"2020-03-10T14:16:38Z\"\r\n      },\r\n      \"id\": \"/subscriptions/709b4d09-b251-4ae8-8998-e1954ee45cf9/resourceGroups/ps-test-rg/providers/Microsoft.Sql/locations/southeastasia/longTermRetentionManagedInstances/ps-test-mi/longTermRetentionDatabases/ps-test-5/longTermRetentionManagedInstanceBackups/151bab0a-8376-4a30-9731-45813da9a614;132277185980000000\",\r\n      \"name\": \"151bab0a-8376-4a30-9731-45813da9a614;132277185980000000\",\r\n      \"type\": \"Microsoft.Sql/locations/longTermRetentionManagedInstances/longTermRetentionDatabases/longTermRetentionManagedInstanceBackups\"\r\n    },\r\n    {\r\n      \"properties\": {\r\n        \"managedInstanceName\": \"ps-test-mi\",\r\n        \"managedInstanceCreateTime\": \"2019-10-17T16:52:10.627Z\",\r\n        \"databaseName\": \"ps-test-1\",\r\n        \"backupTime\": \"2020-03-03T14:06:27Z\",\r\n        \"backupExpirationTime\": \"2020-03-10T14:06:27Z\"\r\n      },\r\n      \"id\": \"/subscriptions/709b4d09-b251-4ae8-8998-e1954ee45cf9/resourceGroups/ps-test-rg/providers/Microsoft.Sql/locations/southeastasia/longTermRetentionManagedInstances/ps-test-mi/longTermRetentionDatabases/ps-test-1/longTermRetentionManagedInstanceBackups/0cf6fbbd-0040-4a2b-b95d-591eba358931;132277179870000000\",\r\n      \"name\": \"0cf6fbbd-0040-4a2b-b95d-591eba358931;132277179870000000\",\r\n      \"type\": \"Microsoft.Sql/locations/longTermRetentionManagedInstances/longTermRetentionDatabases/longTermRetentionManagedInstanceBackups\"\r\n    },\r\n    {\r\n      \"properties\": {\r\n        \"managedInstanceName\": \"ps-test-mi\",\r\n        \"managedInstanceCreateTime\": \"2019-10-17T16:52:10.627Z\",\r\n        \"databaseName\": \"ps-test-2\",\r\n        \"backupTime\": \"2020-03-03T14:11:22Z\",\r\n        \"backupExpirationTime\": \"2020-03-10T14:11:22Z\"\r\n      },\r\n      \"id\": \"/subscriptions/709b4d09-b251-4ae8-8998-e1954ee45cf9/resourceGroups/ps-test-rg/providers/Microsoft.Sql/locations/southeastasia/longTermRetentionManagedInstances/ps-test-mi/longTermRetentionDatabases/ps-test-2/longTermRetentionManagedInstanceBackups/a2a0bd4a-5dab-4907-a0f1-5bcfe9053e47;132277182820000000\",\r\n      \"name\": \"a2a0bd4a-5dab-4907-a0f1-5bcfe9053e47;132277182820000000\",\r\n      \"type\": \"Microsoft.Sql/locations/longTermRetentionManagedInstances/longTermRetentionDatabases/longTermRetentionManagedInstanceBackups\"\r\n    },\r\n    {\r\n      \"properties\": {\r\n        \"managedInstanceName\": \"ps-test-mi\",\r\n        \"managedInstanceCreateTime\": \"2019-10-17T16:52:10.627Z\",\r\n        \"databaseName\": \"ps-test-4\",\r\n        \"backupTime\": \"2020-03-03T14:16:35Z\",\r\n        \"backupExpirationTime\": \"2020-03-10T14:16:35Z\"\r\n      },\r\n      \"id\": \"/subscriptions/709b4d09-b251-4ae8-8998-e1954ee45cf9/resourceGroups/ps-test-rg/providers/Microsoft.Sql/locations/southeastasia/longTermRetentionManagedInstances/ps-test-mi/longTermRetentionDatabases/ps-test-4/longTermRetentionManagedInstanceBackups/3322749b-c621-4bc2-b97e-62a53318fe0a;132277185950000000\",\r\n      \"name\": \"3322749b-c621-4bc2-b97e-62a53318fe0a;132277185950000000\",\r\n      \"type\": \"Microsoft.Sql/locations/longTermRetentionManagedInstances/longTermRetentionDatabases/longTermRetentionManagedInstanceBackups\"\r\n    },\r\n    {\r\n      \"properties\": {\r\n        \"managedInstanceName\": \"ps-test-mi\",\r\n        \"managedInstanceCreateTime\": \"2019-10-17T16:52:10.627Z\",\r\n        \"databaseName\": \"test\",\r\n        \"databaseDeletionTime\": \"2020-02-24T14:56:44.717Z\",\r\n        \"backupTime\": \"2020-02-22T06:04:15Z\",\r\n        \"backupExpirationTime\": \"2020-03-10T13:10:45.6385112Z\"\r\n      },\r\n      \"id\": \"/subscriptions/709b4d09-b251-4ae8-8998-e1954ee45cf9/resourceGroups/ps-test-rg/providers/Microsoft.Sql/locations/southeastasia/longTermRetentionManagedInstances/ps-test-mi/longTermRetentionDatabases/test/longTermRetentionManagedInstanceBackups/5e3f5f6c-df6f-4c82-a447-740ee7153b2b;132268250550000000\",\r\n      \"name\": \"5e3f5f6c-df6f-4c82-a447-740ee7153b2b;132268250550000000\",\r\n      \"type\": \"Microsoft.Sql/locations/longTermRetentionManagedInstances/longTermRetentionDatabases/longTermRetentionManagedInstanceBackups\"\r\n    },\r\n    {\r\n      \"properties\": {\r\n        \"managedInstanceName\": \"ps-test-mi\",\r\n        \"managedInstanceCreateTime\": \"2019-10-17T16:52:10.627Z\",\r\n        \"databaseName\": \"sqlcrudtest-8305\",\r\n        \"backupTime\": \"2020-02-27T23:09:39Z\",\r\n        \"backupExpirationTime\": \"2020-03-10T13:59:29.7608268Z\"\r\n      },\r\n      \"id\": \"/subscriptions/709b4d09-b251-4ae8-8998-e1954ee45cf9/resourceGroups/ps-test-rg/providers/Microsoft.Sql/locations/southeastasia/longTermRetentionManagedInstances/ps-test-mi/longTermRetentionDatabases/sqlcrudtest-8305/longTermRetentionManagedInstanceBackups/5083d673-239d-433b-ab32-8d56bd69e9ae;132273185790000000\",\r\n      \"name\": \"5083d673-239d-433b-ab32-8d56bd69e9ae;132273185790000000\",\r\n      \"type\": \"Microsoft.Sql/locations/longTermRetentionManagedInstances/longTermRetentionDatabases/longTermRetentionManagedInstanceBackups\"\r\n    },\r\n    {\r\n      \"properties\": {\r\n        \"managedInstanceName\": \"ps-test-mi\",\r\n        \"managedInstanceCreateTime\": \"2019-10-17T16:52:10.627Z\",\r\n        \"databaseName\": \"ps-test-3\",\r\n        \"backupTime\": \"2020-03-03T14:11:24Z\",\r\n        \"backupExpirationTime\": \"2020-03-10T14:11:24Z\"\r\n      },\r\n      \"id\": \"/subscriptions/709b4d09-b251-4ae8-8998-e1954ee45cf9/resourceGroups/ps-test-rg/providers/Microsoft.Sql/locations/southeastasia/longTermRetentionManagedInstances/ps-test-mi/longTermRetentionDatabases/ps-test-3/longTermRetentionManagedInstanceBackups/f1a4625b-5ffc-40f7-ad16-b4d24bc7e911;132277182840000000\",\r\n      \"name\": \"f1a4625b-5ffc-40f7-ad16-b4d24bc7e911;132277182840000000\",\r\n      \"type\": \"Microsoft.Sql/locations/longTermRetentionManagedInstances/longTermRetentionDatabases/longTermRetentionManagedInstanceBackups\"\r\n    },\r\n    {\r\n      \"properties\": {\r\n        \"managedInstanceName\": \"ps-test-mi\",\r\n        \"managedInstanceCreateTime\": \"2019-10-17T16:52:10.627Z\",\r\n        \"databaseName\": \"test-b083bf22-b64c-42ee-958f-a5ee0a512f75\",\r\n        \"backupTime\": \"2020-03-03T13:51:21Z\",\r\n        \"backupExpirationTime\": \"2020-03-10T13:51:21Z\"\r\n      },\r\n      \"id\": \"/subscriptions/709b4d09-b251-4ae8-8998-e1954ee45cf9/resourceGroups/ps-test-rg/providers/Microsoft.Sql/locations/southeastasia/longTermRetentionManagedInstances/ps-test-mi/longTermRetentionDatabases/test-b083bf22-b64c-42ee-958f-a5ee0a512f75/longTermRetentionManagedInstanceBackups/91512746-7623-4077-97df-bfc754317765;132277170810000000\",\r\n      \"name\": \"91512746-7623-4077-97df-bfc754317765;132277170810000000\",\r\n      \"type\": \"Microsoft.Sql/locations/longTermRetentionManagedInstances/longTermRetentionDatabases/longTermRetentionManagedInstanceBackups\"\r\n    },\r\n    {\r\n      \"properties\": {\r\n        \"managedInstanceName\": \"ps-test-mi\",\r\n        \"managedInstanceCreateTime\": \"2019-10-17T16:52:10.627Z\",\r\n        \"databaseName\": \"sqlcrudtest-8750\",\r\n        \"backupTime\": \"2020-02-25T19:33:51Z\",\r\n        \"backupExpirationTime\": \"2020-03-10T13:55:06.3032425Z\"\r\n      },\r\n      \"id\": \"/subscriptions/709b4d09-b251-4ae8-8998-e1954ee45cf9/resourceGroups/ps-test-rg/providers/Microsoft.Sql/locations/southeastasia/longTermRetentionManagedInstances/ps-test-mi/longTermRetentionDatabases/sqlcrudtest-8750/longTermRetentionManagedInstanceBackups/869a4e40-bbe8-4703-82d8-d0be49021f66;132271328310000000\",\r\n      \"name\": \"869a4e40-bbe8-4703-82d8-d0be49021f66;132271328310000000\",\r\n      \"type\": \"Microsoft.Sql/locations/longTermRetentionManagedInstances/longTermRetentionDatabases/longTermRetentionManagedInstanceBackups\"\r\n    },\r\n    {\r\n      \"properties\": {\r\n        \"managedInstanceName\": \"ps-test-mi\",\r\n        \"managedInstanceCreateTime\": \"2019-10-17T16:52:10.627Z\",\r\n        \"databaseName\": \"ps-test\",\r\n        \"backupTime\": \"2020-03-03T14:01:29Z\",\r\n        \"backupExpirationTime\": \"2020-03-10T14:01:29Z\"\r\n      },\r\n      \"id\": \"/subscriptions/709b4d09-b251-4ae8-8998-e1954ee45cf9/resourceGroups/ps-test-rg/providers/Microsoft.Sql/locations/southeastasia/longTermRetentionManagedInstances/ps-test-mi/longTermRetentionDatabases/ps-test/longTermRetentionManagedInstanceBackups/723e1806-41e3-4cc1-86c8-e561433f245d;132277176890000000\",\r\n      \"name\": \"723e1806-41e3-4cc1-86c8-e561433f245d;132277176890000000\",\r\n      \"type\": \"Microsoft.Sql/locations/longTermRetentionManagedInstances/longTermRetentionDatabases/longTermRetentionManagedInstanceBackups\"\r\n    },\r\n    {\r\n      \"properties\": {\r\n        \"managedInstanceName\": \"ps-test-mi\",\r\n        \"managedInstanceCreateTime\": \"2019-10-17T16:52:10.627Z\",\r\n        \"databaseName\": \"sqlcrudtest-5830\",\r\n        \"backupTime\": \"2020-03-03T02:26:49Z\",\r\n        \"backupExpirationTime\": \"2020-03-10T13:01:51.29337Z\"\r\n      },\r\n      \"id\": \"/subscriptions/709b4d09-b251-4ae8-8998-e1954ee45cf9/resourceGroups/ps-test-rg/providers/Microsoft.Sql/locations/southeastasia/longTermRetentionManagedInstances/ps-test-mi/longTermRetentionDatabases/sqlcrudtest-5830/longTermRetentionManagedInstanceBackups/733cf33d-027c-455e-a80e-edfc1b06b0ee;132276760090000000\",\r\n      \"name\": \"733cf33d-027c-455e-a80e-edfc1b06b0ee;132276760090000000\",\r\n      \"type\": \"Microsoft.Sql/locations/longTermRetentionManagedInstances/longTermRetentionDatabases/longTermRetentionManagedInstanceBackups\"\r\n    },\r\n    {\r\n      \"properties\": {\r\n        \"managedInstanceName\": \"ps-test-mi\",\r\n        \"managedInstanceCreateTime\": \"2019-10-17T16:52:10.627Z\",\r\n        \"databaseName\": \"test-j\",\r\n        \"backupTime\": \"2020-03-03T06:56:52Z\",\r\n        \"backupExpirationTime\": \"2020-03-10T06:56:52Z\"\r\n      },\r\n      \"id\": \"/subscriptions/709b4d09-b251-4ae8-8998-e1954ee45cf9/resourceGroups/ps-test-rg/providers/Microsoft.Sql/locations/southeastasia/longTermRetentionManagedInstances/ps-test-mi/longTermRetentionDatabases/test-j/longTermRetentionManagedInstanceBackups/d159f3d8-0ee6-40df-8e97-fb221a00f835;132276922120000000\",\r\n      \"name\": \"d159f3d8-0ee6-40df-8e97-fb221a00f835;132276922120000000\",\r\n      \"type\": \"Microsoft.Sql/locations/longTermRetentionManagedInstances/longTermRetentionDatabases/longTermRetentionManagedInstanceBackups\"\r\n    }\r\n  ]\r\n}",
      "StatusCode": 200
    },
    {
      "RequestUri": "/subscriptions/709b4d09-b251-4ae8-8998-e1954ee45cf9/resourceGroups/ps-test-rg/providers/Microsoft.Sql/locations/southeastasia/longTermRetentionManagedInstanceBackups?onlyLatestPerDatabase=false&api-version=2018-06-01-preview",
      "EncodedRequestUri": "L3N1YnNjcmlwdGlvbnMvOGNmYjhiNjItYmNkNi00NzEzLTg5YWQtMTgwOTdmNzVjYzViL3Jlc291cmNlR3JvdXBzL2NsX3N0YWdlX3NlYV9jdi9wcm92aWRlcnMvTWljcm9zb2Z0LlNxbC9sb2NhdGlvbnMvc291dGhlYXN0YXNpYS9sb25nVGVybVJldGVudGlvbk1hbmFnZWRJbnN0YW5jZUJhY2t1cHM/b25seUxhdGVzdFBlckRhdGFiYXNlPWZhbHNlJmFwaS12ZXJzaW9uPTIwMTgtMDYtMDEtcHJldmlldw==",
      "RequestMethod": "GET",
      "RequestBody": "",
      "RequestHeaders": {
        "x-ms-client-request-id": [
          "f1fe093a-366d-4d5c-b9ae-e98ff77badb6"
        ],
        "Accept-Language": [
          "en-US"
        ],
        "User-Agent": [
          "FxVersion/4.6.28207.03",
          "OSName/Windows",
          "OSVersion/Microsoft.Windows.10.0.14393.",
          "Microsoft.Azure.Management.Sql.SqlManagementClient/1.39.0.0"
        ]
      },
      "ResponseHeaders": {
        "Cache-Control": [
          "no-cache"
        ],
        "Pragma": [
          "no-cache"
        ],
        "x-ms-request-id": [
          "6bfc9408-5d4d-417a-9171-35ed64477934"
        ],
        "Server": [
          "Microsoft-HTTPAPI/2.0"
        ],
        "x-ms-ratelimit-remaining-subscription-reads": [
          "14987"
        ],
        "x-ms-correlation-request-id": [
          "5e783fa1-587e-4b1d-90ce-4977ade390ce"
        ],
        "x-ms-routing-request-id": [
          "NORTHEUROPE:20200304T013211Z:5e783fa1-587e-4b1d-90ce-4977ade390ce"
        ],
        "Strict-Transport-Security": [
          "max-age=31536000; includeSubDomains"
        ],
        "X-Content-Type-Options": [
          "nosniff"
        ],
        "Date": [
          "Wed, 04 Mar 2020 01:32:11 GMT"
        ],
        "Content-Length": [
          "11378"
        ],
        "Content-Type": [
          "application/json; charset=utf-8"
        ],
        "Expires": [
          "-1"
        ]
      },
      "ResponseBody": "{\r\n  \"value\": [\r\n    {\r\n      \"properties\": {\r\n        \"managedInstanceName\": \"ps-test-mi\",\r\n        \"managedInstanceCreateTime\": \"2019-10-17T16:52:10.627Z\",\r\n        \"databaseName\": \"test-e18652d0-99a7-4bc7-9eb3-733ae3dae337\",\r\n        \"backupTime\": \"2020-03-03T07:01:59Z\",\r\n        \"backupExpirationTime\": \"2020-03-10T07:01:59Z\"\r\n      },\r\n      \"id\": \"/subscriptions/709b4d09-b251-4ae8-8998-e1954ee45cf9/resourceGroups/ps-test-rg/providers/Microsoft.Sql/locations/southeastasia/longTermRetentionManagedInstances/ps-test-mi/longTermRetentionDatabases/test-e18652d0-99a7-4bc7-9eb3-733ae3dae337/longTermRetentionManagedInstanceBackups/378455bf-dba5-4948-bfee-072c9223a4ed;132276925190000000\",\r\n      \"name\": \"378455bf-dba5-4948-bfee-072c9223a4ed;132276925190000000\",\r\n      \"type\": \"Microsoft.Sql/locations/longTermRetentionManagedInstances/longTermRetentionDatabases/longTermRetentionManagedInstanceBackups\"\r\n    },\r\n    {\r\n      \"properties\": {\r\n        \"managedInstanceName\": \"ps-test-mi\",\r\n        \"managedInstanceCreateTime\": \"2019-10-17T16:52:10.627Z\",\r\n        \"databaseName\": \"target1\",\r\n        \"backupTime\": \"2020-02-25T00:33:48Z\",\r\n        \"backupExpirationTime\": \"2020-03-10T00:33:48Z\"\r\n      },\r\n      \"id\": \"/subscriptions/709b4d09-b251-4ae8-8998-e1954ee45cf9/resourceGroups/ps-test-rg/providers/Microsoft.Sql/locations/southeastasia/longTermRetentionManagedInstances/ps-test-mi/longTermRetentionDatabases/target1/longTermRetentionManagedInstanceBackups/ae1ea149-d5ff-4554-9333-33debe0b92ff;132270644280000000\",\r\n      \"name\": \"ae1ea149-d5ff-4554-9333-33debe0b92ff;132270644280000000\",\r\n      \"type\": \"Microsoft.Sql/locations/longTermRetentionManagedInstances/longTermRetentionDatabases/longTermRetentionManagedInstanceBackups\"\r\n    },\r\n    {\r\n      \"properties\": {\r\n        \"managedInstanceName\": \"ps-test-mi\",\r\n        \"managedInstanceCreateTime\": \"2019-10-17T16:52:10.627Z\",\r\n        \"databaseName\": \"target1\",\r\n        \"backupTime\": \"2020-03-02T20:01:47Z\",\r\n        \"backupExpirationTime\": \"2020-03-16T20:01:47Z\"\r\n      },\r\n      \"id\": \"/subscriptions/709b4d09-b251-4ae8-8998-e1954ee45cf9/resourceGroups/ps-test-rg/providers/Microsoft.Sql/locations/southeastasia/longTermRetentionManagedInstances/ps-test-mi/longTermRetentionDatabases/target1/longTermRetentionManagedInstanceBackups/ae1ea149-d5ff-4554-9333-33debe0b92ff;132276529070000000\",\r\n      \"name\": \"ae1ea149-d5ff-4554-9333-33debe0b92ff;132276529070000000\",\r\n      \"type\": \"Microsoft.Sql/locations/longTermRetentionManagedInstances/longTermRetentionDatabases/longTermRetentionManagedInstanceBackups\"\r\n    },\r\n    {\r\n      \"properties\": {\r\n        \"managedInstanceName\": \"ps-test-mi\",\r\n        \"managedInstanceCreateTime\": \"2019-10-17T16:52:10.627Z\",\r\n        \"databaseName\": \"ps-test-5\",\r\n        \"backupTime\": \"2020-03-03T14:16:38Z\",\r\n        \"backupExpirationTime\": \"2020-03-10T14:16:38Z\"\r\n      },\r\n      \"id\": \"/subscriptions/709b4d09-b251-4ae8-8998-e1954ee45cf9/resourceGroups/ps-test-rg/providers/Microsoft.Sql/locations/southeastasia/longTermRetentionManagedInstances/ps-test-mi/longTermRetentionDatabases/ps-test-5/longTermRetentionManagedInstanceBackups/151bab0a-8376-4a30-9731-45813da9a614;132277185980000000\",\r\n      \"name\": \"151bab0a-8376-4a30-9731-45813da9a614;132277185980000000\",\r\n      \"type\": \"Microsoft.Sql/locations/longTermRetentionManagedInstances/longTermRetentionDatabases/longTermRetentionManagedInstanceBackups\"\r\n    },\r\n    {\r\n      \"properties\": {\r\n        \"managedInstanceName\": \"ps-test-mi\",\r\n        \"managedInstanceCreateTime\": \"2019-10-17T16:52:10.627Z\",\r\n        \"databaseName\": \"ps-test-1\",\r\n        \"backupTime\": \"2020-03-03T14:06:27Z\",\r\n        \"backupExpirationTime\": \"2020-03-10T14:06:27Z\"\r\n      },\r\n      \"id\": \"/subscriptions/709b4d09-b251-4ae8-8998-e1954ee45cf9/resourceGroups/ps-test-rg/providers/Microsoft.Sql/locations/southeastasia/longTermRetentionManagedInstances/ps-test-mi/longTermRetentionDatabases/ps-test-1/longTermRetentionManagedInstanceBackups/0cf6fbbd-0040-4a2b-b95d-591eba358931;132277179870000000\",\r\n      \"name\": \"0cf6fbbd-0040-4a2b-b95d-591eba358931;132277179870000000\",\r\n      \"type\": \"Microsoft.Sql/locations/longTermRetentionManagedInstances/longTermRetentionDatabases/longTermRetentionManagedInstanceBackups\"\r\n    },\r\n    {\r\n      \"properties\": {\r\n        \"managedInstanceName\": \"ps-test-mi\",\r\n        \"managedInstanceCreateTime\": \"2019-10-17T16:52:10.627Z\",\r\n        \"databaseName\": \"ps-test-2\",\r\n        \"backupTime\": \"2020-03-03T14:11:22Z\",\r\n        \"backupExpirationTime\": \"2020-03-10T14:11:22Z\"\r\n      },\r\n      \"id\": \"/subscriptions/709b4d09-b251-4ae8-8998-e1954ee45cf9/resourceGroups/ps-test-rg/providers/Microsoft.Sql/locations/southeastasia/longTermRetentionManagedInstances/ps-test-mi/longTermRetentionDatabases/ps-test-2/longTermRetentionManagedInstanceBackups/a2a0bd4a-5dab-4907-a0f1-5bcfe9053e47;132277182820000000\",\r\n      \"name\": \"a2a0bd4a-5dab-4907-a0f1-5bcfe9053e47;132277182820000000\",\r\n      \"type\": \"Microsoft.Sql/locations/longTermRetentionManagedInstances/longTermRetentionDatabases/longTermRetentionManagedInstanceBackups\"\r\n    },\r\n    {\r\n      \"properties\": {\r\n        \"managedInstanceName\": \"ps-test-mi\",\r\n        \"managedInstanceCreateTime\": \"2019-10-17T16:52:10.627Z\",\r\n        \"databaseName\": \"ps-test-4\",\r\n        \"backupTime\": \"2020-03-03T14:16:35Z\",\r\n        \"backupExpirationTime\": \"2020-03-10T14:16:35Z\"\r\n      },\r\n      \"id\": \"/subscriptions/709b4d09-b251-4ae8-8998-e1954ee45cf9/resourceGroups/ps-test-rg/providers/Microsoft.Sql/locations/southeastasia/longTermRetentionManagedInstances/ps-test-mi/longTermRetentionDatabases/ps-test-4/longTermRetentionManagedInstanceBackups/3322749b-c621-4bc2-b97e-62a53318fe0a;132277185950000000\",\r\n      \"name\": \"3322749b-c621-4bc2-b97e-62a53318fe0a;132277185950000000\",\r\n      \"type\": \"Microsoft.Sql/locations/longTermRetentionManagedInstances/longTermRetentionDatabases/longTermRetentionManagedInstanceBackups\"\r\n    },\r\n    {\r\n      \"properties\": {\r\n        \"managedInstanceName\": \"ps-test-mi\",\r\n        \"managedInstanceCreateTime\": \"2019-10-17T16:52:10.627Z\",\r\n        \"databaseName\": \"test\",\r\n        \"databaseDeletionTime\": \"2020-02-24T14:56:44.717Z\",\r\n        \"backupTime\": \"2020-02-22T06:04:15Z\",\r\n        \"backupExpirationTime\": \"2020-03-10T13:10:45.6385112Z\"\r\n      },\r\n      \"id\": \"/subscriptions/709b4d09-b251-4ae8-8998-e1954ee45cf9/resourceGroups/ps-test-rg/providers/Microsoft.Sql/locations/southeastasia/longTermRetentionManagedInstances/ps-test-mi/longTermRetentionDatabases/test/longTermRetentionManagedInstanceBackups/5e3f5f6c-df6f-4c82-a447-740ee7153b2b;132268250550000000\",\r\n      \"name\": \"5e3f5f6c-df6f-4c82-a447-740ee7153b2b;132268250550000000\",\r\n      \"type\": \"Microsoft.Sql/locations/longTermRetentionManagedInstances/longTermRetentionDatabases/longTermRetentionManagedInstanceBackups\"\r\n    },\r\n    {\r\n      \"properties\": {\r\n        \"managedInstanceName\": \"ps-test-mi\",\r\n        \"managedInstanceCreateTime\": \"2019-10-17T16:52:10.627Z\",\r\n        \"databaseName\": \"sqlcrudtest-8305\",\r\n        \"backupTime\": \"2020-02-27T23:09:39Z\",\r\n        \"backupExpirationTime\": \"2020-03-10T13:59:29.7608268Z\"\r\n      },\r\n      \"id\": \"/subscriptions/709b4d09-b251-4ae8-8998-e1954ee45cf9/resourceGroups/ps-test-rg/providers/Microsoft.Sql/locations/southeastasia/longTermRetentionManagedInstances/ps-test-mi/longTermRetentionDatabases/sqlcrudtest-8305/longTermRetentionManagedInstanceBackups/5083d673-239d-433b-ab32-8d56bd69e9ae;132273185790000000\",\r\n      \"name\": \"5083d673-239d-433b-ab32-8d56bd69e9ae;132273185790000000\",\r\n      \"type\": \"Microsoft.Sql/locations/longTermRetentionManagedInstances/longTermRetentionDatabases/longTermRetentionManagedInstanceBackups\"\r\n    },\r\n    {\r\n      \"properties\": {\r\n        \"managedInstanceName\": \"ps-test-mi\",\r\n        \"managedInstanceCreateTime\": \"2019-10-17T16:52:10.627Z\",\r\n        \"databaseName\": \"ps-test-3\",\r\n        \"backupTime\": \"2020-03-03T14:11:24Z\",\r\n        \"backupExpirationTime\": \"2020-03-10T14:11:24Z\"\r\n      },\r\n      \"id\": \"/subscriptions/709b4d09-b251-4ae8-8998-e1954ee45cf9/resourceGroups/ps-test-rg/providers/Microsoft.Sql/locations/southeastasia/longTermRetentionManagedInstances/ps-test-mi/longTermRetentionDatabases/ps-test-3/longTermRetentionManagedInstanceBackups/f1a4625b-5ffc-40f7-ad16-b4d24bc7e911;132277182840000000\",\r\n      \"name\": \"f1a4625b-5ffc-40f7-ad16-b4d24bc7e911;132277182840000000\",\r\n      \"type\": \"Microsoft.Sql/locations/longTermRetentionManagedInstances/longTermRetentionDatabases/longTermRetentionManagedInstanceBackups\"\r\n    },\r\n    {\r\n      \"properties\": {\r\n        \"managedInstanceName\": \"ps-test-mi\",\r\n        \"managedInstanceCreateTime\": \"2019-10-17T16:52:10.627Z\",\r\n        \"databaseName\": \"test-b083bf22-b64c-42ee-958f-a5ee0a512f75\",\r\n        \"backupTime\": \"2020-03-03T13:51:21Z\",\r\n        \"backupExpirationTime\": \"2020-03-10T13:51:21Z\"\r\n      },\r\n      \"id\": \"/subscriptions/709b4d09-b251-4ae8-8998-e1954ee45cf9/resourceGroups/ps-test-rg/providers/Microsoft.Sql/locations/southeastasia/longTermRetentionManagedInstances/ps-test-mi/longTermRetentionDatabases/test-b083bf22-b64c-42ee-958f-a5ee0a512f75/longTermRetentionManagedInstanceBackups/91512746-7623-4077-97df-bfc754317765;132277170810000000\",\r\n      \"name\": \"91512746-7623-4077-97df-bfc754317765;132277170810000000\",\r\n      \"type\": \"Microsoft.Sql/locations/longTermRetentionManagedInstances/longTermRetentionDatabases/longTermRetentionManagedInstanceBackups\"\r\n    },\r\n    {\r\n      \"properties\": {\r\n        \"managedInstanceName\": \"ps-test-mi\",\r\n        \"managedInstanceCreateTime\": \"2019-10-17T16:52:10.627Z\",\r\n        \"databaseName\": \"sqlcrudtest-8750\",\r\n        \"backupTime\": \"2020-02-25T19:33:51Z\",\r\n        \"backupExpirationTime\": \"2020-03-10T13:55:06.3032425Z\"\r\n      },\r\n      \"id\": \"/subscriptions/709b4d09-b251-4ae8-8998-e1954ee45cf9/resourceGroups/ps-test-rg/providers/Microsoft.Sql/locations/southeastasia/longTermRetentionManagedInstances/ps-test-mi/longTermRetentionDatabases/sqlcrudtest-8750/longTermRetentionManagedInstanceBackups/869a4e40-bbe8-4703-82d8-d0be49021f66;132271328310000000\",\r\n      \"name\": \"869a4e40-bbe8-4703-82d8-d0be49021f66;132271328310000000\",\r\n      \"type\": \"Microsoft.Sql/locations/longTermRetentionManagedInstances/longTermRetentionDatabases/longTermRetentionManagedInstanceBackups\"\r\n    },\r\n    {\r\n      \"properties\": {\r\n        \"managedInstanceName\": \"ps-test-mi\",\r\n        \"managedInstanceCreateTime\": \"2019-10-17T16:52:10.627Z\",\r\n        \"databaseName\": \"ps-test\",\r\n        \"backupTime\": \"2020-03-03T14:01:29Z\",\r\n        \"backupExpirationTime\": \"2020-03-10T14:01:29Z\"\r\n      },\r\n      \"id\": \"/subscriptions/709b4d09-b251-4ae8-8998-e1954ee45cf9/resourceGroups/ps-test-rg/providers/Microsoft.Sql/locations/southeastasia/longTermRetentionManagedInstances/ps-test-mi/longTermRetentionDatabases/ps-test/longTermRetentionManagedInstanceBackups/723e1806-41e3-4cc1-86c8-e561433f245d;132277176890000000\",\r\n      \"name\": \"723e1806-41e3-4cc1-86c8-e561433f245d;132277176890000000\",\r\n      \"type\": \"Microsoft.Sql/locations/longTermRetentionManagedInstances/longTermRetentionDatabases/longTermRetentionManagedInstanceBackups\"\r\n    },\r\n    {\r\n      \"properties\": {\r\n        \"managedInstanceName\": \"ps-test-mi\",\r\n        \"managedInstanceCreateTime\": \"2019-10-17T16:52:10.627Z\",\r\n        \"databaseName\": \"sqlcrudtest-5830\",\r\n        \"backupTime\": \"2020-03-03T02:26:49Z\",\r\n        \"backupExpirationTime\": \"2020-03-10T13:01:51.29337Z\"\r\n      },\r\n      \"id\": \"/subscriptions/709b4d09-b251-4ae8-8998-e1954ee45cf9/resourceGroups/ps-test-rg/providers/Microsoft.Sql/locations/southeastasia/longTermRetentionManagedInstances/ps-test-mi/longTermRetentionDatabases/sqlcrudtest-5830/longTermRetentionManagedInstanceBackups/733cf33d-027c-455e-a80e-edfc1b06b0ee;132276760090000000\",\r\n      \"name\": \"733cf33d-027c-455e-a80e-edfc1b06b0ee;132276760090000000\",\r\n      \"type\": \"Microsoft.Sql/locations/longTermRetentionManagedInstances/longTermRetentionDatabases/longTermRetentionManagedInstanceBackups\"\r\n    },\r\n    {\r\n      \"properties\": {\r\n        \"managedInstanceName\": \"ps-test-mi\",\r\n        \"managedInstanceCreateTime\": \"2019-10-17T16:52:10.627Z\",\r\n        \"databaseName\": \"test-j\",\r\n        \"backupTime\": \"2020-03-03T06:56:52Z\",\r\n        \"backupExpirationTime\": \"2020-03-10T06:56:52Z\"\r\n      },\r\n      \"id\": \"/subscriptions/709b4d09-b251-4ae8-8998-e1954ee45cf9/resourceGroups/ps-test-rg/providers/Microsoft.Sql/locations/southeastasia/longTermRetentionManagedInstances/ps-test-mi/longTermRetentionDatabases/test-j/longTermRetentionManagedInstanceBackups/d159f3d8-0ee6-40df-8e97-fb221a00f835;132276922120000000\",\r\n      \"name\": \"d159f3d8-0ee6-40df-8e97-fb221a00f835;132276922120000000\",\r\n      \"type\": \"Microsoft.Sql/locations/longTermRetentionManagedInstances/longTermRetentionDatabases/longTermRetentionManagedInstanceBackups\"\r\n    }\r\n  ]\r\n}",
      "StatusCode": 200
    },
    {
      "RequestUri": "/subscriptions/709b4d09-b251-4ae8-8998-e1954ee45cf9/resourceGroups/ps-test-rg/providers/Microsoft.Sql/locations/southeastasia/longTermRetentionManagedInstances/ps-test-mi/longTermRetentionManagedInstanceBackups?onlyLatestPerDatabase=false&api-version=2018-06-01-preview",
      "EncodedRequestUri": "L3N1YnNjcmlwdGlvbnMvOGNmYjhiNjItYmNkNi00NzEzLTg5YWQtMTgwOTdmNzVjYzViL3Jlc291cmNlR3JvdXBzL2NsX3N0YWdlX3NlYV9jdi9wcm92aWRlcnMvTWljcm9zb2Z0LlNxbC9sb2NhdGlvbnMvc291dGhlYXN0YXNpYS9sb25nVGVybVJldGVudGlvbk1hbmFnZWRJbnN0YW5jZXMvc2VhZ2VvZHItZ2VuNS1ncC9sb25nVGVybVJldGVudGlvbk1hbmFnZWRJbnN0YW5jZUJhY2t1cHM/b25seUxhdGVzdFBlckRhdGFiYXNlPWZhbHNlJmFwaS12ZXJzaW9uPTIwMTgtMDYtMDEtcHJldmlldw==",
      "RequestMethod": "GET",
      "RequestBody": "",
      "RequestHeaders": {
        "x-ms-client-request-id": [
          "c9bd09a4-f081-4110-9209-bf04b009cc8d"
        ],
        "Accept-Language": [
          "en-US"
        ],
        "User-Agent": [
          "FxVersion/4.6.28207.03",
          "OSName/Windows",
          "OSVersion/Microsoft.Windows.10.0.14393.",
          "Microsoft.Azure.Management.Sql.SqlManagementClient/1.39.0.0"
        ]
      },
      "ResponseHeaders": {
        "Cache-Control": [
          "no-cache"
        ],
        "Pragma": [
          "no-cache"
        ],
        "x-ms-request-id": [
          "0c9635a3-7086-4377-a706-3f4dbe202391"
        ],
        "Server": [
          "Microsoft-HTTPAPI/2.0"
        ],
        "x-ms-ratelimit-remaining-subscription-reads": [
          "14998"
        ],
        "x-ms-correlation-request-id": [
          "50bcb261-1c83-45bc-ac98-54f447b92bfd"
        ],
        "x-ms-routing-request-id": [
          "NORTHEUROPE:20200304T013207Z:50bcb261-1c83-45bc-ac98-54f447b92bfd"
        ],
        "Strict-Transport-Security": [
          "max-age=31536000; includeSubDomains"
        ],
        "X-Content-Type-Options": [
          "nosniff"
        ],
        "Date": [
          "Wed, 04 Mar 2020 01:32:06 GMT"
        ],
        "Content-Length": [
          "11378"
        ],
        "Content-Type": [
          "application/json; charset=utf-8"
        ],
        "Expires": [
          "-1"
        ]
      },
      "ResponseBody": "{\r\n  \"value\": [\r\n    {\r\n      \"properties\": {\r\n        \"managedInstanceName\": \"ps-test-mi\",\r\n        \"managedInstanceCreateTime\": \"2019-10-17T16:52:10.627Z\",\r\n        \"databaseName\": \"test-e18652d0-99a7-4bc7-9eb3-733ae3dae337\",\r\n        \"backupTime\": \"2020-03-03T07:01:59Z\",\r\n        \"backupExpirationTime\": \"2020-03-10T07:01:59Z\"\r\n      },\r\n      \"id\": \"/subscriptions/709b4d09-b251-4ae8-8998-e1954ee45cf9/resourceGroups/ps-test-rg/providers/Microsoft.Sql/locations/southeastasia/longTermRetentionManagedInstances/ps-test-mi/longTermRetentionDatabases/test-e18652d0-99a7-4bc7-9eb3-733ae3dae337/longTermRetentionManagedInstanceBackups/378455bf-dba5-4948-bfee-072c9223a4ed;132276925190000000\",\r\n      \"name\": \"378455bf-dba5-4948-bfee-072c9223a4ed;132276925190000000\",\r\n      \"type\": \"Microsoft.Sql/locations/longTermRetentionManagedInstances/longTermRetentionDatabases/longTermRetentionManagedInstanceBackups\"\r\n    },\r\n    {\r\n      \"properties\": {\r\n        \"managedInstanceName\": \"ps-test-mi\",\r\n        \"managedInstanceCreateTime\": \"2019-10-17T16:52:10.627Z\",\r\n        \"databaseName\": \"target1\",\r\n        \"backupTime\": \"2020-02-25T00:33:48Z\",\r\n        \"backupExpirationTime\": \"2020-03-10T00:33:48Z\"\r\n      },\r\n      \"id\": \"/subscriptions/709b4d09-b251-4ae8-8998-e1954ee45cf9/resourceGroups/ps-test-rg/providers/Microsoft.Sql/locations/southeastasia/longTermRetentionManagedInstances/ps-test-mi/longTermRetentionDatabases/target1/longTermRetentionManagedInstanceBackups/ae1ea149-d5ff-4554-9333-33debe0b92ff;132270644280000000\",\r\n      \"name\": \"ae1ea149-d5ff-4554-9333-33debe0b92ff;132270644280000000\",\r\n      \"type\": \"Microsoft.Sql/locations/longTermRetentionManagedInstances/longTermRetentionDatabases/longTermRetentionManagedInstanceBackups\"\r\n    },\r\n    {\r\n      \"properties\": {\r\n        \"managedInstanceName\": \"ps-test-mi\",\r\n        \"managedInstanceCreateTime\": \"2019-10-17T16:52:10.627Z\",\r\n        \"databaseName\": \"target1\",\r\n        \"backupTime\": \"2020-03-02T20:01:47Z\",\r\n        \"backupExpirationTime\": \"2020-03-16T20:01:47Z\"\r\n      },\r\n      \"id\": \"/subscriptions/709b4d09-b251-4ae8-8998-e1954ee45cf9/resourceGroups/ps-test-rg/providers/Microsoft.Sql/locations/southeastasia/longTermRetentionManagedInstances/ps-test-mi/longTermRetentionDatabases/target1/longTermRetentionManagedInstanceBackups/ae1ea149-d5ff-4554-9333-33debe0b92ff;132276529070000000\",\r\n      \"name\": \"ae1ea149-d5ff-4554-9333-33debe0b92ff;132276529070000000\",\r\n      \"type\": \"Microsoft.Sql/locations/longTermRetentionManagedInstances/longTermRetentionDatabases/longTermRetentionManagedInstanceBackups\"\r\n    },\r\n    {\r\n      \"properties\": {\r\n        \"managedInstanceName\": \"ps-test-mi\",\r\n        \"managedInstanceCreateTime\": \"2019-10-17T16:52:10.627Z\",\r\n        \"databaseName\": \"ps-test-5\",\r\n        \"backupTime\": \"2020-03-03T14:16:38Z\",\r\n        \"backupExpirationTime\": \"2020-03-10T14:16:38Z\"\r\n      },\r\n      \"id\": \"/subscriptions/709b4d09-b251-4ae8-8998-e1954ee45cf9/resourceGroups/ps-test-rg/providers/Microsoft.Sql/locations/southeastasia/longTermRetentionManagedInstances/ps-test-mi/longTermRetentionDatabases/ps-test-5/longTermRetentionManagedInstanceBackups/151bab0a-8376-4a30-9731-45813da9a614;132277185980000000\",\r\n      \"name\": \"151bab0a-8376-4a30-9731-45813da9a614;132277185980000000\",\r\n      \"type\": \"Microsoft.Sql/locations/longTermRetentionManagedInstances/longTermRetentionDatabases/longTermRetentionManagedInstanceBackups\"\r\n    },\r\n    {\r\n      \"properties\": {\r\n        \"managedInstanceName\": \"ps-test-mi\",\r\n        \"managedInstanceCreateTime\": \"2019-10-17T16:52:10.627Z\",\r\n        \"databaseName\": \"ps-test-1\",\r\n        \"backupTime\": \"2020-03-03T14:06:27Z\",\r\n        \"backupExpirationTime\": \"2020-03-10T14:06:27Z\"\r\n      },\r\n      \"id\": \"/subscriptions/709b4d09-b251-4ae8-8998-e1954ee45cf9/resourceGroups/ps-test-rg/providers/Microsoft.Sql/locations/southeastasia/longTermRetentionManagedInstances/ps-test-mi/longTermRetentionDatabases/ps-test-1/longTermRetentionManagedInstanceBackups/0cf6fbbd-0040-4a2b-b95d-591eba358931;132277179870000000\",\r\n      \"name\": \"0cf6fbbd-0040-4a2b-b95d-591eba358931;132277179870000000\",\r\n      \"type\": \"Microsoft.Sql/locations/longTermRetentionManagedInstances/longTermRetentionDatabases/longTermRetentionManagedInstanceBackups\"\r\n    },\r\n    {\r\n      \"properties\": {\r\n        \"managedInstanceName\": \"ps-test-mi\",\r\n        \"managedInstanceCreateTime\": \"2019-10-17T16:52:10.627Z\",\r\n        \"databaseName\": \"ps-test-2\",\r\n        \"backupTime\": \"2020-03-03T14:11:22Z\",\r\n        \"backupExpirationTime\": \"2020-03-10T14:11:22Z\"\r\n      },\r\n      \"id\": \"/subscriptions/709b4d09-b251-4ae8-8998-e1954ee45cf9/resourceGroups/ps-test-rg/providers/Microsoft.Sql/locations/southeastasia/longTermRetentionManagedInstances/ps-test-mi/longTermRetentionDatabases/ps-test-2/longTermRetentionManagedInstanceBackups/a2a0bd4a-5dab-4907-a0f1-5bcfe9053e47;132277182820000000\",\r\n      \"name\": \"a2a0bd4a-5dab-4907-a0f1-5bcfe9053e47;132277182820000000\",\r\n      \"type\": \"Microsoft.Sql/locations/longTermRetentionManagedInstances/longTermRetentionDatabases/longTermRetentionManagedInstanceBackups\"\r\n    },\r\n    {\r\n      \"properties\": {\r\n        \"managedInstanceName\": \"ps-test-mi\",\r\n        \"managedInstanceCreateTime\": \"2019-10-17T16:52:10.627Z\",\r\n        \"databaseName\": \"ps-test-4\",\r\n        \"backupTime\": \"2020-03-03T14:16:35Z\",\r\n        \"backupExpirationTime\": \"2020-03-10T14:16:35Z\"\r\n      },\r\n      \"id\": \"/subscriptions/709b4d09-b251-4ae8-8998-e1954ee45cf9/resourceGroups/ps-test-rg/providers/Microsoft.Sql/locations/southeastasia/longTermRetentionManagedInstances/ps-test-mi/longTermRetentionDatabases/ps-test-4/longTermRetentionManagedInstanceBackups/3322749b-c621-4bc2-b97e-62a53318fe0a;132277185950000000\",\r\n      \"name\": \"3322749b-c621-4bc2-b97e-62a53318fe0a;132277185950000000\",\r\n      \"type\": \"Microsoft.Sql/locations/longTermRetentionManagedInstances/longTermRetentionDatabases/longTermRetentionManagedInstanceBackups\"\r\n    },\r\n    {\r\n      \"properties\": {\r\n        \"managedInstanceName\": \"ps-test-mi\",\r\n        \"managedInstanceCreateTime\": \"2019-10-17T16:52:10.627Z\",\r\n        \"databaseName\": \"test\",\r\n        \"databaseDeletionTime\": \"2020-02-24T14:56:44.717Z\",\r\n        \"backupTime\": \"2020-02-22T06:04:15Z\",\r\n        \"backupExpirationTime\": \"2020-03-10T13:10:45.6385112Z\"\r\n      },\r\n      \"id\": \"/subscriptions/709b4d09-b251-4ae8-8998-e1954ee45cf9/resourceGroups/ps-test-rg/providers/Microsoft.Sql/locations/southeastasia/longTermRetentionManagedInstances/ps-test-mi/longTermRetentionDatabases/test/longTermRetentionManagedInstanceBackups/5e3f5f6c-df6f-4c82-a447-740ee7153b2b;132268250550000000\",\r\n      \"name\": \"5e3f5f6c-df6f-4c82-a447-740ee7153b2b;132268250550000000\",\r\n      \"type\": \"Microsoft.Sql/locations/longTermRetentionManagedInstances/longTermRetentionDatabases/longTermRetentionManagedInstanceBackups\"\r\n    },\r\n    {\r\n      \"properties\": {\r\n        \"managedInstanceName\": \"ps-test-mi\",\r\n        \"managedInstanceCreateTime\": \"2019-10-17T16:52:10.627Z\",\r\n        \"databaseName\": \"sqlcrudtest-8305\",\r\n        \"backupTime\": \"2020-02-27T23:09:39Z\",\r\n        \"backupExpirationTime\": \"2020-03-10T13:59:29.7608268Z\"\r\n      },\r\n      \"id\": \"/subscriptions/709b4d09-b251-4ae8-8998-e1954ee45cf9/resourceGroups/ps-test-rg/providers/Microsoft.Sql/locations/southeastasia/longTermRetentionManagedInstances/ps-test-mi/longTermRetentionDatabases/sqlcrudtest-8305/longTermRetentionManagedInstanceBackups/5083d673-239d-433b-ab32-8d56bd69e9ae;132273185790000000\",\r\n      \"name\": \"5083d673-239d-433b-ab32-8d56bd69e9ae;132273185790000000\",\r\n      \"type\": \"Microsoft.Sql/locations/longTermRetentionManagedInstances/longTermRetentionDatabases/longTermRetentionManagedInstanceBackups\"\r\n    },\r\n    {\r\n      \"properties\": {\r\n        \"managedInstanceName\": \"ps-test-mi\",\r\n        \"managedInstanceCreateTime\": \"2019-10-17T16:52:10.627Z\",\r\n        \"databaseName\": \"ps-test-3\",\r\n        \"backupTime\": \"2020-03-03T14:11:24Z\",\r\n        \"backupExpirationTime\": \"2020-03-10T14:11:24Z\"\r\n      },\r\n      \"id\": \"/subscriptions/709b4d09-b251-4ae8-8998-e1954ee45cf9/resourceGroups/ps-test-rg/providers/Microsoft.Sql/locations/southeastasia/longTermRetentionManagedInstances/ps-test-mi/longTermRetentionDatabases/ps-test-3/longTermRetentionManagedInstanceBackups/f1a4625b-5ffc-40f7-ad16-b4d24bc7e911;132277182840000000\",\r\n      \"name\": \"f1a4625b-5ffc-40f7-ad16-b4d24bc7e911;132277182840000000\",\r\n      \"type\": \"Microsoft.Sql/locations/longTermRetentionManagedInstances/longTermRetentionDatabases/longTermRetentionManagedInstanceBackups\"\r\n    },\r\n    {\r\n      \"properties\": {\r\n        \"managedInstanceName\": \"ps-test-mi\",\r\n        \"managedInstanceCreateTime\": \"2019-10-17T16:52:10.627Z\",\r\n        \"databaseName\": \"test-b083bf22-b64c-42ee-958f-a5ee0a512f75\",\r\n        \"backupTime\": \"2020-03-03T13:51:21Z\",\r\n        \"backupExpirationTime\": \"2020-03-10T13:51:21Z\"\r\n      },\r\n      \"id\": \"/subscriptions/709b4d09-b251-4ae8-8998-e1954ee45cf9/resourceGroups/ps-test-rg/providers/Microsoft.Sql/locations/southeastasia/longTermRetentionManagedInstances/ps-test-mi/longTermRetentionDatabases/test-b083bf22-b64c-42ee-958f-a5ee0a512f75/longTermRetentionManagedInstanceBackups/91512746-7623-4077-97df-bfc754317765;132277170810000000\",\r\n      \"name\": \"91512746-7623-4077-97df-bfc754317765;132277170810000000\",\r\n      \"type\": \"Microsoft.Sql/locations/longTermRetentionManagedInstances/longTermRetentionDatabases/longTermRetentionManagedInstanceBackups\"\r\n    },\r\n    {\r\n      \"properties\": {\r\n        \"managedInstanceName\": \"ps-test-mi\",\r\n        \"managedInstanceCreateTime\": \"2019-10-17T16:52:10.627Z\",\r\n        \"databaseName\": \"sqlcrudtest-8750\",\r\n        \"backupTime\": \"2020-02-25T19:33:51Z\",\r\n        \"backupExpirationTime\": \"2020-03-10T13:55:06.3032425Z\"\r\n      },\r\n      \"id\": \"/subscriptions/709b4d09-b251-4ae8-8998-e1954ee45cf9/resourceGroups/ps-test-rg/providers/Microsoft.Sql/locations/southeastasia/longTermRetentionManagedInstances/ps-test-mi/longTermRetentionDatabases/sqlcrudtest-8750/longTermRetentionManagedInstanceBackups/869a4e40-bbe8-4703-82d8-d0be49021f66;132271328310000000\",\r\n      \"name\": \"869a4e40-bbe8-4703-82d8-d0be49021f66;132271328310000000\",\r\n      \"type\": \"Microsoft.Sql/locations/longTermRetentionManagedInstances/longTermRetentionDatabases/longTermRetentionManagedInstanceBackups\"\r\n    },\r\n    {\r\n      \"properties\": {\r\n        \"managedInstanceName\": \"ps-test-mi\",\r\n        \"managedInstanceCreateTime\": \"2019-10-17T16:52:10.627Z\",\r\n        \"databaseName\": \"ps-test\",\r\n        \"backupTime\": \"2020-03-03T14:01:29Z\",\r\n        \"backupExpirationTime\": \"2020-03-10T14:01:29Z\"\r\n      },\r\n      \"id\": \"/subscriptions/709b4d09-b251-4ae8-8998-e1954ee45cf9/resourceGroups/ps-test-rg/providers/Microsoft.Sql/locations/southeastasia/longTermRetentionManagedInstances/ps-test-mi/longTermRetentionDatabases/ps-test/longTermRetentionManagedInstanceBackups/723e1806-41e3-4cc1-86c8-e561433f245d;132277176890000000\",\r\n      \"name\": \"723e1806-41e3-4cc1-86c8-e561433f245d;132277176890000000\",\r\n      \"type\": \"Microsoft.Sql/locations/longTermRetentionManagedInstances/longTermRetentionDatabases/longTermRetentionManagedInstanceBackups\"\r\n    },\r\n    {\r\n      \"properties\": {\r\n        \"managedInstanceName\": \"ps-test-mi\",\r\n        \"managedInstanceCreateTime\": \"2019-10-17T16:52:10.627Z\",\r\n        \"databaseName\": \"sqlcrudtest-5830\",\r\n        \"backupTime\": \"2020-03-03T02:26:49Z\",\r\n        \"backupExpirationTime\": \"2020-03-10T13:01:51.29337Z\"\r\n      },\r\n      \"id\": \"/subscriptions/709b4d09-b251-4ae8-8998-e1954ee45cf9/resourceGroups/ps-test-rg/providers/Microsoft.Sql/locations/southeastasia/longTermRetentionManagedInstances/ps-test-mi/longTermRetentionDatabases/sqlcrudtest-5830/longTermRetentionManagedInstanceBackups/733cf33d-027c-455e-a80e-edfc1b06b0ee;132276760090000000\",\r\n      \"name\": \"733cf33d-027c-455e-a80e-edfc1b06b0ee;132276760090000000\",\r\n      \"type\": \"Microsoft.Sql/locations/longTermRetentionManagedInstances/longTermRetentionDatabases/longTermRetentionManagedInstanceBackups\"\r\n    },\r\n    {\r\n      \"properties\": {\r\n        \"managedInstanceName\": \"ps-test-mi\",\r\n        \"managedInstanceCreateTime\": \"2019-10-17T16:52:10.627Z\",\r\n        \"databaseName\": \"test-j\",\r\n        \"backupTime\": \"2020-03-03T06:56:52Z\",\r\n        \"backupExpirationTime\": \"2020-03-10T06:56:52Z\"\r\n      },\r\n      \"id\": \"/subscriptions/709b4d09-b251-4ae8-8998-e1954ee45cf9/resourceGroups/ps-test-rg/providers/Microsoft.Sql/locations/southeastasia/longTermRetentionManagedInstances/ps-test-mi/longTermRetentionDatabases/test-j/longTermRetentionManagedInstanceBackups/d159f3d8-0ee6-40df-8e97-fb221a00f835;132276922120000000\",\r\n      \"name\": \"d159f3d8-0ee6-40df-8e97-fb221a00f835;132276922120000000\",\r\n      \"type\": \"Microsoft.Sql/locations/longTermRetentionManagedInstances/longTermRetentionDatabases/longTermRetentionManagedInstanceBackups\"\r\n    }\r\n  ]\r\n}",
      "StatusCode": 200
    },
    {
      "RequestUri": "/subscriptions/709b4d09-b251-4ae8-8998-e1954ee45cf9/resourceGroups/ps-test-rg/providers/Microsoft.Sql/locations/southeastasia/longTermRetentionManagedInstances/ps-test-mi/longTermRetentionDatabases/test/longTermRetentionManagedInstanceBackups?onlyLatestPerDatabase=false&api-version=2018-06-01-preview",
      "EncodedRequestUri": "L3N1YnNjcmlwdGlvbnMvOGNmYjhiNjItYmNkNi00NzEzLTg5YWQtMTgwOTdmNzVjYzViL3Jlc291cmNlR3JvdXBzL2NsX3N0YWdlX3NlYV9jdi9wcm92aWRlcnMvTWljcm9zb2Z0LlNxbC9sb2NhdGlvbnMvc291dGhlYXN0YXNpYS9sb25nVGVybVJldGVudGlvbk1hbmFnZWRJbnN0YW5jZXMvc2VhZ2VvZHItZ2VuNS1ncC9sb25nVGVybVJldGVudGlvbkRhdGFiYXNlcy90ZXN0L2xvbmdUZXJtUmV0ZW50aW9uTWFuYWdlZEluc3RhbmNlQmFja3Vwcz9vbmx5TGF0ZXN0UGVyRGF0YWJhc2U9ZmFsc2UmYXBpLXZlcnNpb249MjAxOC0wNi0wMS1wcmV2aWV3",
      "RequestMethod": "GET",
      "RequestBody": "",
      "RequestHeaders": {
        "x-ms-client-request-id": [
          "bbbf81ca-ac68-4c28-a488-50e7e87f8d8e"
        ],
        "Accept-Language": [
          "en-US"
        ],
        "User-Agent": [
          "FxVersion/4.6.28207.03",
          "OSName/Windows",
          "OSVersion/Microsoft.Windows.10.0.14393.",
          "Microsoft.Azure.Management.Sql.SqlManagementClient/1.39.0.0"
        ]
      },
      "ResponseHeaders": {
        "Cache-Control": [
          "no-cache"
        ],
        "Pragma": [
          "no-cache"
        ],
        "x-ms-request-id": [
          "b1fa6c4d-6916-4d51-9980-a17ea51b4422"
        ],
        "Server": [
          "Microsoft-HTTPAPI/2.0"
        ],
        "x-ms-ratelimit-remaining-subscription-reads": [
          "14997"
        ],
        "x-ms-correlation-request-id": [
          "545cf2ab-ce76-420d-9d76-cadb986476f4"
        ],
        "x-ms-routing-request-id": [
          "NORTHEUROPE:20200304T013207Z:545cf2ab-ce76-420d-9d76-cadb986476f4"
        ],
        "Strict-Transport-Security": [
          "max-age=31536000; includeSubDomains"
        ],
        "X-Content-Type-Options": [
          "nosniff"
        ],
        "Date": [
          "Wed, 04 Mar 2020 01:32:06 GMT"
        ],
        "Content-Length": [
          "802"
        ],
        "Content-Type": [
          "application/json; charset=utf-8"
        ],
        "Expires": [
          "-1"
        ]
      },
      "ResponseBody": "{\r\n  \"value\": [\r\n    {\r\n      \"properties\": {\r\n        \"managedInstanceName\": \"ps-test-mi\",\r\n        \"managedInstanceCreateTime\": \"2019-10-17T16:52:10.627Z\",\r\n        \"databaseName\": \"test\",\r\n        \"databaseDeletionTime\": \"2020-02-24T14:56:44.717Z\",\r\n        \"backupTime\": \"2020-02-22T06:04:15Z\",\r\n        \"backupExpirationTime\": \"2020-03-10T13:10:45.6385112Z\"\r\n      },\r\n      \"id\": \"/subscriptions/709b4d09-b251-4ae8-8998-e1954ee45cf9/resourceGroups/ps-test-rg/providers/Microsoft.Sql/locations/southeastasia/longTermRetentionManagedInstances/ps-test-mi/longTermRetentionDatabases/test/longTermRetentionManagedInstanceBackups/5e3f5f6c-df6f-4c82-a447-740ee7153b2b;132268250550000000\",\r\n      \"name\": \"5e3f5f6c-df6f-4c82-a447-740ee7153b2b;132268250550000000\",\r\n      \"type\": \"Microsoft.Sql/locations/longTermRetentionManagedInstances/longTermRetentionDatabases/longTermRetentionManagedInstanceBackups\"\r\n    }\r\n  ]\r\n}",
      "StatusCode": 200
    },
    {
      "RequestUri": "/subscriptions/709b4d09-b251-4ae8-8998-e1954ee45cf9/resourceGroups/ps-test-rg/providers/Microsoft.Sql/locations/southeastasia/longTermRetentionManagedInstances/ps-test-mi/longTermRetentionDatabases/test/longTermRetentionManagedInstanceBackups?onlyLatestPerDatabase=false&api-version=2018-06-01-preview",
      "EncodedRequestUri": "L3N1YnNjcmlwdGlvbnMvOGNmYjhiNjItYmNkNi00NzEzLTg5YWQtMTgwOTdmNzVjYzViL3Jlc291cmNlR3JvdXBzL2NsX3N0YWdlX3NlYV9jdi9wcm92aWRlcnMvTWljcm9zb2Z0LlNxbC9sb2NhdGlvbnMvc291dGhlYXN0YXNpYS9sb25nVGVybVJldGVudGlvbk1hbmFnZWRJbnN0YW5jZXMvc2VhZ2VvZHItZ2VuNS1ncC9sb25nVGVybVJldGVudGlvbkRhdGFiYXNlcy90ZXN0L2xvbmdUZXJtUmV0ZW50aW9uTWFuYWdlZEluc3RhbmNlQmFja3Vwcz9vbmx5TGF0ZXN0UGVyRGF0YWJhc2U9ZmFsc2UmYXBpLXZlcnNpb249MjAxOC0wNi0wMS1wcmV2aWV3",
      "RequestMethod": "GET",
      "RequestBody": "",
      "RequestHeaders": {
        "x-ms-client-request-id": [
          "7044a798-16fe-48ad-b0b4-44a414c295e2"
        ],
        "Accept-Language": [
          "en-US"
        ],
        "User-Agent": [
          "FxVersion/4.6.28207.03",
          "OSName/Windows",
          "OSVersion/Microsoft.Windows.10.0.14393.",
          "Microsoft.Azure.Management.Sql.SqlManagementClient/1.39.0.0"
        ]
      },
      "ResponseHeaders": {
        "Cache-Control": [
          "no-cache"
        ],
        "Pragma": [
          "no-cache"
        ],
        "x-ms-request-id": [
          "2cb4c121-d7b6-4ada-a59d-b872a2b0ca13"
        ],
        "Server": [
          "Microsoft-HTTPAPI/2.0"
        ],
        "x-ms-ratelimit-remaining-subscription-reads": [
          "14994"
        ],
        "x-ms-correlation-request-id": [
          "f02683f3-ef05-4b90-9f46-8b0fa317a11e"
        ],
        "x-ms-routing-request-id": [
          "NORTHEUROPE:20200304T013208Z:f02683f3-ef05-4b90-9f46-8b0fa317a11e"
        ],
        "Strict-Transport-Security": [
          "max-age=31536000; includeSubDomains"
        ],
        "X-Content-Type-Options": [
          "nosniff"
        ],
        "Date": [
          "Wed, 04 Mar 2020 01:32:08 GMT"
        ],
        "Content-Length": [
          "802"
        ],
        "Content-Type": [
          "application/json; charset=utf-8"
        ],
        "Expires": [
          "-1"
        ]
      },
      "ResponseBody": "{\r\n  \"value\": [\r\n    {\r\n      \"properties\": {\r\n        \"managedInstanceName\": \"ps-test-mi\",\r\n        \"managedInstanceCreateTime\": \"2019-10-17T16:52:10.627Z\",\r\n        \"databaseName\": \"test\",\r\n        \"databaseDeletionTime\": \"2020-02-24T14:56:44.717Z\",\r\n        \"backupTime\": \"2020-02-22T06:04:15Z\",\r\n        \"backupExpirationTime\": \"2020-03-10T13:10:45.6385112Z\"\r\n      },\r\n      \"id\": \"/subscriptions/709b4d09-b251-4ae8-8998-e1954ee45cf9/resourceGroups/ps-test-rg/providers/Microsoft.Sql/locations/southeastasia/longTermRetentionManagedInstances/ps-test-mi/longTermRetentionDatabases/test/longTermRetentionManagedInstanceBackups/5e3f5f6c-df6f-4c82-a447-740ee7153b2b;132268250550000000\",\r\n      \"name\": \"5e3f5f6c-df6f-4c82-a447-740ee7153b2b;132268250550000000\",\r\n      \"type\": \"Microsoft.Sql/locations/longTermRetentionManagedInstances/longTermRetentionDatabases/longTermRetentionManagedInstanceBackups\"\r\n    }\r\n  ]\r\n}",
      "StatusCode": 200
    },
    {
      "RequestUri": "/subscriptions/709b4d09-b251-4ae8-8998-e1954ee45cf9/resourceGroups/ps-test-rg/providers/Microsoft.Sql/locations/southeastasia/longTermRetentionManagedInstances/ps-test-mi/longTermRetentionDatabases/test/longTermRetentionManagedInstanceBackups/5e3f5f6c-df6f-4c82-a447-740ee7153b2b%3B132268250550000000?api-version=2018-06-01-preview",
      "EncodedRequestUri": "L3N1YnNjcmlwdGlvbnMvOGNmYjhiNjItYmNkNi00NzEzLTg5YWQtMTgwOTdmNzVjYzViL3Jlc291cmNlR3JvdXBzL2NsX3N0YWdlX3NlYV9jdi9wcm92aWRlcnMvTWljcm9zb2Z0LlNxbC9sb2NhdGlvbnMvc291dGhlYXN0YXNpYS9sb25nVGVybVJldGVudGlvbk1hbmFnZWRJbnN0YW5jZXMvc2VhZ2VvZHItZ2VuNS1ncC9sb25nVGVybVJldGVudGlvbkRhdGFiYXNlcy90ZXN0L2xvbmdUZXJtUmV0ZW50aW9uTWFuYWdlZEluc3RhbmNlQmFja3Vwcy81ZTNmNWY2Yy1kZjZmLTRjODItYTQ0Ny03NDBlZTcxNTNiMmIlM0IxMzIyNjgyNTA1NTAwMDAwMDA/YXBpLXZlcnNpb249MjAxOC0wNi0wMS1wcmV2aWV3",
      "RequestMethod": "GET",
      "RequestBody": "",
      "RequestHeaders": {
        "x-ms-client-request-id": [
          "ea0fc3bf-ccda-431b-9047-437196358731"
        ],
        "Accept-Language": [
          "en-US"
        ],
        "User-Agent": [
          "FxVersion/4.6.28207.03",
          "OSName/Windows",
          "OSVersion/Microsoft.Windows.10.0.14393.",
          "Microsoft.Azure.Management.Sql.SqlManagementClient/1.39.0.0"
        ]
      },
      "ResponseHeaders": {
        "Cache-Control": [
          "no-cache"
        ],
        "Pragma": [
          "no-cache"
        ],
        "x-ms-request-id": [
          "efbeec87-a18e-4004-abd6-e5494cd9aa6b"
        ],
        "Server": [
          "Microsoft-HTTPAPI/2.0"
        ],
        "x-ms-ratelimit-remaining-subscription-reads": [
          "14996"
        ],
        "x-ms-correlation-request-id": [
          "d7437a5a-c39f-413e-b2e3-390b1d4cfd9b"
        ],
        "x-ms-routing-request-id": [
          "NORTHEUROPE:20200304T013208Z:d7437a5a-c39f-413e-b2e3-390b1d4cfd9b"
        ],
        "Strict-Transport-Security": [
          "max-age=31536000; includeSubDomains"
        ],
        "X-Content-Type-Options": [
          "nosniff"
        ],
        "Date": [
          "Wed, 04 Mar 2020 01:32:08 GMT"
        ],
        "Content-Length": [
          "790"
        ],
        "Content-Type": [
          "application/json; charset=utf-8"
        ],
        "Expires": [
          "-1"
        ]
      },
      "ResponseBody": "{\r\n  \"properties\": {\r\n    \"managedInstanceName\": \"ps-test-mi\",\r\n    \"managedInstanceCreateTime\": \"2019-10-17T16:52:10.627Z\",\r\n    \"databaseName\": \"test\",\r\n    \"databaseDeletionTime\": \"2020-02-24T14:56:44.717Z\",\r\n    \"backupTime\": \"2020-02-22T06:04:15Z\",\r\n    \"backupExpirationTime\": \"2020-03-10T13:10:45.6385112Z\"\r\n  },\r\n  \"id\": \"/subscriptions/709b4d09-b251-4ae8-8998-e1954ee45cf9/resourceGroups/ps-test-rg/providers/Microsoft.Sql/locations/southeastasia/longTermRetentionManagedInstances/ps-test-mi/longTermRetentionDatabases/test/longTermRetentionManagedInstanceBackups/5e3f5f6c-df6f-4c82-a447-740ee7153b2b;132268250550000000\",\r\n  \"name\": \"5e3f5f6c-df6f-4c82-a447-740ee7153b2b;132268250550000000\",\r\n  \"type\": \"Microsoft.Sql/locations/longTermRetentionManagedInstances/longTermRetentionDatabases/longTermRetentionManagedInstanceBackups\"\r\n}",
      "StatusCode": 200
    },
    {
      "RequestUri": "/subscriptions/709b4d09-b251-4ae8-8998-e1954ee45cf9/resourceGroups/ps-test-rg/providers/Microsoft.Sql/locations/southeastasia/longTermRetentionManagedInstances/ps-test-mi/longTermRetentionDatabases/test/longTermRetentionManagedInstanceBackups/5e3f5f6c-df6f-4c82-a447-740ee7153b2b%3B132268250550000000?api-version=2018-06-01-preview",
      "EncodedRequestUri": "L3N1YnNjcmlwdGlvbnMvOGNmYjhiNjItYmNkNi00NzEzLTg5YWQtMTgwOTdmNzVjYzViL3Jlc291cmNlR3JvdXBzL2NsX3N0YWdlX3NlYV9jdi9wcm92aWRlcnMvTWljcm9zb2Z0LlNxbC9sb2NhdGlvbnMvc291dGhlYXN0YXNpYS9sb25nVGVybVJldGVudGlvbk1hbmFnZWRJbnN0YW5jZXMvc2VhZ2VvZHItZ2VuNS1ncC9sb25nVGVybVJldGVudGlvbkRhdGFiYXNlcy90ZXN0L2xvbmdUZXJtUmV0ZW50aW9uTWFuYWdlZEluc3RhbmNlQmFja3Vwcy81ZTNmNWY2Yy1kZjZmLTRjODItYTQ0Ny03NDBlZTcxNTNiMmIlM0IxMzIyNjgyNTA1NTAwMDAwMDA/YXBpLXZlcnNpb249MjAxOC0wNi0wMS1wcmV2aWV3",
      "RequestMethod": "GET",
      "RequestBody": "",
      "RequestHeaders": {
        "x-ms-client-request-id": [
          "963d5232-ad3b-48bb-b1ee-4af81ea14819"
        ],
        "Accept-Language": [
          "en-US"
        ],
        "User-Agent": [
          "FxVersion/4.6.28207.03",
          "OSName/Windows",
          "OSVersion/Microsoft.Windows.10.0.14393.",
          "Microsoft.Azure.Management.Sql.SqlManagementClient/1.39.0.0"
        ]
      },
      "ResponseHeaders": {
        "Cache-Control": [
          "no-cache"
        ],
        "Pragma": [
          "no-cache"
        ],
        "x-ms-request-id": [
          "f7ff43aa-39c7-4846-a587-8a0f9601b6d1"
        ],
        "Server": [
          "Microsoft-HTTPAPI/2.0"
        ],
        "x-ms-ratelimit-remaining-subscription-reads": [
          "14992"
        ],
        "x-ms-correlation-request-id": [
          "2490841b-5ab3-4241-9c4c-d204ed254eb7"
        ],
        "x-ms-routing-request-id": [
          "NORTHEUROPE:20200304T013209Z:2490841b-5ab3-4241-9c4c-d204ed254eb7"
        ],
        "Strict-Transport-Security": [
          "max-age=31536000; includeSubDomains"
        ],
        "X-Content-Type-Options": [
          "nosniff"
        ],
        "Date": [
          "Wed, 04 Mar 2020 01:32:09 GMT"
        ],
        "Content-Length": [
          "790"
        ],
        "Content-Type": [
          "application/json; charset=utf-8"
        ],
        "Expires": [
          "-1"
        ]
      },
      "ResponseBody": "{\r\n  \"properties\": {\r\n    \"managedInstanceName\": \"ps-test-mi\",\r\n    \"managedInstanceCreateTime\": \"2019-10-17T16:52:10.627Z\",\r\n    \"databaseName\": \"test\",\r\n    \"databaseDeletionTime\": \"2020-02-24T14:56:44.717Z\",\r\n    \"backupTime\": \"2020-02-22T06:04:15Z\",\r\n    \"backupExpirationTime\": \"2020-03-10T13:10:45.6385112Z\"\r\n  },\r\n  \"id\": \"/subscriptions/709b4d09-b251-4ae8-8998-e1954ee45cf9/resourceGroups/ps-test-rg/providers/Microsoft.Sql/locations/southeastasia/longTermRetentionManagedInstances/ps-test-mi/longTermRetentionDatabases/test/longTermRetentionManagedInstanceBackups/5e3f5f6c-df6f-4c82-a447-740ee7153b2b;132268250550000000\",\r\n  \"name\": \"5e3f5f6c-df6f-4c82-a447-740ee7153b2b;132268250550000000\",\r\n  \"type\": \"Microsoft.Sql/locations/longTermRetentionManagedInstances/longTermRetentionDatabases/longTermRetentionManagedInstanceBackups\"\r\n}",
      "StatusCode": 200
    },
    {
      "RequestUri": "/subscriptions/709b4d09-b251-4ae8-8998-e1954ee45cf9/resourceGroups/ps-test-rg/providers/Microsoft.Sql/managedInstances/ps-test-mi/databases/test?api-version=2019-06-01-preview",
      "EncodedRequestUri": "L3N1YnNjcmlwdGlvbnMvOGNmYjhiNjItYmNkNi00NzEzLTg5YWQtMTgwOTdmNzVjYzViL3Jlc291cmNlR3JvdXBzL2NsX3N0YWdlX3NlYV9jdi9wcm92aWRlcnMvTWljcm9zb2Z0LlNxbC9tYW5hZ2VkSW5zdGFuY2VzL3NlYWdlb2RyLWdlbjUtZ3AvZGF0YWJhc2VzL3Rlc3Q/YXBpLXZlcnNpb249MjAxOS0wNi0wMS1wcmV2aWV3",
      "RequestMethod": "GET",
      "RequestBody": "",
      "RequestHeaders": {
        "x-ms-client-request-id": [
          "6f4d9896-f995-40f5-bcab-6822cd2da90e"
        ],
        "Accept-Language": [
          "en-US"
        ],
        "User-Agent": [
          "FxVersion/4.6.28207.03",
          "OSName/Windows",
          "OSVersion/Microsoft.Windows.10.0.14393.",
          "Microsoft.Azure.Management.Sql.SqlManagementClient/1.39.0.0"
        ]
      },
      "ResponseHeaders": {
        "Cache-Control": [
          "no-cache"
        ],
        "Pragma": [
          "no-cache"
        ],
        "x-ms-request-id": [
          "7d0da29c-deb9-4d3b-a4f4-70c007790193"
        ],
        "Server": [
          "Microsoft-HTTPAPI/2.0"
        ],
        "x-ms-ratelimit-remaining-subscription-reads": [
          "14995"
        ],
        "x-ms-correlation-request-id": [
          "6f56f312-4f70-4a72-a8be-17667f1d48dd"
        ],
        "x-ms-routing-request-id": [
          "NORTHEUROPE:20200304T013208Z:6f56f312-4f70-4a72-a8be-17667f1d48dd"
        ],
        "Strict-Transport-Security": [
          "max-age=31536000; includeSubDomains"
        ],
        "X-Content-Type-Options": [
          "nosniff"
        ],
        "Date": [
          "Wed, 04 Mar 2020 01:32:08 GMT"
        ],
        "Content-Length": [
          "463"
        ],
        "Content-Type": [
          "application/json; charset=utf-8"
        ],
        "Expires": [
          "-1"
        ]
      },
      "ResponseBody": "{\r\n  \"properties\": {\r\n    \"collation\": \"SQL_Latin1_General_CP1_CI_AS\",\r\n    \"status\": \"Online\",\r\n    \"creationDate\": \"2020-02-26T04:46:02.857Z\",\r\n    \"earliestRestorePoint\": \"2020-02-26T04:49:01.92Z\",\r\n    \"defaultSecondaryLocation\": \"northeurope\"\r\n  },\r\n  \"location\": \"southeastasia\",\r\n  \"id\": \"/subscriptions/709b4d09-b251-4ae8-8998-e1954ee45cf9/resourceGroups/ps-test-rg/providers/Microsoft.Sql/managedInstances/ps-test-mi/databases/test\",\r\n  \"name\": \"test\",\r\n  \"type\": \"Microsoft.Sql/managedInstances/databases\"\r\n}",
      "StatusCode": 200
    },
    {
      "RequestUri": "/subscriptions/709b4d09-b251-4ae8-8998-e1954ee45cf9/resourceGroups/ps-test-rg/providers/Microsoft.Sql/managedInstances/ps-test-mi/databases/test?api-version=2019-06-01-preview",
      "EncodedRequestUri": "L3N1YnNjcmlwdGlvbnMvOGNmYjhiNjItYmNkNi00NzEzLTg5YWQtMTgwOTdmNzVjYzViL3Jlc291cmNlR3JvdXBzL2NsX3N0YWdlX3NlYV9jdi9wcm92aWRlcnMvTWljcm9zb2Z0LlNxbC9tYW5hZ2VkSW5zdGFuY2VzL3NlYWdlb2RyLWdlbjUtZ3AvZGF0YWJhc2VzL3Rlc3Q/YXBpLXZlcnNpb249MjAxOS0wNi0wMS1wcmV2aWV3",
      "RequestMethod": "GET",
      "RequestBody": "",
      "RequestHeaders": {
        "x-ms-client-request-id": [
          "af4ce65f-8630-43ba-97ad-1fb6e5a9b27e"
        ],
        "Accept-Language": [
          "en-US"
        ],
        "User-Agent": [
          "FxVersion/4.6.28207.03",
          "OSName/Windows",
          "OSVersion/Microsoft.Windows.10.0.14393.",
          "Microsoft.Azure.Management.Sql.SqlManagementClient/1.39.0.0"
        ]
      },
      "ResponseHeaders": {
        "Cache-Control": [
          "no-cache"
        ],
        "Pragma": [
          "no-cache"
        ],
        "x-ms-request-id": [
          "b98643f1-cc47-4c0f-bc2a-991b69baf067"
        ],
        "Server": [
          "Microsoft-HTTPAPI/2.0"
        ],
        "x-ms-ratelimit-remaining-subscription-reads": [
          "14993"
        ],
        "x-ms-correlation-request-id": [
          "228753ab-51cb-4458-b005-37626c953714"
        ],
        "x-ms-routing-request-id": [
          "NORTHEUROPE:20200304T013209Z:228753ab-51cb-4458-b005-37626c953714"
        ],
        "Strict-Transport-Security": [
          "max-age=31536000; includeSubDomains"
        ],
        "X-Content-Type-Options": [
          "nosniff"
        ],
        "Date": [
          "Wed, 04 Mar 2020 01:32:09 GMT"
        ],
        "Content-Length": [
          "463"
        ],
        "Content-Type": [
          "application/json; charset=utf-8"
        ],
        "Expires": [
          "-1"
        ]
      },
      "ResponseBody": "{\r\n  \"properties\": {\r\n    \"collation\": \"SQL_Latin1_General_CP1_CI_AS\",\r\n    \"status\": \"Online\",\r\n    \"creationDate\": \"2020-02-26T04:46:02.857Z\",\r\n    \"earliestRestorePoint\": \"2020-02-26T04:49:01.92Z\",\r\n    \"defaultSecondaryLocation\": \"northeurope\"\r\n  },\r\n  \"location\": \"southeastasia\",\r\n  \"id\": \"/subscriptions/709b4d09-b251-4ae8-8998-e1954ee45cf9/resourceGroups/ps-test-rg/providers/Microsoft.Sql/managedInstances/ps-test-mi/databases/test\",\r\n  \"name\": \"test\",\r\n  \"type\": \"Microsoft.Sql/managedInstances/databases\"\r\n}",
      "StatusCode": 200
    },
    {
      "RequestUri": "/subscriptions/709b4d09-b251-4ae8-8998-e1954ee45cf9/resourceGroups/ps-test-rg/providers/Microsoft.Sql/managedInstances/ps-test-mi/databases/test?api-version=2019-06-01-preview",
      "EncodedRequestUri": "L3N1YnNjcmlwdGlvbnMvOGNmYjhiNjItYmNkNi00NzEzLTg5YWQtMTgwOTdmNzVjYzViL3Jlc291cmNlR3JvdXBzL2NsX3N0YWdlX3NlYV9jdi9wcm92aWRlcnMvTWljcm9zb2Z0LlNxbC9tYW5hZ2VkSW5zdGFuY2VzL3NlYWdlb2RyLWdlbjUtZ3AvZGF0YWJhc2VzL3Rlc3Q/YXBpLXZlcnNpb249MjAxOS0wNi0wMS1wcmV2aWV3",
      "RequestMethod": "GET",
      "RequestBody": "",
      "RequestHeaders": {
        "x-ms-client-request-id": [
          "558d645d-60e8-4c23-a7fd-4d9cb3e47dd4"
        ],
        "Accept-Language": [
          "en-US"
        ],
        "User-Agent": [
          "FxVersion/4.6.28207.03",
          "OSName/Windows",
          "OSVersion/Microsoft.Windows.10.0.14393.",
          "Microsoft.Azure.Management.Sql.SqlManagementClient/1.39.0.0"
        ]
      },
      "ResponseHeaders": {
        "Cache-Control": [
          "no-cache"
        ],
        "Pragma": [
          "no-cache"
        ],
        "x-ms-request-id": [
          "27ed9d30-aeff-4d2e-9723-3a597c67bde3"
        ],
        "Server": [
          "Microsoft-HTTPAPI/2.0"
        ],
        "x-ms-ratelimit-remaining-subscription-reads": [
          "14989"
        ],
        "x-ms-correlation-request-id": [
          "e259c26c-d9fa-4494-8fc4-a3b90f93698a"
        ],
        "x-ms-routing-request-id": [
          "NORTHEUROPE:20200304T013210Z:e259c26c-d9fa-4494-8fc4-a3b90f93698a"
        ],
        "Strict-Transport-Security": [
          "max-age=31536000; includeSubDomains"
        ],
        "X-Content-Type-Options": [
          "nosniff"
        ],
        "Date": [
          "Wed, 04 Mar 2020 01:32:10 GMT"
        ],
        "Content-Length": [
          "463"
        ],
        "Content-Type": [
          "application/json; charset=utf-8"
        ],
        "Expires": [
          "-1"
        ]
      },
      "ResponseBody": "{\r\n  \"properties\": {\r\n    \"collation\": \"SQL_Latin1_General_CP1_CI_AS\",\r\n    \"status\": \"Online\",\r\n    \"creationDate\": \"2020-02-26T04:46:02.857Z\",\r\n    \"earliestRestorePoint\": \"2020-02-26T04:49:01.92Z\",\r\n    \"defaultSecondaryLocation\": \"northeurope\"\r\n  },\r\n  \"location\": \"southeastasia\",\r\n  \"id\": \"/subscriptions/709b4d09-b251-4ae8-8998-e1954ee45cf9/resourceGroups/ps-test-rg/providers/Microsoft.Sql/managedInstances/ps-test-mi/databases/test\",\r\n  \"name\": \"test\",\r\n  \"type\": \"Microsoft.Sql/managedInstances/databases\"\r\n}",
      "StatusCode": 200
    },
    {
      "RequestUri": "/subscriptions/709b4d09-b251-4ae8-8998-e1954ee45cf9/resourceGroups/ps-test-rg/providers/Microsoft.Sql/locations/southeastasia/longTermRetentionManagedInstances/ps-test-mi/longTermRetentionDatabases/test/longTermRetentionManagedInstanceBackups?onlyLatestPerDatabase=true&api-version=2018-06-01-preview",
      "EncodedRequestUri": "L3N1YnNjcmlwdGlvbnMvOGNmYjhiNjItYmNkNi00NzEzLTg5YWQtMTgwOTdmNzVjYzViL3Jlc291cmNlR3JvdXBzL2NsX3N0YWdlX3NlYV9jdi9wcm92aWRlcnMvTWljcm9zb2Z0LlNxbC9sb2NhdGlvbnMvc291dGhlYXN0YXNpYS9sb25nVGVybVJldGVudGlvbk1hbmFnZWRJbnN0YW5jZXMvc2VhZ2VvZHItZ2VuNS1ncC9sb25nVGVybVJldGVudGlvbkRhdGFiYXNlcy90ZXN0L2xvbmdUZXJtUmV0ZW50aW9uTWFuYWdlZEluc3RhbmNlQmFja3Vwcz9vbmx5TGF0ZXN0UGVyRGF0YWJhc2U9dHJ1ZSZhcGktdmVyc2lvbj0yMDE4LTA2LTAxLXByZXZpZXc=",
      "RequestMethod": "GET",
      "RequestBody": "",
      "RequestHeaders": {
        "x-ms-client-request-id": [
          "8bc2e185-99dc-4005-8897-64cc5dd9bd2a"
        ],
        "Accept-Language": [
          "en-US"
        ],
        "User-Agent": [
          "FxVersion/4.6.28207.03",
          "OSName/Windows",
          "OSVersion/Microsoft.Windows.10.0.14393.",
          "Microsoft.Azure.Management.Sql.SqlManagementClient/1.39.0.0"
        ]
      },
      "ResponseHeaders": {
        "Cache-Control": [
          "no-cache"
        ],
        "Pragma": [
          "no-cache"
        ],
        "x-ms-request-id": [
          "a3a15e6b-cfd7-4bc8-a322-d8553e433180"
        ],
        "Server": [
          "Microsoft-HTTPAPI/2.0"
        ],
        "x-ms-ratelimit-remaining-subscription-reads": [
          "14991"
        ],
        "x-ms-correlation-request-id": [
          "a84a5950-dae6-4de4-84e7-d04f7a6c24b0"
        ],
        "x-ms-routing-request-id": [
          "NORTHEUROPE:20200304T013209Z:a84a5950-dae6-4de4-84e7-d04f7a6c24b0"
        ],
        "Strict-Transport-Security": [
          "max-age=31536000; includeSubDomains"
        ],
        "X-Content-Type-Options": [
          "nosniff"
        ],
        "Date": [
          "Wed, 04 Mar 2020 01:32:09 GMT"
        ],
        "Content-Length": [
          "802"
        ],
        "Content-Type": [
          "application/json; charset=utf-8"
        ],
        "Expires": [
          "-1"
        ]
      },
      "ResponseBody": "{\r\n  \"value\": [\r\n    {\r\n      \"properties\": {\r\n        \"managedInstanceName\": \"ps-test-mi\",\r\n        \"managedInstanceCreateTime\": \"2019-10-17T16:52:10.627Z\",\r\n        \"databaseName\": \"test\",\r\n        \"databaseDeletionTime\": \"2020-02-24T14:56:44.717Z\",\r\n        \"backupTime\": \"2020-02-22T06:04:15Z\",\r\n        \"backupExpirationTime\": \"2020-03-10T13:10:45.6385112Z\"\r\n      },\r\n      \"id\": \"/subscriptions/709b4d09-b251-4ae8-8998-e1954ee45cf9/resourceGroups/ps-test-rg/providers/Microsoft.Sql/locations/southeastasia/longTermRetentionManagedInstances/ps-test-mi/longTermRetentionDatabases/test/longTermRetentionManagedInstanceBackups/5e3f5f6c-df6f-4c82-a447-740ee7153b2b;132268250550000000\",\r\n      \"name\": \"5e3f5f6c-df6f-4c82-a447-740ee7153b2b;132268250550000000\",\r\n      \"type\": \"Microsoft.Sql/locations/longTermRetentionManagedInstances/longTermRetentionDatabases/longTermRetentionManagedInstanceBackups\"\r\n    }\r\n  ]\r\n}",
      "StatusCode": 200
    },
    {
      "RequestUri": "/subscriptions/709b4d09-b251-4ae8-8998-e1954ee45cf9/resourceGroups/ps-test-rg/providers/Microsoft.Sql/locations/southeastasia/longTermRetentionManagedInstances/ps-test-mi/longTermRetentionDatabases/test/longTermRetentionManagedInstanceBackups?onlyLatestPerDatabase=true&api-version=2018-06-01-preview",
      "EncodedRequestUri": "L3N1YnNjcmlwdGlvbnMvOGNmYjhiNjItYmNkNi00NzEzLTg5YWQtMTgwOTdmNzVjYzViL3Jlc291cmNlR3JvdXBzL2NsX3N0YWdlX3NlYV9jdi9wcm92aWRlcnMvTWljcm9zb2Z0LlNxbC9sb2NhdGlvbnMvc291dGhlYXN0YXNpYS9sb25nVGVybVJldGVudGlvbk1hbmFnZWRJbnN0YW5jZXMvc2VhZ2VvZHItZ2VuNS1ncC9sb25nVGVybVJldGVudGlvbkRhdGFiYXNlcy90ZXN0L2xvbmdUZXJtUmV0ZW50aW9uTWFuYWdlZEluc3RhbmNlQmFja3Vwcz9vbmx5TGF0ZXN0UGVyRGF0YWJhc2U9dHJ1ZSZhcGktdmVyc2lvbj0yMDE4LTA2LTAxLXByZXZpZXc=",
      "RequestMethod": "GET",
      "RequestBody": "",
      "RequestHeaders": {
        "x-ms-client-request-id": [
          "88e2dea8-5374-4167-ace1-b8cdb498d836"
        ],
        "Accept-Language": [
          "en-US"
        ],
        "User-Agent": [
          "FxVersion/4.6.28207.03",
          "OSName/Windows",
          "OSVersion/Microsoft.Windows.10.0.14393.",
          "Microsoft.Azure.Management.Sql.SqlManagementClient/1.39.0.0"
        ]
      },
      "ResponseHeaders": {
        "Cache-Control": [
          "no-cache"
        ],
        "Pragma": [
          "no-cache"
        ],
        "x-ms-request-id": [
          "d0434cf5-b4f2-4158-8720-ff0c1c103209"
        ],
        "Server": [
          "Microsoft-HTTPAPI/2.0"
        ],
        "x-ms-ratelimit-remaining-subscription-reads": [
          "14988"
        ],
        "x-ms-correlation-request-id": [
          "3d2c04af-8289-491d-a48c-8e25be0b3580"
        ],
        "x-ms-routing-request-id": [
          "NORTHEUROPE:20200304T013210Z:3d2c04af-8289-491d-a48c-8e25be0b3580"
        ],
        "Strict-Transport-Security": [
          "max-age=31536000; includeSubDomains"
        ],
        "X-Content-Type-Options": [
          "nosniff"
        ],
        "Date": [
          "Wed, 04 Mar 2020 01:32:10 GMT"
        ],
        "Content-Length": [
          "802"
        ],
        "Content-Type": [
          "application/json; charset=utf-8"
        ],
        "Expires": [
          "-1"
        ]
      },
      "ResponseBody": "{\r\n  \"value\": [\r\n    {\r\n      \"properties\": {\r\n        \"managedInstanceName\": \"ps-test-mi\",\r\n        \"managedInstanceCreateTime\": \"2019-10-17T16:52:10.627Z\",\r\n        \"databaseName\": \"test\",\r\n        \"databaseDeletionTime\": \"2020-02-24T14:56:44.717Z\",\r\n        \"backupTime\": \"2020-02-22T06:04:15Z\",\r\n        \"backupExpirationTime\": \"2020-03-10T13:10:45.6385112Z\"\r\n      },\r\n      \"id\": \"/subscriptions/709b4d09-b251-4ae8-8998-e1954ee45cf9/resourceGroups/ps-test-rg/providers/Microsoft.Sql/locations/southeastasia/longTermRetentionManagedInstances/ps-test-mi/longTermRetentionDatabases/test/longTermRetentionManagedInstanceBackups/5e3f5f6c-df6f-4c82-a447-740ee7153b2b;132268250550000000\",\r\n      \"name\": \"5e3f5f6c-df6f-4c82-a447-740ee7153b2b;132268250550000000\",\r\n      \"type\": \"Microsoft.Sql/locations/longTermRetentionManagedInstances/longTermRetentionDatabases/longTermRetentionManagedInstanceBackups\"\r\n    }\r\n  ]\r\n}",
      "StatusCode": 200
    },
    {
      "RequestUri": "/subscriptions/709b4d09-b251-4ae8-8998-e1954ee45cf9/resourceGroups/ps-test-rg/providers/Microsoft.Sql/locations/southeastasia/longTermRetentionManagedInstances/ps-test-mi/longTermRetentionManagedInstanceBackups?onlyLatestPerDatabase=false&databaseState=All&api-version=2018-06-01-preview",
      "EncodedRequestUri": "L3N1YnNjcmlwdGlvbnMvOGNmYjhiNjItYmNkNi00NzEzLTg5YWQtMTgwOTdmNzVjYzViL3Jlc291cmNlR3JvdXBzL2NsX3N0YWdlX3NlYV9jdi9wcm92aWRlcnMvTWljcm9zb2Z0LlNxbC9sb2NhdGlvbnMvc291dGhlYXN0YXNpYS9sb25nVGVybVJldGVudGlvbk1hbmFnZWRJbnN0YW5jZXMvc2VhZ2VvZHItZ2VuNS1ncC9sb25nVGVybVJldGVudGlvbk1hbmFnZWRJbnN0YW5jZUJhY2t1cHM/b25seUxhdGVzdFBlckRhdGFiYXNlPWZhbHNlJmRhdGFiYXNlU3RhdGU9QWxsJmFwaS12ZXJzaW9uPTIwMTgtMDYtMDEtcHJldmlldw==",
      "RequestMethod": "GET",
      "RequestBody": "",
      "RequestHeaders": {
        "x-ms-client-request-id": [
          "801db448-83a5-4ab7-9905-eb5cb92a81ad"
        ],
        "Accept-Language": [
          "en-US"
        ],
        "User-Agent": [
          "FxVersion/4.6.28207.03",
          "OSName/Windows",
          "OSVersion/Microsoft.Windows.10.0.14393.",
          "Microsoft.Azure.Management.Sql.SqlManagementClient/1.39.0.0"
        ]
      },
      "ResponseHeaders": {
        "Cache-Control": [
          "no-cache"
        ],
        "Pragma": [
          "no-cache"
        ],
        "x-ms-request-id": [
          "c9baa187-9688-4455-9ea2-6d1c1dd2dd19"
        ],
        "Server": [
          "Microsoft-HTTPAPI/2.0"
        ],
        "x-ms-ratelimit-remaining-subscription-reads": [
          "14990"
        ],
        "x-ms-correlation-request-id": [
          "fd72d1d5-19fb-4213-a910-afe6768fb085"
        ],
        "x-ms-routing-request-id": [
          "NORTHEUROPE:20200304T013210Z:fd72d1d5-19fb-4213-a910-afe6768fb085"
        ],
        "Strict-Transport-Security": [
          "max-age=31536000; includeSubDomains"
        ],
        "X-Content-Type-Options": [
          "nosniff"
        ],
        "Date": [
          "Wed, 04 Mar 2020 01:32:10 GMT"
        ],
        "Content-Length": [
          "11378"
        ],
        "Content-Type": [
          "application/json; charset=utf-8"
        ],
        "Expires": [
          "-1"
        ]
      },
      "ResponseBody": "{\r\n  \"value\": [\r\n    {\r\n      \"properties\": {\r\n        \"managedInstanceName\": \"ps-test-mi\",\r\n        \"managedInstanceCreateTime\": \"2019-10-17T16:52:10.627Z\",\r\n        \"databaseName\": \"test-e18652d0-99a7-4bc7-9eb3-733ae3dae337\",\r\n        \"backupTime\": \"2020-03-03T07:01:59Z\",\r\n        \"backupExpirationTime\": \"2020-03-10T07:01:59Z\"\r\n      },\r\n      \"id\": \"/subscriptions/709b4d09-b251-4ae8-8998-e1954ee45cf9/resourceGroups/ps-test-rg/providers/Microsoft.Sql/locations/southeastasia/longTermRetentionManagedInstances/ps-test-mi/longTermRetentionDatabases/test-e18652d0-99a7-4bc7-9eb3-733ae3dae337/longTermRetentionManagedInstanceBackups/378455bf-dba5-4948-bfee-072c9223a4ed;132276925190000000\",\r\n      \"name\": \"378455bf-dba5-4948-bfee-072c9223a4ed;132276925190000000\",\r\n      \"type\": \"Microsoft.Sql/locations/longTermRetentionManagedInstances/longTermRetentionDatabases/longTermRetentionManagedInstanceBackups\"\r\n    },\r\n    {\r\n      \"properties\": {\r\n        \"managedInstanceName\": \"ps-test-mi\",\r\n        \"managedInstanceCreateTime\": \"2019-10-17T16:52:10.627Z\",\r\n        \"databaseName\": \"target1\",\r\n        \"backupTime\": \"2020-02-25T00:33:48Z\",\r\n        \"backupExpirationTime\": \"2020-03-10T00:33:48Z\"\r\n      },\r\n      \"id\": \"/subscriptions/709b4d09-b251-4ae8-8998-e1954ee45cf9/resourceGroups/ps-test-rg/providers/Microsoft.Sql/locations/southeastasia/longTermRetentionManagedInstances/ps-test-mi/longTermRetentionDatabases/target1/longTermRetentionManagedInstanceBackups/ae1ea149-d5ff-4554-9333-33debe0b92ff;132270644280000000\",\r\n      \"name\": \"ae1ea149-d5ff-4554-9333-33debe0b92ff;132270644280000000\",\r\n      \"type\": \"Microsoft.Sql/locations/longTermRetentionManagedInstances/longTermRetentionDatabases/longTermRetentionManagedInstanceBackups\"\r\n    },\r\n    {\r\n      \"properties\": {\r\n        \"managedInstanceName\": \"ps-test-mi\",\r\n        \"managedInstanceCreateTime\": \"2019-10-17T16:52:10.627Z\",\r\n        \"databaseName\": \"target1\",\r\n        \"backupTime\": \"2020-03-02T20:01:47Z\",\r\n        \"backupExpirationTime\": \"2020-03-16T20:01:47Z\"\r\n      },\r\n      \"id\": \"/subscriptions/709b4d09-b251-4ae8-8998-e1954ee45cf9/resourceGroups/ps-test-rg/providers/Microsoft.Sql/locations/southeastasia/longTermRetentionManagedInstances/ps-test-mi/longTermRetentionDatabases/target1/longTermRetentionManagedInstanceBackups/ae1ea149-d5ff-4554-9333-33debe0b92ff;132276529070000000\",\r\n      \"name\": \"ae1ea149-d5ff-4554-9333-33debe0b92ff;132276529070000000\",\r\n      \"type\": \"Microsoft.Sql/locations/longTermRetentionManagedInstances/longTermRetentionDatabases/longTermRetentionManagedInstanceBackups\"\r\n    },\r\n    {\r\n      \"properties\": {\r\n        \"managedInstanceName\": \"ps-test-mi\",\r\n        \"managedInstanceCreateTime\": \"2019-10-17T16:52:10.627Z\",\r\n        \"databaseName\": \"ps-test-5\",\r\n        \"backupTime\": \"2020-03-03T14:16:38Z\",\r\n        \"backupExpirationTime\": \"2020-03-10T14:16:38Z\"\r\n      },\r\n      \"id\": \"/subscriptions/709b4d09-b251-4ae8-8998-e1954ee45cf9/resourceGroups/ps-test-rg/providers/Microsoft.Sql/locations/southeastasia/longTermRetentionManagedInstances/ps-test-mi/longTermRetentionDatabases/ps-test-5/longTermRetentionManagedInstanceBackups/151bab0a-8376-4a30-9731-45813da9a614;132277185980000000\",\r\n      \"name\": \"151bab0a-8376-4a30-9731-45813da9a614;132277185980000000\",\r\n      \"type\": \"Microsoft.Sql/locations/longTermRetentionManagedInstances/longTermRetentionDatabases/longTermRetentionManagedInstanceBackups\"\r\n    },\r\n    {\r\n      \"properties\": {\r\n        \"managedInstanceName\": \"ps-test-mi\",\r\n        \"managedInstanceCreateTime\": \"2019-10-17T16:52:10.627Z\",\r\n        \"databaseName\": \"ps-test-1\",\r\n        \"backupTime\": \"2020-03-03T14:06:27Z\",\r\n        \"backupExpirationTime\": \"2020-03-10T14:06:27Z\"\r\n      },\r\n      \"id\": \"/subscriptions/709b4d09-b251-4ae8-8998-e1954ee45cf9/resourceGroups/ps-test-rg/providers/Microsoft.Sql/locations/southeastasia/longTermRetentionManagedInstances/ps-test-mi/longTermRetentionDatabases/ps-test-1/longTermRetentionManagedInstanceBackups/0cf6fbbd-0040-4a2b-b95d-591eba358931;132277179870000000\",\r\n      \"name\": \"0cf6fbbd-0040-4a2b-b95d-591eba358931;132277179870000000\",\r\n      \"type\": \"Microsoft.Sql/locations/longTermRetentionManagedInstances/longTermRetentionDatabases/longTermRetentionManagedInstanceBackups\"\r\n    },\r\n    {\r\n      \"properties\": {\r\n        \"managedInstanceName\": \"ps-test-mi\",\r\n        \"managedInstanceCreateTime\": \"2019-10-17T16:52:10.627Z\",\r\n        \"databaseName\": \"ps-test-2\",\r\n        \"backupTime\": \"2020-03-03T14:11:22Z\",\r\n        \"backupExpirationTime\": \"2020-03-10T14:11:22Z\"\r\n      },\r\n      \"id\": \"/subscriptions/709b4d09-b251-4ae8-8998-e1954ee45cf9/resourceGroups/ps-test-rg/providers/Microsoft.Sql/locations/southeastasia/longTermRetentionManagedInstances/ps-test-mi/longTermRetentionDatabases/ps-test-2/longTermRetentionManagedInstanceBackups/a2a0bd4a-5dab-4907-a0f1-5bcfe9053e47;132277182820000000\",\r\n      \"name\": \"a2a0bd4a-5dab-4907-a0f1-5bcfe9053e47;132277182820000000\",\r\n      \"type\": \"Microsoft.Sql/locations/longTermRetentionManagedInstances/longTermRetentionDatabases/longTermRetentionManagedInstanceBackups\"\r\n    },\r\n    {\r\n      \"properties\": {\r\n        \"managedInstanceName\": \"ps-test-mi\",\r\n        \"managedInstanceCreateTime\": \"2019-10-17T16:52:10.627Z\",\r\n        \"databaseName\": \"ps-test-4\",\r\n        \"backupTime\": \"2020-03-03T14:16:35Z\",\r\n        \"backupExpirationTime\": \"2020-03-10T14:16:35Z\"\r\n      },\r\n      \"id\": \"/subscriptions/709b4d09-b251-4ae8-8998-e1954ee45cf9/resourceGroups/ps-test-rg/providers/Microsoft.Sql/locations/southeastasia/longTermRetentionManagedInstances/ps-test-mi/longTermRetentionDatabases/ps-test-4/longTermRetentionManagedInstanceBackups/3322749b-c621-4bc2-b97e-62a53318fe0a;132277185950000000\",\r\n      \"name\": \"3322749b-c621-4bc2-b97e-62a53318fe0a;132277185950000000\",\r\n      \"type\": \"Microsoft.Sql/locations/longTermRetentionManagedInstances/longTermRetentionDatabases/longTermRetentionManagedInstanceBackups\"\r\n    },\r\n    {\r\n      \"properties\": {\r\n        \"managedInstanceName\": \"ps-test-mi\",\r\n        \"managedInstanceCreateTime\": \"2019-10-17T16:52:10.627Z\",\r\n        \"databaseName\": \"test\",\r\n        \"databaseDeletionTime\": \"2020-02-24T14:56:44.717Z\",\r\n        \"backupTime\": \"2020-02-22T06:04:15Z\",\r\n        \"backupExpirationTime\": \"2020-03-10T13:10:45.6385112Z\"\r\n      },\r\n      \"id\": \"/subscriptions/709b4d09-b251-4ae8-8998-e1954ee45cf9/resourceGroups/ps-test-rg/providers/Microsoft.Sql/locations/southeastasia/longTermRetentionManagedInstances/ps-test-mi/longTermRetentionDatabases/test/longTermRetentionManagedInstanceBackups/5e3f5f6c-df6f-4c82-a447-740ee7153b2b;132268250550000000\",\r\n      \"name\": \"5e3f5f6c-df6f-4c82-a447-740ee7153b2b;132268250550000000\",\r\n      \"type\": \"Microsoft.Sql/locations/longTermRetentionManagedInstances/longTermRetentionDatabases/longTermRetentionManagedInstanceBackups\"\r\n    },\r\n    {\r\n      \"properties\": {\r\n        \"managedInstanceName\": \"ps-test-mi\",\r\n        \"managedInstanceCreateTime\": \"2019-10-17T16:52:10.627Z\",\r\n        \"databaseName\": \"sqlcrudtest-8305\",\r\n        \"backupTime\": \"2020-02-27T23:09:39Z\",\r\n        \"backupExpirationTime\": \"2020-03-10T13:59:29.7608268Z\"\r\n      },\r\n      \"id\": \"/subscriptions/709b4d09-b251-4ae8-8998-e1954ee45cf9/resourceGroups/ps-test-rg/providers/Microsoft.Sql/locations/southeastasia/longTermRetentionManagedInstances/ps-test-mi/longTermRetentionDatabases/sqlcrudtest-8305/longTermRetentionManagedInstanceBackups/5083d673-239d-433b-ab32-8d56bd69e9ae;132273185790000000\",\r\n      \"name\": \"5083d673-239d-433b-ab32-8d56bd69e9ae;132273185790000000\",\r\n      \"type\": \"Microsoft.Sql/locations/longTermRetentionManagedInstances/longTermRetentionDatabases/longTermRetentionManagedInstanceBackups\"\r\n    },\r\n    {\r\n      \"properties\": {\r\n        \"managedInstanceName\": \"ps-test-mi\",\r\n        \"managedInstanceCreateTime\": \"2019-10-17T16:52:10.627Z\",\r\n        \"databaseName\": \"ps-test-3\",\r\n        \"backupTime\": \"2020-03-03T14:11:24Z\",\r\n        \"backupExpirationTime\": \"2020-03-10T14:11:24Z\"\r\n      },\r\n      \"id\": \"/subscriptions/709b4d09-b251-4ae8-8998-e1954ee45cf9/resourceGroups/ps-test-rg/providers/Microsoft.Sql/locations/southeastasia/longTermRetentionManagedInstances/ps-test-mi/longTermRetentionDatabases/ps-test-3/longTermRetentionManagedInstanceBackups/f1a4625b-5ffc-40f7-ad16-b4d24bc7e911;132277182840000000\",\r\n      \"name\": \"f1a4625b-5ffc-40f7-ad16-b4d24bc7e911;132277182840000000\",\r\n      \"type\": \"Microsoft.Sql/locations/longTermRetentionManagedInstances/longTermRetentionDatabases/longTermRetentionManagedInstanceBackups\"\r\n    },\r\n    {\r\n      \"properties\": {\r\n        \"managedInstanceName\": \"ps-test-mi\",\r\n        \"managedInstanceCreateTime\": \"2019-10-17T16:52:10.627Z\",\r\n        \"databaseName\": \"test-b083bf22-b64c-42ee-958f-a5ee0a512f75\",\r\n        \"backupTime\": \"2020-03-03T13:51:21Z\",\r\n        \"backupExpirationTime\": \"2020-03-10T13:51:21Z\"\r\n      },\r\n      \"id\": \"/subscriptions/709b4d09-b251-4ae8-8998-e1954ee45cf9/resourceGroups/ps-test-rg/providers/Microsoft.Sql/locations/southeastasia/longTermRetentionManagedInstances/ps-test-mi/longTermRetentionDatabases/test-b083bf22-b64c-42ee-958f-a5ee0a512f75/longTermRetentionManagedInstanceBackups/91512746-7623-4077-97df-bfc754317765;132277170810000000\",\r\n      \"name\": \"91512746-7623-4077-97df-bfc754317765;132277170810000000\",\r\n      \"type\": \"Microsoft.Sql/locations/longTermRetentionManagedInstances/longTermRetentionDatabases/longTermRetentionManagedInstanceBackups\"\r\n    },\r\n    {\r\n      \"properties\": {\r\n        \"managedInstanceName\": \"ps-test-mi\",\r\n        \"managedInstanceCreateTime\": \"2019-10-17T16:52:10.627Z\",\r\n        \"databaseName\": \"sqlcrudtest-8750\",\r\n        \"backupTime\": \"2020-02-25T19:33:51Z\",\r\n        \"backupExpirationTime\": \"2020-03-10T13:55:06.3032425Z\"\r\n      },\r\n      \"id\": \"/subscriptions/709b4d09-b251-4ae8-8998-e1954ee45cf9/resourceGroups/ps-test-rg/providers/Microsoft.Sql/locations/southeastasia/longTermRetentionManagedInstances/ps-test-mi/longTermRetentionDatabases/sqlcrudtest-8750/longTermRetentionManagedInstanceBackups/869a4e40-bbe8-4703-82d8-d0be49021f66;132271328310000000\",\r\n      \"name\": \"869a4e40-bbe8-4703-82d8-d0be49021f66;132271328310000000\",\r\n      \"type\": \"Microsoft.Sql/locations/longTermRetentionManagedInstances/longTermRetentionDatabases/longTermRetentionManagedInstanceBackups\"\r\n    },\r\n    {\r\n      \"properties\": {\r\n        \"managedInstanceName\": \"ps-test-mi\",\r\n        \"managedInstanceCreateTime\": \"2019-10-17T16:52:10.627Z\",\r\n        \"databaseName\": \"ps-test\",\r\n        \"backupTime\": \"2020-03-03T14:01:29Z\",\r\n        \"backupExpirationTime\": \"2020-03-10T14:01:29Z\"\r\n      },\r\n      \"id\": \"/subscriptions/709b4d09-b251-4ae8-8998-e1954ee45cf9/resourceGroups/ps-test-rg/providers/Microsoft.Sql/locations/southeastasia/longTermRetentionManagedInstances/ps-test-mi/longTermRetentionDatabases/ps-test/longTermRetentionManagedInstanceBackups/723e1806-41e3-4cc1-86c8-e561433f245d;132277176890000000\",\r\n      \"name\": \"723e1806-41e3-4cc1-86c8-e561433f245d;132277176890000000\",\r\n      \"type\": \"Microsoft.Sql/locations/longTermRetentionManagedInstances/longTermRetentionDatabases/longTermRetentionManagedInstanceBackups\"\r\n    },\r\n    {\r\n      \"properties\": {\r\n        \"managedInstanceName\": \"ps-test-mi\",\r\n        \"managedInstanceCreateTime\": \"2019-10-17T16:52:10.627Z\",\r\n        \"databaseName\": \"sqlcrudtest-5830\",\r\n        \"backupTime\": \"2020-03-03T02:26:49Z\",\r\n        \"backupExpirationTime\": \"2020-03-10T13:01:51.29337Z\"\r\n      },\r\n      \"id\": \"/subscriptions/709b4d09-b251-4ae8-8998-e1954ee45cf9/resourceGroups/ps-test-rg/providers/Microsoft.Sql/locations/southeastasia/longTermRetentionManagedInstances/ps-test-mi/longTermRetentionDatabases/sqlcrudtest-5830/longTermRetentionManagedInstanceBackups/733cf33d-027c-455e-a80e-edfc1b06b0ee;132276760090000000\",\r\n      \"name\": \"733cf33d-027c-455e-a80e-edfc1b06b0ee;132276760090000000\",\r\n      \"type\": \"Microsoft.Sql/locations/longTermRetentionManagedInstances/longTermRetentionDatabases/longTermRetentionManagedInstanceBackups\"\r\n    },\r\n    {\r\n      \"properties\": {\r\n        \"managedInstanceName\": \"ps-test-mi\",\r\n        \"managedInstanceCreateTime\": \"2019-10-17T16:52:10.627Z\",\r\n        \"databaseName\": \"test-j\",\r\n        \"backupTime\": \"2020-03-03T06:56:52Z\",\r\n        \"backupExpirationTime\": \"2020-03-10T06:56:52Z\"\r\n      },\r\n      \"id\": \"/subscriptions/709b4d09-b251-4ae8-8998-e1954ee45cf9/resourceGroups/ps-test-rg/providers/Microsoft.Sql/locations/southeastasia/longTermRetentionManagedInstances/ps-test-mi/longTermRetentionDatabases/test-j/longTermRetentionManagedInstanceBackups/d159f3d8-0ee6-40df-8e97-fb221a00f835;132276922120000000\",\r\n      \"name\": \"d159f3d8-0ee6-40df-8e97-fb221a00f835;132276922120000000\",\r\n      \"type\": \"Microsoft.Sql/locations/longTermRetentionManagedInstances/longTermRetentionDatabases/longTermRetentionManagedInstanceBackups\"\r\n    }\r\n  ]\r\n}",
      "StatusCode": 200
    },
    {
      "RequestUri": "/subscriptions/709b4d09-b251-4ae8-8998-e1954ee45cf9/resourceGroups/ps-test-rg/providers/Microsoft.Sql/managedInstances/ps-test-mi?api-version=2018-06-01-preview",
      "EncodedRequestUri": "L3N1YnNjcmlwdGlvbnMvOGNmYjhiNjItYmNkNi00NzEzLTg5YWQtMTgwOTdmNzVjYzViL3Jlc291cmNlR3JvdXBzL2NsX3N0YWdlX3NlYV9jdi9wcm92aWRlcnMvTWljcm9zb2Z0LlNxbC9tYW5hZ2VkSW5zdGFuY2VzL3NlYWdlb2RyLWdlbjUtZ3A/YXBpLXZlcnNpb249MjAxOC0wNi0wMS1wcmV2aWV3",
      "RequestMethod": "GET",
      "RequestBody": "",
      "RequestHeaders": {
        "x-ms-client-request-id": [
          "60e0820c-57cb-4845-8fac-3c7d211127e4"
        ],
        "Accept-Language": [
          "en-US"
        ],
        "User-Agent": [
          "FxVersion/4.6.28207.03",
          "OSName/Windows",
          "OSVersion/Microsoft.Windows.10.0.14393.",
          "Microsoft.Azure.Management.Sql.SqlManagementClient/1.39.0.0"
        ]
      },
      "ResponseHeaders": {
        "Cache-Control": [
          "no-cache"
        ],
        "Pragma": [
          "no-cache"
        ],
        "x-ms-request-id": [
          "389924f9-95d1-472a-90e1-3aff93209fc1"
        ],
        "Server": [
          "Microsoft-HTTPAPI/2.0"
        ],
        "x-ms-ratelimit-remaining-subscription-reads": [
          "14986"
        ],
        "x-ms-correlation-request-id": [
          "e9753e8d-2a78-4c0c-9f6f-14b804a9dad7"
        ],
        "x-ms-routing-request-id": [
          "NORTHEUROPE:20200304T013211Z:e9753e8d-2a78-4c0c-9f6f-14b804a9dad7"
        ],
        "Strict-Transport-Security": [
          "max-age=31536000; includeSubDomains"
        ],
        "X-Content-Type-Options": [
          "nosniff"
        ],
        "Date": [
          "Wed, 04 Mar 2020 01:32:11 GMT"
        ],
        "Content-Length": [
          "873"
        ],
        "Content-Type": [
          "application/json; charset=utf-8"
        ],
        "Expires": [
          "-1"
        ]
      },
      "ResponseBody": "{\r\n  \"sku\": {\r\n    \"name\": \"GP_Gen5\",\r\n    \"tier\": \"GeneralPurpose\",\r\n    \"family\": \"Gen5\",\r\n    \"capacity\": 8\r\n  },\r\n  \"properties\": {\r\n    \"fullyQualifiedDomainName\": \"ps-test-mi.lkgt1aeda54f909eb.sqltest-eg1.mscds.com\",\r\n    \"administratorLogin\": \"cloudSA\",\r\n    \"subnetId\": \"/subscriptions/741fd0f5-9cb8-442c-91c3-3ef4ca231c2a/resourceGroups/cloudlifter/providers/Microsoft.ClassicNetwork/virtualNetworks/cloudlifter-runners-stage-sea/subnets/Gen5GeoDR\",\r\n    \"state\": \"Ready\",\r\n    \"licenseType\": \"LicenseIncluded\",\r\n    \"vCores\": 8,\r\n    \"storageSizeInGB\": 256,\r\n    \"collation\": \"SQL_Latin1_General_CP1_CI_AS\",\r\n    \"dnsZone\": \"lkgt1aeda54f909eb\",\r\n    \"publicDataEndpointEnabled\": true,\r\n    \"proxyOverride\": \"Proxy\",\r\n    \"timezoneId\": \"UTC\"\r\n  },\r\n  \"location\": \"southeastasia\",\r\n  \"id\": \"/subscriptions/709b4d09-b251-4ae8-8998-e1954ee45cf9/resourceGroups/ps-test-rg/providers/Microsoft.Sql/managedInstances/ps-test-mi\",\r\n  \"name\": \"ps-test-mi\",\r\n  \"type\": \"Microsoft.Sql/managedInstances\"\r\n}",
      "StatusCode": 200
    },
    {
      "RequestUri": "/subscriptions/709b4d09-b251-4ae8-8998-e1954ee45cf9/resourceGroups/ps-test-rg/providers/Microsoft.Sql/managedInstances/ps-test-mi/databases/ps-test-restore-with-rg-x?api-version=2019-06-01-preview",
      "EncodedRequestUri": "L3N1YnNjcmlwdGlvbnMvOGNmYjhiNjItYmNkNi00NzEzLTg5YWQtMTgwOTdmNzVjYzViL3Jlc291cmNlR3JvdXBzL2NsX3N0YWdlX3NlYV9jdi9wcm92aWRlcnMvTWljcm9zb2Z0LlNxbC9tYW5hZ2VkSW5zdGFuY2VzL3NlYWdlb2RyLWdlbjUtZ3AvZGF0YWJhc2VzL3BzLXRlc3QtcmVzdG9yZS13aXRoLXJnLXg/YXBpLXZlcnNpb249MjAxOS0wNi0wMS1wcmV2aWV3",
      "RequestMethod": "PUT",
      "RequestBody": "{\r\n  \"properties\": {\r\n    \"createMode\": \"RestoreLongTermRetentionBackup\",\r\n    \"longTermRetentionBackupResourceId\": \"/subscriptions/709b4d09-b251-4ae8-8998-e1954ee45cf9/resourceGroups/ps-test-rg/providers/Microsoft.Sql/locations/southeastasia/longTermRetentionManagedInstances/ps-test-mi/longTermRetentionDatabases/test-e18652d0-99a7-4bc7-9eb3-733ae3dae337/longTermRetentionManagedInstanceBackups/378455bf-dba5-4948-bfee-072c9223a4ed;132276925190000000\"\r\n  },\r\n  \"location\": \"southeastasia\"\r\n}",
      "RequestHeaders": {
        "x-ms-client-request-id": [
          "b68e3c8a-4183-42f2-94d4-c87872dc8389"
        ],
        "Accept-Language": [
          "en-US"
        ],
        "User-Agent": [
          "FxVersion/4.6.28207.03",
          "OSName/Windows",
          "OSVersion/Microsoft.Windows.10.0.14393.",
          "Microsoft.Azure.Management.Sql.SqlManagementClient/1.39.0.0"
        ],
        "Content-Type": [
          "application/json; charset=utf-8"
        ],
        "Content-Length": [
          "504"
        ]
      },
      "ResponseHeaders": {
        "Cache-Control": [
          "no-cache"
        ],
        "Pragma": [
          "no-cache"
        ],
        "Location": [
          "https://management.azure.com/subscriptions/709b4d09-b251-4ae8-8998-e1954ee45cf9/providers/Microsoft.Sql/locations/southeastasia/managedDatabaseOperationResults/d8d33f75-5fe3-4c68-a33c-92eb7dca1177?api-version=2019-06-01-preview"
        ],
        "Retry-After": [
          "15"
        ],
        "Azure-AsyncOperation": [
          "https://management.azure.com/subscriptions/709b4d09-b251-4ae8-8998-e1954ee45cf9/providers/Microsoft.Sql/locations/southeastasia/managedDatabaseAzureAsyncOperation/d8d33f75-5fe3-4c68-a33c-92eb7dca1177?api-version=2019-06-01-preview"
        ],
        "x-ms-request-id": [
          "d8d33f75-5fe3-4c68-a33c-92eb7dca1177"
        ],
        "Server": [
          "Microsoft-HTTPAPI/2.0"
        ],
        "x-ms-ratelimit-remaining-subscription-writes": [
          "1199"
        ],
        "x-ms-correlation-request-id": [
          "65984f87-f21d-4954-adb7-fb501480b7a9"
        ],
        "x-ms-routing-request-id": [
          "NORTHEUROPE:20200304T013215Z:65984f87-f21d-4954-adb7-fb501480b7a9"
        ],
        "Strict-Transport-Security": [
          "max-age=31536000; includeSubDomains"
        ],
        "X-Content-Type-Options": [
          "nosniff"
        ],
        "Date": [
          "Wed, 04 Mar 2020 01:32:15 GMT"
        ],
        "Content-Length": [
          "95"
        ],
        "Content-Type": [
          "application/json; charset=utf-8"
        ],
        "Expires": [
          "-1"
        ]
      },
      "ResponseBody": "{\r\n  \"operation\": \"CreateManagedRestoreFromLtrBackupRequest\",\r\n  \"startTime\": \"2020-03-04T01:32:15.793Z\"\r\n}",
      "StatusCode": 202
    },
    {
      "RequestUri": "/subscriptions/709b4d09-b251-4ae8-8998-e1954ee45cf9/providers/Microsoft.Sql/locations/southeastasia/managedDatabaseAzureAsyncOperation/d8d33f75-5fe3-4c68-a33c-92eb7dca1177?api-version=2019-06-01-preview",
      "EncodedRequestUri": "L3N1YnNjcmlwdGlvbnMvOGNmYjhiNjItYmNkNi00NzEzLTg5YWQtMTgwOTdmNzVjYzViL3Byb3ZpZGVycy9NaWNyb3NvZnQuU3FsL2xvY2F0aW9ucy9zb3V0aGVhc3Rhc2lhL21hbmFnZWREYXRhYmFzZUF6dXJlQXN5bmNPcGVyYXRpb24vZDhkMzNmNzUtNWZlMy00YzY4LWEzM2MtOTJlYjdkY2ExMTc3P2FwaS12ZXJzaW9uPTIwMTktMDYtMDEtcHJldmlldw==",
      "RequestMethod": "GET",
      "RequestBody": "",
      "RequestHeaders": {
        "User-Agent": [
          "FxVersion/4.6.28207.03",
          "OSName/Windows",
          "OSVersion/Microsoft.Windows.10.0.14393.",
          "Microsoft.Azure.Management.Sql.SqlManagementClient/1.39.0.0"
        ]
      },
      "ResponseHeaders": {
        "Cache-Control": [
          "no-cache"
        ],
        "Pragma": [
          "no-cache"
        ],
        "Retry-After": [
          "15"
        ],
        "x-ms-request-id": [
          "1c1f53fb-5b3a-415d-8100-b72692930149"
        ],
        "Server": [
          "Microsoft-HTTPAPI/2.0"
        ],
        "x-ms-ratelimit-remaining-subscription-reads": [
          "14985"
        ],
        "x-ms-correlation-request-id": [
          "27526763-f5f5-4be7-91d8-821512dfd610"
        ],
        "x-ms-routing-request-id": [
          "NORTHEUROPE:20200304T013231Z:27526763-f5f5-4be7-91d8-821512dfd610"
        ],
        "Strict-Transport-Security": [
          "max-age=31536000; includeSubDomains"
        ],
        "X-Content-Type-Options": [
          "nosniff"
        ],
        "Date": [
          "Wed, 04 Mar 2020 01:32:31 GMT"
        ],
        "Content-Length": [
          "108"
        ],
        "Content-Type": [
          "application/json; charset=utf-8"
        ],
        "Expires": [
          "-1"
        ]
      },
      "ResponseBody": "{\r\n  \"name\": \"d8d33f75-5fe3-4c68-a33c-92eb7dca1177\",\r\n  \"status\": \"InProgress\",\r\n  \"startTime\": \"2020-03-04T01:32:15.793Z\"\r\n}",
      "StatusCode": 200
    },
    {
      "RequestUri": "/subscriptions/709b4d09-b251-4ae8-8998-e1954ee45cf9/providers/Microsoft.Sql/locations/southeastasia/managedDatabaseAzureAsyncOperation/d8d33f75-5fe3-4c68-a33c-92eb7dca1177?api-version=2019-06-01-preview",
      "EncodedRequestUri": "L3N1YnNjcmlwdGlvbnMvOGNmYjhiNjItYmNkNi00NzEzLTg5YWQtMTgwOTdmNzVjYzViL3Byb3ZpZGVycy9NaWNyb3NvZnQuU3FsL2xvY2F0aW9ucy9zb3V0aGVhc3Rhc2lhL21hbmFnZWREYXRhYmFzZUF6dXJlQXN5bmNPcGVyYXRpb24vZDhkMzNmNzUtNWZlMy00YzY4LWEzM2MtOTJlYjdkY2ExMTc3P2FwaS12ZXJzaW9uPTIwMTktMDYtMDEtcHJldmlldw==",
      "RequestMethod": "GET",
      "RequestBody": "",
      "RequestHeaders": {
        "User-Agent": [
          "FxVersion/4.6.28207.03",
          "OSName/Windows",
          "OSVersion/Microsoft.Windows.10.0.14393.",
          "Microsoft.Azure.Management.Sql.SqlManagementClient/1.39.0.0"
        ]
      },
      "ResponseHeaders": {
        "Cache-Control": [
          "no-cache"
        ],
        "Pragma": [
          "no-cache"
        ],
        "Retry-After": [
          "15"
        ],
        "x-ms-request-id": [
          "1d6f33c1-181e-49d9-9b8b-a565afcdec10"
        ],
        "Server": [
          "Microsoft-HTTPAPI/2.0"
        ],
        "x-ms-ratelimit-remaining-subscription-reads": [
          "14984"
        ],
        "x-ms-correlation-request-id": [
          "76490f26-7f19-408b-9bd7-d2f2242fc475"
        ],
        "x-ms-routing-request-id": [
          "NORTHEUROPE:20200304T013246Z:76490f26-7f19-408b-9bd7-d2f2242fc475"
        ],
        "Strict-Transport-Security": [
          "max-age=31536000; includeSubDomains"
        ],
        "X-Content-Type-Options": [
          "nosniff"
        ],
        "Date": [
          "Wed, 04 Mar 2020 01:32:46 GMT"
        ],
        "Content-Length": [
          "108"
        ],
        "Content-Type": [
          "application/json; charset=utf-8"
        ],
        "Expires": [
          "-1"
        ]
      },
      "ResponseBody": "{\r\n  \"name\": \"d8d33f75-5fe3-4c68-a33c-92eb7dca1177\",\r\n  \"status\": \"InProgress\",\r\n  \"startTime\": \"2020-03-04T01:32:15.793Z\"\r\n}",
      "StatusCode": 200
    },
    {
      "RequestUri": "/subscriptions/709b4d09-b251-4ae8-8998-e1954ee45cf9/providers/Microsoft.Sql/locations/southeastasia/managedDatabaseAzureAsyncOperation/d8d33f75-5fe3-4c68-a33c-92eb7dca1177?api-version=2019-06-01-preview",
      "EncodedRequestUri": "L3N1YnNjcmlwdGlvbnMvOGNmYjhiNjItYmNkNi00NzEzLTg5YWQtMTgwOTdmNzVjYzViL3Byb3ZpZGVycy9NaWNyb3NvZnQuU3FsL2xvY2F0aW9ucy9zb3V0aGVhc3Rhc2lhL21hbmFnZWREYXRhYmFzZUF6dXJlQXN5bmNPcGVyYXRpb24vZDhkMzNmNzUtNWZlMy00YzY4LWEzM2MtOTJlYjdkY2ExMTc3P2FwaS12ZXJzaW9uPTIwMTktMDYtMDEtcHJldmlldw==",
      "RequestMethod": "GET",
      "RequestBody": "",
      "RequestHeaders": {
        "User-Agent": [
          "FxVersion/4.6.28207.03",
          "OSName/Windows",
          "OSVersion/Microsoft.Windows.10.0.14393.",
          "Microsoft.Azure.Management.Sql.SqlManagementClient/1.39.0.0"
        ]
      },
      "ResponseHeaders": {
        "Cache-Control": [
          "no-cache"
        ],
        "Pragma": [
          "no-cache"
        ],
        "Retry-After": [
          "15"
        ],
        "x-ms-request-id": [
          "254169d4-0140-4862-95f4-b05ab0952c9c"
        ],
        "x-ms-ratelimit-remaining-subscription-reads": [
          "14983"
        ],
        "Server": [
          "Microsoft-HTTPAPI/2.0"
        ],
        "x-ms-correlation-request-id": [
          "e8d3a1eb-99c2-4c18-b9b7-f56bb1832a60"
        ],
        "x-ms-routing-request-id": [
          "NORTHEUROPE:20200304T013302Z:e8d3a1eb-99c2-4c18-b9b7-f56bb1832a60"
        ],
        "Strict-Transport-Security": [
          "max-age=31536000; includeSubDomains"
        ],
        "X-Content-Type-Options": [
          "nosniff"
        ],
        "Date": [
          "Wed, 04 Mar 2020 01:33:01 GMT"
        ],
        "Content-Length": [
          "108"
        ],
        "Content-Type": [
          "application/json; charset=utf-8"
        ],
        "Expires": [
          "-1"
        ]
      },
      "ResponseBody": "{\r\n  \"name\": \"d8d33f75-5fe3-4c68-a33c-92eb7dca1177\",\r\n  \"status\": \"InProgress\",\r\n  \"startTime\": \"2020-03-04T01:32:15.793Z\"\r\n}",
      "StatusCode": 200
    },
    {
      "RequestUri": "/subscriptions/709b4d09-b251-4ae8-8998-e1954ee45cf9/providers/Microsoft.Sql/locations/southeastasia/managedDatabaseAzureAsyncOperation/d8d33f75-5fe3-4c68-a33c-92eb7dca1177?api-version=2019-06-01-preview",
      "EncodedRequestUri": "L3N1YnNjcmlwdGlvbnMvOGNmYjhiNjItYmNkNi00NzEzLTg5YWQtMTgwOTdmNzVjYzViL3Byb3ZpZGVycy9NaWNyb3NvZnQuU3FsL2xvY2F0aW9ucy9zb3V0aGVhc3Rhc2lhL21hbmFnZWREYXRhYmFzZUF6dXJlQXN5bmNPcGVyYXRpb24vZDhkMzNmNzUtNWZlMy00YzY4LWEzM2MtOTJlYjdkY2ExMTc3P2FwaS12ZXJzaW9uPTIwMTktMDYtMDEtcHJldmlldw==",
      "RequestMethod": "GET",
      "RequestBody": "",
      "RequestHeaders": {
        "User-Agent": [
          "FxVersion/4.6.28207.03",
          "OSName/Windows",
          "OSVersion/Microsoft.Windows.10.0.14393.",
          "Microsoft.Azure.Management.Sql.SqlManagementClient/1.39.0.0"
        ]
      },
      "ResponseHeaders": {
        "Cache-Control": [
          "no-cache"
        ],
        "Pragma": [
          "no-cache"
        ],
        "Retry-After": [
          "15"
        ],
        "x-ms-request-id": [
          "d7507a06-0b1d-43ac-bbb0-1fcef4144fad"
        ],
        "x-ms-ratelimit-remaining-subscription-reads": [
          "14982"
        ],
        "Server": [
          "Microsoft-HTTPAPI/2.0"
        ],
        "x-ms-correlation-request-id": [
          "8411a136-cf28-4946-b42e-816a550cd5be"
        ],
        "x-ms-routing-request-id": [
          "NORTHEUROPE:20200304T013317Z:8411a136-cf28-4946-b42e-816a550cd5be"
        ],
        "Strict-Transport-Security": [
          "max-age=31536000; includeSubDomains"
        ],
        "X-Content-Type-Options": [
          "nosniff"
        ],
        "Date": [
          "Wed, 04 Mar 2020 01:33:17 GMT"
        ],
        "Content-Length": [
          "108"
        ],
        "Content-Type": [
          "application/json; charset=utf-8"
        ],
        "Expires": [
          "-1"
        ]
      },
      "ResponseBody": "{\r\n  \"name\": \"d8d33f75-5fe3-4c68-a33c-92eb7dca1177\",\r\n  \"status\": \"InProgress\",\r\n  \"startTime\": \"2020-03-04T01:32:15.793Z\"\r\n}",
      "StatusCode": 200
    },
    {
      "RequestUri": "/subscriptions/709b4d09-b251-4ae8-8998-e1954ee45cf9/providers/Microsoft.Sql/locations/southeastasia/managedDatabaseAzureAsyncOperation/d8d33f75-5fe3-4c68-a33c-92eb7dca1177?api-version=2019-06-01-preview",
      "EncodedRequestUri": "L3N1YnNjcmlwdGlvbnMvOGNmYjhiNjItYmNkNi00NzEzLTg5YWQtMTgwOTdmNzVjYzViL3Byb3ZpZGVycy9NaWNyb3NvZnQuU3FsL2xvY2F0aW9ucy9zb3V0aGVhc3Rhc2lhL21hbmFnZWREYXRhYmFzZUF6dXJlQXN5bmNPcGVyYXRpb24vZDhkMzNmNzUtNWZlMy00YzY4LWEzM2MtOTJlYjdkY2ExMTc3P2FwaS12ZXJzaW9uPTIwMTktMDYtMDEtcHJldmlldw==",
      "RequestMethod": "GET",
      "RequestBody": "",
      "RequestHeaders": {
        "User-Agent": [
          "FxVersion/4.6.28207.03",
          "OSName/Windows",
          "OSVersion/Microsoft.Windows.10.0.14393.",
          "Microsoft.Azure.Management.Sql.SqlManagementClient/1.39.0.0"
        ]
      },
      "ResponseHeaders": {
        "Cache-Control": [
          "no-cache"
        ],
        "Pragma": [
          "no-cache"
        ],
        "Retry-After": [
          "15"
        ],
        "x-ms-request-id": [
          "3dabc791-f5ed-43b4-80af-74701341821b"
        ],
        "Server": [
          "Microsoft-HTTPAPI/2.0"
        ],
        "x-ms-ratelimit-remaining-subscription-reads": [
          "14981"
        ],
        "x-ms-correlation-request-id": [
          "4165c174-b294-490a-8c3b-370ccb67f0f1"
        ],
        "x-ms-routing-request-id": [
          "NORTHEUROPE:20200304T013333Z:4165c174-b294-490a-8c3b-370ccb67f0f1"
        ],
        "Strict-Transport-Security": [
          "max-age=31536000; includeSubDomains"
        ],
        "X-Content-Type-Options": [
          "nosniff"
        ],
        "Date": [
          "Wed, 04 Mar 2020 01:33:33 GMT"
        ],
        "Content-Length": [
          "108"
        ],
        "Content-Type": [
          "application/json; charset=utf-8"
        ],
        "Expires": [
          "-1"
        ]
      },
      "ResponseBody": "{\r\n  \"name\": \"d8d33f75-5fe3-4c68-a33c-92eb7dca1177\",\r\n  \"status\": \"InProgress\",\r\n  \"startTime\": \"2020-03-04T01:32:15.793Z\"\r\n}",
      "StatusCode": 200
    },
    {
      "RequestUri": "/subscriptions/709b4d09-b251-4ae8-8998-e1954ee45cf9/providers/Microsoft.Sql/locations/southeastasia/managedDatabaseAzureAsyncOperation/d8d33f75-5fe3-4c68-a33c-92eb7dca1177?api-version=2019-06-01-preview",
      "EncodedRequestUri": "L3N1YnNjcmlwdGlvbnMvOGNmYjhiNjItYmNkNi00NzEzLTg5YWQtMTgwOTdmNzVjYzViL3Byb3ZpZGVycy9NaWNyb3NvZnQuU3FsL2xvY2F0aW9ucy9zb3V0aGVhc3Rhc2lhL21hbmFnZWREYXRhYmFzZUF6dXJlQXN5bmNPcGVyYXRpb24vZDhkMzNmNzUtNWZlMy00YzY4LWEzM2MtOTJlYjdkY2ExMTc3P2FwaS12ZXJzaW9uPTIwMTktMDYtMDEtcHJldmlldw==",
      "RequestMethod": "GET",
      "RequestBody": "",
      "RequestHeaders": {
        "User-Agent": [
          "FxVersion/4.6.28207.03",
          "OSName/Windows",
          "OSVersion/Microsoft.Windows.10.0.14393.",
          "Microsoft.Azure.Management.Sql.SqlManagementClient/1.39.0.0"
        ]
      },
      "ResponseHeaders": {
        "Cache-Control": [
          "no-cache"
        ],
        "Pragma": [
          "no-cache"
        ],
        "Retry-After": [
          "15"
        ],
        "x-ms-request-id": [
          "26ef23c1-ebb4-42c0-bab5-3567c4c238ef"
        ],
        "Server": [
          "Microsoft-HTTPAPI/2.0"
        ],
        "x-ms-ratelimit-remaining-subscription-reads": [
          "14980"
        ],
        "x-ms-correlation-request-id": [
          "fc9d1dae-7016-42ef-b599-06975473a9b5"
        ],
        "x-ms-routing-request-id": [
          "NORTHEUROPE:20200304T013348Z:fc9d1dae-7016-42ef-b599-06975473a9b5"
        ],
        "Strict-Transport-Security": [
          "max-age=31536000; includeSubDomains"
        ],
        "X-Content-Type-Options": [
          "nosniff"
        ],
        "Date": [
          "Wed, 04 Mar 2020 01:33:48 GMT"
        ],
        "Content-Length": [
          "108"
        ],
        "Content-Type": [
          "application/json; charset=utf-8"
        ],
        "Expires": [
          "-1"
        ]
      },
      "ResponseBody": "{\r\n  \"name\": \"d8d33f75-5fe3-4c68-a33c-92eb7dca1177\",\r\n  \"status\": \"InProgress\",\r\n  \"startTime\": \"2020-03-04T01:32:15.793Z\"\r\n}",
      "StatusCode": 200
    },
    {
      "RequestUri": "/subscriptions/709b4d09-b251-4ae8-8998-e1954ee45cf9/providers/Microsoft.Sql/locations/southeastasia/managedDatabaseAzureAsyncOperation/d8d33f75-5fe3-4c68-a33c-92eb7dca1177?api-version=2019-06-01-preview",
      "EncodedRequestUri": "L3N1YnNjcmlwdGlvbnMvOGNmYjhiNjItYmNkNi00NzEzLTg5YWQtMTgwOTdmNzVjYzViL3Byb3ZpZGVycy9NaWNyb3NvZnQuU3FsL2xvY2F0aW9ucy9zb3V0aGVhc3Rhc2lhL21hbmFnZWREYXRhYmFzZUF6dXJlQXN5bmNPcGVyYXRpb24vZDhkMzNmNzUtNWZlMy00YzY4LWEzM2MtOTJlYjdkY2ExMTc3P2FwaS12ZXJzaW9uPTIwMTktMDYtMDEtcHJldmlldw==",
      "RequestMethod": "GET",
      "RequestBody": "",
      "RequestHeaders": {
        "User-Agent": [
          "FxVersion/4.6.28207.03",
          "OSName/Windows",
          "OSVersion/Microsoft.Windows.10.0.14393.",
          "Microsoft.Azure.Management.Sql.SqlManagementClient/1.39.0.0"
        ]
      },
      "ResponseHeaders": {
        "Cache-Control": [
          "no-cache"
        ],
        "Pragma": [
          "no-cache"
        ],
        "Retry-After": [
          "15"
        ],
        "x-ms-request-id": [
          "4bd45c68-a4d0-4583-a231-96e15640e9a6"
        ],
        "Server": [
          "Microsoft-HTTPAPI/2.0"
        ],
        "x-ms-ratelimit-remaining-subscription-reads": [
          "14979"
        ],
        "x-ms-correlation-request-id": [
          "66248f38-6395-4054-8260-f20ba336bed0"
        ],
        "x-ms-routing-request-id": [
          "NORTHEUROPE:20200304T013404Z:66248f38-6395-4054-8260-f20ba336bed0"
        ],
        "Strict-Transport-Security": [
          "max-age=31536000; includeSubDomains"
        ],
        "X-Content-Type-Options": [
          "nosniff"
        ],
        "Date": [
          "Wed, 04 Mar 2020 01:34:03 GMT"
        ],
        "Content-Length": [
          "107"
        ],
        "Content-Type": [
          "application/json; charset=utf-8"
        ],
        "Expires": [
          "-1"
        ]
      },
      "ResponseBody": "{\r\n  \"name\": \"d8d33f75-5fe3-4c68-a33c-92eb7dca1177\",\r\n  \"status\": \"Succeeded\",\r\n  \"startTime\": \"2020-03-04T01:32:15.793Z\"\r\n}",
      "StatusCode": 200
    },
    {
      "RequestUri": "/subscriptions/709b4d09-b251-4ae8-8998-e1954ee45cf9/resourceGroups/ps-test-rg/providers/Microsoft.Sql/managedInstances/ps-test-mi/databases/ps-test-restore-with-rg-x?api-version=2019-06-01-preview",
      "EncodedRequestUri": "L3N1YnNjcmlwdGlvbnMvOGNmYjhiNjItYmNkNi00NzEzLTg5YWQtMTgwOTdmNzVjYzViL3Jlc291cmNlR3JvdXBzL2NsX3N0YWdlX3NlYV9jdi9wcm92aWRlcnMvTWljcm9zb2Z0LlNxbC9tYW5hZ2VkSW5zdGFuY2VzL3NlYWdlb2RyLWdlbjUtZ3AvZGF0YWJhc2VzL3BzLXRlc3QtcmVzdG9yZS13aXRoLXJnLXg/YXBpLXZlcnNpb249MjAxOS0wNi0wMS1wcmV2aWV3",
      "RequestMethod": "GET",
      "RequestBody": "",
      "RequestHeaders": {
        "User-Agent": [
          "FxVersion/4.6.28207.03",
          "OSName/Windows",
          "OSVersion/Microsoft.Windows.10.0.14393.",
          "Microsoft.Azure.Management.Sql.SqlManagementClient/1.39.0.0"
        ]
      },
      "ResponseHeaders": {
        "Cache-Control": [
          "no-cache"
        ],
        "Pragma": [
          "no-cache"
        ],
        "x-ms-request-id": [
          "ba4b6f22-816c-4fa8-94b2-fb028969051c"
        ],
        "Server": [
          "Microsoft-HTTPAPI/2.0"
        ],
        "x-ms-ratelimit-remaining-subscription-reads": [
          "14978"
        ],
        "x-ms-correlation-request-id": [
          "41d18dc3-63fc-48fa-8627-b0be649abf55"
        ],
        "x-ms-routing-request-id": [
          "NORTHEUROPE:20200304T013404Z:41d18dc3-63fc-48fa-8627-b0be649abf55"
        ],
        "Strict-Transport-Security": [
          "max-age=31536000; includeSubDomains"
        ],
        "X-Content-Type-Options": [
          "nosniff"
        ],
        "Date": [
          "Wed, 04 Mar 2020 01:34:03 GMT"
        ],
        "Content-Length": [
          "456"
        ],
        "Content-Type": [
          "application/json; charset=utf-8"
        ],
        "Expires": [
          "-1"
        ]
      },
      "ResponseBody": "{\r\n  \"properties\": {\r\n    \"collation\": \"SQL_Latin1_General_CP1_CI_AS\",\r\n    \"status\": \"Online\",\r\n    \"creationDate\": \"2020-03-04T01:32:16.107Z\",\r\n    \"defaultSecondaryLocation\": \"northeurope\"\r\n  },\r\n  \"location\": \"southeastasia\",\r\n  \"id\": \"/subscriptions/709b4d09-b251-4ae8-8998-e1954ee45cf9/resourceGroups/ps-test-rg/providers/Microsoft.Sql/managedInstances/ps-test-mi/databases/ps-test-restore-with-rg-x\",\r\n  \"name\": \"ps-test-restore-with-rg-x\",\r\n  \"type\": \"Microsoft.Sql/managedInstances/databases\"\r\n}",
      "StatusCode": 200
    },
    {
      "RequestUri": "/subscriptions/709b4d09-b251-4ae8-8998-e1954ee45cf9/resourceGroups/ps-test-rg/providers/Microsoft.Sql/managedInstances/ps-test-mi/databases/ps-test-restore-with-rg-x?api-version=2019-06-01-preview",
      "EncodedRequestUri": "L3N1YnNjcmlwdGlvbnMvOGNmYjhiNjItYmNkNi00NzEzLTg5YWQtMTgwOTdmNzVjYzViL3Jlc291cmNlR3JvdXBzL2NsX3N0YWdlX3NlYV9jdi9wcm92aWRlcnMvTWljcm9zb2Z0LlNxbC9tYW5hZ2VkSW5zdGFuY2VzL3NlYWdlb2RyLWdlbjUtZ3AvZGF0YWJhc2VzL3BzLXRlc3QtcmVzdG9yZS13aXRoLXJnLXg/YXBpLXZlcnNpb249MjAxOS0wNi0wMS1wcmV2aWV3",
      "RequestMethod": "GET",
      "RequestBody": "",
      "RequestHeaders": {
        "x-ms-client-request-id": [
          "a7428714-8d3c-433a-8924-19bc795a9c81"
        ],
        "Accept-Language": [
          "en-US"
        ],
        "User-Agent": [
          "FxVersion/4.6.28207.03",
          "OSName/Windows",
          "OSVersion/Microsoft.Windows.10.0.14393.",
          "Microsoft.Azure.Management.Sql.SqlManagementClient/1.39.0.0"
        ]
      },
      "ResponseHeaders": {
        "Cache-Control": [
          "no-cache"
        ],
        "Pragma": [
          "no-cache"
        ],
        "x-ms-request-id": [
          "11a727bf-cc1c-4bdc-9893-1e3b991eba75"
        ],
        "Server": [
          "Microsoft-HTTPAPI/2.0"
        ],
        "x-ms-ratelimit-remaining-subscription-reads": [
          "14977"
        ],
        "x-ms-correlation-request-id": [
          "7bd8c3b6-a412-4001-9b27-c892176d9675"
        ],
        "x-ms-routing-request-id": [
          "NORTHEUROPE:20200304T013404Z:7bd8c3b6-a412-4001-9b27-c892176d9675"
        ],
        "Strict-Transport-Security": [
          "max-age=31536000; includeSubDomains"
        ],
        "X-Content-Type-Options": [
          "nosniff"
        ],
        "Date": [
          "Wed, 04 Mar 2020 01:34:04 GMT"
        ],
        "Content-Length": [
          "456"
        ],
        "Content-Type": [
          "application/json; charset=utf-8"
        ],
        "Expires": [
          "-1"
        ]
      },
      "ResponseBody": "{\r\n  \"properties\": {\r\n    \"collation\": \"SQL_Latin1_General_CP1_CI_AS\",\r\n    \"status\": \"Online\",\r\n    \"creationDate\": \"2020-03-04T01:32:16.107Z\",\r\n    \"defaultSecondaryLocation\": \"northeurope\"\r\n  },\r\n  \"location\": \"southeastasia\",\r\n  \"id\": \"/subscriptions/709b4d09-b251-4ae8-8998-e1954ee45cf9/resourceGroups/ps-test-rg/providers/Microsoft.Sql/managedInstances/ps-test-mi/databases/ps-test-restore-with-rg-x\",\r\n  \"name\": \"ps-test-restore-with-rg-x\",\r\n  \"type\": \"Microsoft.Sql/managedInstances/databases\"\r\n}",
      "StatusCode": 200
    },
    {
      "RequestUri": "/subscriptions/709b4d09-b251-4ae8-8998-e1954ee45cf9/resourceGroups/ps-test-rg/providers/Microsoft.Sql/managedInstances/ps-test-mi/databases/ps-test-restore-with-rg-x?api-version=2019-06-01-preview",
      "EncodedRequestUri": "L3N1YnNjcmlwdGlvbnMvOGNmYjhiNjItYmNkNi00NzEzLTg5YWQtMTgwOTdmNzVjYzViL3Jlc291cmNlR3JvdXBzL2NsX3N0YWdlX3NlYV9jdi9wcm92aWRlcnMvTWljcm9zb2Z0LlNxbC9tYW5hZ2VkSW5zdGFuY2VzL3NlYWdlb2RyLWdlbjUtZ3AvZGF0YWJhc2VzL3BzLXRlc3QtcmVzdG9yZS13aXRoLXJnLXg/YXBpLXZlcnNpb249MjAxOS0wNi0wMS1wcmV2aWV3",
      "RequestMethod": "DELETE",
      "RequestBody": "",
      "RequestHeaders": {
        "x-ms-client-request-id": [
          "09614a27-455d-43d9-a8fe-be15886fd9dd"
        ],
        "Accept-Language": [
          "en-US"
        ],
        "User-Agent": [
          "FxVersion/4.6.28207.03",
          "OSName/Windows",
          "OSVersion/Microsoft.Windows.10.0.14393.",
          "Microsoft.Azure.Management.Sql.SqlManagementClient/1.39.0.0"
        ]
      },
      "ResponseHeaders": {
        "Cache-Control": [
          "no-cache"
        ],
        "Pragma": [
          "no-cache"
        ],
        "Location": [
          "https://management.azure.com/subscriptions/709b4d09-b251-4ae8-8998-e1954ee45cf9/providers/Microsoft.Sql/locations/southeastasia/managedDatabaseOperationResults/31a73580-c5f0-4dca-9b5f-bffa39738617?api-version=2019-06-01-preview"
        ],
        "Retry-After": [
          "15"
        ],
        "Azure-AsyncOperation": [
          "https://management.azure.com/subscriptions/709b4d09-b251-4ae8-8998-e1954ee45cf9/providers/Microsoft.Sql/locations/southeastasia/managedDatabaseAzureAsyncOperation/31a73580-c5f0-4dca-9b5f-bffa39738617?api-version=2019-06-01-preview"
        ],
        "x-ms-request-id": [
          "31a73580-c5f0-4dca-9b5f-bffa39738617"
        ],
        "Server": [
          "Microsoft-HTTPAPI/2.0"
        ],
        "x-ms-ratelimit-remaining-subscription-deletes": [
          "14999"
        ],
        "x-ms-correlation-request-id": [
          "0fe916d5-726d-4b53-a848-4e74a8c0a164"
        ],
        "x-ms-routing-request-id": [
          "NORTHEUROPE:20200304T013405Z:0fe916d5-726d-4b53-a848-4e74a8c0a164"
        ],
        "Strict-Transport-Security": [
          "max-age=31536000; includeSubDomains"
        ],
        "X-Content-Type-Options": [
          "nosniff"
        ],
        "Date": [
          "Wed, 04 Mar 2020 01:34:04 GMT"
        ],
        "Content-Length": [
          "74"
        ],
        "Content-Type": [
          "application/json; charset=utf-8"
        ],
        "Expires": [
          "-1"
        ]
      },
      "ResponseBody": "{\r\n  \"operation\": \"DropManagedDatabase\",\r\n  \"startTime\": \"2020-03-04T01:34:05.503Z\"\r\n}",
      "StatusCode": 202
    },
    {
      "RequestUri": "/subscriptions/709b4d09-b251-4ae8-8998-e1954ee45cf9/providers/Microsoft.Sql/locations/southeastasia/managedDatabaseAzureAsyncOperation/31a73580-c5f0-4dca-9b5f-bffa39738617?api-version=2019-06-01-preview",
      "EncodedRequestUri": "L3N1YnNjcmlwdGlvbnMvOGNmYjhiNjItYmNkNi00NzEzLTg5YWQtMTgwOTdmNzVjYzViL3Byb3ZpZGVycy9NaWNyb3NvZnQuU3FsL2xvY2F0aW9ucy9zb3V0aGVhc3Rhc2lhL21hbmFnZWREYXRhYmFzZUF6dXJlQXN5bmNPcGVyYXRpb24vMzFhNzM1ODAtYzVmMC00ZGNhLTliNWYtYmZmYTM5NzM4NjE3P2FwaS12ZXJzaW9uPTIwMTktMDYtMDEtcHJldmlldw==",
      "RequestMethod": "GET",
      "RequestBody": "",
      "RequestHeaders": {
        "User-Agent": [
          "FxVersion/4.6.28207.03",
          "OSName/Windows",
          "OSVersion/Microsoft.Windows.10.0.14393.",
          "Microsoft.Azure.Management.Sql.SqlManagementClient/1.39.0.0"
        ]
      },
      "ResponseHeaders": {
        "Cache-Control": [
          "no-cache"
        ],
        "Pragma": [
          "no-cache"
        ],
        "Retry-After": [
          "15"
        ],
        "x-ms-request-id": [
          "9fc68d08-6595-480d-908c-654b5fcb7671"
        ],
        "x-ms-ratelimit-remaining-subscription-reads": [
          "14976"
        ],
        "Server": [
          "Microsoft-HTTPAPI/2.0"
        ],
        "x-ms-correlation-request-id": [
          "09fe44b0-9314-44cf-9aaa-294732bf6855"
        ],
        "x-ms-routing-request-id": [
          "NORTHEUROPE:20200304T013420Z:09fe44b0-9314-44cf-9aaa-294732bf6855"
        ],
        "Strict-Transport-Security": [
          "max-age=31536000; includeSubDomains"
        ],
        "X-Content-Type-Options": [
          "nosniff"
        ],
        "Date": [
          "Wed, 04 Mar 2020 01:34:19 GMT"
        ],
        "Content-Length": [
          "107"
        ],
        "Content-Type": [
          "application/json; charset=utf-8"
        ],
        "Expires": [
          "-1"
        ]
      },
      "ResponseBody": "{\r\n  \"name\": \"31a73580-c5f0-4dca-9b5f-bffa39738617\",\r\n  \"status\": \"Succeeded\",\r\n  \"startTime\": \"2020-03-04T01:34:05.503Z\"\r\n}",
      "StatusCode": 200
    },
    {
      "RequestUri": "/subscriptions/709b4d09-b251-4ae8-8998-e1954ee45cf9/providers/Microsoft.Sql/locations/southeastasia/managedDatabaseOperationResults/31a73580-c5f0-4dca-9b5f-bffa39738617?api-version=2019-06-01-preview",
      "EncodedRequestUri": "L3N1YnNjcmlwdGlvbnMvOGNmYjhiNjItYmNkNi00NzEzLTg5YWQtMTgwOTdmNzVjYzViL3Byb3ZpZGVycy9NaWNyb3NvZnQuU3FsL2xvY2F0aW9ucy9zb3V0aGVhc3Rhc2lhL21hbmFnZWREYXRhYmFzZU9wZXJhdGlvblJlc3VsdHMvMzFhNzM1ODAtYzVmMC00ZGNhLTliNWYtYmZmYTM5NzM4NjE3P2FwaS12ZXJzaW9uPTIwMTktMDYtMDEtcHJldmlldw==",
      "RequestMethod": "GET",
      "RequestBody": "",
      "RequestHeaders": {
        "User-Agent": [
          "FxVersion/4.6.28207.03",
          "OSName/Windows",
          "OSVersion/Microsoft.Windows.10.0.14393.",
          "Microsoft.Azure.Management.Sql.SqlManagementClient/1.39.0.0"
        ]
      },
      "ResponseHeaders": {
        "Cache-Control": [
          "no-cache"
        ],
        "Pragma": [
          "no-cache"
        ],
        "x-ms-request-id": [
          "7c21a935-8bfc-4ae3-9d82-d408732dedd4"
        ],
        "Server": [
          "Microsoft-HTTPAPI/2.0"
        ],
        "x-ms-ratelimit-remaining-subscription-reads": [
          "14975"
        ],
        "x-ms-correlation-request-id": [
          "afe27a79-a41b-4838-8928-9a523ad88f37"
        ],
        "x-ms-routing-request-id": [
          "NORTHEUROPE:20200304T013421Z:afe27a79-a41b-4838-8928-9a523ad88f37"
        ],
        "Strict-Transport-Security": [
          "max-age=31536000; includeSubDomains"
        ],
        "X-Content-Type-Options": [
          "nosniff"
        ],
        "Date": [
          "Wed, 04 Mar 2020 01:34:21 GMT"
        ],
        "Expires": [
          "-1"
        ]
      },
      "ResponseBody": "",
      "StatusCode": 204
    }
  ],
  "Names": {},
  "Variables": {
    "SubscriptionId": "709b4d09-b251-4ae8-8998-e1954ee45cf9"
  }
}