{
  "Entries": [
    {
      "RequestUri": "/subscriptions/fc04246f-04c5-437e-ac5e-206a19e7193f/resourcegroups/shuhuan_PPE_9-11v2?api-version=2016-09-01",
      "EncodedRequestUri": "L3N1YnNjcmlwdGlvbnMvZmMwNDI0NmYtMDRjNS00MzdlLWFjNWUtMjA2YTE5ZTcxOTNmL3Jlc291cmNlZ3JvdXBzL3NodWh1YW5fUFBFXzktMTF2Mj9hcGktdmVyc2lvbj0yMDE2LTA5LTAx",
      "RequestMethod": "GET",
      "RequestBody": "",
      "RequestHeaders": {
        "x-ms-client-request-id": [
          "95b0b969-c8bf-4dc0-916b-72af6dc759b4"
        ],
        "accept-language": [
          "en-US"
        ],
        "User-Agent": [
          "FxVersion/4.7.3163.0",
          "OSName/Windows10Enterprise",
          "OSVersion/6.3.15063",
          "Microsoft.Azure.Management.Internal.Resources.ResourceManagementClient/4.1.0"
        ]
      },
      "ResponseBody": "{\r\n  \"id\": \"/subscriptions/fc04246f-04c5-437e-ac5e-206a19e7193f/resourceGroups/shuhuan_PPE_9-11v2\",\r\n  \"name\": \"shuhuan_PPE_9-11v2\",\r\n  \"location\": \"centralus\",\r\n  \"properties\": {\r\n    \"provisioningState\": \"Succeeded\"\r\n  }\r\n}",
      "ResponseHeaders": {
        "Content-Length": [
          "192"
        ],
        "Content-Type": [
          "application/json; charset=utf-8"
        ],
        "Expires": [
          "-1"
        ],
        "Pragma": [
          "no-cache"
        ],
        "x-ms-ratelimit-remaining-subscription-reads": [
          "11998"
        ],
        "x-ms-request-id": [
          "73dd5d3e-11d8-40cf-88ce-d175ea3b7900"
        ],
        "x-ms-correlation-request-id": [
          "73dd5d3e-11d8-40cf-88ce-d175ea3b7900"
        ],
        "x-ms-routing-request-id": [
          "WESTUS2:20180918T185547Z:73dd5d3e-11d8-40cf-88ce-d175ea3b7900"
        ],
        "Strict-Transport-Security": [
          "max-age=31536000; includeSubDomains"
        ],
        "X-Content-Type-Options": [
          "nosniff"
        ],
        "Cache-Control": [
          "no-cache"
        ],
        "Date": [
          "Tue, 18 Sep 2018 18:55:47 GMT"
        ]
      },
      "StatusCode": 200
    },
    {
      "RequestUri": "/subscriptions/fc04246f-04c5-437e-ac5e-206a19e7193f/resourceGroups/shuhuan_PPE_9-11v2/providers/Microsoft.DataMigration/services/shuhuan_PPE_9-11v2?api-version=2018-07-15-preview",
      "EncodedRequestUri": "L3N1YnNjcmlwdGlvbnMvZmMwNDI0NmYtMDRjNS00MzdlLWFjNWUtMjA2YTE5ZTcxOTNmL3Jlc291cmNlR3JvdXBzL3NodWh1YW5fUFBFXzktMTF2Mi9wcm92aWRlcnMvTWljcm9zb2Z0LkRhdGFNaWdyYXRpb24vc2VydmljZXMvc2h1aHVhbl9QUEVfOS0xMXYyP2FwaS12ZXJzaW9uPTIwMTgtMDctMTUtcHJldmlldw==",
      "RequestMethod": "GET",
      "RequestBody": "",
      "RequestHeaders": {
        "x-ms-client-request-id": [
          "5f9d3c2c-e1e7-4c65-a671-7d6ad98cd7dd"
        ],
        "accept-language": [
          "en-US"
        ],
        "User-Agent": [
          "FxVersion/4.7.3163.0",
          "OSName/Windows10Enterprise",
          "OSVersion/6.3.15063",
          "Microsoft.Azure.Management.DataMigration.DataMigrationServiceClient/0.4.0"
        ]
      },
      "ResponseBody": "{\r\n  \"properties\": {\r\n    \"provisioningState\": \"Succeeded\",\r\n    \"virtualNicId\": \"/subscriptions/fc04246f-04c5-437e-ac5e-206a19e7193f/resourceGroups/shuhuan_PPE_9-11v2/providers/Microsoft.Network/networkInterfaces/NIC-5vqhydx2wa2zceqcgz8rsjh5\",\r\n    \"virtualSubnetId\": \"/subscriptions/fc04246f-04c5-437e-ac5e-206a19e7193f/resourceGroups/ERNetwork/providers/Microsoft.Network/virtualNetworks/AzureDMS-CORP-USC-VNET-6617/subnets/Subnet-1\"\r\n  },\r\n  \"etag\": \"olgmWSsKH4SkGGoOuz6FxII6OdtYBHfojQYsOV8lvl0=\",\r\n  \"id\": \"/subscriptions/fc04246f-04c5-437e-ac5e-206a19e7193f/resourceGroups/shuhuan_PPE_9-11v2/providers/Microsoft.DataMigration/services/shuhuan_PPE_9-11v2\",\r\n  \"location\": \"centralus\",\r\n  \"name\": \"shuhuan_PPE_9-11v2\",\r\n  \"sku\": {\r\n    \"name\": \"BusinessCritical_4vCores\",\r\n    \"size\": \"4 vCores\",\r\n    \"tier\": \"Business Critical\"\r\n  },\r\n  \"type\": \"Microsoft.DataMigration/services\"\r\n}",
      "ResponseHeaders": {
        "Content-Length": [
          "801"
        ],
        "Content-Type": [
          "application/json; charset=utf-8"
        ],
        "Expires": [
          "-1"
        ],
        "Pragma": [
          "no-cache"
        ],
        "x-ms-request-id": [
          "c3b1fa9a-ca1f-468c-a5f4-ba92205497d6"
        ],
        "x-ms-ratelimit-remaining-subscription-reads": [
          "11999"
        ],
        "x-ms-correlation-request-id": [
          "10618b50-5087-4146-815e-f16d4f32ee7a"
        ],
        "x-ms-routing-request-id": [
          "WESTUS2:20180918T185548Z:10618b50-5087-4146-815e-f16d4f32ee7a"
        ],
        "Strict-Transport-Security": [
          "max-age=31536000; includeSubDomains"
        ],
        "X-Content-Type-Options": [
          "nosniff"
        ],
        "Cache-Control": [
          "no-cache"
        ],
        "Date": [
          "Tue, 18 Sep 2018 18:55:47 GMT"
        ],
        "ETag": [
          "\"olgmWSsKH4SkGGoOuz6FxII6OdtYBHfojQYsOV8lvl0=\""
        ],
        "Server": [
          "Microsoft-IIS/8.5"
        ]
      },
      "StatusCode": 200
    },
    {
      "RequestUri": "/subscriptions/fc04246f-04c5-437e-ac5e-206a19e7193f/resourceGroups/shuhuan_PPE_9-11v2/providers/Microsoft.DataMigration/services/shuhuan_PPE_9-11v2/projects/DmProject-PsTestRun7695?api-version=2018-07-15-preview",
      "EncodedRequestUri": "L3N1YnNjcmlwdGlvbnMvZmMwNDI0NmYtMDRjNS00MzdlLWFjNWUtMjA2YTE5ZTcxOTNmL3Jlc291cmNlR3JvdXBzL3NodWh1YW5fUFBFXzktMTF2Mi9wcm92aWRlcnMvTWljcm9zb2Z0LkRhdGFNaWdyYXRpb24vc2VydmljZXMvc2h1aHVhbl9QUEVfOS0xMXYyL3Byb2plY3RzL0RtUHJvamVjdC1Qc1Rlc3RSdW43Njk1P2FwaS12ZXJzaW9uPTIwMTgtMDctMTUtcHJldmlldw==",
      "RequestMethod": "PUT",
      "RequestBody": "{\r\n  \"properties\": {\r\n    \"sourcePlatform\": \"SQL\",\r\n    \"targetPlatform\": \"SQLDB\",\r\n    \"sourceConnectionInfo\": {\r\n      \"type\": \"SqlConnectionInfo\",\r\n      \"dataSource\": \"steven-work.redmond.corp.microsoft.com\\\\stevenf16,12345\",\r\n      \"authentication\": \"SqlAuthentication\",\r\n      \"encryptConnection\": true,\r\n      \"trustServerCertificate\": true\r\n    },\r\n    \"targetConnectionInfo\": {\r\n      \"type\": \"SqlConnectionInfo\",\r\n      \"dataSource\": \"shuhuandmsdbs.database.windows.net\",\r\n      \"authentication\": \"SqlAuthentication\",\r\n      \"encryptConnection\": true,\r\n      \"trustServerCertificate\": true\r\n    },\r\n    \"databasesInfo\": [\r\n      {\r\n        \"sourceDatabaseName\": \"DmDbName-PsTestRun4282\"\r\n      },\r\n      {\r\n        \"sourceDatabaseName\": \"DmDbName-PsTestRun69\"\r\n      }\r\n    ]\r\n  },\r\n  \"location\": \"centralus\"\r\n}",
      "RequestHeaders": {
        "Content-Type": [
          "application/json; charset=utf-8"
        ],
        "Content-Length": [
          "821"
        ],
        "x-ms-client-request-id": [
          "2767f6e3-0a4c-4e0f-8f4f-7ab6ff351ebb"
        ],
        "accept-language": [
          "en-US"
        ],
        "User-Agent": [
          "FxVersion/4.7.3163.0",
          "OSName/Windows10Enterprise",
          "OSVersion/6.3.15063",
          "Microsoft.Azure.Management.DataMigration.DataMigrationServiceClient/0.4.0"
        ]
      },
      "ResponseBody": "{\r\n  \"properties\": {\r\n    \"sourcePlatform\": \"SQL\",\r\n    \"targetPlatform\": \"SQLDB\",\r\n    \"creationTime\": \"2018-09-18T11:55:49.031433-07:00\",\r\n    \"sourceConnectionInfo\": {\r\n      \"type\": \"SqlConnectionInfo\",\r\n      \"dataSource\": \"steven-work.redmond.corp.microsoft.com\\\\stevenf16,12345\",\r\n      \"authentication\": \"SqlAuthentication\",\r\n      \"encryptConnection\": true,\r\n      \"trustServerCertificate\": true\r\n    },\r\n    \"targetConnectionInfo\": {\r\n      \"type\": \"SqlConnectionInfo\",\r\n      \"dataSource\": \"shuhuandmsdbs.database.windows.net\",\r\n      \"authentication\": \"SqlAuthentication\",\r\n      \"encryptConnection\": true,\r\n      \"trustServerCertificate\": true\r\n    },\r\n    \"databasesInfo\": [\r\n      {\r\n        \"sourceDatabaseName\": \"DmDbName-PsTestRun4282\"\r\n      },\r\n      {\r\n        \"sourceDatabaseName\": \"DmDbName-PsTestRun69\"\r\n      }\r\n    ],\r\n    \"provisioningState\": \"Succeeded\"\r\n  },\r\n  \"etag\": \"DLu0PSlV/aBqqQOTDimouADUbKDrbgFH1vnlLUOERS0=\",\r\n  \"id\": \"/subscriptions/fc04246f-04c5-437e-ac5e-206a19e7193f/resourceGroups/shuhuan_PPE_9-11v2/providers/Microsoft.DataMigration/services/shuhuan_PPE_9-11v2/projects/DmProject-PsTestRun7695\",\r\n  \"location\": \"centralus\",\r\n  \"name\": \"DmProject-PsTestRun7695\",\r\n  \"type\": \"Microsoft.DataMigration/services/projects\"\r\n}",
      "ResponseHeaders": {
        "Content-Length": [
          "1016"
        ],
        "Content-Type": [
          "application/json; charset=utf-8"
        ],
        "Expires": [
          "-1"
        ],
        "Pragma": [
          "no-cache"
        ],
        "x-ms-request-id": [
          "db36ec79-f783-4bc6-ab50-d936720ac9c4"
        ],
        "x-ms-ratelimit-remaining-subscription-writes": [
          "1199"
        ],
        "x-ms-correlation-request-id": [
          "a909c561-a486-49a0-8a27-6bcb87337117"
        ],
        "x-ms-routing-request-id": [
          "WESTUS2:20180918T185549Z:a909c561-a486-49a0-8a27-6bcb87337117"
        ],
        "Strict-Transport-Security": [
          "max-age=31536000; includeSubDomains"
        ],
        "X-Content-Type-Options": [
          "nosniff"
        ],
        "Cache-Control": [
          "no-cache"
        ],
        "Date": [
          "Tue, 18 Sep 2018 18:55:48 GMT"
        ],
        "ETag": [
          "\"DLu0PSlV/aBqqQOTDimouADUbKDrbgFH1vnlLUOERS0=\""
        ],
        "Server": [
          "Microsoft-IIS/8.5"
        ]
      },
      "StatusCode": 201
    },
    {
      "RequestUri": "/subscriptions/fc04246f-04c5-437e-ac5e-206a19e7193f/resourceGroups/shuhuan_PPE_9-11v2/providers/Microsoft.DataMigration/services/shuhuan_PPE_9-11v2/projects?api-version=2018-07-15-preview",
      "EncodedRequestUri": "L3N1YnNjcmlwdGlvbnMvZmMwNDI0NmYtMDRjNS00MzdlLWFjNWUtMjA2YTE5ZTcxOTNmL3Jlc291cmNlR3JvdXBzL3NodWh1YW5fUFBFXzktMTF2Mi9wcm92aWRlcnMvTWljcm9zb2Z0LkRhdGFNaWdyYXRpb24vc2VydmljZXMvc2h1aHVhbl9QUEVfOS0xMXYyL3Byb2plY3RzP2FwaS12ZXJzaW9uPTIwMTgtMDctMTUtcHJldmlldw==",
      "RequestMethod": "GET",
      "RequestBody": "",
      "RequestHeaders": {
        "x-ms-client-request-id": [
          "c082de5f-0a74-4f30-a306-b5e01ba45c1f"
        ],
        "accept-language": [
          "en-US"
        ],
        "User-Agent": [
          "FxVersion/4.7.3163.0",
          "OSName/Windows10Enterprise",
          "OSVersion/6.3.15063",
          "Microsoft.Azure.Management.DataMigration.DataMigrationServiceClient/0.4.0"
        ]
      },
      "ResponseBody": "{\r\n  \"value\": [\r\n    {\r\n      \"properties\": {\r\n        \"sourcePlatform\": \"MySQL\",\r\n        \"targetPlatform\": \"AzureDbForMySQL\",\r\n        \"creationTime\": \"2018-09-14T13:57:53.2865071-07:00\",\r\n        \"provisioningState\": \"Succeeded\"\r\n      },\r\n      \"id\": \"/subscriptions/fc04246f-04c5-437e-ac5e-206a19e7193f/resourceGroups/shuhuan_PPE_9-11v2/providers/Microsoft.DataMigration/services/shuhuan_PPE_9-11v2/projects/cutoverbug\",\r\n      \"location\": \"centralus\",\r\n      \"name\": \"cutoverbug\",\r\n      \"type\": \"Microsoft.DataMigration/services/projects\"\r\n    },\r\n    {\r\n      \"properties\": {\r\n        \"sourcePlatform\": \"SQL\",\r\n        \"targetPlatform\": \"SQLDB\",\r\n        \"creationTime\": \"2018-09-17T17:55:23.5829152-07:00\",\r\n        \"sourceConnectionInfo\": {\r\n          \"type\": \"SqlConnectionInfo\",\r\n          \"dataSource\": \"steven-work.redmond.corp.microsoft.com\\\\stevenf16,12345\",\r\n          \"authentication\": \"SqlAuthentication\",\r\n          \"encryptConnection\": true,\r\n          \"trustServerCertificate\": true\r\n        },\r\n        \"targetConnectionInfo\": {\r\n          \"type\": \"SqlConnectionInfo\",\r\n          \"dataSource\": \"shuhuandmsdbs.database.windows.net\",\r\n          \"authentication\": \"SqlAuthentication\",\r\n          \"encryptConnection\": true,\r\n          \"trustServerCertificate\": true\r\n        },\r\n        \"databasesInfo\": [\r\n          {\r\n            \"sourceDatabaseName\": \"DmDbName-PsTestRun3099\"\r\n          },\r\n          {\r\n            \"sourceDatabaseName\": \"DmDbName-PsTestRun7415\"\r\n          }\r\n        ],\r\n        \"provisioningState\": \"Succeeded\"\r\n      },\r\n      \"id\": \"/subscriptions/fc04246f-04c5-437e-ac5e-206a19e7193f/resourceGroups/shuhuan_PPE_9-11v2/providers/Microsoft.DataMigration/services/shuhuan_PPE_9-11v2/projects/DmProject-PsTestRun1651\",\r\n      \"location\": \"centralus\",\r\n      \"name\": \"DmProject-PsTestRun1651\",\r\n      \"type\": \"Microsoft.DataMigration/services/projects\"\r\n    },\r\n    {\r\n      \"properties\": {\r\n        \"sourcePlatform\": \"SQL\",\r\n        \"targetPlatform\": \"SQLDB\",\r\n        \"creationTime\": \"2018-09-17T17:44:42.8752829-07:00\",\r\n        \"sourceConnectionInfo\": {\r\n          \"type\": \"SqlConnectionInfo\",\r\n          \"dataSource\": \"steven-work.redmond.corp.microsoft.com\\\\stevenf16,12345\",\r\n          \"authentication\": \"SqlAuthentication\",\r\n          \"encryptConnection\": true,\r\n          \"trustServerCertificate\": true\r\n        },\r\n        \"targetConnectionInfo\": {\r\n          \"type\": \"SqlConnectionInfo\",\r\n          \"dataSource\": \"shuhuandmsdbs.database.windows.net\",\r\n          \"authentication\": \"SqlAuthentication\",\r\n          \"encryptConnection\": true,\r\n          \"trustServerCertificate\": true\r\n        },\r\n        \"databasesInfo\": [\r\n          {\r\n            \"sourceDatabaseName\": \"DmDbName-PsTestRun5573\"\r\n          },\r\n          {\r\n            \"sourceDatabaseName\": \"DmDbName-PsTestRun8374\"\r\n          }\r\n        ],\r\n        \"provisioningState\": \"Succeeded\"\r\n      },\r\n      \"id\": \"/subscriptions/fc04246f-04c5-437e-ac5e-206a19e7193f/resourceGroups/shuhuan_PPE_9-11v2/providers/Microsoft.DataMigration/services/shuhuan_PPE_9-11v2/projects/DmProject-PsTestRun1800\",\r\n      \"location\": \"centralus\",\r\n      \"name\": \"DmProject-PsTestRun1800\",\r\n      \"type\": \"Microsoft.DataMigration/services/projects\"\r\n    },\r\n    {\r\n      \"properties\": {\r\n        \"sourcePlatform\": \"SQL\",\r\n        \"targetPlatform\": \"SQLMI\",\r\n        \"creationTime\": \"2018-09-12T17:50:09.5606589-07:00\",\r\n        \"sourceConnectionInfo\": {\r\n          \"type\": \"SqlConnectionInfo\",\r\n          \"dataSource\": \"steven-work.redmond.corp.microsoft.com\\\\stevenf16,12345\",\r\n          \"authentication\": \"SqlAuthentication\",\r\n          \"encryptConnection\": true,\r\n          \"trustServerCertificate\": true\r\n        },\r\n        \"targetConnectionInfo\": {\r\n          \"type\": \"SqlConnectionInfo\",\r\n          \"dataSource\": \"shuhuandmsdbs.database.windows.net\",\r\n          \"authentication\": \"SqlAuthentication\",\r\n          \"encryptConnection\": true,\r\n          \"trustServerCertificate\": true\r\n        },\r\n        \"databasesInfo\": [\r\n          {\r\n            \"sourceDatabaseName\": \"DmDbName-PsTestRun5242\"\r\n          },\r\n          {\r\n            \"sourceDatabaseName\": \"DmDbName-PsTestRun9993\"\r\n          }\r\n        ],\r\n        \"provisioningState\": \"Succeeded\"\r\n      },\r\n      \"id\": \"/subscriptions/fc04246f-04c5-437e-ac5e-206a19e7193f/resourceGroups/shuhuan_PPE_9-11v2/providers/Microsoft.DataMigration/services/shuhuan_PPE_9-11v2/projects/DmProject-PsTestRun273\",\r\n      \"location\": \"centralus\",\r\n      \"name\": \"DmProject-PsTestRun273\",\r\n      \"type\": \"Microsoft.DataMigration/services/projects\"\r\n    },\r\n    {\r\n      \"properties\": {\r\n        \"sourcePlatform\": \"SQL\",\r\n        \"targetPlatform\": \"SQLMI\",\r\n        \"creationTime\": \"2018-09-18T11:51:09.8654627-07:00\",\r\n        \"sourceConnectionInfo\": {\r\n          \"type\": \"SqlConnectionInfo\",\r\n          \"dataSource\": \"steven-work.redmond.corp.microsoft.com\\\\stevenf16,12345\",\r\n          \"authentication\": \"SqlAuthentication\",\r\n          \"encryptConnection\": true,\r\n          \"trustServerCertificate\": true\r\n        },\r\n        \"targetConnectionInfo\": {\r\n          \"type\": \"SqlConnectionInfo\",\r\n          \"dataSource\": \"shuhuandmsdbs.database.windows.net\",\r\n          \"authentication\": \"SqlAuthentication\",\r\n          \"encryptConnection\": true,\r\n          \"trustServerCertificate\": true\r\n        },\r\n        \"databasesInfo\": [\r\n          {\r\n            \"sourceDatabaseName\": \"DmDbName-PsTestRun6525\"\r\n          },\r\n          {\r\n            \"sourceDatabaseName\": \"DmDbName-PsTestRun8573\"\r\n          }\r\n        ],\r\n        \"provisioningState\": \"Succeeded\"\r\n      },\r\n      \"id\": \"/subscriptions/fc04246f-04c5-437e-ac5e-206a19e7193f/resourceGroups/shuhuan_PPE_9-11v2/providers/Microsoft.DataMigration/services/shuhuan_PPE_9-11v2/projects/DmProject-PsTestRun2733\",\r\n      \"location\": \"centralus\",\r\n      \"name\": \"DmProject-PsTestRun2733\",\r\n      \"type\": \"Microsoft.DataMigration/services/projects\"\r\n    },\r\n    {\r\n      \"properties\": {\r\n        \"sourcePlatform\": \"SQL\",\r\n        \"targetPlatform\": \"SQLDB\",\r\n        \"creationTime\": \"2018-09-17T17:56:21.8638131-07:00\",\r\n        \"sourceConnectionInfo\": {\r\n          \"type\": \"SqlConnectionInfo\",\r\n          \"dataSource\": \"steven-work.redmond.corp.microsoft.com\\\\stevenf16,12345\",\r\n          \"authentication\": \"SqlAuthentication\",\r\n          \"encryptConnection\": true,\r\n          \"trustServerCertificate\": true\r\n        },\r\n        \"targetConnectionInfo\": {\r\n          \"type\": \"SqlConnectionInfo\",\r\n          \"dataSource\": \"shuhuandmsdbs.database.windows.net\",\r\n          \"authentication\": \"SqlAuthentication\",\r\n          \"encryptConnection\": true,\r\n          \"trustServerCertificate\": true\r\n        },\r\n        \"databasesInfo\": [\r\n          {\r\n            \"sourceDatabaseName\": \"DmDbName-PsTestRun9316\"\r\n          },\r\n          {\r\n            \"sourceDatabaseName\": \"DmDbName-PsTestRun9533\"\r\n          }\r\n        ],\r\n        \"provisioningState\": \"Succeeded\"\r\n      },\r\n      \"id\": \"/subscriptions/fc04246f-04c5-437e-ac5e-206a19e7193f/resourceGroups/shuhuan_PPE_9-11v2/providers/Microsoft.DataMigration/services/shuhuan_PPE_9-11v2/projects/DmProject-PsTestRun3010\",\r\n      \"location\": \"centralus\",\r\n      \"name\": \"DmProject-PsTestRun3010\",\r\n      \"type\": \"Microsoft.DataMigration/services/projects\"\r\n    },\r\n    {\r\n      \"properties\": {\r\n        \"sourcePlatform\": \"SQL\",\r\n        \"targetPlatform\": \"SQLMI\",\r\n        \"creationTime\": \"2018-09-12T17:43:27.8068433-07:00\",\r\n        \"sourceConnectionInfo\": {\r\n          \"type\": \"SqlConnectionInfo\",\r\n          \"dataSource\": \"steven-work.redmond.corp.microsoft.com\\\\stevenf16,12345\",\r\n          \"authentication\": \"SqlAuthentication\",\r\n          \"encryptConnection\": true,\r\n          \"trustServerCertificate\": true\r\n        },\r\n        \"targetConnectionInfo\": {\r\n          \"type\": \"SqlConnectionInfo\",\r\n          \"dataSource\": \"shuhuandmsdbs.database.windows.net\",\r\n          \"authentication\": \"SqlAuthentication\",\r\n          \"encryptConnection\": true,\r\n          \"trustServerCertificate\": true\r\n        },\r\n        \"databasesInfo\": [\r\n          {\r\n            \"sourceDatabaseName\": \"DmDbName-PsTestRun9026\"\r\n          },\r\n          {\r\n            \"sourceDatabaseName\": \"DmDbName-PsTestRun5833\"\r\n          }\r\n        ],\r\n        \"provisioningState\": \"Succeeded\"\r\n      },\r\n      \"id\": \"/subscriptions/fc04246f-04c5-437e-ac5e-206a19e7193f/resourceGroups/shuhuan_PPE_9-11v2/providers/Microsoft.DataMigration/services/shuhuan_PPE_9-11v2/projects/DmProject-PsTestRun336\",\r\n      \"location\": \"centralus\",\r\n      \"name\": \"DmProject-PsTestRun336\",\r\n      \"type\": \"Microsoft.DataMigration/services/projects\"\r\n    },\r\n    {\r\n      \"properties\": {\r\n        \"sourcePlatform\": \"SQL\",\r\n        \"targetPlatform\": \"SQLMI\",\r\n        \"creationTime\": \"2018-09-13T17:32:51.1568137-07:00\",\r\n        \"sourceConnectionInfo\": {\r\n          \"type\": \"SqlConnectionInfo\",\r\n          \"dataSource\": \"steven-work.redmond.corp.microsoft.com\\\\stevenf16,12345\",\r\n          \"authentication\": \"SqlAuthentication\",\r\n          \"encryptConnection\": true,\r\n          \"trustServerCertificate\": true\r\n        },\r\n        \"targetConnectionInfo\": {\r\n          \"type\": \"SqlConnectionInfo\",\r\n          \"dataSource\": \"shuhuandmsdbs.database.windows.net\",\r\n          \"authentication\": \"SqlAuthentication\",\r\n          \"encryptConnection\": true,\r\n          \"trustServerCertificate\": true\r\n        },\r\n        \"databasesInfo\": [\r\n          {\r\n            \"sourceDatabaseName\": \"DmDbName-PsTestRun8467\"\r\n          },\r\n          {\r\n            \"sourceDatabaseName\": \"DmDbName-PsTestRun6198\"\r\n          }\r\n        ],\r\n        \"provisioningState\": \"Succeeded\"\r\n      },\r\n      \"id\": \"/subscriptions/fc04246f-04c5-437e-ac5e-206a19e7193f/resourceGroups/shuhuan_PPE_9-11v2/providers/Microsoft.DataMigration/services/shuhuan_PPE_9-11v2/projects/DmProject-PsTestRun4158\",\r\n      \"location\": \"centralus\",\r\n      \"name\": \"DmProject-PsTestRun4158\",\r\n      \"type\": \"Microsoft.DataMigration/services/projects\"\r\n    },\r\n    {\r\n      \"properties\": {\r\n        \"sourcePlatform\": \"SQL\",\r\n        \"targetPlatform\": \"SQLMI\",\r\n        \"creationTime\": \"2018-09-17T17:55:50.5204292-07:00\",\r\n        \"sourceConnectionInfo\": {\r\n          \"type\": \"SqlConnectionInfo\",\r\n          \"dataSource\": \"steven-work.redmond.corp.microsoft.com\\\\stevenf16,12345\",\r\n          \"authentication\": \"SqlAuthentication\",\r\n          \"encryptConnection\": true,\r\n          \"trustServerCertificate\": true\r\n        },\r\n        \"targetConnectionInfo\": {\r\n          \"type\": \"SqlConnectionInfo\",\r\n          \"dataSource\": \"shuhuandmsdbs.database.windows.net\",\r\n          \"authentication\": \"SqlAuthentication\",\r\n          \"encryptConnection\": true,\r\n          \"trustServerCertificate\": true\r\n        },\r\n        \"databasesInfo\": [\r\n          {\r\n            \"sourceDatabaseName\": \"DmDbName-PsTestRun5447\"\r\n          },\r\n          {\r\n            \"sourceDatabaseName\": \"DmDbName-PsTestRun5653\"\r\n          }\r\n        ],\r\n        \"provisioningState\": \"Succeeded\"\r\n      },\r\n      \"id\": \"/subscriptions/fc04246f-04c5-437e-ac5e-206a19e7193f/resourceGroups/shuhuan_PPE_9-11v2/providers/Microsoft.DataMigration/services/shuhuan_PPE_9-11v2/projects/DmProject-PsTestRun4274\",\r\n      \"location\": \"centralus\",\r\n      \"name\": \"DmProject-PsTestRun4274\",\r\n      \"type\": \"Microsoft.DataMigration/services/projects\"\r\n    },\r\n    {\r\n      \"properties\": {\r\n        \"sourcePlatform\": \"SQL\",\r\n        \"targetPlatform\": \"SQLMI\",\r\n        \"creationTime\": \"2018-09-13T17:03:13.7733126-07:00\",\r\n        \"sourceConnectionInfo\": {\r\n          \"type\": \"SqlConnectionInfo\",\r\n          \"dataSource\": \"steven-work.redmond.corp.microsoft.com\\\\stevenf16,12345\",\r\n          \"authentication\": \"SqlAuthentication\",\r\n          \"encryptConnection\": true,\r\n          \"trustServerCertificate\": true\r\n        },\r\n        \"targetConnectionInfo\": {\r\n          \"type\": \"SqlConnectionInfo\",\r\n          \"dataSource\": \"shuhuandmsdbs.database.windows.net\",\r\n          \"authentication\": \"SqlAuthentication\",\r\n          \"encryptConnection\": true,\r\n          \"trustServerCertificate\": true\r\n        },\r\n        \"databasesInfo\": [\r\n          {\r\n            \"sourceDatabaseName\": \"DmDbName-PsTestRun2888\"\r\n          },\r\n          {\r\n            \"sourceDatabaseName\": \"DmDbName-PsTestRun7016\"\r\n          }\r\n        ],\r\n        \"provisioningState\": \"Succeeded\"\r\n      },\r\n      \"id\": \"/subscriptions/fc04246f-04c5-437e-ac5e-206a19e7193f/resourceGroups/shuhuan_PPE_9-11v2/providers/Microsoft.DataMigration/services/shuhuan_PPE_9-11v2/projects/DmProject-PsTestRun4645\",\r\n      \"location\": \"centralus\",\r\n      \"name\": \"DmProject-PsTestRun4645\",\r\n      \"type\": \"Microsoft.DataMigration/services/projects\"\r\n    },\r\n    {\r\n      \"properties\": {\r\n        \"sourcePlatform\": \"SQL\",\r\n        \"targetPlatform\": \"SQLMI\",\r\n        \"creationTime\": \"2018-09-17T17:53:21.3527386-07:00\",\r\n        \"sourceConnectionInfo\": {\r\n          \"type\": \"SqlConnectionInfo\",\r\n          \"dataSource\": \"steven-work.redmond.corp.microsoft.com\\\\stevenf16,12345\",\r\n          \"authentication\": \"SqlAuthentication\",\r\n          \"encryptConnection\": true,\r\n          \"trustServerCertificate\": true\r\n        },\r\n        \"targetConnectionInfo\": {\r\n          \"type\": \"SqlConnectionInfo\",\r\n          \"dataSource\": \"shuhuandmsdbs.database.windows.net\",\r\n          \"authentication\": \"SqlAuthentication\",\r\n          \"encryptConnection\": true,\r\n          \"trustServerCertificate\": true\r\n        },\r\n        \"databasesInfo\": [\r\n          {\r\n            \"sourceDatabaseName\": \"DmDbName-PsTestRun6105\"\r\n          },\r\n          {\r\n            \"sourceDatabaseName\": \"DmDbName-PsTestRun4569\"\r\n          }\r\n        ],\r\n        \"provisioningState\": \"Succeeded\"\r\n      },\r\n      \"id\": \"/subscriptions/fc04246f-04c5-437e-ac5e-206a19e7193f/resourceGroups/shuhuan_PPE_9-11v2/providers/Microsoft.DataMigration/services/shuhuan_PPE_9-11v2/projects/DmProject-PsTestRun4720\",\r\n      \"location\": \"centralus\",\r\n      \"name\": \"DmProject-PsTestRun4720\",\r\n      \"type\": \"Microsoft.DataMigration/services/projects\"\r\n    },\r\n    {\r\n      \"properties\": {\r\n        \"sourcePlatform\": \"SQL\",\r\n        \"targetPlatform\": \"SQLDB\",\r\n        \"creationTime\": \"2018-09-17T17:56:49.1870685-07:00\",\r\n        \"sourceConnectionInfo\": {\r\n          \"type\": \"SqlConnectionInfo\",\r\n          \"dataSource\": \"steven-work.redmond.corp.microsoft.com\\\\stevenf16,12345\",\r\n          \"authentication\": \"SqlAuthentication\",\r\n          \"encryptConnection\": true,\r\n          \"trustServerCertificate\": true\r\n        },\r\n        \"targetConnectionInfo\": {\r\n          \"type\": \"SqlConnectionInfo\",\r\n          \"dataSource\": \"shuhuandmsdbs.database.windows.net\",\r\n          \"authentication\": \"SqlAuthentication\",\r\n          \"encryptConnection\": true,\r\n          \"trustServerCertificate\": true\r\n        },\r\n        \"databasesInfo\": [\r\n          {\r\n            \"sourceDatabaseName\": \"DmDbName-PsTestRun3989\"\r\n          },\r\n          {\r\n            \"sourceDatabaseName\": \"DmDbName-PsTestRun6622\"\r\n          }\r\n        ],\r\n        \"provisioningState\": \"Succeeded\"\r\n      },\r\n      \"id\": \"/subscriptions/fc04246f-04c5-437e-ac5e-206a19e7193f/resourceGroups/shuhuan_PPE_9-11v2/providers/Microsoft.DataMigration/services/shuhuan_PPE_9-11v2/projects/DmProject-PsTestRun4868\",\r\n      \"location\": \"centralus\",\r\n      \"name\": \"DmProject-PsTestRun4868\",\r\n      \"type\": \"Microsoft.DataMigration/services/projects\"\r\n    },\r\n    {\r\n      \"properties\": {\r\n        \"sourcePlatform\": \"SQL\",\r\n        \"targetPlatform\": \"SQLDB\",\r\n        \"creationTime\": \"2018-09-18T11:50:52.0810959-07:00\",\r\n        \"sourceConnectionInfo\": {\r\n          \"type\": \"SqlConnectionInfo\",\r\n          \"dataSource\": \"steven-work.redmond.corp.microsoft.com\\\\stevenf16,12345\",\r\n          \"authentication\": \"SqlAuthentication\",\r\n          \"encryptConnection\": true,\r\n          \"trustServerCertificate\": true\r\n        },\r\n        \"targetConnectionInfo\": {\r\n          \"type\": \"SqlConnectionInfo\",\r\n          \"dataSource\": \"shuhuandmsdbs.database.windows.net\",\r\n          \"authentication\": \"SqlAuthentication\",\r\n          \"encryptConnection\": true,\r\n          \"trustServerCertificate\": true\r\n        },\r\n        \"databasesInfo\": [\r\n          {\r\n            \"sourceDatabaseName\": \"DmDbName-PsTestRun4883\"\r\n          },\r\n          {\r\n            \"sourceDatabaseName\": \"DmDbName-PsTestRun4770\"\r\n          }\r\n        ],\r\n        \"provisioningState\": \"Succeeded\"\r\n      },\r\n      \"id\": \"/subscriptions/fc04246f-04c5-437e-ac5e-206a19e7193f/resourceGroups/shuhuan_PPE_9-11v2/providers/Microsoft.DataMigration/services/shuhuan_PPE_9-11v2/projects/DmProject-PsTestRun5023\",\r\n      \"location\": \"centralus\",\r\n      \"name\": \"DmProject-PsTestRun5023\",\r\n      \"type\": \"Microsoft.DataMigration/services/projects\"\r\n    },\r\n    {\r\n      \"properties\": {\r\n        \"sourcePlatform\": \"SQL\",\r\n        \"targetPlatform\": \"SQLMI\",\r\n        \"creationTime\": \"2018-09-12T17:45:48.5262119-07:00\",\r\n        \"sourceConnectionInfo\": {\r\n          \"type\": \"SqlConnectionInfo\",\r\n          \"dataSource\": \"steven-work.redmond.corp.microsoft.com\\\\stevenf16,12345\",\r\n          \"authentication\": \"SqlAuthentication\",\r\n          \"encryptConnection\": true,\r\n          \"trustServerCertificate\": true\r\n        },\r\n        \"targetConnectionInfo\": {\r\n          \"type\": \"SqlConnectionInfo\",\r\n          \"dataSource\": \"shuhuandmsdbs.database.windows.net\",\r\n          \"authentication\": \"SqlAuthentication\",\r\n          \"encryptConnection\": true,\r\n          \"trustServerCertificate\": true\r\n        },\r\n        \"databasesInfo\": [\r\n          {\r\n            \"sourceDatabaseName\": \"DmDbName-PsTestRun2590\"\r\n          },\r\n          {\r\n            \"sourceDatabaseName\": \"DmDbName-PsTestRun7811\"\r\n          }\r\n        ],\r\n        \"provisioningState\": \"Succeeded\"\r\n      },\r\n      \"id\": \"/subscriptions/fc04246f-04c5-437e-ac5e-206a19e7193f/resourceGroups/shuhuan_PPE_9-11v2/providers/Microsoft.DataMigration/services/shuhuan_PPE_9-11v2/projects/DmProject-PsTestRun5054\",\r\n      \"location\": \"centralus\",\r\n      \"name\": \"DmProject-PsTestRun5054\",\r\n      \"type\": \"Microsoft.DataMigration/services/projects\"\r\n    },\r\n    {\r\n      \"properties\": {\r\n        \"sourcePlatform\": \"SQL\",\r\n        \"targetPlatform\": \"SQLDB\",\r\n        \"creationTime\": \"2018-09-17T17:46:46.751642-07:00\",\r\n        \"sourceConnectionInfo\": {\r\n          \"type\": \"SqlConnectionInfo\",\r\n          \"dataSource\": \"steven-work.redmond.corp.microsoft.com\\\\stevenf16,12345\",\r\n          \"authentication\": \"SqlAuthentication\",\r\n          \"encryptConnection\": true,\r\n          \"trustServerCertificate\": true\r\n        },\r\n        \"targetConnectionInfo\": {\r\n          \"type\": \"SqlConnectionInfo\",\r\n          \"dataSource\": \"shuhuandmsdbs.database.windows.net\",\r\n          \"authentication\": \"SqlAuthentication\",\r\n          \"encryptConnection\": true,\r\n          \"trustServerCertificate\": true\r\n        },\r\n        \"databasesInfo\": [\r\n          {\r\n            \"sourceDatabaseName\": \"DmDbName-PsTestRun5271\"\r\n          },\r\n          {\r\n            \"sourceDatabaseName\": \"DmDbName-PsTestRun891\"\r\n          }\r\n        ],\r\n        \"provisioningState\": \"Succeeded\"\r\n      },\r\n      \"id\": \"/subscriptions/fc04246f-04c5-437e-ac5e-206a19e7193f/resourceGroups/shuhuan_PPE_9-11v2/providers/Microsoft.DataMigration/services/shuhuan_PPE_9-11v2/projects/DmProject-PsTestRun5361\",\r\n      \"location\": \"centralus\",\r\n      \"name\": \"DmProject-PsTestRun5361\",\r\n      \"type\": \"Microsoft.DataMigration/services/projects\"\r\n    },\r\n    {\r\n      \"properties\": {\r\n        \"sourcePlatform\": \"SQL\",\r\n        \"targetPlatform\": \"SQLDB\",\r\n        \"creationTime\": \"2018-09-17T17:50:57.4056965-07:00\",\r\n        \"sourceConnectionInfo\": {\r\n          \"type\": \"SqlConnectionInfo\",\r\n          \"dataSource\": \"steven-work.redmond.corp.microsoft.com\\\\stevenf16,12345\",\r\n          \"authentication\": \"SqlAuthentication\",\r\n          \"encryptConnection\": true,\r\n          \"trustServerCertificate\": true\r\n        },\r\n        \"targetConnectionInfo\": {\r\n          \"type\": \"SqlConnectionInfo\",\r\n          \"dataSource\": \"shuhuandmsdbs.database.windows.net\",\r\n          \"authentication\": \"SqlAuthentication\",\r\n          \"encryptConnection\": true,\r\n          \"trustServerCertificate\": true\r\n        },\r\n        \"databasesInfo\": [\r\n          {\r\n            \"sourceDatabaseName\": \"DmDbName-PsTestRun1318\"\r\n          },\r\n          {\r\n            \"sourceDatabaseName\": \"DmDbName-PsTestRun6463\"\r\n          }\r\n        ],\r\n        \"provisioningState\": \"Succeeded\"\r\n      },\r\n      \"id\": \"/subscriptions/fc04246f-04c5-437e-ac5e-206a19e7193f/resourceGroups/shuhuan_PPE_9-11v2/providers/Microsoft.DataMigration/services/shuhuan_PPE_9-11v2/projects/DmProject-PsTestRun5885\",\r\n      \"location\": \"centralus\",\r\n      \"name\": \"DmProject-PsTestRun5885\",\r\n      \"type\": \"Microsoft.DataMigration/services/projects\"\r\n    },\r\n    {\r\n      \"properties\": {\r\n        \"sourcePlatform\": \"SQL\",\r\n        \"targetPlatform\": \"SQLMI\",\r\n        \"creationTime\": \"2018-09-12T17:47:31.3806629-07:00\",\r\n        \"sourceConnectionInfo\": {\r\n          \"type\": \"SqlConnectionInfo\",\r\n          \"dataSource\": \"steven-work.redmond.corp.microsoft.com\\\\stevenf16,12345\",\r\n          \"authentication\": \"SqlAuthentication\",\r\n          \"encryptConnection\": true,\r\n          \"trustServerCertificate\": true\r\n        },\r\n        \"targetConnectionInfo\": {\r\n          \"type\": \"SqlConnectionInfo\",\r\n          \"dataSource\": \"shuhuandmsdbs.database.windows.net\",\r\n          \"authentication\": \"SqlAuthentication\",\r\n          \"encryptConnection\": true,\r\n          \"trustServerCertificate\": true\r\n        },\r\n        \"databasesInfo\": [\r\n          {\r\n            \"sourceDatabaseName\": \"DmDbName-PsTestRun4640\"\r\n          },\r\n          {\r\n            \"sourceDatabaseName\": \"DmDbName-PsTestRun9481\"\r\n          }\r\n        ],\r\n        \"provisioningState\": \"Succeeded\"\r\n      },\r\n      \"id\": \"/subscriptions/fc04246f-04c5-437e-ac5e-206a19e7193f/resourceGroups/shuhuan_PPE_9-11v2/providers/Microsoft.DataMigration/services/shuhuan_PPE_9-11v2/projects/DmProject-PsTestRun7022\",\r\n      \"location\": \"centralus\",\r\n      \"name\": \"DmProject-PsTestRun7022\",\r\n      \"type\": \"Microsoft.DataMigration/services/projects\"\r\n    },\r\n    {\r\n      \"properties\": {\r\n        \"sourcePlatform\": \"SQL\",\r\n        \"targetPlatform\": \"SQLDB\",\r\n        \"creationTime\": \"2018-09-17T17:52:03.4607364-07:00\",\r\n        \"sourceConnectionInfo\": {\r\n          \"type\": \"SqlConnectionInfo\",\r\n          \"dataSource\": \"steven-work.redmond.corp.microsoft.com\\\\stevenf16,12345\",\r\n          \"authentication\": \"SqlAuthentication\",\r\n          \"encryptConnection\": true,\r\n          \"trustServerCertificate\": true\r\n        },\r\n        \"targetConnectionInfo\": {\r\n          \"type\": \"SqlConnectionInfo\",\r\n          \"dataSource\": \"shuhuandmsdbs.database.windows.net\",\r\n          \"authentication\": \"SqlAuthentication\",\r\n          \"encryptConnection\": true,\r\n          \"trustServerCertificate\": true\r\n        },\r\n        \"databasesInfo\": [\r\n          {\r\n            \"sourceDatabaseName\": \"DmDbName-PsTestRun7143\"\r\n          },\r\n          {\r\n            \"sourceDatabaseName\": \"DmDbName-PsTestRun6255\"\r\n          }\r\n        ],\r\n        \"provisioningState\": \"Succeeded\"\r\n      },\r\n      \"id\": \"/subscriptions/fc04246f-04c5-437e-ac5e-206a19e7193f/resourceGroups/shuhuan_PPE_9-11v2/providers/Microsoft.DataMigration/services/shuhuan_PPE_9-11v2/projects/DmProject-PsTestRun7402\",\r\n      \"location\": \"centralus\",\r\n      \"name\": \"DmProject-PsTestRun7402\",\r\n      \"type\": \"Microsoft.DataMigration/services/projects\"\r\n    },\r\n    {\r\n      \"properties\": {\r\n        \"sourcePlatform\": \"SQL\",\r\n        \"targetPlatform\": \"SQLDB\",\r\n        \"creationTime\": \"2018-09-18T11:55:49.031433-07:00\",\r\n        \"sourceConnectionInfo\": {\r\n          \"type\": \"SqlConnectionInfo\",\r\n          \"dataSource\": \"steven-work.redmond.corp.microsoft.com\\\\stevenf16,12345\",\r\n          \"authentication\": \"SqlAuthentication\",\r\n          \"encryptConnection\": true,\r\n          \"trustServerCertificate\": true\r\n        },\r\n        \"targetConnectionInfo\": {\r\n          \"type\": \"SqlConnectionInfo\",\r\n          \"dataSource\": \"shuhuandmsdbs.database.windows.net\",\r\n          \"authentication\": \"SqlAuthentication\",\r\n          \"encryptConnection\": true,\r\n          \"trustServerCertificate\": true\r\n        },\r\n        \"databasesInfo\": [\r\n          {\r\n            \"sourceDatabaseName\": \"DmDbName-PsTestRun4282\"\r\n          },\r\n          {\r\n            \"sourceDatabaseName\": \"DmDbName-PsTestRun69\"\r\n          }\r\n        ],\r\n        \"provisioningState\": \"Succeeded\"\r\n      },\r\n      \"id\": \"/subscriptions/fc04246f-04c5-437e-ac5e-206a19e7193f/resourceGroups/shuhuan_PPE_9-11v2/providers/Microsoft.DataMigration/services/shuhuan_PPE_9-11v2/projects/DmProject-PsTestRun7695\",\r\n      \"location\": \"centralus\",\r\n      \"name\": \"DmProject-PsTestRun7695\",\r\n      \"type\": \"Microsoft.DataMigration/services/projects\"\r\n    },\r\n    {\r\n      \"properties\": {\r\n        \"sourcePlatform\": \"SQL\",\r\n        \"targetPlatform\": \"SQLDB\",\r\n        \"creationTime\": \"2018-09-18T11:51:51.6041475-07:00\",\r\n        \"sourceConnectionInfo\": {\r\n          \"type\": \"SqlConnectionInfo\",\r\n          \"dataSource\": \"steven-work.redmond.corp.microsoft.com\\\\stevenf16,12345\",\r\n          \"authentication\": \"SqlAuthentication\",\r\n          \"encryptConnection\": true,\r\n          \"trustServerCertificate\": true\r\n        },\r\n        \"targetConnectionInfo\": {\r\n          \"type\": \"SqlConnectionInfo\",\r\n          \"dataSource\": \"shuhuandmsdbs.database.windows.net\",\r\n          \"authentication\": \"SqlAuthentication\",\r\n          \"encryptConnection\": true,\r\n          \"trustServerCertificate\": true\r\n        },\r\n        \"databasesInfo\": [\r\n          {\r\n            \"sourceDatabaseName\": \"DmDbName-PsTestRun6498\"\r\n          },\r\n          {\r\n            \"sourceDatabaseName\": \"DmDbName-PsTestRun4990\"\r\n          }\r\n        ],\r\n        \"provisioningState\": \"Succeeded\"\r\n      },\r\n      \"id\": \"/subscriptions/fc04246f-04c5-437e-ac5e-206a19e7193f/resourceGroups/shuhuan_PPE_9-11v2/providers/Microsoft.DataMigration/services/shuhuan_PPE_9-11v2/projects/DmProject-PsTestRun8320\",\r\n      \"location\": \"centralus\",\r\n      \"name\": \"DmProject-PsTestRun8320\",\r\n      \"type\": \"Microsoft.DataMigration/services/projects\"\r\n    },\r\n    {\r\n      \"properties\": {\r\n        \"sourcePlatform\": \"SQL\",\r\n        \"targetPlatform\": \"SQLDB\",\r\n        \"creationTime\": \"2018-09-18T11:52:19.0553309-07:00\",\r\n        \"sourceConnectionInfo\": {\r\n          \"type\": \"SqlConnectionInfo\",\r\n          \"dataSource\": \"steven-work.redmond.corp.microsoft.com\\\\stevenf16,12345\",\r\n          \"authentication\": \"SqlAuthentication\",\r\n          \"encryptConnection\": true,\r\n          \"trustServerCertificate\": true\r\n        },\r\n        \"targetConnectionInfo\": {\r\n          \"type\": \"SqlConnectionInfo\",\r\n          \"dataSource\": \"shuhuandmsdbs.database.windows.net\",\r\n          \"authentication\": \"SqlAuthentication\",\r\n          \"encryptConnection\": true,\r\n          \"trustServerCertificate\": true\r\n        },\r\n        \"databasesInfo\": [\r\n          {\r\n            \"sourceDatabaseName\": \"DmDbName-PsTestRun2132\"\r\n          },\r\n          {\r\n            \"sourceDatabaseName\": \"DmDbName-PsTestRun4290\"\r\n          }\r\n        ],\r\n        \"provisioningState\": \"Succeeded\"\r\n      },\r\n      \"id\": \"/subscriptions/fc04246f-04c5-437e-ac5e-206a19e7193f/resourceGroups/shuhuan_PPE_9-11v2/providers/Microsoft.DataMigration/services/shuhuan_PPE_9-11v2/projects/DmProject-PsTestRun8944\",\r\n      \"location\": \"centralus\",\r\n      \"name\": \"DmProject-PsTestRun8944\",\r\n      \"type\": \"Microsoft.DataMigration/services/projects\"\r\n    },\r\n    {\r\n      \"properties\": {\r\n        \"sourcePlatform\": \"SQL\",\r\n        \"targetPlatform\": \"SQLDB\",\r\n        \"creationTime\": \"2018-09-14T13:33:56.4081584-07:00\",\r\n        \"sourceConnectionInfo\": {\r\n          \"dataSource\": \"dhanraj-pc.redmond.corp.microsoft.com\",\r\n          \"serverName\": \"dhanraj-pc.redmond.corp.microsoft.com\",\r\n          \"port\": 0,\r\n          \"userName\": \"validation-dev\",\r\n          \"authentication\": \"SqlAuthentication\",\r\n          \"encryptConnection\": true,\r\n          \"additionalSettings\": \"\",\r\n          \"trustServerCertificate\": true,\r\n          \"type\": \"SqlConnectionInfo\",\r\n          \"serverVersion\": \"13.0.1745.2\",\r\n          \"serverBrandVersion\": \"SQL Server 2016\"\r\n        },\r\n        \"targetConnectionInfo\": {\r\n          \"dataSource\": \"chazhou-dmstest.database.windows.net\",\r\n          \"serverName\": \"chazhou-dmstest.database.windows.net\",\r\n          \"port\": 0,\r\n          \"userName\": \"DIAdmin\",\r\n          \"authentication\": \"SqlAuthentication\",\r\n          \"encryptConnection\": true,\r\n          \"additionalSettings\": \"\",\r\n          \"trustServerCertificate\": false,\r\n          \"type\": \"SqlConnectionInfo\",\r\n          \"serverVersion\": \"12.0.2000.8\",\r\n          \"serverBrandVersion\": \"Azure SQL Database\"\r\n        },\r\n        \"provisioningState\": \"Succeeded\"\r\n      },\r\n      \"id\": \"/subscriptions/fc04246f-04c5-437e-ac5e-206a19e7193f/resourceGroups/shuhuan_PPE_9-11v2/providers/Microsoft.DataMigration/services/shuhuan_PPE_9-11v2/projects/MarkShim-Ti-T3-test\",\r\n      \"location\": \"centralus\",\r\n      \"name\": \"MarkShim-Ti-T3-test\",\r\n      \"type\": \"Microsoft.DataMigration/services/projects\"\r\n    },\r\n    {\r\n      \"properties\": {\r\n        \"sourcePlatform\": \"MySQL\",\r\n        \"targetPlatform\": \"AzureDbForMySQL\",\r\n        \"creationTime\": \"2018-09-13T16:26:58.2712484-07:00\",\r\n        \"provisioningState\": \"Succeeded\"\r\n      },\r\n      \"id\": \"/subscriptions/fc04246f-04c5-437e-ac5e-206a19e7193f/resourceGroups/shuhuan_PPE_9-11v2/providers/Microsoft.DataMigration/services/shuhuan_PPE_9-11v2/projects/TestMysql\",\r\n      \"location\": \"centralus\",\r\n      \"name\": \"TestMysql\",\r\n      \"type\": \"Microsoft.DataMigration/services/projects\"\r\n    },\r\n    {\r\n      \"properties\": {\r\n        \"sourcePlatform\": \"SQL\",\r\n        \"targetPlatform\": \"SQLMI\",\r\n        \"creationTime\": \"2018-09-12T17:33:52.4262615-07:00\",\r\n        \"provisioningState\": \"Succeeded\"\r\n      },\r\n      \"id\": \"/subscriptions/fc04246f-04c5-437e-ac5e-206a19e7193f/resourceGroups/shuhuan_PPE_9-11v2/providers/Microsoft.DataMigration/services/shuhuan_PPE_9-11v2/projects/testproject\",\r\n      \"location\": \"centralus\",\r\n      \"name\": \"testproject\",\r\n      \"type\": \"Microsoft.DataMigration/services/projects\"\r\n    },\r\n    {\r\n      \"properties\": {\r\n        \"sourcePlatform\": \"SQL\",\r\n        \"targetPlatform\": \"SQLDB\",\r\n        \"creationTime\": \"2018-09-13T17:42:43.467169-07:00\",\r\n        \"sourceConnectionInfo\": {\r\n          \"dataSource\": \"steven-work.redmond.corp.microsoft.com\\\\stevenf16,12345\",\r\n          \"serverName\": \"steven-work.redmond.corp.microsoft.com\\\\stevenf16,12345\",\r\n          \"port\": 0,\r\n          \"userName\": \"testuser\",\r\n          \"authentication\": \"SqlAuthentication\",\r\n          \"encryptConnection\": true,\r\n          \"additionalSettings\": \"\",\r\n          \"trustServerCertificate\": true,\r\n          \"type\": \"SqlConnectionInfo\",\r\n          \"serverVersion\": \"13.0.1745.2\",\r\n          \"serverBrandVersion\": \"SQL Server 2016\"\r\n        },\r\n        \"targetConnectionInfo\": {\r\n          \"dataSource\": \"shuhuandmsdbs.database.windows.net\",\r\n          \"serverName\": \"shuhuandmsdbs.database.windows.net\",\r\n          \"port\": 0,\r\n          \"userName\": \"testuser\",\r\n          \"authentication\": \"SqlAuthentication\",\r\n          \"encryptConnection\": true,\r\n          \"additionalSettings\": \"\",\r\n          \"trustServerCertificate\": false,\r\n          \"type\": \"SqlConnectionInfo\",\r\n          \"serverVersion\": \"12.0.2000.8\",\r\n          \"serverBrandVersion\": \"Azure SQL Database\"\r\n        },\r\n        \"provisioningState\": \"Succeeded\"\r\n      },\r\n      \"id\": \"/subscriptions/fc04246f-04c5-437e-ac5e-206a19e7193f/resourceGroups/shuhuan_PPE_9-11v2/providers/Microsoft.DataMigration/services/shuhuan_PPE_9-11v2/projects/TestSql\",\r\n      \"location\": \"centralus\",\r\n      \"name\": \"TestSql\",\r\n      \"type\": \"Microsoft.DataMigration/services/projects\"\r\n    }\r\n  ]\r\n}",
      "ResponseHeaders": {
        "Content-Length": [
          "22979"
        ],
        "Content-Type": [
          "application/json; charset=utf-8"
        ],
        "Expires": [
          "-1"
        ],
        "Pragma": [
          "no-cache"
        ],
        "x-ms-request-id": [
          "c10958fc-3643-4019-9cb1-e5d0454ef184"
        ],
        "x-ms-ratelimit-remaining-subscription-reads": [
          "11998"
        ],
        "x-ms-correlation-request-id": [
          "c4f44c98-c066-4151-9c59-369356e5cc05"
        ],
        "x-ms-routing-request-id": [
          "WESTUS2:20180918T185549Z:c4f44c98-c066-4151-9c59-369356e5cc05"
        ],
        "Strict-Transport-Security": [
          "max-age=31536000; includeSubDomains"
        ],
        "X-Content-Type-Options": [
          "nosniff"
        ],
        "Cache-Control": [
          "no-cache"
        ],
        "Date": [
          "Tue, 18 Sep 2018 18:55:48 GMT"
        ],
        "Server": [
          "Microsoft-IIS/8.5"
        ]
      },
      "StatusCode": 200
    },
    {
      "RequestUri": "/subscriptions/fc04246f-04c5-437e-ac5e-206a19e7193f/resourceGroups/shuhuan_PPE_9-11v2/providers/Microsoft.DataMigration/services/shuhuan_PPE_9-11v2/projects/DmProject-PsTestRun7695?api-version=2018-07-15-preview",
      "EncodedRequestUri": "L3N1YnNjcmlwdGlvbnMvZmMwNDI0NmYtMDRjNS00MzdlLWFjNWUtMjA2YTE5ZTcxOTNmL3Jlc291cmNlR3JvdXBzL3NodWh1YW5fUFBFXzktMTF2Mi9wcm92aWRlcnMvTWljcm9zb2Z0LkRhdGFNaWdyYXRpb24vc2VydmljZXMvc2h1aHVhbl9QUEVfOS0xMXYyL3Byb2plY3RzL0RtUHJvamVjdC1Qc1Rlc3RSdW43Njk1P2FwaS12ZXJzaW9uPTIwMTgtMDctMTUtcHJldmlldw==",
      "RequestMethod": "GET",
      "RequestBody": "",
      "RequestHeaders": {
        "x-ms-client-request-id": [
          "2e7e36d3-44ee-4d6f-bc58-29ac8d9d1173"
        ],
        "accept-language": [
          "en-US"
        ],
        "User-Agent": [
          "FxVersion/4.7.3163.0",
          "OSName/Windows10Enterprise",
          "OSVersion/6.3.15063",
          "Microsoft.Azure.Management.DataMigration.DataMigrationServiceClient/0.4.0"
        ]
      },
      "ResponseBody": "{\r\n  \"properties\": {\r\n    \"sourcePlatform\": \"SQL\",\r\n    \"targetPlatform\": \"SQLDB\",\r\n    \"creationTime\": \"2018-09-18T11:55:49.031433-07:00\",\r\n    \"sourceConnectionInfo\": {\r\n      \"type\": \"SqlConnectionInfo\",\r\n      \"dataSource\": \"steven-work.redmond.corp.microsoft.com\\\\stevenf16,12345\",\r\n      \"authentication\": \"SqlAuthentication\",\r\n      \"encryptConnection\": true,\r\n      \"trustServerCertificate\": true\r\n    },\r\n    \"targetConnectionInfo\": {\r\n      \"type\": \"SqlConnectionInfo\",\r\n      \"dataSource\": \"shuhuandmsdbs.database.windows.net\",\r\n      \"authentication\": \"SqlAuthentication\",\r\n      \"encryptConnection\": true,\r\n      \"trustServerCertificate\": true\r\n    },\r\n    \"databasesInfo\": [\r\n      {\r\n        \"sourceDatabaseName\": \"DmDbName-PsTestRun4282\"\r\n      },\r\n      {\r\n        \"sourceDatabaseName\": \"DmDbName-PsTestRun69\"\r\n      }\r\n    ],\r\n    \"provisioningState\": \"Succeeded\"\r\n  },\r\n  \"etag\": \"DLu0PSlV/aBqqQOTDimouADUbKDrbgFH1vnlLUOERS0=\",\r\n  \"id\": \"/subscriptions/fc04246f-04c5-437e-ac5e-206a19e7193f/resourceGroups/shuhuan_PPE_9-11v2/providers/Microsoft.DataMigration/services/shuhuan_PPE_9-11v2/projects/DmProject-PsTestRun7695\",\r\n  \"location\": \"centralus\",\r\n  \"name\": \"DmProject-PsTestRun7695\",\r\n  \"type\": \"Microsoft.DataMigration/services/projects\"\r\n}",
      "ResponseHeaders": {
        "Content-Length": [
          "1016"
        ],
        "Content-Type": [
          "application/json; charset=utf-8"
        ],
        "Expires": [
          "-1"
        ],
        "Pragma": [
          "no-cache"
        ],
        "x-ms-request-id": [
          "989b0b65-86d2-488d-9a84-489fa8aef74e"
        ],
        "x-ms-ratelimit-remaining-subscription-reads": [
          "11997"
        ],
        "x-ms-correlation-request-id": [
          "96eb035b-36ec-40ea-aa33-eae7c84b67a7"
        ],
        "x-ms-routing-request-id": [
          "WESTUS2:20180918T185549Z:96eb035b-36ec-40ea-aa33-eae7c84b67a7"
        ],
        "Strict-Transport-Security": [
          "max-age=31536000; includeSubDomains"
        ],
        "X-Content-Type-Options": [
          "nosniff"
        ],
        "Cache-Control": [
          "no-cache"
        ],
        "Date": [
          "Tue, 18 Sep 2018 18:55:48 GMT"
        ],
        "ETag": [
          "\"DLu0PSlV/aBqqQOTDimouADUbKDrbgFH1vnlLUOERS0=\""
        ],
        "Server": [
          "Microsoft-IIS/8.5"
        ]
      },
      "StatusCode": 200
    },
    {
      "RequestUri": "/subscriptions/fc04246f-04c5-437e-ac5e-206a19e7193f/resourceGroups/shuhuan_PPE_9-11v2/providers/Microsoft.DataMigration/services/shuhuan_PPE_9-11v2/projects/Get-ProjectName?api-version=2018-07-15-preview",
      "EncodedRequestUri": "L3N1YnNjcmlwdGlvbnMvZmMwNDI0NmYtMDRjNS00MzdlLWFjNWUtMjA2YTE5ZTcxOTNmL3Jlc291cmNlR3JvdXBzL3NodWh1YW5fUFBFXzktMTF2Mi9wcm92aWRlcnMvTWljcm9zb2Z0LkRhdGFNaWdyYXRpb24vc2VydmljZXMvc2h1aHVhbl9QUEVfOS0xMXYyL3Byb2plY3RzL0dldC1Qcm9qZWN0TmFtZT9hcGktdmVyc2lvbj0yMDE4LTA3LTE1LXByZXZpZXc=",
      "RequestMethod": "GET",
      "RequestBody": "",
      "RequestHeaders": {
        "x-ms-client-request-id": [
          "17993580-5bca-4fba-9cba-6da32dcd11e7"
        ],
        "accept-language": [
          "en-US"
        ],
        "User-Agent": [
          "FxVersion/4.7.3163.0",
          "OSName/Windows10Enterprise",
          "OSVersion/6.3.15063",
          "Microsoft.Azure.Management.DataMigration.DataMigrationServiceClient/0.4.0"
        ]
      },
      "ResponseBody": "{\r\n  \"error\": {\r\n    \"code\": \"ResourceNotFound\",\r\n    \"message\": \"The Resource 'Microsoft.DataMigration/services/shuhuan_PPE_9-11v2/projects/Get-ProjectName' under resource group 'shuhuan_PPE_9-11v2' was not found.\"\r\n  }\r\n}",
      "ResponseHeaders": {
        "Content-Length": [
          "198"
        ],
        "Content-Type": [
          "application/json; charset=utf-8"
        ],
        "Expires": [
          "-1"
        ],
        "Pragma": [
          "no-cache"
        ],
        "x-ms-failure-cause": [
          "gateway"
        ],
        "x-ms-request-id": [
          "6de6ffa9-4da0-441a-956c-e9ebac0c3a9a"
        ],
        "x-ms-correlation-request-id": [
          "6de6ffa9-4da0-441a-956c-e9ebac0c3a9a"
        ],
        "x-ms-routing-request-id": [
          "WESTUS2:20180918T185549Z:6de6ffa9-4da0-441a-956c-e9ebac0c3a9a"
        ],
        "Strict-Transport-Security": [
          "max-age=31536000; includeSubDomains"
        ],
        "X-Content-Type-Options": [
          "nosniff"
        ],
        "Cache-Control": [
          "no-cache"
        ],
        "Date": [
          "Tue, 18 Sep 2018 18:55:49 GMT"
        ]
      },
      "StatusCode": 404
    }
  ],
  "Names": {
    "testName": [
      "DmProject-PsTestRun7695",
      "DmDbName-PsTestRun4282",
      "DmDbName-PsTestRun69"
    ]
  },
  "Variables": {
    "SubscriptionId": "fc04246f-04c5-437e-ac5e-206a19e7193f"
  }
}