{
  "Entries": [
    {
      "RequestUri": "/subscriptions/3cfb1b34-e5a9-4f98-bf9c-e4d69a6b170c/resourcegroups/ps1018?api-version=2016-09-01",
      "EncodedRequestUri": "L3N1YnNjcmlwdGlvbnMvM2NmYjFiMzQtZTVhOS00Zjk4LWJmOWMtZTRkNjlhNmIxNzBjL3Jlc291cmNlZ3JvdXBzL3BzMTAxOD9hcGktdmVyc2lvbj0yMDE2LTA5LTAx",
      "RequestMethod": "PUT",
      "RequestBody": "{\r\n  \"location\": \"West US\"\r\n}",
      "RequestHeaders": {
        "Content-Type": [
          "application/json; charset=utf-8"
        ],
        "Content-Length": [
          "29"
        ],
        "x-ms-client-request-id": [
          "fefe0c80-0b7c-4e4a-b967-7646d4a1b012"
        ],
        "accept-language": [
          "en-US"
        ],
        "User-Agent": [
          "FxVersion/4.7.3132.0",
          "OSName/Windows10Enterprise",
          "OSVersion/6.3.17134",
          "Microsoft.Azure.Management.Internal.Resources.ResourceManagementClient/4.1.0"
        ]
      },
      "ResponseBody": "{\r\n  \"id\": \"/subscriptions/3cfb1b34-e5a9-4f98-bf9c-e4d69a6b170c/resourceGroups/ps1018\",\r\n  \"name\": \"ps1018\",\r\n  \"location\": \"westus\",\r\n  \"properties\": {\r\n    \"provisioningState\": \"Succeeded\"\r\n  }\r\n}",
      "ResponseHeaders": {
        "Content-Length": [
          "165"
        ],
        "Content-Type": [
          "application/json; charset=utf-8"
        ],
        "Expires": [
          "-1"
        ],
        "Pragma": [
          "no-cache"
        ],
        "x-ms-ratelimit-remaining-subscription-writes": [
          "1196"
        ],
        "x-ms-request-id": [
          "215c0eb6-1e3c-497f-8de6-8cb0fbd2576a"
        ],
        "x-ms-correlation-request-id": [
          "215c0eb6-1e3c-497f-8de6-8cb0fbd2576a"
        ],
        "x-ms-routing-request-id": [
          "WESTEUROPE:20180910T181409Z:215c0eb6-1e3c-497f-8de6-8cb0fbd2576a"
        ],
        "Strict-Transport-Security": [
          "max-age=31536000; includeSubDomains"
        ],
        "X-Content-Type-Options": [
          "nosniff"
        ],
        "Cache-Control": [
          "no-cache"
        ],
        "Date": [
          "Mon, 10 Sep 2018 18:14:08 GMT"
        ]
      },
      "StatusCode": 201
    },
    {
      "RequestUri": "/subscriptions/3cfb1b34-e5a9-4f98-bf9c-e4d69a6b170c/resourceGroups/ps1018/providers/Microsoft.Network/dnsZones/ps7710.pstest.test?api-version=2018-05-01",
      "EncodedRequestUri": "L3N1YnNjcmlwdGlvbnMvM2NmYjFiMzQtZTVhOS00Zjk4LWJmOWMtZTRkNjlhNmIxNzBjL3Jlc291cmNlR3JvdXBzL3BzMTAxOC9wcm92aWRlcnMvTWljcm9zb2Z0Lk5ldHdvcmsvZG5zWm9uZXMvcHM3NzEwLnBzdGVzdC50ZXN0P2FwaS12ZXJzaW9uPTIwMTgtMDUtMDE=",
      "RequestMethod": "GET",
      "RequestBody": "",
      "RequestHeaders": {
        "x-ms-client-request-id": [
          "0e2fb5eb-176e-46e2-8d1e-61c5d8b24146"
        ],
        "accept-language": [
          "en-US"
        ],
        "User-Agent": [
          "FxVersion/4.7.3132.0",
          "OSName/Windows10Enterprise",
          "OSVersion/6.3.17134",
          "Microsoft.Azure.Management.Dns.DnsManagementClient/3.0.0.0"
        ]
      },
      "ResponseBody": "{\r\n  \"error\": {\r\n    \"code\": \"ResourceNotFound\",\r\n    \"message\": \"The Resource 'Microsoft.Network/dnszones/ps7710.pstest.test' under resource group 'ps1018' was not found.\"\r\n  }\r\n}",
      "ResponseHeaders": {
        "Content-Length": [
          "155"
        ],
        "Content-Type": [
          "application/json; charset=utf-8"
        ],
        "Expires": [
          "-1"
        ],
        "Pragma": [
          "no-cache"
        ],
        "x-ms-failure-cause": [
          "gateway"
        ],
        "x-ms-request-id": [
          "d6686f9d-e684-4561-999d-c45693293e7a"
        ],
        "x-ms-correlation-request-id": [
          "d6686f9d-e684-4561-999d-c45693293e7a"
        ],
        "x-ms-routing-request-id": [
          "WESTEUROPE:20180910T181410Z:d6686f9d-e684-4561-999d-c45693293e7a"
        ],
        "Strict-Transport-Security": [
          "max-age=31536000; includeSubDomains"
        ],
        "X-Content-Type-Options": [
          "nosniff"
        ],
        "Cache-Control": [
          "no-cache"
        ],
        "Date": [
          "Mon, 10 Sep 2018 18:14:09 GMT"
        ]
      },
      "StatusCode": 404
    },
    {
      "RequestUri": "/subscriptions/3cfb1b34-e5a9-4f98-bf9c-e4d69a6b170c/resourcegroups/ps1018?api-version=2016-09-01",
      "EncodedRequestUri": "L3N1YnNjcmlwdGlvbnMvM2NmYjFiMzQtZTVhOS00Zjk4LWJmOWMtZTRkNjlhNmIxNzBjL3Jlc291cmNlZ3JvdXBzL3BzMTAxOD9hcGktdmVyc2lvbj0yMDE2LTA5LTAx",
      "RequestMethod": "DELETE",
      "RequestBody": "",
      "RequestHeaders": {
        "x-ms-client-request-id": [
          "614831c2-bf2e-4824-86dc-50653934d587"
        ],
        "accept-language": [
          "en-US"
        ],
        "User-Agent": [
          "FxVersion/4.7.3132.0",
          "OSName/Windows10Enterprise",
          "OSVersion/6.3.17134",
          "Microsoft.Azure.Management.Internal.Resources.ResourceManagementClient/4.1.0"
        ]
      },
      "ResponseBody": "",
      "ResponseHeaders": {
        "Content-Length": [
          "0"
        ],
        "Expires": [
          "-1"
        ],
        "Pragma": [
          "no-cache"
        ],
        "Retry-After": [
          "15"
        ],
        "x-ms-ratelimit-remaining-subscription-deletes": [
          "14995"
        ],
        "x-ms-request-id": [
          "3847fda2-2b29-4409-b185-795be8b1448c"
        ],
        "x-ms-correlation-request-id": [
          "3847fda2-2b29-4409-b185-795be8b1448c"
        ],
        "x-ms-routing-request-id": [
          "WESTEUROPE:20180910T181411Z:3847fda2-2b29-4409-b185-795be8b1448c"
        ],
        "Strict-Transport-Security": [
          "max-age=31536000; includeSubDomains"
        ],
        "X-Content-Type-Options": [
          "nosniff"
        ],
        "Cache-Control": [
          "no-cache"
        ],
        "Date": [
          "Mon, 10 Sep 2018 18:14:10 GMT"
        ],
        "Location": [
          "https://api-dogfood.resources.windows-int.net/subscriptions/3cfb1b34-e5a9-4f98-bf9c-e4d69a6b170c/operationresults/eyJqb2JJZCI6IlJFU09VUkNFR1JPVVBERUxFVElPTkpPQi1QUzEwMTgtV0VTVFVTIiwiam9iTG9jYXRpb24iOiJ3ZXN0dXMifQ?api-version=2016-09-01"
        ]
      },
      "StatusCode": 202
    },
    {
      "RequestUri": "/subscriptions/3cfb1b34-e5a9-4f98-bf9c-e4d69a6b170c/operationresults/eyJqb2JJZCI6IlJFU09VUkNFR1JPVVBERUxFVElPTkpPQi1QUzEwMTgtV0VTVFVTIiwiam9iTG9jYXRpb24iOiJ3ZXN0dXMifQ?api-version=2016-09-01",
      "EncodedRequestUri": "L3N1YnNjcmlwdGlvbnMvM2NmYjFiMzQtZTVhOS00Zjk4LWJmOWMtZTRkNjlhNmIxNzBjL29wZXJhdGlvbnJlc3VsdHMvZXlKcWIySkpaQ0k2SWxKRlUwOVZVa05GUjFKUFZWQkVSVXhGVkVsUFRrcFBRaTFRVXpFd01UZ3RWMFZUVkZWVElpd2lhbTlpVEc5allYUnBiMjRpT2lKM1pYTjBkWE1pZlE/YXBpLXZlcnNpb249MjAxNi0wOS0wMQ==",
      "RequestMethod": "GET",
      "RequestBody": "",
      "RequestHeaders": {
        "User-Agent": [
          "FxVersion/4.7.3132.0",
          "OSName/Windows10Enterprise",
          "OSVersion/6.3.17134",
          "Microsoft.Azure.Management.Internal.Resources.ResourceManagementClient/4.1.0"
        ]
      },
      "ResponseBody": "",
      "ResponseHeaders": {
        "Content-Length": [
          "0"
        ],
        "Expires": [
          "-1"
        ],
        "Pragma": [
          "no-cache"
        ],
        "Retry-After": [
          "15"
        ],
        "x-ms-ratelimit-remaining-subscription-reads": [
          "14976"
        ],
        "x-ms-request-id": [
          "cbe678a7-aec7-4dff-bc52-82d9caf6bba2"
        ],
        "x-ms-correlation-request-id": [
          "cbe678a7-aec7-4dff-bc52-82d9caf6bba2"
        ],
        "x-ms-routing-request-id": [
          "WESTEUROPE:20180910T181426Z:cbe678a7-aec7-4dff-bc52-82d9caf6bba2"
        ],
        "Strict-Transport-Security": [
          "max-age=31536000; includeSubDomains"
        ],
        "X-Content-Type-Options": [
          "nosniff"
        ],
        "Cache-Control": [
          "no-cache"
        ],
        "Date": [
          "Mon, 10 Sep 2018 18:14:25 GMT"
        ],
        "Location": [
          "https://api-dogfood.resources.windows-int.net/subscriptions/3cfb1b34-e5a9-4f98-bf9c-e4d69a6b170c/operationresults/eyJqb2JJZCI6IlJFU09VUkNFR1JPVVBERUxFVElPTkpPQi1QUzEwMTgtV0VTVFVTIiwiam9iTG9jYXRpb24iOiJ3ZXN0dXMifQ?api-version=2016-09-01"
        ]
      },
      "StatusCode": 202
    },
    {
      "RequestUri": "/subscriptions/3cfb1b34-e5a9-4f98-bf9c-e4d69a6b170c/operationresults/eyJqb2JJZCI6IlJFU09VUkNFR1JPVVBERUxFVElPTkpPQi1QUzEwMTgtV0VTVFVTIiwiam9iTG9jYXRpb24iOiJ3ZXN0dXMifQ?api-version=2016-09-01",
      "EncodedRequestUri": "L3N1YnNjcmlwdGlvbnMvM2NmYjFiMzQtZTVhOS00Zjk4LWJmOWMtZTRkNjlhNmIxNzBjL29wZXJhdGlvbnJlc3VsdHMvZXlKcWIySkpaQ0k2SWxKRlUwOVZVa05GUjFKUFZWQkVSVXhGVkVsUFRrcFBRaTFRVXpFd01UZ3RWMFZUVkZWVElpd2lhbTlpVEc5allYUnBiMjRpT2lKM1pYTjBkWE1pZlE/YXBpLXZlcnNpb249MjAxNi0wOS0wMQ==",
      "RequestMethod": "GET",
      "RequestBody": "",
      "RequestHeaders": {
        "User-Agent": [
          "FxVersion/4.7.3132.0",
          "OSName/Windows10Enterprise",
          "OSVersion/6.3.17134",
          "Microsoft.Azure.Management.Internal.Resources.ResourceManagementClient/4.1.0"
        ]
      },
      "ResponseBody": "",
      "ResponseHeaders": {
        "Content-Length": [
          "0"
        ],
        "Expires": [
          "-1"
        ],
        "Pragma": [
          "no-cache"
        ],
        "Retry-After": [
          "15"
        ],
        "x-ms-ratelimit-remaining-subscription-reads": [
          "14975"
        ],
        "x-ms-request-id": [
          "03ee0b1d-9c3b-4cad-b372-4b36ac4b2737"
        ],
        "x-ms-correlation-request-id": [
          "03ee0b1d-9c3b-4cad-b372-4b36ac4b2737"
        ],
        "x-ms-routing-request-id": [
          "WESTEUROPE:20180910T181442Z:03ee0b1d-9c3b-4cad-b372-4b36ac4b2737"
        ],
        "Strict-Transport-Security": [
          "max-age=31536000; includeSubDomains"
        ],
        "X-Content-Type-Options": [
          "nosniff"
        ],
        "Cache-Control": [
          "no-cache"
        ],
        "Date": [
          "Mon, 10 Sep 2018 18:14:42 GMT"
        ],
        "Location": [
          "https://api-dogfood.resources.windows-int.net/subscriptions/3cfb1b34-e5a9-4f98-bf9c-e4d69a6b170c/operationresults/eyJqb2JJZCI6IlJFU09VUkNFR1JPVVBERUxFVElPTkpPQi1QUzEwMTgtV0VTVFVTIiwiam9iTG9jYXRpb24iOiJ3ZXN0dXMifQ?api-version=2016-09-01"
        ]
      },
      "StatusCode": 202
    },
    {
      "RequestUri": "/subscriptions/3cfb1b34-e5a9-4f98-bf9c-e4d69a6b170c/operationresults/eyJqb2JJZCI6IlJFU09VUkNFR1JPVVBERUxFVElPTkpPQi1QUzEwMTgtV0VTVFVTIiwiam9iTG9jYXRpb24iOiJ3ZXN0dXMifQ?api-version=2016-09-01",
      "EncodedRequestUri": "L3N1YnNjcmlwdGlvbnMvM2NmYjFiMzQtZTVhOS00Zjk4LWJmOWMtZTRkNjlhNmIxNzBjL29wZXJhdGlvbnJlc3VsdHMvZXlKcWIySkpaQ0k2SWxKRlUwOVZVa05GUjFKUFZWQkVSVXhGVkVsUFRrcFBRaTFRVXpFd01UZ3RWMFZUVkZWVElpd2lhbTlpVEc5allYUnBiMjRpT2lKM1pYTjBkWE1pZlE/YXBpLXZlcnNpb249MjAxNi0wOS0wMQ==",
      "RequestMethod": "GET",
      "RequestBody": "",
      "RequestHeaders": {
        "User-Agent": [
          "FxVersion/4.7.3132.0",
          "OSName/Windows10Enterprise",
          "OSVersion/6.3.17134",
          "Microsoft.Azure.Management.Internal.Resources.ResourceManagementClient/4.1.0"
        ]
      },
      "ResponseBody": "",
      "ResponseHeaders": {
        "Content-Length": [
          "0"
        ],
        "Expires": [
          "-1"
        ],
        "Pragma": [
          "no-cache"
        ],
        "x-ms-ratelimit-remaining-subscription-reads": [
          "14974"
        ],
        "x-ms-request-id": [
          "df2d9714-0b73-451e-80c7-cfd217edfc99"
        ],
        "x-ms-correlation-request-id": [
          "df2d9714-0b73-451e-80c7-cfd217edfc99"
        ],
        "x-ms-routing-request-id": [
          "WESTEUROPE:20180910T181457Z:df2d9714-0b73-451e-80c7-cfd217edfc99"
        ],
        "Strict-Transport-Security": [
          "max-age=31536000; includeSubDomains"
        ],
        "X-Content-Type-Options": [
          "nosniff"
        ],
        "Cache-Control": [
          "no-cache"
        ],
        "Date": [
          "Mon, 10 Sep 2018 18:14:57 GMT"
        ]
      },
      "StatusCode": 200
    },
    {
      "RequestUri": "/subscriptions/3cfb1b34-e5a9-4f98-bf9c-e4d69a6b170c/operationresults/eyJqb2JJZCI6IlJFU09VUkNFR1JPVVBERUxFVElPTkpPQi1QUzEwMTgtV0VTVFVTIiwiam9iTG9jYXRpb24iOiJ3ZXN0dXMifQ?api-version=2016-09-01",
      "EncodedRequestUri": "L3N1YnNjcmlwdGlvbnMvM2NmYjFiMzQtZTVhOS00Zjk4LWJmOWMtZTRkNjlhNmIxNzBjL29wZXJhdGlvbnJlc3VsdHMvZXlKcWIySkpaQ0k2SWxKRlUwOVZVa05GUjFKUFZWQkVSVXhGVkVsUFRrcFBRaTFRVXpFd01UZ3RWMFZUVkZWVElpd2lhbTlpVEc5allYUnBiMjRpT2lKM1pYTjBkWE1pZlE/YXBpLXZlcnNpb249MjAxNi0wOS0wMQ==",
      "RequestMethod": "GET",
      "RequestBody": "",
      "RequestHeaders": {
        "User-Agent": [
          "FxVersion/4.7.3132.0",
          "OSName/Windows10Enterprise",
          "OSVersion/6.3.17134",
          "Microsoft.Azure.Management.Internal.Resources.ResourceManagementClient/4.1.0"
        ]
      },
      "ResponseBody": "",
      "ResponseHeaders": {
        "Content-Length": [
          "0"
        ],
        "Expires": [
          "-1"
        ],
        "Pragma": [
          "no-cache"
        ],
        "x-ms-ratelimit-remaining-subscription-reads": [
          "14973"
        ],
        "x-ms-request-id": [
          "2a2f55ab-e183-478d-8a58-9fd5642d0b19"
        ],
        "x-ms-correlation-request-id": [
          "2a2f55ab-e183-478d-8a58-9fd5642d0b19"
        ],
        "x-ms-routing-request-id": [
          "WESTEUROPE:20180910T181458Z:2a2f55ab-e183-478d-8a58-9fd5642d0b19"
        ],
        "Strict-Transport-Security": [
          "max-age=31536000; includeSubDomains"
        ],
        "X-Content-Type-Options": [
          "nosniff"
        ],
        "Cache-Control": [
          "no-cache"
        ],
        "Date": [
          "Mon, 10 Sep 2018 18:14:57 GMT"
        ]
      },
      "StatusCode": 200
    }
  ],
  "Names": {
    "Test-ZoneRemoveNonExisting": [
      "ps7710",
      "ps1018"
    ]
  },
  "Variables": {
    "SubscriptionId": "3cfb1b34-e5a9-4f98-bf9c-e4d69a6b170c"
  }
}