{
  "Entries": [
    {
      "RequestUri": "/subscriptions/9d9ae4aa-f973-4c9b-a151-480884b2e68e/resourcegroups/onesdk103?api-version=2016-02-01",
      "EncodedRequestUri": "L3N1YnNjcmlwdGlvbnMvOWQ5YWU0YWEtZjk3My00YzliLWExNTEtNDgwODg0YjJlNjhlL3Jlc291cmNlZ3JvdXBzL29uZXNkazEwMz9hcGktdmVyc2lvbj0yMDE2LTAyLTAx",
      "RequestMethod": "PUT",
      "RequestBody": "{\r\n  \"location\": \"West US\"\r\n}",
      "RequestHeaders": {
        "Content-Type": [
          "application/json; charset=utf-8"
        ],
        "Content-Length": [
          "29"
        ],
        "User-Agent": [
          "Microsoft.Azure.Management.Resources.ResourceManagementClient/2.0.0.0"
        ]
      },
      "ResponseBody": "{\r\n  \"id\": \"/subscriptions/9d9ae4aa-f973-4c9b-a151-480884b2e68e/resourceGroups/onesdk103\",\r\n  \"name\": \"onesdk103\",\r\n  \"location\": \"westus\",\r\n  \"properties\": {\r\n    \"provisioningState\": \"Succeeded\"\r\n  }\r\n}",
      "ResponseHeaders": {
        "Content-Length": [
          "171"
        ],
        "Content-Type": [
          "application/json; charset=utf-8"
        ],
        "Expires": [
          "-1"
        ],
        "Pragma": [
          "no-cache"
        ],
        "x-ms-ratelimit-remaining-subscription-writes": [
          "1187"
        ],
        "x-ms-request-id": [
          "f6c1c742-de0b-456e-bd59-e4a9627b83e9"
        ],
        "x-ms-correlation-request-id": [
          "f6c1c742-de0b-456e-bd59-e4a9627b83e9"
        ],
        "x-ms-routing-request-id": [
          "CENTRALUS:20170913T233157Z:f6c1c742-de0b-456e-bd59-e4a9627b83e9"
        ],
        "Strict-Transport-Security": [
          "max-age=31536000; includeSubDomains"
        ],
        "Cache-Control": [
          "no-cache"
        ],
        "Date": [
          "Wed, 13 Sep 2017 23:31:57 GMT"
        ]
      },
      "StatusCode": 201
    },
    {
      "RequestUri": "/subscriptions/9d9ae4aa-f973-4c9b-a151-480884b2e68e/resourceGroups/onesdk103/providers/Microsoft.Network/dnsZones/onesdk7244.pstest.test?api-version=2017-09-15-preview",
      "EncodedRequestUri": "L3N1YnNjcmlwdGlvbnMvOWQ5YWU0YWEtZjk3My00YzliLWExNTEtNDgwODg0YjJlNjhlL3Jlc291cmNlR3JvdXBzL29uZXNkazEwMy9wcm92aWRlcnMvTWljcm9zb2Z0Lk5ldHdvcmsvZG5zWm9uZXMvb25lc2RrNzI0NC5wc3Rlc3QudGVzdD9hcGktdmVyc2lvbj0yMDE3LTA5LTE1LXByZXZpZXc=",
      "RequestMethod": "PUT",
      "RequestBody": "{\r\n  \"properties\": {\r\n    \"zoneType\": \"Public\"\r\n  },\r\n  \"location\": \"global\"\r\n}",
      "RequestHeaders": {
        "Content-Type": [
          "application/json; charset=utf-8"
        ],
        "Content-Length": [
          "79"
        ],
        "x-ms-client-request-id": [
          "10254ec6-d0b7-46c6-92a3-85b657d418f3"
        ],
        "If-None-Match": [
          "*"
        ],
        "accept-language": [
          "en-US"
        ],
        "User-Agent": [
          "FxVersion/4.7.2102.0",
          "OSName/Windows_10_Enterprise",
          "OSVersion/6.3.15063",
          "Microsoft.Azure.Management.Dns.DnsManagementClient/1.11.0-preview"
        ]
      },
      "ResponseBody": "{\r\n  \"id\": \"/subscriptions/9d9ae4aa-f973-4c9b-a151-480884b2e68e/resourceGroups/onesdk103/providers/Microsoft.Network/dnszones/onesdk7244.pstest.test\",\r\n  \"name\": \"onesdk7244.pstest.test\",\r\n  \"type\": \"Microsoft.Network/dnszones\",\r\n  \"etag\": \"00000002-0000-0000-8b15-d17de82cd301\",\r\n  \"location\": \"global\",\r\n  \"tags\": {},\r\n  \"properties\": {\r\n    \"maxNumberOfRecordSets\": 5000,\r\n    \"nameServers\": [\r\n      \"ns7.msft.net\",\r\n      \"ns7.msft.com\",\r\n      \"ns7.msft.org\",\r\n      \"ns7.msft.info\"\r\n    ],\r\n    \"numberOfRecordSets\": 2,\r\n    \"zoneType\": \"Public\"\r\n  }\r\n}",
      "ResponseHeaders": {
        "Content-Length": [
          "462"
        ],
        "Content-Type": [
          "application/json; charset=utf-8"
        ],
        "X-Content-Type-Options": [
          "nosniff"
        ],
        "Strict-Transport-Security": [
          "max-age=31536000; includeSubDomains"
        ],
        "x-ms-request-id": [
          "10254ec6-d0b7-46c6-92a3-85b657d418f3"
        ],
        "x-ms-ratelimit-remaining-subscription-resource-requests": [
          "11990"
        ],
        "x-ms-correlation-request-id": [
          "bc58d06e-b9af-4485-9061-0d7e2a8c7dd9"
        ],
        "x-ms-routing-request-id": [
          "CENTRALUS:20170913T233158Z:bc58d06e-b9af-4485-9061-0d7e2a8c7dd9"
        ],
        "Cache-Control": [
          "private"
        ],
        "Date": [
          "Wed, 13 Sep 2017 23:31:57 GMT"
        ],
        "ETag": [
          "00000002-0000-0000-8b15-d17de82cd301"
        ],
        "Server": [
          "Microsoft-IIS/8.5"
        ],
        "X-AspNet-Version": [
          "4.0.30319"
        ],
        "X-Powered-By": [
          "ASP.NET"
        ]
      },
      "StatusCode": 201
    },
    {
      "RequestUri": "/subscriptions/9d9ae4aa-f973-4c9b-a151-480884b2e68e/resourceGroups/onesdk103/providers/Microsoft.Network/dnsZones/onesdk7244.pstest.test?api-version=2017-09-15-preview",
      "EncodedRequestUri": "L3N1YnNjcmlwdGlvbnMvOWQ5YWU0YWEtZjk3My00YzliLWExNTEtNDgwODg0YjJlNjhlL3Jlc291cmNlR3JvdXBzL29uZXNkazEwMy9wcm92aWRlcnMvTWljcm9zb2Z0Lk5ldHdvcmsvZG5zWm9uZXMvb25lc2RrNzI0NC5wc3Rlc3QudGVzdD9hcGktdmVyc2lvbj0yMDE3LTA5LTE1LXByZXZpZXc=",
      "RequestMethod": "PUT",
      "RequestBody": "{\r\n  \"properties\": {\r\n    \"zoneType\": \"Public\",\r\n    \"registrationVirtualNetworks\": [],\r\n    \"resolutionVirtualNetworks\": []\r\n  },\r\n  \"location\": \"global\",\r\n  \"tags\": {\r\n    \"tag2\": \"value2\",\r\n    \"tag1\": \"value1\"\r\n  }\r\n}",
      "RequestHeaders": {
        "Content-Type": [
          "application/json; charset=utf-8"
        ],
        "Content-Length": [
          "221"
        ],
        "x-ms-client-request-id": [
          "06a76dc5-bbcd-4c46-8d8c-f045563fc889"
        ],
        "If-Match": [
          "*"
        ],
        "accept-language": [
          "en-US"
        ],
        "User-Agent": [
          "FxVersion/4.7.2102.0",
          "OSName/Windows_10_Enterprise",
          "OSVersion/6.3.15063",
          "Microsoft.Azure.Management.Dns.DnsManagementClient/1.11.0-preview"
        ]
      },
      "ResponseBody": "{\r\n  \"id\": \"/subscriptions/9d9ae4aa-f973-4c9b-a151-480884b2e68e/resourceGroups/onesdk103/providers/Microsoft.Network/dnszones/onesdk7244.pstest.test\",\r\n  \"name\": \"onesdk7244.pstest.test\",\r\n  \"type\": \"Microsoft.Network/dnszones\",\r\n  \"etag\": \"00000003-0000-0000-8b15-d17de82cd301\",\r\n  \"location\": \"global\",\r\n  \"tags\": {\r\n    \"tag2\": \"value2\",\r\n    \"tag1\": \"value1\"\r\n  },\r\n  \"properties\": {\r\n    \"maxNumberOfRecordSets\": 5000,\r\n    \"nameServers\": [\r\n      \"ns7.msft.net\",\r\n      \"ns7.msft.com\",\r\n      \"ns7.msft.org\",\r\n      \"ns7.msft.info\"\r\n    ],\r\n    \"numberOfRecordSets\": 2,\r\n    \"zoneType\": \"Public\"\r\n  }\r\n}",
      "ResponseHeaders": {
        "Content-Length": [
          "493"
        ],
        "Content-Type": [
          "application/json; charset=utf-8"
        ],
        "X-Content-Type-Options": [
          "nosniff"
        ],
        "Strict-Transport-Security": [
          "max-age=31536000; includeSubDomains"
        ],
        "x-ms-request-id": [
          "06a76dc5-bbcd-4c46-8d8c-f045563fc889"
        ],
        "x-ms-ratelimit-remaining-subscription-resource-requests": [
          "11989"
        ],
        "x-ms-correlation-request-id": [
          "4235f060-9d94-4728-925b-3c337595ebd8"
        ],
        "x-ms-routing-request-id": [
          "CENTRALUS:20170913T233159Z:4235f060-9d94-4728-925b-3c337595ebd8"
        ],
        "Cache-Control": [
          "private"
        ],
        "Date": [
          "Wed, 13 Sep 2017 23:31:59 GMT"
        ],
        "ETag": [
          "00000003-0000-0000-8b15-d17de82cd301"
        ],
        "Server": [
          "Microsoft-IIS/8.5"
        ],
        "X-AspNet-Version": [
          "4.0.30319"
        ],
        "X-Powered-By": [
          "ASP.NET"
        ]
      },
      "StatusCode": 200
    },
    {
      "RequestUri": "/subscriptions/9d9ae4aa-f973-4c9b-a151-480884b2e68e/resourceGroups/onesdk103/providers/Microsoft.Network/dnsZones/onesdk7244.pstest.test?api-version=2017-09-15-preview",
      "EncodedRequestUri": "L3N1YnNjcmlwdGlvbnMvOWQ5YWU0YWEtZjk3My00YzliLWExNTEtNDgwODg0YjJlNjhlL3Jlc291cmNlR3JvdXBzL29uZXNkazEwMy9wcm92aWRlcnMvTWljcm9zb2Z0Lk5ldHdvcmsvZG5zWm9uZXMvb25lc2RrNzI0NC5wc3Rlc3QudGVzdD9hcGktdmVyc2lvbj0yMDE3LTA5LTE1LXByZXZpZXc=",
      "RequestMethod": "GET",
      "RequestBody": "",
      "RequestHeaders": {
        "x-ms-client-request-id": [
          "24f3d11c-0baf-4c81-a876-520a6f719ff5"
        ],
        "accept-language": [
          "en-US"
        ],
        "User-Agent": [
          "FxVersion/4.7.2102.0",
          "OSName/Windows_10_Enterprise",
          "OSVersion/6.3.15063",
          "Microsoft.Azure.Management.Dns.DnsManagementClient/1.11.0-preview"
        ]
      },
      "ResponseBody": "{\r\n  \"id\": \"/subscriptions/9d9ae4aa-f973-4c9b-a151-480884b2e68e/resourceGroups/onesdk103/providers/Microsoft.Network/dnszones/onesdk7244.pstest.test\",\r\n  \"name\": \"onesdk7244.pstest.test\",\r\n  \"type\": \"Microsoft.Network/dnszones\",\r\n  \"etag\": \"00000002-0000-0000-8b15-d17de82cd301\",\r\n  \"location\": \"global\",\r\n  \"tags\": {},\r\n  \"properties\": {\r\n    \"maxNumberOfRecordSets\": 5000,\r\n    \"nameServers\": [\r\n      \"ns7.msft.net\",\r\n      \"ns7.msft.com\",\r\n      \"ns7.msft.org\",\r\n      \"ns7.msft.info\"\r\n    ],\r\n    \"numberOfRecordSets\": 2,\r\n    \"zoneType\": \"Public\"\r\n  }\r\n}",
      "ResponseHeaders": {
        "Content-Length": [
          "462"
        ],
        "Content-Type": [
          "application/json; charset=utf-8"
        ],
        "X-Content-Type-Options": [
          "nosniff"
        ],
        "Strict-Transport-Security": [
          "max-age=31536000; includeSubDomains"
        ],
        "x-ms-request-id": [
          "24f3d11c-0baf-4c81-a876-520a6f719ff5"
        ],
        "x-ms-ratelimit-remaining-subscription-resource-requests": [
          "11994"
        ],
        "x-ms-correlation-request-id": [
          "52b1dc9e-4a3d-4718-b816-eb8065a13d79"
        ],
        "x-ms-routing-request-id": [
          "CENTRALUS:20170913T233158Z:52b1dc9e-4a3d-4718-b816-eb8065a13d79"
        ],
        "Cache-Control": [
          "private"
        ],
        "Date": [
          "Wed, 13 Sep 2017 23:31:58 GMT"
        ],
        "ETag": [
          "00000002-0000-0000-8b15-d17de82cd301"
        ],
        "Server": [
          "Microsoft-IIS/8.5"
        ],
        "X-AspNet-Version": [
          "4.0.30319"
        ],
        "X-Powered-By": [
          "ASP.NET"
        ]
      },
      "StatusCode": 200
    },
    {
      "RequestUri": "/subscriptions/9d9ae4aa-f973-4c9b-a151-480884b2e68e/resourceGroups/onesdk103/providers/Microsoft.Network/dnsZones/onesdk7244.pstest.test?api-version=2017-09-15-preview",
      "EncodedRequestUri": "L3N1YnNjcmlwdGlvbnMvOWQ5YWU0YWEtZjk3My00YzliLWExNTEtNDgwODg0YjJlNjhlL3Jlc291cmNlR3JvdXBzL29uZXNkazEwMy9wcm92aWRlcnMvTWljcm9zb2Z0Lk5ldHdvcmsvZG5zWm9uZXMvb25lc2RrNzI0NC5wc3Rlc3QudGVzdD9hcGktdmVyc2lvbj0yMDE3LTA5LTE1LXByZXZpZXc=",
      "RequestMethod": "GET",
      "RequestBody": "",
      "RequestHeaders": {
        "x-ms-client-request-id": [
          "abe00038-53bd-478c-b913-fa1d2969d16d"
        ],
        "accept-language": [
          "en-US"
        ],
        "User-Agent": [
          "FxVersion/4.7.2102.0",
          "OSName/Windows_10_Enterprise",
          "OSVersion/6.3.15063",
          "Microsoft.Azure.Management.Dns.DnsManagementClient/1.11.0-preview"
        ]
      },
      "ResponseBody": "{\r\n  \"id\": \"/subscriptions/9d9ae4aa-f973-4c9b-a151-480884b2e68e/resourceGroups/onesdk103/providers/Microsoft.Network/dnszones/onesdk7244.pstest.test\",\r\n  \"name\": \"onesdk7244.pstest.test\",\r\n  \"type\": \"Microsoft.Network/dnszones\",\r\n  \"etag\": \"00000002-0000-0000-8b15-d17de82cd301\",\r\n  \"location\": \"global\",\r\n  \"tags\": {},\r\n  \"properties\": {\r\n    \"maxNumberOfRecordSets\": 5000,\r\n    \"nameServers\": [\r\n      \"ns7.msft.net\",\r\n      \"ns7.msft.com\",\r\n      \"ns7.msft.org\",\r\n      \"ns7.msft.info\"\r\n    ],\r\n    \"numberOfRecordSets\": 2,\r\n    \"zoneType\": \"Public\"\r\n  }\r\n}",
      "ResponseHeaders": {
        "Content-Length": [
          "462"
        ],
        "Content-Type": [
          "application/json; charset=utf-8"
        ],
        "X-Content-Type-Options": [
          "nosniff"
        ],
        "Strict-Transport-Security": [
          "max-age=31536000; includeSubDomains"
        ],
        "x-ms-request-id": [
          "abe00038-53bd-478c-b913-fa1d2969d16d"
        ],
        "x-ms-ratelimit-remaining-subscription-resource-requests": [
          "11993"
        ],
        "x-ms-correlation-request-id": [
          "242f3ef7-0ebd-4db9-859e-30773dce7e01"
        ],
        "x-ms-routing-request-id": [
          "CENTRALUS:20170913T233159Z:242f3ef7-0ebd-4db9-859e-30773dce7e01"
        ],
        "Cache-Control": [
          "private"
        ],
        "Date": [
          "Wed, 13 Sep 2017 23:31:58 GMT"
        ],
        "ETag": [
          "00000002-0000-0000-8b15-d17de82cd301"
        ],
        "Server": [
          "Microsoft-IIS/8.5"
        ],
        "X-AspNet-Version": [
          "4.0.30319"
        ],
        "X-Powered-By": [
          "ASP.NET"
        ]
      },
      "StatusCode": 200
    },
    {
      "RequestUri": "/subscriptions/9d9ae4aa-f973-4c9b-a151-480884b2e68e/resourceGroups/onesdk103/providers/Microsoft.Network/dnsZones/onesdk7244.pstest.test?api-version=2017-09-15-preview",
      "EncodedRequestUri": "L3N1YnNjcmlwdGlvbnMvOWQ5YWU0YWEtZjk3My00YzliLWExNTEtNDgwODg0YjJlNjhlL3Jlc291cmNlR3JvdXBzL29uZXNkazEwMy9wcm92aWRlcnMvTWljcm9zb2Z0Lk5ldHdvcmsvZG5zWm9uZXMvb25lc2RrNzI0NC5wc3Rlc3QudGVzdD9hcGktdmVyc2lvbj0yMDE3LTA5LTE1LXByZXZpZXc=",
      "RequestMethod": "GET",
      "RequestBody": "",
      "RequestHeaders": {
        "x-ms-client-request-id": [
          "2513972b-0d3a-432b-813d-9825bd94c454"
        ],
        "accept-language": [
          "en-US"
        ],
        "User-Agent": [
          "FxVersion/4.7.2102.0",
          "OSName/Windows_10_Enterprise",
          "OSVersion/6.3.15063",
          "Microsoft.Azure.Management.Dns.DnsManagementClient/1.11.0-preview"
        ]
      },
      "ResponseBody": "{\r\n  \"id\": \"/subscriptions/9d9ae4aa-f973-4c9b-a151-480884b2e68e/resourceGroups/onesdk103/providers/Microsoft.Network/dnszones/onesdk7244.pstest.test\",\r\n  \"name\": \"onesdk7244.pstest.test\",\r\n  \"type\": \"Microsoft.Network/dnszones\",\r\n  \"etag\": \"00000003-0000-0000-8b15-d17de82cd301\",\r\n  \"location\": \"global\",\r\n  \"tags\": {\r\n    \"tag2\": \"value2\",\r\n    \"tag1\": \"value1\"\r\n  },\r\n  \"properties\": {\r\n    \"maxNumberOfRecordSets\": 5000,\r\n    \"nameServers\": [\r\n      \"ns7.msft.net\",\r\n      \"ns7.msft.com\",\r\n      \"ns7.msft.org\",\r\n      \"ns7.msft.info\"\r\n    ],\r\n    \"numberOfRecordSets\": 2,\r\n    \"zoneType\": \"Public\"\r\n  }\r\n}",
      "ResponseHeaders": {
        "Content-Length": [
          "493"
        ],
        "Content-Type": [
          "application/json; charset=utf-8"
        ],
        "X-Content-Type-Options": [
          "nosniff"
        ],
        "Strict-Transport-Security": [
          "max-age=31536000; includeSubDomains"
        ],
        "x-ms-request-id": [
          "2513972b-0d3a-432b-813d-9825bd94c454"
        ],
        "x-ms-ratelimit-remaining-subscription-resource-requests": [
          "11992"
        ],
        "x-ms-correlation-request-id": [
          "00313ddb-419a-4e56-b54a-3774135658bc"
        ],
        "x-ms-routing-request-id": [
          "CENTRALUS:20170913T233200Z:00313ddb-419a-4e56-b54a-3774135658bc"
        ],
        "Cache-Control": [
          "private"
        ],
        "Date": [
          "Wed, 13 Sep 2017 23:31:59 GMT"
        ],
        "ETag": [
          "00000003-0000-0000-8b15-d17de82cd301"
        ],
        "Server": [
          "Microsoft-IIS/8.5"
        ],
        "X-AspNet-Version": [
          "4.0.30319"
        ],
        "X-Powered-By": [
          "ASP.NET"
        ]
      },
      "StatusCode": 200
    },
    {
      "RequestUri": "/subscriptions/9d9ae4aa-f973-4c9b-a151-480884b2e68e/resourceGroups/onesdk103/providers/Microsoft.Network/dnsZones/onesdk7244.pstest.test?api-version=2017-09-15-preview",
      "EncodedRequestUri": "L3N1YnNjcmlwdGlvbnMvOWQ5YWU0YWEtZjk3My00YzliLWExNTEtNDgwODg0YjJlNjhlL3Jlc291cmNlR3JvdXBzL29uZXNkazEwMy9wcm92aWRlcnMvTWljcm9zb2Z0Lk5ldHdvcmsvZG5zWm9uZXMvb25lc2RrNzI0NC5wc3Rlc3QudGVzdD9hcGktdmVyc2lvbj0yMDE3LTA5LTE1LXByZXZpZXc=",
      "RequestMethod": "GET",
      "RequestBody": "",
      "RequestHeaders": {
        "x-ms-client-request-id": [
          "9f0fb1bd-1fed-41b8-9621-ece83d877f0d"
        ],
        "accept-language": [
          "en-US"
        ],
        "User-Agent": [
          "FxVersion/4.7.2102.0",
          "OSName/Windows_10_Enterprise",
          "OSVersion/6.3.15063",
          "Microsoft.Azure.Management.Dns.DnsManagementClient/1.11.0-preview"
        ]
      },
      "ResponseBody": "{\r\n  \"code\": \"NotFound\",\r\n  \"message\": \"The zone 'onesdk7244.pstest.test' does not exist in resource group 'onesdk103' of subscription '9d9ae4aa-f973-4c9b-a151-480884b2e68e'.\"\r\n}",
      "ResponseHeaders": {
        "Content-Length": [
          "166"
        ],
        "Content-Type": [
          "application/json; charset=utf-8"
        ],
        "X-Content-Type-Options": [
          "nosniff"
        ],
        "Strict-Transport-Security": [
          "max-age=31536000; includeSubDomains"
        ],
        "x-ms-request-id": [
          "9f0fb1bd-1fed-41b8-9621-ece83d877f0d"
        ],
        "x-ms-ratelimit-remaining-subscription-resource-requests": [
          "11991"
        ],
        "x-ms-correlation-request-id": [
          "c3384b1b-5468-4b4c-9945-d6eb383e8a14"
        ],
        "x-ms-routing-request-id": [
          "CENTRALUS:20170913T233202Z:c3384b1b-5468-4b4c-9945-d6eb383e8a14"
        ],
        "Cache-Control": [
          "private"
        ],
        "Date": [
          "Wed, 13 Sep 2017 23:32:01 GMT"
        ],
        "Server": [
          "Microsoft-IIS/8.5"
        ],
        "X-AspNet-Version": [
          "4.0.30319"
        ],
        "X-Powered-By": [
          "ASP.NET"
        ]
      },
      "StatusCode": 404
    },
    {
      "RequestUri": "/subscriptions/9d9ae4aa-f973-4c9b-a151-480884b2e68e/resourceGroups/onesdk103/providers/Microsoft.Network/dnsZones/onesdk7244.pstest.test?api-version=2017-09-15-preview",
      "EncodedRequestUri": "L3N1YnNjcmlwdGlvbnMvOWQ5YWU0YWEtZjk3My00YzliLWExNTEtNDgwODg0YjJlNjhlL3Jlc291cmNlR3JvdXBzL29uZXNkazEwMy9wcm92aWRlcnMvTWljcm9zb2Z0Lk5ldHdvcmsvZG5zWm9uZXMvb25lc2RrNzI0NC5wc3Rlc3QudGVzdD9hcGktdmVyc2lvbj0yMDE3LTA5LTE1LXByZXZpZXc=",
      "RequestMethod": "DELETE",
      "RequestBody": "",
      "RequestHeaders": {
        "x-ms-client-request-id": [
          "ed6f0da6-a3f7-4ef3-8507-90623eb2b3a6"
        ],
        "accept-language": [
          "en-US"
        ],
        "User-Agent": [
          "FxVersion/4.7.2102.0",
          "OSName/Windows_10_Enterprise",
          "OSVersion/6.3.15063",
          "Microsoft.Azure.Management.Dns.DnsManagementClient/1.11.0-preview"
        ]
      },
      "ResponseBody": "",
      "ResponseHeaders": {
        "Content-Length": [
          "0"
        ],
        "Retry-After": [
          "3"
        ],
        "X-Content-Type-Options": [
          "nosniff"
        ],
        "Strict-Transport-Security": [
          "max-age=31536000; includeSubDomains"
        ],
        "Azure-AsyncOperation": [
          "https://api-dogfood.resources.windows-int.net:443/subscriptions/9d9ae4aa-f973-4c9b-a151-480884b2e68e/resourceGroups/onesdk103/providers/Microsoft.Network/dnsOperationStatuses/delzone6364094232045239026de8e45c?api-version=2017-09-15-preview"
        ],
        "x-ms-request-id": [
          "ed6f0da6-a3f7-4ef3-8507-90623eb2b3a6"
        ],
        "x-ms-ratelimit-remaining-subscription-resource-requests": [
          "11992"
        ],
        "x-ms-correlation-request-id": [
          "bd076a7a-d793-4ddd-8727-3f9b198ba3ee"
        ],
        "x-ms-routing-request-id": [
          "CENTRALUS:20170913T233200Z:bd076a7a-d793-4ddd-8727-3f9b198ba3ee"
        ],
        "Cache-Control": [
          "private"
        ],
        "Date": [
          "Wed, 13 Sep 2017 23:31:59 GMT"
        ],
        "Location": [
          "https://api-dogfood.resources.windows-int.net/subscriptions/9d9ae4aa-f973-4c9b-a151-480884b2e68e/resourceGroups/onesdk103/providers/Microsoft.Network/dnsOperationResults/delzone6364094232045239026de8e45c?api-version=2017-09-15-preview"
        ],
        "Server": [
          "Microsoft-IIS/8.5"
        ],
        "X-AspNet-Version": [
          "4.0.30319"
        ],
        "X-Powered-By": [
          "ASP.NET"
        ]
      },
      "StatusCode": 202
    },
    {
      "RequestUri": "/subscriptions/9d9ae4aa-f973-4c9b-a151-480884b2e68e/resourceGroups/onesdk103/providers/Microsoft.Network/dnsOperationStatuses/delzone6364094232045239026de8e45c?api-version=2017-09-15-preview",
      "EncodedRequestUri": "L3N1YnNjcmlwdGlvbnMvOWQ5YWU0YWEtZjk3My00YzliLWExNTEtNDgwODg0YjJlNjhlL3Jlc291cmNlR3JvdXBzL29uZXNkazEwMy9wcm92aWRlcnMvTWljcm9zb2Z0Lk5ldHdvcmsvZG5zT3BlcmF0aW9uU3RhdHVzZXMvZGVsem9uZTYzNjQwOTQyMzIwNDUyMzkwMjZkZThlNDVjP2FwaS12ZXJzaW9uPTIwMTctMDktMTUtcHJldmlldw==",
      "RequestMethod": "GET",
      "RequestBody": "",
      "RequestHeaders": {
        "User-Agent": [
          "FxVersion/4.7.2102.0",
          "OSName/Windows_10_Enterprise",
          "OSVersion/6.3.15063",
          "Microsoft.Azure.Management.Dns.DnsManagementClient/1.11.0-preview"
        ]
      },
      "ResponseBody": "{\r\n  \"status\": \"InProgress\"\r\n}",
      "ResponseHeaders": {
        "Content-Length": [
          "23"
        ],
        "Content-Type": [
          "application/json; charset=utf-8"
        ],
        "Retry-After": [
          "3"
        ],
        "X-Content-Type-Options": [
          "nosniff"
        ],
        "Strict-Transport-Security": [
          "max-age=31536000; includeSubDomains"
        ],
        "Azure-AsyncOperation": [
          "https://api-dogfood.resources.windows-int.net:443/subscriptions/9d9ae4aa-f973-4c9b-a151-480884b2e68e/resourceGroups/onesdk103/providers/Microsoft.Network/dnsOperationStatuses/delzone6364094232045239026de8e45c?api-version=2017-09-15-preview"
        ],
        "x-ms-request-id": [
          "549dd102-2fab-47df-8bd5-f9fa71271a31"
        ],
        "x-ms-ratelimit-remaining-subscription-resource-requests": [
          "11959"
        ],
        "x-ms-correlation-request-id": [
          "9361374b-b1c9-44f1-a6f8-07f70f8dd47a"
        ],
        "x-ms-routing-request-id": [
          "CENTRALUS:20170913T233200Z:9361374b-b1c9-44f1-a6f8-07f70f8dd47a"
        ],
        "Cache-Control": [
          "private"
        ],
        "Date": [
          "Wed, 13 Sep 2017 23:32:00 GMT"
        ],
        "Location": [
          "https://api-dogfood.resources.windows-int.net/subscriptions/9d9ae4aa-f973-4c9b-a151-480884b2e68e/resourceGroups/onesdk103/providers/Microsoft.Network/dnsOperationResults/delzone6364094232045239026de8e45c?api-version=2017-09-15-preview"
        ],
        "Server": [
          "Microsoft-IIS/8.5"
        ],
        "X-AspNet-Version": [
          "4.0.30319"
        ],
        "X-Powered-By": [
          "ASP.NET"
        ]
      },
      "StatusCode": 202
    },
    {
      "RequestUri": "/subscriptions/9d9ae4aa-f973-4c9b-a151-480884b2e68e/resourceGroups/onesdk103/providers/Microsoft.Network/dnsOperationStatuses/delzone6364094232045239026de8e45c?api-version=2017-09-15-preview",
      "EncodedRequestUri": "L3N1YnNjcmlwdGlvbnMvOWQ5YWU0YWEtZjk3My00YzliLWExNTEtNDgwODg0YjJlNjhlL3Jlc291cmNlR3JvdXBzL29uZXNkazEwMy9wcm92aWRlcnMvTWljcm9zb2Z0Lk5ldHdvcmsvZG5zT3BlcmF0aW9uU3RhdHVzZXMvZGVsem9uZTYzNjQwOTQyMzIwNDUyMzkwMjZkZThlNDVjP2FwaS12ZXJzaW9uPTIwMTctMDktMTUtcHJldmlldw==",
      "RequestMethod": "GET",
      "RequestBody": "",
      "RequestHeaders": {
        "User-Agent": [
          "FxVersion/4.7.2102.0",
          "OSName/Windows_10_Enterprise",
          "OSVersion/6.3.15063",
          "Microsoft.Azure.Management.Dns.DnsManagementClient/1.11.0-preview"
        ]
      },
      "ResponseBody": "{\r\n  \"status\": \"InProgress\"\r\n}",
      "ResponseHeaders": {
        "Content-Length": [
          "23"
        ],
        "Content-Type": [
          "application/json; charset=utf-8"
        ],
        "Retry-After": [
          "3"
        ],
        "X-Content-Type-Options": [
          "nosniff"
        ],
        "Strict-Transport-Security": [
          "max-age=31536000; includeSubDomains"
        ],
        "Azure-AsyncOperation": [
          "https://api-dogfood.resources.windows-int.net:443/subscriptions/9d9ae4aa-f973-4c9b-a151-480884b2e68e/resourceGroups/onesdk103/providers/Microsoft.Network/dnsOperationStatuses/delzone6364094232045239026de8e45c?api-version=2017-09-15-preview"
        ],
        "x-ms-request-id": [
          "fef29658-b586-45cd-a309-24a2f6ab0a2d"
        ],
        "x-ms-ratelimit-remaining-subscription-resource-requests": [
          "11958"
        ],
        "x-ms-correlation-request-id": [
          "fa0648a1-e07c-4e32-a003-abb5687eeabb"
        ],
        "x-ms-routing-request-id": [
          "CENTRALUS:20170913T233201Z:fa0648a1-e07c-4e32-a003-abb5687eeabb"
        ],
        "Cache-Control": [
          "private"
        ],
        "Date": [
          "Wed, 13 Sep 2017 23:32:00 GMT"
        ],
        "Location": [
          "https://api-dogfood.resources.windows-int.net/subscriptions/9d9ae4aa-f973-4c9b-a151-480884b2e68e/resourceGroups/onesdk103/providers/Microsoft.Network/dnsOperationResults/delzone6364094232045239026de8e45c?api-version=2017-09-15-preview"
        ],
        "Server": [
          "Microsoft-IIS/8.5"
        ],
        "X-AspNet-Version": [
          "4.0.30319"
        ],
        "X-Powered-By": [
          "ASP.NET"
        ]
      },
      "StatusCode": 202
    },
    {
      "RequestUri": "/subscriptions/9d9ae4aa-f973-4c9b-a151-480884b2e68e/resourceGroups/onesdk103/providers/Microsoft.Network/dnsOperationStatuses/delzone6364094232045239026de8e45c?api-version=2017-09-15-preview",
      "EncodedRequestUri": "L3N1YnNjcmlwdGlvbnMvOWQ5YWU0YWEtZjk3My00YzliLWExNTEtNDgwODg0YjJlNjhlL3Jlc291cmNlR3JvdXBzL29uZXNkazEwMy9wcm92aWRlcnMvTWljcm9zb2Z0Lk5ldHdvcmsvZG5zT3BlcmF0aW9uU3RhdHVzZXMvZGVsem9uZTYzNjQwOTQyMzIwNDUyMzkwMjZkZThlNDVjP2FwaS12ZXJzaW9uPTIwMTctMDktMTUtcHJldmlldw==",
      "RequestMethod": "GET",
      "RequestBody": "",
      "RequestHeaders": {
        "User-Agent": [
          "FxVersion/4.7.2102.0",
          "OSName/Windows_10_Enterprise",
          "OSVersion/6.3.15063",
          "Microsoft.Azure.Management.Dns.DnsManagementClient/1.11.0-preview"
        ]
      },
      "ResponseBody": "{\r\n  \"status\": \"InProgress\"\r\n}",
      "ResponseHeaders": {
        "Content-Length": [
          "23"
        ],
        "Content-Type": [
          "application/json; charset=utf-8"
        ],
        "Retry-After": [
          "3"
        ],
        "X-Content-Type-Options": [
          "nosniff"
        ],
        "Strict-Transport-Security": [
          "max-age=31536000; includeSubDomains"
        ],
        "Azure-AsyncOperation": [
          "https://api-dogfood.resources.windows-int.net:443/subscriptions/9d9ae4aa-f973-4c9b-a151-480884b2e68e/resourceGroups/onesdk103/providers/Microsoft.Network/dnsOperationStatuses/delzone6364094232045239026de8e45c?api-version=2017-09-15-preview"
        ],
        "x-ms-request-id": [
          "82d2d648-a9dc-4e6b-aed7-408655f23804"
        ],
        "x-ms-ratelimit-remaining-subscription-resource-requests": [
          "11957"
        ],
        "x-ms-correlation-request-id": [
          "7dc9808a-c265-4542-9d28-0f58fedf4f3c"
        ],
        "x-ms-routing-request-id": [
          "CENTRALUS:20170913T233201Z:7dc9808a-c265-4542-9d28-0f58fedf4f3c"
        ],
        "Cache-Control": [
          "private"
        ],
        "Date": [
          "Wed, 13 Sep 2017 23:32:00 GMT"
        ],
        "Location": [
          "https://api-dogfood.resources.windows-int.net/subscriptions/9d9ae4aa-f973-4c9b-a151-480884b2e68e/resourceGroups/onesdk103/providers/Microsoft.Network/dnsOperationResults/delzone6364094232045239026de8e45c?api-version=2017-09-15-preview"
        ],
        "Server": [
          "Microsoft-IIS/8.5"
        ],
        "X-AspNet-Version": [
          "4.0.30319"
        ],
        "X-Powered-By": [
          "ASP.NET"
        ]
      },
      "StatusCode": 202
    },
    {
      "RequestUri": "/subscriptions/9d9ae4aa-f973-4c9b-a151-480884b2e68e/resourceGroups/onesdk103/providers/Microsoft.Network/dnsOperationStatuses/delzone6364094232045239026de8e45c?api-version=2017-09-15-preview",
      "EncodedRequestUri": "L3N1YnNjcmlwdGlvbnMvOWQ5YWU0YWEtZjk3My00YzliLWExNTEtNDgwODg0YjJlNjhlL3Jlc291cmNlR3JvdXBzL29uZXNkazEwMy9wcm92aWRlcnMvTWljcm9zb2Z0Lk5ldHdvcmsvZG5zT3BlcmF0aW9uU3RhdHVzZXMvZGVsem9uZTYzNjQwOTQyMzIwNDUyMzkwMjZkZThlNDVjP2FwaS12ZXJzaW9uPTIwMTctMDktMTUtcHJldmlldw==",
      "RequestMethod": "GET",
      "RequestBody": "",
      "RequestHeaders": {
        "User-Agent": [
          "FxVersion/4.7.2102.0",
          "OSName/Windows_10_Enterprise",
          "OSVersion/6.3.15063",
          "Microsoft.Azure.Management.Dns.DnsManagementClient/1.11.0-preview"
        ]
      },
      "ResponseBody": "{\r\n  \"status\": \"InProgress\"\r\n}",
      "ResponseHeaders": {
        "Content-Length": [
          "23"
        ],
        "Content-Type": [
          "application/json; charset=utf-8"
        ],
        "Retry-After": [
          "3"
        ],
        "X-Content-Type-Options": [
          "nosniff"
        ],
        "Strict-Transport-Security": [
          "max-age=31536000; includeSubDomains"
        ],
        "Azure-AsyncOperation": [
          "https://api-dogfood.resources.windows-int.net:443/subscriptions/9d9ae4aa-f973-4c9b-a151-480884b2e68e/resourceGroups/onesdk103/providers/Microsoft.Network/dnsOperationStatuses/delzone6364094232045239026de8e45c?api-version=2017-09-15-preview"
        ],
        "x-ms-request-id": [
          "327fc6f1-b4d7-4ab1-97df-bc4fb6aa22df"
        ],
        "x-ms-ratelimit-remaining-subscription-resource-requests": [
          "11956"
        ],
        "x-ms-correlation-request-id": [
          "c2a96e72-5819-4bc0-9c2c-e01868d2512a"
        ],
        "x-ms-routing-request-id": [
          "CENTRALUS:20170913T233201Z:c2a96e72-5819-4bc0-9c2c-e01868d2512a"
        ],
        "Cache-Control": [
          "private"
        ],
        "Date": [
          "Wed, 13 Sep 2017 23:32:00 GMT"
        ],
        "Location": [
          "https://api-dogfood.resources.windows-int.net/subscriptions/9d9ae4aa-f973-4c9b-a151-480884b2e68e/resourceGroups/onesdk103/providers/Microsoft.Network/dnsOperationResults/delzone6364094232045239026de8e45c?api-version=2017-09-15-preview"
        ],
        "Server": [
          "Microsoft-IIS/8.5"
        ],
        "X-AspNet-Version": [
          "4.0.30319"
        ],
        "X-Powered-By": [
          "ASP.NET"
        ]
      },
      "StatusCode": 202
    },
    {
      "RequestUri": "/subscriptions/9d9ae4aa-f973-4c9b-a151-480884b2e68e/resourceGroups/onesdk103/providers/Microsoft.Network/dnsOperationStatuses/delzone6364094232045239026de8e45c?api-version=2017-09-15-preview",
      "EncodedRequestUri": "L3N1YnNjcmlwdGlvbnMvOWQ5YWU0YWEtZjk3My00YzliLWExNTEtNDgwODg0YjJlNjhlL3Jlc291cmNlR3JvdXBzL29uZXNkazEwMy9wcm92aWRlcnMvTWljcm9zb2Z0Lk5ldHdvcmsvZG5zT3BlcmF0aW9uU3RhdHVzZXMvZGVsem9uZTYzNjQwOTQyMzIwNDUyMzkwMjZkZThlNDVjP2FwaS12ZXJzaW9uPTIwMTctMDktMTUtcHJldmlldw==",
      "RequestMethod": "GET",
      "RequestBody": "",
      "RequestHeaders": {
        "User-Agent": [
          "FxVersion/4.7.2102.0",
          "OSName/Windows_10_Enterprise",
          "OSVersion/6.3.15063",
          "Microsoft.Azure.Management.Dns.DnsManagementClient/1.11.0-preview"
        ]
      },
      "ResponseBody": "{\r\n  \"status\": \"Succeeded\"\r\n}",
      "ResponseHeaders": {
        "Content-Length": [
          "22"
        ],
        "Content-Type": [
          "application/json; charset=utf-8"
        ],
        "X-Content-Type-Options": [
          "nosniff"
        ],
        "Strict-Transport-Security": [
          "max-age=31536000; includeSubDomains"
        ],
        "x-ms-request-id": [
          "2b4eed9c-ec2c-4475-bd97-c2cf064639e1"
        ],
        "x-ms-ratelimit-remaining-subscription-resource-requests": [
          "11955"
        ],
        "x-ms-correlation-request-id": [
          "d77f5f4e-ce39-48de-a70d-da508421d861"
        ],
        "x-ms-routing-request-id": [
          "CENTRALUS:20170913T233201Z:d77f5f4e-ce39-48de-a70d-da508421d861"
        ],
        "Cache-Control": [
          "private"
        ],
        "Date": [
          "Wed, 13 Sep 2017 23:32:01 GMT"
        ],
        "Server": [
          "Microsoft-IIS/8.5"
        ],
        "X-AspNet-Version": [
          "4.0.30319"
        ],
        "X-Powered-By": [
          "ASP.NET"
        ]
      },
      "StatusCode": 200
    },
    {
      "RequestUri": "/subscriptions/9d9ae4aa-f973-4c9b-a151-480884b2e68e/resourcegroups/onesdk103?api-version=2016-02-01",
      "EncodedRequestUri": "L3N1YnNjcmlwdGlvbnMvOWQ5YWU0YWEtZjk3My00YzliLWExNTEtNDgwODg0YjJlNjhlL3Jlc291cmNlZ3JvdXBzL29uZXNkazEwMz9hcGktdmVyc2lvbj0yMDE2LTAyLTAx",
      "RequestMethod": "DELETE",
      "RequestBody": "",
      "RequestHeaders": {
        "User-Agent": [
          "Microsoft.Azure.Management.Resources.ResourceManagementClient/2.0.0.0"
        ]
      },
      "ResponseBody": "",
      "ResponseHeaders": {
        "Content-Length": [
          "0"
        ],
        "Expires": [
          "-1"
        ],
        "Pragma": [
          "no-cache"
        ],
        "Retry-After": [
          "15"
        ],
        "x-ms-ratelimit-remaining-subscription-writes": [
          "1187"
        ],
        "x-ms-request-id": [
          "3c7bc43b-2ee5-46e2-9179-872e5b9d3b8f"
        ],
        "x-ms-correlation-request-id": [
          "3c7bc43b-2ee5-46e2-9179-872e5b9d3b8f"
        ],
        "x-ms-routing-request-id": [
          "CENTRALUS:20170913T233202Z:3c7bc43b-2ee5-46e2-9179-872e5b9d3b8f"
        ],
        "Strict-Transport-Security": [
          "max-age=31536000; includeSubDomains"
        ],
        "Cache-Control": [
          "no-cache"
        ],
        "Date": [
          "Wed, 13 Sep 2017 23:32:01 GMT"
        ],
        "Location": [
          "https://api-dogfood.resources.windows-int.net/subscriptions/9d9ae4aa-f973-4c9b-a151-480884b2e68e/operationresults/eyJqb2JJZCI6IlJFU09VUkNFR1JPVVBERUxFVElPTkpPQi1PTkVTREsxMDMtV0VTVFVTIiwiam9iTG9jYXRpb24iOiJ3ZXN0dXMifQ?api-version=2016-02-01"
        ]
      },
      "StatusCode": 202
    },
    {
      "RequestUri": "/subscriptions/9d9ae4aa-f973-4c9b-a151-480884b2e68e/operationresults/eyJqb2JJZCI6IlJFU09VUkNFR1JPVVBERUxFVElPTkpPQi1PTkVTREsxMDMtV0VTVFVTIiwiam9iTG9jYXRpb24iOiJ3ZXN0dXMifQ?api-version=2016-02-01",
      "EncodedRequestUri": "L3N1YnNjcmlwdGlvbnMvOWQ5YWU0YWEtZjk3My00YzliLWExNTEtNDgwODg0YjJlNjhlL29wZXJhdGlvbnJlc3VsdHMvZXlKcWIySkpaQ0k2SWxKRlUwOVZVa05GUjFKUFZWQkVSVXhGVkVsUFRrcFBRaTFQVGtWVFJFc3hNRE10VjBWVFZGVlRJaXdpYW05aVRHOWpZWFJwYjI0aU9pSjNaWE4wZFhNaWZRP2FwaS12ZXJzaW9uPTIwMTYtMDItMDE=",
      "RequestMethod": "GET",
      "RequestBody": "",
      "RequestHeaders": {
        "x-ms-version": [
          "2016-02-01"
        ],
        "User-Agent": [
          "Microsoft.Azure.Management.Resources.ResourceManagementClient/2.0.0.0"
        ]
      },
      "ResponseBody": "",
      "ResponseHeaders": {
        "Content-Length": [
          "0"
        ],
        "Expires": [
          "-1"
        ],
        "Pragma": [
          "no-cache"
        ],
        "Retry-After": [
          "15"
        ],
        "x-ms-ratelimit-remaining-subscription-reads": [
          "14977"
        ],
        "x-ms-request-id": [
          "0414de2b-cac6-4472-a09c-e711328589a8"
        ],
        "x-ms-correlation-request-id": [
          "0414de2b-cac6-4472-a09c-e711328589a8"
        ],
        "x-ms-routing-request-id": [
          "CENTRALUS:20170913T233202Z:0414de2b-cac6-4472-a09c-e711328589a8"
        ],
        "Strict-Transport-Security": [
          "max-age=31536000; includeSubDomains"
        ],
        "Cache-Control": [
          "no-cache"
        ],
        "Date": [
          "Wed, 13 Sep 2017 23:32:01 GMT"
        ],
        "Location": [
          "https://api-dogfood.resources.windows-int.net/subscriptions/9d9ae4aa-f973-4c9b-a151-480884b2e68e/operationresults/eyJqb2JJZCI6IlJFU09VUkNFR1JPVVBERUxFVElPTkpPQi1PTkVTREsxMDMtV0VTVFVTIiwiam9iTG9jYXRpb24iOiJ3ZXN0dXMifQ?api-version=2016-02-01"
        ]
      },
      "StatusCode": 202
    },
    {
      "RequestUri": "/subscriptions/9d9ae4aa-f973-4c9b-a151-480884b2e68e/operationresults/eyJqb2JJZCI6IlJFU09VUkNFR1JPVVBERUxFVElPTkpPQi1PTkVTREsxMDMtV0VTVFVTIiwiam9iTG9jYXRpb24iOiJ3ZXN0dXMifQ?api-version=2016-02-01",
      "EncodedRequestUri": "L3N1YnNjcmlwdGlvbnMvOWQ5YWU0YWEtZjk3My00YzliLWExNTEtNDgwODg0YjJlNjhlL29wZXJhdGlvbnJlc3VsdHMvZXlKcWIySkpaQ0k2SWxKRlUwOVZVa05GUjFKUFZWQkVSVXhGVkVsUFRrcFBRaTFQVGtWVFJFc3hNRE10VjBWVFZGVlRJaXdpYW05aVRHOWpZWFJwYjI0aU9pSjNaWE4wZFhNaWZRP2FwaS12ZXJzaW9uPTIwMTYtMDItMDE=",
      "RequestMethod": "GET",
      "RequestBody": "",
      "RequestHeaders": {
        "x-ms-version": [
          "2016-02-01"
        ],
        "User-Agent": [
          "Microsoft.Azure.Management.Resources.ResourceManagementClient/2.0.0.0"
        ]
      },
      "ResponseBody": "",
      "ResponseHeaders": {
        "Content-Length": [
          "0"
        ],
        "Expires": [
          "-1"
        ],
        "Pragma": [
          "no-cache"
        ],
        "Retry-After": [
          "15"
        ],
        "x-ms-ratelimit-remaining-subscription-reads": [
          "14976"
        ],
        "x-ms-request-id": [
          "a994e6bb-099d-4b4a-8f8d-0b0d1a9ccea2"
        ],
        "x-ms-correlation-request-id": [
          "a994e6bb-099d-4b4a-8f8d-0b0d1a9ccea2"
        ],
        "x-ms-routing-request-id": [
          "CENTRALUS:20170913T233217Z:a994e6bb-099d-4b4a-8f8d-0b0d1a9ccea2"
        ],
        "Strict-Transport-Security": [
          "max-age=31536000; includeSubDomains"
        ],
        "Cache-Control": [
          "no-cache"
        ],
        "Date": [
          "Wed, 13 Sep 2017 23:32:17 GMT"
        ],
        "Location": [
          "https://api-dogfood.resources.windows-int.net/subscriptions/9d9ae4aa-f973-4c9b-a151-480884b2e68e/operationresults/eyJqb2JJZCI6IlJFU09VUkNFR1JPVVBERUxFVElPTkpPQi1PTkVTREsxMDMtV0VTVFVTIiwiam9iTG9jYXRpb24iOiJ3ZXN0dXMifQ?api-version=2016-02-01"
        ]
      },
      "StatusCode": 202
    },
    {
      "RequestUri": "/subscriptions/9d9ae4aa-f973-4c9b-a151-480884b2e68e/operationresults/eyJqb2JJZCI6IlJFU09VUkNFR1JPVVBERUxFVElPTkpPQi1PTkVTREsxMDMtV0VTVFVTIiwiam9iTG9jYXRpb24iOiJ3ZXN0dXMifQ?api-version=2016-02-01",
      "EncodedRequestUri": "L3N1YnNjcmlwdGlvbnMvOWQ5YWU0YWEtZjk3My00YzliLWExNTEtNDgwODg0YjJlNjhlL29wZXJhdGlvbnJlc3VsdHMvZXlKcWIySkpaQ0k2SWxKRlUwOVZVa05GUjFKUFZWQkVSVXhGVkVsUFRrcFBRaTFQVGtWVFJFc3hNRE10VjBWVFZGVlRJaXdpYW05aVRHOWpZWFJwYjI0aU9pSjNaWE4wZFhNaWZRP2FwaS12ZXJzaW9uPTIwMTYtMDItMDE=",
      "RequestMethod": "GET",
      "RequestBody": "",
      "RequestHeaders": {
        "x-ms-version": [
          "2016-02-01"
        ],
        "User-Agent": [
          "Microsoft.Azure.Management.Resources.ResourceManagementClient/2.0.0.0"
        ]
      },
      "ResponseBody": "",
      "ResponseHeaders": {
        "Content-Length": [
          "0"
        ],
        "Expires": [
          "-1"
        ],
        "Pragma": [
          "no-cache"
        ],
        "Retry-After": [
          "15"
        ],
        "x-ms-ratelimit-remaining-subscription-reads": [
          "14975"
        ],
        "x-ms-request-id": [
          "bfa5a49b-3a7d-486a-b460-debf3b413fe7"
        ],
        "x-ms-correlation-request-id": [
          "bfa5a49b-3a7d-486a-b460-debf3b413fe7"
        ],
        "x-ms-routing-request-id": [
          "CENTRALUS:20170913T233232Z:bfa5a49b-3a7d-486a-b460-debf3b413fe7"
        ],
        "Strict-Transport-Security": [
          "max-age=31536000; includeSubDomains"
        ],
        "Cache-Control": [
          "no-cache"
        ],
        "Date": [
          "Wed, 13 Sep 2017 23:32:32 GMT"
        ],
        "Location": [
          "https://api-dogfood.resources.windows-int.net/subscriptions/9d9ae4aa-f973-4c9b-a151-480884b2e68e/operationresults/eyJqb2JJZCI6IlJFU09VUkNFR1JPVVBERUxFVElPTkpPQi1PTkVTREsxMDMtV0VTVFVTIiwiam9iTG9jYXRpb24iOiJ3ZXN0dXMifQ?api-version=2016-02-01"
        ]
      },
      "StatusCode": 202
    },
    {
      "RequestUri": "/subscriptions/9d9ae4aa-f973-4c9b-a151-480884b2e68e/operationresults/eyJqb2JJZCI6IlJFU09VUkNFR1JPVVBERUxFVElPTkpPQi1PTkVTREsxMDMtV0VTVFVTIiwiam9iTG9jYXRpb24iOiJ3ZXN0dXMifQ?api-version=2016-02-01",
      "EncodedRequestUri": "L3N1YnNjcmlwdGlvbnMvOWQ5YWU0YWEtZjk3My00YzliLWExNTEtNDgwODg0YjJlNjhlL29wZXJhdGlvbnJlc3VsdHMvZXlKcWIySkpaQ0k2SWxKRlUwOVZVa05GUjFKUFZWQkVSVXhGVkVsUFRrcFBRaTFQVGtWVFJFc3hNRE10VjBWVFZGVlRJaXdpYW05aVRHOWpZWFJwYjI0aU9pSjNaWE4wZFhNaWZRP2FwaS12ZXJzaW9uPTIwMTYtMDItMDE=",
      "RequestMethod": "GET",
      "RequestBody": "",
      "RequestHeaders": {
        "x-ms-version": [
          "2016-02-01"
        ],
        "User-Agent": [
          "Microsoft.Azure.Management.Resources.ResourceManagementClient/2.0.0.0"
        ]
      },
      "ResponseBody": "",
      "ResponseHeaders": {
        "Content-Length": [
          "0"
        ],
        "Expires": [
          "-1"
        ],
        "Pragma": [
          "no-cache"
        ],
        "x-ms-ratelimit-remaining-subscription-reads": [
          "14974"
        ],
        "x-ms-request-id": [
          "b032762b-2e88-4d8c-90dd-79c7741515be"
        ],
        "x-ms-correlation-request-id": [
          "b032762b-2e88-4d8c-90dd-79c7741515be"
        ],
        "x-ms-routing-request-id": [
          "CENTRALUS:20170913T233248Z:b032762b-2e88-4d8c-90dd-79c7741515be"
        ],
        "Strict-Transport-Security": [
          "max-age=31536000; includeSubDomains"
        ],
        "Cache-Control": [
          "no-cache"
        ],
        "Date": [
          "Wed, 13 Sep 2017 23:32:47 GMT"
        ]
      },
      "StatusCode": 200
    }
  ],
  "Names": {
    "Test-ZoneCrudTrimsDot": [
      "onesdk7244",
      "onesdk103"
    ]
  },
  "Variables": {
    "SubscriptionId": "9d9ae4aa-f973-4c9b-a151-480884b2e68e"
  }
}