{
  "Entries": [
    {
      "RequestUri": "/subscriptions/21a9967a-e8a9-4656-a70b-96ff1c4d05a0/providers/Microsoft.LocationBasedServices?api-version=2016-02-01",
      "EncodedRequestUri": "L3N1YnNjcmlwdGlvbnMvMjFhOTk2N2EtZThhOS00NjU2LWE3MGItOTZmZjFjNGQwNWEwL3Byb3ZpZGVycy9NaWNyb3NvZnQuTG9jYXRpb25CYXNlZFNlcnZpY2VzP2FwaS12ZXJzaW9uPTIwMTYtMDItMDE=",
      "RequestMethod": "GET",
      "RequestBody": "",
      "RequestHeaders": {
        "User-Agent": [
          "Microsoft.Azure.Management.Resources.ResourceManagementClient/2.0.0.0"
        ]
      },
      "ResponseBody": "{\r\n  \"id\": \"/subscriptions/21a9967a-e8a9-4656-a70b-96ff1c4d05a0/providers/Microsoft.LocationBasedServices\",\r\n  \"namespace\": \"Microsoft.LocationBasedServices\",\r\n  \"resourceTypes\": [\r\n    {\r\n      \"resourceType\": \"accounts\",\r\n      \"locations\": [\r\n        \"Global\"\r\n      ],\r\n      \"apiVersions\": [\r\n        \"2017-01-01-preview\"\r\n      ],\r\n      \"capabilities\": \"CrossResourceGroupResourceMove, CrossSubscriptionResourceMove\"\r\n    },\r\n    {\r\n      \"resourceType\": \"operations\",\r\n      \"locations\": [],\r\n      \"apiVersions\": [\r\n        \"2017-01-01-preview\"\r\n      ]\r\n    }\r\n  ],\r\n  \"registrationState\": \"Registered\"\r\n}",
      "ResponseHeaders": {
        "Content-Length": [
          "448"
        ],
        "Content-Type": [
          "application/json; charset=utf-8"
        ],
        "Expires": [
          "-1"
        ],
        "Pragma": [
          "no-cache"
        ],
        "x-ms-ratelimit-remaining-subscription-reads": [
          "14999"
        ],
        "x-ms-request-id": [
          "9939bfc5-9cff-4502-b56e-e053ba9b8d3d"
        ],
        "x-ms-correlation-request-id": [
          "9939bfc5-9cff-4502-b56e-e053ba9b8d3d"
        ],
        "x-ms-routing-request-id": [
          "WESTUS2:20180118T211340Z:9939bfc5-9cff-4502-b56e-e053ba9b8d3d"
        ],
        "Strict-Transport-Security": [
          "max-age=31536000; includeSubDomains"
        ],
        "Cache-Control": [
          "no-cache"
        ],
        "Date": [
          "Thu, 18 Jan 2018 21:13:40 GMT"
        ]
      },
      "StatusCode": 200
    },
    {
      "RequestUri": "/subscriptions/21a9967a-e8a9-4656-a70b-96ff1c4d05a0/resourcegroups/pstestrg7619?api-version=2016-02-01",
      "EncodedRequestUri": "L3N1YnNjcmlwdGlvbnMvMjFhOTk2N2EtZThhOS00NjU2LWE3MGItOTZmZjFjNGQwNWEwL3Jlc291cmNlZ3JvdXBzL3BzdGVzdHJnNzYxOT9hcGktdmVyc2lvbj0yMDE2LTAyLTAx",
      "RequestMethod": "PUT",
      "RequestBody": "{\r\n  \"location\": \"West US\"\r\n}",
      "RequestHeaders": {
        "Content-Type": [
          "application/json; charset=utf-8"
        ],
        "Content-Length": [
          "29"
        ],
        "User-Agent": [
          "Microsoft.Azure.Management.Resources.ResourceManagementClient/2.0.0.0"
        ]
      },
      "ResponseBody": "{\r\n  \"id\": \"/subscriptions/21a9967a-e8a9-4656-a70b-96ff1c4d05a0/resourceGroups/pstestrg7619\",\r\n  \"name\": \"pstestrg7619\",\r\n  \"location\": \"westus\",\r\n  \"properties\": {\r\n    \"provisioningState\": \"Succeeded\"\r\n  }\r\n}",
      "ResponseHeaders": {
        "Content-Length": [
          "177"
        ],
        "Content-Type": [
          "application/json; charset=utf-8"
        ],
        "Expires": [
          "-1"
        ],
        "Pragma": [
          "no-cache"
        ],
        "x-ms-ratelimit-remaining-subscription-writes": [
          "1199"
        ],
        "x-ms-request-id": [
          "afa5b1d7-e2f2-4ec2-bca2-2f8637e0bf5c"
        ],
        "x-ms-correlation-request-id": [
          "afa5b1d7-e2f2-4ec2-bca2-2f8637e0bf5c"
        ],
        "x-ms-routing-request-id": [
          "WESTUS2:20180118T211341Z:afa5b1d7-e2f2-4ec2-bca2-2f8637e0bf5c"
        ],
        "Strict-Transport-Security": [
          "max-age=31536000; includeSubDomains"
        ],
        "Cache-Control": [
          "no-cache"
        ],
        "Date": [
          "Thu, 18 Jan 2018 21:13:41 GMT"
        ]
      },
      "StatusCode": 201
    },
    {
      "RequestUri": "/subscriptions/21a9967a-e8a9-4656-a70b-96ff1c4d05a0/resourceGroups/pstestrg7619/providers/Microsoft.LocationBasedServices/accounts/lbsapstestrg7619?api-version=2017-01-01-preview",
      "EncodedRequestUri": "L3N1YnNjcmlwdGlvbnMvMjFhOTk2N2EtZThhOS00NjU2LWE3MGItOTZmZjFjNGQwNWEwL3Jlc291cmNlR3JvdXBzL3BzdGVzdHJnNzYxOS9wcm92aWRlcnMvTWljcm9zb2Z0LkxvY2F0aW9uQmFzZWRTZXJ2aWNlcy9hY2NvdW50cy9sYnNhcHN0ZXN0cmc3NjE5P2FwaS12ZXJzaW9uPTIwMTctMDEtMDEtcHJldmlldw==",
      "RequestMethod": "PUT",
      "RequestBody": "{\r\n  \"location\": \"global\",\r\n  \"sku\": {\r\n    \"name\": \"S0\"\r\n  }\r\n}",
      "RequestHeaders": {
        "Content-Type": [
          "application/json; charset=utf-8"
        ],
        "Content-Length": [
          "64"
        ],
        "x-ms-client-request-id": [
          "d0ae23cd-0740-4ced-8fab-2f7ab6e25076"
        ],
        "accept-language": [
          "en-US"
        ],
        "User-Agent": [
          "FxVersion/4.7.2600.0",
          "OSName/Windows10Enterprise",
          "OSVersion/6.3.16299",
          "Microsoft.Azure.Management.LocationBasedServices.Client/1.0.0.0"
        ]
      },
      "ResponseBody": "{\r\n  \"id\": \"/subscriptions/21a9967a-e8a9-4656-a70b-96ff1c4d05a0/resourceGroups/pstestrg7619/providers/Microsoft.LocationBasedServices/accounts/lbsapstestrg7619\",\r\n  \"name\": \"lbsapstestrg7619\",\r\n  \"type\": \"Microsoft.LocationBasedServices/accounts\",\r\n  \"location\": \"global\",\r\n  \"sku\": {\r\n    \"name\": \"S0\",\r\n    \"tier\": \"Standard\"\r\n  }\r\n}",
      "ResponseHeaders": {
        "Content-Length": [
          "335"
        ],
        "Content-Type": [
          "application/json; charset=utf-8"
        ],
        "Expires": [
          "-1"
        ],
        "Pragma": [
          "no-cache"
        ],
        "x-ms-ratelimit-remaining-subscription-writes": [
          "1199"
        ],
        "x-ms-request-id": [
          "f943f160-0142-4e0d-8832-d30544f47e23"
        ],
        "x-ms-correlation-request-id": [
          "f943f160-0142-4e0d-8832-d30544f47e23"
        ],
        "x-ms-routing-request-id": [
          "WESTUS2:20180118T211344Z:f943f160-0142-4e0d-8832-d30544f47e23"
        ],
        "Strict-Transport-Security": [
          "max-age=31536000; includeSubDomains"
        ],
        "Cache-Control": [
          "no-cache"
        ],
        "Date": [
          "Thu, 18 Jan 2018 21:13:44 GMT"
        ],
        "Server": [
          "Microsoft-HTTPAPI/2.0"
        ]
      },
      "StatusCode": 201
    },
    {
      "RequestUri": "/subscriptions/21a9967a-e8a9-4656-a70b-96ff1c4d05a0/resourceGroups/pstestrg7619/providers/Microsoft.LocationBasedServices/accounts/lbsapstestrg7619?api-version=2017-01-01-preview",
      "EncodedRequestUri": "L3N1YnNjcmlwdGlvbnMvMjFhOTk2N2EtZThhOS00NjU2LWE3MGItOTZmZjFjNGQwNWEwL3Jlc291cmNlR3JvdXBzL3BzdGVzdHJnNzYxOS9wcm92aWRlcnMvTWljcm9zb2Z0LkxvY2F0aW9uQmFzZWRTZXJ2aWNlcy9hY2NvdW50cy9sYnNhcHN0ZXN0cmc3NjE5P2FwaS12ZXJzaW9uPTIwMTctMDEtMDEtcHJldmlldw==",
      "RequestMethod": "GET",
      "RequestBody": "",
      "RequestHeaders": {
        "x-ms-client-request-id": [
          "da42f956-3062-464b-a265-854cc6f07e29"
        ],
        "accept-language": [
          "en-US"
        ],
        "User-Agent": [
          "FxVersion/4.7.2600.0",
          "OSName/Windows10Enterprise",
          "OSVersion/6.3.16299",
          "Microsoft.Azure.Management.LocationBasedServices.Client/1.0.0.0"
        ]
      },
      "ResponseBody": "{\r\n  \"id\": \"/subscriptions/21a9967a-e8a9-4656-a70b-96ff1c4d05a0/resourceGroups/pstestrg7619/providers/Microsoft.LocationBasedServices/accounts/lbsapstestrg7619\",\r\n  \"name\": \"lbsapstestrg7619\",\r\n  \"type\": \"Microsoft.LocationBasedServices/accounts\",\r\n  \"location\": \"global\",\r\n  \"sku\": {\r\n    \"name\": \"S0\",\r\n    \"tier\": \"Standard\"\r\n  }\r\n}",
      "ResponseHeaders": {
        "Content-Length": [
          "335"
        ],
        "Content-Type": [
          "application/json; charset=utf-8"
        ],
        "Expires": [
          "-1"
        ],
        "Pragma": [
          "no-cache"
        ],
        "x-ms-ratelimit-remaining-subscription-reads": [
          "14997"
        ],
        "x-ms-request-id": [
          "3f0795cd-61e0-4639-b77a-df2d8f7cd4d5"
        ],
        "x-ms-correlation-request-id": [
          "3f0795cd-61e0-4639-b77a-df2d8f7cd4d5"
        ],
        "x-ms-routing-request-id": [
          "WESTUS2:20180118T211345Z:3f0795cd-61e0-4639-b77a-df2d8f7cd4d5"
        ],
        "Strict-Transport-Security": [
          "max-age=31536000; includeSubDomains"
        ],
        "Cache-Control": [
          "no-cache"
        ],
        "Date": [
          "Thu, 18 Jan 2018 21:13:44 GMT"
        ],
        "Server": [
          "Microsoft-HTTPAPI/2.0"
        ]
      },
      "StatusCode": 200
    },
    {
      "RequestUri": "/subscriptions/21a9967a-e8a9-4656-a70b-96ff1c4d05a0/resourceGroups/pstestrg7619/providers/Microsoft.LocationBasedServices/accounts/lbsapstestrg7619?api-version=2017-01-01-preview",
      "EncodedRequestUri": "L3N1YnNjcmlwdGlvbnMvMjFhOTk2N2EtZThhOS00NjU2LWE3MGItOTZmZjFjNGQwNWEwL3Jlc291cmNlR3JvdXBzL3BzdGVzdHJnNzYxOS9wcm92aWRlcnMvTWljcm9zb2Z0LkxvY2F0aW9uQmFzZWRTZXJ2aWNlcy9hY2NvdW50cy9sYnNhcHN0ZXN0cmc3NjE5P2FwaS12ZXJzaW9uPTIwMTctMDEtMDEtcHJldmlldw==",
      "RequestMethod": "GET",
      "RequestBody": "",
      "RequestHeaders": {
        "x-ms-client-request-id": [
          "6a08a727-2f66-4a4f-8f38-53be8c780661"
        ],
        "accept-language": [
          "en-US"
        ],
        "User-Agent": [
          "FxVersion/4.7.2600.0",
          "OSName/Windows10Enterprise",
          "OSVersion/6.3.16299",
          "Microsoft.Azure.Management.LocationBasedServices.Client/1.0.0.0"
        ]
      },
      "ResponseBody": "{\r\n  \"id\": \"/subscriptions/21a9967a-e8a9-4656-a70b-96ff1c4d05a0/resourceGroups/pstestrg7619/providers/Microsoft.LocationBasedServices/accounts/lbsapstestrg7619\",\r\n  \"name\": \"lbsapstestrg7619\",\r\n  \"type\": \"Microsoft.LocationBasedServices/accounts\",\r\n  \"location\": \"global\",\r\n  \"sku\": {\r\n    \"name\": \"S0\",\r\n    \"tier\": \"Standard\"\r\n  }\r\n}",
      "ResponseHeaders": {
        "Content-Length": [
          "335"
        ],
        "Content-Type": [
          "application/json; charset=utf-8"
        ],
        "Expires": [
          "-1"
        ],
        "Pragma": [
          "no-cache"
        ],
        "x-ms-ratelimit-remaining-subscription-reads": [
          "14996"
        ],
        "x-ms-request-id": [
          "25ef8261-4962-44ed-8939-1b925bb1055e"
        ],
        "x-ms-correlation-request-id": [
          "25ef8261-4962-44ed-8939-1b925bb1055e"
        ],
        "x-ms-routing-request-id": [
          "WESTUS2:20180118T211345Z:25ef8261-4962-44ed-8939-1b925bb1055e"
        ],
        "Strict-Transport-Security": [
          "max-age=31536000; includeSubDomains"
        ],
        "Cache-Control": [
          "no-cache"
        ],
        "Date": [
          "Thu, 18 Jan 2018 21:13:45 GMT"
        ],
        "Server": [
          "Microsoft-HTTPAPI/2.0"
        ]
      },
      "StatusCode": 200
    },
    {
      "RequestUri": "/subscriptions/21a9967a-e8a9-4656-a70b-96ff1c4d05a0/resourceGroups/pstestrg7619/providers/Microsoft.LocationBasedServices/accounts/lbsapstestrg7619?api-version=2017-01-01-preview",
      "EncodedRequestUri": "L3N1YnNjcmlwdGlvbnMvMjFhOTk2N2EtZThhOS00NjU2LWE3MGItOTZmZjFjNGQwNWEwL3Jlc291cmNlR3JvdXBzL3BzdGVzdHJnNzYxOS9wcm92aWRlcnMvTWljcm9zb2Z0LkxvY2F0aW9uQmFzZWRTZXJ2aWNlcy9hY2NvdW50cy9sYnNhcHN0ZXN0cmc3NjE5P2FwaS12ZXJzaW9uPTIwMTctMDEtMDEtcHJldmlldw==",
      "RequestMethod": "GET",
      "RequestBody": "",
      "RequestHeaders": {
        "x-ms-client-request-id": [
          "e1f47054-593b-4ca0-b9df-1364f676dcfc"
        ],
        "accept-language": [
          "en-US"
        ],
        "User-Agent": [
          "FxVersion/4.7.2600.0",
          "OSName/Windows10Enterprise",
          "OSVersion/6.3.16299",
          "Microsoft.Azure.Management.LocationBasedServices.Client/1.0.0.0"
        ]
      },
      "ResponseBody": "{\r\n  \"id\": \"/subscriptions/21a9967a-e8a9-4656-a70b-96ff1c4d05a0/resourceGroups/pstestrg7619/providers/Microsoft.LocationBasedServices/accounts/lbsapstestrg7619\",\r\n  \"name\": \"lbsapstestrg7619\",\r\n  \"type\": \"Microsoft.LocationBasedServices/accounts\",\r\n  \"location\": \"global\",\r\n  \"sku\": {\r\n    \"name\": \"S0\",\r\n    \"tier\": \"Standard\"\r\n  }\r\n}",
      "ResponseHeaders": {
        "Content-Length": [
          "335"
        ],
        "Content-Type": [
          "application/json; charset=utf-8"
        ],
        "Expires": [
          "-1"
        ],
        "Pragma": [
          "no-cache"
        ],
        "x-ms-ratelimit-remaining-subscription-reads": [
          "14995"
        ],
        "x-ms-request-id": [
          "f3c7e376-0b66-4009-805f-57f31a632878"
        ],
        "x-ms-correlation-request-id": [
          "f3c7e376-0b66-4009-805f-57f31a632878"
        ],
        "x-ms-routing-request-id": [
          "WESTUS2:20180118T211345Z:f3c7e376-0b66-4009-805f-57f31a632878"
        ],
        "Strict-Transport-Security": [
          "max-age=31536000; includeSubDomains"
        ],
        "Cache-Control": [
          "no-cache"
        ],
        "Date": [
          "Thu, 18 Jan 2018 21:13:45 GMT"
        ],
        "Server": [
          "Microsoft-HTTPAPI/2.0"
        ]
      },
      "StatusCode": 200
    },
    {
      "RequestUri": "/subscriptions/21a9967a-e8a9-4656-a70b-96ff1c4d05a0/resourceGroups/pstestrg7619/providers/Microsoft.LocationBasedServices/accounts?api-version=2017-01-01-preview",
      "EncodedRequestUri": "L3N1YnNjcmlwdGlvbnMvMjFhOTk2N2EtZThhOS00NjU2LWE3MGItOTZmZjFjNGQwNWEwL3Jlc291cmNlR3JvdXBzL3BzdGVzdHJnNzYxOS9wcm92aWRlcnMvTWljcm9zb2Z0LkxvY2F0aW9uQmFzZWRTZXJ2aWNlcy9hY2NvdW50cz9hcGktdmVyc2lvbj0yMDE3LTAxLTAxLXByZXZpZXc=",
      "RequestMethod": "GET",
      "RequestBody": "",
      "RequestHeaders": {
        "x-ms-client-request-id": [
          "4bfd4ca8-1996-4e99-877f-ff412fa01887"
        ],
        "accept-language": [
          "en-US"
        ],
        "User-Agent": [
          "FxVersion/4.7.2600.0",
          "OSName/Windows10Enterprise",
          "OSVersion/6.3.16299",
          "Microsoft.Azure.Management.LocationBasedServices.Client/1.0.0.0"
        ]
      },
      "ResponseBody": "{\r\n  \"value\": [\r\n    {\r\n      \"id\": \"/subscriptions/21a9967a-e8a9-4656-a70b-96ff1c4d05a0/resourceGroups/pstestrg7619/providers/Microsoft.LocationBasedServices/accounts/lbsapstestrg7619\",\r\n      \"name\": \"lbsapstestrg7619\",\r\n      \"type\": \"Microsoft.LocationBasedServices/accounts\",\r\n      \"location\": \"global\",\r\n      \"sku\": {\r\n        \"name\": \"S0\",\r\n        \"tier\": \"Standard\"\r\n      }\r\n    }\r\n  ]\r\n}",
      "ResponseHeaders": {
        "Content-Length": [
          "400"
        ],
        "Content-Type": [
          "application/json; charset=utf-8"
        ],
        "Expires": [
          "-1"
        ],
        "Pragma": [
          "no-cache"
        ],
        "x-ms-ratelimit-remaining-subscription-reads": [
          "14994"
        ],
        "x-ms-request-id": [
          "7d31c42a-78c8-4a8a-a60d-7d64e5aeb12c"
        ],
        "x-ms-correlation-request-id": [
          "7d31c42a-78c8-4a8a-a60d-7d64e5aeb12c"
        ],
        "x-ms-routing-request-id": [
          "WESTUS2:20180118T211346Z:7d31c42a-78c8-4a8a-a60d-7d64e5aeb12c"
        ],
        "Strict-Transport-Security": [
          "max-age=31536000; includeSubDomains"
        ],
        "Cache-Control": [
          "no-cache"
        ],
        "Date": [
          "Thu, 18 Jan 2018 21:13:46 GMT"
        ],
        "Server": [
          "Microsoft-HTTPAPI/2.0"
        ]
      },
      "StatusCode": 200
    },
    {
      "RequestUri": "/subscriptions/21a9967a-e8a9-4656-a70b-96ff1c4d05a0/providers/Microsoft.LocationBasedServices/accounts?api-version=2017-01-01-preview",
      "EncodedRequestUri": "L3N1YnNjcmlwdGlvbnMvMjFhOTk2N2EtZThhOS00NjU2LWE3MGItOTZmZjFjNGQwNWEwL3Byb3ZpZGVycy9NaWNyb3NvZnQuTG9jYXRpb25CYXNlZFNlcnZpY2VzL2FjY291bnRzP2FwaS12ZXJzaW9uPTIwMTctMDEtMDEtcHJldmlldw==",
      "RequestMethod": "GET",
      "RequestBody": "",
      "RequestHeaders": {
        "x-ms-client-request-id": [
          "bf4e2692-1119-4fd0-a8bf-20e65aac0d54"
        ],
        "accept-language": [
          "en-US"
        ],
        "User-Agent": [
          "FxVersion/4.7.2600.0",
          "OSName/Windows10Enterprise",
          "OSVersion/6.3.16299",
          "Microsoft.Azure.Management.LocationBasedServices.Client/1.0.0.0"
        ]
      },
      "ResponseBody": "{\r\n  \"value\": [\r\n    {\r\n      \"id\": \"/subscriptions/21a9967a-e8a9-4656-a70b-96ff1c4d05a0/resourceGroups/brendanc-test/providers/Microsoft.LocationBasedServices/accounts/perfeastus\",\r\n      \"name\": \"perfeastus\",\r\n      \"type\": \"Microsoft.LocationBasedServices/accounts\",\r\n      \"location\": \"global\",\r\n      \"sku\": {\r\n        \"name\": \"S0\",\r\n        \"tier\": \"Standard\"\r\n      }\r\n    },\r\n    {\r\n      \"id\": \"/subscriptions/21a9967a-e8a9-4656-a70b-96ff1c4d05a0/resourceGroups/brendanc-test/providers/Microsoft.LocationBasedServices/accounts/bperfwestus2\",\r\n      \"name\": \"bperfwestus2\",\r\n      \"type\": \"Microsoft.LocationBasedServices/accounts\",\r\n      \"location\": \"global\",\r\n      \"sku\": {\r\n        \"name\": \"S0\",\r\n        \"tier\": \"Standard\"\r\n      }\r\n    },\r\n    {\r\n      \"id\": \"/subscriptions/21a9967a-e8a9-4656-a70b-96ff1c4d05a0/resourceGroups/chgennar-test/providers/Microsoft.LocationBasedServices/accounts/Dynatrace_Temp_Account\",\r\n      \"name\": \"Dynatrace_Temp_Account\",\r\n      \"type\": \"Microsoft.LocationBasedServices/accounts\",\r\n      \"location\": \"global\",\r\n      \"sku\": {\r\n        \"name\": \"S0\",\r\n        \"tier\": \"Standard\"\r\n      }\r\n    },\r\n    {\r\n      \"id\": \"/subscriptions/21a9967a-e8a9-4656-a70b-96ff1c4d05a0/resourceGroups/brendanc-test/providers/Microsoft.LocationBasedServices/accounts/loadtest2\",\r\n      \"name\": \"loadtest2\",\r\n      \"type\": \"Microsoft.LocationBasedServices/accounts\",\r\n      \"location\": \"global\",\r\n      \"sku\": {\r\n        \"name\": \"S0\",\r\n        \"tier\": \"Standard\"\r\n      }\r\n    },\r\n    {\r\n      \"id\": \"/subscriptions/21a9967a-e8a9-4656-a70b-96ff1c4d05a0/resourceGroups/brendanc-test/providers/Microsoft.LocationBasedServices/accounts/aeastus\",\r\n      \"name\": \"aeastus\",\r\n      \"type\": \"Microsoft.LocationBasedServices/accounts\",\r\n      \"location\": \"global\",\r\n      \"sku\": {\r\n        \"name\": \"S0\",\r\n        \"tier\": \"Standard\"\r\n      }\r\n    },\r\n    {\r\n      \"id\": \"/subscriptions/21a9967a-e8a9-4656-a70b-96ff1c4d05a0/resourceGroups/Test/providers/Microsoft.LocationBasedServices/accounts/test-jinzhkey\",\r\n      \"name\": \"test-jinzhkey\",\r\n      \"type\": \"Microsoft.LocationBasedServices/accounts\",\r\n      \"location\": \"global\",\r\n      \"sku\": {\r\n        \"name\": \"S0\",\r\n        \"tier\": \"Standard\"\r\n      }\r\n    },\r\n    {\r\n      \"id\": \"/subscriptions/21a9967a-e8a9-4656-a70b-96ff1c4d05a0/resourceGroups/brendanc-test/providers/Microsoft.LocationBasedServices/accounts/LoadTestTrafficX1\",\r\n      \"name\": \"LoadTestTrafficX1\",\r\n      \"type\": \"Microsoft.LocationBasedServices/accounts\",\r\n      \"location\": \"global\",\r\n      \"sku\": {\r\n        \"name\": \"S0\",\r\n        \"tier\": \"Standard\"\r\n      }\r\n    },\r\n    {\r\n      \"id\": \"/subscriptions/21a9967a-e8a9-4656-a70b-96ff1c4d05a0/resourceGroups/RaySam-IOT/providers/Microsoft.LocationBasedServices/accounts/RaySamDev\",\r\n      \"name\": \"RaySamDev\",\r\n      \"type\": \"Microsoft.LocationBasedServices/accounts\",\r\n      \"location\": \"global\",\r\n      \"sku\": {\r\n        \"name\": \"S0\",\r\n        \"tier\": \"Standard\"\r\n      }\r\n    },\r\n    {\r\n      \"id\": \"/subscriptions/21a9967a-e8a9-4656-a70b-96ff1c4d05a0/resourceGroups/OldManLogan/providers/Microsoft.LocationBasedServices/accounts/Usability_TEST\",\r\n      \"name\": \"Usability_TEST\",\r\n      \"type\": \"Microsoft.LocationBasedServices/accounts\",\r\n      \"location\": \"global\",\r\n      \"sku\": {\r\n        \"name\": \"S0\",\r\n        \"tier\": \"Standard\"\r\n      }\r\n    },\r\n    {\r\n      \"id\": \"/subscriptions/21a9967a-e8a9-4656-a70b-96ff1c4d05a0/resourceGroups/chgennar_bug_bash/providers/Microsoft.LocationBasedServices/accounts/chgennar_bug_bash\",\r\n      \"name\": \"chgennar_bug_bash\",\r\n      \"type\": \"Microsoft.LocationBasedServices/accounts\",\r\n      \"location\": \"global\",\r\n      \"sku\": {\r\n        \"name\": \"S0\",\r\n        \"tier\": \"Standard\"\r\n      }\r\n    },\r\n    {\r\n      \"id\": \"/subscriptions/21a9967a-e8a9-4656-a70b-96ff1c4d05a0/resourceGroups/Test/providers/Microsoft.LocationBasedServices/accounts/testjinzh2\",\r\n      \"name\": \"testjinzh2\",\r\n      \"type\": \"Microsoft.LocationBasedServices/accounts\",\r\n      \"location\": \"global\",\r\n      \"sku\": {\r\n        \"name\": \"S0\",\r\n        \"tier\": \"Standard\"\r\n      }\r\n    },\r\n    {\r\n      \"id\": \"/subscriptions/21a9967a-e8a9-4656-a70b-96ff1c4d05a0/resourceGroups/ihvoitka_lbs/providers/Microsoft.LocationBasedServices/accounts/ihvoitka_lbs\",\r\n      \"name\": \"ihvoitka_lbs\",\r\n      \"type\": \"Microsoft.LocationBasedServices/accounts\",\r\n      \"location\": \"global\",\r\n      \"sku\": {\r\n        \"name\": \"S0\",\r\n        \"tier\": \"Standard\"\r\n      }\r\n    },\r\n    {\r\n      \"id\": \"/subscriptions/21a9967a-e8a9-4656-a70b-96ff1c4d05a0/resourceGroups/JeffCouTestRG/providers/Microsoft.LocationBasedServices/accounts/JeffCouTest1\",\r\n      \"name\": \"JeffCouTest1\",\r\n      \"type\": \"Microsoft.LocationBasedServices/accounts\",\r\n      \"location\": \"global\",\r\n      \"tags\": {\r\n        \"owner\": \"jeffcou\"\r\n      },\r\n      \"sku\": {\r\n        \"name\": \"S0\",\r\n        \"tier\": \"Standard\"\r\n      }\r\n    },\r\n    {\r\n      \"id\": \"/subscriptions/21a9967a-e8a9-4656-a70b-96ff1c4d05a0/resourceGroups/OldManLogan/providers/Microsoft.LocationBasedServices/accounts/ResourceNameSample\",\r\n      \"name\": \"ResourceNameSample\",\r\n      \"type\": \"Microsoft.LocationBasedServices/accounts\",\r\n      \"location\": \"global\",\r\n      \"sku\": {\r\n        \"name\": \"S0\",\r\n        \"tier\": \"Standard\"\r\n      }\r\n    },\r\n    {\r\n      \"id\": \"/subscriptions/21a9967a-e8a9-4656-a70b-96ff1c4d05a0/resourceGroups/ChadraTestALBS/providers/Microsoft.LocationBasedServices/accounts/chadra4\",\r\n      \"name\": \"chadra4\",\r\n      \"type\": \"Microsoft.LocationBasedServices/accounts\",\r\n      \"location\": \"global\",\r\n      \"sku\": {\r\n        \"name\": \"S0\",\r\n        \"tier\": \"Standard\"\r\n      }\r\n    },\r\n    {\r\n      \"id\": \"/subscriptions/21a9967a-e8a9-4656-a70b-96ff1c4d05a0/resourceGroups/Test/providers/Microsoft.LocationBasedServices/accounts/test123\",\r\n      \"name\": \"test123\",\r\n      \"type\": \"Microsoft.LocationBasedServices/accounts\",\r\n      \"location\": \"global\",\r\n      \"sku\": {\r\n        \"name\": \"S0\",\r\n        \"tier\": \"Standard\"\r\n      }\r\n    },\r\n    {\r\n      \"id\": \"/subscriptions/21a9967a-e8a9-4656-a70b-96ff1c4d05a0/resourceGroups/skamma_First/providers/Microsoft.LocationBasedServices/accounts/LbsForTest\",\r\n      \"name\": \"LbsForTest\",\r\n      \"type\": \"Microsoft.LocationBasedServices/accounts\",\r\n      \"location\": \"global\",\r\n      \"sku\": {\r\n        \"name\": \"S0\",\r\n        \"tier\": \"Standard\"\r\n      }\r\n    },\r\n    {\r\n      \"id\": \"/subscriptions/21a9967a-e8a9-4656-a70b-96ff1c4d05a0/resourceGroups/OldManLogan/providers/Microsoft.LocationBasedServices/accounts/TestAcct\",\r\n      \"name\": \"TestAcct\",\r\n      \"type\": \"Microsoft.LocationBasedServices/accounts\",\r\n      \"location\": \"global\",\r\n      \"sku\": {\r\n        \"name\": \"S0\",\r\n        \"tier\": \"Standard\"\r\n      }\r\n    },\r\n    {\r\n      \"id\": \"/subscriptions/21a9967a-e8a9-4656-a70b-96ff1c4d05a0/resourceGroups/brendanc-test/providers/Microsoft.LocationBasedServices/accounts/bpwesteu\",\r\n      \"name\": \"bpwesteu\",\r\n      \"type\": \"Microsoft.LocationBasedServices/accounts\",\r\n      \"location\": \"global\",\r\n      \"sku\": {\r\n        \"name\": \"S0\",\r\n        \"tier\": \"Standard\"\r\n      }\r\n    },\r\n    {\r\n      \"id\": \"/subscriptions/21a9967a-e8a9-4656-a70b-96ff1c4d05a0/resourceGroups/brendanc-test/providers/Microsoft.LocationBasedServices/accounts/awesteu\",\r\n      \"name\": \"awesteu\",\r\n      \"type\": \"Microsoft.LocationBasedServices/accounts\",\r\n      \"location\": \"global\",\r\n      \"sku\": {\r\n        \"name\": \"S0\",\r\n        \"tier\": \"Standard\"\r\n      }\r\n    },\r\n    {\r\n      \"id\": \"/subscriptions/21a9967a-e8a9-4656-a70b-96ff1c4d05a0/resourceGroups/YuqiTest/providers/Microsoft.LocationBasedServices/accounts/Yuqi_Test\",\r\n      \"name\": \"Yuqi_Test\",\r\n      \"type\": \"Microsoft.LocationBasedServices/accounts\",\r\n      \"location\": \"global\",\r\n      \"sku\": {\r\n        \"name\": \"S0\",\r\n        \"tier\": \"Standard\"\r\n      }\r\n    },\r\n    {\r\n      \"id\": \"/subscriptions/21a9967a-e8a9-4656-a70b-96ff1c4d05a0/resourceGroups/brendanc-test/providers/Microsoft.LocationBasedServices/accounts/testtest\",\r\n      \"name\": \"testtest\",\r\n      \"type\": \"Microsoft.LocationBasedServices/accounts\",\r\n      \"location\": \"global\",\r\n      \"sku\": {\r\n        \"name\": \"S0\",\r\n        \"tier\": \"Standard\"\r\n      }\r\n    },\r\n    {\r\n      \"id\": \"/subscriptions/21a9967a-e8a9-4656-a70b-96ff1c4d05a0/resourceGroups/brendanc-test/providers/Microsoft.LocationBasedServices/accounts/bperformancewestus\",\r\n      \"name\": \"bperformancewestus\",\r\n      \"type\": \"Microsoft.LocationBasedServices/accounts\",\r\n      \"location\": \"global\",\r\n      \"sku\": {\r\n        \"name\": \"S0\",\r\n        \"tier\": \"Standard\"\r\n      }\r\n    },\r\n    {\r\n      \"id\": \"/subscriptions/21a9967a-e8a9-4656-a70b-96ff1c4d05a0/resourceGroups/webscout/providers/Microsoft.LocationBasedServices/accounts/webscout\",\r\n      \"name\": \"webscout\",\r\n      \"type\": \"Microsoft.LocationBasedServices/accounts\",\r\n      \"location\": \"global\",\r\n      \"sku\": {\r\n        \"name\": \"S0\",\r\n        \"tier\": \"Standard\"\r\n      }\r\n    },\r\n    {\r\n      \"id\": \"/subscriptions/21a9967a-e8a9-4656-a70b-96ff1c4d05a0/resourceGroups/OldManLogan/providers/Microsoft.LocationBasedServices/accounts/Wolverine_2\",\r\n      \"name\": \"Wolverine_2\",\r\n      \"type\": \"Microsoft.LocationBasedServices/accounts\",\r\n      \"location\": \"global\",\r\n      \"sku\": {\r\n        \"name\": \"S0\",\r\n        \"tier\": \"Standard\"\r\n      }\r\n    },\r\n    {\r\n      \"id\": \"/subscriptions/21a9967a-e8a9-4656-a70b-96ff1c4d05a0/resourceGroups/JeffCouTestRG2/providers/Microsoft.LocationBasedServices/accounts/JeffCouTest4\",\r\n      \"name\": \"JeffCouTest4\",\r\n      \"type\": \"Microsoft.LocationBasedServices/accounts\",\r\n      \"location\": \"global\",\r\n      \"sku\": {\r\n        \"name\": \"S0\",\r\n        \"tier\": \"Standard\"\r\n      }\r\n    },\r\n    {\r\n      \"id\": \"/subscriptions/21a9967a-e8a9-4656-a70b-96ff1c4d05a0/resourceGroups/brendanc-test/providers/Microsoft.LocationBasedServices/accounts/loadtest1\",\r\n      \"name\": \"loadtest1\",\r\n      \"type\": \"Microsoft.LocationBasedServices/accounts\",\r\n      \"location\": \"global\",\r\n      \"sku\": {\r\n        \"name\": \"S0\",\r\n        \"tier\": \"Standard\"\r\n      }\r\n    },\r\n    {\r\n      \"id\": \"/subscriptions/21a9967a-e8a9-4656-a70b-96ff1c4d05a0/resourceGroups/brendanc-test/providers/Microsoft.LocationBasedServices/accounts/awestus\",\r\n      \"name\": \"awestus\",\r\n      \"type\": \"Microsoft.LocationBasedServices/accounts\",\r\n      \"location\": \"global\",\r\n      \"sku\": {\r\n        \"name\": \"S0\",\r\n        \"tier\": \"Standard\"\r\n      }\r\n    },\r\n    {\r\n      \"id\": \"/subscriptions/21a9967a-e8a9-4656-a70b-96ff1c4d05a0/resourceGroups/bretm1/providers/Microsoft.LocationBasedServices/accounts/bretm-lbs\",\r\n      \"name\": \"bretm-lbs\",\r\n      \"type\": \"Microsoft.LocationBasedServices/accounts\",\r\n      \"location\": \"global\",\r\n      \"sku\": {\r\n        \"name\": \"S0\",\r\n        \"tier\": \"Standard\"\r\n      }\r\n    },\r\n    {\r\n      \"id\": \"/subscriptions/21a9967a-e8a9-4656-a70b-96ff1c4d05a0/resourceGroups/OldManLogan/providers/Microsoft.LocationBasedServices/accounts/DELETE_ME\",\r\n      \"name\": \"DELETE_ME\",\r\n      \"type\": \"Microsoft.LocationBasedServices/accounts\",\r\n      \"location\": \"global\",\r\n      \"sku\": {\r\n        \"name\": \"S0\",\r\n        \"tier\": \"Standard\"\r\n      }\r\n    },\r\n    {\r\n      \"id\": \"/subscriptions/21a9967a-e8a9-4656-a70b-96ff1c4d05a0/resourceGroups/brendanc-test/providers/Microsoft.LocationBasedServices/accounts/bperformanceeastus\",\r\n      \"name\": \"bperformanceeastus\",\r\n      \"type\": \"Microsoft.LocationBasedServices/accounts\",\r\n      \"location\": \"global\",\r\n      \"sku\": {\r\n        \"name\": \"S0\",\r\n        \"tier\": \"Standard\"\r\n      }\r\n    },\r\n    {\r\n      \"id\": \"/subscriptions/21a9967a-e8a9-4656-a70b-96ff1c4d05a0/resourceGroups/pstestrg7619/providers/Microsoft.LocationBasedServices/accounts/lbsapstestrg7619\",\r\n      \"name\": \"lbsapstestrg7619\",\r\n      \"type\": \"Microsoft.LocationBasedServices/accounts\",\r\n      \"location\": \"global\",\r\n      \"sku\": {\r\n        \"name\": \"S0\",\r\n        \"tier\": \"Standard\"\r\n      }\r\n    },\r\n    {\r\n      \"id\": \"/subscriptions/21a9967a-e8a9-4656-a70b-96ff1c4d05a0/resourceGroups/brendanc-test/providers/Microsoft.LocationBasedServices/accounts/perfwestus\",\r\n      \"name\": \"perfwestus\",\r\n      \"type\": \"Microsoft.LocationBasedServices/accounts\",\r\n      \"location\": \"global\",\r\n      \"sku\": {\r\n        \"name\": \"S0\",\r\n        \"tier\": \"Standard\"\r\n      }\r\n    },\r\n    {\r\n      \"id\": \"/subscriptions/21a9967a-e8a9-4656-a70b-96ff1c4d05a0/resourceGroups/RaySam-Test/providers/Microsoft.LocationBasedServices/accounts/RaySam P- Test\",\r\n      \"name\": \"RaySam P- Test\",\r\n      \"type\": \"Microsoft.LocationBasedServices/accounts\",\r\n      \"location\": \"global\",\r\n      \"sku\": {\r\n        \"name\": \"S0\",\r\n        \"tier\": \"Standard\"\r\n      }\r\n    },\r\n    {\r\n      \"id\": \"/subscriptions/21a9967a-e8a9-4656-a70b-96ff1c4d05a0/resourceGroups/Aikman2/providers/Microsoft.LocationBasedServices/accounts/chadratest1\",\r\n      \"name\": \"chadratest1\",\r\n      \"type\": \"Microsoft.LocationBasedServices/accounts\",\r\n      \"location\": \"global\",\r\n      \"tags\": {\r\n        \"owner\": \"chadra\"\r\n      },\r\n      \"sku\": {\r\n        \"name\": \"S0\",\r\n        \"tier\": \"Standard\"\r\n      }\r\n    },\r\n    {\r\n      \"id\": \"/subscriptions/21a9967a-e8a9-4656-a70b-96ff1c4d05a0/resourceGroups/BrendanBilling/providers/Microsoft.LocationBasedServices/accounts/BrendanBilling\",\r\n      \"name\": \"BrendanBilling\",\r\n      \"type\": \"Microsoft.LocationBasedServices/accounts\",\r\n      \"location\": \"global\",\r\n      \"sku\": {\r\n        \"name\": \"S0\",\r\n        \"tier\": \"Standard\"\r\n      }\r\n    },\r\n    {\r\n      \"id\": \"/subscriptions/21a9967a-e8a9-4656-a70b-96ff1c4d05a0/resourceGroups/Test/providers/Microsoft.LocationBasedServices/accounts/test2-jinzh\",\r\n      \"name\": \"test2-jinzh\",\r\n      \"type\": \"Microsoft.LocationBasedServices/accounts\",\r\n      \"location\": \"global\",\r\n      \"sku\": {\r\n        \"name\": \"S0\",\r\n        \"tier\": \"Standard\"\r\n      }\r\n    },\r\n    {\r\n      \"id\": \"/subscriptions/21a9967a-e8a9-4656-a70b-96ff1c4d05a0/resourceGroups/JeffCouTestRG/providers/Microsoft.LocationBasedServices/accounts/JeffCouTest3\",\r\n      \"name\": \"JeffCouTest3\",\r\n      \"type\": \"Microsoft.LocationBasedServices/accounts\",\r\n      \"location\": \"global\",\r\n      \"sku\": {\r\n        \"name\": \"S0\",\r\n        \"tier\": \"Standard\"\r\n      }\r\n    },\r\n    {\r\n      \"id\": \"/subscriptions/21a9967a-e8a9-4656-a70b-96ff1c4d05a0/resourceGroups/brendanc-test/providers/Microsoft.LocationBasedServices/accounts/bperformancewestus2\",\r\n      \"name\": \"bperformancewestus2\",\r\n      \"type\": \"Microsoft.LocationBasedServices/accounts\",\r\n      \"location\": \"global\",\r\n      \"sku\": {\r\n        \"name\": \"S0\",\r\n        \"tier\": \"Standard\"\r\n      }\r\n    },\r\n    {\r\n      \"id\": \"/subscriptions/21a9967a-e8a9-4656-a70b-96ff1c4d05a0/resourceGroups/OldManLogan/providers/Microsoft.LocationBasedServices/accounts/Bug_Bash_Key\",\r\n      \"name\": \"Bug_Bash_Key\",\r\n      \"type\": \"Microsoft.LocationBasedServices/accounts\",\r\n      \"location\": \"global\",\r\n      \"sku\": {\r\n        \"name\": \"S0\",\r\n        \"tier\": \"Standard\"\r\n      }\r\n    },\r\n    {\r\n      \"id\": \"/subscriptions/21a9967a-e8a9-4656-a70b-96ff1c4d05a0/resourceGroups/brendanc-test/providers/Microsoft.LocationBasedServices/accounts/brendanperformance\",\r\n      \"name\": \"brendanperformance\",\r\n      \"type\": \"Microsoft.LocationBasedServices/accounts\",\r\n      \"location\": \"global\",\r\n      \"sku\": {\r\n        \"name\": \"S0\",\r\n        \"tier\": \"Standard\"\r\n      }\r\n    },\r\n    {\r\n      \"id\": \"/subscriptions/21a9967a-e8a9-4656-a70b-96ff1c4d05a0/resourceGroups/ChadTestLBS/providers/Microsoft.LocationBasedServices/accounts/chad_test5\",\r\n      \"name\": \"chad_test5\",\r\n      \"type\": \"Microsoft.LocationBasedServices/accounts\",\r\n      \"location\": \"global\",\r\n      \"sku\": {\r\n        \"name\": \"S0\",\r\n        \"tier\": \"Standard\"\r\n      }\r\n    },\r\n    {\r\n      \"id\": \"/subscriptions/21a9967a-e8a9-4656-a70b-96ff1c4d05a0/resourceGroups/brendanc-test/providers/Microsoft.LocationBasedServices/accounts/bperformancewestus4\",\r\n      \"name\": \"bperformancewestus4\",\r\n      \"type\": \"Microsoft.LocationBasedServices/accounts\",\r\n      \"location\": \"global\",\r\n      \"sku\": {\r\n        \"name\": \"S0\",\r\n        \"tier\": \"Standard\"\r\n      }\r\n    },\r\n    {\r\n      \"id\": \"/subscriptions/21a9967a-e8a9-4656-a70b-96ff1c4d05a0/resourceGroups/JeffCouTest/providers/Microsoft.LocationBasedServices/accounts/foofoo\",\r\n      \"name\": \"foofoo\",\r\n      \"type\": \"Microsoft.LocationBasedServices/accounts\",\r\n      \"location\": \"global\",\r\n      \"sku\": {\r\n        \"name\": \"S0\",\r\n        \"tier\": \"Standard\"\r\n      }\r\n    },\r\n    {\r\n      \"id\": \"/subscriptions/21a9967a-e8a9-4656-a70b-96ff1c4d05a0/resourceGroups/brendanc-test/providers/Microsoft.LocationBasedServices/accounts/bperformancewesteu\",\r\n      \"name\": \"bperformancewesteu\",\r\n      \"type\": \"Microsoft.LocationBasedServices/accounts\",\r\n      \"location\": \"global\",\r\n      \"sku\": {\r\n        \"name\": \"S0\",\r\n        \"tier\": \"Standard\"\r\n      }\r\n    },\r\n    {\r\n      \"id\": \"/subscriptions/21a9967a-e8a9-4656-a70b-96ff1c4d05a0/resourceGroups/DocumentationAssets/providers/Microsoft.LocationBasedServices/accounts/TestAccount\",\r\n      \"name\": \"TestAccount\",\r\n      \"type\": \"Microsoft.LocationBasedServices/accounts\",\r\n      \"location\": \"global\",\r\n      \"sku\": {\r\n        \"name\": \"S0\",\r\n        \"tier\": \"Standard\"\r\n      }\r\n    },\r\n    {\r\n      \"id\": \"/subscriptions/21a9967a-e8a9-4656-a70b-96ff1c4d05a0/resourceGroups/brendanc-test/providers/Microsoft.LocationBasedServices/accounts/bperfwesteu2\",\r\n      \"name\": \"bperfwesteu2\",\r\n      \"type\": \"Microsoft.LocationBasedServices/accounts\",\r\n      \"location\": \"global\",\r\n      \"sku\": {\r\n        \"name\": \"S0\",\r\n        \"tier\": \"Standard\"\r\n      }\r\n    },\r\n    {\r\n      \"id\": \"/subscriptions/21a9967a-e8a9-4656-a70b-96ff1c4d05a0/resourceGroups/OldManLogan/providers/Microsoft.LocationBasedServices/accounts/Wolverine\",\r\n      \"name\": \"Wolverine\",\r\n      \"type\": \"Microsoft.LocationBasedServices/accounts\",\r\n      \"location\": \"global\",\r\n      \"sku\": {\r\n        \"name\": \"S0\",\r\n        \"tier\": \"Standard\"\r\n      }\r\n    },\r\n    {\r\n      \"id\": \"/subscriptions/21a9967a-e8a9-4656-a70b-96ff1c4d05a0/resourceGroups/JeffCouTestRG/providers/Microsoft.LocationBasedServices/accounts/JeffCouTest2\",\r\n      \"name\": \"JeffCouTest2\",\r\n      \"type\": \"Microsoft.LocationBasedServices/accounts\",\r\n      \"location\": \"global\",\r\n      \"tags\": {\r\n        \"owner\": \"jeffcou\"\r\n      },\r\n      \"sku\": {\r\n        \"name\": \"S0\",\r\n        \"tier\": \"Standard\"\r\n      }\r\n    },\r\n    {\r\n      \"id\": \"/subscriptions/21a9967a-e8a9-4656-a70b-96ff1c4d05a0/resourceGroups/davsta/providers/Microsoft.LocationBasedServices/accounts/davsta-lbs\",\r\n      \"name\": \"davsta-lbs\",\r\n      \"type\": \"Microsoft.LocationBasedServices/accounts\",\r\n      \"location\": \"global\",\r\n      \"sku\": {\r\n        \"name\": \"S0\",\r\n        \"tier\": \"Standard\"\r\n      }\r\n    },\r\n    {\r\n      \"id\": \"/subscriptions/21a9967a-e8a9-4656-a70b-96ff1c4d05a0/resourceGroups/brendanc-test/providers/Microsoft.LocationBasedServices/accounts/testtest2\",\r\n      \"name\": \"testtest2\",\r\n      \"type\": \"Microsoft.LocationBasedServices/accounts\",\r\n      \"location\": \"global\",\r\n      \"sku\": {\r\n        \"name\": \"S0\",\r\n        \"tier\": \"Standard\"\r\n      }\r\n    },\r\n    {\r\n      \"id\": \"/subscriptions/21a9967a-e8a9-4656-a70b-96ff1c4d05a0/resourceGroups/brendanc-test/providers/Microsoft.LocationBasedServices/accounts/bpeastus\",\r\n      \"name\": \"bpeastus\",\r\n      \"type\": \"Microsoft.LocationBasedServices/accounts\",\r\n      \"location\": \"global\",\r\n      \"sku\": {\r\n        \"name\": \"S0\",\r\n        \"tier\": \"Standard\"\r\n      }\r\n    },\r\n    {\r\n      \"id\": \"/subscriptions/21a9967a-e8a9-4656-a70b-96ff1c4d05a0/resourceGroups/mifaltest/providers/Microsoft.LocationBasedServices/accounts/mifaltest\",\r\n      \"name\": \"mifaltest\",\r\n      \"type\": \"Microsoft.LocationBasedServices/accounts\",\r\n      \"location\": \"global\",\r\n      \"sku\": {\r\n        \"name\": \"S0\",\r\n        \"tier\": \"Standard\"\r\n      }\r\n    },\r\n    {\r\n      \"id\": \"/subscriptions/21a9967a-e8a9-4656-a70b-96ff1c4d05a0/resourceGroups/brendanc-test/providers/Microsoft.LocationBasedServices/accounts/bperfwestus\",\r\n      \"name\": \"bperfwestus\",\r\n      \"type\": \"Microsoft.LocationBasedServices/accounts\",\r\n      \"location\": \"global\",\r\n      \"sku\": {\r\n        \"name\": \"S0\",\r\n        \"tier\": \"Standard\"\r\n      }\r\n    },\r\n    {\r\n      \"id\": \"/subscriptions/21a9967a-e8a9-4656-a70b-96ff1c4d05a0/resourceGroups/Test/providers/Microsoft.LocationBasedServices/accounts/test-jinzh2\",\r\n      \"name\": \"test-jinzh2\",\r\n      \"type\": \"Microsoft.LocationBasedServices/accounts\",\r\n      \"location\": \"global\",\r\n      \"sku\": {\r\n        \"name\": \"S0\",\r\n        \"tier\": \"Standard\"\r\n      }\r\n    },\r\n    {\r\n      \"id\": \"/subscriptions/21a9967a-e8a9-4656-a70b-96ff1c4d05a0/resourceGroups/kevinslbs/providers/Microsoft.LocationBasedServices/accounts/kevinslbs\",\r\n      \"name\": \"kevinslbs\",\r\n      \"type\": \"Microsoft.LocationBasedServices/accounts\",\r\n      \"location\": \"global\",\r\n      \"sku\": {\r\n        \"name\": \"S0\",\r\n        \"tier\": \"Standard\"\r\n      }\r\n    },\r\n    {\r\n      \"id\": \"/subscriptions/21a9967a-e8a9-4656-a70b-96ff1c4d05a0/resourceGroups/pRunner/providers/Microsoft.LocationBasedServices/accounts/pApiRunner\",\r\n      \"name\": \"pApiRunner\",\r\n      \"type\": \"Microsoft.LocationBasedServices/accounts\",\r\n      \"location\": \"global\",\r\n      \"sku\": {\r\n        \"name\": \"S0\",\r\n        \"tier\": \"Standard\"\r\n      }\r\n    },\r\n    {\r\n      \"id\": \"/subscriptions/21a9967a-e8a9-4656-a70b-96ff1c4d05a0/resourceGroups/brendanc-test/providers/Microsoft.LocationBasedServices/accounts/bperformanceeastus2\",\r\n      \"name\": \"bperformanceeastus2\",\r\n      \"type\": \"Microsoft.LocationBasedServices/accounts\",\r\n      \"location\": \"global\",\r\n      \"sku\": {\r\n        \"name\": \"S0\",\r\n        \"tier\": \"Standard\"\r\n      }\r\n    },\r\n    {\r\n      \"id\": \"/subscriptions/21a9967a-e8a9-4656-a70b-96ff1c4d05a0/resourceGroups/brendanc-test/providers/Microsoft.LocationBasedServices/accounts/bperformancewestus3\",\r\n      \"name\": \"bperformancewestus3\",\r\n      \"type\": \"Microsoft.LocationBasedServices/accounts\",\r\n      \"location\": \"global\",\r\n      \"sku\": {\r\n        \"name\": \"S0\",\r\n        \"tier\": \"Standard\"\r\n      }\r\n    },\r\n    {\r\n      \"id\": \"/subscriptions/21a9967a-e8a9-4656-a70b-96ff1c4d05a0/resourceGroups/albs-global/providers/Microsoft.LocationBasedServices/accounts/ApiRunner\",\r\n      \"name\": \"ApiRunner\",\r\n      \"type\": \"Microsoft.LocationBasedServices/accounts\",\r\n      \"location\": \"global\",\r\n      \"sku\": {\r\n        \"name\": \"S0\",\r\n        \"tier\": \"Standard\"\r\n      }\r\n    },\r\n    {\r\n      \"id\": \"/subscriptions/21a9967a-e8a9-4656-a70b-96ff1c4d05a0/resourceGroups/brendanc-test/providers/Microsoft.LocationBasedServices/accounts/bperfwesteu\",\r\n      \"name\": \"bperfwesteu\",\r\n      \"type\": \"Microsoft.LocationBasedServices/accounts\",\r\n      \"location\": \"global\",\r\n      \"sku\": {\r\n        \"name\": \"S0\",\r\n        \"tier\": \"Standard\"\r\n      }\r\n    },\r\n    {\r\n      \"id\": \"/subscriptions/21a9967a-e8a9-4656-a70b-96ff1c4d05a0/resourceGroups/jeffcoutestrg/providers/Microsoft.LocationBasedServices/accounts/jeffcoutest4\",\r\n      \"name\": \"jeffcoutest4\",\r\n      \"type\": \"Microsoft.LocationBasedServices/accounts\",\r\n      \"location\": \"global\",\r\n      \"tags\": {\r\n        \"test\": \"true\"\r\n      },\r\n      \"sku\": {\r\n        \"name\": \"S0\",\r\n        \"tier\": \"Standard\"\r\n      }\r\n    },\r\n    {\r\n      \"id\": \"/subscriptions/21a9967a-e8a9-4656-a70b-96ff1c4d05a0/resourceGroups/lbs-runners/providers/Microsoft.LocationBasedServices/accounts/lbs-runners\",\r\n      \"name\": \"lbs-runners\",\r\n      \"type\": \"Microsoft.LocationBasedServices/accounts\",\r\n      \"location\": \"global\",\r\n      \"sku\": {\r\n        \"name\": \"S0\",\r\n        \"tier\": \"Standard\"\r\n      }\r\n    },\r\n    {\r\n      \"id\": \"/subscriptions/21a9967a-e8a9-4656-a70b-96ff1c4d05a0/resourceGroups/RaySam-IOT/providers/Microsoft.LocationBasedServices/accounts/Connected Balls\",\r\n      \"name\": \"Connected Balls\",\r\n      \"type\": \"Microsoft.LocationBasedServices/accounts\",\r\n      \"location\": \"global\",\r\n      \"sku\": {\r\n        \"name\": \"S0\",\r\n        \"tier\": \"Standard\"\r\n      }\r\n    },\r\n    {\r\n      \"id\": \"/subscriptions/21a9967a-e8a9-4656-a70b-96ff1c4d05a0/resourceGroups/brendanc-test/providers/Microsoft.LocationBasedServices/accounts/bperfeastus\",\r\n      \"name\": \"bperfeastus\",\r\n      \"type\": \"Microsoft.LocationBasedServices/accounts\",\r\n      \"location\": \"global\",\r\n      \"sku\": {\r\n        \"name\": \"S0\",\r\n        \"tier\": \"Standard\"\r\n      }\r\n    },\r\n    {\r\n      \"id\": \"/subscriptions/21a9967a-e8a9-4656-a70b-96ff1c4d05a0/resourceGroups/InternalPreview/providers/Microsoft.LocationBasedServices/accounts/InternalPreview\",\r\n      \"name\": \"InternalPreview\",\r\n      \"type\": \"Microsoft.LocationBasedServices/accounts\",\r\n      \"location\": \"global\",\r\n      \"tags\": {\r\n        \"internal\": \"true\"\r\n      },\r\n      \"sku\": {\r\n        \"name\": \"S0\",\r\n        \"tier\": \"Standard\"\r\n      }\r\n    }\r\n  ]\r\n}",
      "ResponseHeaders": {
        "Content-Length": [
          "24647"
        ],
        "Content-Type": [
          "application/json; charset=utf-8"
        ],
        "Expires": [
          "-1"
        ],
        "Pragma": [
          "no-cache"
        ],
        "x-ms-ratelimit-remaining-subscription-reads": [
          "14993"
        ],
        "x-ms-request-id": [
          "23a3ea1c-d221-4555-bcab-eeadc88a3c91"
        ],
        "x-ms-correlation-request-id": [
          "23a3ea1c-d221-4555-bcab-eeadc88a3c91"
        ],
        "x-ms-routing-request-id": [
          "WESTUS2:20180118T211346Z:23a3ea1c-d221-4555-bcab-eeadc88a3c91"
        ],
        "Strict-Transport-Security": [
          "max-age=31536000; includeSubDomains"
        ],
        "Cache-Control": [
          "no-cache"
        ],
        "Date": [
          "Thu, 18 Jan 2018 21:13:46 GMT"
        ],
        "Server": [
          "Microsoft-HTTPAPI/2.0"
        ]
      },
      "StatusCode": 200
    },
    {
      "RequestUri": "/subscriptions/21a9967a-e8a9-4656-a70b-96ff1c4d05a0/resourceGroups/pstestrg7619/providers/Microsoft.LocationBasedServices/accounts/lbsapstestrg7619?api-version=2017-01-01-preview",
      "EncodedRequestUri": "L3N1YnNjcmlwdGlvbnMvMjFhOTk2N2EtZThhOS00NjU2LWE3MGItOTZmZjFjNGQwNWEwL3Jlc291cmNlR3JvdXBzL3BzdGVzdHJnNzYxOS9wcm92aWRlcnMvTWljcm9zb2Z0LkxvY2F0aW9uQmFzZWRTZXJ2aWNlcy9hY2NvdW50cy9sYnNhcHN0ZXN0cmc3NjE5P2FwaS12ZXJzaW9uPTIwMTctMDEtMDEtcHJldmlldw==",
      "RequestMethod": "DELETE",
      "RequestBody": "",
      "RequestHeaders": {
        "x-ms-client-request-id": [
          "70df2890-a62f-4ebe-b331-b499bf4881bd"
        ],
        "accept-language": [
          "en-US"
        ],
        "User-Agent": [
          "FxVersion/4.7.2600.0",
          "OSName/Windows10Enterprise",
          "OSVersion/6.3.16299",
          "Microsoft.Azure.Management.LocationBasedServices.Client/1.0.0.0"
        ]
      },
      "ResponseBody": "",
      "ResponseHeaders": {
        "Content-Length": [
          "0"
        ],
        "Expires": [
          "-1"
        ],
        "Pragma": [
          "no-cache"
        ],
        "x-ms-ratelimit-remaining-subscription-writes": [
          "1198"
        ],
        "x-ms-request-id": [
          "dd4012c4-b2bb-4a06-be29-532bcd4dfcc1"
        ],
        "x-ms-correlation-request-id": [
          "dd4012c4-b2bb-4a06-be29-532bcd4dfcc1"
        ],
        "x-ms-routing-request-id": [
          "WESTUS2:20180118T211348Z:dd4012c4-b2bb-4a06-be29-532bcd4dfcc1"
        ],
        "Strict-Transport-Security": [
          "max-age=31536000; includeSubDomains"
        ],
        "Cache-Control": [
          "no-cache"
        ],
        "Date": [
          "Thu, 18 Jan 2018 21:13:47 GMT"
        ],
        "Server": [
          "Microsoft-HTTPAPI/2.0"
        ]
      },
      "StatusCode": 200
    },
    {
      "RequestUri": "/subscriptions/21a9967a-e8a9-4656-a70b-96ff1c4d05a0/resourcegroups/pstestrg7619?api-version=2016-02-01",
      "EncodedRequestUri": "L3N1YnNjcmlwdGlvbnMvMjFhOTk2N2EtZThhOS00NjU2LWE3MGItOTZmZjFjNGQwNWEwL3Jlc291cmNlZ3JvdXBzL3BzdGVzdHJnNzYxOT9hcGktdmVyc2lvbj0yMDE2LTAyLTAx",
      "RequestMethod": "DELETE",
      "RequestBody": "",
      "RequestHeaders": {
        "User-Agent": [
          "Microsoft.Azure.Management.Resources.ResourceManagementClient/2.0.0.0"
        ]
      },
      "ResponseBody": "",
      "ResponseHeaders": {
        "Content-Length": [
          "0"
        ],
        "Expires": [
          "-1"
        ],
        "Pragma": [
          "no-cache"
        ],
        "Retry-After": [
          "15"
        ],
        "x-ms-ratelimit-remaining-subscription-writes": [
          "1198"
        ],
        "x-ms-request-id": [
          "1ea24675-f840-47b5-8486-7edf5d3d70b7"
        ],
        "x-ms-correlation-request-id": [
          "1ea24675-f840-47b5-8486-7edf5d3d70b7"
        ],
        "x-ms-routing-request-id": [
          "WESTUS2:20180118T211348Z:1ea24675-f840-47b5-8486-7edf5d3d70b7"
        ],
        "Strict-Transport-Security": [
          "max-age=31536000; includeSubDomains"
        ],
        "Cache-Control": [
          "no-cache"
        ],
        "Date": [
          "Thu, 18 Jan 2018 21:13:48 GMT"
        ],
        "Location": [
          "https://management.azure.com/subscriptions/21a9967a-e8a9-4656-a70b-96ff1c4d05a0/operationresults/eyJqb2JJZCI6IlJFU09VUkNFR1JPVVBERUxFVElPTkpPQi1QU1RFU1RSRzc2MTktV0VTVFVTIiwiam9iTG9jYXRpb24iOiJ3ZXN0dXMifQ?api-version=2016-02-01"
        ]
      },
      "StatusCode": 202
    },
    {
      "RequestUri": "/subscriptions/21a9967a-e8a9-4656-a70b-96ff1c4d05a0/operationresults/eyJqb2JJZCI6IlJFU09VUkNFR1JPVVBERUxFVElPTkpPQi1QU1RFU1RSRzc2MTktV0VTVFVTIiwiam9iTG9jYXRpb24iOiJ3ZXN0dXMifQ?api-version=2016-02-01",
      "EncodedRequestUri": "L3N1YnNjcmlwdGlvbnMvMjFhOTk2N2EtZThhOS00NjU2LWE3MGItOTZmZjFjNGQwNWEwL29wZXJhdGlvbnJlc3VsdHMvZXlKcWIySkpaQ0k2SWxKRlUwOVZVa05GUjFKUFZWQkVSVXhGVkVsUFRrcFBRaTFRVTFSRlUxUlNSemMyTVRrdFYwVlRWRlZUSWl3aWFtOWlURzlqWVhScGIyNGlPaUozWlhOMGRYTWlmUT9hcGktdmVyc2lvbj0yMDE2LTAyLTAx",
      "RequestMethod": "GET",
      "RequestBody": "",
      "RequestHeaders": {
        "x-ms-version": [
          "2016-02-01"
        ],
        "User-Agent": [
          "Microsoft.Azure.Management.Resources.ResourceManagementClient/2.0.0.0"
        ]
      },
      "ResponseBody": "",
      "ResponseHeaders": {
        "Content-Length": [
          "0"
        ],
        "Expires": [
          "-1"
        ],
        "Pragma": [
          "no-cache"
        ],
        "Retry-After": [
          "15"
        ],
        "x-ms-ratelimit-remaining-subscription-reads": [
          "14998"
        ],
        "x-ms-request-id": [
          "4edb8f5f-76bc-435f-a550-57e861d5ea3e"
        ],
        "x-ms-correlation-request-id": [
          "4edb8f5f-76bc-435f-a550-57e861d5ea3e"
        ],
        "x-ms-routing-request-id": [
          "WESTUS2:20180118T211348Z:4edb8f5f-76bc-435f-a550-57e861d5ea3e"
        ],
        "Strict-Transport-Security": [
          "max-age=31536000; includeSubDomains"
        ],
        "Cache-Control": [
          "no-cache"
        ],
        "Date": [
          "Thu, 18 Jan 2018 21:13:48 GMT"
        ],
        "Location": [
          "https://management.azure.com/subscriptions/21a9967a-e8a9-4656-a70b-96ff1c4d05a0/operationresults/eyJqb2JJZCI6IlJFU09VUkNFR1JPVVBERUxFVElPTkpPQi1QU1RFU1RSRzc2MTktV0VTVFVTIiwiam9iTG9jYXRpb24iOiJ3ZXN0dXMifQ?api-version=2016-02-01"
        ]
      },
      "StatusCode": 202
    },
    {
      "RequestUri": "/subscriptions/21a9967a-e8a9-4656-a70b-96ff1c4d05a0/operationresults/eyJqb2JJZCI6IlJFU09VUkNFR1JPVVBERUxFVElPTkpPQi1QU1RFU1RSRzc2MTktV0VTVFVTIiwiam9iTG9jYXRpb24iOiJ3ZXN0dXMifQ?api-version=2016-02-01",
      "EncodedRequestUri": "L3N1YnNjcmlwdGlvbnMvMjFhOTk2N2EtZThhOS00NjU2LWE3MGItOTZmZjFjNGQwNWEwL29wZXJhdGlvbnJlc3VsdHMvZXlKcWIySkpaQ0k2SWxKRlUwOVZVa05GUjFKUFZWQkVSVXhGVkVsUFRrcFBRaTFRVTFSRlUxUlNSemMyTVRrdFYwVlRWRlZUSWl3aWFtOWlURzlqWVhScGIyNGlPaUozWlhOMGRYTWlmUT9hcGktdmVyc2lvbj0yMDE2LTAyLTAx",
      "RequestMethod": "GET",
      "RequestBody": "",
      "RequestHeaders": {
        "x-ms-version": [
          "2016-02-01"
        ],
        "User-Agent": [
          "Microsoft.Azure.Management.Resources.ResourceManagementClient/2.0.0.0"
        ]
      },
      "ResponseBody": "",
      "ResponseHeaders": {
        "Content-Length": [
          "0"
        ],
        "Expires": [
          "-1"
        ],
        "Pragma": [
          "no-cache"
        ],
        "Retry-After": [
          "15"
        ],
        "x-ms-ratelimit-remaining-subscription-reads": [
          "14997"
        ],
        "x-ms-request-id": [
          "76f8b69b-7977-4764-999e-64e1ec1fd1a7"
        ],
        "x-ms-correlation-request-id": [
          "76f8b69b-7977-4764-999e-64e1ec1fd1a7"
        ],
        "x-ms-routing-request-id": [
          "WESTUS2:20180118T211404Z:76f8b69b-7977-4764-999e-64e1ec1fd1a7"
        ],
        "Strict-Transport-Security": [
          "max-age=31536000; includeSubDomains"
        ],
        "Cache-Control": [
          "no-cache"
        ],
        "Date": [
          "Thu, 18 Jan 2018 21:14:03 GMT"
        ],
        "Location": [
          "https://management.azure.com/subscriptions/21a9967a-e8a9-4656-a70b-96ff1c4d05a0/operationresults/eyJqb2JJZCI6IlJFU09VUkNFR1JPVVBERUxFVElPTkpPQi1QU1RFU1RSRzc2MTktV0VTVFVTIiwiam9iTG9jYXRpb24iOiJ3ZXN0dXMifQ?api-version=2016-02-01"
        ]
      },
      "StatusCode": 202
    },
    {
      "RequestUri": "/subscriptions/21a9967a-e8a9-4656-a70b-96ff1c4d05a0/operationresults/eyJqb2JJZCI6IlJFU09VUkNFR1JPVVBERUxFVElPTkpPQi1QU1RFU1RSRzc2MTktV0VTVFVTIiwiam9iTG9jYXRpb24iOiJ3ZXN0dXMifQ?api-version=2016-02-01",
      "EncodedRequestUri": "L3N1YnNjcmlwdGlvbnMvMjFhOTk2N2EtZThhOS00NjU2LWE3MGItOTZmZjFjNGQwNWEwL29wZXJhdGlvbnJlc3VsdHMvZXlKcWIySkpaQ0k2SWxKRlUwOVZVa05GUjFKUFZWQkVSVXhGVkVsUFRrcFBRaTFRVTFSRlUxUlNSemMyTVRrdFYwVlRWRlZUSWl3aWFtOWlURzlqWVhScGIyNGlPaUozWlhOMGRYTWlmUT9hcGktdmVyc2lvbj0yMDE2LTAyLTAx",
      "RequestMethod": "GET",
      "RequestBody": "",
      "RequestHeaders": {
        "x-ms-version": [
          "2016-02-01"
        ],
        "User-Agent": [
          "Microsoft.Azure.Management.Resources.ResourceManagementClient/2.0.0.0"
        ]
      },
      "ResponseBody": "",
      "ResponseHeaders": {
        "Content-Length": [
          "0"
        ],
        "Expires": [
          "-1"
        ],
        "Pragma": [
          "no-cache"
        ],
        "x-ms-ratelimit-remaining-subscription-reads": [
          "14996"
        ],
        "x-ms-request-id": [
          "4e4557a5-c608-4efe-ba96-d0a7f38d9542"
        ],
        "x-ms-correlation-request-id": [
          "4e4557a5-c608-4efe-ba96-d0a7f38d9542"
        ],
        "x-ms-routing-request-id": [
          "WESTUS2:20180118T211419Z:4e4557a5-c608-4efe-ba96-d0a7f38d9542"
        ],
        "Strict-Transport-Security": [
          "max-age=31536000; includeSubDomains"
        ],
        "Cache-Control": [
          "no-cache"
        ],
        "Date": [
          "Thu, 18 Jan 2018 21:14:18 GMT"
        ]
      },
      "StatusCode": 200
    }
  ],
  "Names": {
    "Test-GetAzureLocationBasedServicesAccount": [
      "pstestrg7619"
    ]
  },
  "Variables": {
    "SubscriptionId": "21a9967a-e8a9-4656-a70b-96ff1c4d05a0"
  }
}