{
  "Entries": [
    {
      "RequestUri": "/subscriptions/21a9967a-e8a9-4656-a70b-96ff1c4d05a0/providers/Microsoft.LocationBasedServices?api-version=2016-02-01",
      "EncodedRequestUri": "L3N1YnNjcmlwdGlvbnMvMjFhOTk2N2EtZThhOS00NjU2LWE3MGItOTZmZjFjNGQwNWEwL3Byb3ZpZGVycy9NaWNyb3NvZnQuTG9jYXRpb25CYXNlZFNlcnZpY2VzP2FwaS12ZXJzaW9uPTIwMTYtMDItMDE=",
      "RequestMethod": "GET",
      "RequestBody": "",
      "RequestHeaders": {
        "User-Agent": [
          "Microsoft.Azure.Management.Resources.ResourceManagementClient/2.0.0.0"
        ]
      },
      "ResponseBody": "{\r\n  \"id\": \"/subscriptions/21a9967a-e8a9-4656-a70b-96ff1c4d05a0/providers/Microsoft.LocationBasedServices\",\r\n  \"namespace\": \"Microsoft.LocationBasedServices\",\r\n  \"resourceTypes\": [\r\n    {\r\n      \"resourceType\": \"accounts\",\r\n      \"locations\": [\r\n        \"Global\"\r\n      ],\r\n      \"apiVersions\": [\r\n        \"2017-01-01-preview\"\r\n      ],\r\n      \"capabilities\": \"CrossResourceGroupResourceMove, CrossSubscriptionResourceMove\"\r\n    },\r\n    {\r\n      \"resourceType\": \"operations\",\r\n      \"locations\": [],\r\n      \"apiVersions\": [\r\n        \"2017-01-01-preview\"\r\n      ]\r\n    }\r\n  ],\r\n  \"registrationState\": \"Registered\"\r\n}",
      "ResponseHeaders": {
        "Content-Length": [
          "448"
        ],
        "Content-Type": [
          "application/json; charset=utf-8"
        ],
        "Expires": [
          "-1"
        ],
        "Pragma": [
          "no-cache"
        ],
        "x-ms-ratelimit-remaining-subscription-reads": [
          "14994"
        ],
        "x-ms-request-id": [
          "4c83e388-423b-4e2d-a841-62e03f6ae820"
        ],
        "x-ms-correlation-request-id": [
          "4c83e388-423b-4e2d-a841-62e03f6ae820"
        ],
        "x-ms-routing-request-id": [
          "WESTUS2:20180118T211035Z:4c83e388-423b-4e2d-a841-62e03f6ae820"
        ],
        "Strict-Transport-Security": [
          "max-age=31536000; includeSubDomains"
        ],
        "Cache-Control": [
          "no-cache"
        ],
        "Date": [
          "Thu, 18 Jan 2018 21:10:34 GMT"
        ]
      },
      "StatusCode": 200
    },
    {
      "RequestUri": "/subscriptions/21a9967a-e8a9-4656-a70b-96ff1c4d05a0/resourcegroups/pstestrg6045?api-version=2016-02-01",
      "EncodedRequestUri": "L3N1YnNjcmlwdGlvbnMvMjFhOTk2N2EtZThhOS00NjU2LWE3MGItOTZmZjFjNGQwNWEwL3Jlc291cmNlZ3JvdXBzL3BzdGVzdHJnNjA0NT9hcGktdmVyc2lvbj0yMDE2LTAyLTAx",
      "RequestMethod": "PUT",
      "RequestBody": "{\r\n  \"location\": \"West US\"\r\n}",
      "RequestHeaders": {
        "Content-Type": [
          "application/json; charset=utf-8"
        ],
        "Content-Length": [
          "29"
        ],
        "User-Agent": [
          "Microsoft.Azure.Management.Resources.ResourceManagementClient/2.0.0.0"
        ]
      },
      "ResponseBody": "{\r\n  \"id\": \"/subscriptions/21a9967a-e8a9-4656-a70b-96ff1c4d05a0/resourceGroups/pstestrg6045\",\r\n  \"name\": \"pstestrg6045\",\r\n  \"location\": \"westus\",\r\n  \"properties\": {\r\n    \"provisioningState\": \"Succeeded\"\r\n  }\r\n}",
      "ResponseHeaders": {
        "Content-Length": [
          "177"
        ],
        "Content-Type": [
          "application/json; charset=utf-8"
        ],
        "Expires": [
          "-1"
        ],
        "Pragma": [
          "no-cache"
        ],
        "x-ms-ratelimit-remaining-subscription-writes": [
          "1199"
        ],
        "x-ms-request-id": [
          "a636b82b-439b-4f8c-941a-ff12a9f82a4d"
        ],
        "x-ms-correlation-request-id": [
          "a636b82b-439b-4f8c-941a-ff12a9f82a4d"
        ],
        "x-ms-routing-request-id": [
          "WESTUS2:20180118T211036Z:a636b82b-439b-4f8c-941a-ff12a9f82a4d"
        ],
        "Strict-Transport-Security": [
          "max-age=31536000; includeSubDomains"
        ],
        "Cache-Control": [
          "no-cache"
        ],
        "Date": [
          "Thu, 18 Jan 2018 21:10:35 GMT"
        ]
      },
      "StatusCode": 201
    },
    {
      "RequestUri": "/subscriptions/21a9967a-e8a9-4656-a70b-96ff1c4d05a0/resourceGroups/pstestrg6045/providers/Microsoft.LocationBasedServices/accounts/lbsapstestrg6045?api-version=2017-01-01-preview",
      "EncodedRequestUri": "L3N1YnNjcmlwdGlvbnMvMjFhOTk2N2EtZThhOS00NjU2LWE3MGItOTZmZjFjNGQwNWEwL3Jlc291cmNlR3JvdXBzL3BzdGVzdHJnNjA0NS9wcm92aWRlcnMvTWljcm9zb2Z0LkxvY2F0aW9uQmFzZWRTZXJ2aWNlcy9hY2NvdW50cy9sYnNhcHN0ZXN0cmc2MDQ1P2FwaS12ZXJzaW9uPTIwMTctMDEtMDEtcHJldmlldw==",
      "RequestMethod": "PUT",
      "RequestBody": "{\r\n  \"location\": \"global\",\r\n  \"sku\": {\r\n    \"name\": \"S0\"\r\n  }\r\n}",
      "RequestHeaders": {
        "Content-Type": [
          "application/json; charset=utf-8"
        ],
        "Content-Length": [
          "64"
        ],
        "x-ms-client-request-id": [
          "edae85f7-98fa-4e58-ba1c-962e76371014"
        ],
        "accept-language": [
          "en-US"
        ],
        "User-Agent": [
          "FxVersion/4.7.2600.0",
          "OSName/Windows10Enterprise",
          "OSVersion/6.3.16299",
          "Microsoft.Azure.Management.LocationBasedServices.Client/1.0.0.0"
        ]
      },
      "ResponseBody": "{\r\n  \"id\": \"/subscriptions/21a9967a-e8a9-4656-a70b-96ff1c4d05a0/resourceGroups/pstestrg6045/providers/Microsoft.LocationBasedServices/accounts/lbsapstestrg6045\",\r\n  \"name\": \"lbsapstestrg6045\",\r\n  \"type\": \"Microsoft.LocationBasedServices/accounts\",\r\n  \"location\": \"global\",\r\n  \"sku\": {\r\n    \"name\": \"S0\",\r\n    \"tier\": \"Standard\"\r\n  }\r\n}",
      "ResponseHeaders": {
        "Content-Length": [
          "335"
        ],
        "Content-Type": [
          "application/json; charset=utf-8"
        ],
        "Expires": [
          "-1"
        ],
        "Pragma": [
          "no-cache"
        ],
        "x-ms-ratelimit-remaining-subscription-writes": [
          "1199"
        ],
        "x-ms-request-id": [
          "b30cb611-0b87-4b19-a4a5-c84ae7699b42"
        ],
        "x-ms-correlation-request-id": [
          "b30cb611-0b87-4b19-a4a5-c84ae7699b42"
        ],
        "x-ms-routing-request-id": [
          "WESTUS2:20180118T211039Z:b30cb611-0b87-4b19-a4a5-c84ae7699b42"
        ],
        "Strict-Transport-Security": [
          "max-age=31536000; includeSubDomains"
        ],
        "Cache-Control": [
          "no-cache"
        ],
        "Date": [
          "Thu, 18 Jan 2018 21:10:39 GMT"
        ],
        "Server": [
          "Microsoft-HTTPAPI/2.0"
        ]
      },
      "StatusCode": 201
    },
    {
      "RequestUri": "/subscriptions/21a9967a-e8a9-4656-a70b-96ff1c4d05a0/resourceGroups/pstestrg6045/providers/Microsoft.LocationBasedServices/accounts/lbsapstestrg6045?api-version=2017-01-01-preview",
      "EncodedRequestUri": "L3N1YnNjcmlwdGlvbnMvMjFhOTk2N2EtZThhOS00NjU2LWE3MGItOTZmZjFjNGQwNWEwL3Jlc291cmNlR3JvdXBzL3BzdGVzdHJnNjA0NS9wcm92aWRlcnMvTWljcm9zb2Z0LkxvY2F0aW9uQmFzZWRTZXJ2aWNlcy9hY2NvdW50cy9sYnNhcHN0ZXN0cmc2MDQ1P2FwaS12ZXJzaW9uPTIwMTctMDEtMDEtcHJldmlldw==",
      "RequestMethod": "PUT",
      "RequestBody": "{\r\n  \"location\": \"global\",\r\n  \"sku\": {\r\n    \"name\": \"S0\"\r\n  }\r\n}",
      "RequestHeaders": {
        "Content-Type": [
          "application/json; charset=utf-8"
        ],
        "Content-Length": [
          "64"
        ],
        "x-ms-client-request-id": [
          "b1c448e7-a40b-47eb-a0e2-62b4f17f958c"
        ],
        "accept-language": [
          "en-US"
        ],
        "User-Agent": [
          "FxVersion/4.7.2600.0",
          "OSName/Windows10Enterprise",
          "OSVersion/6.3.16299",
          "Microsoft.Azure.Management.LocationBasedServices.Client/1.0.0.0"
        ]
      },
      "ResponseBody": "{\r\n  \"id\": \"/subscriptions/21a9967a-e8a9-4656-a70b-96ff1c4d05a0/resourceGroups/pstestrg6045/providers/Microsoft.LocationBasedServices/accounts/lbsapstestrg6045\",\r\n  \"name\": \"lbsapstestrg6045\",\r\n  \"type\": \"Microsoft.LocationBasedServices/accounts\",\r\n  \"location\": \"global\",\r\n  \"sku\": {\r\n    \"name\": \"S0\",\r\n    \"tier\": \"Standard\"\r\n  }\r\n}",
      "ResponseHeaders": {
        "Content-Length": [
          "335"
        ],
        "Content-Type": [
          "application/json; charset=utf-8"
        ],
        "Expires": [
          "-1"
        ],
        "Pragma": [
          "no-cache"
        ],
        "x-ms-ratelimit-remaining-subscription-writes": [
          "1198"
        ],
        "x-ms-request-id": [
          "c51924ad-fc27-41eb-b18f-cd802ce4d409"
        ],
        "x-ms-correlation-request-id": [
          "c51924ad-fc27-41eb-b18f-cd802ce4d409"
        ],
        "x-ms-routing-request-id": [
          "WESTUS2:20180118T211040Z:c51924ad-fc27-41eb-b18f-cd802ce4d409"
        ],
        "Strict-Transport-Security": [
          "max-age=31536000; includeSubDomains"
        ],
        "Cache-Control": [
          "no-cache"
        ],
        "Date": [
          "Thu, 18 Jan 2018 21:10:40 GMT"
        ],
        "Server": [
          "Microsoft-HTTPAPI/2.0"
        ]
      },
      "StatusCode": 200
    },
    {
      "RequestUri": "/subscriptions/21a9967a-e8a9-4656-a70b-96ff1c4d05a0/resourceGroups/pstestrg6045/providers/Microsoft.LocationBasedServices/accounts/lbsapstestrg6045?api-version=2017-01-01-preview",
      "EncodedRequestUri": "L3N1YnNjcmlwdGlvbnMvMjFhOTk2N2EtZThhOS00NjU2LWE3MGItOTZmZjFjNGQwNWEwL3Jlc291cmNlR3JvdXBzL3BzdGVzdHJnNjA0NS9wcm92aWRlcnMvTWljcm9zb2Z0LkxvY2F0aW9uQmFzZWRTZXJ2aWNlcy9hY2NvdW50cy9sYnNhcHN0ZXN0cmc2MDQ1P2FwaS12ZXJzaW9uPTIwMTctMDEtMDEtcHJldmlldw==",
      "RequestMethod": "GET",
      "RequestBody": "",
      "RequestHeaders": {
        "x-ms-client-request-id": [
          "77ac3e72-2d8f-4f51-9dd0-6f68b8397b01"
        ],
        "accept-language": [
          "en-US"
        ],
        "User-Agent": [
          "FxVersion/4.7.2600.0",
          "OSName/Windows10Enterprise",
          "OSVersion/6.3.16299",
          "Microsoft.Azure.Management.LocationBasedServices.Client/1.0.0.0"
        ]
      },
      "ResponseBody": "{\r\n  \"id\": \"/subscriptions/21a9967a-e8a9-4656-a70b-96ff1c4d05a0/resourceGroups/pstestrg6045/providers/Microsoft.LocationBasedServices/accounts/lbsapstestrg6045\",\r\n  \"name\": \"lbsapstestrg6045\",\r\n  \"type\": \"Microsoft.LocationBasedServices/accounts\",\r\n  \"location\": \"global\",\r\n  \"sku\": {\r\n    \"name\": \"S0\",\r\n    \"tier\": \"Standard\"\r\n  }\r\n}",
      "ResponseHeaders": {
        "Content-Length": [
          "335"
        ],
        "Content-Type": [
          "application/json; charset=utf-8"
        ],
        "Expires": [
          "-1"
        ],
        "Pragma": [
          "no-cache"
        ],
        "x-ms-ratelimit-remaining-subscription-reads": [
          "14999"
        ],
        "x-ms-request-id": [
          "35bc2110-3ba3-4747-9e82-2d1130613d88"
        ],
        "x-ms-correlation-request-id": [
          "35bc2110-3ba3-4747-9e82-2d1130613d88"
        ],
        "x-ms-routing-request-id": [
          "WESTUS2:20180118T211039Z:35bc2110-3ba3-4747-9e82-2d1130613d88"
        ],
        "Strict-Transport-Security": [
          "max-age=31536000; includeSubDomains"
        ],
        "Cache-Control": [
          "no-cache"
        ],
        "Date": [
          "Thu, 18 Jan 2018 21:10:39 GMT"
        ],
        "Server": [
          "Microsoft-HTTPAPI/2.0"
        ]
      },
      "StatusCode": 200
    },
    {
      "RequestUri": "/subscriptions/21a9967a-e8a9-4656-a70b-96ff1c4d05a0/resourceGroups/pstestrg6045/providers/Microsoft.LocationBasedServices/accounts/lbsapstestrg6045?api-version=2017-01-01-preview",
      "EncodedRequestUri": "L3N1YnNjcmlwdGlvbnMvMjFhOTk2N2EtZThhOS00NjU2LWE3MGItOTZmZjFjNGQwNWEwL3Jlc291cmNlR3JvdXBzL3BzdGVzdHJnNjA0NS9wcm92aWRlcnMvTWljcm9zb2Z0LkxvY2F0aW9uQmFzZWRTZXJ2aWNlcy9hY2NvdW50cy9sYnNhcHN0ZXN0cmc2MDQ1P2FwaS12ZXJzaW9uPTIwMTctMDEtMDEtcHJldmlldw==",
      "RequestMethod": "GET",
      "RequestBody": "",
      "RequestHeaders": {
        "x-ms-client-request-id": [
          "a09afadf-93ad-45eb-a8cb-472d3cc56665"
        ],
        "accept-language": [
          "en-US"
        ],
        "User-Agent": [
          "FxVersion/4.7.2600.0",
          "OSName/Windows10Enterprise",
          "OSVersion/6.3.16299",
          "Microsoft.Azure.Management.LocationBasedServices.Client/1.0.0.0"
        ]
      },
      "ResponseBody": "{\r\n  \"id\": \"/subscriptions/21a9967a-e8a9-4656-a70b-96ff1c4d05a0/resourceGroups/pstestrg6045/providers/Microsoft.LocationBasedServices/accounts/lbsapstestrg6045\",\r\n  \"name\": \"lbsapstestrg6045\",\r\n  \"type\": \"Microsoft.LocationBasedServices/accounts\",\r\n  \"location\": \"global\",\r\n  \"sku\": {\r\n    \"name\": \"S0\",\r\n    \"tier\": \"Standard\"\r\n  }\r\n}",
      "ResponseHeaders": {
        "Content-Length": [
          "335"
        ],
        "Content-Type": [
          "application/json; charset=utf-8"
        ],
        "Expires": [
          "-1"
        ],
        "Pragma": [
          "no-cache"
        ],
        "x-ms-ratelimit-remaining-subscription-reads": [
          "14998"
        ],
        "x-ms-request-id": [
          "a764640b-6c67-4bd3-a6b9-9358e001830e"
        ],
        "x-ms-correlation-request-id": [
          "a764640b-6c67-4bd3-a6b9-9358e001830e"
        ],
        "x-ms-routing-request-id": [
          "WESTUS2:20180118T211040Z:a764640b-6c67-4bd3-a6b9-9358e001830e"
        ],
        "Strict-Transport-Security": [
          "max-age=31536000; includeSubDomains"
        ],
        "Cache-Control": [
          "no-cache"
        ],
        "Date": [
          "Thu, 18 Jan 2018 21:10:40 GMT"
        ],
        "Server": [
          "Microsoft-HTTPAPI/2.0"
        ]
      },
      "StatusCode": 200
    },
    {
      "RequestUri": "/subscriptions/21a9967a-e8a9-4656-a70b-96ff1c4d05a0/resourceGroups/pstestrg6045/providers/Microsoft.LocationBasedServices/accounts/lbsapstestrg6045?api-version=2017-01-01-preview",
      "EncodedRequestUri": "L3N1YnNjcmlwdGlvbnMvMjFhOTk2N2EtZThhOS00NjU2LWE3MGItOTZmZjFjNGQwNWEwL3Jlc291cmNlR3JvdXBzL3BzdGVzdHJnNjA0NS9wcm92aWRlcnMvTWljcm9zb2Z0LkxvY2F0aW9uQmFzZWRTZXJ2aWNlcy9hY2NvdW50cy9sYnNhcHN0ZXN0cmc2MDQ1P2FwaS12ZXJzaW9uPTIwMTctMDEtMDEtcHJldmlldw==",
      "RequestMethod": "DELETE",
      "RequestBody": "",
      "RequestHeaders": {
        "x-ms-client-request-id": [
          "9cf5cca2-347d-4c10-88a0-483a55efe3f7"
        ],
        "accept-language": [
          "en-US"
        ],
        "User-Agent": [
          "FxVersion/4.7.2600.0",
          "OSName/Windows10Enterprise",
          "OSVersion/6.3.16299",
          "Microsoft.Azure.Management.LocationBasedServices.Client/1.0.0.0"
        ]
      },
      "ResponseBody": "",
      "ResponseHeaders": {
        "Content-Length": [
          "0"
        ],
        "Expires": [
          "-1"
        ],
        "Pragma": [
          "no-cache"
        ],
        "x-ms-ratelimit-remaining-subscription-writes": [
          "1197"
        ],
        "x-ms-request-id": [
          "65f272a0-ba60-42aa-af12-06a9f3ef97d1"
        ],
        "x-ms-correlation-request-id": [
          "65f272a0-ba60-42aa-af12-06a9f3ef97d1"
        ],
        "x-ms-routing-request-id": [
          "WESTUS2:20180118T211042Z:65f272a0-ba60-42aa-af12-06a9f3ef97d1"
        ],
        "Strict-Transport-Security": [
          "max-age=31536000; includeSubDomains"
        ],
        "Cache-Control": [
          "no-cache"
        ],
        "Date": [
          "Thu, 18 Jan 2018 21:10:41 GMT"
        ],
        "Server": [
          "Microsoft-HTTPAPI/2.0"
        ]
      },
      "StatusCode": 200
    },
    {
      "RequestUri": "/subscriptions/21a9967a-e8a9-4656-a70b-96ff1c4d05a0/resourcegroups/pstestrg6045?api-version=2016-02-01",
      "EncodedRequestUri": "L3N1YnNjcmlwdGlvbnMvMjFhOTk2N2EtZThhOS00NjU2LWE3MGItOTZmZjFjNGQwNWEwL3Jlc291cmNlZ3JvdXBzL3BzdGVzdHJnNjA0NT9hcGktdmVyc2lvbj0yMDE2LTAyLTAx",
      "RequestMethod": "DELETE",
      "RequestBody": "",
      "RequestHeaders": {
        "User-Agent": [
          "Microsoft.Azure.Management.Resources.ResourceManagementClient/2.0.0.0"
        ]
      },
      "ResponseBody": "",
      "ResponseHeaders": {
        "Content-Length": [
          "0"
        ],
        "Expires": [
          "-1"
        ],
        "Pragma": [
          "no-cache"
        ],
        "Retry-After": [
          "15"
        ],
        "x-ms-ratelimit-remaining-subscription-writes": [
          "1198"
        ],
        "x-ms-request-id": [
          "20597838-0411-448b-bd14-b4a9a9f71b4e"
        ],
        "x-ms-correlation-request-id": [
          "20597838-0411-448b-bd14-b4a9a9f71b4e"
        ],
        "x-ms-routing-request-id": [
          "WESTUS2:20180118T211042Z:20597838-0411-448b-bd14-b4a9a9f71b4e"
        ],
        "Strict-Transport-Security": [
          "max-age=31536000; includeSubDomains"
        ],
        "Cache-Control": [
          "no-cache"
        ],
        "Date": [
          "Thu, 18 Jan 2018 21:10:41 GMT"
        ],
        "Location": [
          "https://management.azure.com/subscriptions/21a9967a-e8a9-4656-a70b-96ff1c4d05a0/operationresults/eyJqb2JJZCI6IlJFU09VUkNFR1JPVVBERUxFVElPTkpPQi1QU1RFU1RSRzYwNDUtV0VTVFVTIiwiam9iTG9jYXRpb24iOiJ3ZXN0dXMifQ?api-version=2016-02-01"
        ]
      },
      "StatusCode": 202
    },
    {
      "RequestUri": "/subscriptions/21a9967a-e8a9-4656-a70b-96ff1c4d05a0/operationresults/eyJqb2JJZCI6IlJFU09VUkNFR1JPVVBERUxFVElPTkpPQi1QU1RFU1RSRzYwNDUtV0VTVFVTIiwiam9iTG9jYXRpb24iOiJ3ZXN0dXMifQ?api-version=2016-02-01",
      "EncodedRequestUri": "L3N1YnNjcmlwdGlvbnMvMjFhOTk2N2EtZThhOS00NjU2LWE3MGItOTZmZjFjNGQwNWEwL29wZXJhdGlvbnJlc3VsdHMvZXlKcWIySkpaQ0k2SWxKRlUwOVZVa05GUjFKUFZWQkVSVXhGVkVsUFRrcFBRaTFRVTFSRlUxUlNSell3TkRVdFYwVlRWRlZUSWl3aWFtOWlURzlqWVhScGIyNGlPaUozWlhOMGRYTWlmUT9hcGktdmVyc2lvbj0yMDE2LTAyLTAx",
      "RequestMethod": "GET",
      "RequestBody": "",
      "RequestHeaders": {
        "x-ms-version": [
          "2016-02-01"
        ],
        "User-Agent": [
          "Microsoft.Azure.Management.Resources.ResourceManagementClient/2.0.0.0"
        ]
      },
      "ResponseBody": "",
      "ResponseHeaders": {
        "Content-Length": [
          "0"
        ],
        "Expires": [
          "-1"
        ],
        "Pragma": [
          "no-cache"
        ],
        "Retry-After": [
          "15"
        ],
        "x-ms-ratelimit-remaining-subscription-reads": [
          "14993"
        ],
        "x-ms-request-id": [
          "db319cb9-e25d-48b9-bde2-8e933d69a7f8"
        ],
        "x-ms-correlation-request-id": [
          "db319cb9-e25d-48b9-bde2-8e933d69a7f8"
        ],
        "x-ms-routing-request-id": [
          "WESTUS2:20180118T211042Z:db319cb9-e25d-48b9-bde2-8e933d69a7f8"
        ],
        "Strict-Transport-Security": [
          "max-age=31536000; includeSubDomains"
        ],
        "Cache-Control": [
          "no-cache"
        ],
        "Date": [
          "Thu, 18 Jan 2018 21:10:42 GMT"
        ],
        "Location": [
          "https://management.azure.com/subscriptions/21a9967a-e8a9-4656-a70b-96ff1c4d05a0/operationresults/eyJqb2JJZCI6IlJFU09VUkNFR1JPVVBERUxFVElPTkpPQi1QU1RFU1RSRzYwNDUtV0VTVFVTIiwiam9iTG9jYXRpb24iOiJ3ZXN0dXMifQ?api-version=2016-02-01"
        ]
      },
      "StatusCode": 202
    },
    {
      "RequestUri": "/subscriptions/21a9967a-e8a9-4656-a70b-96ff1c4d05a0/operationresults/eyJqb2JJZCI6IlJFU09VUkNFR1JPVVBERUxFVElPTkpPQi1QU1RFU1RSRzYwNDUtV0VTVFVTIiwiam9iTG9jYXRpb24iOiJ3ZXN0dXMifQ?api-version=2016-02-01",
      "EncodedRequestUri": "L3N1YnNjcmlwdGlvbnMvMjFhOTk2N2EtZThhOS00NjU2LWE3MGItOTZmZjFjNGQwNWEwL29wZXJhdGlvbnJlc3VsdHMvZXlKcWIySkpaQ0k2SWxKRlUwOVZVa05GUjFKUFZWQkVSVXhGVkVsUFRrcFBRaTFRVTFSRlUxUlNSell3TkRVdFYwVlRWRlZUSWl3aWFtOWlURzlqWVhScGIyNGlPaUozWlhOMGRYTWlmUT9hcGktdmVyc2lvbj0yMDE2LTAyLTAx",
      "RequestMethod": "GET",
      "RequestBody": "",
      "RequestHeaders": {
        "x-ms-version": [
          "2016-02-01"
        ],
        "User-Agent": [
          "Microsoft.Azure.Management.Resources.ResourceManagementClient/2.0.0.0"
        ]
      },
      "ResponseBody": "",
      "ResponseHeaders": {
        "Content-Length": [
          "0"
        ],
        "Expires": [
          "-1"
        ],
        "Pragma": [
          "no-cache"
        ],
        "Retry-After": [
          "15"
        ],
        "x-ms-ratelimit-remaining-subscription-reads": [
          "14992"
        ],
        "x-ms-request-id": [
          "940d9eff-e1fb-4027-b136-2f1ef1a6cf45"
        ],
        "x-ms-correlation-request-id": [
          "940d9eff-e1fb-4027-b136-2f1ef1a6cf45"
        ],
        "x-ms-routing-request-id": [
          "WESTUS2:20180118T211058Z:940d9eff-e1fb-4027-b136-2f1ef1a6cf45"
        ],
        "Strict-Transport-Security": [
          "max-age=31536000; includeSubDomains"
        ],
        "Cache-Control": [
          "no-cache"
        ],
        "Date": [
          "Thu, 18 Jan 2018 21:10:57 GMT"
        ],
        "Location": [
          "https://management.azure.com/subscriptions/21a9967a-e8a9-4656-a70b-96ff1c4d05a0/operationresults/eyJqb2JJZCI6IlJFU09VUkNFR1JPVVBERUxFVElPTkpPQi1QU1RFU1RSRzYwNDUtV0VTVFVTIiwiam9iTG9jYXRpb24iOiJ3ZXN0dXMifQ?api-version=2016-02-01"
        ]
      },
      "StatusCode": 202
    },
    {
      "RequestUri": "/subscriptions/21a9967a-e8a9-4656-a70b-96ff1c4d05a0/operationresults/eyJqb2JJZCI6IlJFU09VUkNFR1JPVVBERUxFVElPTkpPQi1QU1RFU1RSRzYwNDUtV0VTVFVTIiwiam9iTG9jYXRpb24iOiJ3ZXN0dXMifQ?api-version=2016-02-01",
      "EncodedRequestUri": "L3N1YnNjcmlwdGlvbnMvMjFhOTk2N2EtZThhOS00NjU2LWE3MGItOTZmZjFjNGQwNWEwL29wZXJhdGlvbnJlc3VsdHMvZXlKcWIySkpaQ0k2SWxKRlUwOVZVa05GUjFKUFZWQkVSVXhGVkVsUFRrcFBRaTFRVTFSRlUxUlNSell3TkRVdFYwVlRWRlZUSWl3aWFtOWlURzlqWVhScGIyNGlPaUozWlhOMGRYTWlmUT9hcGktdmVyc2lvbj0yMDE2LTAyLTAx",
      "RequestMethod": "GET",
      "RequestBody": "",
      "RequestHeaders": {
        "x-ms-version": [
          "2016-02-01"
        ],
        "User-Agent": [
          "Microsoft.Azure.Management.Resources.ResourceManagementClient/2.0.0.0"
        ]
      },
      "ResponseBody": "",
      "ResponseHeaders": {
        "Content-Length": [
          "0"
        ],
        "Expires": [
          "-1"
        ],
        "Pragma": [
          "no-cache"
        ],
        "x-ms-ratelimit-remaining-subscription-reads": [
          "14991"
        ],
        "x-ms-request-id": [
          "d7cb69ee-4569-4d0f-91c4-0c9ce66e9f64"
        ],
        "x-ms-correlation-request-id": [
          "d7cb69ee-4569-4d0f-91c4-0c9ce66e9f64"
        ],
        "x-ms-routing-request-id": [
          "WESTUS2:20180118T211113Z:d7cb69ee-4569-4d0f-91c4-0c9ce66e9f64"
        ],
        "Strict-Transport-Security": [
          "max-age=31536000; includeSubDomains"
        ],
        "Cache-Control": [
          "no-cache"
        ],
        "Date": [
          "Thu, 18 Jan 2018 21:11:12 GMT"
        ]
      },
      "StatusCode": 200
    }
  ],
  "Names": {
    "Test-NewAzureRmLocationBasedServicesAccount": [
      "pstestrg6045"
    ]
  },
  "Variables": {
    "SubscriptionId": "21a9967a-e8a9-4656-a70b-96ff1c4d05a0"
  }
}