{
  "Entries": [
    {
      "RequestUri": "/providers/Microsoft.EventGrid/topicTypes?api-version=2017-09-15-preview",
      "EncodedRequestUri": "L3Byb3ZpZGVycy9NaWNyb3NvZnQuRXZlbnRHcmlkL3RvcGljVHlwZXM/YXBpLXZlcnNpb249MjAxNy0wOS0xNS1wcmV2aWV3",
      "RequestMethod": "GET",
      "RequestBody": "",
      "RequestHeaders": {
        "x-ms-client-request-id": [
          "fefd6dc8-36d5-4a28-80f1-d544ae84255a"
        ],
        "accept-language": [
          "en-US"
        ],
        "User-Agent": [
          "FxVersion/4.7.2556.0",
          "OSName/Windows10Enterprise",
          "OSVersion/6.3.16299",
          "Microsoft.Azure.Management.EventGrid.EventGridManagementClient/1.0.0.0"
        ]
      },
      "ResponseBody": "{\r\n  \"value\": [\r\n    {\r\n      \"properties\": {\r\n        \"provider\": \"Microsoft.Eventhub\",\r\n        \"displayName\": \"EventHubs Namespace\",\r\n        \"description\": \"Microsoft EventHubs service events.\",\r\n        \"resourceRegionType\": \"RegionalResource\",\r\n        \"provisioningState\": \"Succeeded\"\r\n      },\r\n      \"id\": \"providers/Microsoft.EventGrid/topicTypes/Microsoft.Eventhub.Namespaces\",\r\n      \"name\": \"Microsoft.Eventhub.Namespaces\",\r\n      \"type\": \"Microsoft.EventGrid/topicTypes\"\r\n    },\r\n    {\r\n      \"properties\": {\r\n        \"provider\": \"Microsoft.Storage\",\r\n        \"displayName\": \"Storage Accounts\",\r\n        \"description\": \"Microsoft Storage service events.\",\r\n        \"resourceRegionType\": \"RegionalResource\",\r\n        \"provisioningState\": \"Succeeded\"\r\n      },\r\n      \"id\": \"providers/Microsoft.EventGrid/topicTypes/Microsoft.Storage.StorageAccounts\",\r\n      \"name\": \"Microsoft.Storage.StorageAccounts\",\r\n      \"type\": \"Microsoft.EventGrid/topicTypes\"\r\n    },\r\n    {\r\n      \"properties\": {\r\n        \"provider\": \"Microsoft.Resources\",\r\n        \"displayName\": \"Azure Subscriptions\",\r\n        \"description\": \"Resource management events under an Azure subscription\",\r\n        \"resourceRegionType\": \"GlobalResource\",\r\n        \"provisioningState\": \"Succeeded\"\r\n      },\r\n      \"id\": \"providers/Microsoft.EventGrid/topicTypes/Microsoft.Resources.Subscriptions\",\r\n      \"name\": \"Microsoft.Resources.Subscriptions\",\r\n      \"type\": \"Microsoft.EventGrid/topicTypes\"\r\n    },\r\n    {\r\n      \"properties\": {\r\n        \"provider\": \"Microsoft.Resources\",\r\n        \"displayName\": \"Resource Groups\",\r\n        \"description\": \"Resource management events under a resource group.\",\r\n        \"resourceRegionType\": \"GlobalResource\",\r\n        \"provisioningState\": \"Succeeded\"\r\n      },\r\n      \"id\": \"providers/Microsoft.EventGrid/topicTypes/Microsoft.Resources.ResourceGroups\",\r\n      \"name\": \"Microsoft.Resources.ResourceGroups\",\r\n      \"type\": \"Microsoft.EventGrid/topicTypes\"\r\n    }\r\n  ]\r\n}",
      "ResponseHeaders": {
        "Content-Length": [
          "1523"
        ],
        "Content-Type": [
          "application/json; charset=utf-8"
        ],
        "Expires": [
          "-1"
        ],
        "Pragma": [
          "no-cache"
        ],
        "x-ms-ratelimit-remaining-tenant-reads": [
          "14997"
        ],
        "x-ms-request-id": [
          "5c27ebce-51cd-47b9-b32b-ebdeb5029341"
        ],
        "x-ms-correlation-request-id": [
          "5c27ebce-51cd-47b9-b32b-ebdeb5029341"
        ],
        "x-ms-routing-request-id": [
          "WESTUS2:20171130T021043Z:5c27ebce-51cd-47b9-b32b-ebdeb5029341"
        ],
        "Strict-Transport-Security": [
          "max-age=31536000; includeSubDomains"
        ],
        "Cache-Control": [
          "no-cache"
        ],
        "Date": [
          "Thu, 30 Nov 2017 02:10:43 GMT"
        ],
        "Server": [
          "Microsoft-HTTPAPI/2.0"
        ]
      },
      "StatusCode": 200
    },
    {
      "RequestUri": "/providers/Microsoft.EventGrid/topicTypes/Microsoft.Storage.StorageAccounts?api-version=2017-09-15-preview",
      "EncodedRequestUri": "L3Byb3ZpZGVycy9NaWNyb3NvZnQuRXZlbnRHcmlkL3RvcGljVHlwZXMvTWljcm9zb2Z0LlN0b3JhZ2UuU3RvcmFnZUFjY291bnRzP2FwaS12ZXJzaW9uPTIwMTctMDktMTUtcHJldmlldw==",
      "RequestMethod": "GET",
      "RequestBody": "",
      "RequestHeaders": {
        "x-ms-client-request-id": [
          "d0ca3577-25c3-422e-9be2-7027f645a39b"
        ],
        "accept-language": [
          "en-US"
        ],
        "User-Agent": [
          "FxVersion/4.7.2556.0",
          "OSName/Windows10Enterprise",
          "OSVersion/6.3.16299",
          "Microsoft.Azure.Management.EventGrid.EventGridManagementClient/1.0.0.0"
        ]
      },
      "ResponseBody": "{\r\n  \"properties\": {\r\n    \"provider\": \"Microsoft.Storage\",\r\n    \"displayName\": \"Storage Accounts\",\r\n    \"description\": \"Microsoft Storage service events.\",\r\n    \"resourceRegionType\": \"RegionalResource\",\r\n    \"provisioningState\": \"Succeeded\"\r\n  },\r\n  \"id\": \"providers/Microsoft.EventGrid/topicTypes/Microsoft.Storage.StorageAccounts\",\r\n  \"name\": \"Microsoft.Storage.StorageAccounts\",\r\n  \"type\": \"Microsoft.EventGrid/topicTypes\"\r\n}",
      "ResponseHeaders": {
        "Content-Length": [
          "367"
        ],
        "Content-Type": [
          "application/json; charset=utf-8"
        ],
        "Expires": [
          "-1"
        ],
        "Pragma": [
          "no-cache"
        ],
        "x-ms-request-id": [
          "03af9cb4-e578-4875-b8ad-eb97c328371f"
        ],
        "x-ms-ratelimit-remaining-tenant-reads": [
          "14996"
        ],
        "x-ms-correlation-request-id": [
          "319d88a6-0f78-44b1-828d-677183c9f475"
        ],
        "x-ms-routing-request-id": [
          "WESTUS2:20171130T021043Z:319d88a6-0f78-44b1-828d-677183c9f475"
        ],
        "Strict-Transport-Security": [
          "max-age=31536000; includeSubDomains"
        ],
        "Cache-Control": [
          "no-cache"
        ],
        "Date": [
          "Thu, 30 Nov 2017 02:10:43 GMT"
        ],
        "Server": [
          "Microsoft-HTTPAPI/2.0"
        ]
      },
      "StatusCode": 200
    },
    {
      "RequestUri": "/providers/Microsoft.EventGrid/topicTypes/Microsoft.Storage.StorageAccounts?api-version=2017-09-15-preview",
      "EncodedRequestUri": "L3Byb3ZpZGVycy9NaWNyb3NvZnQuRXZlbnRHcmlkL3RvcGljVHlwZXMvTWljcm9zb2Z0LlN0b3JhZ2UuU3RvcmFnZUFjY291bnRzP2FwaS12ZXJzaW9uPTIwMTctMDktMTUtcHJldmlldw==",
      "RequestMethod": "GET",
      "RequestBody": "",
      "RequestHeaders": {
        "x-ms-client-request-id": [
          "9687adbd-97b6-46a8-a183-d35cb7e2d270"
        ],
        "accept-language": [
          "en-US"
        ],
        "User-Agent": [
          "FxVersion/4.7.2556.0",
          "OSName/Windows10Enterprise",
          "OSVersion/6.3.16299",
          "Microsoft.Azure.Management.EventGrid.EventGridManagementClient/1.0.0.0"
        ]
      },
      "ResponseBody": "{\r\n  \"properties\": {\r\n    \"provider\": \"Microsoft.Storage\",\r\n    \"displayName\": \"Storage Accounts\",\r\n    \"description\": \"Microsoft Storage service events.\",\r\n    \"resourceRegionType\": \"RegionalResource\",\r\n    \"provisioningState\": \"Succeeded\"\r\n  },\r\n  \"id\": \"providers/Microsoft.EventGrid/topicTypes/Microsoft.Storage.StorageAccounts\",\r\n  \"name\": \"Microsoft.Storage.StorageAccounts\",\r\n  \"type\": \"Microsoft.EventGrid/topicTypes\"\r\n}",
      "ResponseHeaders": {
        "Content-Length": [
          "367"
        ],
        "Content-Type": [
          "application/json; charset=utf-8"
        ],
        "Expires": [
          "-1"
        ],
        "Pragma": [
          "no-cache"
        ],
        "x-ms-request-id": [
          "0d9f56a1-16c3-4667-9a4c-bd350dfc36fa"
        ],
        "x-ms-ratelimit-remaining-tenant-reads": [
          "14995"
        ],
        "x-ms-correlation-request-id": [
          "12c8f1e2-42b2-4caf-8282-5df759ae2fe9"
        ],
        "x-ms-routing-request-id": [
          "WESTUS2:20171130T021044Z:12c8f1e2-42b2-4caf-8282-5df759ae2fe9"
        ],
        "Strict-Transport-Security": [
          "max-age=31536000; includeSubDomains"
        ],
        "Cache-Control": [
          "no-cache"
        ],
        "Date": [
          "Thu, 30 Nov 2017 02:10:43 GMT"
        ],
        "Server": [
          "Microsoft-HTTPAPI/2.0"
        ]
      },
      "StatusCode": 200
    },
    {
      "RequestUri": "/providers/Microsoft.EventGrid/topicTypes/Microsoft.Storage.StorageAccounts/eventTypes?api-version=2017-09-15-preview",
      "EncodedRequestUri": "L3Byb3ZpZGVycy9NaWNyb3NvZnQuRXZlbnRHcmlkL3RvcGljVHlwZXMvTWljcm9zb2Z0LlN0b3JhZ2UuU3RvcmFnZUFjY291bnRzL2V2ZW50VHlwZXM/YXBpLXZlcnNpb249MjAxNy0wOS0xNS1wcmV2aWV3",
      "RequestMethod": "GET",
      "RequestBody": "",
      "RequestHeaders": {
        "x-ms-client-request-id": [
          "94c4b29c-058d-4f31-8f31-cda6eabe09a4"
        ],
        "accept-language": [
          "en-US"
        ],
        "User-Agent": [
          "FxVersion/4.7.2556.0",
          "OSName/Windows10Enterprise",
          "OSVersion/6.3.16299",
          "Microsoft.Azure.Management.EventGrid.EventGridManagementClient/1.0.0.0"
        ]
      },
      "ResponseBody": "{\r\n  \"value\": [\r\n    {\r\n      \"properties\": {\r\n        \"displayName\": \"Blob Created\",\r\n        \"description\": \"Raised when a blob is created.\",\r\n        \"schemaUrl\": \"tbd\"\r\n      },\r\n      \"id\": \"providers/Microsoft.EventGrid/topicTypes/Microsoft.Storage.StorageAccounts/eventTypes/Microsoft.Storage.BlobCreated\",\r\n      \"name\": \"Microsoft.Storage.BlobCreated\",\r\n      \"type\": \"Microsoft.EventGrid/topicTypes/eventTypes\"\r\n    },\r\n    {\r\n      \"properties\": {\r\n        \"displayName\": \"Blob Deleted\",\r\n        \"description\": \"Raised when a blob is deleted.\",\r\n        \"schemaUrl\": \"tbd\"\r\n      },\r\n      \"id\": \"providers/Microsoft.EventGrid/topicTypes/Microsoft.Storage.StorageAccounts/eventTypes/Microsoft.Storage.BlobDeleted\",\r\n      \"name\": \"Microsoft.Storage.BlobDeleted\",\r\n      \"type\": \"Microsoft.EventGrid/topicTypes/eventTypes\"\r\n    }\r\n  ]\r\n}",
      "ResponseHeaders": {
        "Content-Length": [
          "659"
        ],
        "Content-Type": [
          "application/json; charset=utf-8"
        ],
        "Expires": [
          "-1"
        ],
        "Pragma": [
          "no-cache"
        ],
        "x-ms-request-id": [
          "f3facc75-06d1-4e17-991e-9a8f588d1a70"
        ],
        "x-ms-ratelimit-remaining-tenant-reads": [
          "14994"
        ],
        "x-ms-correlation-request-id": [
          "3b2d94c4-be42-4cac-834e-e7bf0a78474e"
        ],
        "x-ms-routing-request-id": [
          "WESTUS2:20171130T021044Z:3b2d94c4-be42-4cac-834e-e7bf0a78474e"
        ],
        "Strict-Transport-Security": [
          "max-age=31536000; includeSubDomains"
        ],
        "Cache-Control": [
          "no-cache"
        ],
        "Date": [
          "Thu, 30 Nov 2017 02:10:43 GMT"
        ],
        "Server": [
          "Microsoft-HTTPAPI/2.0"
        ]
      },
      "StatusCode": 200
    }
  ],
  "Names": {},
  "Variables": {
    "SubscriptionId": "55f3dcd4-cac7-43b4-990b-a139d62a1eb2"
  }
}