{
  "Entries": [
    {
      "RequestUri": "/subscriptions/6368ed38-3570-481f-b4fa-1d0a6e8d3f3b/resources?$filter=resourceType%20eq%20'Microsoft.Batch%2FbatchAccounts'&api-version=2014-04-01-preview",
      "EncodedRequestUri": "L3N1YnNjcmlwdGlvbnMvNjM2OGVkMzgtMzU3MC00ODFmLWI0ZmEtMWQwYTZlOGQzZjNiL3Jlc291cmNlcz8kZmlsdGVyPXJlc291cmNlVHlwZSUyMGVxJTIwJ01pY3Jvc29mdC5CYXRjaCUyRmJhdGNoQWNjb3VudHMnJmFwaS12ZXJzaW9uPTIwMTQtMDQtMDEtcHJldmlldw==",
      "RequestMethod": "GET",
      "RequestBody": "",
      "RequestHeaders": {
        "User-Agent": [
          "Microsoft.Azure.Management.Resources.ResourceManagementClient/2.0.0.0"
        ]
      },
      "ResponseBody": "{\r\n  \"value\": [\r\n    {\r\n      \"id\": \"/subscriptions/6368ed38-3570-481f-b4fa-1d0a6e8d3f3b/resourceGroups/default-azurebatch-eastus/providers/Microsoft.Batch/batchAccounts/pstests\",\r\n      \"name\": \"pstests\",\r\n      \"type\": \"Microsoft.Batch/batchAccounts\",\r\n      \"location\": \"eastus\"\r\n    }\r\n  ]\r\n}",
      "ResponseHeaders": {
        "Content-Length": [
          "237"
        ],
        "Content-Type": [
          "application/json; charset=utf-8"
        ],
        "Expires": [
          "-1"
        ],
        "Pragma": [
          "no-cache"
        ],
        "x-ms-ratelimit-remaining-subscription-reads": [
          "14961"
        ],
        "x-ms-request-id": [
          "784278b3-9f29-4452-bc8d-33bb55531b17"
        ],
        "x-ms-correlation-request-id": [
          "784278b3-9f29-4452-bc8d-33bb55531b17"
        ],
        "x-ms-routing-request-id": [
          "WESTUS:20150724T183131Z:784278b3-9f29-4452-bc8d-33bb55531b17"
        ],
        "Strict-Transport-Security": [
          "max-age=31536000; includeSubDomains"
        ],
        "Cache-Control": [
          "no-cache"
        ],
        "Date": [
          "Fri, 24 Jul 2015 18:31:31 GMT"
        ]
      },
      "StatusCode": 200
    },
    {
      "RequestUri": "/subscriptions/6368ed38-3570-481f-b4fa-1d0a6e8d3f3b/resourceGroups/default-azurebatch-eastus/providers/Microsoft.Batch/batchAccounts/pstests?api-version=2015-07-01",
      "EncodedRequestUri": "L3N1YnNjcmlwdGlvbnMvNjM2OGVkMzgtMzU3MC00ODFmLWI0ZmEtMWQwYTZlOGQzZjNiL3Jlc291cmNlR3JvdXBzL2RlZmF1bHQtYXp1cmViYXRjaC1lYXN0dXMvcHJvdmlkZXJzL01pY3Jvc29mdC5CYXRjaC9iYXRjaEFjY291bnRzL3BzdGVzdHM/YXBpLXZlcnNpb249MjAxNS0wNy0wMQ==",
      "RequestMethod": "GET",
      "RequestBody": "",
      "RequestHeaders": {
        "x-ms-version": [
          "2015-07-01"
        ],
        "User-Agent": [
          "Microsoft.Azure.Management.Batch.BatchManagementClient/1.0.0.0"
        ]
      },
      "ResponseBody": "{\r\n  \"name\": \"pstests\",\r\n  \"location\": \"eastus\",\r\n  \"properties\": {\r\n    \"accountEndpoint\": \"pstests.eastus.batch.azure.com\",\r\n    \"provisioningState\": \"Succeeded\"\r\n  },\r\n  \"id\": \"/subscriptions/6368ed38-3570-481f-b4fa-1d0a6e8d3f3b/resourceGroups/default-azurebatch-eastus/providers/Microsoft.Batch/batchAccounts/pstests\",\r\n  \"type\": \"Microsoft.Batch/batchAccounts\"\r\n}",
      "ResponseHeaders": {
        "Content-Length": [
          "323"
        ],
        "Content-Type": [
          "application/json; charset=utf-8"
        ],
        "Expires": [
          "-1"
        ],
        "Last-Modified": [
          "Fri, 24 Jul 2015 18:31:32 GMT"
        ],
        "Pragma": [
          "no-cache"
        ],
        "request-id": [
          "008211c0-2ff4-473d-a0db-87fe72acd9e2"
        ],
        "Strict-Transport-Security": [
          "max-age=31536000; includeSubDomains"
        ],
        "x-ms-ratelimit-remaining-subscription-reads": [
          "14975"
        ],
        "x-ms-request-id": [
          "64e92edf-f66c-4b86-b99b-7f7c3e32822f"
        ],
        "x-ms-correlation-request-id": [
          "64e92edf-f66c-4b86-b99b-7f7c3e32822f"
        ],
        "x-ms-routing-request-id": [
          "WESTUS:20150724T183133Z:64e92edf-f66c-4b86-b99b-7f7c3e32822f"
        ],
        "Cache-Control": [
          "no-cache"
        ],
        "Date": [
          "Fri, 24 Jul 2015 18:31:33 GMT"
        ],
        "ETag": [
          "0x8D2945619798288"
        ],
        "Server": [
          "Microsoft-HTTPAPI/2.0"
        ]
      },
      "StatusCode": 200
    },
    {
      "RequestUri": "/subscriptions/6368ed38-3570-481f-b4fa-1d0a6e8d3f3b/resourceGroups/default-azurebatch-eastus/providers/Microsoft.Batch/batchAccounts/pstests/listKeys?api-version=2015-07-01",
      "EncodedRequestUri": "L3N1YnNjcmlwdGlvbnMvNjM2OGVkMzgtMzU3MC00ODFmLWI0ZmEtMWQwYTZlOGQzZjNiL3Jlc291cmNlR3JvdXBzL2RlZmF1bHQtYXp1cmViYXRjaC1lYXN0dXMvcHJvdmlkZXJzL01pY3Jvc29mdC5CYXRjaC9iYXRjaEFjY291bnRzL3BzdGVzdHMvbGlzdEtleXM/YXBpLXZlcnNpb249MjAxNS0wNy0wMQ==",
      "RequestMethod": "POST",
      "RequestBody": "",
      "RequestHeaders": {
        "x-ms-version": [
          "2015-07-01"
        ],
        "User-Agent": [
          "Microsoft.Azure.Management.Batch.BatchManagementClient/1.0.0.0"
        ]
      },
      "ResponseBody": "{\r\n  \"accountName\": \"pstests\",\r\n  \"primary\": \"LvTRVrhrb0mV/DvM55d7NT36RpCLXka/hrZSZQnNKlfV8nxzU0ChDAxrILper4n3AndEtMgyxW404JKkGodXFA==\",\r\n  \"secondary\": \"Lc37R3wawurI2u8oLu6pblhfYBW7S6770vbeqnUQJX87kT7R5hEFq2IlEfowvQ+rO3K0frlfFNlyiL/rkaYnFw==\"\r\n}",
      "ResponseHeaders": {
        "Content-Length": [
          "229"
        ],
        "Content-Type": [
          "application/json; charset=utf-8"
        ],
        "Expires": [
          "-1"
        ],
        "Pragma": [
          "no-cache"
        ],
        "request-id": [
          "44f81410-e244-4f17-9448-9382d0beab35"
        ],
        "Strict-Transport-Security": [
          "max-age=31536000; includeSubDomains"
        ],
        "x-ms-ratelimit-remaining-subscription-writes": [
          "1188"
        ],
        "x-ms-request-id": [
          "98f59ab8-d121-4040-8390-2322e735f1e2"
        ],
        "x-ms-correlation-request-id": [
          "98f59ab8-d121-4040-8390-2322e735f1e2"
        ],
        "x-ms-routing-request-id": [
          "WESTUS:20150724T183133Z:98f59ab8-d121-4040-8390-2322e735f1e2"
        ],
        "Cache-Control": [
          "no-cache"
        ],
        "Date": [
          "Fri, 24 Jul 2015 18:31:33 GMT"
        ],
        "Server": [
          "Microsoft-HTTPAPI/2.0"
        ]
      },
      "StatusCode": 200
    },
    {
      "RequestUri": "/pools/testPool/nodes?api-version=2015-06-01.2.0&timeout=300",
      "EncodedRequestUri": "L3Bvb2xzL3Rlc3RQb29sL25vZGVzP2FwaS12ZXJzaW9uPTIwMTUtMDYtMDEuMi4wJnRpbWVvdXQ9MzAw",
      "RequestMethod": "GET",
      "RequestBody": "",
      "RequestHeaders": {
        "client-request-id": [
          "3b53a010-d54b-4416-8563-099e27369908"
        ],
        "ocp-date": [
          "Fri, 24 Jul 2015 18:31:33 GMT"
        ],
        "return-client-request-id": [
          "true"
        ],
        "User-Agent": [
          "Microsoft.Azure.Batch.Protocol.BatchRestClient/2.0.0.0",
          "AzBatch/2.0.0.0"
        ]
      },
      "ResponseBody": "{\r\n  \"odata.metadata\": \"https://pstests.eastus.batch.azure.com/$metadata#nodes\",\r\n  \"value\": [\r\n    {\r\n      \"id\": \"tvm-1392786932_12-20150724t173754z\",\r\n      \"url\": \"https://pstests.eastus.batch.azure.com/pools/testPool/nodes/tvm-1392786932_12-20150724t173754z\",\r\n      \"state\": \"idle\",\r\n      \"stateTransitionTime\": \"2015-07-24T17:42:38.7390902Z\",\r\n      \"lastBootTime\": \"2015-07-24T17:42:38.6630924Z\",\r\n      \"allocationTime\": \"2015-07-24T17:37:54.9019509Z\",\r\n      \"ipAddress\": \"100.92.68.11\",\r\n      \"affinityId\": \"TVM:tvm-1392786932_12-20150724t173754z\",\r\n      \"vmSize\": \"small\",\r\n      \"totalTasksRun\": 2,\r\n      \"startTask\": {\r\n        \"commandLine\": \"cmd /c echo hello\",\r\n        \"runElevated\": false,\r\n        \"maxTaskRetryCount\": 0,\r\n        \"waitForSuccess\": false\r\n      },\r\n      \"startTaskInfo\": {\r\n        \"state\": \"completed\",\r\n        \"startTime\": \"2015-07-24T17:42:38.7710908Z\",\r\n        \"endTime\": \"2015-07-24T17:42:39.8710837Z\",\r\n        \"exitCode\": 0,\r\n        \"retryCount\": 0\r\n      }\r\n    },\r\n    {\r\n      \"id\": \"tvm-1392786932_13-20150724t182327z\",\r\n      \"url\": \"https://pstests.eastus.batch.azure.com/pools/testPool/nodes/tvm-1392786932_13-20150724t182327z\",\r\n      \"state\": \"idle\",\r\n      \"stateTransitionTime\": \"2015-07-24T18:28:48.6180129Z\",\r\n      \"lastBootTime\": \"2015-07-24T18:28:48.5161807Z\",\r\n      \"allocationTime\": \"2015-07-24T18:23:27.7451558Z\",\r\n      \"ipAddress\": \"100.65.84.108\",\r\n      \"affinityId\": \"TVM:tvm-1392786932_13-20150724t182327z\",\r\n      \"vmSize\": \"small\",\r\n      \"totalTasksRun\": 1,\r\n      \"startTask\": {\r\n        \"commandLine\": \"cmd /c echo hello\",\r\n        \"runElevated\": false,\r\n        \"maxTaskRetryCount\": 0,\r\n        \"waitForSuccess\": false\r\n      },\r\n      \"startTaskInfo\": {\r\n        \"state\": \"completed\",\r\n        \"startTime\": \"2015-07-24T18:28:48.667026Z\",\r\n        \"endTime\": \"2015-07-24T18:28:49.8430204Z\",\r\n        \"exitCode\": 0,\r\n        \"retryCount\": 0\r\n      }\r\n    },\r\n    {\r\n      \"id\": \"tvm-1392786932_14-20150724t182327z\",\r\n      \"url\": \"https://pstests.eastus.batch.azure.com/pools/testPool/nodes/tvm-1392786932_14-20150724t182327z\",\r\n      \"state\": \"idle\",\r\n      \"stateTransitionTime\": \"2015-07-24T18:28:11.6548113Z\",\r\n      \"lastBootTime\": \"2015-07-24T18:28:11.5728129Z\",\r\n      \"allocationTime\": \"2015-07-24T18:23:27.7451558Z\",\r\n      \"ipAddress\": \"100.65.86.135\",\r\n      \"affinityId\": \"TVM:tvm-1392786932_14-20150724t182327z\",\r\n      \"vmSize\": \"small\",\r\n      \"totalTasksRun\": 0,\r\n      \"startTask\": {\r\n        \"commandLine\": \"cmd /c echo hello\",\r\n        \"runElevated\": false,\r\n        \"maxTaskRetryCount\": 0,\r\n        \"waitForSuccess\": false\r\n      },\r\n      \"startTaskInfo\": {\r\n        \"state\": \"completed\",\r\n        \"startTime\": \"2015-07-24T18:28:11.6868124Z\",\r\n        \"endTime\": \"2015-07-24T18:28:12.9583808Z\",\r\n        \"exitCode\": 0,\r\n        \"retryCount\": 0\r\n      }\r\n    },\r\n    {\r\n      \"id\": \"tvm-1392786932_15-20150724t182327z\",\r\n      \"url\": \"https://pstests.eastus.batch.azure.com/pools/testPool/nodes/tvm-1392786932_15-20150724t182327z\",\r\n      \"state\": \"idle\",\r\n      \"stateTransitionTime\": \"2015-07-24T18:27:41.8508575Z\",\r\n      \"lastBootTime\": \"2015-07-24T18:27:41.7548575Z\",\r\n      \"allocationTime\": \"2015-07-24T18:23:27.7451558Z\",\r\n      \"ipAddress\": \"100.65.94.39\",\r\n      \"affinityId\": \"TVM:tvm-1392786932_15-20150724t182327z\",\r\n      \"vmSize\": \"small\",\r\n      \"totalTasksRun\": 0,\r\n      \"startTask\": {\r\n        \"commandLine\": \"cmd /c echo hello\",\r\n        \"runElevated\": false,\r\n        \"maxTaskRetryCount\": 0,\r\n        \"waitForSuccess\": false\r\n      },\r\n      \"startTaskInfo\": {\r\n        \"state\": \"completed\",\r\n        \"startTime\": \"2015-07-24T18:27:41.8968583Z\",\r\n        \"endTime\": \"2015-07-24T18:27:43.3336332Z\",\r\n        \"exitCode\": 0,\r\n        \"retryCount\": 0\r\n      }\r\n    },\r\n    {\r\n      \"id\": \"tvm-1392786932_16-20150724t182327z\",\r\n      \"url\": \"https://pstests.eastus.batch.azure.com/pools/testPool/nodes/tvm-1392786932_16-20150724t182327z\",\r\n      \"state\": \"idle\",\r\n      \"stateTransitionTime\": \"2015-07-24T18:28:11.7691179Z\",\r\n      \"lastBootTime\": \"2015-07-24T18:28:11.6371179Z\",\r\n      \"allocationTime\": \"2015-07-24T18:23:27.7451558Z\",\r\n      \"ipAddress\": \"100.65.134.64\",\r\n      \"affinityId\": \"TVM:tvm-1392786932_16-20150724t182327z\",\r\n      \"vmSize\": \"small\",\r\n      \"totalTasksRun\": 0,\r\n      \"startTask\": {\r\n        \"commandLine\": \"cmd /c echo hello\",\r\n        \"runElevated\": false,\r\n        \"maxTaskRetryCount\": 0,\r\n        \"waitForSuccess\": false\r\n      },\r\n      \"startTaskInfo\": {\r\n        \"state\": \"completed\",\r\n        \"startTime\": \"2015-07-24T18:28:11.8231184Z\",\r\n        \"endTime\": \"2015-07-24T18:28:13.5881296Z\",\r\n        \"exitCode\": 0,\r\n        \"retryCount\": 0\r\n      }\r\n    },\r\n    {\r\n      \"id\": \"tvm-1392786932_17-20150724t182327z\",\r\n      \"url\": \"https://pstests.eastus.batch.azure.com/pools/testPool/nodes/tvm-1392786932_17-20150724t182327z\",\r\n      \"state\": \"idle\",\r\n      \"stateTransitionTime\": \"2015-07-24T18:29:24.0762027Z\",\r\n      \"lastBootTime\": \"2015-07-24T18:29:23.9532038Z\",\r\n      \"allocationTime\": \"2015-07-24T18:23:27.7451558Z\",\r\n      \"ipAddress\": \"100.65.78.25\",\r\n      \"affinityId\": \"TVM:tvm-1392786932_17-20150724t182327z\",\r\n      \"vmSize\": \"small\",\r\n      \"totalTasksRun\": 0,\r\n      \"startTask\": {\r\n        \"commandLine\": \"cmd /c echo hello\",\r\n        \"runElevated\": false,\r\n        \"maxTaskRetryCount\": 0,\r\n        \"waitForSuccess\": false\r\n      },\r\n      \"startTaskInfo\": {\r\n        \"state\": \"completed\",\r\n        \"startTime\": \"2015-07-24T18:29:24.1722046Z\",\r\n        \"endTime\": \"2015-07-24T18:29:26.6552967Z\",\r\n        \"exitCode\": 0,\r\n        \"retryCount\": 0\r\n      }\r\n    },\r\n    {\r\n      \"id\": \"tvm-1392786932_3-20150723t221017z\",\r\n      \"url\": \"https://pstests.eastus.batch.azure.com/pools/testPool/nodes/tvm-1392786932_3-20150723t221017z\",\r\n      \"state\": \"idle\",\r\n      \"stateTransitionTime\": \"2015-07-23T22:14:41.2236663Z\",\r\n      \"lastBootTime\": \"2015-07-23T22:14:40.9799548Z\",\r\n      \"allocationTime\": \"2015-07-23T22:10:17.4539665Z\",\r\n      \"ipAddress\": \"100.117.142.17\",\r\n      \"affinityId\": \"TVM:tvm-1392786932_3-20150723t221017z\",\r\n      \"vmSize\": \"small\",\r\n      \"totalTasksRun\": 29,\r\n      \"startTask\": {\r\n        \"commandLine\": \"cmd /c echo hello\",\r\n        \"runElevated\": false,\r\n        \"maxTaskRetryCount\": 0,\r\n        \"waitForSuccess\": false\r\n      },\r\n      \"startTaskInfo\": {\r\n        \"state\": \"completed\",\r\n        \"startTime\": \"2015-07-23T22:14:41.3928318Z\",\r\n        \"endTime\": \"2015-07-23T22:14:43.0287698Z\",\r\n        \"exitCode\": 0,\r\n        \"retryCount\": 0\r\n      }\r\n    }\r\n  ]\r\n}",
      "ResponseHeaders": {
        "Content-Type": [
          "application/json; odata=minimalmetadata"
        ],
        "Transfer-Encoding": [
          "chunked"
        ],
        "request-id": [
          "37c870df-86bc-4e4b-bc96-c86fc769c1f9"
        ],
        "Strict-Transport-Security": [
          "max-age=31536000; includeSubDomains"
        ],
        "client-request-id": [
          "3b53a010-d54b-4416-8563-099e27369908"
        ],
        "DataServiceVersion": [
          "3.0"
        ],
        "Date": [
          "Fri, 24 Jul 2015 18:31:32 GMT"
        ],
        "Server": [
          "Microsoft-HTTPAPI/2.0"
        ]
      },
      "StatusCode": 200
    },
    {
      "RequestUri": "/pools/testPool/nodes?api-version=2015-06-01.2.0&timeout=300",
      "EncodedRequestUri": "L3Bvb2xzL3Rlc3RQb29sL25vZGVzP2FwaS12ZXJzaW9uPTIwMTUtMDYtMDEuMi4wJnRpbWVvdXQ9MzAw",
      "RequestMethod": "GET",
      "RequestBody": "",
      "RequestHeaders": {
        "client-request-id": [
          "603b0851-b58e-4bb4-9aba-29956930fb3c"
        ],
        "ocp-date": [
          "Fri, 24 Jul 2015 18:31:33 GMT"
        ],
        "return-client-request-id": [
          "true"
        ],
        "User-Agent": [
          "Microsoft.Azure.Batch.Protocol.BatchRestClient/2.0.0.0",
          "AzBatch/2.0.0.0"
        ]
      },
      "ResponseBody": "{\r\n  \"odata.metadata\": \"https://pstests.eastus.batch.azure.com/$metadata#nodes\",\r\n  \"value\": [\r\n    {\r\n      \"id\": \"tvm-1392786932_12-20150724t173754z\",\r\n      \"url\": \"https://pstests.eastus.batch.azure.com/pools/testPool/nodes/tvm-1392786932_12-20150724t173754z\",\r\n      \"state\": \"idle\",\r\n      \"stateTransitionTime\": \"2015-07-24T17:42:38.7390902Z\",\r\n      \"lastBootTime\": \"2015-07-24T17:42:38.6630924Z\",\r\n      \"allocationTime\": \"2015-07-24T17:37:54.9019509Z\",\r\n      \"ipAddress\": \"100.92.68.11\",\r\n      \"affinityId\": \"TVM:tvm-1392786932_12-20150724t173754z\",\r\n      \"vmSize\": \"small\",\r\n      \"totalTasksRun\": 2,\r\n      \"startTask\": {\r\n        \"commandLine\": \"cmd /c echo hello\",\r\n        \"runElevated\": false,\r\n        \"maxTaskRetryCount\": 0,\r\n        \"waitForSuccess\": false\r\n      },\r\n      \"startTaskInfo\": {\r\n        \"state\": \"completed\",\r\n        \"startTime\": \"2015-07-24T17:42:38.7710908Z\",\r\n        \"endTime\": \"2015-07-24T17:42:39.8710837Z\",\r\n        \"exitCode\": 0,\r\n        \"retryCount\": 0\r\n      }\r\n    },\r\n    {\r\n      \"id\": \"tvm-1392786932_13-20150724t182327z\",\r\n      \"url\": \"https://pstests.eastus.batch.azure.com/pools/testPool/nodes/tvm-1392786932_13-20150724t182327z\",\r\n      \"state\": \"idle\",\r\n      \"stateTransitionTime\": \"2015-07-24T18:28:48.6180129Z\",\r\n      \"lastBootTime\": \"2015-07-24T18:28:48.5161807Z\",\r\n      \"allocationTime\": \"2015-07-24T18:23:27.7451558Z\",\r\n      \"ipAddress\": \"100.65.84.108\",\r\n      \"affinityId\": \"TVM:tvm-1392786932_13-20150724t182327z\",\r\n      \"vmSize\": \"small\",\r\n      \"totalTasksRun\": 1,\r\n      \"startTask\": {\r\n        \"commandLine\": \"cmd /c echo hello\",\r\n        \"runElevated\": false,\r\n        \"maxTaskRetryCount\": 0,\r\n        \"waitForSuccess\": false\r\n      },\r\n      \"startTaskInfo\": {\r\n        \"state\": \"completed\",\r\n        \"startTime\": \"2015-07-24T18:28:48.667026Z\",\r\n        \"endTime\": \"2015-07-24T18:28:49.8430204Z\",\r\n        \"exitCode\": 0,\r\n        \"retryCount\": 0\r\n      }\r\n    },\r\n    {\r\n      \"id\": \"tvm-1392786932_14-20150724t182327z\",\r\n      \"url\": \"https://pstests.eastus.batch.azure.com/pools/testPool/nodes/tvm-1392786932_14-20150724t182327z\",\r\n      \"state\": \"idle\",\r\n      \"stateTransitionTime\": \"2015-07-24T18:28:11.6548113Z\",\r\n      \"lastBootTime\": \"2015-07-24T18:28:11.5728129Z\",\r\n      \"allocationTime\": \"2015-07-24T18:23:27.7451558Z\",\r\n      \"ipAddress\": \"100.65.86.135\",\r\n      \"affinityId\": \"TVM:tvm-1392786932_14-20150724t182327z\",\r\n      \"vmSize\": \"small\",\r\n      \"totalTasksRun\": 0,\r\n      \"startTask\": {\r\n        \"commandLine\": \"cmd /c echo hello\",\r\n        \"runElevated\": false,\r\n        \"maxTaskRetryCount\": 0,\r\n        \"waitForSuccess\": false\r\n      },\r\n      \"startTaskInfo\": {\r\n        \"state\": \"completed\",\r\n        \"startTime\": \"2015-07-24T18:28:11.6868124Z\",\r\n        \"endTime\": \"2015-07-24T18:28:12.9583808Z\",\r\n        \"exitCode\": 0,\r\n        \"retryCount\": 0\r\n      }\r\n    },\r\n    {\r\n      \"id\": \"tvm-1392786932_15-20150724t182327z\",\r\n      \"url\": \"https://pstests.eastus.batch.azure.com/pools/testPool/nodes/tvm-1392786932_15-20150724t182327z\",\r\n      \"state\": \"idle\",\r\n      \"stateTransitionTime\": \"2015-07-24T18:27:41.8508575Z\",\r\n      \"lastBootTime\": \"2015-07-24T18:27:41.7548575Z\",\r\n      \"allocationTime\": \"2015-07-24T18:23:27.7451558Z\",\r\n      \"ipAddress\": \"100.65.94.39\",\r\n      \"affinityId\": \"TVM:tvm-1392786932_15-20150724t182327z\",\r\n      \"vmSize\": \"small\",\r\n      \"totalTasksRun\": 0,\r\n      \"startTask\": {\r\n        \"commandLine\": \"cmd /c echo hello\",\r\n        \"runElevated\": false,\r\n        \"maxTaskRetryCount\": 0,\r\n        \"waitForSuccess\": false\r\n      },\r\n      \"startTaskInfo\": {\r\n        \"state\": \"completed\",\r\n        \"startTime\": \"2015-07-24T18:27:41.8968583Z\",\r\n        \"endTime\": \"2015-07-24T18:27:43.3336332Z\",\r\n        \"exitCode\": 0,\r\n        \"retryCount\": 0\r\n      }\r\n    },\r\n    {\r\n      \"id\": \"tvm-1392786932_16-20150724t182327z\",\r\n      \"url\": \"https://pstests.eastus.batch.azure.com/pools/testPool/nodes/tvm-1392786932_16-20150724t182327z\",\r\n      \"state\": \"idle\",\r\n      \"stateTransitionTime\": \"2015-07-24T18:28:11.7691179Z\",\r\n      \"lastBootTime\": \"2015-07-24T18:28:11.6371179Z\",\r\n      \"allocationTime\": \"2015-07-24T18:23:27.7451558Z\",\r\n      \"ipAddress\": \"100.65.134.64\",\r\n      \"affinityId\": \"TVM:tvm-1392786932_16-20150724t182327z\",\r\n      \"vmSize\": \"small\",\r\n      \"totalTasksRun\": 0,\r\n      \"startTask\": {\r\n        \"commandLine\": \"cmd /c echo hello\",\r\n        \"runElevated\": false,\r\n        \"maxTaskRetryCount\": 0,\r\n        \"waitForSuccess\": false\r\n      },\r\n      \"startTaskInfo\": {\r\n        \"state\": \"completed\",\r\n        \"startTime\": \"2015-07-24T18:28:11.8231184Z\",\r\n        \"endTime\": \"2015-07-24T18:28:13.5881296Z\",\r\n        \"exitCode\": 0,\r\n        \"retryCount\": 0\r\n      }\r\n    },\r\n    {\r\n      \"id\": \"tvm-1392786932_17-20150724t182327z\",\r\n      \"url\": \"https://pstests.eastus.batch.azure.com/pools/testPool/nodes/tvm-1392786932_17-20150724t182327z\",\r\n      \"state\": \"idle\",\r\n      \"stateTransitionTime\": \"2015-07-24T18:29:24.0762027Z\",\r\n      \"lastBootTime\": \"2015-07-24T18:29:23.9532038Z\",\r\n      \"allocationTime\": \"2015-07-24T18:23:27.7451558Z\",\r\n      \"ipAddress\": \"100.65.78.25\",\r\n      \"affinityId\": \"TVM:tvm-1392786932_17-20150724t182327z\",\r\n      \"vmSize\": \"small\",\r\n      \"totalTasksRun\": 0,\r\n      \"startTask\": {\r\n        \"commandLine\": \"cmd /c echo hello\",\r\n        \"runElevated\": false,\r\n        \"maxTaskRetryCount\": 0,\r\n        \"waitForSuccess\": false\r\n      },\r\n      \"startTaskInfo\": {\r\n        \"state\": \"completed\",\r\n        \"startTime\": \"2015-07-24T18:29:24.1722046Z\",\r\n        \"endTime\": \"2015-07-24T18:29:26.6552967Z\",\r\n        \"exitCode\": 0,\r\n        \"retryCount\": 0\r\n      }\r\n    },\r\n    {\r\n      \"id\": \"tvm-1392786932_3-20150723t221017z\",\r\n      \"url\": \"https://pstests.eastus.batch.azure.com/pools/testPool/nodes/tvm-1392786932_3-20150723t221017z\",\r\n      \"state\": \"idle\",\r\n      \"stateTransitionTime\": \"2015-07-23T22:14:41.2236663Z\",\r\n      \"lastBootTime\": \"2015-07-23T22:14:40.9799548Z\",\r\n      \"allocationTime\": \"2015-07-23T22:10:17.4539665Z\",\r\n      \"ipAddress\": \"100.117.142.17\",\r\n      \"affinityId\": \"TVM:tvm-1392786932_3-20150723t221017z\",\r\n      \"vmSize\": \"small\",\r\n      \"totalTasksRun\": 29,\r\n      \"startTask\": {\r\n        \"commandLine\": \"cmd /c echo hello\",\r\n        \"runElevated\": false,\r\n        \"maxTaskRetryCount\": 0,\r\n        \"waitForSuccess\": false\r\n      },\r\n      \"startTaskInfo\": {\r\n        \"state\": \"completed\",\r\n        \"startTime\": \"2015-07-23T22:14:41.3928318Z\",\r\n        \"endTime\": \"2015-07-23T22:14:43.0287698Z\",\r\n        \"exitCode\": 0,\r\n        \"retryCount\": 0\r\n      }\r\n    }\r\n  ]\r\n}",
      "ResponseHeaders": {
        "Content-Type": [
          "application/json; odata=minimalmetadata"
        ],
        "Transfer-Encoding": [
          "chunked"
        ],
        "request-id": [
          "7f18e7df-7812-4367-b2f5-06eb8942ee76"
        ],
        "Strict-Transport-Security": [
          "max-age=31536000; includeSubDomains"
        ],
        "client-request-id": [
          "603b0851-b58e-4bb4-9aba-29956930fb3c"
        ],
        "DataServiceVersion": [
          "3.0"
        ],
        "Date": [
          "Fri, 24 Jul 2015 18:31:32 GMT"
        ],
        "Server": [
          "Microsoft-HTTPAPI/2.0"
        ]
      },
      "StatusCode": 200
    },
    {
      "RequestUri": "/pools/testPool/nodes?api-version=2015-06-01.2.0&timeout=300",
      "EncodedRequestUri": "L3Bvb2xzL3Rlc3RQb29sL25vZGVzP2FwaS12ZXJzaW9uPTIwMTUtMDYtMDEuMi4wJnRpbWVvdXQ9MzAw",
      "RequestMethod": "GET",
      "RequestBody": "",
      "RequestHeaders": {
        "client-request-id": [
          "603b0851-b58e-4bb4-9aba-29956930fb3c"
        ],
        "ocp-date": [
          "Fri, 24 Jul 2015 18:31:33 GMT"
        ],
        "return-client-request-id": [
          "true"
        ],
        "User-Agent": [
          "Microsoft.Azure.Batch.Protocol.BatchRestClient/2.0.0.0",
          "AzBatch/2.0.0.0"
        ]
      },
      "ResponseBody": "{\r\n  \"odata.metadata\": \"https://pstests.eastus.batch.azure.com/$metadata#nodes\",\r\n  \"value\": [\r\n    {\r\n      \"id\": \"tvm-1392786932_12-20150724t173754z\",\r\n      \"url\": \"https://pstests.eastus.batch.azure.com/pools/testPool/nodes/tvm-1392786932_12-20150724t173754z\",\r\n      \"state\": \"idle\",\r\n      \"stateTransitionTime\": \"2015-07-24T17:42:38.7390902Z\",\r\n      \"lastBootTime\": \"2015-07-24T17:42:38.6630924Z\",\r\n      \"allocationTime\": \"2015-07-24T17:37:54.9019509Z\",\r\n      \"ipAddress\": \"100.92.68.11\",\r\n      \"affinityId\": \"TVM:tvm-1392786932_12-20150724t173754z\",\r\n      \"vmSize\": \"small\",\r\n      \"totalTasksRun\": 2,\r\n      \"startTask\": {\r\n        \"commandLine\": \"cmd /c echo hello\",\r\n        \"runElevated\": false,\r\n        \"maxTaskRetryCount\": 0,\r\n        \"waitForSuccess\": false\r\n      },\r\n      \"startTaskInfo\": {\r\n        \"state\": \"completed\",\r\n        \"startTime\": \"2015-07-24T17:42:38.7710908Z\",\r\n        \"endTime\": \"2015-07-24T17:42:39.8710837Z\",\r\n        \"exitCode\": 0,\r\n        \"retryCount\": 0\r\n      }\r\n    },\r\n    {\r\n      \"id\": \"tvm-1392786932_13-20150724t182327z\",\r\n      \"url\": \"https://pstests.eastus.batch.azure.com/pools/testPool/nodes/tvm-1392786932_13-20150724t182327z\",\r\n      \"state\": \"idle\",\r\n      \"stateTransitionTime\": \"2015-07-24T18:28:48.6180129Z\",\r\n      \"lastBootTime\": \"2015-07-24T18:28:48.5161807Z\",\r\n      \"allocationTime\": \"2015-07-24T18:23:27.7451558Z\",\r\n      \"ipAddress\": \"100.65.84.108\",\r\n      \"affinityId\": \"TVM:tvm-1392786932_13-20150724t182327z\",\r\n      \"vmSize\": \"small\",\r\n      \"totalTasksRun\": 1,\r\n      \"startTask\": {\r\n        \"commandLine\": \"cmd /c echo hello\",\r\n        \"runElevated\": false,\r\n        \"maxTaskRetryCount\": 0,\r\n        \"waitForSuccess\": false\r\n      },\r\n      \"startTaskInfo\": {\r\n        \"state\": \"completed\",\r\n        \"startTime\": \"2015-07-24T18:28:48.667026Z\",\r\n        \"endTime\": \"2015-07-24T18:28:49.8430204Z\",\r\n        \"exitCode\": 0,\r\n        \"retryCount\": 0\r\n      }\r\n    },\r\n    {\r\n      \"id\": \"tvm-1392786932_14-20150724t182327z\",\r\n      \"url\": \"https://pstests.eastus.batch.azure.com/pools/testPool/nodes/tvm-1392786932_14-20150724t182327z\",\r\n      \"state\": \"idle\",\r\n      \"stateTransitionTime\": \"2015-07-24T18:28:11.6548113Z\",\r\n      \"lastBootTime\": \"2015-07-24T18:28:11.5728129Z\",\r\n      \"allocationTime\": \"2015-07-24T18:23:27.7451558Z\",\r\n      \"ipAddress\": \"100.65.86.135\",\r\n      \"affinityId\": \"TVM:tvm-1392786932_14-20150724t182327z\",\r\n      \"vmSize\": \"small\",\r\n      \"totalTasksRun\": 0,\r\n      \"startTask\": {\r\n        \"commandLine\": \"cmd /c echo hello\",\r\n        \"runElevated\": false,\r\n        \"maxTaskRetryCount\": 0,\r\n        \"waitForSuccess\": false\r\n      },\r\n      \"startTaskInfo\": {\r\n        \"state\": \"completed\",\r\n        \"startTime\": \"2015-07-24T18:28:11.6868124Z\",\r\n        \"endTime\": \"2015-07-24T18:28:12.9583808Z\",\r\n        \"exitCode\": 0,\r\n        \"retryCount\": 0\r\n      }\r\n    },\r\n    {\r\n      \"id\": \"tvm-1392786932_15-20150724t182327z\",\r\n      \"url\": \"https://pstests.eastus.batch.azure.com/pools/testPool/nodes/tvm-1392786932_15-20150724t182327z\",\r\n      \"state\": \"idle\",\r\n      \"stateTransitionTime\": \"2015-07-24T18:27:41.8508575Z\",\r\n      \"lastBootTime\": \"2015-07-24T18:27:41.7548575Z\",\r\n      \"allocationTime\": \"2015-07-24T18:23:27.7451558Z\",\r\n      \"ipAddress\": \"100.65.94.39\",\r\n      \"affinityId\": \"TVM:tvm-1392786932_15-20150724t182327z\",\r\n      \"vmSize\": \"small\",\r\n      \"totalTasksRun\": 0,\r\n      \"startTask\": {\r\n        \"commandLine\": \"cmd /c echo hello\",\r\n        \"runElevated\": false,\r\n        \"maxTaskRetryCount\": 0,\r\n        \"waitForSuccess\": false\r\n      },\r\n      \"startTaskInfo\": {\r\n        \"state\": \"completed\",\r\n        \"startTime\": \"2015-07-24T18:27:41.8968583Z\",\r\n        \"endTime\": \"2015-07-24T18:27:43.3336332Z\",\r\n        \"exitCode\": 0,\r\n        \"retryCount\": 0\r\n      }\r\n    },\r\n    {\r\n      \"id\": \"tvm-1392786932_16-20150724t182327z\",\r\n      \"url\": \"https://pstests.eastus.batch.azure.com/pools/testPool/nodes/tvm-1392786932_16-20150724t182327z\",\r\n      \"state\": \"idle\",\r\n      \"stateTransitionTime\": \"2015-07-24T18:28:11.7691179Z\",\r\n      \"lastBootTime\": \"2015-07-24T18:28:11.6371179Z\",\r\n      \"allocationTime\": \"2015-07-24T18:23:27.7451558Z\",\r\n      \"ipAddress\": \"100.65.134.64\",\r\n      \"affinityId\": \"TVM:tvm-1392786932_16-20150724t182327z\",\r\n      \"vmSize\": \"small\",\r\n      \"totalTasksRun\": 0,\r\n      \"startTask\": {\r\n        \"commandLine\": \"cmd /c echo hello\",\r\n        \"runElevated\": false,\r\n        \"maxTaskRetryCount\": 0,\r\n        \"waitForSuccess\": false\r\n      },\r\n      \"startTaskInfo\": {\r\n        \"state\": \"completed\",\r\n        \"startTime\": \"2015-07-24T18:28:11.8231184Z\",\r\n        \"endTime\": \"2015-07-24T18:28:13.5881296Z\",\r\n        \"exitCode\": 0,\r\n        \"retryCount\": 0\r\n      }\r\n    },\r\n    {\r\n      \"id\": \"tvm-1392786932_17-20150724t182327z\",\r\n      \"url\": \"https://pstests.eastus.batch.azure.com/pools/testPool/nodes/tvm-1392786932_17-20150724t182327z\",\r\n      \"state\": \"idle\",\r\n      \"stateTransitionTime\": \"2015-07-24T18:29:24.0762027Z\",\r\n      \"lastBootTime\": \"2015-07-24T18:29:23.9532038Z\",\r\n      \"allocationTime\": \"2015-07-24T18:23:27.7451558Z\",\r\n      \"ipAddress\": \"100.65.78.25\",\r\n      \"affinityId\": \"TVM:tvm-1392786932_17-20150724t182327z\",\r\n      \"vmSize\": \"small\",\r\n      \"totalTasksRun\": 0,\r\n      \"startTask\": {\r\n        \"commandLine\": \"cmd /c echo hello\",\r\n        \"runElevated\": false,\r\n        \"maxTaskRetryCount\": 0,\r\n        \"waitForSuccess\": false\r\n      },\r\n      \"startTaskInfo\": {\r\n        \"state\": \"completed\",\r\n        \"startTime\": \"2015-07-24T18:29:24.1722046Z\",\r\n        \"endTime\": \"2015-07-24T18:29:26.6552967Z\",\r\n        \"exitCode\": 0,\r\n        \"retryCount\": 0\r\n      }\r\n    },\r\n    {\r\n      \"id\": \"tvm-1392786932_3-20150723t221017z\",\r\n      \"url\": \"https://pstests.eastus.batch.azure.com/pools/testPool/nodes/tvm-1392786932_3-20150723t221017z\",\r\n      \"state\": \"idle\",\r\n      \"stateTransitionTime\": \"2015-07-23T22:14:41.2236663Z\",\r\n      \"lastBootTime\": \"2015-07-23T22:14:40.9799548Z\",\r\n      \"allocationTime\": \"2015-07-23T22:10:17.4539665Z\",\r\n      \"ipAddress\": \"100.117.142.17\",\r\n      \"affinityId\": \"TVM:tvm-1392786932_3-20150723t221017z\",\r\n      \"vmSize\": \"small\",\r\n      \"totalTasksRun\": 29,\r\n      \"startTask\": {\r\n        \"commandLine\": \"cmd /c echo hello\",\r\n        \"runElevated\": false,\r\n        \"maxTaskRetryCount\": 0,\r\n        \"waitForSuccess\": false\r\n      },\r\n      \"startTaskInfo\": {\r\n        \"state\": \"completed\",\r\n        \"startTime\": \"2015-07-23T22:14:41.3928318Z\",\r\n        \"endTime\": \"2015-07-23T22:14:43.0287698Z\",\r\n        \"exitCode\": 0,\r\n        \"retryCount\": 0\r\n      }\r\n    }\r\n  ]\r\n}",
      "ResponseHeaders": {
        "Content-Type": [
          "application/json; odata=minimalmetadata"
        ],
        "Transfer-Encoding": [
          "chunked"
        ],
        "request-id": [
          "7f18e7df-7812-4367-b2f5-06eb8942ee76"
        ],
        "Strict-Transport-Security": [
          "max-age=31536000; includeSubDomains"
        ],
        "client-request-id": [
          "603b0851-b58e-4bb4-9aba-29956930fb3c"
        ],
        "DataServiceVersion": [
          "3.0"
        ],
        "Date": [
          "Fri, 24 Jul 2015 18:31:32 GMT"
        ],
        "Server": [
          "Microsoft-HTTPAPI/2.0"
        ]
      },
      "StatusCode": 200
    },
    {
      "RequestUri": "/pools/testPool/nodes?api-version=2015-06-01.2.0&timeout=300",
      "EncodedRequestUri": "L3Bvb2xzL3Rlc3RQb29sL25vZGVzP2FwaS12ZXJzaW9uPTIwMTUtMDYtMDEuMi4wJnRpbWVvdXQ9MzAw",
      "RequestMethod": "GET",
      "RequestBody": "",
      "RequestHeaders": {
        "client-request-id": [
          "603b0851-b58e-4bb4-9aba-29956930fb3c"
        ],
        "ocp-date": [
          "Fri, 24 Jul 2015 18:31:33 GMT"
        ],
        "return-client-request-id": [
          "true"
        ],
        "User-Agent": [
          "Microsoft.Azure.Batch.Protocol.BatchRestClient/2.0.0.0",
          "AzBatch/2.0.0.0"
        ]
      },
      "ResponseBody": "{\r\n  \"odata.metadata\": \"https://pstests.eastus.batch.azure.com/$metadata#nodes\",\r\n  \"value\": [\r\n    {\r\n      \"id\": \"tvm-1392786932_12-20150724t173754z\",\r\n      \"url\": \"https://pstests.eastus.batch.azure.com/pools/testPool/nodes/tvm-1392786932_12-20150724t173754z\",\r\n      \"state\": \"idle\",\r\n      \"stateTransitionTime\": \"2015-07-24T17:42:38.7390902Z\",\r\n      \"lastBootTime\": \"2015-07-24T17:42:38.6630924Z\",\r\n      \"allocationTime\": \"2015-07-24T17:37:54.9019509Z\",\r\n      \"ipAddress\": \"100.92.68.11\",\r\n      \"affinityId\": \"TVM:tvm-1392786932_12-20150724t173754z\",\r\n      \"vmSize\": \"small\",\r\n      \"totalTasksRun\": 2,\r\n      \"startTask\": {\r\n        \"commandLine\": \"cmd /c echo hello\",\r\n        \"runElevated\": false,\r\n        \"maxTaskRetryCount\": 0,\r\n        \"waitForSuccess\": false\r\n      },\r\n      \"startTaskInfo\": {\r\n        \"state\": \"completed\",\r\n        \"startTime\": \"2015-07-24T17:42:38.7710908Z\",\r\n        \"endTime\": \"2015-07-24T17:42:39.8710837Z\",\r\n        \"exitCode\": 0,\r\n        \"retryCount\": 0\r\n      }\r\n    },\r\n    {\r\n      \"id\": \"tvm-1392786932_13-20150724t182327z\",\r\n      \"url\": \"https://pstests.eastus.batch.azure.com/pools/testPool/nodes/tvm-1392786932_13-20150724t182327z\",\r\n      \"state\": \"idle\",\r\n      \"stateTransitionTime\": \"2015-07-24T18:28:48.6180129Z\",\r\n      \"lastBootTime\": \"2015-07-24T18:28:48.5161807Z\",\r\n      \"allocationTime\": \"2015-07-24T18:23:27.7451558Z\",\r\n      \"ipAddress\": \"100.65.84.108\",\r\n      \"affinityId\": \"TVM:tvm-1392786932_13-20150724t182327z\",\r\n      \"vmSize\": \"small\",\r\n      \"totalTasksRun\": 1,\r\n      \"startTask\": {\r\n        \"commandLine\": \"cmd /c echo hello\",\r\n        \"runElevated\": false,\r\n        \"maxTaskRetryCount\": 0,\r\n        \"waitForSuccess\": false\r\n      },\r\n      \"startTaskInfo\": {\r\n        \"state\": \"completed\",\r\n        \"startTime\": \"2015-07-24T18:28:48.667026Z\",\r\n        \"endTime\": \"2015-07-24T18:28:49.8430204Z\",\r\n        \"exitCode\": 0,\r\n        \"retryCount\": 0\r\n      }\r\n    },\r\n    {\r\n      \"id\": \"tvm-1392786932_14-20150724t182327z\",\r\n      \"url\": \"https://pstests.eastus.batch.azure.com/pools/testPool/nodes/tvm-1392786932_14-20150724t182327z\",\r\n      \"state\": \"idle\",\r\n      \"stateTransitionTime\": \"2015-07-24T18:28:11.6548113Z\",\r\n      \"lastBootTime\": \"2015-07-24T18:28:11.5728129Z\",\r\n      \"allocationTime\": \"2015-07-24T18:23:27.7451558Z\",\r\n      \"ipAddress\": \"100.65.86.135\",\r\n      \"affinityId\": \"TVM:tvm-1392786932_14-20150724t182327z\",\r\n      \"vmSize\": \"small\",\r\n      \"totalTasksRun\": 0,\r\n      \"startTask\": {\r\n        \"commandLine\": \"cmd /c echo hello\",\r\n        \"runElevated\": false,\r\n        \"maxTaskRetryCount\": 0,\r\n        \"waitForSuccess\": false\r\n      },\r\n      \"startTaskInfo\": {\r\n        \"state\": \"completed\",\r\n        \"startTime\": \"2015-07-24T18:28:11.6868124Z\",\r\n        \"endTime\": \"2015-07-24T18:28:12.9583808Z\",\r\n        \"exitCode\": 0,\r\n        \"retryCount\": 0\r\n      }\r\n    },\r\n    {\r\n      \"id\": \"tvm-1392786932_15-20150724t182327z\",\r\n      \"url\": \"https://pstests.eastus.batch.azure.com/pools/testPool/nodes/tvm-1392786932_15-20150724t182327z\",\r\n      \"state\": \"idle\",\r\n      \"stateTransitionTime\": \"2015-07-24T18:27:41.8508575Z\",\r\n      \"lastBootTime\": \"2015-07-24T18:27:41.7548575Z\",\r\n      \"allocationTime\": \"2015-07-24T18:23:27.7451558Z\",\r\n      \"ipAddress\": \"100.65.94.39\",\r\n      \"affinityId\": \"TVM:tvm-1392786932_15-20150724t182327z\",\r\n      \"vmSize\": \"small\",\r\n      \"totalTasksRun\": 0,\r\n      \"startTask\": {\r\n        \"commandLine\": \"cmd /c echo hello\",\r\n        \"runElevated\": false,\r\n        \"maxTaskRetryCount\": 0,\r\n        \"waitForSuccess\": false\r\n      },\r\n      \"startTaskInfo\": {\r\n        \"state\": \"completed\",\r\n        \"startTime\": \"2015-07-24T18:27:41.8968583Z\",\r\n        \"endTime\": \"2015-07-24T18:27:43.3336332Z\",\r\n        \"exitCode\": 0,\r\n        \"retryCount\": 0\r\n      }\r\n    },\r\n    {\r\n      \"id\": \"tvm-1392786932_16-20150724t182327z\",\r\n      \"url\": \"https://pstests.eastus.batch.azure.com/pools/testPool/nodes/tvm-1392786932_16-20150724t182327z\",\r\n      \"state\": \"idle\",\r\n      \"stateTransitionTime\": \"2015-07-24T18:28:11.7691179Z\",\r\n      \"lastBootTime\": \"2015-07-24T18:28:11.6371179Z\",\r\n      \"allocationTime\": \"2015-07-24T18:23:27.7451558Z\",\r\n      \"ipAddress\": \"100.65.134.64\",\r\n      \"affinityId\": \"TVM:tvm-1392786932_16-20150724t182327z\",\r\n      \"vmSize\": \"small\",\r\n      \"totalTasksRun\": 0,\r\n      \"startTask\": {\r\n        \"commandLine\": \"cmd /c echo hello\",\r\n        \"runElevated\": false,\r\n        \"maxTaskRetryCount\": 0,\r\n        \"waitForSuccess\": false\r\n      },\r\n      \"startTaskInfo\": {\r\n        \"state\": \"completed\",\r\n        \"startTime\": \"2015-07-24T18:28:11.8231184Z\",\r\n        \"endTime\": \"2015-07-24T18:28:13.5881296Z\",\r\n        \"exitCode\": 0,\r\n        \"retryCount\": 0\r\n      }\r\n    },\r\n    {\r\n      \"id\": \"tvm-1392786932_17-20150724t182327z\",\r\n      \"url\": \"https://pstests.eastus.batch.azure.com/pools/testPool/nodes/tvm-1392786932_17-20150724t182327z\",\r\n      \"state\": \"idle\",\r\n      \"stateTransitionTime\": \"2015-07-24T18:29:24.0762027Z\",\r\n      \"lastBootTime\": \"2015-07-24T18:29:23.9532038Z\",\r\n      \"allocationTime\": \"2015-07-24T18:23:27.7451558Z\",\r\n      \"ipAddress\": \"100.65.78.25\",\r\n      \"affinityId\": \"TVM:tvm-1392786932_17-20150724t182327z\",\r\n      \"vmSize\": \"small\",\r\n      \"totalTasksRun\": 0,\r\n      \"startTask\": {\r\n        \"commandLine\": \"cmd /c echo hello\",\r\n        \"runElevated\": false,\r\n        \"maxTaskRetryCount\": 0,\r\n        \"waitForSuccess\": false\r\n      },\r\n      \"startTaskInfo\": {\r\n        \"state\": \"completed\",\r\n        \"startTime\": \"2015-07-24T18:29:24.1722046Z\",\r\n        \"endTime\": \"2015-07-24T18:29:26.6552967Z\",\r\n        \"exitCode\": 0,\r\n        \"retryCount\": 0\r\n      }\r\n    },\r\n    {\r\n      \"id\": \"tvm-1392786932_3-20150723t221017z\",\r\n      \"url\": \"https://pstests.eastus.batch.azure.com/pools/testPool/nodes/tvm-1392786932_3-20150723t221017z\",\r\n      \"state\": \"idle\",\r\n      \"stateTransitionTime\": \"2015-07-23T22:14:41.2236663Z\",\r\n      \"lastBootTime\": \"2015-07-23T22:14:40.9799548Z\",\r\n      \"allocationTime\": \"2015-07-23T22:10:17.4539665Z\",\r\n      \"ipAddress\": \"100.117.142.17\",\r\n      \"affinityId\": \"TVM:tvm-1392786932_3-20150723t221017z\",\r\n      \"vmSize\": \"small\",\r\n      \"totalTasksRun\": 29,\r\n      \"startTask\": {\r\n        \"commandLine\": \"cmd /c echo hello\",\r\n        \"runElevated\": false,\r\n        \"maxTaskRetryCount\": 0,\r\n        \"waitForSuccess\": false\r\n      },\r\n      \"startTaskInfo\": {\r\n        \"state\": \"completed\",\r\n        \"startTime\": \"2015-07-23T22:14:41.3928318Z\",\r\n        \"endTime\": \"2015-07-23T22:14:43.0287698Z\",\r\n        \"exitCode\": 0,\r\n        \"retryCount\": 0\r\n      }\r\n    }\r\n  ]\r\n}",
      "ResponseHeaders": {
        "Content-Type": [
          "application/json; odata=minimalmetadata"
        ],
        "Transfer-Encoding": [
          "chunked"
        ],
        "request-id": [
          "7f18e7df-7812-4367-b2f5-06eb8942ee76"
        ],
        "Strict-Transport-Security": [
          "max-age=31536000; includeSubDomains"
        ],
        "client-request-id": [
          "603b0851-b58e-4bb4-9aba-29956930fb3c"
        ],
        "DataServiceVersion": [
          "3.0"
        ],
        "Date": [
          "Fri, 24 Jul 2015 18:31:32 GMT"
        ],
        "Server": [
          "Microsoft-HTTPAPI/2.0"
        ]
      },
      "StatusCode": 200
    },
    {
      "RequestUri": "/pools/testPool?api-version=2015-06-01.2.0&timeout=300",
      "EncodedRequestUri": "L3Bvb2xzL3Rlc3RQb29sP2FwaS12ZXJzaW9uPTIwMTUtMDYtMDEuMi4wJnRpbWVvdXQ9MzAw",
      "RequestMethod": "GET",
      "RequestBody": "",
      "RequestHeaders": {
        "client-request-id": [
          "f38d2d50-1812-4bca-a247-385e894a1ed4"
        ],
        "ocp-date": [
          "Fri, 24 Jul 2015 18:31:33 GMT"
        ],
        "return-client-request-id": [
          "true"
        ],
        "User-Agent": [
          "Microsoft.Azure.Batch.Protocol.BatchRestClient/2.0.0.0",
          "AzBatch/2.0.0.0"
        ]
      },
      "ResponseBody": "{\r\n  \"odata.metadata\": \"https://pstests.eastus.batch.azure.com/$metadata#pools/@Element\",\r\n  \"id\": \"testPool\",\r\n  \"url\": \"https://pstests.eastus.batch.azure.com/pools/testPool\",\r\n  \"eTag\": \"0x8D29454FCD6D51B\",\r\n  \"lastModified\": \"2015-07-24T18:23:35.2762651Z\",\r\n  \"creationTime\": \"2015-07-23T22:08:48.7881496Z\",\r\n  \"state\": \"active\",\r\n  \"stateTransitionTime\": \"2015-07-23T22:08:48.7881496Z\",\r\n  \"allocationState\": \"steady\",\r\n  \"allocationStateTransitionTime\": \"2015-07-24T18:25:02.141393Z\",\r\n  \"osFamily\": \"4\",\r\n  \"targetOSVersion\": \"*\",\r\n  \"currentOSVersion\": \"*\",\r\n  \"vmSize\": \"small\",\r\n  \"resizeTimeout\": \"PT1H\",\r\n  \"currentDedicated\": 7,\r\n  \"targetDedicated\": 7,\r\n  \"enableAutoScale\": false,\r\n  \"enableInterNodeCommunication\": false,\r\n  \"startTask\": {\r\n    \"commandLine\": \"cmd /c echo hello\",\r\n    \"runElevated\": false,\r\n    \"maxTaskRetryCount\": 0,\r\n    \"waitForSuccess\": false\r\n  },\r\n  \"maxTasksPerNode\": 1,\r\n  \"taskSchedulingPolicy\": {\r\n    \"nodeFillType\": \"Spread\"\r\n  }\r\n}",
      "ResponseHeaders": {
        "Content-Type": [
          "application/json; odata=minimalmetadata"
        ],
        "Last-Modified": [
          "Fri, 24 Jul 2015 18:23:35 GMT"
        ],
        "Transfer-Encoding": [
          "chunked"
        ],
        "request-id": [
          "751d6d7b-c648-4a78-aaba-698c2c144a30"
        ],
        "Strict-Transport-Security": [
          "max-age=31536000; includeSubDomains"
        ],
        "client-request-id": [
          "f38d2d50-1812-4bca-a247-385e894a1ed4"
        ],
        "DataServiceVersion": [
          "3.0"
        ],
        "Date": [
          "Fri, 24 Jul 2015 18:31:32 GMT"
        ],
        "ETag": [
          "0x8D29454FCD6D51B"
        ],
        "Server": [
          "Microsoft-HTTPAPI/2.0"
        ]
      },
      "StatusCode": 200
    },
    {
      "RequestUri": "/pools/testPool?api-version=2015-06-01.2.0&timeout=300",
      "EncodedRequestUri": "L3Bvb2xzL3Rlc3RQb29sP2FwaS12ZXJzaW9uPTIwMTUtMDYtMDEuMi4wJnRpbWVvdXQ9MzAw",
      "RequestMethod": "GET",
      "RequestBody": "",
      "RequestHeaders": {
        "client-request-id": [
          "f38d2d50-1812-4bca-a247-385e894a1ed4"
        ],
        "ocp-date": [
          "Fri, 24 Jul 2015 18:31:33 GMT"
        ],
        "return-client-request-id": [
          "true"
        ],
        "User-Agent": [
          "Microsoft.Azure.Batch.Protocol.BatchRestClient/2.0.0.0",
          "AzBatch/2.0.0.0"
        ]
      },
      "ResponseBody": "{\r\n  \"odata.metadata\": \"https://pstests.eastus.batch.azure.com/$metadata#pools/@Element\",\r\n  \"id\": \"testPool\",\r\n  \"url\": \"https://pstests.eastus.batch.azure.com/pools/testPool\",\r\n  \"eTag\": \"0x8D29454FCD6D51B\",\r\n  \"lastModified\": \"2015-07-24T18:23:35.2762651Z\",\r\n  \"creationTime\": \"2015-07-23T22:08:48.7881496Z\",\r\n  \"state\": \"active\",\r\n  \"stateTransitionTime\": \"2015-07-23T22:08:48.7881496Z\",\r\n  \"allocationState\": \"steady\",\r\n  \"allocationStateTransitionTime\": \"2015-07-24T18:25:02.141393Z\",\r\n  \"osFamily\": \"4\",\r\n  \"targetOSVersion\": \"*\",\r\n  \"currentOSVersion\": \"*\",\r\n  \"vmSize\": \"small\",\r\n  \"resizeTimeout\": \"PT1H\",\r\n  \"currentDedicated\": 7,\r\n  \"targetDedicated\": 7,\r\n  \"enableAutoScale\": false,\r\n  \"enableInterNodeCommunication\": false,\r\n  \"startTask\": {\r\n    \"commandLine\": \"cmd /c echo hello\",\r\n    \"runElevated\": false,\r\n    \"maxTaskRetryCount\": 0,\r\n    \"waitForSuccess\": false\r\n  },\r\n  \"maxTasksPerNode\": 1,\r\n  \"taskSchedulingPolicy\": {\r\n    \"nodeFillType\": \"Spread\"\r\n  }\r\n}",
      "ResponseHeaders": {
        "Content-Type": [
          "application/json; odata=minimalmetadata"
        ],
        "Last-Modified": [
          "Fri, 24 Jul 2015 18:23:35 GMT"
        ],
        "Transfer-Encoding": [
          "chunked"
        ],
        "request-id": [
          "751d6d7b-c648-4a78-aaba-698c2c144a30"
        ],
        "Strict-Transport-Security": [
          "max-age=31536000; includeSubDomains"
        ],
        "client-request-id": [
          "f38d2d50-1812-4bca-a247-385e894a1ed4"
        ],
        "DataServiceVersion": [
          "3.0"
        ],
        "Date": [
          "Fri, 24 Jul 2015 18:31:32 GMT"
        ],
        "ETag": [
          "0x8D29454FCD6D51B"
        ],
        "Server": [
          "Microsoft-HTTPAPI/2.0"
        ]
      },
      "StatusCode": 200
    }
  ],
  "Names": {},
  "Variables": {
    "SubscriptionId": "6368ed38-3570-481f-b4fa-1d0a6e8d3f3b"
  }
}