{
  "Entries": [
    {
      "RequestUri": "/subscriptions/f34b22a3-2202-4fb1-b040-1332bd928c84/resourceGroups/Random83da135/providers/Microsoft.Logic/integrationAccounts/DoesNotMatter/sessions/Edifact-ICN-DoesNotMatter-DoesNotMatter?api-version=2016-06-01",
      "EncodedRequestUri": "L3N1YnNjcmlwdGlvbnMvZjM0YjIyYTMtMjIwMi00ZmIxLWIwNDAtMTMzMmJkOTI4Yzg0L3Jlc291cmNlR3JvdXBzL1JhbmRvbTgzZGExMzUvcHJvdmlkZXJzL01pY3Jvc29mdC5Mb2dpYy9pbnRlZ3JhdGlvbkFjY291bnRzL0RvZXNOb3RNYXR0ZXIvc2Vzc2lvbnMvRWRpZmFjdC1JQ04tRG9lc05vdE1hdHRlci1Eb2VzTm90TWF0dGVyP2FwaS12ZXJzaW9uPTIwMTYtMDYtMDE=",
      "RequestMethod": "GET",
      "RequestBody": "",
      "RequestHeaders": {
        "x-ms-client-request-id": [
          "1fab8a28-6495-4354-8e2a-b51329bb9218"
        ],
        "accept-language": [
          "en-US"
        ],
        "User-Agent": [
          "FxVersion/4.6.1637.0",
          "OSName/Windows_10_Enterprise",
          "OSVersion/6.3.14393",
          "Microsoft.Azure.Management.Logic.LogicManagementClient/3.0.0"
        ]
      },
      "ResponseBody": "{\r\n  \"error\": {\r\n    \"code\": \"ResourceGroupNotFound\",\r\n    \"message\": \"Resource group 'Random83da135' could not be found.\"\r\n  }\r\n}",
      "ResponseHeaders": {
        "Content-Length": [
          "105"
        ],
        "Content-Type": [
          "application/json; charset=utf-8"
        ],
        "Expires": [
          "-1"
        ],
        "Pragma": [
          "no-cache"
        ],
        "x-ms-failure-cause": [
          "gateway"
        ],
        "x-ms-request-id": [
          "eeb438d9-d1ae-43dd-ae45-f55252698b49"
        ],
        "x-ms-correlation-request-id": [
          "eeb438d9-d1ae-43dd-ae45-f55252698b49"
        ],
        "x-ms-routing-request-id": [
          "WESTUS2:20170421T232625Z:eeb438d9-d1ae-43dd-ae45-f55252698b49"
        ],
        "Strict-Transport-Security": [
          "max-age=31536000; includeSubDomains"
        ],
        "Cache-Control": [
          "no-cache"
        ],
        "Date": [
          "Fri, 21 Apr 2017 23:26:25 GMT"
        ]
      },
      "StatusCode": 404
    },
    {
      "RequestUri": "/subscriptions/f34b22a3-2202-4fb1-b040-1332bd928c84/resourcegroups/IntegrationAccountPsCmdletTest?api-version=2016-02-01",
      "EncodedRequestUri": "L3N1YnNjcmlwdGlvbnMvZjM0YjIyYTMtMjIwMi00ZmIxLWIwNDAtMTMzMmJkOTI4Yzg0L3Jlc291cmNlZ3JvdXBzL0ludGVncmF0aW9uQWNjb3VudFBzQ21kbGV0VGVzdD9hcGktdmVyc2lvbj0yMDE2LTAyLTAx",
      "RequestMethod": "PUT",
      "RequestBody": "{\r\n  \"location\": \"brazilsouth\"\r\n}",
      "RequestHeaders": {
        "Content-Type": [
          "application/json; charset=utf-8"
        ],
        "Content-Length": [
          "33"
        ],
        "User-Agent": [
          "Microsoft.Azure.Management.Resources.ResourceManagementClient/2.0.0.0"
        ]
      },
      "ResponseBody": "{\r\n  \"id\": \"/subscriptions/f34b22a3-2202-4fb1-b040-1332bd928c84/resourceGroups/IntegrationAccountPsCmdletTest\",\r\n  \"name\": \"IntegrationAccountPsCmdletTest\",\r\n  \"location\": \"brazilsouth\",\r\n  \"properties\": {\r\n    \"provisioningState\": \"Succeeded\"\r\n  }\r\n}",
      "ResponseHeaders": {
        "Content-Length": [
          "218"
        ],
        "Content-Type": [
          "application/json; charset=utf-8"
        ],
        "Expires": [
          "-1"
        ],
        "Pragma": [
          "no-cache"
        ],
        "x-ms-ratelimit-remaining-subscription-writes": [
          "1143"
        ],
        "x-ms-request-id": [
          "f5575e71-1883-42b5-b048-784c9fee99c6"
        ],
        "x-ms-correlation-request-id": [
          "f5575e71-1883-42b5-b048-784c9fee99c6"
        ],
        "x-ms-routing-request-id": [
          "WESTUS2:20170421T232628Z:f5575e71-1883-42b5-b048-784c9fee99c6"
        ],
        "Strict-Transport-Security": [
          "max-age=31536000; includeSubDomains"
        ],
        "Cache-Control": [
          "no-cache"
        ],
        "Date": [
          "Fri, 21 Apr 2017 23:26:27 GMT"
        ]
      },
      "StatusCode": 200
    },
    {
      "RequestUri": "/subscriptions/f34b22a3-2202-4fb1-b040-1332bd928c84/resourceGroups/IntegrationAccountPsCmdletTest/providers/Microsoft.Logic/integrationAccounts/Random83da135/sessions/Edifact-ICN-DoesNotMatter-DoesNotMatter?api-version=2016-06-01",
      "EncodedRequestUri": "L3N1YnNjcmlwdGlvbnMvZjM0YjIyYTMtMjIwMi00ZmIxLWIwNDAtMTMzMmJkOTI4Yzg0L3Jlc291cmNlR3JvdXBzL0ludGVncmF0aW9uQWNjb3VudFBzQ21kbGV0VGVzdC9wcm92aWRlcnMvTWljcm9zb2Z0LkxvZ2ljL2ludGVncmF0aW9uQWNjb3VudHMvUmFuZG9tODNkYTEzNS9zZXNzaW9ucy9FZGlmYWN0LUlDTi1Eb2VzTm90TWF0dGVyLURvZXNOb3RNYXR0ZXI/YXBpLXZlcnNpb249MjAxNi0wNi0wMQ==",
      "RequestMethod": "GET",
      "RequestBody": "",
      "RequestHeaders": {
        "x-ms-client-request-id": [
          "919d45f9-e4dc-4c17-8caf-f5d67d566295"
        ],
        "accept-language": [
          "en-US"
        ],
        "User-Agent": [
          "FxVersion/4.6.1637.0",
          "OSName/Windows_10_Enterprise",
          "OSVersion/6.3.14393",
          "Microsoft.Azure.Management.Logic.LogicManagementClient/3.0.0"
        ]
      },
      "ResponseBody": "{\r\n  \"error\": {\r\n    \"code\": \"ResourceNotFound\",\r\n    \"message\": \"The Resource 'Microsoft.Logic/integrationAccounts/Random83da135' under resource group 'IntegrationAccountPsCmdletTest' was not found.\"\r\n  }\r\n}",
      "ResponseHeaders": {
        "Content-Length": [
          "183"
        ],
        "Content-Type": [
          "application/json; charset=utf-8"
        ],
        "Expires": [
          "-1"
        ],
        "Pragma": [
          "no-cache"
        ],
        "x-ms-failure-cause": [
          "gateway"
        ],
        "x-ms-request-id": [
          "a6f190bf-0879-4944-9409-8e38924d1cd8"
        ],
        "x-ms-correlation-request-id": [
          "a6f190bf-0879-4944-9409-8e38924d1cd8"
        ],
        "x-ms-routing-request-id": [
          "WESTUS2:20170421T232628Z:a6f190bf-0879-4944-9409-8e38924d1cd8"
        ],
        "Strict-Transport-Security": [
          "max-age=31536000; includeSubDomains"
        ],
        "Cache-Control": [
          "no-cache"
        ],
        "Date": [
          "Fri, 21 Apr 2017 23:26:28 GMT"
        ]
      },
      "StatusCode": 404
    },
    {
      "RequestUri": "/subscriptions/f34b22a3-2202-4fb1-b040-1332bd928c84/resourceGroups/IntegrationAccountPsCmdletTest/providers/Microsoft.Logic/integrationAccounts/onesdk9450?api-version=2016-06-01",
      "EncodedRequestUri": "L3N1YnNjcmlwdGlvbnMvZjM0YjIyYTMtMjIwMi00ZmIxLWIwNDAtMTMzMmJkOTI4Yzg0L3Jlc291cmNlR3JvdXBzL0ludGVncmF0aW9uQWNjb3VudFBzQ21kbGV0VGVzdC9wcm92aWRlcnMvTWljcm9zb2Z0LkxvZ2ljL2ludGVncmF0aW9uQWNjb3VudHMvb25lc2RrOTQ1MD9hcGktdmVyc2lvbj0yMDE2LTA2LTAx",
      "RequestMethod": "GET",
      "RequestBody": "",
      "RequestHeaders": {
        "x-ms-client-request-id": [
          "f9bce6b3-078b-4228-81a1-f2c9ea45aa09"
        ],
        "accept-language": [
          "en-US"
        ],
        "User-Agent": [
          "FxVersion/4.6.1637.0",
          "OSName/Windows_10_Enterprise",
          "OSVersion/6.3.14393",
          "Microsoft.Azure.Management.Logic.LogicManagementClient/3.0.0"
        ]
      },
      "ResponseBody": "{\r\n  \"error\": {\r\n    \"code\": \"ResourceNotFound\",\r\n    \"message\": \"The Resource 'Microsoft.Logic/integrationAccounts/onesdk9450' under resource group 'IntegrationAccountPsCmdletTest' was not found.\"\r\n  }\r\n}",
      "ResponseHeaders": {
        "Content-Length": [
          "180"
        ],
        "Content-Type": [
          "application/json; charset=utf-8"
        ],
        "Expires": [
          "-1"
        ],
        "Pragma": [
          "no-cache"
        ],
        "x-ms-failure-cause": [
          "gateway"
        ],
        "x-ms-request-id": [
          "15f6dedf-17df-43b1-baeb-d295acb548af"
        ],
        "x-ms-correlation-request-id": [
          "15f6dedf-17df-43b1-baeb-d295acb548af"
        ],
        "x-ms-routing-request-id": [
          "WESTUS2:20170421T232629Z:15f6dedf-17df-43b1-baeb-d295acb548af"
        ],
        "Strict-Transport-Security": [
          "max-age=31536000; includeSubDomains"
        ],
        "Cache-Control": [
          "no-cache"
        ],
        "Date": [
          "Fri, 21 Apr 2017 23:26:28 GMT"
        ]
      },
      "StatusCode": 404
    },
    {
      "RequestUri": "/subscriptions/f34b22a3-2202-4fb1-b040-1332bd928c84/resourceGroups/IntegrationAccountPsCmdletTest/providers/Microsoft.Logic/integrationAccounts/onesdk9450?api-version=2016-06-01",
      "EncodedRequestUri": "L3N1YnNjcmlwdGlvbnMvZjM0YjIyYTMtMjIwMi00ZmIxLWIwNDAtMTMzMmJkOTI4Yzg0L3Jlc291cmNlR3JvdXBzL0ludGVncmF0aW9uQWNjb3VudFBzQ21kbGV0VGVzdC9wcm92aWRlcnMvTWljcm9zb2Z0LkxvZ2ljL2ludGVncmF0aW9uQWNjb3VudHMvb25lc2RrOTQ1MD9hcGktdmVyc2lvbj0yMDE2LTA2LTAx",
      "RequestMethod": "GET",
      "RequestBody": "",
      "RequestHeaders": {
        "x-ms-client-request-id": [
          "91ffd863-703d-4d89-a47a-8012e82181db"
        ],
        "accept-language": [
          "en-US"
        ],
        "User-Agent": [
          "FxVersion/4.6.1637.0",
          "OSName/Windows_10_Enterprise",
          "OSVersion/6.3.14393",
          "Microsoft.Azure.Management.Logic.LogicManagementClient/3.0.0"
        ]
      },
      "ResponseBody": "{\r\n  \"properties\": {},\r\n  \"sku\": {\r\n    \"name\": \"Standard\"\r\n  },\r\n  \"id\": \"/subscriptions/f34b22a3-2202-4fb1-b040-1332bd928c84/resourceGroups/IntegrationAccountPsCmdletTest/providers/Microsoft.Logic/integrationAccounts/onesdk9450\",\r\n  \"name\": \"onesdk9450\",\r\n  \"type\": \"Microsoft.Logic/integrationAccounts\",\r\n  \"location\": \"brazilsouth\"\r\n}",
      "ResponseHeaders": {
        "Content-Length": [
          "295"
        ],
        "Content-Type": [
          "application/json; charset=utf-8"
        ],
        "Expires": [
          "-1"
        ],
        "Pragma": [
          "no-cache"
        ],
        "Vary": [
          "Accept-Encoding"
        ],
        "x-ms-request-id": [
          "brazilsouth:f727e0f2-462f-4238-b372-3a215df6319a"
        ],
        "Strict-Transport-Security": [
          "max-age=31536000; includeSubDomains"
        ],
        "x-ms-ratelimit-remaining-subscription-reads": [
          "14185"
        ],
        "x-ms-correlation-request-id": [
          "e9baa908-8b1e-4a4b-b037-cf514910f4a2"
        ],
        "x-ms-routing-request-id": [
          "WESTUS2:20170421T232632Z:e9baa908-8b1e-4a4b-b037-cf514910f4a2"
        ],
        "Cache-Control": [
          "no-cache"
        ],
        "Date": [
          "Fri, 21 Apr 2017 23:26:31 GMT"
        ]
      },
      "StatusCode": 200
    },
    {
      "RequestUri": "/subscriptions/f34b22a3-2202-4fb1-b040-1332bd928c84/resourceGroups/IntegrationAccountPsCmdletTest/providers/Microsoft.Logic/integrationAccounts/onesdk9450?api-version=2016-06-01",
      "EncodedRequestUri": "L3N1YnNjcmlwdGlvbnMvZjM0YjIyYTMtMjIwMi00ZmIxLWIwNDAtMTMzMmJkOTI4Yzg0L3Jlc291cmNlR3JvdXBzL0ludGVncmF0aW9uQWNjb3VudFBzQ21kbGV0VGVzdC9wcm92aWRlcnMvTWljcm9zb2Z0LkxvZ2ljL2ludGVncmF0aW9uQWNjb3VudHMvb25lc2RrOTQ1MD9hcGktdmVyc2lvbj0yMDE2LTA2LTAx",
      "RequestMethod": "GET",
      "RequestBody": "",
      "RequestHeaders": {
        "x-ms-client-request-id": [
          "c0ede234-af9a-4d28-bc90-a73eb4901563"
        ],
        "accept-language": [
          "en-US"
        ],
        "User-Agent": [
          "FxVersion/4.6.1637.0",
          "OSName/Windows_10_Enterprise",
          "OSVersion/6.3.14393",
          "Microsoft.Azure.Management.Logic.LogicManagementClient/3.0.0"
        ]
      },
      "ResponseBody": "{\r\n  \"properties\": {},\r\n  \"sku\": {\r\n    \"name\": \"Standard\"\r\n  },\r\n  \"id\": \"/subscriptions/f34b22a3-2202-4fb1-b040-1332bd928c84/resourceGroups/IntegrationAccountPsCmdletTest/providers/Microsoft.Logic/integrationAccounts/onesdk9450\",\r\n  \"name\": \"onesdk9450\",\r\n  \"type\": \"Microsoft.Logic/integrationAccounts\",\r\n  \"location\": \"brazilsouth\"\r\n}",
      "ResponseHeaders": {
        "Content-Length": [
          "295"
        ],
        "Content-Type": [
          "application/json; charset=utf-8"
        ],
        "Expires": [
          "-1"
        ],
        "Pragma": [
          "no-cache"
        ],
        "Vary": [
          "Accept-Encoding"
        ],
        "x-ms-request-id": [
          "brazilsouth:00939782-8bd1-438e-949a-c5064e3adc47"
        ],
        "Strict-Transport-Security": [
          "max-age=31536000; includeSubDomains"
        ],
        "x-ms-ratelimit-remaining-subscription-reads": [
          "14183"
        ],
        "x-ms-correlation-request-id": [
          "03b7146e-4c6b-4792-bc3b-e37bae3ce372"
        ],
        "x-ms-routing-request-id": [
          "WESTUS2:20170421T232633Z:03b7146e-4c6b-4792-bc3b-e37bae3ce372"
        ],
        "Cache-Control": [
          "no-cache"
        ],
        "Date": [
          "Fri, 21 Apr 2017 23:26:32 GMT"
        ]
      },
      "StatusCode": 200
    },
    {
      "RequestUri": "/subscriptions/f34b22a3-2202-4fb1-b040-1332bd928c84/resourceGroups/IntegrationAccountPsCmdletTest/providers/Microsoft.Logic/integrationAccounts/onesdk9450?api-version=2016-06-01",
      "EncodedRequestUri": "L3N1YnNjcmlwdGlvbnMvZjM0YjIyYTMtMjIwMi00ZmIxLWIwNDAtMTMzMmJkOTI4Yzg0L3Jlc291cmNlR3JvdXBzL0ludGVncmF0aW9uQWNjb3VudFBzQ21kbGV0VGVzdC9wcm92aWRlcnMvTWljcm9zb2Z0LkxvZ2ljL2ludGVncmF0aW9uQWNjb3VudHMvb25lc2RrOTQ1MD9hcGktdmVyc2lvbj0yMDE2LTA2LTAx",
      "RequestMethod": "GET",
      "RequestBody": "",
      "RequestHeaders": {
        "x-ms-client-request-id": [
          "1be13df0-4109-4b58-b0aa-a613bd5e74f1"
        ],
        "accept-language": [
          "en-US"
        ],
        "User-Agent": [
          "FxVersion/4.6.1637.0",
          "OSName/Windows_10_Enterprise",
          "OSVersion/6.3.14393",
          "Microsoft.Azure.Management.Logic.LogicManagementClient/3.0.0"
        ]
      },
      "ResponseBody": "{\r\n  \"properties\": {},\r\n  \"sku\": {\r\n    \"name\": \"Standard\"\r\n  },\r\n  \"id\": \"/subscriptions/f34b22a3-2202-4fb1-b040-1332bd928c84/resourceGroups/IntegrationAccountPsCmdletTest/providers/Microsoft.Logic/integrationAccounts/onesdk9450\",\r\n  \"name\": \"onesdk9450\",\r\n  \"type\": \"Microsoft.Logic/integrationAccounts\",\r\n  \"location\": \"brazilsouth\"\r\n}",
      "ResponseHeaders": {
        "Content-Length": [
          "295"
        ],
        "Content-Type": [
          "application/json; charset=utf-8"
        ],
        "Expires": [
          "-1"
        ],
        "Pragma": [
          "no-cache"
        ],
        "Vary": [
          "Accept-Encoding"
        ],
        "x-ms-request-id": [
          "brazilsouth:1f211228-d92a-4d95-b247-5415e69f811c"
        ],
        "Strict-Transport-Security": [
          "max-age=31536000; includeSubDomains"
        ],
        "x-ms-ratelimit-remaining-subscription-reads": [
          "14181"
        ],
        "x-ms-correlation-request-id": [
          "2999bf39-d07f-4217-9c25-b3c44be44455"
        ],
        "x-ms-routing-request-id": [
          "WESTUS2:20170421T232633Z:2999bf39-d07f-4217-9c25-b3c44be44455"
        ],
        "Cache-Control": [
          "no-cache"
        ],
        "Date": [
          "Fri, 21 Apr 2017 23:26:32 GMT"
        ]
      },
      "StatusCode": 200
    },
    {
      "RequestUri": "/subscriptions/f34b22a3-2202-4fb1-b040-1332bd928c84/resourceGroups/IntegrationAccountPsCmdletTest/providers/Microsoft.Logic/integrationAccounts/onesdk9450?api-version=2016-06-01",
      "EncodedRequestUri": "L3N1YnNjcmlwdGlvbnMvZjM0YjIyYTMtMjIwMi00ZmIxLWIwNDAtMTMzMmJkOTI4Yzg0L3Jlc291cmNlR3JvdXBzL0ludGVncmF0aW9uQWNjb3VudFBzQ21kbGV0VGVzdC9wcm92aWRlcnMvTWljcm9zb2Z0LkxvZ2ljL2ludGVncmF0aW9uQWNjb3VudHMvb25lc2RrOTQ1MD9hcGktdmVyc2lvbj0yMDE2LTA2LTAx",
      "RequestMethod": "PUT",
      "RequestBody": "{\r\n  \"properties\": {},\r\n  \"sku\": {\r\n    \"name\": \"Standard\"\r\n  },\r\n  \"location\": \"brazilsouth\"\r\n}",
      "RequestHeaders": {
        "Content-Type": [
          "application/json; charset=utf-8"
        ],
        "Content-Length": [
          "96"
        ],
        "x-ms-client-request-id": [
          "4f6fd857-e188-4458-b679-e9a6415892b5"
        ],
        "accept-language": [
          "en-US"
        ],
        "User-Agent": [
          "FxVersion/4.6.1637.0",
          "OSName/Windows_10_Enterprise",
          "OSVersion/6.3.14393",
          "Microsoft.Azure.Management.Logic.LogicManagementClient/3.0.0"
        ]
      },
      "ResponseBody": "{\r\n  \"properties\": {},\r\n  \"sku\": {\r\n    \"name\": \"Standard\"\r\n  },\r\n  \"id\": \"/subscriptions/f34b22a3-2202-4fb1-b040-1332bd928c84/resourceGroups/IntegrationAccountPsCmdletTest/providers/Microsoft.Logic/integrationAccounts/onesdk9450\",\r\n  \"name\": \"onesdk9450\",\r\n  \"type\": \"Microsoft.Logic/integrationAccounts\",\r\n  \"location\": \"brazilsouth\"\r\n}",
      "ResponseHeaders": {
        "Content-Length": [
          "295"
        ],
        "Content-Type": [
          "application/json; charset=utf-8"
        ],
        "Expires": [
          "-1"
        ],
        "Pragma": [
          "no-cache"
        ],
        "x-ms-request-id": [
          "brazilsouth:ce68bace-326f-4864-a982-360ead783725"
        ],
        "Strict-Transport-Security": [
          "max-age=31536000; includeSubDomains"
        ],
        "x-ms-ratelimit-remaining-subscription-writes": [
          "1131"
        ],
        "x-ms-correlation-request-id": [
          "9c06163a-5d06-44f1-9b3a-ddc4fddbb27f"
        ],
        "x-ms-routing-request-id": [
          "WESTUS2:20170421T232632Z:9c06163a-5d06-44f1-9b3a-ddc4fddbb27f"
        ],
        "Cache-Control": [
          "no-cache"
        ],
        "Date": [
          "Fri, 21 Apr 2017 23:26:31 GMT"
        ]
      },
      "StatusCode": 201
    },
    {
      "RequestUri": "/subscriptions/f34b22a3-2202-4fb1-b040-1332bd928c84/resourceGroups/IntegrationAccountPsCmdletTest/providers/Microsoft.Logic/integrationAccounts/onesdk9450/partners/onesdk2176?api-version=2016-06-01",
      "EncodedRequestUri": "L3N1YnNjcmlwdGlvbnMvZjM0YjIyYTMtMjIwMi00ZmIxLWIwNDAtMTMzMmJkOTI4Yzg0L3Jlc291cmNlR3JvdXBzL0ludGVncmF0aW9uQWNjb3VudFBzQ21kbGV0VGVzdC9wcm92aWRlcnMvTWljcm9zb2Z0LkxvZ2ljL2ludGVncmF0aW9uQWNjb3VudHMvb25lc2RrOTQ1MC9wYXJ0bmVycy9vbmVzZGsyMTc2P2FwaS12ZXJzaW9uPTIwMTYtMDYtMDE=",
      "RequestMethod": "GET",
      "RequestBody": "",
      "RequestHeaders": {
        "x-ms-client-request-id": [
          "d9bdbb72-bbfd-4084-bd37-0bb24216d043"
        ],
        "accept-language": [
          "en-US"
        ],
        "User-Agent": [
          "FxVersion/4.6.1637.0",
          "OSName/Windows_10_Enterprise",
          "OSVersion/6.3.14393",
          "Microsoft.Azure.Management.Logic.LogicManagementClient/3.0.0"
        ]
      },
      "ResponseBody": "{\r\n  \"error\": {\r\n    \"code\": \"PartnerNotFound\",\r\n    \"message\": \"The partner 'onesdk2176' could not be found in integration account 'onesdk9450'.\"\r\n  }\r\n}",
      "ResponseHeaders": {
        "Content-Length": [
          "129"
        ],
        "Content-Type": [
          "application/json; charset=utf-8"
        ],
        "Expires": [
          "-1"
        ],
        "Pragma": [
          "no-cache"
        ],
        "x-ms-request-id": [
          "brazilsouth:08a6bfc1-17c0-4761-9b14-d73d3e2b8cc1"
        ],
        "Strict-Transport-Security": [
          "max-age=31536000; includeSubDomains"
        ],
        "x-ms-ratelimit-remaining-subscription-reads": [
          "14184"
        ],
        "x-ms-correlation-request-id": [
          "f87b259e-6510-408f-8f47-13e247dd557f"
        ],
        "x-ms-routing-request-id": [
          "WESTUS2:20170421T232632Z:f87b259e-6510-408f-8f47-13e247dd557f"
        ],
        "Cache-Control": [
          "no-cache"
        ],
        "Date": [
          "Fri, 21 Apr 2017 23:26:31 GMT"
        ]
      },
      "StatusCode": 404
    },
    {
      "RequestUri": "/subscriptions/f34b22a3-2202-4fb1-b040-1332bd928c84/resourceGroups/IntegrationAccountPsCmdletTest/providers/Microsoft.Logic/integrationAccounts/onesdk9450/partners/onesdk2176?api-version=2016-06-01",
      "EncodedRequestUri": "L3N1YnNjcmlwdGlvbnMvZjM0YjIyYTMtMjIwMi00ZmIxLWIwNDAtMTMzMmJkOTI4Yzg0L3Jlc291cmNlR3JvdXBzL0ludGVncmF0aW9uQWNjb3VudFBzQ21kbGV0VGVzdC9wcm92aWRlcnMvTWljcm9zb2Z0LkxvZ2ljL2ludGVncmF0aW9uQWNjb3VudHMvb25lc2RrOTQ1MC9wYXJ0bmVycy9vbmVzZGsyMTc2P2FwaS12ZXJzaW9uPTIwMTYtMDYtMDE=",
      "RequestMethod": "GET",
      "RequestBody": "",
      "RequestHeaders": {
        "x-ms-client-request-id": [
          "a5848b48-f726-4a74-8da2-251425dc2d16"
        ],
        "accept-language": [
          "en-US"
        ],
        "User-Agent": [
          "FxVersion/4.6.1637.0",
          "OSName/Windows_10_Enterprise",
          "OSVersion/6.3.14393",
          "Microsoft.Azure.Management.Logic.LogicManagementClient/3.0.0"
        ]
      },
      "ResponseBody": "{\r\n  \"properties\": {\r\n    \"partnerType\": \"B2B\",\r\n    \"content\": {\r\n      \"b2b\": {\r\n        \"businessIdentities\": [\r\n          {\r\n            \"qualifier\": \"AA\",\r\n            \"value\": \"AA\"\r\n          },\r\n          {\r\n            \"qualifier\": \"BB\",\r\n            \"value\": \"BB\"\r\n          }\r\n        ]\r\n      }\r\n    },\r\n    \"createdTime\": \"2017-04-21T23:26:32.8636309Z\",\r\n    \"changedTime\": \"2017-04-21T23:26:32.8641937Z\"\r\n  },\r\n  \"id\": \"/subscriptions/f34b22a3-2202-4fb1-b040-1332bd928c84/resourceGroups/IntegrationAccountPsCmdletTest/providers/Microsoft.Logic/integrationAccounts/onesdk9450/partners/onesdk2176\",\r\n  \"name\": \"onesdk2176\",\r\n  \"type\": \"Microsoft.Logic/integrationAccounts/partners\"\r\n}",
      "ResponseHeaders": {
        "Content-Length": [
          "489"
        ],
        "Content-Type": [
          "application/json; charset=utf-8"
        ],
        "Expires": [
          "-1"
        ],
        "Pragma": [
          "no-cache"
        ],
        "Vary": [
          "Accept-Encoding"
        ],
        "x-ms-request-id": [
          "brazilsouth:a2373bf7-53c3-4180-8ebf-2a2e31e618cf"
        ],
        "Strict-Transport-Security": [
          "max-age=31536000; includeSubDomains"
        ],
        "x-ms-ratelimit-remaining-subscription-reads": [
          "14180"
        ],
        "x-ms-correlation-request-id": [
          "87eb02b6-e056-4827-8d54-a8dfe56f7cf3"
        ],
        "x-ms-routing-request-id": [
          "WESTUS2:20170421T232633Z:87eb02b6-e056-4827-8d54-a8dfe56f7cf3"
        ],
        "Cache-Control": [
          "no-cache"
        ],
        "Date": [
          "Fri, 21 Apr 2017 23:26:32 GMT"
        ]
      },
      "StatusCode": 200
    },
    {
      "RequestUri": "/subscriptions/f34b22a3-2202-4fb1-b040-1332bd928c84/resourceGroups/IntegrationAccountPsCmdletTest/providers/Microsoft.Logic/integrationAccounts/onesdk9450/partners/onesdk2176?api-version=2016-06-01",
      "EncodedRequestUri": "L3N1YnNjcmlwdGlvbnMvZjM0YjIyYTMtMjIwMi00ZmIxLWIwNDAtMTMzMmJkOTI4Yzg0L3Jlc291cmNlR3JvdXBzL0ludGVncmF0aW9uQWNjb3VudFBzQ21kbGV0VGVzdC9wcm92aWRlcnMvTWljcm9zb2Z0LkxvZ2ljL2ludGVncmF0aW9uQWNjb3VudHMvb25lc2RrOTQ1MC9wYXJ0bmVycy9vbmVzZGsyMTc2P2FwaS12ZXJzaW9uPTIwMTYtMDYtMDE=",
      "RequestMethod": "PUT",
      "RequestBody": "{\r\n  \"properties\": {\r\n    \"partnerType\": \"B2B\",\r\n    \"content\": {\r\n      \"b2b\": {\r\n        \"businessIdentities\": [\r\n          {\r\n            \"qualifier\": \"AA\",\r\n            \"value\": \"AA\"\r\n          },\r\n          {\r\n            \"qualifier\": \"BB\",\r\n            \"value\": \"BB\"\r\n          }\r\n        ]\r\n      }\r\n    }\r\n  }\r\n}",
      "RequestHeaders": {
        "Content-Type": [
          "application/json; charset=utf-8"
        ],
        "Content-Length": [
          "320"
        ],
        "x-ms-client-request-id": [
          "a466df0f-9366-45b9-85d5-c619a6e3f94c"
        ],
        "accept-language": [
          "en-US"
        ],
        "User-Agent": [
          "FxVersion/4.6.1637.0",
          "OSName/Windows_10_Enterprise",
          "OSVersion/6.3.14393",
          "Microsoft.Azure.Management.Logic.LogicManagementClient/3.0.0"
        ]
      },
      "ResponseBody": "{\r\n  \"properties\": {\r\n    \"partnerType\": \"B2B\",\r\n    \"content\": {\r\n      \"b2b\": {\r\n        \"businessIdentities\": [\r\n          {\r\n            \"qualifier\": \"AA\",\r\n            \"value\": \"AA\"\r\n          },\r\n          {\r\n            \"qualifier\": \"BB\",\r\n            \"value\": \"BB\"\r\n          }\r\n        ]\r\n      }\r\n    },\r\n    \"createdTime\": \"2017-04-21T23:26:32.8636309Z\",\r\n    \"changedTime\": \"2017-04-21T23:26:32.8641937Z\"\r\n  },\r\n  \"id\": \"/subscriptions/f34b22a3-2202-4fb1-b040-1332bd928c84/resourceGroups/IntegrationAccountPsCmdletTest/providers/Microsoft.Logic/integrationAccounts/onesdk9450/partners/onesdk2176\",\r\n  \"name\": \"onesdk2176\",\r\n  \"type\": \"Microsoft.Logic/integrationAccounts/partners\"\r\n}",
      "ResponseHeaders": {
        "Content-Length": [
          "489"
        ],
        "Content-Type": [
          "application/json; charset=utf-8"
        ],
        "Expires": [
          "-1"
        ],
        "Pragma": [
          "no-cache"
        ],
        "x-ms-request-id": [
          "brazilsouth:caf5eb41-96ab-4ce7-8844-3b63e87fbcc5"
        ],
        "Strict-Transport-Security": [
          "max-age=31536000; includeSubDomains"
        ],
        "x-ms-ratelimit-remaining-subscription-writes": [
          "1130"
        ],
        "x-ms-correlation-request-id": [
          "ff6b178a-dd4d-4018-b77a-6a39fc364b14"
        ],
        "x-ms-routing-request-id": [
          "WESTUS2:20170421T232632Z:ff6b178a-dd4d-4018-b77a-6a39fc364b14"
        ],
        "Cache-Control": [
          "no-cache"
        ],
        "Date": [
          "Fri, 21 Apr 2017 23:26:32 GMT"
        ]
      },
      "StatusCode": 201
    },
    {
      "RequestUri": "/subscriptions/f34b22a3-2202-4fb1-b040-1332bd928c84/resourceGroups/IntegrationAccountPsCmdletTest/providers/Microsoft.Logic/integrationAccounts/onesdk9450/partners/onesdk7602?api-version=2016-06-01",
      "EncodedRequestUri": "L3N1YnNjcmlwdGlvbnMvZjM0YjIyYTMtMjIwMi00ZmIxLWIwNDAtMTMzMmJkOTI4Yzg0L3Jlc291cmNlR3JvdXBzL0ludGVncmF0aW9uQWNjb3VudFBzQ21kbGV0VGVzdC9wcm92aWRlcnMvTWljcm9zb2Z0LkxvZ2ljL2ludGVncmF0aW9uQWNjb3VudHMvb25lc2RrOTQ1MC9wYXJ0bmVycy9vbmVzZGs3NjAyP2FwaS12ZXJzaW9uPTIwMTYtMDYtMDE=",
      "RequestMethod": "GET",
      "RequestBody": "",
      "RequestHeaders": {
        "x-ms-client-request-id": [
          "c48937b2-3263-4cc4-8251-c7bed7b9d682"
        ],
        "accept-language": [
          "en-US"
        ],
        "User-Agent": [
          "FxVersion/4.6.1637.0",
          "OSName/Windows_10_Enterprise",
          "OSVersion/6.3.14393",
          "Microsoft.Azure.Management.Logic.LogicManagementClient/3.0.0"
        ]
      },
      "ResponseBody": "{\r\n  \"error\": {\r\n    \"code\": \"PartnerNotFound\",\r\n    \"message\": \"The partner 'onesdk7602' could not be found in integration account 'onesdk9450'.\"\r\n  }\r\n}",
      "ResponseHeaders": {
        "Content-Length": [
          "129"
        ],
        "Content-Type": [
          "application/json; charset=utf-8"
        ],
        "Expires": [
          "-1"
        ],
        "Pragma": [
          "no-cache"
        ],
        "x-ms-request-id": [
          "brazilsouth:15eee0a1-6ac7-4dfa-be6f-71b0d7a1dc3c"
        ],
        "Strict-Transport-Security": [
          "max-age=31536000; includeSubDomains"
        ],
        "x-ms-ratelimit-remaining-subscription-reads": [
          "14182"
        ],
        "x-ms-correlation-request-id": [
          "335d16ba-927f-4659-8ff1-c8f7bddeb4bf"
        ],
        "x-ms-routing-request-id": [
          "WESTUS2:20170421T232633Z:335d16ba-927f-4659-8ff1-c8f7bddeb4bf"
        ],
        "Cache-Control": [
          "no-cache"
        ],
        "Date": [
          "Fri, 21 Apr 2017 23:26:32 GMT"
        ]
      },
      "StatusCode": 404
    },
    {
      "RequestUri": "/subscriptions/f34b22a3-2202-4fb1-b040-1332bd928c84/resourceGroups/IntegrationAccountPsCmdletTest/providers/Microsoft.Logic/integrationAccounts/onesdk9450/partners/onesdk7602?api-version=2016-06-01",
      "EncodedRequestUri": "L3N1YnNjcmlwdGlvbnMvZjM0YjIyYTMtMjIwMi00ZmIxLWIwNDAtMTMzMmJkOTI4Yzg0L3Jlc291cmNlR3JvdXBzL0ludGVncmF0aW9uQWNjb3VudFBzQ21kbGV0VGVzdC9wcm92aWRlcnMvTWljcm9zb2Z0LkxvZ2ljL2ludGVncmF0aW9uQWNjb3VudHMvb25lc2RrOTQ1MC9wYXJ0bmVycy9vbmVzZGs3NjAyP2FwaS12ZXJzaW9uPTIwMTYtMDYtMDE=",
      "RequestMethod": "GET",
      "RequestBody": "",
      "RequestHeaders": {
        "x-ms-client-request-id": [
          "e1f539bf-d3db-4b3b-8901-977ec788f74a"
        ],
        "accept-language": [
          "en-US"
        ],
        "User-Agent": [
          "FxVersion/4.6.1637.0",
          "OSName/Windows_10_Enterprise",
          "OSVersion/6.3.14393",
          "Microsoft.Azure.Management.Logic.LogicManagementClient/3.0.0"
        ]
      },
      "ResponseBody": "{\r\n  \"properties\": {\r\n    \"partnerType\": \"B2B\",\r\n    \"content\": {\r\n      \"b2b\": {\r\n        \"businessIdentities\": [\r\n          {\r\n            \"qualifier\": \"ZZ\",\r\n            \"value\": \"ZZ\"\r\n          },\r\n          {\r\n            \"qualifier\": \"XX\",\r\n            \"value\": \"XX\"\r\n          }\r\n        ]\r\n      }\r\n    },\r\n    \"createdTime\": \"2017-04-21T23:26:33.3065025Z\",\r\n    \"changedTime\": \"2017-04-21T23:26:33.3070358Z\"\r\n  },\r\n  \"id\": \"/subscriptions/f34b22a3-2202-4fb1-b040-1332bd928c84/resourceGroups/IntegrationAccountPsCmdletTest/providers/Microsoft.Logic/integrationAccounts/onesdk9450/partners/onesdk7602\",\r\n  \"name\": \"onesdk7602\",\r\n  \"type\": \"Microsoft.Logic/integrationAccounts/partners\"\r\n}",
      "ResponseHeaders": {
        "Content-Length": [
          "489"
        ],
        "Content-Type": [
          "application/json; charset=utf-8"
        ],
        "Expires": [
          "-1"
        ],
        "Pragma": [
          "no-cache"
        ],
        "Vary": [
          "Accept-Encoding"
        ],
        "x-ms-request-id": [
          "brazilsouth:16b3c9cd-63d1-4f9c-ae01-2d27ddf89963"
        ],
        "Strict-Transport-Security": [
          "max-age=31536000; includeSubDomains"
        ],
        "x-ms-ratelimit-remaining-subscription-reads": [
          "14179"
        ],
        "x-ms-correlation-request-id": [
          "c53765db-e830-4db3-8514-dc5175b7f3d3"
        ],
        "x-ms-routing-request-id": [
          "WESTUS2:20170421T232633Z:c53765db-e830-4db3-8514-dc5175b7f3d3"
        ],
        "Cache-Control": [
          "no-cache"
        ],
        "Date": [
          "Fri, 21 Apr 2017 23:26:32 GMT"
        ]
      },
      "StatusCode": 200
    },
    {
      "RequestUri": "/subscriptions/f34b22a3-2202-4fb1-b040-1332bd928c84/resourceGroups/IntegrationAccountPsCmdletTest/providers/Microsoft.Logic/integrationAccounts/onesdk9450/partners/onesdk7602?api-version=2016-06-01",
      "EncodedRequestUri": "L3N1YnNjcmlwdGlvbnMvZjM0YjIyYTMtMjIwMi00ZmIxLWIwNDAtMTMzMmJkOTI4Yzg0L3Jlc291cmNlR3JvdXBzL0ludGVncmF0aW9uQWNjb3VudFBzQ21kbGV0VGVzdC9wcm92aWRlcnMvTWljcm9zb2Z0LkxvZ2ljL2ludGVncmF0aW9uQWNjb3VudHMvb25lc2RrOTQ1MC9wYXJ0bmVycy9vbmVzZGs3NjAyP2FwaS12ZXJzaW9uPTIwMTYtMDYtMDE=",
      "RequestMethod": "PUT",
      "RequestBody": "{\r\n  \"properties\": {\r\n    \"partnerType\": \"B2B\",\r\n    \"content\": {\r\n      \"b2b\": {\r\n        \"businessIdentities\": [\r\n          {\r\n            \"qualifier\": \"ZZ\",\r\n            \"value\": \"ZZ\"\r\n          },\r\n          {\r\n            \"qualifier\": \"XX\",\r\n            \"value\": \"XX\"\r\n          }\r\n        ]\r\n      }\r\n    }\r\n  }\r\n}",
      "RequestHeaders": {
        "Content-Type": [
          "application/json; charset=utf-8"
        ],
        "Content-Length": [
          "320"
        ],
        "x-ms-client-request-id": [
          "face52ce-59f4-460f-83df-f2a9a93c7d04"
        ],
        "accept-language": [
          "en-US"
        ],
        "User-Agent": [
          "FxVersion/4.6.1637.0",
          "OSName/Windows_10_Enterprise",
          "OSVersion/6.3.14393",
          "Microsoft.Azure.Management.Logic.LogicManagementClient/3.0.0"
        ]
      },
      "ResponseBody": "{\r\n  \"properties\": {\r\n    \"partnerType\": \"B2B\",\r\n    \"content\": {\r\n      \"b2b\": {\r\n        \"businessIdentities\": [\r\n          {\r\n            \"qualifier\": \"ZZ\",\r\n            \"value\": \"ZZ\"\r\n          },\r\n          {\r\n            \"qualifier\": \"XX\",\r\n            \"value\": \"XX\"\r\n          }\r\n        ]\r\n      }\r\n    },\r\n    \"createdTime\": \"2017-04-21T23:26:33.3065025Z\",\r\n    \"changedTime\": \"2017-04-21T23:26:33.3070358Z\"\r\n  },\r\n  \"id\": \"/subscriptions/f34b22a3-2202-4fb1-b040-1332bd928c84/resourceGroups/IntegrationAccountPsCmdletTest/providers/Microsoft.Logic/integrationAccounts/onesdk9450/partners/onesdk7602\",\r\n  \"name\": \"onesdk7602\",\r\n  \"type\": \"Microsoft.Logic/integrationAccounts/partners\"\r\n}",
      "ResponseHeaders": {
        "Content-Length": [
          "489"
        ],
        "Content-Type": [
          "application/json; charset=utf-8"
        ],
        "Expires": [
          "-1"
        ],
        "Pragma": [
          "no-cache"
        ],
        "x-ms-request-id": [
          "brazilsouth:6cd1dd56-f63c-4076-815d-5e50832ecd33"
        ],
        "Strict-Transport-Security": [
          "max-age=31536000; includeSubDomains"
        ],
        "x-ms-ratelimit-remaining-subscription-writes": [
          "1129"
        ],
        "x-ms-correlation-request-id": [
          "485f8403-23de-4f16-b485-be2d6082c1dc"
        ],
        "x-ms-routing-request-id": [
          "WESTUS2:20170421T232633Z:485f8403-23de-4f16-b485-be2d6082c1dc"
        ],
        "Cache-Control": [
          "no-cache"
        ],
        "Date": [
          "Fri, 21 Apr 2017 23:26:32 GMT"
        ]
      },
      "StatusCode": 201
    },
    {
      "RequestUri": "/subscriptions/f34b22a3-2202-4fb1-b040-1332bd928c84/resourceGroups/IntegrationAccountPsCmdletTest/providers/Microsoft.Logic/integrationAccounts/onesdk9450/agreements/onesdk406?api-version=2016-06-01",
      "EncodedRequestUri": "L3N1YnNjcmlwdGlvbnMvZjM0YjIyYTMtMjIwMi00ZmIxLWIwNDAtMTMzMmJkOTI4Yzg0L3Jlc291cmNlR3JvdXBzL0ludGVncmF0aW9uQWNjb3VudFBzQ21kbGV0VGVzdC9wcm92aWRlcnMvTWljcm9zb2Z0LkxvZ2ljL2ludGVncmF0aW9uQWNjb3VudHMvb25lc2RrOTQ1MC9hZ3JlZW1lbnRzL29uZXNkazQwNj9hcGktdmVyc2lvbj0yMDE2LTA2LTAx",
      "RequestMethod": "GET",
      "RequestBody": "",
      "RequestHeaders": {
        "x-ms-client-request-id": [
          "c050be34-3265-401c-b9c4-1290b95af28e"
        ],
        "accept-language": [
          "en-US"
        ],
        "User-Agent": [
          "FxVersion/4.6.1637.0",
          "OSName/Windows_10_Enterprise",
          "OSVersion/6.3.14393",
          "Microsoft.Azure.Management.Logic.LogicManagementClient/3.0.0"
        ]
      },
      "ResponseBody": "{\r\n  \"error\": {\r\n    \"code\": \"AgreementNotFound\",\r\n    \"message\": \"The agreement 'onesdk406' could not be found in integration account 'onesdk9450'.\"\r\n  }\r\n}",
      "ResponseHeaders": {
        "Content-Length": [
          "132"
        ],
        "Content-Type": [
          "application/json; charset=utf-8"
        ],
        "Expires": [
          "-1"
        ],
        "Pragma": [
          "no-cache"
        ],
        "x-ms-request-id": [
          "brazilsouth:b360ae36-9be0-4475-a022-a33aa8617ef0"
        ],
        "Strict-Transport-Security": [
          "max-age=31536000; includeSubDomains"
        ],
        "x-ms-ratelimit-remaining-subscription-reads": [
          "14178"
        ],
        "x-ms-correlation-request-id": [
          "65205dc1-a944-4a1e-b80d-b2a0af23d51d"
        ],
        "x-ms-routing-request-id": [
          "WESTUS2:20170421T232633Z:65205dc1-a944-4a1e-b80d-b2a0af23d51d"
        ],
        "Cache-Control": [
          "no-cache"
        ],
        "Date": [
          "Fri, 21 Apr 2017 23:26:32 GMT"
        ]
      },
      "StatusCode": 404
    },
    {
      "RequestUri": "/subscriptions/f34b22a3-2202-4fb1-b040-1332bd928c84/resourceGroups/IntegrationAccountPsCmdletTest/providers/Microsoft.Logic/integrationAccounts/onesdk9450/agreements/onesdk406?api-version=2016-06-01",
      "EncodedRequestUri": "L3N1YnNjcmlwdGlvbnMvZjM0YjIyYTMtMjIwMi00ZmIxLWIwNDAtMTMzMmJkOTI4Yzg0L3Jlc291cmNlR3JvdXBzL0ludGVncmF0aW9uQWNjb3VudFBzQ21kbGV0VGVzdC9wcm92aWRlcnMvTWljcm9zb2Z0LkxvZ2ljL2ludGVncmF0aW9uQWNjb3VudHMvb25lc2RrOTQ1MC9hZ3JlZW1lbnRzL29uZXNkazQwNj9hcGktdmVyc2lvbj0yMDE2LTA2LTAx",
      "RequestMethod": "GET",
      "RequestBody": "",
      "RequestHeaders": {
        "x-ms-client-request-id": [
          "7e37e737-8c7a-4fb5-8dd3-e682b8bb32d6"
        ],
        "accept-language": [
          "en-US"
        ],
        "User-Agent": [
          "FxVersion/4.6.1637.0",
          "OSName/Windows_10_Enterprise",
          "OSVersion/6.3.14393",
          "Microsoft.Azure.Management.Logic.LogicManagementClient/3.0.0"
        ]
      },
      "ResponseBody": "{\r\n  \"properties\": {\r\n    \"hostPartner\": \"onesdk2176\",\r\n    \"guestPartner\": \"onesdk7602\",\r\n    \"hostIdentity\": {\r\n      \"qualifier\": \"AA\",\r\n      \"value\": \"AA\"\r\n    },\r\n    \"guestIdentity\": {\r\n      \"qualifier\": \"ZZ\",\r\n      \"value\": \"ZZ\"\r\n    },\r\n    \"agreementType\": \"EDIFACT\",\r\n    \"content\": {\r\n      \"edifact\": {\r\n        \"receiveAgreement\": {\r\n          \"protocolSettings\": {\r\n            \"validationSettings\": {\r\n              \"validateCharacterSet\": true,\r\n              \"checkDuplicateInterchangeControlNumber\": true,\r\n              \"interchangeControlNumberValidityDays\": 100,\r\n              \"checkDuplicateGroupControlNumber\": true,\r\n              \"checkDuplicateTransactionSetControlNumber\": true,\r\n              \"validateEDITypes\": true,\r\n              \"validateXSDTypes\": true,\r\n              \"trimLeadingAndTrailingSpacesAndZeroes\": true,\r\n              \"allowLeadingAndTrailingSpacesAndZeroes\": true,\r\n              \"trailingSeparatorPolicy\": \"Mandatory\"\r\n            },\r\n            \"framingSettings\": {\r\n              \"characterEncoding\": \"UTF\",\r\n              \"protocolVersion\": 4,\r\n              \"dataElementSeparator\": 53,\r\n              \"componentSeparator\": 58,\r\n              \"segmentTerminator\": 39,\r\n              \"releaseIndicator\": 63,\r\n              \"repetitionSeparator\": 42,\r\n              \"characterSet\": \"UNOC\",\r\n              \"decimalPointIndicator\": \"Comma\",\r\n              \"segmentTerminatorSuffix\": \"None\"\r\n            },\r\n            \"envelopeSettings\": {\r\n              \"groupAssociationAssignedCode\": \"0\",\r\n              \"communicationAgreementId\": \"0\",\r\n              \"applyDelimiterStringAdvice\": true,\r\n              \"createGroupingSegments\": true,\r\n              \"enableDefaultGroupHeaders\": true,\r\n              \"recipientReferencePasswordValue\": \"AAA\",\r\n              \"recipientReferencePasswordQualifier\": \"ZZ\",\r\n              \"applicationReferenceId\": \"0\",\r\n              \"processingPriorityCode\": \"0\",\r\n              \"interchangeControlNumberLowerBound\": 1,\r\n              \"interchangeControlNumberUpperBound\": 2147483647,\r\n              \"rolloverInterchangeControlNumber\": true,\r\n              \"interchangeControlNumberPrefix\": \"CU\",\r\n              \"interchangeControlNumberSuffix\": \"NUM\",\r\n              \"functionalGroupId\": \"0\",\r\n              \"groupControllingAgencyCode\": \"0\",\r\n              \"groupMessageVersion\": \"0.0\",\r\n              \"groupMessageRelease\": \"0.0\",\r\n              \"groupControlNumberLowerBound\": 1,\r\n              \"groupControlNumberUpperBound\": 2147483647,\r\n              \"rolloverGroupControlNumber\": true,\r\n              \"groupControlNumberPrefix\": \"CU\",\r\n              \"groupControlNumberSuffix\": \"NUM\",\r\n              \"groupApplicationReceiverQualifier\": \"ZZZ\",\r\n              \"groupApplicationReceiverId\": \"0\",\r\n              \"groupApplicationSenderQualifier\": \"ZZZ\",\r\n              \"groupApplicationSenderId\": \"AAA\",\r\n              \"groupApplicationPassword\": \"0\",\r\n              \"overwriteExistingTransactionSetControlNumber\": true,\r\n              \"transactionSetControlNumberPrefix\": \"CN\",\r\n              \"transactionSetControlNumberSuffix\": \"NU\",\r\n              \"transactionSetControlNumberLowerBound\": 1,\r\n              \"transactionSetControlNumberUpperBound\": 2147483647,\r\n              \"rolloverTransactionSetControlNumber\": true,\r\n              \"isTestInterchange\": true,\r\n              \"senderInternalIdentification\": \"AAA\",\r\n              \"senderInternalSubIdentification\": \"AAA\",\r\n              \"receiverInternalIdentification\": \"0\",\r\n              \"receiverInternalSubIdentification\": \"0\"\r\n            },\r\n            \"acknowledgementSettings\": {\r\n              \"needTechnicalAcknowledgement\": true,\r\n              \"batchTechnicalAcknowledgements\": true,\r\n              \"needFunctionalAcknowledgement\": true,\r\n              \"batchFunctionalAcknowledgements\": true,\r\n              \"needLoopForValidMessages\": true,\r\n              \"sendSynchronousAcknowledgement\": true,\r\n              \"acknowledgementControlNumberPrefix\": \"CN\",\r\n              \"acknowledgementControlNumberSuffix\": \"NU\",\r\n              \"acknowledgementControlNumberLowerBound\": 1,\r\n              \"acknowledgementControlNumberUpperBound\": 2147483647,\r\n              \"rolloverAcknowledgementControlNumber\": true\r\n            },\r\n            \"messageFilter\": {\r\n              \"messageFilterType\": \"Exclude\"\r\n            },\r\n            \"processingSettings\": {\r\n              \"maskSecurityInfo\": true,\r\n              \"preserveInterchange\": true,\r\n              \"suspendInterchangeOnError\": true,\r\n              \"createEmptyXmlTagsForTrailingSeparators\": true,\r\n              \"useDotAsDecimalSeparator\": true\r\n            },\r\n            \"schemaReferences\": []\r\n          },\r\n          \"senderBusinessIdentity\": {\r\n            \"qualifier\": \"AAA\",\r\n            \"value\": \"AAA\"\r\n          },\r\n          \"receiverBusinessIdentity\": {\r\n            \"qualifier\": \"ZZZ\",\r\n            \"value\": \"ZZZ\"\r\n          }\r\n        },\r\n        \"sendAgreement\": {\r\n          \"protocolSettings\": {\r\n            \"validationSettings\": {\r\n              \"validateCharacterSet\": true,\r\n              \"checkDuplicateInterchangeControlNumber\": true,\r\n              \"interchangeControlNumberValidityDays\": 100,\r\n              \"checkDuplicateGroupControlNumber\": true,\r\n              \"checkDuplicateTransactionSetControlNumber\": true,\r\n              \"validateEDITypes\": true,\r\n              \"validateXSDTypes\": true,\r\n              \"trimLeadingAndTrailingSpacesAndZeroes\": true,\r\n              \"allowLeadingAndTrailingSpacesAndZeroes\": true,\r\n              \"trailingSeparatorPolicy\": \"Mandatory\"\r\n            },\r\n            \"framingSettings\": {\r\n              \"characterEncoding\": \"UTF\",\r\n              \"protocolVersion\": 4,\r\n              \"dataElementSeparator\": 53,\r\n              \"componentSeparator\": 58,\r\n              \"segmentTerminator\": 39,\r\n              \"releaseIndicator\": 63,\r\n              \"repetitionSeparator\": 42,\r\n              \"characterSet\": \"UNOC\",\r\n              \"decimalPointIndicator\": \"Comma\",\r\n              \"segmentTerminatorSuffix\": \"None\"\r\n            },\r\n            \"envelopeSettings\": {\r\n              \"groupAssociationAssignedCode\": \"0\",\r\n              \"communicationAgreementId\": \"0\",\r\n              \"applyDelimiterStringAdvice\": true,\r\n              \"createGroupingSegments\": true,\r\n              \"enableDefaultGroupHeaders\": true,\r\n              \"recipientReferencePasswordValue\": \"AAA\",\r\n              \"recipientReferencePasswordQualifier\": \"ZZ\",\r\n              \"applicationReferenceId\": \"0\",\r\n              \"processingPriorityCode\": \"0\",\r\n              \"interchangeControlNumberLowerBound\": 1,\r\n              \"interchangeControlNumberUpperBound\": 2147483647,\r\n              \"rolloverInterchangeControlNumber\": true,\r\n              \"interchangeControlNumberPrefix\": \"CU\",\r\n              \"interchangeControlNumberSuffix\": \"NUM\",\r\n              \"functionalGroupId\": \"0\",\r\n              \"groupControllingAgencyCode\": \"0\",\r\n              \"groupMessageVersion\": \"0.0\",\r\n              \"groupMessageRelease\": \"0.0\",\r\n              \"groupControlNumberLowerBound\": 1,\r\n              \"groupControlNumberUpperBound\": 2147483647,\r\n              \"rolloverGroupControlNumber\": true,\r\n              \"groupControlNumberPrefix\": \"CU\",\r\n              \"groupControlNumberSuffix\": \"NUM\",\r\n              \"groupApplicationReceiverQualifier\": \"ZZZ\",\r\n              \"groupApplicationReceiverId\": \"0\",\r\n              \"groupApplicationSenderQualifier\": \"ZZZ\",\r\n              \"groupApplicationSenderId\": \"AAA\",\r\n              \"groupApplicationPassword\": \"0\",\r\n              \"overwriteExistingTransactionSetControlNumber\": true,\r\n              \"transactionSetControlNumberPrefix\": \"CN\",\r\n              \"transactionSetControlNumberSuffix\": \"NU\",\r\n              \"transactionSetControlNumberLowerBound\": 1,\r\n              \"transactionSetControlNumberUpperBound\": 2147483647,\r\n              \"rolloverTransactionSetControlNumber\": true,\r\n              \"isTestInterchange\": true,\r\n              \"senderInternalIdentification\": \"AAA\",\r\n              \"senderInternalSubIdentification\": \"AAA\",\r\n              \"receiverInternalIdentification\": \"0\",\r\n              \"receiverInternalSubIdentification\": \"0\"\r\n            },\r\n            \"acknowledgementSettings\": {\r\n              \"needTechnicalAcknowledgement\": true,\r\n              \"batchTechnicalAcknowledgements\": true,\r\n              \"needFunctionalAcknowledgement\": true,\r\n              \"batchFunctionalAcknowledgements\": true,\r\n              \"needLoopForValidMessages\": true,\r\n              \"sendSynchronousAcknowledgement\": true,\r\n              \"acknowledgementControlNumberPrefix\": \"CN\",\r\n              \"acknowledgementControlNumberSuffix\": \"NU\",\r\n              \"acknowledgementControlNumberLowerBound\": 1,\r\n              \"acknowledgementControlNumberUpperBound\": 2147483647,\r\n              \"rolloverAcknowledgementControlNumber\": true\r\n            },\r\n            \"messageFilter\": {\r\n              \"messageFilterType\": \"Exclude\"\r\n            },\r\n            \"processingSettings\": {\r\n              \"maskSecurityInfo\": true,\r\n              \"preserveInterchange\": true,\r\n              \"suspendInterchangeOnError\": true,\r\n              \"createEmptyXmlTagsForTrailingSeparators\": true,\r\n              \"useDotAsDecimalSeparator\": true\r\n            },\r\n            \"schemaReferences\": []\r\n          },\r\n          \"senderBusinessIdentity\": {\r\n            \"qualifier\": \"AAA\",\r\n            \"value\": \"AAA\"\r\n          },\r\n          \"receiverBusinessIdentity\": {\r\n            \"qualifier\": \"ZZZ\",\r\n            \"value\": \"ZZZ\"\r\n          }\r\n        }\r\n      }\r\n    },\r\n    \"createdTime\": \"2017-04-21T23:26:34.0284272Z\",\r\n    \"changedTime\": \"2017-04-21T23:26:34.0285942Z\"\r\n  },\r\n  \"id\": \"/subscriptions/f34b22a3-2202-4fb1-b040-1332bd928c84/resourceGroups/IntegrationAccountPsCmdletTest/providers/Microsoft.Logic/integrationAccounts/onesdk9450/agreements/onesdk406\",\r\n  \"name\": \"onesdk406\",\r\n  \"type\": \"Microsoft.Logic/integrationAccounts/agreements\"\r\n}",
      "ResponseHeaders": {
        "Content-Length": [
          "6585"
        ],
        "Content-Type": [
          "application/json; charset=utf-8"
        ],
        "Expires": [
          "-1"
        ],
        "Pragma": [
          "no-cache"
        ],
        "Vary": [
          "Accept-Encoding"
        ],
        "x-ms-request-id": [
          "brazilsouth:e4da1e63-fedc-47ff-bedd-4d89549285ca"
        ],
        "Strict-Transport-Security": [
          "max-age=31536000; includeSubDomains"
        ],
        "x-ms-ratelimit-remaining-subscription-reads": [
          "14177"
        ],
        "x-ms-correlation-request-id": [
          "4bdc9ed7-d5f9-4b0f-a282-0c33f7e37b65"
        ],
        "x-ms-routing-request-id": [
          "WESTUS2:20170421T232634Z:4bdc9ed7-d5f9-4b0f-a282-0c33f7e37b65"
        ],
        "Cache-Control": [
          "no-cache"
        ],
        "Date": [
          "Fri, 21 Apr 2017 23:26:33 GMT"
        ]
      },
      "StatusCode": 200
    },
    {
      "RequestUri": "/subscriptions/f34b22a3-2202-4fb1-b040-1332bd928c84/resourceGroups/IntegrationAccountPsCmdletTest/providers/Microsoft.Logic/integrationAccounts/onesdk9450/agreements/onesdk406?api-version=2016-06-01",
      "EncodedRequestUri": "L3N1YnNjcmlwdGlvbnMvZjM0YjIyYTMtMjIwMi00ZmIxLWIwNDAtMTMzMmJkOTI4Yzg0L3Jlc291cmNlR3JvdXBzL0ludGVncmF0aW9uQWNjb3VudFBzQ21kbGV0VGVzdC9wcm92aWRlcnMvTWljcm9zb2Z0LkxvZ2ljL2ludGVncmF0aW9uQWNjb3VudHMvb25lc2RrOTQ1MC9hZ3JlZW1lbnRzL29uZXNkazQwNj9hcGktdmVyc2lvbj0yMDE2LTA2LTAx",
      "RequestMethod": "PUT",
      "RequestBody": "{\r\n  \"properties\": {\r\n    \"agreementType\": \"Edifact\",\r\n    \"hostPartner\": \"onesdk2176\",\r\n    \"guestPartner\": \"onesdk7602\",\r\n    \"hostIdentity\": {\r\n      \"qualifier\": \"AA\",\r\n      \"value\": \"AA\"\r\n    },\r\n    \"guestIdentity\": {\r\n      \"qualifier\": \"ZZ\",\r\n      \"value\": \"ZZ\"\r\n    },\r\n    \"content\": {\r\n      \"edifact\": {\r\n        \"receiveAgreement\": {\r\n          \"senderBusinessIdentity\": {\r\n            \"qualifier\": \"AAA\",\r\n            \"value\": \"AAA\"\r\n          },\r\n          \"receiverBusinessIdentity\": {\r\n            \"qualifier\": \"ZZZ\",\r\n            \"value\": \"ZZZ\"\r\n          },\r\n          \"protocolSettings\": {\r\n            \"validationSettings\": {\r\n              \"validateCharacterSet\": true,\r\n              \"checkDuplicateInterchangeControlNumber\": true,\r\n              \"interchangeControlNumberValidityDays\": 100,\r\n              \"checkDuplicateGroupControlNumber\": true,\r\n              \"checkDuplicateTransactionSetControlNumber\": true,\r\n              \"validateEdiTypes\": true,\r\n              \"validateXsdTypes\": true,\r\n              \"allowLeadingAndTrailingSpacesAndZeroes\": true,\r\n              \"trimLeadingAndTrailingSpacesAndZeroes\": true,\r\n              \"trailingSeparatorPolicy\": \"Mandatory\"\r\n            },\r\n            \"framingSettings\": {\r\n              \"characterEncoding\": \"UTF\",\r\n              \"protocolVersion\": 4,\r\n              \"dataElementSeparator\": 53,\r\n              \"componentSeparator\": 58,\r\n              \"segmentTerminator\": 39,\r\n              \"releaseIndicator\": 63,\r\n              \"repetitionSeparator\": 42,\r\n              \"characterSet\": \"UNOC\",\r\n              \"decimalPointIndicator\": \"Comma\",\r\n              \"segmentTerminatorSuffix\": \"None\"\r\n            },\r\n            \"envelopeSettings\": {\r\n              \"groupAssociationAssignedCode\": \"0\",\r\n              \"communicationAgreementId\": \"0\",\r\n              \"applyDelimiterStringAdvice\": true,\r\n              \"createGroupingSegments\": true,\r\n              \"enableDefaultGroupHeaders\": true,\r\n              \"recipientReferencePasswordValue\": \"AAA\",\r\n              \"recipientReferencePasswordQualifier\": \"ZZ\",\r\n              \"applicationReferenceId\": \"0\",\r\n              \"processingPriorityCode\": \"0\",\r\n              \"interchangeControlNumberLowerBound\": 1,\r\n              \"interchangeControlNumberUpperBound\": 2147483647,\r\n              \"rolloverInterchangeControlNumber\": true,\r\n              \"interchangeControlNumberPrefix\": \"CU\",\r\n              \"interchangeControlNumberSuffix\": \"NUM\",\r\n              \"functionalGroupId\": \"0\",\r\n              \"groupControllingAgencyCode\": \"0\",\r\n              \"groupMessageVersion\": \"0.0\",\r\n              \"groupMessageRelease\": \"0.0\",\r\n              \"groupControlNumberLowerBound\": 1,\r\n              \"groupControlNumberUpperBound\": 2147483647,\r\n              \"rolloverGroupControlNumber\": true,\r\n              \"groupControlNumberPrefix\": \"CU\",\r\n              \"groupControlNumberSuffix\": \"NUM\",\r\n              \"groupApplicationReceiverQualifier\": \"ZZZ\",\r\n              \"groupApplicationReceiverId\": \"0\",\r\n              \"groupApplicationSenderQualifier\": \"ZZZ\",\r\n              \"groupApplicationSenderId\": \"AAA\",\r\n              \"groupApplicationPassword\": \"0\",\r\n              \"overwriteExistingTransactionSetControlNumber\": true,\r\n              \"transactionSetControlNumberPrefix\": \"CN\",\r\n              \"transactionSetControlNumberSuffix\": \"NU\",\r\n              \"transactionSetControlNumberLowerBound\": 1,\r\n              \"transactionSetControlNumberUpperBound\": 2147483647,\r\n              \"rolloverTransactionSetControlNumber\": true,\r\n              \"isTestInterchange\": true,\r\n              \"senderInternalIdentification\": \"AAA\",\r\n              \"senderInternalSubIdentification\": \"AAA\",\r\n              \"receiverInternalIdentification\": \"0\",\r\n              \"receiverInternalSubIdentification\": \"0\"\r\n            },\r\n            \"acknowledgementSettings\": {\r\n              \"needTechnicalAcknowledgement\": true,\r\n              \"batchTechnicalAcknowledgements\": true,\r\n              \"needFunctionalAcknowledgement\": true,\r\n              \"batchFunctionalAcknowledgements\": true,\r\n              \"needLoopForValidMessages\": true,\r\n              \"sendSynchronousAcknowledgement\": true,\r\n              \"acknowledgementControlNumberPrefix\": \"CN\",\r\n              \"acknowledgementControlNumberSuffix\": \"NU\",\r\n              \"acknowledgementControlNumberLowerBound\": 1,\r\n              \"acknowledgementControlNumberUpperBound\": 2147483647,\r\n              \"rolloverAcknowledgementControlNumber\": true\r\n            },\r\n            \"messageFilter\": {\r\n              \"messageFilterType\": \"Exclude\"\r\n            },\r\n            \"processingSettings\": {\r\n              \"maskSecurityInfo\": true,\r\n              \"preserveInterchange\": true,\r\n              \"suspendInterchangeOnError\": true,\r\n              \"createEmptyXmlTagsForTrailingSeparators\": true,\r\n              \"useDotAsDecimalSeparator\": true\r\n            },\r\n            \"schemaReferences\": []\r\n          }\r\n        },\r\n        \"sendAgreement\": {\r\n          \"senderBusinessIdentity\": {\r\n            \"qualifier\": \"AAA\",\r\n            \"value\": \"AAA\"\r\n          },\r\n          \"receiverBusinessIdentity\": {\r\n            \"qualifier\": \"ZZZ\",\r\n            \"value\": \"ZZZ\"\r\n          },\r\n          \"protocolSettings\": {\r\n            \"validationSettings\": {\r\n              \"validateCharacterSet\": true,\r\n              \"checkDuplicateInterchangeControlNumber\": true,\r\n              \"interchangeControlNumberValidityDays\": 100,\r\n              \"checkDuplicateGroupControlNumber\": true,\r\n              \"checkDuplicateTransactionSetControlNumber\": true,\r\n              \"validateEdiTypes\": true,\r\n              \"validateXsdTypes\": true,\r\n              \"allowLeadingAndTrailingSpacesAndZeroes\": true,\r\n              \"trimLeadingAndTrailingSpacesAndZeroes\": true,\r\n              \"trailingSeparatorPolicy\": \"Mandatory\"\r\n            },\r\n            \"framingSettings\": {\r\n              \"characterEncoding\": \"UTF\",\r\n              \"protocolVersion\": 4,\r\n              \"dataElementSeparator\": 53,\r\n              \"componentSeparator\": 58,\r\n              \"segmentTerminator\": 39,\r\n              \"releaseIndicator\": 63,\r\n              \"repetitionSeparator\": 42,\r\n              \"characterSet\": \"UNOC\",\r\n              \"decimalPointIndicator\": \"Comma\",\r\n              \"segmentTerminatorSuffix\": \"None\"\r\n            },\r\n            \"envelopeSettings\": {\r\n              \"groupAssociationAssignedCode\": \"0\",\r\n              \"communicationAgreementId\": \"0\",\r\n              \"applyDelimiterStringAdvice\": true,\r\n              \"createGroupingSegments\": true,\r\n              \"enableDefaultGroupHeaders\": true,\r\n              \"recipientReferencePasswordValue\": \"AAA\",\r\n              \"recipientReferencePasswordQualifier\": \"ZZ\",\r\n              \"applicationReferenceId\": \"0\",\r\n              \"processingPriorityCode\": \"0\",\r\n              \"interchangeControlNumberLowerBound\": 1,\r\n              \"interchangeControlNumberUpperBound\": 2147483647,\r\n              \"rolloverInterchangeControlNumber\": true,\r\n              \"interchangeControlNumberPrefix\": \"CU\",\r\n              \"interchangeControlNumberSuffix\": \"NUM\",\r\n              \"functionalGroupId\": \"0\",\r\n              \"groupControllingAgencyCode\": \"0\",\r\n              \"groupMessageVersion\": \"0.0\",\r\n              \"groupMessageRelease\": \"0.0\",\r\n              \"groupControlNumberLowerBound\": 1,\r\n              \"groupControlNumberUpperBound\": 2147483647,\r\n              \"rolloverGroupControlNumber\": true,\r\n              \"groupControlNumberPrefix\": \"CU\",\r\n              \"groupControlNumberSuffix\": \"NUM\",\r\n              \"groupApplicationReceiverQualifier\": \"ZZZ\",\r\n              \"groupApplicationReceiverId\": \"0\",\r\n              \"groupApplicationSenderQualifier\": \"ZZZ\",\r\n              \"groupApplicationSenderId\": \"AAA\",\r\n              \"groupApplicationPassword\": \"0\",\r\n              \"overwriteExistingTransactionSetControlNumber\": true,\r\n              \"transactionSetControlNumberPrefix\": \"CN\",\r\n              \"transactionSetControlNumberSuffix\": \"NU\",\r\n              \"transactionSetControlNumberLowerBound\": 1,\r\n              \"transactionSetControlNumberUpperBound\": 2147483647,\r\n              \"rolloverTransactionSetControlNumber\": true,\r\n              \"isTestInterchange\": true,\r\n              \"senderInternalIdentification\": \"AAA\",\r\n              \"senderInternalSubIdentification\": \"AAA\",\r\n              \"receiverInternalIdentification\": \"0\",\r\n              \"receiverInternalSubIdentification\": \"0\"\r\n            },\r\n            \"acknowledgementSettings\": {\r\n              \"needTechnicalAcknowledgement\": true,\r\n              \"batchTechnicalAcknowledgements\": true,\r\n              \"needFunctionalAcknowledgement\": true,\r\n              \"batchFunctionalAcknowledgements\": true,\r\n              \"needLoopForValidMessages\": true,\r\n              \"sendSynchronousAcknowledgement\": true,\r\n              \"acknowledgementControlNumberPrefix\": \"CN\",\r\n              \"acknowledgementControlNumberSuffix\": \"NU\",\r\n              \"acknowledgementControlNumberLowerBound\": 1,\r\n              \"acknowledgementControlNumberUpperBound\": 2147483647,\r\n              \"rolloverAcknowledgementControlNumber\": true\r\n            },\r\n            \"messageFilter\": {\r\n              \"messageFilterType\": \"Exclude\"\r\n            },\r\n            \"processingSettings\": {\r\n              \"maskSecurityInfo\": true,\r\n              \"preserveInterchange\": true,\r\n              \"suspendInterchangeOnError\": true,\r\n              \"createEmptyXmlTagsForTrailingSeparators\": true,\r\n              \"useDotAsDecimalSeparator\": true\r\n            },\r\n            \"schemaReferences\": []\r\n          }\r\n        }\r\n      }\r\n    }\r\n  }\r\n}",
      "RequestHeaders": {
        "Content-Type": [
          "application/json; charset=utf-8"
        ],
        "Content-Length": [
          "9635"
        ],
        "x-ms-client-request-id": [
          "c0a81c5b-ae87-4eb3-b109-086bbb45c951"
        ],
        "accept-language": [
          "en-US"
        ],
        "User-Agent": [
          "FxVersion/4.6.1637.0",
          "OSName/Windows_10_Enterprise",
          "OSVersion/6.3.14393",
          "Microsoft.Azure.Management.Logic.LogicManagementClient/3.0.0"
        ]
      },
      "ResponseBody": "{\r\n  \"properties\": {\r\n    \"hostPartner\": \"onesdk2176\",\r\n    \"guestPartner\": \"onesdk7602\",\r\n    \"hostIdentity\": {\r\n      \"qualifier\": \"AA\",\r\n      \"value\": \"AA\"\r\n    },\r\n    \"guestIdentity\": {\r\n      \"qualifier\": \"ZZ\",\r\n      \"value\": \"ZZ\"\r\n    },\r\n    \"agreementType\": \"EDIFACT\",\r\n    \"content\": {\r\n      \"edifact\": {\r\n        \"receiveAgreement\": {\r\n          \"protocolSettings\": {\r\n            \"validationSettings\": {\r\n              \"validateCharacterSet\": true,\r\n              \"checkDuplicateInterchangeControlNumber\": true,\r\n              \"interchangeControlNumberValidityDays\": 100,\r\n              \"checkDuplicateGroupControlNumber\": true,\r\n              \"checkDuplicateTransactionSetControlNumber\": true,\r\n              \"validateEDITypes\": true,\r\n              \"validateXSDTypes\": true,\r\n              \"trimLeadingAndTrailingSpacesAndZeroes\": true,\r\n              \"allowLeadingAndTrailingSpacesAndZeroes\": true,\r\n              \"trailingSeparatorPolicy\": \"Mandatory\"\r\n            },\r\n            \"framingSettings\": {\r\n              \"characterEncoding\": \"UTF\",\r\n              \"protocolVersion\": 4,\r\n              \"dataElementSeparator\": 53,\r\n              \"componentSeparator\": 58,\r\n              \"segmentTerminator\": 39,\r\n              \"releaseIndicator\": 63,\r\n              \"repetitionSeparator\": 42,\r\n              \"characterSet\": \"UNOC\",\r\n              \"decimalPointIndicator\": \"Comma\",\r\n              \"segmentTerminatorSuffix\": \"None\"\r\n            },\r\n            \"envelopeSettings\": {\r\n              \"groupAssociationAssignedCode\": \"0\",\r\n              \"communicationAgreementId\": \"0\",\r\n              \"applyDelimiterStringAdvice\": true,\r\n              \"createGroupingSegments\": true,\r\n              \"enableDefaultGroupHeaders\": true,\r\n              \"recipientReferencePasswordValue\": \"AAA\",\r\n              \"recipientReferencePasswordQualifier\": \"ZZ\",\r\n              \"applicationReferenceId\": \"0\",\r\n              \"processingPriorityCode\": \"0\",\r\n              \"interchangeControlNumberLowerBound\": 1,\r\n              \"interchangeControlNumberUpperBound\": 2147483647,\r\n              \"rolloverInterchangeControlNumber\": true,\r\n              \"interchangeControlNumberPrefix\": \"CU\",\r\n              \"interchangeControlNumberSuffix\": \"NUM\",\r\n              \"functionalGroupId\": \"0\",\r\n              \"groupControllingAgencyCode\": \"0\",\r\n              \"groupMessageVersion\": \"0.0\",\r\n              \"groupMessageRelease\": \"0.0\",\r\n              \"groupControlNumberLowerBound\": 1,\r\n              \"groupControlNumberUpperBound\": 2147483647,\r\n              \"rolloverGroupControlNumber\": true,\r\n              \"groupControlNumberPrefix\": \"CU\",\r\n              \"groupControlNumberSuffix\": \"NUM\",\r\n              \"groupApplicationReceiverQualifier\": \"ZZZ\",\r\n              \"groupApplicationReceiverId\": \"0\",\r\n              \"groupApplicationSenderQualifier\": \"ZZZ\",\r\n              \"groupApplicationSenderId\": \"AAA\",\r\n              \"groupApplicationPassword\": \"0\",\r\n              \"overwriteExistingTransactionSetControlNumber\": true,\r\n              \"transactionSetControlNumberPrefix\": \"CN\",\r\n              \"transactionSetControlNumberSuffix\": \"NU\",\r\n              \"transactionSetControlNumberLowerBound\": 1,\r\n              \"transactionSetControlNumberUpperBound\": 2147483647,\r\n              \"rolloverTransactionSetControlNumber\": true,\r\n              \"isTestInterchange\": true,\r\n              \"senderInternalIdentification\": \"AAA\",\r\n              \"senderInternalSubIdentification\": \"AAA\",\r\n              \"receiverInternalIdentification\": \"0\",\r\n              \"receiverInternalSubIdentification\": \"0\"\r\n            },\r\n            \"acknowledgementSettings\": {\r\n              \"needTechnicalAcknowledgement\": true,\r\n              \"batchTechnicalAcknowledgements\": true,\r\n              \"needFunctionalAcknowledgement\": true,\r\n              \"batchFunctionalAcknowledgements\": true,\r\n              \"needLoopForValidMessages\": true,\r\n              \"sendSynchronousAcknowledgement\": true,\r\n              \"acknowledgementControlNumberPrefix\": \"CN\",\r\n              \"acknowledgementControlNumberSuffix\": \"NU\",\r\n              \"acknowledgementControlNumberLowerBound\": 1,\r\n              \"acknowledgementControlNumberUpperBound\": 2147483647,\r\n              \"rolloverAcknowledgementControlNumber\": true\r\n            },\r\n            \"messageFilter\": {\r\n              \"messageFilterType\": \"Exclude\"\r\n            },\r\n            \"processingSettings\": {\r\n              \"maskSecurityInfo\": true,\r\n              \"preserveInterchange\": true,\r\n              \"suspendInterchangeOnError\": true,\r\n              \"createEmptyXmlTagsForTrailingSeparators\": true,\r\n              \"useDotAsDecimalSeparator\": true\r\n            },\r\n            \"schemaReferences\": []\r\n          },\r\n          \"senderBusinessIdentity\": {\r\n            \"qualifier\": \"AAA\",\r\n            \"value\": \"AAA\"\r\n          },\r\n          \"receiverBusinessIdentity\": {\r\n            \"qualifier\": \"ZZZ\",\r\n            \"value\": \"ZZZ\"\r\n          }\r\n        },\r\n        \"sendAgreement\": {\r\n          \"protocolSettings\": {\r\n            \"validationSettings\": {\r\n              \"validateCharacterSet\": true,\r\n              \"checkDuplicateInterchangeControlNumber\": true,\r\n              \"interchangeControlNumberValidityDays\": 100,\r\n              \"checkDuplicateGroupControlNumber\": true,\r\n              \"checkDuplicateTransactionSetControlNumber\": true,\r\n              \"validateEDITypes\": true,\r\n              \"validateXSDTypes\": true,\r\n              \"trimLeadingAndTrailingSpacesAndZeroes\": true,\r\n              \"allowLeadingAndTrailingSpacesAndZeroes\": true,\r\n              \"trailingSeparatorPolicy\": \"Mandatory\"\r\n            },\r\n            \"framingSettings\": {\r\n              \"characterEncoding\": \"UTF\",\r\n              \"protocolVersion\": 4,\r\n              \"dataElementSeparator\": 53,\r\n              \"componentSeparator\": 58,\r\n              \"segmentTerminator\": 39,\r\n              \"releaseIndicator\": 63,\r\n              \"repetitionSeparator\": 42,\r\n              \"characterSet\": \"UNOC\",\r\n              \"decimalPointIndicator\": \"Comma\",\r\n              \"segmentTerminatorSuffix\": \"None\"\r\n            },\r\n            \"envelopeSettings\": {\r\n              \"groupAssociationAssignedCode\": \"0\",\r\n              \"communicationAgreementId\": \"0\",\r\n              \"applyDelimiterStringAdvice\": true,\r\n              \"createGroupingSegments\": true,\r\n              \"enableDefaultGroupHeaders\": true,\r\n              \"recipientReferencePasswordValue\": \"AAA\",\r\n              \"recipientReferencePasswordQualifier\": \"ZZ\",\r\n              \"applicationReferenceId\": \"0\",\r\n              \"processingPriorityCode\": \"0\",\r\n              \"interchangeControlNumberLowerBound\": 1,\r\n              \"interchangeControlNumberUpperBound\": 2147483647,\r\n              \"rolloverInterchangeControlNumber\": true,\r\n              \"interchangeControlNumberPrefix\": \"CU\",\r\n              \"interchangeControlNumberSuffix\": \"NUM\",\r\n              \"functionalGroupId\": \"0\",\r\n              \"groupControllingAgencyCode\": \"0\",\r\n              \"groupMessageVersion\": \"0.0\",\r\n              \"groupMessageRelease\": \"0.0\",\r\n              \"groupControlNumberLowerBound\": 1,\r\n              \"groupControlNumberUpperBound\": 2147483647,\r\n              \"rolloverGroupControlNumber\": true,\r\n              \"groupControlNumberPrefix\": \"CU\",\r\n              \"groupControlNumberSuffix\": \"NUM\",\r\n              \"groupApplicationReceiverQualifier\": \"ZZZ\",\r\n              \"groupApplicationReceiverId\": \"0\",\r\n              \"groupApplicationSenderQualifier\": \"ZZZ\",\r\n              \"groupApplicationSenderId\": \"AAA\",\r\n              \"groupApplicationPassword\": \"0\",\r\n              \"overwriteExistingTransactionSetControlNumber\": true,\r\n              \"transactionSetControlNumberPrefix\": \"CN\",\r\n              \"transactionSetControlNumberSuffix\": \"NU\",\r\n              \"transactionSetControlNumberLowerBound\": 1,\r\n              \"transactionSetControlNumberUpperBound\": 2147483647,\r\n              \"rolloverTransactionSetControlNumber\": true,\r\n              \"isTestInterchange\": true,\r\n              \"senderInternalIdentification\": \"AAA\",\r\n              \"senderInternalSubIdentification\": \"AAA\",\r\n              \"receiverInternalIdentification\": \"0\",\r\n              \"receiverInternalSubIdentification\": \"0\"\r\n            },\r\n            \"acknowledgementSettings\": {\r\n              \"needTechnicalAcknowledgement\": true,\r\n              \"batchTechnicalAcknowledgements\": true,\r\n              \"needFunctionalAcknowledgement\": true,\r\n              \"batchFunctionalAcknowledgements\": true,\r\n              \"needLoopForValidMessages\": true,\r\n              \"sendSynchronousAcknowledgement\": true,\r\n              \"acknowledgementControlNumberPrefix\": \"CN\",\r\n              \"acknowledgementControlNumberSuffix\": \"NU\",\r\n              \"acknowledgementControlNumberLowerBound\": 1,\r\n              \"acknowledgementControlNumberUpperBound\": 2147483647,\r\n              \"rolloverAcknowledgementControlNumber\": true\r\n            },\r\n            \"messageFilter\": {\r\n              \"messageFilterType\": \"Exclude\"\r\n            },\r\n            \"processingSettings\": {\r\n              \"maskSecurityInfo\": true,\r\n              \"preserveInterchange\": true,\r\n              \"suspendInterchangeOnError\": true,\r\n              \"createEmptyXmlTagsForTrailingSeparators\": true,\r\n              \"useDotAsDecimalSeparator\": true\r\n            },\r\n            \"schemaReferences\": []\r\n          },\r\n          \"senderBusinessIdentity\": {\r\n            \"qualifier\": \"AAA\",\r\n            \"value\": \"AAA\"\r\n          },\r\n          \"receiverBusinessIdentity\": {\r\n            \"qualifier\": \"ZZZ\",\r\n            \"value\": \"ZZZ\"\r\n          }\r\n        }\r\n      }\r\n    },\r\n    \"createdTime\": \"2017-04-21T23:26:34.0284272Z\",\r\n    \"changedTime\": \"2017-04-21T23:26:34.0285942Z\"\r\n  },\r\n  \"id\": \"/subscriptions/f34b22a3-2202-4fb1-b040-1332bd928c84/resourceGroups/IntegrationAccountPsCmdletTest/providers/Microsoft.Logic/integrationAccounts/onesdk9450/agreements/onesdk406\",\r\n  \"name\": \"onesdk406\",\r\n  \"type\": \"Microsoft.Logic/integrationAccounts/agreements\"\r\n}",
      "ResponseHeaders": {
        "Content-Length": [
          "6585"
        ],
        "Content-Type": [
          "application/json; charset=utf-8"
        ],
        "Expires": [
          "-1"
        ],
        "Pragma": [
          "no-cache"
        ],
        "x-ms-request-id": [
          "brazilsouth:06bbd0f9-fd05-4e91-a83d-2b659df41264"
        ],
        "Strict-Transport-Security": [
          "max-age=31536000; includeSubDomains"
        ],
        "x-ms-ratelimit-remaining-subscription-writes": [
          "1128"
        ],
        "x-ms-correlation-request-id": [
          "1514bf14-b6af-4b5a-b1fa-bc90ea06ee4c"
        ],
        "x-ms-routing-request-id": [
          "WESTUS2:20170421T232634Z:1514bf14-b6af-4b5a-b1fa-bc90ea06ee4c"
        ],
        "Cache-Control": [
          "no-cache"
        ],
        "Date": [
          "Fri, 21 Apr 2017 23:26:33 GMT"
        ]
      },
      "StatusCode": 201
    },
    {
      "RequestUri": "/subscriptions/f34b22a3-2202-4fb1-b040-1332bd928c84/resourceGroups/IntegrationAccountPsCmdletTest/providers/Microsoft.Logic/integrationAccounts/onesdk9450/agreements?api-version=2016-06-01",
      "EncodedRequestUri": "L3N1YnNjcmlwdGlvbnMvZjM0YjIyYTMtMjIwMi00ZmIxLWIwNDAtMTMzMmJkOTI4Yzg0L3Jlc291cmNlR3JvdXBzL0ludGVncmF0aW9uQWNjb3VudFBzQ21kbGV0VGVzdC9wcm92aWRlcnMvTWljcm9zb2Z0LkxvZ2ljL2ludGVncmF0aW9uQWNjb3VudHMvb25lc2RrOTQ1MC9hZ3JlZW1lbnRzP2FwaS12ZXJzaW9uPTIwMTYtMDYtMDE=",
      "RequestMethod": "GET",
      "RequestBody": "",
      "RequestHeaders": {
        "x-ms-client-request-id": [
          "8ccb0f6c-85c7-4425-ac4e-d7bfdbf4acec"
        ],
        "accept-language": [
          "en-US"
        ],
        "User-Agent": [
          "FxVersion/4.6.1637.0",
          "OSName/Windows_10_Enterprise",
          "OSVersion/6.3.14393",
          "Microsoft.Azure.Management.Logic.LogicManagementClient/3.0.0"
        ]
      },
      "ResponseBody": "{\r\n  \"value\": [\r\n    {\r\n      \"properties\": {\r\n        \"hostPartner\": \"onesdk2176\",\r\n        \"guestPartner\": \"onesdk7602\",\r\n        \"hostIdentity\": {\r\n          \"qualifier\": \"AA\",\r\n          \"value\": \"AA\"\r\n        },\r\n        \"guestIdentity\": {\r\n          \"qualifier\": \"ZZ\",\r\n          \"value\": \"ZZ\"\r\n        },\r\n        \"agreementType\": \"EDIFACT\",\r\n        \"content\": {\r\n          \"edifact\": {\r\n            \"receiveAgreement\": {\r\n              \"protocolSettings\": {\r\n                \"validationSettings\": {\r\n                  \"validateCharacterSet\": true,\r\n                  \"checkDuplicateInterchangeControlNumber\": true,\r\n                  \"interchangeControlNumberValidityDays\": 100,\r\n                  \"checkDuplicateGroupControlNumber\": true,\r\n                  \"checkDuplicateTransactionSetControlNumber\": true,\r\n                  \"validateEDITypes\": true,\r\n                  \"validateXSDTypes\": true,\r\n                  \"trimLeadingAndTrailingSpacesAndZeroes\": true,\r\n                  \"allowLeadingAndTrailingSpacesAndZeroes\": true,\r\n                  \"trailingSeparatorPolicy\": \"Mandatory\"\r\n                },\r\n                \"framingSettings\": {\r\n                  \"characterEncoding\": \"UTF\",\r\n                  \"protocolVersion\": 4,\r\n                  \"dataElementSeparator\": 53,\r\n                  \"componentSeparator\": 58,\r\n                  \"segmentTerminator\": 39,\r\n                  \"releaseIndicator\": 63,\r\n                  \"repetitionSeparator\": 42,\r\n                  \"characterSet\": \"UNOC\",\r\n                  \"decimalPointIndicator\": \"Comma\",\r\n                  \"segmentTerminatorSuffix\": \"None\"\r\n                },\r\n                \"envelopeSettings\": {\r\n                  \"groupAssociationAssignedCode\": \"0\",\r\n                  \"communicationAgreementId\": \"0\",\r\n                  \"applyDelimiterStringAdvice\": true,\r\n                  \"createGroupingSegments\": true,\r\n                  \"enableDefaultGroupHeaders\": true,\r\n                  \"recipientReferencePasswordValue\": \"AAA\",\r\n                  \"recipientReferencePasswordQualifier\": \"ZZ\",\r\n                  \"applicationReferenceId\": \"0\",\r\n                  \"processingPriorityCode\": \"0\",\r\n                  \"interchangeControlNumberLowerBound\": 1,\r\n                  \"interchangeControlNumberUpperBound\": 2147483647,\r\n                  \"rolloverInterchangeControlNumber\": true,\r\n                  \"interchangeControlNumberPrefix\": \"CU\",\r\n                  \"interchangeControlNumberSuffix\": \"NUM\",\r\n                  \"functionalGroupId\": \"0\",\r\n                  \"groupControllingAgencyCode\": \"0\",\r\n                  \"groupMessageVersion\": \"0.0\",\r\n                  \"groupMessageRelease\": \"0.0\",\r\n                  \"groupControlNumberLowerBound\": 1,\r\n                  \"groupControlNumberUpperBound\": 2147483647,\r\n                  \"rolloverGroupControlNumber\": true,\r\n                  \"groupControlNumberPrefix\": \"CU\",\r\n                  \"groupControlNumberSuffix\": \"NUM\",\r\n                  \"groupApplicationReceiverQualifier\": \"ZZZ\",\r\n                  \"groupApplicationReceiverId\": \"0\",\r\n                  \"groupApplicationSenderQualifier\": \"ZZZ\",\r\n                  \"groupApplicationSenderId\": \"AAA\",\r\n                  \"groupApplicationPassword\": \"0\",\r\n                  \"overwriteExistingTransactionSetControlNumber\": true,\r\n                  \"transactionSetControlNumberPrefix\": \"CN\",\r\n                  \"transactionSetControlNumberSuffix\": \"NU\",\r\n                  \"transactionSetControlNumberLowerBound\": 1,\r\n                  \"transactionSetControlNumberUpperBound\": 2147483647,\r\n                  \"rolloverTransactionSetControlNumber\": true,\r\n                  \"isTestInterchange\": true,\r\n                  \"senderInternalIdentification\": \"AAA\",\r\n                  \"senderInternalSubIdentification\": \"AAA\",\r\n                  \"receiverInternalIdentification\": \"0\",\r\n                  \"receiverInternalSubIdentification\": \"0\"\r\n                },\r\n                \"acknowledgementSettings\": {\r\n                  \"needTechnicalAcknowledgement\": true,\r\n                  \"batchTechnicalAcknowledgements\": true,\r\n                  \"needFunctionalAcknowledgement\": true,\r\n                  \"batchFunctionalAcknowledgements\": true,\r\n                  \"needLoopForValidMessages\": true,\r\n                  \"sendSynchronousAcknowledgement\": true,\r\n                  \"acknowledgementControlNumberPrefix\": \"CN\",\r\n                  \"acknowledgementControlNumberSuffix\": \"NU\",\r\n                  \"acknowledgementControlNumberLowerBound\": 1,\r\n                  \"acknowledgementControlNumberUpperBound\": 2147483647,\r\n                  \"rolloverAcknowledgementControlNumber\": true\r\n                },\r\n                \"messageFilter\": {\r\n                  \"messageFilterType\": \"Exclude\"\r\n                },\r\n                \"processingSettings\": {\r\n                  \"maskSecurityInfo\": true,\r\n                  \"preserveInterchange\": true,\r\n                  \"suspendInterchangeOnError\": true,\r\n                  \"createEmptyXmlTagsForTrailingSeparators\": true,\r\n                  \"useDotAsDecimalSeparator\": true\r\n                },\r\n                \"schemaReferences\": []\r\n              },\r\n              \"senderBusinessIdentity\": {\r\n                \"qualifier\": \"AAA\",\r\n                \"value\": \"AAA\"\r\n              },\r\n              \"receiverBusinessIdentity\": {\r\n                \"qualifier\": \"ZZZ\",\r\n                \"value\": \"ZZZ\"\r\n              }\r\n            },\r\n            \"sendAgreement\": {\r\n              \"protocolSettings\": {\r\n                \"validationSettings\": {\r\n                  \"validateCharacterSet\": true,\r\n                  \"checkDuplicateInterchangeControlNumber\": true,\r\n                  \"interchangeControlNumberValidityDays\": 100,\r\n                  \"checkDuplicateGroupControlNumber\": true,\r\n                  \"checkDuplicateTransactionSetControlNumber\": true,\r\n                  \"validateEDITypes\": true,\r\n                  \"validateXSDTypes\": true,\r\n                  \"trimLeadingAndTrailingSpacesAndZeroes\": true,\r\n                  \"allowLeadingAndTrailingSpacesAndZeroes\": true,\r\n                  \"trailingSeparatorPolicy\": \"Mandatory\"\r\n                },\r\n                \"framingSettings\": {\r\n                  \"characterEncoding\": \"UTF\",\r\n                  \"protocolVersion\": 4,\r\n                  \"dataElementSeparator\": 53,\r\n                  \"componentSeparator\": 58,\r\n                  \"segmentTerminator\": 39,\r\n                  \"releaseIndicator\": 63,\r\n                  \"repetitionSeparator\": 42,\r\n                  \"characterSet\": \"UNOC\",\r\n                  \"decimalPointIndicator\": \"Comma\",\r\n                  \"segmentTerminatorSuffix\": \"None\"\r\n                },\r\n                \"envelopeSettings\": {\r\n                  \"groupAssociationAssignedCode\": \"0\",\r\n                  \"communicationAgreementId\": \"0\",\r\n                  \"applyDelimiterStringAdvice\": true,\r\n                  \"createGroupingSegments\": true,\r\n                  \"enableDefaultGroupHeaders\": true,\r\n                  \"recipientReferencePasswordValue\": \"AAA\",\r\n                  \"recipientReferencePasswordQualifier\": \"ZZ\",\r\n                  \"applicationReferenceId\": \"0\",\r\n                  \"processingPriorityCode\": \"0\",\r\n                  \"interchangeControlNumberLowerBound\": 1,\r\n                  \"interchangeControlNumberUpperBound\": 2147483647,\r\n                  \"rolloverInterchangeControlNumber\": true,\r\n                  \"interchangeControlNumberPrefix\": \"CU\",\r\n                  \"interchangeControlNumberSuffix\": \"NUM\",\r\n                  \"functionalGroupId\": \"0\",\r\n                  \"groupControllingAgencyCode\": \"0\",\r\n                  \"groupMessageVersion\": \"0.0\",\r\n                  \"groupMessageRelease\": \"0.0\",\r\n                  \"groupControlNumberLowerBound\": 1,\r\n                  \"groupControlNumberUpperBound\": 2147483647,\r\n                  \"rolloverGroupControlNumber\": true,\r\n                  \"groupControlNumberPrefix\": \"CU\",\r\n                  \"groupControlNumberSuffix\": \"NUM\",\r\n                  \"groupApplicationReceiverQualifier\": \"ZZZ\",\r\n                  \"groupApplicationReceiverId\": \"0\",\r\n                  \"groupApplicationSenderQualifier\": \"ZZZ\",\r\n                  \"groupApplicationSenderId\": \"AAA\",\r\n                  \"groupApplicationPassword\": \"0\",\r\n                  \"overwriteExistingTransactionSetControlNumber\": true,\r\n                  \"transactionSetControlNumberPrefix\": \"CN\",\r\n                  \"transactionSetControlNumberSuffix\": \"NU\",\r\n                  \"transactionSetControlNumberLowerBound\": 1,\r\n                  \"transactionSetControlNumberUpperBound\": 2147483647,\r\n                  \"rolloverTransactionSetControlNumber\": true,\r\n                  \"isTestInterchange\": true,\r\n                  \"senderInternalIdentification\": \"AAA\",\r\n                  \"senderInternalSubIdentification\": \"AAA\",\r\n                  \"receiverInternalIdentification\": \"0\",\r\n                  \"receiverInternalSubIdentification\": \"0\"\r\n                },\r\n                \"acknowledgementSettings\": {\r\n                  \"needTechnicalAcknowledgement\": true,\r\n                  \"batchTechnicalAcknowledgements\": true,\r\n                  \"needFunctionalAcknowledgement\": true,\r\n                  \"batchFunctionalAcknowledgements\": true,\r\n                  \"needLoopForValidMessages\": true,\r\n                  \"sendSynchronousAcknowledgement\": true,\r\n                  \"acknowledgementControlNumberPrefix\": \"CN\",\r\n                  \"acknowledgementControlNumberSuffix\": \"NU\",\r\n                  \"acknowledgementControlNumberLowerBound\": 1,\r\n                  \"acknowledgementControlNumberUpperBound\": 2147483647,\r\n                  \"rolloverAcknowledgementControlNumber\": true\r\n                },\r\n                \"messageFilter\": {\r\n                  \"messageFilterType\": \"Exclude\"\r\n                },\r\n                \"processingSettings\": {\r\n                  \"maskSecurityInfo\": true,\r\n                  \"preserveInterchange\": true,\r\n                  \"suspendInterchangeOnError\": true,\r\n                  \"createEmptyXmlTagsForTrailingSeparators\": true,\r\n                  \"useDotAsDecimalSeparator\": true\r\n                },\r\n                \"schemaReferences\": []\r\n              },\r\n              \"senderBusinessIdentity\": {\r\n                \"qualifier\": \"AAA\",\r\n                \"value\": \"AAA\"\r\n              },\r\n              \"receiverBusinessIdentity\": {\r\n                \"qualifier\": \"ZZZ\",\r\n                \"value\": \"ZZZ\"\r\n              }\r\n            }\r\n          }\r\n        },\r\n        \"createdTime\": \"2017-04-21T23:26:34.0284272Z\",\r\n        \"changedTime\": \"2017-04-21T23:26:34.0285942Z\"\r\n      },\r\n      \"id\": \"/subscriptions/f34b22a3-2202-4fb1-b040-1332bd928c84/resourceGroups/IntegrationAccountPsCmdletTest/providers/Microsoft.Logic/integrationAccounts/onesdk9450/agreements/onesdk406\",\r\n      \"name\": \"onesdk406\",\r\n      \"type\": \"Microsoft.Logic/integrationAccounts/agreements\"\r\n    }\r\n  ]\r\n}",
      "ResponseHeaders": {
        "Content-Length": [
          "6597"
        ],
        "Content-Type": [
          "application/json; charset=utf-8"
        ],
        "Expires": [
          "-1"
        ],
        "Pragma": [
          "no-cache"
        ],
        "Vary": [
          "Accept-Encoding"
        ],
        "x-ms-request-id": [
          "brazilsouth:70ec8f5f-3fa8-44fc-b358-a2aa15d55bae"
        ],
        "Strict-Transport-Security": [
          "max-age=31536000; includeSubDomains"
        ],
        "x-ms-ratelimit-remaining-subscription-reads": [
          "14176"
        ],
        "x-ms-correlation-request-id": [
          "41b8e739-592f-4d2e-8896-cf2f2ac0d0ed"
        ],
        "x-ms-routing-request-id": [
          "WESTUS2:20170421T232634Z:41b8e739-592f-4d2e-8896-cf2f2ac0d0ed"
        ],
        "Cache-Control": [
          "no-cache"
        ],
        "Date": [
          "Fri, 21 Apr 2017 23:26:33 GMT"
        ]
      },
      "StatusCode": 200
    },
    {
      "RequestUri": "/subscriptions/f34b22a3-2202-4fb1-b040-1332bd928c84/resourceGroups/IntegrationAccountPsCmdletTest/providers/Microsoft.Logic/integrationAccounts/onesdk9450/sessions/Edifact-ICN-onesdk406-1000?api-version=2016-06-01",
      "EncodedRequestUri": "L3N1YnNjcmlwdGlvbnMvZjM0YjIyYTMtMjIwMi00ZmIxLWIwNDAtMTMzMmJkOTI4Yzg0L3Jlc291cmNlR3JvdXBzL0ludGVncmF0aW9uQWNjb3VudFBzQ21kbGV0VGVzdC9wcm92aWRlcnMvTWljcm9zb2Z0LkxvZ2ljL2ludGVncmF0aW9uQWNjb3VudHMvb25lc2RrOTQ1MC9zZXNzaW9ucy9FZGlmYWN0LUlDTi1vbmVzZGs0MDYtMTAwMD9hcGktdmVyc2lvbj0yMDE2LTA2LTAx",
      "RequestMethod": "GET",
      "RequestBody": "",
      "RequestHeaders": {
        "x-ms-client-request-id": [
          "93713978-2d5a-4eb0-ad3c-5f5fa0801fa2"
        ],
        "accept-language": [
          "en-US"
        ],
        "User-Agent": [
          "FxVersion/4.6.1637.0",
          "OSName/Windows_10_Enterprise",
          "OSVersion/6.3.14393",
          "Microsoft.Azure.Management.Logic.LogicManagementClient/3.0.0"
        ]
      },
      "ResponseBody": "{\r\n  \"error\": {\r\n    \"code\": \"SessionNotFound\",\r\n    \"message\": \"The session 'Edifact-ICN-onesdk406-1000' could not be found in integration account 'onesdk9450'.\"\r\n  }\r\n}",
      "ResponseHeaders": {
        "Content-Length": [
          "145"
        ],
        "Content-Type": [
          "application/json; charset=utf-8"
        ],
        "Expires": [
          "-1"
        ],
        "Pragma": [
          "no-cache"
        ],
        "x-ms-request-id": [
          "brazilsouth:7690f017-aac5-4ce1-a73e-958f86208ab9"
        ],
        "Strict-Transport-Security": [
          "max-age=31536000; includeSubDomains"
        ],
        "x-ms-ratelimit-remaining-subscription-reads": [
          "14175"
        ],
        "x-ms-correlation-request-id": [
          "fe66a263-8d97-43d3-af3f-7664b743c12a"
        ],
        "x-ms-routing-request-id": [
          "WESTUS2:20170421T232634Z:fe66a263-8d97-43d3-af3f-7664b743c12a"
        ],
        "Cache-Control": [
          "no-cache"
        ],
        "Date": [
          "Fri, 21 Apr 2017 23:26:33 GMT"
        ]
      },
      "StatusCode": 404
    },
    {
      "RequestUri": "/subscriptions/f34b22a3-2202-4fb1-b040-1332bd928c84/resourceGroups/IntegrationAccountPsCmdletTest/providers/Microsoft.Logic/integrationAccounts/onesdk9450/sessions/Edifact-ICN-onesdk406-1000?api-version=2016-06-01",
      "EncodedRequestUri": "L3N1YnNjcmlwdGlvbnMvZjM0YjIyYTMtMjIwMi00ZmIxLWIwNDAtMTMzMmJkOTI4Yzg0L3Jlc291cmNlR3JvdXBzL0ludGVncmF0aW9uQWNjb3VudFBzQ21kbGV0VGVzdC9wcm92aWRlcnMvTWljcm9zb2Z0LkxvZ2ljL2ludGVncmF0aW9uQWNjb3VudHMvb25lc2RrOTQ1MC9zZXNzaW9ucy9FZGlmYWN0LUlDTi1vbmVzZGs0MDYtMTAwMD9hcGktdmVyc2lvbj0yMDE2LTA2LTAx",
      "RequestMethod": "GET",
      "RequestBody": "",
      "RequestHeaders": {
        "x-ms-client-request-id": [
          "8d049cc0-578b-4e2f-b07a-395ff4da73b8"
        ],
        "accept-language": [
          "en-US"
        ],
        "User-Agent": [
          "FxVersion/4.6.1637.0",
          "OSName/Windows_10_Enterprise",
          "OSVersion/6.3.14393",
          "Microsoft.Azure.Management.Logic.LogicManagementClient/3.0.0"
        ]
      },
      "ResponseBody": "{\r\n  \"properties\": {\r\n    \"createdTime\": \"2017-04-21T23:26:34.8514682Z\",\r\n    \"changedTime\": \"2017-04-21T23:26:34.8519201Z\",\r\n    \"content\": \"1000\"\r\n  },\r\n  \"id\": \"/subscriptions/f34b22a3-2202-4fb1-b040-1332bd928c84/resourceGroups/IntegrationAccountPsCmdletTest/providers/Microsoft.Logic/integrationAccounts/onesdk9450/sessions/Edifact-ICN-onesdk406-1000\",\r\n  \"name\": \"Edifact-ICN-onesdk406-1000\",\r\n  \"type\": \"Microsoft.Logic/integrationAccounts/sessions\",\r\n  \"etag\": \"\\\"08587087896906261026\\\"\"\r\n}",
      "ResponseHeaders": {
        "Content-Length": [
          "445"
        ],
        "Content-Type": [
          "application/json; charset=utf-8"
        ],
        "Expires": [
          "-1"
        ],
        "Pragma": [
          "no-cache"
        ],
        "Vary": [
          "Accept-Encoding"
        ],
        "x-ms-request-id": [
          "brazilsouth:e7cd341c-f0b6-4b09-9405-a95cf1eddc9d"
        ],
        "Strict-Transport-Security": [
          "max-age=31536000; includeSubDomains"
        ],
        "x-ms-ratelimit-remaining-subscription-reads": [
          "14174"
        ],
        "x-ms-correlation-request-id": [
          "eef21f9c-87c3-4794-977c-f7d7824ae834"
        ],
        "x-ms-routing-request-id": [
          "WESTUS2:20170421T232634Z:eef21f9c-87c3-4794-977c-f7d7824ae834"
        ],
        "Cache-Control": [
          "no-cache"
        ],
        "Date": [
          "Fri, 21 Apr 2017 23:26:34 GMT"
        ],
        "ETag": [
          "\"08587087896906261026\""
        ]
      },
      "StatusCode": 200
    },
    {
      "RequestUri": "/subscriptions/f34b22a3-2202-4fb1-b040-1332bd928c84/resourceGroups/IntegrationAccountPsCmdletTest/providers/Microsoft.Logic/integrationAccounts/onesdk9450/sessions/Edifact-ICN-onesdk406-1000?api-version=2016-06-01",
      "EncodedRequestUri": "L3N1YnNjcmlwdGlvbnMvZjM0YjIyYTMtMjIwMi00ZmIxLWIwNDAtMTMzMmJkOTI4Yzg0L3Jlc291cmNlR3JvdXBzL0ludGVncmF0aW9uQWNjb3VudFBzQ21kbGV0VGVzdC9wcm92aWRlcnMvTWljcm9zb2Z0LkxvZ2ljL2ludGVncmF0aW9uQWNjb3VudHMvb25lc2RrOTQ1MC9zZXNzaW9ucy9FZGlmYWN0LUlDTi1vbmVzZGs0MDYtMTAwMD9hcGktdmVyc2lvbj0yMDE2LTA2LTAx",
      "RequestMethod": "GET",
      "RequestBody": "",
      "RequestHeaders": {
        "x-ms-client-request-id": [
          "f885f5e4-4f97-4258-8b9e-8b95eddeed9e"
        ],
        "accept-language": [
          "en-US"
        ],
        "User-Agent": [
          "FxVersion/4.6.1637.0",
          "OSName/Windows_10_Enterprise",
          "OSVersion/6.3.14393",
          "Microsoft.Azure.Management.Logic.LogicManagementClient/3.0.0"
        ]
      },
      "ResponseBody": "{\r\n  \"properties\": {\r\n    \"createdTime\": \"2017-04-21T23:26:34.8514682Z\",\r\n    \"changedTime\": \"2017-04-21T23:26:35.1598932Z\",\r\n    \"content\": {\r\n      \"ControlNumber\": \"1000\",\r\n      \"ControlNumberChangedTime\": \"2/22/2017 8:05:41 PM\",\r\n      \"DecodeReceivedMessageFailure\": \"false\",\r\n      \"MessageType\": \"Edifact\"\r\n    }\r\n  },\r\n  \"id\": \"/subscriptions/f34b22a3-2202-4fb1-b040-1332bd928c84/resourceGroups/IntegrationAccountPsCmdletTest/providers/Microsoft.Logic/integrationAccounts/onesdk9450/sessions/Edifact-ICN-onesdk406-1000\",\r\n  \"name\": \"Edifact-ICN-onesdk406-1000\",\r\n  \"type\": \"Microsoft.Logic/integrationAccounts/sessions\",\r\n  \"etag\": \"\\\"08587087896903230058\\\"\"\r\n}",
      "ResponseHeaders": {
        "Content-Length": [
          "576"
        ],
        "Content-Type": [
          "application/json; charset=utf-8"
        ],
        "Expires": [
          "-1"
        ],
        "Pragma": [
          "no-cache"
        ],
        "Vary": [
          "Accept-Encoding"
        ],
        "x-ms-request-id": [
          "brazilsouth:0d49b7af-4224-4250-bd10-2534ee0c7f89"
        ],
        "Strict-Transport-Security": [
          "max-age=31536000; includeSubDomains"
        ],
        "x-ms-ratelimit-remaining-subscription-reads": [
          "14173"
        ],
        "x-ms-correlation-request-id": [
          "e95757f8-11ad-4fab-a3ae-619d8bf90d9e"
        ],
        "x-ms-routing-request-id": [
          "WESTUS2:20170421T232635Z:e95757f8-11ad-4fab-a3ae-619d8bf90d9e"
        ],
        "Cache-Control": [
          "no-cache"
        ],
        "Date": [
          "Fri, 21 Apr 2017 23:26:34 GMT"
        ],
        "ETag": [
          "\"08587087896903230058\""
        ]
      },
      "StatusCode": 200
    },
    {
      "RequestUri": "/subscriptions/f34b22a3-2202-4fb1-b040-1332bd928c84/resourceGroups/IntegrationAccountPsCmdletTest/providers/Microsoft.Logic/integrationAccounts/onesdk9450?api-version=2016-06-01",
      "EncodedRequestUri": "L3N1YnNjcmlwdGlvbnMvZjM0YjIyYTMtMjIwMi00ZmIxLWIwNDAtMTMzMmJkOTI4Yzg0L3Jlc291cmNlR3JvdXBzL0ludGVncmF0aW9uQWNjb3VudFBzQ21kbGV0VGVzdC9wcm92aWRlcnMvTWljcm9zb2Z0LkxvZ2ljL2ludGVncmF0aW9uQWNjb3VudHMvb25lc2RrOTQ1MD9hcGktdmVyc2lvbj0yMDE2LTA2LTAx",
      "RequestMethod": "DELETE",
      "RequestBody": "",
      "RequestHeaders": {
        "x-ms-client-request-id": [
          "3315fef5-ca6f-430a-914d-4e4c75c6ca15"
        ],
        "accept-language": [
          "en-US"
        ],
        "User-Agent": [
          "FxVersion/4.6.1637.0",
          "OSName/Windows_10_Enterprise",
          "OSVersion/6.3.14393",
          "Microsoft.Azure.Management.Logic.LogicManagementClient/3.0.0"
        ]
      },
      "ResponseBody": "",
      "ResponseHeaders": {
        "Content-Length": [
          "0"
        ],
        "Expires": [
          "-1"
        ],
        "Pragma": [
          "no-cache"
        ],
        "x-ms-request-id": [
          "brazilsouth:9fefc016-6e22-47a4-8e08-4073e6d24cc1"
        ],
        "Strict-Transport-Security": [
          "max-age=31536000; includeSubDomains"
        ],
        "x-ms-ratelimit-remaining-subscription-writes": [
          "1127"
        ],
        "x-ms-correlation-request-id": [
          "a041e978-26ee-49ec-9f71-68bf26fff752"
        ],
        "x-ms-routing-request-id": [
          "WESTUS2:20170421T232636Z:a041e978-26ee-49ec-9f71-68bf26fff752"
        ],
        "Cache-Control": [
          "no-cache"
        ],
        "Date": [
          "Fri, 21 Apr 2017 23:26:35 GMT"
        ]
      },
      "StatusCode": 200
    }
  ],
  "Names": {
    "Test-GetIntegrationAccountReceivedEdifactIcn": [
      "onesdk9450",
      "onesdk406",
      "onesdk2176",
      "onesdk7602"
    ]
  },
  "Variables": {
    "SubscriptionId": "f34b22a3-2202-4fb1-b040-1332bd928c84"
  }
}