{
  "Entries": [
    {
      "RequestUri": "/subscriptions/cca24ec8-99b5-4aa7-9ff6-486e886f304c/resourcegroups/blob-audit-cmdlet-test-rg2419?api-version=2016-02-01",
      "EncodedRequestUri": "L3N1YnNjcmlwdGlvbnMvY2NhMjRlYzgtOTliNS00YWE3LTlmZjYtNDg2ZTg4NmYzMDRjL3Jlc291cmNlZ3JvdXBzL2Jsb2ItYXVkaXQtY21kbGV0LXRlc3QtcmcyNDE5P2FwaS12ZXJzaW9uPTIwMTYtMDItMDE=",
      "RequestMethod": "PUT",
      "RequestBody": "{\r\n  \"location\": \"West Central US\"\r\n}",
      "RequestHeaders": {
        "Content-Type": [
          "application/json; charset=utf-8"
        ],
        "Content-Length": [
          "37"
        ],
        "User-Agent": [
          "Microsoft.Azure.Management.Resources.ResourceManagementClient/2.0.0.0"
        ]
      },
      "ResponseBody": "{\r\n  \"id\": \"/subscriptions/cca24ec8-99b5-4aa7-9ff6-486e886f304c/resourceGroups/blob-audit-cmdlet-test-rg2419\",\r\n  \"name\": \"blob-audit-cmdlet-test-rg2419\",\r\n  \"location\": \"westcentralus\",\r\n  \"properties\": {\r\n    \"provisioningState\": \"Succeeded\"\r\n  }\r\n}",
      "ResponseHeaders": {
        "Content-Length": [
          "218"
        ],
        "Content-Type": [
          "application/json; charset=utf-8"
        ],
        "Expires": [
          "-1"
        ],
        "Pragma": [
          "no-cache"
        ],
        "x-ms-ratelimit-remaining-subscription-writes": [
          "1199"
        ],
        "x-ms-request-id": [
          "a30205ad-341a-4421-bd74-1bd9de78170e"
        ],
        "x-ms-correlation-request-id": [
          "a30205ad-341a-4421-bd74-1bd9de78170e"
        ],
        "x-ms-routing-request-id": [
          "WESTEUROPE:20170608T054113Z:a30205ad-341a-4421-bd74-1bd9de78170e"
        ],
        "Strict-Transport-Security": [
          "max-age=31536000; includeSubDomains"
        ],
        "Cache-Control": [
          "no-cache"
        ],
        "Date": [
          "Thu, 08 Jun 2017 05:41:13 GMT"
        ]
      },
      "StatusCode": 201
    },
    {
      "RequestUri": "/subscriptions/cca24ec8-99b5-4aa7-9ff6-486e886f304c/resourceGroups/blob-audit-cmdlet-test-rg2419/providers/Microsoft.Sql/servers/blob-audit-cmdlet-server2419?api-version=2014-04-01",
      "EncodedRequestUri": "L3N1YnNjcmlwdGlvbnMvY2NhMjRlYzgtOTliNS00YWE3LTlmZjYtNDg2ZTg4NmYzMDRjL3Jlc291cmNlR3JvdXBzL2Jsb2ItYXVkaXQtY21kbGV0LXRlc3QtcmcyNDE5L3Byb3ZpZGVycy9NaWNyb3NvZnQuU3FsL3NlcnZlcnMvYmxvYi1hdWRpdC1jbWRsZXQtc2VydmVyMjQxOT9hcGktdmVyc2lvbj0yMDE0LTA0LTAx",
      "RequestMethod": "GET",
      "RequestBody": "",
      "RequestHeaders": {
        "x-ms-client-request-id": [
          "c32f5a9b-456a-4e6b-9a2c-df36fc191212"
        ],
        "accept-language": [
          "en-US"
        ],
        "User-Agent": [
          "FxVersion/4.6.1648.0",
          "OSName/Windows_10_Enterprise",
          "OSVersion/6.3.14393",
          "Microsoft.Azure.Management.Sql.SqlManagementClient/1.3.0-preview"
        ]
      },
      "ResponseBody": "{\r\n  \"error\": {\r\n    \"code\": \"ResourceNotFound\",\r\n    \"message\": \"The Resource 'Microsoft.Sql/servers/blob-audit-cmdlet-server2419' under resource group 'blob-audit-cmdlet-test-rg2419' was not found.\"\r\n  }\r\n}",
      "ResponseHeaders": {
        "Content-Length": [
          "183"
        ],
        "Content-Type": [
          "application/json; charset=utf-8"
        ],
        "Expires": [
          "-1"
        ],
        "Pragma": [
          "no-cache"
        ],
        "x-ms-failure-cause": [
          "gateway"
        ],
        "x-ms-request-id": [
          "798e2cfe-2abb-4f34-8127-551911ed4939"
        ],
        "x-ms-correlation-request-id": [
          "798e2cfe-2abb-4f34-8127-551911ed4939"
        ],
        "x-ms-routing-request-id": [
          "WESTEUROPE:20170608T054114Z:798e2cfe-2abb-4f34-8127-551911ed4939"
        ],
        "Strict-Transport-Security": [
          "max-age=31536000; includeSubDomains"
        ],
        "Cache-Control": [
          "no-cache"
        ],
        "Date": [
          "Thu, 08 Jun 2017 05:41:14 GMT"
        ]
      },
      "StatusCode": 404
    },
    {
      "RequestUri": "/subscriptions/cca24ec8-99b5-4aa7-9ff6-486e886f304c/resourceGroups/blob-audit-cmdlet-test-rg2419/providers/Microsoft.Sql/servers/blob-audit-cmdlet-server2419?api-version=2014-04-01",
      "EncodedRequestUri": "L3N1YnNjcmlwdGlvbnMvY2NhMjRlYzgtOTliNS00YWE3LTlmZjYtNDg2ZTg4NmYzMDRjL3Jlc291cmNlR3JvdXBzL2Jsb2ItYXVkaXQtY21kbGV0LXRlc3QtcmcyNDE5L3Byb3ZpZGVycy9NaWNyb3NvZnQuU3FsL3NlcnZlcnMvYmxvYi1hdWRpdC1jbWRsZXQtc2VydmVyMjQxOT9hcGktdmVyc2lvbj0yMDE0LTA0LTAx",
      "RequestMethod": "GET",
      "RequestBody": "",
      "RequestHeaders": {
        "x-ms-client-request-id": [
          "6d4a7273-3111-4d37-bdec-15a49d01366e"
        ],
        "accept-language": [
          "en-US"
        ],
        "User-Agent": [
          "FxVersion/4.6.1648.0",
          "OSName/Windows_10_Enterprise",
          "OSVersion/6.3.14393",
          "Microsoft.Azure.Management.Sql.SqlManagementClient/1.3.0-preview"
        ]
      },
      "ResponseBody": "{\r\n  \"id\": \"/subscriptions/cca24ec8-99b5-4aa7-9ff6-486e886f304c/resourceGroups/blob-audit-cmdlet-test-rg2419/providers/Microsoft.Sql/servers/blob-audit-cmdlet-server2419\",\r\n  \"name\": \"blob-audit-cmdlet-server2419\",\r\n  \"type\": \"Microsoft.Sql/servers\",\r\n  \"location\": \"West Central US\",\r\n  \"kind\": \"v12.0\",\r\n  \"properties\": {\r\n    \"fullyQualifiedDomainName\": \"blob-audit-cmdlet-server2419.database.windows.net\",\r\n    \"administratorLogin\": \"testusername\",\r\n    \"administratorLoginPassword\": null,\r\n    \"externalAdministratorLogin\": null,\r\n    \"externalAdministratorSid\": null,\r\n    \"version\": \"12.0\",\r\n    \"state\": \"Ready\"\r\n  }\r\n}",
      "ResponseHeaders": {
        "Content-Length": [
          "542"
        ],
        "Content-Type": [
          "application/json; odata=minimalmetadata; streaming=true; charset=utf-8"
        ],
        "x-ms-request-id": [
          "29aa7067-6b93-4797-b368-32a7bb98a715"
        ],
        "X-Content-Type-Options": [
          "nosniff"
        ],
        "DataServiceVersion": [
          "3.0;"
        ],
        "Strict-Transport-Security": [
          "max-age=31536000; includeSubDomains"
        ],
        "x-ms-ratelimit-remaining-subscription-reads": [
          "14890"
        ],
        "x-ms-correlation-request-id": [
          "7940479b-21d8-4e0a-b6de-66a2d2080615"
        ],
        "x-ms-routing-request-id": [
          "WESTEUROPE:20170608T054145Z:7940479b-21d8-4e0a-b6de-66a2d2080615"
        ],
        "Cache-Control": [
          "no-store, no-cache"
        ],
        "Date": [
          "Thu, 08 Jun 2017 05:41:44 GMT"
        ],
        "Server": [
          "Microsoft-HTTPAPI/2.0"
        ]
      },
      "StatusCode": 200
    },
    {
      "RequestUri": "/subscriptions/cca24ec8-99b5-4aa7-9ff6-486e886f304c/resourceGroups/blob-audit-cmdlet-test-rg2419/providers/Microsoft.Sql/servers/blob-audit-cmdlet-server2419?api-version=2014-04-01",
      "EncodedRequestUri": "L3N1YnNjcmlwdGlvbnMvY2NhMjRlYzgtOTliNS00YWE3LTlmZjYtNDg2ZTg4NmYzMDRjL3Jlc291cmNlR3JvdXBzL2Jsb2ItYXVkaXQtY21kbGV0LXRlc3QtcmcyNDE5L3Byb3ZpZGVycy9NaWNyb3NvZnQuU3FsL3NlcnZlcnMvYmxvYi1hdWRpdC1jbWRsZXQtc2VydmVyMjQxOT9hcGktdmVyc2lvbj0yMDE0LTA0LTAx",
      "RequestMethod": "PUT",
      "RequestBody": "{\r\n  \"properties\": {\r\n    \"version\": \"12.0\",\r\n    \"administratorLogin\": \"testusername\",\r\n    \"administratorLoginPassword\": \"t357ingP@s5w0rd!Sec\"\r\n  },\r\n  \"location\": \"West Central US\"\r\n}",
      "RequestHeaders": {
        "Content-Type": [
          "application/json; charset=utf-8"
        ],
        "Content-Length": [
          "186"
        ],
        "x-ms-client-request-id": [
          "cbef4ce8-3dd7-4613-a8bb-5cc5d00a26ea"
        ],
        "accept-language": [
          "en-US"
        ],
        "User-Agent": [
          "FxVersion/4.6.1648.0",
          "OSName/Windows_10_Enterprise",
          "OSVersion/6.3.14393",
          "Microsoft.Azure.Management.Sql.SqlManagementClient/1.3.0-preview"
        ]
      },
      "ResponseBody": "{\r\n  \"id\": \"/subscriptions/cca24ec8-99b5-4aa7-9ff6-486e886f304c/resourceGroups/blob-audit-cmdlet-test-rg2419/providers/Microsoft.Sql/servers/blob-audit-cmdlet-server2419\",\r\n  \"name\": \"blob-audit-cmdlet-server2419\",\r\n  \"type\": \"Microsoft.Sql/servers\",\r\n  \"location\": \"West Central US\",\r\n  \"kind\": \"v12.0\",\r\n  \"properties\": {\r\n    \"fullyQualifiedDomainName\": \"blob-audit-cmdlet-server2419.database.windows.net\",\r\n    \"administratorLogin\": \"testusername\",\r\n    \"administratorLoginPassword\": \"t357ingP@s5w0rd!Sec\",\r\n    \"externalAdministratorLogin\": null,\r\n    \"externalAdministratorSid\": null,\r\n    \"version\": \"12.0\",\r\n    \"state\": \"Ready\"\r\n  }\r\n}",
      "ResponseHeaders": {
        "Content-Length": [
          "559"
        ],
        "Content-Type": [
          "application/json; odata=minimalmetadata; streaming=true; charset=utf-8"
        ],
        "x-ms-request-id": [
          "f4160dc3-9116-49fa-9dde-de6049089e29"
        ],
        "X-Content-Type-Options": [
          "nosniff"
        ],
        "Preference-Applied": [
          "return-content"
        ],
        "DataServiceVersion": [
          "3.0;"
        ],
        "Strict-Transport-Security": [
          "max-age=31536000; includeSubDomains"
        ],
        "x-ms-ratelimit-remaining-subscription-writes": [
          "1198"
        ],
        "x-ms-correlation-request-id": [
          "818f6932-3e79-43b7-ba46-fad41c586700"
        ],
        "x-ms-routing-request-id": [
          "WESTEUROPE:20170608T054143Z:818f6932-3e79-43b7-ba46-fad41c586700"
        ],
        "Cache-Control": [
          "no-store, no-cache"
        ],
        "Date": [
          "Thu, 08 Jun 2017 05:41:43 GMT"
        ],
        "Server": [
          "Microsoft-HTTPAPI/2.0"
        ]
      },
      "StatusCode": 201
    },
    {
      "RequestUri": "/subscriptions/cca24ec8-99b5-4aa7-9ff6-486e886f304c/resourceGroups/blob-audit-cmdlet-test-rg2419/providers/Microsoft.Sql/servers/blob-audit-cmdlet-server2419/databases/blob-audit-cmdlet-db2419?api-version=2014-04-01",
      "EncodedRequestUri": "L3N1YnNjcmlwdGlvbnMvY2NhMjRlYzgtOTliNS00YWE3LTlmZjYtNDg2ZTg4NmYzMDRjL3Jlc291cmNlR3JvdXBzL2Jsb2ItYXVkaXQtY21kbGV0LXRlc3QtcmcyNDE5L3Byb3ZpZGVycy9NaWNyb3NvZnQuU3FsL3NlcnZlcnMvYmxvYi1hdWRpdC1jbWRsZXQtc2VydmVyMjQxOS9kYXRhYmFzZXMvYmxvYi1hdWRpdC1jbWRsZXQtZGIyNDE5P2FwaS12ZXJzaW9uPTIwMTQtMDQtMDE=",
      "RequestMethod": "GET",
      "RequestBody": "",
      "RequestHeaders": {
        "User-Agent": [
          "Microsoft.Azure.Management.Sql.LegacySdk.SqlManagementClient/3.0.0.0"
        ],
        "x-ms-client-request-id": [
          "7d6b0c4b-9151-466f-903e-fe6fa1133be5"
        ]
      },
      "ResponseBody": "{\r\n  \"error\": {\r\n    \"code\": \"ResourceNotFound\",\r\n    \"message\": \"The Resource 'Microsoft.Sql/servers/blob-audit-cmdlet-server2419/databases/blob-audit-cmdlet-db2419' under resource group 'blob-audit-cmdlet-test-rg2419' was not found.\"\r\n  }\r\n}",
      "ResponseHeaders": {
        "Content-Length": [
          "218"
        ],
        "Content-Type": [
          "application/json; charset=utf-8"
        ],
        "Expires": [
          "-1"
        ],
        "Pragma": [
          "no-cache"
        ],
        "x-ms-failure-cause": [
          "gateway"
        ],
        "x-ms-request-id": [
          "014c299d-5058-4ac8-9bae-c06a2faa9082"
        ],
        "x-ms-correlation-request-id": [
          "014c299d-5058-4ac8-9bae-c06a2faa9082"
        ],
        "x-ms-routing-request-id": [
          "WESTEUROPE:20170608T054145Z:014c299d-5058-4ac8-9bae-c06a2faa9082"
        ],
        "Strict-Transport-Security": [
          "max-age=31536000; includeSubDomains"
        ],
        "Cache-Control": [
          "no-cache"
        ],
        "Date": [
          "Thu, 08 Jun 2017 05:41:44 GMT"
        ]
      },
      "StatusCode": 404
    },
    {
      "RequestUri": "/subscriptions/cca24ec8-99b5-4aa7-9ff6-486e886f304c/resourceGroups/blob-audit-cmdlet-test-rg2419/providers/Microsoft.Sql/servers/blob-audit-cmdlet-server2419/databases/blob-audit-cmdlet-db2419?api-version=2014-04-01",
      "EncodedRequestUri": "L3N1YnNjcmlwdGlvbnMvY2NhMjRlYzgtOTliNS00YWE3LTlmZjYtNDg2ZTg4NmYzMDRjL3Jlc291cmNlR3JvdXBzL2Jsb2ItYXVkaXQtY21kbGV0LXRlc3QtcmcyNDE5L3Byb3ZpZGVycy9NaWNyb3NvZnQuU3FsL3NlcnZlcnMvYmxvYi1hdWRpdC1jbWRsZXQtc2VydmVyMjQxOS9kYXRhYmFzZXMvYmxvYi1hdWRpdC1jbWRsZXQtZGIyNDE5P2FwaS12ZXJzaW9uPTIwMTQtMDQtMDE=",
      "RequestMethod": "PUT",
      "RequestBody": "{\r\n  \"properties\": {\r\n    \"edition\": \"Basic\",\r\n    \"maxSizeBytes\": \"0\",\r\n    \"readScale\": \"Disabled\"\r\n  },\r\n  \"location\": \"West Central US\"\r\n}",
      "RequestHeaders": {
        "Content-Type": [
          "application/json; charset=utf-8"
        ],
        "Content-Length": [
          "142"
        ],
        "User-Agent": [
          "Microsoft.Azure.Management.Sql.LegacySdk.SqlManagementClient/3.0.0.0"
        ],
        "x-ms-client-request-id": [
          "0e06c9bb-99e3-409d-a008-7a16b8d39b16"
        ]
      },
      "ResponseBody": "{\r\n  \"operation\": \"CreateLogicalDatabase\",\r\n  \"startTime\": \"2017-06-08T08:41:50.347+03:00\"\r\n}",
      "ResponseHeaders": {
        "Content-Length": [
          "80"
        ],
        "Content-Type": [
          "application/json; odata=minimalmetadata; streaming=true; charset=utf-8"
        ],
        "Retry-After": [
          "30"
        ],
        "x-ms-request-id": [
          "b76f43f7-de00-4223-b80f-462b28904b26"
        ],
        "X-Content-Type-Options": [
          "nosniff"
        ],
        "Preference-Applied": [
          "return-content"
        ],
        "DataServiceVersion": [
          "3.0;"
        ],
        "Strict-Transport-Security": [
          "max-age=31536000; includeSubDomains"
        ],
        "Azure-AsyncOperation": [
          "https://management.azure.com/subscriptions/cca24ec8-99b5-4aa7-9ff6-486e886f304c/resourceGroups/blob-audit-cmdlet-test-rg2419/providers/Microsoft.Sql/servers/blob-audit-cmdlet-server2419/databases/blob-audit-cmdlet-db2419/azureAsyncOperation/b76f43f7-de00-4223-b80f-462b28904b26?api-version=2014-04-01-Preview"
        ],
        "x-ms-ratelimit-remaining-subscription-writes": [
          "1197"
        ],
        "x-ms-correlation-request-id": [
          "23fbf749-faa3-4a52-8765-8102c405d255"
        ],
        "x-ms-routing-request-id": [
          "WESTEUROPE:20170608T054148Z:23fbf749-faa3-4a52-8765-8102c405d255"
        ],
        "Cache-Control": [
          "no-store, no-cache"
        ],
        "Date": [
          "Thu, 08 Jun 2017 05:41:48 GMT"
        ],
        "Location": [
          "https://management.azure.com/subscriptions/cca24ec8-99b5-4aa7-9ff6-486e886f304c/resourceGroups/blob-audit-cmdlet-test-rg2419/providers/Microsoft.Sql/servers/blob-audit-cmdlet-server2419/databases/blob-audit-cmdlet-db2419/operationResults/b76f43f7-de00-4223-b80f-462b28904b26?api-version=2014-04-01-Preview"
        ],
        "Server": [
          "Microsoft-HTTPAPI/2.0"
        ]
      },
      "StatusCode": 202
    },
    {
      "RequestUri": "/subscriptions/cca24ec8-99b5-4aa7-9ff6-486e886f304c/resourceGroups/blob-audit-cmdlet-test-rg2419/providers/Microsoft.Sql/servers/blob-audit-cmdlet-server2419/databases/blob-audit-cmdlet-db2419/operationResults/b76f43f7-de00-4223-b80f-462b28904b26?api-version=2014-04-01-Preview",
      "EncodedRequestUri": "L3N1YnNjcmlwdGlvbnMvY2NhMjRlYzgtOTliNS00YWE3LTlmZjYtNDg2ZTg4NmYzMDRjL3Jlc291cmNlR3JvdXBzL2Jsb2ItYXVkaXQtY21kbGV0LXRlc3QtcmcyNDE5L3Byb3ZpZGVycy9NaWNyb3NvZnQuU3FsL3NlcnZlcnMvYmxvYi1hdWRpdC1jbWRsZXQtc2VydmVyMjQxOS9kYXRhYmFzZXMvYmxvYi1hdWRpdC1jbWRsZXQtZGIyNDE5L29wZXJhdGlvblJlc3VsdHMvYjc2ZjQzZjctZGUwMC00MjIzLWI4MGYtNDYyYjI4OTA0YjI2P2FwaS12ZXJzaW9uPTIwMTQtMDQtMDEtUHJldmlldw==",
      "RequestMethod": "GET",
      "RequestBody": "",
      "RequestHeaders": {
        "User-Agent": [
          "Microsoft.Azure.Management.Sql.LegacySdk.SqlManagementClient/3.0.0.0"
        ],
        "x-ms-client-request-id": [
          "0e06c9bb-99e3-409d-a008-7a16b8d39b16"
        ]
      },
      "ResponseBody": "{\r\n  \"operation\": \"CreateLogicalDatabase\",\r\n  \"startTime\": \"2017-06-08T05:41:50.333Z\"\r\n}",
      "ResponseHeaders": {
        "Content-Length": [
          "75"
        ],
        "Content-Type": [
          "application/json"
        ],
        "Retry-After": [
          "30"
        ],
        "x-ms-request-id": [
          "47fb83e0-f88e-48f9-8976-b27dded1437a"
        ],
        "X-Content-Type-Options": [
          "nosniff"
        ],
        "DataServiceVersion": [
          "3.0;"
        ],
        "Strict-Transport-Security": [
          "max-age=31536000; includeSubDomains"
        ],
        "Azure-AsyncOperation": [
          "https://management.azure.com/subscriptions/cca24ec8-99b5-4aa7-9ff6-486e886f304c/resourceGroups/blob-audit-cmdlet-test-rg2419/providers/Microsoft.Sql/servers/blob-audit-cmdlet-server2419/databases/blob-audit-cmdlet-db2419/azureAsyncOperation/b76f43f7-de00-4223-b80f-462b28904b26?api-version=2014-04-01-Preview"
        ],
        "x-ms-ratelimit-remaining-subscription-reads": [
          "14858"
        ],
        "x-ms-correlation-request-id": [
          "96def5c2-a72f-4980-bb21-9f711ada6ebf"
        ],
        "x-ms-routing-request-id": [
          "WESTEUROPE:20170608T054149Z:96def5c2-a72f-4980-bb21-9f711ada6ebf"
        ],
        "Cache-Control": [
          "no-store, no-cache"
        ],
        "Date": [
          "Thu, 08 Jun 2017 05:41:48 GMT"
        ],
        "Location": [
          "https://management.azure.com/subscriptions/cca24ec8-99b5-4aa7-9ff6-486e886f304c/resourceGroups/blob-audit-cmdlet-test-rg2419/providers/Microsoft.Sql/servers/blob-audit-cmdlet-server2419/databases/blob-audit-cmdlet-db2419/operationResults/b76f43f7-de00-4223-b80f-462b28904b26?api-version=2014-04-01-Preview"
        ],
        "Server": [
          "Microsoft-HTTPAPI/2.0"
        ]
      },
      "StatusCode": 202
    },
    {
      "RequestUri": "/subscriptions/cca24ec8-99b5-4aa7-9ff6-486e886f304c/resourceGroups/blob-audit-cmdlet-test-rg2419/providers/Microsoft.Sql/servers/blob-audit-cmdlet-server2419/databases/blob-audit-cmdlet-db2419/operationResults/b76f43f7-de00-4223-b80f-462b28904b26?api-version=2014-04-01-Preview",
      "EncodedRequestUri": "L3N1YnNjcmlwdGlvbnMvY2NhMjRlYzgtOTliNS00YWE3LTlmZjYtNDg2ZTg4NmYzMDRjL3Jlc291cmNlR3JvdXBzL2Jsb2ItYXVkaXQtY21kbGV0LXRlc3QtcmcyNDE5L3Byb3ZpZGVycy9NaWNyb3NvZnQuU3FsL3NlcnZlcnMvYmxvYi1hdWRpdC1jbWRsZXQtc2VydmVyMjQxOS9kYXRhYmFzZXMvYmxvYi1hdWRpdC1jbWRsZXQtZGIyNDE5L29wZXJhdGlvblJlc3VsdHMvYjc2ZjQzZjctZGUwMC00MjIzLWI4MGYtNDYyYjI4OTA0YjI2P2FwaS12ZXJzaW9uPTIwMTQtMDQtMDEtUHJldmlldw==",
      "RequestMethod": "GET",
      "RequestBody": "",
      "RequestHeaders": {
        "User-Agent": [
          "Microsoft.Azure.Management.Sql.LegacySdk.SqlManagementClient/3.0.0.0"
        ],
        "x-ms-client-request-id": [
          "0e06c9bb-99e3-409d-a008-7a16b8d39b16"
        ]
      },
      "ResponseBody": "{\r\n  \"id\": \"/subscriptions/cca24ec8-99b5-4aa7-9ff6-486e886f304c/resourceGroups/blob-audit-cmdlet-test-rg2419/providers/Microsoft.Sql/servers/blob-audit-cmdlet-server2419/databases/blob-audit-cmdlet-db2419\",\r\n  \"name\": \"blob-audit-cmdlet-db2419\",\r\n  \"type\": \"Microsoft.Sql/servers/databases\",\r\n  \"location\": \"West Central US\",\r\n  \"kind\": \"v12.0,user\",\r\n  \"properties\": {\r\n    \"databaseId\": \"0d7e82f9-0e33-4d6a-9074-7cab9362e764\",\r\n    \"edition\": \"Basic\",\r\n    \"status\": \"Online\",\r\n    \"serviceLevelObjective\": \"Basic\",\r\n    \"collation\": \"SQL_Latin1_General_CP1_CI_AS\",\r\n    \"maxSizeBytes\": \"2147483648\",\r\n    \"creationDate\": \"2017-06-08T05:41:50.567Z\",\r\n    \"currentServiceObjectiveId\": \"dd6d99bb-f193-4ec1-86f2-43d3bccbc49c\",\r\n    \"requestedServiceObjectiveId\": \"dd6d99bb-f193-4ec1-86f2-43d3bccbc49c\",\r\n    \"requestedServiceObjectiveName\": \"Basic\",\r\n    \"sampleName\": null,\r\n    \"defaultSecondaryLocation\": \"West US 2\",\r\n    \"earliestRestoreDate\": \"2017-06-08T05:52:16.943Z\",\r\n    \"elasticPoolName\": null,\r\n    \"containmentState\": 2,\r\n    \"readScale\": \"Disabled\",\r\n    \"failoverGroupId\": null\r\n  }\r\n}",
      "ResponseHeaders": {
        "Content-Length": [
          "945"
        ],
        "Content-Type": [
          "application/json; odata=minimalmetadata; streaming=true; charset=utf-8"
        ],
        "x-ms-request-id": [
          "90737074-3655-42f5-b856-26fab3f55989"
        ],
        "X-Content-Type-Options": [
          "nosniff"
        ],
        "DataServiceVersion": [
          "3.0;"
        ],
        "Strict-Transport-Security": [
          "max-age=31536000; includeSubDomains"
        ],
        "x-ms-ratelimit-remaining-subscription-reads": [
          "14855"
        ],
        "x-ms-correlation-request-id": [
          "3e5cccc2-6f5c-458b-bac4-3178736e7321"
        ],
        "x-ms-routing-request-id": [
          "WESTEUROPE:20170608T054219Z:3e5cccc2-6f5c-458b-bac4-3178736e7321"
        ],
        "Cache-Control": [
          "no-store, no-cache"
        ],
        "Date": [
          "Thu, 08 Jun 2017 05:42:18 GMT"
        ],
        "Server": [
          "Microsoft-HTTPAPI/2.0"
        ]
      },
      "StatusCode": 201
    },
    {
      "RequestUri": "/subscriptions/cca24ec8-99b5-4aa7-9ff6-486e886f304c/resourceGroups/blob-audit-cmdlet-test-rg2419/providers/Microsoft.Storage/storageAccounts/blobauditcmdlets2419?api-version=2015-05-01-preview",
      "EncodedRequestUri": "L3N1YnNjcmlwdGlvbnMvY2NhMjRlYzgtOTliNS00YWE3LTlmZjYtNDg2ZTg4NmYzMDRjL3Jlc291cmNlR3JvdXBzL2Jsb2ItYXVkaXQtY21kbGV0LXRlc3QtcmcyNDE5L3Byb3ZpZGVycy9NaWNyb3NvZnQuU3RvcmFnZS9zdG9yYWdlQWNjb3VudHMvYmxvYmF1ZGl0Y21kbGV0czI0MTk/YXBpLXZlcnNpb249MjAxNS0wNS0wMS1wcmV2aWV3",
      "RequestMethod": "PUT",
      "RequestBody": "{\r\n  \"location\": \"West Central US\",\r\n  \"properties\": {\r\n    \"accountType\": \"Standard_GRS\"\r\n  }\r\n}",
      "RequestHeaders": {
        "Content-Type": [
          "application/json"
        ],
        "Content-Length": [
          "97"
        ],
        "x-ms-client-request-id": [
          "49fa2d44-5499-41bb-8cc5-eb3468b0075e"
        ],
        "User-Agent": [
          "Microsoft.Azure.Management.Storage.StorageManagementClient/2.0.0.0"
        ]
      },
      "ResponseBody": "",
      "ResponseHeaders": {
        "Content-Length": [
          "0"
        ],
        "Expires": [
          "-1"
        ],
        "Pragma": [
          "no-cache"
        ],
        "Retry-After": [
          "17"
        ],
        "x-ms-ratelimit-remaining-subscription-writes": [
          "1199"
        ],
        "x-ms-request-id": [
          "c78a8db4-2c53-4a0e-bddd-aa84fca79a29"
        ],
        "x-ms-correlation-request-id": [
          "c78a8db4-2c53-4a0e-bddd-aa84fca79a29"
        ],
        "x-ms-routing-request-id": [
          "WESTEUROPE:20170608T054259Z:c78a8db4-2c53-4a0e-bddd-aa84fca79a29"
        ],
        "Strict-Transport-Security": [
          "max-age=31536000; includeSubDomains"
        ],
        "Cache-Control": [
          "no-cache"
        ],
        "Date": [
          "Thu, 08 Jun 2017 05:42:58 GMT"
        ],
        "Location": [
          "https://management.azure.com/subscriptions/cca24ec8-99b5-4aa7-9ff6-486e886f304c/providers/Microsoft.Storage/operations/113f431f-0f66-4067-8336-8de4c99b943a?monitor=true&api-version=2015-05-01-preview"
        ],
        "Server": [
          "Microsoft-HTTPAPI/2.0"
        ]
      },
      "StatusCode": 202
    },
    {
      "RequestUri": "/subscriptions/cca24ec8-99b5-4aa7-9ff6-486e886f304c/providers/Microsoft.Storage/operations/113f431f-0f66-4067-8336-8de4c99b943a?monitor=true&api-version=2015-05-01-preview",
      "EncodedRequestUri": "L3N1YnNjcmlwdGlvbnMvY2NhMjRlYzgtOTliNS00YWE3LTlmZjYtNDg2ZTg4NmYzMDRjL3Byb3ZpZGVycy9NaWNyb3NvZnQuU3RvcmFnZS9vcGVyYXRpb25zLzExM2Y0MzFmLTBmNjYtNDA2Ny04MzM2LThkZTRjOTliOTQzYT9tb25pdG9yPXRydWUmYXBpLXZlcnNpb249MjAxNS0wNS0wMS1wcmV2aWV3",
      "RequestMethod": "GET",
      "RequestBody": "",
      "RequestHeaders": {
        "x-ms-client-request-id": [
          "32e8c91b-254b-4e14-904a-48577f773e99"
        ],
        "User-Agent": [
          "Microsoft.Azure.Management.Storage.StorageManagementClient/2.0.0.0"
        ]
      },
      "ResponseBody": "",
      "ResponseHeaders": {
        "Content-Length": [
          "0"
        ],
        "Expires": [
          "-1"
        ],
        "Pragma": [
          "no-cache"
        ],
        "Retry-After": [
          "17"
        ],
        "x-ms-ratelimit-remaining-subscription-reads": [
          "14780"
        ],
        "x-ms-request-id": [
          "0d3da297-7af0-4ce0-9b70-f0c002d1ac3c"
        ],
        "x-ms-correlation-request-id": [
          "0d3da297-7af0-4ce0-9b70-f0c002d1ac3c"
        ],
        "x-ms-routing-request-id": [
          "WESTEUROPE:20170608T054259Z:0d3da297-7af0-4ce0-9b70-f0c002d1ac3c"
        ],
        "Strict-Transport-Security": [
          "max-age=31536000; includeSubDomains"
        ],
        "Cache-Control": [
          "no-cache"
        ],
        "Date": [
          "Thu, 08 Jun 2017 05:42:59 GMT"
        ],
        "Location": [
          "https://management.azure.com/subscriptions/cca24ec8-99b5-4aa7-9ff6-486e886f304c/providers/Microsoft.Storage/operations/113f431f-0f66-4067-8336-8de4c99b943a?monitor=true&api-version=2015-05-01-preview"
        ],
        "Server": [
          "Microsoft-HTTPAPI/2.0"
        ]
      },
      "StatusCode": 202
    },
    {
      "RequestUri": "/subscriptions/cca24ec8-99b5-4aa7-9ff6-486e886f304c/providers/Microsoft.Storage/operations/113f431f-0f66-4067-8336-8de4c99b943a?monitor=true&api-version=2015-05-01-preview",
      "EncodedRequestUri": "L3N1YnNjcmlwdGlvbnMvY2NhMjRlYzgtOTliNS00YWE3LTlmZjYtNDg2ZTg4NmYzMDRjL3Byb3ZpZGVycy9NaWNyb3NvZnQuU3RvcmFnZS9vcGVyYXRpb25zLzExM2Y0MzFmLTBmNjYtNDA2Ny04MzM2LThkZTRjOTliOTQzYT9tb25pdG9yPXRydWUmYXBpLXZlcnNpb249MjAxNS0wNS0wMS1wcmV2aWV3",
      "RequestMethod": "GET",
      "RequestBody": "",
      "RequestHeaders": {
        "x-ms-client-request-id": [
          "f4847a07-6fd4-4b85-9d19-264caecea8e0"
        ],
        "User-Agent": [
          "Microsoft.Azure.Management.Storage.StorageManagementClient/2.0.0.0"
        ]
      },
      "ResponseBody": "{\r\n  \"location\": \"West Central US\",\r\n  \"properties\": {\r\n    \"accountType\": \"Standard_GRS\"\r\n  }\r\n}",
      "ResponseHeaders": {
        "Content-Length": [
          "74"
        ],
        "Content-Type": [
          "application/json"
        ],
        "Expires": [
          "-1"
        ],
        "Pragma": [
          "no-cache"
        ],
        "x-ms-request-id": [
          "bd5a1979-086a-453c-ace7-beb5bcac4be5"
        ],
        "x-ms-ratelimit-remaining-subscription-reads": [
          "14778"
        ],
        "x-ms-correlation-request-id": [
          "bd5a1979-086a-453c-ace7-beb5bcac4be5"
        ],
        "x-ms-routing-request-id": [
          "WESTEUROPE:20170608T054325Z:bd5a1979-086a-453c-ace7-beb5bcac4be5"
        ],
        "Strict-Transport-Security": [
          "max-age=31536000; includeSubDomains"
        ],
        "Cache-Control": [
          "no-cache"
        ],
        "Date": [
          "Thu, 08 Jun 2017 05:43:25 GMT"
        ],
        "Server": [
          "Microsoft-HTTPAPI/2.0"
        ]
      },
      "StatusCode": 200
    },
    {
      "RequestUri": "/subscriptions/cca24ec8-99b5-4aa7-9ff6-486e886f304c/resourceGroups/blob-audit-cmdlet-test-rg2419/providers/Microsoft.Sql/servers/blob-audit-cmdlet-server2419/auditingSettings/Default?api-version=2015-05-01-preview",
      "EncodedRequestUri": "L3N1YnNjcmlwdGlvbnMvY2NhMjRlYzgtOTliNS00YWE3LTlmZjYtNDg2ZTg4NmYzMDRjL3Jlc291cmNlR3JvdXBzL2Jsb2ItYXVkaXQtY21kbGV0LXRlc3QtcmcyNDE5L3Byb3ZpZGVycy9NaWNyb3NvZnQuU3FsL3NlcnZlcnMvYmxvYi1hdWRpdC1jbWRsZXQtc2VydmVyMjQxOS9hdWRpdGluZ1NldHRpbmdzL0RlZmF1bHQ/YXBpLXZlcnNpb249MjAxNS0wNS0wMS1wcmV2aWV3",
      "RequestMethod": "GET",
      "RequestBody": "",
      "RequestHeaders": {
        "User-Agent": [
          "Microsoft.Azure.Management.Sql.LegacySdk.SqlManagementClient/3.0.0.0"
        ],
        "x-ms-client-request-id": [
          "cedc202b-dfe3-41e0-9ef9-47756863f64c"
        ]
      },
      "ResponseBody": "{\r\n  \"id\": \"/subscriptions/cca24ec8-99b5-4aa7-9ff6-486e886f304c/resourceGroups/blob-audit-cmdlet-test-rg2419/providers/Microsoft.Sql/servers/blob-audit-cmdlet-server2419/auditingSettings/Default\",\r\n  \"name\": \"Default\",\r\n  \"type\": \"Microsoft.Sql/servers/auditingSettings\",\r\n  \"kind\": \"\",\r\n  \"properties\": {\r\n    \"state\": \"Disabled\",\r\n    \"storageEndpoint\": \"\",\r\n    \"storageAccountAccessKey\": \"\",\r\n    \"retentionDays\": 0,\r\n    \"auditActionsAndGroups\": [],\r\n    \"storageAccountSubscriptionId\": \"00000000-0000-0000-0000-000000000000\",\r\n    \"isStorageSecondaryKeyInUse\": false\r\n  }\r\n}",
      "ResponseHeaders": {
        "Content-Length": [
          "500"
        ],
        "Content-Type": [
          "application/json; charset=utf-8"
        ],
        "Expires": [
          "-1"
        ],
        "Pragma": [
          "no-cache"
        ],
        "x-ms-request-id": [
          "9196063e-5162-4730-8fa2-548540d246fd"
        ],
        "x-ms-ratelimit-remaining-subscription-reads": [
          "14851"
        ],
        "x-ms-correlation-request-id": [
          "9132eb40-3a1b-433f-9591-bf9322864838"
        ],
        "x-ms-routing-request-id": [
          "WESTEUROPE:20170608T054326Z:9132eb40-3a1b-433f-9591-bf9322864838"
        ],
        "Strict-Transport-Security": [
          "max-age=31536000; includeSubDomains"
        ],
        "Cache-Control": [
          "no-cache"
        ],
        "Date": [
          "Thu, 08 Jun 2017 05:43:25 GMT"
        ],
        "Server": [
          "Microsoft-HTTPAPI/2.0"
        ]
      },
      "StatusCode": 200
    },
    {
      "RequestUri": "/subscriptions/cca24ec8-99b5-4aa7-9ff6-486e886f304c/resourceGroups/blob-audit-cmdlet-test-rg2419/providers/Microsoft.Sql/servers/blob-audit-cmdlet-server2419/auditingSettings/Default?api-version=2015-05-01-preview",
      "EncodedRequestUri": "L3N1YnNjcmlwdGlvbnMvY2NhMjRlYzgtOTliNS00YWE3LTlmZjYtNDg2ZTg4NmYzMDRjL3Jlc291cmNlR3JvdXBzL2Jsb2ItYXVkaXQtY21kbGV0LXRlc3QtcmcyNDE5L3Byb3ZpZGVycy9NaWNyb3NvZnQuU3FsL3NlcnZlcnMvYmxvYi1hdWRpdC1jbWRsZXQtc2VydmVyMjQxOS9hdWRpdGluZ1NldHRpbmdzL0RlZmF1bHQ/YXBpLXZlcnNpb249MjAxNS0wNS0wMS1wcmV2aWV3",
      "RequestMethod": "GET",
      "RequestBody": "",
      "RequestHeaders": {
        "User-Agent": [
          "Microsoft.Azure.Management.Sql.LegacySdk.SqlManagementClient/3.0.0.0"
        ],
        "x-ms-client-request-id": [
          "9633849f-597d-4226-ab88-3c416883c07c"
        ]
      },
      "ResponseBody": "{\r\n  \"id\": \"/subscriptions/cca24ec8-99b5-4aa7-9ff6-486e886f304c/resourceGroups/blob-audit-cmdlet-test-rg2419/providers/Microsoft.Sql/servers/blob-audit-cmdlet-server2419/auditingSettings/Default\",\r\n  \"name\": \"Default\",\r\n  \"type\": \"Microsoft.Sql/servers/auditingSettings\",\r\n  \"kind\": \"\",\r\n  \"properties\": {\r\n    \"state\": \"Enabled\",\r\n    \"storageEndpoint\": \"https://blobauditcmdlets2419.blob.core.windows.net/\",\r\n    \"storageAccountAccessKey\": \"\",\r\n    \"retentionDays\": 0,\r\n    \"auditActionsAndGroups\": [\r\n      \"SUCCESSFUL_DATABASE_AUTHENTICATION_GROUP\",\r\n      \"FAILED_DATABASE_AUTHENTICATION_GROUP\",\r\n      \"BATCH_COMPLETED_GROUP\"\r\n    ],\r\n    \"storageAccountSubscriptionId\": \"cca24ec8-99b5-4aa7-9ff6-486e886f304c\",\r\n    \"isStorageSecondaryKeyInUse\": false\r\n  }\r\n}",
      "ResponseHeaders": {
        "Content-Length": [
          "655"
        ],
        "Content-Type": [
          "application/json; charset=utf-8"
        ],
        "Expires": [
          "-1"
        ],
        "Pragma": [
          "no-cache"
        ],
        "x-ms-request-id": [
          "c54ad200-a8cc-4aef-bbad-b193fca0c56b"
        ],
        "x-ms-ratelimit-remaining-subscription-reads": [
          "14844"
        ],
        "x-ms-correlation-request-id": [
          "1d762071-1aed-4105-bdc5-7c86aea06231"
        ],
        "x-ms-routing-request-id": [
          "WESTEUROPE:20170608T054330Z:1d762071-1aed-4105-bdc5-7c86aea06231"
        ],
        "Strict-Transport-Security": [
          "max-age=31536000; includeSubDomains"
        ],
        "Cache-Control": [
          "no-cache"
        ],
        "Date": [
          "Thu, 08 Jun 2017 05:43:30 GMT"
        ],
        "Server": [
          "Microsoft-HTTPAPI/2.0"
        ]
      },
      "StatusCode": 200
    },
    {
      "RequestUri": "/subscriptions/cca24ec8-99b5-4aa7-9ff6-486e886f304c/resources?$filter=resourceType%20eq%20'Microsoft.ClassicStorage%2FstorageAccounts'&api-version=2016-02-01",
      "EncodedRequestUri": "L3N1YnNjcmlwdGlvbnMvY2NhMjRlYzgtOTliNS00YWE3LTlmZjYtNDg2ZTg4NmYzMDRjL3Jlc291cmNlcz8kZmlsdGVyPXJlc291cmNlVHlwZSUyMGVxJTIwJ01pY3Jvc29mdC5DbGFzc2ljU3RvcmFnZSUyRnN0b3JhZ2VBY2NvdW50cycmYXBpLXZlcnNpb249MjAxNi0wMi0wMQ==",
      "RequestMethod": "GET",
      "RequestBody": "",
      "RequestHeaders": {
        "User-Agent": [
          "Microsoft.Azure.Management.Resources.ResourceManagementClient/2.0.0.0"
        ]
      },
      "ResponseBody": "{\r\n  \"value\": [\r\n    {\r\n      \"id\": \"/subscriptions/cca24ec8-99b5-4aa7-9ff6-486e886f304c/resourceGroups/__ElasticDatabaseJob/providers/Microsoft.ClassicStorage/storageAccounts/edj15b904a0c70144178c151\",\r\n      \"name\": \"edj15b904a0c70144178c151\",\r\n      \"type\": \"Microsoft.ClassicStorage/storageAccounts\",\r\n      \"location\": \"westus\"\r\n    },\r\n    {\r\n      \"id\": \"/subscriptions/cca24ec8-99b5-4aa7-9ff6-486e886f304c/resourceGroups/appendandpage/providers/Microsoft.ClassicStorage/storageAccounts/appendandpage\",\r\n      \"name\": \"appendandpage\",\r\n      \"type\": \"Microsoft.ClassicStorage/storageAccounts\",\r\n      \"location\": \"westeurope\"\r\n    },\r\n    {\r\n      \"id\": \"/subscriptions/cca24ec8-99b5-4aa7-9ff6-486e886f304c/resourceGroups/Default-SQL-AustraliaEast/providers/Microsoft.ClassicStorage/storageAccounts/inherittest\",\r\n      \"name\": \"inherittest\",\r\n      \"type\": \"Microsoft.ClassicStorage/storageAccounts\",\r\n      \"location\": \"southeastasia\"\r\n    },\r\n    {\r\n      \"id\": \"/subscriptions/cca24ec8-99b5-4aa7-9ff6-486e886f304c/resourceGroups/Default-SQL-EastAsia/providers/Microsoft.ClassicStorage/storageAccounts/alexumauditlogsstorage2\",\r\n      \"name\": \"alexumauditlogsstorage2\",\r\n      \"type\": \"Microsoft.ClassicStorage/storageAccounts\",\r\n      \"location\": \"eastasia\"\r\n    },\r\n    {\r\n      \"id\": \"/subscriptions/cca24ec8-99b5-4aa7-9ff6-486e886f304c/resourceGroups/Default-Storage-EastAsia/providers/Microsoft.ClassicStorage/storageAccounts/portalvhdsq8lmr4qtzkxb5\",\r\n      \"name\": \"portalvhdsq8lmr4qtzkxb5\",\r\n      \"type\": \"Microsoft.ClassicStorage/storageAccounts\",\r\n      \"location\": \"eastasia\"\r\n    },\r\n    {\r\n      \"id\": \"/subscriptions/cca24ec8-99b5-4aa7-9ff6-486e886f304c/resourceGroups/Default-Storage-EastUS/providers/Microsoft.ClassicStorage/storageAccounts/esamstorage\",\r\n      \"name\": \"esamstorage\",\r\n      \"type\": \"Microsoft.ClassicStorage/storageAccounts\",\r\n      \"location\": \"eastus\"\r\n    },\r\n    {\r\n      \"id\": \"/subscriptions/cca24ec8-99b5-4aa7-9ff6-486e886f304c/resourceGroups/Default-Storage-EastUS/providers/Microsoft.ClassicStorage/storageAccounts/portalvhdsb85hb194sjzz\",\r\n      \"name\": \"portalvhdsb85hb194sjzz\",\r\n      \"type\": \"Microsoft.ClassicStorage/storageAccounts\",\r\n      \"location\": \"eastus\"\r\n    },\r\n    {\r\n      \"id\": \"/subscriptions/cca24ec8-99b5-4aa7-9ff6-486e886f304c/resourceGroups/Default-Storage-EastUS2/providers/Microsoft.ClassicStorage/storageAccounts/portalvhdsv934j7szk9sg7\",\r\n      \"name\": \"portalvhdsv934j7szk9sg7\",\r\n      \"type\": \"Microsoft.ClassicStorage/storageAccounts\",\r\n      \"location\": \"eastus2\"\r\n    },\r\n    {\r\n      \"id\": \"/subscriptions/cca24ec8-99b5-4aa7-9ff6-486e886f304c/resourceGroups/Default-Storage-EastUS2EUAP/providers/Microsoft.ClassicStorage/storageAccounts/tdserviceeuapeus2\",\r\n      \"name\": \"tdserviceeuapeus2\",\r\n      \"type\": \"Microsoft.ClassicStorage/storageAccounts\",\r\n      \"location\": \"eastus2euap\"\r\n    },\r\n    {\r\n      \"id\": \"/subscriptions/cca24ec8-99b5-4aa7-9ff6-486e886f304c/resourceGroups/Default-Storage-NorthEurope/providers/Microsoft.ClassicStorage/storageAccounts/3lportalvhds14sr45fb1dms\",\r\n      \"name\": \"3lportalvhds14sr45fb1dms\",\r\n      \"type\": \"Microsoft.ClassicStorage/storageAccounts\",\r\n      \"location\": \"northeurope\"\r\n    },\r\n    {\r\n      \"id\": \"/subscriptions/cca24ec8-99b5-4aa7-9ff6-486e886f304c/resourceGroups/Default-Storage-NorthEurope/providers/Microsoft.ClassicStorage/storageAccounts/alexumperfteststorage1\",\r\n      \"name\": \"alexumperfteststorage1\",\r\n      \"type\": \"Microsoft.ClassicStorage/storageAccounts\",\r\n      \"location\": \"northeurope\"\r\n    },\r\n    {\r\n      \"id\": \"/subscriptions/cca24ec8-99b5-4aa7-9ff6-486e886f304c/resourceGroups/Default-Storage-SouthCentralUS/providers/Microsoft.ClassicStorage/storageAccounts/mlstr\",\r\n      \"name\": \"mlstr\",\r\n      \"type\": \"Microsoft.ClassicStorage/storageAccounts\",\r\n      \"location\": \"southcentralus\"\r\n    },\r\n    {\r\n      \"id\": \"/subscriptions/cca24ec8-99b5-4aa7-9ff6-486e886f304c/resourceGroups/Default-Storage-WestEurope/providers/Microsoft.ClassicStorage/storageAccounts/alexumauditlogsstorage\",\r\n      \"name\": \"alexumauditlogsstorage\",\r\n      \"type\": \"Microsoft.ClassicStorage/storageAccounts\",\r\n      \"location\": \"westeurope\"\r\n    },\r\n    {\r\n      \"id\": \"/subscriptions/cca24ec8-99b5-4aa7-9ff6-486e886f304c/resourceGroups/Default-Storage-WestEurope/providers/Microsoft.ClassicStorage/storageAccounts/ofirtest\",\r\n      \"name\": \"ofirtest\",\r\n      \"type\": \"Microsoft.ClassicStorage/storageAccounts\",\r\n      \"location\": \"westeurope\"\r\n    },\r\n    {\r\n      \"id\": \"/subscriptions/cca24ec8-99b5-4aa7-9ff6-486e886f304c/resourceGroups/Default-Storage-WestEurope/providers/Microsoft.ClassicStorage/storageAccounts/portalvhdsy8wcm73x2bh2j\",\r\n      \"name\": \"portalvhdsy8wcm73x2bh2j\",\r\n      \"type\": \"Microsoft.ClassicStorage/storageAccounts\",\r\n      \"location\": \"westeurope\"\r\n    },\r\n    {\r\n      \"id\": \"/subscriptions/cca24ec8-99b5-4aa7-9ff6-486e886f304c/resourceGroups/Default-Storage-WestUS/providers/Microsoft.ClassicStorage/storageAccounts/galmtest\",\r\n      \"name\": \"galmtest\",\r\n      \"type\": \"Microsoft.ClassicStorage/storageAccounts\",\r\n      \"location\": \"westus\"\r\n    },\r\n    {\r\n      \"id\": \"/subscriptions/cca24ec8-99b5-4aa7-9ff6-486e886f304c/resourceGroups/Default-Storage-WestUS/providers/Microsoft.ClassicStorage/storageAccounts/portalvhdsf7kj9rfzv9wn7\",\r\n      \"name\": \"portalvhdsf7kj9rfzv9wn7\",\r\n      \"type\": \"Microsoft.ClassicStorage/storageAccounts\",\r\n      \"location\": \"westus\"\r\n    },\r\n    {\r\n      \"id\": \"/subscriptions/cca24ec8-99b5-4aa7-9ff6-486e886f304c/resourceGroups/Group-10/providers/Microsoft.ClassicStorage/storageAccounts/ofirhavidumps\",\r\n      \"name\": \"ofirhavidumps\",\r\n      \"type\": \"Microsoft.ClassicStorage/storageAccounts\",\r\n      \"location\": \"northeurope\"\r\n    },\r\n    {\r\n      \"id\": \"/subscriptions/cca24ec8-99b5-4aa7-9ff6-486e886f304c/resourceGroups/Group-7/providers/Microsoft.ClassicStorage/storageAccounts/alexumtestvmcdb\",\r\n      \"name\": \"alexumtestvmcdb\",\r\n      \"type\": \"Microsoft.ClassicStorage/storageAccounts\",\r\n      \"location\": \"northeurope\"\r\n    },\r\n    {\r\n      \"id\": \"/subscriptions/cca24ec8-99b5-4aa7-9ff6-486e886f304c/resourceGroups/MemoryInvestigations/providers/Microsoft.ClassicStorage/storageAccounts/assafakmemdump\",\r\n      \"name\": \"assafakmemdump\",\r\n      \"type\": \"Microsoft.ClassicStorage/storageAccounts\",\r\n      \"location\": \"westeurope\"\r\n    },\r\n    {\r\n      \"id\": \"/subscriptions/cca24ec8-99b5-4aa7-9ff6-486e886f304c/resourceGroups/ResourceGroup/providers/Microsoft.ClassicStorage/storageAccounts/ranishateststorage22\",\r\n      \"name\": \"ranishateststorage22\",\r\n      \"type\": \"Microsoft.ClassicStorage/storageAccounts\",\r\n      \"location\": \"eastasia\"\r\n    }\r\n  ]\r\n}",
      "ResponseHeaders": {
        "Content-Length": [
          "5645"
        ],
        "Content-Type": [
          "application/json; charset=utf-8"
        ],
        "Expires": [
          "-1"
        ],
        "Pragma": [
          "no-cache"
        ],
        "x-ms-ratelimit-remaining-subscription-reads": [
          "14874"
        ],
        "x-ms-request-id": [
          "b597adc1-206b-4f3f-83d5-27c47fd9d5bd"
        ],
        "x-ms-correlation-request-id": [
          "b597adc1-206b-4f3f-83d5-27c47fd9d5bd"
        ],
        "x-ms-routing-request-id": [
          "WESTEUROPE:20170608T054327Z:b597adc1-206b-4f3f-83d5-27c47fd9d5bd"
        ],
        "Strict-Transport-Security": [
          "max-age=31536000; includeSubDomains"
        ],
        "Cache-Control": [
          "no-cache"
        ],
        "Date": [
          "Thu, 08 Jun 2017 05:43:26 GMT"
        ]
      },
      "StatusCode": 200
    },
    {
      "RequestUri": "/subscriptions/cca24ec8-99b5-4aa7-9ff6-486e886f304c/resources?$filter=resourceType%20eq%20'Microsoft.Storage%2FstorageAccounts'&api-version=2016-02-01",
      "EncodedRequestUri": "L3N1YnNjcmlwdGlvbnMvY2NhMjRlYzgtOTliNS00YWE3LTlmZjYtNDg2ZTg4NmYzMDRjL3Jlc291cmNlcz8kZmlsdGVyPXJlc291cmNlVHlwZSUyMGVxJTIwJ01pY3Jvc29mdC5TdG9yYWdlJTJGc3RvcmFnZUFjY291bnRzJyZhcGktdmVyc2lvbj0yMDE2LTAyLTAx",
      "RequestMethod": "GET",
      "RequestBody": "",
      "RequestHeaders": {
        "User-Agent": [
          "Microsoft.Azure.Management.Resources.ResourceManagementClient/2.0.0.0"
        ]
      },
      "ResponseBody": "{\r\n  \"value\": [\r\n    {\r\n      \"id\": \"/subscriptions/cca24ec8-99b5-4aa7-9ff6-486e886f304c/resourceGroups/a/providers/Microsoft.Storage/storageAccounts/giladva1\",\r\n      \"name\": \"giladva1\",\r\n      \"type\": \"Microsoft.Storage/storageAccounts\",\r\n      \"sku\": {\r\n        \"name\": \"Standard_LRS\",\r\n        \"tier\": \"Standard\"\r\n      },\r\n      \"kind\": \"Storage\",\r\n      \"location\": \"eastus2euap\",\r\n      \"tags\": {}\r\n    },\r\n    {\r\n      \"id\": \"/subscriptions/cca24ec8-99b5-4aa7-9ff6-486e886f304c/resourceGroups/a/providers/Microsoft.Storage/storageAccounts/hillel1\",\r\n      \"name\": \"hillel1\",\r\n      \"type\": \"Microsoft.Storage/storageAccounts\",\r\n      \"sku\": {\r\n        \"name\": \"Standard_LRS\",\r\n        \"tier\": \"Standard\"\r\n      },\r\n      \"kind\": \"Storage\",\r\n      \"location\": \"eastus2euap\",\r\n      \"tags\": {}\r\n    },\r\n    {\r\n      \"id\": \"/subscriptions/cca24ec8-99b5-4aa7-9ff6-486e886f304c/resourceGroups/a/providers/Microsoft.Storage/storageAccounts/samplevastore\",\r\n      \"name\": \"samplevastore\",\r\n      \"type\": \"Microsoft.Storage/storageAccounts\",\r\n      \"sku\": {\r\n        \"name\": \"Standard_LRS\",\r\n        \"tier\": \"Standard\"\r\n      },\r\n      \"kind\": \"Storage\",\r\n      \"location\": \"eastus2euap\",\r\n      \"tags\": {}\r\n    },\r\n    {\r\n      \"id\": \"/subscriptions/cca24ec8-99b5-4aa7-9ff6-486e886f304c/resourceGroups/a/providers/Microsoft.Storage/storageAccounts/shaik1\",\r\n      \"name\": \"shaik1\",\r\n      \"type\": \"Microsoft.Storage/storageAccounts\",\r\n      \"sku\": {\r\n        \"name\": \"Standard_LRS\",\r\n        \"tier\": \"Standard\"\r\n      },\r\n      \"kind\": \"Storage\",\r\n      \"location\": \"eastus2euap\",\r\n      \"tags\": {}\r\n    },\r\n    {\r\n      \"id\": \"/subscriptions/cca24ec8-99b5-4aa7-9ff6-486e886f304c/resourceGroups/a/providers/Microsoft.Storage/storageAccounts/va0storage\",\r\n      \"name\": \"va0storage\",\r\n      \"type\": \"Microsoft.Storage/storageAccounts\",\r\n      \"sku\": {\r\n        \"name\": \"Standard_LRS\",\r\n        \"tier\": \"Standard\"\r\n      },\r\n      \"kind\": \"Storage\",\r\n      \"location\": \"japaneast\",\r\n      \"tags\": {}\r\n    },\r\n    {\r\n      \"id\": \"/subscriptions/cca24ec8-99b5-4aa7-9ff6-486e886f304c/resourceGroups/a/providers/Microsoft.Storage/storageAccounts/va1storage\",\r\n      \"name\": \"va1storage\",\r\n      \"type\": \"Microsoft.Storage/storageAccounts\",\r\n      \"sku\": {\r\n        \"name\": \"Standard_RAGRS\",\r\n        \"tier\": \"Standard\"\r\n      },\r\n      \"kind\": \"Storage\",\r\n      \"location\": \"eastus2euap\",\r\n      \"tags\": {}\r\n    },\r\n    {\r\n      \"id\": \"/subscriptions/cca24ec8-99b5-4aa7-9ff6-486e886f304c/resourceGroups/a/providers/Microsoft.Storage/storageAccounts/varrstorage\",\r\n      \"name\": \"varrstorage\",\r\n      \"type\": \"Microsoft.Storage/storageAccounts\",\r\n      \"sku\": {\r\n        \"name\": \"Standard_LRS\",\r\n        \"tier\": \"Standard\"\r\n      },\r\n      \"kind\": \"Storage\",\r\n      \"location\": \"eastus2euap\",\r\n      \"tags\": {}\r\n    },\r\n    {\r\n      \"id\": \"/subscriptions/cca24ec8-99b5-4aa7-9ff6-486e886f304c/resourceGroups/ahmadtesting/providers/Microsoft.Storage/storageAccounts/ahmadpilotstorage\",\r\n      \"name\": \"ahmadpilotstorage\",\r\n      \"type\": \"Microsoft.Storage/storageAccounts\",\r\n      \"sku\": {\r\n        \"name\": \"Standard_LRS\",\r\n        \"tier\": \"Standard\"\r\n      },\r\n      \"kind\": \"Storage\",\r\n      \"location\": \"westcentralus\",\r\n      \"tags\": {}\r\n    },\r\n    {\r\n      \"id\": \"/subscriptions/cca24ec8-99b5-4aa7-9ff6-486e886f304c/resourceGroups/ahmadtesting/providers/Microsoft.Storage/storageAccounts/ahmadteststorage\",\r\n      \"name\": \"ahmadteststorage\",\r\n      \"type\": \"Microsoft.Storage/storageAccounts\",\r\n      \"sku\": {\r\n        \"name\": \"Standard_RAGRS\",\r\n        \"tier\": \"Standard\"\r\n      },\r\n      \"kind\": \"Storage\",\r\n      \"location\": \"westeurope\",\r\n      \"tags\": {}\r\n    },\r\n    {\r\n      \"id\": \"/subscriptions/cca24ec8-99b5-4aa7-9ff6-486e886f304c/resourceGroups/alex/providers/Microsoft.Storage/storageAccounts/alexumteststoragesea\",\r\n      \"name\": \"alexumteststoragesea\",\r\n      \"type\": \"Microsoft.Storage/storageAccounts\",\r\n      \"sku\": {\r\n        \"name\": \"Standard_LRS\",\r\n        \"tier\": \"Standard\"\r\n      },\r\n      \"kind\": \"Storage\",\r\n      \"location\": \"southeastasia\",\r\n      \"tags\": {}\r\n    },\r\n    {\r\n      \"id\": \"/subscriptions/cca24ec8-99b5-4aa7-9ff6-486e886f304c/resourceGroups/alex/providers/Microsoft.Storage/storageAccounts/ofirhavipilot\",\r\n      \"name\": \"ofirhavipilot\",\r\n      \"type\": \"Microsoft.Storage/storageAccounts\",\r\n      \"sku\": {\r\n        \"name\": \"Standard_LRS\",\r\n        \"tier\": \"Standard\"\r\n      },\r\n      \"kind\": \"Storage\",\r\n      \"location\": \"westcentralus\",\r\n      \"tags\": {}\r\n    },\r\n    {\r\n      \"id\": \"/subscriptions/cca24ec8-99b5-4aa7-9ff6-486e886f304c/resourceGroups/AlexumSqlBoxVm/providers/Microsoft.Storage/storageAccounts/alexumsqlboxvmdiag663\",\r\n      \"name\": \"alexumsqlboxvmdiag663\",\r\n      \"type\": \"Microsoft.Storage/storageAccounts\",\r\n      \"sku\": {\r\n        \"name\": \"Standard_LRS\",\r\n        \"tier\": \"Standard\"\r\n      },\r\n      \"kind\": \"Storage\",\r\n      \"location\": \"northeurope\",\r\n      \"tags\": {}\r\n    },\r\n    {\r\n      \"id\": \"/subscriptions/cca24ec8-99b5-4aa7-9ff6-486e886f304c/resourceGroups/AlexumSqlBoxVm/providers/Microsoft.Storage/storageAccounts/alexumsqlboxvmdisks751\",\r\n      \"name\": \"alexumsqlboxvmdisks751\",\r\n      \"type\": \"Microsoft.Storage/storageAccounts\",\r\n      \"sku\": {\r\n        \"name\": \"Premium_LRS\",\r\n        \"tier\": \"Premium\"\r\n      },\r\n      \"kind\": \"Storage\",\r\n      \"location\": \"northeurope\",\r\n      \"tags\": {}\r\n    },\r\n    {\r\n      \"id\": \"/subscriptions/cca24ec8-99b5-4aa7-9ff6-486e886f304c/resourceGroups/analyticstest/providers/Microsoft.Storage/storageAccounts/yyrubin1\",\r\n      \"name\": \"yyrubin1\",\r\n      \"type\": \"Microsoft.Storage/storageAccounts\",\r\n      \"sku\": {\r\n        \"name\": \"Standard_RAGRS\",\r\n        \"tier\": \"Standard\"\r\n      },\r\n      \"kind\": \"Storage\",\r\n      \"location\": \"westeurope\",\r\n      \"tags\": {}\r\n    },\r\n    {\r\n      \"id\": \"/subscriptions/cca24ec8-99b5-4aa7-9ff6-486e886f304c/resourceGroups/analyticstest/providers/Microsoft.Storage/storageAccounts/yyrubin2\",\r\n      \"name\": \"yyrubin2\",\r\n      \"type\": \"Microsoft.Storage/storageAccounts\",\r\n      \"sku\": {\r\n        \"name\": \"Standard_RAGRS\",\r\n        \"tier\": \"Standard\"\r\n      },\r\n      \"kind\": \"Storage\",\r\n      \"location\": \"westeurope\",\r\n      \"tags\": {}\r\n    },\r\n    {\r\n      \"id\": \"/subscriptions/cca24ec8-99b5-4aa7-9ff6-486e886f304c/resourceGroups/andml/providers/Microsoft.Storage/storageAccounts/alexumgeoredundant\",\r\n      \"name\": \"alexumgeoredundant\",\r\n      \"type\": \"Microsoft.Storage/storageAccounts\",\r\n      \"sku\": {\r\n        \"name\": \"Standard_RAGRS\",\r\n        \"tier\": \"Standard\"\r\n      },\r\n      \"kind\": \"Storage\",\r\n      \"location\": \"eastasia\",\r\n      \"tags\": {}\r\n    },\r\n    {\r\n      \"id\": \"/subscriptions/cca24ec8-99b5-4aa7-9ff6-486e886f304c/resourceGroups/andml/providers/Microsoft.Storage/storageAccounts/teststorageweu12\",\r\n      \"name\": \"teststorageweu12\",\r\n      \"type\": \"Microsoft.Storage/storageAccounts\",\r\n      \"sku\": {\r\n        \"name\": \"Standard_LRS\",\r\n        \"tier\": \"Standard\"\r\n      },\r\n      \"kind\": \"Storage\",\r\n      \"location\": \"westeurope\",\r\n      \"tags\": {}\r\n    },\r\n    {\r\n      \"id\": \"/subscriptions/cca24ec8-99b5-4aa7-9ff6-486e886f304c/resourceGroups/andml/providers/Microsoft.Storage/storageAccounts/teststorageweu22\",\r\n      \"name\": \"teststorageweu22\",\r\n      \"type\": \"Microsoft.Storage/storageAccounts\",\r\n      \"sku\": {\r\n        \"name\": \"Standard_LRS\",\r\n        \"tier\": \"Standard\"\r\n      },\r\n      \"kind\": \"Storage\",\r\n      \"location\": \"westeurope\",\r\n      \"tags\": {}\r\n    },\r\n    {\r\n      \"id\": \"/subscriptions/cca24ec8-99b5-4aa7-9ff6-486e886f304c/resourceGroups/appendorpage/providers/Microsoft.Storage/storageAccounts/appendorpage\",\r\n      \"name\": \"appendorpage\",\r\n      \"type\": \"Microsoft.Storage/storageAccounts\",\r\n      \"sku\": {\r\n        \"name\": \"Standard_LRS\",\r\n        \"tier\": \"Standard\"\r\n      },\r\n      \"kind\": \"Storage\",\r\n      \"location\": \"westeurope\",\r\n      \"tags\": {}\r\n    },\r\n    {\r\n      \"id\": \"/subscriptions/cca24ec8-99b5-4aa7-9ff6-486e886f304c/resourceGroups/australiaeast/providers/Microsoft.Storage/storageAccounts/yaiyunblobstorage\",\r\n      \"name\": \"yaiyunblobstorage\",\r\n      \"type\": \"Microsoft.Storage/storageAccounts\",\r\n      \"sku\": {\r\n        \"name\": \"Standard_RAGRS\",\r\n        \"tier\": \"Standard\"\r\n      },\r\n      \"kind\": \"BlobStorage\",\r\n      \"location\": \"japaneast\",\r\n      \"tags\": {}\r\n    },\r\n    {\r\n      \"id\": \"/subscriptions/cca24ec8-99b5-4aa7-9ff6-486e886f304c/resourceGroups/AzureFunctions-WestEurope/providers/Microsoft.Storage/storageAccounts/azurefunctionsc8631628\",\r\n      \"name\": \"azurefunctionsc8631628\",\r\n      \"type\": \"Microsoft.Storage/storageAccounts\",\r\n      \"sku\": {\r\n        \"name\": \"Standard_GRS\",\r\n        \"tier\": \"Standard\"\r\n      },\r\n      \"kind\": \"Storage\",\r\n      \"location\": \"westeurope\",\r\n      \"tags\": {}\r\n    },\r\n    {\r\n      \"id\": \"/subscriptions/cca24ec8-99b5-4aa7-9ff6-486e886f304c/resourceGroups/blob-audit-cmdlet-test-rg2419/providers/Microsoft.Storage/storageAccounts/blobauditcmdlets2419\",\r\n      \"name\": \"blobauditcmdlets2419\",\r\n      \"type\": \"Microsoft.Storage/storageAccounts\",\r\n      \"location\": \"westcentralus\",\r\n      \"tags\": {}\r\n    },\r\n    {\r\n      \"id\": \"/subscriptions/cca24ec8-99b5-4aa7-9ff6-486e886f304c/resourceGroups/cdb/providers/Microsoft.Storage/storageAccounts/cdbdiag441\",\r\n      \"name\": \"cdbdiag441\",\r\n      \"type\": \"Microsoft.Storage/storageAccounts\",\r\n      \"sku\": {\r\n        \"name\": \"Standard_LRS\",\r\n        \"tier\": \"Standard\"\r\n      },\r\n      \"kind\": \"Storage\",\r\n      \"location\": \"centraluseuap\",\r\n      \"tags\": {}\r\n    },\r\n    {\r\n      \"id\": \"/subscriptions/cca24ec8-99b5-4aa7-9ff6-486e886f304c/resourceGroups/cdb/providers/Microsoft.Storage/storageAccounts/cdbdisks122\",\r\n      \"name\": \"cdbdisks122\",\r\n      \"type\": \"Microsoft.Storage/storageAccounts\",\r\n      \"sku\": {\r\n        \"name\": \"Premium_LRS\",\r\n        \"tier\": \"Premium\"\r\n      },\r\n      \"kind\": \"Storage\",\r\n      \"location\": \"centraluseuap\",\r\n      \"tags\": {}\r\n    },\r\n    {\r\n      \"id\": \"/subscriptions/cca24ec8-99b5-4aa7-9ff6-486e886f304c/resourceGroups/cmdletssignoffgroup1/providers/Microsoft.Storage/storageAccounts/raniblobstoragetest\",\r\n      \"name\": \"raniblobstoragetest\",\r\n      \"type\": \"Microsoft.Storage/storageAccounts\",\r\n      \"sku\": {\r\n        \"name\": \"Standard_RAGRS\",\r\n        \"tier\": \"Standard\"\r\n      },\r\n      \"kind\": \"BlobStorage\",\r\n      \"location\": \"westeurope\",\r\n      \"tags\": {}\r\n    },\r\n    {\r\n      \"id\": \"/subscriptions/cca24ec8-99b5-4aa7-9ff6-486e886f304c/resourceGroups/Default-SQL-AustraliaEast/providers/Microsoft.Storage/storageAccounts/canarystorgae\",\r\n      \"name\": \"canarystorgae\",\r\n      \"type\": \"Microsoft.Storage/storageAccounts\",\r\n      \"sku\": {\r\n        \"name\": \"Standard_GRS\",\r\n        \"tier\": \"Standard\"\r\n      },\r\n      \"kind\": \"Storage\",\r\n      \"location\": \"australiaeast\",\r\n      \"tags\": {}\r\n    },\r\n    {\r\n      \"id\": \"/subscriptions/cca24ec8-99b5-4aa7-9ff6-486e886f304c/resourceGroups/Default-SQL-AustraliaEast/providers/Microsoft.Storage/storageAccounts/newyaiyun\",\r\n      \"name\": \"newyaiyun\",\r\n      \"type\": \"Microsoft.Storage/storageAccounts\",\r\n      \"sku\": {\r\n        \"name\": \"Standard_LRS\",\r\n        \"tier\": \"Standard\"\r\n      },\r\n      \"kind\": \"Storage\",\r\n      \"location\": \"australiaeast\",\r\n      \"tags\": {}\r\n    },\r\n    {\r\n      \"id\": \"/subscriptions/cca24ec8-99b5-4aa7-9ff6-486e886f304c/resourceGroups/Default-SQL-AustraliaEast/providers/Microsoft.Storage/storageAccounts/yaiyunstorage1s\",\r\n      \"name\": \"yaiyunstorage1s\",\r\n      \"type\": \"Microsoft.Storage/storageAccounts\",\r\n      \"sku\": {\r\n        \"name\": \"Standard_LRS\",\r\n        \"tier\": \"Standard\"\r\n      },\r\n      \"kind\": \"Storage\",\r\n      \"location\": \"australiaeast\",\r\n      \"tags\": {}\r\n    },\r\n    {\r\n      \"id\": \"/subscriptions/cca24ec8-99b5-4aa7-9ff6-486e886f304c/resourceGroups/Default-SQL-CentralUS/providers/Microsoft.Storage/storageAccounts/testesam\",\r\n      \"name\": \"testesam\",\r\n      \"type\": \"Microsoft.Storage/storageAccounts\",\r\n      \"sku\": {\r\n        \"name\": \"Standard_LRS\",\r\n        \"tier\": \"Standard\"\r\n      },\r\n      \"kind\": \"Storage\",\r\n      \"location\": \"westeurope\",\r\n      \"tags\": {}\r\n    },\r\n    {\r\n      \"id\": \"/subscriptions/cca24ec8-99b5-4aa7-9ff6-486e886f304c/resourceGroups/Default-SQL-EastUS/providers/Microsoft.Storage/storageAccounts/defaultsqleastusdisks599\",\r\n      \"name\": \"defaultsqleastusdisks599\",\r\n      \"type\": \"Microsoft.Storage/storageAccounts\",\r\n      \"sku\": {\r\n        \"name\": \"Premium_LRS\",\r\n        \"tier\": \"Premium\"\r\n      },\r\n      \"kind\": \"Storage\",\r\n      \"location\": \"eastus\",\r\n      \"tags\": {}\r\n    },\r\n    {\r\n      \"id\": \"/subscriptions/cca24ec8-99b5-4aa7-9ff6-486e886f304c/resourceGroups/Default-SQL-EastUS/providers/Microsoft.Storage/storageAccounts/deleteme12\",\r\n      \"name\": \"deleteme12\",\r\n      \"type\": \"Microsoft.Storage/storageAccounts\",\r\n      \"sku\": {\r\n        \"name\": \"Standard_LRS\",\r\n        \"tier\": \"Standard\"\r\n      },\r\n      \"kind\": \"Storage\",\r\n      \"location\": \"japanwest\",\r\n      \"tags\": {}\r\n    },\r\n    {\r\n      \"id\": \"/subscriptions/cca24ec8-99b5-4aa7-9ff6-486e886f304c/resourceGroups/Default-SQL-EastUS/providers/Microsoft.Storage/storageAccounts/raninewteststorage\",\r\n      \"name\": \"raninewteststorage\",\r\n      \"type\": \"Microsoft.Storage/storageAccounts\",\r\n      \"sku\": {\r\n        \"name\": \"Standard_LRS\",\r\n        \"tier\": \"Standard\"\r\n      },\r\n      \"kind\": \"Storage\",\r\n      \"location\": \"japanwest\",\r\n      \"tags\": {}\r\n    },\r\n    {\r\n      \"id\": \"/subscriptions/cca24ec8-99b5-4aa7-9ff6-486e886f304c/resourceGroups/Default-SQL-EastUS/providers/Microsoft.Storage/storageAccounts/teststoragenew1\",\r\n      \"name\": \"teststoragenew1\",\r\n      \"type\": \"Microsoft.Storage/storageAccounts\",\r\n      \"sku\": {\r\n        \"name\": \"Standard_LRS\",\r\n        \"tier\": \"Standard\"\r\n      },\r\n      \"kind\": \"Storage\",\r\n      \"location\": \"japanwest\",\r\n      \"tags\": {}\r\n    },\r\n    {\r\n      \"id\": \"/subscriptions/cca24ec8-99b5-4aa7-9ff6-486e886f304c/resourceGroups/Default-SQL-NorthEurope/providers/Microsoft.Storage/storageAccounts/yrubinv2storage\",\r\n      \"name\": \"yrubinv2storage\",\r\n      \"type\": \"Microsoft.Storage/storageAccounts\",\r\n      \"sku\": {\r\n        \"name\": \"Standard_LRS\",\r\n        \"tier\": \"Standard\"\r\n      },\r\n      \"kind\": \"Storage\",\r\n      \"location\": \"northeurope\",\r\n      \"tags\": {}\r\n    },\r\n    {\r\n      \"id\": \"/subscriptions/cca24ec8-99b5-4aa7-9ff6-486e886f304c/resourceGroups/Default-Storage-CentralUS/providers/Microsoft.Storage/storageAccounts/euapcentral\",\r\n      \"name\": \"euapcentral\",\r\n      \"type\": \"Microsoft.Storage/storageAccounts\",\r\n      \"sku\": {\r\n        \"name\": \"Standard_LRS\",\r\n        \"tier\": \"Standard\"\r\n      },\r\n      \"kind\": \"Storage\",\r\n      \"location\": \"centraluseuap\",\r\n      \"tags\": {}\r\n    },\r\n    {\r\n      \"id\": \"/subscriptions/cca24ec8-99b5-4aa7-9ff6-486e886f304c/resourceGroups/EsamG/providers/Microsoft.Storage/storageAccounts/eswatadstoragetest\",\r\n      \"name\": \"eswatadstoragetest\",\r\n      \"type\": \"Microsoft.Storage/storageAccounts\",\r\n      \"sku\": {\r\n        \"name\": \"Standard_LRS\",\r\n        \"tier\": \"Standard\"\r\n      },\r\n      \"kind\": \"Storage\",\r\n      \"location\": \"eastus2euap\",\r\n      \"tags\": {}\r\n    },\r\n    {\r\n      \"id\": \"/subscriptions/cca24ec8-99b5-4aa7-9ff6-486e886f304c/resourceGroups/EsamTest/providers/Microsoft.Storage/storageAccounts/eswatadstorage\",\r\n      \"name\": \"eswatadstorage\",\r\n      \"type\": \"Microsoft.Storage/storageAccounts\",\r\n      \"sku\": {\r\n        \"name\": \"Standard_LRS\",\r\n        \"tier\": \"Standard\"\r\n      },\r\n      \"kind\": \"Storage\",\r\n      \"location\": \"japaneast\",\r\n      \"tags\": {}\r\n    },\r\n    {\r\n      \"id\": \"/subscriptions/cca24ec8-99b5-4aa7-9ff6-486e886f304c/resourceGroups/galm/providers/Microsoft.Storage/storageAccounts/galmdisks908\",\r\n      \"name\": \"galmdisks908\",\r\n      \"type\": \"Microsoft.Storage/storageAccounts\",\r\n      \"sku\": {\r\n        \"name\": \"Premium_LRS\",\r\n        \"tier\": \"Premium\"\r\n      },\r\n      \"kind\": \"Storage\",\r\n      \"location\": \"westeurope\",\r\n      \"tags\": {}\r\n    },\r\n    {\r\n      \"id\": \"/subscriptions/cca24ec8-99b5-4aa7-9ff6-486e886f304c/resourceGroups/ggildincri1/providers/Microsoft.Storage/storageAccounts/ggildinvatest\",\r\n      \"name\": \"ggildinvatest\",\r\n      \"type\": \"Microsoft.Storage/storageAccounts\",\r\n      \"sku\": {\r\n        \"name\": \"Standard_LRS\",\r\n        \"tier\": \"Standard\"\r\n      },\r\n      \"kind\": \"Storage\",\r\n      \"location\": \"westcentralus\",\r\n      \"tags\": {}\r\n    },\r\n    {\r\n      \"id\": \"/subscriptions/cca24ec8-99b5-4aa7-9ff6-486e886f304c/resourceGroups/GiladRG/providers/Microsoft.Storage/storageAccounts/contosostorqoo22mtmenhau\",\r\n      \"name\": \"contosostorqoo22mtmenhau\",\r\n      \"type\": \"Microsoft.Storage/storageAccounts\",\r\n      \"sku\": {\r\n        \"name\": \"Standard_LRS\",\r\n        \"tier\": \"Standard\"\r\n      },\r\n      \"kind\": \"Storage\",\r\n      \"location\": \"eastus\",\r\n      \"tags\": {}\r\n    },\r\n    {\r\n      \"id\": \"/subscriptions/cca24ec8-99b5-4aa7-9ff6-486e886f304c/resourceGroups/GiladRG/providers/Microsoft.Storage/storageAccounts/gilad\",\r\n      \"name\": \"gilad\",\r\n      \"type\": \"Microsoft.Storage/storageAccounts\",\r\n      \"sku\": {\r\n        \"name\": \"Premium_LRS\",\r\n        \"tier\": \"Premium\"\r\n      },\r\n      \"kind\": \"Storage\",\r\n      \"location\": \"westeurope\",\r\n      \"tags\": {}\r\n    },\r\n    {\r\n      \"id\": \"/subscriptions/cca24ec8-99b5-4aa7-9ff6-486e886f304c/resourceGroups/GiladRG/providers/Microsoft.Storage/storageAccounts/giladrg4448\",\r\n      \"name\": \"giladrg4448\",\r\n      \"type\": \"Microsoft.Storage/storageAccounts\",\r\n      \"sku\": {\r\n        \"name\": \"Standard_LRS\",\r\n        \"tier\": \"Standard\"\r\n      },\r\n      \"kind\": \"Storage\",\r\n      \"location\": \"westeurope\",\r\n      \"tags\": {}\r\n    },\r\n    {\r\n      \"id\": \"/subscriptions/cca24ec8-99b5-4aa7-9ff6-486e886f304c/resourceGroups/GiladRG/providers/Microsoft.Storage/storageAccounts/giladrgdisks342\",\r\n      \"name\": \"giladrgdisks342\",\r\n      \"type\": \"Microsoft.Storage/storageAccounts\",\r\n      \"sku\": {\r\n        \"name\": \"Standard_LRS\",\r\n        \"tier\": \"Standard\"\r\n      },\r\n      \"kind\": \"Storage\",\r\n      \"location\": \"westeurope\",\r\n      \"tags\": {}\r\n    },\r\n    {\r\n      \"id\": \"/subscriptions/cca24ec8-99b5-4aa7-9ff6-486e886f304c/resourceGroups/GiladRG/providers/Microsoft.Storage/storageAccounts/giladstorageencrypted\",\r\n      \"name\": \"giladstorageencrypted\",\r\n      \"type\": \"Microsoft.Storage/storageAccounts\",\r\n      \"sku\": {\r\n        \"name\": \"Standard_LRS\",\r\n        \"tier\": \"Standard\"\r\n      },\r\n      \"kind\": \"Storage\",\r\n      \"location\": \"westeurope\",\r\n      \"tags\": {}\r\n    },\r\n    {\r\n      \"id\": \"/subscriptions/cca24ec8-99b5-4aa7-9ff6-486e886f304c/resourceGroups/Group-1/providers/Microsoft.Storage/storageAccounts/raniteststorage1122\",\r\n      \"name\": \"raniteststorage1122\",\r\n      \"type\": \"Microsoft.Storage/storageAccounts\",\r\n      \"sku\": {\r\n        \"name\": \"Standard_GRS\",\r\n        \"tier\": \"Standard\"\r\n      },\r\n      \"kind\": \"Storage\",\r\n      \"location\": \"westus\",\r\n      \"tags\": {}\r\n    },\r\n    {\r\n      \"id\": \"/subscriptions/cca24ec8-99b5-4aa7-9ff6-486e886f304c/resourceGroups/Group-12345/providers/Microsoft.Storage/storageAccounts/group123459057\",\r\n      \"name\": \"group123459057\",\r\n      \"type\": \"Microsoft.Storage/storageAccounts\",\r\n      \"sku\": {\r\n        \"name\": \"Premium_LRS\",\r\n        \"tier\": \"Premium\"\r\n      },\r\n      \"kind\": \"Storage\",\r\n      \"location\": \"northeurope\",\r\n      \"tags\": {}\r\n    },\r\n    {\r\n      \"id\": \"/subscriptions/cca24ec8-99b5-4aa7-9ff6-486e886f304c/resourceGroups/Group-166/providers/Microsoft.Storage/storageAccounts/tomerwstorage\",\r\n      \"name\": \"tomerwstorage\",\r\n      \"type\": \"Microsoft.Storage/storageAccounts\",\r\n      \"sku\": {\r\n        \"name\": \"Standard_LRS\",\r\n        \"tier\": \"Standard\"\r\n      },\r\n      \"kind\": \"Storage\",\r\n      \"location\": \"westeurope\",\r\n      \"tags\": {}\r\n    },\r\n    {\r\n      \"id\": \"/subscriptions/cca24ec8-99b5-4aa7-9ff6-486e886f304c/resourceGroups/Group-189/providers/Microsoft.Storage/storageAccounts/esamteststorage\",\r\n      \"name\": \"esamteststorage\",\r\n      \"type\": \"Microsoft.Storage/storageAccounts\",\r\n      \"sku\": {\r\n        \"name\": \"Standard_LRS\",\r\n        \"tier\": \"Standard\"\r\n      },\r\n      \"kind\": \"Storage\",\r\n      \"location\": \"australiaeast\",\r\n      \"tags\": {}\r\n    },\r\n    {\r\n      \"id\": \"/subscriptions/cca24ec8-99b5-4aa7-9ff6-486e886f304c/resourceGroups/Group-189/providers/Microsoft.Storage/storageAccounts/storageesam1\",\r\n      \"name\": \"storageesam1\",\r\n      \"type\": \"Microsoft.Storage/storageAccounts\",\r\n      \"sku\": {\r\n        \"name\": \"Standard_LRS\",\r\n        \"tier\": \"Standard\"\r\n      },\r\n      \"kind\": \"Storage\",\r\n      \"location\": \"australiaeast\",\r\n      \"tags\": {}\r\n    },\r\n    {\r\n      \"id\": \"/subscriptions/cca24ec8-99b5-4aa7-9ff6-486e886f304c/resourceGroups/Group-250/providers/Microsoft.Storage/storageAccounts/teststoragerani2\",\r\n      \"name\": \"teststoragerani2\",\r\n      \"type\": \"Microsoft.Storage/storageAccounts\",\r\n      \"sku\": {\r\n        \"name\": \"Standard_LRS\",\r\n        \"tier\": \"Standard\"\r\n      },\r\n      \"kind\": \"Storage\",\r\n      \"location\": \"eastus\",\r\n      \"tags\": {}\r\n    },\r\n    {\r\n      \"id\": \"/subscriptions/cca24ec8-99b5-4aa7-9ff6-486e886f304c/resourceGroups/Group-251/providers/Microsoft.Storage/storageAccounts/daamarstorageeus\",\r\n      \"name\": \"daamarstorageeus\",\r\n      \"type\": \"Microsoft.Storage/storageAccounts\",\r\n      \"sku\": {\r\n        \"name\": \"Standard_LRS\",\r\n        \"tier\": \"Standard\"\r\n      },\r\n      \"kind\": \"Storage\",\r\n      \"location\": \"eastus\",\r\n      \"tags\": {}\r\n    },\r\n    {\r\n      \"id\": \"/subscriptions/cca24ec8-99b5-4aa7-9ff6-486e886f304c/resourceGroups/Group-63/providers/Microsoft.Storage/storageAccounts/esamstoragetest02\",\r\n      \"name\": \"esamstoragetest02\",\r\n      \"type\": \"Microsoft.Storage/storageAccounts\",\r\n      \"sku\": {\r\n        \"name\": \"Standard_LRS\",\r\n        \"tier\": \"Standard\"\r\n      },\r\n      \"kind\": \"Storage\",\r\n      \"location\": \"eastasia\",\r\n      \"tags\": {}\r\n    },\r\n    {\r\n      \"id\": \"/subscriptions/cca24ec8-99b5-4aa7-9ff6-486e886f304c/resourceGroups/haimbresourcegroup/providers/Microsoft.Storage/storageAccounts/haimbcentraluseuap\",\r\n      \"name\": \"haimbcentraluseuap\",\r\n      \"type\": \"Microsoft.Storage/storageAccounts\",\r\n      \"sku\": {\r\n        \"name\": \"Standard_LRS\",\r\n        \"tier\": \"Standard\"\r\n      },\r\n      \"kind\": \"Storage\",\r\n      \"location\": \"centraluseuap\",\r\n      \"tags\": {}\r\n    },\r\n    {\r\n      \"id\": \"/subscriptions/cca24ec8-99b5-4aa7-9ff6-486e886f304c/resourceGroups/haimbresourcegroup/providers/Microsoft.Storage/storageAccounts/haimbstoragesouthcentus\",\r\n      \"name\": \"haimbstoragesouthcentus\",\r\n      \"type\": \"Microsoft.Storage/storageAccounts\",\r\n      \"sku\": {\r\n        \"name\": \"Standard_LRS\",\r\n        \"tier\": \"Standard\"\r\n      },\r\n      \"kind\": \"Storage\",\r\n      \"location\": \"southcentralus\",\r\n      \"tags\": {}\r\n    },\r\n    {\r\n      \"id\": \"/subscriptions/cca24ec8-99b5-4aa7-9ff6-486e886f304c/resourceGroups/lubaRG/providers/Microsoft.Storage/storageAccounts/k6akbp53vjk6kstandardsa\",\r\n      \"name\": \"k6akbp53vjk6kstandardsa\",\r\n      \"type\": \"Microsoft.Storage/storageAccounts\",\r\n      \"sku\": {\r\n        \"name\": \"Standard_LRS\",\r\n        \"tier\": \"Standard\"\r\n      },\r\n      \"kind\": \"Storage\",\r\n      \"location\": \"westeurope\",\r\n      \"tags\": {\r\n        \"ApplicationName\": \"AppName\",\r\n        \"CostCenter\": \"V0640333\"\r\n      }\r\n    },\r\n    {\r\n      \"id\": \"/subscriptions/cca24ec8-99b5-4aa7-9ff6-486e886f304c/resourceGroups/rampilot/providers/Microsoft.Storage/storageAccounts/alexumpilotstorage\",\r\n      \"name\": \"alexumpilotstorage\",\r\n      \"type\": \"Microsoft.Storage/storageAccounts\",\r\n      \"sku\": {\r\n        \"name\": \"Standard_LRS\",\r\n        \"tier\": \"Standard\"\r\n      },\r\n      \"kind\": \"Storage\",\r\n      \"location\": \"westcentralus\",\r\n      \"tags\": {}\r\n    },\r\n    {\r\n      \"id\": \"/subscriptions/cca24ec8-99b5-4aa7-9ff6-486e886f304c/resourceGroups/rampilot/providers/Microsoft.Storage/storageAccounts/lubatodelete\",\r\n      \"name\": \"lubatodelete\",\r\n      \"type\": \"Microsoft.Storage/storageAccounts\",\r\n      \"sku\": {\r\n        \"name\": \"Standard_RAGRS\",\r\n        \"tier\": \"Standard\"\r\n      },\r\n      \"kind\": \"Storage\",\r\n      \"location\": \"westeurope\",\r\n      \"tags\": {}\r\n    },\r\n    {\r\n      \"id\": \"/subscriptions/cca24ec8-99b5-4aa7-9ff6-486e886f304c/resourceGroups/rampup_resource_group/providers/Microsoft.Storage/storageAccounts/yuval\",\r\n      \"name\": \"yuval\",\r\n      \"type\": \"Microsoft.Storage/storageAccounts\",\r\n      \"sku\": {\r\n        \"name\": \"Standard_RAGRS\",\r\n        \"tier\": \"Standard\"\r\n      },\r\n      \"kind\": \"Storage\",\r\n      \"location\": \"westeurope\",\r\n      \"tags\": {}\r\n    },\r\n    {\r\n      \"id\": \"/subscriptions/cca24ec8-99b5-4aa7-9ff6-486e886f304c/resourceGroups/rg/providers/Microsoft.Storage/storageAccounts/rgdiag860\",\r\n      \"name\": \"rgdiag860\",\r\n      \"type\": \"Microsoft.Storage/storageAccounts\",\r\n      \"sku\": {\r\n        \"name\": \"Standard_LRS\",\r\n        \"tier\": \"Standard\"\r\n      },\r\n      \"kind\": \"Storage\",\r\n      \"location\": \"japaneast\",\r\n      \"tags\": {}\r\n    },\r\n    {\r\n      \"id\": \"/subscriptions/cca24ec8-99b5-4aa7-9ff6-486e886f304c/resourceGroups/rg/providers/Microsoft.Storage/storageAccounts/rgdisks108\",\r\n      \"name\": \"rgdisks108\",\r\n      \"type\": \"Microsoft.Storage/storageAccounts\",\r\n      \"sku\": {\r\n        \"name\": \"Premium_LRS\",\r\n        \"tier\": \"Premium\"\r\n      },\r\n      \"kind\": \"Storage\",\r\n      \"location\": \"japaneast\",\r\n      \"tags\": {}\r\n    },\r\n    {\r\n      \"id\": \"/subscriptions/cca24ec8-99b5-4aa7-9ff6-486e886f304c/resourceGroups/securitydata/providers/Microsoft.Storage/storageAccounts/cc2177australiaeast\",\r\n      \"name\": \"cc2177australiaeast\",\r\n      \"type\": \"Microsoft.Storage/storageAccounts\",\r\n      \"sku\": {\r\n        \"name\": \"Standard_LRS\",\r\n        \"tier\": \"Standard\"\r\n      },\r\n      \"kind\": \"Storage\",\r\n      \"location\": \"australiaeast\",\r\n      \"tags\": {}\r\n    },\r\n    {\r\n      \"id\": \"/subscriptions/cca24ec8-99b5-4aa7-9ff6-486e886f304c/resourceGroups/securitydata/providers/Microsoft.Storage/storageAccounts/cc2177canadacentral\",\r\n      \"name\": \"cc2177canadacentral\",\r\n      \"type\": \"Microsoft.Storage/storageAccounts\",\r\n      \"sku\": {\r\n        \"name\": \"Standard_LRS\",\r\n        \"tier\": \"Standard\"\r\n      },\r\n      \"kind\": \"Storage\",\r\n      \"location\": \"canadacentral\",\r\n      \"tags\": {}\r\n    },\r\n    {\r\n      \"id\": \"/subscriptions/cca24ec8-99b5-4aa7-9ff6-486e886f304c/resourceGroups/securitydata/providers/Microsoft.Storage/storageAccounts/cc2177centraluseuap\",\r\n      \"name\": \"cc2177centraluseuap\",\r\n      \"type\": \"Microsoft.Storage/storageAccounts\",\r\n      \"sku\": {\r\n        \"name\": \"Standard_LRS\",\r\n        \"tier\": \"Standard\"\r\n      },\r\n      \"kind\": \"Storage\",\r\n      \"location\": \"centraluseuap\",\r\n      \"tags\": {}\r\n    },\r\n    {\r\n      \"id\": \"/subscriptions/cca24ec8-99b5-4aa7-9ff6-486e886f304c/resourceGroups/securitydata/providers/Microsoft.Storage/storageAccounts/cc2177eastasia\",\r\n      \"name\": \"cc2177eastasia\",\r\n      \"type\": \"Microsoft.Storage/storageAccounts\",\r\n      \"sku\": {\r\n        \"name\": \"Standard_LRS\",\r\n        \"tier\": \"Standard\"\r\n      },\r\n      \"kind\": \"Storage\",\r\n      \"location\": \"eastasia\",\r\n      \"tags\": {}\r\n    },\r\n    {\r\n      \"id\": \"/subscriptions/cca24ec8-99b5-4aa7-9ff6-486e886f304c/resourceGroups/securitydata/providers/Microsoft.Storage/storageAccounts/cc2177eastus\",\r\n      \"name\": \"cc2177eastus\",\r\n      \"type\": \"Microsoft.Storage/storageAccounts\",\r\n      \"sku\": {\r\n        \"name\": \"Standard_LRS\",\r\n        \"tier\": \"Standard\"\r\n      },\r\n      \"kind\": \"Storage\",\r\n      \"location\": \"eastus\",\r\n      \"tags\": {}\r\n    },\r\n    {\r\n      \"id\": \"/subscriptions/cca24ec8-99b5-4aa7-9ff6-486e886f304c/resourceGroups/securitydata/providers/Microsoft.Storage/storageAccounts/cc2177eastus2\",\r\n      \"name\": \"cc2177eastus2\",\r\n      \"type\": \"Microsoft.Storage/storageAccounts\",\r\n      \"sku\": {\r\n        \"name\": \"Standard_LRS\",\r\n        \"tier\": \"Standard\"\r\n      },\r\n      \"kind\": \"Storage\",\r\n      \"location\": \"eastus2\",\r\n      \"tags\": {}\r\n    },\r\n    {\r\n      \"id\": \"/subscriptions/cca24ec8-99b5-4aa7-9ff6-486e886f304c/resourceGroups/securitydata/providers/Microsoft.Storage/storageAccounts/cc2177japaneast\",\r\n      \"name\": \"cc2177japaneast\",\r\n      \"type\": \"Microsoft.Storage/storageAccounts\",\r\n      \"sku\": {\r\n        \"name\": \"Standard_LRS\",\r\n        \"tier\": \"Standard\"\r\n      },\r\n      \"kind\": \"Storage\",\r\n      \"location\": \"japaneast\",\r\n      \"tags\": {}\r\n    },\r\n    {\r\n      \"id\": \"/subscriptions/cca24ec8-99b5-4aa7-9ff6-486e886f304c/resourceGroups/securitydata/providers/Microsoft.Storage/storageAccounts/cc2177japanwest\",\r\n      \"name\": \"cc2177japanwest\",\r\n      \"type\": \"Microsoft.Storage/storageAccounts\",\r\n      \"sku\": {\r\n        \"name\": \"Standard_LRS\",\r\n        \"tier\": \"Standard\"\r\n      },\r\n      \"kind\": \"Storage\",\r\n      \"location\": \"japanwest\",\r\n      \"tags\": {}\r\n    },\r\n    {\r\n      \"id\": \"/subscriptions/cca24ec8-99b5-4aa7-9ff6-486e886f304c/resourceGroups/securitydata/providers/Microsoft.Storage/storageAccounts/cc2177northeurope\",\r\n      \"name\": \"cc2177northeurope\",\r\n      \"type\": \"Microsoft.Storage/storageAccounts\",\r\n      \"sku\": {\r\n        \"name\": \"Standard_LRS\",\r\n        \"tier\": \"Standard\"\r\n      },\r\n      \"kind\": \"Storage\",\r\n      \"location\": \"northeurope\",\r\n      \"tags\": {}\r\n    },\r\n    {\r\n      \"id\": \"/subscriptions/cca24ec8-99b5-4aa7-9ff6-486e886f304c/resourceGroups/securitydata/providers/Microsoft.Storage/storageAccounts/cc2177southeastasia\",\r\n      \"name\": \"cc2177southeastasia\",\r\n      \"type\": \"Microsoft.Storage/storageAccounts\",\r\n      \"sku\": {\r\n        \"name\": \"Standard_LRS\",\r\n        \"tier\": \"Standard\"\r\n      },\r\n      \"kind\": \"Storage\",\r\n      \"location\": \"southeastasia\",\r\n      \"tags\": {}\r\n    },\r\n    {\r\n      \"id\": \"/subscriptions/cca24ec8-99b5-4aa7-9ff6-486e886f304c/resourceGroups/securitydata/providers/Microsoft.Storage/storageAccounts/cc2177westeurope\",\r\n      \"name\": \"cc2177westeurope\",\r\n      \"type\": \"Microsoft.Storage/storageAccounts\",\r\n      \"sku\": {\r\n        \"name\": \"Standard_LRS\",\r\n        \"tier\": \"Standard\"\r\n      },\r\n      \"kind\": \"Storage\",\r\n      \"location\": \"westeurope\",\r\n      \"tags\": {}\r\n    },\r\n    {\r\n      \"id\": \"/subscriptions/cca24ec8-99b5-4aa7-9ff6-486e886f304c/resourceGroups/securitydata/providers/Microsoft.Storage/storageAccounts/cc2177westus\",\r\n      \"name\": \"cc2177westus\",\r\n      \"type\": \"Microsoft.Storage/storageAccounts\",\r\n      \"sku\": {\r\n        \"name\": \"Standard_LRS\",\r\n        \"tier\": \"Standard\"\r\n      },\r\n      \"kind\": \"Storage\",\r\n      \"location\": \"westus\",\r\n      \"tags\": {}\r\n    },\r\n    {\r\n      \"id\": \"/subscriptions/cca24ec8-99b5-4aa7-9ff6-486e886f304c/resourceGroups/SQLAuditing-AutoCreated-ResourceGroup/providers/Microsoft.Storage/storageAccounts/sqldbauditeuscca24ec81\",\r\n      \"name\": \"sqldbauditeuscca24ec81\",\r\n      \"type\": \"Microsoft.Storage/storageAccounts\",\r\n      \"sku\": {\r\n        \"name\": \"Standard_LRS\",\r\n        \"tier\": \"Standard\"\r\n      },\r\n      \"kind\": \"Storage\",\r\n      \"location\": \"eastus\",\r\n      \"tags\": {}\r\n    },\r\n    {\r\n      \"id\": \"/subscriptions/cca24ec8-99b5-4aa7-9ff6-486e886f304c/resourceGroups/SQLAuditing-AutoCreated-ResousrceGroup/providers/Microsoft.Storage/storageAccounts/sqlauditeuscca24ec80\",\r\n      \"name\": \"sqlauditeuscca24ec80\",\r\n      \"type\": \"Microsoft.Storage/storageAccounts\",\r\n      \"sku\": {\r\n        \"name\": \"Standard_LRS\",\r\n        \"tier\": \"Standard\"\r\n      },\r\n      \"kind\": \"Storage\",\r\n      \"location\": \"eastus\",\r\n      \"tags\": {}\r\n    },\r\n    {\r\n      \"id\": \"/subscriptions/cca24ec8-99b5-4aa7-9ff6-486e886f304c/resourceGroups/SQLAuditing-AutoCreated-ResousrceGroup/providers/Microsoft.Storage/storageAccounts/sqldbauditeuscca24ec80\",\r\n      \"name\": \"sqldbauditeuscca24ec80\",\r\n      \"type\": \"Microsoft.Storage/storageAccounts\",\r\n      \"sku\": {\r\n        \"name\": \"Standard_LRS\",\r\n        \"tier\": \"Standard\"\r\n      },\r\n      \"kind\": \"Storage\",\r\n      \"location\": \"eastus\",\r\n      \"tags\": {}\r\n    },\r\n    {\r\n      \"id\": \"/subscriptions/cca24ec8-99b5-4aa7-9ff6-486e886f304c/resourceGroups/SQLAuditing-Default-ResousrceGroup/providers/Microsoft.Storage/storageAccounts/sqlauditwus3651591d0\",\r\n      \"name\": \"sqlauditwus3651591d0\",\r\n      \"type\": \"Microsoft.Storage/storageAccounts\",\r\n      \"sku\": {\r\n        \"name\": \"Standard_LRS\",\r\n        \"tier\": \"Standard\"\r\n      },\r\n      \"kind\": \"Storage\",\r\n      \"location\": \"westus\",\r\n      \"tags\": {}\r\n    },\r\n    {\r\n      \"id\": \"/subscriptions/cca24ec8-99b5-4aa7-9ff6-486e886f304c/resourceGroups/t-gagrin/providers/Microsoft.Storage/storageAccounts/ssmsteststorage\",\r\n      \"name\": \"ssmsteststorage\",\r\n      \"type\": \"Microsoft.Storage/storageAccounts\",\r\n      \"sku\": {\r\n        \"name\": \"Standard_LRS\",\r\n        \"tier\": \"Standard\"\r\n      },\r\n      \"kind\": \"Storage\",\r\n      \"location\": \"northeurope\",\r\n      \"tags\": {}\r\n    },\r\n    {\r\n      \"id\": \"/subscriptions/cca24ec8-99b5-4aa7-9ff6-486e886f304c/resourceGroups/testRPA/providers/Microsoft.Storage/storageAccounts/sqlauditseuscca24ec8\",\r\n      \"name\": \"sqlauditseuscca24ec8\",\r\n      \"type\": \"Microsoft.Storage/storageAccounts\",\r\n      \"sku\": {\r\n        \"name\": \"Standard_LRS\",\r\n        \"tier\": \"Standard\"\r\n      },\r\n      \"kind\": \"Storage\",\r\n      \"location\": \"eastus\",\r\n      \"tags\": {}\r\n    },\r\n    {\r\n      \"id\": \"/subscriptions/cca24ec8-99b5-4aa7-9ff6-486e886f304c/resourceGroups/testRPA/providers/Microsoft.Storage/storageAccounts/sqlauditseuscca24ec81\",\r\n      \"name\": \"sqlauditseuscca24ec81\",\r\n      \"type\": \"Microsoft.Storage/storageAccounts\",\r\n      \"sku\": {\r\n        \"name\": \"Standard_LRS\",\r\n        \"tier\": \"Standard\"\r\n      },\r\n      \"kind\": \"Storage\",\r\n      \"location\": \"eastus\",\r\n      \"tags\": {}\r\n    },\r\n    {\r\n      \"id\": \"/subscriptions/cca24ec8-99b5-4aa7-9ff6-486e886f304c/resourceGroups/testRPA/providers/Microsoft.Storage/storageAccounts/sqlauditseuscca24ec813\",\r\n      \"name\": \"sqlauditseuscca24ec813\",\r\n      \"type\": \"Microsoft.Storage/storageAccounts\",\r\n      \"sku\": {\r\n        \"name\": \"Standard_LRS\",\r\n        \"tier\": \"Standard\"\r\n      },\r\n      \"kind\": \"Storage\",\r\n      \"location\": \"eastus\",\r\n      \"tags\": {}\r\n    },\r\n    {\r\n      \"id\": \"/subscriptions/cca24ec8-99b5-4aa7-9ff6-486e886f304c/resourceGroups/tomerlgroup1234/providers/Microsoft.Storage/storageAccounts/eswatadperfstorage\",\r\n      \"name\": \"eswatadperfstorage\",\r\n      \"type\": \"Microsoft.Storage/storageAccounts\",\r\n      \"sku\": {\r\n        \"name\": \"Standard_LRS\",\r\n        \"tier\": \"Standard\"\r\n      },\r\n      \"kind\": \"Storage\",\r\n      \"location\": \"northeurope\",\r\n      \"tags\": {}\r\n    },\r\n    {\r\n      \"id\": \"/subscriptions/cca24ec8-99b5-4aa7-9ff6-486e886f304c/resourceGroups/tomerlgroup1234/providers/Microsoft.Storage/storageAccounts/tomerl1storageaccount\",\r\n      \"name\": \"tomerl1storageaccount\",\r\n      \"type\": \"Microsoft.Storage/storageAccounts\",\r\n      \"sku\": {\r\n        \"name\": \"Standard_LRS\",\r\n        \"tier\": \"Standard\"\r\n      },\r\n      \"kind\": \"Storage\",\r\n      \"location\": \"northeurope\",\r\n      \"tags\": {}\r\n    },\r\n    {\r\n      \"id\": \"/subscriptions/cca24ec8-99b5-4aa7-9ff6-486e886f304c/resourceGroups/tomerlgroup1234/providers/Microsoft.Storage/storageAccounts/tomerlstorage\",\r\n      \"name\": \"tomerlstorage\",\r\n      \"type\": \"Microsoft.Storage/storageAccounts\",\r\n      \"sku\": {\r\n        \"name\": \"Standard_LRS\",\r\n        \"tier\": \"Standard\"\r\n      },\r\n      \"kind\": \"Storage\",\r\n      \"location\": \"northeurope\",\r\n      \"tags\": {}\r\n    },\r\n    {\r\n      \"id\": \"/subscriptions/cca24ec8-99b5-4aa7-9ff6-486e886f304c/resourceGroups/tomerlgroup1234/providers/Microsoft.Storage/storageAccounts/tomerlstorage1\",\r\n      \"name\": \"tomerlstorage1\",\r\n      \"type\": \"Microsoft.Storage/storageAccounts\",\r\n      \"sku\": {\r\n        \"name\": \"Standard_LRS\",\r\n        \"tier\": \"Standard\"\r\n      },\r\n      \"kind\": \"Storage\",\r\n      \"location\": \"australiasoutheast\",\r\n      \"tags\": {}\r\n    },\r\n    {\r\n      \"id\": \"/subscriptions/cca24ec8-99b5-4aa7-9ff6-486e886f304c/resourceGroups/tomerrRG/providers/Microsoft.Storage/storageAccounts/tomerrstorage\",\r\n      \"name\": \"tomerrstorage\",\r\n      \"type\": \"Microsoft.Storage/storageAccounts\",\r\n      \"sku\": {\r\n        \"name\": \"Standard_LRS\",\r\n        \"tier\": \"Standard\"\r\n      },\r\n      \"kind\": \"Storage\",\r\n      \"location\": \"eastus2euap\",\r\n      \"tags\": {}\r\n    },\r\n    {\r\n      \"id\": \"/subscriptions/cca24ec8-99b5-4aa7-9ff6-486e886f304c/resourceGroups/TomerWSQLi/providers/Microsoft.Storage/storageAccounts/sqlidemoapp\",\r\n      \"name\": \"sqlidemoapp\",\r\n      \"type\": \"Microsoft.Storage/storageAccounts\",\r\n      \"sku\": {\r\n        \"name\": \"Standard_LRS\",\r\n        \"tier\": \"Standard\"\r\n      },\r\n      \"kind\": \"Storage\",\r\n      \"location\": \"westeurope\",\r\n      \"tags\": {}\r\n    },\r\n    {\r\n      \"id\": \"/subscriptions/cca24ec8-99b5-4aa7-9ff6-486e886f304c/resourceGroups/WEU/providers/Microsoft.Storage/storageAccounts/weudiag996\",\r\n      \"name\": \"weudiag996\",\r\n      \"type\": \"Microsoft.Storage/storageAccounts\",\r\n      \"sku\": {\r\n        \"name\": \"Standard_LRS\",\r\n        \"tier\": \"Standard\"\r\n      },\r\n      \"kind\": \"Storage\",\r\n      \"location\": \"westeurope\",\r\n      \"tags\": {}\r\n    },\r\n    {\r\n      \"id\": \"/subscriptions/cca24ec8-99b5-4aa7-9ff6-486e886f304c/resourceGroups/WEU/providers/Microsoft.Storage/storageAccounts/weudisks643\",\r\n      \"name\": \"weudisks643\",\r\n      \"type\": \"Microsoft.Storage/storageAccounts\",\r\n      \"sku\": {\r\n        \"name\": \"Premium_LRS\",\r\n        \"tier\": \"Premium\"\r\n      },\r\n      \"kind\": \"Storage\",\r\n      \"location\": \"westeurope\",\r\n      \"tags\": {}\r\n    },\r\n    {\r\n      \"id\": \"/subscriptions/cca24ec8-99b5-4aa7-9ff6-486e886f304c/resourceGroups/yuvalresourcegroup/providers/Microsoft.Storage/storageAccounts/yuvalstorageaccount\",\r\n      \"name\": \"yuvalstorageaccount\",\r\n      \"type\": \"Microsoft.Storage/storageAccounts\",\r\n      \"sku\": {\r\n        \"name\": \"Standard_RAGRS\",\r\n        \"tier\": \"Standard\"\r\n      },\r\n      \"kind\": \"Storage\",\r\n      \"location\": \"westeurope\",\r\n      \"tags\": {}\r\n    }\r\n  ]\r\n}",
      "ResponseHeaders": {
        "Content-Length": [
          "28162"
        ],
        "Content-Type": [
          "application/json; charset=utf-8"
        ],
        "Expires": [
          "-1"
        ],
        "Pragma": [
          "no-cache"
        ],
        "x-ms-ratelimit-remaining-subscription-reads": [
          "14873"
        ],
        "x-ms-request-id": [
          "81d1c889-57b6-4272-9d29-d9e09b041b2a"
        ],
        "x-ms-correlation-request-id": [
          "81d1c889-57b6-4272-9d29-d9e09b041b2a"
        ],
        "x-ms-routing-request-id": [
          "WESTEUROPE:20170608T054327Z:81d1c889-57b6-4272-9d29-d9e09b041b2a"
        ],
        "Strict-Transport-Security": [
          "max-age=31536000; includeSubDomains"
        ],
        "Cache-Control": [
          "no-cache"
        ],
        "Date": [
          "Thu, 08 Jun 2017 05:43:26 GMT"
        ]
      },
      "StatusCode": 200
    },
    {
      "RequestUri": "/subscriptions/cca24ec8-99b5-4aa7-9ff6-486e886f304c/resourceGroups/blob-audit-cmdlet-test-rg2419/providers/Microsoft.ClassicStorage/storageAccounts/blobauditcmdlets2419/listKeys?api-version=2014-06-01",
      "EncodedRequestUri": "L3N1YnNjcmlwdGlvbnMvY2NhMjRlYzgtOTliNS00YWE3LTlmZjYtNDg2ZTg4NmYzMDRjL3Jlc291cmNlR3JvdXBzL2Jsb2ItYXVkaXQtY21kbGV0LXRlc3QtcmcyNDE5L3Byb3ZpZGVycy9NaWNyb3NvZnQuQ2xhc3NpY1N0b3JhZ2Uvc3RvcmFnZUFjY291bnRzL2Jsb2JhdWRpdGNtZGxldHMyNDE5L2xpc3RLZXlzP2FwaS12ZXJzaW9uPTIwMTQtMDYtMDE=",
      "RequestMethod": "POST",
      "RequestBody": "",
      "RequestHeaders": {
        "User-Agent": [
          "Microsoft.Azure.Management.Sql.LegacySdk.SqlManagementClient/3.0.0.0"
        ],
        "x-ms-client-request-id": [
          "none"
        ]
      },
      "ResponseBody": "{\r\n  \"error\": {\r\n    \"code\": \"ResourceNotFound\",\r\n    \"message\": \"The Resource 'Microsoft.ClassicStorage/storageAccounts/blobauditcmdlets2419' under resource group 'blob-audit-cmdlet-test-rg2419' was not found.\"\r\n  }\r\n}",
      "ResponseHeaders": {
        "Content-Length": [
          "194"
        ],
        "Content-Type": [
          "application/json; charset=utf-8"
        ],
        "Expires": [
          "-1"
        ],
        "Pragma": [
          "no-cache"
        ],
        "x-ms-failure-cause": [
          "gateway"
        ],
        "x-ms-request-id": [
          "c0bad02c-67a9-45a8-b277-e08cb093d55a"
        ],
        "x-ms-correlation-request-id": [
          "c0bad02c-67a9-45a8-b277-e08cb093d55a"
        ],
        "x-ms-routing-request-id": [
          "WESTEUROPE:20170608T054327Z:c0bad02c-67a9-45a8-b277-e08cb093d55a"
        ],
        "Strict-Transport-Security": [
          "max-age=31536000; includeSubDomains"
        ],
        "Cache-Control": [
          "no-cache"
        ],
        "Date": [
          "Thu, 08 Jun 2017 05:43:27 GMT"
        ]
      },
      "StatusCode": 404
    },
    {
      "RequestUri": "/subscriptions/cca24ec8-99b5-4aa7-9ff6-486e886f304c/resourceGroups/blob-audit-cmdlet-test-rg2419/providers/Microsoft.Storage/storageAccounts/blobauditcmdlets2419/listKeys?api-version=2015-05-01-preview",
      "EncodedRequestUri": "L3N1YnNjcmlwdGlvbnMvY2NhMjRlYzgtOTliNS00YWE3LTlmZjYtNDg2ZTg4NmYzMDRjL3Jlc291cmNlR3JvdXBzL2Jsb2ItYXVkaXQtY21kbGV0LXRlc3QtcmcyNDE5L3Byb3ZpZGVycy9NaWNyb3NvZnQuU3RvcmFnZS9zdG9yYWdlQWNjb3VudHMvYmxvYmF1ZGl0Y21kbGV0czI0MTkvbGlzdEtleXM/YXBpLXZlcnNpb249MjAxNS0wNS0wMS1wcmV2aWV3",
      "RequestMethod": "POST",
      "RequestBody": "",
      "RequestHeaders": {
        "x-ms-client-request-id": [
          "566b4b13-b448-4cce-b952-d3525688b316"
        ],
        "User-Agent": [
          "Microsoft.Azure.Management.Storage.StorageManagementClient/2.0.0.0"
        ]
      },
      "ResponseBody": "{\r\n  \"key1\": \"Zj7I4tIQFHWZ6JrW4x2GOWQj008iyBcryYKv/YPWqhELCEDqpNQz8h0dr5O7kMzj0jaM5cBkDK7hUXENBKdjKQ==\",\r\n  \"key2\": \"5oQTxCoIAxCMUV2xsXAnPnlckKPFj4G1dTm5/EwolZhMRTL/uEJ70DNOshTZNOoPilFZE15ir1mGCZN1GSB19Q==\"\r\n}",
      "ResponseHeaders": {
        "Content-Length": [
          "198"
        ],
        "Content-Type": [
          "application/json"
        ],
        "Expires": [
          "-1"
        ],
        "Pragma": [
          "no-cache"
        ],
        "x-ms-request-id": [
          "3963daf7-315d-4a41-af3d-a9b86950cc73"
        ],
        "x-ms-ratelimit-remaining-subscription-writes": [
          "1198"
        ],
        "x-ms-correlation-request-id": [
          "3963daf7-315d-4a41-af3d-a9b86950cc73"
        ],
        "x-ms-routing-request-id": [
          "WESTEUROPE:20170608T054328Z:3963daf7-315d-4a41-af3d-a9b86950cc73"
        ],
        "Strict-Transport-Security": [
          "max-age=31536000; includeSubDomains"
        ],
        "Cache-Control": [
          "no-cache"
        ],
        "Date": [
          "Thu, 08 Jun 2017 05:43:28 GMT"
        ],
        "Server": [
          "Microsoft-HTTPAPI/2.0"
        ]
      },
      "StatusCode": 200
    },
    {
      "RequestUri": "/subscriptions/cca24ec8-99b5-4aa7-9ff6-486e886f304c/resourceGroups/blob-audit-cmdlet-test-rg2419/providers/Microsoft.Sql/servers/blob-audit-cmdlet-server2419/auditingSettings/Default?api-version=2015-05-01-preview",
      "EncodedRequestUri": "L3N1YnNjcmlwdGlvbnMvY2NhMjRlYzgtOTliNS00YWE3LTlmZjYtNDg2ZTg4NmYzMDRjL3Jlc291cmNlR3JvdXBzL2Jsb2ItYXVkaXQtY21kbGV0LXRlc3QtcmcyNDE5L3Byb3ZpZGVycy9NaWNyb3NvZnQuU3FsL3NlcnZlcnMvYmxvYi1hdWRpdC1jbWRsZXQtc2VydmVyMjQxOS9hdWRpdGluZ1NldHRpbmdzL0RlZmF1bHQ/YXBpLXZlcnNpb249MjAxNS0wNS0wMS1wcmV2aWV3",
      "RequestMethod": "PUT",
      "RequestBody": "{\r\n  \"properties\": {\r\n    \"state\": \"Enabled\",\r\n    \"storageEndpoint\": \"https://blobauditcmdlets2419.blob.core.windows.net\",\r\n    \"storageAccountAccessKey\": \"Zj7I4tIQFHWZ6JrW4x2GOWQj008iyBcryYKv/YPWqhELCEDqpNQz8h0dr5O7kMzj0jaM5cBkDK7hUXENBKdjKQ==\",\r\n    \"retentionDays\": 0,\r\n    \"auditActionsAndGroups\": [\r\n      \"SUCCESSFUL_DATABASE_AUTHENTICATION_GROUP\",\r\n      \"FAILED_DATABASE_AUTHENTICATION_GROUP\",\r\n      \"BATCH_COMPLETED_GROUP\"\r\n    ],\r\n    \"storageAccountSubscriptionId\": \"cca24ec8-99b5-4aa7-9ff6-486e886f304c\",\r\n    \"isStorageSecondaryKeyInUse\": false\r\n  }\r\n}",
      "RequestHeaders": {
        "Content-Type": [
          "application/json; charset=utf-8"
        ],
        "Content-Length": [
          "567"
        ],
        "User-Agent": [
          "Microsoft.Azure.Management.Sql.LegacySdk.SqlManagementClient/3.0.0.0"
        ],
        "x-ms-client-request-id": [
          "cedc202b-dfe3-41e0-9ef9-47756863f64c"
        ]
      },
      "ResponseBody": "",
      "ResponseHeaders": {
        "Content-Length": [
          "0"
        ],
        "Expires": [
          "-1"
        ],
        "Pragma": [
          "no-cache"
        ],
        "x-ms-request-id": [
          "209ad2bc-8ca0-42bb-a763-665ecd3fa9d1"
        ],
        "x-ms-ratelimit-remaining-subscription-writes": [
          "1195"
        ],
        "x-ms-correlation-request-id": [
          "b8dbb545-1c3b-4152-a964-58a00600e328"
        ],
        "x-ms-routing-request-id": [
          "WESTEUROPE:20170608T054329Z:b8dbb545-1c3b-4152-a964-58a00600e328"
        ],
        "Strict-Transport-Security": [
          "max-age=31536000; includeSubDomains"
        ],
        "Cache-Control": [
          "no-cache"
        ],
        "Date": [
          "Thu, 08 Jun 2017 05:43:28 GMT"
        ],
        "Location": [
          "https://management.azure.com/subscriptions/cca24ec8-99b5-4aa7-9ff6-486e886f304c/resourceGroups/blob-audit-cmdlet-test-rg2419/providers/Microsoft.Sql/servers/blob-audit-cmdlet-server2419/auditingSettings/Default/operationResults/1c874dd4-13c8-4415-a749-ab5f9b1ec6dd?api-version=2015-05-01-preview"
        ],
        "Server": [
          "Microsoft-HTTPAPI/2.0"
        ]
      },
      "StatusCode": 202
    },
    {
      "RequestUri": "/subscriptions/cca24ec8-99b5-4aa7-9ff6-486e886f304c/resourceGroups/blob-audit-cmdlet-test-rg2419/providers/Microsoft.Sql/servers/blob-audit-cmdlet-server2419/auditingSettings/Default/operationResults/1c874dd4-13c8-4415-a749-ab5f9b1ec6dd?api-version=2015-05-01-preview",
      "EncodedRequestUri": "L3N1YnNjcmlwdGlvbnMvY2NhMjRlYzgtOTliNS00YWE3LTlmZjYtNDg2ZTg4NmYzMDRjL3Jlc291cmNlR3JvdXBzL2Jsb2ItYXVkaXQtY21kbGV0LXRlc3QtcmcyNDE5L3Byb3ZpZGVycy9NaWNyb3NvZnQuU3FsL3NlcnZlcnMvYmxvYi1hdWRpdC1jbWRsZXQtc2VydmVyMjQxOS9hdWRpdGluZ1NldHRpbmdzL0RlZmF1bHQvb3BlcmF0aW9uUmVzdWx0cy8xYzg3NGRkNC0xM2M4LTQ0MTUtYTc0OS1hYjVmOWIxZWM2ZGQ/YXBpLXZlcnNpb249MjAxNS0wNS0wMS1wcmV2aWV3",
      "RequestMethod": "GET",
      "RequestBody": "",
      "RequestHeaders": {
        "User-Agent": [
          "Microsoft.Azure.Management.Sql.LegacySdk.SqlManagementClient/3.0.0.0"
        ],
        "x-ms-client-request-id": [
          "cedc202b-dfe3-41e0-9ef9-47756863f64c"
        ]
      },
      "ResponseBody": "{\r\n  \"id\": \"/subscriptions/cca24ec8-99b5-4aa7-9ff6-486e886f304c/resourceGroups/blob-audit-cmdlet-test-rg2419/providers/Microsoft.Sql/servers/blob-audit-cmdlet-server2419/auditingSettings/Default/operationResults/1c874dd4-13c8-4415-a749-ab5f9b1ec6dd\",\r\n  \"name\": \"Default\",\r\n  \"type\": \"Microsoft.Sql/servers/auditingSettings\",\r\n  \"kind\": \"\",\r\n  \"properties\": {\r\n    \"operationId\": \"1c874dd4-13c8-4415-a749-ab5f9b1ec6dd\",\r\n    \"state\": \"InProgress\",\r\n    \"startTime\": \"6/8/2017 5:43:28 AM\"\r\n  }\r\n}",
      "ResponseHeaders": {
        "Content-Length": [
          "443"
        ],
        "Content-Type": [
          "application/json; charset=utf-8"
        ],
        "Expires": [
          "-1"
        ],
        "Pragma": [
          "no-cache"
        ],
        "x-ms-request-id": [
          "81db027b-34dc-4c08-a5bd-2660314a24c8"
        ],
        "x-ms-ratelimit-remaining-subscription-reads": [
          "14850"
        ],
        "x-ms-correlation-request-id": [
          "42df9d6b-8b00-4311-b6a0-14d203dcb50a"
        ],
        "x-ms-routing-request-id": [
          "WESTEUROPE:20170608T054329Z:42df9d6b-8b00-4311-b6a0-14d203dcb50a"
        ],
        "Strict-Transport-Security": [
          "max-age=31536000; includeSubDomains"
        ],
        "Cache-Control": [
          "no-cache"
        ],
        "Date": [
          "Thu, 08 Jun 2017 05:43:28 GMT"
        ],
        "Server": [
          "Microsoft-HTTPAPI/2.0"
        ]
      },
      "StatusCode": 200
    },
    {
      "RequestUri": "/subscriptions/cca24ec8-99b5-4aa7-9ff6-486e886f304c/resourceGroups/blob-audit-cmdlet-test-rg2419/providers/Microsoft.Sql/servers/blob-audit-cmdlet-server2419/auditingSettings/Default/operationResults/1c874dd4-13c8-4415-a749-ab5f9b1ec6dd?api-version=2015-05-01-preview",
      "EncodedRequestUri": "L3N1YnNjcmlwdGlvbnMvY2NhMjRlYzgtOTliNS00YWE3LTlmZjYtNDg2ZTg4NmYzMDRjL3Jlc291cmNlR3JvdXBzL2Jsb2ItYXVkaXQtY21kbGV0LXRlc3QtcmcyNDE5L3Byb3ZpZGVycy9NaWNyb3NvZnQuU3FsL3NlcnZlcnMvYmxvYi1hdWRpdC1jbWRsZXQtc2VydmVyMjQxOS9hdWRpdGluZ1NldHRpbmdzL0RlZmF1bHQvb3BlcmF0aW9uUmVzdWx0cy8xYzg3NGRkNC0xM2M4LTQ0MTUtYTc0OS1hYjVmOWIxZWM2ZGQ/YXBpLXZlcnNpb249MjAxNS0wNS0wMS1wcmV2aWV3",
      "RequestMethod": "GET",
      "RequestBody": "",
      "RequestHeaders": {
        "User-Agent": [
          "Microsoft.Azure.Management.Sql.LegacySdk.SqlManagementClient/3.0.0.0"
        ],
        "x-ms-client-request-id": [
          "cedc202b-dfe3-41e0-9ef9-47756863f64c"
        ]
      },
      "ResponseBody": "{\r\n  \"id\": \"/subscriptions/cca24ec8-99b5-4aa7-9ff6-486e886f304c/resourceGroups/blob-audit-cmdlet-test-rg2419/providers/Microsoft.Sql/servers/blob-audit-cmdlet-server2419/auditingSettings/Default/operationResults/1c874dd4-13c8-4415-a749-ab5f9b1ec6dd\",\r\n  \"name\": \"Default\",\r\n  \"type\": \"Microsoft.Sql/servers/auditingSettings\",\r\n  \"kind\": \"\",\r\n  \"properties\": {\r\n    \"operationId\": \"1c874dd4-13c8-4415-a749-ab5f9b1ec6dd\",\r\n    \"state\": \"InProgress\",\r\n    \"startTime\": \"6/8/2017 5:43:28 AM\"\r\n  }\r\n}",
      "ResponseHeaders": {
        "Content-Length": [
          "443"
        ],
        "Content-Type": [
          "application/json; charset=utf-8"
        ],
        "Expires": [
          "-1"
        ],
        "Pragma": [
          "no-cache"
        ],
        "x-ms-request-id": [
          "8c92540b-a47b-43fb-a6c3-74bc29db671a"
        ],
        "x-ms-ratelimit-remaining-subscription-reads": [
          "14849"
        ],
        "x-ms-correlation-request-id": [
          "3c142092-e138-4246-9581-a54f904b34de"
        ],
        "x-ms-routing-request-id": [
          "WESTEUROPE:20170608T054329Z:3c142092-e138-4246-9581-a54f904b34de"
        ],
        "Strict-Transport-Security": [
          "max-age=31536000; includeSubDomains"
        ],
        "Cache-Control": [
          "no-cache"
        ],
        "Date": [
          "Thu, 08 Jun 2017 05:43:29 GMT"
        ],
        "Server": [
          "Microsoft-HTTPAPI/2.0"
        ]
      },
      "StatusCode": 200
    },
    {
      "RequestUri": "/subscriptions/cca24ec8-99b5-4aa7-9ff6-486e886f304c/resourceGroups/blob-audit-cmdlet-test-rg2419/providers/Microsoft.Sql/servers/blob-audit-cmdlet-server2419/auditingSettings/Default/operationResults/1c874dd4-13c8-4415-a749-ab5f9b1ec6dd?api-version=2015-05-01-preview",
      "EncodedRequestUri": "L3N1YnNjcmlwdGlvbnMvY2NhMjRlYzgtOTliNS00YWE3LTlmZjYtNDg2ZTg4NmYzMDRjL3Jlc291cmNlR3JvdXBzL2Jsb2ItYXVkaXQtY21kbGV0LXRlc3QtcmcyNDE5L3Byb3ZpZGVycy9NaWNyb3NvZnQuU3FsL3NlcnZlcnMvYmxvYi1hdWRpdC1jbWRsZXQtc2VydmVyMjQxOS9hdWRpdGluZ1NldHRpbmdzL0RlZmF1bHQvb3BlcmF0aW9uUmVzdWx0cy8xYzg3NGRkNC0xM2M4LTQ0MTUtYTc0OS1hYjVmOWIxZWM2ZGQ/YXBpLXZlcnNpb249MjAxNS0wNS0wMS1wcmV2aWV3",
      "RequestMethod": "GET",
      "RequestBody": "",
      "RequestHeaders": {
        "User-Agent": [
          "Microsoft.Azure.Management.Sql.LegacySdk.SqlManagementClient/3.0.0.0"
        ],
        "x-ms-client-request-id": [
          "cedc202b-dfe3-41e0-9ef9-47756863f64c"
        ]
      },
      "ResponseBody": "{\r\n  \"id\": \"/subscriptions/cca24ec8-99b5-4aa7-9ff6-486e886f304c/resourceGroups/blob-audit-cmdlet-test-rg2419/providers/Microsoft.Sql/servers/blob-audit-cmdlet-server2419/auditingSettings/Default/operationResults/1c874dd4-13c8-4415-a749-ab5f9b1ec6dd\",\r\n  \"name\": \"Default\",\r\n  \"type\": \"Microsoft.Sql/servers/auditingSettings\",\r\n  \"kind\": \"\",\r\n  \"properties\": {\r\n    \"operationId\": \"1c874dd4-13c8-4415-a749-ab5f9b1ec6dd\",\r\n    \"state\": \"InProgress\",\r\n    \"startTime\": \"6/8/2017 5:43:28 AM\"\r\n  }\r\n}",
      "ResponseHeaders": {
        "Content-Length": [
          "443"
        ],
        "Content-Type": [
          "application/json; charset=utf-8"
        ],
        "Expires": [
          "-1"
        ],
        "Pragma": [
          "no-cache"
        ],
        "x-ms-request-id": [
          "48794bc5-3404-494d-8efd-ef793364af0c"
        ],
        "x-ms-ratelimit-remaining-subscription-reads": [
          "14848"
        ],
        "x-ms-correlation-request-id": [
          "0476a264-0f5c-420e-8e3a-205a9358f64c"
        ],
        "x-ms-routing-request-id": [
          "WESTEUROPE:20170608T054329Z:0476a264-0f5c-420e-8e3a-205a9358f64c"
        ],
        "Strict-Transport-Security": [
          "max-age=31536000; includeSubDomains"
        ],
        "Cache-Control": [
          "no-cache"
        ],
        "Date": [
          "Thu, 08 Jun 2017 05:43:29 GMT"
        ],
        "Server": [
          "Microsoft-HTTPAPI/2.0"
        ]
      },
      "StatusCode": 200
    },
    {
      "RequestUri": "/subscriptions/cca24ec8-99b5-4aa7-9ff6-486e886f304c/resourceGroups/blob-audit-cmdlet-test-rg2419/providers/Microsoft.Sql/servers/blob-audit-cmdlet-server2419/auditingSettings/Default/operationResults/1c874dd4-13c8-4415-a749-ab5f9b1ec6dd?api-version=2015-05-01-preview",
      "EncodedRequestUri": "L3N1YnNjcmlwdGlvbnMvY2NhMjRlYzgtOTliNS00YWE3LTlmZjYtNDg2ZTg4NmYzMDRjL3Jlc291cmNlR3JvdXBzL2Jsb2ItYXVkaXQtY21kbGV0LXRlc3QtcmcyNDE5L3Byb3ZpZGVycy9NaWNyb3NvZnQuU3FsL3NlcnZlcnMvYmxvYi1hdWRpdC1jbWRsZXQtc2VydmVyMjQxOS9hdWRpdGluZ1NldHRpbmdzL0RlZmF1bHQvb3BlcmF0aW9uUmVzdWx0cy8xYzg3NGRkNC0xM2M4LTQ0MTUtYTc0OS1hYjVmOWIxZWM2ZGQ/YXBpLXZlcnNpb249MjAxNS0wNS0wMS1wcmV2aWV3",
      "RequestMethod": "GET",
      "RequestBody": "",
      "RequestHeaders": {
        "User-Agent": [
          "Microsoft.Azure.Management.Sql.LegacySdk.SqlManagementClient/3.0.0.0"
        ],
        "x-ms-client-request-id": [
          "cedc202b-dfe3-41e0-9ef9-47756863f64c"
        ]
      },
      "ResponseBody": "{\r\n  \"id\": \"/subscriptions/cca24ec8-99b5-4aa7-9ff6-486e886f304c/resourceGroups/blob-audit-cmdlet-test-rg2419/providers/Microsoft.Sql/servers/blob-audit-cmdlet-server2419/auditingSettings/Default/operationResults/1c874dd4-13c8-4415-a749-ab5f9b1ec6dd\",\r\n  \"name\": \"Default\",\r\n  \"type\": \"Microsoft.Sql/servers/auditingSettings\",\r\n  \"kind\": \"\",\r\n  \"properties\": {\r\n    \"operationId\": \"1c874dd4-13c8-4415-a749-ab5f9b1ec6dd\",\r\n    \"state\": \"InProgress\",\r\n    \"startTime\": \"6/8/2017 5:43:28 AM\"\r\n  }\r\n}",
      "ResponseHeaders": {
        "Content-Length": [
          "443"
        ],
        "Content-Type": [
          "application/json; charset=utf-8"
        ],
        "Expires": [
          "-1"
        ],
        "Pragma": [
          "no-cache"
        ],
        "x-ms-request-id": [
          "567b8e66-bbe6-4b4c-84dc-46b305b49e6f"
        ],
        "x-ms-ratelimit-remaining-subscription-reads": [
          "14847"
        ],
        "x-ms-correlation-request-id": [
          "4257aca5-b6d4-4266-985f-1f905d6b0ab3"
        ],
        "x-ms-routing-request-id": [
          "WESTEUROPE:20170608T054330Z:4257aca5-b6d4-4266-985f-1f905d6b0ab3"
        ],
        "Strict-Transport-Security": [
          "max-age=31536000; includeSubDomains"
        ],
        "Cache-Control": [
          "no-cache"
        ],
        "Date": [
          "Thu, 08 Jun 2017 05:43:29 GMT"
        ],
        "Server": [
          "Microsoft-HTTPAPI/2.0"
        ]
      },
      "StatusCode": 200
    },
    {
      "RequestUri": "/subscriptions/cca24ec8-99b5-4aa7-9ff6-486e886f304c/resourceGroups/blob-audit-cmdlet-test-rg2419/providers/Microsoft.Sql/servers/blob-audit-cmdlet-server2419/auditingSettings/Default/operationResults/1c874dd4-13c8-4415-a749-ab5f9b1ec6dd?api-version=2015-05-01-preview",
      "EncodedRequestUri": "L3N1YnNjcmlwdGlvbnMvY2NhMjRlYzgtOTliNS00YWE3LTlmZjYtNDg2ZTg4NmYzMDRjL3Jlc291cmNlR3JvdXBzL2Jsb2ItYXVkaXQtY21kbGV0LXRlc3QtcmcyNDE5L3Byb3ZpZGVycy9NaWNyb3NvZnQuU3FsL3NlcnZlcnMvYmxvYi1hdWRpdC1jbWRsZXQtc2VydmVyMjQxOS9hdWRpdGluZ1NldHRpbmdzL0RlZmF1bHQvb3BlcmF0aW9uUmVzdWx0cy8xYzg3NGRkNC0xM2M4LTQ0MTUtYTc0OS1hYjVmOWIxZWM2ZGQ/YXBpLXZlcnNpb249MjAxNS0wNS0wMS1wcmV2aWV3",
      "RequestMethod": "GET",
      "RequestBody": "",
      "RequestHeaders": {
        "User-Agent": [
          "Microsoft.Azure.Management.Sql.LegacySdk.SqlManagementClient/3.0.0.0"
        ],
        "x-ms-client-request-id": [
          "cedc202b-dfe3-41e0-9ef9-47756863f64c"
        ]
      },
      "ResponseBody": "{\r\n  \"id\": \"/subscriptions/cca24ec8-99b5-4aa7-9ff6-486e886f304c/resourceGroups/blob-audit-cmdlet-test-rg2419/providers/Microsoft.Sql/servers/blob-audit-cmdlet-server2419/auditingSettings/Default/operationResults/1c874dd4-13c8-4415-a749-ab5f9b1ec6dd\",\r\n  \"name\": \"Default\",\r\n  \"type\": \"Microsoft.Sql/servers/auditingSettings\",\r\n  \"kind\": \"\",\r\n  \"properties\": {\r\n    \"operationId\": \"1c874dd4-13c8-4415-a749-ab5f9b1ec6dd\",\r\n    \"state\": \"InProgress\",\r\n    \"startTime\": \"6/8/2017 5:43:28 AM\"\r\n  }\r\n}",
      "ResponseHeaders": {
        "Content-Length": [
          "443"
        ],
        "Content-Type": [
          "application/json; charset=utf-8"
        ],
        "Expires": [
          "-1"
        ],
        "Pragma": [
          "no-cache"
        ],
        "x-ms-request-id": [
          "4ef772ef-5cba-4a76-a187-a190ed4f3ebc"
        ],
        "x-ms-ratelimit-remaining-subscription-reads": [
          "14846"
        ],
        "x-ms-correlation-request-id": [
          "0177eec8-4170-41ac-bb52-256b771774ed"
        ],
        "x-ms-routing-request-id": [
          "WESTEUROPE:20170608T054330Z:0177eec8-4170-41ac-bb52-256b771774ed"
        ],
        "Strict-Transport-Security": [
          "max-age=31536000; includeSubDomains"
        ],
        "Cache-Control": [
          "no-cache"
        ],
        "Date": [
          "Thu, 08 Jun 2017 05:43:29 GMT"
        ],
        "Server": [
          "Microsoft-HTTPAPI/2.0"
        ]
      },
      "StatusCode": 200
    },
    {
      "RequestUri": "/subscriptions/cca24ec8-99b5-4aa7-9ff6-486e886f304c/resourceGroups/blob-audit-cmdlet-test-rg2419/providers/Microsoft.Sql/servers/blob-audit-cmdlet-server2419/auditingSettings/Default/operationResults/1c874dd4-13c8-4415-a749-ab5f9b1ec6dd?api-version=2015-05-01-preview",
      "EncodedRequestUri": "L3N1YnNjcmlwdGlvbnMvY2NhMjRlYzgtOTliNS00YWE3LTlmZjYtNDg2ZTg4NmYzMDRjL3Jlc291cmNlR3JvdXBzL2Jsb2ItYXVkaXQtY21kbGV0LXRlc3QtcmcyNDE5L3Byb3ZpZGVycy9NaWNyb3NvZnQuU3FsL3NlcnZlcnMvYmxvYi1hdWRpdC1jbWRsZXQtc2VydmVyMjQxOS9hdWRpdGluZ1NldHRpbmdzL0RlZmF1bHQvb3BlcmF0aW9uUmVzdWx0cy8xYzg3NGRkNC0xM2M4LTQ0MTUtYTc0OS1hYjVmOWIxZWM2ZGQ/YXBpLXZlcnNpb249MjAxNS0wNS0wMS1wcmV2aWV3",
      "RequestMethod": "GET",
      "RequestBody": "",
      "RequestHeaders": {
        "User-Agent": [
          "Microsoft.Azure.Management.Sql.LegacySdk.SqlManagementClient/3.0.0.0"
        ],
        "x-ms-client-request-id": [
          "cedc202b-dfe3-41e0-9ef9-47756863f64c"
        ]
      },
      "ResponseBody": "{\r\n  \"id\": \"/subscriptions/cca24ec8-99b5-4aa7-9ff6-486e886f304c/resourceGroups/blob-audit-cmdlet-test-rg2419/providers/Microsoft.Sql/servers/blob-audit-cmdlet-server2419/auditingSettings/Default/operationResults/1c874dd4-13c8-4415-a749-ab5f9b1ec6dd\",\r\n  \"name\": \"Default\",\r\n  \"type\": \"Microsoft.Sql/servers/auditingSettings\",\r\n  \"kind\": \"\",\r\n  \"properties\": {\r\n    \"operationId\": \"1c874dd4-13c8-4415-a749-ab5f9b1ec6dd\",\r\n    \"state\": \"Succeeded\",\r\n    \"startTime\": \"6/8/2017 5:43:28 AM\"\r\n  }\r\n}",
      "ResponseHeaders": {
        "Content-Length": [
          "442"
        ],
        "Content-Type": [
          "application/json; charset=utf-8"
        ],
        "Expires": [
          "-1"
        ],
        "Pragma": [
          "no-cache"
        ],
        "x-ms-request-id": [
          "7ff4fd9f-baf7-4616-819d-a4ec415b9cc1"
        ],
        "x-ms-ratelimit-remaining-subscription-reads": [
          "14845"
        ],
        "x-ms-correlation-request-id": [
          "8920f7c2-e0d6-45b1-a2fa-2d46927a9462"
        ],
        "x-ms-routing-request-id": [
          "WESTEUROPE:20170608T054330Z:8920f7c2-e0d6-45b1-a2fa-2d46927a9462"
        ],
        "Strict-Transport-Security": [
          "max-age=31536000; includeSubDomains"
        ],
        "Cache-Control": [
          "no-cache"
        ],
        "Date": [
          "Thu, 08 Jun 2017 05:43:30 GMT"
        ],
        "Server": [
          "Microsoft-HTTPAPI/2.0"
        ]
      },
      "StatusCode": 200
    },
    {
      "RequestUri": "/subscriptions/cca24ec8-99b5-4aa7-9ff6-486e886f304c/resourcegroups/blob-audit-cmdlet-test-rg2419?api-version=2016-02-01",
      "EncodedRequestUri": "L3N1YnNjcmlwdGlvbnMvY2NhMjRlYzgtOTliNS00YWE3LTlmZjYtNDg2ZTg4NmYzMDRjL3Jlc291cmNlZ3JvdXBzL2Jsb2ItYXVkaXQtY21kbGV0LXRlc3QtcmcyNDE5P2FwaS12ZXJzaW9uPTIwMTYtMDItMDE=",
      "RequestMethod": "DELETE",
      "RequestBody": "",
      "RequestHeaders": {
        "User-Agent": [
          "Microsoft.Azure.Management.Resources.ResourceManagementClient/2.0.0.0"
        ]
      },
      "ResponseBody": "",
      "ResponseHeaders": {
        "Content-Length": [
          "0"
        ],
        "Expires": [
          "-1"
        ],
        "Pragma": [
          "no-cache"
        ],
        "Retry-After": [
          "15"
        ],
        "x-ms-ratelimit-remaining-subscription-writes": [
          "1199"
        ],
        "x-ms-request-id": [
          "4824d2e8-09c7-4dca-988f-812789c2d4f7"
        ],
        "x-ms-correlation-request-id": [
          "4824d2e8-09c7-4dca-988f-812789c2d4f7"
        ],
        "x-ms-routing-request-id": [
          "WESTEUROPE:20170608T054333Z:4824d2e8-09c7-4dca-988f-812789c2d4f7"
        ],
        "Strict-Transport-Security": [
          "max-age=31536000; includeSubDomains"
        ],
        "Cache-Control": [
          "no-cache"
        ],
        "Date": [
          "Thu, 08 Jun 2017 05:43:33 GMT"
        ],
        "Location": [
          "https://management.azure.com/subscriptions/cca24ec8-99b5-4aa7-9ff6-486e886f304c/operationresults/eyJqb2JJZCI6IlJFU09VUkNFR1JPVVBERUxFVElPTkpPQi1CTE9COjJEQVVESVQ6MkRDTURMRVQ6MkRURVNUOjJEUkcyNDE5LVdFU1RDRU5UUkFMVVMiLCJqb2JMb2NhdGlvbiI6Indlc3RjZW50cmFsdXMifQ?api-version=2016-02-01"
        ]
      },
      "StatusCode": 202
    },
    {
      "RequestUri": "/subscriptions/cca24ec8-99b5-4aa7-9ff6-486e886f304c/operationresults/eyJqb2JJZCI6IlJFU09VUkNFR1JPVVBERUxFVElPTkpPQi1CTE9COjJEQVVESVQ6MkRDTURMRVQ6MkRURVNUOjJEUkcyNDE5LVdFU1RDRU5UUkFMVVMiLCJqb2JMb2NhdGlvbiI6Indlc3RjZW50cmFsdXMifQ?api-version=2016-02-01",
      "EncodedRequestUri": "L3N1YnNjcmlwdGlvbnMvY2NhMjRlYzgtOTliNS00YWE3LTlmZjYtNDg2ZTg4NmYzMDRjL29wZXJhdGlvbnJlc3VsdHMvZXlKcWIySkpaQ0k2SWxKRlUwOVZVa05GUjFKUFZWQkVSVXhGVkVsUFRrcFBRaTFDVEU5Q09qSkVRVlZFU1ZRNk1rUkRUVVJNUlZRNk1rUlVSVk5VT2pKRVVrY3lOREU1TFZkRlUxUkRSVTVVVWtGTVZWTWlMQ0pxYjJKTWIyTmhkR2x2YmlJNkluZGxjM1JqWlc1MGNtRnNkWE1pZlE/YXBpLXZlcnNpb249MjAxNi0wMi0wMQ==",
      "RequestMethod": "GET",
      "RequestBody": "",
      "RequestHeaders": {
        "x-ms-version": [
          "2016-02-01"
        ],
        "User-Agent": [
          "Microsoft.Azure.Management.Resources.ResourceManagementClient/2.0.0.0"
        ]
      },
      "ResponseBody": "",
      "ResponseHeaders": {
        "Content-Length": [
          "0"
        ],
        "Expires": [
          "-1"
        ],
        "Pragma": [
          "no-cache"
        ],
        "Retry-After": [
          "15"
        ],
        "x-ms-ratelimit-remaining-subscription-reads": [
          "14872"
        ],
        "x-ms-request-id": [
          "fc7e1438-30c8-4eff-a490-5682e8a1301e"
        ],
        "x-ms-correlation-request-id": [
          "fc7e1438-30c8-4eff-a490-5682e8a1301e"
        ],
        "x-ms-routing-request-id": [
          "WESTEUROPE:20170608T054334Z:fc7e1438-30c8-4eff-a490-5682e8a1301e"
        ],
        "Strict-Transport-Security": [
          "max-age=31536000; includeSubDomains"
        ],
        "Cache-Control": [
          "no-cache"
        ],
        "Date": [
          "Thu, 08 Jun 2017 05:43:33 GMT"
        ],
        "Location": [
          "https://management.azure.com/subscriptions/cca24ec8-99b5-4aa7-9ff6-486e886f304c/operationresults/eyJqb2JJZCI6IlJFU09VUkNFR1JPVVBERUxFVElPTkpPQi1CTE9COjJEQVVESVQ6MkRDTURMRVQ6MkRURVNUOjJEUkcyNDE5LVdFU1RDRU5UUkFMVVMiLCJqb2JMb2NhdGlvbiI6Indlc3RjZW50cmFsdXMifQ?api-version=2016-02-01"
        ]
      },
      "StatusCode": 202
    },
    {
      "RequestUri": "/subscriptions/cca24ec8-99b5-4aa7-9ff6-486e886f304c/operationresults/eyJqb2JJZCI6IlJFU09VUkNFR1JPVVBERUxFVElPTkpPQi1CTE9COjJEQVVESVQ6MkRDTURMRVQ6MkRURVNUOjJEUkcyNDE5LVdFU1RDRU5UUkFMVVMiLCJqb2JMb2NhdGlvbiI6Indlc3RjZW50cmFsdXMifQ?api-version=2016-02-01",
      "EncodedRequestUri": "L3N1YnNjcmlwdGlvbnMvY2NhMjRlYzgtOTliNS00YWE3LTlmZjYtNDg2ZTg4NmYzMDRjL29wZXJhdGlvbnJlc3VsdHMvZXlKcWIySkpaQ0k2SWxKRlUwOVZVa05GUjFKUFZWQkVSVXhGVkVsUFRrcFBRaTFDVEU5Q09qSkVRVlZFU1ZRNk1rUkRUVVJNUlZRNk1rUlVSVk5VT2pKRVVrY3lOREU1TFZkRlUxUkRSVTVVVWtGTVZWTWlMQ0pxYjJKTWIyTmhkR2x2YmlJNkluZGxjM1JqWlc1MGNtRnNkWE1pZlE/YXBpLXZlcnNpb249MjAxNi0wMi0wMQ==",
      "RequestMethod": "GET",
      "RequestBody": "",
      "RequestHeaders": {
        "x-ms-version": [
          "2016-02-01"
        ],
        "User-Agent": [
          "Microsoft.Azure.Management.Resources.ResourceManagementClient/2.0.0.0"
        ]
      },
      "ResponseBody": "",
      "ResponseHeaders": {
        "Content-Length": [
          "0"
        ],
        "Expires": [
          "-1"
        ],
        "Pragma": [
          "no-cache"
        ],
        "Retry-After": [
          "15"
        ],
        "x-ms-ratelimit-remaining-subscription-reads": [
          "14870"
        ],
        "x-ms-request-id": [
          "13166283-abd6-4360-a074-a7d75fe33c95"
        ],
        "x-ms-correlation-request-id": [
          "13166283-abd6-4360-a074-a7d75fe33c95"
        ],
        "x-ms-routing-request-id": [
          "WESTEUROPE:20170608T054349Z:13166283-abd6-4360-a074-a7d75fe33c95"
        ],
        "Strict-Transport-Security": [
          "max-age=31536000; includeSubDomains"
        ],
        "Cache-Control": [
          "no-cache"
        ],
        "Date": [
          "Thu, 08 Jun 2017 05:43:48 GMT"
        ],
        "Location": [
          "https://management.azure.com/subscriptions/cca24ec8-99b5-4aa7-9ff6-486e886f304c/operationresults/eyJqb2JJZCI6IlJFU09VUkNFR1JPVVBERUxFVElPTkpPQi1CTE9COjJEQVVESVQ6MkRDTURMRVQ6MkRURVNUOjJEUkcyNDE5LVdFU1RDRU5UUkFMVVMiLCJqb2JMb2NhdGlvbiI6Indlc3RjZW50cmFsdXMifQ?api-version=2016-02-01"
        ]
      },
      "StatusCode": 202
    },
    {
      "RequestUri": "/subscriptions/cca24ec8-99b5-4aa7-9ff6-486e886f304c/operationresults/eyJqb2JJZCI6IlJFU09VUkNFR1JPVVBERUxFVElPTkpPQi1CTE9COjJEQVVESVQ6MkRDTURMRVQ6MkRURVNUOjJEUkcyNDE5LVdFU1RDRU5UUkFMVVMiLCJqb2JMb2NhdGlvbiI6Indlc3RjZW50cmFsdXMifQ?api-version=2016-02-01",
      "EncodedRequestUri": "L3N1YnNjcmlwdGlvbnMvY2NhMjRlYzgtOTliNS00YWE3LTlmZjYtNDg2ZTg4NmYzMDRjL29wZXJhdGlvbnJlc3VsdHMvZXlKcWIySkpaQ0k2SWxKRlUwOVZVa05GUjFKUFZWQkVSVXhGVkVsUFRrcFBRaTFDVEU5Q09qSkVRVlZFU1ZRNk1rUkRUVVJNUlZRNk1rUlVSVk5VT2pKRVVrY3lOREU1TFZkRlUxUkRSVTVVVWtGTVZWTWlMQ0pxYjJKTWIyTmhkR2x2YmlJNkluZGxjM1JqWlc1MGNtRnNkWE1pZlE/YXBpLXZlcnNpb249MjAxNi0wMi0wMQ==",
      "RequestMethod": "GET",
      "RequestBody": "",
      "RequestHeaders": {
        "x-ms-version": [
          "2016-02-01"
        ],
        "User-Agent": [
          "Microsoft.Azure.Management.Resources.ResourceManagementClient/2.0.0.0"
        ]
      },
      "ResponseBody": "",
      "ResponseHeaders": {
        "Content-Length": [
          "0"
        ],
        "Expires": [
          "-1"
        ],
        "Pragma": [
          "no-cache"
        ],
        "Retry-After": [
          "15"
        ],
        "x-ms-ratelimit-remaining-subscription-reads": [
          "14869"
        ],
        "x-ms-request-id": [
          "810c1bcc-1465-4c0c-8cdd-f603ea881573"
        ],
        "x-ms-correlation-request-id": [
          "810c1bcc-1465-4c0c-8cdd-f603ea881573"
        ],
        "x-ms-routing-request-id": [
          "WESTEUROPE:20170608T054405Z:810c1bcc-1465-4c0c-8cdd-f603ea881573"
        ],
        "Strict-Transport-Security": [
          "max-age=31536000; includeSubDomains"
        ],
        "Cache-Control": [
          "no-cache"
        ],
        "Date": [
          "Thu, 08 Jun 2017 05:44:04 GMT"
        ],
        "Location": [
          "https://management.azure.com/subscriptions/cca24ec8-99b5-4aa7-9ff6-486e886f304c/operationresults/eyJqb2JJZCI6IlJFU09VUkNFR1JPVVBERUxFVElPTkpPQi1CTE9COjJEQVVESVQ6MkRDTURMRVQ6MkRURVNUOjJEUkcyNDE5LVdFU1RDRU5UUkFMVVMiLCJqb2JMb2NhdGlvbiI6Indlc3RjZW50cmFsdXMifQ?api-version=2016-02-01"
        ]
      },
      "StatusCode": 202
    },
    {
      "RequestUri": "/subscriptions/cca24ec8-99b5-4aa7-9ff6-486e886f304c/operationresults/eyJqb2JJZCI6IlJFU09VUkNFR1JPVVBERUxFVElPTkpPQi1CTE9COjJEQVVESVQ6MkRDTURMRVQ6MkRURVNUOjJEUkcyNDE5LVdFU1RDRU5UUkFMVVMiLCJqb2JMb2NhdGlvbiI6Indlc3RjZW50cmFsdXMifQ?api-version=2016-02-01",
      "EncodedRequestUri": "L3N1YnNjcmlwdGlvbnMvY2NhMjRlYzgtOTliNS00YWE3LTlmZjYtNDg2ZTg4NmYzMDRjL29wZXJhdGlvbnJlc3VsdHMvZXlKcWIySkpaQ0k2SWxKRlUwOVZVa05GUjFKUFZWQkVSVXhGVkVsUFRrcFBRaTFDVEU5Q09qSkVRVlZFU1ZRNk1rUkRUVVJNUlZRNk1rUlVSVk5VT2pKRVVrY3lOREU1TFZkRlUxUkRSVTVVVWtGTVZWTWlMQ0pxYjJKTWIyTmhkR2x2YmlJNkluZGxjM1JqWlc1MGNtRnNkWE1pZlE/YXBpLXZlcnNpb249MjAxNi0wMi0wMQ==",
      "RequestMethod": "GET",
      "RequestBody": "",
      "RequestHeaders": {
        "x-ms-version": [
          "2016-02-01"
        ],
        "User-Agent": [
          "Microsoft.Azure.Management.Resources.ResourceManagementClient/2.0.0.0"
        ]
      },
      "ResponseBody": "",
      "ResponseHeaders": {
        "Content-Length": [
          "0"
        ],
        "Expires": [
          "-1"
        ],
        "Pragma": [
          "no-cache"
        ],
        "Retry-After": [
          "15"
        ],
        "x-ms-ratelimit-remaining-subscription-reads": [
          "14867"
        ],
        "x-ms-request-id": [
          "edb55320-9e6a-4277-be01-f98bf2df2ea1"
        ],
        "x-ms-correlation-request-id": [
          "edb55320-9e6a-4277-be01-f98bf2df2ea1"
        ],
        "x-ms-routing-request-id": [
          "WESTEUROPE:20170608T054420Z:edb55320-9e6a-4277-be01-f98bf2df2ea1"
        ],
        "Strict-Transport-Security": [
          "max-age=31536000; includeSubDomains"
        ],
        "Cache-Control": [
          "no-cache"
        ],
        "Date": [
          "Thu, 08 Jun 2017 05:44:20 GMT"
        ],
        "Location": [
          "https://management.azure.com/subscriptions/cca24ec8-99b5-4aa7-9ff6-486e886f304c/operationresults/eyJqb2JJZCI6IlJFU09VUkNFR1JPVVBERUxFVElPTkpPQi1CTE9COjJEQVVESVQ6MkRDTURMRVQ6MkRURVNUOjJEUkcyNDE5LVdFU1RDRU5UUkFMVVMiLCJqb2JMb2NhdGlvbiI6Indlc3RjZW50cmFsdXMifQ?api-version=2016-02-01"
        ]
      },
      "StatusCode": 202
    },
    {
      "RequestUri": "/subscriptions/cca24ec8-99b5-4aa7-9ff6-486e886f304c/operationresults/eyJqb2JJZCI6IlJFU09VUkNFR1JPVVBERUxFVElPTkpPQi1CTE9COjJEQVVESVQ6MkRDTURMRVQ6MkRURVNUOjJEUkcyNDE5LVdFU1RDRU5UUkFMVVMiLCJqb2JMb2NhdGlvbiI6Indlc3RjZW50cmFsdXMifQ?api-version=2016-02-01",
      "EncodedRequestUri": "L3N1YnNjcmlwdGlvbnMvY2NhMjRlYzgtOTliNS00YWE3LTlmZjYtNDg2ZTg4NmYzMDRjL29wZXJhdGlvbnJlc3VsdHMvZXlKcWIySkpaQ0k2SWxKRlUwOVZVa05GUjFKUFZWQkVSVXhGVkVsUFRrcFBRaTFDVEU5Q09qSkVRVlZFU1ZRNk1rUkRUVVJNUlZRNk1rUlVSVk5VT2pKRVVrY3lOREU1TFZkRlUxUkRSVTVVVWtGTVZWTWlMQ0pxYjJKTWIyTmhkR2x2YmlJNkluZGxjM1JqWlc1MGNtRnNkWE1pZlE/YXBpLXZlcnNpb249MjAxNi0wMi0wMQ==",
      "RequestMethod": "GET",
      "RequestBody": "",
      "RequestHeaders": {
        "x-ms-version": [
          "2016-02-01"
        ],
        "User-Agent": [
          "Microsoft.Azure.Management.Resources.ResourceManagementClient/2.0.0.0"
        ]
      },
      "ResponseBody": "",
      "ResponseHeaders": {
        "Content-Length": [
          "0"
        ],
        "Expires": [
          "-1"
        ],
        "Pragma": [
          "no-cache"
        ],
        "Retry-After": [
          "15"
        ],
        "x-ms-ratelimit-remaining-subscription-reads": [
          "14864"
        ],
        "x-ms-request-id": [
          "0908bc79-c145-4cb5-9e51-e3d3de45d65e"
        ],
        "x-ms-correlation-request-id": [
          "0908bc79-c145-4cb5-9e51-e3d3de45d65e"
        ],
        "x-ms-routing-request-id": [
          "WESTEUROPE:20170608T054436Z:0908bc79-c145-4cb5-9e51-e3d3de45d65e"
        ],
        "Strict-Transport-Security": [
          "max-age=31536000; includeSubDomains"
        ],
        "Cache-Control": [
          "no-cache"
        ],
        "Date": [
          "Thu, 08 Jun 2017 05:44:35 GMT"
        ],
        "Location": [
          "https://management.azure.com/subscriptions/cca24ec8-99b5-4aa7-9ff6-486e886f304c/operationresults/eyJqb2JJZCI6IlJFU09VUkNFR1JPVVBERUxFVElPTkpPQi1CTE9COjJEQVVESVQ6MkRDTURMRVQ6MkRURVNUOjJEUkcyNDE5LVdFU1RDRU5UUkFMVVMiLCJqb2JMb2NhdGlvbiI6Indlc3RjZW50cmFsdXMifQ?api-version=2016-02-01"
        ]
      },
      "StatusCode": 202
    },
    {
      "RequestUri": "/subscriptions/cca24ec8-99b5-4aa7-9ff6-486e886f304c/operationresults/eyJqb2JJZCI6IlJFU09VUkNFR1JPVVBERUxFVElPTkpPQi1CTE9COjJEQVVESVQ6MkRDTURMRVQ6MkRURVNUOjJEUkcyNDE5LVdFU1RDRU5UUkFMVVMiLCJqb2JMb2NhdGlvbiI6Indlc3RjZW50cmFsdXMifQ?api-version=2016-02-01",
      "EncodedRequestUri": "L3N1YnNjcmlwdGlvbnMvY2NhMjRlYzgtOTliNS00YWE3LTlmZjYtNDg2ZTg4NmYzMDRjL29wZXJhdGlvbnJlc3VsdHMvZXlKcWIySkpaQ0k2SWxKRlUwOVZVa05GUjFKUFZWQkVSVXhGVkVsUFRrcFBRaTFDVEU5Q09qSkVRVlZFU1ZRNk1rUkRUVVJNUlZRNk1rUlVSVk5VT2pKRVVrY3lOREU1TFZkRlUxUkRSVTVVVWtGTVZWTWlMQ0pxYjJKTWIyTmhkR2x2YmlJNkluZGxjM1JqWlc1MGNtRnNkWE1pZlE/YXBpLXZlcnNpb249MjAxNi0wMi0wMQ==",
      "RequestMethod": "GET",
      "RequestBody": "",
      "RequestHeaders": {
        "x-ms-version": [
          "2016-02-01"
        ],
        "User-Agent": [
          "Microsoft.Azure.Management.Resources.ResourceManagementClient/2.0.0.0"
        ]
      },
      "ResponseBody": "",
      "ResponseHeaders": {
        "Content-Length": [
          "0"
        ],
        "Expires": [
          "-1"
        ],
        "Pragma": [
          "no-cache"
        ],
        "Retry-After": [
          "15"
        ],
        "x-ms-ratelimit-remaining-subscription-reads": [
          "14862"
        ],
        "x-ms-request-id": [
          "adc45043-63e6-41da-9c35-a74aa268261a"
        ],
        "x-ms-correlation-request-id": [
          "adc45043-63e6-41da-9c35-a74aa268261a"
        ],
        "x-ms-routing-request-id": [
          "WESTEUROPE:20170608T054451Z:adc45043-63e6-41da-9c35-a74aa268261a"
        ],
        "Strict-Transport-Security": [
          "max-age=31536000; includeSubDomains"
        ],
        "Cache-Control": [
          "no-cache"
        ],
        "Date": [
          "Thu, 08 Jun 2017 05:44:51 GMT"
        ],
        "Location": [
          "https://management.azure.com/subscriptions/cca24ec8-99b5-4aa7-9ff6-486e886f304c/operationresults/eyJqb2JJZCI6IlJFU09VUkNFR1JPVVBERUxFVElPTkpPQi1CTE9COjJEQVVESVQ6MkRDTURMRVQ6MkRURVNUOjJEUkcyNDE5LVdFU1RDRU5UUkFMVVMiLCJqb2JMb2NhdGlvbiI6Indlc3RjZW50cmFsdXMifQ?api-version=2016-02-01"
        ]
      },
      "StatusCode": 202
    },
    {
      "RequestUri": "/subscriptions/cca24ec8-99b5-4aa7-9ff6-486e886f304c/operationresults/eyJqb2JJZCI6IlJFU09VUkNFR1JPVVBERUxFVElPTkpPQi1CTE9COjJEQVVESVQ6MkRDTURMRVQ6MkRURVNUOjJEUkcyNDE5LVdFU1RDRU5UUkFMVVMiLCJqb2JMb2NhdGlvbiI6Indlc3RjZW50cmFsdXMifQ?api-version=2016-02-01",
      "EncodedRequestUri": "L3N1YnNjcmlwdGlvbnMvY2NhMjRlYzgtOTliNS00YWE3LTlmZjYtNDg2ZTg4NmYzMDRjL29wZXJhdGlvbnJlc3VsdHMvZXlKcWIySkpaQ0k2SWxKRlUwOVZVa05GUjFKUFZWQkVSVXhGVkVsUFRrcFBRaTFDVEU5Q09qSkVRVlZFU1ZRNk1rUkRUVVJNUlZRNk1rUlVSVk5VT2pKRVVrY3lOREU1TFZkRlUxUkRSVTVVVWtGTVZWTWlMQ0pxYjJKTWIyTmhkR2x2YmlJNkluZGxjM1JqWlc1MGNtRnNkWE1pZlE/YXBpLXZlcnNpb249MjAxNi0wMi0wMQ==",
      "RequestMethod": "GET",
      "RequestBody": "",
      "RequestHeaders": {
        "x-ms-version": [
          "2016-02-01"
        ],
        "User-Agent": [
          "Microsoft.Azure.Management.Resources.ResourceManagementClient/2.0.0.0"
        ]
      },
      "ResponseBody": "",
      "ResponseHeaders": {
        "Content-Length": [
          "0"
        ],
        "Expires": [
          "-1"
        ],
        "Pragma": [
          "no-cache"
        ],
        "Retry-After": [
          "15"
        ],
        "x-ms-ratelimit-remaining-subscription-reads": [
          "14879"
        ],
        "x-ms-request-id": [
          "c4302fbe-d522-476f-9a6c-45efe2acdbae"
        ],
        "x-ms-correlation-request-id": [
          "c4302fbe-d522-476f-9a6c-45efe2acdbae"
        ],
        "x-ms-routing-request-id": [
          "WESTEUROPE:20170608T054506Z:c4302fbe-d522-476f-9a6c-45efe2acdbae"
        ],
        "Strict-Transport-Security": [
          "max-age=31536000; includeSubDomains"
        ],
        "Cache-Control": [
          "no-cache"
        ],
        "Date": [
          "Thu, 08 Jun 2017 05:45:06 GMT"
        ],
        "Location": [
          "https://management.azure.com/subscriptions/cca24ec8-99b5-4aa7-9ff6-486e886f304c/operationresults/eyJqb2JJZCI6IlJFU09VUkNFR1JPVVBERUxFVElPTkpPQi1CTE9COjJEQVVESVQ6MkRDTURMRVQ6MkRURVNUOjJEUkcyNDE5LVdFU1RDRU5UUkFMVVMiLCJqb2JMb2NhdGlvbiI6Indlc3RjZW50cmFsdXMifQ?api-version=2016-02-01"
        ]
      },
      "StatusCode": 202
    },
    {
      "RequestUri": "/subscriptions/cca24ec8-99b5-4aa7-9ff6-486e886f304c/operationresults/eyJqb2JJZCI6IlJFU09VUkNFR1JPVVBERUxFVElPTkpPQi1CTE9COjJEQVVESVQ6MkRDTURMRVQ6MkRURVNUOjJEUkcyNDE5LVdFU1RDRU5UUkFMVVMiLCJqb2JMb2NhdGlvbiI6Indlc3RjZW50cmFsdXMifQ?api-version=2016-02-01",
      "EncodedRequestUri": "L3N1YnNjcmlwdGlvbnMvY2NhMjRlYzgtOTliNS00YWE3LTlmZjYtNDg2ZTg4NmYzMDRjL29wZXJhdGlvbnJlc3VsdHMvZXlKcWIySkpaQ0k2SWxKRlUwOVZVa05GUjFKUFZWQkVSVXhGVkVsUFRrcFBRaTFDVEU5Q09qSkVRVlZFU1ZRNk1rUkRUVVJNUlZRNk1rUlVSVk5VT2pKRVVrY3lOREU1TFZkRlUxUkRSVTVVVWtGTVZWTWlMQ0pxYjJKTWIyTmhkR2x2YmlJNkluZGxjM1JqWlc1MGNtRnNkWE1pZlE/YXBpLXZlcnNpb249MjAxNi0wMi0wMQ==",
      "RequestMethod": "GET",
      "RequestBody": "",
      "RequestHeaders": {
        "x-ms-version": [
          "2016-02-01"
        ],
        "User-Agent": [
          "Microsoft.Azure.Management.Resources.ResourceManagementClient/2.0.0.0"
        ]
      },
      "ResponseBody": "",
      "ResponseHeaders": {
        "Content-Length": [
          "0"
        ],
        "Expires": [
          "-1"
        ],
        "Pragma": [
          "no-cache"
        ],
        "Retry-After": [
          "15"
        ],
        "x-ms-ratelimit-remaining-subscription-reads": [
          "14877"
        ],
        "x-ms-request-id": [
          "34ea3687-b0f1-410f-aa8c-cce070409f9f"
        ],
        "x-ms-correlation-request-id": [
          "34ea3687-b0f1-410f-aa8c-cce070409f9f"
        ],
        "x-ms-routing-request-id": [
          "WESTEUROPE:20170608T054522Z:34ea3687-b0f1-410f-aa8c-cce070409f9f"
        ],
        "Strict-Transport-Security": [
          "max-age=31536000; includeSubDomains"
        ],
        "Cache-Control": [
          "no-cache"
        ],
        "Date": [
          "Thu, 08 Jun 2017 05:45:21 GMT"
        ],
        "Location": [
          "https://management.azure.com/subscriptions/cca24ec8-99b5-4aa7-9ff6-486e886f304c/operationresults/eyJqb2JJZCI6IlJFU09VUkNFR1JPVVBERUxFVElPTkpPQi1CTE9COjJEQVVESVQ6MkRDTURMRVQ6MkRURVNUOjJEUkcyNDE5LVdFU1RDRU5UUkFMVVMiLCJqb2JMb2NhdGlvbiI6Indlc3RjZW50cmFsdXMifQ?api-version=2016-02-01"
        ]
      },
      "StatusCode": 202
    },
    {
      "RequestUri": "/subscriptions/cca24ec8-99b5-4aa7-9ff6-486e886f304c/operationresults/eyJqb2JJZCI6IlJFU09VUkNFR1JPVVBERUxFVElPTkpPQi1CTE9COjJEQVVESVQ6MkRDTURMRVQ6MkRURVNUOjJEUkcyNDE5LVdFU1RDRU5UUkFMVVMiLCJqb2JMb2NhdGlvbiI6Indlc3RjZW50cmFsdXMifQ?api-version=2016-02-01",
      "EncodedRequestUri": "L3N1YnNjcmlwdGlvbnMvY2NhMjRlYzgtOTliNS00YWE3LTlmZjYtNDg2ZTg4NmYzMDRjL29wZXJhdGlvbnJlc3VsdHMvZXlKcWIySkpaQ0k2SWxKRlUwOVZVa05GUjFKUFZWQkVSVXhGVkVsUFRrcFBRaTFDVEU5Q09qSkVRVlZFU1ZRNk1rUkRUVVJNUlZRNk1rUlVSVk5VT2pKRVVrY3lOREU1TFZkRlUxUkRSVTVVVWtGTVZWTWlMQ0pxYjJKTWIyTmhkR2x2YmlJNkluZGxjM1JqWlc1MGNtRnNkWE1pZlE/YXBpLXZlcnNpb249MjAxNi0wMi0wMQ==",
      "RequestMethod": "GET",
      "RequestBody": "",
      "RequestHeaders": {
        "x-ms-version": [
          "2016-02-01"
        ],
        "User-Agent": [
          "Microsoft.Azure.Management.Resources.ResourceManagementClient/2.0.0.0"
        ]
      },
      "ResponseBody": "",
      "ResponseHeaders": {
        "Content-Length": [
          "0"
        ],
        "Expires": [
          "-1"
        ],
        "Pragma": [
          "no-cache"
        ],
        "Retry-After": [
          "15"
        ],
        "x-ms-ratelimit-remaining-subscription-reads": [
          "14873"
        ],
        "x-ms-request-id": [
          "872011cd-38d2-4fd3-b07f-b05e0ee49c12"
        ],
        "x-ms-correlation-request-id": [
          "872011cd-38d2-4fd3-b07f-b05e0ee49c12"
        ],
        "x-ms-routing-request-id": [
          "WESTEUROPE:20170608T054537Z:872011cd-38d2-4fd3-b07f-b05e0ee49c12"
        ],
        "Strict-Transport-Security": [
          "max-age=31536000; includeSubDomains"
        ],
        "Cache-Control": [
          "no-cache"
        ],
        "Date": [
          "Thu, 08 Jun 2017 05:45:36 GMT"
        ],
        "Location": [
          "https://management.azure.com/subscriptions/cca24ec8-99b5-4aa7-9ff6-486e886f304c/operationresults/eyJqb2JJZCI6IlJFU09VUkNFR1JPVVBERUxFVElPTkpPQi1CTE9COjJEQVVESVQ6MkRDTURMRVQ6MkRURVNUOjJEUkcyNDE5LVdFU1RDRU5UUkFMVVMiLCJqb2JMb2NhdGlvbiI6Indlc3RjZW50cmFsdXMifQ?api-version=2016-02-01"
        ]
      },
      "StatusCode": 202
    },
    {
      "RequestUri": "/subscriptions/cca24ec8-99b5-4aa7-9ff6-486e886f304c/operationresults/eyJqb2JJZCI6IlJFU09VUkNFR1JPVVBERUxFVElPTkpPQi1CTE9COjJEQVVESVQ6MkRDTURMRVQ6MkRURVNUOjJEUkcyNDE5LVdFU1RDRU5UUkFMVVMiLCJqb2JMb2NhdGlvbiI6Indlc3RjZW50cmFsdXMifQ?api-version=2016-02-01",
      "EncodedRequestUri": "L3N1YnNjcmlwdGlvbnMvY2NhMjRlYzgtOTliNS00YWE3LTlmZjYtNDg2ZTg4NmYzMDRjL29wZXJhdGlvbnJlc3VsdHMvZXlKcWIySkpaQ0k2SWxKRlUwOVZVa05GUjFKUFZWQkVSVXhGVkVsUFRrcFBRaTFDVEU5Q09qSkVRVlZFU1ZRNk1rUkRUVVJNUlZRNk1rUlVSVk5VT2pKRVVrY3lOREU1TFZkRlUxUkRSVTVVVWtGTVZWTWlMQ0pxYjJKTWIyTmhkR2x2YmlJNkluZGxjM1JqWlc1MGNtRnNkWE1pZlE/YXBpLXZlcnNpb249MjAxNi0wMi0wMQ==",
      "RequestMethod": "GET",
      "RequestBody": "",
      "RequestHeaders": {
        "x-ms-version": [
          "2016-02-01"
        ],
        "User-Agent": [
          "Microsoft.Azure.Management.Resources.ResourceManagementClient/2.0.0.0"
        ]
      },
      "ResponseBody": "",
      "ResponseHeaders": {
        "Content-Length": [
          "0"
        ],
        "Expires": [
          "-1"
        ],
        "Pragma": [
          "no-cache"
        ],
        "Retry-After": [
          "15"
        ],
        "x-ms-ratelimit-remaining-subscription-reads": [
          "14872"
        ],
        "x-ms-request-id": [
          "2a6ad92a-3fba-4472-97fc-e32e4db35111"
        ],
        "x-ms-correlation-request-id": [
          "2a6ad92a-3fba-4472-97fc-e32e4db35111"
        ],
        "x-ms-routing-request-id": [
          "WESTEUROPE:20170608T054553Z:2a6ad92a-3fba-4472-97fc-e32e4db35111"
        ],
        "Strict-Transport-Security": [
          "max-age=31536000; includeSubDomains"
        ],
        "Cache-Control": [
          "no-cache"
        ],
        "Date": [
          "Thu, 08 Jun 2017 05:45:52 GMT"
        ],
        "Location": [
          "https://management.azure.com/subscriptions/cca24ec8-99b5-4aa7-9ff6-486e886f304c/operationresults/eyJqb2JJZCI6IlJFU09VUkNFR1JPVVBERUxFVElPTkpPQi1CTE9COjJEQVVESVQ6MkRDTURMRVQ6MkRURVNUOjJEUkcyNDE5LVdFU1RDRU5UUkFMVVMiLCJqb2JMb2NhdGlvbiI6Indlc3RjZW50cmFsdXMifQ?api-version=2016-02-01"
        ]
      },
      "StatusCode": 202
    },
    {
      "RequestUri": "/subscriptions/cca24ec8-99b5-4aa7-9ff6-486e886f304c/operationresults/eyJqb2JJZCI6IlJFU09VUkNFR1JPVVBERUxFVElPTkpPQi1CTE9COjJEQVVESVQ6MkRDTURMRVQ6MkRURVNUOjJEUkcyNDE5LVdFU1RDRU5UUkFMVVMiLCJqb2JMb2NhdGlvbiI6Indlc3RjZW50cmFsdXMifQ?api-version=2016-02-01",
      "EncodedRequestUri": "L3N1YnNjcmlwdGlvbnMvY2NhMjRlYzgtOTliNS00YWE3LTlmZjYtNDg2ZTg4NmYzMDRjL29wZXJhdGlvbnJlc3VsdHMvZXlKcWIySkpaQ0k2SWxKRlUwOVZVa05GUjFKUFZWQkVSVXhGVkVsUFRrcFBRaTFDVEU5Q09qSkVRVlZFU1ZRNk1rUkRUVVJNUlZRNk1rUlVSVk5VT2pKRVVrY3lOREU1TFZkRlUxUkRSVTVVVWtGTVZWTWlMQ0pxYjJKTWIyTmhkR2x2YmlJNkluZGxjM1JqWlc1MGNtRnNkWE1pZlE/YXBpLXZlcnNpb249MjAxNi0wMi0wMQ==",
      "RequestMethod": "GET",
      "RequestBody": "",
      "RequestHeaders": {
        "x-ms-version": [
          "2016-02-01"
        ],
        "User-Agent": [
          "Microsoft.Azure.Management.Resources.ResourceManagementClient/2.0.0.0"
        ]
      },
      "ResponseBody": "",
      "ResponseHeaders": {
        "Content-Length": [
          "0"
        ],
        "Expires": [
          "-1"
        ],
        "Pragma": [
          "no-cache"
        ],
        "x-ms-ratelimit-remaining-subscription-reads": [
          "14870"
        ],
        "x-ms-request-id": [
          "a3b7b956-6178-49cf-9adb-e392fdd85b98"
        ],
        "x-ms-correlation-request-id": [
          "a3b7b956-6178-49cf-9adb-e392fdd85b98"
        ],
        "x-ms-routing-request-id": [
          "WESTEUROPE:20170608T054608Z:a3b7b956-6178-49cf-9adb-e392fdd85b98"
        ],
        "Strict-Transport-Security": [
          "max-age=31536000; includeSubDomains"
        ],
        "Cache-Control": [
          "no-cache"
        ],
        "Date": [
          "Thu, 08 Jun 2017 05:46:08 GMT"
        ]
      },
      "StatusCode": 200
    }
  ],
  "Names": {},
  "Variables": {
    "SubscriptionId": "cca24ec8-99b5-4aa7-9ff6-486e886f304c",
    "User": "ranisha@microsoft.com",
    "TenantId": "72f988bf-86f1-41af-91ab-2d7cd011db47"
  }
}