{
  "Entries": [
    {
      "RequestUri": "/subscriptions/46241355-bb95-46a9-ba6c-42b554d71925/resourceGroups/default-eastus/providers/Microsoft.Batch/batchAccounts/testmatt2/applications/test/versions/foo?api-version=2015-12-01",
      "EncodedRequestUri": "L3N1YnNjcmlwdGlvbnMvNDYyNDEzNTUtYmI5NS00NmE5LWJhNmMtNDJiNTU0ZDcxOTI1L3Jlc291cmNlR3JvdXBzL2RlZmF1bHQtZWFzdHVzL3Byb3ZpZGVycy9NaWNyb3NvZnQuQmF0Y2gvYmF0Y2hBY2NvdW50cy90ZXN0bWF0dDIvYXBwbGljYXRpb25zL3Rlc3QvdmVyc2lvbnMvZm9vP2FwaS12ZXJzaW9uPTIwMTUtMTItMDE=",
      "RequestMethod": "GET",
      "RequestBody": "",
      "RequestHeaders": {
        "x-ms-version": [
          "2015-12-01"
        ],
        "User-Agent": [
          "Microsoft.Azure.Management.Batch.BatchManagementClient/1.0.0.0"
        ]
      },
      "ResponseBody": "{\r\n  \"code\": \"ApplicationPackageNotFound\",\r\n  \"message\": \"The specified application package does not exist.\\nRequestId:1ed586ed-81a1-4bb6-8bd6-6577c25e7207\\nTime:2016-04-13T04:23:08.2557686Z\",\r\n  \"target\": \"BatchAccount\"\r\n}",
      "ResponseHeaders": {
        "Content-Length": [
          "206"
        ],
        "Content-Type": [
          "application/json; charset=utf-8"
        ],
        "Expires": [
          "-1"
        ],
        "Pragma": [
          "no-cache"
        ],
        "request-id": [
          "1ed586ed-81a1-4bb6-8bd6-6577c25e7207"
        ],
        "Strict-Transport-Security": [
          "max-age=31536000; includeSubDomains"
        ],
        "x-ms-ratelimit-remaining-subscription-reads": [
          "14999"
        ],
        "x-ms-request-id": [
          "520e774d-b648-4054-9ab1-da2ccca978d5"
        ],
        "x-ms-correlation-request-id": [
          "520e774d-b648-4054-9ab1-da2ccca978d5"
        ],
        "x-ms-routing-request-id": [
          "EASTUS:20160413T042308Z:520e774d-b648-4054-9ab1-da2ccca978d5"
        ],
        "Cache-Control": [
          "no-cache"
        ],
        "Date": [
          "Wed, 13 Apr 2016 04:23:08 GMT"
        ],
        "Server": [
          "Microsoft-HTTPAPI/2.0"
        ]
      },
      "StatusCode": 404
    },
    {
      "RequestUri": "/subscriptions/46241355-bb95-46a9-ba6c-42b554d71925/resourceGroups/default-eastus/providers/Microsoft.Batch/batchAccounts/testmatt2/applications/test/versions/foo?api-version=2015-12-01",
      "EncodedRequestUri": "L3N1YnNjcmlwdGlvbnMvNDYyNDEzNTUtYmI5NS00NmE5LWJhNmMtNDJiNTU0ZDcxOTI1L3Jlc291cmNlR3JvdXBzL2RlZmF1bHQtZWFzdHVzL3Byb3ZpZGVycy9NaWNyb3NvZnQuQmF0Y2gvYmF0Y2hBY2NvdW50cy90ZXN0bWF0dDIvYXBwbGljYXRpb25zL3Rlc3QvdmVyc2lvbnMvZm9vP2FwaS12ZXJzaW9uPTIwMTUtMTItMDE=",
      "RequestMethod": "GET",
      "RequestBody": "",
      "RequestHeaders": {
        "x-ms-version": [
          "2015-12-01"
        ],
        "User-Agent": [
          "Microsoft.Azure.Management.Batch.BatchManagementClient/1.0.0.0"
        ]
      },
      "ResponseBody": "{\r\n  \"id\": \"test\",\r\n  \"version\": \"foo\",\r\n  \"storageUrl\": \"https://mattpsteststorage.blob.core.windows.net/app-test-a94a8fe5ccb19ba61c4c0873d391e987982fbbd3/test-foo-0ca1815b-50ca-43ff-84a8-55665a18c2f5?sv=2014-02-14&sr=b&sig=PnHD76OsYlBkGxXh2DCsCX0N92JsSuoiAdoY8HvslZI%3D&st=2016-04-13T04%3A18%3A16Z&se=2016-04-13T08%3A23%3A16Z&sp=rw\",\r\n  \"storageUrlExpiry\": \"2016-04-13T08:23:16.1987237Z\",\r\n  \"state\": \"active\",\r\n  \"format\": \"zip\",\r\n  \"lastActivationTime\": \"2016-04-13T04:23:16.9078744Z\"\r\n}",
      "ResponseHeaders": {
        "Content-Length": [
          "454"
        ],
        "Content-Type": [
          "application/json; charset=utf-8"
        ],
        "Expires": [
          "-1"
        ],
        "Last-Modified": [
          "Wed, 13 Apr 2016 04:23:16 GMT"
        ],
        "Pragma": [
          "no-cache"
        ],
        "request-id": [
          "f2f4eea4-d381-4933-9acf-39d521d12598"
        ],
        "Strict-Transport-Security": [
          "max-age=31536000; includeSubDomains"
        ],
        "x-ms-ratelimit-remaining-subscription-reads": [
          "14998"
        ],
        "x-ms-request-id": [
          "648fa00c-6b81-4a33-9b3e-735b5c703862"
        ],
        "x-ms-correlation-request-id": [
          "648fa00c-6b81-4a33-9b3e-735b5c703862"
        ],
        "x-ms-routing-request-id": [
          "EASTUS:20160413T042316Z:648fa00c-6b81-4a33-9b3e-735b5c703862"
        ],
        "Cache-Control": [
          "no-cache"
        ],
        "Date": [
          "Wed, 13 Apr 2016 04:23:16 GMT"
        ],
        "ETag": [
          "0x8D3635355FB0F94"
        ],
        "Server": [
          "Microsoft-HTTPAPI/2.0"
        ]
      },
      "StatusCode": 200
    },
    {
      "RequestUri": "/subscriptions/46241355-bb95-46a9-ba6c-42b554d71925/resourceGroups/default-eastus/providers/Microsoft.Batch/batchAccounts/testmatt2/applications/test/versions/foo?api-version=2015-12-01",
      "EncodedRequestUri": "L3N1YnNjcmlwdGlvbnMvNDYyNDEzNTUtYmI5NS00NmE5LWJhNmMtNDJiNTU0ZDcxOTI1L3Jlc291cmNlR3JvdXBzL2RlZmF1bHQtZWFzdHVzL3Byb3ZpZGVycy9NaWNyb3NvZnQuQmF0Y2gvYmF0Y2hBY2NvdW50cy90ZXN0bWF0dDIvYXBwbGljYXRpb25zL3Rlc3QvdmVyc2lvbnMvZm9vP2FwaS12ZXJzaW9uPTIwMTUtMTItMDE=",
      "RequestMethod": "GET",
      "RequestBody": "",
      "RequestHeaders": {
        "x-ms-version": [
          "2015-12-01"
        ],
        "User-Agent": [
          "Microsoft.Azure.Management.Batch.BatchManagementClient/1.0.0.0"
        ]
      },
      "ResponseBody": "{\r\n  \"id\": \"test\",\r\n  \"version\": \"foo\",\r\n  \"storageUrl\": \"https://mattpsteststorage.blob.core.windows.net/app-test-a94a8fe5ccb19ba61c4c0873d391e987982fbbd3/test-foo-0ca1815b-50ca-43ff-84a8-55665a18c2f5?sv=2014-02-14&sr=b&sig=PnHD76OsYlBkGxXh2DCsCX0N92JsSuoiAdoY8HvslZI%3D&st=2016-04-13T04%3A18%3A16Z&se=2016-04-13T08%3A23%3A16Z&sp=rw\",\r\n  \"storageUrlExpiry\": \"2016-04-13T08:23:16.5493007Z\",\r\n  \"state\": \"active\",\r\n  \"format\": \"zip\",\r\n  \"lastActivationTime\": \"2016-04-13T04:23:16.9078744Z\"\r\n}",
      "ResponseHeaders": {
        "Content-Length": [
          "454"
        ],
        "Content-Type": [
          "application/json; charset=utf-8"
        ],
        "Expires": [
          "-1"
        ],
        "Last-Modified": [
          "Wed, 13 Apr 2016 04:23:16 GMT"
        ],
        "Pragma": [
          "no-cache"
        ],
        "request-id": [
          "d0440af4-5519-4d99-b8ba-4ddb5ea8c6c6"
        ],
        "Strict-Transport-Security": [
          "max-age=31536000; includeSubDomains"
        ],
        "x-ms-ratelimit-remaining-subscription-reads": [
          "14997"
        ],
        "x-ms-request-id": [
          "d2988ff0-c920-47a9-9716-8b3372647864"
        ],
        "x-ms-correlation-request-id": [
          "d2988ff0-c920-47a9-9716-8b3372647864"
        ],
        "x-ms-routing-request-id": [
          "EASTUS:20160413T042316Z:d2988ff0-c920-47a9-9716-8b3372647864"
        ],
        "Cache-Control": [
          "no-cache"
        ],
        "Date": [
          "Wed, 13 Apr 2016 04:23:16 GMT"
        ],
        "ETag": [
          "0x8D3635355FB0F94"
        ],
        "Server": [
          "Microsoft-HTTPAPI/2.0"
        ]
      },
      "StatusCode": 200
    },
    {
      "RequestUri": "/subscriptions/46241355-bb95-46a9-ba6c-42b554d71925/resourceGroups/default-eastus/providers/Microsoft.Batch/batchAccounts/testmatt2/applications/test/versions/foo?api-version=2015-12-01",
      "EncodedRequestUri": "L3N1YnNjcmlwdGlvbnMvNDYyNDEzNTUtYmI5NS00NmE5LWJhNmMtNDJiNTU0ZDcxOTI1L3Jlc291cmNlR3JvdXBzL2RlZmF1bHQtZWFzdHVzL3Byb3ZpZGVycy9NaWNyb3NvZnQuQmF0Y2gvYmF0Y2hBY2NvdW50cy90ZXN0bWF0dDIvYXBwbGljYXRpb25zL3Rlc3QvdmVyc2lvbnMvZm9vP2FwaS12ZXJzaW9uPTIwMTUtMTItMDE=",
      "RequestMethod": "PUT",
      "RequestBody": "",
      "RequestHeaders": {
        "x-ms-version": [
          "2015-12-01"
        ],
        "User-Agent": [
          "Microsoft.Azure.Management.Batch.BatchManagementClient/1.0.0.0"
        ]
      },
      "ResponseBody": "{\r\n  \"id\": \"test\",\r\n  \"version\": \"foo\",\r\n  \"storageUrl\": \"https://mattpsteststorage.blob.core.windows.net/app-test-a94a8fe5ccb19ba61c4c0873d391e987982fbbd3/test-foo-0ca1815b-50ca-43ff-84a8-55665a18c2f5?sv=2014-02-14&sr=b&sig=hPO3YilmKMwHIbTcvp12DVqh45AjBMaOqWtPp934bes%3D&st=2016-04-13T04%3A18%3A10Z&se=2016-04-13T08%3A23%3A10Z&sp=rw\",\r\n  \"storageUrlExpiry\": \"2016-04-13T08:23:10.7488808Z\",\r\n  \"state\": \"pending\"\r\n}",
      "ResponseHeaders": {
        "Content-Length": [
          "388"
        ],
        "Content-Type": [
          "application/json; charset=utf-8"
        ],
        "Expires": [
          "-1"
        ],
        "Pragma": [
          "no-cache"
        ],
        "request-id": [
          "4c4586cd-5a91-490d-9d64-c06bf2a4571f"
        ],
        "Strict-Transport-Security": [
          "max-age=31536000; includeSubDomains"
        ],
        "x-ms-ratelimit-remaining-subscription-writes": [
          "1199"
        ],
        "x-ms-request-id": [
          "df1fb5b6-04ed-4c7f-b0b2-68133e4fa77d"
        ],
        "x-ms-correlation-request-id": [
          "df1fb5b6-04ed-4c7f-b0b2-68133e4fa77d"
        ],
        "x-ms-routing-request-id": [
          "EASTUS:20160413T042311Z:df1fb5b6-04ed-4c7f-b0b2-68133e4fa77d"
        ],
        "Cache-Control": [
          "no-cache"
        ],
        "Date": [
          "Wed, 13 Apr 2016 04:23:11 GMT"
        ],
        "Server": [
          "Microsoft-HTTPAPI/2.0"
        ]
      },
      "StatusCode": 201
    },
    {
      "RequestUri": "/subscriptions/46241355-bb95-46a9-ba6c-42b554d71925/resourceGroups/default-eastus/providers/Microsoft.Batch/batchAccounts/testmatt2/applications/test/versions/foo/activate?api-version=2015-12-01",
      "EncodedRequestUri": "L3N1YnNjcmlwdGlvbnMvNDYyNDEzNTUtYmI5NS00NmE5LWJhNmMtNDJiNTU0ZDcxOTI1L3Jlc291cmNlR3JvdXBzL2RlZmF1bHQtZWFzdHVzL3Byb3ZpZGVycy9NaWNyb3NvZnQuQmF0Y2gvYmF0Y2hBY2NvdW50cy90ZXN0bWF0dDIvYXBwbGljYXRpb25zL3Rlc3QvdmVyc2lvbnMvZm9vL2FjdGl2YXRlP2FwaS12ZXJzaW9uPTIwMTUtMTItMDE=",
      "RequestMethod": "POST",
      "RequestBody": "{\r\n  \"format\": \"zip\"\r\n}",
      "RequestHeaders": {
        "Content-Type": [
          "application/json; charset=utf-8"
        ],
        "Content-Length": [
          "23"
        ],
        "x-ms-version": [
          "2015-12-01"
        ],
        "User-Agent": [
          "Microsoft.Azure.Management.Batch.BatchManagementClient/1.0.0.0"
        ]
      },
      "ResponseBody": "",
      "ResponseHeaders": {
        "Content-Length": [
          "0"
        ],
        "Expires": [
          "-1"
        ],
        "Last-Modified": [
          "Wed, 13 Apr 2016 04:23:11 GMT"
        ],
        "Pragma": [
          "no-cache"
        ],
        "request-id": [
          "3613d85b-7926-4944-a947-f0a3a0237239"
        ],
        "Strict-Transport-Security": [
          "max-age=31536000; includeSubDomains"
        ],
        "x-ms-ratelimit-remaining-subscription-writes": [
          "1198"
        ],
        "x-ms-request-id": [
          "2e6bc010-3e0f-4472-84b4-bbf5d6f587ae"
        ],
        "x-ms-correlation-request-id": [
          "2e6bc010-3e0f-4472-84b4-bbf5d6f587ae"
        ],
        "x-ms-routing-request-id": [
          "EASTUS:20160413T042316Z:2e6bc010-3e0f-4472-84b4-bbf5d6f587ae"
        ],
        "Cache-Control": [
          "no-cache"
        ],
        "Date": [
          "Wed, 13 Apr 2016 04:23:16 GMT"
        ],
        "ETag": [
          "0x8D3635352EB91D4"
        ],
        "Server": [
          "Microsoft-HTTPAPI/2.0"
        ]
      },
      "StatusCode": 204
    },
    {
      "RequestUri": "/pools?api-version=2016-02-01.3.0",
      "EncodedRequestUri": "L3Bvb2xzP2FwaS12ZXJzaW9uPTIwMTYtMDItMDEuMy4w",
      "RequestMethod": "POST",
      "RequestBody": "{\r\n  \"id\": \"testmatt2pool-id410bc\",\r\n  \"vmSize\": \"small\",\r\n  \"cloudServiceConfiguration\": {\r\n    \"osFamily\": \"4\",\r\n    \"targetOSVersion\": \"*\"\r\n  },\r\n  \"targetDedicated\": 3,\r\n  \"enableInterNodeCommunication\": false,\r\n  \"startTask\": {\r\n    \"commandLine\": \"cmd /c echo hello\"\r\n  },\r\n  \"applicationPackageReferences\": [\r\n    {\r\n      \"applicationId\": \"test\",\r\n      \"version\": \"foo\"\r\n    }\r\n  ]\r\n}",
      "RequestHeaders": {
        "Content-Type": [
          "application/json; odata=minimalmetadata; charset=utf-8"
        ],
        "Content-Length": [
          "393"
        ],
        "x-ms-client-request-id": [
          "a11929d3-1aba-4624-b580-18cc0f2a689b"
        ],
        "accept-language": [
          "en-US"
        ],
        "client-request-id": [
          "2038bbe5-8faa-4e6b-9496-4a581adad6df"
        ],
        "ocp-date": [
          "Wed, 13 Apr 2016 04:23:17 GMT"
        ],
        "User-Agent": [
          "Microsoft.Azure.Batch.Protocol.BatchServiceClient/4.0.0.0",
          "AzurePowershell/v1.0.5"
        ]
      },
      "ResponseBody": "",
      "ResponseHeaders": {
        "Last-Modified": [
          "Wed, 13 Apr 2016 04:23:19 GMT"
        ],
        "Transfer-Encoding": [
          "chunked"
        ],
        "request-id": [
          "43b06c3f-d0be-4220-8fd0-77a1371f6de2"
        ],
        "Strict-Transport-Security": [
          "max-age=31536000; includeSubDomains"
        ],
        "DataServiceVersion": [
          "3.0"
        ],
        "DataServiceId": [
          "https://testmatt2.eastus.batch.azure.com/pools/testmatt2pool-id410bc"
        ],
        "Date": [
          "Wed, 13 Apr 2016 04:23:19 GMT"
        ],
        "ETag": [
          "0x8D3635357CBE491"
        ],
        "Location": [
          "https://testmatt2.eastus.batch.azure.com/pools/testmatt2pool-id410bc"
        ],
        "Server": [
          "Microsoft-HTTPAPI/2.0"
        ]
      },
      "StatusCode": 201
    },
    {
      "RequestUri": "/subscriptions/46241355-bb95-46a9-ba6c-42b554d71925/resourceGroups/default-eastus/providers/Microsoft.Batch/batchAccounts/testmatt2/applications/test/versions/foo?api-version=2015-12-01",
      "EncodedRequestUri": "L3N1YnNjcmlwdGlvbnMvNDYyNDEzNTUtYmI5NS00NmE5LWJhNmMtNDJiNTU0ZDcxOTI1L3Jlc291cmNlR3JvdXBzL2RlZmF1bHQtZWFzdHVzL3Byb3ZpZGVycy9NaWNyb3NvZnQuQmF0Y2gvYmF0Y2hBY2NvdW50cy90ZXN0bWF0dDIvYXBwbGljYXRpb25zL3Rlc3QvdmVyc2lvbnMvZm9vP2FwaS12ZXJzaW9uPTIwMTUtMTItMDE=",
      "RequestMethod": "DELETE",
      "RequestBody": "",
      "RequestHeaders": {
        "x-ms-version": [
          "2015-12-01"
        ],
        "User-Agent": [
          "Microsoft.Azure.Management.Batch.BatchManagementClient/1.0.0.0"
        ]
      },
      "ResponseBody": "",
      "ResponseHeaders": {
        "Content-Length": [
          "0"
        ],
        "Expires": [
          "-1"
        ],
        "Pragma": [
          "no-cache"
        ],
        "request-id": [
          "9906b7c1-0f25-4179-aaa6-cd20b6a74683"
        ],
        "Strict-Transport-Security": [
          "max-age=31536000; includeSubDomains"
        ],
        "x-ms-ratelimit-remaining-subscription-writes": [
          "1197"
        ],
        "x-ms-request-id": [
          "bbc73def-dd83-480b-aa92-1210b98f4ca9"
        ],
        "x-ms-correlation-request-id": [
          "bbc73def-dd83-480b-aa92-1210b98f4ca9"
        ],
        "x-ms-routing-request-id": [
          "EASTUS:20160413T042319Z:bbc73def-dd83-480b-aa92-1210b98f4ca9"
        ],
        "Cache-Control": [
          "no-cache"
        ],
        "Date": [
          "Wed, 13 Apr 2016 04:23:19 GMT"
        ],
        "Server": [
          "Microsoft-HTTPAPI/2.0"
        ]
      },
      "StatusCode": 204
    },
    {
      "RequestUri": "/pools/testmatt2pool-id410bc?api-version=2016-02-01.3.0",
      "EncodedRequestUri": "L3Bvb2xzL3Rlc3RtYXR0MnBvb2wtaWQ0MTBiYz9hcGktdmVyc2lvbj0yMDE2LTAyLTAxLjMuMA==",
      "RequestMethod": "DELETE",
      "RequestBody": "",
      "RequestHeaders": {
        "x-ms-client-request-id": [
          "ef68e4c3-e8e1-4554-9f94-542ff7f2ce2c"
        ],
        "accept-language": [
          "en-US"
        ],
        "client-request-id": [
          "d4b6df1d-2692-4a06-acb4-2a4cb94b3c15"
        ],
        "ocp-date": [
          "Wed, 13 Apr 2016 04:23:20 GMT"
        ],
        "User-Agent": [
          "Microsoft.Azure.Batch.Protocol.BatchServiceClient/4.0.0.0",
          "AzurePowershell/v1.0.5"
        ]
      },
      "ResponseBody": "",
      "ResponseHeaders": {
        "Transfer-Encoding": [
          "chunked"
        ],
        "request-id": [
          "a25fbb04-80c6-4155-a27b-663e29390565"
        ],
        "Strict-Transport-Security": [
          "max-age=31536000; includeSubDomains"
        ],
        "DataServiceVersion": [
          "3.0"
        ],
        "Date": [
          "Wed, 13 Apr 2016 04:23:20 GMT"
        ],
        "Server": [
          "Microsoft-HTTPAPI/2.0"
        ]
      },
      "StatusCode": 202
    }
  ],
  "Names": {},
  "Variables": {
    "SubscriptionId": "46241355-bb95-46a9-ba6c-42b554d71925",
    "AZURE_BATCH_ACCOUNT": "testmatt2",
    "AZURE_BATCH_ENDPOINT": "https://testmatt2.eastus.batch.azure.com"
  }
}