{
  "Entries": [
    {
      "RequestUri": "/subscriptions/6368ed38-3570-481f-b4fa-1d0a6e8d3f3b/resources?$filter=resourceType%20eq%20'Microsoft.Batch%2FbatchAccounts'&api-version=2014-04-01-preview",
      "EncodedRequestUri": "L3N1YnNjcmlwdGlvbnMvNjM2OGVkMzgtMzU3MC00ODFmLWI0ZmEtMWQwYTZlOGQzZjNiL3Jlc291cmNlcz8kZmlsdGVyPXJlc291cmNlVHlwZSUyMGVxJTIwJ01pY3Jvc29mdC5CYXRjaCUyRmJhdGNoQWNjb3VudHMnJmFwaS12ZXJzaW9uPTIwMTQtMDQtMDEtcHJldmlldw==",
      "RequestMethod": "GET",
      "RequestBody": "",
      "RequestHeaders": {
        "User-Agent": [
          "Microsoft.Azure.Management.Resources.ResourceManagementClient/2.0.0.0"
        ]
      },
      "ResponseBody": "{\r\n  \"value\": [\r\n    {\r\n      \"id\": \"/subscriptions/6368ed38-3570-481f-b4fa-1d0a6e8d3f3b/resourceGroups/default-azurebatch-eastus/providers/Microsoft.Batch/batchAccounts/pstests\",\r\n      \"name\": \"pstests\",\r\n      \"type\": \"Microsoft.Batch/batchAccounts\",\r\n      \"location\": \"eastus\"\r\n    }\r\n  ]\r\n}",
      "ResponseHeaders": {
        "Content-Length": [
          "237"
        ],
        "Content-Type": [
          "application/json; charset=utf-8"
        ],
        "Expires": [
          "-1"
        ],
        "Pragma": [
          "no-cache"
        ],
        "x-ms-ratelimit-remaining-subscription-reads": [
          "14950"
        ],
        "x-ms-request-id": [
          "e57f1fde-8ccc-4be2-9753-298a593360d9"
        ],
        "x-ms-correlation-request-id": [
          "e57f1fde-8ccc-4be2-9753-298a593360d9"
        ],
        "x-ms-routing-request-id": [
          "WESTUS:20150709T190903Z:e57f1fde-8ccc-4be2-9753-298a593360d9"
        ],
        "Strict-Transport-Security": [
          "max-age=31536000; includeSubDomains"
        ],
        "Cache-Control": [
          "no-cache"
        ],
        "Date": [
          "Thu, 09 Jul 2015 19:09:03 GMT"
        ]
      },
      "StatusCode": 200
    },
    {
      "RequestUri": "/subscriptions/6368ed38-3570-481f-b4fa-1d0a6e8d3f3b/resources?$filter=resourceType%20eq%20'Microsoft.Batch%2FbatchAccounts'&api-version=2014-04-01-preview",
      "EncodedRequestUri": "L3N1YnNjcmlwdGlvbnMvNjM2OGVkMzgtMzU3MC00ODFmLWI0ZmEtMWQwYTZlOGQzZjNiL3Jlc291cmNlcz8kZmlsdGVyPXJlc291cmNlVHlwZSUyMGVxJTIwJ01pY3Jvc29mdC5CYXRjaCUyRmJhdGNoQWNjb3VudHMnJmFwaS12ZXJzaW9uPTIwMTQtMDQtMDEtcHJldmlldw==",
      "RequestMethod": "GET",
      "RequestBody": "",
      "RequestHeaders": {
        "User-Agent": [
          "Microsoft.Azure.Management.Resources.ResourceManagementClient/2.0.0.0"
        ]
      },
      "ResponseBody": "{\r\n  \"value\": [\r\n    {\r\n      \"id\": \"/subscriptions/6368ed38-3570-481f-b4fa-1d0a6e8d3f3b/resourceGroups/default-azurebatch-eastus/providers/Microsoft.Batch/batchAccounts/pstests\",\r\n      \"name\": \"pstests\",\r\n      \"type\": \"Microsoft.Batch/batchAccounts\",\r\n      \"location\": \"eastus\"\r\n    }\r\n  ]\r\n}",
      "ResponseHeaders": {
        "Content-Length": [
          "237"
        ],
        "Content-Type": [
          "application/json; charset=utf-8"
        ],
        "Expires": [
          "-1"
        ],
        "Pragma": [
          "no-cache"
        ],
        "x-ms-ratelimit-remaining-subscription-reads": [
          "14949"
        ],
        "x-ms-request-id": [
          "6020337e-cf49-43ef-821b-9815cce4de45"
        ],
        "x-ms-correlation-request-id": [
          "6020337e-cf49-43ef-821b-9815cce4de45"
        ],
        "x-ms-routing-request-id": [
          "WESTUS:20150709T190904Z:6020337e-cf49-43ef-821b-9815cce4de45"
        ],
        "Strict-Transport-Security": [
          "max-age=31536000; includeSubDomains"
        ],
        "Cache-Control": [
          "no-cache"
        ],
        "Date": [
          "Thu, 09 Jul 2015 19:09:04 GMT"
        ]
      },
      "StatusCode": 200
    },
    {
      "RequestUri": "/subscriptions/6368ed38-3570-481f-b4fa-1d0a6e8d3f3b/resourceGroups/default-azurebatch-eastus/providers/Microsoft.Batch/batchAccounts/pstests?api-version=2015-07-01",
      "EncodedRequestUri": "L3N1YnNjcmlwdGlvbnMvNjM2OGVkMzgtMzU3MC00ODFmLWI0ZmEtMWQwYTZlOGQzZjNiL3Jlc291cmNlR3JvdXBzL2RlZmF1bHQtYXp1cmViYXRjaC1lYXN0dXMvcHJvdmlkZXJzL01pY3Jvc29mdC5CYXRjaC9iYXRjaEFjY291bnRzL3BzdGVzdHM/YXBpLXZlcnNpb249MjAxNS0wNy0wMQ==",
      "RequestMethod": "GET",
      "RequestBody": "",
      "RequestHeaders": {
        "x-ms-version": [
          "2015-07-01"
        ],
        "User-Agent": [
          "Microsoft.Azure.Management.Batch.BatchManagementClient/1.0.0.0"
        ]
      },
      "ResponseBody": "{\r\n  \"name\": \"pstests\",\r\n  \"location\": \"eastus\",\r\n  \"properties\": {\r\n    \"accountEndpoint\": \"pstests.batch.core.windows.net\",\r\n    \"provisioningState\": \"Succeeded\"\r\n  },\r\n  \"id\": \"/subscriptions/6368ed38-3570-481f-b4fa-1d0a6e8d3f3b/resourceGroups/default-azurebatch-eastus/providers/Microsoft.Batch/batchAccounts/pstests\",\r\n  \"type\": \"Microsoft.Batch/batchAccounts\"\r\n}",
      "ResponseHeaders": {
        "Content-Length": [
          "323"
        ],
        "Content-Type": [
          "application/json; charset=utf-8"
        ],
        "Expires": [
          "-1"
        ],
        "Last-Modified": [
          "Thu, 09 Jul 2015 19:09:04 GMT"
        ],
        "Pragma": [
          "no-cache"
        ],
        "request-id": [
          "4b86429d-7ea5-48d8-bcb0-404e7e754e64"
        ],
        "Strict-Transport-Security": [
          "max-age=31536000; includeSubDomains"
        ],
        "x-ms-ratelimit-remaining-subscription-reads": [
          "14958"
        ],
        "x-ms-request-id": [
          "db1f05fa-3f1b-44cf-a1f4-b955c1b07a55"
        ],
        "x-ms-correlation-request-id": [
          "db1f05fa-3f1b-44cf-a1f4-b955c1b07a55"
        ],
        "x-ms-routing-request-id": [
          "WESTUS:20150709T190904Z:db1f05fa-3f1b-44cf-a1f4-b955c1b07a55"
        ],
        "Cache-Control": [
          "no-cache"
        ],
        "Date": [
          "Thu, 09 Jul 2015 19:09:03 GMT"
        ],
        "ETag": [
          "0x8D28891DB3CA1AE"
        ],
        "Server": [
          "Microsoft-HTTPAPI/2.0"
        ]
      },
      "StatusCode": 200
    },
    {
      "RequestUri": "/subscriptions/6368ed38-3570-481f-b4fa-1d0a6e8d3f3b/resourceGroups/default-azurebatch-eastus/providers/Microsoft.Batch/batchAccounts/pstests?api-version=2015-07-01",
      "EncodedRequestUri": "L3N1YnNjcmlwdGlvbnMvNjM2OGVkMzgtMzU3MC00ODFmLWI0ZmEtMWQwYTZlOGQzZjNiL3Jlc291cmNlR3JvdXBzL2RlZmF1bHQtYXp1cmViYXRjaC1lYXN0dXMvcHJvdmlkZXJzL01pY3Jvc29mdC5CYXRjaC9iYXRjaEFjY291bnRzL3BzdGVzdHM/YXBpLXZlcnNpb249MjAxNS0wNy0wMQ==",
      "RequestMethod": "GET",
      "RequestBody": "",
      "RequestHeaders": {
        "x-ms-version": [
          "2015-07-01"
        ],
        "User-Agent": [
          "Microsoft.Azure.Management.Batch.BatchManagementClient/1.0.0.0"
        ]
      },
      "ResponseBody": "{\r\n  \"name\": \"pstests\",\r\n  \"location\": \"eastus\",\r\n  \"properties\": {\r\n    \"accountEndpoint\": \"pstests.batch.core.windows.net\",\r\n    \"provisioningState\": \"Succeeded\"\r\n  },\r\n  \"id\": \"/subscriptions/6368ed38-3570-481f-b4fa-1d0a6e8d3f3b/resourceGroups/default-azurebatch-eastus/providers/Microsoft.Batch/batchAccounts/pstests\",\r\n  \"type\": \"Microsoft.Batch/batchAccounts\"\r\n}",
      "ResponseHeaders": {
        "Content-Length": [
          "323"
        ],
        "Content-Type": [
          "application/json; charset=utf-8"
        ],
        "Expires": [
          "-1"
        ],
        "Last-Modified": [
          "Thu, 09 Jul 2015 19:09:04 GMT"
        ],
        "Pragma": [
          "no-cache"
        ],
        "request-id": [
          "f38a5644-fd26-4fd4-b07c-71e5c1fb7a30"
        ],
        "Strict-Transport-Security": [
          "max-age=31536000; includeSubDomains"
        ],
        "x-ms-ratelimit-remaining-subscription-reads": [
          "14957"
        ],
        "x-ms-request-id": [
          "f73adf44-facc-4f94-9663-eb111cd794de"
        ],
        "x-ms-correlation-request-id": [
          "f73adf44-facc-4f94-9663-eb111cd794de"
        ],
        "x-ms-routing-request-id": [
          "WESTUS:20150709T190904Z:f73adf44-facc-4f94-9663-eb111cd794de"
        ],
        "Cache-Control": [
          "no-cache"
        ],
        "Date": [
          "Thu, 09 Jul 2015 19:09:04 GMT"
        ],
        "ETag": [
          "0x8D28891DBAE7FDA"
        ],
        "Server": [
          "Microsoft-HTTPAPI/2.0"
        ]
      },
      "StatusCode": 200
    },
    {
      "RequestUri": "/subscriptions/6368ed38-3570-481f-b4fa-1d0a6e8d3f3b/resourceGroups/default-azurebatch-eastus/providers/Microsoft.Batch/batchAccounts/pstests/listKeys?api-version=2015-07-01",
      "EncodedRequestUri": "L3N1YnNjcmlwdGlvbnMvNjM2OGVkMzgtMzU3MC00ODFmLWI0ZmEtMWQwYTZlOGQzZjNiL3Jlc291cmNlR3JvdXBzL2RlZmF1bHQtYXp1cmViYXRjaC1lYXN0dXMvcHJvdmlkZXJzL01pY3Jvc29mdC5CYXRjaC9iYXRjaEFjY291bnRzL3BzdGVzdHMvbGlzdEtleXM/YXBpLXZlcnNpb249MjAxNS0wNy0wMQ==",
      "RequestMethod": "POST",
      "RequestBody": "",
      "RequestHeaders": {
        "x-ms-version": [
          "2015-07-01"
        ],
        "User-Agent": [
          "Microsoft.Azure.Management.Batch.BatchManagementClient/1.0.0.0"
        ]
      },
      "ResponseBody": "{\r\n  \"accountName\": \"pstests\",\r\n  \"primary\": \"LvTRVrhrb0mV/DvM55d7NT36RpCLXka/hrZSZQnNKlfV8nxzU0ChDAxrILper4n3AndEtMgyxW404JKkGodXFA==\",\r\n  \"secondary\": \"Lc37R3wawurI2u8oLu6pblhfYBW7S6770vbeqnUQJX87kT7R5hEFq2IlEfowvQ+rO3K0frlfFNlyiL/rkaYnFw==\"\r\n}",
      "ResponseHeaders": {
        "Content-Length": [
          "229"
        ],
        "Content-Type": [
          "application/json; charset=utf-8"
        ],
        "Expires": [
          "-1"
        ],
        "Pragma": [
          "no-cache"
        ],
        "request-id": [
          "88c94ee6-0af7-4521-a3e3-efec66ab662e"
        ],
        "Strict-Transport-Security": [
          "max-age=31536000; includeSubDomains"
        ],
        "x-ms-ratelimit-remaining-subscription-writes": [
          "1182"
        ],
        "x-ms-request-id": [
          "565a500b-17d3-4e3c-9cb1-097ec98d773b"
        ],
        "x-ms-correlation-request-id": [
          "565a500b-17d3-4e3c-9cb1-097ec98d773b"
        ],
        "x-ms-routing-request-id": [
          "WESTUS:20150709T190904Z:565a500b-17d3-4e3c-9cb1-097ec98d773b"
        ],
        "Cache-Control": [
          "no-cache"
        ],
        "Date": [
          "Thu, 09 Jul 2015 19:09:03 GMT"
        ],
        "Server": [
          "Microsoft-HTTPAPI/2.0"
        ]
      },
      "StatusCode": 200
    },
    {
      "RequestUri": "/subscriptions/6368ed38-3570-481f-b4fa-1d0a6e8d3f3b/resourceGroups/default-azurebatch-eastus/providers/Microsoft.Batch/batchAccounts/pstests/listKeys?api-version=2015-07-01",
      "EncodedRequestUri": "L3N1YnNjcmlwdGlvbnMvNjM2OGVkMzgtMzU3MC00ODFmLWI0ZmEtMWQwYTZlOGQzZjNiL3Jlc291cmNlR3JvdXBzL2RlZmF1bHQtYXp1cmViYXRjaC1lYXN0dXMvcHJvdmlkZXJzL01pY3Jvc29mdC5CYXRjaC9iYXRjaEFjY291bnRzL3BzdGVzdHMvbGlzdEtleXM/YXBpLXZlcnNpb249MjAxNS0wNy0wMQ==",
      "RequestMethod": "POST",
      "RequestBody": "",
      "RequestHeaders": {
        "x-ms-version": [
          "2015-07-01"
        ],
        "User-Agent": [
          "Microsoft.Azure.Management.Batch.BatchManagementClient/1.0.0.0"
        ]
      },
      "ResponseBody": "{\r\n  \"accountName\": \"pstests\",\r\n  \"primary\": \"LvTRVrhrb0mV/DvM55d7NT36RpCLXka/hrZSZQnNKlfV8nxzU0ChDAxrILper4n3AndEtMgyxW404JKkGodXFA==\",\r\n  \"secondary\": \"Lc37R3wawurI2u8oLu6pblhfYBW7S6770vbeqnUQJX87kT7R5hEFq2IlEfowvQ+rO3K0frlfFNlyiL/rkaYnFw==\"\r\n}",
      "ResponseHeaders": {
        "Content-Length": [
          "229"
        ],
        "Content-Type": [
          "application/json; charset=utf-8"
        ],
        "Expires": [
          "-1"
        ],
        "Pragma": [
          "no-cache"
        ],
        "request-id": [
          "eb52cceb-b758-4bf5-b701-c037fc87e575"
        ],
        "Strict-Transport-Security": [
          "max-age=31536000; includeSubDomains"
        ],
        "x-ms-ratelimit-remaining-subscription-writes": [
          "1181"
        ],
        "x-ms-request-id": [
          "d1b9bd61-9ecf-4055-9217-6d83d9301203"
        ],
        "x-ms-correlation-request-id": [
          "d1b9bd61-9ecf-4055-9217-6d83d9301203"
        ],
        "x-ms-routing-request-id": [
          "WESTUS:20150709T190905Z:d1b9bd61-9ecf-4055-9217-6d83d9301203"
        ],
        "Cache-Control": [
          "no-cache"
        ],
        "Date": [
          "Thu, 09 Jul 2015 19:09:04 GMT"
        ],
        "Server": [
          "Microsoft-HTTPAPI/2.0"
        ]
      },
      "StatusCode": 200
    },
    {
      "RequestUri": "/pools/testPool?api-version=2014-10-01.1.0",
      "EncodedRequestUri": "L3Bvb2xzL3Rlc3RQb29sP2FwaS12ZXJzaW9uPTIwMTQtMTAtMDEuMS4w",
      "RequestMethod": "GET",
      "RequestBody": "",
      "RequestHeaders": {
        "User-Agent": [
          "WA-Batch/1.0"
        ],
        "client-request-id": [
          "b1737f96-c506-408f-86ca-ece96afbd241"
        ],
        "return-client-request-id": [
          "False"
        ],
        "ocp-date": [
          "Thu, 09 Jul 2015 19:09:04 GMT"
        ]
      },
      "ResponseBody": "{\r\n  \"odata.metadata\": \"https://pstests.batch.core.windows.net/$metadata#pools/@Element\",\r\n  \"name\": \"testPool\",\r\n  \"url\": \"https://pstests.batch.core.windows.net/pools/testPool\",\r\n  \"eTag\": \"0x8D28890DD2FCEE8\",\r\n  \"lastModified\": \"2015-07-09T19:01:58.0227304Z\",\r\n  \"creationTime\": \"2015-07-09T19:01:58.0227304Z\",\r\n  \"state\": \"active\",\r\n  \"stateTransitionTime\": \"2015-07-09T19:01:58.0227304Z\",\r\n  \"allocationState\": \"steady\",\r\n  \"allocationStateTransitionTime\": \"2015-07-09T19:03:22.4082136Z\",\r\n  \"osFamily\": \"4\",\r\n  \"targetOSVersion\": \"*\",\r\n  \"currentOSVersion\": \"*\",\r\n  \"tvmSize\": \"small\",\r\n  \"resizeTimeout\": \"PT5M\",\r\n  \"currentDedicated\": 3,\r\n  \"targetDedicated\": 3,\r\n  \"enableAutoScale\": false,\r\n  \"communication\": false,\r\n  \"startTask\": {\r\n    \"commandLine\": \"cmd /c echo hello\",\r\n    \"runElevated\": false,\r\n    \"maxTaskRetryCount\": 0,\r\n    \"waitForSuccess\": false\r\n  },\r\n  \"maxTasksPerTVM\": 1,\r\n  \"schedulingPolicy\": {\r\n    \"tvmFillType\": \"Spread\"\r\n  }\r\n}",
      "ResponseHeaders": {
        "Content-Type": [
          "application/json; odata=minimalmetadata"
        ],
        "Last-Modified": [
          "Thu, 09 Jul 2015 19:01:58 GMT"
        ],
        "Transfer-Encoding": [
          "chunked"
        ],
        "request-id": [
          "351d1226-36e7-4499-9d0d-c9c869564ad2"
        ],
        "Strict-Transport-Security": [
          "max-age=31536000; includeSubDomains"
        ],
        "DataServiceVersion": [
          "3.0"
        ],
        "Date": [
          "Thu, 09 Jul 2015 19:09:03 GMT"
        ],
        "ETag": [
          "0x8D28890DD2FCEE8"
        ],
        "Server": [
          "Microsoft-HTTPAPI/2.0"
        ]
      },
      "StatusCode": 200
    },
    {
      "RequestUri": "/pools/testPool?api-version=2014-10-01.1.0",
      "EncodedRequestUri": "L3Bvb2xzL3Rlc3RQb29sP2FwaS12ZXJzaW9uPTIwMTQtMTAtMDEuMS4w",
      "RequestMethod": "GET",
      "RequestBody": "",
      "RequestHeaders": {
        "User-Agent": [
          "WA-Batch/1.0"
        ],
        "client-request-id": [
          "0813ace2-1a30-4a5c-9f76-51b3628ee713"
        ],
        "return-client-request-id": [
          "False"
        ],
        "ocp-date": [
          "Thu, 09 Jul 2015 19:09:05 GMT"
        ]
      },
      "ResponseBody": "{\r\n  \"odata.metadata\": \"https://pstests.batch.core.windows.net/$metadata#pools/@Element\",\r\n  \"name\": \"testPool\",\r\n  \"url\": \"https://pstests.batch.core.windows.net/pools/testPool\",\r\n  \"eTag\": \"0x8D28890DD2FCEE8\",\r\n  \"lastModified\": \"2015-07-09T19:01:58.0227304Z\",\r\n  \"creationTime\": \"2015-07-09T19:01:58.0227304Z\",\r\n  \"state\": \"active\",\r\n  \"stateTransitionTime\": \"2015-07-09T19:01:58.0227304Z\",\r\n  \"allocationState\": \"steady\",\r\n  \"allocationStateTransitionTime\": \"2015-07-09T19:03:22.4082136Z\",\r\n  \"osFamily\": \"4\",\r\n  \"targetOSVersion\": \"*\",\r\n  \"currentOSVersion\": \"*\",\r\n  \"tvmSize\": \"small\",\r\n  \"resizeTimeout\": \"PT5M\",\r\n  \"currentDedicated\": 3,\r\n  \"targetDedicated\": 3,\r\n  \"enableAutoScale\": false,\r\n  \"communication\": false,\r\n  \"startTask\": {\r\n    \"commandLine\": \"cmd /c echo hello\",\r\n    \"runElevated\": false,\r\n    \"maxTaskRetryCount\": 0,\r\n    \"waitForSuccess\": false\r\n  },\r\n  \"maxTasksPerTVM\": 1,\r\n  \"schedulingPolicy\": {\r\n    \"tvmFillType\": \"Spread\"\r\n  }\r\n}",
      "ResponseHeaders": {
        "Content-Type": [
          "application/json; odata=minimalmetadata"
        ],
        "Last-Modified": [
          "Thu, 09 Jul 2015 19:01:58 GMT"
        ],
        "Transfer-Encoding": [
          "chunked"
        ],
        "request-id": [
          "d47033ba-ed58-4130-b44a-476f319eb332"
        ],
        "Strict-Transport-Security": [
          "max-age=31536000; includeSubDomains"
        ],
        "DataServiceVersion": [
          "3.0"
        ],
        "Date": [
          "Thu, 09 Jul 2015 19:09:05 GMT"
        ],
        "ETag": [
          "0x8D28890DD2FCEE8"
        ],
        "Server": [
          "Microsoft-HTTPAPI/2.0"
        ]
      },
      "StatusCode": 200
    },
    {
      "RequestUri": "/pools/testPool/tvms?api-version=2014-10-01.1.0",
      "EncodedRequestUri": "L3Bvb2xzL3Rlc3RQb29sL3R2bXM/YXBpLXZlcnNpb249MjAxNC0xMC0wMS4xLjA=",
      "RequestMethod": "GET",
      "RequestBody": "",
      "RequestHeaders": {
        "User-Agent": [
          "WA-Batch/1.0"
        ],
        "client-request-id": [
          "97c5a71a-20ed-41a7-b8cc-1b81da0b1e90"
        ],
        "return-client-request-id": [
          "False"
        ],
        "ocp-date": [
          "Thu, 09 Jul 2015 19:09:04 GMT"
        ]
      },
      "ResponseBody": "{\r\n  \"odata.metadata\": \"https://pstests.batch.core.windows.net/$metadata#tvms\",\r\n  \"value\": [\r\n    {\r\n      \"name\": \"tvm-4155946844_1-20150709t190321z\",\r\n      \"url\": \"https://pstests.batch.core.windows.net/pools/testPool/tvms/tvm-4155946844_1-20150709t190321z\",\r\n      \"state\": \"idle\",\r\n      \"stateTransitionTime\": \"2015-07-09T19:08:35.5466164Z\",\r\n      \"lastBootTime\": \"2015-07-09T19:08:35.4786184Z\",\r\n      \"tvmAllocationTime\": \"2015-07-09T19:03:21.1746171Z\",\r\n      \"ipAddress\": \"10.76.28.116\",\r\n      \"affinityId\": \"TVM:tvm-4155946844_1-20150709t190321z\",\r\n      \"tvmSize\": \"small\",\r\n      \"totalTasksRun\": 0,\r\n      \"startTask\": {\r\n        \"commandLine\": \"cmd /c echo hello\",\r\n        \"runElevated\": false,\r\n        \"maxTaskRetryCount\": 0,\r\n        \"waitForSuccess\": false\r\n      },\r\n      \"startTaskInfo\": {\r\n        \"state\": \"completed\",\r\n        \"startTime\": \"2015-07-09T19:08:35.5776188Z\",\r\n        \"endTime\": \"2015-07-09T19:08:36.4942084Z\",\r\n        \"exitCode\": 0,\r\n        \"retryCount\": 0\r\n      }\r\n    },\r\n    {\r\n      \"name\": \"tvm-4155946844_2-20150709t190321z\",\r\n      \"url\": \"https://pstests.batch.core.windows.net/pools/testPool/tvms/tvm-4155946844_2-20150709t190321z\",\r\n      \"state\": \"idle\",\r\n      \"stateTransitionTime\": \"2015-07-09T19:08:05.7418843Z\",\r\n      \"lastBootTime\": \"2015-07-09T19:08:05.6548918Z\",\r\n      \"tvmAllocationTime\": \"2015-07-09T19:03:21.1746171Z\",\r\n      \"ipAddress\": \"10.76.16.79\",\r\n      \"affinityId\": \"TVM:tvm-4155946844_2-20150709t190321z\",\r\n      \"tvmSize\": \"small\",\r\n      \"totalTasksRun\": 0,\r\n      \"startTask\": {\r\n        \"commandLine\": \"cmd /c echo hello\",\r\n        \"runElevated\": false,\r\n        \"maxTaskRetryCount\": 0,\r\n        \"waitForSuccess\": false\r\n      },\r\n      \"startTaskInfo\": {\r\n        \"state\": \"completed\",\r\n        \"startTime\": \"2015-07-09T19:08:05.773026Z\",\r\n        \"endTime\": \"2015-07-09T19:08:06.6520273Z\",\r\n        \"exitCode\": 0,\r\n        \"retryCount\": 0\r\n      }\r\n    },\r\n    {\r\n      \"name\": \"tvm-4155946844_3-20150709t190321z\",\r\n      \"url\": \"https://pstests.batch.core.windows.net/pools/testPool/tvms/tvm-4155946844_3-20150709t190321z\",\r\n      \"state\": \"idle\",\r\n      \"stateTransitionTime\": \"2015-07-09T19:08:05.6824444Z\",\r\n      \"lastBootTime\": \"2015-07-09T19:08:05.603148Z\",\r\n      \"tvmAllocationTime\": \"2015-07-09T19:03:21.1746171Z\",\r\n      \"ipAddress\": \"10.76.12.86\",\r\n      \"affinityId\": \"TVM:tvm-4155946844_3-20150709t190321z\",\r\n      \"tvmSize\": \"small\",\r\n      \"totalTasksRun\": 0,\r\n      \"startTask\": {\r\n        \"commandLine\": \"cmd /c echo hello\",\r\n        \"runElevated\": false,\r\n        \"maxTaskRetryCount\": 0,\r\n        \"waitForSuccess\": false\r\n      },\r\n      \"startTaskInfo\": {\r\n        \"state\": \"completed\",\r\n        \"startTime\": \"2015-07-09T19:08:05.7094503Z\",\r\n        \"endTime\": \"2015-07-09T19:08:06.6014509Z\",\r\n        \"exitCode\": 0,\r\n        \"retryCount\": 0\r\n      }\r\n    }\r\n  ]\r\n}",
      "ResponseHeaders": {
        "Content-Type": [
          "application/json; odata=minimalmetadata"
        ],
        "Transfer-Encoding": [
          "chunked"
        ],
        "request-id": [
          "b8dc375a-d6a4-4485-a395-79de12725d14"
        ],
        "Strict-Transport-Security": [
          "max-age=31536000; includeSubDomains"
        ],
        "DataServiceVersion": [
          "3.0"
        ],
        "Date": [
          "Thu, 09 Jul 2015 19:09:05 GMT"
        ],
        "Server": [
          "Microsoft-HTTPAPI/2.0"
        ]
      },
      "StatusCode": 200
    },
    {
      "RequestUri": "/pools/testPool/tvms?api-version=2014-10-01.1.0",
      "EncodedRequestUri": "L3Bvb2xzL3Rlc3RQb29sL3R2bXM/YXBpLXZlcnNpb249MjAxNC0xMC0wMS4xLjA=",
      "RequestMethod": "GET",
      "RequestBody": "",
      "RequestHeaders": {
        "User-Agent": [
          "WA-Batch/1.0"
        ],
        "client-request-id": [
          "cc4b156b-c680-4bab-a958-f7059f651fda"
        ],
        "return-client-request-id": [
          "False"
        ],
        "ocp-date": [
          "Thu, 09 Jul 2015 19:09:05 GMT"
        ]
      },
      "ResponseBody": "{\r\n  \"odata.metadata\": \"https://pstests.batch.core.windows.net/$metadata#tvms\",\r\n  \"value\": [\r\n    {\r\n      \"name\": \"tvm-4155946844_1-20150709t190321z\",\r\n      \"url\": \"https://pstests.batch.core.windows.net/pools/testPool/tvms/tvm-4155946844_1-20150709t190321z\",\r\n      \"state\": \"idle\",\r\n      \"stateTransitionTime\": \"2015-07-09T19:08:35.5466164Z\",\r\n      \"lastBootTime\": \"2015-07-09T19:08:35.4786184Z\",\r\n      \"tvmAllocationTime\": \"2015-07-09T19:03:21.1746171Z\",\r\n      \"ipAddress\": \"10.76.28.116\",\r\n      \"affinityId\": \"TVM:tvm-4155946844_1-20150709t190321z\",\r\n      \"tvmSize\": \"small\",\r\n      \"totalTasksRun\": 0,\r\n      \"startTask\": {\r\n        \"commandLine\": \"cmd /c echo hello\",\r\n        \"runElevated\": false,\r\n        \"maxTaskRetryCount\": 0,\r\n        \"waitForSuccess\": false\r\n      },\r\n      \"startTaskInfo\": {\r\n        \"state\": \"completed\",\r\n        \"startTime\": \"2015-07-09T19:08:35.5776188Z\",\r\n        \"endTime\": \"2015-07-09T19:08:36.4942084Z\",\r\n        \"exitCode\": 0,\r\n        \"retryCount\": 0\r\n      }\r\n    },\r\n    {\r\n      \"name\": \"tvm-4155946844_2-20150709t190321z\",\r\n      \"url\": \"https://pstests.batch.core.windows.net/pools/testPool/tvms/tvm-4155946844_2-20150709t190321z\",\r\n      \"state\": \"idle\",\r\n      \"stateTransitionTime\": \"2015-07-09T19:08:05.7418843Z\",\r\n      \"lastBootTime\": \"2015-07-09T19:08:05.6548918Z\",\r\n      \"tvmAllocationTime\": \"2015-07-09T19:03:21.1746171Z\",\r\n      \"ipAddress\": \"10.76.16.79\",\r\n      \"affinityId\": \"TVM:tvm-4155946844_2-20150709t190321z\",\r\n      \"tvmSize\": \"small\",\r\n      \"totalTasksRun\": 0,\r\n      \"startTask\": {\r\n        \"commandLine\": \"cmd /c echo hello\",\r\n        \"runElevated\": false,\r\n        \"maxTaskRetryCount\": 0,\r\n        \"waitForSuccess\": false\r\n      },\r\n      \"startTaskInfo\": {\r\n        \"state\": \"completed\",\r\n        \"startTime\": \"2015-07-09T19:08:05.773026Z\",\r\n        \"endTime\": \"2015-07-09T19:08:06.6520273Z\",\r\n        \"exitCode\": 0,\r\n        \"retryCount\": 0\r\n      }\r\n    },\r\n    {\r\n      \"name\": \"tvm-4155946844_3-20150709t190321z\",\r\n      \"url\": \"https://pstests.batch.core.windows.net/pools/testPool/tvms/tvm-4155946844_3-20150709t190321z\",\r\n      \"state\": \"idle\",\r\n      \"stateTransitionTime\": \"2015-07-09T19:08:05.6824444Z\",\r\n      \"lastBootTime\": \"2015-07-09T19:08:05.603148Z\",\r\n      \"tvmAllocationTime\": \"2015-07-09T19:03:21.1746171Z\",\r\n      \"ipAddress\": \"10.76.12.86\",\r\n      \"affinityId\": \"TVM:tvm-4155946844_3-20150709t190321z\",\r\n      \"tvmSize\": \"small\",\r\n      \"totalTasksRun\": 0,\r\n      \"startTask\": {\r\n        \"commandLine\": \"cmd /c echo hello\",\r\n        \"runElevated\": false,\r\n        \"maxTaskRetryCount\": 0,\r\n        \"waitForSuccess\": false\r\n      },\r\n      \"startTaskInfo\": {\r\n        \"state\": \"completed\",\r\n        \"startTime\": \"2015-07-09T19:08:05.7094503Z\",\r\n        \"endTime\": \"2015-07-09T19:08:06.6014509Z\",\r\n        \"exitCode\": 0,\r\n        \"retryCount\": 0\r\n      }\r\n    }\r\n  ]\r\n}",
      "ResponseHeaders": {
        "Content-Type": [
          "application/json; odata=minimalmetadata"
        ],
        "Transfer-Encoding": [
          "chunked"
        ],
        "request-id": [
          "fd2ebc3e-c897-4765-ba15-ba8bae0131c7"
        ],
        "Strict-Transport-Security": [
          "max-age=31536000; includeSubDomains"
        ],
        "DataServiceVersion": [
          "3.0"
        ],
        "Date": [
          "Thu, 09 Jul 2015 19:09:05 GMT"
        ],
        "Server": [
          "Microsoft-HTTPAPI/2.0"
        ]
      },
      "StatusCode": 200
    }
  ],
  "Names": {},
  "Variables": {
    "SubscriptionId": "6368ed38-3570-481f-b4fa-1d0a6e8d3f3b"
  }
}