{
  "Entries": [
    {
      "RequestUri": "/subscriptions/f34b22a3-2202-4fb1-b040-1332bd928c84/resourcegroups/ps8945?api-version=2016-09-01",
      "EncodedRequestUri": "L3N1YnNjcmlwdGlvbnMvZjM0YjIyYTMtMjIwMi00ZmIxLWIwNDAtMTMzMmJkOTI4Yzg0L3Jlc291cmNlZ3JvdXBzL3BzODk0NT9hcGktdmVyc2lvbj0yMDE2LTA5LTAx",
      "RequestMethod": "PUT",
      "RequestBody": "{\r\n  \"location\": \"brazilsouth\"\r\n}",
      "RequestHeaders": {
        "x-ms-client-request-id": [
          "634965d7-4bbb-46b8-80ab-82eb2f761115"
        ],
        "Accept-Language": [
          "en-US"
        ],
        "User-Agent": [
          "FxVersion/4.6.27207.03",
          "OSName/Windows",
          "OSVersion/Microsoft.Windows.10.0.17763.",
          "Microsoft.Azure.Management.Internal.Resources.ResourceManagementClient/1.1.16"
        ],
        "Content-Type": [
          "application/json; charset=utf-8"
        ],
        "Content-Length": [
          "33"
        ]
      },
      "ResponseHeaders": {
        "Cache-Control": [
          "no-cache"
        ],
        "Pragma": [
          "no-cache"
        ],
        "x-ms-ratelimit-remaining-subscription-writes": [
          "1199"
        ],
        "x-ms-request-id": [
          "a6dc1796-37e1-4eb8-b297-61c469955799"
        ],
        "x-ms-correlation-request-id": [
          "a6dc1796-37e1-4eb8-b297-61c469955799"
        ],
        "x-ms-routing-request-id": [
          "WESTUS2:20190131T212850Z:a6dc1796-37e1-4eb8-b297-61c469955799"
        ],
        "Strict-Transport-Security": [
          "max-age=31536000; includeSubDomains"
        ],
        "X-Content-Type-Options": [
          "nosniff"
        ],
        "Date": [
          "Thu, 31 Jan 2019 21:28:49 GMT"
        ],
        "Content-Length": [
          "170"
        ],
        "Content-Type": [
          "application/json; charset=utf-8"
        ],
        "Expires": [
          "-1"
        ]
      },
      "ResponseBody": "{\r\n  \"id\": \"/subscriptions/f34b22a3-2202-4fb1-b040-1332bd928c84/resourceGroups/ps8945\",\r\n  \"name\": \"ps8945\",\r\n  \"location\": \"brazilsouth\",\r\n  \"properties\": {\r\n    \"provisioningState\": \"Succeeded\"\r\n  }\r\n}",
      "StatusCode": 201
    },
    {
      "RequestUri": "/subscriptions/f34b22a3-2202-4fb1-b040-1332bd928c84/resourceGroups/ps8945/providers/Microsoft.Logic/integrationAccounts/ps937?api-version=2018-07-01-preview",
      "EncodedRequestUri": "L3N1YnNjcmlwdGlvbnMvZjM0YjIyYTMtMjIwMi00ZmIxLWIwNDAtMTMzMmJkOTI4Yzg0L3Jlc291cmNlR3JvdXBzL3BzODk0NS9wcm92aWRlcnMvTWljcm9zb2Z0LkxvZ2ljL2ludGVncmF0aW9uQWNjb3VudHMvcHM5Mzc/YXBpLXZlcnNpb249MjAxOC0wNy0wMS1wcmV2aWV3",
      "RequestMethod": "GET",
      "RequestBody": "",
      "RequestHeaders": {
        "x-ms-client-request-id": [
          "569a63a5-3530-44d9-a7fc-ec9951af1514"
        ],
        "Accept-Language": [
          "en-US"
        ],
        "User-Agent": [
          "FxVersion/4.6.27207.03",
          "OSName/Windows",
          "OSVersion/Microsoft.Windows.10.0.17763.",
          "Microsoft.Azure.Management.Logic.LogicManagementClient/4.0.0.0"
        ]
      },
      "ResponseHeaders": {
        "Cache-Control": [
          "no-cache"
        ],
        "Pragma": [
          "no-cache"
        ],
        "x-ms-failure-cause": [
          "gateway"
        ],
        "x-ms-request-id": [
          "0e9fe1e2-6698-468f-8cc2-ce3bf045ecee"
        ],
        "x-ms-correlation-request-id": [
          "0e9fe1e2-6698-468f-8cc2-ce3bf045ecee"
        ],
        "x-ms-routing-request-id": [
          "WESTUS2:20190131T212851Z:0e9fe1e2-6698-468f-8cc2-ce3bf045ecee"
        ],
        "Strict-Transport-Security": [
          "max-age=31536000; includeSubDomains"
        ],
        "X-Content-Type-Options": [
          "nosniff"
        ],
        "Date": [
          "Thu, 31 Jan 2019 21:28:50 GMT"
        ],
        "Content-Type": [
          "application/json; charset=utf-8"
        ],
        "Expires": [
          "-1"
        ],
        "Content-Length": [
          "151"
        ]
      },
      "ResponseBody": "{\r\n  \"error\": {\r\n    \"code\": \"ResourceNotFound\",\r\n    \"message\": \"The Resource 'Microsoft.Logic/integrationAccounts/ps937' under resource group 'ps8945' was not found.\"\r\n  }\r\n}",
      "StatusCode": 404
    },
    {
      "RequestUri": "/subscriptions/f34b22a3-2202-4fb1-b040-1332bd928c84/resourceGroups/ps8945/providers/Microsoft.Logic/integrationAccounts/ps937?api-version=2018-07-01-preview",
      "EncodedRequestUri": "L3N1YnNjcmlwdGlvbnMvZjM0YjIyYTMtMjIwMi00ZmIxLWIwNDAtMTMzMmJkOTI4Yzg0L3Jlc291cmNlR3JvdXBzL3BzODk0NS9wcm92aWRlcnMvTWljcm9zb2Z0LkxvZ2ljL2ludGVncmF0aW9uQWNjb3VudHMvcHM5Mzc/YXBpLXZlcnNpb249MjAxOC0wNy0wMS1wcmV2aWV3",
      "RequestMethod": "GET",
      "RequestBody": "",
      "RequestHeaders": {
        "x-ms-client-request-id": [
          "ac871a0c-3d5a-4daf-baff-ea3d4dcb5c73"
        ],
        "Accept-Language": [
          "en-US"
        ],
        "User-Agent": [
          "FxVersion/4.6.27207.03",
          "OSName/Windows",
          "OSVersion/Microsoft.Windows.10.0.17763.",
          "Microsoft.Azure.Management.Logic.LogicManagementClient/4.0.0.0"
        ]
      },
      "ResponseHeaders": {
        "Cache-Control": [
          "no-cache"
        ],
        "Pragma": [
          "no-cache"
        ],
        "Vary": [
          "Accept-Encoding"
        ],
        "x-ms-request-id": [
          "brazilsouth:3f101c61-b5b5-4b4c-bef4-8d1ed5ea2ad9"
        ],
        "Strict-Transport-Security": [
          "max-age=31536000; includeSubDomains"
        ],
        "x-ms-ratelimit-remaining-subscription-reads": [
          "11990"
        ],
        "x-ms-correlation-request-id": [
          "56c880ab-802c-4de4-932f-46861471e21c"
        ],
        "x-ms-routing-request-id": [
          "WESTUS2:20190131T212854Z:56c880ab-802c-4de4-932f-46861471e21c"
        ],
        "X-Content-Type-Options": [
          "nosniff"
        ],
        "Date": [
          "Thu, 31 Jan 2019 21:28:54 GMT"
        ],
        "Content-Length": [
          "278"
        ],
        "Content-Type": [
          "application/json; charset=utf-8"
        ],
        "Expires": [
          "-1"
        ]
      },
      "ResponseBody": "{\r\n  \"properties\": {\r\n    \"state\": \"Enabled\"\r\n  },\r\n  \"sku\": {\r\n    \"name\": \"Standard\"\r\n  },\r\n  \"id\": \"/subscriptions/f34b22a3-2202-4fb1-b040-1332bd928c84/resourceGroups/ps8945/providers/Microsoft.Logic/integrationAccounts/ps937\",\r\n  \"name\": \"ps937\",\r\n  \"type\": \"Microsoft.Logic/integrationAccounts\",\r\n  \"location\": \"brazilsouth\"\r\n}",
      "StatusCode": 200
    },
    {
      "RequestUri": "/subscriptions/f34b22a3-2202-4fb1-b040-1332bd928c84/resourceGroups/ps8945/providers/Microsoft.Logic/integrationAccounts/ps937?api-version=2018-07-01-preview",
      "EncodedRequestUri": "L3N1YnNjcmlwdGlvbnMvZjM0YjIyYTMtMjIwMi00ZmIxLWIwNDAtMTMzMmJkOTI4Yzg0L3Jlc291cmNlR3JvdXBzL3BzODk0NS9wcm92aWRlcnMvTWljcm9zb2Z0LkxvZ2ljL2ludGVncmF0aW9uQWNjb3VudHMvcHM5Mzc/YXBpLXZlcnNpb249MjAxOC0wNy0wMS1wcmV2aWV3",
      "RequestMethod": "PUT",
      "RequestBody": "{\r\n  \"properties\": {},\r\n  \"sku\": {\r\n    \"name\": \"Standard\"\r\n  },\r\n  \"location\": \"brazilsouth\"\r\n}",
      "RequestHeaders": {
        "x-ms-client-request-id": [
          "30fc524f-d87e-4645-93dc-45eacd138561"
        ],
        "Accept-Language": [
          "en-US"
        ],
        "User-Agent": [
          "FxVersion/4.6.27207.03",
          "OSName/Windows",
          "OSVersion/Microsoft.Windows.10.0.17763.",
          "Microsoft.Azure.Management.Logic.LogicManagementClient/4.0.0.0"
        ],
        "Content-Type": [
          "application/json; charset=utf-8"
        ],
        "Content-Length": [
          "96"
        ]
      },
      "ResponseHeaders": {
        "Cache-Control": [
          "no-cache"
        ],
        "Pragma": [
          "no-cache"
        ],
        "x-ms-request-id": [
          "brazilsouth:75928676-a689-4782-80f5-716c213a5693"
        ],
        "Strict-Transport-Security": [
          "max-age=31536000; includeSubDomains"
        ],
        "x-ms-ratelimit-remaining-subscription-writes": [
          "1193"
        ],
        "x-ms-correlation-request-id": [
          "5d261ea3-3c1d-4515-857c-eee153ef11c9"
        ],
        "x-ms-routing-request-id": [
          "WESTUS2:20190131T212854Z:5d261ea3-3c1d-4515-857c-eee153ef11c9"
        ],
        "X-Content-Type-Options": [
          "nosniff"
        ],
        "Date": [
          "Thu, 31 Jan 2019 21:28:54 GMT"
        ],
        "Content-Length": [
          "278"
        ],
        "Content-Type": [
          "application/json; charset=utf-8"
        ],
        "Expires": [
          "-1"
        ]
      },
      "ResponseBody": "{\r\n  \"properties\": {\r\n    \"state\": \"Enabled\"\r\n  },\r\n  \"sku\": {\r\n    \"name\": \"Standard\"\r\n  },\r\n  \"id\": \"/subscriptions/f34b22a3-2202-4fb1-b040-1332bd928c84/resourceGroups/ps8945/providers/Microsoft.Logic/integrationAccounts/ps937\",\r\n  \"name\": \"ps937\",\r\n  \"type\": \"Microsoft.Logic/integrationAccounts\",\r\n  \"location\": \"brazilsouth\"\r\n}",
      "StatusCode": 201
    },
    {
      "RequestUri": "/subscriptions/f34b22a3-2202-4fb1-b040-1332bd928c84/resourceGroups/ps8945/providers/Microsoft.Logic/integrationAccounts/ps937/partners/ps7998?api-version=2018-07-01-preview",
      "EncodedRequestUri": "L3N1YnNjcmlwdGlvbnMvZjM0YjIyYTMtMjIwMi00ZmIxLWIwNDAtMTMzMmJkOTI4Yzg0L3Jlc291cmNlR3JvdXBzL3BzODk0NS9wcm92aWRlcnMvTWljcm9zb2Z0LkxvZ2ljL2ludGVncmF0aW9uQWNjb3VudHMvcHM5MzcvcGFydG5lcnMvcHM3OTk4P2FwaS12ZXJzaW9uPTIwMTgtMDctMDEtcHJldmlldw==",
      "RequestMethod": "GET",
      "RequestBody": "",
      "RequestHeaders": {
        "x-ms-client-request-id": [
          "90076d53-664a-4d28-a0ec-4a3a362a1bff"
        ],
        "Accept-Language": [
          "en-US"
        ],
        "User-Agent": [
          "FxVersion/4.6.27207.03",
          "OSName/Windows",
          "OSVersion/Microsoft.Windows.10.0.17763.",
          "Microsoft.Azure.Management.Logic.LogicManagementClient/4.0.0.0"
        ]
      },
      "ResponseHeaders": {
        "Cache-Control": [
          "no-cache"
        ],
        "Pragma": [
          "no-cache"
        ],
        "x-ms-request-id": [
          "brazilsouth:6bf997ed-8cac-428b-b776-359203889826"
        ],
        "Strict-Transport-Security": [
          "max-age=31536000; includeSubDomains"
        ],
        "x-ms-ratelimit-remaining-subscription-reads": [
          "11989"
        ],
        "x-ms-correlation-request-id": [
          "bfc20324-5977-411b-a498-a7694b8d6a37"
        ],
        "x-ms-routing-request-id": [
          "WESTUS2:20190131T212854Z:bfc20324-5977-411b-a498-a7694b8d6a37"
        ],
        "X-Content-Type-Options": [
          "nosniff"
        ],
        "Date": [
          "Thu, 31 Jan 2019 21:28:54 GMT"
        ],
        "Content-Length": [
          "120"
        ],
        "Content-Type": [
          "application/json; charset=utf-8"
        ],
        "Expires": [
          "-1"
        ]
      },
      "ResponseBody": "{\r\n  \"error\": {\r\n    \"code\": \"PartnerNotFound\",\r\n    \"message\": \"The partner 'ps7998' could not be found in integration account 'ps937'.\"\r\n  }\r\n}",
      "StatusCode": 404
    },
    {
      "RequestUri": "/subscriptions/f34b22a3-2202-4fb1-b040-1332bd928c84/resourceGroups/ps8945/providers/Microsoft.Logic/integrationAccounts/ps937/partners/ps7998?api-version=2018-07-01-preview",
      "EncodedRequestUri": "L3N1YnNjcmlwdGlvbnMvZjM0YjIyYTMtMjIwMi00ZmIxLWIwNDAtMTMzMmJkOTI4Yzg0L3Jlc291cmNlR3JvdXBzL3BzODk0NS9wcm92aWRlcnMvTWljcm9zb2Z0LkxvZ2ljL2ludGVncmF0aW9uQWNjb3VudHMvcHM5MzcvcGFydG5lcnMvcHM3OTk4P2FwaS12ZXJzaW9uPTIwMTgtMDctMDEtcHJldmlldw==",
      "RequestMethod": "GET",
      "RequestBody": "",
      "RequestHeaders": {
        "x-ms-client-request-id": [
          "ee0f7a07-08c4-4f22-8df5-809ea43076c5"
        ],
        "Accept-Language": [
          "en-US"
        ],
        "User-Agent": [
          "FxVersion/4.6.27207.03",
          "OSName/Windows",
          "OSVersion/Microsoft.Windows.10.0.17763.",
          "Microsoft.Azure.Management.Logic.LogicManagementClient/4.0.0.0"
        ]
      },
      "ResponseHeaders": {
        "Cache-Control": [
          "no-cache"
        ],
        "Pragma": [
          "no-cache"
        ],
        "Vary": [
          "Accept-Encoding"
        ],
        "x-ms-request-id": [
          "brazilsouth:4c013bcb-551b-4e08-a972-9fbbdd08c3de"
        ],
        "Strict-Transport-Security": [
          "max-age=31536000; includeSubDomains"
        ],
        "x-ms-ratelimit-remaining-subscription-reads": [
          "11988"
        ],
        "x-ms-correlation-request-id": [
          "11d9344c-85d3-4f46-a988-394257e26c9a"
        ],
        "x-ms-routing-request-id": [
          "WESTUS2:20190131T212855Z:11d9344c-85d3-4f46-a988-394257e26c9a"
        ],
        "X-Content-Type-Options": [
          "nosniff"
        ],
        "Date": [
          "Thu, 31 Jan 2019 21:28:54 GMT"
        ],
        "Content-Length": [
          "452"
        ],
        "Content-Type": [
          "application/json; charset=utf-8"
        ],
        "Expires": [
          "-1"
        ]
      },
      "ResponseBody": "{\r\n  \"properties\": {\r\n    \"partnerType\": \"B2B\",\r\n    \"content\": {\r\n      \"b2b\": {\r\n        \"businessIdentities\": [\r\n          {\r\n            \"qualifier\": \"ZZ\",\r\n            \"value\": \"AA\"\r\n          },\r\n          {\r\n            \"qualifier\": \"XX\",\r\n            \"value\": \"GG\"\r\n          }\r\n        ]\r\n      }\r\n    },\r\n    \"createdTime\": \"2019-01-31T21:28:55.1231204Z\",\r\n    \"changedTime\": \"2019-01-31T21:28:55.1234021Z\"\r\n  },\r\n  \"id\": \"/subscriptions/f34b22a3-2202-4fb1-b040-1332bd928c84/resourceGroups/ps8945/providers/Microsoft.Logic/integrationAccounts/ps937/partners/ps7998\",\r\n  \"name\": \"ps7998\",\r\n  \"type\": \"Microsoft.Logic/integrationAccounts/partners\"\r\n}",
      "StatusCode": 200
    },
    {
      "RequestUri": "/subscriptions/f34b22a3-2202-4fb1-b040-1332bd928c84/resourceGroups/ps8945/providers/Microsoft.Logic/integrationAccounts/ps937/partners/ps7998?api-version=2018-07-01-preview",
      "EncodedRequestUri": "L3N1YnNjcmlwdGlvbnMvZjM0YjIyYTMtMjIwMi00ZmIxLWIwNDAtMTMzMmJkOTI4Yzg0L3Jlc291cmNlR3JvdXBzL3BzODk0NS9wcm92aWRlcnMvTWljcm9zb2Z0LkxvZ2ljL2ludGVncmF0aW9uQWNjb3VudHMvcHM5MzcvcGFydG5lcnMvcHM3OTk4P2FwaS12ZXJzaW9uPTIwMTgtMDctMDEtcHJldmlldw==",
      "RequestMethod": "PUT",
      "RequestBody": "{\r\n  \"properties\": {\r\n    \"partnerType\": \"B2B\",\r\n    \"content\": {\r\n      \"b2b\": {\r\n        \"businessIdentities\": [\r\n          {\r\n            \"qualifier\": \"ZZ\",\r\n            \"value\": \"AA\"\r\n          },\r\n          {\r\n            \"qualifier\": \"XX\",\r\n            \"value\": \"GG\"\r\n          }\r\n        ]\r\n      }\r\n    }\r\n  }\r\n}",
      "RequestHeaders": {
        "x-ms-client-request-id": [
          "ef6bc15e-ad29-4fca-8bd1-0ec83b733761"
        ],
        "Accept-Language": [
          "en-US"
        ],
        "User-Agent": [
          "FxVersion/4.6.27207.03",
          "OSName/Windows",
          "OSVersion/Microsoft.Windows.10.0.17763.",
          "Microsoft.Azure.Management.Logic.LogicManagementClient/4.0.0.0"
        ],
        "Content-Type": [
          "application/json; charset=utf-8"
        ],
        "Content-Length": [
          "320"
        ]
      },
      "ResponseHeaders": {
        "Cache-Control": [
          "no-cache"
        ],
        "Pragma": [
          "no-cache"
        ],
        "x-ms-request-id": [
          "brazilsouth:5274761b-306b-408a-86f2-d46dfabfa0f1"
        ],
        "Strict-Transport-Security": [
          "max-age=31536000; includeSubDomains"
        ],
        "x-ms-ratelimit-remaining-subscription-writes": [
          "1192"
        ],
        "x-ms-correlation-request-id": [
          "0b902316-4879-44e9-a460-68af2a1e299a"
        ],
        "x-ms-routing-request-id": [
          "WESTUS2:20190131T212855Z:0b902316-4879-44e9-a460-68af2a1e299a"
        ],
        "X-Content-Type-Options": [
          "nosniff"
        ],
        "Date": [
          "Thu, 31 Jan 2019 21:28:54 GMT"
        ],
        "Content-Length": [
          "452"
        ],
        "Content-Type": [
          "application/json; charset=utf-8"
        ],
        "Expires": [
          "-1"
        ]
      },
      "ResponseBody": "{\r\n  \"properties\": {\r\n    \"partnerType\": \"B2B\",\r\n    \"content\": {\r\n      \"b2b\": {\r\n        \"businessIdentities\": [\r\n          {\r\n            \"qualifier\": \"ZZ\",\r\n            \"value\": \"AA\"\r\n          },\r\n          {\r\n            \"qualifier\": \"XX\",\r\n            \"value\": \"GG\"\r\n          }\r\n        ]\r\n      }\r\n    },\r\n    \"createdTime\": \"2019-01-31T21:28:55.1231204Z\",\r\n    \"changedTime\": \"2019-01-31T21:28:55.1234021Z\"\r\n  },\r\n  \"id\": \"/subscriptions/f34b22a3-2202-4fb1-b040-1332bd928c84/resourceGroups/ps8945/providers/Microsoft.Logic/integrationAccounts/ps937/partners/ps7998\",\r\n  \"name\": \"ps7998\",\r\n  \"type\": \"Microsoft.Logic/integrationAccounts/partners\"\r\n}",
      "StatusCode": 201
    },
    {
      "RequestUri": "/subscriptions/f34b22a3-2202-4fb1-b040-1332bd928c84/resourceGroups/ps8945/providers/Microsoft.Logic/integrationAccounts/ps937/partners?$filter=partnerType%20eq%20'B2B'&$top=1000&api-version=2018-07-01-preview",
      "EncodedRequestUri": "L3N1YnNjcmlwdGlvbnMvZjM0YjIyYTMtMjIwMi00ZmIxLWIwNDAtMTMzMmJkOTI4Yzg0L3Jlc291cmNlR3JvdXBzL3BzODk0NS9wcm92aWRlcnMvTWljcm9zb2Z0LkxvZ2ljL2ludGVncmF0aW9uQWNjb3VudHMvcHM5MzcvcGFydG5lcnM/JGZpbHRlcj1wYXJ0bmVyVHlwZSUyMGVxJTIwJ0IyQicmJHRvcD0xMDAwJmFwaS12ZXJzaW9uPTIwMTgtMDctMDEtcHJldmlldw==",
      "RequestMethod": "GET",
      "RequestBody": "",
      "RequestHeaders": {
        "x-ms-client-request-id": [
          "2be6bee6-f34d-483b-aeb8-49c796f347e6"
        ],
        "Accept-Language": [
          "en-US"
        ],
        "User-Agent": [
          "FxVersion/4.6.27207.03",
          "OSName/Windows",
          "OSVersion/Microsoft.Windows.10.0.17763.",
          "Microsoft.Azure.Management.Logic.LogicManagementClient/4.0.0.0"
        ]
      },
      "ResponseHeaders": {
        "Cache-Control": [
          "no-cache"
        ],
        "Pragma": [
          "no-cache"
        ],
        "Vary": [
          "Accept-Encoding"
        ],
        "x-ms-request-id": [
          "brazilsouth:e493ba0f-f739-429f-989b-ae67d8abe161"
        ],
        "Strict-Transport-Security": [
          "max-age=31536000; includeSubDomains"
        ],
        "x-ms-ratelimit-remaining-subscription-reads": [
          "11987"
        ],
        "x-ms-correlation-request-id": [
          "ec7233a2-4262-49b0-b1cf-72e968714d5b"
        ],
        "x-ms-routing-request-id": [
          "WESTUS2:20190131T212855Z:ec7233a2-4262-49b0-b1cf-72e968714d5b"
        ],
        "X-Content-Type-Options": [
          "nosniff"
        ],
        "Date": [
          "Thu, 31 Jan 2019 21:28:54 GMT"
        ],
        "Content-Length": [
          "464"
        ],
        "Content-Type": [
          "application/json; charset=utf-8"
        ],
        "Expires": [
          "-1"
        ]
      },
      "ResponseBody": "{\r\n  \"value\": [\r\n    {\r\n      \"properties\": {\r\n        \"partnerType\": \"B2B\",\r\n        \"content\": {\r\n          \"b2b\": {\r\n            \"businessIdentities\": [\r\n              {\r\n                \"qualifier\": \"ZZ\",\r\n                \"value\": \"AA\"\r\n              },\r\n              {\r\n                \"qualifier\": \"XX\",\r\n                \"value\": \"GG\"\r\n              }\r\n            ]\r\n          }\r\n        },\r\n        \"createdTime\": \"2019-01-31T21:28:55.1231204Z\",\r\n        \"changedTime\": \"2019-01-31T21:28:55.1234021Z\"\r\n      },\r\n      \"id\": \"/subscriptions/f34b22a3-2202-4fb1-b040-1332bd928c84/resourceGroups/ps8945/providers/Microsoft.Logic/integrationAccounts/ps937/partners/ps7998\",\r\n      \"name\": \"ps7998\",\r\n      \"type\": \"Microsoft.Logic/integrationAccounts/partners\"\r\n    }\r\n  ]\r\n}",
      "StatusCode": 200
    },
    {
      "RequestUri": "/subscriptions/f34b22a3-2202-4fb1-b040-1332bd928c84/resourceGroups/ps8945/providers/Microsoft.Logic/integrationAccounts/ps937?api-version=2018-07-01-preview",
      "EncodedRequestUri": "L3N1YnNjcmlwdGlvbnMvZjM0YjIyYTMtMjIwMi00ZmIxLWIwNDAtMTMzMmJkOTI4Yzg0L3Jlc291cmNlR3JvdXBzL3BzODk0NS9wcm92aWRlcnMvTWljcm9zb2Z0LkxvZ2ljL2ludGVncmF0aW9uQWNjb3VudHMvcHM5Mzc/YXBpLXZlcnNpb249MjAxOC0wNy0wMS1wcmV2aWV3",
      "RequestMethod": "DELETE",
      "RequestBody": "",
      "RequestHeaders": {
        "x-ms-client-request-id": [
          "391b6927-2989-437b-83b0-10c798eacd09"
        ],
        "Accept-Language": [
          "en-US"
        ],
        "User-Agent": [
          "FxVersion/4.6.27207.03",
          "OSName/Windows",
          "OSVersion/Microsoft.Windows.10.0.17763.",
          "Microsoft.Azure.Management.Logic.LogicManagementClient/4.0.0.0"
        ]
      },
      "ResponseHeaders": {
        "Cache-Control": [
          "no-cache"
        ],
        "Pragma": [
          "no-cache"
        ],
        "x-ms-request-id": [
          "brazilsouth:3e3f2ae0-71c2-4d0e-8db0-201e581d20e7"
        ],
        "Strict-Transport-Security": [
          "max-age=31536000; includeSubDomains"
        ],
        "x-ms-ratelimit-remaining-subscription-deletes": [
          "14997"
        ],
        "x-ms-correlation-request-id": [
          "5434b594-0e10-4cbb-8e33-44c3cfca0c34"
        ],
        "x-ms-routing-request-id": [
          "WESTUS2:20190131T212857Z:5434b594-0e10-4cbb-8e33-44c3cfca0c34"
        ],
        "X-Content-Type-Options": [
          "nosniff"
        ],
        "Date": [
          "Thu, 31 Jan 2019 21:28:56 GMT"
        ],
        "Expires": [
          "-1"
        ],
        "Content-Length": [
          "0"
        ]
      },
      "ResponseBody": "",
      "StatusCode": 200
    }
  ],
  "Names": {
    "Test-GetIntegrationAccountPartner": [
      "ps8945",
      "ps937",
      "ps7998"
    ]
  },
  "Variables": {
    "SubscriptionId": "f34b22a3-2202-4fb1-b040-1332bd928c84"
  }
}